Archive member included because of file (symbol)

../sbl6/segalib/lib/sega_int.a(int.o)
                              vblank.o (INT_SetScuFunc)
../sbl6/segalib/lib/sega_int.a(int_trmp.o)
                              ../sbl6/segalib/lib/sega_int.a(int.o) (__interrupt_handler0)
../sbl6/segalib/lib/sega_spr.a(spr_2c.o)
                              sprite.o (SPR_2Initial)
../sbl6/segalib/lib/sega_spr.a(spr_slv.o)
                              ../sbl6/segalib/lib/sega_spr.a(spr_2c.o) (SPR_InitSlaveSH)
../sbl6/segalib/lib/sega_spr.a(spr_1c.o)
                              ../sbl6/segalib/lib/sega_spr.a(spr_2c.o) (SPR_Initial)
../sbl6/segalib/lib/sega_spr.a(spr_2a.o)
                              ../sbl6/segalib/lib/sega_spr.a(spr_2c.o) (SPR_2SetDrawPrty)
../sbl6/segalib/lib/sega_scl.a(scl_vblv.o)
                              ../sbl6/segalib/lib/sega_spr.a(spr_1c.o) (SpFrameChgMode)
../sbl6/segalib/lib/sega_scl.a(scl_func.o)
                              sprite.o (SCL_Vdp2Init)
../sbl6/segalib/lib/sega_scl.a(scl_pr03.o)
                              scroll.o (SCL_AllocColRam)
../sbl6/segalib/lib/sega_scl.a(scl_pr02.o)
                              scroll.o (SCL_SetColRam)
../sbl6/segalib/lib/sega_scl.a(scl_back.o)
                              scroll.o (SCL_SetBack)
../sbl6/segalib/lib/sega_scl.a(scl_fu05.o)
                              scroll.o (SCL_InitLineParamTb)
../sbl6/segalib/lib/sega_scl.a(scl_fu03.o)
                              scroll.o (SCL_InitConfigTb)
../sbl6/segalib/lib/sega_scl.a(scl_fu02.o)
                              scroll.o (SCL_InitVramConfigTb)
../sbl6/segalib/lib/sega_scl.a(scl_fu04.o)
                              scroll.o (SCL_SetCycleTable)
../sbl6/segalib/lib/sega_scl.a(scl_pr07.o)
                              scroll.o (SCL_SetPriority)
../sbl6/segalib/lib/sega_scl.a(scl_pr09.o)
                              scroll.o (SCL_SetColMixMode)
../sbl6/segalib/lib/sega_scl.a(scl_pri.o)
                              ../sbl6/segalib/lib/sega_scl.a(scl_func.o) (SclRealOtherPri)
../sbl6/segalib/lib/sega_scl.a(scl_pr01.o)
                              main.o (SCL_SetSpriteMode)
../sbl6/segalib/lib/sega_scl.a(scl_ro00.o)
                              ../sbl6/segalib/lib/sega_scl.a(scl_func.o) (SCL_Rotate)
../sbl6/segalib/lib/sega_scl.a(scl_pr06.o)
                              ../sbl6/segalib/lib/sega_scl.a(scl_pr03.o) (SCL_SetColRamOffset)
../sbl6/segalib/lib/sega_scl.a(scl_pr05.o)
                              ../sbl6/segalib/lib/sega_scl.a(scl_pr02.o) (SCL_GetColRamOffset)
../sbl6/segalib/lib/sega_mth.a(mth_fixd.o)
                              sprite.o (MTH_Mul)
../sbl6/segalib/lib/sega_mth.a(mth_tri.o)
                              sprite.o (MTH_Sin)
../sbl6/segalib/lib/sega_cdc.a(cdc_drv.o)
                              sound.o (CDC_CdPlay)
../sbl6/segalib/lib/sega_cdc.a(cdc_sub.o)
                              ../sbl6/segalib/lib/sega_cdc.a(cdc_drv.o) (CDSUB_UpdCdstat)
../sbl6/segalib/lib/sega_cdc.a(cdc_reg.o)
                              ../sbl6/segalib/lib/sega_cdc.a(cdc_sub.o) (CDREG_CmdRsp)
../sbl6/segalib/lib/sega_cdc.a(cdc_cmn.o)
                              ../sbl6/segalib/lib/sega_cdc.a(cdc_reg.o) (CDC_DataReady)
../sbl6/segalib/lib/sega_per.a(per_prt.o)
                              ../sbl6/segasmp/per/smpclib/per_x2.o (PER_LInit)
../sbl6/segalib/lib/sega_sat.a(gfs.o)
                              cd.o (GFS_Init)
../sbl6/segalib/lib/sega_sat.a(DMA_CPU1.o)
                              pcmsys.o (DMA_CpuMemCopy1)
../sbl6/segalib/lib/sega_sat.a(DMA_CPU5.o)
                              pcmsys.o (DMA_CpuResult)
../sbl6/segalib/lib/sega_sat.a(DMA_SCU1.o)
                              ../sbl6/segalib/lib/sega_spr.a(spr_2c.o) (DMA_ScuMemCopy)
../sbl6/segalib/lib/sega_sat.a(gfs_cdf.o)
                              ../sbl6/segalib/lib/sega_sat.a(gfs.o) (GFCF_Init)
../sbl6/segalib/lib/sega_sat.a(gfs_dir.o)
                              ../sbl6/segalib/lib/sega_sat.a(gfs.o) (GFDR_SetupDirTbl)
../sbl6/segalib/lib/sega_sat.a(gfs_trn.o)
                              ../sbl6/segalib/lib/sega_sat.a(gfs.o) (GFTR_Setup)
../sbl6/segalib/lib/sega_sat.a(gfs_buf.o)
                              ../sbl6/segalib/lib/sega_sat.a(gfs.o) (GFBF_GetNumData)
../sbl6/segalib/lib/sega_sat.a(gfs_cdb.o)
                              ../sbl6/segalib/lib/sega_sat.a(gfs_cdf.o) (GFCB_Setup)
../sbl6/segalib/lib/sega_sat.a(gfs_cdc.o)
                              ../sbl6/segalib/lib/sega_sat.a(gfs.o) (GFCD_SetCdbfs)
../sbl6/segalib/lib/sega_sat.a(DMA_CPU0.o)
                              ../sbl6/segalib/lib/sega_sat.a(DMA_CPU1.o) (DMA_CpuSetComPrm)
../sbl6/segalib/lib/sega_sat.a(csh_main.o)
                              ../sbl6/segalib/lib/sega_sat.a(DMA_CPU5.o) (CSH_Purge)
../sbl6/segalib/lib/sega_sat.a(DMA_SCU0.o)
                              ../sbl6/segalib/lib/sega_sat.a(DMA_SCU1.o) (DMA_ScuSetPrm)
../sbl6/segalib/lib/sega_sat.a(cdc_cfs.o)
[...]
Memory Configuration

Name             Origin             Length             Attributes
*default*        0x00000000         0xffffffff

Linker script and memory map

LOAD ../sbl6/segasmp/lib/strt1_g.o
LOAD ../sbl6/segasmp/lib/strt2_g.o
LOAD vblank.o
LOAD ../sbl6/segasmp/per/smpclib/per_x1.o
LOAD ../sbl6/segasmp/per/smpclib/per_x2.o
LOAD ../sbl6/segasmp/per/smpclib/per_x3.o
LOAD blocks.o
LOAD cd.o
LOAD collision.o
LOAD enemylist.o
LOAD graphics.o
LOAD pcmsys.o
LOAD player.o
LOAD print.o
LOAD scroll.o
LOAD sound.o
LOAD sprite.o
LOAD spritecode/explosion.o
LOAD spritecode/float.o
LOAD spritecode/missile.o
LOAD main.o
LOAD ../sbl6/segalib/lib/sega_int.a
LOAD ../sbl6/segalib/lib/sega_spr.a
LOAD ../sbl6/segalib/lib/sega_scl.a
LOAD ../sbl6/segalib/lib/sega_mth.a
LOAD ../sbl6/segalib/lib/sega_cdc.a
LOAD ../sbl6/segalib/lib/sega_adp.a
LOAD ../sbl6/segalib/lib/sega_per.a
LOAD ../sbl6/segalib/lib/sega_sat.a
LOAD C:/saturn/SH_COFF/sh-coff/bin/../lib/gcc/sh-coff/3.4-GNUSH_v0501\libgcc.a
LOAD C:/saturn/SH_COFF/sh-coff/bin/../lib/gcc/sh-coff/3.4-GNUSH_v0501/../../../../sh-coff/lib\libc.a
LOAD C:/saturn/SH_COFF/sh-coff/bin/../lib/gcc/sh-coff/3.4-GNUSH_v0501\libgcc.a

.text           0x06010000    0x15660
 *(.text)
 .text          0x06010000       0x30 ../sbl6/segasmp/lib/strt1_g.o
                0x06010024                _D_END
                0x06010020                _D_BGN
                0x0601002c                _B_END
                0x06010028                _B_BGN
                0x06010000                START
 .text          0x06010030       0x60 ../sbl6/segasmp/lib/strt2_g.o
                0x06010050                _INITSCT
                0x06010030                _INIT
 .text          0x06010090      0x190 vblank.o
                0x06010090                SetVblank
                0x06010120                UsrVblankOut
                0x060100f0                UsrVblankIn
 .text          0x06010220      0x430 ../sbl6/segasmp/per/smpclib/per_x1.o
                0x060105b4                PER_GetAnalogXYZ
                0x06010244                PER_GetTriggerHandler
                0x060104de                PER_GetEdge
                0x0601045c                PER_GetTrigger
                0x06010508                PER_GetPressEdge
                0x0601055c                PER_GetReleaseEdge
                0x06010220                PER_SetTriggerHandler
 .text          0x06010650      0x200 ../sbl6/segasmp/per/smpclib/per_x2.o
                0x06010754                PER_GetDeviceA
                0x06010650                PER_OpenPort
                0x06010688                PER_GetPort
                0x060107ce                PER_GetDeviceR
 .text          0x06010850       0x20 ../sbl6/segasmp/per/smpclib/per_x3.o
                0x06010850                PER_DisguiseTrigger
 .text          0x06010870       0xd0 blocks.o
                0x06010870                block_get
                0x060108d0                block_check
                0x06010900                block_spike
 .text          0x06010940      0x120 cd.o
                0x060109e0                cd_load_nosize
                0x06010940                cd_init
                0x06010970                cd_load
 .text          0x06010a60      0x9a0 collision.o
                0x06010a90                collision_check_up
                0x06011260                collision_eject_horiz
                0x060113c0                collision_player
                0x06011090                collision_eject_vert
                0x06010dc0                collision_check
                0x06010c80                collision_check_left
                0x06010a60                collision_check_point
                0x06010d10                collision_check_right
                0x06010ff0                collision_spikes
                0x06010bc0                collision_check_below
                0x06010b00                collision_check_down
 .text          0x06011400       0x80 enemylist.o
                0x06011400                enemylist_spawn
 .text          0x06011480      0x8a0 pcmsys.o
                0x06011b30                load_8bit_pcm
                0x060118a0                smpc_issue_command
                0x06011950                load_drv
                0x06011cb0                pcm_parameter_change
                0x06011880                smpc_wait_till_ready
                0x060118c0                load_driver_binary
                0x06011c70                pcm_play
                0x06011ce0                pcm_cease
                0x060119a0                calculate_bytes_per_blank
                0x060119e0                load_16bit_pcm
 .text          0x06011d20      0x790 player.o
                0x06011db0                player_killenemy
                0x06011d20                player_frames
                0x06011f40                player_input
                0x06011d30                player_init
                0x06011dd0                player_die
                0x06012360                player_draw
                0x06011d80                player_cankill
                0x06011e30                player_animate
 .text          0x060124b0      0x170 print.o
                0x06012580                print_display
                0x060124f0                print_num
                0x060124b0                print_init
                0x06012540                print_string
 .text          0x06012620      0x9b0 scroll.o
                0x06012620                scroll_move
                0x06012860                scroll_get
                0x06012d70                scroll_copy
                0x06012750                scroll_set
                0x06012eb0                scroll_reset
                0x06012f10                scroll_linescroll4
                0x06012980                scroll_init
                0x06012780                scroll_scale
                0x060128c0                scroll_changescreen
 .text          0x06012fd0      0x180 sound.o
                0x06013130                sound_play
                0x06013000                sound_init
                0x060130f0                sound_cdda
 .text          0x06013150      0x780 sprite.o
                0x06013180                sprite_init
                0x060136e0                sprite_make
                0x06013840                sprite_next
                0x060138a0                sprite_delete
                0x06013730                sprite_draw_all
                0x06013150                sprite_deleteall
                0x06013490                sprite_draw
 .text          0x060138d0       0xe0 spritecode/explosion.o
                0x06013940                explosion_move
                0x060138d0                explosion_make
 .text          0x060139b0      0x180 spritecode/float.o
                0x060139b0                float_make
                0x06013a20                float_move
 .text          0x06013b30      0x240 spritecode/missile.o
                0x06013b30                missile_make
                0x06013be0                missile_move
 .text          0x06013d70      0x1b0 main.o
                0x06013d70                main
 .text          0x06013f20       0x40 ../sbl6/segalib/lib/sega_int.a(int.o)
                0x06013f4c                INT_GetScuFunc
                0x06013f20                INT_SetScuFunc
 .text          0x06013f60      0x624 ../sbl6/segalib/lib/sega_int.a(int_trmp.o)
                0x060140c8                __interrupt_handler60
                0x06014278                __interrupt_handler132
                0x0601442e                __interrupt_handler205
                0x06014296                __interrupt_handler137
                0x060141c4                __interrupt_handler102
                0x06014002                __interrupt_handler27
                0x06014404                __interrupt_handler198
                0x060142f6                __interrupt_handler153
                0x06013fde                __interrupt_handler21
                0x060140ec                __interrupt_handler66
                0x060141dc                __interrupt_handler106
                0x06014326                __interrupt_handler161
                0x06014170                __interrupt_handler88
                0x0601433e                __interrupt_handler165
                0x0601424e                __interrupt_handler125
                0x06013f84                __interrupt_handler6
                0x06014020                __interrupt_handler32
                0x060143da                __interrupt_handler191
                0x060144f4                __interrupt_handler238
                0x0601450c                __interrupt_handler242
                0x06014314                __interrupt_handler158
                0x0601417c                __interrupt_handler90
                0x06014338                __interrupt_handler164
                0x0601405c                __interrupt_handler42
                0x0601439e                __interrupt_handler181
                0x060144a6                __interrupt_handler225
                0x0601454e                __interrupt_handler253
                0x06014362                __interrupt_handler171
                0x0601411c                __interrupt_handler74
                0x06013f72                __interrupt_handler3
                0x060140b6                __interrupt_handler57
                0x06013fb4                __interrupt_handler14
                0x0601444c                __interrupt_handler210
                0x0601447c                __interrupt_handler218
                0x06014440                __interrupt_handler208
                0x06014044                __interrupt_handler38
                0x06013f60                __interrupt_handler0
                0x060141d0                __interrupt_handler104
                0x0601430e                __interrupt_handler157
                0x0601445e                __interrupt_handler213
                0x06014350                __interrupt_handler168
                0x0601415e                __interrupt_handler85
                0x060141fa                __interrupt_handler111
                0x0601420c                __interrupt_handler114
                0x0601407a                __interrupt_handler47
                0x060144d0                __interrupt_handler232
                0x0601449a                __interrupt_handler223
                0x060144ee                __interrupt_handler237
                0x060140da                __interrupt_handler63
                0x06014068                __interrupt_handler44
                0x0601437a                __interrupt_handler175
                0x060143a4                __interrupt_handler182
                0x060143bc                __interrupt_handler186
                0x060142ba                __interrupt_handler143
                0x060141e2                __interrupt_handler107
                0x06014248                __interrupt_handler124
                0x06014368                __interrupt_handler172
                0x0601451e                __interrupt_handler245
                0x0601419a                __interrupt_handler95
                0x06014272                __interrupt_handler131
                0x06014284                __interrupt_handler134
                0x060142a2                __interrupt_handler139
                0x06014110                __interrupt_handler72
                0x060144ca                __interrupt_handler231
                0x06014320                __interrupt_handler160
                0x06014266                __interrupt_handler129
                0x06013fd8                __interrupt_handler20
                0x060140e6                __interrupt_handler65
                0x060140b0                __interrupt_handler56
                0x06013fae                __interrupt_handler13
                0x06014446                __interrupt_handler209
                0x06014200                __interrupt_handler112
                0x06013fd2                __interrupt_handler19
                0x0601418e                __interrupt_handler93
                0x060143f8                __interrupt_handler196
                0x060142ea                __interrupt_handler151
                0x0601434a                __interrupt_handler167
                0x06014560                __trampoline
                0x06013fc6                __interrupt_handler17
                0x060144b8                __interrupt_handler228
                0x0601455a                __interrupt_handler255
                0x06014518                __interrupt_handler244
                0x060141b2                __interrupt_handler99
                0x060143aa                __interrupt_handler183
                0x060142a8                __interrupt_handler140
                0x060143ce                __interrupt_handler189
                0x060142cc                __interrupt_handler146
                0x06014494                __interrupt_handler222
                0x06014308                __interrupt_handler156
                0x0601423c                __interrupt_handler122
                0x06014530                __interrupt_handler248
                0x06014080                __interrupt_handler48
                0x060140fe                __interrupt_handler69
                0x06013ff0                __interrupt_handler24
                0x06014176                __interrupt_handler89
                0x0601446a                __interrupt_handler215
                0x06014554                __interrupt_handler254
                0x0601416a                __interrupt_handler87
                0x060140ce                __interrupt_handler61
                0x060143f2                __interrupt_handler195
                0x060142e4                __interrupt_handler150
                0x06014056                __interrupt_handler41
                0x060141f4                __interrupt_handler110
                0x0601425a                __interrupt_handler127
                0x060141e8                __interrupt_handler108
                0x06014206                __interrupt_handler113
                0x06014218                __interrupt_handler116
                0x06014236                __interrupt_handler121
                0x0601412e                __interrupt_handler77
                0x0601404a                __interrupt_handler39
                0x06014062                __interrupt_handler43
                0x06014536                __interrupt_handler249
                0x06014374                __interrupt_handler174
                0x06014290                __interrupt_handler136
                0x060143c8                __interrupt_handler188
                0x060142c6                __interrupt_handler145
                0x06013f96                __interrupt_handler9
                0x0601413a                __interrupt_handler79
                0x060144b2                __interrupt_handler227
                0x0601402c                __interrupt_handler34
                0x0601426c                __interrupt_handler130
                0x0601452a                __interrupt_handler247
                0x06014122                __interrupt_handler75
                0x0601436e                __interrupt_handler173
                0x0601409e                __interrupt_handler53
                0x060142de                __interrupt_handler149
                0x06014542                __interrupt_handler251
                0x060144d6                __interrupt_handler233
                0x06013f9c                __interrupt_handler10
                0x06014428                __interrupt_handler204
                0x0601414c                __interrupt_handler82
                0x06014152                __interrupt_handler83
                0x06013ff6                __interrupt_handler25
                0x06014512                __interrupt_handler243
                0x0601432c                __interrupt_handler162
                0x06014074                __interrupt_handler46
                0x0601438c                __interrupt_handler178
                0x06014140                __interrupt_handler80
                0x060140d4                __interrupt_handler62
                0x06013f6c                __interrupt_handler2
                0x0601400e                __interrupt_handler29
                0x06014104                __interrupt_handler70
                0x060141ee                __interrupt_handler109
                0x060142d8                __interrupt_handler148
                0x06014194                __interrupt_handler94
                0x060144a0                __interrupt_handler224
                0x060141ca                __interrupt_handler103
                0x06014038                __interrupt_handler36
                0x06014254                __interrupt_handler126
                0x06014524                __interrupt_handler246
                0x060140aa                __interrupt_handler55
                0x06013fa8                __interrupt_handler12
                0x06014098                __interrupt_handler52
                0x060143c2                __interrupt_handler187
                0x060142c0                __interrupt_handler144
                0x0601421e                __interrupt_handler117
                0x06013fcc                __interrupt_handler18
                0x060143fe                __interrupt_handler197
                0x060142f0                __interrupt_handler152
                0x06014224                __interrupt_handler118
                0x0601435c                __interrupt_handler170
                0x06014416                __interrupt_handler201
                0x060141a6                __interrupt_handler97
                0x06014332                __interrupt_handler163
                0x06014398                __interrupt_handler180
                0x060143e0                __interrupt_handler192
                0x06014500                __interrupt_handler240
                0x06014242                __interrupt_handler123
                0x06014464                __interrupt_handler214
                0x0601401a                __interrupt_handler31
                0x06014008                __interrupt_handler28
                0x060140f2                __interrupt_handler67
                0x060140f8                __interrupt_handler68
                0x06013fe4                __interrupt_handler22
                0x06013fea                __interrupt_handler23
                0x06014380                __interrupt_handler176
                0x06013f8a                __interrupt_handler7
                0x0601448e                __interrupt_handler221
                0x06014476                __interrupt_handler217
                0x060144be                __interrupt_handler229
                0x06014086                __interrupt_handler49
                0x06013f78                __interrupt_handler4
                0x06014050                __interrupt_handler40
                0x06014212                __interrupt_handler115
                0x060144e2                __interrupt_handler235
                0x06014182                __interrupt_handler91
                0x06014434                __interrupt_handler206
                0x06014386                __interrupt_handler177
                0x060142d2                __interrupt_handler147
                0x0601403e                __interrupt_handler37
                0x0601453c                __interrupt_handler250
                0x06013f66                __interrupt_handler1
                0x06014482                __interrupt_handler219
                0x06014128                __interrupt_handler76
                0x060141b8                __interrupt_handler100
                0x060140bc                __interrupt_handler58
                0x06013fba                __interrupt_handler15
                0x06014458                __interrupt_handler212
                0x06014506                __interrupt_handler241
                0x0601441c                __interrupt_handler202
                0x060143e6                __interrupt_handler193
                0x06014134                __interrupt_handler78
                0x0601408c                __interrupt_handler50
                0x06014026                __interrupt_handler33
                0x06014344                __interrupt_handler166
                0x0601429c                __interrupt_handler138
                0x0601428a                __interrupt_handler135
                0x06014014                __interrupt_handler30
                0x060143b0                __interrupt_handler184
                0x060142ae                __interrupt_handler141
                0x060144c4                __interrupt_handler230
                0x060144e8                __interrupt_handler236
                0x0601422a                __interrupt_handler119
                0x06014164                __interrupt_handler86
                0x060141d6                __interrupt_handler105
                0x06014146                __interrupt_handler81
                0x06014230                __interrupt_handler120
                0x06014260                __interrupt_handler128
                0x060140a4                __interrupt_handler54
                0x06013fa2                __interrupt_handler11
                0x0601440a                __interrupt_handler199
                0x060142fc                __interrupt_handler154
                0x0601406e                __interrupt_handler45
                0x06014470                __interrupt_handler216
                0x06014422                __interrupt_handler203
                0x060141be                __interrupt_handler101
                0x06014158                __interrupt_handler84
                0x060143b6                __interrupt_handler185
                0x060142b4                __interrupt_handler142
                0x06013ffc                __interrupt_handler26
                0x060140e0                __interrupt_handler64
                0x06014410                __interrupt_handler200
                0x0601443a                __interrupt_handler207
                0x060143ec                __interrupt_handler194
                0x06014188                __interrupt_handler92
                0x06014302                __interrupt_handler155
                0x06014452                __interrupt_handler211
                0x0601427e                __interrupt_handler133
                0x06013f7e                __interrupt_handler5
                0x06014116                __interrupt_handler73
                0x06013fc0                __interrupt_handler16
                0x060144fa                __interrupt_handler239
                0x060144dc                __interrupt_handler234
                0x06014032                __interrupt_handler35
                0x060140c2                __interrupt_handler59
                0x06014356                __interrupt_handler169
                0x060141ac                __interrupt_handler98
                0x0601410a                __interrupt_handler71
                0x06014092                __interrupt_handler51
                0x0601431a                __interrupt_handler159
                0x060144ac                __interrupt_handler226
                0x060141a0                __interrupt_handler96
                0x060143d4                __interrupt_handler190
                0x06014488                __interrupt_handler220
                0x06013f90                __interrupt_handler8
                0x06014392                __interrupt_handler179
                0x06014548                __interrupt_handler252
 *fill*         0x06014584        0xc 00
 .text          0x06014590     0x12a0 ../sbl6/segalib/lib/sega_spr.a(spr_2c.o)
                0x060157f0                SlaveFlushDrawPrtyBlock
                0x06014590                SPR_2Initial
                0x06014dd4                SPR_2SysClip
                0x06014d74                SPR_2LocalCoord
                0x0601566c                SPR_2FlushDrawPrtyBlock
                0x06015358                SPR_2DistSpr
                0x06014d5c                SPR_2FlushDrawPrty
                0x0601547c                SPR_2Cmd
                0x06014a58                SPR_2GourTblNoToVram
                0x06014ab8                SPR_2GetAreaSizeInfo
                0x06014820                SPR_2SetGourTbl
                0x0601500c                SPR_2Polygon
                0x06014a94                SPR_2CharNoToVram
                0x060147a0                SPR_2SetTvMode
                0x06014bfc                SPR_2CloseCommand
                0x060147dc                SPR_2FrameEraseData
                0x060145b8                SPR_2Initial2
                0x060151ec                SPR_2ScaleSpr
                0x06014e7c                SPR_2Line
                0x06014b48                SPR_2OpenCommand
                0x060147bc                SPR_2FrameChgIntr
                0x060150c8                SPR_2NormSpr
                0x06014850                SPR_2SetLookupTbl
                0x06014884                SPR_2SetChar
                0x06014a7c                SPR_2LookupTblNoToVram
                0x06014f50                SPR_2PolyLine
                0x060149f0                SPR_2ClrAllChar
                0x060149a4                SPR_2ClrChar
                0x06014e20                SPR_2UserClip
 .text          0x06015830      0x1e6 ../sbl6/segalib/lib/sega_spr.a(spr_slv.o)
                0x06015994                SPR_WaitEndSlaveSH
                0x06015830                SPR_SMPC_SSHON
                0x06015970                SPR_RunSlaveSH
                0x06015834                SPR_InitSlaveSH
                0x060158fc                SPR_SlaveSHmain
                0x06015831                SPR_SMPC_SSHOFF
 *fill*         0x06015a16        0xa 00
 .text          0x06015a20      0x36a ../sbl6/segalib/lib/sega_spr.a(spr_1c.o)
                0x06015cd4                SPR_WaitDrawEnd
                0x06015cec                SPR_SetEosMode
                0x06015c04                SPR_SetEraseData
                0x06015a20                SPR_Initial
                0x06015af8                SPR_SetTvMode
                0x06015b90                SPR_GetStatus
 *fill*         0x06015d8a        0x6 00
 .text          0x06015d90      0x244 ../sbl6/segalib/lib/sega_spr.a(spr_2a.o)
                0x06015da2                sprMemCpyW
                0x06015e00                flushDrawPrtyBlock
                0x06015d90                sprMemCpyL
                0x06015db4                SPR_2SetDrawPrty
 *fill*         0x06015fd4        0xc 00
 .text          0x06015fe0      0x2fc ../sbl6/segalib/lib/sega_scl.a(scl_vblv.o)
                0x0601609c                SCL_DisplayFrame
                0x06015fe0                SCL_SetFrameInterval
                0x060160d0                SCL_VblInit
                0x06016120                SCL_VblankStart
                0x06016164                SCL_VblankEnd
 *fill*         0x060162dc        0x4 00
 .text          0x060162e0      0xb9c ../sbl6/segalib/lib/sega_scl.a(scl_func.o)
                0x06016cbc                SCL_Vdp2_SGLInit
                0x06016bcc                SCL_PriIntProc
                0x06016b44                SCL_Memcpyw
                0x06016e5c                SCL_SglOff
                0x06016e3c                SCL_SglOn
                0x06016ab0                SCL_ScrollShow
                0x06016558                SCL_Close
                0x06016850                SCL_Scale
                0x060162e0                SCL_Vdp2Init
                0x060166c4                SCL_Move
                0x0601698c                SCL_CopyReg
                0x06016534                SCL_Open
                0x06016364                SCL_ParametersInit
                0x06016574                SCL_MoveTo
                0x06016b6c                SCL_SetColRamMode
 *fill*         0x06016e7c        0x4 00
 .text          0x06016e80      0x138 ../sbl6/segalib/lib/sega_scl.a(scl_pr03.o)
                0x06016e80                SCL_FreeColRam
                0x06016eb8                SCL_AllocColRam
 *fill*         0x06016fb8        0x8 00
 .text          0x06016fc0       0x9c ../sbl6/segalib/lib/sega_scl.a(scl_pr02.o)
                0x06016fc0                SCL_SetColRam
 *fill*         0x0601705c        0x4 00
 .text          0x06017060       0x84 ../sbl6/segalib/lib/sega_scl.a(scl_back.o)
                0x06017060                SCL_SetBack
 *fill*         0x060170e4        0xc 00
 .text          0x060170f0      0x278 ../sbl6/segalib/lib/sega_scl.a(scl_fu05.o)
                0x060171ac                SCL_SetLineParam
                0x060170f8                SCL_InitLineParamTb
 *fill*         0x06017368        0x8 00
 .text          0x06017370      0x94c ../sbl6/segalib/lib/sega_scl.a(scl_fu03.o)
                0x060173cc                SCL_SetConfig
                0x06017370                SCL_InitConfigTb
 *fill*         0x06017cbc        0x4 00
 .text          0x06017cc0      0x4f4 ../sbl6/segalib/lib/sega_scl.a(scl_fu02.o)
                0x06017cf8                SCL_SetVramConfig
                0x06017cc0                SCL_InitVramConfigTb
 *fill*         0x060181b4        0xc 00
 .text          0x060181c0       0x28 ../sbl6/segalib/lib/sega_scl.a(scl_fu04.o)
                0x060181c0                SCL_SetCycleTable
 *fill*         0x060181e8        0x8 00
 .text          0x060181f0      0x214 ../sbl6/segalib/lib/sega_scl.a(scl_pr07.o)
                0x060181f0                SCL_SetPriority
 *fill*         0x06018404        0xc 00
 .text          0x06018410       0x40 ../sbl6/segalib/lib/sega_scl.a(scl_pr09.o)
                0x06018410                SCL_SetColMixMode
 .text          0x06018450     0x10a4 ../sbl6/segalib/lib/sega_scl.a(scl_pri.o)
                0x060184e4                SCL_AbortAutoVe
                0x06019394                SCL_SetShadowBit
                0x0601895c                SCL_AutoExec
                0x06018450                SCL_PriorityInit
                0x06018e70                SCL_IncColOffset
                0x060184f8                SCL_SetColMixRate
                0x060184c8                SCL_GetColRamMode
 *fill*         0x060194f4        0xc 00
 .text          0x06019500       0x58 ../sbl6/segalib/lib/sega_scl.a(scl_pr01.o)
                0x06019500                SCL_SetSpriteMode
 *fill*         0x06019558        0x8 00
 .text          0x06019560     0x1394 ../sbl6/segalib/lib/sega_scl.a(scl_ro00.o)
                0x0601a74c                SCL_RotateZD
                0x06019a14                SCL_Rotate
                0x060196e8                SCL_InitRotateTable
 *fill*         0x0601a8f4        0xc 00
 .text          0x0601a900      0x1b4 ../sbl6/segalib/lib/sega_scl.a(scl_pr06.o)
                0x0601a900                SCL_SetColRamOffset
 *fill*         0x0601aab4        0xc 00
 .text          0x0601aac0       0xac ../sbl6/segalib/lib/sega_scl.a(scl_pr05.o)
                0x0601aac0                SCL_GetColRamOffset
 *fill*         0x0601ab6c        0x4 00
 .text          0x0601ab70       0xa4 ../sbl6/segalib/lib/sega_mth.a(mth_fixd.o)
                0x0601abc0                MTH_FixedToInt
                0x0601abb0                MTH_IntToFixed
                0x0601ab70                MTH_Mul
                0x0601abd0                MTH_Product
                0x0601ab90                MTH_Div
 *fill*         0x0601ac14        0xc 00
 .text          0x0601ac20      0x600 ../sbl6/segalib/lib/sega_mth.a(mth_tri.o)
                0x0601acbc                fcos
                0x0601acc2                fsin
                0x0601ac6c                MTH_Cos
                0x0601ac20                MTH_Sin
                0x0601ae60                MTH_Atan
 .text          0x0601b220      0x130 ../sbl6/segalib/lib/sega_cdc.a(cdc_drv.o)
                0x0601b220                CDC_CdPlay
                0x0601b2ec                CDC_CdSeek
                0x0601b320                CDC_CdScan
 .text          0x0601b350      0x152 ../sbl6/segalib/lib/sega_cdc.a(cdc_sub.o)
                0x0601b3f8                CDSUB_GetCdstat
                0x0601b368                CDSUB_UpdCdstat
                0x0601b438                CDSUB_RspToCdstat
                0x0601b480                CDSUB_SoftTimer
                0x0601b350                CDSUB_UpdStatus
                0x0601b388                CDSUB_CdCmd
 *fill*         0x0601b4a2        0xe 00
 .text          0x0601b4b0      0x2dc ../sbl6/segalib/lib/sega_cdc.a(cdc_reg.o)
                0x0601b504                CDREG_ClrHirqReq
                0x0601b4d4                CDC_ClrHirqReq
                0x0601b584                CDREG_TgetData
                0x0601b574                CDC_GetMpegPtr
                0x0601b550                CDC_GetHirqMsk
                0x0601b4b0                CDC_GetDataPtr
                0x0601b4c0                CDC_GetHirqReq
                0x0601b6e0                CDREG_WaitHirq
                0x0601b564                CDC_SetHirqMsk
                0x0601b5e0                CDREG_CmdRsp
                0x0601b514                CDREG_InitHirqReq
                0x0601b53c                CDREG_SetHirqFlag
                0x0601b750                CDREG_ReadRsp
 *fill*         0x0601b78c        0x4 00
 .text          0x0601b790      0x3a0 ../sbl6/segalib/lib/sega_cdc.a(cdc_cmn.o)
                0x0601b934                CDC_TgetToc
                0x0601bad8                CDC_DataEnd
                0x0601b7f8                CDC_GetPeriStat
                0x0601ba6c                CDC_DataReady
                0x0601ba44                CDC_CdOpen
                0x0601b9c0                CDC_CdInit
                0x0601b984                CDC_GetSes
                0x0601b7e0                CDC_GetLastStat
                0x0601b790                CDC_GetCurStat
                0x0601b8cc                CDC_GetHwInfo
 .text          0x0601bb30      0xf50 ../sbl6/segalib/lib/sega_per.a(per_prt.o)
                0x0601bf50                PER_IntFunc
                0x0601bd48                PER_LGetPer
                0x0601bb30                PER_LInit
 .text          0x0601ca80     0x1b04 ../sbl6/segalib/lib/sega_sat.a(gfs.o)
                0x0601ca80                gfs_version
                0x0601dcf4                gfs_mngGetNumFile
                0x0601e474                gfs_closeSub
                0x0601d810                GFS_SetGmode
                0x0601dacc                GFS_SetErrFunc
                0x0601dc1c                gfs_mngSetupFuncTbl
                0x0601cdd8                GFS_Reset
                0x0601db44                gfs_chgRoot
                0x0601dc10                gfs_aborttrans
                0x0601def4                gfs_svrAddHndl
                0x0601dda4                gfs_mngFreeGrp
                0x0601db1c                GFS_ConvTno
                0x0601e0a8                gfs_getRootDir
                0x0601daf8                GFS_GetErrStat
                0x0601cf48                GFS_Seek
                0x0601d5b4                GFS_NwStop
                0x0601ddb0                gfs_mngTermAccess
                0x0601ce5c                GFS_Open
                0x0601dd5c                GFS_mngAllocGrp
                0x0601e4bc                gfs_isTaskDone
                0x0601d2b4                GFS_Fread
                0x0601da14                GFS_StartTrans
                0x0601e410                gfs_GetFinfo
                0x0601dc50                gfs_mngInitWork
                0x0601d0a0                GFS_ByteToSct
                0x0601deb4                gfs_svrSearchHndl
                0x0601e1a4                gfs_loadRootDir
                0x0601ccfc                GFS_IdToName
                0x0601d3f8                GFS_NwFread
                0x0601d944                GFS_SetTransPara
                0x0601d504                GFS_NwCdRead
                0x0601dfe4                gfs_loadVol
                0x0601d8e0                GFS_SetReadPara
                0x0601cffc                GFS_Tell
                0x0601d874                GFS_SetTmode
                0x0601e378                GFS_GetFad
                0x0601d9b0                GFS_SetTrFunc
                0x0601da60                GFS_CdMovePickup
                0x0601cc98                GFS_NameToId
                0x0601d6cc                GFS_NwExecOne
                0x0601e22c                gfs_flowIn
                0x0601d154                GFS_GetFileInfo
                0x0601e2d4                gfs_transData
                0x0601df30                gfs_svrRemoveHndl
                0x0601d57c                GFS_NwIsComplete
                0x0601e4b0                gfs_getGmode
                0x0601d620                GFS_NwGetStat
                0x0601df8c                GFS_OpenSub
                0x0601cc30                GFS_SetDir
                0x0601d0fc                GFS_GetFileSize
                0x0601d1c8                GFS_GetNumCdbuf
                0x0601e510                gfs_convFinStat
                0x0601d1f0                GFS_Load
                0x0601d350                gfs_waitRead
                0x0601cb88                GFS_LoadDir
                0x0601cd68                GFS_GetDirInfo
                0x0601cf10                GFS_Close
                0x0601caa0                GFS_Init
                0x0601d69c                gfs_recovRdErr
                0x0601de34                gfs_mngSetErrCode
                0x0601d78c                GFS_NwExecServer
                0x0601d04c                GFS_IsEof
                0x0601e3d0                gfs_SetSct
 *fill*         0x0601e584        0xc 00
 .text          0x0601e590       0x90 ../sbl6/segalib/lib/sega_sat.a(DMA_CPU1.o)
                0x0601e590                DMA_CpuMemCopy1
 .text          0x0601e620       0x50 ../sbl6/segalib/lib/sega_sat.a(DMA_CPU5.o)
                0x0601e620                DMA_CpuResult
 .text          0x0601e670      0x1f4 ../sbl6/segalib/lib/sega_sat.a(DMA_SCU1.o)
                0x0601e7cc                DMA_ScuResult
                0x0601e670                DMA_ScuInit
                0x0601e6c0                DMA_ScuMemCopy
 *fill*         0x0601e864        0xc 00
 .text          0x0601e870      0x8d4 ../sbl6/segalib/lib/sega_sat.a(gfs_cdf.o)
                0x0601ed64                GFCF_Seek
                0x0601ee6c                GFCF_GetStat
                0x0601ed4c                GFCF_Tell
                0x0601e910                GFCF_Setup
                0x0601ee18                GFCF_cnvIntlvOfs
                0x0601e870                GFCF_Init
                0x0601ed04                GFCF_Recover
                0x0601ea58                GFCF_SetSct
                0x0601ed7c                GFCF_MovePickup
                0x0601ef40                gfcf_isCdOk
                0x0601eb10                GFCF_FlowInBuf
                0x0601ea9c                GFCF_GetFileInfo
                0x0601ec64                GFCF_StopInBuf
                0x0601ef04                gfcf_getSctSize
                0x0601f000                gfcf_getPlayRange
 *fill*         0x0601f144        0xc 00
 .text          0x0601f150      0x928 ../sbl6/segalib/lib/sega_sat.a(gfs_dir.o)
                0x0601f640                gfdr_setNextRec
                0x0601fa3c                gfdr_setDirrecCd
                0x0601f438                gfdr_open
                0x0601f24c                GFDR_GetAtrDirId
                0x0601f520                gfdr_readByte
                0x0601f150                GFDR_SetupDirTbl
                0x0601f618                gfdr_readLongNM
                0x0601f6c4                gfdr_readDirEnt
                0x0601f27c                GFDR_ChgRoot
                0x0601f1c4                GFDR_NameToId
                0x0601f308                gfdr_setupDirIdTbl
                0x0601f264                GFDR_GetAtrDirName
                0x0601f224                GFDR_GetInfoDirId
                0x0601f5cc                gfdr_readLongNB
                0x0601f460                gfdr_read
                0x0601f54c                gfdr_readWord
                0x0601f38c                gfdr_setupDirNameTbl
                0x0601f238                GFDR_GetInfoDirName
                0x0601f294                GFDR_ChgDir
                0x0601f578                gfdr_readWordNB
 *fill*         0x0601fa78        0x8 00
 .text          0x0601fa80      0xa46 ../sbl6/segalib/lib/sega_sat.a(gfs_trn.o)
                0x0601fb60                GFTR_SetTransMax
                0x0601ff30                gftr_execScu
                0x060204b4                GFTR_SetTransFunc
                0x0602037c                gftr_remTrn
                0x060204a0                GFTR_SetData
                0x060201a0                gftr_execSdma1
                0x060203f0                gftr_copyFrac
                0x0601fb54                GFTR_GetNumTrans
                0x0601faf4                GFTR_SetMode
                0x06020170                gftr_remDma0
                0x06020418                GFTR_GetLenData
                0x0601ff24                gftr_reqScu
                0x06020188                gftr_reqDma1
                0x0601fe40                gftr_getSrcPack
                0x06020470                GFTR_RtnDstPk
                0x0602000c                gfdma_exec
                0x060202a4                gftr_execTrn
                0x0601fd38                GFTR_ExecSvr
                0x06020234                gftr_reqTrn
                0x060200fc                gfdma_getBytecnt
                0x060201dc                gftr_reqCpu
                0x0602043c                GFTR_GetDstPack
                0x06020134                gftr_reqDma0
                0x0601fcc0                GFTR_Idle
                0x0601fb78                GFTR_Pause
                0x0601fb48                GFTR_GetTransPara
                0x06020228                gftr_remCpu
                0x0601fb14                GFTR_SetTransPara
                0x060201c4                gftr_remDma1
                0x0601fb84                GFTR_Stop
                0x0602014c                gftr_execSdma0
                0x0601fab0                GFTR_Setup
                0x0601ffcc                gftr_remScu
                0x0601fec8                gftr_getDstPack
                0x06020000                gfdma_canUse
                0x0601fc3c                GFTR_Exec
                0x0602048c                GFTR_GetData
                0x0601fb6c                GFTR_Start
                0x0601fb08                GFTR_SetUnit
                0x060201e8                gftr_execCpu
                0x06020424                GFTR_GetLenRoom
 *fill*         0x060204c6        0xa 00
 .text          0x060204d0      0x106 ../sbl6/segalib/lib/sega_sat.a(gfs_buf.o)
                0x06020528                GFBF_GetNumData
                0x060205a4                GFBF_RtnPk
                0x06020558                GFBF_GetSrcPk
                0x060205cc                gfbf_getSctDt
                0x06020500                GFBF_GetTranData
                0x06020580                GFBF_GetSctData
 *fill*         0x060205d6        0xa 00
 .text          0x060205e0      0x600 ../sbl6/segalib/lib/sega_sat.a(gfs_cdb.o)
                0x06020b88                GFCB_GetPickup
                0x06020700                GFCB_Close
                0x060209cc                GFCB_GetSrcPack
                0x06020b54                GFCB_SetCon
                0x060207d4                GFCB_GetLenRoom
                0x06020b38                GFCB_MovePickup
                0x06020aac                GFCB_GetSctData
                0x060207e0                GFCB_SetFilt
                0x06020728                GFCB_GetLenData
                0x06020bc8                GFCB_UngetPickup
                0x060205e0                GFCB_Setup
                0x06020870                GFCB_Tell
                0x06020bb0                GFCB_IsPuOwner
                0x060208d0                GFCB_Seek
                0x06020848                GFCB_DeleteAllData
                0x06020ae4                GFCB_GetDstPack
                0x06020880                gfcb_getSctNum
                0x06020af0                GFCB_RtnPk
 .text          0x06020be0     0x1a04 ../sbl6/segalib/lib/sega_sat.a(gfs_cdc.o)
                0x06020e7c                GFCD_AllocBuf
                0x06021c58                gfcd_doGetLenDataTsk
                0x060224f4                GFCD_SetCsctFunc
                0x06020f54                GFCD_GetBaseFad
                0x060210d0                GFCD_GetFilt
                0x060220e4                gfcd_doChgDirTsk
                0x06022424                gfcd_checkEflag
                0x06021418                GFCD_MovePickup
                0x060214fc                GFCD_GetSctInfo
                0x06021dac                gfcd_doReqDataTsk
                0x06021544                GFCD_ChgDir
                0x06021238                GFCD_ReqData
                0x06022510                GFCD_ChkScdqFlag
                0x060219c8                GFCD_WaitServer
                0x060212dc                GFCD_DelSctData
                0x060217b4                GFCD_ExecServer
                0x06021bc8                gfcd_doSetConTsk
                0x06020e10                GFCD_AllocFilt
                0x0602100c                GFCD_SetFilt
                0x06021a04                gfcd_doSetFiltTsk
                0x06022534                GFCD_ClrScdqFlag
                0x06021e4c                gfcd_doDelSctDataTsk
                0x06021910                gfcd_doTask
                0x06020f88                GFCD_GetPickup
                0x060214d8                GFCD_CheckMove
                0x06022550                GFCD_WaitScdqFlag
                0x06021170                GFCD_Play
                0x06021f80                gfcd_doMoveSctTsk
                0x06021118                GFCD_SetCon
                0x060215b8                GFCD_SetFiltCon
                0x06022594                GFCD_WaitPause
                0x0602177c                GFCD_GetBufSiz
                0x06020fbc                GFCD_UngetPickup
                0x060216a0                GFCD_GetFileInfo
                0x06021294                GFCD_EndData
                0x06020eb0                GFCD_FreeBuf
                0x060211d0                GFCD_GetLenData
                0x06020e4c                GFCD_FreeFilt
                0x06021888                gfcd_isIdleTask
                0x06020c0c                GFCD_Init
                0x060222e0                gfcd_doSetFiltConTsk
                0x06021364                GFCD_GetStat
                0x06021464                GFCD_MoveSctData
                0x06020fe8                GFCD_IsPuOwner
                0x06022448                gfcd_initCdbMng
                0x06020be0                GFCD_SetCdbfs
                0x060219b4                GFCD_SetTimer
                0x060224c8                gfcd_setStat
                0x06021334                GFCD_CheckDelSctData
 *fill*         0x060225e4        0xc 00
 .text          0x060225f0      0x1b6 ../sbl6/segalib/lib/sega_sat.a(DMA_CPU0.o)
                0x06022638                DMA_CpuSetPrm
                0x0602273c                DMA_CpuStart
                0x06022794                DMA_CpuGetStatus
                0x06022768                DMA_CpuAllStop
                0x0602277c                DMA_CpuGetComStatus
                0x060225f0                DMA_CpuSetComPrm
                0x06022750                DMA_CpuStop
 *fill*         0x060227a6        0xa 00
 .text          0x060227b0       0xe8 ../sbl6/segalib/lib/sega_sat.a(csh_main.o)
                0x060227b0                CSH_Init
                0x06022818                CSH_AllClr
                0x06022864                CSH_Purge
 *fill*         0x06022898        0x8 00
 .text          0x060228a0      0x308 ../sbl6/segalib/lib/sega_sat.a(DMA_SCU0.o)
                0x06022924                DMA_ScuStart
                0x06022a58                DMA_ScuIntFunc0
                0x06022ac8                DMA_ScuIntFunc1
                0x06022b38                DMA_ScuIntFunc2
                0x06022a18                DMA_ScuGetStatus
                0x060228a0                DMA_ScuSetPrm
 *fill*         0x06022ba8        0x8 00
 .text          0x06022bb0      0x194 ../sbl6/segalib/lib/sega_sat.a(cdc_cfs.o)
                0x06022bb0                CDC_ChgDir
                0x06022be4                CDC_ReadDir
                0x06022d08                CDC_AbortFile
                0x06022c18                CDC_GetFileScope
                0x06022c78                CDC_TgetFileInfo
                0x06022cd4                CDC_ReadFile
 *fill*         0x06022d44        0xc 00
 .text          0x06022d50      0x1e4 ../sbl6/segalib/lib/sega_sat.a(cdc_bio.o)
                0x06022dfc                CDC_GetdelSctData
                0x06022d84                CDC_GetSctData
                0x06022e38                CDC_PutSctData
                0x06022eb4                CDC_MoveSctData
                0x06022ef8                CDC_GetCopyErr
                0x06022dc0                CDC_DelSctData
                0x06022d50                CDC_SetSctLen
                0x06022e70                CDC_CopySctData
 *fill*         0x06022f34        0xc 00
 .text          0x06022f40      0x2b8 ../sbl6/segalib/lib/sega_sat.a(cdc_sel.o)
                0x06023170                CDC_GetFiltCon
                0x060230ec                CDC_GetFiltMode
                0x060231c4                CDC_ResetSelector
                0x06022f40                CDC_SetFiltRange
                0x06022fcc                CDC_SetFiltSubh
                0x0602303c                CDC_GetFiltSubh
                0x06022f74                CDC_GetFiltRange
                0x060230b8                CDC_SetFiltMode
                0x06023130                CDC_SetFiltCon
 *fill*         0x060231f8        0x8 00
 .text          0x06023200      0x270 ../sbl6/segalib/lib/sega_sat.a(cdc_bif.o)
                0x0602325c                CDC_GetSctNum
                0x060233dc                CDC_ExeFadSearch
                0x0602335c                CDC_GetSctInfo
                0x060232a0                CDC_CalActSiz
                0x06023200                CDC_GetBufSiz
                0x060232dc                CDC_GetActSiz
                0x06023414                CDC_GetFadSearch
 .text          0x06023470       0xa8 ../sbl6/segalib/lib/sega_sat.a(cdc_dev.o)
                0x060234dc                CDC_CdGetLastBuf
                0x06023470                CDC_CdSetCon
                0x060234a0                CDC_CdGetCon
 *fill*         0x06023518        0x8 00
 .text          0x06023520       0x60 C:/saturn/SH_COFF/sh-coff/bin/../lib/gcc/sh-coff/3.4-GNUSH_v0501\libgcc.a(_ashiftrt.o)
                0x0602352c                __ashiftrt_r4_27
                0x06023560                __ashiftrt_r4_6
                0x06023550                __ashiftrt_r4_14
                0x06023542                __ashiftrt_r4_19
                0x0602355a                __ashiftrt_r4_9
                0x0602356e                __ashiftrt_r4_0
                0x06023520                __ashiftrt_r4_31
                0x0602352e                __ashiftrt_r4_26
                0x0602353c                __ashiftrt_r4_22
                0x06023548                __ashiftrt_r4_16
                0x06023554                __ashiftrt_r4_12
                0x06023528                __ashiftrt_r4_29
                0x06023546                __ashiftrt_r4_17
                0x06023526                __ashiftrt_r4_30
                0x06023562                __ashiftrt_r4_5
                0x0602355c                __ashiftrt_r4_8
                0x06023520                __ashiftrt_r4_32
                0x06023530                __ashiftrt_r4_25
                0x06023568                __ashiftrt_r4_2
                0x06023532                __ashiftrt_r4_24
                0x0602354e                __ashiftrt_r4_15
                0x06023558                __ashiftrt_r4_10
                0x0602356a                __ashiftrt_r4_1
                0x0602352a                __ashiftrt_r4_28
                0x06023540                __ashiftrt_r4_20
                0x0602355e                __ashiftrt_r4_7
                0x06023552                __ashiftrt_r4_13
                0x06023556                __ashiftrt_r4_11
                0x06023564                __ashiftrt_r4_4
                0x0602353a                __ashiftrt_r4_23
                0x06023544                __ashiftrt_r4_18
                0x0602353e                __ashiftrt_r4_21
                0x06023566                __ashiftrt_r4_3
 .text          0x06023580       0xa0 C:/saturn/SH_COFF/sh-coff/bin/../lib/gcc/sh-coff/3.4-GNUSH_v0501\libgcc.a(_sdivsi3.o)
                0x06023580                __sdivsi3
 .text          0x06023620       0x90 C:/saturn/SH_COFF/sh-coff/bin/../lib/gcc/sh-coff/3.4-GNUSH_v0501\libgcc.a(_ashiftrt_n.o)
                0x06023620                __ashrsi3
 .text          0x060236b0       0x90 C:/saturn/SH_COFF/sh-coff/bin/../lib/gcc/sh-coff/3.4-GNUSH_v0501\libgcc.a(_ashiftlt.o)
                0x060236b0                __ashlsi3
 .text          0x06023740       0xb0 C:/saturn/SH_COFF/sh-coff/bin/../lib/gcc/sh-coff/3.4-GNUSH_v0501\libgcc.a(_movstr.o)
                0x06023780                __movstrSI16
                0x06023754                __movstrSI60
                0x06023760                __movstrSI48
                0x0602375c                __movstrSI52
                0x06023750                __movstrSI64
                0x06023764                __movstrSI44
                0x06023768                __movstrSI40
                0x0602376c                __movstrSI36
                0x060237a0                __movstr
                0x06023758                __movstrSI56
                0x06023774                __movstrSI28
                0x06023770                __movstrSI32
                0x06023784                __movstrSI12
                0x06023788                __movstrSI8
                0x06023790                __movstrSI0
                0x06023778                __movstrSI24
                0x0602377c                __movstrSI20
                0x0602378c                __movstrSI4
 .text          0x060237f0       0xa0 C:/saturn/SH_COFF/sh-coff/bin/../lib/gcc/sh-coff/3.4-GNUSH_v0501\libgcc.a(__main.o)
                0x06023864                __main
                0x060237f0                __do_global_dtors
                0x06023824                __do_global_ctors
 .text          0x06023890      0x2e0 C:/saturn/SH_COFF/sh-coff/bin/../lib/gcc/sh-coff/3.4-GNUSH_v0501\libgcc.a(_mul_df.o)
                0x060238a0                __muldf3
 .text          0x06023b70       0xb0 C:/saturn/SH_COFF/sh-coff/bin/../lib/gcc/sh-coff/3.4-GNUSH_v0501\libgcc.a(_si_to_df.o)
                0x06023b70                __floatsidf
 .text          0x06023c20       0x80 C:/saturn/SH_COFF/sh-coff/bin/../lib/gcc/sh-coff/3.4-GNUSH_v0501\libgcc.a(_df_to_si.o)
                0x06023c20                __fixdfsi
 .text          0x06023ca0       0x70 C:/saturn/SH_COFF/sh-coff/bin/../lib/gcc/sh-coff/3.4-GNUSH_v0501\libgcc.a(_udivsi3.o)
                0x06023cc2                __udivsi3
 .text          0x06023d10      0x120 C:/saturn/SH_COFF/sh-coff/bin/../lib/gcc/sh-coff/3.4-GNUSH_v0501\libgcc.a(_unpack_df.o)
                0x06023d20                __unpack_d
 .text          0x06023e30      0x220 C:/saturn/SH_COFF/sh-coff/bin/../lib/gcc/sh-coff/3.4-GNUSH_v0501\libgcc.a(_pack_df.o)
                0x06023e40                __pack_d
 .text          0x06024050       0x20 C:/saturn/SH_COFF/sh-coff/bin/../lib/gcc/sh-coff/3.4-GNUSH_v0501\libgcc.a(_thenan_df.o)
                0x06024050                __thenan_df
 .text          0x06024070       0xd0 C:/saturn/SH_COFF/sh-coff/bin/../lib/gcc/sh-coff/3.4-GNUSH_v0501\libgcc.a(_muldi3.o)
                0x06024070                __muldi3
 .text          0x06024140       0x80 C:/saturn/SH_COFF/sh-coff/bin/../lib/gcc/sh-coff/3.4-GNUSH_v0501\libgcc.a(_lshrdi3.o)
                0x06024140                __lshrdi3
 .text          0x060241c0       0x80 C:/saturn/SH_COFF/sh-coff/bin/../lib/gcc/sh-coff/3.4-GNUSH_v0501\libgcc.a(_ashldi3.o)
                0x060241c0                __ashldi3
 .text          0x06024240       0x30 C:/saturn/SH_COFF/sh-coff/bin/../lib/gcc/sh-coff/3.4-GNUSH_v0501\libgcc.a(_mulsi3.o)
                0x06024240                __mulsi3
 .text          0x06024270       0x90 C:/saturn/SH_COFF/sh-coff/bin/../lib/gcc/sh-coff/3.4-GNUSH_v0501\libgcc.a(_lshiftrt.o)
                0x06024270                __lshrsi3
 .text          0x06024300       0xa0 C:/saturn/SH_COFF/sh-coff/bin/../lib/gcc/sh-coff/3.4-GNUSH_v0501/../../../../sh-coff/lib\libc.a(memcpy.o)
                0x06024300                memcpy
 .text          0x060243a0       0x40 C:/saturn/SH_COFF/sh-coff/bin/../lib/gcc/sh-coff/3.4-GNUSH_v0501/../../../../sh-coff/lib\libc.a(memset.o)
                0x060243a0                memset
 .text          0x060243e0       0x60 C:/saturn/SH_COFF/sh-coff/bin/../lib/gcc/sh-coff/3.4-GNUSH_v0501/../../../../sh-coff/lib\libc.a(memcmp.o)
                0x060243e0                memcmp
 .text          0x06024440       0xb0 C:/saturn/SH_COFF/sh-coff/bin/../lib/gcc/sh-coff/3.4-GNUSH_v0501/../../../../sh-coff/lib\libc.a(strncmp.o)
                0x06024440                strncmp
 .text          0x060244f0       0xa0 C:/saturn/SH_COFF/sh-coff/bin/../lib/gcc/sh-coff/3.4-GNUSH_v0501/../../../../sh-coff/lib\libc.a(strncpy.o)
                0x060244f0                strncpy
 .text          0x06024590       0x90 C:/saturn/SH_COFF/sh-coff/bin/../lib/gcc/sh-coff/3.4-GNUSH_v0501/../../../../sh-coff/lib\libc.a(atexit.o)
                0x06024590                atexit
 .text          0x06024620       0x10 C:/saturn/SH_COFF/sh-coff/bin/../lib/gcc/sh-coff/3.4-GNUSH_v0501/../../../../sh-coff/lib\libc.a(impure.o)
                0x06024620                _global_impure_ptr
 .text          0x06024630       0x40 C:/saturn/SH_COFF/sh-coff/bin/../lib/gcc/sh-coff/3.4-GNUSH_v0501/../../../../sh-coff/lib\libc.a(malloc.o)
                0x0602464c                free
                0x06024630                malloc
 .text          0x06024670      0x5b0 C:/saturn/SH_COFF/sh-coff/bin/../lib/gcc/sh-coff/3.4-GNUSH_v0501/../../../../sh-coff/lib\libc.a(mallocr.o)
                0x06024670                _malloc_r
 .text          0x06024c20      0x340 C:/saturn/SH_COFF/sh-coff/bin/../lib/gcc/sh-coff/3.4-GNUSH_v0501/../../../../sh-coff/lib\libc.a(freer.o)
                0x06024c20                _malloc_trim_r
                0x06024d14                _free_r
 .text          0x06024f60       0x20 C:/saturn/SH_COFF/sh-coff/bin/../lib/gcc/sh-coff/3.4-GNUSH_v0501/../../../../sh-coff/lib\libc.a(mlock.o)
                0x06024f60                __malloc_lock
                0x06024f6c                __malloc_unlock
 .text          0x06024f80       0x50 C:/saturn/SH_COFF/sh-coff/bin/../lib/gcc/sh-coff/3.4-GNUSH_v0501/../../../../sh-coff/lib\libc.a(sbrkr.o)
                0x06024f80                _sbrk_r
 .text          0x06024fd0      0x380 C:/saturn/SH_COFF/sh-coff/bin/../lib/gcc/sh-coff/3.4-GNUSH_v0501/../../../../sh-coff/lib\libc.a(syscalls.o)
                0x0602513c                _exit
                0x06025170                _getpid
                0x060251d8                _utime
                0x06025008                _write
                0x06024fd0                _read
                0x06025124                _unlink
                0x060250ec                _open
                0x06025188                _stat
                0x06025130                isatty
                0x06025208                _wait
                0x06025154                _kill
                0x060251a4                _chmod
                0x06025238                _execv
                0x0602521c                _execve
                0x06025314                __setup_argv_and_call_main
                0x06025270                _gettimeofday
                0x0602503c                _link
                0x0602517c                _raise
                0x06025108                _creat
                0x06025250                _pipe
                0x060251bc                _chown
                0x06024fec                _lseek
                0x06025024                _close
                0x06025264                _times
                0x060250d8                _fstat
                0x060251f4                _fork
                0x06025064                _sbrk
 .text          0x06025350       0x20 C:/saturn/SH_COFF/sh-coff/bin/../lib/gcc/sh-coff/3.4-GNUSH_v0501/../../../../sh-coff/lib\libc.a(trap.o)
                0x06025350                __trap34
 .text          0x06025370       0x20 C:/saturn/SH_COFF/sh-coff/bin/../lib/gcc/sh-coff/3.4-GNUSH_v0501/../../../../sh-coff/lib\libc.a(abort.o)
                0x06025370                abort
 .text          0x06025390      0x270 C:/saturn/SH_COFF/sh-coff/bin/../lib/gcc/sh-coff/3.4-GNUSH_v0501/../../../../sh-coff/lib\libc.a(signal.o)
                0x06025450                _raise_r
                0x060255d8                __sigtramp
                0x06025584                raise
                0x060255c0                _init_signal
                0x06025510                __sigtramp_r
                0x060255a0                signal
                0x060253dc                _signal_r
                0x06025390                _init_signal_r
 .text          0x06025600       0x60 C:/saturn/SH_COFF/sh-coff/bin/../lib/gcc/sh-coff/3.4-GNUSH_v0501/../../../../sh-coff/lib\libc.a(signalr.o)
                0x06025648                _getpid_r
                0x06025600                _kill_r
 *(.strings)

.tors           0x06025660        0x0
                0x06025660                ___ctors = .
 *(.ctors)
                0x06025660                ___ctors_end = .
                0x06025660                ___dtors = .
 *(.dtors)
                0x06025660                ___dtors_end = .

.data           0x06025660     0x17f0
                0x06025660                STARTOF_R = .
 *(.data)
 .data          0x06025660      0x400 ../sbl6/segasmp/per/smpclib/per_x1.o
 .data          0x06025a60       0x60 blocks.o
                0x06025ab0                tile2_slope
                0x06025a90                tile4_slope
                0x06025a60                block_slopes
                0x06025aa0                tile3_slope
 .data          0x06025ac0       0x30 enemylist.o
                0x06025ac0                enemy_lists
                0x06025ac4                level0_enemies
                0x06025ae4                enemy_arr
 .data          0x06025af0      0x680 graphics.o
                0x06025af0                cloudmap_name
                0x06025c76                guy_num
                0x06025b18                map0_name
                0x0602616c                bg_num
                0x06025b00                cloudmap_width
                0x06025ccc                cloud_pal
                0x06025d18                hills_pal
                0x06025d58                hills_name
                0x06025afe                cloudmap_height
                0x06025b7c                explosion_pal
                0x06025d64                bg_pal
                0x06025d62                hills_num
                0x06025bbc                explosion_name
                0x06025b28                missile_pal
                0x06025c68                guy_name
                0x06025b14                hill_map_width
                0x06025c28                guy_pal
                0x06025d16                cloud_num
                0x06025cc2                font_height
                0x06025b78                missile_size
                0x06025b68                missile_name
                0x06025c72                guy_width
                0x06025c22                float_size
                0x06025bcc                explosion_width
                0x06025cb8                font_name
                0x06025b76                missile_width
                0x06026164                bg_name
                0x06025b22                map0_height
                0x06025b74                missile_height
                0x06025b12                hill_map_height
                0x06025cc4                font_width
                0x06025c70                guy_height
                0x06025b04                hill_map_name
                0x06025d0c                cloud_name
                0x06025cc8                font_num
                0x06025c78                font_pal
                0x06025b24                map0_width
                0x06025bd0                explosion_num
                0x06025c1e                float_height
                0x06025c74                guy_size
                0x06025cc6                font_size
                0x06025c14                float_name
                0x06025bd4                float_pal
                0x06025b7a                missile_num
                0x06025bce                explosion_size
                0x06025c20                float_width
                0x06025c24                float_num
                0x06025bca                explosion_height
 .data          0x06026170       0x10 pcmsys.o
                0x06026174                scsp_load
                0x06026178                m68k_com
                0x06026170                master_volume
 .data          0x06026180       0x10 player.o
                0x06026180                lives
 .data          0x06026190       0x20 scroll.o
                0x06026190                CycleTb
                0x060261a0                vram
 .data          0x060261b0       0x30 sprite.o
 .data          0x060261e0      0x400 ../sbl6/segalib/lib/sega_int.a(int.o)
 .data          0x060265e0       0x1c ../sbl6/segalib/lib/sega_spr.a(spr_slv.o)
                0x060265e8                SPR_SlaveParam
                0x060265f8                SPR_SMPC_SF
                0x060265f0                SPR_SMPC_COM
                0x060265ec                SPR_SlaveSHEntry
                0x060265e4                SPR_SlaveState
                0x060265e0                SPR_SlaveCommand
                0x060265f4                SPR_SMPC_RET
 *fill*         0x060265fc        0x4 00
 .data          0x06026600       0x34 ../sbl6/segalib/lib/sega_spr.a(spr_1c.o)
                0x06026600                SpInitialFlag
 *fill*         0x06026634        0xc 00
 .data          0x06026640       0x1c ../sbl6/segalib/lib/sega_scl.a(scl_vblv.o)
                0x06026648                VBInterval
                0x06026650                ReqDisplayFlag
                0x06026640                SpFrameChgMode
                0x0602664c                VBIntervalCounter
                0x06026644                SpFrameEraseMode
 *fill*         0x0602665c        0x4 00
 .data          0x06026660       0x36 ../sbl6/segalib/lib/sega_scl.a(scl_func.o)
                0x06026670                SclRotregBuff
                0x0602666c                SclDisplayY
                0x06026674                SclRotateTableMode
                0x06026668                SclProcess
                0x06026664                SclCurSclNum
                0x06026660                SclLengthLsTbl
                0x0602666a                SclDisplayX
                0x06026662                SclLengthCsTbl
 *fill*         0x06026696        0xa 00
 .data          0x060266a0       0x18 ../sbl6/segalib/lib/sega_scl.a(scl_pri.o)
                0x060266a4                SclRealSpPriNum
                0x060266b4                SclRealColOffset
                0x060266b0                SclRealBgColMix
                0x060266ac                SclRealSpColMix
                0x060266a8                SclRealBgPriNum
                0x060266a0                SclRealOtherPri
 *fill*         0x060266b8        0x8 00
 .data          0x060266c0      0x380 C:/saturn/SH_COFF/sh-coff/bin/../lib/gcc/sh-coff/3.4-GNUSH_v0501/../../../../sh-coff/lib\libc.a(impure.o)
                0x06026a3c                _impure_ptr
 .data          0x06026a40      0x410 C:/saturn/SH_COFF/sh-coff/bin/../lib/gcc/sh-coff/3.4-GNUSH_v0501/../../../../sh-coff/lib\libc.a(mallocr.o)
                0x06026a48                __malloc_av_
                0x06026a44                __malloc_trim_threshold
                0x06026a40                __malloc_sbrk_base
                0x06026e50                SIZEOF_R = (. - STARTOF_R)
                0x06026e50                ENDOF_R = .

.bss            0x06026e50     0xf0a4
                0x06026e50                STARTOF_B = .
 *(.bss)
 .bss           0x06026e50       0x10 vblank.o
                0x06026e54                PadData2E
                0x06026e5a                PadData1
                0x06026e56                PadData2
                0x06026e58                PadData1E
                0x06026e50                __port
 .bss           0x06026e60       0xd0 ../sbl6/segasmp/per/smpclib/per_x2.o
 .bss           0x06026f30       0x10 pcmsys.o
                0x06026f30                numberPCMs
 .bss           0x06026f40       0x10 player.o
                0x06026f41                boost
                0x06026f40                jumps
 .bss           0x06026f50       0x50 scroll.o
                0x06026f6c                map_tiles_x
                0x06026f74                scrolls_y
                0x06026f50                scroll_transition_state
                0x06026f54                scroll_ysize
                0x06026f64                map_tiles_y
                0x06026f5c                copy_modes
                0x06026f84                scrolls_x
                0x06026f58                scroll_xsize
 .bss           0x06026fa0     0x3800 sprite.o
                0x06026fa0                num_sprites
 .bss           0x0602a7a0       0x10 main.o
                0x0602a7a0                frame
 .bss           0x0602a7b0       0x6e ../sbl6/segalib/lib/sega_spr.a(spr_2c.o)
 *fill*         0x0602a81e        0x2 00
 .bss           0x0602a820        0x4 ../sbl6/segalib/lib/sega_scl.a(scl_vblv.o)
 *fill*         0x0602a824        0xc 00
 .bss           0x0602a830        0x4 ../sbl6/segalib/lib/sega_scl.a(scl_func.o)
 *fill*         0x0602a834        0xc 00
 .bss           0x0602a840     0x1900 ../sbl6/segalib/lib/sega_scl.a(scl_fu05.o)
 .bss           0x0602c140       0x48 ../sbl6/segalib/lib/sega_scl.a(scl_ro00.o)
 *fill*         0x0602c188        0x8 00
 .bss           0x0602c190        0xc ../sbl6/segalib/lib/sega_cdc.a(cdc_sub.o)
 *fill*         0x0602c19c        0x4 00
 .bss           0x0602c1a0        0x2 ../sbl6/segalib/lib/sega_cdc.a(cdc_reg.o)
 *fill*         0x0602c1a2        0xe 00
 .bss           0x0602c1b0       0x9c ../sbl6/segalib/lib/sega_per.a(per_prt.o)
 *fill*         0x0602c24c        0x4 00
 .bss           0x0602c250        0xc ../sbl6/segalib/lib/sega_sat.a(DMA_SCU1.o)
 *fill*         0x0602c25c        0x4 00
 .bss           0x0602c260        0xc ../sbl6/segalib/lib/sega_sat.a(gfs_trn.o)
 *fill*         0x0602c26c        0x4 00
 .bss           0x0602c270       0x20 ../sbl6/segalib/lib/sega_sat.a(DMA_SCU0.o)
 .bss           0x0602c290       0x10 C:/saturn/SH_COFF/sh-coff/bin/../lib/gcc/sh-coff/3.4-GNUSH_v0501\libgcc.a(__main.o)
 .bss           0x0602c2a0       0x10 C:/saturn/SH_COFF/sh-coff/bin/../lib/gcc/sh-coff/3.4-GNUSH_v0501/../../../../sh-coff/lib\libc.a(atexit.o)
 .bss           0x0602c2b0       0x40 C:/saturn/SH_COFF/sh-coff/bin/../lib/gcc/sh-coff/3.4-GNUSH_v0501/../../../../sh-coff/lib\libc.a(mallocr.o)
                0x0602c2e0                __malloc_top_pad
                0x0602c2b0                __malloc_current_mallinfo
                0x0602c2dc                __malloc_max_sbrked_mem
                0x0602c2d8                __malloc_max_total_mem
 .bss           0x0602c2f0       0x10 C:/saturn/SH_COFF/sh-coff/bin/../lib/gcc/sh-coff/3.4-GNUSH_v0501/../../../../sh-coff/lib\libc.a(syscalls.o)
 *(COMMON)
 COMMON         0x0602c300     0x1674 cd.o
                                  0x0 (size before relaxing)
                0x0602c300                dirname
                0x0602cc60                lib_work
                0x0602d968                directory_table
 *fill*         0x0602d974        0xc 00
 COMMON         0x0602d980     0x1960 player.o
                                  0x0 (size before relaxing)
                0x0602d980                curr_level
                0x0602d990                player
                0x0602d9d0                lp
 COMMON         0x0602f2e0      0x8c0 print.o
                                  0x0 (size before relaxing)
                0x0602f2e0                text
 COMMON         0x0602fba0     0x346c scroll.o
                                  0x0 (size before relaxing)
                0x0602fba0                line_param0
                0x060314b0                scfg3
                0x06031540                scfg0
                0x060315d0                maps
                0x060315e0                scfg2
                0x06031670                line_param1
                0x06032f80                scfg1
 *fill*         0x0603300c        0x4 00
 COMMON         0x06033010     0x1460 sprite.o
                                  0x0 (size before relaxing)
                0x06033010                sprites
                0x06033470                image_buf
 COMMON         0x06034470      0x400 ../sbl6/segalib/lib/sega_int.a(int.o)
                                  0x0 (size before relaxing)
                0x06034470                __interrupt_vector
 COMMON         0x06034870       0x50 ../sbl6/segalib/lib/sega_spr.a(spr_2c.o)
                                  0x0 (size before relaxing)
                0x06034870                SpMstCmd
                0x06034874                Sp2OpenFlag
                0x06034878                SpGourTblMax
                0x0603487c                SpDrawPrtyBlk
                0x06034880                SpLCoordX
                0x06034884                SpMstDrawPrtyBlk
                0x06034888                SpGourTbl
                0x0603488c                SpLookupTblR
                0x06034890                SpCmdTbl
                0x06034894                SpCharMax
                0x06034898                SpDrawPrtyProcFlag
                0x0603489c                SpCmdNo
                0x060348a0                SpDrawPrtyBlkMax
                0x060348a4                SpSlvCmdPos
                0x060348a8                SpSlvDrawPrtyBlk
                0x060348ac                SpCharTbl
                0x060348b0                SpCmdTblR
                0x060348b4                SpMstCmdPos
                0x060348b8                SpSlvCmd
                0x060348bc                SpLCoordY
 COMMON         0x060348c0       0x10 ../sbl6/segalib/lib/sega_spr.a(spr_1c.o)
                                  0x0 (size before relaxing)
                0x060348c0                SpScreenY
                0x060348c4                SpFbcrMode
                0x060348c6                SpDil
                0x060348c8                SpDie
                0x060348ca                SpTvMode
                0x060348cc                SpScreenX
 COMMON         0x060348d0      0xf00 ../sbl6/segalib/lib/sega_scl.a(scl_func.o)
                                  0x0 (size before relaxing)
                0x060348d0                SclRbgKtbAddr
                0x060348d8                SclRb
                0x060348da                Scl_flag
                0x060348e0                SclK_TableBuff
                0x060355b0                SclAddrCsTbl
                0x060355c0                Scl_s_reg
                0x060355e8                SclRotateXy
                0x060355f0                Scl_d_reg
                0x06035638                SclRotateDisp
                0x06035640                SclRotateMoveZ
                0x06035648                SclRotXySw
                0x06035650                Scl_r_reg
                0x06035660                SclRPMD
                0x06035668                SclRbgKtbOffset
                0x06035670                _SclRotregBuff
                0x06035740                SclRa
                0x06035748                SclRotateZ
                0x06035750                SclAddrLsTbl
                0x06035758                SclK_TableNum
                0x06035760                SclRotateTableAddress
                0x06035764                SclK_TableFlag
                0x06035770                Scl_w_reg
                0x06035790                Scl_n_reg
 COMMON         0x060357d0      0x6b0 ../sbl6/segalib/lib/sega_scl.a(scl_pri.o)
                                  0x0 (size before relaxing)
                0x060357d0                SclAutoEndBlue2
                0x060357e0                SclColOffset
                0x060357f0                SclPriBuffDirty
                0x060357f2                SclAutoEndRed
                0x060357f4                SclAutoSurface
                0x060357f8                SclAutoGreen
                0x060357fa                SclAutoEndGreen
                0x060357fc                SclAutoCount
                0x06035800                SclColRamAlloc256
                0x06035820                SclAutoCurRate
                0x06035821                SclAutoPlusFlag
                0x06035828                SclSpColMix
                0x06035830                SclAutoMax
                0x06035834                SclLineColRamOffset
                0x06035838                SclColRamAlloc2048
                0x0603583c                SclBgPriNum
                0x06035842                SclAutoEndBlue
                0x06035844                SclAutoEndGreen2
                0x06035846                SclAutoVeFlag
                0x06035848                SclBgColMix
                0x06035850                SclAutoIndex
                0x06035854                SclAutoEndRate
                0x06035856                SclAutoBlue
                0x06035858                SclAutoRed
                0x0603585c                SclAutoInterval
                0x06035860                SclOtherPri
                0x06035870                SclAutoRGB
                0x06035e70                SclAutoEndRed2
                0x06035e78                SclSpPriNum
 COMMON         0x06035e80       0x10 ../sbl6/segalib/lib/sega_scl.a(scl_ro00.o)
                                  0x0 (size before relaxing)
                0x06035e80                SclCsx
                0x06035e88                SclCsy
 COMMON         0x06035e90       0x15 ../sbl6/segalib/lib/sega_per.a(per_prt.o)
                                  0x0 (size before relaxing)
                0x06035e90                per_get_time_flg
                0x06035e91                per_hot_res
                0x06035e92                per_set_sys_flg
                0x06035e94                per_get_time_adr
                0x06035e98                per_get_sys_data
                0x06035ea4                per_time_out_flg
 *fill*         0x06035ea5        0xb 00
 COMMON         0x06035eb0        0xc ../sbl6/segalib/lib/sega_sat.a(gfs.o)
                                  0x0 (size before relaxing)
                0x06035eb0                GFMC_base
                0x06035eb4                gfs_mng_ptr
                0x06035eb8                gfs_use_scudma
 *fill*         0x06035ebc        0x4 00
 COMMON         0x06035ec0        0x8 ../sbl6/segalib/lib/sega_sat.a(DMA_CPU5.o)
                                  0x0 (size before relaxing)
                0x06035ec0                dma_cpu_cnt
                0x06035ec4                dma_cpu_dis_adr
 *fill*         0x06035ec8        0x8 00
 COMMON         0x06035ed0        0x8 ../sbl6/segalib/lib/sega_sat.a(gfs_cdf.o)
                                  0x0 (size before relaxing)
                0x06035ed0                gfcf_fad
                0x06035ed4                gfcf_stat
 *fill*         0x06035ed8        0x8 00
 COMMON         0x06035ee0        0xc ../sbl6/segalib/lib/sega_sat.a(gfs_cdc.o)
                                  0x0 (size before relaxing)
                0x06035ee0                gfcd_fatal_err
                0x06035ee4                gfcd_work
                0x06035ee8                gfcd_playflag
 *fill*         0x06035eec        0x4 00
 COMMON         0x06035ef0        0x4 C:/saturn/SH_COFF/sh-coff/bin/../lib/gcc/sh-coff/3.4-GNUSH_v0501/../../../../sh-coff/lib\libc.a(syscalls.o)
                                  0x0 (size before relaxing)
                0x06035ef0                errno
                0x06035ef4                SIZEOF_B = (. - STARTOF_B)
                0x06035ef4                ENDOF_B = .
                0x06035ef4                _end = .
OUTPUT(main.cof coff-sh)

.comment        0x06035f00      0x560
 .comment       0x06035f00       0x20 ../sbl6/segasmp/lib/strt2_g.o
 .comment       0x06035f20       0x20 vblank.o
 .comment       0x06035f40       0x20 ../sbl6/segasmp/per/smpclib/per_x1.o
 .comment       0x06035f60       0x20 ../sbl6/segasmp/per/smpclib/per_x2.o
 .comment       0x06035f80       0x20 blocks.o
 .comment       0x06035fa0       0x20 cd.o
 .comment       0x06035fc0       0x20 collision.o
 .comment       0x06035fe0       0x20 enemylist.o
 .comment       0x06036000       0x20 graphics.o
 .comment       0x06036020       0x20 pcmsys.o
 .comment       0x06036040       0x20 player.o
 .comment       0x06036060       0x20 print.o
 .comment       0x06036080       0x20 scroll.o
 .comment       0x060360a0       0x20 sound.o
 .comment       0x060360c0       0x20 sprite.o
 .comment       0x060360e0       0x20 spritecode/explosion.o
 .comment       0x06036100       0x20 spritecode/float.o
 .comment       0x06036120       0x20 spritecode/missile.o
 .comment       0x06036140       0x20 main.o
 .comment       0x06036160       0x20 C:/saturn/SH_COFF/sh-coff/bin/../lib/gcc/sh-coff/3.4-GNUSH_v0501\libgcc.a(__main.o)
 .comment       0x06036180       0x20 C:/saturn/SH_COFF/sh-coff/bin/../lib/gcc/sh-coff/3.4-GNUSH_v0501\libgcc.a(_mul_df.o)
 .comment       0x060361a0       0x20 C:/saturn/SH_COFF/sh-coff/bin/../lib/gcc/sh-coff/3.4-GNUSH_v0501\libgcc.a(_si_to_df.o)
 .comment       0x060361c0       0x20 C:/saturn/SH_COFF/sh-coff/bin/../lib/gcc/sh-coff/3.4-GNUSH_v0501\libgcc.a(_df_to_si.o)
 .comment       0x060361e0       0x20 C:/saturn/SH_COFF/sh-coff/bin/../lib/gcc/sh-coff/3.4-GNUSH_v0501\libgcc.a(_unpack_df.o)
 .comment       0x06036200       0x20 C:/saturn/SH_COFF/sh-coff/bin/../lib/gcc/sh-coff/3.4-GNUSH_v0501\libgcc.a(_pack_df.o)
 .comment       0x06036220       0x20 C:/saturn/SH_COFF/sh-coff/bin/../lib/gcc/sh-coff/3.4-GNUSH_v0501\libgcc.a(_thenan_df.o)
 .comment       0x06036240       0x20 C:/saturn/SH_COFF/sh-coff/bin/../lib/gcc/sh-coff/3.4-GNUSH_v0501\libgcc.a(_muldi3.o)
 .comment       0x06036260       0x20 C:/saturn/SH_COFF/sh-coff/bin/../lib/gcc/sh-coff/3.4-GNUSH_v0501\libgcc.a(_lshrdi3.o)
 .comment       0x06036280       0x20 C:/saturn/SH_COFF/sh-coff/bin/../lib/gcc/sh-coff/3.4-GNUSH_v0501\libgcc.a(_ashldi3.o)
 .comment       0x060362a0       0x20 C:/saturn/SH_COFF/sh-coff/bin/../lib/gcc/sh-coff/3.4-GNUSH_v0501/../../../../sh-coff/lib\libc.a(memcmp.o)
 .comment       0x060362c0       0x20 C:/saturn/SH_COFF/sh-coff/bin/../lib/gcc/sh-coff/3.4-GNUSH_v0501/../../../../sh-coff/lib\libc.a(strncmp.o)
 .comment       0x060362e0       0x20 C:/saturn/SH_COFF/sh-coff/bin/../lib/gcc/sh-coff/3.4-GNUSH_v0501/../../../../sh-coff/lib\libc.a(strncpy.o)
 .comment       0x06036300       0x20 C:/saturn/SH_COFF/sh-coff/bin/../lib/gcc/sh-coff/3.4-GNUSH_v0501/../../../../sh-coff/lib\libc.a(atexit.o)
 .comment       0x06036320       0x20 C:/saturn/SH_COFF/sh-coff/bin/../lib/gcc/sh-coff/3.4-GNUSH_v0501/../../../../sh-coff/lib\libc.a(impure.o)
 .comment       0x06036340       0x20 C:/saturn/SH_COFF/sh-coff/bin/../lib/gcc/sh-coff/3.4-GNUSH_v0501/../../../../sh-coff/lib\libc.a(malloc.o)
 .comment       0x06036360       0x20 C:/saturn/SH_COFF/sh-coff/bin/../lib/gcc/sh-coff/3.4-GNUSH_v0501/../../../../sh-coff/lib\libc.a(mallocr.o)
 .comment       0x06036380       0x20 C:/saturn/SH_COFF/sh-coff/bin/../lib/gcc/sh-coff/3.4-GNUSH_v0501/../../../../sh-coff/lib\libc.a(freer.o)
 .comment       0x060363a0       0x20 C:/saturn/SH_COFF/sh-coff/bin/../lib/gcc/sh-coff/3.4-GNUSH_v0501/../../../../sh-coff/lib\libc.a(mlock.o)
 .comment       0x060363c0       0x20 C:/saturn/SH_COFF/sh-coff/bin/../lib/gcc/sh-coff/3.4-GNUSH_v0501/../../../../sh-coff/lib\libc.a(sbrkr.o)
 .comment       0x060363e0       0x20 C:/saturn/SH_COFF/sh-coff/bin/../lib/gcc/sh-coff/3.4-GNUSH_v0501/../../../../sh-coff/lib\libc.a(syscalls.o)
 .comment       0x06036400       0x20 C:/saturn/SH_COFF/sh-coff/bin/../lib/gcc/sh-coff/3.4-GNUSH_v0501/../../../../sh-coff/lib\libc.a(abort.o)
 .comment       0x06036420       0x20 C:/saturn/SH_COFF/sh-coff/bin/../lib/gcc/sh-coff/3.4-GNUSH_v0501/../../../../sh-coff/lib\libc.a(signal.o)
 .comment       0x06036440       0x20 C:/saturn/SH_COFF/sh-coff/bin/../lib/gcc/sh-coff/3.4-GNUSH_v0501/../../../../sh-coff/lib\libc.a(signalr.o)
