Archive member included because of file (symbol)

../sbl6/segalib/lib/sega_int.a(int.o)
                              vblank.o (INT_SetScuFunc)
../sbl6/segalib/lib/sega_int.a(int_trmp.o)
                              ../sbl6/segalib/lib/sega_int.a(int.o) (__interrupt_handler0)
../sbl6/segalib/lib/sega_spr.a(spr_2c.o)
                              sprite.o (SPR_2Initial)
../sbl6/segalib/lib/sega_spr.a(spr_slv.o)
                              ../sbl6/segalib/lib/sega_spr.a(spr_2c.o) (SPR_InitSlaveSH)
../sbl6/segalib/lib/sega_spr.a(spr_1c.o)
                              ../sbl6/segalib/lib/sega_spr.a(spr_2c.o) (SPR_Initial)
../sbl6/segalib/lib/sega_spr.a(spr_2a.o)
                              ../sbl6/segalib/lib/sega_spr.a(spr_2c.o) (SPR_2SetDrawPrty)
../sbl6/segalib/lib/sega_scl.a(scl_vblv.o)
                              ../sbl6/segalib/lib/sega_spr.a(spr_1c.o) (SpFrameChgMode)
../sbl6/segalib/lib/sega_scl.a(scl_func.o)
                              sprite.o (SCL_Vdp2Init)
../sbl6/segalib/lib/sega_scl.a(scl_pr03.o)
                              sprite.o (SCL_AllocColRam)
../sbl6/segalib/lib/sega_scl.a(scl_pr02.o)
                              sprite.o (SCL_SetColRam)
../sbl6/segalib/lib/sega_scl.a(scl_back.o)
                              scroll.o (SCL_SetBack)
../sbl6/segalib/lib/sega_scl.a(scl_fu05.o)
                              scroll.o (SCL_InitLineParamTb)
../sbl6/segalib/lib/sega_scl.a(scl_fu03.o)
                              scroll.o (SCL_InitConfigTb)
../sbl6/segalib/lib/sega_scl.a(scl_fu02.o)
                              scroll.o (SCL_InitVramConfigTb)
../sbl6/segalib/lib/sega_scl.a(scl_fu04.o)
                              scroll.o (SCL_SetCycleTable)
../sbl6/segalib/lib/sega_scl.a(scl_pr07.o)
                              scroll.o (SCL_SetPriority)
../sbl6/segalib/lib/sega_scl.a(scl_pr01.o)
                              main.o (SCL_SetSpriteMode)
../sbl6/segalib/lib/sega_scl.a(scl_pri.o)
                              ../sbl6/segalib/lib/sega_scl.a(scl_func.o) (SclRealOtherPri)
../sbl6/segalib/lib/sega_scl.a(scl_ro00.o)
                              ../sbl6/segalib/lib/sega_scl.a(scl_func.o) (SCL_Rotate)
../sbl6/segalib/lib/sega_scl.a(scl_pr06.o)
                              ../sbl6/segalib/lib/sega_scl.a(scl_pr03.o) (SCL_SetColRamOffset)
../sbl6/segalib/lib/sega_scl.a(scl_pr05.o)
                              ../sbl6/segalib/lib/sega_scl.a(scl_pr02.o) (SCL_GetColRamOffset)
../sbl6/segalib/lib/sega_mth.a(mth_fixd.o)
                              sprite.o (MTH_Mul)
../sbl6/segalib/lib/sega_mth.a(mth_tri.o)
                              sprite.o (MTH_Sin)
../sbl6/segalib/lib/sega_per.a(per_prt.o)
                              ../sbl6/segasmp/per/smpclib/per_x2.o (PER_LInit)
../sbl6/segalib/lib/sega_sat.a(gfs.o)
                              cd.o (GFS_Init)
../sbl6/segalib/lib/sega_sat.a(DMA_SCU1.o)
                              ../sbl6/segalib/lib/sega_spr.a(spr_2c.o) (DMA_ScuMemCopy)
../sbl6/segalib/lib/sega_sat.a(gfs_cdf.o)
                              ../sbl6/segalib/lib/sega_sat.a(gfs.o) (GFCF_Init)
../sbl6/segalib/lib/sega_sat.a(gfs_dir.o)
                              ../sbl6/segalib/lib/sega_sat.a(gfs.o) (GFDR_SetupDirTbl)
../sbl6/segalib/lib/sega_sat.a(gfs_trn.o)
                              ../sbl6/segalib/lib/sega_sat.a(gfs.o) (GFTR_Setup)
../sbl6/segalib/lib/sega_sat.a(gfs_buf.o)
                              ../sbl6/segalib/lib/sega_sat.a(gfs.o) (GFBF_GetNumData)
../sbl6/segalib/lib/sega_sat.a(gfs_cdb.o)
                              ../sbl6/segalib/lib/sega_sat.a(gfs_cdf.o) (GFCB_Setup)
../sbl6/segalib/lib/sega_sat.a(gfs_cdc.o)
                              ../sbl6/segalib/lib/sega_sat.a(gfs.o) (GFCD_SetCdbfs)
../sbl6/segalib/lib/sega_sat.a(DMA_SCU0.o)
                              ../sbl6/segalib/lib/sega_sat.a(DMA_SCU1.o) (DMA_ScuSetPrm)
../sbl6/segalib/lib/sega_sat.a(csh_main.o)
                              ../sbl6/segalib/lib/sega_sat.a(DMA_SCU1.o) (CSH_Purge)
../sbl6/segalib/lib/sega_sat.a(DMA_CPU0.o)
                              ../sbl6/segalib/lib/sega_sat.a(gfs_trn.o) (DMA_CpuSetComPrm)
../sbl6/segalib/lib/sega_sat.a(cdc_reg.o)
                              ../sbl6/segalib/lib/sega_sat.a(gfs_cdb.o) (CDC_GetDataPtr)
../sbl6/segalib/lib/sega_sat.a(cdc_cfs.o)
                              ../sbl6/segalib/lib/sega_sat.a(gfs_cdc.o) (CDC_ChgDir)
../sbl6/segalib/lib/sega_sat.a(cdc_cmn.o)
                              ../sbl6/segalib/lib/sega_sat.a(gfs_cdc.o) (CDC_GetCurStat)
../sbl6/segalib/lib/sega_sat.a(cdc_bio.o)
                              ../sbl6/segalib/lib/sega_sat.a(gfs_cdc.o) (CDC_SetSctLen)
../sbl6/segalib/lib/sega_sat.a(cdc_sel.o)
                              ../sbl6/segalib/lib/sega_sat.a(gfs_cdc.o) (CDC_SetFiltRange)
../sbl6/segalib/lib/sega_sat.a(cdc_drv.o)
                              ../sbl6/segalib/lib/sega_sat.a(gfs_cdc.o) (CDC_CdPlay)
../sbl6/segalib/lib/sega_sat.a(cdc_bif.o)
[...]
Memory Configuration

Name             Origin             Length             Attributes
*default*        0x00000000         0xffffffff

Linker script and memory map

LOAD ../sbl6/segasmp/lib/strt1_g.o
LOAD ../sbl6/segasmp/lib/strt2_g.o
LOAD vblank.o
LOAD ../sbl6/segasmp/per/smpclib/per_x1.o
LOAD ../sbl6/segasmp/per/smpclib/per_x2.o
LOAD ../sbl6/segasmp/per/smpclib/per_x3.o
LOAD blocks.o
LOAD cd.o
LOAD collision.o
LOAD enemylist.o
LOAD graphics.o
LOAD player.o
LOAD print.o
LOAD sprite.o
LOAD spritecode/explosion.o
LOAD spritecode/float.o
LOAD scroll.o
LOAD main.o
LOAD ../sbl6/segalib/lib/sega_int.a
LOAD ../sbl6/segalib/lib/sega_spr.a
LOAD ../sbl6/segalib/lib/sega_scl.a
LOAD ../sbl6/segalib/lib/sega_mth.a
LOAD ../sbl6/segalib/lib/sega_cdc.a
LOAD ../sbl6/segalib/lib/sega_adp.a
LOAD ../sbl6/segalib/lib/sega_per.a
LOAD ../sbl6/segalib/lib/sega_sat.a
LOAD C:/saturn/SH_COFF/sh-coff/bin/../lib/gcc/sh-coff/3.4-GNUSH_v0501\libgcc.a
LOAD C:/saturn/SH_COFF/sh-coff/bin/../lib/gcc/sh-coff/3.4-GNUSH_v0501/../../../../sh-coff/lib\libc.a
LOAD C:/saturn/SH_COFF/sh-coff/bin/../lib/gcc/sh-coff/3.4-GNUSH_v0501\libgcc.a

.text           0x06010000    0x146a0
 *(.text)
 .text          0x06010000       0x30 ../sbl6/segasmp/lib/strt1_g.o
                0x06010024                _D_END
                0x06010020                _D_BGN
                0x0601002c                _B_END
                0x06010028                _B_BGN
                0x06010000                START
 .text          0x06010030       0x60 ../sbl6/segasmp/lib/strt2_g.o
                0x06010050                _INITSCT
                0x06010030                _INIT
 .text          0x06010090      0x180 vblank.o
                0x06010090                SetVblank
                0x06010110                UsrVblankOut
                0x060100f0                UsrVblankIn
 .text          0x06010210      0x430 ../sbl6/segasmp/per/smpclib/per_x1.o
                0x060105a4                PER_GetAnalogXYZ
                0x06010234                PER_GetTriggerHandler
                0x060104ce                PER_GetEdge
                0x0601044c                PER_GetTrigger
                0x060104f8                PER_GetPressEdge
                0x0601054c                PER_GetReleaseEdge
                0x06010210                PER_SetTriggerHandler
 .text          0x06010640      0x200 ../sbl6/segasmp/per/smpclib/per_x2.o
                0x06010744                PER_GetDeviceA
                0x06010640                PER_OpenPort
                0x06010678                PER_GetPort
                0x060107be                PER_GetDeviceR
 .text          0x06010840       0x20 ../sbl6/segasmp/per/smpclib/per_x3.o
                0x06010840                PER_DisguiseTrigger
 .text          0x06010860       0xd0 blocks.o
                0x06010860                block_get
                0x060108c0                block_check
                0x060108f0                block_spike
 .text          0x06010930       0xa0 cd.o
                0x06010930                cd_init
                0x06010960                cd_load
 .text          0x060109d0      0x970 collision.o
                0x060109d0                collision_check_up
                0x060111a0                collision_eject_horiz
                0x06011300                collision_player
                0x06010fd0                collision_eject_vert
                0x06010d00                collision_check
                0x06010bc0                collision_check_left
                0x06010c50                collision_check_right
                0x06010f30                collision_spikes
                0x06010b00                collision_check_below
                0x06010a40                collision_check_down
 .text          0x06011340       0x80 enemylist.o
                0x06011340                enemylist_spawn
 .text          0x060113c0      0x750 player.o
                0x06011450                player_killenemy
                0x060113c0                player_frames
                0x060115e0                player_input
                0x060113d0                player_init
                0x06011470                player_die
                0x060119c0                player_draw
                0x06011420                player_cankill
                0x060114d0                player_animate
 .text          0x06011b10      0x170 print.o
                0x06011be0                print_display
                0x06011b50                print_num
                0x06011b10                print_init
                0x06011ba0                print_string
 .text          0x06011c80      0x6e0 sprite.o
                0x06011cb0                sprite_init
                0x060121a0                sprite_make
                0x060122d0                sprite_next
                0x06012330                sprite_delete
                0x060121e0                sprite_draw_all
                0x06011c80                sprite_deleteall
                0x06011f50                sprite_draw
 .text          0x06012360       0xe0 spritecode/explosion.o
                0x060123d0                explosion_move
                0x06012360                explosion_make
 .text          0x06012440      0x180 spritecode/float.o
                0x06012440                float_make
                0x060124b0                float_move
 .text          0x060125c0      0x9b0 scroll.o
                0x060125c0                scroll_move
                0x06012bc0                scroll_get
                0x06012c20                scroll_copy
                0x060126f0                scroll_set
                0x06012d60                scroll_reset
                0x06012dd0                scroll_linescroll4
                0x06012800                scroll_init
                0x06012720                scroll_scale
                0x06012e90                scroll_changescreen
 .text          0x06012f70      0x1a0 main.o
                0x06012f70                main
 .text          0x06013110       0x40 ../sbl6/segalib/lib/sega_int.a(int.o)
                0x0601313c                INT_GetScuFunc
                0x06013110                INT_SetScuFunc
 .text          0x06013150      0x624 ../sbl6/segalib/lib/sega_int.a(int_trmp.o)
                0x060132b8                __interrupt_handler60
                0x06013468                __interrupt_handler132
                0x0601361e                __interrupt_handler205
                0x06013486                __interrupt_handler137
                0x060133b4                __interrupt_handler102
                0x060131f2                __interrupt_handler27
                0x060135f4                __interrupt_handler198
                0x060134e6                __interrupt_handler153
                0x060131ce                __interrupt_handler21
                0x060132dc                __interrupt_handler66
                0x060133cc                __interrupt_handler106
                0x06013516                __interrupt_handler161
                0x06013360                __interrupt_handler88
                0x0601352e                __interrupt_handler165
                0x0601343e                __interrupt_handler125
                0x06013174                __interrupt_handler6
                0x06013210                __interrupt_handler32
                0x060135ca                __interrupt_handler191
                0x060136e4                __interrupt_handler238
                0x060136fc                __interrupt_handler242
                0x06013504                __interrupt_handler158
                0x0601336c                __interrupt_handler90
                0x06013528                __interrupt_handler164
                0x0601324c                __interrupt_handler42
                0x0601358e                __interrupt_handler181
                0x06013696                __interrupt_handler225
                0x0601373e                __interrupt_handler253
                0x06013552                __interrupt_handler171
                0x0601330c                __interrupt_handler74
                0x06013162                __interrupt_handler3
                0x060132a6                __interrupt_handler57
                0x060131a4                __interrupt_handler14
                0x0601363c                __interrupt_handler210
                0x0601366c                __interrupt_handler218
                0x06013630                __interrupt_handler208
                0x06013234                __interrupt_handler38
                0x06013150                __interrupt_handler0
                0x060133c0                __interrupt_handler104
                0x060134fe                __interrupt_handler157
                0x0601364e                __interrupt_handler213
                0x06013540                __interrupt_handler168
                0x0601334e                __interrupt_handler85
                0x060133ea                __interrupt_handler111
                0x060133fc                __interrupt_handler114
                0x0601326a                __interrupt_handler47
                0x060136c0                __interrupt_handler232
                0x0601368a                __interrupt_handler223
                0x060136de                __interrupt_handler237
                0x060132ca                __interrupt_handler63
                0x06013258                __interrupt_handler44
                0x0601356a                __interrupt_handler175
                0x06013594                __interrupt_handler182
                0x060135ac                __interrupt_handler186
                0x060134aa                __interrupt_handler143
                0x060133d2                __interrupt_handler107
                0x06013438                __interrupt_handler124
                0x06013558                __interrupt_handler172
                0x0601370e                __interrupt_handler245
                0x0601338a                __interrupt_handler95
                0x06013462                __interrupt_handler131
                0x06013474                __interrupt_handler134
                0x06013492                __interrupt_handler139
                0x06013300                __interrupt_handler72
                0x060136ba                __interrupt_handler231
                0x06013510                __interrupt_handler160
                0x06013456                __interrupt_handler129
                0x060131c8                __interrupt_handler20
                0x060132d6                __interrupt_handler65
                0x060132a0                __interrupt_handler56
                0x0601319e                __interrupt_handler13
                0x06013636                __interrupt_handler209
                0x060133f0                __interrupt_handler112
                0x060131c2                __interrupt_handler19
                0x0601337e                __interrupt_handler93
                0x060135e8                __interrupt_handler196
                0x060134da                __interrupt_handler151
                0x0601353a                __interrupt_handler167
                0x06013750                __trampoline
                0x060131b6                __interrupt_handler17
                0x060136a8                __interrupt_handler228
                0x0601374a                __interrupt_handler255
                0x06013708                __interrupt_handler244
                0x060133a2                __interrupt_handler99
                0x0601359a                __interrupt_handler183
                0x06013498                __interrupt_handler140
                0x060135be                __interrupt_handler189
                0x060134bc                __interrupt_handler146
                0x06013684                __interrupt_handler222
                0x060134f8                __interrupt_handler156
                0x0601342c                __interrupt_handler122
                0x06013720                __interrupt_handler248
                0x06013270                __interrupt_handler48
                0x060132ee                __interrupt_handler69
                0x060131e0                __interrupt_handler24
                0x06013366                __interrupt_handler89
                0x0601365a                __interrupt_handler215
                0x06013744                __interrupt_handler254
                0x0601335a                __interrupt_handler87
                0x060132be                __interrupt_handler61
                0x060135e2                __interrupt_handler195
                0x060134d4                __interrupt_handler150
                0x06013246                __interrupt_handler41
                0x060133e4                __interrupt_handler110
                0x0601344a                __interrupt_handler127
                0x060133d8                __interrupt_handler108
                0x060133f6                __interrupt_handler113
                0x06013408                __interrupt_handler116
                0x06013426                __interrupt_handler121
                0x0601331e                __interrupt_handler77
                0x0601323a                __interrupt_handler39
                0x06013252                __interrupt_handler43
                0x06013726                __interrupt_handler249
                0x06013564                __interrupt_handler174
                0x06013480                __interrupt_handler136
                0x060135b8                __interrupt_handler188
                0x060134b6                __interrupt_handler145
                0x06013186                __interrupt_handler9
                0x0601332a                __interrupt_handler79
                0x060136a2                __interrupt_handler227
                0x0601321c                __interrupt_handler34
                0x0601345c                __interrupt_handler130
                0x0601371a                __interrupt_handler247
                0x06013312                __interrupt_handler75
                0x0601355e                __interrupt_handler173
                0x0601328e                __interrupt_handler53
                0x060134ce                __interrupt_handler149
                0x06013732                __interrupt_handler251
                0x060136c6                __interrupt_handler233
                0x0601318c                __interrupt_handler10
                0x06013618                __interrupt_handler204
                0x0601333c                __interrupt_handler82
                0x06013342                __interrupt_handler83
                0x060131e6                __interrupt_handler25
                0x06013702                __interrupt_handler243
                0x0601351c                __interrupt_handler162
                0x06013264                __interrupt_handler46
                0x0601357c                __interrupt_handler178
                0x06013330                __interrupt_handler80
                0x060132c4                __interrupt_handler62
                0x0601315c                __interrupt_handler2
                0x060131fe                __interrupt_handler29
                0x060132f4                __interrupt_handler70
                0x060133de                __interrupt_handler109
                0x060134c8                __interrupt_handler148
                0x06013384                __interrupt_handler94
                0x06013690                __interrupt_handler224
                0x060133ba                __interrupt_handler103
                0x06013228                __interrupt_handler36
                0x06013444                __interrupt_handler126
                0x06013714                __interrupt_handler246
                0x0601329a                __interrupt_handler55
                0x06013198                __interrupt_handler12
                0x06013288                __interrupt_handler52
                0x060135b2                __interrupt_handler187
                0x060134b0                __interrupt_handler144
                0x0601340e                __interrupt_handler117
                0x060131bc                __interrupt_handler18
                0x060135ee                __interrupt_handler197
                0x060134e0                __interrupt_handler152
                0x06013414                __interrupt_handler118
                0x0601354c                __interrupt_handler170
                0x06013606                __interrupt_handler201
                0x06013396                __interrupt_handler97
                0x06013522                __interrupt_handler163
                0x06013588                __interrupt_handler180
                0x060135d0                __interrupt_handler192
                0x060136f0                __interrupt_handler240
                0x06013432                __interrupt_handler123
                0x06013654                __interrupt_handler214
                0x0601320a                __interrupt_handler31
                0x060131f8                __interrupt_handler28
                0x060132e2                __interrupt_handler67
                0x060132e8                __interrupt_handler68
                0x060131d4                __interrupt_handler22
                0x060131da                __interrupt_handler23
                0x06013570                __interrupt_handler176
                0x0601317a                __interrupt_handler7
                0x0601367e                __interrupt_handler221
                0x06013666                __interrupt_handler217
                0x060136ae                __interrupt_handler229
                0x06013276                __interrupt_handler49
                0x06013168                __interrupt_handler4
                0x06013240                __interrupt_handler40
                0x06013402                __interrupt_handler115
                0x060136d2                __interrupt_handler235
                0x06013372                __interrupt_handler91
                0x06013624                __interrupt_handler206
                0x06013576                __interrupt_handler177
                0x060134c2                __interrupt_handler147
                0x0601322e                __interrupt_handler37
                0x0601372c                __interrupt_handler250
                0x06013156                __interrupt_handler1
                0x06013672                __interrupt_handler219
                0x06013318                __interrupt_handler76
                0x060133a8                __interrupt_handler100
                0x060132ac                __interrupt_handler58
                0x060131aa                __interrupt_handler15
                0x06013648                __interrupt_handler212
                0x060136f6                __interrupt_handler241
                0x0601360c                __interrupt_handler202
                0x060135d6                __interrupt_handler193
                0x06013324                __interrupt_handler78
                0x0601327c                __interrupt_handler50
                0x06013216                __interrupt_handler33
                0x06013534                __interrupt_handler166
                0x0601348c                __interrupt_handler138
                0x0601347a                __interrupt_handler135
                0x06013204                __interrupt_handler30
                0x060135a0                __interrupt_handler184
                0x0601349e                __interrupt_handler141
                0x060136b4                __interrupt_handler230
                0x060136d8                __interrupt_handler236
                0x0601341a                __interrupt_handler119
                0x06013354                __interrupt_handler86
                0x060133c6                __interrupt_handler105
                0x06013336                __interrupt_handler81
                0x06013420                __interrupt_handler120
                0x06013450                __interrupt_handler128
                0x06013294                __interrupt_handler54
                0x06013192                __interrupt_handler11
                0x060135fa                __interrupt_handler199
                0x060134ec                __interrupt_handler154
                0x0601325e                __interrupt_handler45
                0x06013660                __interrupt_handler216
                0x06013612                __interrupt_handler203
                0x060133ae                __interrupt_handler101
                0x06013348                __interrupt_handler84
                0x060135a6                __interrupt_handler185
                0x060134a4                __interrupt_handler142
                0x060131ec                __interrupt_handler26
                0x060132d0                __interrupt_handler64
                0x06013600                __interrupt_handler200
                0x0601362a                __interrupt_handler207
                0x060135dc                __interrupt_handler194
                0x06013378                __interrupt_handler92
                0x060134f2                __interrupt_handler155
                0x06013642                __interrupt_handler211
                0x0601346e                __interrupt_handler133
                0x0601316e                __interrupt_handler5
                0x06013306                __interrupt_handler73
                0x060131b0                __interrupt_handler16
                0x060136ea                __interrupt_handler239
                0x060136cc                __interrupt_handler234
                0x06013222                __interrupt_handler35
                0x060132b2                __interrupt_handler59
                0x06013546                __interrupt_handler169
                0x0601339c                __interrupt_handler98
                0x060132fa                __interrupt_handler71
                0x06013282                __interrupt_handler51
                0x0601350a                __interrupt_handler159
                0x0601369c                __interrupt_handler226
                0x06013390                __interrupt_handler96
                0x060135c4                __interrupt_handler190
                0x06013678                __interrupt_handler220
                0x06013180                __interrupt_handler8
                0x06013582                __interrupt_handler179
                0x06013738                __interrupt_handler252
 *fill*         0x06013774        0xc 00
 .text          0x06013780     0x12a0 ../sbl6/segalib/lib/sega_spr.a(spr_2c.o)
                0x060149e0                SlaveFlushDrawPrtyBlock
                0x06013780                SPR_2Initial
                0x06013fc4                SPR_2SysClip
                0x06013f64                SPR_2LocalCoord
                0x0601485c                SPR_2FlushDrawPrtyBlock
                0x06014548                SPR_2DistSpr
                0x06013f4c                SPR_2FlushDrawPrty
                0x0601466c                SPR_2Cmd
                0x06013c48                SPR_2GourTblNoToVram
                0x06013ca8                SPR_2GetAreaSizeInfo
                0x06013a10                SPR_2SetGourTbl
                0x060141fc                SPR_2Polygon
                0x06013c84                SPR_2CharNoToVram
                0x06013990                SPR_2SetTvMode
                0x06013dec                SPR_2CloseCommand
                0x060139cc                SPR_2FrameEraseData
                0x060137a8                SPR_2Initial2
                0x060143dc                SPR_2ScaleSpr
                0x0601406c                SPR_2Line
                0x06013d38                SPR_2OpenCommand
                0x060139ac                SPR_2FrameChgIntr
                0x060142b8                SPR_2NormSpr
                0x06013a40                SPR_2SetLookupTbl
                0x06013a74                SPR_2SetChar
                0x06013c6c                SPR_2LookupTblNoToVram
                0x06014140                SPR_2PolyLine
                0x06013be0                SPR_2ClrAllChar
                0x06013b94                SPR_2ClrChar
                0x06014010                SPR_2UserClip
 .text          0x06014a20      0x1e6 ../sbl6/segalib/lib/sega_spr.a(spr_slv.o)
                0x06014b84                SPR_WaitEndSlaveSH
                0x06014a20                SPR_SMPC_SSHON
                0x06014b60                SPR_RunSlaveSH
                0x06014a24                SPR_InitSlaveSH
                0x06014aec                SPR_SlaveSHmain
                0x06014a21                SPR_SMPC_SSHOFF
 *fill*         0x06014c06        0xa 00
 .text          0x06014c10      0x36a ../sbl6/segalib/lib/sega_spr.a(spr_1c.o)
                0x06014ec4                SPR_WaitDrawEnd
                0x06014edc                SPR_SetEosMode
                0x06014df4                SPR_SetEraseData
                0x06014c10                SPR_Initial
                0x06014ce8                SPR_SetTvMode
                0x06014d80                SPR_GetStatus
 *fill*         0x06014f7a        0x6 00
 .text          0x06014f80      0x244 ../sbl6/segalib/lib/sega_spr.a(spr_2a.o)
                0x06014f92                sprMemCpyW
                0x06014ff0                flushDrawPrtyBlock
                0x06014f80                sprMemCpyL
                0x06014fa4                SPR_2SetDrawPrty
 *fill*         0x060151c4        0xc 00
 .text          0x060151d0      0x2fc ../sbl6/segalib/lib/sega_scl.a(scl_vblv.o)
                0x0601528c                SCL_DisplayFrame
                0x060151d0                SCL_SetFrameInterval
                0x060152c0                SCL_VblInit
                0x06015310                SCL_VblankStart
                0x06015354                SCL_VblankEnd
 *fill*         0x060154cc        0x4 00
 .text          0x060154d0      0xb9c ../sbl6/segalib/lib/sega_scl.a(scl_func.o)
                0x06015eac                SCL_Vdp2_SGLInit
                0x06015dbc                SCL_PriIntProc
                0x06015d34                SCL_Memcpyw
                0x0601604c                SCL_SglOff
                0x0601602c                SCL_SglOn
                0x06015ca0                SCL_ScrollShow
                0x06015748                SCL_Close
                0x06015a40                SCL_Scale
                0x060154d0                SCL_Vdp2Init
                0x060158b4                SCL_Move
                0x06015b7c                SCL_CopyReg
                0x06015724                SCL_Open
                0x06015554                SCL_ParametersInit
                0x06015764                SCL_MoveTo
                0x06015d5c                SCL_SetColRamMode
 *fill*         0x0601606c        0x4 00
 .text          0x06016070      0x138 ../sbl6/segalib/lib/sega_scl.a(scl_pr03.o)
                0x06016070                SCL_FreeColRam
                0x060160a8                SCL_AllocColRam
 *fill*         0x060161a8        0x8 00
 .text          0x060161b0       0x9c ../sbl6/segalib/lib/sega_scl.a(scl_pr02.o)
                0x060161b0                SCL_SetColRam
 *fill*         0x0601624c        0x4 00
 .text          0x06016250       0x84 ../sbl6/segalib/lib/sega_scl.a(scl_back.o)
                0x06016250                SCL_SetBack
 *fill*         0x060162d4        0xc 00
 .text          0x060162e0      0x278 ../sbl6/segalib/lib/sega_scl.a(scl_fu05.o)
                0x0601639c                SCL_SetLineParam
                0x060162e8                SCL_InitLineParamTb
 *fill*         0x06016558        0x8 00
 .text          0x06016560      0x94c ../sbl6/segalib/lib/sega_scl.a(scl_fu03.o)
                0x060165bc                SCL_SetConfig
                0x06016560                SCL_InitConfigTb
 *fill*         0x06016eac        0x4 00
 .text          0x06016eb0      0x4f4 ../sbl6/segalib/lib/sega_scl.a(scl_fu02.o)
                0x06016ee8                SCL_SetVramConfig
                0x06016eb0                SCL_InitVramConfigTb
 *fill*         0x060173a4        0xc 00
 .text          0x060173b0       0x28 ../sbl6/segalib/lib/sega_scl.a(scl_fu04.o)
                0x060173b0                SCL_SetCycleTable
 *fill*         0x060173d8        0x8 00
 .text          0x060173e0      0x214 ../sbl6/segalib/lib/sega_scl.a(scl_pr07.o)
                0x060173e0                SCL_SetPriority
 *fill*         0x060175f4        0xc 00
 .text          0x06017600       0x58 ../sbl6/segalib/lib/sega_scl.a(scl_pr01.o)
                0x06017600                SCL_SetSpriteMode
 *fill*         0x06017658        0x8 00
 .text          0x06017660     0x10a4 ../sbl6/segalib/lib/sega_scl.a(scl_pri.o)
                0x060176f4                SCL_AbortAutoVe
                0x060185a4                SCL_SetShadowBit
                0x06017b6c                SCL_AutoExec
                0x06017660                SCL_PriorityInit
                0x06018080                SCL_IncColOffset
                0x06017708                SCL_SetColMixRate
                0x060176d8                SCL_GetColRamMode
 *fill*         0x06018704        0xc 00
 .text          0x06018710     0x1394 ../sbl6/segalib/lib/sega_scl.a(scl_ro00.o)
                0x060198fc                SCL_RotateZD
                0x06018bc4                SCL_Rotate
                0x06018898                SCL_InitRotateTable
 *fill*         0x06019aa4        0xc 00
 .text          0x06019ab0      0x1b4 ../sbl6/segalib/lib/sega_scl.a(scl_pr06.o)
                0x06019ab0                SCL_SetColRamOffset
 *fill*         0x06019c64        0xc 00
 .text          0x06019c70       0xac ../sbl6/segalib/lib/sega_scl.a(scl_pr05.o)
                0x06019c70                SCL_GetColRamOffset
 *fill*         0x06019d1c        0x4 00
 .text          0x06019d20       0xa4 ../sbl6/segalib/lib/sega_mth.a(mth_fixd.o)
                0x06019d70                MTH_FixedToInt
                0x06019d60                MTH_IntToFixed
                0x06019d20                MTH_Mul
                0x06019d80                MTH_Product
                0x06019d40                MTH_Div
 *fill*         0x06019dc4        0xc 00
 .text          0x06019dd0      0x600 ../sbl6/segalib/lib/sega_mth.a(mth_tri.o)
                0x06019e6c                fcos
                0x06019e72                fsin
                0x06019e1c                MTH_Cos
                0x06019dd0                MTH_Sin
                0x0601a010                MTH_Atan
 .text          0x0601a3d0      0xf50 ../sbl6/segalib/lib/sega_per.a(per_prt.o)
                0x0601a7f0                PER_IntFunc
                0x0601a5e8                PER_LGetPer
                0x0601a3d0                PER_LInit
 .text          0x0601b320     0x1b04 ../sbl6/segalib/lib/sega_sat.a(gfs.o)
                0x0601b320                gfs_version
                0x0601c594                gfs_mngGetNumFile
                0x0601cd14                gfs_closeSub
                0x0601c0b0                GFS_SetGmode
                0x0601c36c                GFS_SetErrFunc
                0x0601c4bc                gfs_mngSetupFuncTbl
                0x0601b678                GFS_Reset
                0x0601c3e4                gfs_chgRoot
                0x0601c4b0                gfs_aborttrans
                0x0601c794                gfs_svrAddHndl
                0x0601c644                gfs_mngFreeGrp
                0x0601c3bc                GFS_ConvTno
                0x0601c948                gfs_getRootDir
                0x0601c398                GFS_GetErrStat
                0x0601b7e8                GFS_Seek
                0x0601be54                GFS_NwStop
                0x0601c650                gfs_mngTermAccess
                0x0601b6fc                GFS_Open
                0x0601c5fc                GFS_mngAllocGrp
                0x0601cd5c                gfs_isTaskDone
                0x0601bb54                GFS_Fread
                0x0601c2b4                GFS_StartTrans
                0x0601ccb0                gfs_GetFinfo
                0x0601c4f0                gfs_mngInitWork
                0x0601b940                GFS_ByteToSct
                0x0601c754                gfs_svrSearchHndl
                0x0601ca44                gfs_loadRootDir
                0x0601b59c                GFS_IdToName
                0x0601bc98                GFS_NwFread
                0x0601c1e4                GFS_SetTransPara
                0x0601bda4                GFS_NwCdRead
                0x0601c884                gfs_loadVol
                0x0601c180                GFS_SetReadPara
                0x0601b89c                GFS_Tell
                0x0601c114                GFS_SetTmode
                0x0601cc18                GFS_GetFad
                0x0601c250                GFS_SetTrFunc
                0x0601c300                GFS_CdMovePickup
                0x0601b538                GFS_NameToId
                0x0601bf6c                GFS_NwExecOne
                0x0601cacc                gfs_flowIn
                0x0601b9f4                GFS_GetFileInfo
                0x0601cb74                gfs_transData
                0x0601c7d0                gfs_svrRemoveHndl
                0x0601be1c                GFS_NwIsComplete
                0x0601cd50                gfs_getGmode
                0x0601bec0                GFS_NwGetStat
                0x0601c82c                GFS_OpenSub
                0x0601b4d0                GFS_SetDir
                0x0601b99c                GFS_GetFileSize
                0x0601ba68                GFS_GetNumCdbuf
                0x0601cdb0                gfs_convFinStat
                0x0601ba90                GFS_Load
                0x0601bbf0                gfs_waitRead
                0x0601b428                GFS_LoadDir
                0x0601b608                GFS_GetDirInfo
                0x0601b7b0                GFS_Close
                0x0601b340                GFS_Init
                0x0601bf3c                gfs_recovRdErr
                0x0601c6d4                gfs_mngSetErrCode
                0x0601c02c                GFS_NwExecServer
                0x0601b8ec                GFS_IsEof
                0x0601cc70                gfs_SetSct
 *fill*         0x0601ce24        0xc 00
 .text          0x0601ce30      0x1f4 ../sbl6/segalib/lib/sega_sat.a(DMA_SCU1.o)
                0x0601cf8c                DMA_ScuResult
                0x0601ce30                DMA_ScuInit
                0x0601ce80                DMA_ScuMemCopy
 *fill*         0x0601d024        0xc 00
 .text          0x0601d030      0x8d4 ../sbl6/segalib/lib/sega_sat.a(gfs_cdf.o)
                0x0601d524                GFCF_Seek
                0x0601d62c                GFCF_GetStat
                0x0601d50c                GFCF_Tell
                0x0601d0d0                GFCF_Setup
                0x0601d5d8                GFCF_cnvIntlvOfs
                0x0601d030                GFCF_Init
                0x0601d4c4                GFCF_Recover
                0x0601d218                GFCF_SetSct
                0x0601d53c                GFCF_MovePickup
                0x0601d700                gfcf_isCdOk
                0x0601d2d0                GFCF_FlowInBuf
                0x0601d25c                GFCF_GetFileInfo
                0x0601d424                GFCF_StopInBuf
                0x0601d6c4                gfcf_getSctSize
                0x0601d7c0                gfcf_getPlayRange
 *fill*         0x0601d904        0xc 00
 .text          0x0601d910      0x928 ../sbl6/segalib/lib/sega_sat.a(gfs_dir.o)
                0x0601de00                gfdr_setNextRec
                0x0601e1fc                gfdr_setDirrecCd
                0x0601dbf8                gfdr_open
                0x0601da0c                GFDR_GetAtrDirId
                0x0601dce0                gfdr_readByte
                0x0601d910                GFDR_SetupDirTbl
                0x0601ddd8                gfdr_readLongNM
                0x0601de84                gfdr_readDirEnt
                0x0601da3c                GFDR_ChgRoot
                0x0601d984                GFDR_NameToId
                0x0601dac8                gfdr_setupDirIdTbl
                0x0601da24                GFDR_GetAtrDirName
                0x0601d9e4                GFDR_GetInfoDirId
                0x0601dd8c                gfdr_readLongNB
                0x0601dc20                gfdr_read
                0x0601dd0c                gfdr_readWord
                0x0601db4c                gfdr_setupDirNameTbl
                0x0601d9f8                GFDR_GetInfoDirName
                0x0601da54                GFDR_ChgDir
                0x0601dd38                gfdr_readWordNB
 *fill*         0x0601e238        0x8 00
 .text          0x0601e240      0xa46 ../sbl6/segalib/lib/sega_sat.a(gfs_trn.o)
                0x0601e320                GFTR_SetTransMax
                0x0601e6f0                gftr_execScu
                0x0601ec74                GFTR_SetTransFunc
                0x0601eb3c                gftr_remTrn
                0x0601ec60                GFTR_SetData
                0x0601e960                gftr_execSdma1
                0x0601ebb0                gftr_copyFrac
                0x0601e314                GFTR_GetNumTrans
                0x0601e2b4                GFTR_SetMode
                0x0601e930                gftr_remDma0
                0x0601ebd8                GFTR_GetLenData
                0x0601e6e4                gftr_reqScu
                0x0601e948                gftr_reqDma1
                0x0601e600                gftr_getSrcPack
                0x0601ec30                GFTR_RtnDstPk
                0x0601e7cc                gfdma_exec
                0x0601ea64                gftr_execTrn
                0x0601e4f8                GFTR_ExecSvr
                0x0601e9f4                gftr_reqTrn
                0x0601e8bc                gfdma_getBytecnt
                0x0601e99c                gftr_reqCpu
                0x0601ebfc                GFTR_GetDstPack
                0x0601e8f4                gftr_reqDma0
                0x0601e480                GFTR_Idle
                0x0601e338                GFTR_Pause
                0x0601e308                GFTR_GetTransPara
                0x0601e9e8                gftr_remCpu
                0x0601e2d4                GFTR_SetTransPara
                0x0601e984                gftr_remDma1
                0x0601e344                GFTR_Stop
                0x0601e90c                gftr_execSdma0
                0x0601e270                GFTR_Setup
                0x0601e78c                gftr_remScu
                0x0601e688                gftr_getDstPack
                0x0601e7c0                gfdma_canUse
                0x0601e3fc                GFTR_Exec
                0x0601ec4c                GFTR_GetData
                0x0601e32c                GFTR_Start
                0x0601e2c8                GFTR_SetUnit
                0x0601e9a8                gftr_execCpu
                0x0601ebe4                GFTR_GetLenRoom
 *fill*         0x0601ec86        0xa 00
 .text          0x0601ec90      0x106 ../sbl6/segalib/lib/sega_sat.a(gfs_buf.o)
                0x0601ece8                GFBF_GetNumData
                0x0601ed64                GFBF_RtnPk
                0x0601ed18                GFBF_GetSrcPk
                0x0601ed8c                gfbf_getSctDt
                0x0601ecc0                GFBF_GetTranData
                0x0601ed40                GFBF_GetSctData
 *fill*         0x0601ed96        0xa 00
 .text          0x0601eda0      0x600 ../sbl6/segalib/lib/sega_sat.a(gfs_cdb.o)
                0x0601f348                GFCB_GetPickup
                0x0601eec0                GFCB_Close
                0x0601f18c                GFCB_GetSrcPack
                0x0601f314                GFCB_SetCon
                0x0601ef94                GFCB_GetLenRoom
                0x0601f2f8                GFCB_MovePickup
                0x0601f26c                GFCB_GetSctData
                0x0601efa0                GFCB_SetFilt
                0x0601eee8                GFCB_GetLenData
                0x0601f388                GFCB_UngetPickup
                0x0601eda0                GFCB_Setup
                0x0601f030                GFCB_Tell
                0x0601f370                GFCB_IsPuOwner
                0x0601f090                GFCB_Seek
                0x0601f008                GFCB_DeleteAllData
                0x0601f2a4                GFCB_GetDstPack
                0x0601f040                gfcb_getSctNum
                0x0601f2b0                GFCB_RtnPk
 .text          0x0601f3a0     0x1a04 ../sbl6/segalib/lib/sega_sat.a(gfs_cdc.o)
                0x0601f63c                GFCD_AllocBuf
                0x06020418                gfcd_doGetLenDataTsk
                0x06020cb4                GFCD_SetCsctFunc
                0x0601f714                GFCD_GetBaseFad
                0x0601f890                GFCD_GetFilt
                0x060208a4                gfcd_doChgDirTsk
                0x06020be4                gfcd_checkEflag
                0x0601fbd8                GFCD_MovePickup
                0x0601fcbc                GFCD_GetSctInfo
                0x0602056c                gfcd_doReqDataTsk
                0x0601fd04                GFCD_ChgDir
                0x0601f9f8                GFCD_ReqData
                0x06020cd0                GFCD_ChkScdqFlag
                0x06020188                GFCD_WaitServer
                0x0601fa9c                GFCD_DelSctData
                0x0601ff74                GFCD_ExecServer
                0x06020388                gfcd_doSetConTsk
                0x0601f5d0                GFCD_AllocFilt
                0x0601f7cc                GFCD_SetFilt
                0x060201c4                gfcd_doSetFiltTsk
                0x06020cf4                GFCD_ClrScdqFlag
                0x0602060c                gfcd_doDelSctDataTsk
                0x060200d0                gfcd_doTask
                0x0601f748                GFCD_GetPickup
                0x0601fc98                GFCD_CheckMove
                0x06020d10                GFCD_WaitScdqFlag
                0x0601f930                GFCD_Play
                0x06020740                gfcd_doMoveSctTsk
                0x0601f8d8                GFCD_SetCon
                0x0601fd78                GFCD_SetFiltCon
                0x06020d54                GFCD_WaitPause
                0x0601ff3c                GFCD_GetBufSiz
                0x0601f77c                GFCD_UngetPickup
                0x0601fe60                GFCD_GetFileInfo
                0x0601fa54                GFCD_EndData
                0x0601f670                GFCD_FreeBuf
                0x0601f990                GFCD_GetLenData
                0x0601f60c                GFCD_FreeFilt
                0x06020048                gfcd_isIdleTask
                0x0601f3cc                GFCD_Init
                0x06020aa0                gfcd_doSetFiltConTsk
                0x0601fb24                GFCD_GetStat
                0x0601fc24                GFCD_MoveSctData
                0x0601f7a8                GFCD_IsPuOwner
                0x06020c08                gfcd_initCdbMng
                0x0601f3a0                GFCD_SetCdbfs
                0x06020174                GFCD_SetTimer
                0x06020c88                gfcd_setStat
                0x0601faf4                GFCD_CheckDelSctData
 *fill*         0x06020da4        0xc 00
 .text          0x06020db0      0x308 ../sbl6/segalib/lib/sega_sat.a(DMA_SCU0.o)
                0x06020e34                DMA_ScuStart
                0x06020f68                DMA_ScuIntFunc0
                0x06020fd8                DMA_ScuIntFunc1
                0x06021048                DMA_ScuIntFunc2
                0x06020f28                DMA_ScuGetStatus
                0x06020db0                DMA_ScuSetPrm
 *fill*         0x060210b8        0x8 00
 .text          0x060210c0       0xe8 ../sbl6/segalib/lib/sega_sat.a(csh_main.o)
                0x060210c0                CSH_Init
                0x06021128                CSH_AllClr
                0x06021174                CSH_Purge
 *fill*         0x060211a8        0x8 00
 .text          0x060211b0      0x1b6 ../sbl6/segalib/lib/sega_sat.a(DMA_CPU0.o)
                0x060211f8                DMA_CpuSetPrm
                0x060212fc                DMA_CpuStart
                0x06021354                DMA_CpuGetStatus
                0x06021328                DMA_CpuAllStop
                0x0602133c                DMA_CpuGetComStatus
                0x060211b0                DMA_CpuSetComPrm
                0x06021310                DMA_CpuStop
 *fill*         0x06021366        0xa 00
 .text          0x06021370      0x2dc ../sbl6/segalib/lib/sega_sat.a(cdc_reg.o)
                0x060213c4                CDREG_ClrHirqReq
                0x06021394                CDC_ClrHirqReq
                0x06021444                CDREG_TgetData
                0x06021434                CDC_GetMpegPtr
                0x06021410                CDC_GetHirqMsk
                0x06021370                CDC_GetDataPtr
                0x06021380                CDC_GetHirqReq
                0x060215a0                CDREG_WaitHirq
                0x06021424                CDC_SetHirqMsk
                0x060214a0                CDREG_CmdRsp
                0x060213d4                CDREG_InitHirqReq
                0x060213fc                CDREG_SetHirqFlag
                0x06021610                CDREG_ReadRsp
 *fill*         0x0602164c        0x4 00
 .text          0x06021650      0x194 ../sbl6/segalib/lib/sega_sat.a(cdc_cfs.o)
                0x06021650                CDC_ChgDir
                0x06021684                CDC_ReadDir
                0x060217a8                CDC_AbortFile
                0x060216b8                CDC_GetFileScope
                0x06021718                CDC_TgetFileInfo
                0x06021774                CDC_ReadFile
 *fill*         0x060217e4        0xc 00
 .text          0x060217f0      0x3a0 ../sbl6/segalib/lib/sega_sat.a(cdc_cmn.o)
                0x06021994                CDC_TgetToc
                0x06021b38                CDC_DataEnd
                0x06021858                CDC_GetPeriStat
                0x06021acc                CDC_DataReady
                0x06021aa4                CDC_CdOpen
                0x06021a20                CDC_CdInit
                0x060219e4                CDC_GetSes
                0x06021840                CDC_GetLastStat
                0x060217f0                CDC_GetCurStat
                0x0602192c                CDC_GetHwInfo
 .text          0x06021b90      0x1e4 ../sbl6/segalib/lib/sega_sat.a(cdc_bio.o)
                0x06021c3c                CDC_GetdelSctData
                0x06021bc4                CDC_GetSctData
                0x06021c78                CDC_PutSctData
                0x06021cf4                CDC_MoveSctData
                0x06021d38                CDC_GetCopyErr
                0x06021c00                CDC_DelSctData
                0x06021b90                CDC_SetSctLen
                0x06021cb0                CDC_CopySctData
 *fill*         0x06021d74        0xc 00
 .text          0x06021d80      0x2b8 ../sbl6/segalib/lib/sega_sat.a(cdc_sel.o)
                0x06021fb0                CDC_GetFiltCon
                0x06021f2c                CDC_GetFiltMode
                0x06022004                CDC_ResetSelector
                0x06021d80                CDC_SetFiltRange
                0x06021e0c                CDC_SetFiltSubh
                0x06021e7c                CDC_GetFiltSubh
                0x06021db4                CDC_GetFiltRange
                0x06021ef8                CDC_SetFiltMode
                0x06021f70                CDC_SetFiltCon
 *fill*         0x06022038        0x8 00
 .text          0x06022040      0x130 ../sbl6/segalib/lib/sega_sat.a(cdc_drv.o)
                0x06022040                CDC_CdPlay
                0x0602210c                CDC_CdSeek
                0x06022140                CDC_CdScan
 .text          0x06022170      0x270 ../sbl6/segalib/lib/sega_sat.a(cdc_bif.o)
                0x060221cc                CDC_GetSctNum
                0x0602234c                CDC_ExeFadSearch
                0x060222cc                CDC_GetSctInfo
                0x06022210                CDC_CalActSiz
                0x06022170                CDC_GetBufSiz
                0x0602224c                CDC_GetActSiz
                0x06022384                CDC_GetFadSearch
 .text          0x060223e0       0xa8 ../sbl6/segalib/lib/sega_sat.a(cdc_dev.o)
                0x0602244c                CDC_CdGetLastBuf
                0x060223e0                CDC_CdSetCon
                0x06022410                CDC_CdGetCon
 *fill*         0x06022488        0x8 00
 .text          0x06022490      0x152 ../sbl6/segalib/lib/sega_sat.a(cdc_sub.o)
                0x06022538                CDSUB_GetCdstat
                0x060224a8                CDSUB_UpdCdstat
                0x06022578                CDSUB_RspToCdstat
                0x060225c0                CDSUB_SoftTimer
                0x06022490                CDSUB_UpdStatus
                0x060224c8                CDSUB_CdCmd
 *fill*         0x060225e2        0xe 00
 .text          0x060225f0       0x60 C:/saturn/SH_COFF/sh-coff/bin/../lib/gcc/sh-coff/3.4-GNUSH_v0501\libgcc.a(_ashiftrt.o)
                0x060225fc                __ashiftrt_r4_27
                0x06022630                __ashiftrt_r4_6
                0x06022620                __ashiftrt_r4_14
                0x06022612                __ashiftrt_r4_19
                0x0602262a                __ashiftrt_r4_9
                0x0602263e                __ashiftrt_r4_0
                0x060225f0                __ashiftrt_r4_31
                0x060225fe                __ashiftrt_r4_26
                0x0602260c                __ashiftrt_r4_22
                0x06022618                __ashiftrt_r4_16
                0x06022624                __ashiftrt_r4_12
                0x060225f8                __ashiftrt_r4_29
                0x06022616                __ashiftrt_r4_17
                0x060225f6                __ashiftrt_r4_30
                0x06022632                __ashiftrt_r4_5
                0x0602262c                __ashiftrt_r4_8
                0x060225f0                __ashiftrt_r4_32
                0x06022600                __ashiftrt_r4_25
                0x06022638                __ashiftrt_r4_2
                0x06022602                __ashiftrt_r4_24
                0x0602261e                __ashiftrt_r4_15
                0x06022628                __ashiftrt_r4_10
                0x0602263a                __ashiftrt_r4_1
                0x060225fa                __ashiftrt_r4_28
                0x06022610                __ashiftrt_r4_20
                0x0602262e                __ashiftrt_r4_7
                0x06022622                __ashiftrt_r4_13
                0x06022626                __ashiftrt_r4_11
                0x06022634                __ashiftrt_r4_4
                0x0602260a                __ashiftrt_r4_23
                0x06022614                __ashiftrt_r4_18
                0x0602260e                __ashiftrt_r4_21
                0x06022636                __ashiftrt_r4_3
 .text          0x06022650       0x90 C:/saturn/SH_COFF/sh-coff/bin/../lib/gcc/sh-coff/3.4-GNUSH_v0501\libgcc.a(_ashiftlt.o)
                0x06022650                __ashlsi3
 .text          0x060226e0       0xb0 C:/saturn/SH_COFF/sh-coff/bin/../lib/gcc/sh-coff/3.4-GNUSH_v0501\libgcc.a(_movstr.o)
                0x06022720                __movstrSI16
                0x060226f4                __movstrSI60
                0x06022700                __movstrSI48
                0x060226fc                __movstrSI52
                0x060226f0                __movstrSI64
                0x06022704                __movstrSI44
                0x06022708                __movstrSI40
                0x0602270c                __movstrSI36
                0x06022740                __movstr
                0x060226f8                __movstrSI56
                0x06022714                __movstrSI28
                0x06022710                __movstrSI32
                0x06022724                __movstrSI12
                0x06022728                __movstrSI8
                0x06022730                __movstrSI0
                0x06022718                __movstrSI24
                0x0602271c                __movstrSI20
                0x0602272c                __movstrSI4
 .text          0x06022790       0xa0 C:/saturn/SH_COFF/sh-coff/bin/../lib/gcc/sh-coff/3.4-GNUSH_v0501\libgcc.a(__main.o)
                0x06022804                __main
                0x06022790                __do_global_dtors
                0x060227c4                __do_global_ctors
 .text          0x06022830      0x2e0 C:/saturn/SH_COFF/sh-coff/bin/../lib/gcc/sh-coff/3.4-GNUSH_v0501\libgcc.a(_mul_df.o)
                0x06022840                __muldf3
 .text          0x06022b10       0xb0 C:/saturn/SH_COFF/sh-coff/bin/../lib/gcc/sh-coff/3.4-GNUSH_v0501\libgcc.a(_si_to_df.o)
                0x06022b10                __floatsidf
 .text          0x06022bc0       0x80 C:/saturn/SH_COFF/sh-coff/bin/../lib/gcc/sh-coff/3.4-GNUSH_v0501\libgcc.a(_df_to_si.o)
                0x06022bc0                __fixdfsi
 .text          0x06022c40       0x70 C:/saturn/SH_COFF/sh-coff/bin/../lib/gcc/sh-coff/3.4-GNUSH_v0501\libgcc.a(_udivsi3.o)
                0x06022c62                __udivsi3
 .text          0x06022cb0       0xa0 C:/saturn/SH_COFF/sh-coff/bin/../lib/gcc/sh-coff/3.4-GNUSH_v0501\libgcc.a(_sdivsi3.o)
                0x06022cb0                __sdivsi3
 .text          0x06022d50      0x120 C:/saturn/SH_COFF/sh-coff/bin/../lib/gcc/sh-coff/3.4-GNUSH_v0501\libgcc.a(_unpack_df.o)
                0x06022d60                __unpack_d
 .text          0x06022e70      0x220 C:/saturn/SH_COFF/sh-coff/bin/../lib/gcc/sh-coff/3.4-GNUSH_v0501\libgcc.a(_pack_df.o)
                0x06022e80                __pack_d
 .text          0x06023090       0x20 C:/saturn/SH_COFF/sh-coff/bin/../lib/gcc/sh-coff/3.4-GNUSH_v0501\libgcc.a(_thenan_df.o)
                0x06023090                __thenan_df
 .text          0x060230b0       0xd0 C:/saturn/SH_COFF/sh-coff/bin/../lib/gcc/sh-coff/3.4-GNUSH_v0501\libgcc.a(_muldi3.o)
                0x060230b0                __muldi3
 .text          0x06023180       0x80 C:/saturn/SH_COFF/sh-coff/bin/../lib/gcc/sh-coff/3.4-GNUSH_v0501\libgcc.a(_lshrdi3.o)
                0x06023180                __lshrdi3
 .text          0x06023200       0x80 C:/saturn/SH_COFF/sh-coff/bin/../lib/gcc/sh-coff/3.4-GNUSH_v0501\libgcc.a(_ashldi3.o)
                0x06023200                __ashldi3
 .text          0x06023280       0x30 C:/saturn/SH_COFF/sh-coff/bin/../lib/gcc/sh-coff/3.4-GNUSH_v0501\libgcc.a(_mulsi3.o)
                0x06023280                __mulsi3
 .text          0x060232b0       0x90 C:/saturn/SH_COFF/sh-coff/bin/../lib/gcc/sh-coff/3.4-GNUSH_v0501\libgcc.a(_lshiftrt.o)
                0x060232b0                __lshrsi3
 .text          0x06023340       0xa0 C:/saturn/SH_COFF/sh-coff/bin/../lib/gcc/sh-coff/3.4-GNUSH_v0501/../../../../sh-coff/lib\libc.a(memcpy.o)
                0x06023340                memcpy
 .text          0x060233e0       0x40 C:/saturn/SH_COFF/sh-coff/bin/../lib/gcc/sh-coff/3.4-GNUSH_v0501/../../../../sh-coff/lib\libc.a(memset.o)
                0x060233e0                memset
 .text          0x06023420       0x60 C:/saturn/SH_COFF/sh-coff/bin/../lib/gcc/sh-coff/3.4-GNUSH_v0501/../../../../sh-coff/lib\libc.a(memcmp.o)
                0x06023420                memcmp
 .text          0x06023480       0xb0 C:/saturn/SH_COFF/sh-coff/bin/../lib/gcc/sh-coff/3.4-GNUSH_v0501/../../../../sh-coff/lib\libc.a(strncmp.o)
                0x06023480                strncmp
 .text          0x06023530       0xa0 C:/saturn/SH_COFF/sh-coff/bin/../lib/gcc/sh-coff/3.4-GNUSH_v0501/../../../../sh-coff/lib\libc.a(strncpy.o)
                0x06023530                strncpy
 .text          0x060235d0       0x90 C:/saturn/SH_COFF/sh-coff/bin/../lib/gcc/sh-coff/3.4-GNUSH_v0501/../../../../sh-coff/lib\libc.a(atexit.o)
                0x060235d0                atexit
 .text          0x06023660       0x10 C:/saturn/SH_COFF/sh-coff/bin/../lib/gcc/sh-coff/3.4-GNUSH_v0501/../../../../sh-coff/lib\libc.a(impure.o)
                0x06023660                _global_impure_ptr
 .text          0x06023670       0x40 C:/saturn/SH_COFF/sh-coff/bin/../lib/gcc/sh-coff/3.4-GNUSH_v0501/../../../../sh-coff/lib\libc.a(malloc.o)
                0x0602368c                free
                0x06023670                malloc
 .text          0x060236b0      0x5b0 C:/saturn/SH_COFF/sh-coff/bin/../lib/gcc/sh-coff/3.4-GNUSH_v0501/../../../../sh-coff/lib\libc.a(mallocr.o)
                0x060236b0                _malloc_r
 .text          0x06023c60      0x340 C:/saturn/SH_COFF/sh-coff/bin/../lib/gcc/sh-coff/3.4-GNUSH_v0501/../../../../sh-coff/lib\libc.a(freer.o)
                0x06023c60                _malloc_trim_r
                0x06023d54                _free_r
 .text          0x06023fa0       0x20 C:/saturn/SH_COFF/sh-coff/bin/../lib/gcc/sh-coff/3.4-GNUSH_v0501/../../../../sh-coff/lib\libc.a(mlock.o)
                0x06023fa0                __malloc_lock
                0x06023fac                __malloc_unlock
 .text          0x06023fc0       0x50 C:/saturn/SH_COFF/sh-coff/bin/../lib/gcc/sh-coff/3.4-GNUSH_v0501/../../../../sh-coff/lib\libc.a(sbrkr.o)
                0x06023fc0                _sbrk_r
 .text          0x06024010      0x380 C:/saturn/SH_COFF/sh-coff/bin/../lib/gcc/sh-coff/3.4-GNUSH_v0501/../../../../sh-coff/lib\libc.a(syscalls.o)
                0x0602417c                _exit
                0x060241b0                _getpid
                0x06024218                _utime
                0x06024048                _write
                0x06024010                _read
                0x06024164                _unlink
                0x0602412c                _open
                0x060241c8                _stat
                0x06024170                isatty
                0x06024248                _wait
                0x06024194                _kill
                0x060241e4                _chmod
                0x06024278                _execv
                0x0602425c                _execve
                0x06024354                __setup_argv_and_call_main
                0x060242b0                _gettimeofday
                0x0602407c                _link
                0x060241bc                _raise
                0x06024148                _creat
                0x06024290                _pipe
                0x060241fc                _chown
                0x0602402c                _lseek
                0x06024064                _close
                0x060242a4                _times
                0x06024118                _fstat
                0x06024234                _fork
                0x060240a4                _sbrk
 .text          0x06024390       0x20 C:/saturn/SH_COFF/sh-coff/bin/../lib/gcc/sh-coff/3.4-GNUSH_v0501/../../../../sh-coff/lib\libc.a(trap.o)
                0x06024390                __trap34
 .text          0x060243b0       0x20 C:/saturn/SH_COFF/sh-coff/bin/../lib/gcc/sh-coff/3.4-GNUSH_v0501/../../../../sh-coff/lib\libc.a(abort.o)
                0x060243b0                abort
 .text          0x060243d0      0x270 C:/saturn/SH_COFF/sh-coff/bin/../lib/gcc/sh-coff/3.4-GNUSH_v0501/../../../../sh-coff/lib\libc.a(signal.o)
                0x06024490                _raise_r
                0x06024618                __sigtramp
                0x060245c4                raise
                0x06024600                _init_signal
                0x06024550                __sigtramp_r
                0x060245e0                signal
                0x0602441c                _signal_r
                0x060243d0                _init_signal_r
 .text          0x06024640       0x60 C:/saturn/SH_COFF/sh-coff/bin/../lib/gcc/sh-coff/3.4-GNUSH_v0501/../../../../sh-coff/lib\libc.a(signalr.o)
                0x06024688                _getpid_r
                0x06024640                _kill_r
 *(.strings)

.tors           0x060246a0        0x0
                0x060246a0                ___ctors = .
 *(.ctors)
                0x060246a0                ___ctors_end = .
                0x060246a0                ___dtors = .
 *(.dtors)
                0x060246a0                ___dtors_end = .

.data           0x060246a0     0x1780
                0x060246a0                STARTOF_R = .
 *(.data)
 .data          0x060246a0      0x400 ../sbl6/segasmp/per/smpclib/per_x1.o
 .data          0x06024aa0       0x60 blocks.o
                0x06024af0                tile2_slope
                0x06024ad0                tile4_slope
                0x06024aa0                block_slopes
                0x06024ae0                tile3_slope
 .data          0x06024b00       0x20 enemylist.o
                0x06024b00                enemy_lists
                0x06024b04                level0_enemies
                0x06024b18                enemy_arr
 .data          0x06024b20      0x630 graphics.o
                0x06024b20                cloudmap_name
                0x06024c52                guy_num
                0x06024b48                map0_name
                0x06025148                bg_num
                0x06024b30                cloudmap_width
                0x06024ca8                cloud_pal
                0x06024cf4                hills_pal
                0x06024d34                hills_name
                0x06024b2e                cloudmap_height
                0x06024b58                explosion_pal
                0x06024d40                bg_pal
                0x06024d3e                hills_num
                0x06024b98                explosion_name
                0x06024c44                guy_name
                0x06024b44                hill_map_width
                0x06024c04                guy_pal
                0x06024cf2                cloud_num
                0x06024c9e                font_height
                0x06024c4e                guy_width
                0x06024bfe                float_size
                0x06024ba8                explosion_width
                0x06024c94                font_name
                0x06025140                bg_name
                0x06024b52                map0_height
                0x06024b42                hill_map_height
                0x06024ca0                font_width
                0x06024c4c                guy_height
                0x06024b34                hill_map_name
                0x06024ce8                cloud_name
                0x06024ca4                font_num
                0x06024c54                font_pal
                0x06024b54                map0_width
                0x06024bac                explosion_num
                0x06024bfa                float_height
                0x06024c50                guy_size
                0x06024ca2                font_size
                0x06024bf0                float_name
                0x06024bb0                float_pal
                0x06024baa                explosion_size
                0x06024bfc                float_width
                0x06024c00                float_num
                0x06024ba6                explosion_height
 .data          0x06025150       0x10 player.o
                0x06025150                lives
 .data          0x06025160       0x30 sprite.o
 .data          0x06025190       0x20 scroll.o
                0x06025190                CycleTb
                0x060251a0                vram
 .data          0x060251b0      0x400 ../sbl6/segalib/lib/sega_int.a(int.o)
 .data          0x060255b0       0x1c ../sbl6/segalib/lib/sega_spr.a(spr_slv.o)
                0x060255b8                SPR_SlaveParam
                0x060255c8                SPR_SMPC_SF
                0x060255c0                SPR_SMPC_COM
                0x060255bc                SPR_SlaveSHEntry
                0x060255b4                SPR_SlaveState
                0x060255b0                SPR_SlaveCommand
                0x060255c4                SPR_SMPC_RET
 *fill*         0x060255cc        0x4 00
 .data          0x060255d0       0x34 ../sbl6/segalib/lib/sega_spr.a(spr_1c.o)
                0x060255d0                SpInitialFlag
 *fill*         0x06025604        0xc 00
 .data          0x06025610       0x1c ../sbl6/segalib/lib/sega_scl.a(scl_vblv.o)
                0x06025618                VBInterval
                0x06025620                ReqDisplayFlag
                0x06025610                SpFrameChgMode
                0x0602561c                VBIntervalCounter
                0x06025614                SpFrameEraseMode
 *fill*         0x0602562c        0x4 00
 .data          0x06025630       0x36 ../sbl6/segalib/lib/sega_scl.a(scl_func.o)
                0x06025640                SclRotregBuff
                0x0602563c                SclDisplayY
                0x06025644                SclRotateTableMode
                0x06025638                SclProcess
                0x06025634                SclCurSclNum
                0x06025630                SclLengthLsTbl
                0x0602563a                SclDisplayX
                0x06025632                SclLengthCsTbl
 *fill*         0x06025666        0xa 00
 .data          0x06025670       0x18 ../sbl6/segalib/lib/sega_scl.a(scl_pri.o)
                0x06025674                SclRealSpPriNum
                0x06025684                SclRealColOffset
                0x06025680                SclRealBgColMix
                0x0602567c                SclRealSpColMix
                0x06025678                SclRealBgPriNum
                0x06025670                SclRealOtherPri
 *fill*         0x06025688        0x8 00
 .data          0x06025690      0x380 C:/saturn/SH_COFF/sh-coff/bin/../lib/gcc/sh-coff/3.4-GNUSH_v0501/../../../../sh-coff/lib\libc.a(impure.o)
                0x06025a0c                _impure_ptr
 .data          0x06025a10      0x410 C:/saturn/SH_COFF/sh-coff/bin/../lib/gcc/sh-coff/3.4-GNUSH_v0501/../../../../sh-coff/lib\libc.a(mallocr.o)
                0x06025a18                __malloc_av_
                0x06025a14                __malloc_trim_threshold
                0x06025a10                __malloc_sbrk_base
                0x06025e20                SIZEOF_R = (. - STARTOF_R)
                0x06025e20                ENDOF_R = .

.bss            0x06025e20     0xf084
                0x06025e20                STARTOF_B = .
 *(.bss)
 .bss           0x06025e20       0x10 vblank.o
                0x06025e24                PadData2E
                0x06025e2a                PadData1
                0x06025e26                PadData2
                0x06025e28                PadData1E
                0x06025e20                __port
 .bss           0x06025e30       0xd0 ../sbl6/segasmp/per/smpclib/per_x2.o
 .bss           0x06025f00       0x10 player.o
                0x06025f01                boost
                0x06025f00                jumps
 .bss           0x06025f10     0x3800 sprite.o
                0x06025f10                num_sprites
 .bss           0x06029710       0x50 scroll.o
                0x0602972c                map_tiles_x
                0x06029734                scrolls_y
                0x06029710                scroll_transition_state
                0x06029714                scroll_ysize
                0x06029724                map_tiles_y
                0x0602971c                copy_modes
                0x06029744                scrolls_x
                0x06029718                scroll_xsize
 .bss           0x06029760       0x10 main.o
                0x06029760                frame
 .bss           0x06029770       0x6e ../sbl6/segalib/lib/sega_spr.a(spr_2c.o)
 *fill*         0x060297de        0x2 00
 .bss           0x060297e0        0x4 ../sbl6/segalib/lib/sega_scl.a(scl_vblv.o)
 *fill*         0x060297e4        0xc 00
 .bss           0x060297f0        0x4 ../sbl6/segalib/lib/sega_scl.a(scl_func.o)
 *fill*         0x060297f4        0xc 00
 .bss           0x06029800     0x1900 ../sbl6/segalib/lib/sega_scl.a(scl_fu05.o)
 .bss           0x0602b100       0x48 ../sbl6/segalib/lib/sega_scl.a(scl_ro00.o)
 *fill*         0x0602b148        0x8 00
 .bss           0x0602b150       0x9c ../sbl6/segalib/lib/sega_per.a(per_prt.o)
 *fill*         0x0602b1ec        0x4 00
 .bss           0x0602b1f0        0xc ../sbl6/segalib/lib/sega_sat.a(DMA_SCU1.o)
 *fill*         0x0602b1fc        0x4 00
 .bss           0x0602b200        0xc ../sbl6/segalib/lib/sega_sat.a(gfs_trn.o)
 *fill*         0x0602b20c        0x4 00
 .bss           0x0602b210       0x20 ../sbl6/segalib/lib/sega_sat.a(DMA_SCU0.o)
 .bss           0x0602b230        0x2 ../sbl6/segalib/lib/sega_sat.a(cdc_reg.o)
 *fill*         0x0602b232        0xe 00
 .bss           0x0602b240        0xc ../sbl6/segalib/lib/sega_sat.a(cdc_sub.o)
 *fill*         0x0602b24c        0x4 00
 .bss           0x0602b250       0x10 C:/saturn/SH_COFF/sh-coff/bin/../lib/gcc/sh-coff/3.4-GNUSH_v0501\libgcc.a(__main.o)
 .bss           0x0602b260       0x10 C:/saturn/SH_COFF/sh-coff/bin/../lib/gcc/sh-coff/3.4-GNUSH_v0501/../../../../sh-coff/lib\libc.a(atexit.o)
 .bss           0x0602b270       0x40 C:/saturn/SH_COFF/sh-coff/bin/../lib/gcc/sh-coff/3.4-GNUSH_v0501/../../../../sh-coff/lib\libc.a(mallocr.o)
                0x0602b2a0                __malloc_top_pad
                0x0602b270                __malloc_current_mallinfo
                0x0602b29c                __malloc_max_sbrked_mem
                0x0602b298                __malloc_max_total_mem
 .bss           0x0602b2b0       0x10 C:/saturn/SH_COFF/sh-coff/bin/../lib/gcc/sh-coff/3.4-GNUSH_v0501/../../../../sh-coff/lib\libc.a(syscalls.o)
 *(COMMON)
 COMMON         0x0602b2c0     0x1674 cd.o
                                  0x0 (size before relaxing)
                0x0602b2c0                dirname
                0x0602bc20                lib_work
                0x0602c928                directory_table
 *fill*         0x0602c934        0xc 00
 COMMON         0x0602c940     0x1960 player.o
                                  0x0 (size before relaxing)
                0x0602c940                curr_level
                0x0602c950                player
                0x0602c990                lp
 COMMON         0x0602e2a0      0x8c0 print.o
                                  0x0 (size before relaxing)
                0x0602e2a0                text
 COMMON         0x0602eb60     0x1460 sprite.o
                                  0x0 (size before relaxing)
                0x0602eb60                sprites
                0x0602efc0                image_buf
 COMMON         0x0602ffc0     0x346c scroll.o
                                  0x0 (size before relaxing)
                0x0602ffc0                line_param0
                0x060318d0                scfg3
                0x06031960                scfg0
                0x060319f0                maps
                0x06031a00                scfg2
                0x06031a90                line_param1
                0x060333a0                scfg1
 *fill*         0x0603342c        0x4 00
 COMMON         0x06033430      0x400 ../sbl6/segalib/lib/sega_int.a(int.o)
                                  0x0 (size before relaxing)
                0x06033430                __interrupt_vector
 COMMON         0x06033830       0x50 ../sbl6/segalib/lib/sega_spr.a(spr_2c.o)
                                  0x0 (size before relaxing)
                0x06033830                SpMstCmd
                0x06033834                Sp2OpenFlag
                0x06033838                SpGourTblMax
                0x0603383c                SpDrawPrtyBlk
                0x06033840                SpLCoordX
                0x06033844                SpMstDrawPrtyBlk
                0x06033848                SpGourTbl
                0x0603384c                SpLookupTblR
                0x06033850                SpCmdTbl
                0x06033854                SpCharMax
                0x06033858                SpDrawPrtyProcFlag
                0x0603385c                SpCmdNo
                0x06033860                SpDrawPrtyBlkMax
                0x06033864                SpSlvCmdPos
                0x06033868                SpSlvDrawPrtyBlk
                0x0603386c                SpCharTbl
                0x06033870                SpCmdTblR
                0x06033874                SpMstCmdPos
                0x06033878                SpSlvCmd
                0x0603387c                SpLCoordY
 COMMON         0x06033880       0x10 ../sbl6/segalib/lib/sega_spr.a(spr_1c.o)
                                  0x0 (size before relaxing)
                0x06033880                SpScreenY
                0x06033884                SpFbcrMode
                0x06033886                SpDil
                0x06033888                SpDie
                0x0603388a                SpTvMode
                0x0603388c                SpScreenX
 COMMON         0x06033890      0xf00 ../sbl6/segalib/lib/sega_scl.a(scl_func.o)
                                  0x0 (size before relaxing)
                0x06033890                SclRbgKtbAddr
                0x06033898                SclRb
                0x0603389a                Scl_flag
                0x060338a0                SclK_TableBuff
                0x06034570                SclAddrCsTbl
                0x06034580                Scl_s_reg
                0x060345a8                SclRotateXy
                0x060345b0                Scl_d_reg
                0x060345f8                SclRotateDisp
                0x06034600                SclRotateMoveZ
                0x06034608                SclRotXySw
                0x06034610                Scl_r_reg
                0x06034620                SclRPMD
                0x06034628                SclRbgKtbOffset
                0x06034630                _SclRotregBuff
                0x06034700                SclRa
                0x06034708                SclRotateZ
                0x06034710                SclAddrLsTbl
                0x06034718                SclK_TableNum
                0x06034720                SclRotateTableAddress
                0x06034724                SclK_TableFlag
                0x06034730                Scl_w_reg
                0x06034750                Scl_n_reg
 COMMON         0x06034790      0x6b0 ../sbl6/segalib/lib/sega_scl.a(scl_pri.o)
                                  0x0 (size before relaxing)
                0x06034790                SclAutoEndBlue2
                0x060347a0                SclColOffset
                0x060347b0                SclPriBuffDirty
                0x060347b2                SclAutoEndRed
                0x060347b4                SclAutoSurface
                0x060347b8                SclAutoGreen
                0x060347ba                SclAutoEndGreen
                0x060347bc                SclAutoCount
                0x060347c0                SclColRamAlloc256
                0x060347e0                SclAutoCurRate
                0x060347e1                SclAutoPlusFlag
                0x060347e8                SclSpColMix
                0x060347f0                SclAutoMax
                0x060347f4                SclLineColRamOffset
                0x060347f8                SclColRamAlloc2048
                0x060347fc                SclBgPriNum
                0x06034802                SclAutoEndBlue
                0x06034804                SclAutoEndGreen2
                0x06034806                SclAutoVeFlag
                0x06034808                SclBgColMix
                0x06034810                SclAutoIndex
                0x06034814                SclAutoEndRate
                0x06034816                SclAutoBlue
                0x06034818                SclAutoRed
                0x0603481c                SclAutoInterval
                0x06034820                SclOtherPri
                0x06034830                SclAutoRGB
                0x06034e30                SclAutoEndRed2
                0x06034e38                SclSpPriNum
 COMMON         0x06034e40       0x10 ../sbl6/segalib/lib/sega_scl.a(scl_ro00.o)
                                  0x0 (size before relaxing)
                0x06034e40                SclCsx
                0x06034e48                SclCsy
 COMMON         0x06034e50       0x15 ../sbl6/segalib/lib/sega_per.a(per_prt.o)
                                  0x0 (size before relaxing)
                0x06034e50                per_get_time_flg
                0x06034e51                per_hot_res
                0x06034e52                per_set_sys_flg
                0x06034e54                per_get_time_adr
                0x06034e58                per_get_sys_data
                0x06034e64                per_time_out_flg
 *fill*         0x06034e65        0xb 00
 COMMON         0x06034e70        0xc ../sbl6/segalib/lib/sega_sat.a(gfs.o)
                                  0x0 (size before relaxing)
                0x06034e70                GFMC_base
                0x06034e74                gfs_mng_ptr
                0x06034e78                gfs_use_scudma
 *fill*         0x06034e7c        0x4 00
 COMMON         0x06034e80        0x8 ../sbl6/segalib/lib/sega_sat.a(gfs_cdf.o)
                                  0x0 (size before relaxing)
                0x06034e80                gfcf_fad
                0x06034e84                gfcf_stat
 *fill*         0x06034e88        0x8 00
 COMMON         0x06034e90        0xc ../sbl6/segalib/lib/sega_sat.a(gfs_cdc.o)
                                  0x0 (size before relaxing)
                0x06034e90                gfcd_fatal_err
                0x06034e94                gfcd_work
                0x06034e98                gfcd_playflag
 *fill*         0x06034e9c        0x4 00
 COMMON         0x06034ea0        0x4 C:/saturn/SH_COFF/sh-coff/bin/../lib/gcc/sh-coff/3.4-GNUSH_v0501/../../../../sh-coff/lib\libc.a(syscalls.o)
                                  0x0 (size before relaxing)
                0x06034ea0                errno
                0x06034ea4                SIZEOF_B = (. - STARTOF_B)
                0x06034ea4                ENDOF_B = .
                0x06034ea4                _end = .
OUTPUT(main.cof coff-sh)

.comment        0x06034eb0      0x500
 .comment       0x06034eb0       0x20 ../sbl6/segasmp/lib/strt2_g.o
 .comment       0x06034ed0       0x20 vblank.o
 .comment       0x06034ef0       0x20 ../sbl6/segasmp/per/smpclib/per_x1.o
 .comment       0x06034f10       0x20 ../sbl6/segasmp/per/smpclib/per_x2.o
 .comment       0x06034f30       0x20 blocks.o
 .comment       0x06034f50       0x20 cd.o
 .comment       0x06034f70       0x20 collision.o
 .comment       0x06034f90       0x20 enemylist.o
 .comment       0x06034fb0       0x20 graphics.o
 .comment       0x06034fd0       0x20 player.o
 .comment       0x06034ff0       0x20 print.o
 .comment       0x06035010       0x20 sprite.o
 .comment       0x06035030       0x20 spritecode/explosion.o
 .comment       0x06035050       0x20 spritecode/float.o
 .comment       0x06035070       0x20 scroll.o
 .comment       0x06035090       0x20 main.o
 .comment       0x060350b0       0x20 C:/saturn/SH_COFF/sh-coff/bin/../lib/gcc/sh-coff/3.4-GNUSH_v0501\libgcc.a(__main.o)
 .comment       0x060350d0       0x20 C:/saturn/SH_COFF/sh-coff/bin/../lib/gcc/sh-coff/3.4-GNUSH_v0501\libgcc.a(_mul_df.o)
 .comment       0x060350f0       0x20 C:/saturn/SH_COFF/sh-coff/bin/../lib/gcc/sh-coff/3.4-GNUSH_v0501\libgcc.a(_si_to_df.o)
 .comment       0x06035110       0x20 C:/saturn/SH_COFF/sh-coff/bin/../lib/gcc/sh-coff/3.4-GNUSH_v0501\libgcc.a(_df_to_si.o)
 .comment       0x06035130       0x20 C:/saturn/SH_COFF/sh-coff/bin/../lib/gcc/sh-coff/3.4-GNUSH_v0501\libgcc.a(_unpack_df.o)
 .comment       0x06035150       0x20 C:/saturn/SH_COFF/sh-coff/bin/../lib/gcc/sh-coff/3.4-GNUSH_v0501\libgcc.a(_pack_df.o)
 .comment       0x06035170       0x20 C:/saturn/SH_COFF/sh-coff/bin/../lib/gcc/sh-coff/3.4-GNUSH_v0501\libgcc.a(_thenan_df.o)
 .comment       0x06035190       0x20 C:/saturn/SH_COFF/sh-coff/bin/../lib/gcc/sh-coff/3.4-GNUSH_v0501\libgcc.a(_muldi3.o)
 .comment       0x060351b0       0x20 C:/saturn/SH_COFF/sh-coff/bin/../lib/gcc/sh-coff/3.4-GNUSH_v0501\libgcc.a(_lshrdi3.o)
 .comment       0x060351d0       0x20 C:/saturn/SH_COFF/sh-coff/bin/../lib/gcc/sh-coff/3.4-GNUSH_v0501\libgcc.a(_ashldi3.o)
 .comment       0x060351f0       0x20 C:/saturn/SH_COFF/sh-coff/bin/../lib/gcc/sh-coff/3.4-GNUSH_v0501/../../../../sh-coff/lib\libc.a(memcmp.o)
 .comment       0x06035210       0x20 C:/saturn/SH_COFF/sh-coff/bin/../lib/gcc/sh-coff/3.4-GNUSH_v0501/../../../../sh-coff/lib\libc.a(strncmp.o)
 .comment       0x06035230       0x20 C:/saturn/SH_COFF/sh-coff/bin/../lib/gcc/sh-coff/3.4-GNUSH_v0501/../../../../sh-coff/lib\libc.a(strncpy.o)
 .comment       0x06035250       0x20 C:/saturn/SH_COFF/sh-coff/bin/../lib/gcc/sh-coff/3.4-GNUSH_v0501/../../../../sh-coff/lib\libc.a(atexit.o)
 .comment       0x06035270       0x20 C:/saturn/SH_COFF/sh-coff/bin/../lib/gcc/sh-coff/3.4-GNUSH_v0501/../../../../sh-coff/lib\libc.a(impure.o)
 .comment       0x06035290       0x20 C:/saturn/SH_COFF/sh-coff/bin/../lib/gcc/sh-coff/3.4-GNUSH_v0501/../../../../sh-coff/lib\libc.a(malloc.o)
 .comment       0x060352b0       0x20 C:/saturn/SH_COFF/sh-coff/bin/../lib/gcc/sh-coff/3.4-GNUSH_v0501/../../../../sh-coff/lib\libc.a(mallocr.o)
 .comment       0x060352d0       0x20 C:/saturn/SH_COFF/sh-coff/bin/../lib/gcc/sh-coff/3.4-GNUSH_v0501/../../../../sh-coff/lib\libc.a(freer.o)
 .comment       0x060352f0       0x20 C:/saturn/SH_COFF/sh-coff/bin/../lib/gcc/sh-coff/3.4-GNUSH_v0501/../../../../sh-coff/lib\libc.a(mlock.o)
 .comment       0x06035310       0x20 C:/saturn/SH_COFF/sh-coff/bin/../lib/gcc/sh-coff/3.4-GNUSH_v0501/../../../../sh-coff/lib\libc.a(sbrkr.o)
 .comment       0x06035330       0x20 C:/saturn/SH_COFF/sh-coff/bin/../lib/gcc/sh-coff/3.4-GNUSH_v0501/../../../../sh-coff/lib\libc.a(syscalls.o)
 .comment       0x06035350       0x20 C:/saturn/SH_COFF/sh-coff/bin/../lib/gcc/sh-coff/3.4-GNUSH_v0501/../../../../sh-coff/lib\libc.a(abort.o)
 .comment       0x06035370       0x20 C:/saturn/SH_COFF/sh-coff/bin/../lib/gcc/sh-coff/3.4-GNUSH_v0501/../../../../sh-coff/lib\libc.a(signal.o)
 .comment       0x06035390       0x20 C:/saturn/SH_COFF/sh-coff/bin/../lib/gcc/sh-coff/3.4-GNUSH_v0501/../../../../sh-coff/lib\libc.a(signalr.o)
