Archive member included because of file (symbol)

../sbl6/segalib/lib/sega_int.a(int.o)
                              vblank.o (INT_SetScuFunc)
../sbl6/segalib/lib/sega_int.a(int_trmp.o)
                              ../sbl6/segalib/lib/sega_int.a(int.o) (__interrupt_handler0)
../sbl6/segalib/lib/sega_spr.a(spr_2c.o)
                              sprite.o (SPR_2Initial)
../sbl6/segalib/lib/sega_spr.a(spr_slv.o)
                              ../sbl6/segalib/lib/sega_spr.a(spr_2c.o) (SPR_InitSlaveSH)
../sbl6/segalib/lib/sega_spr.a(spr_1c.o)
                              ../sbl6/segalib/lib/sega_spr.a(spr_2c.o) (SPR_Initial)
../sbl6/segalib/lib/sega_spr.a(spr_2a.o)
                              ../sbl6/segalib/lib/sega_spr.a(spr_2c.o) (SPR_2SetDrawPrty)
../sbl6/segalib/lib/sega_scl.a(scl_vblv.o)
                              ../sbl6/segalib/lib/sega_spr.a(spr_1c.o) (SpFrameChgMode)
../sbl6/segalib/lib/sega_scl.a(scl_func.o)
                              sprite.o (SCL_Vdp2Init)
../sbl6/segalib/lib/sega_scl.a(scl_pr03.o)
                              sprite.o (SCL_AllocColRam)
../sbl6/segalib/lib/sega_scl.a(scl_pr02.o)
                              sprite.o (SCL_SetColRam)
../sbl6/segalib/lib/sega_scl.a(scl_back.o)
                              scroll.o (SCL_SetBack)
../sbl6/segalib/lib/sega_scl.a(scl_fu03.o)
                              scroll.o (SCL_InitConfigTb)
../sbl6/segalib/lib/sega_scl.a(scl_fu02.o)
                              scroll.o (SCL_InitVramConfigTb)
../sbl6/segalib/lib/sega_scl.a(scl_fu04.o)
                              scroll.o (SCL_SetCycleTable)
../sbl6/segalib/lib/sega_scl.a(scl_pr07.o)
                              scroll.o (SCL_SetPriority)
../sbl6/segalib/lib/sega_scl.a(scl_pr01.o)
                              main.o (SCL_SetSpriteMode)
../sbl6/segalib/lib/sega_scl.a(scl_pri.o)
                              ../sbl6/segalib/lib/sega_scl.a(scl_func.o) (SclRealOtherPri)
../sbl6/segalib/lib/sega_scl.a(scl_ro00.o)
                              ../sbl6/segalib/lib/sega_scl.a(scl_func.o) (SCL_Rotate)
../sbl6/segalib/lib/sega_scl.a(scl_pr06.o)
                              ../sbl6/segalib/lib/sega_scl.a(scl_pr03.o) (SCL_SetColRamOffset)
../sbl6/segalib/lib/sega_scl.a(scl_pr05.o)
                              ../sbl6/segalib/lib/sega_scl.a(scl_pr02.o) (SCL_GetColRamOffset)
../sbl6/segalib/lib/sega_mth.a(mth_fixd.o)
                              sprite.o (MTH_Mul)
../sbl6/segalib/lib/sega_mth.a(mth_tri.o)
                              sprite.o (MTH_Sin)
../sbl6/segalib/lib/sega_per.a(per_prt.o)
                              ../sbl6/segasmp/per/smpclib/per_x2.o (PER_LInit)
../sbl6/segalib/lib/sega_sat.a(gfs.o)
                              cd.o (GFS_Init)
../sbl6/segalib/lib/sega_sat.a(DMA_SCU1.o)
                              ../sbl6/segalib/lib/sega_spr.a(spr_2c.o) (DMA_ScuMemCopy)
../sbl6/segalib/lib/sega_sat.a(gfs_cdf.o)
                              ../sbl6/segalib/lib/sega_sat.a(gfs.o) (GFCF_Init)
../sbl6/segalib/lib/sega_sat.a(gfs_dir.o)
                              ../sbl6/segalib/lib/sega_sat.a(gfs.o) (GFDR_SetupDirTbl)
../sbl6/segalib/lib/sega_sat.a(gfs_trn.o)
                              ../sbl6/segalib/lib/sega_sat.a(gfs.o) (GFTR_Setup)
../sbl6/segalib/lib/sega_sat.a(gfs_buf.o)
                              ../sbl6/segalib/lib/sega_sat.a(gfs.o) (GFBF_GetNumData)
../sbl6/segalib/lib/sega_sat.a(gfs_cdb.o)
                              ../sbl6/segalib/lib/sega_sat.a(gfs_cdf.o) (GFCB_Setup)
../sbl6/segalib/lib/sega_sat.a(gfs_cdc.o)
                              ../sbl6/segalib/lib/sega_sat.a(gfs.o) (GFCD_SetCdbfs)
../sbl6/segalib/lib/sega_sat.a(DMA_SCU0.o)
                              ../sbl6/segalib/lib/sega_sat.a(DMA_SCU1.o) (DMA_ScuSetPrm)
../sbl6/segalib/lib/sega_sat.a(csh_main.o)
                              ../sbl6/segalib/lib/sega_sat.a(DMA_SCU1.o) (CSH_Purge)
../sbl6/segalib/lib/sega_sat.a(DMA_CPU0.o)
                              ../sbl6/segalib/lib/sega_sat.a(gfs_trn.o) (DMA_CpuSetComPrm)
../sbl6/segalib/lib/sega_sat.a(cdc_reg.o)
                              ../sbl6/segalib/lib/sega_sat.a(gfs_cdb.o) (CDC_GetDataPtr)
../sbl6/segalib/lib/sega_sat.a(cdc_cfs.o)
                              ../sbl6/segalib/lib/sega_sat.a(gfs_cdc.o) (CDC_ChgDir)
../sbl6/segalib/lib/sega_sat.a(cdc_cmn.o)
                              ../sbl6/segalib/lib/sega_sat.a(gfs_cdc.o) (CDC_GetCurStat)
../sbl6/segalib/lib/sega_sat.a(cdc_bio.o)
                              ../sbl6/segalib/lib/sega_sat.a(gfs_cdc.o) (CDC_SetSctLen)
../sbl6/segalib/lib/sega_sat.a(cdc_sel.o)
                              ../sbl6/segalib/lib/sega_sat.a(gfs_cdc.o) (CDC_SetFiltRange)
../sbl6/segalib/lib/sega_sat.a(cdc_drv.o)
                              ../sbl6/segalib/lib/sega_sat.a(gfs_cdc.o) (CDC_CdPlay)
../sbl6/segalib/lib/sega_sat.a(cdc_bif.o)
                              ../sbl6/segalib/lib/sega_sat.a(gfs_cdc.o) (CDC_GetBufSiz)
../sbl6/segalib/lib/sega_sat.a(cdc_dev.o)
[...]
Memory Configuration

Name             Origin             Length             Attributes
*default*        0x00000000         0xffffffff

Linker script and memory map

LOAD ../sbl6/segasmp/lib/strt1_g.o
LOAD ../sbl6/segasmp/lib/strt2_g.o
LOAD vblank.o
LOAD ../sbl6/segasmp/per/smpclib/per_x1.o
LOAD ../sbl6/segasmp/per/smpclib/per_x2.o
LOAD ../sbl6/segasmp/per/smpclib/per_x3.o
LOAD cd.o
LOAD graphics.o
LOAD player.o
LOAD print.o
LOAD sprite.o
LOAD scroll.o
LOAD main.o
LOAD ../sbl6/segalib/lib/sega_int.a
LOAD ../sbl6/segalib/lib/sega_spr.a
LOAD ../sbl6/segalib/lib/sega_scl.a
LOAD ../sbl6/segalib/lib/sega_mth.a
LOAD ../sbl6/segalib/lib/sega_cdc.a
LOAD ../sbl6/segalib/lib/sega_adp.a
LOAD ../sbl6/segalib/lib/sega_per.a
LOAD ../sbl6/segalib/lib/sega_sat.a
LOAD C:/saturn/SH_COFF/sh-coff/bin/../lib/gcc/sh-coff/3.4-GNUSH_v0501\libgcc.a
LOAD C:/saturn/SH_COFF/sh-coff/bin/../lib/gcc/sh-coff/3.4-GNUSH_v0501/../../../../sh-coff/lib\libc.a
LOAD C:/saturn/SH_COFF/sh-coff/bin/../lib/gcc/sh-coff/3.4-GNUSH_v0501\libgcc.a

.text           0x06010000    0x12e20
 *(.text)
 .text          0x06010000       0x30 ../sbl6/segasmp/lib/strt1_g.o
                0x06010024                _D_END
                0x06010020                _D_BGN
                0x0601002c                _B_END
                0x06010028                _B_BGN
                0x06010000                START
 .text          0x06010030       0x60 ../sbl6/segasmp/lib/strt2_g.o
                0x06010050                _INITSCT
                0x06010030                _INIT
 .text          0x06010090      0x1b0 vblank.o
                0x06010090                SetVblank
                0x06010140                UsrVblankOut
                0x060100f0                UsrVblankIn
 .text          0x06010240      0x430 ../sbl6/segasmp/per/smpclib/per_x1.o
                0x060105d4                PER_GetAnalogXYZ
                0x06010264                PER_GetTriggerHandler
                0x060104fe                PER_GetEdge
                0x0601047c                PER_GetTrigger
                0x06010528                PER_GetPressEdge
                0x0601057c                PER_GetReleaseEdge
                0x06010240                PER_SetTriggerHandler
 .text          0x06010670      0x200 ../sbl6/segasmp/per/smpclib/per_x2.o
                0x06010774                PER_GetDeviceA
                0x06010670                PER_OpenPort
                0x060106a8                PER_GetPort
                0x060107ee                PER_GetDeviceR
 .text          0x06010870       0x20 ../sbl6/segasmp/per/smpclib/per_x3.o
                0x06010870                PER_DisguiseTrigger
 .text          0x06010890       0xa0 cd.o
                0x06010890                cd_init
                0x060108c0                cd_load
 .text          0x06010930      0x1e0 player.o
                0x06010930                player_frames
                0x06010a00                player_input
                0x06010940                player_init
                0x06010af0                player_draw
                0x06010970                player_animate
 .text          0x06010b10      0x170 print.o
                0x06010be0                print_display
                0x06010b50                print_num
                0x06010b10                print_init
                0x06010ba0                print_string
 .text          0x06010c80      0x5e0 sprite.o
                0x06010cce                guy_num
                0x06010c80                test_pal
                0x06010d00                sprite_init
                0x06011090                sprite_make
                0x06010cc0                test_name
                0x060111d0                sprite_next
                0x06010ccc                test_width
                0x06011230                sprite_delete
                0x060110d0                sprite_draw_all
                0x06010cd0                sprite_deleteall
                0x06010cca                test_height
                0x06010e20                sprite_draw
 .text          0x06011260      0x810 scroll.o
                0x06011260                scroll_move
                0x06011710                scroll_get
                0x06011760                scroll_copy
                0x060113b0                scroll_set
                0x060114c0                scroll_init
                0x060113e0                scroll_scale
 .text          0x06011a70       0xa0 main.o
                0x06011a70                main
 .text          0x06011b10       0x40 ../sbl6/segalib/lib/sega_int.a(int.o)
                0x06011b3c                INT_GetScuFunc
                0x06011b10                INT_SetScuFunc
 .text          0x06011b50      0x624 ../sbl6/segalib/lib/sega_int.a(int_trmp.o)
                0x06011cb8                __interrupt_handler60
                0x06011e68                __interrupt_handler132
                0x0601201e                __interrupt_handler205
                0x06011e86                __interrupt_handler137
                0x06011db4                __interrupt_handler102
                0x06011bf2                __interrupt_handler27
                0x06011ff4                __interrupt_handler198
                0x06011ee6                __interrupt_handler153
                0x06011bce                __interrupt_handler21
                0x06011cdc                __interrupt_handler66
                0x06011dcc                __interrupt_handler106
                0x06011f16                __interrupt_handler161
                0x06011d60                __interrupt_handler88
                0x06011f2e                __interrupt_handler165
                0x06011e3e                __interrupt_handler125
                0x06011b74                __interrupt_handler6
                0x06011c10                __interrupt_handler32
                0x06011fca                __interrupt_handler191
                0x060120e4                __interrupt_handler238
                0x060120fc                __interrupt_handler242
                0x06011f04                __interrupt_handler158
                0x06011d6c                __interrupt_handler90
                0x06011f28                __interrupt_handler164
                0x06011c4c                __interrupt_handler42
                0x06011f8e                __interrupt_handler181
                0x06012096                __interrupt_handler225
                0x0601213e                __interrupt_handler253
                0x06011f52                __interrupt_handler171
                0x06011d0c                __interrupt_handler74
                0x06011b62                __interrupt_handler3
                0x06011ca6                __interrupt_handler57
                0x06011ba4                __interrupt_handler14
                0x0601203c                __interrupt_handler210
                0x0601206c                __interrupt_handler218
                0x06012030                __interrupt_handler208
                0x06011c34                __interrupt_handler38
                0x06011b50                __interrupt_handler0
                0x06011dc0                __interrupt_handler104
                0x06011efe                __interrupt_handler157
                0x0601204e                __interrupt_handler213
                0x06011f40                __interrupt_handler168
                0x06011d4e                __interrupt_handler85
                0x06011dea                __interrupt_handler111
                0x06011dfc                __interrupt_handler114
                0x06011c6a                __interrupt_handler47
                0x060120c0                __interrupt_handler232
                0x0601208a                __interrupt_handler223
                0x060120de                __interrupt_handler237
                0x06011cca                __interrupt_handler63
                0x06011c58                __interrupt_handler44
                0x06011f6a                __interrupt_handler175
                0x06011f94                __interrupt_handler182
                0x06011fac                __interrupt_handler186
                0x06011eaa                __interrupt_handler143
                0x06011dd2                __interrupt_handler107
                0x06011e38                __interrupt_handler124
                0x06011f58                __interrupt_handler172
                0x0601210e                __interrupt_handler245
                0x06011d8a                __interrupt_handler95
                0x06011e62                __interrupt_handler131
                0x06011e74                __interrupt_handler134
                0x06011e92                __interrupt_handler139
                0x06011d00                __interrupt_handler72
                0x060120ba                __interrupt_handler231
                0x06011f10                __interrupt_handler160
                0x06011e56                __interrupt_handler129
                0x06011bc8                __interrupt_handler20
                0x06011cd6                __interrupt_handler65
                0x06011ca0                __interrupt_handler56
                0x06011b9e                __interrupt_handler13
                0x06012036                __interrupt_handler209
                0x06011df0                __interrupt_handler112
                0x06011bc2                __interrupt_handler19
                0x06011d7e                __interrupt_handler93
                0x06011fe8                __interrupt_handler196
                0x06011eda                __interrupt_handler151
                0x06011f3a                __interrupt_handler167
                0x06012150                __trampoline
                0x06011bb6                __interrupt_handler17
                0x060120a8                __interrupt_handler228
                0x0601214a                __interrupt_handler255
                0x06012108                __interrupt_handler244
                0x06011da2                __interrupt_handler99
                0x06011f9a                __interrupt_handler183
                0x06011e98                __interrupt_handler140
                0x06011fbe                __interrupt_handler189
                0x06011ebc                __interrupt_handler146
                0x06012084                __interrupt_handler222
                0x06011ef8                __interrupt_handler156
                0x06011e2c                __interrupt_handler122
                0x06012120                __interrupt_handler248
                0x06011c70                __interrupt_handler48
                0x06011cee                __interrupt_handler69
                0x06011be0                __interrupt_handler24
                0x06011d66                __interrupt_handler89
                0x0601205a                __interrupt_handler215
                0x06012144                __interrupt_handler254
                0x06011d5a                __interrupt_handler87
                0x06011cbe                __interrupt_handler61
                0x06011fe2                __interrupt_handler195
                0x06011ed4                __interrupt_handler150
                0x06011c46                __interrupt_handler41
                0x06011de4                __interrupt_handler110
                0x06011e4a                __interrupt_handler127
                0x06011dd8                __interrupt_handler108
                0x06011df6                __interrupt_handler113
                0x06011e08                __interrupt_handler116
                0x06011e26                __interrupt_handler121
                0x06011d1e                __interrupt_handler77
                0x06011c3a                __interrupt_handler39
                0x06011c52                __interrupt_handler43
                0x06012126                __interrupt_handler249
                0x06011f64                __interrupt_handler174
                0x06011e80                __interrupt_handler136
                0x06011fb8                __interrupt_handler188
                0x06011eb6                __interrupt_handler145
                0x06011b86                __interrupt_handler9
                0x06011d2a                __interrupt_handler79
                0x060120a2                __interrupt_handler227
                0x06011c1c                __interrupt_handler34
                0x06011e5c                __interrupt_handler130
                0x0601211a                __interrupt_handler247
                0x06011d12                __interrupt_handler75
                0x06011f5e                __interrupt_handler173
                0x06011c8e                __interrupt_handler53
                0x06011ece                __interrupt_handler149
                0x06012132                __interrupt_handler251
                0x060120c6                __interrupt_handler233
                0x06011b8c                __interrupt_handler10
                0x06012018                __interrupt_handler204
                0x06011d3c                __interrupt_handler82
                0x06011d42                __interrupt_handler83
                0x06011be6                __interrupt_handler25
                0x06012102                __interrupt_handler243
                0x06011f1c                __interrupt_handler162
                0x06011c64                __interrupt_handler46
                0x06011f7c                __interrupt_handler178
                0x06011d30                __interrupt_handler80
                0x06011cc4                __interrupt_handler62
                0x06011b5c                __interrupt_handler2
                0x06011bfe                __interrupt_handler29
                0x06011cf4                __interrupt_handler70
                0x06011dde                __interrupt_handler109
                0x06011ec8                __interrupt_handler148
                0x06011d84                __interrupt_handler94
                0x06012090                __interrupt_handler224
                0x06011dba                __interrupt_handler103
                0x06011c28                __interrupt_handler36
                0x06011e44                __interrupt_handler126
                0x06012114                __interrupt_handler246
                0x06011c9a                __interrupt_handler55
                0x06011b98                __interrupt_handler12
                0x06011c88                __interrupt_handler52
                0x06011fb2                __interrupt_handler187
                0x06011eb0                __interrupt_handler144
                0x06011e0e                __interrupt_handler117
                0x06011bbc                __interrupt_handler18
                0x06011fee                __interrupt_handler197
                0x06011ee0                __interrupt_handler152
                0x06011e14                __interrupt_handler118
                0x06011f4c                __interrupt_handler170
                0x06012006                __interrupt_handler201
                0x06011d96                __interrupt_handler97
                0x06011f22                __interrupt_handler163
                0x06011f88                __interrupt_handler180
                0x06011fd0                __interrupt_handler192
                0x060120f0                __interrupt_handler240
                0x06011e32                __interrupt_handler123
                0x06012054                __interrupt_handler214
                0x06011c0a                __interrupt_handler31
                0x06011bf8                __interrupt_handler28
                0x06011ce2                __interrupt_handler67
                0x06011ce8                __interrupt_handler68
                0x06011bd4                __interrupt_handler22
                0x06011bda                __interrupt_handler23
                0x06011f70                __interrupt_handler176
                0x06011b7a                __interrupt_handler7
                0x0601207e                __interrupt_handler221
                0x06012066                __interrupt_handler217
                0x060120ae                __interrupt_handler229
                0x06011c76                __interrupt_handler49
                0x06011b68                __interrupt_handler4
                0x06011c40                __interrupt_handler40
                0x06011e02                __interrupt_handler115
                0x060120d2                __interrupt_handler235
                0x06011d72                __interrupt_handler91
                0x06012024                __interrupt_handler206
                0x06011f76                __interrupt_handler177
                0x06011ec2                __interrupt_handler147
                0x06011c2e                __interrupt_handler37
                0x0601212c                __interrupt_handler250
                0x06011b56                __interrupt_handler1
                0x06012072                __interrupt_handler219
                0x06011d18                __interrupt_handler76
                0x06011da8                __interrupt_handler100
                0x06011cac                __interrupt_handler58
                0x06011baa                __interrupt_handler15
                0x06012048                __interrupt_handler212
                0x060120f6                __interrupt_handler241
                0x0601200c                __interrupt_handler202
                0x06011fd6                __interrupt_handler193
                0x06011d24                __interrupt_handler78
                0x06011c7c                __interrupt_handler50
                0x06011c16                __interrupt_handler33
                0x06011f34                __interrupt_handler166
                0x06011e8c                __interrupt_handler138
                0x06011e7a                __interrupt_handler135
                0x06011c04                __interrupt_handler30
                0x06011fa0                __interrupt_handler184
                0x06011e9e                __interrupt_handler141
                0x060120b4                __interrupt_handler230
                0x060120d8                __interrupt_handler236
                0x06011e1a                __interrupt_handler119
                0x06011d54                __interrupt_handler86
                0x06011dc6                __interrupt_handler105
                0x06011d36                __interrupt_handler81
                0x06011e20                __interrupt_handler120
                0x06011e50                __interrupt_handler128
                0x06011c94                __interrupt_handler54
                0x06011b92                __interrupt_handler11
                0x06011ffa                __interrupt_handler199
                0x06011eec                __interrupt_handler154
                0x06011c5e                __interrupt_handler45
                0x06012060                __interrupt_handler216
                0x06012012                __interrupt_handler203
                0x06011dae                __interrupt_handler101
                0x06011d48                __interrupt_handler84
                0x06011fa6                __interrupt_handler185
                0x06011ea4                __interrupt_handler142
                0x06011bec                __interrupt_handler26
                0x06011cd0                __interrupt_handler64
                0x06012000                __interrupt_handler200
                0x0601202a                __interrupt_handler207
                0x06011fdc                __interrupt_handler194
                0x06011d78                __interrupt_handler92
                0x06011ef2                __interrupt_handler155
                0x06012042                __interrupt_handler211
                0x06011e6e                __interrupt_handler133
                0x06011b6e                __interrupt_handler5
                0x06011d06                __interrupt_handler73
                0x06011bb0                __interrupt_handler16
                0x060120ea                __interrupt_handler239
                0x060120cc                __interrupt_handler234
                0x06011c22                __interrupt_handler35
                0x06011cb2                __interrupt_handler59
                0x06011f46                __interrupt_handler169
                0x06011d9c                __interrupt_handler98
                0x06011cfa                __interrupt_handler71
                0x06011c82                __interrupt_handler51
                0x06011f0a                __interrupt_handler159
                0x0601209c                __interrupt_handler226
                0x06011d90                __interrupt_handler96
                0x06011fc4                __interrupt_handler190
                0x06012078                __interrupt_handler220
                0x06011b80                __interrupt_handler8
                0x06011f82                __interrupt_handler179
                0x06012138                __interrupt_handler252
 *fill*         0x06012174        0xc 00
 .text          0x06012180     0x12a0 ../sbl6/segalib/lib/sega_spr.a(spr_2c.o)
                0x060133e0                SlaveFlushDrawPrtyBlock
                0x06012180                SPR_2Initial
                0x060129c4                SPR_2SysClip
                0x06012964                SPR_2LocalCoord
                0x0601325c                SPR_2FlushDrawPrtyBlock
                0x06012f48                SPR_2DistSpr
                0x0601294c                SPR_2FlushDrawPrty
                0x0601306c                SPR_2Cmd
                0x06012648                SPR_2GourTblNoToVram
                0x060126a8                SPR_2GetAreaSizeInfo
                0x06012410                SPR_2SetGourTbl
                0x06012bfc                SPR_2Polygon
                0x06012684                SPR_2CharNoToVram
                0x06012390                SPR_2SetTvMode
                0x060127ec                SPR_2CloseCommand
                0x060123cc                SPR_2FrameEraseData
                0x060121a8                SPR_2Initial2
                0x06012ddc                SPR_2ScaleSpr
                0x06012a6c                SPR_2Line
                0x06012738                SPR_2OpenCommand
                0x060123ac                SPR_2FrameChgIntr
                0x06012cb8                SPR_2NormSpr
                0x06012440                SPR_2SetLookupTbl
                0x06012474                SPR_2SetChar
                0x0601266c                SPR_2LookupTblNoToVram
                0x06012b40                SPR_2PolyLine
                0x060125e0                SPR_2ClrAllChar
                0x06012594                SPR_2ClrChar
                0x06012a10                SPR_2UserClip
 .text          0x06013420      0x1e6 ../sbl6/segalib/lib/sega_spr.a(spr_slv.o)
                0x06013584                SPR_WaitEndSlaveSH
                0x06013420                SPR_SMPC_SSHON
                0x06013560                SPR_RunSlaveSH
                0x06013424                SPR_InitSlaveSH
                0x060134ec                SPR_SlaveSHmain
                0x06013421                SPR_SMPC_SSHOFF
 *fill*         0x06013606        0xa 00
 .text          0x06013610      0x36a ../sbl6/segalib/lib/sega_spr.a(spr_1c.o)
                0x060138c4                SPR_WaitDrawEnd
                0x060138dc                SPR_SetEosMode
                0x060137f4                SPR_SetEraseData
                0x06013610                SPR_Initial
                0x060136e8                SPR_SetTvMode
                0x06013780                SPR_GetStatus
 *fill*         0x0601397a        0x6 00
 .text          0x06013980      0x244 ../sbl6/segalib/lib/sega_spr.a(spr_2a.o)
                0x06013992                sprMemCpyW
                0x060139f0                flushDrawPrtyBlock
                0x06013980                sprMemCpyL
                0x060139a4                SPR_2SetDrawPrty
 *fill*         0x06013bc4        0xc 00
 .text          0x06013bd0      0x2fc ../sbl6/segalib/lib/sega_scl.a(scl_vblv.o)
                0x06013c8c                SCL_DisplayFrame
                0x06013bd0                SCL_SetFrameInterval
                0x06013cc0                SCL_VblInit
                0x06013d10                SCL_VblankStart
                0x06013d54                SCL_VblankEnd
 *fill*         0x06013ecc        0x4 00
 .text          0x06013ed0      0xb9c ../sbl6/segalib/lib/sega_scl.a(scl_func.o)
                0x060148ac                SCL_Vdp2_SGLInit
                0x060147bc                SCL_PriIntProc
                0x06014734                SCL_Memcpyw
                0x06014a4c                SCL_SglOff
                0x06014a2c                SCL_SglOn
                0x060146a0                SCL_ScrollShow
                0x06014148                SCL_Close
                0x06014440                SCL_Scale
                0x06013ed0                SCL_Vdp2Init
                0x060142b4                SCL_Move
                0x0601457c                SCL_CopyReg
                0x06014124                SCL_Open
                0x06013f54                SCL_ParametersInit
                0x06014164                SCL_MoveTo
                0x0601475c                SCL_SetColRamMode
 *fill*         0x06014a6c        0x4 00
 .text          0x06014a70      0x138 ../sbl6/segalib/lib/sega_scl.a(scl_pr03.o)
                0x06014a70                SCL_FreeColRam
                0x06014aa8                SCL_AllocColRam
 *fill*         0x06014ba8        0x8 00
 .text          0x06014bb0       0x9c ../sbl6/segalib/lib/sega_scl.a(scl_pr02.o)
                0x06014bb0                SCL_SetColRam
 *fill*         0x06014c4c        0x4 00
 .text          0x06014c50       0x84 ../sbl6/segalib/lib/sega_scl.a(scl_back.o)
                0x06014c50                SCL_SetBack
 *fill*         0x06014cd4        0xc 00
 .text          0x06014ce0      0x94c ../sbl6/segalib/lib/sega_scl.a(scl_fu03.o)
                0x06014d3c                SCL_SetConfig
                0x06014ce0                SCL_InitConfigTb
 *fill*         0x0601562c        0x4 00
 .text          0x06015630      0x4f4 ../sbl6/segalib/lib/sega_scl.a(scl_fu02.o)
                0x06015668                SCL_SetVramConfig
                0x06015630                SCL_InitVramConfigTb
 *fill*         0x06015b24        0xc 00
 .text          0x06015b30       0x28 ../sbl6/segalib/lib/sega_scl.a(scl_fu04.o)
                0x06015b30                SCL_SetCycleTable
 *fill*         0x06015b58        0x8 00
 .text          0x06015b60      0x214 ../sbl6/segalib/lib/sega_scl.a(scl_pr07.o)
                0x06015b60                SCL_SetPriority
 *fill*         0x06015d74        0xc 00
 .text          0x06015d80       0x58 ../sbl6/segalib/lib/sega_scl.a(scl_pr01.o)
                0x06015d80                SCL_SetSpriteMode
 *fill*         0x06015dd8        0x8 00
 .text          0x06015de0     0x10a4 ../sbl6/segalib/lib/sega_scl.a(scl_pri.o)
                0x06015e74                SCL_AbortAutoVe
                0x06016d24                SCL_SetShadowBit
                0x060162ec                SCL_AutoExec
                0x06015de0                SCL_PriorityInit
                0x06016800                SCL_IncColOffset
                0x06015e88                SCL_SetColMixRate
                0x06015e58                SCL_GetColRamMode
 *fill*         0x06016e84        0xc 00
 .text          0x06016e90     0x1394 ../sbl6/segalib/lib/sega_scl.a(scl_ro00.o)
                0x0601807c                SCL_RotateZD
                0x06017344                SCL_Rotate
                0x06017018                SCL_InitRotateTable
 *fill*         0x06018224        0xc 00
 .text          0x06018230      0x1b4 ../sbl6/segalib/lib/sega_scl.a(scl_pr06.o)
                0x06018230                SCL_SetColRamOffset
 *fill*         0x060183e4        0xc 00
 .text          0x060183f0       0xac ../sbl6/segalib/lib/sega_scl.a(scl_pr05.o)
                0x060183f0                SCL_GetColRamOffset
 *fill*         0x0601849c        0x4 00
 .text          0x060184a0       0xa4 ../sbl6/segalib/lib/sega_mth.a(mth_fixd.o)
                0x060184f0                MTH_FixedToInt
                0x060184e0                MTH_IntToFixed
                0x060184a0                MTH_Mul
                0x06018500                MTH_Product
                0x060184c0                MTH_Div
 *fill*         0x06018544        0xc 00
 .text          0x06018550      0x600 ../sbl6/segalib/lib/sega_mth.a(mth_tri.o)
                0x060185ec                fcos
                0x060185f2                fsin
                0x0601859c                MTH_Cos
                0x06018550                MTH_Sin
                0x06018790                MTH_Atan
 .text          0x06018b50      0xf50 ../sbl6/segalib/lib/sega_per.a(per_prt.o)
                0x06018f70                PER_IntFunc
                0x06018d68                PER_LGetPer
                0x06018b50                PER_LInit
 .text          0x06019aa0     0x1b04 ../sbl6/segalib/lib/sega_sat.a(gfs.o)
                0x06019aa0                gfs_version
                0x0601ad14                gfs_mngGetNumFile
                0x0601b494                gfs_closeSub
                0x0601a830                GFS_SetGmode
                0x0601aaec                GFS_SetErrFunc
                0x0601ac3c                gfs_mngSetupFuncTbl
                0x06019df8                GFS_Reset
                0x0601ab64                gfs_chgRoot
                0x0601ac30                gfs_aborttrans
                0x0601af14                gfs_svrAddHndl
                0x0601adc4                gfs_mngFreeGrp
                0x0601ab3c                GFS_ConvTno
                0x0601b0c8                gfs_getRootDir
                0x0601ab18                GFS_GetErrStat
                0x06019f68                GFS_Seek
                0x0601a5d4                GFS_NwStop
                0x0601add0                gfs_mngTermAccess
                0x06019e7c                GFS_Open
                0x0601ad7c                GFS_mngAllocGrp
                0x0601b4dc                gfs_isTaskDone
                0x0601a2d4                GFS_Fread
                0x0601aa34                GFS_StartTrans
                0x0601b430                gfs_GetFinfo
                0x0601ac70                gfs_mngInitWork
                0x0601a0c0                GFS_ByteToSct
                0x0601aed4                gfs_svrSearchHndl
                0x0601b1c4                gfs_loadRootDir
                0x06019d1c                GFS_IdToName
                0x0601a418                GFS_NwFread
                0x0601a964                GFS_SetTransPara
                0x0601a524                GFS_NwCdRead
                0x0601b004                gfs_loadVol
                0x0601a900                GFS_SetReadPara
                0x0601a01c                GFS_Tell
                0x0601a894                GFS_SetTmode
                0x0601b398                GFS_GetFad
                0x0601a9d0                GFS_SetTrFunc
                0x0601aa80                GFS_CdMovePickup
                0x06019cb8                GFS_NameToId
                0x0601a6ec                GFS_NwExecOne
                0x0601b24c                gfs_flowIn
                0x0601a174                GFS_GetFileInfo
                0x0601b2f4                gfs_transData
                0x0601af50                gfs_svrRemoveHndl
                0x0601a59c                GFS_NwIsComplete
                0x0601b4d0                gfs_getGmode
                0x0601a640                GFS_NwGetStat
                0x0601afac                GFS_OpenSub
                0x06019c50                GFS_SetDir
                0x0601a11c                GFS_GetFileSize
                0x0601a1e8                GFS_GetNumCdbuf
                0x0601b530                gfs_convFinStat
                0x0601a210                GFS_Load
                0x0601a370                gfs_waitRead
                0x06019ba8                GFS_LoadDir
                0x06019d88                GFS_GetDirInfo
                0x06019f30                GFS_Close
                0x06019ac0                GFS_Init
                0x0601a6bc                gfs_recovRdErr
                0x0601ae54                gfs_mngSetErrCode
                0x0601a7ac                GFS_NwExecServer
                0x0601a06c                GFS_IsEof
                0x0601b3f0                gfs_SetSct
 *fill*         0x0601b5a4        0xc 00
 .text          0x0601b5b0      0x1f4 ../sbl6/segalib/lib/sega_sat.a(DMA_SCU1.o)
                0x0601b70c                DMA_ScuResult
                0x0601b5b0                DMA_ScuInit
                0x0601b600                DMA_ScuMemCopy
 *fill*         0x0601b7a4        0xc 00
 .text          0x0601b7b0      0x8d4 ../sbl6/segalib/lib/sega_sat.a(gfs_cdf.o)
                0x0601bca4                GFCF_Seek
                0x0601bdac                GFCF_GetStat
                0x0601bc8c                GFCF_Tell
                0x0601b850                GFCF_Setup
                0x0601bd58                GFCF_cnvIntlvOfs
                0x0601b7b0                GFCF_Init
                0x0601bc44                GFCF_Recover
                0x0601b998                GFCF_SetSct
                0x0601bcbc                GFCF_MovePickup
                0x0601be80                gfcf_isCdOk
                0x0601ba50                GFCF_FlowInBuf
                0x0601b9dc                GFCF_GetFileInfo
                0x0601bba4                GFCF_StopInBuf
                0x0601be44                gfcf_getSctSize
                0x0601bf40                gfcf_getPlayRange
 *fill*         0x0601c084        0xc 00
 .text          0x0601c090      0x928 ../sbl6/segalib/lib/sega_sat.a(gfs_dir.o)
                0x0601c580                gfdr_setNextRec
                0x0601c97c                gfdr_setDirrecCd
                0x0601c378                gfdr_open
                0x0601c18c                GFDR_GetAtrDirId
                0x0601c460                gfdr_readByte
                0x0601c090                GFDR_SetupDirTbl
                0x0601c558                gfdr_readLongNM
                0x0601c604                gfdr_readDirEnt
                0x0601c1bc                GFDR_ChgRoot
                0x0601c104                GFDR_NameToId
                0x0601c248                gfdr_setupDirIdTbl
                0x0601c1a4                GFDR_GetAtrDirName
                0x0601c164                GFDR_GetInfoDirId
                0x0601c50c                gfdr_readLongNB
                0x0601c3a0                gfdr_read
                0x0601c48c                gfdr_readWord
                0x0601c2cc                gfdr_setupDirNameTbl
                0x0601c178                GFDR_GetInfoDirName
                0x0601c1d4                GFDR_ChgDir
                0x0601c4b8                gfdr_readWordNB
 *fill*         0x0601c9b8        0x8 00
 .text          0x0601c9c0      0xa46 ../sbl6/segalib/lib/sega_sat.a(gfs_trn.o)
                0x0601caa0                GFTR_SetTransMax
                0x0601ce70                gftr_execScu
                0x0601d3f4                GFTR_SetTransFunc
                0x0601d2bc                gftr_remTrn
                0x0601d3e0                GFTR_SetData
                0x0601d0e0                gftr_execSdma1
                0x0601d330                gftr_copyFrac
                0x0601ca94                GFTR_GetNumTrans
                0x0601ca34                GFTR_SetMode
                0x0601d0b0                gftr_remDma0
                0x0601d358                GFTR_GetLenData
                0x0601ce64                gftr_reqScu
                0x0601d0c8                gftr_reqDma1
                0x0601cd80                gftr_getSrcPack
                0x0601d3b0                GFTR_RtnDstPk
                0x0601cf4c                gfdma_exec
                0x0601d1e4                gftr_execTrn
                0x0601cc78                GFTR_ExecSvr
                0x0601d174                gftr_reqTrn
                0x0601d03c                gfdma_getBytecnt
                0x0601d11c                gftr_reqCpu
                0x0601d37c                GFTR_GetDstPack
                0x0601d074                gftr_reqDma0
                0x0601cc00                GFTR_Idle
                0x0601cab8                GFTR_Pause
                0x0601ca88                GFTR_GetTransPara
                0x0601d168                gftr_remCpu
                0x0601ca54                GFTR_SetTransPara
                0x0601d104                gftr_remDma1
                0x0601cac4                GFTR_Stop
                0x0601d08c                gftr_execSdma0
                0x0601c9f0                GFTR_Setup
                0x0601cf0c                gftr_remScu
                0x0601ce08                gftr_getDstPack
                0x0601cf40                gfdma_canUse
                0x0601cb7c                GFTR_Exec
                0x0601d3cc                GFTR_GetData
                0x0601caac                GFTR_Start
                0x0601ca48                GFTR_SetUnit
                0x0601d128                gftr_execCpu
                0x0601d364                GFTR_GetLenRoom
 *fill*         0x0601d406        0xa 00
 .text          0x0601d410      0x106 ../sbl6/segalib/lib/sega_sat.a(gfs_buf.o)
                0x0601d468                GFBF_GetNumData
                0x0601d4e4                GFBF_RtnPk
                0x0601d498                GFBF_GetSrcPk
                0x0601d50c                gfbf_getSctDt
                0x0601d440                GFBF_GetTranData
                0x0601d4c0                GFBF_GetSctData
 *fill*         0x0601d516        0xa 00
 .text          0x0601d520      0x600 ../sbl6/segalib/lib/sega_sat.a(gfs_cdb.o)
                0x0601dac8                GFCB_GetPickup
                0x0601d640                GFCB_Close
                0x0601d90c                GFCB_GetSrcPack
                0x0601da94                GFCB_SetCon
                0x0601d714                GFCB_GetLenRoom
                0x0601da78                GFCB_MovePickup
                0x0601d9ec                GFCB_GetSctData
                0x0601d720                GFCB_SetFilt
                0x0601d668                GFCB_GetLenData
                0x0601db08                GFCB_UngetPickup
                0x0601d520                GFCB_Setup
                0x0601d7b0                GFCB_Tell
                0x0601daf0                GFCB_IsPuOwner
                0x0601d810                GFCB_Seek
                0x0601d788                GFCB_DeleteAllData
                0x0601da24                GFCB_GetDstPack
                0x0601d7c0                gfcb_getSctNum
                0x0601da30                GFCB_RtnPk
 .text          0x0601db20     0x1a04 ../sbl6/segalib/lib/sega_sat.a(gfs_cdc.o)
                0x0601ddbc                GFCD_AllocBuf
                0x0601eb98                gfcd_doGetLenDataTsk
                0x0601f434                GFCD_SetCsctFunc
                0x0601de94                GFCD_GetBaseFad
                0x0601e010                GFCD_GetFilt
                0x0601f024                gfcd_doChgDirTsk
                0x0601f364                gfcd_checkEflag
                0x0601e358                GFCD_MovePickup
                0x0601e43c                GFCD_GetSctInfo
                0x0601ecec                gfcd_doReqDataTsk
                0x0601e484                GFCD_ChgDir
                0x0601e178                GFCD_ReqData
                0x0601f450                GFCD_ChkScdqFlag
                0x0601e908                GFCD_WaitServer
                0x0601e21c                GFCD_DelSctData
                0x0601e6f4                GFCD_ExecServer
                0x0601eb08                gfcd_doSetConTsk
                0x0601dd50                GFCD_AllocFilt
                0x0601df4c                GFCD_SetFilt
                0x0601e944                gfcd_doSetFiltTsk
                0x0601f474                GFCD_ClrScdqFlag
                0x0601ed8c                gfcd_doDelSctDataTsk
                0x0601e850                gfcd_doTask
                0x0601dec8                GFCD_GetPickup
                0x0601e418                GFCD_CheckMove
                0x0601f490                GFCD_WaitScdqFlag
                0x0601e0b0                GFCD_Play
                0x0601eec0                gfcd_doMoveSctTsk
                0x0601e058                GFCD_SetCon
                0x0601e4f8                GFCD_SetFiltCon
                0x0601f4d4                GFCD_WaitPause
                0x0601e6bc                GFCD_GetBufSiz
                0x0601defc                GFCD_UngetPickup
                0x0601e5e0                GFCD_GetFileInfo
                0x0601e1d4                GFCD_EndData
                0x0601ddf0                GFCD_FreeBuf
                0x0601e110                GFCD_GetLenData
                0x0601dd8c                GFCD_FreeFilt
                0x0601e7c8                gfcd_isIdleTask
                0x0601db4c                GFCD_Init
                0x0601f220                gfcd_doSetFiltConTsk
                0x0601e2a4                GFCD_GetStat
                0x0601e3a4                GFCD_MoveSctData
                0x0601df28                GFCD_IsPuOwner
                0x0601f388                gfcd_initCdbMng
                0x0601db20                GFCD_SetCdbfs
                0x0601e8f4                GFCD_SetTimer
                0x0601f408                gfcd_setStat
                0x0601e274                GFCD_CheckDelSctData
 *fill*         0x0601f524        0xc 00
 .text          0x0601f530      0x308 ../sbl6/segalib/lib/sega_sat.a(DMA_SCU0.o)
                0x0601f5b4                DMA_ScuStart
                0x0601f6e8                DMA_ScuIntFunc0
                0x0601f758                DMA_ScuIntFunc1
                0x0601f7c8                DMA_ScuIntFunc2
                0x0601f6a8                DMA_ScuGetStatus
                0x0601f530                DMA_ScuSetPrm
 *fill*         0x0601f838        0x8 00
 .text          0x0601f840       0xe8 ../sbl6/segalib/lib/sega_sat.a(csh_main.o)
                0x0601f840                CSH_Init
                0x0601f8a8                CSH_AllClr
                0x0601f8f4                CSH_Purge
 *fill*         0x0601f928        0x8 00
 .text          0x0601f930      0x1b6 ../sbl6/segalib/lib/sega_sat.a(DMA_CPU0.o)
                0x0601f978                DMA_CpuSetPrm
                0x0601fa7c                DMA_CpuStart
                0x0601fad4                DMA_CpuGetStatus
                0x0601faa8                DMA_CpuAllStop
                0x0601fabc                DMA_CpuGetComStatus
                0x0601f930                DMA_CpuSetComPrm
                0x0601fa90                DMA_CpuStop
 *fill*         0x0601fae6        0xa 00
 .text          0x0601faf0      0x2dc ../sbl6/segalib/lib/sega_sat.a(cdc_reg.o)
                0x0601fb44                CDREG_ClrHirqReq
                0x0601fb14                CDC_ClrHirqReq
                0x0601fbc4                CDREG_TgetData
                0x0601fbb4                CDC_GetMpegPtr
                0x0601fb90                CDC_GetHirqMsk
                0x0601faf0                CDC_GetDataPtr
                0x0601fb00                CDC_GetHirqReq
                0x0601fd20                CDREG_WaitHirq
                0x0601fba4                CDC_SetHirqMsk
                0x0601fc20                CDREG_CmdRsp
                0x0601fb54                CDREG_InitHirqReq
                0x0601fb7c                CDREG_SetHirqFlag
                0x0601fd90                CDREG_ReadRsp
 *fill*         0x0601fdcc        0x4 00
 .text          0x0601fdd0      0x194 ../sbl6/segalib/lib/sega_sat.a(cdc_cfs.o)
                0x0601fdd0                CDC_ChgDir
                0x0601fe04                CDC_ReadDir
                0x0601ff28                CDC_AbortFile
                0x0601fe38                CDC_GetFileScope
                0x0601fe98                CDC_TgetFileInfo
                0x0601fef4                CDC_ReadFile
 *fill*         0x0601ff64        0xc 00
 .text          0x0601ff70      0x3a0 ../sbl6/segalib/lib/sega_sat.a(cdc_cmn.o)
                0x06020114                CDC_TgetToc
                0x060202b8                CDC_DataEnd
                0x0601ffd8                CDC_GetPeriStat
                0x0602024c                CDC_DataReady
                0x06020224                CDC_CdOpen
                0x060201a0                CDC_CdInit
                0x06020164                CDC_GetSes
                0x0601ffc0                CDC_GetLastStat
                0x0601ff70                CDC_GetCurStat
                0x060200ac                CDC_GetHwInfo
 .text          0x06020310      0x1e4 ../sbl6/segalib/lib/sega_sat.a(cdc_bio.o)
                0x060203bc                CDC_GetdelSctData
                0x06020344                CDC_GetSctData
                0x060203f8                CDC_PutSctData
                0x06020474                CDC_MoveSctData
                0x060204b8                CDC_GetCopyErr
                0x06020380                CDC_DelSctData
                0x06020310                CDC_SetSctLen
                0x06020430                CDC_CopySctData
 *fill*         0x060204f4        0xc 00
 .text          0x06020500      0x2b8 ../sbl6/segalib/lib/sega_sat.a(cdc_sel.o)
                0x06020730                CDC_GetFiltCon
                0x060206ac                CDC_GetFiltMode
                0x06020784                CDC_ResetSelector
                0x06020500                CDC_SetFiltRange
                0x0602058c                CDC_SetFiltSubh
                0x060205fc                CDC_GetFiltSubh
                0x06020534                CDC_GetFiltRange
                0x06020678                CDC_SetFiltMode
                0x060206f0                CDC_SetFiltCon
 *fill*         0x060207b8        0x8 00
 .text          0x060207c0      0x130 ../sbl6/segalib/lib/sega_sat.a(cdc_drv.o)
                0x060207c0                CDC_CdPlay
                0x0602088c                CDC_CdSeek
                0x060208c0                CDC_CdScan
 .text          0x060208f0      0x270 ../sbl6/segalib/lib/sega_sat.a(cdc_bif.o)
                0x0602094c                CDC_GetSctNum
                0x06020acc                CDC_ExeFadSearch
                0x06020a4c                CDC_GetSctInfo
                0x06020990                CDC_CalActSiz
                0x060208f0                CDC_GetBufSiz
                0x060209cc                CDC_GetActSiz
                0x06020b04                CDC_GetFadSearch
 .text          0x06020b60       0xa8 ../sbl6/segalib/lib/sega_sat.a(cdc_dev.o)
                0x06020bcc                CDC_CdGetLastBuf
                0x06020b60                CDC_CdSetCon
                0x06020b90                CDC_CdGetCon
 *fill*         0x06020c08        0x8 00
 .text          0x06020c10      0x152 ../sbl6/segalib/lib/sega_sat.a(cdc_sub.o)
                0x06020cb8                CDSUB_GetCdstat
                0x06020c28                CDSUB_UpdCdstat
                0x06020cf8                CDSUB_RspToCdstat
                0x06020d40                CDSUB_SoftTimer
                0x06020c10                CDSUB_UpdStatus
                0x06020c48                CDSUB_CdCmd
 *fill*         0x06020d62        0xe 00
 .text          0x06020d70       0x60 C:/saturn/SH_COFF/sh-coff/bin/../lib/gcc/sh-coff/3.4-GNUSH_v0501\libgcc.a(_ashiftrt.o)
                0x06020d7c                __ashiftrt_r4_27
                0x06020db0                __ashiftrt_r4_6
                0x06020da0                __ashiftrt_r4_14
                0x06020d92                __ashiftrt_r4_19
                0x06020daa                __ashiftrt_r4_9
                0x06020dbe                __ashiftrt_r4_0
                0x06020d70                __ashiftrt_r4_31
                0x06020d7e                __ashiftrt_r4_26
                0x06020d8c                __ashiftrt_r4_22
                0x06020d98                __ashiftrt_r4_16
                0x06020da4                __ashiftrt_r4_12
                0x06020d78                __ashiftrt_r4_29
                0x06020d96                __ashiftrt_r4_17
                0x06020d76                __ashiftrt_r4_30
                0x06020db2                __ashiftrt_r4_5
                0x06020dac                __ashiftrt_r4_8
                0x06020d70                __ashiftrt_r4_32
                0x06020d80                __ashiftrt_r4_25
                0x06020db8                __ashiftrt_r4_2
                0x06020d82                __ashiftrt_r4_24
                0x06020d9e                __ashiftrt_r4_15
                0x06020da8                __ashiftrt_r4_10
                0x06020dba                __ashiftrt_r4_1
                0x06020d7a                __ashiftrt_r4_28
                0x06020d90                __ashiftrt_r4_20
                0x06020dae                __ashiftrt_r4_7
                0x06020da2                __ashiftrt_r4_13
                0x06020da6                __ashiftrt_r4_11
                0x06020db4                __ashiftrt_r4_4
                0x06020d8a                __ashiftrt_r4_23
                0x06020d94                __ashiftrt_r4_18
                0x06020d8e                __ashiftrt_r4_21
                0x06020db6                __ashiftrt_r4_3
 .text          0x06020dd0       0x90 C:/saturn/SH_COFF/sh-coff/bin/../lib/gcc/sh-coff/3.4-GNUSH_v0501\libgcc.a(_ashiftlt.o)
                0x06020dd0                __ashlsi3
 .text          0x06020e60       0xb0 C:/saturn/SH_COFF/sh-coff/bin/../lib/gcc/sh-coff/3.4-GNUSH_v0501\libgcc.a(_movstr.o)
                0x06020ea0                __movstrSI16
                0x06020e74                __movstrSI60
                0x06020e80                __movstrSI48
                0x06020e7c                __movstrSI52
                0x06020e70                __movstrSI64
                0x06020e84                __movstrSI44
                0x06020e88                __movstrSI40
                0x06020e8c                __movstrSI36
                0x06020ec0                __movstr
                0x06020e78                __movstrSI56
                0x06020e94                __movstrSI28
                0x06020e90                __movstrSI32
                0x06020ea4                __movstrSI12
                0x06020ea8                __movstrSI8
                0x06020eb0                __movstrSI0
                0x06020e98                __movstrSI24
                0x06020e9c                __movstrSI20
                0x06020eac                __movstrSI4
 .text          0x06020f10       0xa0 C:/saturn/SH_COFF/sh-coff/bin/../lib/gcc/sh-coff/3.4-GNUSH_v0501\libgcc.a(__main.o)
                0x06020f84                __main
                0x06020f10                __do_global_dtors
                0x06020f44                __do_global_ctors
 .text          0x06020fb0       0x70 C:/saturn/SH_COFF/sh-coff/bin/../lib/gcc/sh-coff/3.4-GNUSH_v0501\libgcc.a(_udivsi3.o)
                0x06020fd2                __udivsi3
 .text          0x06021020       0xb0 C:/saturn/SH_COFF/sh-coff/bin/../lib/gcc/sh-coff/3.4-GNUSH_v0501\libgcc.a(_si_to_df.o)
                0x06021020                __floatsidf
 .text          0x060210d0      0x2e0 C:/saturn/SH_COFF/sh-coff/bin/../lib/gcc/sh-coff/3.4-GNUSH_v0501\libgcc.a(_mul_df.o)
                0x060210e0                __muldf3
 .text          0x060213b0       0x80 C:/saturn/SH_COFF/sh-coff/bin/../lib/gcc/sh-coff/3.4-GNUSH_v0501\libgcc.a(_df_to_si.o)
                0x060213b0                __fixdfsi
 .text          0x06021430       0xa0 C:/saturn/SH_COFF/sh-coff/bin/../lib/gcc/sh-coff/3.4-GNUSH_v0501\libgcc.a(_sdivsi3.o)
                0x06021430                __sdivsi3
 .text          0x060214d0      0x220 C:/saturn/SH_COFF/sh-coff/bin/../lib/gcc/sh-coff/3.4-GNUSH_v0501\libgcc.a(_pack_df.o)
                0x060214e0                __pack_d
 .text          0x060216f0      0x120 C:/saturn/SH_COFF/sh-coff/bin/../lib/gcc/sh-coff/3.4-GNUSH_v0501\libgcc.a(_unpack_df.o)
                0x06021700                __unpack_d
 .text          0x06021810       0x20 C:/saturn/SH_COFF/sh-coff/bin/../lib/gcc/sh-coff/3.4-GNUSH_v0501\libgcc.a(_thenan_df.o)
                0x06021810                __thenan_df
 .text          0x06021830       0xd0 C:/saturn/SH_COFF/sh-coff/bin/../lib/gcc/sh-coff/3.4-GNUSH_v0501\libgcc.a(_muldi3.o)
                0x06021830                __muldi3
 .text          0x06021900       0x80 C:/saturn/SH_COFF/sh-coff/bin/../lib/gcc/sh-coff/3.4-GNUSH_v0501\libgcc.a(_lshrdi3.o)
                0x06021900                __lshrdi3
 .text          0x06021980       0x80 C:/saturn/SH_COFF/sh-coff/bin/../lib/gcc/sh-coff/3.4-GNUSH_v0501\libgcc.a(_ashldi3.o)
                0x06021980                __ashldi3
 .text          0x06021a00       0x30 C:/saturn/SH_COFF/sh-coff/bin/../lib/gcc/sh-coff/3.4-GNUSH_v0501\libgcc.a(_mulsi3.o)
                0x06021a00                __mulsi3
 .text          0x06021a30       0x90 C:/saturn/SH_COFF/sh-coff/bin/../lib/gcc/sh-coff/3.4-GNUSH_v0501\libgcc.a(_lshiftrt.o)
                0x06021a30                __lshrsi3
 .text          0x06021ac0       0xa0 C:/saturn/SH_COFF/sh-coff/bin/../lib/gcc/sh-coff/3.4-GNUSH_v0501/../../../../sh-coff/lib\libc.a(memcpy.o)
                0x06021ac0                memcpy
 .text          0x06021b60       0x40 C:/saturn/SH_COFF/sh-coff/bin/../lib/gcc/sh-coff/3.4-GNUSH_v0501/../../../../sh-coff/lib\libc.a(memset.o)
                0x06021b60                memset
 .text          0x06021ba0       0x60 C:/saturn/SH_COFF/sh-coff/bin/../lib/gcc/sh-coff/3.4-GNUSH_v0501/../../../../sh-coff/lib\libc.a(memcmp.o)
                0x06021ba0                memcmp
 .text          0x06021c00       0xb0 C:/saturn/SH_COFF/sh-coff/bin/../lib/gcc/sh-coff/3.4-GNUSH_v0501/../../../../sh-coff/lib\libc.a(strncmp.o)
                0x06021c00                strncmp
 .text          0x06021cb0       0xa0 C:/saturn/SH_COFF/sh-coff/bin/../lib/gcc/sh-coff/3.4-GNUSH_v0501/../../../../sh-coff/lib\libc.a(strncpy.o)
                0x06021cb0                strncpy
 .text          0x06021d50       0x90 C:/saturn/SH_COFF/sh-coff/bin/../lib/gcc/sh-coff/3.4-GNUSH_v0501/../../../../sh-coff/lib\libc.a(atexit.o)
                0x06021d50                atexit
 .text          0x06021de0       0x10 C:/saturn/SH_COFF/sh-coff/bin/../lib/gcc/sh-coff/3.4-GNUSH_v0501/../../../../sh-coff/lib\libc.a(impure.o)
                0x06021de0                _global_impure_ptr
 .text          0x06021df0       0x40 C:/saturn/SH_COFF/sh-coff/bin/../lib/gcc/sh-coff/3.4-GNUSH_v0501/../../../../sh-coff/lib\libc.a(malloc.o)
                0x06021e0c                free
                0x06021df0                malloc
 .text          0x06021e30      0x5b0 C:/saturn/SH_COFF/sh-coff/bin/../lib/gcc/sh-coff/3.4-GNUSH_v0501/../../../../sh-coff/lib\libc.a(mallocr.o)
                0x06021e30                _malloc_r
 .text          0x060223e0      0x340 C:/saturn/SH_COFF/sh-coff/bin/../lib/gcc/sh-coff/3.4-GNUSH_v0501/../../../../sh-coff/lib\libc.a(freer.o)
                0x060223e0                _malloc_trim_r
                0x060224d4                _free_r
 .text          0x06022720       0x20 C:/saturn/SH_COFF/sh-coff/bin/../lib/gcc/sh-coff/3.4-GNUSH_v0501/../../../../sh-coff/lib\libc.a(mlock.o)
                0x06022720                __malloc_lock
                0x0602272c                __malloc_unlock
 .text          0x06022740       0x50 C:/saturn/SH_COFF/sh-coff/bin/../lib/gcc/sh-coff/3.4-GNUSH_v0501/../../../../sh-coff/lib\libc.a(sbrkr.o)
                0x06022740                _sbrk_r
 .text          0x06022790      0x380 C:/saturn/SH_COFF/sh-coff/bin/../lib/gcc/sh-coff/3.4-GNUSH_v0501/../../../../sh-coff/lib\libc.a(syscalls.o)
                0x060228fc                _exit
                0x06022930                _getpid
                0x06022998                _utime
                0x060227c8                _write
                0x06022790                _read
                0x060228e4                _unlink
                0x060228ac                _open
                0x06022948                _stat
                0x060228f0                isatty
                0x060229c8                _wait
                0x06022914                _kill
                0x06022964                _chmod
                0x060229f8                _execv
                0x060229dc                _execve
                0x06022ad4                __setup_argv_and_call_main
                0x06022a30                _gettimeofday
                0x060227fc                _link
                0x0602293c                _raise
                0x060228c8                _creat
                0x06022a10                _pipe
                0x0602297c                _chown
                0x060227ac                _lseek
                0x060227e4                _close
                0x06022a24                _times
                0x06022898                _fstat
                0x060229b4                _fork
                0x06022824                _sbrk
 .text          0x06022b10       0x20 C:/saturn/SH_COFF/sh-coff/bin/../lib/gcc/sh-coff/3.4-GNUSH_v0501/../../../../sh-coff/lib\libc.a(trap.o)
                0x06022b10                __trap34
 .text          0x06022b30       0x20 C:/saturn/SH_COFF/sh-coff/bin/../lib/gcc/sh-coff/3.4-GNUSH_v0501/../../../../sh-coff/lib\libc.a(abort.o)
                0x06022b30                abort
 .text          0x06022b50      0x270 C:/saturn/SH_COFF/sh-coff/bin/../lib/gcc/sh-coff/3.4-GNUSH_v0501/../../../../sh-coff/lib\libc.a(signal.o)
                0x06022c10                _raise_r
                0x06022d98                __sigtramp
                0x06022d44                raise
                0x06022d80                _init_signal
                0x06022cd0                __sigtramp_r
                0x06022d60                signal
                0x06022b9c                _signal_r
                0x06022b50                _init_signal_r
 .text          0x06022dc0       0x60 C:/saturn/SH_COFF/sh-coff/bin/../lib/gcc/sh-coff/3.4-GNUSH_v0501/../../../../sh-coff/lib\libc.a(signalr.o)
                0x06022e08                _getpid_r
                0x06022dc0                _kill_r
 *(.strings)

.tors           0x06022e20        0x0
                0x06022e20                ___ctors = .
 *(.ctors)
                0x06022e20                ___ctors_end = .
                0x06022e20                ___dtors = .
 *(.dtors)
                0x06022e20                ___dtors_end = .

.data           0x06022e20     0x1520
                0x06022e20                STARTOF_R = .
 *(.data)
 .data          0x06022e20      0x400 ../sbl6/segasmp/per/smpclib/per_x1.o
 .data          0x06023220      0x410 graphics.o
                0x06023628                bg_num
                0x06023220                bg_pal
                0x06023620                bg_name
 .data          0x06023630       0x80 sprite.o
                0x06023670                guy_name
                0x06023630                guy_pal
                0x0602367a                guy_width
                0x06023678                guy_height
                0x0602367c                guy_size
 .data          0x060236b0       0x20 scroll.o
                0x060236b0                CycleTb
                0x060236c0                vram
 .data          0x060236d0      0x400 ../sbl6/segalib/lib/sega_int.a(int.o)
 .data          0x06023ad0       0x1c ../sbl6/segalib/lib/sega_spr.a(spr_slv.o)
                0x06023ad8                SPR_SlaveParam
                0x06023ae8                SPR_SMPC_SF
                0x06023ae0                SPR_SMPC_COM
                0x06023adc                SPR_SlaveSHEntry
                0x06023ad4                SPR_SlaveState
                0x06023ad0                SPR_SlaveCommand
                0x06023ae4                SPR_SMPC_RET
 *fill*         0x06023aec        0x4 00
 .data          0x06023af0       0x34 ../sbl6/segalib/lib/sega_spr.a(spr_1c.o)
                0x06023af0                SpInitialFlag
 *fill*         0x06023b24        0xc 00
 .data          0x06023b30       0x1c ../sbl6/segalib/lib/sega_scl.a(scl_vblv.o)
                0x06023b38                VBInterval
                0x06023b40                ReqDisplayFlag
                0x06023b30                SpFrameChgMode
                0x06023b3c                VBIntervalCounter
                0x06023b34                SpFrameEraseMode
 *fill*         0x06023b4c        0x4 00
 .data          0x06023b50       0x36 ../sbl6/segalib/lib/sega_scl.a(scl_func.o)
                0x06023b60                SclRotregBuff
                0x06023b5c                SclDisplayY
                0x06023b64                SclRotateTableMode
                0x06023b58                SclProcess
                0x06023b54                SclCurSclNum
                0x06023b50                SclLengthLsTbl
                0x06023b5a                SclDisplayX
                0x06023b52                SclLengthCsTbl
 *fill*         0x06023b86        0xa 00
 .data          0x06023b90       0x18 ../sbl6/segalib/lib/sega_scl.a(scl_pri.o)
                0x06023b94                SclRealSpPriNum
                0x06023ba4                SclRealColOffset
                0x06023ba0                SclRealBgColMix
                0x06023b9c                SclRealSpColMix
                0x06023b98                SclRealBgPriNum
                0x06023b90                SclRealOtherPri
 *fill*         0x06023ba8        0x8 00
 .data          0x06023bb0      0x380 C:/saturn/SH_COFF/sh-coff/bin/../lib/gcc/sh-coff/3.4-GNUSH_v0501/../../../../sh-coff/lib\libc.a(impure.o)
                0x06023f2c                _impure_ptr
 .data          0x06023f30      0x410 C:/saturn/SH_COFF/sh-coff/bin/../lib/gcc/sh-coff/3.4-GNUSH_v0501/../../../../sh-coff/lib\libc.a(mallocr.o)
                0x06023f38                __malloc_av_
                0x06023f34                __malloc_trim_threshold
                0x06023f30                __malloc_sbrk_base
                0x06024340                SIZEOF_R = (. - STARTOF_R)
                0x06024340                ENDOF_R = .

.bss            0x06024340     0x7f94
                0x06024340                STARTOF_B = .
 *(.bss)
 .bss           0x06024340       0x10 vblank.o
                0x06024344                PadData2E
                0x0602434a                PadData1
                0x06024346                PadData2
                0x06024348                PadData1E
                0x06024340                __port
 .bss           0x06024350       0xd0 ../sbl6/segasmp/per/smpclib/per_x2.o
 .bss           0x06024420       0x10 player.o
                0x06024424                anim_cursor
                0x06024420                bullet_lastframe
 .bss           0x06024430     0x3800 sprite.o
                0x06024430                num_sprites
 .bss           0x06027c30       0x40 scroll.o
                0x06027c48                map_tiles_x
                0x06027c50                scrolls_y
                0x06027c30                scroll_transition_state
                0x06027c40                map_tiles_y
                0x06027c38                copy_modes
                0x06027c60                scrolls_x
                0x06027c34                curr_map
 .bss           0x06027c70       0x10 main.o
                0x06027c70                frame
 .bss           0x06027c80       0x6e ../sbl6/segalib/lib/sega_spr.a(spr_2c.o)
 *fill*         0x06027cee        0x2 00
 .bss           0x06027cf0        0x4 ../sbl6/segalib/lib/sega_scl.a(scl_vblv.o)
 *fill*         0x06027cf4        0xc 00
 .bss           0x06027d00        0x4 ../sbl6/segalib/lib/sega_scl.a(scl_func.o)
 *fill*         0x06027d04        0xc 00
 .bss           0x06027d10       0x48 ../sbl6/segalib/lib/sega_scl.a(scl_ro00.o)
 *fill*         0x06027d58        0x8 00
 .bss           0x06027d60       0x9c ../sbl6/segalib/lib/sega_per.a(per_prt.o)
 *fill*         0x06027dfc        0x4 00
 .bss           0x06027e00        0xc ../sbl6/segalib/lib/sega_sat.a(DMA_SCU1.o)
 *fill*         0x06027e0c        0x4 00
 .bss           0x06027e10        0xc ../sbl6/segalib/lib/sega_sat.a(gfs_trn.o)
 *fill*         0x06027e1c        0x4 00
 .bss           0x06027e20       0x20 ../sbl6/segalib/lib/sega_sat.a(DMA_SCU0.o)
 .bss           0x06027e40        0x2 ../sbl6/segalib/lib/sega_sat.a(cdc_reg.o)
 *fill*         0x06027e42        0xe 00
 .bss           0x06027e50        0xc ../sbl6/segalib/lib/sega_sat.a(cdc_sub.o)
 *fill*         0x06027e5c        0x4 00
 .bss           0x06027e60       0x10 C:/saturn/SH_COFF/sh-coff/bin/../lib/gcc/sh-coff/3.4-GNUSH_v0501\libgcc.a(__main.o)
 .bss           0x06027e70       0x10 C:/saturn/SH_COFF/sh-coff/bin/../lib/gcc/sh-coff/3.4-GNUSH_v0501/../../../../sh-coff/lib\libc.a(atexit.o)
 .bss           0x06027e80       0x40 C:/saturn/SH_COFF/sh-coff/bin/../lib/gcc/sh-coff/3.4-GNUSH_v0501/../../../../sh-coff/lib\libc.a(mallocr.o)
                0x06027eb0                __malloc_top_pad
                0x06027e80                __malloc_current_mallinfo
                0x06027eac                __malloc_max_sbrked_mem
                0x06027ea8                __malloc_max_total_mem
 .bss           0x06027ec0       0x10 C:/saturn/SH_COFF/sh-coff/bin/../lib/gcc/sh-coff/3.4-GNUSH_v0501/../../../../sh-coff/lib\libc.a(syscalls.o)
 *(COMMON)
 COMMON         0x06027ed0     0x1674 cd.o
                                  0x0 (size before relaxing)
                0x06027ed0                dirname
                0x06028830                lib_work
                0x06029538                directory_table
 *fill*         0x06029544        0xc 00
 COMMON         0x06029550       0x36 player.o
                                  0x0 (size before relaxing)
                0x06029550                player
                0x06029584                bullet_direction
 *fill*         0x06029586        0xa 00
 COMMON         0x06029590      0x460 print.o
                                  0x0 (size before relaxing)
                0x06029590                text
 COMMON         0x060299f0      0xc10 sprite.o
                                  0x0 (size before relaxing)
                0x060299f0                sprites
                0x06029e00                image_buf
 COMMON         0x0602a600      0x250 scroll.o
                                  0x0 (size before relaxing)
                0x0602a600                scfg3
                0x0602a690                scfg0
                0x0602a720                maps
                0x0602a730                scfg2
                0x0602a7c0                scfg1
                0x0602a84c                tilemaps
 COMMON         0x0602a850        0x8 main.o
                                  0x0 (size before relaxing)
                0x0602a850                buf
 *fill*         0x0602a858        0x8 00
 COMMON         0x0602a860      0x400 ../sbl6/segalib/lib/sega_int.a(int.o)
                                  0x0 (size before relaxing)
                0x0602a860                __interrupt_vector
 COMMON         0x0602ac60       0x50 ../sbl6/segalib/lib/sega_spr.a(spr_2c.o)
                                  0x0 (size before relaxing)
                0x0602ac60                SpMstCmd
                0x0602ac64                Sp2OpenFlag
                0x0602ac68                SpGourTblMax
                0x0602ac6c                SpDrawPrtyBlk
                0x0602ac70                SpLCoordX
                0x0602ac74                SpMstDrawPrtyBlk
                0x0602ac78                SpGourTbl
                0x0602ac7c                SpLookupTblR
                0x0602ac80                SpCmdTbl
                0x0602ac84                SpCharMax
                0x0602ac88                SpDrawPrtyProcFlag
                0x0602ac8c                SpCmdNo
                0x0602ac90                SpDrawPrtyBlkMax
                0x0602ac94                SpSlvCmdPos
                0x0602ac98                SpSlvDrawPrtyBlk
                0x0602ac9c                SpCharTbl
                0x0602aca0                SpCmdTblR
                0x0602aca4                SpMstCmdPos
                0x0602aca8                SpSlvCmd
                0x0602acac                SpLCoordY
 COMMON         0x0602acb0       0x10 ../sbl6/segalib/lib/sega_spr.a(spr_1c.o)
                                  0x0 (size before relaxing)
                0x0602acb0                SpScreenY
                0x0602acb4                SpFbcrMode
                0x0602acb6                SpDil
                0x0602acb8                SpDie
                0x0602acba                SpTvMode
                0x0602acbc                SpScreenX
 COMMON         0x0602acc0      0xf00 ../sbl6/segalib/lib/sega_scl.a(scl_func.o)
                                  0x0 (size before relaxing)
                0x0602acc0                SclRbgKtbAddr
                0x0602acc8                SclRb
                0x0602acca                Scl_flag
                0x0602acd0                SclK_TableBuff
                0x0602b9a0                SclAddrCsTbl
                0x0602b9b0                Scl_s_reg
                0x0602b9d8                SclRotateXy
                0x0602b9e0                Scl_d_reg
                0x0602ba28                SclRotateDisp
                0x0602ba30                SclRotateMoveZ
                0x0602ba38                SclRotXySw
                0x0602ba40                Scl_r_reg
                0x0602ba50                SclRPMD
                0x0602ba58                SclRbgKtbOffset
                0x0602ba60                _SclRotregBuff
                0x0602bb30                SclRa
                0x0602bb38                SclRotateZ
                0x0602bb40                SclAddrLsTbl
                0x0602bb48                SclK_TableNum
                0x0602bb50                SclRotateTableAddress
                0x0602bb54                SclK_TableFlag
                0x0602bb60                Scl_w_reg
                0x0602bb80                Scl_n_reg
 COMMON         0x0602bbc0      0x6b0 ../sbl6/segalib/lib/sega_scl.a(scl_pri.o)
                                  0x0 (size before relaxing)
                0x0602bbc0                SclAutoEndBlue2
                0x0602bbd0                SclColOffset
                0x0602bbe0                SclPriBuffDirty
                0x0602bbe2                SclAutoEndRed
                0x0602bbe4                SclAutoSurface
                0x0602bbe8                SclAutoGreen
                0x0602bbea                SclAutoEndGreen
                0x0602bbec                SclAutoCount
                0x0602bbf0                SclColRamAlloc256
                0x0602bc10                SclAutoCurRate
                0x0602bc11                SclAutoPlusFlag
                0x0602bc18                SclSpColMix
                0x0602bc20                SclAutoMax
                0x0602bc24                SclLineColRamOffset
                0x0602bc28                SclColRamAlloc2048
                0x0602bc2c                SclBgPriNum
                0x0602bc32                SclAutoEndBlue
                0x0602bc34                SclAutoEndGreen2
                0x0602bc36                SclAutoVeFlag
                0x0602bc38                SclBgColMix
                0x0602bc40                SclAutoIndex
                0x0602bc44                SclAutoEndRate
                0x0602bc46                SclAutoBlue
                0x0602bc48                SclAutoRed
                0x0602bc4c                SclAutoInterval
                0x0602bc50                SclOtherPri
                0x0602bc60                SclAutoRGB
                0x0602c260                SclAutoEndRed2
                0x0602c268                SclSpPriNum
 COMMON         0x0602c270       0x10 ../sbl6/segalib/lib/sega_scl.a(scl_ro00.o)
                                  0x0 (size before relaxing)
                0x0602c270                SclCsx
                0x0602c278                SclCsy
 COMMON         0x0602c280       0x15 ../sbl6/segalib/lib/sega_per.a(per_prt.o)
                                  0x0 (size before relaxing)
                0x0602c280                per_get_time_flg
                0x0602c281                per_hot_res
                0x0602c282                per_set_sys_flg
                0x0602c284                per_get_time_adr
                0x0602c288                per_get_sys_data
                0x0602c294                per_time_out_flg
 *fill*         0x0602c295        0xb 00
 COMMON         0x0602c2a0        0xc ../sbl6/segalib/lib/sega_sat.a(gfs.o)
                                  0x0 (size before relaxing)
                0x0602c2a0                GFMC_base
                0x0602c2a4                gfs_mng_ptr
                0x0602c2a8                gfs_use_scudma
 *fill*         0x0602c2ac        0x4 00
 COMMON         0x0602c2b0        0x8 ../sbl6/segalib/lib/sega_sat.a(gfs_cdf.o)
                                  0x0 (size before relaxing)
                0x0602c2b0                gfcf_fad
                0x0602c2b4                gfcf_stat
 *fill*         0x0602c2b8        0x8 00
 COMMON         0x0602c2c0        0xc ../sbl6/segalib/lib/sega_sat.a(gfs_cdc.o)
                                  0x0 (size before relaxing)
                0x0602c2c0                gfcd_fatal_err
                0x0602c2c4                gfcd_work
                0x0602c2c8                gfcd_playflag
 *fill*         0x0602c2cc        0x4 00
 COMMON         0x0602c2d0        0x4 C:/saturn/SH_COFF/sh-coff/bin/../lib/gcc/sh-coff/3.4-GNUSH_v0501/../../../../sh-coff/lib\libc.a(syscalls.o)
                                  0x0 (size before relaxing)
                0x0602c2d0                errno
                0x0602c2d4                SIZEOF_B = (. - STARTOF_B)
                0x0602c2d4                ENDOF_B = .
                0x0602c2d4                _end = .
OUTPUT(main.cof coff-sh)

.comment        0x0602c2e0      0x460
 .comment       0x0602c2e0       0x20 ../sbl6/segasmp/lib/strt2_g.o
 .comment       0x0602c300       0x20 vblank.o
 .comment       0x0602c320       0x20 ../sbl6/segasmp/per/smpclib/per_x1.o
 .comment       0x0602c340       0x20 ../sbl6/segasmp/per/smpclib/per_x2.o
 .comment       0x0602c360       0x20 cd.o
 .comment       0x0602c380       0x20 graphics.o
 .comment       0x0602c3a0       0x20 player.o
 .comment       0x0602c3c0       0x20 print.o
 .comment       0x0602c3e0       0x20 sprite.o
 .comment       0x0602c400       0x20 scroll.o
 .comment       0x0602c420       0x20 main.o
 .comment       0x0602c440       0x20 C:/saturn/SH_COFF/sh-coff/bin/../lib/gcc/sh-coff/3.4-GNUSH_v0501\libgcc.a(__main.o)
 .comment       0x0602c460       0x20 C:/saturn/SH_COFF/sh-coff/bin/../lib/gcc/sh-coff/3.4-GNUSH_v0501\libgcc.a(_si_to_df.o)
 .comment       0x0602c480       0x20 C:/saturn/SH_COFF/sh-coff/bin/../lib/gcc/sh-coff/3.4-GNUSH_v0501\libgcc.a(_mul_df.o)
 .comment       0x0602c4a0       0x20 C:/saturn/SH_COFF/sh-coff/bin/../lib/gcc/sh-coff/3.4-GNUSH_v0501\libgcc.a(_df_to_si.o)
 .comment       0x0602c4c0       0x20 C:/saturn/SH_COFF/sh-coff/bin/../lib/gcc/sh-coff/3.4-GNUSH_v0501\libgcc.a(_pack_df.o)
 .comment       0x0602c4e0       0x20 C:/saturn/SH_COFF/sh-coff/bin/../lib/gcc/sh-coff/3.4-GNUSH_v0501\libgcc.a(_unpack_df.o)
 .comment       0x0602c500       0x20 C:/saturn/SH_COFF/sh-coff/bin/../lib/gcc/sh-coff/3.4-GNUSH_v0501\libgcc.a(_thenan_df.o)
 .comment       0x0602c520       0x20 C:/saturn/SH_COFF/sh-coff/bin/../lib/gcc/sh-coff/3.4-GNUSH_v0501\libgcc.a(_muldi3.o)
 .comment       0x0602c540       0x20 C:/saturn/SH_COFF/sh-coff/bin/../lib/gcc/sh-coff/3.4-GNUSH_v0501\libgcc.a(_lshrdi3.o)
 .comment       0x0602c560       0x20 C:/saturn/SH_COFF/sh-coff/bin/../lib/gcc/sh-coff/3.4-GNUSH_v0501\libgcc.a(_ashldi3.o)
 .comment       0x0602c580       0x20 C:/saturn/SH_COFF/sh-coff/bin/../lib/gcc/sh-coff/3.4-GNUSH_v0501/../../../../sh-coff/lib\libc.a(memcmp.o)
 .comment       0x0602c5a0       0x20 C:/saturn/SH_COFF/sh-coff/bin/../lib/gcc/sh-coff/3.4-GNUSH_v0501/../../../../sh-coff/lib\libc.a(strncmp.o)
 .comment       0x0602c5c0       0x20 C:/saturn/SH_COFF/sh-coff/bin/../lib/gcc/sh-coff/3.4-GNUSH_v0501/../../../../sh-coff/lib\libc.a(strncpy.o)
 .comment       0x0602c5e0       0x20 C:/saturn/SH_COFF/sh-coff/bin/../lib/gcc/sh-coff/3.4-GNUSH_v0501/../../../../sh-coff/lib\libc.a(atexit.o)
 .comment       0x0602c600       0x20 C:/saturn/SH_COFF/sh-coff/bin/../lib/gcc/sh-coff/3.4-GNUSH_v0501/../../../../sh-coff/lib\libc.a(impure.o)
 .comment       0x0602c620       0x20 C:/saturn/SH_COFF/sh-coff/bin/../lib/gcc/sh-coff/3.4-GNUSH_v0501/../../../../sh-coff/lib\libc.a(malloc.o)
 .comment       0x0602c640       0x20 C:/saturn/SH_COFF/sh-coff/bin/../lib/gcc/sh-coff/3.4-GNUSH_v0501/../../../../sh-coff/lib\libc.a(mallocr.o)
 .comment       0x0602c660       0x20 C:/saturn/SH_COFF/sh-coff/bin/../lib/gcc/sh-coff/3.4-GNUSH_v0501/../../../../sh-coff/lib\libc.a(freer.o)
 .comment       0x0602c680       0x20 C:/saturn/SH_COFF/sh-coff/bin/../lib/gcc/sh-coff/3.4-GNUSH_v0501/../../../../sh-coff/lib\libc.a(mlock.o)
 .comment       0x0602c6a0       0x20 C:/saturn/SH_COFF/sh-coff/bin/../lib/gcc/sh-coff/3.4-GNUSH_v0501/../../../../sh-coff/lib\libc.a(sbrkr.o)
 .comment       0x0602c6c0       0x20 C:/saturn/SH_COFF/sh-coff/bin/../lib/gcc/sh-coff/3.4-GNUSH_v0501/../../../../sh-coff/lib\libc.a(syscalls.o)
 .comment       0x0602c6e0       0x20 C:/saturn/SH_COFF/sh-coff/bin/../lib/gcc/sh-coff/3.4-GNUSH_v0501/../../../../sh-coff/lib\libc.a(abort.o)
 .comment       0x0602c700       0x20 C:/saturn/SH_COFF/sh-coff/bin/../lib/gcc/sh-coff/3.4-GNUSH_v0501/../../../../sh-coff/lib\libc.a(signal.o)
 .comment       0x0602c720       0x20 C:/saturn/SH_COFF/sh-coff/bin/../lib/gcc/sh-coff/3.4-GNUSH_v0501/../../../../sh-coff/lib\libc.a(signalr.o)
