Archive member included because of file (symbol)

../sbl6/segalib/lib/sega_int.a(int.o)
                              vblank.o (INT_SetScuFunc)
../sbl6/segalib/lib/sega_int.a(int_trmp.o)
                              ../sbl6/segalib/lib/sega_int.a(int.o) (__interrupt_handler0)
../sbl6/segalib/lib/sega_spr.a(spr_2c.o)
                              sprite.o (SPR_2Initial)
../sbl6/segalib/lib/sega_spr.a(spr_slv.o)
                              ../sbl6/segalib/lib/sega_spr.a(spr_2c.o) (SPR_InitSlaveSH)
../sbl6/segalib/lib/sega_spr.a(spr_1c.o)
                              ../sbl6/segalib/lib/sega_spr.a(spr_2c.o) (SPR_Initial)
../sbl6/segalib/lib/sega_spr.a(spr_2a.o)
                              ../sbl6/segalib/lib/sega_spr.a(spr_2c.o) (SPR_2SetDrawPrty)
../sbl6/segalib/lib/sega_scl.a(scl_vblv.o)
                              ../sbl6/segalib/lib/sega_spr.a(spr_1c.o) (SpFrameChgMode)
../sbl6/segalib/lib/sega_scl.a(scl_func.o)
                              sprite.o (SCL_Vdp2Init)
../sbl6/segalib/lib/sega_scl.a(scl_pr03.o)
                              sprite.o (SCL_AllocColRam)
../sbl6/segalib/lib/sega_scl.a(scl_pr02.o)
                              sprite.o (SCL_SetColRam)
../sbl6/segalib/lib/sega_scl.a(scl_back.o)
                              scroll.o (SCL_SetBack)
../sbl6/segalib/lib/sega_scl.a(scl_fu03.o)
                              scroll.o (SCL_InitConfigTb)
../sbl6/segalib/lib/sega_scl.a(scl_fu02.o)
                              scroll.o (SCL_InitVramConfigTb)
../sbl6/segalib/lib/sega_scl.a(scl_fu04.o)
                              scroll.o (SCL_SetCycleTable)
../sbl6/segalib/lib/sega_scl.a(scl_pr07.o)
                              scroll.o (SCL_SetPriority)
../sbl6/segalib/lib/sega_scl.a(scl_pr01.o)
                              main.o (SCL_SetSpriteMode)
../sbl6/segalib/lib/sega_scl.a(scl_pri.o)
                              ../sbl6/segalib/lib/sega_scl.a(scl_func.o) (SclRealOtherPri)
../sbl6/segalib/lib/sega_scl.a(scl_ro00.o)
                              ../sbl6/segalib/lib/sega_scl.a(scl_func.o) (SCL_Rotate)
../sbl6/segalib/lib/sega_scl.a(scl_pr06.o)
                              ../sbl6/segalib/lib/sega_scl.a(scl_pr03.o) (SCL_SetColRamOffset)
../sbl6/segalib/lib/sega_scl.a(scl_pr05.o)
                              ../sbl6/segalib/lib/sega_scl.a(scl_pr02.o) (SCL_GetColRamOffset)
../sbl6/segalib/lib/sega_mth.a(mth_fixd.o)
                              sprite.o (MTH_Mul)
../sbl6/segalib/lib/sega_mth.a(mth_tri.o)
                              sprite.o (MTH_Sin)
../sbl6/segalib/lib/sega_per.a(per_prt.o)
                              ../sbl6/segasmp/per/smpclib/per_x2.o (PER_LInit)
../sbl6/segalib/lib/sega_sat.a(gfs.o)
                              cd.o (GFS_Init)
../sbl6/segalib/lib/sega_sat.a(DMA_SCU1.o)
                              ../sbl6/segalib/lib/sega_spr.a(spr_2c.o) (DMA_ScuMemCopy)
../sbl6/segalib/lib/sega_sat.a(gfs_cdf.o)
                              ../sbl6/segalib/lib/sega_sat.a(gfs.o) (GFCF_Init)
../sbl6/segalib/lib/sega_sat.a(gfs_dir.o)
                              ../sbl6/segalib/lib/sega_sat.a(gfs.o) (GFDR_SetupDirTbl)
../sbl6/segalib/lib/sega_sat.a(gfs_trn.o)
                              ../sbl6/segalib/lib/sega_sat.a(gfs.o) (GFTR_Setup)
../sbl6/segalib/lib/sega_sat.a(gfs_buf.o)
                              ../sbl6/segalib/lib/sega_sat.a(gfs.o) (GFBF_GetNumData)
../sbl6/segalib/lib/sega_sat.a(gfs_cdb.o)
                              ../sbl6/segalib/lib/sega_sat.a(gfs_cdf.o) (GFCB_Setup)
../sbl6/segalib/lib/sega_sat.a(gfs_cdc.o)
                              ../sbl6/segalib/lib/sega_sat.a(gfs.o) (GFCD_SetCdbfs)
../sbl6/segalib/lib/sega_sat.a(DMA_SCU0.o)
                              ../sbl6/segalib/lib/sega_sat.a(DMA_SCU1.o) (DMA_ScuSetPrm)
../sbl6/segalib/lib/sega_sat.a(csh_main.o)
                              ../sbl6/segalib/lib/sega_sat.a(DMA_SCU1.o) (CSH_Purge)
../sbl6/segalib/lib/sega_sat.a(DMA_CPU0.o)
                              ../sbl6/segalib/lib/sega_sat.a(gfs_trn.o) (DMA_CpuSetComPrm)
../sbl6/segalib/lib/sega_sat.a(cdc_reg.o)
                              ../sbl6/segalib/lib/sega_sat.a(gfs_cdb.o) (CDC_GetDataPtr)
../sbl6/segalib/lib/sega_sat.a(cdc_cfs.o)
                              ../sbl6/segalib/lib/sega_sat.a(gfs_cdc.o) (CDC_ChgDir)
../sbl6/segalib/lib/sega_sat.a(cdc_cmn.o)
                              ../sbl6/segalib/lib/sega_sat.a(gfs_cdc.o) (CDC_GetCurStat)
../sbl6/segalib/lib/sega_sat.a(cdc_bio.o)
                              ../sbl6/segalib/lib/sega_sat.a(gfs_cdc.o) (CDC_SetSctLen)
../sbl6/segalib/lib/sega_sat.a(cdc_sel.o)
                              ../sbl6/segalib/lib/sega_sat.a(gfs_cdc.o) (CDC_SetFiltRange)
../sbl6/segalib/lib/sega_sat.a(cdc_drv.o)
                              ../sbl6/segalib/lib/sega_sat.a(gfs_cdc.o) (CDC_CdPlay)
../sbl6/segalib/lib/sega_sat.a(cdc_bif.o)
                              ../sbl6/segalib/lib/sega_sat.a(gfs_cdc.o) (CDC_GetBufSiz)
../sbl6/segalib/lib/sega_sat.a(cdc_dev.o)
[...]
Memory Configuration

Name             Origin             Length             Attributes
*default*        0x00000000         0xffffffff

Linker script and memory map

LOAD ../sbl6/segasmp/lib/strt1_g.o
LOAD ../sbl6/segasmp/lib/strt2_g.o
LOAD vblank.o
LOAD ../sbl6/segasmp/per/smpclib/per_x1.o
LOAD ../sbl6/segasmp/per/smpclib/per_x2.o
LOAD ../sbl6/segasmp/per/smpclib/per_x3.o
LOAD cd.o
LOAD collision.o
LOAD graphics.o
LOAD player.o
LOAD print.o
LOAD sprite.o
LOAD scroll.o
LOAD main.o
LOAD ../sbl6/segalib/lib/sega_int.a
LOAD ../sbl6/segalib/lib/sega_spr.a
LOAD ../sbl6/segalib/lib/sega_scl.a
LOAD ../sbl6/segalib/lib/sega_mth.a
LOAD ../sbl6/segalib/lib/sega_cdc.a
LOAD ../sbl6/segalib/lib/sega_adp.a
LOAD ../sbl6/segalib/lib/sega_per.a
LOAD ../sbl6/segalib/lib/sega_sat.a
LOAD C:/saturn/SH_COFF/sh-coff/bin/../lib/gcc/sh-coff/3.4-GNUSH_v0501\libgcc.a
LOAD C:/saturn/SH_COFF/sh-coff/bin/../lib/gcc/sh-coff/3.4-GNUSH_v0501/../../../../sh-coff/lib\libc.a
LOAD C:/saturn/SH_COFF/sh-coff/bin/../lib/gcc/sh-coff/3.4-GNUSH_v0501\libgcc.a

.text           0x06010000    0x13540
 *(.text)
 .text          0x06010000       0x30 ../sbl6/segasmp/lib/strt1_g.o
                0x06010024                _D_END
                0x06010020                _D_BGN
                0x0601002c                _B_END
                0x06010028                _B_BGN
                0x06010000                START
 .text          0x06010030       0x60 ../sbl6/segasmp/lib/strt2_g.o
                0x06010050                _INITSCT
                0x06010030                _INIT
 .text          0x06010090      0x1b0 vblank.o
                0x06010090                SetVblank
                0x06010140                UsrVblankOut
                0x060100f0                UsrVblankIn
 .text          0x06010240      0x430 ../sbl6/segasmp/per/smpclib/per_x1.o
                0x060105d4                PER_GetAnalogXYZ
                0x06010264                PER_GetTriggerHandler
                0x060104fe                PER_GetEdge
                0x0601047c                PER_GetTrigger
                0x06010528                PER_GetPressEdge
                0x0601057c                PER_GetReleaseEdge
                0x06010240                PER_SetTriggerHandler
 .text          0x06010670      0x200 ../sbl6/segasmp/per/smpclib/per_x2.o
                0x06010774                PER_GetDeviceA
                0x06010670                PER_OpenPort
                0x060106a8                PER_GetPort
                0x060107ee                PER_GetDeviceR
 .text          0x06010870       0x20 ../sbl6/segasmp/per/smpclib/per_x3.o
                0x06010870                PER_DisguiseTrigger
 .text          0x06010890       0xa0 cd.o
                0x06010890                cd_init
                0x060108c0                cd_load
 .text          0x06010930      0x500 collision.o
                0x06010930                collision_check_up
                0x06010d70                collision_eject_horiz
                0x06010c70                collision_eject_vert
                0x06010b40                collision_check
                0x06010a30                collision_check_left
                0x06010ab0                collision_check_right
                0x060109a0                collision_check_down
 .text          0x06010e30      0x310 player.o
                0x06010e30                player_frames
                0x06010f10                player_input
                0x06010e40                player_init
                0x06011120                player_draw
                0x06010e80                player_animate
 .text          0x06011140      0x170 print.o
                0x06011210                print_display
                0x06011180                print_num
                0x06011140                print_init
                0x060111d0                print_string
 .text          0x060112b0      0x5e0 sprite.o
                0x060112e0                sprite_init
                0x060116c0                sprite_make
                0x06011800                sprite_next
                0x06011860                sprite_delete
                0x06011700                sprite_draw_all
                0x060112b0                sprite_deleteall
                0x06011470                sprite_draw
 .text          0x06011890      0x890 scroll.o
                0x06011890                scroll_move
                0x06011db0                scroll_get
                0x06011e10                scroll_copy
                0x060119e0                scroll_set
                0x06011af0                scroll_init
                0x06011a10                scroll_scale
 .text          0x06012120      0x110 main.o
                0x06012150                main
 .text          0x06012230       0x40 ../sbl6/segalib/lib/sega_int.a(int.o)
                0x0601225c                INT_GetScuFunc
                0x06012230                INT_SetScuFunc
 .text          0x06012270      0x624 ../sbl6/segalib/lib/sega_int.a(int_trmp.o)
                0x060123d8                __interrupt_handler60
                0x06012588                __interrupt_handler132
                0x0601273e                __interrupt_handler205
                0x060125a6                __interrupt_handler137
                0x060124d4                __interrupt_handler102
                0x06012312                __interrupt_handler27
                0x06012714                __interrupt_handler198
                0x06012606                __interrupt_handler153
                0x060122ee                __interrupt_handler21
                0x060123fc                __interrupt_handler66
                0x060124ec                __interrupt_handler106
                0x06012636                __interrupt_handler161
                0x06012480                __interrupt_handler88
                0x0601264e                __interrupt_handler165
                0x0601255e                __interrupt_handler125
                0x06012294                __interrupt_handler6
                0x06012330                __interrupt_handler32
                0x060126ea                __interrupt_handler191
                0x06012804                __interrupt_handler238
                0x0601281c                __interrupt_handler242
                0x06012624                __interrupt_handler158
                0x0601248c                __interrupt_handler90
                0x06012648                __interrupt_handler164
                0x0601236c                __interrupt_handler42
                0x060126ae                __interrupt_handler181
                0x060127b6                __interrupt_handler225
                0x0601285e                __interrupt_handler253
                0x06012672                __interrupt_handler171
                0x0601242c                __interrupt_handler74
                0x06012282                __interrupt_handler3
                0x060123c6                __interrupt_handler57
                0x060122c4                __interrupt_handler14
                0x0601275c                __interrupt_handler210
                0x0601278c                __interrupt_handler218
                0x06012750                __interrupt_handler208
                0x06012354                __interrupt_handler38
                0x06012270                __interrupt_handler0
                0x060124e0                __interrupt_handler104
                0x0601261e                __interrupt_handler157
                0x0601276e                __interrupt_handler213
                0x06012660                __interrupt_handler168
                0x0601246e                __interrupt_handler85
                0x0601250a                __interrupt_handler111
                0x0601251c                __interrupt_handler114
                0x0601238a                __interrupt_handler47
                0x060127e0                __interrupt_handler232
                0x060127aa                __interrupt_handler223
                0x060127fe                __interrupt_handler237
                0x060123ea                __interrupt_handler63
                0x06012378                __interrupt_handler44
                0x0601268a                __interrupt_handler175
                0x060126b4                __interrupt_handler182
                0x060126cc                __interrupt_handler186
                0x060125ca                __interrupt_handler143
                0x060124f2                __interrupt_handler107
                0x06012558                __interrupt_handler124
                0x06012678                __interrupt_handler172
                0x0601282e                __interrupt_handler245
                0x060124aa                __interrupt_handler95
                0x06012582                __interrupt_handler131
                0x06012594                __interrupt_handler134
                0x060125b2                __interrupt_handler139
                0x06012420                __interrupt_handler72
                0x060127da                __interrupt_handler231
                0x06012630                __interrupt_handler160
                0x06012576                __interrupt_handler129
                0x060122e8                __interrupt_handler20
                0x060123f6                __interrupt_handler65
                0x060123c0                __interrupt_handler56
                0x060122be                __interrupt_handler13
                0x06012756                __interrupt_handler209
                0x06012510                __interrupt_handler112
                0x060122e2                __interrupt_handler19
                0x0601249e                __interrupt_handler93
                0x06012708                __interrupt_handler196
                0x060125fa                __interrupt_handler151
                0x0601265a                __interrupt_handler167
                0x06012870                __trampoline
                0x060122d6                __interrupt_handler17
                0x060127c8                __interrupt_handler228
                0x0601286a                __interrupt_handler255
                0x06012828                __interrupt_handler244
                0x060124c2                __interrupt_handler99
                0x060126ba                __interrupt_handler183
                0x060125b8                __interrupt_handler140
                0x060126de                __interrupt_handler189
                0x060125dc                __interrupt_handler146
                0x060127a4                __interrupt_handler222
                0x06012618                __interrupt_handler156
                0x0601254c                __interrupt_handler122
                0x06012840                __interrupt_handler248
                0x06012390                __interrupt_handler48
                0x0601240e                __interrupt_handler69
                0x06012300                __interrupt_handler24
                0x06012486                __interrupt_handler89
                0x0601277a                __interrupt_handler215
                0x06012864                __interrupt_handler254
                0x0601247a                __interrupt_handler87
                0x060123de                __interrupt_handler61
                0x06012702                __interrupt_handler195
                0x060125f4                __interrupt_handler150
                0x06012366                __interrupt_handler41
                0x06012504                __interrupt_handler110
                0x0601256a                __interrupt_handler127
                0x060124f8                __interrupt_handler108
                0x06012516                __interrupt_handler113
                0x06012528                __interrupt_handler116
                0x06012546                __interrupt_handler121
                0x0601243e                __interrupt_handler77
                0x0601235a                __interrupt_handler39
                0x06012372                __interrupt_handler43
                0x06012846                __interrupt_handler249
                0x06012684                __interrupt_handler174
                0x060125a0                __interrupt_handler136
                0x060126d8                __interrupt_handler188
                0x060125d6                __interrupt_handler145
                0x060122a6                __interrupt_handler9
                0x0601244a                __interrupt_handler79
                0x060127c2                __interrupt_handler227
                0x0601233c                __interrupt_handler34
                0x0601257c                __interrupt_handler130
                0x0601283a                __interrupt_handler247
                0x06012432                __interrupt_handler75
                0x0601267e                __interrupt_handler173
                0x060123ae                __interrupt_handler53
                0x060125ee                __interrupt_handler149
                0x06012852                __interrupt_handler251
                0x060127e6                __interrupt_handler233
                0x060122ac                __interrupt_handler10
                0x06012738                __interrupt_handler204
                0x0601245c                __interrupt_handler82
                0x06012462                __interrupt_handler83
                0x06012306                __interrupt_handler25
                0x06012822                __interrupt_handler243
                0x0601263c                __interrupt_handler162
                0x06012384                __interrupt_handler46
                0x0601269c                __interrupt_handler178
                0x06012450                __interrupt_handler80
                0x060123e4                __interrupt_handler62
                0x0601227c                __interrupt_handler2
                0x0601231e                __interrupt_handler29
                0x06012414                __interrupt_handler70
                0x060124fe                __interrupt_handler109
                0x060125e8                __interrupt_handler148
                0x060124a4                __interrupt_handler94
                0x060127b0                __interrupt_handler224
                0x060124da                __interrupt_handler103
                0x06012348                __interrupt_handler36
                0x06012564                __interrupt_handler126
                0x06012834                __interrupt_handler246
                0x060123ba                __interrupt_handler55
                0x060122b8                __interrupt_handler12
                0x060123a8                __interrupt_handler52
                0x060126d2                __interrupt_handler187
                0x060125d0                __interrupt_handler144
                0x0601252e                __interrupt_handler117
                0x060122dc                __interrupt_handler18
                0x0601270e                __interrupt_handler197
                0x06012600                __interrupt_handler152
                0x06012534                __interrupt_handler118
                0x0601266c                __interrupt_handler170
                0x06012726                __interrupt_handler201
                0x060124b6                __interrupt_handler97
                0x06012642                __interrupt_handler163
                0x060126a8                __interrupt_handler180
                0x060126f0                __interrupt_handler192
                0x06012810                __interrupt_handler240
                0x06012552                __interrupt_handler123
                0x06012774                __interrupt_handler214
                0x0601232a                __interrupt_handler31
                0x06012318                __interrupt_handler28
                0x06012402                __interrupt_handler67
                0x06012408                __interrupt_handler68
                0x060122f4                __interrupt_handler22
                0x060122fa                __interrupt_handler23
                0x06012690                __interrupt_handler176
                0x0601229a                __interrupt_handler7
                0x0601279e                __interrupt_handler221
                0x06012786                __interrupt_handler217
                0x060127ce                __interrupt_handler229
                0x06012396                __interrupt_handler49
                0x06012288                __interrupt_handler4
                0x06012360                __interrupt_handler40
                0x06012522                __interrupt_handler115
                0x060127f2                __interrupt_handler235
                0x06012492                __interrupt_handler91
                0x06012744                __interrupt_handler206
                0x06012696                __interrupt_handler177
                0x060125e2                __interrupt_handler147
                0x0601234e                __interrupt_handler37
                0x0601284c                __interrupt_handler250
                0x06012276                __interrupt_handler1
                0x06012792                __interrupt_handler219
                0x06012438                __interrupt_handler76
                0x060124c8                __interrupt_handler100
                0x060123cc                __interrupt_handler58
                0x060122ca                __interrupt_handler15
                0x06012768                __interrupt_handler212
                0x06012816                __interrupt_handler241
                0x0601272c                __interrupt_handler202
                0x060126f6                __interrupt_handler193
                0x06012444                __interrupt_handler78
                0x0601239c                __interrupt_handler50
                0x06012336                __interrupt_handler33
                0x06012654                __interrupt_handler166
                0x060125ac                __interrupt_handler138
                0x0601259a                __interrupt_handler135
                0x06012324                __interrupt_handler30
                0x060126c0                __interrupt_handler184
                0x060125be                __interrupt_handler141
                0x060127d4                __interrupt_handler230
                0x060127f8                __interrupt_handler236
                0x0601253a                __interrupt_handler119
                0x06012474                __interrupt_handler86
                0x060124e6                __interrupt_handler105
                0x06012456                __interrupt_handler81
                0x06012540                __interrupt_handler120
                0x06012570                __interrupt_handler128
                0x060123b4                __interrupt_handler54
                0x060122b2                __interrupt_handler11
                0x0601271a                __interrupt_handler199
                0x0601260c                __interrupt_handler154
                0x0601237e                __interrupt_handler45
                0x06012780                __interrupt_handler216
                0x06012732                __interrupt_handler203
                0x060124ce                __interrupt_handler101
                0x06012468                __interrupt_handler84
                0x060126c6                __interrupt_handler185
                0x060125c4                __interrupt_handler142
                0x0601230c                __interrupt_handler26
                0x060123f0                __interrupt_handler64
                0x06012720                __interrupt_handler200
                0x0601274a                __interrupt_handler207
                0x060126fc                __interrupt_handler194
                0x06012498                __interrupt_handler92
                0x06012612                __interrupt_handler155
                0x06012762                __interrupt_handler211
                0x0601258e                __interrupt_handler133
                0x0601228e                __interrupt_handler5
                0x06012426                __interrupt_handler73
                0x060122d0                __interrupt_handler16
                0x0601280a                __interrupt_handler239
                0x060127ec                __interrupt_handler234
                0x06012342                __interrupt_handler35
                0x060123d2                __interrupt_handler59
                0x06012666                __interrupt_handler169
                0x060124bc                __interrupt_handler98
                0x0601241a                __interrupt_handler71
                0x060123a2                __interrupt_handler51
                0x0601262a                __interrupt_handler159
                0x060127bc                __interrupt_handler226
                0x060124b0                __interrupt_handler96
                0x060126e4                __interrupt_handler190
                0x06012798                __interrupt_handler220
                0x060122a0                __interrupt_handler8
                0x060126a2                __interrupt_handler179
                0x06012858                __interrupt_handler252
 *fill*         0x06012894        0xc 00
 .text          0x060128a0     0x12a0 ../sbl6/segalib/lib/sega_spr.a(spr_2c.o)
                0x06013b00                SlaveFlushDrawPrtyBlock
                0x060128a0                SPR_2Initial
                0x060130e4                SPR_2SysClip
                0x06013084                SPR_2LocalCoord
                0x0601397c                SPR_2FlushDrawPrtyBlock
                0x06013668                SPR_2DistSpr
                0x0601306c                SPR_2FlushDrawPrty
                0x0601378c                SPR_2Cmd
                0x06012d68                SPR_2GourTblNoToVram
                0x06012dc8                SPR_2GetAreaSizeInfo
                0x06012b30                SPR_2SetGourTbl
                0x0601331c                SPR_2Polygon
                0x06012da4                SPR_2CharNoToVram
                0x06012ab0                SPR_2SetTvMode
                0x06012f0c                SPR_2CloseCommand
                0x06012aec                SPR_2FrameEraseData
                0x060128c8                SPR_2Initial2
                0x060134fc                SPR_2ScaleSpr
                0x0601318c                SPR_2Line
                0x06012e58                SPR_2OpenCommand
                0x06012acc                SPR_2FrameChgIntr
                0x060133d8                SPR_2NormSpr
                0x06012b60                SPR_2SetLookupTbl
                0x06012b94                SPR_2SetChar
                0x06012d8c                SPR_2LookupTblNoToVram
                0x06013260                SPR_2PolyLine
                0x06012d00                SPR_2ClrAllChar
                0x06012cb4                SPR_2ClrChar
                0x06013130                SPR_2UserClip
 .text          0x06013b40      0x1e6 ../sbl6/segalib/lib/sega_spr.a(spr_slv.o)
                0x06013ca4                SPR_WaitEndSlaveSH
                0x06013b40                SPR_SMPC_SSHON
                0x06013c80                SPR_RunSlaveSH
                0x06013b44                SPR_InitSlaveSH
                0x06013c0c                SPR_SlaveSHmain
                0x06013b41                SPR_SMPC_SSHOFF
 *fill*         0x06013d26        0xa 00
 .text          0x06013d30      0x36a ../sbl6/segalib/lib/sega_spr.a(spr_1c.o)
                0x06013fe4                SPR_WaitDrawEnd
                0x06013ffc                SPR_SetEosMode
                0x06013f14                SPR_SetEraseData
                0x06013d30                SPR_Initial
                0x06013e08                SPR_SetTvMode
                0x06013ea0                SPR_GetStatus
 *fill*         0x0601409a        0x6 00
 .text          0x060140a0      0x244 ../sbl6/segalib/lib/sega_spr.a(spr_2a.o)
                0x060140b2                sprMemCpyW
                0x06014110                flushDrawPrtyBlock
                0x060140a0                sprMemCpyL
                0x060140c4                SPR_2SetDrawPrty
 *fill*         0x060142e4        0xc 00
 .text          0x060142f0      0x2fc ../sbl6/segalib/lib/sega_scl.a(scl_vblv.o)
                0x060143ac                SCL_DisplayFrame
                0x060142f0                SCL_SetFrameInterval
                0x060143e0                SCL_VblInit
                0x06014430                SCL_VblankStart
                0x06014474                SCL_VblankEnd
 *fill*         0x060145ec        0x4 00
 .text          0x060145f0      0xb9c ../sbl6/segalib/lib/sega_scl.a(scl_func.o)
                0x06014fcc                SCL_Vdp2_SGLInit
                0x06014edc                SCL_PriIntProc
                0x06014e54                SCL_Memcpyw
                0x0601516c                SCL_SglOff
                0x0601514c                SCL_SglOn
                0x06014dc0                SCL_ScrollShow
                0x06014868                SCL_Close
                0x06014b60                SCL_Scale
                0x060145f0                SCL_Vdp2Init
                0x060149d4                SCL_Move
                0x06014c9c                SCL_CopyReg
                0x06014844                SCL_Open
                0x06014674                SCL_ParametersInit
                0x06014884                SCL_MoveTo
                0x06014e7c                SCL_SetColRamMode
 *fill*         0x0601518c        0x4 00
 .text          0x06015190      0x138 ../sbl6/segalib/lib/sega_scl.a(scl_pr03.o)
                0x06015190                SCL_FreeColRam
                0x060151c8                SCL_AllocColRam
 *fill*         0x060152c8        0x8 00
 .text          0x060152d0       0x9c ../sbl6/segalib/lib/sega_scl.a(scl_pr02.o)
                0x060152d0                SCL_SetColRam
 *fill*         0x0601536c        0x4 00
 .text          0x06015370       0x84 ../sbl6/segalib/lib/sega_scl.a(scl_back.o)
                0x06015370                SCL_SetBack
 *fill*         0x060153f4        0xc 00
 .text          0x06015400      0x94c ../sbl6/segalib/lib/sega_scl.a(scl_fu03.o)
                0x0601545c                SCL_SetConfig
                0x06015400                SCL_InitConfigTb
 *fill*         0x06015d4c        0x4 00
 .text          0x06015d50      0x4f4 ../sbl6/segalib/lib/sega_scl.a(scl_fu02.o)
                0x06015d88                SCL_SetVramConfig
                0x06015d50                SCL_InitVramConfigTb
 *fill*         0x06016244        0xc 00
 .text          0x06016250       0x28 ../sbl6/segalib/lib/sega_scl.a(scl_fu04.o)
                0x06016250                SCL_SetCycleTable
 *fill*         0x06016278        0x8 00
 .text          0x06016280      0x214 ../sbl6/segalib/lib/sega_scl.a(scl_pr07.o)
                0x06016280                SCL_SetPriority
 *fill*         0x06016494        0xc 00
 .text          0x060164a0       0x58 ../sbl6/segalib/lib/sega_scl.a(scl_pr01.o)
                0x060164a0                SCL_SetSpriteMode
 *fill*         0x060164f8        0x8 00
 .text          0x06016500     0x10a4 ../sbl6/segalib/lib/sega_scl.a(scl_pri.o)
                0x06016594                SCL_AbortAutoVe
                0x06017444                SCL_SetShadowBit
                0x06016a0c                SCL_AutoExec
                0x06016500                SCL_PriorityInit
                0x06016f20                SCL_IncColOffset
                0x060165a8                SCL_SetColMixRate
                0x06016578                SCL_GetColRamMode
 *fill*         0x060175a4        0xc 00
 .text          0x060175b0     0x1394 ../sbl6/segalib/lib/sega_scl.a(scl_ro00.o)
                0x0601879c                SCL_RotateZD
                0x06017a64                SCL_Rotate
                0x06017738                SCL_InitRotateTable
 *fill*         0x06018944        0xc 00
 .text          0x06018950      0x1b4 ../sbl6/segalib/lib/sega_scl.a(scl_pr06.o)
                0x06018950                SCL_SetColRamOffset
 *fill*         0x06018b04        0xc 00
 .text          0x06018b10       0xac ../sbl6/segalib/lib/sega_scl.a(scl_pr05.o)
                0x06018b10                SCL_GetColRamOffset
 *fill*         0x06018bbc        0x4 00
 .text          0x06018bc0       0xa4 ../sbl6/segalib/lib/sega_mth.a(mth_fixd.o)
                0x06018c10                MTH_FixedToInt
                0x06018c00                MTH_IntToFixed
                0x06018bc0                MTH_Mul
                0x06018c20                MTH_Product
                0x06018be0                MTH_Div
 *fill*         0x06018c64        0xc 00
 .text          0x06018c70      0x600 ../sbl6/segalib/lib/sega_mth.a(mth_tri.o)
                0x06018d0c                fcos
                0x06018d12                fsin
                0x06018cbc                MTH_Cos
                0x06018c70                MTH_Sin
                0x06018eb0                MTH_Atan
 .text          0x06019270      0xf50 ../sbl6/segalib/lib/sega_per.a(per_prt.o)
                0x06019690                PER_IntFunc
                0x06019488                PER_LGetPer
                0x06019270                PER_LInit
 .text          0x0601a1c0     0x1b04 ../sbl6/segalib/lib/sega_sat.a(gfs.o)
                0x0601a1c0                gfs_version
                0x0601b434                gfs_mngGetNumFile
                0x0601bbb4                gfs_closeSub
                0x0601af50                GFS_SetGmode
                0x0601b20c                GFS_SetErrFunc
                0x0601b35c                gfs_mngSetupFuncTbl
                0x0601a518                GFS_Reset
                0x0601b284                gfs_chgRoot
                0x0601b350                gfs_aborttrans
                0x0601b634                gfs_svrAddHndl
                0x0601b4e4                gfs_mngFreeGrp
                0x0601b25c                GFS_ConvTno
                0x0601b7e8                gfs_getRootDir
                0x0601b238                GFS_GetErrStat
                0x0601a688                GFS_Seek
                0x0601acf4                GFS_NwStop
                0x0601b4f0                gfs_mngTermAccess
                0x0601a59c                GFS_Open
                0x0601b49c                GFS_mngAllocGrp
                0x0601bbfc                gfs_isTaskDone
                0x0601a9f4                GFS_Fread
                0x0601b154                GFS_StartTrans
                0x0601bb50                gfs_GetFinfo
                0x0601b390                gfs_mngInitWork
                0x0601a7e0                GFS_ByteToSct
                0x0601b5f4                gfs_svrSearchHndl
                0x0601b8e4                gfs_loadRootDir
                0x0601a43c                GFS_IdToName
                0x0601ab38                GFS_NwFread
                0x0601b084                GFS_SetTransPara
                0x0601ac44                GFS_NwCdRead
                0x0601b724                gfs_loadVol
                0x0601b020                GFS_SetReadPara
                0x0601a73c                GFS_Tell
                0x0601afb4                GFS_SetTmode
                0x0601bab8                GFS_GetFad
                0x0601b0f0                GFS_SetTrFunc
                0x0601b1a0                GFS_CdMovePickup
                0x0601a3d8                GFS_NameToId
                0x0601ae0c                GFS_NwExecOne
                0x0601b96c                gfs_flowIn
                0x0601a894                GFS_GetFileInfo
                0x0601ba14                gfs_transData
                0x0601b670                gfs_svrRemoveHndl
                0x0601acbc                GFS_NwIsComplete
                0x0601bbf0                gfs_getGmode
                0x0601ad60                GFS_NwGetStat
                0x0601b6cc                GFS_OpenSub
                0x0601a370                GFS_SetDir
                0x0601a83c                GFS_GetFileSize
                0x0601a908                GFS_GetNumCdbuf
                0x0601bc50                gfs_convFinStat
                0x0601a930                GFS_Load
                0x0601aa90                gfs_waitRead
                0x0601a2c8                GFS_LoadDir
                0x0601a4a8                GFS_GetDirInfo
                0x0601a650                GFS_Close
                0x0601a1e0                GFS_Init
                0x0601addc                gfs_recovRdErr
                0x0601b574                gfs_mngSetErrCode
                0x0601aecc                GFS_NwExecServer
                0x0601a78c                GFS_IsEof
                0x0601bb10                gfs_SetSct
 *fill*         0x0601bcc4        0xc 00
 .text          0x0601bcd0      0x1f4 ../sbl6/segalib/lib/sega_sat.a(DMA_SCU1.o)
                0x0601be2c                DMA_ScuResult
                0x0601bcd0                DMA_ScuInit
                0x0601bd20                DMA_ScuMemCopy
 *fill*         0x0601bec4        0xc 00
 .text          0x0601bed0      0x8d4 ../sbl6/segalib/lib/sega_sat.a(gfs_cdf.o)
                0x0601c3c4                GFCF_Seek
                0x0601c4cc                GFCF_GetStat
                0x0601c3ac                GFCF_Tell
                0x0601bf70                GFCF_Setup
                0x0601c478                GFCF_cnvIntlvOfs
                0x0601bed0                GFCF_Init
                0x0601c364                GFCF_Recover
                0x0601c0b8                GFCF_SetSct
                0x0601c3dc                GFCF_MovePickup
                0x0601c5a0                gfcf_isCdOk
                0x0601c170                GFCF_FlowInBuf
                0x0601c0fc                GFCF_GetFileInfo
                0x0601c2c4                GFCF_StopInBuf
                0x0601c564                gfcf_getSctSize
                0x0601c660                gfcf_getPlayRange
 *fill*         0x0601c7a4        0xc 00
 .text          0x0601c7b0      0x928 ../sbl6/segalib/lib/sega_sat.a(gfs_dir.o)
                0x0601cca0                gfdr_setNextRec
                0x0601d09c                gfdr_setDirrecCd
                0x0601ca98                gfdr_open
                0x0601c8ac                GFDR_GetAtrDirId
                0x0601cb80                gfdr_readByte
                0x0601c7b0                GFDR_SetupDirTbl
                0x0601cc78                gfdr_readLongNM
                0x0601cd24                gfdr_readDirEnt
                0x0601c8dc                GFDR_ChgRoot
                0x0601c824                GFDR_NameToId
                0x0601c968                gfdr_setupDirIdTbl
                0x0601c8c4                GFDR_GetAtrDirName
                0x0601c884                GFDR_GetInfoDirId
                0x0601cc2c                gfdr_readLongNB
                0x0601cac0                gfdr_read
                0x0601cbac                gfdr_readWord
                0x0601c9ec                gfdr_setupDirNameTbl
                0x0601c898                GFDR_GetInfoDirName
                0x0601c8f4                GFDR_ChgDir
                0x0601cbd8                gfdr_readWordNB
 *fill*         0x0601d0d8        0x8 00
 .text          0x0601d0e0      0xa46 ../sbl6/segalib/lib/sega_sat.a(gfs_trn.o)
                0x0601d1c0                GFTR_SetTransMax
                0x0601d590                gftr_execScu
                0x0601db14                GFTR_SetTransFunc
                0x0601d9dc                gftr_remTrn
                0x0601db00                GFTR_SetData
                0x0601d800                gftr_execSdma1
                0x0601da50                gftr_copyFrac
                0x0601d1b4                GFTR_GetNumTrans
                0x0601d154                GFTR_SetMode
                0x0601d7d0                gftr_remDma0
                0x0601da78                GFTR_GetLenData
                0x0601d584                gftr_reqScu
                0x0601d7e8                gftr_reqDma1
                0x0601d4a0                gftr_getSrcPack
                0x0601dad0                GFTR_RtnDstPk
                0x0601d66c                gfdma_exec
                0x0601d904                gftr_execTrn
                0x0601d398                GFTR_ExecSvr
                0x0601d894                gftr_reqTrn
                0x0601d75c                gfdma_getBytecnt
                0x0601d83c                gftr_reqCpu
                0x0601da9c                GFTR_GetDstPack
                0x0601d794                gftr_reqDma0
                0x0601d320                GFTR_Idle
                0x0601d1d8                GFTR_Pause
                0x0601d1a8                GFTR_GetTransPara
                0x0601d888                gftr_remCpu
                0x0601d174                GFTR_SetTransPara
                0x0601d824                gftr_remDma1
                0x0601d1e4                GFTR_Stop
                0x0601d7ac                gftr_execSdma0
                0x0601d110                GFTR_Setup
                0x0601d62c                gftr_remScu
                0x0601d528                gftr_getDstPack
                0x0601d660                gfdma_canUse
                0x0601d29c                GFTR_Exec
                0x0601daec                GFTR_GetData
                0x0601d1cc                GFTR_Start
                0x0601d168                GFTR_SetUnit
                0x0601d848                gftr_execCpu
                0x0601da84                GFTR_GetLenRoom
 *fill*         0x0601db26        0xa 00
 .text          0x0601db30      0x106 ../sbl6/segalib/lib/sega_sat.a(gfs_buf.o)
                0x0601db88                GFBF_GetNumData
                0x0601dc04                GFBF_RtnPk
                0x0601dbb8                GFBF_GetSrcPk
                0x0601dc2c                gfbf_getSctDt
                0x0601db60                GFBF_GetTranData
                0x0601dbe0                GFBF_GetSctData
 *fill*         0x0601dc36        0xa 00
 .text          0x0601dc40      0x600 ../sbl6/segalib/lib/sega_sat.a(gfs_cdb.o)
                0x0601e1e8                GFCB_GetPickup
                0x0601dd60                GFCB_Close
                0x0601e02c                GFCB_GetSrcPack
                0x0601e1b4                GFCB_SetCon
                0x0601de34                GFCB_GetLenRoom
                0x0601e198                GFCB_MovePickup
                0x0601e10c                GFCB_GetSctData
                0x0601de40                GFCB_SetFilt
                0x0601dd88                GFCB_GetLenData
                0x0601e228                GFCB_UngetPickup
                0x0601dc40                GFCB_Setup
                0x0601ded0                GFCB_Tell
                0x0601e210                GFCB_IsPuOwner
                0x0601df30                GFCB_Seek
                0x0601dea8                GFCB_DeleteAllData
                0x0601e144                GFCB_GetDstPack
                0x0601dee0                gfcb_getSctNum
                0x0601e150                GFCB_RtnPk
 .text          0x0601e240     0x1a04 ../sbl6/segalib/lib/sega_sat.a(gfs_cdc.o)
                0x0601e4dc                GFCD_AllocBuf
                0x0601f2b8                gfcd_doGetLenDataTsk
                0x0601fb54                GFCD_SetCsctFunc
                0x0601e5b4                GFCD_GetBaseFad
                0x0601e730                GFCD_GetFilt
                0x0601f744                gfcd_doChgDirTsk
                0x0601fa84                gfcd_checkEflag
                0x0601ea78                GFCD_MovePickup
                0x0601eb5c                GFCD_GetSctInfo
                0x0601f40c                gfcd_doReqDataTsk
                0x0601eba4                GFCD_ChgDir
                0x0601e898                GFCD_ReqData
                0x0601fb70                GFCD_ChkScdqFlag
                0x0601f028                GFCD_WaitServer
                0x0601e93c                GFCD_DelSctData
                0x0601ee14                GFCD_ExecServer
                0x0601f228                gfcd_doSetConTsk
                0x0601e470                GFCD_AllocFilt
                0x0601e66c                GFCD_SetFilt
                0x0601f064                gfcd_doSetFiltTsk
                0x0601fb94                GFCD_ClrScdqFlag
                0x0601f4ac                gfcd_doDelSctDataTsk
                0x0601ef70                gfcd_doTask
                0x0601e5e8                GFCD_GetPickup
                0x0601eb38                GFCD_CheckMove
                0x0601fbb0                GFCD_WaitScdqFlag
                0x0601e7d0                GFCD_Play
                0x0601f5e0                gfcd_doMoveSctTsk
                0x0601e778                GFCD_SetCon
                0x0601ec18                GFCD_SetFiltCon
                0x0601fbf4                GFCD_WaitPause
                0x0601eddc                GFCD_GetBufSiz
                0x0601e61c                GFCD_UngetPickup
                0x0601ed00                GFCD_GetFileInfo
                0x0601e8f4                GFCD_EndData
                0x0601e510                GFCD_FreeBuf
                0x0601e830                GFCD_GetLenData
                0x0601e4ac                GFCD_FreeFilt
                0x0601eee8                gfcd_isIdleTask
                0x0601e26c                GFCD_Init
                0x0601f940                gfcd_doSetFiltConTsk
                0x0601e9c4                GFCD_GetStat
                0x0601eac4                GFCD_MoveSctData
                0x0601e648                GFCD_IsPuOwner
                0x0601faa8                gfcd_initCdbMng
                0x0601e240                GFCD_SetCdbfs
                0x0601f014                GFCD_SetTimer
                0x0601fb28                gfcd_setStat
                0x0601e994                GFCD_CheckDelSctData
 *fill*         0x0601fc44        0xc 00
 .text          0x0601fc50      0x308 ../sbl6/segalib/lib/sega_sat.a(DMA_SCU0.o)
                0x0601fcd4                DMA_ScuStart
                0x0601fe08                DMA_ScuIntFunc0
                0x0601fe78                DMA_ScuIntFunc1
                0x0601fee8                DMA_ScuIntFunc2
                0x0601fdc8                DMA_ScuGetStatus
                0x0601fc50                DMA_ScuSetPrm
 *fill*         0x0601ff58        0x8 00
 .text          0x0601ff60       0xe8 ../sbl6/segalib/lib/sega_sat.a(csh_main.o)
                0x0601ff60                CSH_Init
                0x0601ffc8                CSH_AllClr
                0x06020014                CSH_Purge
 *fill*         0x06020048        0x8 00
 .text          0x06020050      0x1b6 ../sbl6/segalib/lib/sega_sat.a(DMA_CPU0.o)
                0x06020098                DMA_CpuSetPrm
                0x0602019c                DMA_CpuStart
                0x060201f4                DMA_CpuGetStatus
                0x060201c8                DMA_CpuAllStop
                0x060201dc                DMA_CpuGetComStatus
                0x06020050                DMA_CpuSetComPrm
                0x060201b0                DMA_CpuStop
 *fill*         0x06020206        0xa 00
 .text          0x06020210      0x2dc ../sbl6/segalib/lib/sega_sat.a(cdc_reg.o)
                0x06020264                CDREG_ClrHirqReq
                0x06020234                CDC_ClrHirqReq
                0x060202e4                CDREG_TgetData
                0x060202d4                CDC_GetMpegPtr
                0x060202b0                CDC_GetHirqMsk
                0x06020210                CDC_GetDataPtr
                0x06020220                CDC_GetHirqReq
                0x06020440                CDREG_WaitHirq
                0x060202c4                CDC_SetHirqMsk
                0x06020340                CDREG_CmdRsp
                0x06020274                CDREG_InitHirqReq
                0x0602029c                CDREG_SetHirqFlag
                0x060204b0                CDREG_ReadRsp
 *fill*         0x060204ec        0x4 00
 .text          0x060204f0      0x194 ../sbl6/segalib/lib/sega_sat.a(cdc_cfs.o)
                0x060204f0                CDC_ChgDir
                0x06020524                CDC_ReadDir
                0x06020648                CDC_AbortFile
                0x06020558                CDC_GetFileScope
                0x060205b8                CDC_TgetFileInfo
                0x06020614                CDC_ReadFile
 *fill*         0x06020684        0xc 00
 .text          0x06020690      0x3a0 ../sbl6/segalib/lib/sega_sat.a(cdc_cmn.o)
                0x06020834                CDC_TgetToc
                0x060209d8                CDC_DataEnd
                0x060206f8                CDC_GetPeriStat
                0x0602096c                CDC_DataReady
                0x06020944                CDC_CdOpen
                0x060208c0                CDC_CdInit
                0x06020884                CDC_GetSes
                0x060206e0                CDC_GetLastStat
                0x06020690                CDC_GetCurStat
                0x060207cc                CDC_GetHwInfo
 .text          0x06020a30      0x1e4 ../sbl6/segalib/lib/sega_sat.a(cdc_bio.o)
                0x06020adc                CDC_GetdelSctData
                0x06020a64                CDC_GetSctData
                0x06020b18                CDC_PutSctData
                0x06020b94                CDC_MoveSctData
                0x06020bd8                CDC_GetCopyErr
                0x06020aa0                CDC_DelSctData
                0x06020a30                CDC_SetSctLen
                0x06020b50                CDC_CopySctData
 *fill*         0x06020c14        0xc 00
 .text          0x06020c20      0x2b8 ../sbl6/segalib/lib/sega_sat.a(cdc_sel.o)
                0x06020e50                CDC_GetFiltCon
                0x06020dcc                CDC_GetFiltMode
                0x06020ea4                CDC_ResetSelector
                0x06020c20                CDC_SetFiltRange
                0x06020cac                CDC_SetFiltSubh
                0x06020d1c                CDC_GetFiltSubh
                0x06020c54                CDC_GetFiltRange
                0x06020d98                CDC_SetFiltMode
                0x06020e10                CDC_SetFiltCon
 *fill*         0x06020ed8        0x8 00
 .text          0x06020ee0      0x130 ../sbl6/segalib/lib/sega_sat.a(cdc_drv.o)
                0x06020ee0                CDC_CdPlay
                0x06020fac                CDC_CdSeek
                0x06020fe0                CDC_CdScan
 .text          0x06021010      0x270 ../sbl6/segalib/lib/sega_sat.a(cdc_bif.o)
                0x0602106c                CDC_GetSctNum
                0x060211ec                CDC_ExeFadSearch
                0x0602116c                CDC_GetSctInfo
                0x060210b0                CDC_CalActSiz
                0x06021010                CDC_GetBufSiz
                0x060210ec                CDC_GetActSiz
                0x06021224                CDC_GetFadSearch
 .text          0x06021280       0xa8 ../sbl6/segalib/lib/sega_sat.a(cdc_dev.o)
                0x060212ec                CDC_CdGetLastBuf
                0x06021280                CDC_CdSetCon
                0x060212b0                CDC_CdGetCon
 *fill*         0x06021328        0x8 00
 .text          0x06021330      0x152 ../sbl6/segalib/lib/sega_sat.a(cdc_sub.o)
                0x060213d8                CDSUB_GetCdstat
                0x06021348                CDSUB_UpdCdstat
                0x06021418                CDSUB_RspToCdstat
                0x06021460                CDSUB_SoftTimer
                0x06021330                CDSUB_UpdStatus
                0x06021368                CDSUB_CdCmd
 *fill*         0x06021482        0xe 00
 .text          0x06021490       0x60 C:/saturn/SH_COFF/sh-coff/bin/../lib/gcc/sh-coff/3.4-GNUSH_v0501\libgcc.a(_ashiftrt.o)
                0x0602149c                __ashiftrt_r4_27
                0x060214d0                __ashiftrt_r4_6
                0x060214c0                __ashiftrt_r4_14
                0x060214b2                __ashiftrt_r4_19
                0x060214ca                __ashiftrt_r4_9
                0x060214de                __ashiftrt_r4_0
                0x06021490                __ashiftrt_r4_31
                0x0602149e                __ashiftrt_r4_26
                0x060214ac                __ashiftrt_r4_22
                0x060214b8                __ashiftrt_r4_16
                0x060214c4                __ashiftrt_r4_12
                0x06021498                __ashiftrt_r4_29
                0x060214b6                __ashiftrt_r4_17
                0x06021496                __ashiftrt_r4_30
                0x060214d2                __ashiftrt_r4_5
                0x060214cc                __ashiftrt_r4_8
                0x06021490                __ashiftrt_r4_32
                0x060214a0                __ashiftrt_r4_25
                0x060214d8                __ashiftrt_r4_2
                0x060214a2                __ashiftrt_r4_24
                0x060214be                __ashiftrt_r4_15
                0x060214c8                __ashiftrt_r4_10
                0x060214da                __ashiftrt_r4_1
                0x0602149a                __ashiftrt_r4_28
                0x060214b0                __ashiftrt_r4_20
                0x060214ce                __ashiftrt_r4_7
                0x060214c2                __ashiftrt_r4_13
                0x060214c6                __ashiftrt_r4_11
                0x060214d4                __ashiftrt_r4_4
                0x060214aa                __ashiftrt_r4_23
                0x060214b4                __ashiftrt_r4_18
                0x060214ae                __ashiftrt_r4_21
                0x060214d6                __ashiftrt_r4_3
 .text          0x060214f0       0x90 C:/saturn/SH_COFF/sh-coff/bin/../lib/gcc/sh-coff/3.4-GNUSH_v0501\libgcc.a(_ashiftlt.o)
                0x060214f0                __ashlsi3
 .text          0x06021580       0xb0 C:/saturn/SH_COFF/sh-coff/bin/../lib/gcc/sh-coff/3.4-GNUSH_v0501\libgcc.a(_movstr.o)
                0x060215c0                __movstrSI16
                0x06021594                __movstrSI60
                0x060215a0                __movstrSI48
                0x0602159c                __movstrSI52
                0x06021590                __movstrSI64
                0x060215a4                __movstrSI44
                0x060215a8                __movstrSI40
                0x060215ac                __movstrSI36
                0x060215e0                __movstr
                0x06021598                __movstrSI56
                0x060215b4                __movstrSI28
                0x060215b0                __movstrSI32
                0x060215c4                __movstrSI12
                0x060215c8                __movstrSI8
                0x060215d0                __movstrSI0
                0x060215b8                __movstrSI24
                0x060215bc                __movstrSI20
                0x060215cc                __movstrSI4
 .text          0x06021630       0xa0 C:/saturn/SH_COFF/sh-coff/bin/../lib/gcc/sh-coff/3.4-GNUSH_v0501\libgcc.a(__main.o)
                0x060216a4                __main
                0x06021630                __do_global_dtors
                0x06021664                __do_global_ctors
 .text          0x060216d0       0x70 C:/saturn/SH_COFF/sh-coff/bin/../lib/gcc/sh-coff/3.4-GNUSH_v0501\libgcc.a(_udivsi3.o)
                0x060216f2                __udivsi3
 .text          0x06021740       0xb0 C:/saturn/SH_COFF/sh-coff/bin/../lib/gcc/sh-coff/3.4-GNUSH_v0501\libgcc.a(_si_to_df.o)
                0x06021740                __floatsidf
 .text          0x060217f0      0x2e0 C:/saturn/SH_COFF/sh-coff/bin/../lib/gcc/sh-coff/3.4-GNUSH_v0501\libgcc.a(_mul_df.o)
                0x06021800                __muldf3
 .text          0x06021ad0       0x80 C:/saturn/SH_COFF/sh-coff/bin/../lib/gcc/sh-coff/3.4-GNUSH_v0501\libgcc.a(_df_to_si.o)
                0x06021ad0                __fixdfsi
 .text          0x06021b50       0xa0 C:/saturn/SH_COFF/sh-coff/bin/../lib/gcc/sh-coff/3.4-GNUSH_v0501\libgcc.a(_sdivsi3.o)
                0x06021b50                __sdivsi3
 .text          0x06021bf0      0x220 C:/saturn/SH_COFF/sh-coff/bin/../lib/gcc/sh-coff/3.4-GNUSH_v0501\libgcc.a(_pack_df.o)
                0x06021c00                __pack_d
 .text          0x06021e10      0x120 C:/saturn/SH_COFF/sh-coff/bin/../lib/gcc/sh-coff/3.4-GNUSH_v0501\libgcc.a(_unpack_df.o)
                0x06021e20                __unpack_d
 .text          0x06021f30       0x20 C:/saturn/SH_COFF/sh-coff/bin/../lib/gcc/sh-coff/3.4-GNUSH_v0501\libgcc.a(_thenan_df.o)
                0x06021f30                __thenan_df
 .text          0x06021f50       0xd0 C:/saturn/SH_COFF/sh-coff/bin/../lib/gcc/sh-coff/3.4-GNUSH_v0501\libgcc.a(_muldi3.o)
                0x06021f50                __muldi3
 .text          0x06022020       0x80 C:/saturn/SH_COFF/sh-coff/bin/../lib/gcc/sh-coff/3.4-GNUSH_v0501\libgcc.a(_lshrdi3.o)
                0x06022020                __lshrdi3
 .text          0x060220a0       0x80 C:/saturn/SH_COFF/sh-coff/bin/../lib/gcc/sh-coff/3.4-GNUSH_v0501\libgcc.a(_ashldi3.o)
                0x060220a0                __ashldi3
 .text          0x06022120       0x30 C:/saturn/SH_COFF/sh-coff/bin/../lib/gcc/sh-coff/3.4-GNUSH_v0501\libgcc.a(_mulsi3.o)
                0x06022120                __mulsi3
 .text          0x06022150       0x90 C:/saturn/SH_COFF/sh-coff/bin/../lib/gcc/sh-coff/3.4-GNUSH_v0501\libgcc.a(_lshiftrt.o)
                0x06022150                __lshrsi3
 .text          0x060221e0       0xa0 C:/saturn/SH_COFF/sh-coff/bin/../lib/gcc/sh-coff/3.4-GNUSH_v0501/../../../../sh-coff/lib\libc.a(memcpy.o)
                0x060221e0                memcpy
 .text          0x06022280       0x40 C:/saturn/SH_COFF/sh-coff/bin/../lib/gcc/sh-coff/3.4-GNUSH_v0501/../../../../sh-coff/lib\libc.a(memset.o)
                0x06022280                memset
 .text          0x060222c0       0x60 C:/saturn/SH_COFF/sh-coff/bin/../lib/gcc/sh-coff/3.4-GNUSH_v0501/../../../../sh-coff/lib\libc.a(memcmp.o)
                0x060222c0                memcmp
 .text          0x06022320       0xb0 C:/saturn/SH_COFF/sh-coff/bin/../lib/gcc/sh-coff/3.4-GNUSH_v0501/../../../../sh-coff/lib\libc.a(strncmp.o)
                0x06022320                strncmp
 .text          0x060223d0       0xa0 C:/saturn/SH_COFF/sh-coff/bin/../lib/gcc/sh-coff/3.4-GNUSH_v0501/../../../../sh-coff/lib\libc.a(strncpy.o)
                0x060223d0                strncpy
 .text          0x06022470       0x90 C:/saturn/SH_COFF/sh-coff/bin/../lib/gcc/sh-coff/3.4-GNUSH_v0501/../../../../sh-coff/lib\libc.a(atexit.o)
                0x06022470                atexit
 .text          0x06022500       0x10 C:/saturn/SH_COFF/sh-coff/bin/../lib/gcc/sh-coff/3.4-GNUSH_v0501/../../../../sh-coff/lib\libc.a(impure.o)
                0x06022500                _global_impure_ptr
 .text          0x06022510       0x40 C:/saturn/SH_COFF/sh-coff/bin/../lib/gcc/sh-coff/3.4-GNUSH_v0501/../../../../sh-coff/lib\libc.a(malloc.o)
                0x0602252c                free
                0x06022510                malloc
 .text          0x06022550      0x5b0 C:/saturn/SH_COFF/sh-coff/bin/../lib/gcc/sh-coff/3.4-GNUSH_v0501/../../../../sh-coff/lib\libc.a(mallocr.o)
                0x06022550                _malloc_r
 .text          0x06022b00      0x340 C:/saturn/SH_COFF/sh-coff/bin/../lib/gcc/sh-coff/3.4-GNUSH_v0501/../../../../sh-coff/lib\libc.a(freer.o)
                0x06022b00                _malloc_trim_r
                0x06022bf4                _free_r
 .text          0x06022e40       0x20 C:/saturn/SH_COFF/sh-coff/bin/../lib/gcc/sh-coff/3.4-GNUSH_v0501/../../../../sh-coff/lib\libc.a(mlock.o)
                0x06022e40                __malloc_lock
                0x06022e4c                __malloc_unlock
 .text          0x06022e60       0x50 C:/saturn/SH_COFF/sh-coff/bin/../lib/gcc/sh-coff/3.4-GNUSH_v0501/../../../../sh-coff/lib\libc.a(sbrkr.o)
                0x06022e60                _sbrk_r
 .text          0x06022eb0      0x380 C:/saturn/SH_COFF/sh-coff/bin/../lib/gcc/sh-coff/3.4-GNUSH_v0501/../../../../sh-coff/lib\libc.a(syscalls.o)
                0x0602301c                _exit
                0x06023050                _getpid
                0x060230b8                _utime
                0x06022ee8                _write
                0x06022eb0                _read
                0x06023004                _unlink
                0x06022fcc                _open
                0x06023068                _stat
                0x06023010                isatty
                0x060230e8                _wait
                0x06023034                _kill
                0x06023084                _chmod
                0x06023118                _execv
                0x060230fc                _execve
                0x060231f4                __setup_argv_and_call_main
                0x06023150                _gettimeofday
                0x06022f1c                _link
                0x0602305c                _raise
                0x06022fe8                _creat
                0x06023130                _pipe
                0x0602309c                _chown
                0x06022ecc                _lseek
                0x06022f04                _close
                0x06023144                _times
                0x06022fb8                _fstat
                0x060230d4                _fork
                0x06022f44                _sbrk
 .text          0x06023230       0x20 C:/saturn/SH_COFF/sh-coff/bin/../lib/gcc/sh-coff/3.4-GNUSH_v0501/../../../../sh-coff/lib\libc.a(trap.o)
                0x06023230                __trap34
 .text          0x06023250       0x20 C:/saturn/SH_COFF/sh-coff/bin/../lib/gcc/sh-coff/3.4-GNUSH_v0501/../../../../sh-coff/lib\libc.a(abort.o)
                0x06023250                abort
 .text          0x06023270      0x270 C:/saturn/SH_COFF/sh-coff/bin/../lib/gcc/sh-coff/3.4-GNUSH_v0501/../../../../sh-coff/lib\libc.a(signal.o)
                0x06023330                _raise_r
                0x060234b8                __sigtramp
                0x06023464                raise
                0x060234a0                _init_signal
                0x060233f0                __sigtramp_r
                0x06023480                signal
                0x060232bc                _signal_r
                0x06023270                _init_signal_r
 .text          0x060234e0       0x60 C:/saturn/SH_COFF/sh-coff/bin/../lib/gcc/sh-coff/3.4-GNUSH_v0501/../../../../sh-coff/lib\libc.a(signalr.o)
                0x06023528                _getpid_r
                0x060234e0                _kill_r
 *(.strings)

.tors           0x06023540        0x0
                0x06023540                ___ctors = .
 *(.ctors)
                0x06023540                ___ctors_end = .
                0x06023540                ___dtors = .
 *(.dtors)
                0x06023540                ___dtors_end = .

.data           0x06023540     0x1580
                0x06023540                STARTOF_R = .
 *(.data)
 .data          0x06023540      0x400 ../sbl6/segasmp/per/smpclib/per_x1.o
 .data          0x06023940      0x4c0 graphics.o
                0x0602399a                guy_num
                0x06023df8                bg_num
                0x060239f0                bg_pal
                0x0602398c                guy_name
                0x0602394c                guy_pal
                0x060239e6                font_height
                0x0602394a                map_width
                0x06023948                map_height
                0x06023996                guy_width
                0x06023940                map_name
                0x060239dc                font_name
                0x06023df0                bg_name
                0x060239e8                font_width
                0x06023994                guy_height
                0x060239ec                font_num
                0x0602399c                font_pal
                0x06023998                guy_size
                0x060239ea                font_size
 .data          0x06023e00       0x30 sprite.o
 .data          0x06023e30       0x20 scroll.o
                0x06023e30                CycleTb
                0x06023e40                vram
 .data          0x06023e50      0x400 ../sbl6/segalib/lib/sega_int.a(int.o)
 .data          0x06024250       0x1c ../sbl6/segalib/lib/sega_spr.a(spr_slv.o)
                0x06024258                SPR_SlaveParam
                0x06024268                SPR_SMPC_SF
                0x06024260                SPR_SMPC_COM
                0x0602425c                SPR_SlaveSHEntry
                0x06024254                SPR_SlaveState
                0x06024250                SPR_SlaveCommand
                0x06024264                SPR_SMPC_RET
 *fill*         0x0602426c        0x4 00
 .data          0x06024270       0x34 ../sbl6/segalib/lib/sega_spr.a(spr_1c.o)
                0x06024270                SpInitialFlag
 *fill*         0x060242a4        0xc 00
 .data          0x060242b0       0x1c ../sbl6/segalib/lib/sega_scl.a(scl_vblv.o)
                0x060242b8                VBInterval
                0x060242c0                ReqDisplayFlag
                0x060242b0                SpFrameChgMode
                0x060242bc                VBIntervalCounter
                0x060242b4                SpFrameEraseMode
 *fill*         0x060242cc        0x4 00
 .data          0x060242d0       0x36 ../sbl6/segalib/lib/sega_scl.a(scl_func.o)
                0x060242e0                SclRotregBuff
                0x060242dc                SclDisplayY
                0x060242e4                SclRotateTableMode
                0x060242d8                SclProcess
                0x060242d4                SclCurSclNum
                0x060242d0                SclLengthLsTbl
                0x060242da                SclDisplayX
                0x060242d2                SclLengthCsTbl
 *fill*         0x06024306        0xa 00
 .data          0x06024310       0x18 ../sbl6/segalib/lib/sega_scl.a(scl_pri.o)
                0x06024314                SclRealSpPriNum
                0x06024324                SclRealColOffset
                0x06024320                SclRealBgColMix
                0x0602431c                SclRealSpColMix
                0x06024318                SclRealBgPriNum
                0x06024310                SclRealOtherPri
 *fill*         0x06024328        0x8 00
 .data          0x06024330      0x380 C:/saturn/SH_COFF/sh-coff/bin/../lib/gcc/sh-coff/3.4-GNUSH_v0501/../../../../sh-coff/lib\libc.a(impure.o)
                0x060246ac                _impure_ptr
 .data          0x060246b0      0x410 C:/saturn/SH_COFF/sh-coff/bin/../lib/gcc/sh-coff/3.4-GNUSH_v0501/../../../../sh-coff/lib\libc.a(mallocr.o)
                0x060246b8                __malloc_av_
                0x060246b4                __malloc_trim_threshold
                0x060246b0                __malloc_sbrk_base
                0x06024ac0                SIZEOF_R = (. - STARTOF_R)
                0x06024ac0                ENDOF_R = .

.bss            0x06024ac0     0x8c44
                0x06024ac0                STARTOF_B = .
 *(.bss)
 .bss           0x06024ac0       0x10 vblank.o
                0x06024ac4                PadData2E
                0x06024aca                PadData1
                0x06024ac6                PadData2
                0x06024ac8                PadData1E
                0x06024ac0                __port
 .bss           0x06024ad0       0xd0 ../sbl6/segasmp/per/smpclib/per_x2.o
 .bss           0x06024ba0     0x3800 sprite.o
                0x06024ba0                num_sprites
 .bss           0x060283a0       0x50 scroll.o
                0x060283bc                map_tiles_x
                0x060283c4                scrolls_y
                0x060283a0                scroll_transition_state
                0x060283a4                scroll_ysize
                0x060283b4                map_tiles_y
                0x060283ac                copy_modes
                0x060283d4                scrolls_x
                0x060283a8                scroll_xsize
 .bss           0x060283f0       0x10 main.o
                0x060283f0                frame
 .bss           0x06028400       0x6e ../sbl6/segalib/lib/sega_spr.a(spr_2c.o)
 *fill*         0x0602846e        0x2 00
 .bss           0x06028470        0x4 ../sbl6/segalib/lib/sega_scl.a(scl_vblv.o)
 *fill*         0x06028474        0xc 00
 .bss           0x06028480        0x4 ../sbl6/segalib/lib/sega_scl.a(scl_func.o)
 *fill*         0x06028484        0xc 00
 .bss           0x06028490       0x48 ../sbl6/segalib/lib/sega_scl.a(scl_ro00.o)
 *fill*         0x060284d8        0x8 00
 .bss           0x060284e0       0x9c ../sbl6/segalib/lib/sega_per.a(per_prt.o)
 *fill*         0x0602857c        0x4 00
 .bss           0x06028580        0xc ../sbl6/segalib/lib/sega_sat.a(DMA_SCU1.o)
 *fill*         0x0602858c        0x4 00
 .bss           0x06028590        0xc ../sbl6/segalib/lib/sega_sat.a(gfs_trn.o)
 *fill*         0x0602859c        0x4 00
 .bss           0x060285a0       0x20 ../sbl6/segalib/lib/sega_sat.a(DMA_SCU0.o)
 .bss           0x060285c0        0x2 ../sbl6/segalib/lib/sega_sat.a(cdc_reg.o)
 *fill*         0x060285c2        0xe 00
 .bss           0x060285d0        0xc ../sbl6/segalib/lib/sega_sat.a(cdc_sub.o)
 *fill*         0x060285dc        0x4 00
 .bss           0x060285e0       0x10 C:/saturn/SH_COFF/sh-coff/bin/../lib/gcc/sh-coff/3.4-GNUSH_v0501\libgcc.a(__main.o)
 .bss           0x060285f0       0x10 C:/saturn/SH_COFF/sh-coff/bin/../lib/gcc/sh-coff/3.4-GNUSH_v0501/../../../../sh-coff/lib\libc.a(atexit.o)
 .bss           0x06028600       0x40 C:/saturn/SH_COFF/sh-coff/bin/../lib/gcc/sh-coff/3.4-GNUSH_v0501/../../../../sh-coff/lib\libc.a(mallocr.o)
                0x06028630                __malloc_top_pad
                0x06028600                __malloc_current_mallinfo
                0x0602862c                __malloc_max_sbrked_mem
                0x06028628                __malloc_max_total_mem
 .bss           0x06028640       0x10 C:/saturn/SH_COFF/sh-coff/bin/../lib/gcc/sh-coff/3.4-GNUSH_v0501/../../../../sh-coff/lib\libc.a(syscalls.o)
 *(COMMON)
 COMMON         0x06028650     0x1674 cd.o
                                  0x0 (size before relaxing)
                0x06028650                dirname
                0x06028fb0                lib_work
                0x06029cb8                directory_table
 *fill*         0x06029cc4        0xc 00
 COMMON         0x06029cd0       0x38 player.o
                                  0x0 (size before relaxing)
                0x06029cd0                player
 *fill*         0x06029d08        0x8 00
 COMMON         0x06029d10      0x8c0 print.o
                                  0x0 (size before relaxing)
                0x06029d10                text
 COMMON         0x0602a5d0     0x1460 sprite.o
                                  0x0 (size before relaxing)
                0x0602a5d0                sprites
                0x0602aa30                image_buf
 COMMON         0x0602ba30      0x24c scroll.o
                                  0x0 (size before relaxing)
                0x0602ba30                scfg3
                0x0602bac0                scfg0
                0x0602bb50                maps
                0x0602bb60                scfg2
                0x0602bbf0                scfg1
 *fill*         0x0602bc7c        0x4 00
 COMMON         0x0602bc80        0x8 main.o
                                  0x0 (size before relaxing)
                0x0602bc80                buf
 *fill*         0x0602bc88        0x8 00
 COMMON         0x0602bc90      0x400 ../sbl6/segalib/lib/sega_int.a(int.o)
                                  0x0 (size before relaxing)
                0x0602bc90                __interrupt_vector
 COMMON         0x0602c090       0x50 ../sbl6/segalib/lib/sega_spr.a(spr_2c.o)
                                  0x0 (size before relaxing)
                0x0602c090                SpMstCmd
                0x0602c094                Sp2OpenFlag
                0x0602c098                SpGourTblMax
                0x0602c09c                SpDrawPrtyBlk
                0x0602c0a0                SpLCoordX
                0x0602c0a4                SpMstDrawPrtyBlk
                0x0602c0a8                SpGourTbl
                0x0602c0ac                SpLookupTblR
                0x0602c0b0                SpCmdTbl
                0x0602c0b4                SpCharMax
                0x0602c0b8                SpDrawPrtyProcFlag
                0x0602c0bc                SpCmdNo
                0x0602c0c0                SpDrawPrtyBlkMax
                0x0602c0c4                SpSlvCmdPos
                0x0602c0c8                SpSlvDrawPrtyBlk
                0x0602c0cc                SpCharTbl
                0x0602c0d0                SpCmdTblR
                0x0602c0d4                SpMstCmdPos
                0x0602c0d8                SpSlvCmd
                0x0602c0dc                SpLCoordY
 COMMON         0x0602c0e0       0x10 ../sbl6/segalib/lib/sega_spr.a(spr_1c.o)
                                  0x0 (size before relaxing)
                0x0602c0e0                SpScreenY
                0x0602c0e4                SpFbcrMode
                0x0602c0e6                SpDil
                0x0602c0e8                SpDie
                0x0602c0ea                SpTvMode
                0x0602c0ec                SpScreenX
 COMMON         0x0602c0f0      0xf00 ../sbl6/segalib/lib/sega_scl.a(scl_func.o)
                                  0x0 (size before relaxing)
                0x0602c0f0                SclRbgKtbAddr
                0x0602c0f8                SclRb
                0x0602c0fa                Scl_flag
                0x0602c100                SclK_TableBuff
                0x0602cdd0                SclAddrCsTbl
                0x0602cde0                Scl_s_reg
                0x0602ce08                SclRotateXy
                0x0602ce10                Scl_d_reg
                0x0602ce58                SclRotateDisp
                0x0602ce60                SclRotateMoveZ
                0x0602ce68                SclRotXySw
                0x0602ce70                Scl_r_reg
                0x0602ce80                SclRPMD
                0x0602ce88                SclRbgKtbOffset
                0x0602ce90                _SclRotregBuff
                0x0602cf60                SclRa
                0x0602cf68                SclRotateZ
                0x0602cf70                SclAddrLsTbl
                0x0602cf78                SclK_TableNum
                0x0602cf80                SclRotateTableAddress
                0x0602cf84                SclK_TableFlag
                0x0602cf90                Scl_w_reg
                0x0602cfb0                Scl_n_reg
 COMMON         0x0602cff0      0x6b0 ../sbl6/segalib/lib/sega_scl.a(scl_pri.o)
                                  0x0 (size before relaxing)
                0x0602cff0                SclAutoEndBlue2
                0x0602d000                SclColOffset
                0x0602d010                SclPriBuffDirty
                0x0602d012                SclAutoEndRed
                0x0602d014                SclAutoSurface
                0x0602d018                SclAutoGreen
                0x0602d01a                SclAutoEndGreen
                0x0602d01c                SclAutoCount
                0x0602d020                SclColRamAlloc256
                0x0602d040                SclAutoCurRate
                0x0602d041                SclAutoPlusFlag
                0x0602d048                SclSpColMix
                0x0602d050                SclAutoMax
                0x0602d054                SclLineColRamOffset
                0x0602d058                SclColRamAlloc2048
                0x0602d05c                SclBgPriNum
                0x0602d062                SclAutoEndBlue
                0x0602d064                SclAutoEndGreen2
                0x0602d066                SclAutoVeFlag
                0x0602d068                SclBgColMix
                0x0602d070                SclAutoIndex
                0x0602d074                SclAutoEndRate
                0x0602d076                SclAutoBlue
                0x0602d078                SclAutoRed
                0x0602d07c                SclAutoInterval
                0x0602d080                SclOtherPri
                0x0602d090                SclAutoRGB
                0x0602d690                SclAutoEndRed2
                0x0602d698                SclSpPriNum
 COMMON         0x0602d6a0       0x10 ../sbl6/segalib/lib/sega_scl.a(scl_ro00.o)
                                  0x0 (size before relaxing)
                0x0602d6a0                SclCsx
                0x0602d6a8                SclCsy
 COMMON         0x0602d6b0       0x15 ../sbl6/segalib/lib/sega_per.a(per_prt.o)
                                  0x0 (size before relaxing)
                0x0602d6b0                per_get_time_flg
                0x0602d6b1                per_hot_res
                0x0602d6b2                per_set_sys_flg
                0x0602d6b4                per_get_time_adr
                0x0602d6b8                per_get_sys_data
                0x0602d6c4                per_time_out_flg
 *fill*         0x0602d6c5        0xb 00
 COMMON         0x0602d6d0        0xc ../sbl6/segalib/lib/sega_sat.a(gfs.o)
                                  0x0 (size before relaxing)
                0x0602d6d0                GFMC_base
                0x0602d6d4                gfs_mng_ptr
                0x0602d6d8                gfs_use_scudma
 *fill*         0x0602d6dc        0x4 00
 COMMON         0x0602d6e0        0x8 ../sbl6/segalib/lib/sega_sat.a(gfs_cdf.o)
                                  0x0 (size before relaxing)
                0x0602d6e0                gfcf_fad
                0x0602d6e4                gfcf_stat
 *fill*         0x0602d6e8        0x8 00
 COMMON         0x0602d6f0        0xc ../sbl6/segalib/lib/sega_sat.a(gfs_cdc.o)
                                  0x0 (size before relaxing)
                0x0602d6f0                gfcd_fatal_err
                0x0602d6f4                gfcd_work
                0x0602d6f8                gfcd_playflag
 *fill*         0x0602d6fc        0x4 00
 COMMON         0x0602d700        0x4 C:/saturn/SH_COFF/sh-coff/bin/../lib/gcc/sh-coff/3.4-GNUSH_v0501/../../../../sh-coff/lib\libc.a(syscalls.o)
                                  0x0 (size before relaxing)
                0x0602d700                errno
                0x0602d704                SIZEOF_B = (. - STARTOF_B)
                0x0602d704                ENDOF_B = .
                0x0602d704                _end = .
OUTPUT(main.cof coff-sh)

.comment        0x0602d710      0x480
 .comment       0x0602d710       0x20 ../sbl6/segasmp/lib/strt2_g.o
 .comment       0x0602d730       0x20 vblank.o
 .comment       0x0602d750       0x20 ../sbl6/segasmp/per/smpclib/per_x1.o
 .comment       0x0602d770       0x20 ../sbl6/segasmp/per/smpclib/per_x2.o
 .comment       0x0602d790       0x20 cd.o
 .comment       0x0602d7b0       0x20 collision.o
 .comment       0x0602d7d0       0x20 graphics.o
 .comment       0x0602d7f0       0x20 player.o
 .comment       0x0602d810       0x20 print.o
 .comment       0x0602d830       0x20 sprite.o
 .comment       0x0602d850       0x20 scroll.o
 .comment       0x0602d870       0x20 main.o
 .comment       0x0602d890       0x20 C:/saturn/SH_COFF/sh-coff/bin/../lib/gcc/sh-coff/3.4-GNUSH_v0501\libgcc.a(__main.o)
 .comment       0x0602d8b0       0x20 C:/saturn/SH_COFF/sh-coff/bin/../lib/gcc/sh-coff/3.4-GNUSH_v0501\libgcc.a(_si_to_df.o)
 .comment       0x0602d8d0       0x20 C:/saturn/SH_COFF/sh-coff/bin/../lib/gcc/sh-coff/3.4-GNUSH_v0501\libgcc.a(_mul_df.o)
 .comment       0x0602d8f0       0x20 C:/saturn/SH_COFF/sh-coff/bin/../lib/gcc/sh-coff/3.4-GNUSH_v0501\libgcc.a(_df_to_si.o)
 .comment       0x0602d910       0x20 C:/saturn/SH_COFF/sh-coff/bin/../lib/gcc/sh-coff/3.4-GNUSH_v0501\libgcc.a(_pack_df.o)
 .comment       0x0602d930       0x20 C:/saturn/SH_COFF/sh-coff/bin/../lib/gcc/sh-coff/3.4-GNUSH_v0501\libgcc.a(_unpack_df.o)
 .comment       0x0602d950       0x20 C:/saturn/SH_COFF/sh-coff/bin/../lib/gcc/sh-coff/3.4-GNUSH_v0501\libgcc.a(_thenan_df.o)
 .comment       0x0602d970       0x20 C:/saturn/SH_COFF/sh-coff/bin/../lib/gcc/sh-coff/3.4-GNUSH_v0501\libgcc.a(_muldi3.o)
 .comment       0x0602d990       0x20 C:/saturn/SH_COFF/sh-coff/bin/../lib/gcc/sh-coff/3.4-GNUSH_v0501\libgcc.a(_lshrdi3.o)
 .comment       0x0602d9b0       0x20 C:/saturn/SH_COFF/sh-coff/bin/../lib/gcc/sh-coff/3.4-GNUSH_v0501\libgcc.a(_ashldi3.o)
 .comment       0x0602d9d0       0x20 C:/saturn/SH_COFF/sh-coff/bin/../lib/gcc/sh-coff/3.4-GNUSH_v0501/../../../../sh-coff/lib\libc.a(memcmp.o)
 .comment       0x0602d9f0       0x20 C:/saturn/SH_COFF/sh-coff/bin/../lib/gcc/sh-coff/3.4-GNUSH_v0501/../../../../sh-coff/lib\libc.a(strncmp.o)
 .comment       0x0602da10       0x20 C:/saturn/SH_COFF/sh-coff/bin/../lib/gcc/sh-coff/3.4-GNUSH_v0501/../../../../sh-coff/lib\libc.a(strncpy.o)
 .comment       0x0602da30       0x20 C:/saturn/SH_COFF/sh-coff/bin/../lib/gcc/sh-coff/3.4-GNUSH_v0501/../../../../sh-coff/lib\libc.a(atexit.o)
 .comment       0x0602da50       0x20 C:/saturn/SH_COFF/sh-coff/bin/../lib/gcc/sh-coff/3.4-GNUSH_v0501/../../../../sh-coff/lib\libc.a(impure.o)
 .comment       0x0602da70       0x20 C:/saturn/SH_COFF/sh-coff/bin/../lib/gcc/sh-coff/3.4-GNUSH_v0501/../../../../sh-coff/lib\libc.a(malloc.o)
 .comment       0x0602da90       0x20 C:/saturn/SH_COFF/sh-coff/bin/../lib/gcc/sh-coff/3.4-GNUSH_v0501/../../../../sh-coff/lib\libc.a(mallocr.o)
 .comment       0x0602dab0       0x20 C:/saturn/SH_COFF/sh-coff/bin/../lib/gcc/sh-coff/3.4-GNUSH_v0501/../../../../sh-coff/lib\libc.a(freer.o)
 .comment       0x0602dad0       0x20 C:/saturn/SH_COFF/sh-coff/bin/../lib/gcc/sh-coff/3.4-GNUSH_v0501/../../../../sh-coff/lib\libc.a(mlock.o)
 .comment       0x0602daf0       0x20 C:/saturn/SH_COFF/sh-coff/bin/../lib/gcc/sh-coff/3.4-GNUSH_v0501/../../../../sh-coff/lib\libc.a(sbrkr.o)
 .comment       0x0602db10       0x20 C:/saturn/SH_COFF/sh-coff/bin/../lib/gcc/sh-coff/3.4-GNUSH_v0501/../../../../sh-coff/lib\libc.a(syscalls.o)
 .comment       0x0602db30       0x20 C:/saturn/SH_COFF/sh-coff/bin/../lib/gcc/sh-coff/3.4-GNUSH_v0501/../../../../sh-coff/lib\libc.a(abort.o)
 .comment       0x0602db50       0x20 C:/saturn/SH_COFF/sh-coff/bin/../lib/gcc/sh-coff/3.4-GNUSH_v0501/../../../../sh-coff/lib\libc.a(signal.o)
 .comment       0x0602db70       0x20 C:/saturn/SH_COFF/sh-coff/bin/../lib/gcc/sh-coff/3.4-GNUSH_v0501/../../../../sh-coff/lib\libc.a(signalr.o)
