Archive member included because of file (symbol)

../sbl6/segalib/lib/sega_int.a(int.o)
                              vblank.o (INT_SetScuFunc)
../sbl6/segalib/lib/sega_int.a(int_trmp.o)
                              ../sbl6/segalib/lib/sega_int.a(int.o) (__interrupt_handler0)
../sbl6/segalib/lib/sega_spr.a(spr_2c.o)
                              main.o (SPR_2Initial)
../sbl6/segalib/lib/sega_spr.a(spr_slv.o)
                              ../sbl6/segalib/lib/sega_spr.a(spr_2c.o) (SPR_InitSlaveSH)
../sbl6/segalib/lib/sega_spr.a(spr_1c.o)
                              ../sbl6/segalib/lib/sega_spr.a(spr_2c.o) (SPR_Initial)
../sbl6/segalib/lib/sega_spr.a(spr_2a.o)
                              ../sbl6/segalib/lib/sega_spr.a(spr_2c.o) (SPR_2SetDrawPrty)
../sbl6/segalib/lib/sega_scl.a(scl_vblv.o)
                              ../sbl6/segalib/lib/sega_spr.a(spr_1c.o) (SpFrameChgMode)
../sbl6/segalib/lib/sega_scl.a(scl_func.o)
                              main.o (SCL_Vdp2Init)
../sbl6/segalib/lib/sega_scl.a(scl_pr03.o)
                              scroll.o (SCL_AllocColRam)
../sbl6/segalib/lib/sega_scl.a(scl_pr02.o)
                              scroll.o (SCL_SetColRam)
../sbl6/segalib/lib/sega_scl.a(scl_back.o)
                              scroll.o (SCL_SetBack)
../sbl6/segalib/lib/sega_scl.a(scl_fu03.o)
                              scroll.o (SCL_InitConfigTb)
../sbl6/segalib/lib/sega_scl.a(scl_fu02.o)
                              scroll.o (SCL_InitVramConfigTb)
../sbl6/segalib/lib/sega_scl.a(scl_fu04.o)
                              scroll.o (SCL_SetCycleTable)
../sbl6/segalib/lib/sega_scl.a(scl_pr07.o)
                              main.o (SCL_SetPriority)
../sbl6/segalib/lib/sega_scl.a(scl_pr01.o)
                              main.o (SCL_SetSpriteMode)
../sbl6/segalib/lib/sega_scl.a(scl_pri.o)
                              ../sbl6/segalib/lib/sega_scl.a(scl_func.o) (SclRealOtherPri)
../sbl6/segalib/lib/sega_scl.a(scl_ro00.o)
                              ../sbl6/segalib/lib/sega_scl.a(scl_func.o) (SCL_Rotate)
../sbl6/segalib/lib/sega_scl.a(scl_pr06.o)
                              ../sbl6/segalib/lib/sega_scl.a(scl_pr03.o) (SCL_SetColRamOffset)
../sbl6/segalib/lib/sega_scl.a(scl_pr05.o)
                              ../sbl6/segalib/lib/sega_scl.a(scl_pr02.o) (SCL_GetColRamOffset)
../sbl6/segalib/lib/sega_mth.a(mth_fixd.o)
                              sprite.o (MTH_Mul)
../sbl6/segalib/lib/sega_mth.a(mth_tri.o)
                              sprite.o (MTH_Sin)
../sbl6/segalib/lib/sega_per.a(per_prt.o)
                              ../sbl6/segasmp/per/smpclib/per_x2.o (PER_LInit)
../sbl6/segalib/lib/sega_sat.a(DMA_SCU1.o)
                              ../sbl6/segalib/lib/sega_spr.a(spr_2c.o) (DMA_ScuMemCopy)
../sbl6/segalib/lib/sega_sat.a(DMA_SCU0.o)
                              ../sbl6/segalib/lib/sega_sat.a(DMA_SCU1.o) (DMA_ScuSetPrm)
../sbl6/segalib/lib/sega_sat.a(csh_main.o)
                              ../sbl6/segalib/lib/sega_sat.a(DMA_SCU1.o) (CSH_Purge)
c:/saturn/SH_COFF/sh-coff/bin/../lib/gcc/sh-coff/3.4-GNUSH_v0501\libgcc.a(__main.o)
                              main.o (__main)
c:/saturn/SH_COFF/sh-coff/bin/../lib/gcc/sh-coff/3.4-GNUSH_v0501\libgcc.a(_udivsi3.o)
                              ../sbl6/segalib/lib/sega_scl.a(scl_fu03.o) (__udivsi3)
c:/saturn/SH_COFF/sh-coff/bin/../lib/gcc/sh-coff/3.4-GNUSH_v0501\libgcc.a(_ashiftlt.o)
                              ../sbl6/segalib/lib/sega_scl.a(scl_fu03.o) (__ashlsi3)
c:/saturn/SH_COFF/sh-coff/bin/../lib/gcc/sh-coff/3.4-GNUSH_v0501\libgcc.a(_ashiftrt.o)
                              ../sbl6/segalib/lib/sega_scl.a(scl_ro00.o) (__ashiftrt_r4_6)
c:/saturn/SH_COFF/sh-coff/bin/../lib/gcc/sh-coff/3.4-GNUSH_v0501\libgcc.a(_si_to_df.o)
                              ../sbl6/segalib/lib/sega_scl.a(scl_ro00.o) (__floatsidf)
c:/saturn/SH_COFF/sh-coff/bin/../lib/gcc/sh-coff/3.4-GNUSH_v0501\libgcc.a(_mul_df.o)
                              ../sbl6/segalib/lib/sega_scl.a(scl_ro00.o) (__muldf3)
c:/saturn/SH_COFF/sh-coff/bin/../lib/gcc/sh-coff/3.4-GNUSH_v0501\libgcc.a(_df_to_si.o)
                              ../sbl6/segalib/lib/sega_scl.a(scl_ro00.o) (__fixdfsi)
c:/saturn/SH_COFF/sh-coff/bin/../lib/gcc/sh-coff/3.4-GNUSH_v0501\libgcc.a(_pack_df.o)
                              c:/saturn/SH_COFF/sh-coff/bin/../lib/gcc/sh-coff/3.4-GNUSH_v0501\libgcc.a(_si_to_df.o) (__pack_d)
c:/saturn/SH_COFF/sh-coff/bin/../lib/gcc/sh-coff/3.4-GNUSH_v0501\libgcc.a(_unpack_df.o)
                              c:/saturn/SH_COFF/sh-coff/bin/../lib/gcc/sh-coff/3.4-GNUSH_v0501\libgcc.a(_mul_df.o) (__unpack_d)
c:/saturn/SH_COFF/sh-coff/bin/../lib/gcc/sh-coff/3.4-GNUSH_v0501\libgcc.a(_thenan_df.o)
                              c:/saturn/SH_COFF/sh-coff/bin/../lib/gcc/sh-coff/3.4-GNUSH_v0501\libgcc.a(_mul_df.o) (__thenan_df)
c:/saturn/SH_COFF/sh-coff/bin/../lib/gcc/sh-coff/3.4-GNUSH_v0501\libgcc.a(_muldi3.o)
                              c:/saturn/SH_COFF/sh-coff/bin/../lib/gcc/sh-coff/3.4-GNUSH_v0501\libgcc.a(_mul_df.o) (__muldi3)
c:/saturn/SH_COFF/sh-coff/bin/../lib/gcc/sh-coff/3.4-GNUSH_v0501\libgcc.a(_lshrdi3.o)
                              c:/saturn/SH_COFF/sh-coff/bin/../lib/gcc/sh-coff/3.4-GNUSH_v0501\libgcc.a(_df_to_si.o) (__lshrdi3)
c:/saturn/SH_COFF/sh-coff/bin/../lib/gcc/sh-coff/3.4-GNUSH_v0501\libgcc.a(_ashldi3.o)
                              c:/saturn/SH_COFF/sh-coff/bin/../lib/gcc/sh-coff/3.4-GNUSH_v0501\libgcc.a(_pack_df.o) (__ashldi3)
c:/saturn/SH_COFF/sh-coff/bin/../lib/gcc/sh-coff/3.4-GNUSH_v0501\libgcc.a(_mulsi3.o)
                              c:/saturn/SH_COFF/sh-coff/bin/../lib/gcc/sh-coff/3.4-GNUSH_v0501\libgcc.a(_muldi3.o) (__mulsi3)
c:/saturn/SH_COFF/sh-coff/bin/../lib/gcc/sh-coff/3.4-GNUSH_v0501\libgcc.a(_lshiftrt.o)
                              c:/saturn/SH_COFF/sh-coff/bin/../lib/gcc/sh-coff/3.4-GNUSH_v0501\libgcc.a(_lshrdi3.o) (__lshrsi3)
c:/saturn/SH_COFF/sh-coff/bin/../lib/gcc/sh-coff/3.4-GNUSH_v0501/../../../../sh-coff/lib\libc.a(memcpy.o)
                              scroll.o (memcpy)
c:/saturn/SH_COFF/sh-coff/bin/../lib/gcc/sh-coff/3.4-GNUSH_v0501/../../../../sh-coff/lib\libc.a(memset.o)
                              ../sbl6/segalib/lib/sega_spr.a(spr_2c.o) (memset)
c:/saturn/SH_COFF/sh-coff/bin/../lib/gcc/sh-coff/3.4-GNUSH_v0501/../../../../sh-coff/lib\libc.a(atexit.o)
                              c:/saturn/SH_COFF/sh-coff/bin/../lib/gcc/sh-coff/3.4-GNUSH_v0501\libgcc.a(__main.o) (atexit)
c:/saturn/SH_COFF/sh-coff/bin/../lib/gcc/sh-coff/3.4-GNUSH_v0501/../../../../sh-coff/lib\libc.a(impure.o)
                              c:/saturn/SH_COFF/sh-coff/bin/../lib/gcc/sh-coff/3.4-GNUSH_v0501/../../../../sh-coff/lib\libc.a(atexit.o) (_impure_ptr)
c:/saturn/SH_COFF/sh-coff/bin/../lib/gcc/sh-coff/3.4-GNUSH_v0501/../../../../sh-coff/lib\libc.a(malloc.o)
                              c:/saturn/SH_COFF/sh-coff/bin/../lib/gcc/sh-coff/3.4-GNUSH_v0501/../../../../sh-coff/lib\libc.a(atexit.o) (malloc)
c:/saturn/SH_COFF/sh-coff/bin/../lib/gcc/sh-coff/3.4-GNUSH_v0501/../../../../sh-coff/lib\libc.a(mallocr.o)
                              c:/saturn/SH_COFF/sh-coff/bin/../lib/gcc/sh-coff/3.4-GNUSH_v0501/../../../../sh-coff/lib\libc.a(malloc.o) (_malloc_r)
c:/saturn/SH_COFF/sh-coff/bin/../lib/gcc/sh-coff/3.4-GNUSH_v0501/../../../../sh-coff/lib\libc.a(freer.o)
                              c:/saturn/SH_COFF/sh-coff/bin/../lib/gcc/sh-coff/3.4-GNUSH_v0501/../../../../sh-coff/lib\libc.a(malloc.o) (_free_r)
c:/saturn/SH_COFF/sh-coff/bin/../lib/gcc/sh-coff/3.4-GNUSH_v0501/../../../../sh-coff/lib\libc.a(mlock.o)
                              c:/saturn/SH_COFF/sh-coff/bin/../lib/gcc/sh-coff/3.4-GNUSH_v0501/../../../../sh-coff/lib\libc.a(mallocr.o) (__malloc_lock)
c:/saturn/SH_COFF/sh-coff/bin/../lib/gcc/sh-coff/3.4-GNUSH_v0501/../../../../sh-coff/lib\libc.a(sbrkr.o)
                              c:/saturn/SH_COFF/sh-coff/bin/../lib/gcc/sh-coff/3.4-GNUSH_v0501/../../../../sh-coff/lib\libc.a(mallocr.o) (_sbrk_r)
c:/saturn/SH_COFF/sh-coff/bin/../lib/gcc/sh-coff/3.4-GNUSH_v0501/../../../../sh-coff/lib\libc.a(syscalls.o)
                              c:/saturn/SH_COFF/sh-coff/bin/../lib/gcc/sh-coff/3.4-GNUSH_v0501/../../../../sh-coff/lib\libc.a(sbrkr.o) (_sbrk)
c:/saturn/SH_COFF/sh-coff/bin/../lib/gcc/sh-coff/3.4-GNUSH_v0501/../../../../sh-coff/lib\libc.a(trap.o)
                              c:/saturn/SH_COFF/sh-coff/bin/../lib/gcc/sh-coff/3.4-GNUSH_v0501/../../../../sh-coff/lib\libc.a(syscalls.o) (__trap34)
c:/saturn/SH_COFF/sh-coff/bin/../lib/gcc/sh-coff/3.4-GNUSH_v0501/../../../../sh-coff/lib\libc.a(abort.o)
                              c:/saturn/SH_COFF/sh-coff/bin/../lib/gcc/sh-coff/3.4-GNUSH_v0501/../../../../sh-coff/lib\libc.a(syscalls.o) (abort)
c:/saturn/SH_COFF/sh-coff/bin/../lib/gcc/sh-coff/3.4-GNUSH_v0501/../../../../sh-coff/lib\libc.a(signal.o)
                              c:/saturn/SH_COFF/sh-coff/bin/../lib/gcc/sh-coff/3.4-GNUSH_v0501/../../../../sh-coff/lib\libc.a(abort.o) (raise)
c:/saturn/SH_COFF/sh-coff/bin/../lib/gcc/sh-coff/3.4-GNUSH_v0501/../../../../sh-coff/lib\libc.a(signalr.o)
                              c:/saturn/SH_COFF/sh-coff/bin/../lib/gcc/sh-coff/3.4-GNUSH_v0501/../../../../sh-coff/lib\libc.a(signal.o) (_kill_r)

Allocating common symbols
Common symbol       size              file

SclRbgKtbAddr       0x8               ../sbl6/segalib/lib/sega_scl.a(scl_func.o)
SpMstCmd            0x4               ../sbl6/segalib/lib/sega_spr.a(spr_2c.o)
SclRb               0x1               ../sbl6/segalib/lib/sega_scl.a(scl_func.o)
Scl_flag            0x2               ../sbl6/segalib/lib/sega_scl.a(scl_func.o)
per_get_time_flg    0x1               ../sbl6/segalib/lib/sega_per.a(per_prt.o)
SpScreenY           0x4               ../sbl6/segalib/lib/sega_spr.a(spr_1c.o)
SclK_TableBuff      0xcd0             ../sbl6/segalib/lib/sega_scl.a(scl_func.o)
SclAutoEndBlue2     0x2               ../sbl6/segalib/lib/sega_scl.a(scl_pri.o)
SpFbcrMode          0x2               ../sbl6/segalib/lib/sega_spr.a(spr_1c.o)
Sp2OpenFlag         0x4               ../sbl6/segalib/lib/sega_spr.a(spr_2c.o)
SclColOffset        0x10              ../sbl6/segalib/lib/sega_scl.a(scl_pri.o)
SclAddrCsTbl        0x8               ../sbl6/segalib/lib/sega_scl.a(scl_func.o)
SclPriBuffDirty     0x1               ../sbl6/segalib/lib/sega_scl.a(scl_pri.o)
SclAutoEndRed       0x2               ../sbl6/segalib/lib/sega_scl.a(scl_pri.o)
SclAutoSurface      0x4               ../sbl6/segalib/lib/sega_scl.a(scl_pri.o)
__interrupt_vector  0x400             ../sbl6/segalib/lib/sega_int.a(int.o)
per_hot_res         0x1               ../sbl6/segalib/lib/sega_per.a(per_prt.o)
SclCsx              0x8               ../sbl6/segalib/lib/sega_scl.a(scl_ro00.o)
Scl_s_reg           0x28              ../sbl6/segalib/lib/sega_scl.a(scl_func.o)
SclAutoGreen        0x2               ../sbl6/segalib/lib/sega_scl.a(scl_pri.o)
SclAutoEndGreen     0x2               ../sbl6/segalib/lib/sega_scl.a(scl_pri.o)
SclAutoCount        0x4               ../sbl6/segalib/lib/sega_scl.a(scl_pri.o)
SpGourTblMax        0x4               ../sbl6/segalib/lib/sega_spr.a(spr_2c.o)
SclColRamAlloc256   0x20              ../sbl6/segalib/lib/sega_scl.a(scl_pri.o)
SclRotateXy         0x8               ../sbl6/segalib/lib/sega_scl.a(scl_func.o)
SpDrawPrtyBlk       0x4               ../sbl6/segalib/lib/sega_spr.a(spr_2c.o)
SclAutoCurRate      0x1               ../sbl6/segalib/lib/sega_scl.a(scl_pri.o)
SpLCoordX           0x4               ../sbl6/segalib/lib/sega_spr.a(spr_2c.o)
SpMstDrawPrtyBlk    0x4               ../sbl6/segalib/lib/sega_spr.a(spr_2c.o)
SclAutoPlusFlag     0x1               ../sbl6/segalib/lib/sega_scl.a(scl_pri.o)
per_set_sys_flg     0x1               ../sbl6/segalib/lib/sega_per.a(per_prt.o)
Scl_d_reg           0x48              ../sbl6/segalib/lib/sega_scl.a(scl_func.o)
SclRotateDisp       0x8               ../sbl6/segalib/lib/sega_scl.a(scl_func.o)
SpGourTbl           0x4               ../sbl6/segalib/lib/sega_spr.a(spr_2c.o)
SclSpColMix         0x8               ../sbl6/segalib/lib/sega_scl.a(scl_pri.o)
SpDil               0x2               ../sbl6/segalib/lib/sega_spr.a(spr_1c.o)
SpLookupTblR        0x2               ../sbl6/segalib/lib/sega_spr.a(spr_2c.o)
SclAutoMax          0x4               ../sbl6/segalib/lib/sega_scl.a(scl_pri.o)
SpCmdTbl            0x4               ../sbl6/segalib/lib/sega_spr.a(spr_2c.o)
SclRotateMoveZ      0x8               ../sbl6/segalib/lib/sega_scl.a(scl_func.o)
SclLineColRamOffset
                    0x4               ../sbl6/segalib/lib/sega_scl.a(scl_pri.o)
SclRotXySw          0x4               ../sbl6/segalib/lib/sega_scl.a(scl_func.o)
per_get_time_adr    0x4               ../sbl6/segalib/lib/sega_per.a(per_prt.o)
SclColRamAlloc2048  0x4               ../sbl6/segalib/lib/sega_scl.a(scl_pri.o)
SclBgPriNum         0x6               ../sbl6/segalib/lib/sega_scl.a(scl_pri.o)
SpCharMax           0x4               ../sbl6/segalib/lib/sega_spr.a(spr_2c.o)
SpDrawPrtyProcFlag  0x4               ../sbl6/segalib/lib/sega_spr.a(spr_2c.o)
SclAutoEndBlue      0x2               ../sbl6/segalib/lib/sega_scl.a(scl_pri.o)
SpCmdNo             0x4               ../sbl6/segalib/lib/sega_spr.a(spr_2c.o)
SclAutoEndGreen2    0x2               ../sbl6/segalib/lib/sega_scl.a(scl_pri.o)
Scl_r_reg           0x10              ../sbl6/segalib/lib/sega_scl.a(scl_func.o)
SclRPMD             0x2               ../sbl6/segalib/lib/sega_scl.a(scl_func.o)
SpDrawPrtyBlkMax    0x4               ../sbl6/segalib/lib/sega_spr.a(spr_2c.o)
SpDie               0x2               ../sbl6/segalib/lib/sega_spr.a(spr_1c.o)
SclAutoVeFlag       0x1               ../sbl6/segalib/lib/sega_scl.a(scl_pri.o)
SclBgColMix         0x8               ../sbl6/segalib/lib/sega_scl.a(scl_pri.o)
SpSlvCmdPos         0x4               ../sbl6/segalib/lib/sega_spr.a(spr_2c.o)
per_get_sys_data    0xc               ../sbl6/segalib/lib/sega_per.a(per_prt.o)
SclRbgKtbOffset     0x8               ../sbl6/segalib/lib/sega_scl.a(scl_func.o)
SclAutoIndex        0x4               ../sbl6/segalib/lib/sega_scl.a(scl_pri.o)
SclAutoEndRate      0x1               ../sbl6/segalib/lib/sega_scl.a(scl_pri.o)
SpSlvDrawPrtyBlk    0x4               ../sbl6/segalib/lib/sega_spr.a(spr_2c.o)
_SclRotregBuff      0xd0              ../sbl6/segalib/lib/sega_scl.a(scl_func.o)
SclAutoBlue         0x2               ../sbl6/segalib/lib/sega_scl.a(scl_pri.o)
SpTvMode            0x2               ../sbl6/segalib/lib/sega_spr.a(spr_1c.o)
SpScreenX           0x4               ../sbl6/segalib/lib/sega_spr.a(spr_1c.o)
SclRa               0x1               ../sbl6/segalib/lib/sega_scl.a(scl_func.o)
SclRotateZ          0x8               ../sbl6/segalib/lib/sega_scl.a(scl_func.o)
SpCharTbl           0x4               ../sbl6/segalib/lib/sega_spr.a(spr_2c.o)
SclAddrLsTbl        0x8               ../sbl6/segalib/lib/sega_scl.a(scl_func.o)
SclK_TableNum       0x8               ../sbl6/segalib/lib/sega_scl.a(scl_func.o)
SclAutoRed          0x2               ../sbl6/segalib/lib/sega_scl.a(scl_pri.o)
SpCmdTblR           0x2               ../sbl6/segalib/lib/sega_spr.a(spr_2c.o)
SclAutoInterval     0x4               ../sbl6/segalib/lib/sega_scl.a(scl_pri.o)
SclOtherPri         0x10              ../sbl6/segalib/lib/sega_scl.a(scl_pri.o)
per_time_out_flg    0x1               ../sbl6/segalib/lib/sega_per.a(per_prt.o)
SclRotateTableAddress
                    0x4               ../sbl6/segalib/lib/sega_scl.a(scl_func.o)
SpMstCmdPos         0x4               ../sbl6/segalib/lib/sega_spr.a(spr_2c.o)
SpSlvCmd            0x4               ../sbl6/segalib/lib/sega_spr.a(spr_2c.o)
SclAutoRGB          0x600             ../sbl6/segalib/lib/sega_scl.a(scl_pri.o)
errno               0x4               c:/saturn/SH_COFF/sh-coff/bin/../lib/gcc/sh-coff/3.4-GNUSH_v0501/../../../../sh-coff/lib\libc.a(syscalls.o)
SclK_TableFlag      0x4               ../sbl6/segalib/lib/sega_scl.a(scl_func.o)
SclAutoEndRed2      0x2               ../sbl6/segalib/lib/sega_scl.a(scl_pri.o)
SclCsy              0x8               ../sbl6/segalib/lib/sega_scl.a(scl_ro00.o)
SclSpPriNum         0x8               ../sbl6/segalib/lib/sega_scl.a(scl_pri.o)
Scl_w_reg           0x20              ../sbl6/segalib/lib/sega_scl.a(scl_func.o)
SpLCoordY           0x4               ../sbl6/segalib/lib/sega_spr.a(spr_2c.o)
Scl_n_reg           0x40              ../sbl6/segalib/lib/sega_scl.a(scl_func.o)

Memory Configuration

Name             Origin             Length             Attributes
*default*        0x00000000         0xffffffff

Linker script and memory map

LOAD ../sbl6/segasmp/lib/strt1_g.o
LOAD ../sbl6/segasmp/lib/strt2_g.o
LOAD vblank.o
LOAD ../sbl6/segasmp/per/smpclib/per_x1.o
LOAD ../sbl6/segasmp/per/smpclib/per_x2.o
LOAD ../sbl6/segasmp/per/smpclib/per_x3.o
LOAD graphics.o
LOAD sprite.o
LOAD scroll.o
LOAD main.o
LOAD ../sbl6/segalib/lib/sega_int.a
LOAD ../sbl6/segalib/lib/sega_spr.a
LOAD ../sbl6/segalib/lib/sega_scl.a
LOAD ../sbl6/segalib/lib/sega_mth.a
LOAD ../sbl6/segalib/lib/sega_cdc.a
LOAD ../sbl6/segalib/lib/sega_adp.a
LOAD ../sbl6/segalib/lib/sega_per.a
LOAD ../sbl6/segalib/lib/sega_sat.a
LOAD c:/saturn/SH_COFF/sh-coff/bin/../lib/gcc/sh-coff/3.4-GNUSH_v0501\libgcc.a
LOAD c:/saturn/SH_COFF/sh-coff/bin/../lib/gcc/sh-coff/3.4-GNUSH_v0501/../../../../sh-coff/lib\libc.a
LOAD c:/saturn/SH_COFF/sh-coff/bin/../lib/gcc/sh-coff/3.4-GNUSH_v0501\libgcc.a

.text           0x06010000    0x11e70
 *(.text)
 .text          0x06010000       0x30 ../sbl6/segasmp/lib/strt1_g.o
                0x06010024                _D_END
                0x06010020                _D_BGN
                0x0601002c                _B_END
                0x06010028                _B_BGN
                0x06010000                START
 .text          0x06010030       0x60 ../sbl6/segasmp/lib/strt2_g.o
                0x06010050                _INITSCT
                0x06010030                _INIT
 .text          0x06010090      0x4b0 vblank.o
                0x06010090                SetVblank
                0x06010440                UsrVblankOut
                0x060100f0                UsrVblankIn
 .text          0x06010540      0x430 ../sbl6/segasmp/per/smpclib/per_x1.o
                0x060108d4                PER_GetAnalogXYZ
                0x06010564                PER_GetTriggerHandler
                0x060107fe                PER_GetEdge
                0x0601077c                PER_GetTrigger
                0x06010828                PER_GetPressEdge
                0x0601087c                PER_GetReleaseEdge
                0x06010540                PER_SetTriggerHandler
 .text          0x06010970      0x200 ../sbl6/segasmp/per/smpclib/per_x2.o
                0x06010a74                PER_GetDeviceA
                0x06010970                PER_OpenPort
                0x060109a8                PER_GetPort
                0x06010aee                PER_GetDeviceR
 .text          0x06010b70       0x20 ../sbl6/segasmp/per/smpclib/per_x3.o
                0x06010b70                PER_DisguiseTrigger
 .text          0x06010b90     0x6790 graphics.o
                0x06015798                test
                0x06010b90                map1
                0x06012b90                wood_chr
                0x06015390                wood_pal
                0x06015998                bunny
                0x06015790                dimensions
 .text          0x06017320      0x2e0 sprite.o
                0x06017320                draw_sprite
                0x060175c0                make_sprite
 .text          0x06017600      0x2e0 scroll.o
                0x060178a0                get_map_val
                0x06017770                set_scroll
                0x06017600                init_scroll
 .text          0x060178e0      0x250 main.o
                0x060178e0                main
 .text          0x06017b30       0x40 ../sbl6/segalib/lib/sega_int.a(int.o)
                0x06017b5c                INT_GetScuFunc
                0x06017b30                INT_SetScuFunc
 .text          0x06017b70      0x624 ../sbl6/segalib/lib/sega_int.a(int_trmp.o)
                0x06017cd8                __interrupt_handler60
                0x06017e88                __interrupt_handler132
                0x0601803e                __interrupt_handler205
                0x06017ea6                __interrupt_handler137
                0x06017dd4                __interrupt_handler102
                0x06017c12                __interrupt_handler27
                0x06018014                __interrupt_handler198
                0x06017f06                __interrupt_handler153
                0x06017bee                __interrupt_handler21
                0x06017cfc                __interrupt_handler66
                0x06017dec                __interrupt_handler106
                0x06017f36                __interrupt_handler161
                0x06017d80                __interrupt_handler88
                0x06017f4e                __interrupt_handler165
                0x06017e5e                __interrupt_handler125
                0x06017b94                __interrupt_handler6
                0x06017c30                __interrupt_handler32
                0x06017fea                __interrupt_handler191
                0x06018104                __interrupt_handler238
                0x0601811c                __interrupt_handler242
                0x06017f24                __interrupt_handler158
                0x06017d8c                __interrupt_handler90
                0x06017f48                __interrupt_handler164
                0x06017c6c                __interrupt_handler42
                0x06017fae                __interrupt_handler181
                0x060180b6                __interrupt_handler225
                0x0601815e                __interrupt_handler253
                0x06017f72                __interrupt_handler171
                0x06017d2c                __interrupt_handler74
                0x06017b82                __interrupt_handler3
                0x06017cc6                __interrupt_handler57
                0x06017bc4                __interrupt_handler14
                0x0601805c                __interrupt_handler210
                0x0601808c                __interrupt_handler218
                0x06018050                __interrupt_handler208
                0x06017c54                __interrupt_handler38
                0x06017b70                __interrupt_handler0
                0x06017de0                __interrupt_handler104
                0x06017f1e                __interrupt_handler157
                0x0601806e                __interrupt_handler213
                0x06017f60                __interrupt_handler168
                0x06017d6e                __interrupt_handler85
                0x06017e0a                __interrupt_handler111
                0x06017e1c                __interrupt_handler114
                0x06017c8a                __interrupt_handler47
                0x060180e0                __interrupt_handler232
                0x060180aa                __interrupt_handler223
                0x060180fe                __interrupt_handler237
                0x06017cea                __interrupt_handler63
                0x06017c78                __interrupt_handler44
                0x06017f8a                __interrupt_handler175
                0x06017fb4                __interrupt_handler182
                0x06017fcc                __interrupt_handler186
                0x06017eca                __interrupt_handler143
                0x06017df2                __interrupt_handler107
                0x06017e58                __interrupt_handler124
                0x06017f78                __interrupt_handler172
                0x0601812e                __interrupt_handler245
                0x06017daa                __interrupt_handler95
                0x06017e82                __interrupt_handler131
                0x06017e94                __interrupt_handler134
                0x06017eb2                __interrupt_handler139
                0x06017d20                __interrupt_handler72
                0x060180da                __interrupt_handler231
                0x06017f30                __interrupt_handler160
                0x06017e76                __interrupt_handler129
                0x06017be8                __interrupt_handler20
                0x06017cf6                __interrupt_handler65
                0x06017cc0                __interrupt_handler56
                0x06017bbe                __interrupt_handler13
                0x06018056                __interrupt_handler209
                0x06017e10                __interrupt_handler112
                0x06017be2                __interrupt_handler19
                0x06017d9e                __interrupt_handler93
                0x06018008                __interrupt_handler196
                0x06017efa                __interrupt_handler151
                0x06017f5a                __interrupt_handler167
                0x06018170                __trampoline
                0x06017bd6                __interrupt_handler17
                0x060180c8                __interrupt_handler228
                0x0601816a                __interrupt_handler255
                0x06018128                __interrupt_handler244
                0x06017dc2                __interrupt_handler99
                0x06017fba                __interrupt_handler183
                0x06017eb8                __interrupt_handler140
                0x06017fde                __interrupt_handler189
                0x06017edc                __interrupt_handler146
                0x060180a4                __interrupt_handler222
                0x06017f18                __interrupt_handler156
                0x06017e4c                __interrupt_handler122
                0x06018140                __interrupt_handler248
                0x06017c90                __interrupt_handler48
                0x06017d0e                __interrupt_handler69
                0x06017c00                __interrupt_handler24
                0x06017d86                __interrupt_handler89
                0x0601807a                __interrupt_handler215
                0x06018164                __interrupt_handler254
                0x06017d7a                __interrupt_handler87
                0x06017cde                __interrupt_handler61
                0x06018002                __interrupt_handler195
                0x06017ef4                __interrupt_handler150
                0x06017c66                __interrupt_handler41
                0x06017e04                __interrupt_handler110
                0x06017e6a                __interrupt_handler127
                0x06017df8                __interrupt_handler108
                0x06017e16                __interrupt_handler113
                0x06017e28                __interrupt_handler116
                0x06017e46                __interrupt_handler121
                0x06017d3e                __interrupt_handler77
                0x06017c5a                __interrupt_handler39
                0x06017c72                __interrupt_handler43
                0x06018146                __interrupt_handler249
                0x06017f84                __interrupt_handler174
                0x06017ea0                __interrupt_handler136
                0x06017fd8                __interrupt_handler188
                0x06017ed6                __interrupt_handler145
                0x06017ba6                __interrupt_handler9
                0x06017d4a                __interrupt_handler79
                0x060180c2                __interrupt_handler227
                0x06017c3c                __interrupt_handler34
                0x06017e7c                __interrupt_handler130
                0x0601813a                __interrupt_handler247
                0x06017d32                __interrupt_handler75
                0x06017f7e                __interrupt_handler173
                0x06017cae                __interrupt_handler53
                0x06017eee                __interrupt_handler149
                0x06018152                __interrupt_handler251
                0x060180e6                __interrupt_handler233
                0x06017bac                __interrupt_handler10
                0x06018038                __interrupt_handler204
                0x06017d5c                __interrupt_handler82
                0x06017d62                __interrupt_handler83
                0x06017c06                __interrupt_handler25
                0x06018122                __interrupt_handler243
                0x06017f3c                __interrupt_handler162
                0x06017c84                __interrupt_handler46
                0x06017f9c                __interrupt_handler178
                0x06017d50                __interrupt_handler80
                0x06017ce4                __interrupt_handler62
                0x06017b7c                __interrupt_handler2
                0x06017c1e                __interrupt_handler29
                0x06017d14                __interrupt_handler70
                0x06017dfe                __interrupt_handler109
                0x06017ee8                __interrupt_handler148
                0x06017da4                __interrupt_handler94
                0x060180b0                __interrupt_handler224
                0x06017dda                __interrupt_handler103
                0x06017c48                __interrupt_handler36
                0x06017e64                __interrupt_handler126
                0x06018134                __interrupt_handler246
                0x06017cba                __interrupt_handler55
                0x06017bb8                __interrupt_handler12
                0x06017ca8                __interrupt_handler52
                0x06017fd2                __interrupt_handler187
                0x06017ed0                __interrupt_handler144
                0x06017e2e                __interrupt_handler117
                0x06017bdc                __interrupt_handler18
                0x0601800e                __interrupt_handler197
                0x06017f00                __interrupt_handler152
                0x06017e34                __interrupt_handler118
                0x06017f6c                __interrupt_handler170
                0x06018026                __interrupt_handler201
                0x06017db6                __interrupt_handler97
                0x06017f42                __interrupt_handler163
                0x06017fa8                __interrupt_handler180
                0x06017ff0                __interrupt_handler192
                0x06018110                __interrupt_handler240
                0x06017e52                __interrupt_handler123
                0x06018074                __interrupt_handler214
                0x06017c2a                __interrupt_handler31
                0x06017c18                __interrupt_handler28
                0x06017d02                __interrupt_handler67
                0x06017d08                __interrupt_handler68
                0x06017bf4                __interrupt_handler22
                0x06017bfa                __interrupt_handler23
                0x06017f90                __interrupt_handler176
                0x06017b9a                __interrupt_handler7
                0x0601809e                __interrupt_handler221
                0x06018086                __interrupt_handler217
                0x060180ce                __interrupt_handler229
                0x06017c96                __interrupt_handler49
                0x06017b88                __interrupt_handler4
                0x06017c60                __interrupt_handler40
                0x06017e22                __interrupt_handler115
                0x060180f2                __interrupt_handler235
                0x06017d92                __interrupt_handler91
                0x06018044                __interrupt_handler206
                0x06017f96                __interrupt_handler177
                0x06017ee2                __interrupt_handler147
                0x06017c4e                __interrupt_handler37
                0x0601814c                __interrupt_handler250
                0x06017b76                __interrupt_handler1
                0x06018092                __interrupt_handler219
                0x06017d38                __interrupt_handler76
                0x06017dc8                __interrupt_handler100
                0x06017ccc                __interrupt_handler58
                0x06017bca                __interrupt_handler15
                0x06018068                __interrupt_handler212
                0x06018116                __interrupt_handler241
                0x0601802c                __interrupt_handler202
                0x06017ff6                __interrupt_handler193
                0x06017d44                __interrupt_handler78
                0x06017c9c                __interrupt_handler50
                0x06017c36                __interrupt_handler33
                0x06017f54                __interrupt_handler166
                0x06017eac                __interrupt_handler138
                0x06017e9a                __interrupt_handler135
                0x06017c24                __interrupt_handler30
                0x06017fc0                __interrupt_handler184
                0x06017ebe                __interrupt_handler141
                0x060180d4                __interrupt_handler230
                0x060180f8                __interrupt_handler236
                0x06017e3a                __interrupt_handler119
                0x06017d74                __interrupt_handler86
                0x06017de6                __interrupt_handler105
                0x06017d56                __interrupt_handler81
                0x06017e40                __interrupt_handler120
                0x06017e70                __interrupt_handler128
                0x06017cb4                __interrupt_handler54
                0x06017bb2                __interrupt_handler11
                0x0601801a                __interrupt_handler199
                0x06017f0c                __interrupt_handler154
                0x06017c7e                __interrupt_handler45
                0x06018080                __interrupt_handler216
                0x06018032                __interrupt_handler203
                0x06017dce                __interrupt_handler101
                0x06017d68                __interrupt_handler84
                0x06017fc6                __interrupt_handler185
                0x06017ec4                __interrupt_handler142
                0x06017c0c                __interrupt_handler26
                0x06017cf0                __interrupt_handler64
                0x06018020                __interrupt_handler200
                0x0601804a                __interrupt_handler207
                0x06017ffc                __interrupt_handler194
                0x06017d98                __interrupt_handler92
                0x06017f12                __interrupt_handler155
                0x06018062                __interrupt_handler211
                0x06017e8e                __interrupt_handler133
                0x06017b8e                __interrupt_handler5
                0x06017d26                __interrupt_handler73
                0x06017bd0                __interrupt_handler16
                0x0601810a                __interrupt_handler239
                0x060180ec                __interrupt_handler234
                0x06017c42                __interrupt_handler35
                0x06017cd2                __interrupt_handler59
                0x06017f66                __interrupt_handler169
                0x06017dbc                __interrupt_handler98
                0x06017d1a                __interrupt_handler71
                0x06017ca2                __interrupt_handler51
                0x06017f2a                __interrupt_handler159
                0x060180bc                __interrupt_handler226
                0x06017db0                __interrupt_handler96
                0x06017fe4                __interrupt_handler190
                0x06018098                __interrupt_handler220
                0x06017ba0                __interrupt_handler8
                0x06017fa2                __interrupt_handler179
                0x06018158                __interrupt_handler252
 *fill*         0x06018194        0xc 00
 .text          0x060181a0     0x12a0 ../sbl6/segalib/lib/sega_spr.a(spr_2c.o)
                0x06019400                SlaveFlushDrawPrtyBlock
                0x060181a0                SPR_2Initial
                0x060189e4                SPR_2SysClip
                0x06018984                SPR_2LocalCoord
                0x0601927c                SPR_2FlushDrawPrtyBlock
                0x06018f68                SPR_2DistSpr
                0x0601896c                SPR_2FlushDrawPrty
                0x0601908c                SPR_2Cmd
                0x06018668                SPR_2GourTblNoToVram
                0x060186c8                SPR_2GetAreaSizeInfo
                0x06018430                SPR_2SetGourTbl
                0x06018c1c                SPR_2Polygon
                0x060186a4                SPR_2CharNoToVram
                0x060183b0                SPR_2SetTvMode
                0x0601880c                SPR_2CloseCommand
                0x060183ec                SPR_2FrameEraseData
                0x060181c8                SPR_2Initial2
                0x06018dfc                SPR_2ScaleSpr
                0x06018a8c                SPR_2Line
                0x06018758                SPR_2OpenCommand
                0x060183cc                SPR_2FrameChgIntr
                0x06018cd8                SPR_2NormSpr
                0x06018460                SPR_2SetLookupTbl
                0x06018494                SPR_2SetChar
                0x0601868c                SPR_2LookupTblNoToVram
                0x06018b60                SPR_2PolyLine
                0x06018600                SPR_2ClrAllChar
                0x060185b4                SPR_2ClrChar
                0x06018a30                SPR_2UserClip
 .text          0x06019440      0x1e6 ../sbl6/segalib/lib/sega_spr.a(spr_slv.o)
                0x060195a4                SPR_WaitEndSlaveSH
                0x06019440                SPR_SMPC_SSHON
                0x06019580                SPR_RunSlaveSH
                0x06019444                SPR_InitSlaveSH
                0x0601950c                SPR_SlaveSHmain
                0x06019441                SPR_SMPC_SSHOFF
 *fill*         0x06019626        0xa 00
 .text          0x06019630      0x36a ../sbl6/segalib/lib/sega_spr.a(spr_1c.o)
                0x060198e4                SPR_WaitDrawEnd
                0x060198fc                SPR_SetEosMode
                0x06019814                SPR_SetEraseData
                0x06019630                SPR_Initial
                0x06019708                SPR_SetTvMode
                0x060197a0                SPR_GetStatus
 *fill*         0x0601999a        0x6 00
 .text          0x060199a0      0x244 ../sbl6/segalib/lib/sega_spr.a(spr_2a.o)
                0x060199b2                sprMemCpyW
                0x06019a10                flushDrawPrtyBlock
                0x060199a0                sprMemCpyL
                0x060199c4                SPR_2SetDrawPrty
 *fill*         0x06019be4        0xc 00
 .text          0x06019bf0      0x2fc ../sbl6/segalib/lib/sega_scl.a(scl_vblv.o)
                0x06019cac                SCL_DisplayFrame
                0x06019bf0                SCL_SetFrameInterval
                0x06019ce0                SCL_VblInit
                0x06019d30                SCL_VblankStart
                0x06019d74                SCL_VblankEnd
 *fill*         0x06019eec        0x4 00
 .text          0x06019ef0      0xb9c ../sbl6/segalib/lib/sega_scl.a(scl_func.o)
                0x0601a8cc                SCL_Vdp2_SGLInit
                0x0601a7dc                SCL_PriIntProc
                0x0601a754                SCL_Memcpyw
                0x0601aa6c                SCL_SglOff
                0x0601aa4c                SCL_SglOn
                0x0601a6c0                SCL_ScrollShow
                0x0601a168                SCL_Close
                0x0601a460                SCL_Scale
                0x06019ef0                SCL_Vdp2Init
                0x0601a2d4                SCL_Move
                0x0601a59c                SCL_CopyReg
                0x0601a144                SCL_Open
                0x06019f74                SCL_ParametersInit
                0x0601a184                SCL_MoveTo
                0x0601a77c                SCL_SetColRamMode
 *fill*         0x0601aa8c        0x4 00
 .text          0x0601aa90      0x138 ../sbl6/segalib/lib/sega_scl.a(scl_pr03.o)
                0x0601aa90                SCL_FreeColRam
                0x0601aac8                SCL_AllocColRam
 *fill*         0x0601abc8        0x8 00
 .text          0x0601abd0       0x9c ../sbl6/segalib/lib/sega_scl.a(scl_pr02.o)
                0x0601abd0                SCL_SetColRam
 *fill*         0x0601ac6c        0x4 00
 .text          0x0601ac70       0x84 ../sbl6/segalib/lib/sega_scl.a(scl_back.o)
                0x0601ac70                SCL_SetBack
 *fill*         0x0601acf4        0xc 00
 .text          0x0601ad00      0x94c ../sbl6/segalib/lib/sega_scl.a(scl_fu03.o)
                0x0601ad5c                SCL_SetConfig
                0x0601ad00                SCL_InitConfigTb
 *fill*         0x0601b64c        0x4 00
 .text          0x0601b650      0x4f4 ../sbl6/segalib/lib/sega_scl.a(scl_fu02.o)
                0x0601b688                SCL_SetVramConfig
                0x0601b650                SCL_InitVramConfigTb
 *fill*         0x0601bb44        0xc 00
 .text          0x0601bb50       0x28 ../sbl6/segalib/lib/sega_scl.a(scl_fu04.o)
                0x0601bb50                SCL_SetCycleTable
 *fill*         0x0601bb78        0x8 00
 .text          0x0601bb80      0x214 ../sbl6/segalib/lib/sega_scl.a(scl_pr07.o)
                0x0601bb80                SCL_SetPriority
 *fill*         0x0601bd94        0xc 00
 .text          0x0601bda0       0x58 ../sbl6/segalib/lib/sega_scl.a(scl_pr01.o)
                0x0601bda0                SCL_SetSpriteMode
 *fill*         0x0601bdf8        0x8 00
 .text          0x0601be00     0x10a4 ../sbl6/segalib/lib/sega_scl.a(scl_pri.o)
                0x0601be94                SCL_AbortAutoVe
                0x0601cd44                SCL_SetShadowBit
                0x0601c30c                SCL_AutoExec
                0x0601be00                SCL_PriorityInit
                0x0601c820                SCL_IncColOffset
                0x0601bea8                SCL_SetColMixRate
                0x0601be78                SCL_GetColRamMode
 *fill*         0x0601cea4        0xc 00
 .text          0x0601ceb0     0x1394 ../sbl6/segalib/lib/sega_scl.a(scl_ro00.o)
                0x0601e09c                SCL_RotateZD
                0x0601d364                SCL_Rotate
                0x0601d038                SCL_InitRotateTable
 *fill*         0x0601e244        0xc 00
 .text          0x0601e250      0x1b4 ../sbl6/segalib/lib/sega_scl.a(scl_pr06.o)
                0x0601e250                SCL_SetColRamOffset
 *fill*         0x0601e404        0xc 00
 .text          0x0601e410       0xac ../sbl6/segalib/lib/sega_scl.a(scl_pr05.o)
                0x0601e410                SCL_GetColRamOffset
 *fill*         0x0601e4bc        0x4 00
 .text          0x0601e4c0       0xa4 ../sbl6/segalib/lib/sega_mth.a(mth_fixd.o)
                0x0601e510                MTH_FixedToInt
                0x0601e500                MTH_IntToFixed
                0x0601e4c0                MTH_Mul
                0x0601e520                MTH_Product
                0x0601e4e0                MTH_Div
 *fill*         0x0601e564        0xc 00
 .text          0x0601e570      0x600 ../sbl6/segalib/lib/sega_mth.a(mth_tri.o)
                0x0601e60c                fcos
                0x0601e612                fsin
                0x0601e5bc                MTH_Cos
                0x0601e570                MTH_Sin
                0x0601e7b0                MTH_Atan
 .text          0x0601eb70      0xf50 ../sbl6/segalib/lib/sega_per.a(per_prt.o)
                0x0601ef90                PER_IntFunc
                0x0601ed88                PER_LGetPer
                0x0601eb70                PER_LInit
 .text          0x0601fac0      0x1f4 ../sbl6/segalib/lib/sega_sat.a(DMA_SCU1.o)
                0x0601fc1c                DMA_ScuResult
                0x0601fac0                DMA_ScuInit
                0x0601fb10                DMA_ScuMemCopy
 *fill*         0x0601fcb4        0xc 00
 .text          0x0601fcc0      0x308 ../sbl6/segalib/lib/sega_sat.a(DMA_SCU0.o)
                0x0601fd44                DMA_ScuStart
                0x0601fe78                DMA_ScuIntFunc0
                0x0601fee8                DMA_ScuIntFunc1
                0x0601ff58                DMA_ScuIntFunc2
                0x0601fe38                DMA_ScuGetStatus
                0x0601fcc0                DMA_ScuSetPrm
 *fill*         0x0601ffc8        0x8 00
 .text          0x0601ffd0       0xe8 ../sbl6/segalib/lib/sega_sat.a(csh_main.o)
                0x0601ffd0                CSH_Init
                0x06020038                CSH_AllClr
                0x06020084                CSH_Purge
 *fill*         0x060200b8        0x8 00
 .text          0x060200c0       0xa0 c:/saturn/SH_COFF/sh-coff/bin/../lib/gcc/sh-coff/3.4-GNUSH_v0501\libgcc.a(__main.o)
                0x06020134                __main
                0x060200c0                __do_global_dtors
                0x060200f4                __do_global_ctors
 .text          0x06020160       0x70 c:/saturn/SH_COFF/sh-coff/bin/../lib/gcc/sh-coff/3.4-GNUSH_v0501\libgcc.a(_udivsi3.o)
                0x06020182                __udivsi3
 .text          0x060201d0       0x90 c:/saturn/SH_COFF/sh-coff/bin/../lib/gcc/sh-coff/3.4-GNUSH_v0501\libgcc.a(_ashiftlt.o)
                0x060201d0                __ashlsi3
 .text          0x06020260       0x60 c:/saturn/SH_COFF/sh-coff/bin/../lib/gcc/sh-coff/3.4-GNUSH_v0501\libgcc.a(_ashiftrt.o)
                0x0602026c                __ashiftrt_r4_27
                0x060202a0                __ashiftrt_r4_6
                0x06020290                __ashiftrt_r4_14
                0x06020282                __ashiftrt_r4_19
                0x0602029a                __ashiftrt_r4_9
                0x060202ae                __ashiftrt_r4_0
                0x06020260                __ashiftrt_r4_31
                0x0602026e                __ashiftrt_r4_26
                0x0602027c                __ashiftrt_r4_22
                0x06020288                __ashiftrt_r4_16
                0x06020294                __ashiftrt_r4_12
                0x06020268                __ashiftrt_r4_29
                0x06020286                __ashiftrt_r4_17
                0x06020266                __ashiftrt_r4_30
                0x060202a2                __ashiftrt_r4_5
                0x0602029c                __ashiftrt_r4_8
                0x06020260                __ashiftrt_r4_32
                0x06020270                __ashiftrt_r4_25
                0x060202a8                __ashiftrt_r4_2
                0x06020272                __ashiftrt_r4_24
                0x0602028e                __ashiftrt_r4_15
                0x06020298                __ashiftrt_r4_10
                0x060202aa                __ashiftrt_r4_1
                0x0602026a                __ashiftrt_r4_28
                0x06020280                __ashiftrt_r4_20
                0x0602029e                __ashiftrt_r4_7
                0x06020292                __ashiftrt_r4_13
                0x06020296                __ashiftrt_r4_11
                0x060202a4                __ashiftrt_r4_4
                0x0602027a                __ashiftrt_r4_23
                0x06020284                __ashiftrt_r4_18
                0x0602027e                __ashiftrt_r4_21
                0x060202a6                __ashiftrt_r4_3
 .text          0x060202c0       0xb0 c:/saturn/SH_COFF/sh-coff/bin/../lib/gcc/sh-coff/3.4-GNUSH_v0501\libgcc.a(_si_to_df.o)
                0x060202c0                __floatsidf
 .text          0x06020370      0x2e0 c:/saturn/SH_COFF/sh-coff/bin/../lib/gcc/sh-coff/3.4-GNUSH_v0501\libgcc.a(_mul_df.o)
                0x06020380                __muldf3
 .text          0x06020650       0x80 c:/saturn/SH_COFF/sh-coff/bin/../lib/gcc/sh-coff/3.4-GNUSH_v0501\libgcc.a(_df_to_si.o)
                0x06020650                __fixdfsi
 .text          0x060206d0      0x220 c:/saturn/SH_COFF/sh-coff/bin/../lib/gcc/sh-coff/3.4-GNUSH_v0501\libgcc.a(_pack_df.o)
                0x060206e0                __pack_d
 .text          0x060208f0      0x120 c:/saturn/SH_COFF/sh-coff/bin/../lib/gcc/sh-coff/3.4-GNUSH_v0501\libgcc.a(_unpack_df.o)
                0x06020900                __unpack_d
 .text          0x06020a10       0x20 c:/saturn/SH_COFF/sh-coff/bin/../lib/gcc/sh-coff/3.4-GNUSH_v0501\libgcc.a(_thenan_df.o)
                0x06020a10                __thenan_df
 .text          0x06020a30       0xd0 c:/saturn/SH_COFF/sh-coff/bin/../lib/gcc/sh-coff/3.4-GNUSH_v0501\libgcc.a(_muldi3.o)
                0x06020a30                __muldi3
 .text          0x06020b00       0x80 c:/saturn/SH_COFF/sh-coff/bin/../lib/gcc/sh-coff/3.4-GNUSH_v0501\libgcc.a(_lshrdi3.o)
                0x06020b00                __lshrdi3
 .text          0x06020b80       0x80 c:/saturn/SH_COFF/sh-coff/bin/../lib/gcc/sh-coff/3.4-GNUSH_v0501\libgcc.a(_ashldi3.o)
                0x06020b80                __ashldi3
 .text          0x06020c00       0x30 c:/saturn/SH_COFF/sh-coff/bin/../lib/gcc/sh-coff/3.4-GNUSH_v0501\libgcc.a(_mulsi3.o)
                0x06020c00                __mulsi3
 .text          0x06020c30       0x90 c:/saturn/SH_COFF/sh-coff/bin/../lib/gcc/sh-coff/3.4-GNUSH_v0501\libgcc.a(_lshiftrt.o)
                0x06020c30                __lshrsi3
 .text          0x06020cc0       0xa0 c:/saturn/SH_COFF/sh-coff/bin/../lib/gcc/sh-coff/3.4-GNUSH_v0501/../../../../sh-coff/lib\libc.a(memcpy.o)
                0x06020cc0                memcpy
 .text          0x06020d60       0x40 c:/saturn/SH_COFF/sh-coff/bin/../lib/gcc/sh-coff/3.4-GNUSH_v0501/../../../../sh-coff/lib\libc.a(memset.o)
                0x06020d60                memset
 .text          0x06020da0       0x90 c:/saturn/SH_COFF/sh-coff/bin/../lib/gcc/sh-coff/3.4-GNUSH_v0501/../../../../sh-coff/lib\libc.a(atexit.o)
                0x06020da0                atexit
 .text          0x06020e30       0x10 c:/saturn/SH_COFF/sh-coff/bin/../lib/gcc/sh-coff/3.4-GNUSH_v0501/../../../../sh-coff/lib\libc.a(impure.o)
                0x06020e30                _global_impure_ptr
 .text          0x06020e40       0x40 c:/saturn/SH_COFF/sh-coff/bin/../lib/gcc/sh-coff/3.4-GNUSH_v0501/../../../../sh-coff/lib\libc.a(malloc.o)
                0x06020e5c                free
                0x06020e40                malloc
 .text          0x06020e80      0x5b0 c:/saturn/SH_COFF/sh-coff/bin/../lib/gcc/sh-coff/3.4-GNUSH_v0501/../../../../sh-coff/lib\libc.a(mallocr.o)
                0x06020e80                _malloc_r
 .text          0x06021430      0x340 c:/saturn/SH_COFF/sh-coff/bin/../lib/gcc/sh-coff/3.4-GNUSH_v0501/../../../../sh-coff/lib\libc.a(freer.o)
                0x06021430                _malloc_trim_r
                0x06021524                _free_r
 .text          0x06021770       0x20 c:/saturn/SH_COFF/sh-coff/bin/../lib/gcc/sh-coff/3.4-GNUSH_v0501/../../../../sh-coff/lib\libc.a(mlock.o)
                0x06021770                __malloc_lock
                0x0602177c                __malloc_unlock
 .text          0x06021790       0x50 c:/saturn/SH_COFF/sh-coff/bin/../lib/gcc/sh-coff/3.4-GNUSH_v0501/../../../../sh-coff/lib\libc.a(sbrkr.o)
                0x06021790                _sbrk_r
 .text          0x060217e0      0x380 c:/saturn/SH_COFF/sh-coff/bin/../lib/gcc/sh-coff/3.4-GNUSH_v0501/../../../../sh-coff/lib\libc.a(syscalls.o)
                0x0602194c                _exit
                0x06021980                _getpid
                0x060219e8                _utime
                0x06021818                _write
                0x060217e0                _read
                0x06021934                _unlink
                0x060218fc                _open
                0x06021998                _stat
                0x06021940                isatty
                0x06021a18                _wait
                0x06021964                _kill
                0x060219b4                _chmod
                0x06021a48                _execv
                0x06021a2c                _execve
                0x06021b24                __setup_argv_and_call_main
                0x06021a80                _gettimeofday
                0x0602184c                _link
                0x0602198c                _raise
                0x06021918                _creat
                0x06021a60                _pipe
                0x060219cc                _chown
                0x060217fc                _lseek
                0x06021834                _close
                0x06021a74                _times
                0x060218e8                _fstat
                0x06021a04                _fork
                0x06021874                _sbrk
 .text          0x06021b60       0x20 c:/saturn/SH_COFF/sh-coff/bin/../lib/gcc/sh-coff/3.4-GNUSH_v0501/../../../../sh-coff/lib\libc.a(trap.o)
                0x06021b60                __trap34
 .text          0x06021b80       0x20 c:/saturn/SH_COFF/sh-coff/bin/../lib/gcc/sh-coff/3.4-GNUSH_v0501/../../../../sh-coff/lib\libc.a(abort.o)
                0x06021b80                abort
 .text          0x06021ba0      0x270 c:/saturn/SH_COFF/sh-coff/bin/../lib/gcc/sh-coff/3.4-GNUSH_v0501/../../../../sh-coff/lib\libc.a(signal.o)
                0x06021c60                _raise_r
                0x06021de8                __sigtramp
                0x06021d94                raise
                0x06021dd0                _init_signal
                0x06021d20                __sigtramp_r
                0x06021db0                signal
                0x06021bec                _signal_r
                0x06021ba0                _init_signal_r
 .text          0x06021e10       0x60 c:/saturn/SH_COFF/sh-coff/bin/../lib/gcc/sh-coff/3.4-GNUSH_v0501/../../../../sh-coff/lib\libc.a(signalr.o)
                0x06021e58                _getpid_r
                0x06021e10                _kill_r
 *(.strings)

.tors           0x06021e70        0x0
                0x06021e70                ___ctors = .
 *(.ctors)
                0x06021e70                ___ctors_end = .
                0x06021e70                ___dtors = .
 *(.dtors)
                0x06021e70                ___dtors_end = .

.data           0x06021e70     0x10c0
                0x06021e70                STARTOF_R = .
 *(.data)
 .data          0x06021e70      0x400 ../sbl6/segasmp/per/smpclib/per_x1.o
 .data          0x06022270       0x10 graphics.o
                0x06022270                tiles
 .data          0x06022280       0x10 scroll.o
                0x06022280                CycleTb
 .data          0x06022290       0x30 main.o
 .data          0x060222c0      0x400 ../sbl6/segalib/lib/sega_int.a(int.o)
 .data          0x060226c0       0x1c ../sbl6/segalib/lib/sega_spr.a(spr_slv.o)
                0x060226c8                SPR_SlaveParam
                0x060226d8                SPR_SMPC_SF
                0x060226d0                SPR_SMPC_COM
                0x060226cc                SPR_SlaveSHEntry
                0x060226c4                SPR_SlaveState
                0x060226c0                SPR_SlaveCommand
                0x060226d4                SPR_SMPC_RET
 *fill*         0x060226dc        0x4 00
 .data          0x060226e0       0x34 ../sbl6/segalib/lib/sega_spr.a(spr_1c.o)
                0x060226e0                SpInitialFlag
 *fill*         0x06022714        0xc 00
 .data          0x06022720       0x1c ../sbl6/segalib/lib/sega_scl.a(scl_vblv.o)
                0x06022728                VBInterval
                0x06022730                ReqDisplayFlag
                0x06022720                SpFrameChgMode
                0x0602272c                VBIntervalCounter
                0x06022724                SpFrameEraseMode
 *fill*         0x0602273c        0x4 00
 .data          0x06022740       0x36 ../sbl6/segalib/lib/sega_scl.a(scl_func.o)
                0x06022750                SclRotregBuff
                0x0602274c                SclDisplayY
                0x06022754                SclRotateTableMode
                0x06022748                SclProcess
                0x06022744                SclCurSclNum
                0x06022740                SclLengthLsTbl
                0x0602274a                SclDisplayX
                0x06022742                SclLengthCsTbl
 *fill*         0x06022776        0xa 00
 .data          0x06022780       0x18 ../sbl6/segalib/lib/sega_scl.a(scl_pri.o)
                0x06022784                SclRealSpPriNum
                0x06022794                SclRealColOffset
                0x06022790                SclRealBgColMix
                0x0602278c                SclRealSpColMix
                0x06022788                SclRealBgPriNum
                0x06022780                SclRealOtherPri
 *fill*         0x06022798        0x8 00
 .data          0x060227a0      0x380 c:/saturn/SH_COFF/sh-coff/bin/../lib/gcc/sh-coff/3.4-GNUSH_v0501/../../../../sh-coff/lib\libc.a(impure.o)
                0x06022b1c                _impure_ptr
 .data          0x06022b20      0x410 c:/saturn/SH_COFF/sh-coff/bin/../lib/gcc/sh-coff/3.4-GNUSH_v0501/../../../../sh-coff/lib\libc.a(mallocr.o)
                0x06022b28                __malloc_av_
                0x06022b24                __malloc_trim_threshold
                0x06022b20                __malloc_sbrk_base
                0x06022f30                SIZEOF_R = (. - STARTOF_R)
                0x06022f30                ENDOF_R = .

.bss            0x06022f30     0x50f4
                0x06022f30                STARTOF_B = .
 *(.bss)
 .bss           0x06022f30       0x10 vblank.o
                0x06022f34                PadData2E
                0x06022f3a                PadData1
                0x06022f36                PadData2
                0x06022f38                PadData1E
                0x06022f30                __port
 .bss           0x06022f40       0xd0 ../sbl6/segasmp/per/smpclib/per_x2.o
 .bss           0x06023010       0x20 scroll.o
                0x06023010                copy_mode
                0x06023014                map_tile_y
                0x06023018                map_tile_x
 .bss           0x06023030     0x3390 main.o
 .bss           0x060263c0       0x6e ../sbl6/segalib/lib/sega_spr.a(spr_2c.o)
 *fill*         0x0602642e        0x2 00
 .bss           0x06026430        0x4 ../sbl6/segalib/lib/sega_scl.a(scl_vblv.o)
 *fill*         0x06026434        0xc 00
 .bss           0x06026440        0x4 ../sbl6/segalib/lib/sega_scl.a(scl_func.o)
 *fill*         0x06026444        0xc 00
 .bss           0x06026450       0x48 ../sbl6/segalib/lib/sega_scl.a(scl_ro00.o)
 *fill*         0x06026498        0x8 00
 .bss           0x060264a0       0x9c ../sbl6/segalib/lib/sega_per.a(per_prt.o)
 *fill*         0x0602653c        0x4 00
 .bss           0x06026540        0xc ../sbl6/segalib/lib/sega_sat.a(DMA_SCU1.o)
 *fill*         0x0602654c        0x4 00
 .bss           0x06026550       0x20 ../sbl6/segalib/lib/sega_sat.a(DMA_SCU0.o)
 .bss           0x06026570       0x10 c:/saturn/SH_COFF/sh-coff/bin/../lib/gcc/sh-coff/3.4-GNUSH_v0501\libgcc.a(__main.o)
 .bss           0x06026580       0x10 c:/saturn/SH_COFF/sh-coff/bin/../lib/gcc/sh-coff/3.4-GNUSH_v0501/../../../../sh-coff/lib\libc.a(atexit.o)
 .bss           0x06026590       0x40 c:/saturn/SH_COFF/sh-coff/bin/../lib/gcc/sh-coff/3.4-GNUSH_v0501/../../../../sh-coff/lib\libc.a(mallocr.o)
                0x060265c0                __malloc_top_pad
                0x06026590                __malloc_current_mallinfo
                0x060265bc                __malloc_max_sbrked_mem
                0x060265b8                __malloc_max_total_mem
 .bss           0x060265d0       0x10 c:/saturn/SH_COFF/sh-coff/bin/../lib/gcc/sh-coff/3.4-GNUSH_v0501/../../../../sh-coff/lib\libc.a(syscalls.o)
 *(COMMON)
 COMMON         0x060265e0      0x400 ../sbl6/segalib/lib/sega_int.a(int.o)
                                  0x0 (size before relaxing)
                0x060265e0                __interrupt_vector
 COMMON         0x060269e0       0x50 ../sbl6/segalib/lib/sega_spr.a(spr_2c.o)
                                  0x0 (size before relaxing)
                0x060269e0                SpMstCmd
                0x060269e4                Sp2OpenFlag
                0x060269e8                SpGourTblMax
                0x060269ec                SpDrawPrtyBlk
                0x060269f0                SpLCoordX
                0x060269f4                SpMstDrawPrtyBlk
                0x060269f8                SpGourTbl
                0x060269fc                SpLookupTblR
                0x06026a00                SpCmdTbl
                0x06026a04                SpCharMax
                0x06026a08                SpDrawPrtyProcFlag
                0x06026a0c                SpCmdNo
                0x06026a10                SpDrawPrtyBlkMax
                0x06026a14                SpSlvCmdPos
                0x06026a18                SpSlvDrawPrtyBlk
                0x06026a1c                SpCharTbl
                0x06026a20                SpCmdTblR
                0x06026a24                SpMstCmdPos
                0x06026a28                SpSlvCmd
                0x06026a2c                SpLCoordY
 COMMON         0x06026a30       0x10 ../sbl6/segalib/lib/sega_spr.a(spr_1c.o)
                                  0x0 (size before relaxing)
                0x06026a30                SpScreenY
                0x06026a34                SpFbcrMode
                0x06026a36                SpDil
                0x06026a38                SpDie
                0x06026a3a                SpTvMode
                0x06026a3c                SpScreenX
 COMMON         0x06026a40      0xf00 ../sbl6/segalib/lib/sega_scl.a(scl_func.o)
                                  0x0 (size before relaxing)
                0x06026a40                SclRbgKtbAddr
                0x06026a48                SclRb
                0x06026a4a                Scl_flag
                0x06026a50                SclK_TableBuff
                0x06027720                SclAddrCsTbl
                0x06027730                Scl_s_reg
                0x06027758                SclRotateXy
                0x06027760                Scl_d_reg
                0x060277a8                SclRotateDisp
                0x060277b0                SclRotateMoveZ
                0x060277b8                SclRotXySw
                0x060277c0                Scl_r_reg
                0x060277d0                SclRPMD
                0x060277d8                SclRbgKtbOffset
                0x060277e0                _SclRotregBuff
                0x060278b0                SclRa
                0x060278b8                SclRotateZ
                0x060278c0                SclAddrLsTbl
                0x060278c8                SclK_TableNum
                0x060278d0                SclRotateTableAddress
                0x060278d4                SclK_TableFlag
                0x060278e0                Scl_w_reg
                0x06027900                Scl_n_reg
 COMMON         0x06027940      0x6b0 ../sbl6/segalib/lib/sega_scl.a(scl_pri.o)
                                  0x0 (size before relaxing)
                0x06027940                SclAutoEndBlue2
                0x06027950                SclColOffset
                0x06027960                SclPriBuffDirty
                0x06027962                SclAutoEndRed
                0x06027964                SclAutoSurface
                0x06027968                SclAutoGreen
                0x0602796a                SclAutoEndGreen
                0x0602796c                SclAutoCount
                0x06027970                SclColRamAlloc256
                0x06027990                SclAutoCurRate
                0x06027991                SclAutoPlusFlag
                0x06027998                SclSpColMix
                0x060279a0                SclAutoMax
                0x060279a4                SclLineColRamOffset
                0x060279a8                SclColRamAlloc2048
                0x060279ac                SclBgPriNum
                0x060279b2                SclAutoEndBlue
                0x060279b4                SclAutoEndGreen2
                0x060279b6                SclAutoVeFlag
                0x060279b8                SclBgColMix
                0x060279c0                SclAutoIndex
                0x060279c4                SclAutoEndRate
                0x060279c6                SclAutoBlue
                0x060279c8                SclAutoRed
                0x060279cc                SclAutoInterval
                0x060279d0                SclOtherPri
                0x060279e0                SclAutoRGB
                0x06027fe0                SclAutoEndRed2
                0x06027fe8                SclSpPriNum
 COMMON         0x06027ff0       0x10 ../sbl6/segalib/lib/sega_scl.a(scl_ro00.o)
                                  0x0 (size before relaxing)
                0x06027ff0                SclCsx
                0x06027ff8                SclCsy
 COMMON         0x06028000       0x15 ../sbl6/segalib/lib/sega_per.a(per_prt.o)
                                  0x0 (size before relaxing)
                0x06028000                per_get_time_flg
                0x06028001                per_hot_res
                0x06028002                per_set_sys_flg
                0x06028004                per_get_time_adr
                0x06028008                per_get_sys_data
                0x06028014                per_time_out_flg
 *fill*         0x06028015        0xb 00
 COMMON         0x06028020        0x4 c:/saturn/SH_COFF/sh-coff/bin/../lib/gcc/sh-coff/3.4-GNUSH_v0501/../../../../sh-coff/lib\libc.a(syscalls.o)
                                  0x0 (size before relaxing)
                0x06028020                errno
                0x06028024                SIZEOF_B = (. - STARTOF_B)
                0x06028024                ENDOF_B = .
                0x06028024                _end = .
OUTPUT(main.cof coff-sh)

.comment        0x06028030      0x3a0
 .comment       0x06028030       0x20 ../sbl6/segasmp/lib/strt2_g.o
 .comment       0x06028050       0x20 vblank.o
 .comment       0x06028070       0x20 ../sbl6/segasmp/per/smpclib/per_x1.o
 .comment       0x06028090       0x20 ../sbl6/segasmp/per/smpclib/per_x2.o
 .comment       0x060280b0       0x20 graphics.o
 .comment       0x060280d0       0x20 sprite.o
 .comment       0x060280f0       0x20 scroll.o
 .comment       0x06028110       0x20 main.o
 .comment       0x06028130       0x20 c:/saturn/SH_COFF/sh-coff/bin/../lib/gcc/sh-coff/3.4-GNUSH_v0501\libgcc.a(__main.o)
 .comment       0x06028150       0x20 c:/saturn/SH_COFF/sh-coff/bin/../lib/gcc/sh-coff/3.4-GNUSH_v0501\libgcc.a(_si_to_df.o)
 .comment       0x06028170       0x20 c:/saturn/SH_COFF/sh-coff/bin/../lib/gcc/sh-coff/3.4-GNUSH_v0501\libgcc.a(_mul_df.o)
 .comment       0x06028190       0x20 c:/saturn/SH_COFF/sh-coff/bin/../lib/gcc/sh-coff/3.4-GNUSH_v0501\libgcc.a(_df_to_si.o)
 .comment       0x060281b0       0x20 c:/saturn/SH_COFF/sh-coff/bin/../lib/gcc/sh-coff/3.4-GNUSH_v0501\libgcc.a(_pack_df.o)
 .comment       0x060281d0       0x20 c:/saturn/SH_COFF/sh-coff/bin/../lib/gcc/sh-coff/3.4-GNUSH_v0501\libgcc.a(_unpack_df.o)
 .comment       0x060281f0       0x20 c:/saturn/SH_COFF/sh-coff/bin/../lib/gcc/sh-coff/3.4-GNUSH_v0501\libgcc.a(_thenan_df.o)
 .comment       0x06028210       0x20 c:/saturn/SH_COFF/sh-coff/bin/../lib/gcc/sh-coff/3.4-GNUSH_v0501\libgcc.a(_muldi3.o)
 .comment       0x06028230       0x20 c:/saturn/SH_COFF/sh-coff/bin/../lib/gcc/sh-coff/3.4-GNUSH_v0501\libgcc.a(_lshrdi3.o)
 .comment       0x06028250       0x20 c:/saturn/SH_COFF/sh-coff/bin/../lib/gcc/sh-coff/3.4-GNUSH_v0501\libgcc.a(_ashldi3.o)
 .comment       0x06028270       0x20 c:/saturn/SH_COFF/sh-coff/bin/../lib/gcc/sh-coff/3.4-GNUSH_v0501/../../../../sh-coff/lib\libc.a(atexit.o)
 .comment       0x06028290       0x20 c:/saturn/SH_COFF/sh-coff/bin/../lib/gcc/sh-coff/3.4-GNUSH_v0501/../../../../sh-coff/lib\libc.a(impure.o)
 .comment       0x060282b0       0x20 c:/saturn/SH_COFF/sh-coff/bin/../lib/gcc/sh-coff/3.4-GNUSH_v0501/../../../../sh-coff/lib\libc.a(malloc.o)
 .comment       0x060282d0       0x20 c:/saturn/SH_COFF/sh-coff/bin/../lib/gcc/sh-coff/3.4-GNUSH_v0501/../../../../sh-coff/lib\libc.a(mallocr.o)
 .comment       0x060282f0       0x20 c:/saturn/SH_COFF/sh-coff/bin/../lib/gcc/sh-coff/3.4-GNUSH_v0501/../../../../sh-coff/lib\libc.a(freer.o)
 .comment       0x06028310       0x20 c:/saturn/SH_COFF/sh-coff/bin/../lib/gcc/sh-coff/3.4-GNUSH_v0501/../../../../sh-coff/lib\libc.a(mlock.o)
 .comment       0x06028330       0x20 c:/saturn/SH_COFF/sh-coff/bin/../lib/gcc/sh-coff/3.4-GNUSH_v0501/../../../../sh-coff/lib\libc.a(sbrkr.o)
 .comment       0x06028350       0x20 c:/saturn/SH_COFF/sh-coff/bin/../lib/gcc/sh-coff/3.4-GNUSH_v0501/../../../../sh-coff/lib\libc.a(syscalls.o)
 .comment       0x06028370       0x20 c:/saturn/SH_COFF/sh-coff/bin/../lib/gcc/sh-coff/3.4-GNUSH_v0501/../../../../sh-coff/lib\libc.a(abort.o)
 .comment       0x06028390       0x20 c:/saturn/SH_COFF/sh-coff/bin/../lib/gcc/sh-coff/3.4-GNUSH_v0501/../../../../sh-coff/lib\libc.a(signal.o)
 .comment       0x060283b0       0x20 c:/saturn/SH_COFF/sh-coff/bin/../lib/gcc/sh-coff/3.4-GNUSH_v0501/../../../../sh-coff/lib\libc.a(signalr.o)
