Archive member included because of file (symbol)

../sbl6/segalib/lib/sega_int.a(int.o)
                              vblank.o (INT_SetScuFunc)
../sbl6/segalib/lib/sega_int.a(int_trmp.o)
                              ../sbl6/segalib/lib/sega_int.a(int.o) (__interrupt_handler0)
../sbl6/segalib/lib/sega_spr.a(spr_2c.o)
                              sprite.o (SPR_2Initial)
../sbl6/segalib/lib/sega_spr.a(spr_slv.o)
                              ../sbl6/segalib/lib/sega_spr.a(spr_2c.o) (SPR_InitSlaveSH)
../sbl6/segalib/lib/sega_spr.a(spr_1c.o)
                              ../sbl6/segalib/lib/sega_spr.a(spr_2c.o) (SPR_Initial)
../sbl6/segalib/lib/sega_spr.a(spr_2a.o)
                              ../sbl6/segalib/lib/sega_spr.a(spr_2c.o) (SPR_2SetDrawPrty)
../sbl6/segalib/lib/sega_scl.a(scl_vblv.o)
                              ../sbl6/segalib/lib/sega_spr.a(spr_1c.o) (SpFrameChgMode)
../sbl6/segalib/lib/sega_scl.a(scl_func.o)
                              sprite.o (SCL_Vdp2Init)
../sbl6/segalib/lib/sega_scl.a(scl_pr03.o)
                              scroll.o (SCL_AllocColRam)
../sbl6/segalib/lib/sega_scl.a(scl_pr02.o)
                              scroll.o (SCL_SetColRam)
../sbl6/segalib/lib/sega_scl.a(scl_back.o)
                              scroll.o (SCL_SetBack)
../sbl6/segalib/lib/sega_scl.a(scl_fu03.o)
                              scroll.o (SCL_InitConfigTb)
../sbl6/segalib/lib/sega_scl.a(scl_fu02.o)
                              scroll.o (SCL_InitVramConfigTb)
../sbl6/segalib/lib/sega_scl.a(scl_fu04.o)
                              scroll.o (SCL_SetCycleTable)
../sbl6/segalib/lib/sega_scl.a(scl_pr07.o)
                              scroll.o (SCL_SetPriority)
../sbl6/segalib/lib/sega_scl.a(scl_pri.o)
                              ../sbl6/segalib/lib/sega_scl.a(scl_func.o) (SclRealOtherPri)
../sbl6/segalib/lib/sega_scl.a(scl_pr01.o)
                              main.o (SCL_SetSpriteMode)
../sbl6/segalib/lib/sega_scl.a(scl_ro00.o)
                              ../sbl6/segalib/lib/sega_scl.a(scl_func.o) (SCL_Rotate)
../sbl6/segalib/lib/sega_scl.a(scl_pr06.o)
                              ../sbl6/segalib/lib/sega_scl.a(scl_pr03.o) (SCL_SetColRamOffset)
../sbl6/segalib/lib/sega_scl.a(scl_pr05.o)
                              ../sbl6/segalib/lib/sega_scl.a(scl_pr02.o) (SCL_GetColRamOffset)
../sbl6/segalib/lib/sega_mth.a(mth_fixd.o)
                              sprite.o (MTH_Mul)
../sbl6/segalib/lib/sega_mth.a(mth_tri.o)
                              sprite.o (MTH_Sin)
../sbl6/segalib/lib/sega_per.a(per_prt.o)
                              ../sbl6/segasmp/per/smpclib/per_x2.o (PER_LInit)
../sbl6/segalib/lib/sega_sat.a(DMA_SCU1.o)
                              ../sbl6/segalib/lib/sega_spr.a(spr_2c.o) (DMA_ScuMemCopy)
../sbl6/segalib/lib/sega_sat.a(DMA_SCU0.o)
                              ../sbl6/segalib/lib/sega_sat.a(DMA_SCU1.o) (DMA_ScuSetPrm)
../sbl6/segalib/lib/sega_sat.a(csh_main.o)
                              ../sbl6/segalib/lib/sega_sat.a(DMA_SCU1.o) (CSH_Purge)
C:/saturn/SH_COFF/sh-coff/bin/../lib/gcc/sh-coff/3.4-GNUSH_v0501\libgcc.a(_ashiftlt.o)
                              scroll.o (__ashlsi3)
C:/saturn/SH_COFF/sh-coff/bin/../lib/gcc/sh-coff/3.4-GNUSH_v0501\libgcc.a(_movstr.o)
                              scroll.o (__movstr)
C:/saturn/SH_COFF/sh-coff/bin/../lib/gcc/sh-coff/3.4-GNUSH_v0501\libgcc.a(__main.o)
                              main.o (__main)
C:/saturn/SH_COFF/sh-coff/bin/../lib/gcc/sh-coff/3.4-GNUSH_v0501\libgcc.a(_udivsi3.o)
                              ../sbl6/segalib/lib/sega_scl.a(scl_fu03.o) (__udivsi3)
C:/saturn/SH_COFF/sh-coff/bin/../lib/gcc/sh-coff/3.4-GNUSH_v0501\libgcc.a(_ashiftrt.o)
                              ../sbl6/segalib/lib/sega_scl.a(scl_ro00.o) (__ashiftrt_r4_6)
C:/saturn/SH_COFF/sh-coff/bin/../lib/gcc/sh-coff/3.4-GNUSH_v0501\libgcc.a(_si_to_df.o)
                              ../sbl6/segalib/lib/sega_scl.a(scl_ro00.o) (__floatsidf)
C:/saturn/SH_COFF/sh-coff/bin/../lib/gcc/sh-coff/3.4-GNUSH_v0501\libgcc.a(_mul_df.o)
                              ../sbl6/segalib/lib/sega_scl.a(scl_ro00.o) (__muldf3)
C:/saturn/SH_COFF/sh-coff/bin/../lib/gcc/sh-coff/3.4-GNUSH_v0501\libgcc.a(_df_to_si.o)
                              ../sbl6/segalib/lib/sega_scl.a(scl_ro00.o) (__fixdfsi)
C:/saturn/SH_COFF/sh-coff/bin/../lib/gcc/sh-coff/3.4-GNUSH_v0501\libgcc.a(_pack_df.o)
                              C:/saturn/SH_COFF/sh-coff/bin/../lib/gcc/sh-coff/3.4-GNUSH_v0501\libgcc.a(_si_to_df.o) (__pack_d)
C:/saturn/SH_COFF/sh-coff/bin/../lib/gcc/sh-coff/3.4-GNUSH_v0501\libgcc.a(_unpack_df.o)
                              C:/saturn/SH_COFF/sh-coff/bin/../lib/gcc/sh-coff/3.4-GNUSH_v0501\libgcc.a(_mul_df.o) (__unpack_d)
C:/saturn/SH_COFF/sh-coff/bin/../lib/gcc/sh-coff/3.4-GNUSH_v0501\libgcc.a(_thenan_df.o)
                              C:/saturn/SH_COFF/sh-coff/bin/../lib/gcc/sh-coff/3.4-GNUSH_v0501\libgcc.a(_mul_df.o) (__thenan_df)
C:/saturn/SH_COFF/sh-coff/bin/../lib/gcc/sh-coff/3.4-GNUSH_v0501\libgcc.a(_muldi3.o)
                              C:/saturn/SH_COFF/sh-coff/bin/../lib/gcc/sh-coff/3.4-GNUSH_v0501\libgcc.a(_mul_df.o) (__muldi3)
C:/saturn/SH_COFF/sh-coff/bin/../lib/gcc/sh-coff/3.4-GNUSH_v0501\libgcc.a(_lshrdi3.o)
                              C:/saturn/SH_COFF/sh-coff/bin/../lib/gcc/sh-coff/3.4-GNUSH_v0501\libgcc.a(_df_to_si.o) (__lshrdi3)
C:/saturn/SH_COFF/sh-coff/bin/../lib/gcc/sh-coff/3.4-GNUSH_v0501\libgcc.a(_ashldi3.o)
                              C:/saturn/SH_COFF/sh-coff/bin/../lib/gcc/sh-coff/3.4-GNUSH_v0501\libgcc.a(_pack_df.o) (__ashldi3)
C:/saturn/SH_COFF/sh-coff/bin/../lib/gcc/sh-coff/3.4-GNUSH_v0501\libgcc.a(_mulsi3.o)
                              C:/saturn/SH_COFF/sh-coff/bin/../lib/gcc/sh-coff/3.4-GNUSH_v0501\libgcc.a(_muldi3.o) (__mulsi3)
C:/saturn/SH_COFF/sh-coff/bin/../lib/gcc/sh-coff/3.4-GNUSH_v0501\libgcc.a(_lshiftrt.o)
                              C:/saturn/SH_COFF/sh-coff/bin/../lib/gcc/sh-coff/3.4-GNUSH_v0501\libgcc.a(_lshrdi3.o) (__lshrsi3)
C:/saturn/SH_COFF/sh-coff/bin/../lib/gcc/sh-coff/3.4-GNUSH_v0501/../../../../sh-coff/lib\libc.a(memcpy.o)
                              scroll.o (memcpy)
C:/saturn/SH_COFF/sh-coff/bin/../lib/gcc/sh-coff/3.4-GNUSH_v0501/../../../../sh-coff/lib\libc.a(memset.o)
                              scroll.o (memset)
C:/saturn/SH_COFF/sh-coff/bin/../lib/gcc/sh-coff/3.4-GNUSH_v0501/../../../../sh-coff/lib\libc.a(atexit.o)
                              C:/saturn/SH_COFF/sh-coff/bin/../lib/gcc/sh-coff/3.4-GNUSH_v0501\libgcc.a(__main.o) (atexit)
C:/saturn/SH_COFF/sh-coff/bin/../lib/gcc/sh-coff/3.4-GNUSH_v0501/../../../../sh-coff/lib\libc.a(impure.o)
                              C:/saturn/SH_COFF/sh-coff/bin/../lib/gcc/sh-coff/3.4-GNUSH_v0501/../../../../sh-coff/lib\libc.a(atexit.o) (_impure_ptr)
C:/saturn/SH_COFF/sh-coff/bin/../lib/gcc/sh-coff/3.4-GNUSH_v0501/../../../../sh-coff/lib\libc.a(malloc.o)
                              C:/saturn/SH_COFF/sh-coff/bin/../lib/gcc/sh-coff/3.4-GNUSH_v0501/../../../../sh-coff/lib\libc.a(atexit.o) (malloc)
C:/saturn/SH_COFF/sh-coff/bin/../lib/gcc/sh-coff/3.4-GNUSH_v0501/../../../../sh-coff/lib\libc.a(mallocr.o)
                              C:/saturn/SH_COFF/sh-coff/bin/../lib/gcc/sh-coff/3.4-GNUSH_v0501/../../../../sh-coff/lib\libc.a(malloc.o) (_malloc_r)
C:/saturn/SH_COFF/sh-coff/bin/../lib/gcc/sh-coff/3.4-GNUSH_v0501/../../../../sh-coff/lib\libc.a(freer.o)
                              C:/saturn/SH_COFF/sh-coff/bin/../lib/gcc/sh-coff/3.4-GNUSH_v0501/../../../../sh-coff/lib\libc.a(malloc.o) (_free_r)
C:/saturn/SH_COFF/sh-coff/bin/../lib/gcc/sh-coff/3.4-GNUSH_v0501/../../../../sh-coff/lib\libc.a(mlock.o)
                              C:/saturn/SH_COFF/sh-coff/bin/../lib/gcc/sh-coff/3.4-GNUSH_v0501/../../../../sh-coff/lib\libc.a(mallocr.o) (__malloc_lock)
C:/saturn/SH_COFF/sh-coff/bin/../lib/gcc/sh-coff/3.4-GNUSH_v0501/../../../../sh-coff/lib\libc.a(sbrkr.o)
                              C:/saturn/SH_COFF/sh-coff/bin/../lib/gcc/sh-coff/3.4-GNUSH_v0501/../../../../sh-coff/lib\libc.a(mallocr.o) (_sbrk_r)
C:/saturn/SH_COFF/sh-coff/bin/../lib/gcc/sh-coff/3.4-GNUSH_v0501/../../../../sh-coff/lib\libc.a(syscalls.o)
                              C:/saturn/SH_COFF/sh-coff/bin/../lib/gcc/sh-coff/3.4-GNUSH_v0501/../../../../sh-coff/lib\libc.a(sbrkr.o) (_sbrk)
C:/saturn/SH_COFF/sh-coff/bin/../lib/gcc/sh-coff/3.4-GNUSH_v0501/../../../../sh-coff/lib\libc.a(trap.o)
                              C:/saturn/SH_COFF/sh-coff/bin/../lib/gcc/sh-coff/3.4-GNUSH_v0501/../../../../sh-coff/lib\libc.a(syscalls.o) (__trap34)
C:/saturn/SH_COFF/sh-coff/bin/../lib/gcc/sh-coff/3.4-GNUSH_v0501/../../../../sh-coff/lib\libc.a(abort.o)
                              C:/saturn/SH_COFF/sh-coff/bin/../lib/gcc/sh-coff/3.4-GNUSH_v0501/../../../../sh-coff/lib\libc.a(syscalls.o) (abort)
C:/saturn/SH_COFF/sh-coff/bin/../lib/gcc/sh-coff/3.4-GNUSH_v0501/../../../../sh-coff/lib\libc.a(signal.o)
                              C:/saturn/SH_COFF/sh-coff/bin/../lib/gcc/sh-coff/3.4-GNUSH_v0501/../../../../sh-coff/lib\libc.a(abort.o) (raise)
C:/saturn/SH_COFF/sh-coff/bin/../lib/gcc/sh-coff/3.4-GNUSH_v0501/../../../../sh-coff/lib\libc.a(signalr.o)
                              C:/saturn/SH_COFF/sh-coff/bin/../lib/gcc/sh-coff/3.4-GNUSH_v0501/../../../../sh-coff/lib\libc.a(signal.o) (_kill_r)

Allocating common symbols
Common symbol       size              file

SclRbgKtbAddr       0x8               ../sbl6/segalib/lib/sega_scl.a(scl_func.o)
sprites             0x2260            sprite.o
SpMstCmd            0x4               ../sbl6/segalib/lib/sega_spr.a(spr_2c.o)
SclRb               0x1               ../sbl6/segalib/lib/sega_scl.a(scl_func.o)
Scl_flag            0x2               ../sbl6/segalib/lib/sega_scl.a(scl_func.o)
per_get_time_flg    0x1               ../sbl6/segalib/lib/sega_per.a(per_prt.o)
SpScreenY           0x4               ../sbl6/segalib/lib/sega_spr.a(spr_1c.o)
SclK_TableBuff      0xcd0             ../sbl6/segalib/lib/sega_scl.a(scl_func.o)
SclAutoEndBlue2     0x2               ../sbl6/segalib/lib/sega_scl.a(scl_pri.o)
SpFbcrMode          0x2               ../sbl6/segalib/lib/sega_spr.a(spr_1c.o)
Sp2OpenFlag         0x4               ../sbl6/segalib/lib/sega_spr.a(spr_2c.o)
scfg3               0x8c              scroll.o
SclColOffset        0x10              ../sbl6/segalib/lib/sega_scl.a(scl_pri.o)
SclAddrCsTbl        0x8               ../sbl6/segalib/lib/sega_scl.a(scl_func.o)
scfg0               0x8c              scroll.o
SclPriBuffDirty     0x1               ../sbl6/segalib/lib/sega_scl.a(scl_pri.o)
SclAutoEndRed       0x2               ../sbl6/segalib/lib/sega_scl.a(scl_pri.o)
player              0x2c              player.o
SclAutoSurface      0x4               ../sbl6/segalib/lib/sega_scl.a(scl_pri.o)
__interrupt_vector  0x400             ../sbl6/segalib/lib/sega_int.a(int.o)
per_hot_res         0x1               ../sbl6/segalib/lib/sega_per.a(per_prt.o)
SclCsx              0x8               ../sbl6/segalib/lib/sega_scl.a(scl_ro00.o)
Scl_s_reg           0x28              ../sbl6/segalib/lib/sega_scl.a(scl_func.o)
SclAutoGreen        0x2               ../sbl6/segalib/lib/sega_scl.a(scl_pri.o)
SclAutoEndGreen     0x2               ../sbl6/segalib/lib/sega_scl.a(scl_pri.o)
SclAutoCount        0x4               ../sbl6/segalib/lib/sega_scl.a(scl_pri.o)
SpGourTblMax        0x4               ../sbl6/segalib/lib/sega_spr.a(spr_2c.o)
SclColRamAlloc256   0x20              ../sbl6/segalib/lib/sega_scl.a(scl_pri.o)
SclRotateXy         0x8               ../sbl6/segalib/lib/sega_scl.a(scl_func.o)
SpDrawPrtyBlk       0x4               ../sbl6/segalib/lib/sega_spr.a(spr_2c.o)
SclAutoCurRate      0x1               ../sbl6/segalib/lib/sega_scl.a(scl_pri.o)
SpLCoordX           0x4               ../sbl6/segalib/lib/sega_spr.a(spr_2c.o)
maps                0x8               scroll.o
SpMstDrawPrtyBlk    0x4               ../sbl6/segalib/lib/sega_spr.a(spr_2c.o)
SclAutoPlusFlag     0x1               ../sbl6/segalib/lib/sega_scl.a(scl_pri.o)
per_set_sys_flg     0x1               ../sbl6/segalib/lib/sega_per.a(per_prt.o)
Scl_d_reg           0x48              ../sbl6/segalib/lib/sega_scl.a(scl_func.o)
SclRotateDisp       0x8               ../sbl6/segalib/lib/sega_scl.a(scl_func.o)
SpGourTbl           0x4               ../sbl6/segalib/lib/sega_spr.a(spr_2c.o)
SclSpColMix         0x8               ../sbl6/segalib/lib/sega_scl.a(scl_pri.o)
SpDil               0x2               ../sbl6/segalib/lib/sega_spr.a(spr_1c.o)
SpLookupTblR        0x2               ../sbl6/segalib/lib/sega_spr.a(spr_2c.o)
SclAutoMax          0x4               ../sbl6/segalib/lib/sega_scl.a(scl_pri.o)
SpCmdTbl            0x4               ../sbl6/segalib/lib/sega_spr.a(spr_2c.o)
SclRotateMoveZ      0x8               ../sbl6/segalib/lib/sega_scl.a(scl_func.o)
scfg2               0x8c              scroll.o
SclLineColRamOffset
                    0x4               ../sbl6/segalib/lib/sega_scl.a(scl_pri.o)
SclRotXySw          0x4               ../sbl6/segalib/lib/sega_scl.a(scl_func.o)
per_get_time_adr    0x4               ../sbl6/segalib/lib/sega_per.a(per_prt.o)
SclColRamAlloc2048  0x4               ../sbl6/segalib/lib/sega_scl.a(scl_pri.o)
SclBgPriNum         0x6               ../sbl6/segalib/lib/sega_scl.a(scl_pri.o)
SpCharMax           0x4               ../sbl6/segalib/lib/sega_spr.a(spr_2c.o)
SpDrawPrtyProcFlag  0x4               ../sbl6/segalib/lib/sega_spr.a(spr_2c.o)
SclAutoEndBlue      0x2               ../sbl6/segalib/lib/sega_scl.a(scl_pri.o)
SpCmdNo             0x4               ../sbl6/segalib/lib/sega_spr.a(spr_2c.o)
SclAutoEndGreen2    0x2               ../sbl6/segalib/lib/sega_scl.a(scl_pri.o)
Scl_r_reg           0x10              ../sbl6/segalib/lib/sega_scl.a(scl_func.o)
SclRPMD             0x2               ../sbl6/segalib/lib/sega_scl.a(scl_func.o)
SpDrawPrtyBlkMax    0x4               ../sbl6/segalib/lib/sega_spr.a(spr_2c.o)
SpDie               0x2               ../sbl6/segalib/lib/sega_spr.a(spr_1c.o)
SclAutoVeFlag       0x1               ../sbl6/segalib/lib/sega_scl.a(scl_pri.o)
SclBgColMix         0x8               ../sbl6/segalib/lib/sega_scl.a(scl_pri.o)
text                0x460             print.o
SpSlvCmdPos         0x4               ../sbl6/segalib/lib/sega_spr.a(spr_2c.o)
per_get_sys_data    0xc               ../sbl6/segalib/lib/sega_per.a(per_prt.o)
SclRbgKtbOffset     0x8               ../sbl6/segalib/lib/sega_scl.a(scl_func.o)
SclAutoIndex        0x4               ../sbl6/segalib/lib/sega_scl.a(scl_pri.o)
SclAutoEndRate      0x1               ../sbl6/segalib/lib/sega_scl.a(scl_pri.o)
SpSlvDrawPrtyBlk    0x4               ../sbl6/segalib/lib/sega_spr.a(spr_2c.o)
_SclRotregBuff      0xd0              ../sbl6/segalib/lib/sega_scl.a(scl_func.o)
SclAutoBlue         0x2               ../sbl6/segalib/lib/sega_scl.a(scl_pri.o)
SpTvMode            0x2               ../sbl6/segalib/lib/sega_spr.a(spr_1c.o)
SpScreenX           0x4               ../sbl6/segalib/lib/sega_spr.a(spr_1c.o)
SclRa               0x1               ../sbl6/segalib/lib/sega_scl.a(scl_func.o)
SclRotateZ          0x8               ../sbl6/segalib/lib/sega_scl.a(scl_func.o)
SpCharTbl           0x4               ../sbl6/segalib/lib/sega_spr.a(spr_2c.o)
SclAddrLsTbl        0x8               ../sbl6/segalib/lib/sega_scl.a(scl_func.o)
SclK_TableNum       0x8               ../sbl6/segalib/lib/sega_scl.a(scl_func.o)
SclAutoRed          0x2               ../sbl6/segalib/lib/sega_scl.a(scl_pri.o)
SpCmdTblR           0x2               ../sbl6/segalib/lib/sega_spr.a(spr_2c.o)
SclAutoInterval     0x4               ../sbl6/segalib/lib/sega_scl.a(scl_pri.o)
SclOtherPri         0x10              ../sbl6/segalib/lib/sega_scl.a(scl_pri.o)
per_time_out_flg    0x1               ../sbl6/segalib/lib/sega_per.a(per_prt.o)
SclRotateTableAddress
                    0x4               ../sbl6/segalib/lib/sega_scl.a(scl_func.o)
SpMstCmdPos         0x4               ../sbl6/segalib/lib/sega_spr.a(spr_2c.o)
SpSlvCmd            0x4               ../sbl6/segalib/lib/sega_spr.a(spr_2c.o)
scfg1               0x8c              scroll.o
SclAutoRGB          0x600             ../sbl6/segalib/lib/sega_scl.a(scl_pri.o)
bullet_direction    0x2               player.o
errno               0x4               C:/saturn/SH_COFF/sh-coff/bin/../lib/gcc/sh-coff/3.4-GNUSH_v0501/../../../../sh-coff/lib\libc.a(syscalls.o)
SclK_TableFlag      0x4               ../sbl6/segalib/lib/sega_scl.a(scl_func.o)
tilemaps            0x4               scroll.o
SclAutoEndRed2      0x2               ../sbl6/segalib/lib/sega_scl.a(scl_pri.o)
SclCsy              0x8               ../sbl6/segalib/lib/sega_scl.a(scl_ro00.o)
SclSpPriNum         0x8               ../sbl6/segalib/lib/sega_scl.a(scl_pri.o)
Scl_w_reg           0x20              ../sbl6/segalib/lib/sega_scl.a(scl_func.o)
SpLCoordY           0x4               ../sbl6/segalib/lib/sega_spr.a(spr_2c.o)
Scl_n_reg           0x40              ../sbl6/segalib/lib/sega_scl.a(scl_func.o)

Memory Configuration

Name             Origin             Length             Attributes
*default*        0x00000000         0xffffffff

Linker script and memory map

LOAD ../sbl6/segasmp/lib/strt1_g.o
LOAD ../sbl6/segasmp/lib/strt2_g.o
LOAD vblank.o
LOAD ../sbl6/segasmp/per/smpclib/per_x1.o
LOAD ../sbl6/segasmp/per/smpclib/per_x2.o
LOAD ../sbl6/segasmp/per/smpclib/per_x3.o
LOAD bullet.o
LOAD circle.o
LOAD collision.o
LOAD enemylist.o
LOAD graphics.o
LOAD missile.o
LOAD player.o
LOAD print.o
LOAD sprite.o
LOAD scroll.o
LOAD main.o
LOAD ../sbl6/segalib/lib/sega_int.a
LOAD ../sbl6/segalib/lib/sega_spr.a
LOAD ../sbl6/segalib/lib/sega_scl.a
LOAD ../sbl6/segalib/lib/sega_mth.a
LOAD ../sbl6/segalib/lib/sega_cdc.a
LOAD ../sbl6/segalib/lib/sega_adp.a
LOAD ../sbl6/segalib/lib/sega_per.a
LOAD ../sbl6/segalib/lib/sega_sat.a
LOAD C:/saturn/SH_COFF/sh-coff/bin/../lib/gcc/sh-coff/3.4-GNUSH_v0501\libgcc.a
LOAD C:/saturn/SH_COFF/sh-coff/bin/../lib/gcc/sh-coff/3.4-GNUSH_v0501/../../../../sh-coff/lib\libc.a
LOAD C:/saturn/SH_COFF/sh-coff/bin/../lib/gcc/sh-coff/3.4-GNUSH_v0501\libgcc.a

.text           0x06010000    0x20490
 *(.text)
 .text          0x06010000       0x30 ../sbl6/segasmp/lib/strt1_g.o
                0x06010024                _D_END
                0x06010020                _D_BGN
                0x0601002c                _B_END
                0x06010028                _B_BGN
                0x06010000                START
 .text          0x06010030       0x60 ../sbl6/segasmp/lib/strt2_g.o
                0x06010050                _INITSCT
                0x06010030                _INIT
 .text          0x06010090      0x1b0 vblank.o
                0x06010090                SetVblank
                0x06010140                UsrVblankOut
                0x060100f0                UsrVblankIn
 .text          0x06010240      0x430 ../sbl6/segasmp/per/smpclib/per_x1.o
                0x060105d4                PER_GetAnalogXYZ
                0x06010264                PER_GetTriggerHandler
                0x060104fe                PER_GetEdge
                0x0601047c                PER_GetTrigger
                0x06010528                PER_GetPressEdge
                0x0601057c                PER_GetReleaseEdge
                0x06010240                PER_SetTriggerHandler
 .text          0x06010670      0x200 ../sbl6/segasmp/per/smpclib/per_x2.o
                0x06010774                PER_GetDeviceA
                0x06010670                PER_OpenPort
                0x060106a8                PER_GetPort
                0x060107ee                PER_GetDeviceR
 .text          0x06010870       0x20 ../sbl6/segasmp/per/smpclib/per_x3.o
                0x06010870                PER_DisguiseTrigger
 .text          0x06010890      0x170 bullet.o
                0x06010890                bullet_make
                0x060108f0                bullet_move
 .text          0x06010a00       0xb0 circle.o
                0x06010a00                circle_make
                0x06010a50                circle_move
 .text          0x06010ab0      0xe50 collision.o
                0x06011830                collision_detect_up_right
                0x06010b00                over_air
                0x06010c20                collision_detect_down
                0x06010ab0                collision_get_tile
                0x06011860                collision_detect_down_left
                0x06010f30                collision_detect_left
                0x06011890                collision_detect_down_right
                0x060118c0                collision_point_sprite
                0x06011210                collision_detect_up
                0x06011800                collision_detect_up_left
                0x060114f0                collision_detect_right
 .text          0x06011900       0x80 enemylist.o
                0x06011900                enemylist_spawn
 .text          0x06011980    0x12b80 graphics.o
                0x06023600                fonte
                0x06022d00                fontn
                0x06022300                fontx
                0x06022800                fonts
                0x06024100                font3
                0x06023700                fontd
                0x06024400                font0
                0x0601d880                bullet
                0x06023400                fontg
                0x06017980                map2
                0x0601ce80                missile
                0x06022500                fontv
                0x06022a00                fontq
                0x06021900                guy0
                0x06022f00                fontl
                0x06015980                map3
                0x06022200                fonty
                0x06023b00                font9
                0x06012980                bg0_chr
                0x06011980                bg0_3map
                0x0601f900                guyback1
                0x06023500                fontf
                0x06022700                fontt
                0x06019980                map1
                0x06022c00                fonto
                0x06020100                guyback0
                0x06023200                fonti
                0x06024000                font4
                0x06023e00                font6
                0x06024300                font1
                0x06023800                fontc
                0x06021100                guy1
                0x0601b980                wood_chr
                0x06023900                fontb
                0x06012180                bg0_2map
                0x06022900                fontr
                0x0601e900                guyside0
                0x0601cd80                wood_pal
                0x06023d00                font7
                0x06022600                fontu
                0x0601f100                guyback2
                0x06023000                fontk
                0x0601d080                circle
                0x06022e00                fontm
                0x0601e100                guyside1
                0x06022400                fontw
                0x06023100                fontj
                0x0601d900                guyside2
                0x06023300                fonth
                0x06024200                font2
                0x06023f00                font5
                0x06022100                fontz
                0x06020900                guy2
                0x0601cdc0                dimensions
                0x06015580                bg0_pal
                0x06023a00                fonta
                0x06023c00                font8
                0x06022b00                fontp
 .text          0x06024500      0x130 missile.o
                0x06024500                missile_make
                0x06024550                missile_move
 .text          0x06024630      0x530 player.o
                0x06024630                player_side
                0x06024640                player_down
                0x06024638                player_up
                0x06024648                states
                0x06024830                player_input
                0x060246a0                player_init
                0x06024aa0                player_draw
                0x06024720                player_animate
 .text          0x06024b60      0x170 print.o
                0x06024c30                print_display
                0x06024ba0                print_num
                0x06024b60                print_init
                0x06024bf0                print_string
 .text          0x06024cd0      0x750 sprite.o
                0x06024cd0                sprite_init
                0x06025010                sprite_make
                0x06025170                sprite_next
                0x060251d0                sprite_delete
                0x06025230                sprite_move
                0x06025080                sprite_draw_all
                0x06025200                sprite_deleteall
                0x06024da0                sprite_draw
 .text          0x06025420      0xb50 scroll.o
                0x06025cf0                scroll_transition
                0x06025420                scroll_move
                0x06025990                scroll_get
                0x060259e0                scroll_copy
                0x06025570                scroll_set
                0x06025680                scroll_init
                0x060255a0                scroll_scale
 .text          0x06025f70      0x130 main.o
                0x06025f70                main
 .text          0x060260a0       0x40 ../sbl6/segalib/lib/sega_int.a(int.o)
                0x060260cc                INT_GetScuFunc
                0x060260a0                INT_SetScuFunc
 .text          0x060260e0      0x624 ../sbl6/segalib/lib/sega_int.a(int_trmp.o)
                0x06026248                __interrupt_handler60
                0x060263f8                __interrupt_handler132
                0x060265ae                __interrupt_handler205
                0x06026416                __interrupt_handler137
                0x06026344                __interrupt_handler102
                0x06026182                __interrupt_handler27
                0x06026584                __interrupt_handler198
                0x06026476                __interrupt_handler153
                0x0602615e                __interrupt_handler21
                0x0602626c                __interrupt_handler66
                0x0602635c                __interrupt_handler106
                0x060264a6                __interrupt_handler161
                0x060262f0                __interrupt_handler88
                0x060264be                __interrupt_handler165
                0x060263ce                __interrupt_handler125
                0x06026104                __interrupt_handler6
                0x060261a0                __interrupt_handler32
                0x0602655a                __interrupt_handler191
                0x06026674                __interrupt_handler238
                0x0602668c                __interrupt_handler242
                0x06026494                __interrupt_handler158
                0x060262fc                __interrupt_handler90
                0x060264b8                __interrupt_handler164
                0x060261dc                __interrupt_handler42
                0x0602651e                __interrupt_handler181
                0x06026626                __interrupt_handler225
                0x060266ce                __interrupt_handler253
                0x060264e2                __interrupt_handler171
                0x0602629c                __interrupt_handler74
                0x060260f2                __interrupt_handler3
                0x06026236                __interrupt_handler57
                0x06026134                __interrupt_handler14
                0x060265cc                __interrupt_handler210
                0x060265fc                __interrupt_handler218
                0x060265c0                __interrupt_handler208
                0x060261c4                __interrupt_handler38
                0x060260e0                __interrupt_handler0
                0x06026350                __interrupt_handler104
                0x0602648e                __interrupt_handler157
                0x060265de                __interrupt_handler213
                0x060264d0                __interrupt_handler168
                0x060262de                __interrupt_handler85
                0x0602637a                __interrupt_handler111
                0x0602638c                __interrupt_handler114
                0x060261fa                __interrupt_handler47
                0x06026650                __interrupt_handler232
                0x0602661a                __interrupt_handler223
                0x0602666e                __interrupt_handler237
                0x0602625a                __interrupt_handler63
                0x060261e8                __interrupt_handler44
                0x060264fa                __interrupt_handler175
                0x06026524                __interrupt_handler182
                0x0602653c                __interrupt_handler186
                0x0602643a                __interrupt_handler143
                0x06026362                __interrupt_handler107
                0x060263c8                __interrupt_handler124
                0x060264e8                __interrupt_handler172
                0x0602669e                __interrupt_handler245
                0x0602631a                __interrupt_handler95
                0x060263f2                __interrupt_handler131
                0x06026404                __interrupt_handler134
                0x06026422                __interrupt_handler139
                0x06026290                __interrupt_handler72
                0x0602664a                __interrupt_handler231
                0x060264a0                __interrupt_handler160
                0x060263e6                __interrupt_handler129
                0x06026158                __interrupt_handler20
                0x06026266                __interrupt_handler65
                0x06026230                __interrupt_handler56
                0x0602612e                __interrupt_handler13
                0x060265c6                __interrupt_handler209
                0x06026380                __interrupt_handler112
                0x06026152                __interrupt_handler19
                0x0602630e                __interrupt_handler93
                0x06026578                __interrupt_handler196
                0x0602646a                __interrupt_handler151
                0x060264ca                __interrupt_handler167
                0x060266e0                __trampoline
                0x06026146                __interrupt_handler17
                0x06026638                __interrupt_handler228
                0x060266da                __interrupt_handler255
                0x06026698                __interrupt_handler244
                0x06026332                __interrupt_handler99
                0x0602652a                __interrupt_handler183
                0x06026428                __interrupt_handler140
                0x0602654e                __interrupt_handler189
                0x0602644c                __interrupt_handler146
                0x06026614                __interrupt_handler222
                0x06026488                __interrupt_handler156
                0x060263bc                __interrupt_handler122
                0x060266b0                __interrupt_handler248
                0x06026200                __interrupt_handler48
                0x0602627e                __interrupt_handler69
                0x06026170                __interrupt_handler24
                0x060262f6                __interrupt_handler89
                0x060265ea                __interrupt_handler215
                0x060266d4                __interrupt_handler254
                0x060262ea                __interrupt_handler87
                0x0602624e                __interrupt_handler61
                0x06026572                __interrupt_handler195
                0x06026464                __interrupt_handler150
                0x060261d6                __interrupt_handler41
                0x06026374                __interrupt_handler110
                0x060263da                __interrupt_handler127
                0x06026368                __interrupt_handler108
                0x06026386                __interrupt_handler113
                0x06026398                __interrupt_handler116
                0x060263b6                __interrupt_handler121
                0x060262ae                __interrupt_handler77
                0x060261ca                __interrupt_handler39
                0x060261e2                __interrupt_handler43
                0x060266b6                __interrupt_handler249
                0x060264f4                __interrupt_handler174
                0x06026410                __interrupt_handler136
                0x06026548                __interrupt_handler188
                0x06026446                __interrupt_handler145
                0x06026116                __interrupt_handler9
                0x060262ba                __interrupt_handler79
                0x06026632                __interrupt_handler227
                0x060261ac                __interrupt_handler34
                0x060263ec                __interrupt_handler130
                0x060266aa                __interrupt_handler247
                0x060262a2                __interrupt_handler75
                0x060264ee                __interrupt_handler173
                0x0602621e                __interrupt_handler53
                0x0602645e                __interrupt_handler149
                0x060266c2                __interrupt_handler251
                0x06026656                __interrupt_handler233
                0x0602611c                __interrupt_handler10
                0x060265a8                __interrupt_handler204
                0x060262cc                __interrupt_handler82
                0x060262d2                __interrupt_handler83
                0x06026176                __interrupt_handler25
                0x06026692                __interrupt_handler243
                0x060264ac                __interrupt_handler162
                0x060261f4                __interrupt_handler46
                0x0602650c                __interrupt_handler178
                0x060262c0                __interrupt_handler80
                0x06026254                __interrupt_handler62
                0x060260ec                __interrupt_handler2
                0x0602618e                __interrupt_handler29
                0x06026284                __interrupt_handler70
                0x0602636e                __interrupt_handler109
                0x06026458                __interrupt_handler148
                0x06026314                __interrupt_handler94
                0x06026620                __interrupt_handler224
                0x0602634a                __interrupt_handler103
                0x060261b8                __interrupt_handler36
                0x060263d4                __interrupt_handler126
                0x060266a4                __interrupt_handler246
                0x0602622a                __interrupt_handler55
                0x06026128                __interrupt_handler12
                0x06026218                __interrupt_handler52
                0x06026542                __interrupt_handler187
                0x06026440                __interrupt_handler144
                0x0602639e                __interrupt_handler117
                0x0602614c                __interrupt_handler18
                0x0602657e                __interrupt_handler197
                0x06026470                __interrupt_handler152
                0x060263a4                __interrupt_handler118
                0x060264dc                __interrupt_handler170
                0x06026596                __interrupt_handler201
                0x06026326                __interrupt_handler97
                0x060264b2                __interrupt_handler163
                0x06026518                __interrupt_handler180
                0x06026560                __interrupt_handler192
                0x06026680                __interrupt_handler240
                0x060263c2                __interrupt_handler123
                0x060265e4                __interrupt_handler214
                0x0602619a                __interrupt_handler31
                0x06026188                __interrupt_handler28
                0x06026272                __interrupt_handler67
                0x06026278                __interrupt_handler68
                0x06026164                __interrupt_handler22
                0x0602616a                __interrupt_handler23
                0x06026500                __interrupt_handler176
                0x0602610a                __interrupt_handler7
                0x0602660e                __interrupt_handler221
                0x060265f6                __interrupt_handler217
                0x0602663e                __interrupt_handler229
                0x06026206                __interrupt_handler49
                0x060260f8                __interrupt_handler4
                0x060261d0                __interrupt_handler40
                0x06026392                __interrupt_handler115
                0x06026662                __interrupt_handler235
                0x06026302                __interrupt_handler91
                0x060265b4                __interrupt_handler206
                0x06026506                __interrupt_handler177
                0x06026452                __interrupt_handler147
                0x060261be                __interrupt_handler37
                0x060266bc                __interrupt_handler250
                0x060260e6                __interrupt_handler1
                0x06026602                __interrupt_handler219
                0x060262a8                __interrupt_handler76
                0x06026338                __interrupt_handler100
                0x0602623c                __interrupt_handler58
                0x0602613a                __interrupt_handler15
                0x060265d8                __interrupt_handler212
                0x06026686                __interrupt_handler241
                0x0602659c                __interrupt_handler202
                0x06026566                __interrupt_handler193
                0x060262b4                __interrupt_handler78
                0x0602620c                __interrupt_handler50
                0x060261a6                __interrupt_handler33
                0x060264c4                __interrupt_handler166
                0x0602641c                __interrupt_handler138
                0x0602640a                __interrupt_handler135
                0x06026194                __interrupt_handler30
                0x06026530                __interrupt_handler184
                0x0602642e                __interrupt_handler141
                0x06026644                __interrupt_handler230
                0x06026668                __interrupt_handler236
                0x060263aa                __interrupt_handler119
                0x060262e4                __interrupt_handler86
                0x06026356                __interrupt_handler105
                0x060262c6                __interrupt_handler81
                0x060263b0                __interrupt_handler120
                0x060263e0                __interrupt_handler128
                0x06026224                __interrupt_handler54
                0x06026122                __interrupt_handler11
                0x0602658a                __interrupt_handler199
                0x0602647c                __interrupt_handler154
                0x060261ee                __interrupt_handler45
                0x060265f0                __interrupt_handler216
                0x060265a2                __interrupt_handler203
                0x0602633e                __interrupt_handler101
                0x060262d8                __interrupt_handler84
                0x06026536                __interrupt_handler185
                0x06026434                __interrupt_handler142
                0x0602617c                __interrupt_handler26
                0x06026260                __interrupt_handler64
                0x06026590                __interrupt_handler200
                0x060265ba                __interrupt_handler207
                0x0602656c                __interrupt_handler194
                0x06026308                __interrupt_handler92
                0x06026482                __interrupt_handler155
                0x060265d2                __interrupt_handler211
                0x060263fe                __interrupt_handler133
                0x060260fe                __interrupt_handler5
                0x06026296                __interrupt_handler73
                0x06026140                __interrupt_handler16
                0x0602667a                __interrupt_handler239
                0x0602665c                __interrupt_handler234
                0x060261b2                __interrupt_handler35
                0x06026242                __interrupt_handler59
                0x060264d6                __interrupt_handler169
                0x0602632c                __interrupt_handler98
                0x0602628a                __interrupt_handler71
                0x06026212                __interrupt_handler51
                0x0602649a                __interrupt_handler159
                0x0602662c                __interrupt_handler226
                0x06026320                __interrupt_handler96
                0x06026554                __interrupt_handler190
                0x06026608                __interrupt_handler220
                0x06026110                __interrupt_handler8
                0x06026512                __interrupt_handler179
                0x060266c8                __interrupt_handler252
 *fill*         0x06026704        0xc 00
 .text          0x06026710     0x12a0 ../sbl6/segalib/lib/sega_spr.a(spr_2c.o)
                0x06027970                SlaveFlushDrawPrtyBlock
                0x06026710                SPR_2Initial
                0x06026f54                SPR_2SysClip
                0x06026ef4                SPR_2LocalCoord
                0x060277ec                SPR_2FlushDrawPrtyBlock
                0x060274d8                SPR_2DistSpr
                0x06026edc                SPR_2FlushDrawPrty
                0x060275fc                SPR_2Cmd
                0x06026bd8                SPR_2GourTblNoToVram
                0x06026c38                SPR_2GetAreaSizeInfo
                0x060269a0                SPR_2SetGourTbl
                0x0602718c                SPR_2Polygon
                0x06026c14                SPR_2CharNoToVram
                0x06026920                SPR_2SetTvMode
                0x06026d7c                SPR_2CloseCommand
                0x0602695c                SPR_2FrameEraseData
                0x06026738                SPR_2Initial2
                0x0602736c                SPR_2ScaleSpr
                0x06026ffc                SPR_2Line
                0x06026cc8                SPR_2OpenCommand
                0x0602693c                SPR_2FrameChgIntr
                0x06027248                SPR_2NormSpr
                0x060269d0                SPR_2SetLookupTbl
                0x06026a04                SPR_2SetChar
                0x06026bfc                SPR_2LookupTblNoToVram
                0x060270d0                SPR_2PolyLine
                0x06026b70                SPR_2ClrAllChar
                0x06026b24                SPR_2ClrChar
                0x06026fa0                SPR_2UserClip
 .text          0x060279b0      0x1e6 ../sbl6/segalib/lib/sega_spr.a(spr_slv.o)
                0x06027b14                SPR_WaitEndSlaveSH
                0x060279b0                SPR_SMPC_SSHON
                0x06027af0                SPR_RunSlaveSH
                0x060279b4                SPR_InitSlaveSH
                0x06027a7c                SPR_SlaveSHmain
                0x060279b1                SPR_SMPC_SSHOFF
 *fill*         0x06027b96        0xa 00
 .text          0x06027ba0      0x36a ../sbl6/segalib/lib/sega_spr.a(spr_1c.o)
                0x06027e54                SPR_WaitDrawEnd
                0x06027e6c                SPR_SetEosMode
                0x06027d84                SPR_SetEraseData
                0x06027ba0                SPR_Initial
                0x06027c78                SPR_SetTvMode
                0x06027d10                SPR_GetStatus
 *fill*         0x06027f0a        0x6 00
 .text          0x06027f10      0x244 ../sbl6/segalib/lib/sega_spr.a(spr_2a.o)
                0x06027f22                sprMemCpyW
                0x06027f80                flushDrawPrtyBlock
                0x06027f10                sprMemCpyL
                0x06027f34                SPR_2SetDrawPrty
 *fill*         0x06028154        0xc 00
 .text          0x06028160      0x2fc ../sbl6/segalib/lib/sega_scl.a(scl_vblv.o)
                0x0602821c                SCL_DisplayFrame
                0x06028160                SCL_SetFrameInterval
                0x06028250                SCL_VblInit
                0x060282a0                SCL_VblankStart
                0x060282e4                SCL_VblankEnd
 *fill*         0x0602845c        0x4 00
 .text          0x06028460      0xb9c ../sbl6/segalib/lib/sega_scl.a(scl_func.o)
                0x06028e3c                SCL_Vdp2_SGLInit
                0x06028d4c                SCL_PriIntProc
                0x06028cc4                SCL_Memcpyw
                0x06028fdc                SCL_SglOff
                0x06028fbc                SCL_SglOn
                0x06028c30                SCL_ScrollShow
                0x060286d8                SCL_Close
                0x060289d0                SCL_Scale
                0x06028460                SCL_Vdp2Init
                0x06028844                SCL_Move
                0x06028b0c                SCL_CopyReg
                0x060286b4                SCL_Open
                0x060284e4                SCL_ParametersInit
                0x060286f4                SCL_MoveTo
                0x06028cec                SCL_SetColRamMode
 *fill*         0x06028ffc        0x4 00
 .text          0x06029000      0x138 ../sbl6/segalib/lib/sega_scl.a(scl_pr03.o)
                0x06029000                SCL_FreeColRam
                0x06029038                SCL_AllocColRam
 *fill*         0x06029138        0x8 00
 .text          0x06029140       0x9c ../sbl6/segalib/lib/sega_scl.a(scl_pr02.o)
                0x06029140                SCL_SetColRam
 *fill*         0x060291dc        0x4 00
 .text          0x060291e0       0x84 ../sbl6/segalib/lib/sega_scl.a(scl_back.o)
                0x060291e0                SCL_SetBack
 *fill*         0x06029264        0xc 00
 .text          0x06029270      0x94c ../sbl6/segalib/lib/sega_scl.a(scl_fu03.o)
                0x060292cc                SCL_SetConfig
                0x06029270                SCL_InitConfigTb
 *fill*         0x06029bbc        0x4 00
 .text          0x06029bc0      0x4f4 ../sbl6/segalib/lib/sega_scl.a(scl_fu02.o)
                0x06029bf8                SCL_SetVramConfig
                0x06029bc0                SCL_InitVramConfigTb
 *fill*         0x0602a0b4        0xc 00
 .text          0x0602a0c0       0x28 ../sbl6/segalib/lib/sega_scl.a(scl_fu04.o)
                0x0602a0c0                SCL_SetCycleTable
 *fill*         0x0602a0e8        0x8 00
 .text          0x0602a0f0      0x214 ../sbl6/segalib/lib/sega_scl.a(scl_pr07.o)
                0x0602a0f0                SCL_SetPriority
 *fill*         0x0602a304        0xc 00
 .text          0x0602a310     0x10a4 ../sbl6/segalib/lib/sega_scl.a(scl_pri.o)
                0x0602a3a4                SCL_AbortAutoVe
                0x0602b254                SCL_SetShadowBit
                0x0602a81c                SCL_AutoExec
                0x0602a310                SCL_PriorityInit
                0x0602ad30                SCL_IncColOffset
                0x0602a3b8                SCL_SetColMixRate
                0x0602a388                SCL_GetColRamMode
 *fill*         0x0602b3b4        0xc 00
 .text          0x0602b3c0       0x58 ../sbl6/segalib/lib/sega_scl.a(scl_pr01.o)
                0x0602b3c0                SCL_SetSpriteMode
 *fill*         0x0602b418        0x8 00
 .text          0x0602b420     0x1394 ../sbl6/segalib/lib/sega_scl.a(scl_ro00.o)
                0x0602c60c                SCL_RotateZD
                0x0602b8d4                SCL_Rotate
                0x0602b5a8                SCL_InitRotateTable
 *fill*         0x0602c7b4        0xc 00
 .text          0x0602c7c0      0x1b4 ../sbl6/segalib/lib/sega_scl.a(scl_pr06.o)
                0x0602c7c0                SCL_SetColRamOffset
 *fill*         0x0602c974        0xc 00
 .text          0x0602c980       0xac ../sbl6/segalib/lib/sega_scl.a(scl_pr05.o)
                0x0602c980                SCL_GetColRamOffset
 *fill*         0x0602ca2c        0x4 00
 .text          0x0602ca30       0xa4 ../sbl6/segalib/lib/sega_mth.a(mth_fixd.o)
                0x0602ca80                MTH_FixedToInt
                0x0602ca70                MTH_IntToFixed
                0x0602ca30                MTH_Mul
                0x0602ca90                MTH_Product
                0x0602ca50                MTH_Div
 *fill*         0x0602cad4        0xc 00
 .text          0x0602cae0      0x600 ../sbl6/segalib/lib/sega_mth.a(mth_tri.o)
                0x0602cb7c                fcos
                0x0602cb82                fsin
                0x0602cb2c                MTH_Cos
                0x0602cae0                MTH_Sin
                0x0602cd20                MTH_Atan
 .text          0x0602d0e0      0xf50 ../sbl6/segalib/lib/sega_per.a(per_prt.o)
                0x0602d500                PER_IntFunc
                0x0602d2f8                PER_LGetPer
                0x0602d0e0                PER_LInit
 .text          0x0602e030      0x1f4 ../sbl6/segalib/lib/sega_sat.a(DMA_SCU1.o)
                0x0602e18c                DMA_ScuResult
                0x0602e030                DMA_ScuInit
                0x0602e080                DMA_ScuMemCopy
 *fill*         0x0602e224        0xc 00
 .text          0x0602e230      0x308 ../sbl6/segalib/lib/sega_sat.a(DMA_SCU0.o)
                0x0602e2b4                DMA_ScuStart
                0x0602e3e8                DMA_ScuIntFunc0
                0x0602e458                DMA_ScuIntFunc1
                0x0602e4c8                DMA_ScuIntFunc2
                0x0602e3a8                DMA_ScuGetStatus
                0x0602e230                DMA_ScuSetPrm
 *fill*         0x0602e538        0x8 00
 .text          0x0602e540       0xe8 ../sbl6/segalib/lib/sega_sat.a(csh_main.o)
                0x0602e540                CSH_Init
                0x0602e5a8                CSH_AllClr
                0x0602e5f4                CSH_Purge
 *fill*         0x0602e628        0x8 00
 .text          0x0602e630       0x90 C:/saturn/SH_COFF/sh-coff/bin/../lib/gcc/sh-coff/3.4-GNUSH_v0501\libgcc.a(_ashiftlt.o)
                0x0602e630                __ashlsi3
 .text          0x0602e6c0       0xb0 C:/saturn/SH_COFF/sh-coff/bin/../lib/gcc/sh-coff/3.4-GNUSH_v0501\libgcc.a(_movstr.o)
                0x0602e700                __movstrSI16
                0x0602e6d4                __movstrSI60
                0x0602e6e0                __movstrSI48
                0x0602e6dc                __movstrSI52
                0x0602e6d0                __movstrSI64
                0x0602e6e4                __movstrSI44
                0x0602e6e8                __movstrSI40
                0x0602e6ec                __movstrSI36
                0x0602e720                __movstr
                0x0602e6d8                __movstrSI56
                0x0602e6f4                __movstrSI28
                0x0602e6f0                __movstrSI32
                0x0602e704                __movstrSI12
                0x0602e708                __movstrSI8
                0x0602e710                __movstrSI0
                0x0602e6f8                __movstrSI24
                0x0602e6fc                __movstrSI20
                0x0602e70c                __movstrSI4
 .text          0x0602e770       0xa0 C:/saturn/SH_COFF/sh-coff/bin/../lib/gcc/sh-coff/3.4-GNUSH_v0501\libgcc.a(__main.o)
                0x0602e7e4                __main
                0x0602e770                __do_global_dtors
                0x0602e7a4                __do_global_ctors
 .text          0x0602e810       0x70 C:/saturn/SH_COFF/sh-coff/bin/../lib/gcc/sh-coff/3.4-GNUSH_v0501\libgcc.a(_udivsi3.o)
                0x0602e832                __udivsi3
 .text          0x0602e880       0x60 C:/saturn/SH_COFF/sh-coff/bin/../lib/gcc/sh-coff/3.4-GNUSH_v0501\libgcc.a(_ashiftrt.o)
                0x0602e88c                __ashiftrt_r4_27
                0x0602e8c0                __ashiftrt_r4_6
                0x0602e8b0                __ashiftrt_r4_14
                0x0602e8a2                __ashiftrt_r4_19
                0x0602e8ba                __ashiftrt_r4_9
                0x0602e8ce                __ashiftrt_r4_0
                0x0602e880                __ashiftrt_r4_31
                0x0602e88e                __ashiftrt_r4_26
                0x0602e89c                __ashiftrt_r4_22
                0x0602e8a8                __ashiftrt_r4_16
                0x0602e8b4                __ashiftrt_r4_12
                0x0602e888                __ashiftrt_r4_29
                0x0602e8a6                __ashiftrt_r4_17
                0x0602e886                __ashiftrt_r4_30
                0x0602e8c2                __ashiftrt_r4_5
                0x0602e8bc                __ashiftrt_r4_8
                0x0602e880                __ashiftrt_r4_32
                0x0602e890                __ashiftrt_r4_25
                0x0602e8c8                __ashiftrt_r4_2
                0x0602e892                __ashiftrt_r4_24
                0x0602e8ae                __ashiftrt_r4_15
                0x0602e8b8                __ashiftrt_r4_10
                0x0602e8ca                __ashiftrt_r4_1
                0x0602e88a                __ashiftrt_r4_28
                0x0602e8a0                __ashiftrt_r4_20
                0x0602e8be                __ashiftrt_r4_7
                0x0602e8b2                __ashiftrt_r4_13
                0x0602e8b6                __ashiftrt_r4_11
                0x0602e8c4                __ashiftrt_r4_4
                0x0602e89a                __ashiftrt_r4_23
                0x0602e8a4                __ashiftrt_r4_18
                0x0602e89e                __ashiftrt_r4_21
                0x0602e8c6                __ashiftrt_r4_3
 .text          0x0602e8e0       0xb0 C:/saturn/SH_COFF/sh-coff/bin/../lib/gcc/sh-coff/3.4-GNUSH_v0501\libgcc.a(_si_to_df.o)
                0x0602e8e0                __floatsidf
 .text          0x0602e990      0x2e0 C:/saturn/SH_COFF/sh-coff/bin/../lib/gcc/sh-coff/3.4-GNUSH_v0501\libgcc.a(_mul_df.o)
                0x0602e9a0                __muldf3
 .text          0x0602ec70       0x80 C:/saturn/SH_COFF/sh-coff/bin/../lib/gcc/sh-coff/3.4-GNUSH_v0501\libgcc.a(_df_to_si.o)
                0x0602ec70                __fixdfsi
 .text          0x0602ecf0      0x220 C:/saturn/SH_COFF/sh-coff/bin/../lib/gcc/sh-coff/3.4-GNUSH_v0501\libgcc.a(_pack_df.o)
                0x0602ed00                __pack_d
 .text          0x0602ef10      0x120 C:/saturn/SH_COFF/sh-coff/bin/../lib/gcc/sh-coff/3.4-GNUSH_v0501\libgcc.a(_unpack_df.o)
                0x0602ef20                __unpack_d
 .text          0x0602f030       0x20 C:/saturn/SH_COFF/sh-coff/bin/../lib/gcc/sh-coff/3.4-GNUSH_v0501\libgcc.a(_thenan_df.o)
                0x0602f030                __thenan_df
 .text          0x0602f050       0xd0 C:/saturn/SH_COFF/sh-coff/bin/../lib/gcc/sh-coff/3.4-GNUSH_v0501\libgcc.a(_muldi3.o)
                0x0602f050                __muldi3
 .text          0x0602f120       0x80 C:/saturn/SH_COFF/sh-coff/bin/../lib/gcc/sh-coff/3.4-GNUSH_v0501\libgcc.a(_lshrdi3.o)
                0x0602f120                __lshrdi3
 .text          0x0602f1a0       0x80 C:/saturn/SH_COFF/sh-coff/bin/../lib/gcc/sh-coff/3.4-GNUSH_v0501\libgcc.a(_ashldi3.o)
                0x0602f1a0                __ashldi3
 .text          0x0602f220       0x30 C:/saturn/SH_COFF/sh-coff/bin/../lib/gcc/sh-coff/3.4-GNUSH_v0501\libgcc.a(_mulsi3.o)
                0x0602f220                __mulsi3
 .text          0x0602f250       0x90 C:/saturn/SH_COFF/sh-coff/bin/../lib/gcc/sh-coff/3.4-GNUSH_v0501\libgcc.a(_lshiftrt.o)
                0x0602f250                __lshrsi3
 .text          0x0602f2e0       0xa0 C:/saturn/SH_COFF/sh-coff/bin/../lib/gcc/sh-coff/3.4-GNUSH_v0501/../../../../sh-coff/lib\libc.a(memcpy.o)
                0x0602f2e0                memcpy
 .text          0x0602f380       0x40 C:/saturn/SH_COFF/sh-coff/bin/../lib/gcc/sh-coff/3.4-GNUSH_v0501/../../../../sh-coff/lib\libc.a(memset.o)
                0x0602f380                memset
 .text          0x0602f3c0       0x90 C:/saturn/SH_COFF/sh-coff/bin/../lib/gcc/sh-coff/3.4-GNUSH_v0501/../../../../sh-coff/lib\libc.a(atexit.o)
                0x0602f3c0                atexit
 .text          0x0602f450       0x10 C:/saturn/SH_COFF/sh-coff/bin/../lib/gcc/sh-coff/3.4-GNUSH_v0501/../../../../sh-coff/lib\libc.a(impure.o)
                0x0602f450                _global_impure_ptr
 .text          0x0602f460       0x40 C:/saturn/SH_COFF/sh-coff/bin/../lib/gcc/sh-coff/3.4-GNUSH_v0501/../../../../sh-coff/lib\libc.a(malloc.o)
                0x0602f47c                free
                0x0602f460                malloc
 .text          0x0602f4a0      0x5b0 C:/saturn/SH_COFF/sh-coff/bin/../lib/gcc/sh-coff/3.4-GNUSH_v0501/../../../../sh-coff/lib\libc.a(mallocr.o)
                0x0602f4a0                _malloc_r
 .text          0x0602fa50      0x340 C:/saturn/SH_COFF/sh-coff/bin/../lib/gcc/sh-coff/3.4-GNUSH_v0501/../../../../sh-coff/lib\libc.a(freer.o)
                0x0602fa50                _malloc_trim_r
                0x0602fb44                _free_r
 .text          0x0602fd90       0x20 C:/saturn/SH_COFF/sh-coff/bin/../lib/gcc/sh-coff/3.4-GNUSH_v0501/../../../../sh-coff/lib\libc.a(mlock.o)
                0x0602fd90                __malloc_lock
                0x0602fd9c                __malloc_unlock
 .text          0x0602fdb0       0x50 C:/saturn/SH_COFF/sh-coff/bin/../lib/gcc/sh-coff/3.4-GNUSH_v0501/../../../../sh-coff/lib\libc.a(sbrkr.o)
                0x0602fdb0                _sbrk_r
 .text          0x0602fe00      0x380 C:/saturn/SH_COFF/sh-coff/bin/../lib/gcc/sh-coff/3.4-GNUSH_v0501/../../../../sh-coff/lib\libc.a(syscalls.o)
                0x0602ff6c                _exit
                0x0602ffa0                _getpid
                0x06030008                _utime
                0x0602fe38                _write
                0x0602fe00                _read
                0x0602ff54                _unlink
                0x0602ff1c                _open
                0x0602ffb8                _stat
                0x0602ff60                isatty
                0x06030038                _wait
                0x0602ff84                _kill
                0x0602ffd4                _chmod
                0x06030068                _execv
                0x0603004c                _execve
                0x06030144                __setup_argv_and_call_main
                0x060300a0                _gettimeofday
                0x0602fe6c                _link
                0x0602ffac                _raise
                0x0602ff38                _creat
                0x06030080                _pipe
                0x0602ffec                _chown
                0x0602fe1c                _lseek
                0x0602fe54                _close
                0x06030094                _times
                0x0602ff08                _fstat
                0x06030024                _fork
                0x0602fe94                _sbrk
 .text          0x06030180       0x20 C:/saturn/SH_COFF/sh-coff/bin/../lib/gcc/sh-coff/3.4-GNUSH_v0501/../../../../sh-coff/lib\libc.a(trap.o)
                0x06030180                __trap34
 .text          0x060301a0       0x20 C:/saturn/SH_COFF/sh-coff/bin/../lib/gcc/sh-coff/3.4-GNUSH_v0501/../../../../sh-coff/lib\libc.a(abort.o)
                0x060301a0                abort
 .text          0x060301c0      0x270 C:/saturn/SH_COFF/sh-coff/bin/../lib/gcc/sh-coff/3.4-GNUSH_v0501/../../../../sh-coff/lib\libc.a(signal.o)
                0x06030280                _raise_r
                0x06030408                __sigtramp
                0x060303b4                raise
                0x060303f0                _init_signal
                0x06030340                __sigtramp_r
                0x060303d0                signal
                0x0603020c                _signal_r
                0x060301c0                _init_signal_r
 .text          0x06030430       0x60 C:/saturn/SH_COFF/sh-coff/bin/../lib/gcc/sh-coff/3.4-GNUSH_v0501/../../../../sh-coff/lib\libc.a(signalr.o)
                0x06030478                _getpid_r
                0x06030430                _kill_r
 *(.strings)

.tors           0x06030490        0x0
                0x06030490                ___ctors = .
 *(.ctors)
                0x06030490                ___ctors_end = .
                0x06030490                ___dtors = .
 *(.dtors)
                0x06030490                ___dtors_end = .

.data           0x06030490     0x1210
                0x06030490                STARTOF_R = .
 *(.data)
 .data          0x06030490      0x400 ../sbl6/segasmp/per/smpclib/per_x1.o
 .data          0x06030890       0x40 collision.o
                0x06030890                floor_tiles
 .data          0x060308d0       0x40 enemylist.o
                0x060308ea                floor1_enemies
                0x060308d0                enemy_lists
                0x060308f2                floor0_enemies
                0x060308fc                enemy_arr
                0x060308dc                floor2_enemies
 .data          0x06030910       0xc0 graphics.o
                0x06030910                tiles
 .data          0x060309d0       0x30 sprite.o
 .data          0x06030a00       0x20 scroll.o
                0x06030a00                CycleTb
                0x06030a10                vram
 .data          0x06030a20       0x10 main.o
                0x06030a20                levels
 .data          0x06030a30      0x400 ../sbl6/segalib/lib/sega_int.a(int.o)
 .data          0x06030e30       0x1c ../sbl6/segalib/lib/sega_spr.a(spr_slv.o)
                0x06030e38                SPR_SlaveParam
                0x06030e48                SPR_SMPC_SF
                0x06030e40                SPR_SMPC_COM
                0x06030e3c                SPR_SlaveSHEntry
                0x06030e34                SPR_SlaveState
                0x06030e30                SPR_SlaveCommand
                0x06030e44                SPR_SMPC_RET
 *fill*         0x06030e4c        0x4 00
 .data          0x06030e50       0x34 ../sbl6/segalib/lib/sega_spr.a(spr_1c.o)
                0x06030e50                SpInitialFlag
 *fill*         0x06030e84        0xc 00
 .data          0x06030e90       0x1c ../sbl6/segalib/lib/sega_scl.a(scl_vblv.o)
                0x06030e98                VBInterval
                0x06030ea0                ReqDisplayFlag
                0x06030e90                SpFrameChgMode
                0x06030e9c                VBIntervalCounter
                0x06030e94                SpFrameEraseMode
 *fill*         0x06030eac        0x4 00
 .data          0x06030eb0       0x36 ../sbl6/segalib/lib/sega_scl.a(scl_func.o)
                0x06030ec0                SclRotregBuff
                0x06030ebc                SclDisplayY
                0x06030ec4                SclRotateTableMode
                0x06030eb8                SclProcess
                0x06030eb4                SclCurSclNum
                0x06030eb0                SclLengthLsTbl
                0x06030eba                SclDisplayX
                0x06030eb2                SclLengthCsTbl
 *fill*         0x06030ee6        0xa 00
 .data          0x06030ef0       0x18 ../sbl6/segalib/lib/sega_scl.a(scl_pri.o)
                0x06030ef4                SclRealSpPriNum
                0x06030f04                SclRealColOffset
                0x06030f00                SclRealBgColMix
                0x06030efc                SclRealSpColMix
                0x06030ef8                SclRealBgPriNum
                0x06030ef0                SclRealOtherPri
 *fill*         0x06030f08        0x8 00
 .data          0x06030f10      0x380 C:/saturn/SH_COFF/sh-coff/bin/../lib/gcc/sh-coff/3.4-GNUSH_v0501/../../../../sh-coff/lib\libc.a(impure.o)
                0x0603128c                _impure_ptr
 .data          0x06031290      0x410 C:/saturn/SH_COFF/sh-coff/bin/../lib/gcc/sh-coff/3.4-GNUSH_v0501/../../../../sh-coff/lib\libc.a(mallocr.o)
                0x06031298                __malloc_av_
                0x06031294                __malloc_trim_threshold
                0x06031290                __malloc_sbrk_base
                0x060316a0                SIZEOF_R = (. - STARTOF_R)
                0x060316a0                ENDOF_R = .

.bss            0x060316a0     0x7c74
                0x060316a0                STARTOF_B = .
 *(.bss)
 .bss           0x060316a0       0x10 vblank.o
                0x060316a4                PadData2E
                0x060316aa                PadData1
                0x060316a6                PadData2
                0x060316a8                PadData1E
                0x060316a0                __port
 .bss           0x060316b0       0xd0 ../sbl6/segasmp/per/smpclib/per_x2.o
 .bss           0x06031780       0x10 player.o
                0x06031784                anim_cursor
                0x06031780                bullet_lastframe
 .bss           0x06031790     0x3580 sprite.o
                0x06031790                num_sprites
 .bss           0x06034d10       0x50 scroll.o
                0x06034d28                map_tiles_x
                0x06034d30                scrolls_y
                0x06034d10                scroll_transition_state
                0x06034d20                map_tiles_y
                0x06034d18                copy_modes
                0x06034d40                scrolls_x
                0x06034d14                curr_map
 .bss           0x06034d60       0x10 main.o
                0x06034d60                frame
 .bss           0x06034d70       0x6e ../sbl6/segalib/lib/sega_spr.a(spr_2c.o)
 *fill*         0x06034dde        0x2 00
 .bss           0x06034de0        0x4 ../sbl6/segalib/lib/sega_scl.a(scl_vblv.o)
 *fill*         0x06034de4        0xc 00
 .bss           0x06034df0        0x4 ../sbl6/segalib/lib/sega_scl.a(scl_func.o)
 *fill*         0x06034df4        0xc 00
 .bss           0x06034e00       0x48 ../sbl6/segalib/lib/sega_scl.a(scl_ro00.o)
 *fill*         0x06034e48        0x8 00
 .bss           0x06034e50       0x9c ../sbl6/segalib/lib/sega_per.a(per_prt.o)
 *fill*         0x06034eec        0x4 00
 .bss           0x06034ef0        0xc ../sbl6/segalib/lib/sega_sat.a(DMA_SCU1.o)
 *fill*         0x06034efc        0x4 00
 .bss           0x06034f00       0x20 ../sbl6/segalib/lib/sega_sat.a(DMA_SCU0.o)
 .bss           0x06034f20       0x10 C:/saturn/SH_COFF/sh-coff/bin/../lib/gcc/sh-coff/3.4-GNUSH_v0501\libgcc.a(__main.o)
 .bss           0x06034f30       0x10 C:/saturn/SH_COFF/sh-coff/bin/../lib/gcc/sh-coff/3.4-GNUSH_v0501/../../../../sh-coff/lib\libc.a(atexit.o)
 .bss           0x06034f40       0x40 C:/saturn/SH_COFF/sh-coff/bin/../lib/gcc/sh-coff/3.4-GNUSH_v0501/../../../../sh-coff/lib\libc.a(mallocr.o)
                0x06034f70                __malloc_top_pad
                0x06034f40                __malloc_current_mallinfo
                0x06034f6c                __malloc_max_sbrked_mem
                0x06034f68                __malloc_max_total_mem
 .bss           0x06034f80       0x10 C:/saturn/SH_COFF/sh-coff/bin/../lib/gcc/sh-coff/3.4-GNUSH_v0501/../../../../sh-coff/lib\libc.a(syscalls.o)
 *(COMMON)
 COMMON         0x06034f90       0x2e player.o
                                  0x0 (size before relaxing)
                0x06034f90                player
                0x06034fbc                bullet_direction
 *fill*         0x06034fbe        0x2 00
 COMMON         0x06034fc0      0x460 print.o
                                  0x0 (size before relaxing)
                0x06034fc0                text
 COMMON         0x06035420     0x2260 sprite.o
                                  0x0 (size before relaxing)
                0x06035420                sprites
 COMMON         0x06037680      0x250 scroll.o
                                  0x0 (size before relaxing)
                0x06037680                scfg3
                0x06037710                scfg0
                0x060377a0                maps
                0x060377b0                scfg2
                0x06037840                scfg1
                0x060378cc                tilemaps
 COMMON         0x060378d0      0x400 ../sbl6/segalib/lib/sega_int.a(int.o)
                                  0x0 (size before relaxing)
                0x060378d0                __interrupt_vector
 COMMON         0x06037cd0       0x50 ../sbl6/segalib/lib/sega_spr.a(spr_2c.o)
                                  0x0 (size before relaxing)
                0x06037cd0                SpMstCmd
                0x06037cd4                Sp2OpenFlag
                0x06037cd8                SpGourTblMax
                0x06037cdc                SpDrawPrtyBlk
                0x06037ce0                SpLCoordX
                0x06037ce4                SpMstDrawPrtyBlk
                0x06037ce8                SpGourTbl
                0x06037cec                SpLookupTblR
                0x06037cf0                SpCmdTbl
                0x06037cf4                SpCharMax
                0x06037cf8                SpDrawPrtyProcFlag
                0x06037cfc                SpCmdNo
                0x06037d00                SpDrawPrtyBlkMax
                0x06037d04                SpSlvCmdPos
                0x06037d08                SpSlvDrawPrtyBlk
                0x06037d0c                SpCharTbl
                0x06037d10                SpCmdTblR
                0x06037d14                SpMstCmdPos
                0x06037d18                SpSlvCmd
                0x06037d1c                SpLCoordY
 COMMON         0x06037d20       0x10 ../sbl6/segalib/lib/sega_spr.a(spr_1c.o)
                                  0x0 (size before relaxing)
                0x06037d20                SpScreenY
                0x06037d24                SpFbcrMode
                0x06037d26                SpDil
                0x06037d28                SpDie
                0x06037d2a                SpTvMode
                0x06037d2c                SpScreenX
 COMMON         0x06037d30      0xf00 ../sbl6/segalib/lib/sega_scl.a(scl_func.o)
                                  0x0 (size before relaxing)
                0x06037d30                SclRbgKtbAddr
                0x06037d38                SclRb
                0x06037d3a                Scl_flag
                0x06037d40                SclK_TableBuff
                0x06038a10                SclAddrCsTbl
                0x06038a20                Scl_s_reg
                0x06038a48                SclRotateXy
                0x06038a50                Scl_d_reg
                0x06038a98                SclRotateDisp
                0x06038aa0                SclRotateMoveZ
                0x06038aa8                SclRotXySw
                0x06038ab0                Scl_r_reg
                0x06038ac0                SclRPMD
                0x06038ac8                SclRbgKtbOffset
                0x06038ad0                _SclRotregBuff
                0x06038ba0                SclRa
                0x06038ba8                SclRotateZ
                0x06038bb0                SclAddrLsTbl
                0x06038bb8                SclK_TableNum
                0x06038bc0                SclRotateTableAddress
                0x06038bc4                SclK_TableFlag
                0x06038bd0                Scl_w_reg
                0x06038bf0                Scl_n_reg
 COMMON         0x06038c30      0x6b0 ../sbl6/segalib/lib/sega_scl.a(scl_pri.o)
                                  0x0 (size before relaxing)
                0x06038c30                SclAutoEndBlue2
                0x06038c40                SclColOffset
                0x06038c50                SclPriBuffDirty
                0x06038c52                SclAutoEndRed
                0x06038c54                SclAutoSurface
                0x06038c58                SclAutoGreen
                0x06038c5a                SclAutoEndGreen
                0x06038c5c                SclAutoCount
                0x06038c60                SclColRamAlloc256
                0x06038c80                SclAutoCurRate
                0x06038c81                SclAutoPlusFlag
                0x06038c88                SclSpColMix
                0x06038c90                SclAutoMax
                0x06038c94                SclLineColRamOffset
                0x06038c98                SclColRamAlloc2048
                0x06038c9c                SclBgPriNum
                0x06038ca2                SclAutoEndBlue
                0x06038ca4                SclAutoEndGreen2
                0x06038ca6                SclAutoVeFlag
                0x06038ca8                SclBgColMix
                0x06038cb0                SclAutoIndex
                0x06038cb4                SclAutoEndRate
                0x06038cb6                SclAutoBlue
                0x06038cb8                SclAutoRed
                0x06038cbc                SclAutoInterval
                0x06038cc0                SclOtherPri
                0x06038cd0                SclAutoRGB
                0x060392d0                SclAutoEndRed2
                0x060392d8                SclSpPriNum
 COMMON         0x060392e0       0x10 ../sbl6/segalib/lib/sega_scl.a(scl_ro00.o)
                                  0x0 (size before relaxing)
                0x060392e0                SclCsx
                0x060392e8                SclCsy
 COMMON         0x060392f0       0x15 ../sbl6/segalib/lib/sega_per.a(per_prt.o)
                                  0x0 (size before relaxing)
                0x060392f0                per_get_time_flg
                0x060392f1                per_hot_res
                0x060392f2                per_set_sys_flg
                0x060392f4                per_get_time_adr
                0x060392f8                per_get_sys_data
                0x06039304                per_time_out_flg
 *fill*         0x06039305        0xb 00
 COMMON         0x06039310        0x4 C:/saturn/SH_COFF/sh-coff/bin/../lib/gcc/sh-coff/3.4-GNUSH_v0501/../../../../sh-coff/lib\libc.a(syscalls.o)
                                  0x0 (size before relaxing)
                0x06039310                errno
                0x06039314                SIZEOF_B = (. - STARTOF_B)
                0x06039314                ENDOF_B = .
                0x06039314                _end = .
OUTPUT(main.cof coff-sh)

.comment        0x06039320      0x480
 .comment       0x06039320       0x20 ../sbl6/segasmp/lib/strt2_g.o
 .comment       0x06039340       0x20 vblank.o
 .comment       0x06039360       0x20 ../sbl6/segasmp/per/smpclib/per_x1.o
 .comment       0x06039380       0x20 ../sbl6/segasmp/per/smpclib/per_x2.o
 .comment       0x060393a0       0x20 bullet.o
 .comment       0x060393c0       0x20 circle.o
 .comment       0x060393e0       0x20 collision.o
 .comment       0x06039400       0x20 enemylist.o
 .comment       0x06039420       0x20 graphics.o
 .comment       0x06039440       0x20 missile.o
 .comment       0x06039460       0x20 player.o
 .comment       0x06039480       0x20 print.o
 .comment       0x060394a0       0x20 sprite.o
 .comment       0x060394c0       0x20 scroll.o
 .comment       0x060394e0       0x20 main.o
 .comment       0x06039500       0x20 C:/saturn/SH_COFF/sh-coff/bin/../lib/gcc/sh-coff/3.4-GNUSH_v0501\libgcc.a(__main.o)
 .comment       0x06039520       0x20 C:/saturn/SH_COFF/sh-coff/bin/../lib/gcc/sh-coff/3.4-GNUSH_v0501\libgcc.a(_si_to_df.o)
 .comment       0x06039540       0x20 C:/saturn/SH_COFF/sh-coff/bin/../lib/gcc/sh-coff/3.4-GNUSH_v0501\libgcc.a(_mul_df.o)
 .comment       0x06039560       0x20 C:/saturn/SH_COFF/sh-coff/bin/../lib/gcc/sh-coff/3.4-GNUSH_v0501\libgcc.a(_df_to_si.o)
 .comment       0x06039580       0x20 C:/saturn/SH_COFF/sh-coff/bin/../lib/gcc/sh-coff/3.4-GNUSH_v0501\libgcc.a(_pack_df.o)
 .comment       0x060395a0       0x20 C:/saturn/SH_COFF/sh-coff/bin/../lib/gcc/sh-coff/3.4-GNUSH_v0501\libgcc.a(_unpack_df.o)
 .comment       0x060395c0       0x20 C:/saturn/SH_COFF/sh-coff/bin/../lib/gcc/sh-coff/3.4-GNUSH_v0501\libgcc.a(_thenan_df.o)
 .comment       0x060395e0       0x20 C:/saturn/SH_COFF/sh-coff/bin/../lib/gcc/sh-coff/3.4-GNUSH_v0501\libgcc.a(_muldi3.o)
 .comment       0x06039600       0x20 C:/saturn/SH_COFF/sh-coff/bin/../lib/gcc/sh-coff/3.4-GNUSH_v0501\libgcc.a(_lshrdi3.o)
 .comment       0x06039620       0x20 C:/saturn/SH_COFF/sh-coff/bin/../lib/gcc/sh-coff/3.4-GNUSH_v0501\libgcc.a(_ashldi3.o)
 .comment       0x06039640       0x20 C:/saturn/SH_COFF/sh-coff/bin/../lib/gcc/sh-coff/3.4-GNUSH_v0501/../../../../sh-coff/lib\libc.a(atexit.o)
 .comment       0x06039660       0x20 C:/saturn/SH_COFF/sh-coff/bin/../lib/gcc/sh-coff/3.4-GNUSH_v0501/../../../../sh-coff/lib\libc.a(impure.o)
 .comment       0x06039680       0x20 C:/saturn/SH_COFF/sh-coff/bin/../lib/gcc/sh-coff/3.4-GNUSH_v0501/../../../../sh-coff/lib\libc.a(malloc.o)
 .comment       0x060396a0       0x20 C:/saturn/SH_COFF/sh-coff/bin/../lib/gcc/sh-coff/3.4-GNUSH_v0501/../../../../sh-coff/lib\libc.a(mallocr.o)
 .comment       0x060396c0       0x20 C:/saturn/SH_COFF/sh-coff/bin/../lib/gcc/sh-coff/3.4-GNUSH_v0501/../../../../sh-coff/lib\libc.a(freer.o)
 .comment       0x060396e0       0x20 C:/saturn/SH_COFF/sh-coff/bin/../lib/gcc/sh-coff/3.4-GNUSH_v0501/../../../../sh-coff/lib\libc.a(mlock.o)
 .comment       0x06039700       0x20 C:/saturn/SH_COFF/sh-coff/bin/../lib/gcc/sh-coff/3.4-GNUSH_v0501/../../../../sh-coff/lib\libc.a(sbrkr.o)
 .comment       0x06039720       0x20 C:/saturn/SH_COFF/sh-coff/bin/../lib/gcc/sh-coff/3.4-GNUSH_v0501/../../../../sh-coff/lib\libc.a(syscalls.o)
 .comment       0x06039740       0x20 C:/saturn/SH_COFF/sh-coff/bin/../lib/gcc/sh-coff/3.4-GNUSH_v0501/../../../../sh-coff/lib\libc.a(abort.o)
 .comment       0x06039760       0x20 C:/saturn/SH_COFF/sh-coff/bin/../lib/gcc/sh-coff/3.4-GNUSH_v0501/../../../../sh-coff/lib\libc.a(signal.o)
 .comment       0x06039780       0x20 C:/saturn/SH_COFF/sh-coff/bin/../lib/gcc/sh-coff/3.4-GNUSH_v0501/../../../../sh-coff/lib\libc.a(signalr.o)
