Archive member included because of file (symbol)

../sbl6/segalib/lib/sega_int.a(int.o)
                              vblank.o (INT_SetScuFunc)
../sbl6/segalib/lib/sega_int.a(int_trmp.o)
                              ../sbl6/segalib/lib/sega_int.a(int.o) (__interrupt_handler0)
../sbl6/segalib/lib/sega_spr.a(spr_2c.o)
                              sprite.o (SPR_2Initial)
../sbl6/segalib/lib/sega_spr.a(spr_slv.o)
                              ../sbl6/segalib/lib/sega_spr.a(spr_2c.o) (SPR_InitSlaveSH)
../sbl6/segalib/lib/sega_spr.a(spr_1c.o)
                              ../sbl6/segalib/lib/sega_spr.a(spr_2c.o) (SPR_Initial)
../sbl6/segalib/lib/sega_spr.a(spr_2a.o)
                              ../sbl6/segalib/lib/sega_spr.a(spr_2c.o) (SPR_2SetDrawPrty)
../sbl6/segalib/lib/sega_scl.a(scl_vblv.o)
                              ../sbl6/segalib/lib/sega_spr.a(spr_1c.o) (SpFrameChgMode)
../sbl6/segalib/lib/sega_scl.a(scl_func.o)
                              sprite.o (SCL_Vdp2Init)
../sbl6/segalib/lib/sega_scl.a(scl_pr03.o)
                              scroll.o (SCL_AllocColRam)
../sbl6/segalib/lib/sega_scl.a(scl_pr02.o)
                              scroll.o (SCL_SetColRam)
../sbl6/segalib/lib/sega_scl.a(scl_back.o)
                              scroll.o (SCL_SetBack)
../sbl6/segalib/lib/sega_scl.a(scl_fu05.o)
                              scroll.o (SCL_InitLineParamTb)
../sbl6/segalib/lib/sega_scl.a(scl_fu03.o)
                              scroll.o (SCL_InitConfigTb)
../sbl6/segalib/lib/sega_scl.a(scl_fu02.o)
                              scroll.o (SCL_InitVramConfigTb)
../sbl6/segalib/lib/sega_scl.a(scl_fu04.o)
                              scroll.o (SCL_SetCycleTable)
../sbl6/segalib/lib/sega_scl.a(scl_pr07.o)
                              scroll.o (SCL_SetPriority)
../sbl6/segalib/lib/sega_scl.a(scl_pr01.o)
                              main.o (SCL_SetSpriteMode)
../sbl6/segalib/lib/sega_scl.a(scl_pri.o)
                              ../sbl6/segalib/lib/sega_scl.a(scl_func.o) (SclRealOtherPri)
../sbl6/segalib/lib/sega_scl.a(scl_ro00.o)
                              ../sbl6/segalib/lib/sega_scl.a(scl_func.o) (SCL_Rotate)
../sbl6/segalib/lib/sega_scl.a(scl_pr06.o)
                              ../sbl6/segalib/lib/sega_scl.a(scl_pr03.o) (SCL_SetColRamOffset)
../sbl6/segalib/lib/sega_scl.a(scl_pr05.o)
                              ../sbl6/segalib/lib/sega_scl.a(scl_pr02.o) (SCL_GetColRamOffset)
../sbl6/segalib/lib/sega_mth.a(mth_fixd.o)
                              sprite.o (MTH_Mul)
../sbl6/segalib/lib/sega_mth.a(mth_tri.o)
                              sprite.o (MTH_Sin)
../sbl6/segalib/lib/sega_cdc.a(cdc_drv.o)
                              sound.o (CDC_CdPlay)
../sbl6/segalib/lib/sega_cdc.a(cdc_sub.o)
                              ../sbl6/segalib/lib/sega_cdc.a(cdc_drv.o) (CDSUB_UpdCdstat)
../sbl6/segalib/lib/sega_cdc.a(cdc_reg.o)
                              ../sbl6/segalib/lib/sega_cdc.a(cdc_sub.o) (CDREG_CmdRsp)
../sbl6/segalib/lib/sega_cdc.a(cdc_cmn.o)
                              ../sbl6/segalib/lib/sega_cdc.a(cdc_reg.o) (CDC_DataReady)
../sbl6/segalib/lib/sega_per.a(per_prt.o)
                              ../sbl6/segasmp/per/smpclib/per_x2.o (PER_LInit)
../sbl6/segalib/lib/sega_sat.a(gfs.o)
                              cd.o (GFS_Init)
../sbl6/segalib/lib/sega_sat.a(DMA_SCU1.o)
                              ../sbl6/segalib/lib/sega_spr.a(spr_2c.o) (DMA_ScuMemCopy)
../sbl6/segalib/lib/sega_sat.a(gfs_cdf.o)
                              ../sbl6/segalib/lib/sega_sat.a(gfs.o) (GFCF_Init)
../sbl6/segalib/lib/sega_sat.a(gfs_dir.o)
                              ../sbl6/segalib/lib/sega_sat.a(gfs.o) (GFDR_SetupDirTbl)
../sbl6/segalib/lib/sega_sat.a(gfs_trn.o)
                              ../sbl6/segalib/lib/sega_sat.a(gfs.o) (GFTR_Setup)
../sbl6/segalib/lib/sega_sat.a(gfs_buf.o)
                              ../sbl6/segalib/lib/sega_sat.a(gfs.o) (GFBF_GetNumData)
../sbl6/segalib/lib/sega_sat.a(gfs_cdb.o)
                              ../sbl6/segalib/lib/sega_sat.a(gfs_cdf.o) (GFCB_Setup)
../sbl6/segalib/lib/sega_sat.a(gfs_cdc.o)
                              ../sbl6/segalib/lib/sega_sat.a(gfs.o) (GFCD_SetCdbfs)
../sbl6/segalib/lib/sega_sat.a(DMA_SCU0.o)
                              ../sbl6/segalib/lib/sega_sat.a(DMA_SCU1.o) (DMA_ScuSetPrm)
../sbl6/segalib/lib/sega_sat.a(csh_main.o)
                              ../sbl6/segalib/lib/sega_sat.a(DMA_SCU1.o) (CSH_Purge)
../sbl6/segalib/lib/sega_sat.a(DMA_CPU0.o)
                              ../sbl6/segalib/lib/sega_sat.a(gfs_trn.o) (DMA_CpuSetComPrm)
../sbl6/segalib/lib/sega_sat.a(cdc_cfs.o)
                              ../sbl6/segalib/lib/sega_sat.a(gfs_cdc.o) (CDC_ChgDir)
../sbl6/segalib/lib/sega_sat.a(cdc_bio.o)
                              ../sbl6/segalib/lib/sega_sat.a(gfs_cdc.o) (CDC_SetSctLen)
../sbl6/segalib/lib/sega_sat.a(cdc_sel.o)
                              ../sbl6/segalib/lib/sega_sat.a(gfs_cdc.o) (CDC_SetFiltRange)
[...]
Memory Configuration

Name             Origin             Length             Attributes
*default*        0x00000000         0xffffffff

Linker script and memory map

LOAD ../sbl6/segasmp/lib/strt1_g.o
LOAD ../sbl6/segasmp/lib/strt2_g.o
LOAD vblank.o
LOAD ../sbl6/segasmp/per/smpclib/per_x1.o
LOAD ../sbl6/segasmp/per/smpclib/per_x2.o
LOAD ../sbl6/segasmp/per/smpclib/per_x3.o
LOAD blocks.o
LOAD cd.o
LOAD collision.o
LOAD enemylist.o
LOAD graphics.o
LOAD pcmsys.o
LOAD player.o
LOAD print.o
LOAD scroll.o
LOAD sound.o
LOAD sprite.o
LOAD spritecode/explosion.o
LOAD spritecode/float.o
LOAD main.o
LOAD ../sbl6/segalib/lib/sega_int.a
LOAD ../sbl6/segalib/lib/sega_spr.a
LOAD ../sbl6/segalib/lib/sega_scl.a
LOAD ../sbl6/segalib/lib/sega_mth.a
LOAD ../sbl6/segalib/lib/sega_cdc.a
LOAD ../sbl6/segalib/lib/sega_adp.a
LOAD ../sbl6/segalib/lib/sega_per.a
LOAD ../sbl6/segalib/lib/sega_sat.a
LOAD C:/saturn/SH_COFF/sh-coff/bin/../lib/gcc/sh-coff/3.4-GNUSH_v0501\libgcc.a
LOAD C:/saturn/SH_COFF/sh-coff/bin/../lib/gcc/sh-coff/3.4-GNUSH_v0501/../../../../sh-coff/lib\libc.a
LOAD C:/saturn/SH_COFF/sh-coff/bin/../lib/gcc/sh-coff/3.4-GNUSH_v0501\libgcc.a

.text           0x06010000    0x15230
 *(.text)
 .text          0x06010000       0x30 ../sbl6/segasmp/lib/strt1_g.o
                0x06010024                _D_END
                0x06010020                _D_BGN
                0x0601002c                _B_END
                0x06010028                _B_BGN
                0x06010000                START
 .text          0x06010030       0x60 ../sbl6/segasmp/lib/strt2_g.o
                0x06010050                _INITSCT
                0x06010030                _INIT
 .text          0x06010090      0x190 vblank.o
                0x06010090                SetVblank
                0x06010120                UsrVblankOut
                0x060100f0                UsrVblankIn
 .text          0x06010220      0x430 ../sbl6/segasmp/per/smpclib/per_x1.o
                0x060105b4                PER_GetAnalogXYZ
                0x06010244                PER_GetTriggerHandler
                0x060104de                PER_GetEdge
                0x0601045c                PER_GetTrigger
                0x06010508                PER_GetPressEdge
                0x0601055c                PER_GetReleaseEdge
                0x06010220                PER_SetTriggerHandler
 .text          0x06010650      0x200 ../sbl6/segasmp/per/smpclib/per_x2.o
                0x06010754                PER_GetDeviceA
                0x06010650                PER_OpenPort
                0x06010688                PER_GetPort
                0x060107ce                PER_GetDeviceR
 .text          0x06010850       0x20 ../sbl6/segasmp/per/smpclib/per_x3.o
                0x06010850                PER_DisguiseTrigger
 .text          0x06010870       0xd0 blocks.o
                0x06010870                block_get
                0x060108d0                block_check
                0x06010900                block_spike
 .text          0x06010940      0x120 cd.o
                0x060109e0                cd_load_nosize
                0x06010940                cd_init
                0x06010970                cd_load
 .text          0x06010a60      0x970 collision.o
                0x06010a60                collision_check_up
                0x06011230                collision_eject_horiz
                0x06011390                collision_player
                0x06011060                collision_eject_vert
                0x06010d90                collision_check
                0x06010c50                collision_check_left
                0x06010ce0                collision_check_right
                0x06010fc0                collision_spikes
                0x06010b90                collision_check_below
                0x06010ad0                collision_check_down
 .text          0x060113d0       0x80 enemylist.o
                0x060113d0                enemylist_spawn
 .text          0x06011450      0x890 pcmsys.o
                0x06011af0                load_8bit_pcm
                0x06011870                smpc_issue_command
                0x06011910                load_drv
                0x06011c70                pcm_parameter_change
                0x06011850                smpc_wait_till_ready
                0x06011890                load_driver_binary
                0x06011c30                pcm_play
                0x06011ca0                pcm_cease
                0x06011960                calculate_bytes_per_blank
                0x060119a0                load_16bit_pcm
 .text          0x06011ce0      0x790 player.o
                0x06011d70                player_killenemy
                0x06011ce0                player_frames
                0x06011f00                player_input
                0x06011cf0                player_init
                0x06011d90                player_die
                0x06012320                player_draw
                0x06011d40                player_cankill
                0x06011df0                player_animate
 .text          0x06012470      0x170 print.o
                0x06012540                print_display
                0x060124b0                print_num
                0x06012470                print_init
                0x06012500                print_string
 .text          0x060125e0      0x990 scroll.o
                0x060125e0                scroll_move
                0x06012820                scroll_get
                0x06012d10                scroll_copy
                0x06012710                scroll_set
                0x06012e50                scroll_reset
                0x06012eb0                scroll_linescroll4
                0x06012940                scroll_init
                0x06012740                scroll_scale
                0x06012880                scroll_changescreen
 .text          0x06012f70      0x180 sound.o
                0x060130d0                sound_play
                0x06012fa0                sound_init
                0x06013090                sound_cdda
 .text          0x060130f0      0x710 sprite.o
                0x06013120                sprite_init
                0x06013610                sprite_make
                0x06013770                sprite_next
                0x060137d0                sprite_delete
                0x06013660                sprite_draw_all
                0x060130f0                sprite_deleteall
                0x060133c0                sprite_draw
 .text          0x06013800       0xe0 spritecode/explosion.o
                0x06013870                explosion_move
                0x06013800                explosion_make
 .text          0x060138e0      0x180 spritecode/float.o
                0x060138e0                float_make
                0x06013950                float_move
 .text          0x06013a60      0x1b0 main.o
                0x06013a60                main
 .text          0x06013c10       0x40 ../sbl6/segalib/lib/sega_int.a(int.o)
                0x06013c3c                INT_GetScuFunc
                0x06013c10                INT_SetScuFunc
 .text          0x06013c50      0x624 ../sbl6/segalib/lib/sega_int.a(int_trmp.o)
                0x06013db8                __interrupt_handler60
                0x06013f68                __interrupt_handler132
                0x0601411e                __interrupt_handler205
                0x06013f86                __interrupt_handler137
                0x06013eb4                __interrupt_handler102
                0x06013cf2                __interrupt_handler27
                0x060140f4                __interrupt_handler198
                0x06013fe6                __interrupt_handler153
                0x06013cce                __interrupt_handler21
                0x06013ddc                __interrupt_handler66
                0x06013ecc                __interrupt_handler106
                0x06014016                __interrupt_handler161
                0x06013e60                __interrupt_handler88
                0x0601402e                __interrupt_handler165
                0x06013f3e                __interrupt_handler125
                0x06013c74                __interrupt_handler6
                0x06013d10                __interrupt_handler32
                0x060140ca                __interrupt_handler191
                0x060141e4                __interrupt_handler238
                0x060141fc                __interrupt_handler242
                0x06014004                __interrupt_handler158
                0x06013e6c                __interrupt_handler90
                0x06014028                __interrupt_handler164
                0x06013d4c                __interrupt_handler42
                0x0601408e                __interrupt_handler181
                0x06014196                __interrupt_handler225
                0x0601423e                __interrupt_handler253
                0x06014052                __interrupt_handler171
                0x06013e0c                __interrupt_handler74
                0x06013c62                __interrupt_handler3
                0x06013da6                __interrupt_handler57
                0x06013ca4                __interrupt_handler14
                0x0601413c                __interrupt_handler210
                0x0601416c                __interrupt_handler218
                0x06014130                __interrupt_handler208
                0x06013d34                __interrupt_handler38
                0x06013c50                __interrupt_handler0
                0x06013ec0                __interrupt_handler104
                0x06013ffe                __interrupt_handler157
                0x0601414e                __interrupt_handler213
                0x06014040                __interrupt_handler168
                0x06013e4e                __interrupt_handler85
                0x06013eea                __interrupt_handler111
                0x06013efc                __interrupt_handler114
                0x06013d6a                __interrupt_handler47
                0x060141c0                __interrupt_handler232
                0x0601418a                __interrupt_handler223
                0x060141de                __interrupt_handler237
                0x06013dca                __interrupt_handler63
                0x06013d58                __interrupt_handler44
                0x0601406a                __interrupt_handler175
                0x06014094                __interrupt_handler182
                0x060140ac                __interrupt_handler186
                0x06013faa                __interrupt_handler143
                0x06013ed2                __interrupt_handler107
                0x06013f38                __interrupt_handler124
                0x06014058                __interrupt_handler172
                0x0601420e                __interrupt_handler245
                0x06013e8a                __interrupt_handler95
                0x06013f62                __interrupt_handler131
                0x06013f74                __interrupt_handler134
                0x06013f92                __interrupt_handler139
                0x06013e00                __interrupt_handler72
                0x060141ba                __interrupt_handler231
                0x06014010                __interrupt_handler160
                0x06013f56                __interrupt_handler129
                0x06013cc8                __interrupt_handler20
                0x06013dd6                __interrupt_handler65
                0x06013da0                __interrupt_handler56
                0x06013c9e                __interrupt_handler13
                0x06014136                __interrupt_handler209
                0x06013ef0                __interrupt_handler112
                0x06013cc2                __interrupt_handler19
                0x06013e7e                __interrupt_handler93
                0x060140e8                __interrupt_handler196
                0x06013fda                __interrupt_handler151
                0x0601403a                __interrupt_handler167
                0x06014250                __trampoline
                0x06013cb6                __interrupt_handler17
                0x060141a8                __interrupt_handler228
                0x0601424a                __interrupt_handler255
                0x06014208                __interrupt_handler244
                0x06013ea2                __interrupt_handler99
                0x0601409a                __interrupt_handler183
                0x06013f98                __interrupt_handler140
                0x060140be                __interrupt_handler189
                0x06013fbc                __interrupt_handler146
                0x06014184                __interrupt_handler222
                0x06013ff8                __interrupt_handler156
                0x06013f2c                __interrupt_handler122
                0x06014220                __interrupt_handler248
                0x06013d70                __interrupt_handler48
                0x06013dee                __interrupt_handler69
                0x06013ce0                __interrupt_handler24
                0x06013e66                __interrupt_handler89
                0x0601415a                __interrupt_handler215
                0x06014244                __interrupt_handler254
                0x06013e5a                __interrupt_handler87
                0x06013dbe                __interrupt_handler61
                0x060140e2                __interrupt_handler195
                0x06013fd4                __interrupt_handler150
                0x06013d46                __interrupt_handler41
                0x06013ee4                __interrupt_handler110
                0x06013f4a                __interrupt_handler127
                0x06013ed8                __interrupt_handler108
                0x06013ef6                __interrupt_handler113
                0x06013f08                __interrupt_handler116
                0x06013f26                __interrupt_handler121
                0x06013e1e                __interrupt_handler77
                0x06013d3a                __interrupt_handler39
                0x06013d52                __interrupt_handler43
                0x06014226                __interrupt_handler249
                0x06014064                __interrupt_handler174
                0x06013f80                __interrupt_handler136
                0x060140b8                __interrupt_handler188
                0x06013fb6                __interrupt_handler145
                0x06013c86                __interrupt_handler9
                0x06013e2a                __interrupt_handler79
                0x060141a2                __interrupt_handler227
                0x06013d1c                __interrupt_handler34
                0x06013f5c                __interrupt_handler130
                0x0601421a                __interrupt_handler247
                0x06013e12                __interrupt_handler75
                0x0601405e                __interrupt_handler173
                0x06013d8e                __interrupt_handler53
                0x06013fce                __interrupt_handler149
                0x06014232                __interrupt_handler251
                0x060141c6                __interrupt_handler233
                0x06013c8c                __interrupt_handler10
                0x06014118                __interrupt_handler204
                0x06013e3c                __interrupt_handler82
                0x06013e42                __interrupt_handler83
                0x06013ce6                __interrupt_handler25
                0x06014202                __interrupt_handler243
                0x0601401c                __interrupt_handler162
                0x06013d64                __interrupt_handler46
                0x0601407c                __interrupt_handler178
                0x06013e30                __interrupt_handler80
                0x06013dc4                __interrupt_handler62
                0x06013c5c                __interrupt_handler2
                0x06013cfe                __interrupt_handler29
                0x06013df4                __interrupt_handler70
                0x06013ede                __interrupt_handler109
                0x06013fc8                __interrupt_handler148
                0x06013e84                __interrupt_handler94
                0x06014190                __interrupt_handler224
                0x06013eba                __interrupt_handler103
                0x06013d28                __interrupt_handler36
                0x06013f44                __interrupt_handler126
                0x06014214                __interrupt_handler246
                0x06013d9a                __interrupt_handler55
                0x06013c98                __interrupt_handler12
                0x06013d88                __interrupt_handler52
                0x060140b2                __interrupt_handler187
                0x06013fb0                __interrupt_handler144
                0x06013f0e                __interrupt_handler117
                0x06013cbc                __interrupt_handler18
                0x060140ee                __interrupt_handler197
                0x06013fe0                __interrupt_handler152
                0x06013f14                __interrupt_handler118
                0x0601404c                __interrupt_handler170
                0x06014106                __interrupt_handler201
                0x06013e96                __interrupt_handler97
                0x06014022                __interrupt_handler163
                0x06014088                __interrupt_handler180
                0x060140d0                __interrupt_handler192
                0x060141f0                __interrupt_handler240
                0x06013f32                __interrupt_handler123
                0x06014154                __interrupt_handler214
                0x06013d0a                __interrupt_handler31
                0x06013cf8                __interrupt_handler28
                0x06013de2                __interrupt_handler67
                0x06013de8                __interrupt_handler68
                0x06013cd4                __interrupt_handler22
                0x06013cda                __interrupt_handler23
                0x06014070                __interrupt_handler176
                0x06013c7a                __interrupt_handler7
                0x0601417e                __interrupt_handler221
                0x06014166                __interrupt_handler217
                0x060141ae                __interrupt_handler229
                0x06013d76                __interrupt_handler49
                0x06013c68                __interrupt_handler4
                0x06013d40                __interrupt_handler40
                0x06013f02                __interrupt_handler115
                0x060141d2                __interrupt_handler235
                0x06013e72                __interrupt_handler91
                0x06014124                __interrupt_handler206
                0x06014076                __interrupt_handler177
                0x06013fc2                __interrupt_handler147
                0x06013d2e                __interrupt_handler37
                0x0601422c                __interrupt_handler250
                0x06013c56                __interrupt_handler1
                0x06014172                __interrupt_handler219
                0x06013e18                __interrupt_handler76
                0x06013ea8                __interrupt_handler100
                0x06013dac                __interrupt_handler58
                0x06013caa                __interrupt_handler15
                0x06014148                __interrupt_handler212
                0x060141f6                __interrupt_handler241
                0x0601410c                __interrupt_handler202
                0x060140d6                __interrupt_handler193
                0x06013e24                __interrupt_handler78
                0x06013d7c                __interrupt_handler50
                0x06013d16                __interrupt_handler33
                0x06014034                __interrupt_handler166
                0x06013f8c                __interrupt_handler138
                0x06013f7a                __interrupt_handler135
                0x06013d04                __interrupt_handler30
                0x060140a0                __interrupt_handler184
                0x06013f9e                __interrupt_handler141
                0x060141b4                __interrupt_handler230
                0x060141d8                __interrupt_handler236
                0x06013f1a                __interrupt_handler119
                0x06013e54                __interrupt_handler86
                0x06013ec6                __interrupt_handler105
                0x06013e36                __interrupt_handler81
                0x06013f20                __interrupt_handler120
                0x06013f50                __interrupt_handler128
                0x06013d94                __interrupt_handler54
                0x06013c92                __interrupt_handler11
                0x060140fa                __interrupt_handler199
                0x06013fec                __interrupt_handler154
                0x06013d5e                __interrupt_handler45
                0x06014160                __interrupt_handler216
                0x06014112                __interrupt_handler203
                0x06013eae                __interrupt_handler101
                0x06013e48                __interrupt_handler84
                0x060140a6                __interrupt_handler185
                0x06013fa4                __interrupt_handler142
                0x06013cec                __interrupt_handler26
                0x06013dd0                __interrupt_handler64
                0x06014100                __interrupt_handler200
                0x0601412a                __interrupt_handler207
                0x060140dc                __interrupt_handler194
                0x06013e78                __interrupt_handler92
                0x06013ff2                __interrupt_handler155
                0x06014142                __interrupt_handler211
                0x06013f6e                __interrupt_handler133
                0x06013c6e                __interrupt_handler5
                0x06013e06                __interrupt_handler73
                0x06013cb0                __interrupt_handler16
                0x060141ea                __interrupt_handler239
                0x060141cc                __interrupt_handler234
                0x06013d22                __interrupt_handler35
                0x06013db2                __interrupt_handler59
                0x06014046                __interrupt_handler169
                0x06013e9c                __interrupt_handler98
                0x06013dfa                __interrupt_handler71
                0x06013d82                __interrupt_handler51
                0x0601400a                __interrupt_handler159
                0x0601419c                __interrupt_handler226
                0x06013e90                __interrupt_handler96
                0x060140c4                __interrupt_handler190
                0x06014178                __interrupt_handler220
                0x06013c80                __interrupt_handler8
                0x06014082                __interrupt_handler179
                0x06014238                __interrupt_handler252
 *fill*         0x06014274        0xc 00
 .text          0x06014280     0x12a0 ../sbl6/segalib/lib/sega_spr.a(spr_2c.o)
                0x060154e0                SlaveFlushDrawPrtyBlock
                0x06014280                SPR_2Initial
                0x06014ac4                SPR_2SysClip
                0x06014a64                SPR_2LocalCoord
                0x0601535c                SPR_2FlushDrawPrtyBlock
                0x06015048                SPR_2DistSpr
                0x06014a4c                SPR_2FlushDrawPrty
                0x0601516c                SPR_2Cmd
                0x06014748                SPR_2GourTblNoToVram
                0x060147a8                SPR_2GetAreaSizeInfo
                0x06014510                SPR_2SetGourTbl
                0x06014cfc                SPR_2Polygon
                0x06014784                SPR_2CharNoToVram
                0x06014490                SPR_2SetTvMode
                0x060148ec                SPR_2CloseCommand
                0x060144cc                SPR_2FrameEraseData
                0x060142a8                SPR_2Initial2
                0x06014edc                SPR_2ScaleSpr
                0x06014b6c                SPR_2Line
                0x06014838                SPR_2OpenCommand
                0x060144ac                SPR_2FrameChgIntr
                0x06014db8                SPR_2NormSpr
                0x06014540                SPR_2SetLookupTbl
                0x06014574                SPR_2SetChar
                0x0601476c                SPR_2LookupTblNoToVram
                0x06014c40                SPR_2PolyLine
                0x060146e0                SPR_2ClrAllChar
                0x06014694                SPR_2ClrChar
                0x06014b10                SPR_2UserClip
 .text          0x06015520      0x1e6 ../sbl6/segalib/lib/sega_spr.a(spr_slv.o)
                0x06015684                SPR_WaitEndSlaveSH
                0x06015520                SPR_SMPC_SSHON
                0x06015660                SPR_RunSlaveSH
                0x06015524                SPR_InitSlaveSH
                0x060155ec                SPR_SlaveSHmain
                0x06015521                SPR_SMPC_SSHOFF
 *fill*         0x06015706        0xa 00
 .text          0x06015710      0x36a ../sbl6/segalib/lib/sega_spr.a(spr_1c.o)
                0x060159c4                SPR_WaitDrawEnd
                0x060159dc                SPR_SetEosMode
                0x060158f4                SPR_SetEraseData
                0x06015710                SPR_Initial
                0x060157e8                SPR_SetTvMode
                0x06015880                SPR_GetStatus
 *fill*         0x06015a7a        0x6 00
 .text          0x06015a80      0x244 ../sbl6/segalib/lib/sega_spr.a(spr_2a.o)
                0x06015a92                sprMemCpyW
                0x06015af0                flushDrawPrtyBlock
                0x06015a80                sprMemCpyL
                0x06015aa4                SPR_2SetDrawPrty
 *fill*         0x06015cc4        0xc 00
 .text          0x06015cd0      0x2fc ../sbl6/segalib/lib/sega_scl.a(scl_vblv.o)
                0x06015d8c                SCL_DisplayFrame
                0x06015cd0                SCL_SetFrameInterval
                0x06015dc0                SCL_VblInit
                0x06015e10                SCL_VblankStart
                0x06015e54                SCL_VblankEnd
 *fill*         0x06015fcc        0x4 00
 .text          0x06015fd0      0xb9c ../sbl6/segalib/lib/sega_scl.a(scl_func.o)
                0x060169ac                SCL_Vdp2_SGLInit
                0x060168bc                SCL_PriIntProc
                0x06016834                SCL_Memcpyw
                0x06016b4c                SCL_SglOff
                0x06016b2c                SCL_SglOn
                0x060167a0                SCL_ScrollShow
                0x06016248                SCL_Close
                0x06016540                SCL_Scale
                0x06015fd0                SCL_Vdp2Init
                0x060163b4                SCL_Move
                0x0601667c                SCL_CopyReg
                0x06016224                SCL_Open
                0x06016054                SCL_ParametersInit
                0x06016264                SCL_MoveTo
                0x0601685c                SCL_SetColRamMode
 *fill*         0x06016b6c        0x4 00
 .text          0x06016b70      0x138 ../sbl6/segalib/lib/sega_scl.a(scl_pr03.o)
                0x06016b70                SCL_FreeColRam
                0x06016ba8                SCL_AllocColRam
 *fill*         0x06016ca8        0x8 00
 .text          0x06016cb0       0x9c ../sbl6/segalib/lib/sega_scl.a(scl_pr02.o)
                0x06016cb0                SCL_SetColRam
 *fill*         0x06016d4c        0x4 00
 .text          0x06016d50       0x84 ../sbl6/segalib/lib/sega_scl.a(scl_back.o)
                0x06016d50                SCL_SetBack
 *fill*         0x06016dd4        0xc 00
 .text          0x06016de0      0x278 ../sbl6/segalib/lib/sega_scl.a(scl_fu05.o)
                0x06016e9c                SCL_SetLineParam
                0x06016de8                SCL_InitLineParamTb
 *fill*         0x06017058        0x8 00
 .text          0x06017060      0x94c ../sbl6/segalib/lib/sega_scl.a(scl_fu03.o)
                0x060170bc                SCL_SetConfig
                0x06017060                SCL_InitConfigTb
 *fill*         0x060179ac        0x4 00
 .text          0x060179b0      0x4f4 ../sbl6/segalib/lib/sega_scl.a(scl_fu02.o)
                0x060179e8                SCL_SetVramConfig
                0x060179b0                SCL_InitVramConfigTb
 *fill*         0x06017ea4        0xc 00
 .text          0x06017eb0       0x28 ../sbl6/segalib/lib/sega_scl.a(scl_fu04.o)
                0x06017eb0                SCL_SetCycleTable
 *fill*         0x06017ed8        0x8 00
 .text          0x06017ee0      0x214 ../sbl6/segalib/lib/sega_scl.a(scl_pr07.o)
                0x06017ee0                SCL_SetPriority
 *fill*         0x060180f4        0xc 00
 .text          0x06018100       0x58 ../sbl6/segalib/lib/sega_scl.a(scl_pr01.o)
                0x06018100                SCL_SetSpriteMode
 *fill*         0x06018158        0x8 00
 .text          0x06018160     0x10a4 ../sbl6/segalib/lib/sega_scl.a(scl_pri.o)
                0x060181f4                SCL_AbortAutoVe
                0x060190a4                SCL_SetShadowBit
                0x0601866c                SCL_AutoExec
                0x06018160                SCL_PriorityInit
                0x06018b80                SCL_IncColOffset
                0x06018208                SCL_SetColMixRate
                0x060181d8                SCL_GetColRamMode
 *fill*         0x06019204        0xc 00
 .text          0x06019210     0x1394 ../sbl6/segalib/lib/sega_scl.a(scl_ro00.o)
                0x0601a3fc                SCL_RotateZD
                0x060196c4                SCL_Rotate
                0x06019398                SCL_InitRotateTable
 *fill*         0x0601a5a4        0xc 00
 .text          0x0601a5b0      0x1b4 ../sbl6/segalib/lib/sega_scl.a(scl_pr06.o)
                0x0601a5b0                SCL_SetColRamOffset
 *fill*         0x0601a764        0xc 00
 .text          0x0601a770       0xac ../sbl6/segalib/lib/sega_scl.a(scl_pr05.o)
                0x0601a770                SCL_GetColRamOffset
 *fill*         0x0601a81c        0x4 00
 .text          0x0601a820       0xa4 ../sbl6/segalib/lib/sega_mth.a(mth_fixd.o)
                0x0601a870                MTH_FixedToInt
                0x0601a860                MTH_IntToFixed
                0x0601a820                MTH_Mul
                0x0601a880                MTH_Product
                0x0601a840                MTH_Div
 *fill*         0x0601a8c4        0xc 00
 .text          0x0601a8d0      0x600 ../sbl6/segalib/lib/sega_mth.a(mth_tri.o)
                0x0601a96c                fcos
                0x0601a972                fsin
                0x0601a91c                MTH_Cos
                0x0601a8d0                MTH_Sin
                0x0601ab10                MTH_Atan
 .text          0x0601aed0      0x130 ../sbl6/segalib/lib/sega_cdc.a(cdc_drv.o)
                0x0601aed0                CDC_CdPlay
                0x0601af9c                CDC_CdSeek
                0x0601afd0                CDC_CdScan
 .text          0x0601b000      0x152 ../sbl6/segalib/lib/sega_cdc.a(cdc_sub.o)
                0x0601b0a8                CDSUB_GetCdstat
                0x0601b018                CDSUB_UpdCdstat
                0x0601b0e8                CDSUB_RspToCdstat
                0x0601b130                CDSUB_SoftTimer
                0x0601b000                CDSUB_UpdStatus
                0x0601b038                CDSUB_CdCmd
 *fill*         0x0601b152        0xe 00
 .text          0x0601b160      0x2dc ../sbl6/segalib/lib/sega_cdc.a(cdc_reg.o)
                0x0601b1b4                CDREG_ClrHirqReq
                0x0601b184                CDC_ClrHirqReq
                0x0601b234                CDREG_TgetData
                0x0601b224                CDC_GetMpegPtr
                0x0601b200                CDC_GetHirqMsk
                0x0601b160                CDC_GetDataPtr
                0x0601b170                CDC_GetHirqReq
                0x0601b390                CDREG_WaitHirq
                0x0601b214                CDC_SetHirqMsk
                0x0601b290                CDREG_CmdRsp
                0x0601b1c4                CDREG_InitHirqReq
                0x0601b1ec                CDREG_SetHirqFlag
                0x0601b400                CDREG_ReadRsp
 *fill*         0x0601b43c        0x4 00
 .text          0x0601b440      0x3a0 ../sbl6/segalib/lib/sega_cdc.a(cdc_cmn.o)
                0x0601b5e4                CDC_TgetToc
                0x0601b788                CDC_DataEnd
                0x0601b4a8                CDC_GetPeriStat
                0x0601b71c                CDC_DataReady
                0x0601b6f4                CDC_CdOpen
                0x0601b670                CDC_CdInit
                0x0601b634                CDC_GetSes
                0x0601b490                CDC_GetLastStat
                0x0601b440                CDC_GetCurStat
                0x0601b57c                CDC_GetHwInfo
 .text          0x0601b7e0      0xf50 ../sbl6/segalib/lib/sega_per.a(per_prt.o)
                0x0601bc00                PER_IntFunc
                0x0601b9f8                PER_LGetPer
                0x0601b7e0                PER_LInit
 .text          0x0601c730     0x1b04 ../sbl6/segalib/lib/sega_sat.a(gfs.o)
                0x0601c730                gfs_version
                0x0601d9a4                gfs_mngGetNumFile
                0x0601e124                gfs_closeSub
                0x0601d4c0                GFS_SetGmode
                0x0601d77c                GFS_SetErrFunc
                0x0601d8cc                gfs_mngSetupFuncTbl
                0x0601ca88                GFS_Reset
                0x0601d7f4                gfs_chgRoot
                0x0601d8c0                gfs_aborttrans
                0x0601dba4                gfs_svrAddHndl
                0x0601da54                gfs_mngFreeGrp
                0x0601d7cc                GFS_ConvTno
                0x0601dd58                gfs_getRootDir
                0x0601d7a8                GFS_GetErrStat
                0x0601cbf8                GFS_Seek
                0x0601d264                GFS_NwStop
                0x0601da60                gfs_mngTermAccess
                0x0601cb0c                GFS_Open
                0x0601da0c                GFS_mngAllocGrp
                0x0601e16c                gfs_isTaskDone
                0x0601cf64                GFS_Fread
                0x0601d6c4                GFS_StartTrans
                0x0601e0c0                gfs_GetFinfo
                0x0601d900                gfs_mngInitWork
                0x0601cd50                GFS_ByteToSct
                0x0601db64                gfs_svrSearchHndl
                0x0601de54                gfs_loadRootDir
                0x0601c9ac                GFS_IdToName
                0x0601d0a8                GFS_NwFread
                0x0601d5f4                GFS_SetTransPara
                0x0601d1b4                GFS_NwCdRead
                0x0601dc94                gfs_loadVol
                0x0601d590                GFS_SetReadPara
                0x0601ccac                GFS_Tell
                0x0601d524                GFS_SetTmode
                0x0601e028                GFS_GetFad
                0x0601d660                GFS_SetTrFunc
                0x0601d710                GFS_CdMovePickup
                0x0601c948                GFS_NameToId
                0x0601d37c                GFS_NwExecOne
                0x0601dedc                gfs_flowIn
                0x0601ce04                GFS_GetFileInfo
                0x0601df84                gfs_transData
                0x0601dbe0                gfs_svrRemoveHndl
                0x0601d22c                GFS_NwIsComplete
                0x0601e160                gfs_getGmode
                0x0601d2d0                GFS_NwGetStat
                0x0601dc3c                GFS_OpenSub
                0x0601c8e0                GFS_SetDir
                0x0601cdac                GFS_GetFileSize
                0x0601ce78                GFS_GetNumCdbuf
                0x0601e1c0                gfs_convFinStat
                0x0601cea0                GFS_Load
                0x0601d000                gfs_waitRead
                0x0601c838                GFS_LoadDir
                0x0601ca18                GFS_GetDirInfo
                0x0601cbc0                GFS_Close
                0x0601c750                GFS_Init
                0x0601d34c                gfs_recovRdErr
                0x0601dae4                gfs_mngSetErrCode
                0x0601d43c                GFS_NwExecServer
                0x0601ccfc                GFS_IsEof
                0x0601e080                gfs_SetSct
 *fill*         0x0601e234        0xc 00
 .text          0x0601e240      0x1f4 ../sbl6/segalib/lib/sega_sat.a(DMA_SCU1.o)
                0x0601e39c                DMA_ScuResult
                0x0601e240                DMA_ScuInit
                0x0601e290                DMA_ScuMemCopy
 *fill*         0x0601e434        0xc 00
 .text          0x0601e440      0x8d4 ../sbl6/segalib/lib/sega_sat.a(gfs_cdf.o)
                0x0601e934                GFCF_Seek
                0x0601ea3c                GFCF_GetStat
                0x0601e91c                GFCF_Tell
                0x0601e4e0                GFCF_Setup
                0x0601e9e8                GFCF_cnvIntlvOfs
                0x0601e440                GFCF_Init
                0x0601e8d4                GFCF_Recover
                0x0601e628                GFCF_SetSct
                0x0601e94c                GFCF_MovePickup
                0x0601eb10                gfcf_isCdOk
                0x0601e6e0                GFCF_FlowInBuf
                0x0601e66c                GFCF_GetFileInfo
                0x0601e834                GFCF_StopInBuf
                0x0601ead4                gfcf_getSctSize
                0x0601ebd0                gfcf_getPlayRange
 *fill*         0x0601ed14        0xc 00
 .text          0x0601ed20      0x928 ../sbl6/segalib/lib/sega_sat.a(gfs_dir.o)
                0x0601f210                gfdr_setNextRec
                0x0601f60c                gfdr_setDirrecCd
                0x0601f008                gfdr_open
                0x0601ee1c                GFDR_GetAtrDirId
                0x0601f0f0                gfdr_readByte
                0x0601ed20                GFDR_SetupDirTbl
                0x0601f1e8                gfdr_readLongNM
                0x0601f294                gfdr_readDirEnt
                0x0601ee4c                GFDR_ChgRoot
                0x0601ed94                GFDR_NameToId
                0x0601eed8                gfdr_setupDirIdTbl
                0x0601ee34                GFDR_GetAtrDirName
                0x0601edf4                GFDR_GetInfoDirId
                0x0601f19c                gfdr_readLongNB
                0x0601f030                gfdr_read
                0x0601f11c                gfdr_readWord
                0x0601ef5c                gfdr_setupDirNameTbl
                0x0601ee08                GFDR_GetInfoDirName
                0x0601ee64                GFDR_ChgDir
                0x0601f148                gfdr_readWordNB
 *fill*         0x0601f648        0x8 00
 .text          0x0601f650      0xa46 ../sbl6/segalib/lib/sega_sat.a(gfs_trn.o)
                0x0601f730                GFTR_SetTransMax
                0x0601fb00                gftr_execScu
                0x06020084                GFTR_SetTransFunc
                0x0601ff4c                gftr_remTrn
                0x06020070                GFTR_SetData
                0x0601fd70                gftr_execSdma1
                0x0601ffc0                gftr_copyFrac
                0x0601f724                GFTR_GetNumTrans
                0x0601f6c4                GFTR_SetMode
                0x0601fd40                gftr_remDma0
                0x0601ffe8                GFTR_GetLenData
                0x0601faf4                gftr_reqScu
                0x0601fd58                gftr_reqDma1
                0x0601fa10                gftr_getSrcPack
                0x06020040                GFTR_RtnDstPk
                0x0601fbdc                gfdma_exec
                0x0601fe74                gftr_execTrn
                0x0601f908                GFTR_ExecSvr
                0x0601fe04                gftr_reqTrn
                0x0601fccc                gfdma_getBytecnt
                0x0601fdac                gftr_reqCpu
                0x0602000c                GFTR_GetDstPack
                0x0601fd04                gftr_reqDma0
                0x0601f890                GFTR_Idle
                0x0601f748                GFTR_Pause
                0x0601f718                GFTR_GetTransPara
                0x0601fdf8                gftr_remCpu
                0x0601f6e4                GFTR_SetTransPara
                0x0601fd94                gftr_remDma1
                0x0601f754                GFTR_Stop
                0x0601fd1c                gftr_execSdma0
                0x0601f680                GFTR_Setup
                0x0601fb9c                gftr_remScu
                0x0601fa98                gftr_getDstPack
                0x0601fbd0                gfdma_canUse
                0x0601f80c                GFTR_Exec
                0x0602005c                GFTR_GetData
                0x0601f73c                GFTR_Start
                0x0601f6d8                GFTR_SetUnit
                0x0601fdb8                gftr_execCpu
                0x0601fff4                GFTR_GetLenRoom
 *fill*         0x06020096        0xa 00
 .text          0x060200a0      0x106 ../sbl6/segalib/lib/sega_sat.a(gfs_buf.o)
                0x060200f8                GFBF_GetNumData
                0x06020174                GFBF_RtnPk
                0x06020128                GFBF_GetSrcPk
                0x0602019c                gfbf_getSctDt
                0x060200d0                GFBF_GetTranData
                0x06020150                GFBF_GetSctData
 *fill*         0x060201a6        0xa 00
 .text          0x060201b0      0x600 ../sbl6/segalib/lib/sega_sat.a(gfs_cdb.o)
                0x06020758                GFCB_GetPickup
                0x060202d0                GFCB_Close
                0x0602059c                GFCB_GetSrcPack
                0x06020724                GFCB_SetCon
                0x060203a4                GFCB_GetLenRoom
                0x06020708                GFCB_MovePickup
                0x0602067c                GFCB_GetSctData
                0x060203b0                GFCB_SetFilt
                0x060202f8                GFCB_GetLenData
                0x06020798                GFCB_UngetPickup
                0x060201b0                GFCB_Setup
                0x06020440                GFCB_Tell
                0x06020780                GFCB_IsPuOwner
                0x060204a0                GFCB_Seek
                0x06020418                GFCB_DeleteAllData
                0x060206b4                GFCB_GetDstPack
                0x06020450                gfcb_getSctNum
                0x060206c0                GFCB_RtnPk
 .text          0x060207b0     0x1a04 ../sbl6/segalib/lib/sega_sat.a(gfs_cdc.o)
                0x06020a4c                GFCD_AllocBuf
                0x06021828                gfcd_doGetLenDataTsk
                0x060220c4                GFCD_SetCsctFunc
                0x06020b24                GFCD_GetBaseFad
                0x06020ca0                GFCD_GetFilt
                0x06021cb4                gfcd_doChgDirTsk
                0x06021ff4                gfcd_checkEflag
                0x06020fe8                GFCD_MovePickup
                0x060210cc                GFCD_GetSctInfo
                0x0602197c                gfcd_doReqDataTsk
                0x06021114                GFCD_ChgDir
                0x06020e08                GFCD_ReqData
                0x060220e0                GFCD_ChkScdqFlag
                0x06021598                GFCD_WaitServer
                0x06020eac                GFCD_DelSctData
                0x06021384                GFCD_ExecServer
                0x06021798                gfcd_doSetConTsk
                0x060209e0                GFCD_AllocFilt
                0x06020bdc                GFCD_SetFilt
                0x060215d4                gfcd_doSetFiltTsk
                0x06022104                GFCD_ClrScdqFlag
                0x06021a1c                gfcd_doDelSctDataTsk
                0x060214e0                gfcd_doTask
                0x06020b58                GFCD_GetPickup
                0x060210a8                GFCD_CheckMove
                0x06022120                GFCD_WaitScdqFlag
                0x06020d40                GFCD_Play
                0x06021b50                gfcd_doMoveSctTsk
                0x06020ce8                GFCD_SetCon
                0x06021188                GFCD_SetFiltCon
                0x06022164                GFCD_WaitPause
                0x0602134c                GFCD_GetBufSiz
                0x06020b8c                GFCD_UngetPickup
                0x06021270                GFCD_GetFileInfo
                0x06020e64                GFCD_EndData
                0x06020a80                GFCD_FreeBuf
                0x06020da0                GFCD_GetLenData
                0x06020a1c                GFCD_FreeFilt
                0x06021458                gfcd_isIdleTask
                0x060207dc                GFCD_Init
                0x06021eb0                gfcd_doSetFiltConTsk
                0x06020f34                GFCD_GetStat
                0x06021034                GFCD_MoveSctData
                0x06020bb8                GFCD_IsPuOwner
                0x06022018                gfcd_initCdbMng
                0x060207b0                GFCD_SetCdbfs
                0x06021584                GFCD_SetTimer
                0x06022098                gfcd_setStat
                0x06020f04                GFCD_CheckDelSctData
 *fill*         0x060221b4        0xc 00
 .text          0x060221c0      0x308 ../sbl6/segalib/lib/sega_sat.a(DMA_SCU0.o)
                0x06022244                DMA_ScuStart
                0x06022378                DMA_ScuIntFunc0
                0x060223e8                DMA_ScuIntFunc1
                0x06022458                DMA_ScuIntFunc2
                0x06022338                DMA_ScuGetStatus
                0x060221c0                DMA_ScuSetPrm
 *fill*         0x060224c8        0x8 00
 .text          0x060224d0       0xe8 ../sbl6/segalib/lib/sega_sat.a(csh_main.o)
                0x060224d0                CSH_Init
                0x06022538                CSH_AllClr
                0x06022584                CSH_Purge
 *fill*         0x060225b8        0x8 00
 .text          0x060225c0      0x1b6 ../sbl6/segalib/lib/sega_sat.a(DMA_CPU0.o)
                0x06022608                DMA_CpuSetPrm
                0x0602270c                DMA_CpuStart
                0x06022764                DMA_CpuGetStatus
                0x06022738                DMA_CpuAllStop
                0x0602274c                DMA_CpuGetComStatus
                0x060225c0                DMA_CpuSetComPrm
                0x06022720                DMA_CpuStop
 *fill*         0x06022776        0xa 00
 .text          0x06022780      0x194 ../sbl6/segalib/lib/sega_sat.a(cdc_cfs.o)
                0x06022780                CDC_ChgDir
                0x060227b4                CDC_ReadDir
                0x060228d8                CDC_AbortFile
                0x060227e8                CDC_GetFileScope
                0x06022848                CDC_TgetFileInfo
                0x060228a4                CDC_ReadFile
 *fill*         0x06022914        0xc 00
 .text          0x06022920      0x1e4 ../sbl6/segalib/lib/sega_sat.a(cdc_bio.o)
                0x060229cc                CDC_GetdelSctData
                0x06022954                CDC_GetSctData
                0x06022a08                CDC_PutSctData
                0x06022a84                CDC_MoveSctData
                0x06022ac8                CDC_GetCopyErr
                0x06022990                CDC_DelSctData
                0x06022920                CDC_SetSctLen
                0x06022a40                CDC_CopySctData
 *fill*         0x06022b04        0xc 00
 .text          0x06022b10      0x2b8 ../sbl6/segalib/lib/sega_sat.a(cdc_sel.o)
                0x06022d40                CDC_GetFiltCon
                0x06022cbc                CDC_GetFiltMode
                0x06022d94                CDC_ResetSelector
                0x06022b10                CDC_SetFiltRange
                0x06022b9c                CDC_SetFiltSubh
                0x06022c0c                CDC_GetFiltSubh
                0x06022b44                CDC_GetFiltRange
                0x06022c88                CDC_SetFiltMode
                0x06022d00                CDC_SetFiltCon
 *fill*         0x06022dc8        0x8 00
 .text          0x06022dd0      0x270 ../sbl6/segalib/lib/sega_sat.a(cdc_bif.o)
                0x06022e2c                CDC_GetSctNum
                0x06022fac                CDC_ExeFadSearch
                0x06022f2c                CDC_GetSctInfo
                0x06022e70                CDC_CalActSiz
                0x06022dd0                CDC_GetBufSiz
                0x06022eac                CDC_GetActSiz
                0x06022fe4                CDC_GetFadSearch
 .text          0x06023040       0xa8 ../sbl6/segalib/lib/sega_sat.a(cdc_dev.o)
                0x060230ac                CDC_CdGetLastBuf
                0x06023040                CDC_CdSetCon
                0x06023070                CDC_CdGetCon
 *fill*         0x060230e8        0x8 00
 .text          0x060230f0       0x60 C:/saturn/SH_COFF/sh-coff/bin/../lib/gcc/sh-coff/3.4-GNUSH_v0501\libgcc.a(_ashiftrt.o)
                0x060230fc                __ashiftrt_r4_27
                0x06023130                __ashiftrt_r4_6
                0x06023120                __ashiftrt_r4_14
                0x06023112                __ashiftrt_r4_19
                0x0602312a                __ashiftrt_r4_9
                0x0602313e                __ashiftrt_r4_0
                0x060230f0                __ashiftrt_r4_31
                0x060230fe                __ashiftrt_r4_26
                0x0602310c                __ashiftrt_r4_22
                0x06023118                __ashiftrt_r4_16
                0x06023124                __ashiftrt_r4_12
                0x060230f8                __ashiftrt_r4_29
                0x06023116                __ashiftrt_r4_17
                0x060230f6                __ashiftrt_r4_30
                0x06023132                __ashiftrt_r4_5
                0x0602312c                __ashiftrt_r4_8
                0x060230f0                __ashiftrt_r4_32
                0x06023100                __ashiftrt_r4_25
                0x06023138                __ashiftrt_r4_2
                0x06023102                __ashiftrt_r4_24
                0x0602311e                __ashiftrt_r4_15
                0x06023128                __ashiftrt_r4_10
                0x0602313a                __ashiftrt_r4_1
                0x060230fa                __ashiftrt_r4_28
                0x06023110                __ashiftrt_r4_20
                0x0602312e                __ashiftrt_r4_7
                0x06023122                __ashiftrt_r4_13
                0x06023126                __ashiftrt_r4_11
                0x06023134                __ashiftrt_r4_4
                0x0602310a                __ashiftrt_r4_23
                0x06023114                __ashiftrt_r4_18
                0x0602310e                __ashiftrt_r4_21
                0x06023136                __ashiftrt_r4_3
 .text          0x06023150       0xa0 C:/saturn/SH_COFF/sh-coff/bin/../lib/gcc/sh-coff/3.4-GNUSH_v0501\libgcc.a(_sdivsi3.o)
                0x06023150                __sdivsi3
 .text          0x060231f0       0x90 C:/saturn/SH_COFF/sh-coff/bin/../lib/gcc/sh-coff/3.4-GNUSH_v0501\libgcc.a(_ashiftrt_n.o)
                0x060231f0                __ashrsi3
 .text          0x06023280       0x90 C:/saturn/SH_COFF/sh-coff/bin/../lib/gcc/sh-coff/3.4-GNUSH_v0501\libgcc.a(_ashiftlt.o)
                0x06023280                __ashlsi3
 .text          0x06023310       0xb0 C:/saturn/SH_COFF/sh-coff/bin/../lib/gcc/sh-coff/3.4-GNUSH_v0501\libgcc.a(_movstr.o)
                0x06023350                __movstrSI16
                0x06023324                __movstrSI60
                0x06023330                __movstrSI48
                0x0602332c                __movstrSI52
                0x06023320                __movstrSI64
                0x06023334                __movstrSI44
                0x06023338                __movstrSI40
                0x0602333c                __movstrSI36
                0x06023370                __movstr
                0x06023328                __movstrSI56
                0x06023344                __movstrSI28
                0x06023340                __movstrSI32
                0x06023354                __movstrSI12
                0x06023358                __movstrSI8
                0x06023360                __movstrSI0
                0x06023348                __movstrSI24
                0x0602334c                __movstrSI20
                0x0602335c                __movstrSI4
 .text          0x060233c0       0xa0 C:/saturn/SH_COFF/sh-coff/bin/../lib/gcc/sh-coff/3.4-GNUSH_v0501\libgcc.a(__main.o)
                0x06023434                __main
                0x060233c0                __do_global_dtors
                0x060233f4                __do_global_ctors
 .text          0x06023460      0x2e0 C:/saturn/SH_COFF/sh-coff/bin/../lib/gcc/sh-coff/3.4-GNUSH_v0501\libgcc.a(_mul_df.o)
                0x06023470                __muldf3
 .text          0x06023740       0xb0 C:/saturn/SH_COFF/sh-coff/bin/../lib/gcc/sh-coff/3.4-GNUSH_v0501\libgcc.a(_si_to_df.o)
                0x06023740                __floatsidf
 .text          0x060237f0       0x80 C:/saturn/SH_COFF/sh-coff/bin/../lib/gcc/sh-coff/3.4-GNUSH_v0501\libgcc.a(_df_to_si.o)
                0x060237f0                __fixdfsi
 .text          0x06023870       0x70 C:/saturn/SH_COFF/sh-coff/bin/../lib/gcc/sh-coff/3.4-GNUSH_v0501\libgcc.a(_udivsi3.o)
                0x06023892                __udivsi3
 .text          0x060238e0      0x120 C:/saturn/SH_COFF/sh-coff/bin/../lib/gcc/sh-coff/3.4-GNUSH_v0501\libgcc.a(_unpack_df.o)
                0x060238f0                __unpack_d
 .text          0x06023a00      0x220 C:/saturn/SH_COFF/sh-coff/bin/../lib/gcc/sh-coff/3.4-GNUSH_v0501\libgcc.a(_pack_df.o)
                0x06023a10                __pack_d
 .text          0x06023c20       0x20 C:/saturn/SH_COFF/sh-coff/bin/../lib/gcc/sh-coff/3.4-GNUSH_v0501\libgcc.a(_thenan_df.o)
                0x06023c20                __thenan_df
 .text          0x06023c40       0xd0 C:/saturn/SH_COFF/sh-coff/bin/../lib/gcc/sh-coff/3.4-GNUSH_v0501\libgcc.a(_muldi3.o)
                0x06023c40                __muldi3
 .text          0x06023d10       0x80 C:/saturn/SH_COFF/sh-coff/bin/../lib/gcc/sh-coff/3.4-GNUSH_v0501\libgcc.a(_lshrdi3.o)
                0x06023d10                __lshrdi3
 .text          0x06023d90       0x80 C:/saturn/SH_COFF/sh-coff/bin/../lib/gcc/sh-coff/3.4-GNUSH_v0501\libgcc.a(_ashldi3.o)
                0x06023d90                __ashldi3
 .text          0x06023e10       0x30 C:/saturn/SH_COFF/sh-coff/bin/../lib/gcc/sh-coff/3.4-GNUSH_v0501\libgcc.a(_mulsi3.o)
                0x06023e10                __mulsi3
 .text          0x06023e40       0x90 C:/saturn/SH_COFF/sh-coff/bin/../lib/gcc/sh-coff/3.4-GNUSH_v0501\libgcc.a(_lshiftrt.o)
                0x06023e40                __lshrsi3
 .text          0x06023ed0       0xa0 C:/saturn/SH_COFF/sh-coff/bin/../lib/gcc/sh-coff/3.4-GNUSH_v0501/../../../../sh-coff/lib\libc.a(memcpy.o)
                0x06023ed0                memcpy
 .text          0x06023f70       0x40 C:/saturn/SH_COFF/sh-coff/bin/../lib/gcc/sh-coff/3.4-GNUSH_v0501/../../../../sh-coff/lib\libc.a(memset.o)
                0x06023f70                memset
 .text          0x06023fb0       0x60 C:/saturn/SH_COFF/sh-coff/bin/../lib/gcc/sh-coff/3.4-GNUSH_v0501/../../../../sh-coff/lib\libc.a(memcmp.o)
                0x06023fb0                memcmp
 .text          0x06024010       0xb0 C:/saturn/SH_COFF/sh-coff/bin/../lib/gcc/sh-coff/3.4-GNUSH_v0501/../../../../sh-coff/lib\libc.a(strncmp.o)
                0x06024010                strncmp
 .text          0x060240c0       0xa0 C:/saturn/SH_COFF/sh-coff/bin/../lib/gcc/sh-coff/3.4-GNUSH_v0501/../../../../sh-coff/lib\libc.a(strncpy.o)
                0x060240c0                strncpy
 .text          0x06024160       0x90 C:/saturn/SH_COFF/sh-coff/bin/../lib/gcc/sh-coff/3.4-GNUSH_v0501/../../../../sh-coff/lib\libc.a(atexit.o)
                0x06024160                atexit
 .text          0x060241f0       0x10 C:/saturn/SH_COFF/sh-coff/bin/../lib/gcc/sh-coff/3.4-GNUSH_v0501/../../../../sh-coff/lib\libc.a(impure.o)
                0x060241f0                _global_impure_ptr
 .text          0x06024200       0x40 C:/saturn/SH_COFF/sh-coff/bin/../lib/gcc/sh-coff/3.4-GNUSH_v0501/../../../../sh-coff/lib\libc.a(malloc.o)
                0x0602421c                free
                0x06024200                malloc
 .text          0x06024240      0x5b0 C:/saturn/SH_COFF/sh-coff/bin/../lib/gcc/sh-coff/3.4-GNUSH_v0501/../../../../sh-coff/lib\libc.a(mallocr.o)
                0x06024240                _malloc_r
 .text          0x060247f0      0x340 C:/saturn/SH_COFF/sh-coff/bin/../lib/gcc/sh-coff/3.4-GNUSH_v0501/../../../../sh-coff/lib\libc.a(freer.o)
                0x060247f0                _malloc_trim_r
                0x060248e4                _free_r
 .text          0x06024b30       0x20 C:/saturn/SH_COFF/sh-coff/bin/../lib/gcc/sh-coff/3.4-GNUSH_v0501/../../../../sh-coff/lib\libc.a(mlock.o)
                0x06024b30                __malloc_lock
                0x06024b3c                __malloc_unlock
 .text          0x06024b50       0x50 C:/saturn/SH_COFF/sh-coff/bin/../lib/gcc/sh-coff/3.4-GNUSH_v0501/../../../../sh-coff/lib\libc.a(sbrkr.o)
                0x06024b50                _sbrk_r
 .text          0x06024ba0      0x380 C:/saturn/SH_COFF/sh-coff/bin/../lib/gcc/sh-coff/3.4-GNUSH_v0501/../../../../sh-coff/lib\libc.a(syscalls.o)
                0x06024d0c                _exit
                0x06024d40                _getpid
                0x06024da8                _utime
                0x06024bd8                _write
                0x06024ba0                _read
                0x06024cf4                _unlink
                0x06024cbc                _open
                0x06024d58                _stat
                0x06024d00                isatty
                0x06024dd8                _wait
                0x06024d24                _kill
                0x06024d74                _chmod
                0x06024e08                _execv
                0x06024dec                _execve
                0x06024ee4                __setup_argv_and_call_main
                0x06024e40                _gettimeofday
                0x06024c0c                _link
                0x06024d4c                _raise
                0x06024cd8                _creat
                0x06024e20                _pipe
                0x06024d8c                _chown
                0x06024bbc                _lseek
                0x06024bf4                _close
                0x06024e34                _times
                0x06024ca8                _fstat
                0x06024dc4                _fork
                0x06024c34                _sbrk
 .text          0x06024f20       0x20 C:/saturn/SH_COFF/sh-coff/bin/../lib/gcc/sh-coff/3.4-GNUSH_v0501/../../../../sh-coff/lib\libc.a(trap.o)
                0x06024f20                __trap34
 .text          0x06024f40       0x20 C:/saturn/SH_COFF/sh-coff/bin/../lib/gcc/sh-coff/3.4-GNUSH_v0501/../../../../sh-coff/lib\libc.a(abort.o)
                0x06024f40                abort
 .text          0x06024f60      0x270 C:/saturn/SH_COFF/sh-coff/bin/../lib/gcc/sh-coff/3.4-GNUSH_v0501/../../../../sh-coff/lib\libc.a(signal.o)
                0x06025020                _raise_r
                0x060251a8                __sigtramp
                0x06025154                raise
                0x06025190                _init_signal
                0x060250e0                __sigtramp_r
                0x06025170                signal
                0x06024fac                _signal_r
                0x06024f60                _init_signal_r
 .text          0x060251d0       0x60 C:/saturn/SH_COFF/sh-coff/bin/../lib/gcc/sh-coff/3.4-GNUSH_v0501/../../../../sh-coff/lib\libc.a(signalr.o)
                0x06025218                _getpid_r
                0x060251d0                _kill_r
 *(.strings)

.tors           0x06025230        0x0
                0x06025230                ___ctors = .
 *(.ctors)
                0x06025230                ___ctors_end = .
                0x06025230                ___dtors = .
 *(.dtors)
                0x06025230                ___dtors_end = .

.data           0x06025230     0x17a0
                0x06025230                STARTOF_R = .
 *(.data)
 .data          0x06025230      0x400 ../sbl6/segasmp/per/smpclib/per_x1.o
 .data          0x06025630       0x60 blocks.o
                0x06025680                tile2_slope
                0x06025660                tile4_slope
                0x06025630                block_slopes
                0x06025670                tile3_slope
 .data          0x06025690       0x30 enemylist.o
                0x06025690                enemy_lists
                0x06025694                level0_enemies
                0x060256b0                enemy_arr
 .data          0x060256c0      0x630 graphics.o
                0x060256c0                cloudmap_name
                0x060257f2                guy_num
                0x060256e8                map0_name
                0x06025ce8                bg_num
                0x060256d0                cloudmap_width
                0x06025848                cloud_pal
                0x06025894                hills_pal
                0x060258d4                hills_name
                0x060256ce                cloudmap_height
                0x060256f8                explosion_pal
                0x060258e0                bg_pal
                0x060258de                hills_num
                0x06025738                explosion_name
                0x060257e4                guy_name
                0x060256e4                hill_map_width
                0x060257a4                guy_pal
                0x06025892                cloud_num
                0x0602583e                font_height
                0x060257ee                guy_width
                0x0602579e                float_size
                0x06025748                explosion_width
                0x06025834                font_name
                0x06025ce0                bg_name
                0x060256f2                map0_height
                0x060256e2                hill_map_height
                0x06025840                font_width
                0x060257ec                guy_height
                0x060256d4                hill_map_name
                0x06025888                cloud_name
                0x06025844                font_num
                0x060257f4                font_pal
                0x060256f4                map0_width
                0x0602574c                explosion_num
                0x0602579a                float_height
                0x060257f0                guy_size
                0x06025842                font_size
                0x06025790                float_name
                0x06025750                float_pal
                0x0602574a                explosion_size
                0x0602579c                float_width
                0x060257a0                float_num
                0x06025746                explosion_height
 .data          0x06025cf0       0x10 pcmsys.o
                0x06025cf4                scsp_load
                0x06025cf8                m68k_com
                0x06025cf0                master_volume
 .data          0x06025d00       0x10 player.o
                0x06025d00                lives
 .data          0x06025d10       0x20 scroll.o
                0x06025d10                CycleTb
                0x06025d20                vram
 .data          0x06025d30       0x30 sprite.o
 .data          0x06025d60      0x400 ../sbl6/segalib/lib/sega_int.a(int.o)
 .data          0x06026160       0x1c ../sbl6/segalib/lib/sega_spr.a(spr_slv.o)
                0x06026168                SPR_SlaveParam
                0x06026178                SPR_SMPC_SF
                0x06026170                SPR_SMPC_COM
                0x0602616c                SPR_SlaveSHEntry
                0x06026164                SPR_SlaveState
                0x06026160                SPR_SlaveCommand
                0x06026174                SPR_SMPC_RET
 *fill*         0x0602617c        0x4 00
 .data          0x06026180       0x34 ../sbl6/segalib/lib/sega_spr.a(spr_1c.o)
                0x06026180                SpInitialFlag
 *fill*         0x060261b4        0xc 00
 .data          0x060261c0       0x1c ../sbl6/segalib/lib/sega_scl.a(scl_vblv.o)
                0x060261c8                VBInterval
                0x060261d0                ReqDisplayFlag
                0x060261c0                SpFrameChgMode
                0x060261cc                VBIntervalCounter
                0x060261c4                SpFrameEraseMode
 *fill*         0x060261dc        0x4 00
 .data          0x060261e0       0x36 ../sbl6/segalib/lib/sega_scl.a(scl_func.o)
                0x060261f0                SclRotregBuff
                0x060261ec                SclDisplayY
                0x060261f4                SclRotateTableMode
                0x060261e8                SclProcess
                0x060261e4                SclCurSclNum
                0x060261e0                SclLengthLsTbl
                0x060261ea                SclDisplayX
                0x060261e2                SclLengthCsTbl
 *fill*         0x06026216        0xa 00
 .data          0x06026220       0x18 ../sbl6/segalib/lib/sega_scl.a(scl_pri.o)
                0x06026224                SclRealSpPriNum
                0x06026234                SclRealColOffset
                0x06026230                SclRealBgColMix
                0x0602622c                SclRealSpColMix
                0x06026228                SclRealBgPriNum
                0x06026220                SclRealOtherPri
 *fill*         0x06026238        0x8 00
 .data          0x06026240      0x380 C:/saturn/SH_COFF/sh-coff/bin/../lib/gcc/sh-coff/3.4-GNUSH_v0501/../../../../sh-coff/lib\libc.a(impure.o)
                0x060265bc                _impure_ptr
 .data          0x060265c0      0x410 C:/saturn/SH_COFF/sh-coff/bin/../lib/gcc/sh-coff/3.4-GNUSH_v0501/../../../../sh-coff/lib\libc.a(mallocr.o)
                0x060265c8                __malloc_av_
                0x060265c4                __malloc_trim_threshold
                0x060265c0                __malloc_sbrk_base
                0x060269d0                SIZEOF_R = (. - STARTOF_R)
                0x060269d0                ENDOF_R = .

.bss            0x060269d0     0xf094
                0x060269d0                STARTOF_B = .
 *(.bss)
 .bss           0x060269d0       0x10 vblank.o
                0x060269d4                PadData2E
                0x060269da                PadData1
                0x060269d6                PadData2
                0x060269d8                PadData1E
                0x060269d0                __port
 .bss           0x060269e0       0xd0 ../sbl6/segasmp/per/smpclib/per_x2.o
 .bss           0x06026ab0       0x10 pcmsys.o
                0x06026ab0                numberPCMs
 .bss           0x06026ac0       0x10 player.o
                0x06026ac1                boost
                0x06026ac0                jumps
 .bss           0x06026ad0       0x50 scroll.o
                0x06026aec                map_tiles_x
                0x06026af4                scrolls_y
                0x06026ad0                scroll_transition_state
                0x06026ad4                scroll_ysize
                0x06026ae4                map_tiles_y
                0x06026adc                copy_modes
                0x06026b04                scrolls_x
                0x06026ad8                scroll_xsize
 .bss           0x06026b20     0x3800 sprite.o
                0x06026b20                num_sprites
 .bss           0x0602a320       0x10 main.o
                0x0602a320                frame
 .bss           0x0602a330       0x6e ../sbl6/segalib/lib/sega_spr.a(spr_2c.o)
 *fill*         0x0602a39e        0x2 00
 .bss           0x0602a3a0        0x4 ../sbl6/segalib/lib/sega_scl.a(scl_vblv.o)
 *fill*         0x0602a3a4        0xc 00
 .bss           0x0602a3b0        0x4 ../sbl6/segalib/lib/sega_scl.a(scl_func.o)
 *fill*         0x0602a3b4        0xc 00
 .bss           0x0602a3c0     0x1900 ../sbl6/segalib/lib/sega_scl.a(scl_fu05.o)
 .bss           0x0602bcc0       0x48 ../sbl6/segalib/lib/sega_scl.a(scl_ro00.o)
 *fill*         0x0602bd08        0x8 00
 .bss           0x0602bd10        0xc ../sbl6/segalib/lib/sega_cdc.a(cdc_sub.o)
 *fill*         0x0602bd1c        0x4 00
 .bss           0x0602bd20        0x2 ../sbl6/segalib/lib/sega_cdc.a(cdc_reg.o)
 *fill*         0x0602bd22        0xe 00
 .bss           0x0602bd30       0x9c ../sbl6/segalib/lib/sega_per.a(per_prt.o)
 *fill*         0x0602bdcc        0x4 00
 .bss           0x0602bdd0        0xc ../sbl6/segalib/lib/sega_sat.a(DMA_SCU1.o)
 *fill*         0x0602bddc        0x4 00
 .bss           0x0602bde0        0xc ../sbl6/segalib/lib/sega_sat.a(gfs_trn.o)
 *fill*         0x0602bdec        0x4 00
 .bss           0x0602bdf0       0x20 ../sbl6/segalib/lib/sega_sat.a(DMA_SCU0.o)
 .bss           0x0602be10       0x10 C:/saturn/SH_COFF/sh-coff/bin/../lib/gcc/sh-coff/3.4-GNUSH_v0501\libgcc.a(__main.o)
 .bss           0x0602be20       0x10 C:/saturn/SH_COFF/sh-coff/bin/../lib/gcc/sh-coff/3.4-GNUSH_v0501/../../../../sh-coff/lib\libc.a(atexit.o)
 .bss           0x0602be30       0x40 C:/saturn/SH_COFF/sh-coff/bin/../lib/gcc/sh-coff/3.4-GNUSH_v0501/../../../../sh-coff/lib\libc.a(mallocr.o)
                0x0602be60                __malloc_top_pad
                0x0602be30                __malloc_current_mallinfo
                0x0602be5c                __malloc_max_sbrked_mem
                0x0602be58                __malloc_max_total_mem
 .bss           0x0602be70       0x10 C:/saturn/SH_COFF/sh-coff/bin/../lib/gcc/sh-coff/3.4-GNUSH_v0501/../../../../sh-coff/lib\libc.a(syscalls.o)
 *(COMMON)
 COMMON         0x0602be80     0x1674 cd.o
                                  0x0 (size before relaxing)
                0x0602be80                dirname
                0x0602c7e0                lib_work
                0x0602d4e8                directory_table
 *fill*         0x0602d4f4        0xc 00
 COMMON         0x0602d500     0x1960 player.o
                                  0x0 (size before relaxing)
                0x0602d500                curr_level
                0x0602d510                player
                0x0602d550                lp
 COMMON         0x0602ee60      0x8c0 print.o
                                  0x0 (size before relaxing)
                0x0602ee60                text
 COMMON         0x0602f720     0x346c scroll.o
                                  0x0 (size before relaxing)
                0x0602f720                line_param0
                0x06031030                scfg3
                0x060310c0                scfg0
                0x06031150                maps
                0x06031160                scfg2
                0x060311f0                line_param1
                0x06032b00                scfg1
 *fill*         0x06032b8c        0x4 00
 COMMON         0x06032b90     0x1460 sprite.o
                                  0x0 (size before relaxing)
                0x06032b90                sprites
                0x06032ff0                image_buf
 COMMON         0x06033ff0      0x400 ../sbl6/segalib/lib/sega_int.a(int.o)
                                  0x0 (size before relaxing)
                0x06033ff0                __interrupt_vector
 COMMON         0x060343f0       0x50 ../sbl6/segalib/lib/sega_spr.a(spr_2c.o)
                                  0x0 (size before relaxing)
                0x060343f0                SpMstCmd
                0x060343f4                Sp2OpenFlag
                0x060343f8                SpGourTblMax
                0x060343fc                SpDrawPrtyBlk
                0x06034400                SpLCoordX
                0x06034404                SpMstDrawPrtyBlk
                0x06034408                SpGourTbl
                0x0603440c                SpLookupTblR
                0x06034410                SpCmdTbl
                0x06034414                SpCharMax
                0x06034418                SpDrawPrtyProcFlag
                0x0603441c                SpCmdNo
                0x06034420                SpDrawPrtyBlkMax
                0x06034424                SpSlvCmdPos
                0x06034428                SpSlvDrawPrtyBlk
                0x0603442c                SpCharTbl
                0x06034430                SpCmdTblR
                0x06034434                SpMstCmdPos
                0x06034438                SpSlvCmd
                0x0603443c                SpLCoordY
 COMMON         0x06034440       0x10 ../sbl6/segalib/lib/sega_spr.a(spr_1c.o)
                                  0x0 (size before relaxing)
                0x06034440                SpScreenY
                0x06034444                SpFbcrMode
                0x06034446                SpDil
                0x06034448                SpDie
                0x0603444a                SpTvMode
                0x0603444c                SpScreenX
 COMMON         0x06034450      0xf00 ../sbl6/segalib/lib/sega_scl.a(scl_func.o)
                                  0x0 (size before relaxing)
                0x06034450                SclRbgKtbAddr
                0x06034458                SclRb
                0x0603445a                Scl_flag
                0x06034460                SclK_TableBuff
                0x06035130                SclAddrCsTbl
                0x06035140                Scl_s_reg
                0x06035168                SclRotateXy
                0x06035170                Scl_d_reg
                0x060351b8                SclRotateDisp
                0x060351c0                SclRotateMoveZ
                0x060351c8                SclRotXySw
                0x060351d0                Scl_r_reg
                0x060351e0                SclRPMD
                0x060351e8                SclRbgKtbOffset
                0x060351f0                _SclRotregBuff
                0x060352c0                SclRa
                0x060352c8                SclRotateZ
                0x060352d0                SclAddrLsTbl
                0x060352d8                SclK_TableNum
                0x060352e0                SclRotateTableAddress
                0x060352e4                SclK_TableFlag
                0x060352f0                Scl_w_reg
                0x06035310                Scl_n_reg
 COMMON         0x06035350      0x6b0 ../sbl6/segalib/lib/sega_scl.a(scl_pri.o)
                                  0x0 (size before relaxing)
                0x06035350                SclAutoEndBlue2
                0x06035360                SclColOffset
                0x06035370                SclPriBuffDirty
                0x06035372                SclAutoEndRed
                0x06035374                SclAutoSurface
                0x06035378                SclAutoGreen
                0x0603537a                SclAutoEndGreen
                0x0603537c                SclAutoCount
                0x06035380                SclColRamAlloc256
                0x060353a0                SclAutoCurRate
                0x060353a1                SclAutoPlusFlag
                0x060353a8                SclSpColMix
                0x060353b0                SclAutoMax
                0x060353b4                SclLineColRamOffset
                0x060353b8                SclColRamAlloc2048
                0x060353bc                SclBgPriNum
                0x060353c2                SclAutoEndBlue
                0x060353c4                SclAutoEndGreen2
                0x060353c6                SclAutoVeFlag
                0x060353c8                SclBgColMix
                0x060353d0                SclAutoIndex
                0x060353d4                SclAutoEndRate
                0x060353d6                SclAutoBlue
                0x060353d8                SclAutoRed
                0x060353dc                SclAutoInterval
                0x060353e0                SclOtherPri
                0x060353f0                SclAutoRGB
                0x060359f0                SclAutoEndRed2
                0x060359f8                SclSpPriNum
 COMMON         0x06035a00       0x10 ../sbl6/segalib/lib/sega_scl.a(scl_ro00.o)
                                  0x0 (size before relaxing)
                0x06035a00                SclCsx
                0x06035a08                SclCsy
 COMMON         0x06035a10       0x15 ../sbl6/segalib/lib/sega_per.a(per_prt.o)
                                  0x0 (size before relaxing)
                0x06035a10                per_get_time_flg
                0x06035a11                per_hot_res
                0x06035a12                per_set_sys_flg
                0x06035a14                per_get_time_adr
                0x06035a18                per_get_sys_data
                0x06035a24                per_time_out_flg
 *fill*         0x06035a25        0xb 00
 COMMON         0x06035a30        0xc ../sbl6/segalib/lib/sega_sat.a(gfs.o)
                                  0x0 (size before relaxing)
                0x06035a30                GFMC_base
                0x06035a34                gfs_mng_ptr
                0x06035a38                gfs_use_scudma
 *fill*         0x06035a3c        0x4 00
 COMMON         0x06035a40        0x8 ../sbl6/segalib/lib/sega_sat.a(gfs_cdf.o)
                                  0x0 (size before relaxing)
                0x06035a40                gfcf_fad
                0x06035a44                gfcf_stat
 *fill*         0x06035a48        0x8 00
 COMMON         0x06035a50        0xc ../sbl6/segalib/lib/sega_sat.a(gfs_cdc.o)
                                  0x0 (size before relaxing)
                0x06035a50                gfcd_fatal_err
                0x06035a54                gfcd_work
                0x06035a58                gfcd_playflag
 *fill*         0x06035a5c        0x4 00
 COMMON         0x06035a60        0x4 C:/saturn/SH_COFF/sh-coff/bin/../lib/gcc/sh-coff/3.4-GNUSH_v0501/../../../../sh-coff/lib\libc.a(syscalls.o)
                                  0x0 (size before relaxing)
                0x06035a60                errno
                0x06035a64                SIZEOF_B = (. - STARTOF_B)
                0x06035a64                ENDOF_B = .
                0x06035a64                _end = .
OUTPUT(main.cof coff-sh)

.comment        0x06035a70      0x540
 .comment       0x06035a70       0x20 ../sbl6/segasmp/lib/strt2_g.o
 .comment       0x06035a90       0x20 vblank.o
 .comment       0x06035ab0       0x20 ../sbl6/segasmp/per/smpclib/per_x1.o
 .comment       0x06035ad0       0x20 ../sbl6/segasmp/per/smpclib/per_x2.o
 .comment       0x06035af0       0x20 blocks.o
 .comment       0x06035b10       0x20 cd.o
 .comment       0x06035b30       0x20 collision.o
 .comment       0x06035b50       0x20 enemylist.o
 .comment       0x06035b70       0x20 graphics.o
 .comment       0x06035b90       0x20 pcmsys.o
 .comment       0x06035bb0       0x20 player.o
 .comment       0x06035bd0       0x20 print.o
 .comment       0x06035bf0       0x20 scroll.o
 .comment       0x06035c10       0x20 sound.o
 .comment       0x06035c30       0x20 sprite.o
 .comment       0x06035c50       0x20 spritecode/explosion.o
 .comment       0x06035c70       0x20 spritecode/float.o
 .comment       0x06035c90       0x20 main.o
 .comment       0x06035cb0       0x20 C:/saturn/SH_COFF/sh-coff/bin/../lib/gcc/sh-coff/3.4-GNUSH_v0501\libgcc.a(__main.o)
 .comment       0x06035cd0       0x20 C:/saturn/SH_COFF/sh-coff/bin/../lib/gcc/sh-coff/3.4-GNUSH_v0501\libgcc.a(_mul_df.o)
 .comment       0x06035cf0       0x20 C:/saturn/SH_COFF/sh-coff/bin/../lib/gcc/sh-coff/3.4-GNUSH_v0501\libgcc.a(_si_to_df.o)
 .comment       0x06035d10       0x20 C:/saturn/SH_COFF/sh-coff/bin/../lib/gcc/sh-coff/3.4-GNUSH_v0501\libgcc.a(_df_to_si.o)
 .comment       0x06035d30       0x20 C:/saturn/SH_COFF/sh-coff/bin/../lib/gcc/sh-coff/3.4-GNUSH_v0501\libgcc.a(_unpack_df.o)
 .comment       0x06035d50       0x20 C:/saturn/SH_COFF/sh-coff/bin/../lib/gcc/sh-coff/3.4-GNUSH_v0501\libgcc.a(_pack_df.o)
 .comment       0x06035d70       0x20 C:/saturn/SH_COFF/sh-coff/bin/../lib/gcc/sh-coff/3.4-GNUSH_v0501\libgcc.a(_thenan_df.o)
 .comment       0x06035d90       0x20 C:/saturn/SH_COFF/sh-coff/bin/../lib/gcc/sh-coff/3.4-GNUSH_v0501\libgcc.a(_muldi3.o)
 .comment       0x06035db0       0x20 C:/saturn/SH_COFF/sh-coff/bin/../lib/gcc/sh-coff/3.4-GNUSH_v0501\libgcc.a(_lshrdi3.o)
 .comment       0x06035dd0       0x20 C:/saturn/SH_COFF/sh-coff/bin/../lib/gcc/sh-coff/3.4-GNUSH_v0501\libgcc.a(_ashldi3.o)
 .comment       0x06035df0       0x20 C:/saturn/SH_COFF/sh-coff/bin/../lib/gcc/sh-coff/3.4-GNUSH_v0501/../../../../sh-coff/lib\libc.a(memcmp.o)
 .comment       0x06035e10       0x20 C:/saturn/SH_COFF/sh-coff/bin/../lib/gcc/sh-coff/3.4-GNUSH_v0501/../../../../sh-coff/lib\libc.a(strncmp.o)
 .comment       0x06035e30       0x20 C:/saturn/SH_COFF/sh-coff/bin/../lib/gcc/sh-coff/3.4-GNUSH_v0501/../../../../sh-coff/lib\libc.a(strncpy.o)
 .comment       0x06035e50       0x20 C:/saturn/SH_COFF/sh-coff/bin/../lib/gcc/sh-coff/3.4-GNUSH_v0501/../../../../sh-coff/lib\libc.a(atexit.o)
 .comment       0x06035e70       0x20 C:/saturn/SH_COFF/sh-coff/bin/../lib/gcc/sh-coff/3.4-GNUSH_v0501/../../../../sh-coff/lib\libc.a(impure.o)
 .comment       0x06035e90       0x20 C:/saturn/SH_COFF/sh-coff/bin/../lib/gcc/sh-coff/3.4-GNUSH_v0501/../../../../sh-coff/lib\libc.a(malloc.o)
 .comment       0x06035eb0       0x20 C:/saturn/SH_COFF/sh-coff/bin/../lib/gcc/sh-coff/3.4-GNUSH_v0501/../../../../sh-coff/lib\libc.a(mallocr.o)
 .comment       0x06035ed0       0x20 C:/saturn/SH_COFF/sh-coff/bin/../lib/gcc/sh-coff/3.4-GNUSH_v0501/../../../../sh-coff/lib\libc.a(freer.o)
 .comment       0x06035ef0       0x20 C:/saturn/SH_COFF/sh-coff/bin/../lib/gcc/sh-coff/3.4-GNUSH_v0501/../../../../sh-coff/lib\libc.a(mlock.o)
 .comment       0x06035f10       0x20 C:/saturn/SH_COFF/sh-coff/bin/../lib/gcc/sh-coff/3.4-GNUSH_v0501/../../../../sh-coff/lib\libc.a(sbrkr.o)
 .comment       0x06035f30       0x20 C:/saturn/SH_COFF/sh-coff/bin/../lib/gcc/sh-coff/3.4-GNUSH_v0501/../../../../sh-coff/lib\libc.a(syscalls.o)
 .comment       0x06035f50       0x20 C:/saturn/SH_COFF/sh-coff/bin/../lib/gcc/sh-coff/3.4-GNUSH_v0501/../../../../sh-coff/lib\libc.a(abort.o)
 .comment       0x06035f70       0x20 C:/saturn/SH_COFF/sh-coff/bin/../lib/gcc/sh-coff/3.4-GNUSH_v0501/../../../../sh-coff/lib\libc.a(signal.o)
 .comment       0x06035f90       0x20 C:/saturn/SH_COFF/sh-coff/bin/../lib/gcc/sh-coff/3.4-GNUSH_v0501/../../../../sh-coff/lib\libc.a(signalr.o)
