Archive member included because of file (symbol)

../sbl6/segalib/lib/sega_int.a(int.o)
                              vblank.o (INT_SetScuFunc)
../sbl6/segalib/lib/sega_int.a(int_trmp.o)
                              ../sbl6/segalib/lib/sega_int.a(int.o) (__interrupt_handler0)
../sbl6/segalib/lib/sega_spr.a(spr_2c.o)
                              sprite.o (SPR_2Initial)
../sbl6/segalib/lib/sega_spr.a(spr_slv.o)
                              ../sbl6/segalib/lib/sega_spr.a(spr_2c.o) (SPR_InitSlaveSH)
../sbl6/segalib/lib/sega_spr.a(spr_1c.o)
                              ../sbl6/segalib/lib/sega_spr.a(spr_2c.o) (SPR_Initial)
../sbl6/segalib/lib/sega_spr.a(spr_2a.o)
                              ../sbl6/segalib/lib/sega_spr.a(spr_2c.o) (SPR_2SetDrawPrty)
../sbl6/segalib/lib/sega_scl.a(scl_vblv.o)
                              ../sbl6/segalib/lib/sega_spr.a(spr_1c.o) (SpFrameChgMode)
../sbl6/segalib/lib/sega_scl.a(scl_func.o)
                              sprite.o (SCL_Vdp2Init)
../sbl6/segalib/lib/sega_scl.a(scl_pr03.o)
                              scroll.o (SCL_AllocColRam)
../sbl6/segalib/lib/sega_scl.a(scl_pr02.o)
                              scroll.o (SCL_SetColRam)
../sbl6/segalib/lib/sega_scl.a(scl_back.o)
                              scroll.o (SCL_SetBack)
../sbl6/segalib/lib/sega_scl.a(scl_fu03.o)
                              scroll.o (SCL_InitConfigTb)
../sbl6/segalib/lib/sega_scl.a(scl_fu02.o)
                              scroll.o (SCL_InitVramConfigTb)
../sbl6/segalib/lib/sega_scl.a(scl_fu04.o)
                              scroll.o (SCL_SetCycleTable)
../sbl6/segalib/lib/sega_scl.a(scl_pr07.o)
                              scroll.o (SCL_SetPriority)
../sbl6/segalib/lib/sega_scl.a(scl_pri.o)
                              ../sbl6/segalib/lib/sega_scl.a(scl_func.o) (SclRealOtherPri)
../sbl6/segalib/lib/sega_scl.a(scl_pr01.o)
                              main.o (SCL_SetSpriteMode)
../sbl6/segalib/lib/sega_scl.a(scl_ro00.o)
                              ../sbl6/segalib/lib/sega_scl.a(scl_func.o) (SCL_Rotate)
../sbl6/segalib/lib/sega_scl.a(scl_pr06.o)
                              ../sbl6/segalib/lib/sega_scl.a(scl_pr03.o) (SCL_SetColRamOffset)
../sbl6/segalib/lib/sega_scl.a(scl_pr05.o)
                              ../sbl6/segalib/lib/sega_scl.a(scl_pr02.o) (SCL_GetColRamOffset)
../sbl6/segalib/lib/sega_mth.a(mth_fixd.o)
                              player.o (MTH_Mul)
../sbl6/segalib/lib/sega_mth.a(mth_tri.o)
                              sprite.o (MTH_Sin)
../sbl6/segalib/lib/sega_per.a(per_prt.o)
                              ../sbl6/segasmp/per/smpclib/per_x2.o (PER_LInit)
../sbl6/segalib/lib/sega_sat.a(DMA_SCU1.o)
                              ../sbl6/segalib/lib/sega_spr.a(spr_2c.o) (DMA_ScuMemCopy)
../sbl6/segalib/lib/sega_sat.a(DMA_SCU0.o)
                              ../sbl6/segalib/lib/sega_sat.a(DMA_SCU1.o) (DMA_ScuSetPrm)
../sbl6/segalib/lib/sega_sat.a(csh_main.o)
                              ../sbl6/segalib/lib/sega_sat.a(DMA_SCU1.o) (CSH_Purge)
c:/saturn/SH_COFF/sh-coff/bin/../lib/gcc/sh-coff/3.4-GNUSH_v0501\libgcc.a(_ashiftlt.o)
                              scroll.o (__ashlsi3)
c:/saturn/SH_COFF/sh-coff/bin/../lib/gcc/sh-coff/3.4-GNUSH_v0501\libgcc.a(_movstr.o)
                              scroll.o (__movstr)
c:/saturn/SH_COFF/sh-coff/bin/../lib/gcc/sh-coff/3.4-GNUSH_v0501\libgcc.a(__main.o)
                              main.o (__main)
c:/saturn/SH_COFF/sh-coff/bin/../lib/gcc/sh-coff/3.4-GNUSH_v0501\libgcc.a(_udivsi3.o)
                              ../sbl6/segalib/lib/sega_scl.a(scl_fu03.o) (__udivsi3)
c:/saturn/SH_COFF/sh-coff/bin/../lib/gcc/sh-coff/3.4-GNUSH_v0501\libgcc.a(_ashiftrt.o)
                              ../sbl6/segalib/lib/sega_scl.a(scl_ro00.o) (__ashiftrt_r4_6)
c:/saturn/SH_COFF/sh-coff/bin/../lib/gcc/sh-coff/3.4-GNUSH_v0501\libgcc.a(_si_to_df.o)
                              ../sbl6/segalib/lib/sega_scl.a(scl_ro00.o) (__floatsidf)
c:/saturn/SH_COFF/sh-coff/bin/../lib/gcc/sh-coff/3.4-GNUSH_v0501\libgcc.a(_mul_df.o)
                              ../sbl6/segalib/lib/sega_scl.a(scl_ro00.o) (__muldf3)
c:/saturn/SH_COFF/sh-coff/bin/../lib/gcc/sh-coff/3.4-GNUSH_v0501\libgcc.a(_df_to_si.o)
                              ../sbl6/segalib/lib/sega_scl.a(scl_ro00.o) (__fixdfsi)
c:/saturn/SH_COFF/sh-coff/bin/../lib/gcc/sh-coff/3.4-GNUSH_v0501\libgcc.a(_pack_df.o)
                              c:/saturn/SH_COFF/sh-coff/bin/../lib/gcc/sh-coff/3.4-GNUSH_v0501\libgcc.a(_si_to_df.o) (__pack_d)
c:/saturn/SH_COFF/sh-coff/bin/../lib/gcc/sh-coff/3.4-GNUSH_v0501\libgcc.a(_unpack_df.o)
                              c:/saturn/SH_COFF/sh-coff/bin/../lib/gcc/sh-coff/3.4-GNUSH_v0501\libgcc.a(_mul_df.o) (__unpack_d)
c:/saturn/SH_COFF/sh-coff/bin/../lib/gcc/sh-coff/3.4-GNUSH_v0501\libgcc.a(_thenan_df.o)
                              c:/saturn/SH_COFF/sh-coff/bin/../lib/gcc/sh-coff/3.4-GNUSH_v0501\libgcc.a(_mul_df.o) (__thenan_df)
c:/saturn/SH_COFF/sh-coff/bin/../lib/gcc/sh-coff/3.4-GNUSH_v0501\libgcc.a(_muldi3.o)
                              c:/saturn/SH_COFF/sh-coff/bin/../lib/gcc/sh-coff/3.4-GNUSH_v0501\libgcc.a(_mul_df.o) (__muldi3)
c:/saturn/SH_COFF/sh-coff/bin/../lib/gcc/sh-coff/3.4-GNUSH_v0501\libgcc.a(_lshrdi3.o)
                              c:/saturn/SH_COFF/sh-coff/bin/../lib/gcc/sh-coff/3.4-GNUSH_v0501\libgcc.a(_df_to_si.o) (__lshrdi3)
c:/saturn/SH_COFF/sh-coff/bin/../lib/gcc/sh-coff/3.4-GNUSH_v0501\libgcc.a(_ashldi3.o)
                              c:/saturn/SH_COFF/sh-coff/bin/../lib/gcc/sh-coff/3.4-GNUSH_v0501\libgcc.a(_pack_df.o) (__ashldi3)
c:/saturn/SH_COFF/sh-coff/bin/../lib/gcc/sh-coff/3.4-GNUSH_v0501\libgcc.a(_mulsi3.o)
                              c:/saturn/SH_COFF/sh-coff/bin/../lib/gcc/sh-coff/3.4-GNUSH_v0501\libgcc.a(_muldi3.o) (__mulsi3)
c:/saturn/SH_COFF/sh-coff/bin/../lib/gcc/sh-coff/3.4-GNUSH_v0501\libgcc.a(_lshiftrt.o)
                              c:/saturn/SH_COFF/sh-coff/bin/../lib/gcc/sh-coff/3.4-GNUSH_v0501\libgcc.a(_lshrdi3.o) (__lshrsi3)
c:/saturn/SH_COFF/sh-coff/bin/../lib/gcc/sh-coff/3.4-GNUSH_v0501/../../../../sh-coff/lib\libc.a(memcpy.o)
                              scroll.o (memcpy)
c:/saturn/SH_COFF/sh-coff/bin/../lib/gcc/sh-coff/3.4-GNUSH_v0501/../../../../sh-coff/lib\libc.a(memset.o)
                              ../sbl6/segalib/lib/sega_spr.a(spr_2c.o) (memset)
c:/saturn/SH_COFF/sh-coff/bin/../lib/gcc/sh-coff/3.4-GNUSH_v0501/../../../../sh-coff/lib\libc.a(atexit.o)
                              c:/saturn/SH_COFF/sh-coff/bin/../lib/gcc/sh-coff/3.4-GNUSH_v0501\libgcc.a(__main.o) (atexit)
c:/saturn/SH_COFF/sh-coff/bin/../lib/gcc/sh-coff/3.4-GNUSH_v0501/../../../../sh-coff/lib\libc.a(impure.o)
                              c:/saturn/SH_COFF/sh-coff/bin/../lib/gcc/sh-coff/3.4-GNUSH_v0501/../../../../sh-coff/lib\libc.a(atexit.o) (_impure_ptr)
c:/saturn/SH_COFF/sh-coff/bin/../lib/gcc/sh-coff/3.4-GNUSH_v0501/../../../../sh-coff/lib\libc.a(malloc.o)
                              c:/saturn/SH_COFF/sh-coff/bin/../lib/gcc/sh-coff/3.4-GNUSH_v0501/../../../../sh-coff/lib\libc.a(atexit.o) (malloc)
c:/saturn/SH_COFF/sh-coff/bin/../lib/gcc/sh-coff/3.4-GNUSH_v0501/../../../../sh-coff/lib\libc.a(mallocr.o)
                              c:/saturn/SH_COFF/sh-coff/bin/../lib/gcc/sh-coff/3.4-GNUSH_v0501/../../../../sh-coff/lib\libc.a(malloc.o) (_malloc_r)
c:/saturn/SH_COFF/sh-coff/bin/../lib/gcc/sh-coff/3.4-GNUSH_v0501/../../../../sh-coff/lib\libc.a(freer.o)
                              c:/saturn/SH_COFF/sh-coff/bin/../lib/gcc/sh-coff/3.4-GNUSH_v0501/../../../../sh-coff/lib\libc.a(malloc.o) (_free_r)
c:/saturn/SH_COFF/sh-coff/bin/../lib/gcc/sh-coff/3.4-GNUSH_v0501/../../../../sh-coff/lib\libc.a(mlock.o)
                              c:/saturn/SH_COFF/sh-coff/bin/../lib/gcc/sh-coff/3.4-GNUSH_v0501/../../../../sh-coff/lib\libc.a(mallocr.o) (__malloc_lock)
c:/saturn/SH_COFF/sh-coff/bin/../lib/gcc/sh-coff/3.4-GNUSH_v0501/../../../../sh-coff/lib\libc.a(sbrkr.o)
                              c:/saturn/SH_COFF/sh-coff/bin/../lib/gcc/sh-coff/3.4-GNUSH_v0501/../../../../sh-coff/lib\libc.a(mallocr.o) (_sbrk_r)
c:/saturn/SH_COFF/sh-coff/bin/../lib/gcc/sh-coff/3.4-GNUSH_v0501/../../../../sh-coff/lib\libc.a(syscalls.o)
                              c:/saturn/SH_COFF/sh-coff/bin/../lib/gcc/sh-coff/3.4-GNUSH_v0501/../../../../sh-coff/lib\libc.a(sbrkr.o) (_sbrk)
c:/saturn/SH_COFF/sh-coff/bin/../lib/gcc/sh-coff/3.4-GNUSH_v0501/../../../../sh-coff/lib\libc.a(trap.o)
                              c:/saturn/SH_COFF/sh-coff/bin/../lib/gcc/sh-coff/3.4-GNUSH_v0501/../../../../sh-coff/lib\libc.a(syscalls.o) (__trap34)
c:/saturn/SH_COFF/sh-coff/bin/../lib/gcc/sh-coff/3.4-GNUSH_v0501/../../../../sh-coff/lib\libc.a(abort.o)
                              c:/saturn/SH_COFF/sh-coff/bin/../lib/gcc/sh-coff/3.4-GNUSH_v0501/../../../../sh-coff/lib\libc.a(syscalls.o) (abort)
c:/saturn/SH_COFF/sh-coff/bin/../lib/gcc/sh-coff/3.4-GNUSH_v0501/../../../../sh-coff/lib\libc.a(signal.o)
                              c:/saturn/SH_COFF/sh-coff/bin/../lib/gcc/sh-coff/3.4-GNUSH_v0501/../../../../sh-coff/lib\libc.a(abort.o) (raise)
c:/saturn/SH_COFF/sh-coff/bin/../lib/gcc/sh-coff/3.4-GNUSH_v0501/../../../../sh-coff/lib\libc.a(signalr.o)
                              c:/saturn/SH_COFF/sh-coff/bin/../lib/gcc/sh-coff/3.4-GNUSH_v0501/../../../../sh-coff/lib\libc.a(signal.o) (_kill_r)

Allocating common symbols
Common symbol       size              file

SclRbgKtbAddr       0x8               ../sbl6/segalib/lib/sega_scl.a(scl_func.o)
sprites             0x1c20            print.o
SpMstCmd            0x4               ../sbl6/segalib/lib/sega_spr.a(spr_2c.o)
SclRb               0x1               ../sbl6/segalib/lib/sega_scl.a(scl_func.o)
Scl_flag            0x2               ../sbl6/segalib/lib/sega_scl.a(scl_func.o)
per_get_time_flg    0x1               ../sbl6/segalib/lib/sega_per.a(per_prt.o)
SpScreenY           0x4               ../sbl6/segalib/lib/sega_spr.a(spr_1c.o)
SclK_TableBuff      0xcd0             ../sbl6/segalib/lib/sega_scl.a(scl_func.o)
SclAutoEndBlue2     0x2               ../sbl6/segalib/lib/sega_scl.a(scl_pri.o)
SpFbcrMode          0x2               ../sbl6/segalib/lib/sega_spr.a(spr_1c.o)
Sp2OpenFlag         0x4               ../sbl6/segalib/lib/sega_spr.a(spr_2c.o)
SclColOffset        0x10              ../sbl6/segalib/lib/sega_scl.a(scl_pri.o)
SclAddrCsTbl        0x8               ../sbl6/segalib/lib/sega_scl.a(scl_func.o)
scfg0               0x8c              scroll.o
SclPriBuffDirty     0x1               ../sbl6/segalib/lib/sega_scl.a(scl_pri.o)
SclAutoEndRed       0x2               ../sbl6/segalib/lib/sega_scl.a(scl_pri.o)
player              0x24              player.o
SclAutoSurface      0x4               ../sbl6/segalib/lib/sega_scl.a(scl_pri.o)
__interrupt_vector  0x400             ../sbl6/segalib/lib/sega_int.a(int.o)
per_hot_res         0x1               ../sbl6/segalib/lib/sega_per.a(per_prt.o)
SclCsx              0x8               ../sbl6/segalib/lib/sega_scl.a(scl_ro00.o)
Scl_s_reg           0x28              ../sbl6/segalib/lib/sega_scl.a(scl_func.o)
SclAutoGreen        0x2               ../sbl6/segalib/lib/sega_scl.a(scl_pri.o)
SclAutoEndGreen     0x2               ../sbl6/segalib/lib/sega_scl.a(scl_pri.o)
SclAutoCount        0x4               ../sbl6/segalib/lib/sega_scl.a(scl_pri.o)
SpGourTblMax        0x4               ../sbl6/segalib/lib/sega_spr.a(spr_2c.o)
SclColRamAlloc256   0x20              ../sbl6/segalib/lib/sega_scl.a(scl_pri.o)
SclRotateXy         0x8               ../sbl6/segalib/lib/sega_scl.a(scl_func.o)
SpDrawPrtyBlk       0x4               ../sbl6/segalib/lib/sega_spr.a(spr_2c.o)
SclAutoCurRate      0x1               ../sbl6/segalib/lib/sega_scl.a(scl_pri.o)
SpLCoordX           0x4               ../sbl6/segalib/lib/sega_spr.a(spr_2c.o)
maps                0x10              scroll.o
SpMstDrawPrtyBlk    0x4               ../sbl6/segalib/lib/sega_spr.a(spr_2c.o)
SclAutoPlusFlag     0x1               ../sbl6/segalib/lib/sega_scl.a(scl_pri.o)
per_set_sys_flg     0x1               ../sbl6/segalib/lib/sega_per.a(per_prt.o)
Scl_d_reg           0x48              ../sbl6/segalib/lib/sega_scl.a(scl_func.o)
SclRotateDisp       0x8               ../sbl6/segalib/lib/sega_scl.a(scl_func.o)
SpGourTbl           0x4               ../sbl6/segalib/lib/sega_spr.a(spr_2c.o)
SclSpColMix         0x8               ../sbl6/segalib/lib/sega_scl.a(scl_pri.o)
SpDil               0x2               ../sbl6/segalib/lib/sega_spr.a(spr_1c.o)
SpLookupTblR        0x2               ../sbl6/segalib/lib/sega_spr.a(spr_2c.o)
SclAutoMax          0x4               ../sbl6/segalib/lib/sega_scl.a(scl_pri.o)
SpCmdTbl            0x4               ../sbl6/segalib/lib/sega_spr.a(spr_2c.o)
SclRotateMoveZ      0x8               ../sbl6/segalib/lib/sega_scl.a(scl_func.o)
SclLineColRamOffset
                    0x4               ../sbl6/segalib/lib/sega_scl.a(scl_pri.o)
SclRotXySw          0x4               ../sbl6/segalib/lib/sega_scl.a(scl_func.o)
per_get_time_adr    0x4               ../sbl6/segalib/lib/sega_per.a(per_prt.o)
SclColRamAlloc2048  0x4               ../sbl6/segalib/lib/sega_scl.a(scl_pri.o)
SclBgPriNum         0x6               ../sbl6/segalib/lib/sega_scl.a(scl_pri.o)
SpCharMax           0x4               ../sbl6/segalib/lib/sega_spr.a(spr_2c.o)
SpDrawPrtyProcFlag  0x4               ../sbl6/segalib/lib/sega_spr.a(spr_2c.o)
SclAutoEndBlue      0x2               ../sbl6/segalib/lib/sega_scl.a(scl_pri.o)
SpCmdNo             0x4               ../sbl6/segalib/lib/sega_spr.a(spr_2c.o)
SclAutoEndGreen2    0x2               ../sbl6/segalib/lib/sega_scl.a(scl_pri.o)
Scl_r_reg           0x10              ../sbl6/segalib/lib/sega_scl.a(scl_func.o)
SclRPMD             0x2               ../sbl6/segalib/lib/sega_scl.a(scl_func.o)
SpDrawPrtyBlkMax    0x4               ../sbl6/segalib/lib/sega_spr.a(spr_2c.o)
SpDie               0x2               ../sbl6/segalib/lib/sega_spr.a(spr_1c.o)
SclAutoVeFlag       0x1               ../sbl6/segalib/lib/sega_scl.a(scl_pri.o)
SclBgColMix         0x8               ../sbl6/segalib/lib/sega_scl.a(scl_pri.o)
text                0x460             print.o
SpSlvCmdPos         0x4               ../sbl6/segalib/lib/sega_spr.a(spr_2c.o)
per_get_sys_data    0xc               ../sbl6/segalib/lib/sega_per.a(per_prt.o)
SclRbgKtbOffset     0x8               ../sbl6/segalib/lib/sega_scl.a(scl_func.o)
SclAutoIndex        0x4               ../sbl6/segalib/lib/sega_scl.a(scl_pri.o)
SclAutoEndRate      0x1               ../sbl6/segalib/lib/sega_scl.a(scl_pri.o)
SpSlvDrawPrtyBlk    0x4               ../sbl6/segalib/lib/sega_spr.a(spr_2c.o)
_SclRotregBuff      0xd0              ../sbl6/segalib/lib/sega_scl.a(scl_func.o)
SclAutoBlue         0x2               ../sbl6/segalib/lib/sega_scl.a(scl_pri.o)
SpTvMode            0x2               ../sbl6/segalib/lib/sega_spr.a(spr_1c.o)
SpScreenX           0x4               ../sbl6/segalib/lib/sega_spr.a(spr_1c.o)
SclRa               0x1               ../sbl6/segalib/lib/sega_scl.a(scl_func.o)
SclRotateZ          0x8               ../sbl6/segalib/lib/sega_scl.a(scl_func.o)
SpCharTbl           0x4               ../sbl6/segalib/lib/sega_spr.a(spr_2c.o)
SclAddrLsTbl        0x8               ../sbl6/segalib/lib/sega_scl.a(scl_func.o)
SclK_TableNum       0x8               ../sbl6/segalib/lib/sega_scl.a(scl_func.o)
SclAutoRed          0x2               ../sbl6/segalib/lib/sega_scl.a(scl_pri.o)
SpCmdTblR           0x2               ../sbl6/segalib/lib/sega_spr.a(spr_2c.o)
SclAutoInterval     0x4               ../sbl6/segalib/lib/sega_scl.a(scl_pri.o)
SclOtherPri         0x10              ../sbl6/segalib/lib/sega_scl.a(scl_pri.o)
per_time_out_flg    0x1               ../sbl6/segalib/lib/sega_per.a(per_prt.o)
SclRotateTableAddress
                    0x4               ../sbl6/segalib/lib/sega_scl.a(scl_func.o)
SpMstCmdPos         0x4               ../sbl6/segalib/lib/sega_spr.a(spr_2c.o)
SpSlvCmd            0x4               ../sbl6/segalib/lib/sega_spr.a(spr_2c.o)
scfg1               0x8c              scroll.o
SclAutoRGB          0x600             ../sbl6/segalib/lib/sega_scl.a(scl_pri.o)
errno               0x4               c:/saturn/SH_COFF/sh-coff/bin/../lib/gcc/sh-coff/3.4-GNUSH_v0501/../../../../sh-coff/lib\libc.a(syscalls.o)
SclK_TableFlag      0x4               ../sbl6/segalib/lib/sega_scl.a(scl_func.o)
SclAutoEndRed2      0x2               ../sbl6/segalib/lib/sega_scl.a(scl_pri.o)
SclCsy              0x8               ../sbl6/segalib/lib/sega_scl.a(scl_ro00.o)
SclSpPriNum         0x8               ../sbl6/segalib/lib/sega_scl.a(scl_pri.o)
Scl_w_reg           0x20              ../sbl6/segalib/lib/sega_scl.a(scl_func.o)
SpLCoordY           0x4               ../sbl6/segalib/lib/sega_spr.a(spr_2c.o)
Scl_n_reg           0x40              ../sbl6/segalib/lib/sega_scl.a(scl_func.o)

Memory Configuration

Name             Origin             Length             Attributes
*default*        0x00000000         0xffffffff

Linker script and memory map

LOAD ../sbl6/segasmp/lib/strt1_g.o
LOAD ../sbl6/segasmp/lib/strt2_g.o
LOAD vblank.o
LOAD ../sbl6/segasmp/per/smpclib/per_x1.o
LOAD ../sbl6/segasmp/per/smpclib/per_x2.o
LOAD ../sbl6/segasmp/per/smpclib/per_x3.o
LOAD collision.o
LOAD graphics.o
LOAD player.o
LOAD print.o
LOAD sprite.o
LOAD scroll.o
LOAD main.o
LOAD ../sbl6/segalib/lib/sega_int.a
LOAD ../sbl6/segalib/lib/sega_spr.a
LOAD ../sbl6/segalib/lib/sega_scl.a
LOAD ../sbl6/segalib/lib/sega_mth.a
LOAD ../sbl6/segalib/lib/sega_cdc.a
LOAD ../sbl6/segalib/lib/sega_adp.a
LOAD ../sbl6/segalib/lib/sega_per.a
LOAD ../sbl6/segalib/lib/sega_sat.a
LOAD c:/saturn/SH_COFF/sh-coff/bin/../lib/gcc/sh-coff/3.4-GNUSH_v0501\libgcc.a
LOAD c:/saturn/SH_COFF/sh-coff/bin/../lib/gcc/sh-coff/3.4-GNUSH_v0501/../../../../sh-coff/lib\libc.a
LOAD c:/saturn/SH_COFF/sh-coff/bin/../lib/gcc/sh-coff/3.4-GNUSH_v0501\libgcc.a

.text           0x06010000    0x1ade0
 *(.text)
 .text          0x06010000       0x30 ../sbl6/segasmp/lib/strt1_g.o
                0x06010024                _D_END
                0x06010020                _D_BGN
                0x0601002c                _B_END
                0x06010028                _B_BGN
                0x06010000                START
 .text          0x06010030       0x60 ../sbl6/segasmp/lib/strt2_g.o
                0x06010050                _INITSCT
                0x06010030                _INIT
 .text          0x06010090      0x1b0 vblank.o
                0x06010090                SetVblank
                0x06010140                UsrVblankOut
                0x060100f0                UsrVblankIn
 .text          0x06010240      0x430 ../sbl6/segasmp/per/smpclib/per_x1.o
                0x060105d4                PER_GetAnalogXYZ
                0x06010264                PER_GetTriggerHandler
                0x060104fe                PER_GetEdge
                0x0601047c                PER_GetTrigger
                0x06010528                PER_GetPressEdge
                0x0601057c                PER_GetReleaseEdge
                0x06010240                PER_SetTriggerHandler
 .text          0x06010670      0x200 ../sbl6/segasmp/per/smpclib/per_x2.o
                0x06010774                PER_GetDeviceA
                0x06010670                PER_OpenPort
                0x060106a8                PER_GetPort
                0x060107ee                PER_GetDeviceR
 .text          0x06010870       0x20 ../sbl6/segasmp/per/smpclib/per_x3.o
                0x06010870                PER_DisguiseTrigger
 .text          0x06010890      0xe70 collision.o
                0x06011670                collision_detect_up_right
                0x06010900                over_air
                0x06010a20                collision_detect_down
                0x060116a0                collision_detect_down_left
                0x06010d40                collision_detect_left
                0x060116d0                collision_detect_down_right
                0x06010890                floor_tiles
                0x06011030                collision_detect_up
                0x06011640                collision_detect_up_left
                0x06011320                collision_detect_right
 .text          0x06011700     0xde50 graphics.o
                0x0601f14c                font3
                0x0601f44c                font0
                0x06013700                map2
                0x0601e34c                guy0
                0x06011700                map3
                0x0601eb4c                font9
                0x0601c34c                guyback1
                0x06015700                map1
                0x0601cb4c                guyback0
                0x0601f04c                font4
                0x0601ee4c                font6
                0x0601f34c                font1
                0x0601db4c                guy1
                0x06017700                wood_chr
                0x0601b34c                guyside0
                0x06019f00                wood_pal
                0x0601ed4c                font7
                0x0601bb4c                guyback2
                0x0601ab4c                guyside1
                0x0601a34c                guyside2
                0x0601f24c                font2
                0x0601ef4c                font5
                0x0601d34c                guy2
                0x0601a300                dimensions
                0x0601ec4c                font8
 .text          0x0601f550      0x4b0 player.o
                0x0601f550                player_side
                0x0601f560                player_down
                0x0601f558                player_up
                0x0601f568                states
                0x0601f6b0                player_input
                0x0601f590                player_init
                0x0601f940                player_draw
                0x0601f5d0                player_animate
 .text          0x0601fa00      0x130 print.o
                0x0601fa90                print_display
                0x0601fa40                print_num
                0x0601fa00                print_init
 .text          0x0601fb30      0x410 sprite.o
                0x0601fb30                sprite_init
                0x0601fe40                sprite_make
                0x0601feb0                sprite_next
                0x0601ff10                sprite_delete
                0x0601fbe0                sprite_draw
 .text          0x0601ff40      0x9f0 scroll.o
                0x060206c0                scroll_transition
                0x0601ff40                scroll_move
                0x06020360                scroll_get
                0x060203b0                scroll_copy
                0x06020050                scroll_set
                0x06020140                scroll_init
                0x06020080                scroll_scale
 .text          0x06020930       0xc0 main.o
                0x06020930                main
 .text          0x060209f0       0x40 ../sbl6/segalib/lib/sega_int.a(int.o)
                0x06020a1c                INT_GetScuFunc
                0x060209f0                INT_SetScuFunc
 .text          0x06020a30      0x624 ../sbl6/segalib/lib/sega_int.a(int_trmp.o)
                0x06020b98                __interrupt_handler60
                0x06020d48                __interrupt_handler132
                0x06020efe                __interrupt_handler205
                0x06020d66                __interrupt_handler137
                0x06020c94                __interrupt_handler102
                0x06020ad2                __interrupt_handler27
                0x06020ed4                __interrupt_handler198
                0x06020dc6                __interrupt_handler153
                0x06020aae                __interrupt_handler21
                0x06020bbc                __interrupt_handler66
                0x06020cac                __interrupt_handler106
                0x06020df6                __interrupt_handler161
                0x06020c40                __interrupt_handler88
                0x06020e0e                __interrupt_handler165
                0x06020d1e                __interrupt_handler125
                0x06020a54                __interrupt_handler6
                0x06020af0                __interrupt_handler32
                0x06020eaa                __interrupt_handler191
                0x06020fc4                __interrupt_handler238
                0x06020fdc                __interrupt_handler242
                0x06020de4                __interrupt_handler158
                0x06020c4c                __interrupt_handler90
                0x06020e08                __interrupt_handler164
                0x06020b2c                __interrupt_handler42
                0x06020e6e                __interrupt_handler181
                0x06020f76                __interrupt_handler225
                0x0602101e                __interrupt_handler253
                0x06020e32                __interrupt_handler171
                0x06020bec                __interrupt_handler74
                0x06020a42                __interrupt_handler3
                0x06020b86                __interrupt_handler57
                0x06020a84                __interrupt_handler14
                0x06020f1c                __interrupt_handler210
                0x06020f4c                __interrupt_handler218
                0x06020f10                __interrupt_handler208
                0x06020b14                __interrupt_handler38
                0x06020a30                __interrupt_handler0
                0x06020ca0                __interrupt_handler104
                0x06020dde                __interrupt_handler157
                0x06020f2e                __interrupt_handler213
                0x06020e20                __interrupt_handler168
                0x06020c2e                __interrupt_handler85
                0x06020cca                __interrupt_handler111
                0x06020cdc                __interrupt_handler114
                0x06020b4a                __interrupt_handler47
                0x06020fa0                __interrupt_handler232
                0x06020f6a                __interrupt_handler223
                0x06020fbe                __interrupt_handler237
                0x06020baa                __interrupt_handler63
                0x06020b38                __interrupt_handler44
                0x06020e4a                __interrupt_handler175
                0x06020e74                __interrupt_handler182
                0x06020e8c                __interrupt_handler186
                0x06020d8a                __interrupt_handler143
                0x06020cb2                __interrupt_handler107
                0x06020d18                __interrupt_handler124
                0x06020e38                __interrupt_handler172
                0x06020fee                __interrupt_handler245
                0x06020c6a                __interrupt_handler95
                0x06020d42                __interrupt_handler131
                0x06020d54                __interrupt_handler134
                0x06020d72                __interrupt_handler139
                0x06020be0                __interrupt_handler72
                0x06020f9a                __interrupt_handler231
                0x06020df0                __interrupt_handler160
                0x06020d36                __interrupt_handler129
                0x06020aa8                __interrupt_handler20
                0x06020bb6                __interrupt_handler65
                0x06020b80                __interrupt_handler56
                0x06020a7e                __interrupt_handler13
                0x06020f16                __interrupt_handler209
                0x06020cd0                __interrupt_handler112
                0x06020aa2                __interrupt_handler19
                0x06020c5e                __interrupt_handler93
                0x06020ec8                __interrupt_handler196
                0x06020dba                __interrupt_handler151
                0x06020e1a                __interrupt_handler167
                0x06021030                __trampoline
                0x06020a96                __interrupt_handler17
                0x06020f88                __interrupt_handler228
                0x0602102a                __interrupt_handler255
                0x06020fe8                __interrupt_handler244
                0x06020c82                __interrupt_handler99
                0x06020e7a                __interrupt_handler183
                0x06020d78                __interrupt_handler140
                0x06020e9e                __interrupt_handler189
                0x06020d9c                __interrupt_handler146
                0x06020f64                __interrupt_handler222
                0x06020dd8                __interrupt_handler156
                0x06020d0c                __interrupt_handler122
                0x06021000                __interrupt_handler248
                0x06020b50                __interrupt_handler48
                0x06020bce                __interrupt_handler69
                0x06020ac0                __interrupt_handler24
                0x06020c46                __interrupt_handler89
                0x06020f3a                __interrupt_handler215
                0x06021024                __interrupt_handler254
                0x06020c3a                __interrupt_handler87
                0x06020b9e                __interrupt_handler61
                0x06020ec2                __interrupt_handler195
                0x06020db4                __interrupt_handler150
                0x06020b26                __interrupt_handler41
                0x06020cc4                __interrupt_handler110
                0x06020d2a                __interrupt_handler127
                0x06020cb8                __interrupt_handler108
                0x06020cd6                __interrupt_handler113
                0x06020ce8                __interrupt_handler116
                0x06020d06                __interrupt_handler121
                0x06020bfe                __interrupt_handler77
                0x06020b1a                __interrupt_handler39
                0x06020b32                __interrupt_handler43
                0x06021006                __interrupt_handler249
                0x06020e44                __interrupt_handler174
                0x06020d60                __interrupt_handler136
                0x06020e98                __interrupt_handler188
                0x06020d96                __interrupt_handler145
                0x06020a66                __interrupt_handler9
                0x06020c0a                __interrupt_handler79
                0x06020f82                __interrupt_handler227
                0x06020afc                __interrupt_handler34
                0x06020d3c                __interrupt_handler130
                0x06020ffa                __interrupt_handler247
                0x06020bf2                __interrupt_handler75
                0x06020e3e                __interrupt_handler173
                0x06020b6e                __interrupt_handler53
                0x06020dae                __interrupt_handler149
                0x06021012                __interrupt_handler251
                0x06020fa6                __interrupt_handler233
                0x06020a6c                __interrupt_handler10
                0x06020ef8                __interrupt_handler204
                0x06020c1c                __interrupt_handler82
                0x06020c22                __interrupt_handler83
                0x06020ac6                __interrupt_handler25
                0x06020fe2                __interrupt_handler243
                0x06020dfc                __interrupt_handler162
                0x06020b44                __interrupt_handler46
                0x06020e5c                __interrupt_handler178
                0x06020c10                __interrupt_handler80
                0x06020ba4                __interrupt_handler62
                0x06020a3c                __interrupt_handler2
                0x06020ade                __interrupt_handler29
                0x06020bd4                __interrupt_handler70
                0x06020cbe                __interrupt_handler109
                0x06020da8                __interrupt_handler148
                0x06020c64                __interrupt_handler94
                0x06020f70                __interrupt_handler224
                0x06020c9a                __interrupt_handler103
                0x06020b08                __interrupt_handler36
                0x06020d24                __interrupt_handler126
                0x06020ff4                __interrupt_handler246
                0x06020b7a                __interrupt_handler55
                0x06020a78                __interrupt_handler12
                0x06020b68                __interrupt_handler52
                0x06020e92                __interrupt_handler187
                0x06020d90                __interrupt_handler144
                0x06020cee                __interrupt_handler117
                0x06020a9c                __interrupt_handler18
                0x06020ece                __interrupt_handler197
                0x06020dc0                __interrupt_handler152
                0x06020cf4                __interrupt_handler118
                0x06020e2c                __interrupt_handler170
                0x06020ee6                __interrupt_handler201
                0x06020c76                __interrupt_handler97
                0x06020e02                __interrupt_handler163
                0x06020e68                __interrupt_handler180
                0x06020eb0                __interrupt_handler192
                0x06020fd0                __interrupt_handler240
                0x06020d12                __interrupt_handler123
                0x06020f34                __interrupt_handler214
                0x06020aea                __interrupt_handler31
                0x06020ad8                __interrupt_handler28
                0x06020bc2                __interrupt_handler67
                0x06020bc8                __interrupt_handler68
                0x06020ab4                __interrupt_handler22
                0x06020aba                __interrupt_handler23
                0x06020e50                __interrupt_handler176
                0x06020a5a                __interrupt_handler7
                0x06020f5e                __interrupt_handler221
                0x06020f46                __interrupt_handler217
                0x06020f8e                __interrupt_handler229
                0x06020b56                __interrupt_handler49
                0x06020a48                __interrupt_handler4
                0x06020b20                __interrupt_handler40
                0x06020ce2                __interrupt_handler115
                0x06020fb2                __interrupt_handler235
                0x06020c52                __interrupt_handler91
                0x06020f04                __interrupt_handler206
                0x06020e56                __interrupt_handler177
                0x06020da2                __interrupt_handler147
                0x06020b0e                __interrupt_handler37
                0x0602100c                __interrupt_handler250
                0x06020a36                __interrupt_handler1
                0x06020f52                __interrupt_handler219
                0x06020bf8                __interrupt_handler76
                0x06020c88                __interrupt_handler100
                0x06020b8c                __interrupt_handler58
                0x06020a8a                __interrupt_handler15
                0x06020f28                __interrupt_handler212
                0x06020fd6                __interrupt_handler241
                0x06020eec                __interrupt_handler202
                0x06020eb6                __interrupt_handler193
                0x06020c04                __interrupt_handler78
                0x06020b5c                __interrupt_handler50
                0x06020af6                __interrupt_handler33
                0x06020e14                __interrupt_handler166
                0x06020d6c                __interrupt_handler138
                0x06020d5a                __interrupt_handler135
                0x06020ae4                __interrupt_handler30
                0x06020e80                __interrupt_handler184
                0x06020d7e                __interrupt_handler141
                0x06020f94                __interrupt_handler230
                0x06020fb8                __interrupt_handler236
                0x06020cfa                __interrupt_handler119
                0x06020c34                __interrupt_handler86
                0x06020ca6                __interrupt_handler105
                0x06020c16                __interrupt_handler81
                0x06020d00                __interrupt_handler120
                0x06020d30                __interrupt_handler128
                0x06020b74                __interrupt_handler54
                0x06020a72                __interrupt_handler11
                0x06020eda                __interrupt_handler199
                0x06020dcc                __interrupt_handler154
                0x06020b3e                __interrupt_handler45
                0x06020f40                __interrupt_handler216
                0x06020ef2                __interrupt_handler203
                0x06020c8e                __interrupt_handler101
                0x06020c28                __interrupt_handler84
                0x06020e86                __interrupt_handler185
                0x06020d84                __interrupt_handler142
                0x06020acc                __interrupt_handler26
                0x06020bb0                __interrupt_handler64
                0x06020ee0                __interrupt_handler200
                0x06020f0a                __interrupt_handler207
                0x06020ebc                __interrupt_handler194
                0x06020c58                __interrupt_handler92
                0x06020dd2                __interrupt_handler155
                0x06020f22                __interrupt_handler211
                0x06020d4e                __interrupt_handler133
                0x06020a4e                __interrupt_handler5
                0x06020be6                __interrupt_handler73
                0x06020a90                __interrupt_handler16
                0x06020fca                __interrupt_handler239
                0x06020fac                __interrupt_handler234
                0x06020b02                __interrupt_handler35
                0x06020b92                __interrupt_handler59
                0x06020e26                __interrupt_handler169
                0x06020c7c                __interrupt_handler98
                0x06020bda                __interrupt_handler71
                0x06020b62                __interrupt_handler51
                0x06020dea                __interrupt_handler159
                0x06020f7c                __interrupt_handler226
                0x06020c70                __interrupt_handler96
                0x06020ea4                __interrupt_handler190
                0x06020f58                __interrupt_handler220
                0x06020a60                __interrupt_handler8
                0x06020e62                __interrupt_handler179
                0x06021018                __interrupt_handler252
 *fill*         0x06021054        0xc 00
 .text          0x06021060     0x12a0 ../sbl6/segalib/lib/sega_spr.a(spr_2c.o)
                0x060222c0                SlaveFlushDrawPrtyBlock
                0x06021060                SPR_2Initial
                0x060218a4                SPR_2SysClip
                0x06021844                SPR_2LocalCoord
                0x0602213c                SPR_2FlushDrawPrtyBlock
                0x06021e28                SPR_2DistSpr
                0x0602182c                SPR_2FlushDrawPrty
                0x06021f4c                SPR_2Cmd
                0x06021528                SPR_2GourTblNoToVram
                0x06021588                SPR_2GetAreaSizeInfo
                0x060212f0                SPR_2SetGourTbl
                0x06021adc                SPR_2Polygon
                0x06021564                SPR_2CharNoToVram
                0x06021270                SPR_2SetTvMode
                0x060216cc                SPR_2CloseCommand
                0x060212ac                SPR_2FrameEraseData
                0x06021088                SPR_2Initial2
                0x06021cbc                SPR_2ScaleSpr
                0x0602194c                SPR_2Line
                0x06021618                SPR_2OpenCommand
                0x0602128c                SPR_2FrameChgIntr
                0x06021b98                SPR_2NormSpr
                0x06021320                SPR_2SetLookupTbl
                0x06021354                SPR_2SetChar
                0x0602154c                SPR_2LookupTblNoToVram
                0x06021a20                SPR_2PolyLine
                0x060214c0                SPR_2ClrAllChar
                0x06021474                SPR_2ClrChar
                0x060218f0                SPR_2UserClip
 .text          0x06022300      0x1e6 ../sbl6/segalib/lib/sega_spr.a(spr_slv.o)
                0x06022464                SPR_WaitEndSlaveSH
                0x06022300                SPR_SMPC_SSHON
                0x06022440                SPR_RunSlaveSH
                0x06022304                SPR_InitSlaveSH
                0x060223cc                SPR_SlaveSHmain
                0x06022301                SPR_SMPC_SSHOFF
 *fill*         0x060224e6        0xa 00
 .text          0x060224f0      0x36a ../sbl6/segalib/lib/sega_spr.a(spr_1c.o)
                0x060227a4                SPR_WaitDrawEnd
                0x060227bc                SPR_SetEosMode
                0x060226d4                SPR_SetEraseData
                0x060224f0                SPR_Initial
                0x060225c8                SPR_SetTvMode
                0x06022660                SPR_GetStatus
 *fill*         0x0602285a        0x6 00
 .text          0x06022860      0x244 ../sbl6/segalib/lib/sega_spr.a(spr_2a.o)
                0x06022872                sprMemCpyW
                0x060228d0                flushDrawPrtyBlock
                0x06022860                sprMemCpyL
                0x06022884                SPR_2SetDrawPrty
 *fill*         0x06022aa4        0xc 00
 .text          0x06022ab0      0x2fc ../sbl6/segalib/lib/sega_scl.a(scl_vblv.o)
                0x06022b6c                SCL_DisplayFrame
                0x06022ab0                SCL_SetFrameInterval
                0x06022ba0                SCL_VblInit
                0x06022bf0                SCL_VblankStart
                0x06022c34                SCL_VblankEnd
 *fill*         0x06022dac        0x4 00
 .text          0x06022db0      0xb9c ../sbl6/segalib/lib/sega_scl.a(scl_func.o)
                0x0602378c                SCL_Vdp2_SGLInit
                0x0602369c                SCL_PriIntProc
                0x06023614                SCL_Memcpyw
                0x0602392c                SCL_SglOff
                0x0602390c                SCL_SglOn
                0x06023580                SCL_ScrollShow
                0x06023028                SCL_Close
                0x06023320                SCL_Scale
                0x06022db0                SCL_Vdp2Init
                0x06023194                SCL_Move
                0x0602345c                SCL_CopyReg
                0x06023004                SCL_Open
                0x06022e34                SCL_ParametersInit
                0x06023044                SCL_MoveTo
                0x0602363c                SCL_SetColRamMode
 *fill*         0x0602394c        0x4 00
 .text          0x06023950      0x138 ../sbl6/segalib/lib/sega_scl.a(scl_pr03.o)
                0x06023950                SCL_FreeColRam
                0x06023988                SCL_AllocColRam
 *fill*         0x06023a88        0x8 00
 .text          0x06023a90       0x9c ../sbl6/segalib/lib/sega_scl.a(scl_pr02.o)
                0x06023a90                SCL_SetColRam
 *fill*         0x06023b2c        0x4 00
 .text          0x06023b30       0x84 ../sbl6/segalib/lib/sega_scl.a(scl_back.o)
                0x06023b30                SCL_SetBack
 *fill*         0x06023bb4        0xc 00
 .text          0x06023bc0      0x94c ../sbl6/segalib/lib/sega_scl.a(scl_fu03.o)
                0x06023c1c                SCL_SetConfig
                0x06023bc0                SCL_InitConfigTb
 *fill*         0x0602450c        0x4 00
 .text          0x06024510      0x4f4 ../sbl6/segalib/lib/sega_scl.a(scl_fu02.o)
                0x06024548                SCL_SetVramConfig
                0x06024510                SCL_InitVramConfigTb
 *fill*         0x06024a04        0xc 00
 .text          0x06024a10       0x28 ../sbl6/segalib/lib/sega_scl.a(scl_fu04.o)
                0x06024a10                SCL_SetCycleTable
 *fill*         0x06024a38        0x8 00
 .text          0x06024a40      0x214 ../sbl6/segalib/lib/sega_scl.a(scl_pr07.o)
                0x06024a40                SCL_SetPriority
 *fill*         0x06024c54        0xc 00
 .text          0x06024c60     0x10a4 ../sbl6/segalib/lib/sega_scl.a(scl_pri.o)
                0x06024cf4                SCL_AbortAutoVe
                0x06025ba4                SCL_SetShadowBit
                0x0602516c                SCL_AutoExec
                0x06024c60                SCL_PriorityInit
                0x06025680                SCL_IncColOffset
                0x06024d08                SCL_SetColMixRate
                0x06024cd8                SCL_GetColRamMode
 *fill*         0x06025d04        0xc 00
 .text          0x06025d10       0x58 ../sbl6/segalib/lib/sega_scl.a(scl_pr01.o)
                0x06025d10                SCL_SetSpriteMode
 *fill*         0x06025d68        0x8 00
 .text          0x06025d70     0x1394 ../sbl6/segalib/lib/sega_scl.a(scl_ro00.o)
                0x06026f5c                SCL_RotateZD
                0x06026224                SCL_Rotate
                0x06025ef8                SCL_InitRotateTable
 *fill*         0x06027104        0xc 00
 .text          0x06027110      0x1b4 ../sbl6/segalib/lib/sega_scl.a(scl_pr06.o)
                0x06027110                SCL_SetColRamOffset
 *fill*         0x060272c4        0xc 00
 .text          0x060272d0       0xac ../sbl6/segalib/lib/sega_scl.a(scl_pr05.o)
                0x060272d0                SCL_GetColRamOffset
 *fill*         0x0602737c        0x4 00
 .text          0x06027380       0xa4 ../sbl6/segalib/lib/sega_mth.a(mth_fixd.o)
                0x060273d0                MTH_FixedToInt
                0x060273c0                MTH_IntToFixed
                0x06027380                MTH_Mul
                0x060273e0                MTH_Product
                0x060273a0                MTH_Div
 *fill*         0x06027424        0xc 00
 .text          0x06027430      0x600 ../sbl6/segalib/lib/sega_mth.a(mth_tri.o)
                0x060274cc                fcos
                0x060274d2                fsin
                0x0602747c                MTH_Cos
                0x06027430                MTH_Sin
                0x06027670                MTH_Atan
 .text          0x06027a30      0xf50 ../sbl6/segalib/lib/sega_per.a(per_prt.o)
                0x06027e50                PER_IntFunc
                0x06027c48                PER_LGetPer
                0x06027a30                PER_LInit
 .text          0x06028980      0x1f4 ../sbl6/segalib/lib/sega_sat.a(DMA_SCU1.o)
                0x06028adc                DMA_ScuResult
                0x06028980                DMA_ScuInit
                0x060289d0                DMA_ScuMemCopy
 *fill*         0x06028b74        0xc 00
 .text          0x06028b80      0x308 ../sbl6/segalib/lib/sega_sat.a(DMA_SCU0.o)
                0x06028c04                DMA_ScuStart
                0x06028d38                DMA_ScuIntFunc0
                0x06028da8                DMA_ScuIntFunc1
                0x06028e18                DMA_ScuIntFunc2
                0x06028cf8                DMA_ScuGetStatus
                0x06028b80                DMA_ScuSetPrm
 *fill*         0x06028e88        0x8 00
 .text          0x06028e90       0xe8 ../sbl6/segalib/lib/sega_sat.a(csh_main.o)
                0x06028e90                CSH_Init
                0x06028ef8                CSH_AllClr
                0x06028f44                CSH_Purge
 *fill*         0x06028f78        0x8 00
 .text          0x06028f80       0x90 c:/saturn/SH_COFF/sh-coff/bin/../lib/gcc/sh-coff/3.4-GNUSH_v0501\libgcc.a(_ashiftlt.o)
                0x06028f80                __ashlsi3
 .text          0x06029010       0xb0 c:/saturn/SH_COFF/sh-coff/bin/../lib/gcc/sh-coff/3.4-GNUSH_v0501\libgcc.a(_movstr.o)
                0x06029050                __movstrSI16
                0x06029024                __movstrSI60
                0x06029030                __movstrSI48
                0x0602902c                __movstrSI52
                0x06029020                __movstrSI64
                0x06029034                __movstrSI44
                0x06029038                __movstrSI40
                0x0602903c                __movstrSI36
                0x06029070                __movstr
                0x06029028                __movstrSI56
                0x06029044                __movstrSI28
                0x06029040                __movstrSI32
                0x06029054                __movstrSI12
                0x06029058                __movstrSI8
                0x06029060                __movstrSI0
                0x06029048                __movstrSI24
                0x0602904c                __movstrSI20
                0x0602905c                __movstrSI4
 .text          0x060290c0       0xa0 c:/saturn/SH_COFF/sh-coff/bin/../lib/gcc/sh-coff/3.4-GNUSH_v0501\libgcc.a(__main.o)
                0x06029134                __main
                0x060290c0                __do_global_dtors
                0x060290f4                __do_global_ctors
 .text          0x06029160       0x70 c:/saturn/SH_COFF/sh-coff/bin/../lib/gcc/sh-coff/3.4-GNUSH_v0501\libgcc.a(_udivsi3.o)
                0x06029182                __udivsi3
 .text          0x060291d0       0x60 c:/saturn/SH_COFF/sh-coff/bin/../lib/gcc/sh-coff/3.4-GNUSH_v0501\libgcc.a(_ashiftrt.o)
                0x060291dc                __ashiftrt_r4_27
                0x06029210                __ashiftrt_r4_6
                0x06029200                __ashiftrt_r4_14
                0x060291f2                __ashiftrt_r4_19
                0x0602920a                __ashiftrt_r4_9
                0x0602921e                __ashiftrt_r4_0
                0x060291d0                __ashiftrt_r4_31
                0x060291de                __ashiftrt_r4_26
                0x060291ec                __ashiftrt_r4_22
                0x060291f8                __ashiftrt_r4_16
                0x06029204                __ashiftrt_r4_12
                0x060291d8                __ashiftrt_r4_29
                0x060291f6                __ashiftrt_r4_17
                0x060291d6                __ashiftrt_r4_30
                0x06029212                __ashiftrt_r4_5
                0x0602920c                __ashiftrt_r4_8
                0x060291d0                __ashiftrt_r4_32
                0x060291e0                __ashiftrt_r4_25
                0x06029218                __ashiftrt_r4_2
                0x060291e2                __ashiftrt_r4_24
                0x060291fe                __ashiftrt_r4_15
                0x06029208                __ashiftrt_r4_10
                0x0602921a                __ashiftrt_r4_1
                0x060291da                __ashiftrt_r4_28
                0x060291f0                __ashiftrt_r4_20
                0x0602920e                __ashiftrt_r4_7
                0x06029202                __ashiftrt_r4_13
                0x06029206                __ashiftrt_r4_11
                0x06029214                __ashiftrt_r4_4
                0x060291ea                __ashiftrt_r4_23
                0x060291f4                __ashiftrt_r4_18
                0x060291ee                __ashiftrt_r4_21
                0x06029216                __ashiftrt_r4_3
 .text          0x06029230       0xb0 c:/saturn/SH_COFF/sh-coff/bin/../lib/gcc/sh-coff/3.4-GNUSH_v0501\libgcc.a(_si_to_df.o)
                0x06029230                __floatsidf
 .text          0x060292e0      0x2e0 c:/saturn/SH_COFF/sh-coff/bin/../lib/gcc/sh-coff/3.4-GNUSH_v0501\libgcc.a(_mul_df.o)
                0x060292f0                __muldf3
 .text          0x060295c0       0x80 c:/saturn/SH_COFF/sh-coff/bin/../lib/gcc/sh-coff/3.4-GNUSH_v0501\libgcc.a(_df_to_si.o)
                0x060295c0                __fixdfsi
 .text          0x06029640      0x220 c:/saturn/SH_COFF/sh-coff/bin/../lib/gcc/sh-coff/3.4-GNUSH_v0501\libgcc.a(_pack_df.o)
                0x06029650                __pack_d
 .text          0x06029860      0x120 c:/saturn/SH_COFF/sh-coff/bin/../lib/gcc/sh-coff/3.4-GNUSH_v0501\libgcc.a(_unpack_df.o)
                0x06029870                __unpack_d
 .text          0x06029980       0x20 c:/saturn/SH_COFF/sh-coff/bin/../lib/gcc/sh-coff/3.4-GNUSH_v0501\libgcc.a(_thenan_df.o)
                0x06029980                __thenan_df
 .text          0x060299a0       0xd0 c:/saturn/SH_COFF/sh-coff/bin/../lib/gcc/sh-coff/3.4-GNUSH_v0501\libgcc.a(_muldi3.o)
                0x060299a0                __muldi3
 .text          0x06029a70       0x80 c:/saturn/SH_COFF/sh-coff/bin/../lib/gcc/sh-coff/3.4-GNUSH_v0501\libgcc.a(_lshrdi3.o)
                0x06029a70                __lshrdi3
 .text          0x06029af0       0x80 c:/saturn/SH_COFF/sh-coff/bin/../lib/gcc/sh-coff/3.4-GNUSH_v0501\libgcc.a(_ashldi3.o)
                0x06029af0                __ashldi3
 .text          0x06029b70       0x30 c:/saturn/SH_COFF/sh-coff/bin/../lib/gcc/sh-coff/3.4-GNUSH_v0501\libgcc.a(_mulsi3.o)
                0x06029b70                __mulsi3
 .text          0x06029ba0       0x90 c:/saturn/SH_COFF/sh-coff/bin/../lib/gcc/sh-coff/3.4-GNUSH_v0501\libgcc.a(_lshiftrt.o)
                0x06029ba0                __lshrsi3
 .text          0x06029c30       0xa0 c:/saturn/SH_COFF/sh-coff/bin/../lib/gcc/sh-coff/3.4-GNUSH_v0501/../../../../sh-coff/lib\libc.a(memcpy.o)
                0x06029c30                memcpy
 .text          0x06029cd0       0x40 c:/saturn/SH_COFF/sh-coff/bin/../lib/gcc/sh-coff/3.4-GNUSH_v0501/../../../../sh-coff/lib\libc.a(memset.o)
                0x06029cd0                memset
 .text          0x06029d10       0x90 c:/saturn/SH_COFF/sh-coff/bin/../lib/gcc/sh-coff/3.4-GNUSH_v0501/../../../../sh-coff/lib\libc.a(atexit.o)
                0x06029d10                atexit
 .text          0x06029da0       0x10 c:/saturn/SH_COFF/sh-coff/bin/../lib/gcc/sh-coff/3.4-GNUSH_v0501/../../../../sh-coff/lib\libc.a(impure.o)
                0x06029da0                _global_impure_ptr
 .text          0x06029db0       0x40 c:/saturn/SH_COFF/sh-coff/bin/../lib/gcc/sh-coff/3.4-GNUSH_v0501/../../../../sh-coff/lib\libc.a(malloc.o)
                0x06029dcc                free
                0x06029db0                malloc
 .text          0x06029df0      0x5b0 c:/saturn/SH_COFF/sh-coff/bin/../lib/gcc/sh-coff/3.4-GNUSH_v0501/../../../../sh-coff/lib\libc.a(mallocr.o)
                0x06029df0                _malloc_r
 .text          0x0602a3a0      0x340 c:/saturn/SH_COFF/sh-coff/bin/../lib/gcc/sh-coff/3.4-GNUSH_v0501/../../../../sh-coff/lib\libc.a(freer.o)
                0x0602a3a0                _malloc_trim_r
                0x0602a494                _free_r
 .text          0x0602a6e0       0x20 c:/saturn/SH_COFF/sh-coff/bin/../lib/gcc/sh-coff/3.4-GNUSH_v0501/../../../../sh-coff/lib\libc.a(mlock.o)
                0x0602a6e0                __malloc_lock
                0x0602a6ec                __malloc_unlock
 .text          0x0602a700       0x50 c:/saturn/SH_COFF/sh-coff/bin/../lib/gcc/sh-coff/3.4-GNUSH_v0501/../../../../sh-coff/lib\libc.a(sbrkr.o)
                0x0602a700                _sbrk_r
 .text          0x0602a750      0x380 c:/saturn/SH_COFF/sh-coff/bin/../lib/gcc/sh-coff/3.4-GNUSH_v0501/../../../../sh-coff/lib\libc.a(syscalls.o)
                0x0602a8bc                _exit
                0x0602a8f0                _getpid
                0x0602a958                _utime
                0x0602a788                _write
                0x0602a750                _read
                0x0602a8a4                _unlink
                0x0602a86c                _open
                0x0602a908                _stat
                0x0602a8b0                isatty
                0x0602a988                _wait
                0x0602a8d4                _kill
                0x0602a924                _chmod
                0x0602a9b8                _execv
                0x0602a99c                _execve
                0x0602aa94                __setup_argv_and_call_main
                0x0602a9f0                _gettimeofday
                0x0602a7bc                _link
                0x0602a8fc                _raise
                0x0602a888                _creat
                0x0602a9d0                _pipe
                0x0602a93c                _chown
                0x0602a76c                _lseek
                0x0602a7a4                _close
                0x0602a9e4                _times
                0x0602a858                _fstat
                0x0602a974                _fork
                0x0602a7e4                _sbrk
 .text          0x0602aad0       0x20 c:/saturn/SH_COFF/sh-coff/bin/../lib/gcc/sh-coff/3.4-GNUSH_v0501/../../../../sh-coff/lib\libc.a(trap.o)
                0x0602aad0                __trap34
 .text          0x0602aaf0       0x20 c:/saturn/SH_COFF/sh-coff/bin/../lib/gcc/sh-coff/3.4-GNUSH_v0501/../../../../sh-coff/lib\libc.a(abort.o)
                0x0602aaf0                abort
 .text          0x0602ab10      0x270 c:/saturn/SH_COFF/sh-coff/bin/../lib/gcc/sh-coff/3.4-GNUSH_v0501/../../../../sh-coff/lib\libc.a(signal.o)
                0x0602abd0                _raise_r
                0x0602ad58                __sigtramp
                0x0602ad04                raise
                0x0602ad40                _init_signal
                0x0602ac90                __sigtramp_r
                0x0602ad20                signal
                0x0602ab5c                _signal_r
                0x0602ab10                _init_signal_r
 .text          0x0602ad80       0x60 c:/saturn/SH_COFF/sh-coff/bin/../lib/gcc/sh-coff/3.4-GNUSH_v0501/../../../../sh-coff/lib\libc.a(signalr.o)
                0x0602adc8                _getpid_r
                0x0602ad80                _kill_r
 *(.strings)

.tors           0x0602ade0        0x0
                0x0602ade0                ___ctors = .
 *(.ctors)
                0x0602ade0                ___ctors_end = .
                0x0602ade0                ___dtors = .
 *(.dtors)
                0x0602ade0                ___dtors_end = .

.data           0x0602ade0     0x1120
                0x0602ade0                STARTOF_R = .
 *(.data)
 .data          0x0602ade0      0x400 ../sbl6/segasmp/per/smpclib/per_x1.o
 .data          0x0602b1e0       0x50 graphics.o
                0x0602b1e0                tiles
 .data          0x0602b230       0x30 sprite.o
 .data          0x0602b260       0x30 scroll.o
                0x0602b260                CycleTb
                0x0602b270                vram
                0x0602b280                tilemaps
 .data          0x0602b290      0x400 ../sbl6/segalib/lib/sega_int.a(int.o)
 .data          0x0602b690       0x1c ../sbl6/segalib/lib/sega_spr.a(spr_slv.o)
                0x0602b698                SPR_SlaveParam
                0x0602b6a8                SPR_SMPC_SF
                0x0602b6a0                SPR_SMPC_COM
                0x0602b69c                SPR_SlaveSHEntry
                0x0602b694                SPR_SlaveState
                0x0602b690                SPR_SlaveCommand
                0x0602b6a4                SPR_SMPC_RET
 *fill*         0x0602b6ac        0x4 00
 .data          0x0602b6b0       0x34 ../sbl6/segalib/lib/sega_spr.a(spr_1c.o)
                0x0602b6b0                SpInitialFlag
 *fill*         0x0602b6e4        0xc 00
 .data          0x0602b6f0       0x1c ../sbl6/segalib/lib/sega_scl.a(scl_vblv.o)
                0x0602b6f8                VBInterval
                0x0602b700                ReqDisplayFlag
                0x0602b6f0                SpFrameChgMode
                0x0602b6fc                VBIntervalCounter
                0x0602b6f4                SpFrameEraseMode
 *fill*         0x0602b70c        0x4 00
 .data          0x0602b710       0x36 ../sbl6/segalib/lib/sega_scl.a(scl_func.o)
                0x0602b720                SclRotregBuff
                0x0602b71c                SclDisplayY
                0x0602b724                SclRotateTableMode
                0x0602b718                SclProcess
                0x0602b714                SclCurSclNum
                0x0602b710                SclLengthLsTbl
                0x0602b71a                SclDisplayX
                0x0602b712                SclLengthCsTbl
 *fill*         0x0602b746        0xa 00
 .data          0x0602b750       0x18 ../sbl6/segalib/lib/sega_scl.a(scl_pri.o)
                0x0602b754                SclRealSpPriNum
                0x0602b764                SclRealColOffset
                0x0602b760                SclRealBgColMix
                0x0602b75c                SclRealSpColMix
                0x0602b758                SclRealBgPriNum
                0x0602b750                SclRealOtherPri
 *fill*         0x0602b768        0x8 00
 .data          0x0602b770      0x380 c:/saturn/SH_COFF/sh-coff/bin/../lib/gcc/sh-coff/3.4-GNUSH_v0501/../../../../sh-coff/lib\libc.a(impure.o)
                0x0602baec                _impure_ptr
 .data          0x0602baf0      0x410 c:/saturn/SH_COFF/sh-coff/bin/../lib/gcc/sh-coff/3.4-GNUSH_v0501/../../../../sh-coff/lib\libc.a(mallocr.o)
                0x0602baf8                __malloc_av_
                0x0602baf4                __malloc_trim_threshold
                0x0602baf0                __malloc_sbrk_base
                0x0602bf00                SIZEOF_R = (. - STARTOF_R)
                0x0602bf00                ENDOF_R = .

.bss            0x0602bf00     0x73e4
                0x0602bf00                STARTOF_B = .
 *(.bss)
 .bss           0x0602bf00       0x10 vblank.o
                0x0602bf04                PadData2E
                0x0602bf0a                PadData1
                0x0602bf06                PadData2
                0x0602bf08                PadData1E
                0x0602bf00                __port
 .bss           0x0602bf10       0xd0 ../sbl6/segasmp/per/smpclib/per_x2.o
 .bss           0x0602bfe0       0x10 player.o
                0x0602bfe0                anim_cursor
 .bss           0x0602bff0     0x3440 sprite.o
                0x0602bff0                num_sprites
 .bss           0x0602f430       0x70 scroll.o
                0x0602f458                map_tiles_x
                0x0602f468                scrolls_y
                0x0602f430                scroll_transition_state
                0x0602f448                map_tiles_y
                0x0602f438                copy_modes
                0x0602f478                scrolls_x
                0x0602f434                curr_map
 .bss           0x0602f4a0       0x6e ../sbl6/segalib/lib/sega_spr.a(spr_2c.o)
 *fill*         0x0602f50e        0x2 00
 .bss           0x0602f510        0x4 ../sbl6/segalib/lib/sega_scl.a(scl_vblv.o)
 *fill*         0x0602f514        0xc 00
 .bss           0x0602f520        0x4 ../sbl6/segalib/lib/sega_scl.a(scl_func.o)
 *fill*         0x0602f524        0xc 00
 .bss           0x0602f530       0x48 ../sbl6/segalib/lib/sega_scl.a(scl_ro00.o)
 *fill*         0x0602f578        0x8 00
 .bss           0x0602f580       0x9c ../sbl6/segalib/lib/sega_per.a(per_prt.o)
 *fill*         0x0602f61c        0x4 00
 .bss           0x0602f620        0xc ../sbl6/segalib/lib/sega_sat.a(DMA_SCU1.o)
 *fill*         0x0602f62c        0x4 00
 .bss           0x0602f630       0x20 ../sbl6/segalib/lib/sega_sat.a(DMA_SCU0.o)
 .bss           0x0602f650       0x10 c:/saturn/SH_COFF/sh-coff/bin/../lib/gcc/sh-coff/3.4-GNUSH_v0501\libgcc.a(__main.o)
 .bss           0x0602f660       0x10 c:/saturn/SH_COFF/sh-coff/bin/../lib/gcc/sh-coff/3.4-GNUSH_v0501/../../../../sh-coff/lib\libc.a(atexit.o)
 .bss           0x0602f670       0x40 c:/saturn/SH_COFF/sh-coff/bin/../lib/gcc/sh-coff/3.4-GNUSH_v0501/../../../../sh-coff/lib\libc.a(mallocr.o)
                0x0602f6a0                __malloc_top_pad
                0x0602f670                __malloc_current_mallinfo
                0x0602f69c                __malloc_max_sbrked_mem
                0x0602f698                __malloc_max_total_mem
 .bss           0x0602f6b0       0x10 c:/saturn/SH_COFF/sh-coff/bin/../lib/gcc/sh-coff/3.4-GNUSH_v0501/../../../../sh-coff/lib\libc.a(syscalls.o)
 *(COMMON)
 COMMON         0x0602f6c0       0x24 player.o
                                  0x0 (size before relaxing)
                0x0602f6c0                player
 *fill*         0x0602f6e4        0xc 00
 COMMON         0x0602f6f0     0x2080 print.o
                                  0x0 (size before relaxing)
                0x0602f6f0                sprites
                0x06031310                text
 COMMON         0x06031770      0x12c scroll.o
                                  0x0 (size before relaxing)
                0x06031770                scfg0
                0x06031800                maps
                0x06031810                scfg1
 *fill*         0x0603189c        0x4 00
 COMMON         0x060318a0      0x400 ../sbl6/segalib/lib/sega_int.a(int.o)
                                  0x0 (size before relaxing)
                0x060318a0                __interrupt_vector
 COMMON         0x06031ca0       0x50 ../sbl6/segalib/lib/sega_spr.a(spr_2c.o)
                                  0x0 (size before relaxing)
                0x06031ca0                SpMstCmd
                0x06031ca4                Sp2OpenFlag
                0x06031ca8                SpGourTblMax
                0x06031cac                SpDrawPrtyBlk
                0x06031cb0                SpLCoordX
                0x06031cb4                SpMstDrawPrtyBlk
                0x06031cb8                SpGourTbl
                0x06031cbc                SpLookupTblR
                0x06031cc0                SpCmdTbl
                0x06031cc4                SpCharMax
                0x06031cc8                SpDrawPrtyProcFlag
                0x06031ccc                SpCmdNo
                0x06031cd0                SpDrawPrtyBlkMax
                0x06031cd4                SpSlvCmdPos
                0x06031cd8                SpSlvDrawPrtyBlk
                0x06031cdc                SpCharTbl
                0x06031ce0                SpCmdTblR
                0x06031ce4                SpMstCmdPos
                0x06031ce8                SpSlvCmd
                0x06031cec                SpLCoordY
 COMMON         0x06031cf0       0x10 ../sbl6/segalib/lib/sega_spr.a(spr_1c.o)
                                  0x0 (size before relaxing)
                0x06031cf0                SpScreenY
                0x06031cf4                SpFbcrMode
                0x06031cf6                SpDil
                0x06031cf8                SpDie
                0x06031cfa                SpTvMode
                0x06031cfc                SpScreenX
 COMMON         0x06031d00      0xf00 ../sbl6/segalib/lib/sega_scl.a(scl_func.o)
                                  0x0 (size before relaxing)
                0x06031d00                SclRbgKtbAddr
                0x06031d08                SclRb
                0x06031d0a                Scl_flag
                0x06031d10                SclK_TableBuff
                0x060329e0                SclAddrCsTbl
                0x060329f0                Scl_s_reg
                0x06032a18                SclRotateXy
                0x06032a20                Scl_d_reg
                0x06032a68                SclRotateDisp
                0x06032a70                SclRotateMoveZ
                0x06032a78                SclRotXySw
                0x06032a80                Scl_r_reg
                0x06032a90                SclRPMD
                0x06032a98                SclRbgKtbOffset
                0x06032aa0                _SclRotregBuff
                0x06032b70                SclRa
                0x06032b78                SclRotateZ
                0x06032b80                SclAddrLsTbl
                0x06032b88                SclK_TableNum
                0x06032b90                SclRotateTableAddress
                0x06032b94                SclK_TableFlag
                0x06032ba0                Scl_w_reg
                0x06032bc0                Scl_n_reg
 COMMON         0x06032c00      0x6b0 ../sbl6/segalib/lib/sega_scl.a(scl_pri.o)
                                  0x0 (size before relaxing)
                0x06032c00                SclAutoEndBlue2
                0x06032c10                SclColOffset
                0x06032c20                SclPriBuffDirty
                0x06032c22                SclAutoEndRed
                0x06032c24                SclAutoSurface
                0x06032c28                SclAutoGreen
                0x06032c2a                SclAutoEndGreen
                0x06032c2c                SclAutoCount
                0x06032c30                SclColRamAlloc256
                0x06032c50                SclAutoCurRate
                0x06032c51                SclAutoPlusFlag
                0x06032c58                SclSpColMix
                0x06032c60                SclAutoMax
                0x06032c64                SclLineColRamOffset
                0x06032c68                SclColRamAlloc2048
                0x06032c6c                SclBgPriNum
                0x06032c72                SclAutoEndBlue
                0x06032c74                SclAutoEndGreen2
                0x06032c76                SclAutoVeFlag
                0x06032c78                SclBgColMix
                0x06032c80                SclAutoIndex
                0x06032c84                SclAutoEndRate
                0x06032c86                SclAutoBlue
                0x06032c88                SclAutoRed
                0x06032c8c                SclAutoInterval
                0x06032c90                SclOtherPri
                0x06032ca0                SclAutoRGB
                0x060332a0                SclAutoEndRed2
                0x060332a8                SclSpPriNum
 COMMON         0x060332b0       0x10 ../sbl6/segalib/lib/sega_scl.a(scl_ro00.o)
                                  0x0 (size before relaxing)
                0x060332b0                SclCsx
                0x060332b8                SclCsy
 COMMON         0x060332c0       0x15 ../sbl6/segalib/lib/sega_per.a(per_prt.o)
                                  0x0 (size before relaxing)
                0x060332c0                per_get_time_flg
                0x060332c1                per_hot_res
                0x060332c2                per_set_sys_flg
                0x060332c4                per_get_time_adr
                0x060332c8                per_get_sys_data
                0x060332d4                per_time_out_flg
 *fill*         0x060332d5        0xb 00
 COMMON         0x060332e0        0x4 c:/saturn/SH_COFF/sh-coff/bin/../lib/gcc/sh-coff/3.4-GNUSH_v0501/../../../../sh-coff/lib\libc.a(syscalls.o)
                                  0x0 (size before relaxing)
                0x060332e0                errno
                0x060332e4                SIZEOF_B = (. - STARTOF_B)
                0x060332e4                ENDOF_B = .
                0x060332e4                _end = .
OUTPUT(main.cof coff-sh)

.comment        0x060332f0      0x400
 .comment       0x060332f0       0x20 ../sbl6/segasmp/lib/strt2_g.o
 .comment       0x06033310       0x20 vblank.o
 .comment       0x06033330       0x20 ../sbl6/segasmp/per/smpclib/per_x1.o
 .comment       0x06033350       0x20 ../sbl6/segasmp/per/smpclib/per_x2.o
 .comment       0x06033370       0x20 collision.o
 .comment       0x06033390       0x20 graphics.o
 .comment       0x060333b0       0x20 player.o
 .comment       0x060333d0       0x20 print.o
 .comment       0x060333f0       0x20 sprite.o
 .comment       0x06033410       0x20 scroll.o
 .comment       0x06033430       0x20 main.o
 .comment       0x06033450       0x20 c:/saturn/SH_COFF/sh-coff/bin/../lib/gcc/sh-coff/3.4-GNUSH_v0501\libgcc.a(__main.o)
 .comment       0x06033470       0x20 c:/saturn/SH_COFF/sh-coff/bin/../lib/gcc/sh-coff/3.4-GNUSH_v0501\libgcc.a(_si_to_df.o)
 .comment       0x06033490       0x20 c:/saturn/SH_COFF/sh-coff/bin/../lib/gcc/sh-coff/3.4-GNUSH_v0501\libgcc.a(_mul_df.o)
 .comment       0x060334b0       0x20 c:/saturn/SH_COFF/sh-coff/bin/../lib/gcc/sh-coff/3.4-GNUSH_v0501\libgcc.a(_df_to_si.o)
 .comment       0x060334d0       0x20 c:/saturn/SH_COFF/sh-coff/bin/../lib/gcc/sh-coff/3.4-GNUSH_v0501\libgcc.a(_pack_df.o)
 .comment       0x060334f0       0x20 c:/saturn/SH_COFF/sh-coff/bin/../lib/gcc/sh-coff/3.4-GNUSH_v0501\libgcc.a(_unpack_df.o)
 .comment       0x06033510       0x20 c:/saturn/SH_COFF/sh-coff/bin/../lib/gcc/sh-coff/3.4-GNUSH_v0501\libgcc.a(_thenan_df.o)
 .comment       0x06033530       0x20 c:/saturn/SH_COFF/sh-coff/bin/../lib/gcc/sh-coff/3.4-GNUSH_v0501\libgcc.a(_muldi3.o)
 .comment       0x06033550       0x20 c:/saturn/SH_COFF/sh-coff/bin/../lib/gcc/sh-coff/3.4-GNUSH_v0501\libgcc.a(_lshrdi3.o)
 .comment       0x06033570       0x20 c:/saturn/SH_COFF/sh-coff/bin/../lib/gcc/sh-coff/3.4-GNUSH_v0501\libgcc.a(_ashldi3.o)
 .comment       0x06033590       0x20 c:/saturn/SH_COFF/sh-coff/bin/../lib/gcc/sh-coff/3.4-GNUSH_v0501/../../../../sh-coff/lib\libc.a(atexit.o)
 .comment       0x060335b0       0x20 c:/saturn/SH_COFF/sh-coff/bin/../lib/gcc/sh-coff/3.4-GNUSH_v0501/../../../../sh-coff/lib\libc.a(impure.o)
 .comment       0x060335d0       0x20 c:/saturn/SH_COFF/sh-coff/bin/../lib/gcc/sh-coff/3.4-GNUSH_v0501/../../../../sh-coff/lib\libc.a(malloc.o)
 .comment       0x060335f0       0x20 c:/saturn/SH_COFF/sh-coff/bin/../lib/gcc/sh-coff/3.4-GNUSH_v0501/../../../../sh-coff/lib\libc.a(mallocr.o)
 .comment       0x06033610       0x20 c:/saturn/SH_COFF/sh-coff/bin/../lib/gcc/sh-coff/3.4-GNUSH_v0501/../../../../sh-coff/lib\libc.a(freer.o)
 .comment       0x06033630       0x20 c:/saturn/SH_COFF/sh-coff/bin/../lib/gcc/sh-coff/3.4-GNUSH_v0501/../../../../sh-coff/lib\libc.a(mlock.o)
 .comment       0x06033650       0x20 c:/saturn/SH_COFF/sh-coff/bin/../lib/gcc/sh-coff/3.4-GNUSH_v0501/../../../../sh-coff/lib\libc.a(sbrkr.o)
 .comment       0x06033670       0x20 c:/saturn/SH_COFF/sh-coff/bin/../lib/gcc/sh-coff/3.4-GNUSH_v0501/../../../../sh-coff/lib\libc.a(syscalls.o)
 .comment       0x06033690       0x20 c:/saturn/SH_COFF/sh-coff/bin/../lib/gcc/sh-coff/3.4-GNUSH_v0501/../../../../sh-coff/lib\libc.a(abort.o)
 .comment       0x060336b0       0x20 c:/saturn/SH_COFF/sh-coff/bin/../lib/gcc/sh-coff/3.4-GNUSH_v0501/../../../../sh-coff/lib\libc.a(signal.o)
 .comment       0x060336d0       0x20 c:/saturn/SH_COFF/sh-coff/bin/../lib/gcc/sh-coff/3.4-GNUSH_v0501/../../../../sh-coff/lib\libc.a(signalr.o)
