Archive member included because of file (symbol)

../sbl6/segalib/lib/sega_int.a(int.o)
                              vblank.o (INT_SetScuFunc)
../sbl6/segalib/lib/sega_int.a(int_trmp.o)
                              ../sbl6/segalib/lib/sega_int.a(int.o) (__interrupt_handler0)
../sbl6/segalib/lib/sega_spr.a(spr_2c.o)
                              sprite.o (SPR_2Initial)
../sbl6/segalib/lib/sega_spr.a(spr_slv.o)
                              ../sbl6/segalib/lib/sega_spr.a(spr_2c.o) (SPR_InitSlaveSH)
../sbl6/segalib/lib/sega_spr.a(spr_1c.o)
                              ../sbl6/segalib/lib/sega_spr.a(spr_2c.o) (SPR_Initial)
../sbl6/segalib/lib/sega_spr.a(spr_2a.o)
                              ../sbl6/segalib/lib/sega_spr.a(spr_2c.o) (SPR_2SetDrawPrty)
../sbl6/segalib/lib/sega_scl.a(scl_vblv.o)
                              ../sbl6/segalib/lib/sega_spr.a(spr_1c.o) (SpFrameChgMode)
../sbl6/segalib/lib/sega_scl.a(scl_func.o)
                              sprite.o (SCL_Vdp2Init)
../sbl6/segalib/lib/sega_scl.a(scl_pr03.o)
                              sprite.o (SCL_AllocColRam)
../sbl6/segalib/lib/sega_scl.a(scl_pr02.o)
                              sprite.o (SCL_SetColRam)
../sbl6/segalib/lib/sega_scl.a(scl_back.o)
                              scroll.o (SCL_SetBack)
../sbl6/segalib/lib/sega_scl.a(scl_fu03.o)
                              scroll.o (SCL_InitConfigTb)
../sbl6/segalib/lib/sega_scl.a(scl_fu02.o)
                              scroll.o (SCL_InitVramConfigTb)
../sbl6/segalib/lib/sega_scl.a(scl_fu04.o)
                              scroll.o (SCL_SetCycleTable)
../sbl6/segalib/lib/sega_scl.a(scl_pr07.o)
                              scroll.o (SCL_SetPriority)
../sbl6/segalib/lib/sega_scl.a(scl_pr01.o)
                              main.o (SCL_SetSpriteMode)
../sbl6/segalib/lib/sega_scl.a(scl_pri.o)
                              ../sbl6/segalib/lib/sega_scl.a(scl_func.o) (SclRealOtherPri)
../sbl6/segalib/lib/sega_scl.a(scl_ro00.o)
                              ../sbl6/segalib/lib/sega_scl.a(scl_func.o) (SCL_Rotate)
../sbl6/segalib/lib/sega_scl.a(scl_pr06.o)
                              ../sbl6/segalib/lib/sega_scl.a(scl_pr03.o) (SCL_SetColRamOffset)
../sbl6/segalib/lib/sega_scl.a(scl_pr05.o)
                              ../sbl6/segalib/lib/sega_scl.a(scl_pr02.o) (SCL_GetColRamOffset)
../sbl6/segalib/lib/sega_mth.a(mth_fixd.o)
                              sprite.o (MTH_Mul)
../sbl6/segalib/lib/sega_mth.a(mth_tri.o)
                              sprite.o (MTH_Sin)
../sbl6/segalib/lib/sega_per.a(per_prt.o)
                              ../sbl6/segasmp/per/smpclib/per_x2.o (PER_LInit)
../sbl6/segalib/lib/sega_sat.a(gfs.o)
                              cd.o (GFS_Init)
../sbl6/segalib/lib/sega_sat.a(DMA_SCU1.o)
                              ../sbl6/segalib/lib/sega_spr.a(spr_2c.o) (DMA_ScuMemCopy)
../sbl6/segalib/lib/sega_sat.a(gfs_cdf.o)
                              ../sbl6/segalib/lib/sega_sat.a(gfs.o) (GFCF_Init)
../sbl6/segalib/lib/sega_sat.a(gfs_dir.o)
                              ../sbl6/segalib/lib/sega_sat.a(gfs.o) (GFDR_SetupDirTbl)
../sbl6/segalib/lib/sega_sat.a(gfs_trn.o)
                              ../sbl6/segalib/lib/sega_sat.a(gfs.o) (GFTR_Setup)
../sbl6/segalib/lib/sega_sat.a(gfs_buf.o)
                              ../sbl6/segalib/lib/sega_sat.a(gfs.o) (GFBF_GetNumData)
../sbl6/segalib/lib/sega_sat.a(gfs_cdb.o)
                              ../sbl6/segalib/lib/sega_sat.a(gfs_cdf.o) (GFCB_Setup)
../sbl6/segalib/lib/sega_sat.a(gfs_cdc.o)
                              ../sbl6/segalib/lib/sega_sat.a(gfs.o) (GFCD_SetCdbfs)
../sbl6/segalib/lib/sega_sat.a(DMA_SCU0.o)
                              ../sbl6/segalib/lib/sega_sat.a(DMA_SCU1.o) (DMA_ScuSetPrm)
../sbl6/segalib/lib/sega_sat.a(csh_main.o)
                              ../sbl6/segalib/lib/sega_sat.a(DMA_SCU1.o) (CSH_Purge)
../sbl6/segalib/lib/sega_sat.a(DMA_CPU0.o)
                              ../sbl6/segalib/lib/sega_sat.a(gfs_trn.o) (DMA_CpuSetComPrm)
../sbl6/segalib/lib/sega_sat.a(cdc_reg.o)
                              ../sbl6/segalib/lib/sega_sat.a(gfs_cdb.o) (CDC_GetDataPtr)
../sbl6/segalib/lib/sega_sat.a(cdc_cfs.o)
                              ../sbl6/segalib/lib/sega_sat.a(gfs_cdc.o) (CDC_ChgDir)
../sbl6/segalib/lib/sega_sat.a(cdc_cmn.o)
                              ../sbl6/segalib/lib/sega_sat.a(gfs_cdc.o) (CDC_GetCurStat)
../sbl6/segalib/lib/sega_sat.a(cdc_bio.o)
                              ../sbl6/segalib/lib/sega_sat.a(gfs_cdc.o) (CDC_SetSctLen)
../sbl6/segalib/lib/sega_sat.a(cdc_sel.o)
                              ../sbl6/segalib/lib/sega_sat.a(gfs_cdc.o) (CDC_SetFiltRange)
../sbl6/segalib/lib/sega_sat.a(cdc_drv.o)
                              ../sbl6/segalib/lib/sega_sat.a(gfs_cdc.o) (CDC_CdPlay)
../sbl6/segalib/lib/sega_sat.a(cdc_bif.o)
                              ../sbl6/segalib/lib/sega_sat.a(gfs_cdc.o) (CDC_GetBufSiz)
../sbl6/segalib/lib/sega_sat.a(cdc_dev.o)
[...]
Memory Configuration

Name             Origin             Length             Attributes
*default*        0x00000000         0xffffffff

Linker script and memory map

LOAD ../sbl6/segasmp/lib/strt1_g.o
LOAD ../sbl6/segasmp/lib/strt2_g.o
LOAD vblank.o
LOAD ../sbl6/segasmp/per/smpclib/per_x1.o
LOAD ../sbl6/segasmp/per/smpclib/per_x2.o
LOAD ../sbl6/segasmp/per/smpclib/per_x3.o
LOAD blocks.o
LOAD cd.o
LOAD collision.o
LOAD graphics.o
LOAD player.o
LOAD print.o
LOAD sprite.o
LOAD scroll.o
LOAD main.o
LOAD ../sbl6/segalib/lib/sega_int.a
LOAD ../sbl6/segalib/lib/sega_spr.a
LOAD ../sbl6/segalib/lib/sega_scl.a
LOAD ../sbl6/segalib/lib/sega_mth.a
LOAD ../sbl6/segalib/lib/sega_cdc.a
LOAD ../sbl6/segalib/lib/sega_adp.a
LOAD ../sbl6/segalib/lib/sega_per.a
LOAD ../sbl6/segalib/lib/sega_sat.a
LOAD C:/saturn/SH_COFF/sh-coff/bin/../lib/gcc/sh-coff/3.4-GNUSH_v0501\libgcc.a
LOAD C:/saturn/SH_COFF/sh-coff/bin/../lib/gcc/sh-coff/3.4-GNUSH_v0501/../../../../sh-coff/lib\libc.a
LOAD C:/saturn/SH_COFF/sh-coff/bin/../lib/gcc/sh-coff/3.4-GNUSH_v0501\libgcc.a

.text           0x06010000    0x139a0
 *(.text)
 .text          0x06010000       0x30 ../sbl6/segasmp/lib/strt1_g.o
                0x06010024                _D_END
                0x06010020                _D_BGN
                0x0601002c                _B_END
                0x06010028                _B_BGN
                0x06010000                START
 .text          0x06010030       0x60 ../sbl6/segasmp/lib/strt2_g.o
                0x06010050                _INITSCT
                0x06010030                _INIT
 .text          0x06010090      0x180 vblank.o
                0x06010090                SetVblank
                0x06010110                UsrVblankOut
                0x060100f0                UsrVblankIn
 .text          0x06010210      0x430 ../sbl6/segasmp/per/smpclib/per_x1.o
                0x060105a4                PER_GetAnalogXYZ
                0x06010234                PER_GetTriggerHandler
                0x060104ce                PER_GetEdge
                0x0601044c                PER_GetTrigger
                0x060104f8                PER_GetPressEdge
                0x0601054c                PER_GetReleaseEdge
                0x06010210                PER_SetTriggerHandler
 .text          0x06010640      0x200 ../sbl6/segasmp/per/smpclib/per_x2.o
                0x06010744                PER_GetDeviceA
                0x06010640                PER_OpenPort
                0x06010678                PER_GetPort
                0x060107be                PER_GetDeviceR
 .text          0x06010840       0x20 ../sbl6/segasmp/per/smpclib/per_x3.o
                0x06010840                PER_DisguiseTrigger
 .text          0x06010860       0xe0 blocks.o
                0x06010860                block_get
                0x060108c0                block_check
                0x060108f0                block_spike
 .text          0x06010940       0xa0 cd.o
                0x06010940                cd_init
                0x06010970                cd_load
 .text          0x060109e0      0xa00 collision.o
                0x060109e0                collision_check_up
                0x06011230                collision_eject_horiz
                0x060110a0                collision_eject_vert
                0x06010dc0                collision_check
                0x06010c20                collision_check_left
                0x06010cf0                collision_check_right
                0x06011000                collision_spikes
                0x06010b70                collision_check_below
                0x06010a70                collision_check_down
 .text          0x060113e0      0x3f0 player.o
                0x060113e0                player_frames
                0x060114e0                player_input
                0x060113f0                player_init
                0x06011730                player_draw
                0x06011430                player_animate
 .text          0x060117d0      0x170 print.o
                0x060118a0                print_display
                0x06011810                print_num
                0x060117d0                print_init
                0x06011860                print_string
 .text          0x06011940      0x5e0 sprite.o
                0x06011970                sprite_init
                0x06011d50                sprite_make
                0x06011e90                sprite_next
                0x06011ef0                sprite_delete
                0x06011d90                sprite_draw_all
                0x06011940                sprite_deleteall
                0x06011b00                sprite_draw
 .text          0x06011f20      0x6b0 scroll.o
                0x06011f20                scroll_move
                0x06012440                scroll_get
                0x060124a0                scroll_copy
                0x06012070                scroll_set
                0x06012180                scroll_init
                0x060120a0                scroll_scale
 .text          0x060125d0       0xc0 main.o
                0x060125d0                main
 .text          0x06012690       0x40 ../sbl6/segalib/lib/sega_int.a(int.o)
                0x060126bc                INT_GetScuFunc
                0x06012690                INT_SetScuFunc
 .text          0x060126d0      0x624 ../sbl6/segalib/lib/sega_int.a(int_trmp.o)
                0x06012838                __interrupt_handler60
                0x060129e8                __interrupt_handler132
                0x06012b9e                __interrupt_handler205
                0x06012a06                __interrupt_handler137
                0x06012934                __interrupt_handler102
                0x06012772                __interrupt_handler27
                0x06012b74                __interrupt_handler198
                0x06012a66                __interrupt_handler153
                0x0601274e                __interrupt_handler21
                0x0601285c                __interrupt_handler66
                0x0601294c                __interrupt_handler106
                0x06012a96                __interrupt_handler161
                0x060128e0                __interrupt_handler88
                0x06012aae                __interrupt_handler165
                0x060129be                __interrupt_handler125
                0x060126f4                __interrupt_handler6
                0x06012790                __interrupt_handler32
                0x06012b4a                __interrupt_handler191
                0x06012c64                __interrupt_handler238
                0x06012c7c                __interrupt_handler242
                0x06012a84                __interrupt_handler158
                0x060128ec                __interrupt_handler90
                0x06012aa8                __interrupt_handler164
                0x060127cc                __interrupt_handler42
                0x06012b0e                __interrupt_handler181
                0x06012c16                __interrupt_handler225
                0x06012cbe                __interrupt_handler253
                0x06012ad2                __interrupt_handler171
                0x0601288c                __interrupt_handler74
                0x060126e2                __interrupt_handler3
                0x06012826                __interrupt_handler57
                0x06012724                __interrupt_handler14
                0x06012bbc                __interrupt_handler210
                0x06012bec                __interrupt_handler218
                0x06012bb0                __interrupt_handler208
                0x060127b4                __interrupt_handler38
                0x060126d0                __interrupt_handler0
                0x06012940                __interrupt_handler104
                0x06012a7e                __interrupt_handler157
                0x06012bce                __interrupt_handler213
                0x06012ac0                __interrupt_handler168
                0x060128ce                __interrupt_handler85
                0x0601296a                __interrupt_handler111
                0x0601297c                __interrupt_handler114
                0x060127ea                __interrupt_handler47
                0x06012c40                __interrupt_handler232
                0x06012c0a                __interrupt_handler223
                0x06012c5e                __interrupt_handler237
                0x0601284a                __interrupt_handler63
                0x060127d8                __interrupt_handler44
                0x06012aea                __interrupt_handler175
                0x06012b14                __interrupt_handler182
                0x06012b2c                __interrupt_handler186
                0x06012a2a                __interrupt_handler143
                0x06012952                __interrupt_handler107
                0x060129b8                __interrupt_handler124
                0x06012ad8                __interrupt_handler172
                0x06012c8e                __interrupt_handler245
                0x0601290a                __interrupt_handler95
                0x060129e2                __interrupt_handler131
                0x060129f4                __interrupt_handler134
                0x06012a12                __interrupt_handler139
                0x06012880                __interrupt_handler72
                0x06012c3a                __interrupt_handler231
                0x06012a90                __interrupt_handler160
                0x060129d6                __interrupt_handler129
                0x06012748                __interrupt_handler20
                0x06012856                __interrupt_handler65
                0x06012820                __interrupt_handler56
                0x0601271e                __interrupt_handler13
                0x06012bb6                __interrupt_handler209
                0x06012970                __interrupt_handler112
                0x06012742                __interrupt_handler19
                0x060128fe                __interrupt_handler93
                0x06012b68                __interrupt_handler196
                0x06012a5a                __interrupt_handler151
                0x06012aba                __interrupt_handler167
                0x06012cd0                __trampoline
                0x06012736                __interrupt_handler17
                0x06012c28                __interrupt_handler228
                0x06012cca                __interrupt_handler255
                0x06012c88                __interrupt_handler244
                0x06012922                __interrupt_handler99
                0x06012b1a                __interrupt_handler183
                0x06012a18                __interrupt_handler140
                0x06012b3e                __interrupt_handler189
                0x06012a3c                __interrupt_handler146
                0x06012c04                __interrupt_handler222
                0x06012a78                __interrupt_handler156
                0x060129ac                __interrupt_handler122
                0x06012ca0                __interrupt_handler248
                0x060127f0                __interrupt_handler48
                0x0601286e                __interrupt_handler69
                0x06012760                __interrupt_handler24
                0x060128e6                __interrupt_handler89
                0x06012bda                __interrupt_handler215
                0x06012cc4                __interrupt_handler254
                0x060128da                __interrupt_handler87
                0x0601283e                __interrupt_handler61
                0x06012b62                __interrupt_handler195
                0x06012a54                __interrupt_handler150
                0x060127c6                __interrupt_handler41
                0x06012964                __interrupt_handler110
                0x060129ca                __interrupt_handler127
                0x06012958                __interrupt_handler108
                0x06012976                __interrupt_handler113
                0x06012988                __interrupt_handler116
                0x060129a6                __interrupt_handler121
                0x0601289e                __interrupt_handler77
                0x060127ba                __interrupt_handler39
                0x060127d2                __interrupt_handler43
                0x06012ca6                __interrupt_handler249
                0x06012ae4                __interrupt_handler174
                0x06012a00                __interrupt_handler136
                0x06012b38                __interrupt_handler188
                0x06012a36                __interrupt_handler145
                0x06012706                __interrupt_handler9
                0x060128aa                __interrupt_handler79
                0x06012c22                __interrupt_handler227
                0x0601279c                __interrupt_handler34
                0x060129dc                __interrupt_handler130
                0x06012c9a                __interrupt_handler247
                0x06012892                __interrupt_handler75
                0x06012ade                __interrupt_handler173
                0x0601280e                __interrupt_handler53
                0x06012a4e                __interrupt_handler149
                0x06012cb2                __interrupt_handler251
                0x06012c46                __interrupt_handler233
                0x0601270c                __interrupt_handler10
                0x06012b98                __interrupt_handler204
                0x060128bc                __interrupt_handler82
                0x060128c2                __interrupt_handler83
                0x06012766                __interrupt_handler25
                0x06012c82                __interrupt_handler243
                0x06012a9c                __interrupt_handler162
                0x060127e4                __interrupt_handler46
                0x06012afc                __interrupt_handler178
                0x060128b0                __interrupt_handler80
                0x06012844                __interrupt_handler62
                0x060126dc                __interrupt_handler2
                0x0601277e                __interrupt_handler29
                0x06012874                __interrupt_handler70
                0x0601295e                __interrupt_handler109
                0x06012a48                __interrupt_handler148
                0x06012904                __interrupt_handler94
                0x06012c10                __interrupt_handler224
                0x0601293a                __interrupt_handler103
                0x060127a8                __interrupt_handler36
                0x060129c4                __interrupt_handler126
                0x06012c94                __interrupt_handler246
                0x0601281a                __interrupt_handler55
                0x06012718                __interrupt_handler12
                0x06012808                __interrupt_handler52
                0x06012b32                __interrupt_handler187
                0x06012a30                __interrupt_handler144
                0x0601298e                __interrupt_handler117
                0x0601273c                __interrupt_handler18
                0x06012b6e                __interrupt_handler197
                0x06012a60                __interrupt_handler152
                0x06012994                __interrupt_handler118
                0x06012acc                __interrupt_handler170
                0x06012b86                __interrupt_handler201
                0x06012916                __interrupt_handler97
                0x06012aa2                __interrupt_handler163
                0x06012b08                __interrupt_handler180
                0x06012b50                __interrupt_handler192
                0x06012c70                __interrupt_handler240
                0x060129b2                __interrupt_handler123
                0x06012bd4                __interrupt_handler214
                0x0601278a                __interrupt_handler31
                0x06012778                __interrupt_handler28
                0x06012862                __interrupt_handler67
                0x06012868                __interrupt_handler68
                0x06012754                __interrupt_handler22
                0x0601275a                __interrupt_handler23
                0x06012af0                __interrupt_handler176
                0x060126fa                __interrupt_handler7
                0x06012bfe                __interrupt_handler221
                0x06012be6                __interrupt_handler217
                0x06012c2e                __interrupt_handler229
                0x060127f6                __interrupt_handler49
                0x060126e8                __interrupt_handler4
                0x060127c0                __interrupt_handler40
                0x06012982                __interrupt_handler115
                0x06012c52                __interrupt_handler235
                0x060128f2                __interrupt_handler91
                0x06012ba4                __interrupt_handler206
                0x06012af6                __interrupt_handler177
                0x06012a42                __interrupt_handler147
                0x060127ae                __interrupt_handler37
                0x06012cac                __interrupt_handler250
                0x060126d6                __interrupt_handler1
                0x06012bf2                __interrupt_handler219
                0x06012898                __interrupt_handler76
                0x06012928                __interrupt_handler100
                0x0601282c                __interrupt_handler58
                0x0601272a                __interrupt_handler15
                0x06012bc8                __interrupt_handler212
                0x06012c76                __interrupt_handler241
                0x06012b8c                __interrupt_handler202
                0x06012b56                __interrupt_handler193
                0x060128a4                __interrupt_handler78
                0x060127fc                __interrupt_handler50
                0x06012796                __interrupt_handler33
                0x06012ab4                __interrupt_handler166
                0x06012a0c                __interrupt_handler138
                0x060129fa                __interrupt_handler135
                0x06012784                __interrupt_handler30
                0x06012b20                __interrupt_handler184
                0x06012a1e                __interrupt_handler141
                0x06012c34                __interrupt_handler230
                0x06012c58                __interrupt_handler236
                0x0601299a                __interrupt_handler119
                0x060128d4                __interrupt_handler86
                0x06012946                __interrupt_handler105
                0x060128b6                __interrupt_handler81
                0x060129a0                __interrupt_handler120
                0x060129d0                __interrupt_handler128
                0x06012814                __interrupt_handler54
                0x06012712                __interrupt_handler11
                0x06012b7a                __interrupt_handler199
                0x06012a6c                __interrupt_handler154
                0x060127de                __interrupt_handler45
                0x06012be0                __interrupt_handler216
                0x06012b92                __interrupt_handler203
                0x0601292e                __interrupt_handler101
                0x060128c8                __interrupt_handler84
                0x06012b26                __interrupt_handler185
                0x06012a24                __interrupt_handler142
                0x0601276c                __interrupt_handler26
                0x06012850                __interrupt_handler64
                0x06012b80                __interrupt_handler200
                0x06012baa                __interrupt_handler207
                0x06012b5c                __interrupt_handler194
                0x060128f8                __interrupt_handler92
                0x06012a72                __interrupt_handler155
                0x06012bc2                __interrupt_handler211
                0x060129ee                __interrupt_handler133
                0x060126ee                __interrupt_handler5
                0x06012886                __interrupt_handler73
                0x06012730                __interrupt_handler16
                0x06012c6a                __interrupt_handler239
                0x06012c4c                __interrupt_handler234
                0x060127a2                __interrupt_handler35
                0x06012832                __interrupt_handler59
                0x06012ac6                __interrupt_handler169
                0x0601291c                __interrupt_handler98
                0x0601287a                __interrupt_handler71
                0x06012802                __interrupt_handler51
                0x06012a8a                __interrupt_handler159
                0x06012c1c                __interrupt_handler226
                0x06012910                __interrupt_handler96
                0x06012b44                __interrupt_handler190
                0x06012bf8                __interrupt_handler220
                0x06012700                __interrupt_handler8
                0x06012b02                __interrupt_handler179
                0x06012cb8                __interrupt_handler252
 *fill*         0x06012cf4        0xc 00
 .text          0x06012d00     0x12a0 ../sbl6/segalib/lib/sega_spr.a(spr_2c.o)
                0x06013f60                SlaveFlushDrawPrtyBlock
                0x06012d00                SPR_2Initial
                0x06013544                SPR_2SysClip
                0x060134e4                SPR_2LocalCoord
                0x06013ddc                SPR_2FlushDrawPrtyBlock
                0x06013ac8                SPR_2DistSpr
                0x060134cc                SPR_2FlushDrawPrty
                0x06013bec                SPR_2Cmd
                0x060131c8                SPR_2GourTblNoToVram
                0x06013228                SPR_2GetAreaSizeInfo
                0x06012f90                SPR_2SetGourTbl
                0x0601377c                SPR_2Polygon
                0x06013204                SPR_2CharNoToVram
                0x06012f10                SPR_2SetTvMode
                0x0601336c                SPR_2CloseCommand
                0x06012f4c                SPR_2FrameEraseData
                0x06012d28                SPR_2Initial2
                0x0601395c                SPR_2ScaleSpr
                0x060135ec                SPR_2Line
                0x060132b8                SPR_2OpenCommand
                0x06012f2c                SPR_2FrameChgIntr
                0x06013838                SPR_2NormSpr
                0x06012fc0                SPR_2SetLookupTbl
                0x06012ff4                SPR_2SetChar
                0x060131ec                SPR_2LookupTblNoToVram
                0x060136c0                SPR_2PolyLine
                0x06013160                SPR_2ClrAllChar
                0x06013114                SPR_2ClrChar
                0x06013590                SPR_2UserClip
 .text          0x06013fa0      0x1e6 ../sbl6/segalib/lib/sega_spr.a(spr_slv.o)
                0x06014104                SPR_WaitEndSlaveSH
                0x06013fa0                SPR_SMPC_SSHON
                0x060140e0                SPR_RunSlaveSH
                0x06013fa4                SPR_InitSlaveSH
                0x0601406c                SPR_SlaveSHmain
                0x06013fa1                SPR_SMPC_SSHOFF
 *fill*         0x06014186        0xa 00
 .text          0x06014190      0x36a ../sbl6/segalib/lib/sega_spr.a(spr_1c.o)
                0x06014444                SPR_WaitDrawEnd
                0x0601445c                SPR_SetEosMode
                0x06014374                SPR_SetEraseData
                0x06014190                SPR_Initial
                0x06014268                SPR_SetTvMode
                0x06014300                SPR_GetStatus
 *fill*         0x060144fa        0x6 00
 .text          0x06014500      0x244 ../sbl6/segalib/lib/sega_spr.a(spr_2a.o)
                0x06014512                sprMemCpyW
                0x06014570                flushDrawPrtyBlock
                0x06014500                sprMemCpyL
                0x06014524                SPR_2SetDrawPrty
 *fill*         0x06014744        0xc 00
 .text          0x06014750      0x2fc ../sbl6/segalib/lib/sega_scl.a(scl_vblv.o)
                0x0601480c                SCL_DisplayFrame
                0x06014750                SCL_SetFrameInterval
                0x06014840                SCL_VblInit
                0x06014890                SCL_VblankStart
                0x060148d4                SCL_VblankEnd
 *fill*         0x06014a4c        0x4 00
 .text          0x06014a50      0xb9c ../sbl6/segalib/lib/sega_scl.a(scl_func.o)
                0x0601542c                SCL_Vdp2_SGLInit
                0x0601533c                SCL_PriIntProc
                0x060152b4                SCL_Memcpyw
                0x060155cc                SCL_SglOff
                0x060155ac                SCL_SglOn
                0x06015220                SCL_ScrollShow
                0x06014cc8                SCL_Close
                0x06014fc0                SCL_Scale
                0x06014a50                SCL_Vdp2Init
                0x06014e34                SCL_Move
                0x060150fc                SCL_CopyReg
                0x06014ca4                SCL_Open
                0x06014ad4                SCL_ParametersInit
                0x06014ce4                SCL_MoveTo
                0x060152dc                SCL_SetColRamMode
 *fill*         0x060155ec        0x4 00
 .text          0x060155f0      0x138 ../sbl6/segalib/lib/sega_scl.a(scl_pr03.o)
                0x060155f0                SCL_FreeColRam
                0x06015628                SCL_AllocColRam
 *fill*         0x06015728        0x8 00
 .text          0x06015730       0x9c ../sbl6/segalib/lib/sega_scl.a(scl_pr02.o)
                0x06015730                SCL_SetColRam
 *fill*         0x060157cc        0x4 00
 .text          0x060157d0       0x84 ../sbl6/segalib/lib/sega_scl.a(scl_back.o)
                0x060157d0                SCL_SetBack
 *fill*         0x06015854        0xc 00
 .text          0x06015860      0x94c ../sbl6/segalib/lib/sega_scl.a(scl_fu03.o)
                0x060158bc                SCL_SetConfig
                0x06015860                SCL_InitConfigTb
 *fill*         0x060161ac        0x4 00
 .text          0x060161b0      0x4f4 ../sbl6/segalib/lib/sega_scl.a(scl_fu02.o)
                0x060161e8                SCL_SetVramConfig
                0x060161b0                SCL_InitVramConfigTb
 *fill*         0x060166a4        0xc 00
 .text          0x060166b0       0x28 ../sbl6/segalib/lib/sega_scl.a(scl_fu04.o)
                0x060166b0                SCL_SetCycleTable
 *fill*         0x060166d8        0x8 00
 .text          0x060166e0      0x214 ../sbl6/segalib/lib/sega_scl.a(scl_pr07.o)
                0x060166e0                SCL_SetPriority
 *fill*         0x060168f4        0xc 00
 .text          0x06016900       0x58 ../sbl6/segalib/lib/sega_scl.a(scl_pr01.o)
                0x06016900                SCL_SetSpriteMode
 *fill*         0x06016958        0x8 00
 .text          0x06016960     0x10a4 ../sbl6/segalib/lib/sega_scl.a(scl_pri.o)
                0x060169f4                SCL_AbortAutoVe
                0x060178a4                SCL_SetShadowBit
                0x06016e6c                SCL_AutoExec
                0x06016960                SCL_PriorityInit
                0x06017380                SCL_IncColOffset
                0x06016a08                SCL_SetColMixRate
                0x060169d8                SCL_GetColRamMode
 *fill*         0x06017a04        0xc 00
 .text          0x06017a10     0x1394 ../sbl6/segalib/lib/sega_scl.a(scl_ro00.o)
                0x06018bfc                SCL_RotateZD
                0x06017ec4                SCL_Rotate
                0x06017b98                SCL_InitRotateTable
 *fill*         0x06018da4        0xc 00
 .text          0x06018db0      0x1b4 ../sbl6/segalib/lib/sega_scl.a(scl_pr06.o)
                0x06018db0                SCL_SetColRamOffset
 *fill*         0x06018f64        0xc 00
 .text          0x06018f70       0xac ../sbl6/segalib/lib/sega_scl.a(scl_pr05.o)
                0x06018f70                SCL_GetColRamOffset
 *fill*         0x0601901c        0x4 00
 .text          0x06019020       0xa4 ../sbl6/segalib/lib/sega_mth.a(mth_fixd.o)
                0x06019070                MTH_FixedToInt
                0x06019060                MTH_IntToFixed
                0x06019020                MTH_Mul
                0x06019080                MTH_Product
                0x06019040                MTH_Div
 *fill*         0x060190c4        0xc 00
 .text          0x060190d0      0x600 ../sbl6/segalib/lib/sega_mth.a(mth_tri.o)
                0x0601916c                fcos
                0x06019172                fsin
                0x0601911c                MTH_Cos
                0x060190d0                MTH_Sin
                0x06019310                MTH_Atan
 .text          0x060196d0      0xf50 ../sbl6/segalib/lib/sega_per.a(per_prt.o)
                0x06019af0                PER_IntFunc
                0x060198e8                PER_LGetPer
                0x060196d0                PER_LInit
 .text          0x0601a620     0x1b04 ../sbl6/segalib/lib/sega_sat.a(gfs.o)
                0x0601a620                gfs_version
                0x0601b894                gfs_mngGetNumFile
                0x0601c014                gfs_closeSub
                0x0601b3b0                GFS_SetGmode
                0x0601b66c                GFS_SetErrFunc
                0x0601b7bc                gfs_mngSetupFuncTbl
                0x0601a978                GFS_Reset
                0x0601b6e4                gfs_chgRoot
                0x0601b7b0                gfs_aborttrans
                0x0601ba94                gfs_svrAddHndl
                0x0601b944                gfs_mngFreeGrp
                0x0601b6bc                GFS_ConvTno
                0x0601bc48                gfs_getRootDir
                0x0601b698                GFS_GetErrStat
                0x0601aae8                GFS_Seek
                0x0601b154                GFS_NwStop
                0x0601b950                gfs_mngTermAccess
                0x0601a9fc                GFS_Open
                0x0601b8fc                GFS_mngAllocGrp
                0x0601c05c                gfs_isTaskDone
                0x0601ae54                GFS_Fread
                0x0601b5b4                GFS_StartTrans
                0x0601bfb0                gfs_GetFinfo
                0x0601b7f0                gfs_mngInitWork
                0x0601ac40                GFS_ByteToSct
                0x0601ba54                gfs_svrSearchHndl
                0x0601bd44                gfs_loadRootDir
                0x0601a89c                GFS_IdToName
                0x0601af98                GFS_NwFread
                0x0601b4e4                GFS_SetTransPara
                0x0601b0a4                GFS_NwCdRead
                0x0601bb84                gfs_loadVol
                0x0601b480                GFS_SetReadPara
                0x0601ab9c                GFS_Tell
                0x0601b414                GFS_SetTmode
                0x0601bf18                GFS_GetFad
                0x0601b550                GFS_SetTrFunc
                0x0601b600                GFS_CdMovePickup
                0x0601a838                GFS_NameToId
                0x0601b26c                GFS_NwExecOne
                0x0601bdcc                gfs_flowIn
                0x0601acf4                GFS_GetFileInfo
                0x0601be74                gfs_transData
                0x0601bad0                gfs_svrRemoveHndl
                0x0601b11c                GFS_NwIsComplete
                0x0601c050                gfs_getGmode
                0x0601b1c0                GFS_NwGetStat
                0x0601bb2c                GFS_OpenSub
                0x0601a7d0                GFS_SetDir
                0x0601ac9c                GFS_GetFileSize
                0x0601ad68                GFS_GetNumCdbuf
                0x0601c0b0                gfs_convFinStat
                0x0601ad90                GFS_Load
                0x0601aef0                gfs_waitRead
                0x0601a728                GFS_LoadDir
                0x0601a908                GFS_GetDirInfo
                0x0601aab0                GFS_Close
                0x0601a640                GFS_Init
                0x0601b23c                gfs_recovRdErr
                0x0601b9d4                gfs_mngSetErrCode
                0x0601b32c                GFS_NwExecServer
                0x0601abec                GFS_IsEof
                0x0601bf70                gfs_SetSct
 *fill*         0x0601c124        0xc 00
 .text          0x0601c130      0x1f4 ../sbl6/segalib/lib/sega_sat.a(DMA_SCU1.o)
                0x0601c28c                DMA_ScuResult
                0x0601c130                DMA_ScuInit
                0x0601c180                DMA_ScuMemCopy
 *fill*         0x0601c324        0xc 00
 .text          0x0601c330      0x8d4 ../sbl6/segalib/lib/sega_sat.a(gfs_cdf.o)
                0x0601c824                GFCF_Seek
                0x0601c92c                GFCF_GetStat
                0x0601c80c                GFCF_Tell
                0x0601c3d0                GFCF_Setup
                0x0601c8d8                GFCF_cnvIntlvOfs
                0x0601c330                GFCF_Init
                0x0601c7c4                GFCF_Recover
                0x0601c518                GFCF_SetSct
                0x0601c83c                GFCF_MovePickup
                0x0601ca00                gfcf_isCdOk
                0x0601c5d0                GFCF_FlowInBuf
                0x0601c55c                GFCF_GetFileInfo
                0x0601c724                GFCF_StopInBuf
                0x0601c9c4                gfcf_getSctSize
                0x0601cac0                gfcf_getPlayRange
 *fill*         0x0601cc04        0xc 00
 .text          0x0601cc10      0x928 ../sbl6/segalib/lib/sega_sat.a(gfs_dir.o)
                0x0601d100                gfdr_setNextRec
                0x0601d4fc                gfdr_setDirrecCd
                0x0601cef8                gfdr_open
                0x0601cd0c                GFDR_GetAtrDirId
                0x0601cfe0                gfdr_readByte
                0x0601cc10                GFDR_SetupDirTbl
                0x0601d0d8                gfdr_readLongNM
                0x0601d184                gfdr_readDirEnt
                0x0601cd3c                GFDR_ChgRoot
                0x0601cc84                GFDR_NameToId
                0x0601cdc8                gfdr_setupDirIdTbl
                0x0601cd24                GFDR_GetAtrDirName
                0x0601cce4                GFDR_GetInfoDirId
                0x0601d08c                gfdr_readLongNB
                0x0601cf20                gfdr_read
                0x0601d00c                gfdr_readWord
                0x0601ce4c                gfdr_setupDirNameTbl
                0x0601ccf8                GFDR_GetInfoDirName
                0x0601cd54                GFDR_ChgDir
                0x0601d038                gfdr_readWordNB
 *fill*         0x0601d538        0x8 00
 .text          0x0601d540      0xa46 ../sbl6/segalib/lib/sega_sat.a(gfs_trn.o)
                0x0601d620                GFTR_SetTransMax
                0x0601d9f0                gftr_execScu
                0x0601df74                GFTR_SetTransFunc
                0x0601de3c                gftr_remTrn
                0x0601df60                GFTR_SetData
                0x0601dc60                gftr_execSdma1
                0x0601deb0                gftr_copyFrac
                0x0601d614                GFTR_GetNumTrans
                0x0601d5b4                GFTR_SetMode
                0x0601dc30                gftr_remDma0
                0x0601ded8                GFTR_GetLenData
                0x0601d9e4                gftr_reqScu
                0x0601dc48                gftr_reqDma1
                0x0601d900                gftr_getSrcPack
                0x0601df30                GFTR_RtnDstPk
                0x0601dacc                gfdma_exec
                0x0601dd64                gftr_execTrn
                0x0601d7f8                GFTR_ExecSvr
                0x0601dcf4                gftr_reqTrn
                0x0601dbbc                gfdma_getBytecnt
                0x0601dc9c                gftr_reqCpu
                0x0601defc                GFTR_GetDstPack
                0x0601dbf4                gftr_reqDma0
                0x0601d780                GFTR_Idle
                0x0601d638                GFTR_Pause
                0x0601d608                GFTR_GetTransPara
                0x0601dce8                gftr_remCpu
                0x0601d5d4                GFTR_SetTransPara
                0x0601dc84                gftr_remDma1
                0x0601d644                GFTR_Stop
                0x0601dc0c                gftr_execSdma0
                0x0601d570                GFTR_Setup
                0x0601da8c                gftr_remScu
                0x0601d988                gftr_getDstPack
                0x0601dac0                gfdma_canUse
                0x0601d6fc                GFTR_Exec
                0x0601df4c                GFTR_GetData
                0x0601d62c                GFTR_Start
                0x0601d5c8                GFTR_SetUnit
                0x0601dca8                gftr_execCpu
                0x0601dee4                GFTR_GetLenRoom
 *fill*         0x0601df86        0xa 00
 .text          0x0601df90      0x106 ../sbl6/segalib/lib/sega_sat.a(gfs_buf.o)
                0x0601dfe8                GFBF_GetNumData
                0x0601e064                GFBF_RtnPk
                0x0601e018                GFBF_GetSrcPk
                0x0601e08c                gfbf_getSctDt
                0x0601dfc0                GFBF_GetTranData
                0x0601e040                GFBF_GetSctData
 *fill*         0x0601e096        0xa 00
 .text          0x0601e0a0      0x600 ../sbl6/segalib/lib/sega_sat.a(gfs_cdb.o)
                0x0601e648                GFCB_GetPickup
                0x0601e1c0                GFCB_Close
                0x0601e48c                GFCB_GetSrcPack
                0x0601e614                GFCB_SetCon
                0x0601e294                GFCB_GetLenRoom
                0x0601e5f8                GFCB_MovePickup
                0x0601e56c                GFCB_GetSctData
                0x0601e2a0                GFCB_SetFilt
                0x0601e1e8                GFCB_GetLenData
                0x0601e688                GFCB_UngetPickup
                0x0601e0a0                GFCB_Setup
                0x0601e330                GFCB_Tell
                0x0601e670                GFCB_IsPuOwner
                0x0601e390                GFCB_Seek
                0x0601e308                GFCB_DeleteAllData
                0x0601e5a4                GFCB_GetDstPack
                0x0601e340                gfcb_getSctNum
                0x0601e5b0                GFCB_RtnPk
 .text          0x0601e6a0     0x1a04 ../sbl6/segalib/lib/sega_sat.a(gfs_cdc.o)
                0x0601e93c                GFCD_AllocBuf
                0x0601f718                gfcd_doGetLenDataTsk
                0x0601ffb4                GFCD_SetCsctFunc
                0x0601ea14                GFCD_GetBaseFad
                0x0601eb90                GFCD_GetFilt
                0x0601fba4                gfcd_doChgDirTsk
                0x0601fee4                gfcd_checkEflag
                0x0601eed8                GFCD_MovePickup
                0x0601efbc                GFCD_GetSctInfo
                0x0601f86c                gfcd_doReqDataTsk
                0x0601f004                GFCD_ChgDir
                0x0601ecf8                GFCD_ReqData
                0x0601ffd0                GFCD_ChkScdqFlag
                0x0601f488                GFCD_WaitServer
                0x0601ed9c                GFCD_DelSctData
                0x0601f274                GFCD_ExecServer
                0x0601f688                gfcd_doSetConTsk
                0x0601e8d0                GFCD_AllocFilt
                0x0601eacc                GFCD_SetFilt
                0x0601f4c4                gfcd_doSetFiltTsk
                0x0601fff4                GFCD_ClrScdqFlag
                0x0601f90c                gfcd_doDelSctDataTsk
                0x0601f3d0                gfcd_doTask
                0x0601ea48                GFCD_GetPickup
                0x0601ef98                GFCD_CheckMove
                0x06020010                GFCD_WaitScdqFlag
                0x0601ec30                GFCD_Play
                0x0601fa40                gfcd_doMoveSctTsk
                0x0601ebd8                GFCD_SetCon
                0x0601f078                GFCD_SetFiltCon
                0x06020054                GFCD_WaitPause
                0x0601f23c                GFCD_GetBufSiz
                0x0601ea7c                GFCD_UngetPickup
                0x0601f160                GFCD_GetFileInfo
                0x0601ed54                GFCD_EndData
                0x0601e970                GFCD_FreeBuf
                0x0601ec90                GFCD_GetLenData
                0x0601e90c                GFCD_FreeFilt
                0x0601f348                gfcd_isIdleTask
                0x0601e6cc                GFCD_Init
                0x0601fda0                gfcd_doSetFiltConTsk
                0x0601ee24                GFCD_GetStat
                0x0601ef24                GFCD_MoveSctData
                0x0601eaa8                GFCD_IsPuOwner
                0x0601ff08                gfcd_initCdbMng
                0x0601e6a0                GFCD_SetCdbfs
                0x0601f474                GFCD_SetTimer
                0x0601ff88                gfcd_setStat
                0x0601edf4                GFCD_CheckDelSctData
 *fill*         0x060200a4        0xc 00
 .text          0x060200b0      0x308 ../sbl6/segalib/lib/sega_sat.a(DMA_SCU0.o)
                0x06020134                DMA_ScuStart
                0x06020268                DMA_ScuIntFunc0
                0x060202d8                DMA_ScuIntFunc1
                0x06020348                DMA_ScuIntFunc2
                0x06020228                DMA_ScuGetStatus
                0x060200b0                DMA_ScuSetPrm
 *fill*         0x060203b8        0x8 00
 .text          0x060203c0       0xe8 ../sbl6/segalib/lib/sega_sat.a(csh_main.o)
                0x060203c0                CSH_Init
                0x06020428                CSH_AllClr
                0x06020474                CSH_Purge
 *fill*         0x060204a8        0x8 00
 .text          0x060204b0      0x1b6 ../sbl6/segalib/lib/sega_sat.a(DMA_CPU0.o)
                0x060204f8                DMA_CpuSetPrm
                0x060205fc                DMA_CpuStart
                0x06020654                DMA_CpuGetStatus
                0x06020628                DMA_CpuAllStop
                0x0602063c                DMA_CpuGetComStatus
                0x060204b0                DMA_CpuSetComPrm
                0x06020610                DMA_CpuStop
 *fill*         0x06020666        0xa 00
 .text          0x06020670      0x2dc ../sbl6/segalib/lib/sega_sat.a(cdc_reg.o)
                0x060206c4                CDREG_ClrHirqReq
                0x06020694                CDC_ClrHirqReq
                0x06020744                CDREG_TgetData
                0x06020734                CDC_GetMpegPtr
                0x06020710                CDC_GetHirqMsk
                0x06020670                CDC_GetDataPtr
                0x06020680                CDC_GetHirqReq
                0x060208a0                CDREG_WaitHirq
                0x06020724                CDC_SetHirqMsk
                0x060207a0                CDREG_CmdRsp
                0x060206d4                CDREG_InitHirqReq
                0x060206fc                CDREG_SetHirqFlag
                0x06020910                CDREG_ReadRsp
 *fill*         0x0602094c        0x4 00
 .text          0x06020950      0x194 ../sbl6/segalib/lib/sega_sat.a(cdc_cfs.o)
                0x06020950                CDC_ChgDir
                0x06020984                CDC_ReadDir
                0x06020aa8                CDC_AbortFile
                0x060209b8                CDC_GetFileScope
                0x06020a18                CDC_TgetFileInfo
                0x06020a74                CDC_ReadFile
 *fill*         0x06020ae4        0xc 00
 .text          0x06020af0      0x3a0 ../sbl6/segalib/lib/sega_sat.a(cdc_cmn.o)
                0x06020c94                CDC_TgetToc
                0x06020e38                CDC_DataEnd
                0x06020b58                CDC_GetPeriStat
                0x06020dcc                CDC_DataReady
                0x06020da4                CDC_CdOpen
                0x06020d20                CDC_CdInit
                0x06020ce4                CDC_GetSes
                0x06020b40                CDC_GetLastStat
                0x06020af0                CDC_GetCurStat
                0x06020c2c                CDC_GetHwInfo
 .text          0x06020e90      0x1e4 ../sbl6/segalib/lib/sega_sat.a(cdc_bio.o)
                0x06020f3c                CDC_GetdelSctData
                0x06020ec4                CDC_GetSctData
                0x06020f78                CDC_PutSctData
                0x06020ff4                CDC_MoveSctData
                0x06021038                CDC_GetCopyErr
                0x06020f00                CDC_DelSctData
                0x06020e90                CDC_SetSctLen
                0x06020fb0                CDC_CopySctData
 *fill*         0x06021074        0xc 00
 .text          0x06021080      0x2b8 ../sbl6/segalib/lib/sega_sat.a(cdc_sel.o)
                0x060212b0                CDC_GetFiltCon
                0x0602122c                CDC_GetFiltMode
                0x06021304                CDC_ResetSelector
                0x06021080                CDC_SetFiltRange
                0x0602110c                CDC_SetFiltSubh
                0x0602117c                CDC_GetFiltSubh
                0x060210b4                CDC_GetFiltRange
                0x060211f8                CDC_SetFiltMode
                0x06021270                CDC_SetFiltCon
 *fill*         0x06021338        0x8 00
 .text          0x06021340      0x130 ../sbl6/segalib/lib/sega_sat.a(cdc_drv.o)
                0x06021340                CDC_CdPlay
                0x0602140c                CDC_CdSeek
                0x06021440                CDC_CdScan
 .text          0x06021470      0x270 ../sbl6/segalib/lib/sega_sat.a(cdc_bif.o)
                0x060214cc                CDC_GetSctNum
                0x0602164c                CDC_ExeFadSearch
                0x060215cc                CDC_GetSctInfo
                0x06021510                CDC_CalActSiz
                0x06021470                CDC_GetBufSiz
                0x0602154c                CDC_GetActSiz
                0x06021684                CDC_GetFadSearch
 .text          0x060216e0       0xa8 ../sbl6/segalib/lib/sega_sat.a(cdc_dev.o)
                0x0602174c                CDC_CdGetLastBuf
                0x060216e0                CDC_CdSetCon
                0x06021710                CDC_CdGetCon
 *fill*         0x06021788        0x8 00
 .text          0x06021790      0x152 ../sbl6/segalib/lib/sega_sat.a(cdc_sub.o)
                0x06021838                CDSUB_GetCdstat
                0x060217a8                CDSUB_UpdCdstat
                0x06021878                CDSUB_RspToCdstat
                0x060218c0                CDSUB_SoftTimer
                0x06021790                CDSUB_UpdStatus
                0x060217c8                CDSUB_CdCmd
 *fill*         0x060218e2        0xe 00
 .text          0x060218f0       0x60 C:/saturn/SH_COFF/sh-coff/bin/../lib/gcc/sh-coff/3.4-GNUSH_v0501\libgcc.a(_ashiftrt.o)
                0x060218fc                __ashiftrt_r4_27
                0x06021930                __ashiftrt_r4_6
                0x06021920                __ashiftrt_r4_14
                0x06021912                __ashiftrt_r4_19
                0x0602192a                __ashiftrt_r4_9
                0x0602193e                __ashiftrt_r4_0
                0x060218f0                __ashiftrt_r4_31
                0x060218fe                __ashiftrt_r4_26
                0x0602190c                __ashiftrt_r4_22
                0x06021918                __ashiftrt_r4_16
                0x06021924                __ashiftrt_r4_12
                0x060218f8                __ashiftrt_r4_29
                0x06021916                __ashiftrt_r4_17
                0x060218f6                __ashiftrt_r4_30
                0x06021932                __ashiftrt_r4_5
                0x0602192c                __ashiftrt_r4_8
                0x060218f0                __ashiftrt_r4_32
                0x06021900                __ashiftrt_r4_25
                0x06021938                __ashiftrt_r4_2
                0x06021902                __ashiftrt_r4_24
                0x0602191e                __ashiftrt_r4_15
                0x06021928                __ashiftrt_r4_10
                0x0602193a                __ashiftrt_r4_1
                0x060218fa                __ashiftrt_r4_28
                0x06021910                __ashiftrt_r4_20
                0x0602192e                __ashiftrt_r4_7
                0x06021922                __ashiftrt_r4_13
                0x06021926                __ashiftrt_r4_11
                0x06021934                __ashiftrt_r4_4
                0x0602190a                __ashiftrt_r4_23
                0x06021914                __ashiftrt_r4_18
                0x0602190e                __ashiftrt_r4_21
                0x06021936                __ashiftrt_r4_3
 .text          0x06021950       0x90 C:/saturn/SH_COFF/sh-coff/bin/../lib/gcc/sh-coff/3.4-GNUSH_v0501\libgcc.a(_ashiftlt.o)
                0x06021950                __ashlsi3
 .text          0x060219e0       0xb0 C:/saturn/SH_COFF/sh-coff/bin/../lib/gcc/sh-coff/3.4-GNUSH_v0501\libgcc.a(_movstr.o)
                0x06021a20                __movstrSI16
                0x060219f4                __movstrSI60
                0x06021a00                __movstrSI48
                0x060219fc                __movstrSI52
                0x060219f0                __movstrSI64
                0x06021a04                __movstrSI44
                0x06021a08                __movstrSI40
                0x06021a0c                __movstrSI36
                0x06021a40                __movstr
                0x060219f8                __movstrSI56
                0x06021a14                __movstrSI28
                0x06021a10                __movstrSI32
                0x06021a24                __movstrSI12
                0x06021a28                __movstrSI8
                0x06021a30                __movstrSI0
                0x06021a18                __movstrSI24
                0x06021a1c                __movstrSI20
                0x06021a2c                __movstrSI4
 .text          0x06021a90       0xa0 C:/saturn/SH_COFF/sh-coff/bin/../lib/gcc/sh-coff/3.4-GNUSH_v0501\libgcc.a(__main.o)
                0x06021b04                __main
                0x06021a90                __do_global_dtors
                0x06021ac4                __do_global_ctors
 .text          0x06021b30       0x70 C:/saturn/SH_COFF/sh-coff/bin/../lib/gcc/sh-coff/3.4-GNUSH_v0501\libgcc.a(_udivsi3.o)
                0x06021b52                __udivsi3
 .text          0x06021ba0       0xb0 C:/saturn/SH_COFF/sh-coff/bin/../lib/gcc/sh-coff/3.4-GNUSH_v0501\libgcc.a(_si_to_df.o)
                0x06021ba0                __floatsidf
 .text          0x06021c50      0x2e0 C:/saturn/SH_COFF/sh-coff/bin/../lib/gcc/sh-coff/3.4-GNUSH_v0501\libgcc.a(_mul_df.o)
                0x06021c60                __muldf3
 .text          0x06021f30       0x80 C:/saturn/SH_COFF/sh-coff/bin/../lib/gcc/sh-coff/3.4-GNUSH_v0501\libgcc.a(_df_to_si.o)
                0x06021f30                __fixdfsi
 .text          0x06021fb0       0xa0 C:/saturn/SH_COFF/sh-coff/bin/../lib/gcc/sh-coff/3.4-GNUSH_v0501\libgcc.a(_sdivsi3.o)
                0x06021fb0                __sdivsi3
 .text          0x06022050      0x220 C:/saturn/SH_COFF/sh-coff/bin/../lib/gcc/sh-coff/3.4-GNUSH_v0501\libgcc.a(_pack_df.o)
                0x06022060                __pack_d
 .text          0x06022270      0x120 C:/saturn/SH_COFF/sh-coff/bin/../lib/gcc/sh-coff/3.4-GNUSH_v0501\libgcc.a(_unpack_df.o)
                0x06022280                __unpack_d
 .text          0x06022390       0x20 C:/saturn/SH_COFF/sh-coff/bin/../lib/gcc/sh-coff/3.4-GNUSH_v0501\libgcc.a(_thenan_df.o)
                0x06022390                __thenan_df
 .text          0x060223b0       0xd0 C:/saturn/SH_COFF/sh-coff/bin/../lib/gcc/sh-coff/3.4-GNUSH_v0501\libgcc.a(_muldi3.o)
                0x060223b0                __muldi3
 .text          0x06022480       0x80 C:/saturn/SH_COFF/sh-coff/bin/../lib/gcc/sh-coff/3.4-GNUSH_v0501\libgcc.a(_lshrdi3.o)
                0x06022480                __lshrdi3
 .text          0x06022500       0x80 C:/saturn/SH_COFF/sh-coff/bin/../lib/gcc/sh-coff/3.4-GNUSH_v0501\libgcc.a(_ashldi3.o)
                0x06022500                __ashldi3
 .text          0x06022580       0x30 C:/saturn/SH_COFF/sh-coff/bin/../lib/gcc/sh-coff/3.4-GNUSH_v0501\libgcc.a(_mulsi3.o)
                0x06022580                __mulsi3
 .text          0x060225b0       0x90 C:/saturn/SH_COFF/sh-coff/bin/../lib/gcc/sh-coff/3.4-GNUSH_v0501\libgcc.a(_lshiftrt.o)
                0x060225b0                __lshrsi3
 .text          0x06022640       0xa0 C:/saturn/SH_COFF/sh-coff/bin/../lib/gcc/sh-coff/3.4-GNUSH_v0501/../../../../sh-coff/lib\libc.a(memcpy.o)
                0x06022640                memcpy
 .text          0x060226e0       0x40 C:/saturn/SH_COFF/sh-coff/bin/../lib/gcc/sh-coff/3.4-GNUSH_v0501/../../../../sh-coff/lib\libc.a(memset.o)
                0x060226e0                memset
 .text          0x06022720       0x60 C:/saturn/SH_COFF/sh-coff/bin/../lib/gcc/sh-coff/3.4-GNUSH_v0501/../../../../sh-coff/lib\libc.a(memcmp.o)
                0x06022720                memcmp
 .text          0x06022780       0xb0 C:/saturn/SH_COFF/sh-coff/bin/../lib/gcc/sh-coff/3.4-GNUSH_v0501/../../../../sh-coff/lib\libc.a(strncmp.o)
                0x06022780                strncmp
 .text          0x06022830       0xa0 C:/saturn/SH_COFF/sh-coff/bin/../lib/gcc/sh-coff/3.4-GNUSH_v0501/../../../../sh-coff/lib\libc.a(strncpy.o)
                0x06022830                strncpy
 .text          0x060228d0       0x90 C:/saturn/SH_COFF/sh-coff/bin/../lib/gcc/sh-coff/3.4-GNUSH_v0501/../../../../sh-coff/lib\libc.a(atexit.o)
                0x060228d0                atexit
 .text          0x06022960       0x10 C:/saturn/SH_COFF/sh-coff/bin/../lib/gcc/sh-coff/3.4-GNUSH_v0501/../../../../sh-coff/lib\libc.a(impure.o)
                0x06022960                _global_impure_ptr
 .text          0x06022970       0x40 C:/saturn/SH_COFF/sh-coff/bin/../lib/gcc/sh-coff/3.4-GNUSH_v0501/../../../../sh-coff/lib\libc.a(malloc.o)
                0x0602298c                free
                0x06022970                malloc
 .text          0x060229b0      0x5b0 C:/saturn/SH_COFF/sh-coff/bin/../lib/gcc/sh-coff/3.4-GNUSH_v0501/../../../../sh-coff/lib\libc.a(mallocr.o)
                0x060229b0                _malloc_r
 .text          0x06022f60      0x340 C:/saturn/SH_COFF/sh-coff/bin/../lib/gcc/sh-coff/3.4-GNUSH_v0501/../../../../sh-coff/lib\libc.a(freer.o)
                0x06022f60                _malloc_trim_r
                0x06023054                _free_r
 .text          0x060232a0       0x20 C:/saturn/SH_COFF/sh-coff/bin/../lib/gcc/sh-coff/3.4-GNUSH_v0501/../../../../sh-coff/lib\libc.a(mlock.o)
                0x060232a0                __malloc_lock
                0x060232ac                __malloc_unlock
 .text          0x060232c0       0x50 C:/saturn/SH_COFF/sh-coff/bin/../lib/gcc/sh-coff/3.4-GNUSH_v0501/../../../../sh-coff/lib\libc.a(sbrkr.o)
                0x060232c0                _sbrk_r
 .text          0x06023310      0x380 C:/saturn/SH_COFF/sh-coff/bin/../lib/gcc/sh-coff/3.4-GNUSH_v0501/../../../../sh-coff/lib\libc.a(syscalls.o)
                0x0602347c                _exit
                0x060234b0                _getpid
                0x06023518                _utime
                0x06023348                _write
                0x06023310                _read
                0x06023464                _unlink
                0x0602342c                _open
                0x060234c8                _stat
                0x06023470                isatty
                0x06023548                _wait
                0x06023494                _kill
                0x060234e4                _chmod
                0x06023578                _execv
                0x0602355c                _execve
                0x06023654                __setup_argv_and_call_main
                0x060235b0                _gettimeofday
                0x0602337c                _link
                0x060234bc                _raise
                0x06023448                _creat
                0x06023590                _pipe
                0x060234fc                _chown
                0x0602332c                _lseek
                0x06023364                _close
                0x060235a4                _times
                0x06023418                _fstat
                0x06023534                _fork
                0x060233a4                _sbrk
 .text          0x06023690       0x20 C:/saturn/SH_COFF/sh-coff/bin/../lib/gcc/sh-coff/3.4-GNUSH_v0501/../../../../sh-coff/lib\libc.a(trap.o)
                0x06023690                __trap34
 .text          0x060236b0       0x20 C:/saturn/SH_COFF/sh-coff/bin/../lib/gcc/sh-coff/3.4-GNUSH_v0501/../../../../sh-coff/lib\libc.a(abort.o)
                0x060236b0                abort
 .text          0x060236d0      0x270 C:/saturn/SH_COFF/sh-coff/bin/../lib/gcc/sh-coff/3.4-GNUSH_v0501/../../../../sh-coff/lib\libc.a(signal.o)
                0x06023790                _raise_r
                0x06023918                __sigtramp
                0x060238c4                raise
                0x06023900                _init_signal
                0x06023850                __sigtramp_r
                0x060238e0                signal
                0x0602371c                _signal_r
                0x060236d0                _init_signal_r
 .text          0x06023940       0x60 C:/saturn/SH_COFF/sh-coff/bin/../lib/gcc/sh-coff/3.4-GNUSH_v0501/../../../../sh-coff/lib\libc.a(signalr.o)
                0x06023988                _getpid_r
                0x06023940                _kill_r
 *(.strings)

.tors           0x060239a0        0x0
                0x060239a0                ___ctors = .
 *(.ctors)
                0x060239a0                ___ctors_end = .
                0x060239a0                ___dtors = .
 *(.dtors)
                0x060239a0                ___dtors_end = .

.data           0x060239a0     0x15d0
                0x060239a0                STARTOF_R = .
 *(.data)
 .data          0x060239a0      0x400 ../sbl6/segasmp/per/smpclib/per_x1.o
 .data          0x06023da0       0x50 blocks.o
                0x06023dd8                tile2_slope
                0x06023db8                tile4_slope
                0x06023da0                block_slopes
                0x06023dc8                tile3_slope
 .data          0x06023df0      0x4c0 graphics.o
                0x06023e4a                guy_num
                0x060242a8                bg_num
                0x06023ea0                bg_pal
                0x06023e3c                guy_name
                0x06023dfc                guy_pal
                0x06023e96                font_height
                0x06023dfa                map_width
                0x06023df8                map_height
                0x06023e46                guy_width
                0x06023df0                map_name
                0x06023e8c                font_name
                0x060242a0                bg_name
                0x06023e98                font_width
                0x06023e44                guy_height
                0x06023e9c                font_num
                0x06023e4c                font_pal
                0x06023e48                guy_size
                0x06023e9a                font_size
 .data          0x060242b0       0x30 sprite.o
 .data          0x060242e0       0x20 scroll.o
                0x060242e0                CycleTb
                0x060242f0                vram
 .data          0x06024300      0x400 ../sbl6/segalib/lib/sega_int.a(int.o)
 .data          0x06024700       0x1c ../sbl6/segalib/lib/sega_spr.a(spr_slv.o)
                0x06024708                SPR_SlaveParam
                0x06024718                SPR_SMPC_SF
                0x06024710                SPR_SMPC_COM
                0x0602470c                SPR_SlaveSHEntry
                0x06024704                SPR_SlaveState
                0x06024700                SPR_SlaveCommand
                0x06024714                SPR_SMPC_RET
 *fill*         0x0602471c        0x4 00
 .data          0x06024720       0x34 ../sbl6/segalib/lib/sega_spr.a(spr_1c.o)
                0x06024720                SpInitialFlag
 *fill*         0x06024754        0xc 00
 .data          0x06024760       0x1c ../sbl6/segalib/lib/sega_scl.a(scl_vblv.o)
                0x06024768                VBInterval
                0x06024770                ReqDisplayFlag
                0x06024760                SpFrameChgMode
                0x0602476c                VBIntervalCounter
                0x06024764                SpFrameEraseMode
 *fill*         0x0602477c        0x4 00
 .data          0x06024780       0x36 ../sbl6/segalib/lib/sega_scl.a(scl_func.o)
                0x06024790                SclRotregBuff
                0x0602478c                SclDisplayY
                0x06024794                SclRotateTableMode
                0x06024788                SclProcess
                0x06024784                SclCurSclNum
                0x06024780                SclLengthLsTbl
                0x0602478a                SclDisplayX
                0x06024782                SclLengthCsTbl
 *fill*         0x060247b6        0xa 00
 .data          0x060247c0       0x18 ../sbl6/segalib/lib/sega_scl.a(scl_pri.o)
                0x060247c4                SclRealSpPriNum
                0x060247d4                SclRealColOffset
                0x060247d0                SclRealBgColMix
                0x060247cc                SclRealSpColMix
                0x060247c8                SclRealBgPriNum
                0x060247c0                SclRealOtherPri
 *fill*         0x060247d8        0x8 00
 .data          0x060247e0      0x380 C:/saturn/SH_COFF/sh-coff/bin/../lib/gcc/sh-coff/3.4-GNUSH_v0501/../../../../sh-coff/lib\libc.a(impure.o)
                0x06024b5c                _impure_ptr
 .data          0x06024b60      0x410 C:/saturn/SH_COFF/sh-coff/bin/../lib/gcc/sh-coff/3.4-GNUSH_v0501/../../../../sh-coff/lib\libc.a(mallocr.o)
                0x06024b68                __malloc_av_
                0x06024b64                __malloc_trim_threshold
                0x06024b60                __malloc_sbrk_base
                0x06024f70                SIZEOF_R = (. - STARTOF_R)
                0x06024f70                ENDOF_R = .

.bss            0x06024f70     0x8c54
                0x06024f70                STARTOF_B = .
 *(.bss)
 .bss           0x06024f70       0x10 vblank.o
                0x06024f74                PadData2E
                0x06024f7a                PadData1
                0x06024f76                PadData2
                0x06024f78                PadData1E
                0x06024f70                __port
 .bss           0x06024f80       0xd0 ../sbl6/segasmp/per/smpclib/per_x2.o
 .bss           0x06025050       0x10 player.o
                0x06025051                boost
                0x06025050                jumps
 .bss           0x06025060     0x3800 sprite.o
                0x06025060                num_sprites
 .bss           0x06028860       0x50 scroll.o
                0x0602887c                map_tiles_x
                0x06028884                scrolls_y
                0x06028860                scroll_transition_state
                0x06028864                scroll_ysize
                0x06028874                map_tiles_y
                0x0602886c                copy_modes
                0x06028894                scrolls_x
                0x06028868                scroll_xsize
 .bss           0x060288b0       0x10 main.o
                0x060288b0                frame
 .bss           0x060288c0       0x6e ../sbl6/segalib/lib/sega_spr.a(spr_2c.o)
 *fill*         0x0602892e        0x2 00
 .bss           0x06028930        0x4 ../sbl6/segalib/lib/sega_scl.a(scl_vblv.o)
 *fill*         0x06028934        0xc 00
 .bss           0x06028940        0x4 ../sbl6/segalib/lib/sega_scl.a(scl_func.o)
 *fill*         0x06028944        0xc 00
 .bss           0x06028950       0x48 ../sbl6/segalib/lib/sega_scl.a(scl_ro00.o)
 *fill*         0x06028998        0x8 00
 .bss           0x060289a0       0x9c ../sbl6/segalib/lib/sega_per.a(per_prt.o)
 *fill*         0x06028a3c        0x4 00
 .bss           0x06028a40        0xc ../sbl6/segalib/lib/sega_sat.a(DMA_SCU1.o)
 *fill*         0x06028a4c        0x4 00
 .bss           0x06028a50        0xc ../sbl6/segalib/lib/sega_sat.a(gfs_trn.o)
 *fill*         0x06028a5c        0x4 00
 .bss           0x06028a60       0x20 ../sbl6/segalib/lib/sega_sat.a(DMA_SCU0.o)
 .bss           0x06028a80        0x2 ../sbl6/segalib/lib/sega_sat.a(cdc_reg.o)
 *fill*         0x06028a82        0xe 00
 .bss           0x06028a90        0xc ../sbl6/segalib/lib/sega_sat.a(cdc_sub.o)
 *fill*         0x06028a9c        0x4 00
 .bss           0x06028aa0       0x10 C:/saturn/SH_COFF/sh-coff/bin/../lib/gcc/sh-coff/3.4-GNUSH_v0501\libgcc.a(__main.o)
 .bss           0x06028ab0       0x10 C:/saturn/SH_COFF/sh-coff/bin/../lib/gcc/sh-coff/3.4-GNUSH_v0501/../../../../sh-coff/lib\libc.a(atexit.o)
 .bss           0x06028ac0       0x40 C:/saturn/SH_COFF/sh-coff/bin/../lib/gcc/sh-coff/3.4-GNUSH_v0501/../../../../sh-coff/lib\libc.a(mallocr.o)
                0x06028af0                __malloc_top_pad
                0x06028ac0                __malloc_current_mallinfo
                0x06028aec                __malloc_max_sbrked_mem
                0x06028ae8                __malloc_max_total_mem
 .bss           0x06028b00       0x10 C:/saturn/SH_COFF/sh-coff/bin/../lib/gcc/sh-coff/3.4-GNUSH_v0501/../../../../sh-coff/lib\libc.a(syscalls.o)
 *(COMMON)
 COMMON         0x06028b10     0x1674 cd.o
                                  0x0 (size before relaxing)
                0x06028b10                dirname
                0x06029470                lib_work
                0x0602a178                directory_table
 *fill*         0x0602a184        0xc 00
 COMMON         0x0602a190       0x38 player.o
                                  0x0 (size before relaxing)
                0x0602a190                player
 *fill*         0x0602a1c8        0x8 00
 COMMON         0x0602a1d0      0x8c0 print.o
                                  0x0 (size before relaxing)
                0x0602a1d0                text
 COMMON         0x0602aa90     0x1460 sprite.o
                                  0x0 (size before relaxing)
                0x0602aa90                sprites
                0x0602aef0                image_buf
 COMMON         0x0602bef0      0x24c scroll.o
                                  0x0 (size before relaxing)
                0x0602bef0                scfg3
                0x0602bf80                scfg0
                0x0602c010                maps
                0x0602c020                scfg2
                0x0602c0b0                scfg1
 *fill*         0x0602c13c        0x4 00
 COMMON         0x0602c140        0x8 main.o
                                  0x0 (size before relaxing)
                0x0602c140                buf
 *fill*         0x0602c148        0x8 00
 COMMON         0x0602c150      0x400 ../sbl6/segalib/lib/sega_int.a(int.o)
                                  0x0 (size before relaxing)
                0x0602c150                __interrupt_vector
 COMMON         0x0602c550       0x50 ../sbl6/segalib/lib/sega_spr.a(spr_2c.o)
                                  0x0 (size before relaxing)
                0x0602c550                SpMstCmd
                0x0602c554                Sp2OpenFlag
                0x0602c558                SpGourTblMax
                0x0602c55c                SpDrawPrtyBlk
                0x0602c560                SpLCoordX
                0x0602c564                SpMstDrawPrtyBlk
                0x0602c568                SpGourTbl
                0x0602c56c                SpLookupTblR
                0x0602c570                SpCmdTbl
                0x0602c574                SpCharMax
                0x0602c578                SpDrawPrtyProcFlag
                0x0602c57c                SpCmdNo
                0x0602c580                SpDrawPrtyBlkMax
                0x0602c584                SpSlvCmdPos
                0x0602c588                SpSlvDrawPrtyBlk
                0x0602c58c                SpCharTbl
                0x0602c590                SpCmdTblR
                0x0602c594                SpMstCmdPos
                0x0602c598                SpSlvCmd
                0x0602c59c                SpLCoordY
 COMMON         0x0602c5a0       0x10 ../sbl6/segalib/lib/sega_spr.a(spr_1c.o)
                                  0x0 (size before relaxing)
                0x0602c5a0                SpScreenY
                0x0602c5a4                SpFbcrMode
                0x0602c5a6                SpDil
                0x0602c5a8                SpDie
                0x0602c5aa                SpTvMode
                0x0602c5ac                SpScreenX
 COMMON         0x0602c5b0      0xf00 ../sbl6/segalib/lib/sega_scl.a(scl_func.o)
                                  0x0 (size before relaxing)
                0x0602c5b0                SclRbgKtbAddr
                0x0602c5b8                SclRb
                0x0602c5ba                Scl_flag
                0x0602c5c0                SclK_TableBuff
                0x0602d290                SclAddrCsTbl
                0x0602d2a0                Scl_s_reg
                0x0602d2c8                SclRotateXy
                0x0602d2d0                Scl_d_reg
                0x0602d318                SclRotateDisp
                0x0602d320                SclRotateMoveZ
                0x0602d328                SclRotXySw
                0x0602d330                Scl_r_reg
                0x0602d340                SclRPMD
                0x0602d348                SclRbgKtbOffset
                0x0602d350                _SclRotregBuff
                0x0602d420                SclRa
                0x0602d428                SclRotateZ
                0x0602d430                SclAddrLsTbl
                0x0602d438                SclK_TableNum
                0x0602d440                SclRotateTableAddress
                0x0602d444                SclK_TableFlag
                0x0602d450                Scl_w_reg
                0x0602d470                Scl_n_reg
 COMMON         0x0602d4b0      0x6b0 ../sbl6/segalib/lib/sega_scl.a(scl_pri.o)
                                  0x0 (size before relaxing)
                0x0602d4b0                SclAutoEndBlue2
                0x0602d4c0                SclColOffset
                0x0602d4d0                SclPriBuffDirty
                0x0602d4d2                SclAutoEndRed
                0x0602d4d4                SclAutoSurface
                0x0602d4d8                SclAutoGreen
                0x0602d4da                SclAutoEndGreen
                0x0602d4dc                SclAutoCount
                0x0602d4e0                SclColRamAlloc256
                0x0602d500                SclAutoCurRate
                0x0602d501                SclAutoPlusFlag
                0x0602d508                SclSpColMix
                0x0602d510                SclAutoMax
                0x0602d514                SclLineColRamOffset
                0x0602d518                SclColRamAlloc2048
                0x0602d51c                SclBgPriNum
                0x0602d522                SclAutoEndBlue
                0x0602d524                SclAutoEndGreen2
                0x0602d526                SclAutoVeFlag
                0x0602d528                SclBgColMix
                0x0602d530                SclAutoIndex
                0x0602d534                SclAutoEndRate
                0x0602d536                SclAutoBlue
                0x0602d538                SclAutoRed
                0x0602d53c                SclAutoInterval
                0x0602d540                SclOtherPri
                0x0602d550                SclAutoRGB
                0x0602db50                SclAutoEndRed2
                0x0602db58                SclSpPriNum
 COMMON         0x0602db60       0x10 ../sbl6/segalib/lib/sega_scl.a(scl_ro00.o)
                                  0x0 (size before relaxing)
                0x0602db60                SclCsx
                0x0602db68                SclCsy
 COMMON         0x0602db70       0x15 ../sbl6/segalib/lib/sega_per.a(per_prt.o)
                                  0x0 (size before relaxing)
                0x0602db70                per_get_time_flg
                0x0602db71                per_hot_res
                0x0602db72                per_set_sys_flg
                0x0602db74                per_get_time_adr
                0x0602db78                per_get_sys_data
                0x0602db84                per_time_out_flg
 *fill*         0x0602db85        0xb 00
 COMMON         0x0602db90        0xc ../sbl6/segalib/lib/sega_sat.a(gfs.o)
                                  0x0 (size before relaxing)
                0x0602db90                GFMC_base
                0x0602db94                gfs_mng_ptr
                0x0602db98                gfs_use_scudma
 *fill*         0x0602db9c        0x4 00
 COMMON         0x0602dba0        0x8 ../sbl6/segalib/lib/sega_sat.a(gfs_cdf.o)
                                  0x0 (size before relaxing)
                0x0602dba0                gfcf_fad
                0x0602dba4                gfcf_stat
 *fill*         0x0602dba8        0x8 00
 COMMON         0x0602dbb0        0xc ../sbl6/segalib/lib/sega_sat.a(gfs_cdc.o)
                                  0x0 (size before relaxing)
                0x0602dbb0                gfcd_fatal_err
                0x0602dbb4                gfcd_work
                0x0602dbb8                gfcd_playflag
 *fill*         0x0602dbbc        0x4 00
 COMMON         0x0602dbc0        0x4 C:/saturn/SH_COFF/sh-coff/bin/../lib/gcc/sh-coff/3.4-GNUSH_v0501/../../../../sh-coff/lib\libc.a(syscalls.o)
                                  0x0 (size before relaxing)
                0x0602dbc0                errno
                0x0602dbc4                SIZEOF_B = (. - STARTOF_B)
                0x0602dbc4                ENDOF_B = .
                0x0602dbc4                _end = .
OUTPUT(main.cof coff-sh)

.comment        0x0602dbd0      0x4a0
 .comment       0x0602dbd0       0x20 ../sbl6/segasmp/lib/strt2_g.o
 .comment       0x0602dbf0       0x20 vblank.o
 .comment       0x0602dc10       0x20 ../sbl6/segasmp/per/smpclib/per_x1.o
 .comment       0x0602dc30       0x20 ../sbl6/segasmp/per/smpclib/per_x2.o
 .comment       0x0602dc50       0x20 blocks.o
 .comment       0x0602dc70       0x20 cd.o
 .comment       0x0602dc90       0x20 collision.o
 .comment       0x0602dcb0       0x20 graphics.o
 .comment       0x0602dcd0       0x20 player.o
 .comment       0x0602dcf0       0x20 print.o
 .comment       0x0602dd10       0x20 sprite.o
 .comment       0x0602dd30       0x20 scroll.o
 .comment       0x0602dd50       0x20 main.o
 .comment       0x0602dd70       0x20 C:/saturn/SH_COFF/sh-coff/bin/../lib/gcc/sh-coff/3.4-GNUSH_v0501\libgcc.a(__main.o)
 .comment       0x0602dd90       0x20 C:/saturn/SH_COFF/sh-coff/bin/../lib/gcc/sh-coff/3.4-GNUSH_v0501\libgcc.a(_si_to_df.o)
 .comment       0x0602ddb0       0x20 C:/saturn/SH_COFF/sh-coff/bin/../lib/gcc/sh-coff/3.4-GNUSH_v0501\libgcc.a(_mul_df.o)
 .comment       0x0602ddd0       0x20 C:/saturn/SH_COFF/sh-coff/bin/../lib/gcc/sh-coff/3.4-GNUSH_v0501\libgcc.a(_df_to_si.o)
 .comment       0x0602ddf0       0x20 C:/saturn/SH_COFF/sh-coff/bin/../lib/gcc/sh-coff/3.4-GNUSH_v0501\libgcc.a(_pack_df.o)
 .comment       0x0602de10       0x20 C:/saturn/SH_COFF/sh-coff/bin/../lib/gcc/sh-coff/3.4-GNUSH_v0501\libgcc.a(_unpack_df.o)
 .comment       0x0602de30       0x20 C:/saturn/SH_COFF/sh-coff/bin/../lib/gcc/sh-coff/3.4-GNUSH_v0501\libgcc.a(_thenan_df.o)
 .comment       0x0602de50       0x20 C:/saturn/SH_COFF/sh-coff/bin/../lib/gcc/sh-coff/3.4-GNUSH_v0501\libgcc.a(_muldi3.o)
 .comment       0x0602de70       0x20 C:/saturn/SH_COFF/sh-coff/bin/../lib/gcc/sh-coff/3.4-GNUSH_v0501\libgcc.a(_lshrdi3.o)
 .comment       0x0602de90       0x20 C:/saturn/SH_COFF/sh-coff/bin/../lib/gcc/sh-coff/3.4-GNUSH_v0501\libgcc.a(_ashldi3.o)
 .comment       0x0602deb0       0x20 C:/saturn/SH_COFF/sh-coff/bin/../lib/gcc/sh-coff/3.4-GNUSH_v0501/../../../../sh-coff/lib\libc.a(memcmp.o)
 .comment       0x0602ded0       0x20 C:/saturn/SH_COFF/sh-coff/bin/../lib/gcc/sh-coff/3.4-GNUSH_v0501/../../../../sh-coff/lib\libc.a(strncmp.o)
 .comment       0x0602def0       0x20 C:/saturn/SH_COFF/sh-coff/bin/../lib/gcc/sh-coff/3.4-GNUSH_v0501/../../../../sh-coff/lib\libc.a(strncpy.o)
 .comment       0x0602df10       0x20 C:/saturn/SH_COFF/sh-coff/bin/../lib/gcc/sh-coff/3.4-GNUSH_v0501/../../../../sh-coff/lib\libc.a(atexit.o)
 .comment       0x0602df30       0x20 C:/saturn/SH_COFF/sh-coff/bin/../lib/gcc/sh-coff/3.4-GNUSH_v0501/../../../../sh-coff/lib\libc.a(impure.o)
 .comment       0x0602df50       0x20 C:/saturn/SH_COFF/sh-coff/bin/../lib/gcc/sh-coff/3.4-GNUSH_v0501/../../../../sh-coff/lib\libc.a(malloc.o)
 .comment       0x0602df70       0x20 C:/saturn/SH_COFF/sh-coff/bin/../lib/gcc/sh-coff/3.4-GNUSH_v0501/../../../../sh-coff/lib\libc.a(mallocr.o)
 .comment       0x0602df90       0x20 C:/saturn/SH_COFF/sh-coff/bin/../lib/gcc/sh-coff/3.4-GNUSH_v0501/../../../../sh-coff/lib\libc.a(freer.o)
 .comment       0x0602dfb0       0x20 C:/saturn/SH_COFF/sh-coff/bin/../lib/gcc/sh-coff/3.4-GNUSH_v0501/../../../../sh-coff/lib\libc.a(mlock.o)
 .comment       0x0602dfd0       0x20 C:/saturn/SH_COFF/sh-coff/bin/../lib/gcc/sh-coff/3.4-GNUSH_v0501/../../../../sh-coff/lib\libc.a(sbrkr.o)
 .comment       0x0602dff0       0x20 C:/saturn/SH_COFF/sh-coff/bin/../lib/gcc/sh-coff/3.4-GNUSH_v0501/../../../../sh-coff/lib\libc.a(syscalls.o)
 .comment       0x0602e010       0x20 C:/saturn/SH_COFF/sh-coff/bin/../lib/gcc/sh-coff/3.4-GNUSH_v0501/../../../../sh-coff/lib\libc.a(abort.o)
 .comment       0x0602e030       0x20 C:/saturn/SH_COFF/sh-coff/bin/../lib/gcc/sh-coff/3.4-GNUSH_v0501/../../../../sh-coff/lib\libc.a(signal.o)
 .comment       0x0602e050       0x20 C:/saturn/SH_COFF/sh-coff/bin/../lib/gcc/sh-coff/3.4-GNUSH_v0501/../../../../sh-coff/lib\libc.a(signalr.o)
