Archive member included because of file (symbol)

../sbl6/segalib/lib/sega_int.a(int.o)
                              vblank.o (INT_SetScuFunc)
../sbl6/segalib/lib/sega_int.a(int_trmp.o)
                              ../sbl6/segalib/lib/sega_int.a(int.o) (__interrupt_handler0)
../sbl6/segalib/lib/sega_spr.a(spr_2c.o)
                              sprite.o (SPR_2Initial)
../sbl6/segalib/lib/sega_spr.a(spr_slv.o)
                              ../sbl6/segalib/lib/sega_spr.a(spr_2c.o) (SPR_InitSlaveSH)
../sbl6/segalib/lib/sega_spr.a(spr_1c.o)
                              ../sbl6/segalib/lib/sega_spr.a(spr_2c.o) (SPR_Initial)
../sbl6/segalib/lib/sega_spr.a(spr_2a.o)
                              ../sbl6/segalib/lib/sega_spr.a(spr_2c.o) (SPR_2SetDrawPrty)
../sbl6/segalib/lib/sega_scl.a(scl_vblv.o)
                              ../sbl6/segalib/lib/sega_spr.a(spr_1c.o) (SpFrameChgMode)
../sbl6/segalib/lib/sega_scl.a(scl_func.o)
                              sprite.o (SCL_Vdp2Init)
../sbl6/segalib/lib/sega_scl.a(scl_pr03.o)
                              sprite.o (SCL_AllocColRam)
../sbl6/segalib/lib/sega_scl.a(scl_pr02.o)
                              sprite.o (SCL_SetColRam)
../sbl6/segalib/lib/sega_scl.a(scl_back.o)
                              scroll.o (SCL_SetBack)
../sbl6/segalib/lib/sega_scl.a(scl_fu03.o)
                              scroll.o (SCL_InitConfigTb)
../sbl6/segalib/lib/sega_scl.a(scl_fu02.o)
                              scroll.o (SCL_InitVramConfigTb)
../sbl6/segalib/lib/sega_scl.a(scl_fu04.o)
                              scroll.o (SCL_SetCycleTable)
../sbl6/segalib/lib/sega_scl.a(scl_pr07.o)
                              scroll.o (SCL_SetPriority)
../sbl6/segalib/lib/sega_scl.a(scl_pr01.o)
                              main.o (SCL_SetSpriteMode)
../sbl6/segalib/lib/sega_scl.a(scl_pri.o)
                              ../sbl6/segalib/lib/sega_scl.a(scl_func.o) (SclRealOtherPri)
../sbl6/segalib/lib/sega_scl.a(scl_ro00.o)
                              ../sbl6/segalib/lib/sega_scl.a(scl_func.o) (SCL_Rotate)
../sbl6/segalib/lib/sega_scl.a(scl_pr06.o)
                              ../sbl6/segalib/lib/sega_scl.a(scl_pr03.o) (SCL_SetColRamOffset)
../sbl6/segalib/lib/sega_scl.a(scl_pr05.o)
                              ../sbl6/segalib/lib/sega_scl.a(scl_pr02.o) (SCL_GetColRamOffset)
../sbl6/segalib/lib/sega_mth.a(mth_fixd.o)
                              sprite.o (MTH_Mul)
../sbl6/segalib/lib/sega_mth.a(mth_tri.o)
                              sprite.o (MTH_Sin)
../sbl6/segalib/lib/sega_per.a(per_prt.o)
                              ../sbl6/segasmp/per/smpclib/per_x2.o (PER_LInit)
../sbl6/segalib/lib/sega_sat.a(gfs.o)
                              cd.o (GFS_Init)
../sbl6/segalib/lib/sega_sat.a(DMA_SCU1.o)
                              ../sbl6/segalib/lib/sega_spr.a(spr_2c.o) (DMA_ScuMemCopy)
../sbl6/segalib/lib/sega_sat.a(gfs_cdf.o)
                              ../sbl6/segalib/lib/sega_sat.a(gfs.o) (GFCF_Init)
../sbl6/segalib/lib/sega_sat.a(gfs_dir.o)
                              ../sbl6/segalib/lib/sega_sat.a(gfs.o) (GFDR_SetupDirTbl)
../sbl6/segalib/lib/sega_sat.a(gfs_trn.o)
                              ../sbl6/segalib/lib/sega_sat.a(gfs.o) (GFTR_Setup)
../sbl6/segalib/lib/sega_sat.a(gfs_buf.o)
                              ../sbl6/segalib/lib/sega_sat.a(gfs.o) (GFBF_GetNumData)
../sbl6/segalib/lib/sega_sat.a(gfs_cdb.o)
                              ../sbl6/segalib/lib/sega_sat.a(gfs_cdf.o) (GFCB_Setup)
../sbl6/segalib/lib/sega_sat.a(gfs_cdc.o)
                              ../sbl6/segalib/lib/sega_sat.a(gfs.o) (GFCD_SetCdbfs)
../sbl6/segalib/lib/sega_sat.a(DMA_SCU0.o)
                              ../sbl6/segalib/lib/sega_sat.a(DMA_SCU1.o) (DMA_ScuSetPrm)
../sbl6/segalib/lib/sega_sat.a(csh_main.o)
                              ../sbl6/segalib/lib/sega_sat.a(DMA_SCU1.o) (CSH_Purge)
../sbl6/segalib/lib/sega_sat.a(DMA_CPU0.o)
                              ../sbl6/segalib/lib/sega_sat.a(gfs_trn.o) (DMA_CpuSetComPrm)
../sbl6/segalib/lib/sega_sat.a(cdc_reg.o)
                              ../sbl6/segalib/lib/sega_sat.a(gfs_cdb.o) (CDC_GetDataPtr)
../sbl6/segalib/lib/sega_sat.a(cdc_cfs.o)
                              ../sbl6/segalib/lib/sega_sat.a(gfs_cdc.o) (CDC_ChgDir)
../sbl6/segalib/lib/sega_sat.a(cdc_cmn.o)
                              ../sbl6/segalib/lib/sega_sat.a(gfs_cdc.o) (CDC_GetCurStat)
../sbl6/segalib/lib/sega_sat.a(cdc_bio.o)
                              ../sbl6/segalib/lib/sega_sat.a(gfs_cdc.o) (CDC_SetSctLen)
../sbl6/segalib/lib/sega_sat.a(cdc_sel.o)
                              ../sbl6/segalib/lib/sega_sat.a(gfs_cdc.o) (CDC_SetFiltRange)
../sbl6/segalib/lib/sega_sat.a(cdc_drv.o)
                              ../sbl6/segalib/lib/sega_sat.a(gfs_cdc.o) (CDC_CdPlay)
../sbl6/segalib/lib/sega_sat.a(cdc_bif.o)
                              ../sbl6/segalib/lib/sega_sat.a(gfs_cdc.o) (CDC_GetBufSiz)
../sbl6/segalib/lib/sega_sat.a(cdc_dev.o)
[...]
Memory Configuration

Name             Origin             Length             Attributes
*default*        0x00000000         0xffffffff

Linker script and memory map

LOAD ../sbl6/segasmp/lib/strt1_g.o
LOAD ../sbl6/segasmp/lib/strt2_g.o
LOAD vblank.o
LOAD ../sbl6/segasmp/per/smpclib/per_x1.o
LOAD ../sbl6/segasmp/per/smpclib/per_x2.o
LOAD ../sbl6/segasmp/per/smpclib/per_x3.o
LOAD blocks.o
LOAD cd.o
LOAD collision.o
LOAD graphics.o
LOAD player.o
LOAD print.o
LOAD sprite.o
LOAD scroll.o
LOAD main.o
LOAD ../sbl6/segalib/lib/sega_int.a
LOAD ../sbl6/segalib/lib/sega_spr.a
LOAD ../sbl6/segalib/lib/sega_scl.a
LOAD ../sbl6/segalib/lib/sega_mth.a
LOAD ../sbl6/segalib/lib/sega_cdc.a
LOAD ../sbl6/segalib/lib/sega_adp.a
LOAD ../sbl6/segalib/lib/sega_per.a
LOAD ../sbl6/segalib/lib/sega_sat.a
LOAD C:/saturn/SH_COFF/sh-coff/bin/../lib/gcc/sh-coff/3.4-GNUSH_v0501\libgcc.a
LOAD C:/saturn/SH_COFF/sh-coff/bin/../lib/gcc/sh-coff/3.4-GNUSH_v0501/../../../../sh-coff/lib\libc.a
LOAD C:/saturn/SH_COFF/sh-coff/bin/../lib/gcc/sh-coff/3.4-GNUSH_v0501\libgcc.a

.text           0x06010000    0x137f0
 *(.text)
 .text          0x06010000       0x30 ../sbl6/segasmp/lib/strt1_g.o
                0x06010024                _D_END
                0x06010020                _D_BGN
                0x0601002c                _B_END
                0x06010028                _B_BGN
                0x06010000                START
 .text          0x06010030       0x60 ../sbl6/segasmp/lib/strt2_g.o
                0x06010050                _INITSCT
                0x06010030                _INIT
 .text          0x06010090      0x180 vblank.o
                0x06010090                SetVblank
                0x06010110                UsrVblankOut
                0x060100f0                UsrVblankIn
 .text          0x06010210      0x430 ../sbl6/segasmp/per/smpclib/per_x1.o
                0x060105a4                PER_GetAnalogXYZ
                0x06010234                PER_GetTriggerHandler
                0x060104ce                PER_GetEdge
                0x0601044c                PER_GetTrigger
                0x060104f8                PER_GetPressEdge
                0x0601054c                PER_GetReleaseEdge
                0x06010210                PER_SetTriggerHandler
 .text          0x06010640      0x200 ../sbl6/segasmp/per/smpclib/per_x2.o
                0x06010744                PER_GetDeviceA
                0x06010640                PER_OpenPort
                0x06010678                PER_GetPort
                0x060107be                PER_GetDeviceR
 .text          0x06010840       0x20 ../sbl6/segasmp/per/smpclib/per_x3.o
                0x06010840                PER_DisguiseTrigger
 .text          0x06010860       0x90 blocks.o
                0x06010860                block_get
                0x060108c0                block_check
 .text          0x060108f0       0xa0 cd.o
                0x060108f0                cd_init
                0x06010920                cd_load
 .text          0x06010990      0x980 collision.o
                0x06010990                collision_check_up
                0x06011160                collision_eject_horiz
                0x06010fc0                collision_eject_vert
                0x06010d90                collision_check
                0x06010be0                collision_check_left
                0x06010cb0                collision_check_right
                0x06010b30                collision_check_below
                0x06010a20                collision_check_down
 .text          0x06011310      0x310 player.o
                0x06011310                player_frames
                0x060113f0                player_input
                0x06011320                player_init
                0x06011580                player_draw
                0x06011360                player_animate
 .text          0x06011620      0x170 print.o
                0x060116f0                print_display
                0x06011660                print_num
                0x06011620                print_init
                0x060116b0                print_string
 .text          0x06011790      0x5e0 sprite.o
                0x060117c0                sprite_init
                0x06011ba0                sprite_make
                0x06011ce0                sprite_next
                0x06011d40                sprite_delete
                0x06011be0                sprite_draw_all
                0x06011790                sprite_deleteall
                0x06011950                sprite_draw
 .text          0x06011d70      0x6b0 scroll.o
                0x06011d70                scroll_move
                0x06012290                scroll_get
                0x060122f0                scroll_copy
                0x06011ec0                scroll_set
                0x06011fd0                scroll_init
                0x06011ef0                scroll_scale
 .text          0x06012420       0xc0 main.o
                0x06012420                main
 .text          0x060124e0       0x40 ../sbl6/segalib/lib/sega_int.a(int.o)
                0x0601250c                INT_GetScuFunc
                0x060124e0                INT_SetScuFunc
 .text          0x06012520      0x624 ../sbl6/segalib/lib/sega_int.a(int_trmp.o)
                0x06012688                __interrupt_handler60
                0x06012838                __interrupt_handler132
                0x060129ee                __interrupt_handler205
                0x06012856                __interrupt_handler137
                0x06012784                __interrupt_handler102
                0x060125c2                __interrupt_handler27
                0x060129c4                __interrupt_handler198
                0x060128b6                __interrupt_handler153
                0x0601259e                __interrupt_handler21
                0x060126ac                __interrupt_handler66
                0x0601279c                __interrupt_handler106
                0x060128e6                __interrupt_handler161
                0x06012730                __interrupt_handler88
                0x060128fe                __interrupt_handler165
                0x0601280e                __interrupt_handler125
                0x06012544                __interrupt_handler6
                0x060125e0                __interrupt_handler32
                0x0601299a                __interrupt_handler191
                0x06012ab4                __interrupt_handler238
                0x06012acc                __interrupt_handler242
                0x060128d4                __interrupt_handler158
                0x0601273c                __interrupt_handler90
                0x060128f8                __interrupt_handler164
                0x0601261c                __interrupt_handler42
                0x0601295e                __interrupt_handler181
                0x06012a66                __interrupt_handler225
                0x06012b0e                __interrupt_handler253
                0x06012922                __interrupt_handler171
                0x060126dc                __interrupt_handler74
                0x06012532                __interrupt_handler3
                0x06012676                __interrupt_handler57
                0x06012574                __interrupt_handler14
                0x06012a0c                __interrupt_handler210
                0x06012a3c                __interrupt_handler218
                0x06012a00                __interrupt_handler208
                0x06012604                __interrupt_handler38
                0x06012520                __interrupt_handler0
                0x06012790                __interrupt_handler104
                0x060128ce                __interrupt_handler157
                0x06012a1e                __interrupt_handler213
                0x06012910                __interrupt_handler168
                0x0601271e                __interrupt_handler85
                0x060127ba                __interrupt_handler111
                0x060127cc                __interrupt_handler114
                0x0601263a                __interrupt_handler47
                0x06012a90                __interrupt_handler232
                0x06012a5a                __interrupt_handler223
                0x06012aae                __interrupt_handler237
                0x0601269a                __interrupt_handler63
                0x06012628                __interrupt_handler44
                0x0601293a                __interrupt_handler175
                0x06012964                __interrupt_handler182
                0x0601297c                __interrupt_handler186
                0x0601287a                __interrupt_handler143
                0x060127a2                __interrupt_handler107
                0x06012808                __interrupt_handler124
                0x06012928                __interrupt_handler172
                0x06012ade                __interrupt_handler245
                0x0601275a                __interrupt_handler95
                0x06012832                __interrupt_handler131
                0x06012844                __interrupt_handler134
                0x06012862                __interrupt_handler139
                0x060126d0                __interrupt_handler72
                0x06012a8a                __interrupt_handler231
                0x060128e0                __interrupt_handler160
                0x06012826                __interrupt_handler129
                0x06012598                __interrupt_handler20
                0x060126a6                __interrupt_handler65
                0x06012670                __interrupt_handler56
                0x0601256e                __interrupt_handler13
                0x06012a06                __interrupt_handler209
                0x060127c0                __interrupt_handler112
                0x06012592                __interrupt_handler19
                0x0601274e                __interrupt_handler93
                0x060129b8                __interrupt_handler196
                0x060128aa                __interrupt_handler151
                0x0601290a                __interrupt_handler167
                0x06012b20                __trampoline
                0x06012586                __interrupt_handler17
                0x06012a78                __interrupt_handler228
                0x06012b1a                __interrupt_handler255
                0x06012ad8                __interrupt_handler244
                0x06012772                __interrupt_handler99
                0x0601296a                __interrupt_handler183
                0x06012868                __interrupt_handler140
                0x0601298e                __interrupt_handler189
                0x0601288c                __interrupt_handler146
                0x06012a54                __interrupt_handler222
                0x060128c8                __interrupt_handler156
                0x060127fc                __interrupt_handler122
                0x06012af0                __interrupt_handler248
                0x06012640                __interrupt_handler48
                0x060126be                __interrupt_handler69
                0x060125b0                __interrupt_handler24
                0x06012736                __interrupt_handler89
                0x06012a2a                __interrupt_handler215
                0x06012b14                __interrupt_handler254
                0x0601272a                __interrupt_handler87
                0x0601268e                __interrupt_handler61
                0x060129b2                __interrupt_handler195
                0x060128a4                __interrupt_handler150
                0x06012616                __interrupt_handler41
                0x060127b4                __interrupt_handler110
                0x0601281a                __interrupt_handler127
                0x060127a8                __interrupt_handler108
                0x060127c6                __interrupt_handler113
                0x060127d8                __interrupt_handler116
                0x060127f6                __interrupt_handler121
                0x060126ee                __interrupt_handler77
                0x0601260a                __interrupt_handler39
                0x06012622                __interrupt_handler43
                0x06012af6                __interrupt_handler249
                0x06012934                __interrupt_handler174
                0x06012850                __interrupt_handler136
                0x06012988                __interrupt_handler188
                0x06012886                __interrupt_handler145
                0x06012556                __interrupt_handler9
                0x060126fa                __interrupt_handler79
                0x06012a72                __interrupt_handler227
                0x060125ec                __interrupt_handler34
                0x0601282c                __interrupt_handler130
                0x06012aea                __interrupt_handler247
                0x060126e2                __interrupt_handler75
                0x0601292e                __interrupt_handler173
                0x0601265e                __interrupt_handler53
                0x0601289e                __interrupt_handler149
                0x06012b02                __interrupt_handler251
                0x06012a96                __interrupt_handler233
                0x0601255c                __interrupt_handler10
                0x060129e8                __interrupt_handler204
                0x0601270c                __interrupt_handler82
                0x06012712                __interrupt_handler83
                0x060125b6                __interrupt_handler25
                0x06012ad2                __interrupt_handler243
                0x060128ec                __interrupt_handler162
                0x06012634                __interrupt_handler46
                0x0601294c                __interrupt_handler178
                0x06012700                __interrupt_handler80
                0x06012694                __interrupt_handler62
                0x0601252c                __interrupt_handler2
                0x060125ce                __interrupt_handler29
                0x060126c4                __interrupt_handler70
                0x060127ae                __interrupt_handler109
                0x06012898                __interrupt_handler148
                0x06012754                __interrupt_handler94
                0x06012a60                __interrupt_handler224
                0x0601278a                __interrupt_handler103
                0x060125f8                __interrupt_handler36
                0x06012814                __interrupt_handler126
                0x06012ae4                __interrupt_handler246
                0x0601266a                __interrupt_handler55
                0x06012568                __interrupt_handler12
                0x06012658                __interrupt_handler52
                0x06012982                __interrupt_handler187
                0x06012880                __interrupt_handler144
                0x060127de                __interrupt_handler117
                0x0601258c                __interrupt_handler18
                0x060129be                __interrupt_handler197
                0x060128b0                __interrupt_handler152
                0x060127e4                __interrupt_handler118
                0x0601291c                __interrupt_handler170
                0x060129d6                __interrupt_handler201
                0x06012766                __interrupt_handler97
                0x060128f2                __interrupt_handler163
                0x06012958                __interrupt_handler180
                0x060129a0                __interrupt_handler192
                0x06012ac0                __interrupt_handler240
                0x06012802                __interrupt_handler123
                0x06012a24                __interrupt_handler214
                0x060125da                __interrupt_handler31
                0x060125c8                __interrupt_handler28
                0x060126b2                __interrupt_handler67
                0x060126b8                __interrupt_handler68
                0x060125a4                __interrupt_handler22
                0x060125aa                __interrupt_handler23
                0x06012940                __interrupt_handler176
                0x0601254a                __interrupt_handler7
                0x06012a4e                __interrupt_handler221
                0x06012a36                __interrupt_handler217
                0x06012a7e                __interrupt_handler229
                0x06012646                __interrupt_handler49
                0x06012538                __interrupt_handler4
                0x06012610                __interrupt_handler40
                0x060127d2                __interrupt_handler115
                0x06012aa2                __interrupt_handler235
                0x06012742                __interrupt_handler91
                0x060129f4                __interrupt_handler206
                0x06012946                __interrupt_handler177
                0x06012892                __interrupt_handler147
                0x060125fe                __interrupt_handler37
                0x06012afc                __interrupt_handler250
                0x06012526                __interrupt_handler1
                0x06012a42                __interrupt_handler219
                0x060126e8                __interrupt_handler76
                0x06012778                __interrupt_handler100
                0x0601267c                __interrupt_handler58
                0x0601257a                __interrupt_handler15
                0x06012a18                __interrupt_handler212
                0x06012ac6                __interrupt_handler241
                0x060129dc                __interrupt_handler202
                0x060129a6                __interrupt_handler193
                0x060126f4                __interrupt_handler78
                0x0601264c                __interrupt_handler50
                0x060125e6                __interrupt_handler33
                0x06012904                __interrupt_handler166
                0x0601285c                __interrupt_handler138
                0x0601284a                __interrupt_handler135
                0x060125d4                __interrupt_handler30
                0x06012970                __interrupt_handler184
                0x0601286e                __interrupt_handler141
                0x06012a84                __interrupt_handler230
                0x06012aa8                __interrupt_handler236
                0x060127ea                __interrupt_handler119
                0x06012724                __interrupt_handler86
                0x06012796                __interrupt_handler105
                0x06012706                __interrupt_handler81
                0x060127f0                __interrupt_handler120
                0x06012820                __interrupt_handler128
                0x06012664                __interrupt_handler54
                0x06012562                __interrupt_handler11
                0x060129ca                __interrupt_handler199
                0x060128bc                __interrupt_handler154
                0x0601262e                __interrupt_handler45
                0x06012a30                __interrupt_handler216
                0x060129e2                __interrupt_handler203
                0x0601277e                __interrupt_handler101
                0x06012718                __interrupt_handler84
                0x06012976                __interrupt_handler185
                0x06012874                __interrupt_handler142
                0x060125bc                __interrupt_handler26
                0x060126a0                __interrupt_handler64
                0x060129d0                __interrupt_handler200
                0x060129fa                __interrupt_handler207
                0x060129ac                __interrupt_handler194
                0x06012748                __interrupt_handler92
                0x060128c2                __interrupt_handler155
                0x06012a12                __interrupt_handler211
                0x0601283e                __interrupt_handler133
                0x0601253e                __interrupt_handler5
                0x060126d6                __interrupt_handler73
                0x06012580                __interrupt_handler16
                0x06012aba                __interrupt_handler239
                0x06012a9c                __interrupt_handler234
                0x060125f2                __interrupt_handler35
                0x06012682                __interrupt_handler59
                0x06012916                __interrupt_handler169
                0x0601276c                __interrupt_handler98
                0x060126ca                __interrupt_handler71
                0x06012652                __interrupt_handler51
                0x060128da                __interrupt_handler159
                0x06012a6c                __interrupt_handler226
                0x06012760                __interrupt_handler96
                0x06012994                __interrupt_handler190
                0x06012a48                __interrupt_handler220
                0x06012550                __interrupt_handler8
                0x06012952                __interrupt_handler179
                0x06012b08                __interrupt_handler252
 *fill*         0x06012b44        0xc 00
 .text          0x06012b50     0x12a0 ../sbl6/segalib/lib/sega_spr.a(spr_2c.o)
                0x06013db0                SlaveFlushDrawPrtyBlock
                0x06012b50                SPR_2Initial
                0x06013394                SPR_2SysClip
                0x06013334                SPR_2LocalCoord
                0x06013c2c                SPR_2FlushDrawPrtyBlock
                0x06013918                SPR_2DistSpr
                0x0601331c                SPR_2FlushDrawPrty
                0x06013a3c                SPR_2Cmd
                0x06013018                SPR_2GourTblNoToVram
                0x06013078                SPR_2GetAreaSizeInfo
                0x06012de0                SPR_2SetGourTbl
                0x060135cc                SPR_2Polygon
                0x06013054                SPR_2CharNoToVram
                0x06012d60                SPR_2SetTvMode
                0x060131bc                SPR_2CloseCommand
                0x06012d9c                SPR_2FrameEraseData
                0x06012b78                SPR_2Initial2
                0x060137ac                SPR_2ScaleSpr
                0x0601343c                SPR_2Line
                0x06013108                SPR_2OpenCommand
                0x06012d7c                SPR_2FrameChgIntr
                0x06013688                SPR_2NormSpr
                0x06012e10                SPR_2SetLookupTbl
                0x06012e44                SPR_2SetChar
                0x0601303c                SPR_2LookupTblNoToVram
                0x06013510                SPR_2PolyLine
                0x06012fb0                SPR_2ClrAllChar
                0x06012f64                SPR_2ClrChar
                0x060133e0                SPR_2UserClip
 .text          0x06013df0      0x1e6 ../sbl6/segalib/lib/sega_spr.a(spr_slv.o)
                0x06013f54                SPR_WaitEndSlaveSH
                0x06013df0                SPR_SMPC_SSHON
                0x06013f30                SPR_RunSlaveSH
                0x06013df4                SPR_InitSlaveSH
                0x06013ebc                SPR_SlaveSHmain
                0x06013df1                SPR_SMPC_SSHOFF
 *fill*         0x06013fd6        0xa 00
 .text          0x06013fe0      0x36a ../sbl6/segalib/lib/sega_spr.a(spr_1c.o)
                0x06014294                SPR_WaitDrawEnd
                0x060142ac                SPR_SetEosMode
                0x060141c4                SPR_SetEraseData
                0x06013fe0                SPR_Initial
                0x060140b8                SPR_SetTvMode
                0x06014150                SPR_GetStatus
 *fill*         0x0601434a        0x6 00
 .text          0x06014350      0x244 ../sbl6/segalib/lib/sega_spr.a(spr_2a.o)
                0x06014362                sprMemCpyW
                0x060143c0                flushDrawPrtyBlock
                0x06014350                sprMemCpyL
                0x06014374                SPR_2SetDrawPrty
 *fill*         0x06014594        0xc 00
 .text          0x060145a0      0x2fc ../sbl6/segalib/lib/sega_scl.a(scl_vblv.o)
                0x0601465c                SCL_DisplayFrame
                0x060145a0                SCL_SetFrameInterval
                0x06014690                SCL_VblInit
                0x060146e0                SCL_VblankStart
                0x06014724                SCL_VblankEnd
 *fill*         0x0601489c        0x4 00
 .text          0x060148a0      0xb9c ../sbl6/segalib/lib/sega_scl.a(scl_func.o)
                0x0601527c                SCL_Vdp2_SGLInit
                0x0601518c                SCL_PriIntProc
                0x06015104                SCL_Memcpyw
                0x0601541c                SCL_SglOff
                0x060153fc                SCL_SglOn
                0x06015070                SCL_ScrollShow
                0x06014b18                SCL_Close
                0x06014e10                SCL_Scale
                0x060148a0                SCL_Vdp2Init
                0x06014c84                SCL_Move
                0x06014f4c                SCL_CopyReg
                0x06014af4                SCL_Open
                0x06014924                SCL_ParametersInit
                0x06014b34                SCL_MoveTo
                0x0601512c                SCL_SetColRamMode
 *fill*         0x0601543c        0x4 00
 .text          0x06015440      0x138 ../sbl6/segalib/lib/sega_scl.a(scl_pr03.o)
                0x06015440                SCL_FreeColRam
                0x06015478                SCL_AllocColRam
 *fill*         0x06015578        0x8 00
 .text          0x06015580       0x9c ../sbl6/segalib/lib/sega_scl.a(scl_pr02.o)
                0x06015580                SCL_SetColRam
 *fill*         0x0601561c        0x4 00
 .text          0x06015620       0x84 ../sbl6/segalib/lib/sega_scl.a(scl_back.o)
                0x06015620                SCL_SetBack
 *fill*         0x060156a4        0xc 00
 .text          0x060156b0      0x94c ../sbl6/segalib/lib/sega_scl.a(scl_fu03.o)
                0x0601570c                SCL_SetConfig
                0x060156b0                SCL_InitConfigTb
 *fill*         0x06015ffc        0x4 00
 .text          0x06016000      0x4f4 ../sbl6/segalib/lib/sega_scl.a(scl_fu02.o)
                0x06016038                SCL_SetVramConfig
                0x06016000                SCL_InitVramConfigTb
 *fill*         0x060164f4        0xc 00
 .text          0x06016500       0x28 ../sbl6/segalib/lib/sega_scl.a(scl_fu04.o)
                0x06016500                SCL_SetCycleTable
 *fill*         0x06016528        0x8 00
 .text          0x06016530      0x214 ../sbl6/segalib/lib/sega_scl.a(scl_pr07.o)
                0x06016530                SCL_SetPriority
 *fill*         0x06016744        0xc 00
 .text          0x06016750       0x58 ../sbl6/segalib/lib/sega_scl.a(scl_pr01.o)
                0x06016750                SCL_SetSpriteMode
 *fill*         0x060167a8        0x8 00
 .text          0x060167b0     0x10a4 ../sbl6/segalib/lib/sega_scl.a(scl_pri.o)
                0x06016844                SCL_AbortAutoVe
                0x060176f4                SCL_SetShadowBit
                0x06016cbc                SCL_AutoExec
                0x060167b0                SCL_PriorityInit
                0x060171d0                SCL_IncColOffset
                0x06016858                SCL_SetColMixRate
                0x06016828                SCL_GetColRamMode
 *fill*         0x06017854        0xc 00
 .text          0x06017860     0x1394 ../sbl6/segalib/lib/sega_scl.a(scl_ro00.o)
                0x06018a4c                SCL_RotateZD
                0x06017d14                SCL_Rotate
                0x060179e8                SCL_InitRotateTable
 *fill*         0x06018bf4        0xc 00
 .text          0x06018c00      0x1b4 ../sbl6/segalib/lib/sega_scl.a(scl_pr06.o)
                0x06018c00                SCL_SetColRamOffset
 *fill*         0x06018db4        0xc 00
 .text          0x06018dc0       0xac ../sbl6/segalib/lib/sega_scl.a(scl_pr05.o)
                0x06018dc0                SCL_GetColRamOffset
 *fill*         0x06018e6c        0x4 00
 .text          0x06018e70       0xa4 ../sbl6/segalib/lib/sega_mth.a(mth_fixd.o)
                0x06018ec0                MTH_FixedToInt
                0x06018eb0                MTH_IntToFixed
                0x06018e70                MTH_Mul
                0x06018ed0                MTH_Product
                0x06018e90                MTH_Div
 *fill*         0x06018f14        0xc 00
 .text          0x06018f20      0x600 ../sbl6/segalib/lib/sega_mth.a(mth_tri.o)
                0x06018fbc                fcos
                0x06018fc2                fsin
                0x06018f6c                MTH_Cos
                0x06018f20                MTH_Sin
                0x06019160                MTH_Atan
 .text          0x06019520      0xf50 ../sbl6/segalib/lib/sega_per.a(per_prt.o)
                0x06019940                PER_IntFunc
                0x06019738                PER_LGetPer
                0x06019520                PER_LInit
 .text          0x0601a470     0x1b04 ../sbl6/segalib/lib/sega_sat.a(gfs.o)
                0x0601a470                gfs_version
                0x0601b6e4                gfs_mngGetNumFile
                0x0601be64                gfs_closeSub
                0x0601b200                GFS_SetGmode
                0x0601b4bc                GFS_SetErrFunc
                0x0601b60c                gfs_mngSetupFuncTbl
                0x0601a7c8                GFS_Reset
                0x0601b534                gfs_chgRoot
                0x0601b600                gfs_aborttrans
                0x0601b8e4                gfs_svrAddHndl
                0x0601b794                gfs_mngFreeGrp
                0x0601b50c                GFS_ConvTno
                0x0601ba98                gfs_getRootDir
                0x0601b4e8                GFS_GetErrStat
                0x0601a938                GFS_Seek
                0x0601afa4                GFS_NwStop
                0x0601b7a0                gfs_mngTermAccess
                0x0601a84c                GFS_Open
                0x0601b74c                GFS_mngAllocGrp
                0x0601beac                gfs_isTaskDone
                0x0601aca4                GFS_Fread
                0x0601b404                GFS_StartTrans
                0x0601be00                gfs_GetFinfo
                0x0601b640                gfs_mngInitWork
                0x0601aa90                GFS_ByteToSct
                0x0601b8a4                gfs_svrSearchHndl
                0x0601bb94                gfs_loadRootDir
                0x0601a6ec                GFS_IdToName
                0x0601ade8                GFS_NwFread
                0x0601b334                GFS_SetTransPara
                0x0601aef4                GFS_NwCdRead
                0x0601b9d4                gfs_loadVol
                0x0601b2d0                GFS_SetReadPara
                0x0601a9ec                GFS_Tell
                0x0601b264                GFS_SetTmode
                0x0601bd68                GFS_GetFad
                0x0601b3a0                GFS_SetTrFunc
                0x0601b450                GFS_CdMovePickup
                0x0601a688                GFS_NameToId
                0x0601b0bc                GFS_NwExecOne
                0x0601bc1c                gfs_flowIn
                0x0601ab44                GFS_GetFileInfo
                0x0601bcc4                gfs_transData
                0x0601b920                gfs_svrRemoveHndl
                0x0601af6c                GFS_NwIsComplete
                0x0601bea0                gfs_getGmode
                0x0601b010                GFS_NwGetStat
                0x0601b97c                GFS_OpenSub
                0x0601a620                GFS_SetDir
                0x0601aaec                GFS_GetFileSize
                0x0601abb8                GFS_GetNumCdbuf
                0x0601bf00                gfs_convFinStat
                0x0601abe0                GFS_Load
                0x0601ad40                gfs_waitRead
                0x0601a578                GFS_LoadDir
                0x0601a758                GFS_GetDirInfo
                0x0601a900                GFS_Close
                0x0601a490                GFS_Init
                0x0601b08c                gfs_recovRdErr
                0x0601b824                gfs_mngSetErrCode
                0x0601b17c                GFS_NwExecServer
                0x0601aa3c                GFS_IsEof
                0x0601bdc0                gfs_SetSct
 *fill*         0x0601bf74        0xc 00
 .text          0x0601bf80      0x1f4 ../sbl6/segalib/lib/sega_sat.a(DMA_SCU1.o)
                0x0601c0dc                DMA_ScuResult
                0x0601bf80                DMA_ScuInit
                0x0601bfd0                DMA_ScuMemCopy
 *fill*         0x0601c174        0xc 00
 .text          0x0601c180      0x8d4 ../sbl6/segalib/lib/sega_sat.a(gfs_cdf.o)
                0x0601c674                GFCF_Seek
                0x0601c77c                GFCF_GetStat
                0x0601c65c                GFCF_Tell
                0x0601c220                GFCF_Setup
                0x0601c728                GFCF_cnvIntlvOfs
                0x0601c180                GFCF_Init
                0x0601c614                GFCF_Recover
                0x0601c368                GFCF_SetSct
                0x0601c68c                GFCF_MovePickup
                0x0601c850                gfcf_isCdOk
                0x0601c420                GFCF_FlowInBuf
                0x0601c3ac                GFCF_GetFileInfo
                0x0601c574                GFCF_StopInBuf
                0x0601c814                gfcf_getSctSize
                0x0601c910                gfcf_getPlayRange
 *fill*         0x0601ca54        0xc 00
 .text          0x0601ca60      0x928 ../sbl6/segalib/lib/sega_sat.a(gfs_dir.o)
                0x0601cf50                gfdr_setNextRec
                0x0601d34c                gfdr_setDirrecCd
                0x0601cd48                gfdr_open
                0x0601cb5c                GFDR_GetAtrDirId
                0x0601ce30                gfdr_readByte
                0x0601ca60                GFDR_SetupDirTbl
                0x0601cf28                gfdr_readLongNM
                0x0601cfd4                gfdr_readDirEnt
                0x0601cb8c                GFDR_ChgRoot
                0x0601cad4                GFDR_NameToId
                0x0601cc18                gfdr_setupDirIdTbl
                0x0601cb74                GFDR_GetAtrDirName
                0x0601cb34                GFDR_GetInfoDirId
                0x0601cedc                gfdr_readLongNB
                0x0601cd70                gfdr_read
                0x0601ce5c                gfdr_readWord
                0x0601cc9c                gfdr_setupDirNameTbl
                0x0601cb48                GFDR_GetInfoDirName
                0x0601cba4                GFDR_ChgDir
                0x0601ce88                gfdr_readWordNB
 *fill*         0x0601d388        0x8 00
 .text          0x0601d390      0xa46 ../sbl6/segalib/lib/sega_sat.a(gfs_trn.o)
                0x0601d470                GFTR_SetTransMax
                0x0601d840                gftr_execScu
                0x0601ddc4                GFTR_SetTransFunc
                0x0601dc8c                gftr_remTrn
                0x0601ddb0                GFTR_SetData
                0x0601dab0                gftr_execSdma1
                0x0601dd00                gftr_copyFrac
                0x0601d464                GFTR_GetNumTrans
                0x0601d404                GFTR_SetMode
                0x0601da80                gftr_remDma0
                0x0601dd28                GFTR_GetLenData
                0x0601d834                gftr_reqScu
                0x0601da98                gftr_reqDma1
                0x0601d750                gftr_getSrcPack
                0x0601dd80                GFTR_RtnDstPk
                0x0601d91c                gfdma_exec
                0x0601dbb4                gftr_execTrn
                0x0601d648                GFTR_ExecSvr
                0x0601db44                gftr_reqTrn
                0x0601da0c                gfdma_getBytecnt
                0x0601daec                gftr_reqCpu
                0x0601dd4c                GFTR_GetDstPack
                0x0601da44                gftr_reqDma0
                0x0601d5d0                GFTR_Idle
                0x0601d488                GFTR_Pause
                0x0601d458                GFTR_GetTransPara
                0x0601db38                gftr_remCpu
                0x0601d424                GFTR_SetTransPara
                0x0601dad4                gftr_remDma1
                0x0601d494                GFTR_Stop
                0x0601da5c                gftr_execSdma0
                0x0601d3c0                GFTR_Setup
                0x0601d8dc                gftr_remScu
                0x0601d7d8                gftr_getDstPack
                0x0601d910                gfdma_canUse
                0x0601d54c                GFTR_Exec
                0x0601dd9c                GFTR_GetData
                0x0601d47c                GFTR_Start
                0x0601d418                GFTR_SetUnit
                0x0601daf8                gftr_execCpu
                0x0601dd34                GFTR_GetLenRoom
 *fill*         0x0601ddd6        0xa 00
 .text          0x0601dde0      0x106 ../sbl6/segalib/lib/sega_sat.a(gfs_buf.o)
                0x0601de38                GFBF_GetNumData
                0x0601deb4                GFBF_RtnPk
                0x0601de68                GFBF_GetSrcPk
                0x0601dedc                gfbf_getSctDt
                0x0601de10                GFBF_GetTranData
                0x0601de90                GFBF_GetSctData
 *fill*         0x0601dee6        0xa 00
 .text          0x0601def0      0x600 ../sbl6/segalib/lib/sega_sat.a(gfs_cdb.o)
                0x0601e498                GFCB_GetPickup
                0x0601e010                GFCB_Close
                0x0601e2dc                GFCB_GetSrcPack
                0x0601e464                GFCB_SetCon
                0x0601e0e4                GFCB_GetLenRoom
                0x0601e448                GFCB_MovePickup
                0x0601e3bc                GFCB_GetSctData
                0x0601e0f0                GFCB_SetFilt
                0x0601e038                GFCB_GetLenData
                0x0601e4d8                GFCB_UngetPickup
                0x0601def0                GFCB_Setup
                0x0601e180                GFCB_Tell
                0x0601e4c0                GFCB_IsPuOwner
                0x0601e1e0                GFCB_Seek
                0x0601e158                GFCB_DeleteAllData
                0x0601e3f4                GFCB_GetDstPack
                0x0601e190                gfcb_getSctNum
                0x0601e400                GFCB_RtnPk
 .text          0x0601e4f0     0x1a04 ../sbl6/segalib/lib/sega_sat.a(gfs_cdc.o)
                0x0601e78c                GFCD_AllocBuf
                0x0601f568                gfcd_doGetLenDataTsk
                0x0601fe04                GFCD_SetCsctFunc
                0x0601e864                GFCD_GetBaseFad
                0x0601e9e0                GFCD_GetFilt
                0x0601f9f4                gfcd_doChgDirTsk
                0x0601fd34                gfcd_checkEflag
                0x0601ed28                GFCD_MovePickup
                0x0601ee0c                GFCD_GetSctInfo
                0x0601f6bc                gfcd_doReqDataTsk
                0x0601ee54                GFCD_ChgDir
                0x0601eb48                GFCD_ReqData
                0x0601fe20                GFCD_ChkScdqFlag
                0x0601f2d8                GFCD_WaitServer
                0x0601ebec                GFCD_DelSctData
                0x0601f0c4                GFCD_ExecServer
                0x0601f4d8                gfcd_doSetConTsk
                0x0601e720                GFCD_AllocFilt
                0x0601e91c                GFCD_SetFilt
                0x0601f314                gfcd_doSetFiltTsk
                0x0601fe44                GFCD_ClrScdqFlag
                0x0601f75c                gfcd_doDelSctDataTsk
                0x0601f220                gfcd_doTask
                0x0601e898                GFCD_GetPickup
                0x0601ede8                GFCD_CheckMove
                0x0601fe60                GFCD_WaitScdqFlag
                0x0601ea80                GFCD_Play
                0x0601f890                gfcd_doMoveSctTsk
                0x0601ea28                GFCD_SetCon
                0x0601eec8                GFCD_SetFiltCon
                0x0601fea4                GFCD_WaitPause
                0x0601f08c                GFCD_GetBufSiz
                0x0601e8cc                GFCD_UngetPickup
                0x0601efb0                GFCD_GetFileInfo
                0x0601eba4                GFCD_EndData
                0x0601e7c0                GFCD_FreeBuf
                0x0601eae0                GFCD_GetLenData
                0x0601e75c                GFCD_FreeFilt
                0x0601f198                gfcd_isIdleTask
                0x0601e51c                GFCD_Init
                0x0601fbf0                gfcd_doSetFiltConTsk
                0x0601ec74                GFCD_GetStat
                0x0601ed74                GFCD_MoveSctData
                0x0601e8f8                GFCD_IsPuOwner
                0x0601fd58                gfcd_initCdbMng
                0x0601e4f0                GFCD_SetCdbfs
                0x0601f2c4                GFCD_SetTimer
                0x0601fdd8                gfcd_setStat
                0x0601ec44                GFCD_CheckDelSctData
 *fill*         0x0601fef4        0xc 00
 .text          0x0601ff00      0x308 ../sbl6/segalib/lib/sega_sat.a(DMA_SCU0.o)
                0x0601ff84                DMA_ScuStart
                0x060200b8                DMA_ScuIntFunc0
                0x06020128                DMA_ScuIntFunc1
                0x06020198                DMA_ScuIntFunc2
                0x06020078                DMA_ScuGetStatus
                0x0601ff00                DMA_ScuSetPrm
 *fill*         0x06020208        0x8 00
 .text          0x06020210       0xe8 ../sbl6/segalib/lib/sega_sat.a(csh_main.o)
                0x06020210                CSH_Init
                0x06020278                CSH_AllClr
                0x060202c4                CSH_Purge
 *fill*         0x060202f8        0x8 00
 .text          0x06020300      0x1b6 ../sbl6/segalib/lib/sega_sat.a(DMA_CPU0.o)
                0x06020348                DMA_CpuSetPrm
                0x0602044c                DMA_CpuStart
                0x060204a4                DMA_CpuGetStatus
                0x06020478                DMA_CpuAllStop
                0x0602048c                DMA_CpuGetComStatus
                0x06020300                DMA_CpuSetComPrm
                0x06020460                DMA_CpuStop
 *fill*         0x060204b6        0xa 00
 .text          0x060204c0      0x2dc ../sbl6/segalib/lib/sega_sat.a(cdc_reg.o)
                0x06020514                CDREG_ClrHirqReq
                0x060204e4                CDC_ClrHirqReq
                0x06020594                CDREG_TgetData
                0x06020584                CDC_GetMpegPtr
                0x06020560                CDC_GetHirqMsk
                0x060204c0                CDC_GetDataPtr
                0x060204d0                CDC_GetHirqReq
                0x060206f0                CDREG_WaitHirq
                0x06020574                CDC_SetHirqMsk
                0x060205f0                CDREG_CmdRsp
                0x06020524                CDREG_InitHirqReq
                0x0602054c                CDREG_SetHirqFlag
                0x06020760                CDREG_ReadRsp
 *fill*         0x0602079c        0x4 00
 .text          0x060207a0      0x194 ../sbl6/segalib/lib/sega_sat.a(cdc_cfs.o)
                0x060207a0                CDC_ChgDir
                0x060207d4                CDC_ReadDir
                0x060208f8                CDC_AbortFile
                0x06020808                CDC_GetFileScope
                0x06020868                CDC_TgetFileInfo
                0x060208c4                CDC_ReadFile
 *fill*         0x06020934        0xc 00
 .text          0x06020940      0x3a0 ../sbl6/segalib/lib/sega_sat.a(cdc_cmn.o)
                0x06020ae4                CDC_TgetToc
                0x06020c88                CDC_DataEnd
                0x060209a8                CDC_GetPeriStat
                0x06020c1c                CDC_DataReady
                0x06020bf4                CDC_CdOpen
                0x06020b70                CDC_CdInit
                0x06020b34                CDC_GetSes
                0x06020990                CDC_GetLastStat
                0x06020940                CDC_GetCurStat
                0x06020a7c                CDC_GetHwInfo
 .text          0x06020ce0      0x1e4 ../sbl6/segalib/lib/sega_sat.a(cdc_bio.o)
                0x06020d8c                CDC_GetdelSctData
                0x06020d14                CDC_GetSctData
                0x06020dc8                CDC_PutSctData
                0x06020e44                CDC_MoveSctData
                0x06020e88                CDC_GetCopyErr
                0x06020d50                CDC_DelSctData
                0x06020ce0                CDC_SetSctLen
                0x06020e00                CDC_CopySctData
 *fill*         0x06020ec4        0xc 00
 .text          0x06020ed0      0x2b8 ../sbl6/segalib/lib/sega_sat.a(cdc_sel.o)
                0x06021100                CDC_GetFiltCon
                0x0602107c                CDC_GetFiltMode
                0x06021154                CDC_ResetSelector
                0x06020ed0                CDC_SetFiltRange
                0x06020f5c                CDC_SetFiltSubh
                0x06020fcc                CDC_GetFiltSubh
                0x06020f04                CDC_GetFiltRange
                0x06021048                CDC_SetFiltMode
                0x060210c0                CDC_SetFiltCon
 *fill*         0x06021188        0x8 00
 .text          0x06021190      0x130 ../sbl6/segalib/lib/sega_sat.a(cdc_drv.o)
                0x06021190                CDC_CdPlay
                0x0602125c                CDC_CdSeek
                0x06021290                CDC_CdScan
 .text          0x060212c0      0x270 ../sbl6/segalib/lib/sega_sat.a(cdc_bif.o)
                0x0602131c                CDC_GetSctNum
                0x0602149c                CDC_ExeFadSearch
                0x0602141c                CDC_GetSctInfo
                0x06021360                CDC_CalActSiz
                0x060212c0                CDC_GetBufSiz
                0x0602139c                CDC_GetActSiz
                0x060214d4                CDC_GetFadSearch
 .text          0x06021530       0xa8 ../sbl6/segalib/lib/sega_sat.a(cdc_dev.o)
                0x0602159c                CDC_CdGetLastBuf
                0x06021530                CDC_CdSetCon
                0x06021560                CDC_CdGetCon
 *fill*         0x060215d8        0x8 00
 .text          0x060215e0      0x152 ../sbl6/segalib/lib/sega_sat.a(cdc_sub.o)
                0x06021688                CDSUB_GetCdstat
                0x060215f8                CDSUB_UpdCdstat
                0x060216c8                CDSUB_RspToCdstat
                0x06021710                CDSUB_SoftTimer
                0x060215e0                CDSUB_UpdStatus
                0x06021618                CDSUB_CdCmd
 *fill*         0x06021732        0xe 00
 .text          0x06021740       0x60 C:/saturn/SH_COFF/sh-coff/bin/../lib/gcc/sh-coff/3.4-GNUSH_v0501\libgcc.a(_ashiftrt.o)
                0x0602174c                __ashiftrt_r4_27
                0x06021780                __ashiftrt_r4_6
                0x06021770                __ashiftrt_r4_14
                0x06021762                __ashiftrt_r4_19
                0x0602177a                __ashiftrt_r4_9
                0x0602178e                __ashiftrt_r4_0
                0x06021740                __ashiftrt_r4_31
                0x0602174e                __ashiftrt_r4_26
                0x0602175c                __ashiftrt_r4_22
                0x06021768                __ashiftrt_r4_16
                0x06021774                __ashiftrt_r4_12
                0x06021748                __ashiftrt_r4_29
                0x06021766                __ashiftrt_r4_17
                0x06021746                __ashiftrt_r4_30
                0x06021782                __ashiftrt_r4_5
                0x0602177c                __ashiftrt_r4_8
                0x06021740                __ashiftrt_r4_32
                0x06021750                __ashiftrt_r4_25
                0x06021788                __ashiftrt_r4_2
                0x06021752                __ashiftrt_r4_24
                0x0602176e                __ashiftrt_r4_15
                0x06021778                __ashiftrt_r4_10
                0x0602178a                __ashiftrt_r4_1
                0x0602174a                __ashiftrt_r4_28
                0x06021760                __ashiftrt_r4_20
                0x0602177e                __ashiftrt_r4_7
                0x06021772                __ashiftrt_r4_13
                0x06021776                __ashiftrt_r4_11
                0x06021784                __ashiftrt_r4_4
                0x0602175a                __ashiftrt_r4_23
                0x06021764                __ashiftrt_r4_18
                0x0602175e                __ashiftrt_r4_21
                0x06021786                __ashiftrt_r4_3
 .text          0x060217a0       0x90 C:/saturn/SH_COFF/sh-coff/bin/../lib/gcc/sh-coff/3.4-GNUSH_v0501\libgcc.a(_ashiftlt.o)
                0x060217a0                __ashlsi3
 .text          0x06021830       0xb0 C:/saturn/SH_COFF/sh-coff/bin/../lib/gcc/sh-coff/3.4-GNUSH_v0501\libgcc.a(_movstr.o)
                0x06021870                __movstrSI16
                0x06021844                __movstrSI60
                0x06021850                __movstrSI48
                0x0602184c                __movstrSI52
                0x06021840                __movstrSI64
                0x06021854                __movstrSI44
                0x06021858                __movstrSI40
                0x0602185c                __movstrSI36
                0x06021890                __movstr
                0x06021848                __movstrSI56
                0x06021864                __movstrSI28
                0x06021860                __movstrSI32
                0x06021874                __movstrSI12
                0x06021878                __movstrSI8
                0x06021880                __movstrSI0
                0x06021868                __movstrSI24
                0x0602186c                __movstrSI20
                0x0602187c                __movstrSI4
 .text          0x060218e0       0xa0 C:/saturn/SH_COFF/sh-coff/bin/../lib/gcc/sh-coff/3.4-GNUSH_v0501\libgcc.a(__main.o)
                0x06021954                __main
                0x060218e0                __do_global_dtors
                0x06021914                __do_global_ctors
 .text          0x06021980       0x70 C:/saturn/SH_COFF/sh-coff/bin/../lib/gcc/sh-coff/3.4-GNUSH_v0501\libgcc.a(_udivsi3.o)
                0x060219a2                __udivsi3
 .text          0x060219f0       0xb0 C:/saturn/SH_COFF/sh-coff/bin/../lib/gcc/sh-coff/3.4-GNUSH_v0501\libgcc.a(_si_to_df.o)
                0x060219f0                __floatsidf
 .text          0x06021aa0      0x2e0 C:/saturn/SH_COFF/sh-coff/bin/../lib/gcc/sh-coff/3.4-GNUSH_v0501\libgcc.a(_mul_df.o)
                0x06021ab0                __muldf3
 .text          0x06021d80       0x80 C:/saturn/SH_COFF/sh-coff/bin/../lib/gcc/sh-coff/3.4-GNUSH_v0501\libgcc.a(_df_to_si.o)
                0x06021d80                __fixdfsi
 .text          0x06021e00       0xa0 C:/saturn/SH_COFF/sh-coff/bin/../lib/gcc/sh-coff/3.4-GNUSH_v0501\libgcc.a(_sdivsi3.o)
                0x06021e00                __sdivsi3
 .text          0x06021ea0      0x220 C:/saturn/SH_COFF/sh-coff/bin/../lib/gcc/sh-coff/3.4-GNUSH_v0501\libgcc.a(_pack_df.o)
                0x06021eb0                __pack_d
 .text          0x060220c0      0x120 C:/saturn/SH_COFF/sh-coff/bin/../lib/gcc/sh-coff/3.4-GNUSH_v0501\libgcc.a(_unpack_df.o)
                0x060220d0                __unpack_d
 .text          0x060221e0       0x20 C:/saturn/SH_COFF/sh-coff/bin/../lib/gcc/sh-coff/3.4-GNUSH_v0501\libgcc.a(_thenan_df.o)
                0x060221e0                __thenan_df
 .text          0x06022200       0xd0 C:/saturn/SH_COFF/sh-coff/bin/../lib/gcc/sh-coff/3.4-GNUSH_v0501\libgcc.a(_muldi3.o)
                0x06022200                __muldi3
 .text          0x060222d0       0x80 C:/saturn/SH_COFF/sh-coff/bin/../lib/gcc/sh-coff/3.4-GNUSH_v0501\libgcc.a(_lshrdi3.o)
                0x060222d0                __lshrdi3
 .text          0x06022350       0x80 C:/saturn/SH_COFF/sh-coff/bin/../lib/gcc/sh-coff/3.4-GNUSH_v0501\libgcc.a(_ashldi3.o)
                0x06022350                __ashldi3
 .text          0x060223d0       0x30 C:/saturn/SH_COFF/sh-coff/bin/../lib/gcc/sh-coff/3.4-GNUSH_v0501\libgcc.a(_mulsi3.o)
                0x060223d0                __mulsi3
 .text          0x06022400       0x90 C:/saturn/SH_COFF/sh-coff/bin/../lib/gcc/sh-coff/3.4-GNUSH_v0501\libgcc.a(_lshiftrt.o)
                0x06022400                __lshrsi3
 .text          0x06022490       0xa0 C:/saturn/SH_COFF/sh-coff/bin/../lib/gcc/sh-coff/3.4-GNUSH_v0501/../../../../sh-coff/lib\libc.a(memcpy.o)
                0x06022490                memcpy
 .text          0x06022530       0x40 C:/saturn/SH_COFF/sh-coff/bin/../lib/gcc/sh-coff/3.4-GNUSH_v0501/../../../../sh-coff/lib\libc.a(memset.o)
                0x06022530                memset
 .text          0x06022570       0x60 C:/saturn/SH_COFF/sh-coff/bin/../lib/gcc/sh-coff/3.4-GNUSH_v0501/../../../../sh-coff/lib\libc.a(memcmp.o)
                0x06022570                memcmp
 .text          0x060225d0       0xb0 C:/saturn/SH_COFF/sh-coff/bin/../lib/gcc/sh-coff/3.4-GNUSH_v0501/../../../../sh-coff/lib\libc.a(strncmp.o)
                0x060225d0                strncmp
 .text          0x06022680       0xa0 C:/saturn/SH_COFF/sh-coff/bin/../lib/gcc/sh-coff/3.4-GNUSH_v0501/../../../../sh-coff/lib\libc.a(strncpy.o)
                0x06022680                strncpy
 .text          0x06022720       0x90 C:/saturn/SH_COFF/sh-coff/bin/../lib/gcc/sh-coff/3.4-GNUSH_v0501/../../../../sh-coff/lib\libc.a(atexit.o)
                0x06022720                atexit
 .text          0x060227b0       0x10 C:/saturn/SH_COFF/sh-coff/bin/../lib/gcc/sh-coff/3.4-GNUSH_v0501/../../../../sh-coff/lib\libc.a(impure.o)
                0x060227b0                _global_impure_ptr
 .text          0x060227c0       0x40 C:/saturn/SH_COFF/sh-coff/bin/../lib/gcc/sh-coff/3.4-GNUSH_v0501/../../../../sh-coff/lib\libc.a(malloc.o)
                0x060227dc                free
                0x060227c0                malloc
 .text          0x06022800      0x5b0 C:/saturn/SH_COFF/sh-coff/bin/../lib/gcc/sh-coff/3.4-GNUSH_v0501/../../../../sh-coff/lib\libc.a(mallocr.o)
                0x06022800                _malloc_r
 .text          0x06022db0      0x340 C:/saturn/SH_COFF/sh-coff/bin/../lib/gcc/sh-coff/3.4-GNUSH_v0501/../../../../sh-coff/lib\libc.a(freer.o)
                0x06022db0                _malloc_trim_r
                0x06022ea4                _free_r
 .text          0x060230f0       0x20 C:/saturn/SH_COFF/sh-coff/bin/../lib/gcc/sh-coff/3.4-GNUSH_v0501/../../../../sh-coff/lib\libc.a(mlock.o)
                0x060230f0                __malloc_lock
                0x060230fc                __malloc_unlock
 .text          0x06023110       0x50 C:/saturn/SH_COFF/sh-coff/bin/../lib/gcc/sh-coff/3.4-GNUSH_v0501/../../../../sh-coff/lib\libc.a(sbrkr.o)
                0x06023110                _sbrk_r
 .text          0x06023160      0x380 C:/saturn/SH_COFF/sh-coff/bin/../lib/gcc/sh-coff/3.4-GNUSH_v0501/../../../../sh-coff/lib\libc.a(syscalls.o)
                0x060232cc                _exit
                0x06023300                _getpid
                0x06023368                _utime
                0x06023198                _write
                0x06023160                _read
                0x060232b4                _unlink
                0x0602327c                _open
                0x06023318                _stat
                0x060232c0                isatty
                0x06023398                _wait
                0x060232e4                _kill
                0x06023334                _chmod
                0x060233c8                _execv
                0x060233ac                _execve
                0x060234a4                __setup_argv_and_call_main
                0x06023400                _gettimeofday
                0x060231cc                _link
                0x0602330c                _raise
                0x06023298                _creat
                0x060233e0                _pipe
                0x0602334c                _chown
                0x0602317c                _lseek
                0x060231b4                _close
                0x060233f4                _times
                0x06023268                _fstat
                0x06023384                _fork
                0x060231f4                _sbrk
 .text          0x060234e0       0x20 C:/saturn/SH_COFF/sh-coff/bin/../lib/gcc/sh-coff/3.4-GNUSH_v0501/../../../../sh-coff/lib\libc.a(trap.o)
                0x060234e0                __trap34
 .text          0x06023500       0x20 C:/saturn/SH_COFF/sh-coff/bin/../lib/gcc/sh-coff/3.4-GNUSH_v0501/../../../../sh-coff/lib\libc.a(abort.o)
                0x06023500                abort
 .text          0x06023520      0x270 C:/saturn/SH_COFF/sh-coff/bin/../lib/gcc/sh-coff/3.4-GNUSH_v0501/../../../../sh-coff/lib\libc.a(signal.o)
                0x060235e0                _raise_r
                0x06023768                __sigtramp
                0x06023714                raise
                0x06023750                _init_signal
                0x060236a0                __sigtramp_r
                0x06023730                signal
                0x0602356c                _signal_r
                0x06023520                _init_signal_r
 .text          0x06023790       0x60 C:/saturn/SH_COFF/sh-coff/bin/../lib/gcc/sh-coff/3.4-GNUSH_v0501/../../../../sh-coff/lib\libc.a(signalr.o)
                0x060237d8                _getpid_r
                0x06023790                _kill_r
 *(.strings)

.tors           0x060237f0        0x0
                0x060237f0                ___ctors = .
 *(.ctors)
                0x060237f0                ___ctors_end = .
                0x060237f0                ___dtors = .
 *(.dtors)
                0x060237f0                ___dtors_end = .

.data           0x060237f0     0x15d0
                0x060237f0                STARTOF_R = .
 *(.data)
 .data          0x060237f0      0x400 ../sbl6/segasmp/per/smpclib/per_x1.o
 .data          0x06023bf0       0x50 blocks.o
                0x06023c24                tile2_slope
                0x06023c04                tile4_slope
                0x06023bf0                block_slopes
                0x06023c14                tile3_slope
 .data          0x06023c40      0x4c0 graphics.o
                0x06023c9a                guy_num
                0x060240f8                bg_num
                0x06023cf0                bg_pal
                0x06023c8c                guy_name
                0x06023c4c                guy_pal
                0x06023ce6                font_height
                0x06023c4a                map_width
                0x06023c48                map_height
                0x06023c96                guy_width
                0x06023c40                map_name
                0x06023cdc                font_name
                0x060240f0                bg_name
                0x06023ce8                font_width
                0x06023c94                guy_height
                0x06023cec                font_num
                0x06023c9c                font_pal
                0x06023c98                guy_size
                0x06023cea                font_size
 .data          0x06024100       0x30 sprite.o
 .data          0x06024130       0x20 scroll.o
                0x06024130                CycleTb
                0x06024140                vram
 .data          0x06024150      0x400 ../sbl6/segalib/lib/sega_int.a(int.o)
 .data          0x06024550       0x1c ../sbl6/segalib/lib/sega_spr.a(spr_slv.o)
                0x06024558                SPR_SlaveParam
                0x06024568                SPR_SMPC_SF
                0x06024560                SPR_SMPC_COM
                0x0602455c                SPR_SlaveSHEntry
                0x06024554                SPR_SlaveState
                0x06024550                SPR_SlaveCommand
                0x06024564                SPR_SMPC_RET
 *fill*         0x0602456c        0x4 00
 .data          0x06024570       0x34 ../sbl6/segalib/lib/sega_spr.a(spr_1c.o)
                0x06024570                SpInitialFlag
 *fill*         0x060245a4        0xc 00
 .data          0x060245b0       0x1c ../sbl6/segalib/lib/sega_scl.a(scl_vblv.o)
                0x060245b8                VBInterval
                0x060245c0                ReqDisplayFlag
                0x060245b0                SpFrameChgMode
                0x060245bc                VBIntervalCounter
                0x060245b4                SpFrameEraseMode
 *fill*         0x060245cc        0x4 00
 .data          0x060245d0       0x36 ../sbl6/segalib/lib/sega_scl.a(scl_func.o)
                0x060245e0                SclRotregBuff
                0x060245dc                SclDisplayY
                0x060245e4                SclRotateTableMode
                0x060245d8                SclProcess
                0x060245d4                SclCurSclNum
                0x060245d0                SclLengthLsTbl
                0x060245da                SclDisplayX
                0x060245d2                SclLengthCsTbl
 *fill*         0x06024606        0xa 00
 .data          0x06024610       0x18 ../sbl6/segalib/lib/sega_scl.a(scl_pri.o)
                0x06024614                SclRealSpPriNum
                0x06024624                SclRealColOffset
                0x06024620                SclRealBgColMix
                0x0602461c                SclRealSpColMix
                0x06024618                SclRealBgPriNum
                0x06024610                SclRealOtherPri
 *fill*         0x06024628        0x8 00
 .data          0x06024630      0x380 C:/saturn/SH_COFF/sh-coff/bin/../lib/gcc/sh-coff/3.4-GNUSH_v0501/../../../../sh-coff/lib\libc.a(impure.o)
                0x060249ac                _impure_ptr
 .data          0x060249b0      0x410 C:/saturn/SH_COFF/sh-coff/bin/../lib/gcc/sh-coff/3.4-GNUSH_v0501/../../../../sh-coff/lib\libc.a(mallocr.o)
                0x060249b8                __malloc_av_
                0x060249b4                __malloc_trim_threshold
                0x060249b0                __malloc_sbrk_base
                0x06024dc0                SIZEOF_R = (. - STARTOF_R)
                0x06024dc0                ENDOF_R = .

.bss            0x06024dc0     0x8c44
                0x06024dc0                STARTOF_B = .
 *(.bss)
 .bss           0x06024dc0       0x10 vblank.o
                0x06024dc4                PadData2E
                0x06024dca                PadData1
                0x06024dc6                PadData2
                0x06024dc8                PadData1E
                0x06024dc0                __port
 .bss           0x06024dd0       0xd0 ../sbl6/segasmp/per/smpclib/per_x2.o
 .bss           0x06024ea0     0x3800 sprite.o
                0x06024ea0                num_sprites
 .bss           0x060286a0       0x50 scroll.o
                0x060286bc                map_tiles_x
                0x060286c4                scrolls_y
                0x060286a0                scroll_transition_state
                0x060286a4                scroll_ysize
                0x060286b4                map_tiles_y
                0x060286ac                copy_modes
                0x060286d4                scrolls_x
                0x060286a8                scroll_xsize
 .bss           0x060286f0       0x10 main.o
                0x060286f0                frame
 .bss           0x06028700       0x6e ../sbl6/segalib/lib/sega_spr.a(spr_2c.o)
 *fill*         0x0602876e        0x2 00
 .bss           0x06028770        0x4 ../sbl6/segalib/lib/sega_scl.a(scl_vblv.o)
 *fill*         0x06028774        0xc 00
 .bss           0x06028780        0x4 ../sbl6/segalib/lib/sega_scl.a(scl_func.o)
 *fill*         0x06028784        0xc 00
 .bss           0x06028790       0x48 ../sbl6/segalib/lib/sega_scl.a(scl_ro00.o)
 *fill*         0x060287d8        0x8 00
 .bss           0x060287e0       0x9c ../sbl6/segalib/lib/sega_per.a(per_prt.o)
 *fill*         0x0602887c        0x4 00
 .bss           0x06028880        0xc ../sbl6/segalib/lib/sega_sat.a(DMA_SCU1.o)
 *fill*         0x0602888c        0x4 00
 .bss           0x06028890        0xc ../sbl6/segalib/lib/sega_sat.a(gfs_trn.o)
 *fill*         0x0602889c        0x4 00
 .bss           0x060288a0       0x20 ../sbl6/segalib/lib/sega_sat.a(DMA_SCU0.o)
 .bss           0x060288c0        0x2 ../sbl6/segalib/lib/sega_sat.a(cdc_reg.o)
 *fill*         0x060288c2        0xe 00
 .bss           0x060288d0        0xc ../sbl6/segalib/lib/sega_sat.a(cdc_sub.o)
 *fill*         0x060288dc        0x4 00
 .bss           0x060288e0       0x10 C:/saturn/SH_COFF/sh-coff/bin/../lib/gcc/sh-coff/3.4-GNUSH_v0501\libgcc.a(__main.o)
 .bss           0x060288f0       0x10 C:/saturn/SH_COFF/sh-coff/bin/../lib/gcc/sh-coff/3.4-GNUSH_v0501/../../../../sh-coff/lib\libc.a(atexit.o)
 .bss           0x06028900       0x40 C:/saturn/SH_COFF/sh-coff/bin/../lib/gcc/sh-coff/3.4-GNUSH_v0501/../../../../sh-coff/lib\libc.a(mallocr.o)
                0x06028930                __malloc_top_pad
                0x06028900                __malloc_current_mallinfo
                0x0602892c                __malloc_max_sbrked_mem
                0x06028928                __malloc_max_total_mem
 .bss           0x06028940       0x10 C:/saturn/SH_COFF/sh-coff/bin/../lib/gcc/sh-coff/3.4-GNUSH_v0501/../../../../sh-coff/lib\libc.a(syscalls.o)
 *(COMMON)
 COMMON         0x06028950     0x1674 cd.o
                                  0x0 (size before relaxing)
                0x06028950                dirname
                0x060292b0                lib_work
                0x06029fb8                directory_table
 *fill*         0x06029fc4        0xc 00
 COMMON         0x06029fd0       0x38 player.o
                                  0x0 (size before relaxing)
                0x06029fd0                player
 *fill*         0x0602a008        0x8 00
 COMMON         0x0602a010      0x8c0 print.o
                                  0x0 (size before relaxing)
                0x0602a010                text
 COMMON         0x0602a8d0     0x1460 sprite.o
                                  0x0 (size before relaxing)
                0x0602a8d0                sprites
                0x0602ad30                image_buf
 COMMON         0x0602bd30      0x24c scroll.o
                                  0x0 (size before relaxing)
                0x0602bd30                scfg3
                0x0602bdc0                scfg0
                0x0602be50                maps
                0x0602be60                scfg2
                0x0602bef0                scfg1
 *fill*         0x0602bf7c        0x4 00
 COMMON         0x0602bf80        0x8 main.o
                                  0x0 (size before relaxing)
                0x0602bf80                buf
 *fill*         0x0602bf88        0x8 00
 COMMON         0x0602bf90      0x400 ../sbl6/segalib/lib/sega_int.a(int.o)
                                  0x0 (size before relaxing)
                0x0602bf90                __interrupt_vector
 COMMON         0x0602c390       0x50 ../sbl6/segalib/lib/sega_spr.a(spr_2c.o)
                                  0x0 (size before relaxing)
                0x0602c390                SpMstCmd
                0x0602c394                Sp2OpenFlag
                0x0602c398                SpGourTblMax
                0x0602c39c                SpDrawPrtyBlk
                0x0602c3a0                SpLCoordX
                0x0602c3a4                SpMstDrawPrtyBlk
                0x0602c3a8                SpGourTbl
                0x0602c3ac                SpLookupTblR
                0x0602c3b0                SpCmdTbl
                0x0602c3b4                SpCharMax
                0x0602c3b8                SpDrawPrtyProcFlag
                0x0602c3bc                SpCmdNo
                0x0602c3c0                SpDrawPrtyBlkMax
                0x0602c3c4                SpSlvCmdPos
                0x0602c3c8                SpSlvDrawPrtyBlk
                0x0602c3cc                SpCharTbl
                0x0602c3d0                SpCmdTblR
                0x0602c3d4                SpMstCmdPos
                0x0602c3d8                SpSlvCmd
                0x0602c3dc                SpLCoordY
 COMMON         0x0602c3e0       0x10 ../sbl6/segalib/lib/sega_spr.a(spr_1c.o)
                                  0x0 (size before relaxing)
                0x0602c3e0                SpScreenY
                0x0602c3e4                SpFbcrMode
                0x0602c3e6                SpDil
                0x0602c3e8                SpDie
                0x0602c3ea                SpTvMode
                0x0602c3ec                SpScreenX
 COMMON         0x0602c3f0      0xf00 ../sbl6/segalib/lib/sega_scl.a(scl_func.o)
                                  0x0 (size before relaxing)
                0x0602c3f0                SclRbgKtbAddr
                0x0602c3f8                SclRb
                0x0602c3fa                Scl_flag
                0x0602c400                SclK_TableBuff
                0x0602d0d0                SclAddrCsTbl
                0x0602d0e0                Scl_s_reg
                0x0602d108                SclRotateXy
                0x0602d110                Scl_d_reg
                0x0602d158                SclRotateDisp
                0x0602d160                SclRotateMoveZ
                0x0602d168                SclRotXySw
                0x0602d170                Scl_r_reg
                0x0602d180                SclRPMD
                0x0602d188                SclRbgKtbOffset
                0x0602d190                _SclRotregBuff
                0x0602d260                SclRa
                0x0602d268                SclRotateZ
                0x0602d270                SclAddrLsTbl
                0x0602d278                SclK_TableNum
                0x0602d280                SclRotateTableAddress
                0x0602d284                SclK_TableFlag
                0x0602d290                Scl_w_reg
                0x0602d2b0                Scl_n_reg
 COMMON         0x0602d2f0      0x6b0 ../sbl6/segalib/lib/sega_scl.a(scl_pri.o)
                                  0x0 (size before relaxing)
                0x0602d2f0                SclAutoEndBlue2
                0x0602d300                SclColOffset
                0x0602d310                SclPriBuffDirty
                0x0602d312                SclAutoEndRed
                0x0602d314                SclAutoSurface
                0x0602d318                SclAutoGreen
                0x0602d31a                SclAutoEndGreen
                0x0602d31c                SclAutoCount
                0x0602d320                SclColRamAlloc256
                0x0602d340                SclAutoCurRate
                0x0602d341                SclAutoPlusFlag
                0x0602d348                SclSpColMix
                0x0602d350                SclAutoMax
                0x0602d354                SclLineColRamOffset
                0x0602d358                SclColRamAlloc2048
                0x0602d35c                SclBgPriNum
                0x0602d362                SclAutoEndBlue
                0x0602d364                SclAutoEndGreen2
                0x0602d366                SclAutoVeFlag
                0x0602d368                SclBgColMix
                0x0602d370                SclAutoIndex
                0x0602d374                SclAutoEndRate
                0x0602d376                SclAutoBlue
                0x0602d378                SclAutoRed
                0x0602d37c                SclAutoInterval
                0x0602d380                SclOtherPri
                0x0602d390                SclAutoRGB
                0x0602d990                SclAutoEndRed2
                0x0602d998                SclSpPriNum
 COMMON         0x0602d9a0       0x10 ../sbl6/segalib/lib/sega_scl.a(scl_ro00.o)
                                  0x0 (size before relaxing)
                0x0602d9a0                SclCsx
                0x0602d9a8                SclCsy
 COMMON         0x0602d9b0       0x15 ../sbl6/segalib/lib/sega_per.a(per_prt.o)
                                  0x0 (size before relaxing)
                0x0602d9b0                per_get_time_flg
                0x0602d9b1                per_hot_res
                0x0602d9b2                per_set_sys_flg
                0x0602d9b4                per_get_time_adr
                0x0602d9b8                per_get_sys_data
                0x0602d9c4                per_time_out_flg
 *fill*         0x0602d9c5        0xb 00
 COMMON         0x0602d9d0        0xc ../sbl6/segalib/lib/sega_sat.a(gfs.o)
                                  0x0 (size before relaxing)
                0x0602d9d0                GFMC_base
                0x0602d9d4                gfs_mng_ptr
                0x0602d9d8                gfs_use_scudma
 *fill*         0x0602d9dc        0x4 00
 COMMON         0x0602d9e0        0x8 ../sbl6/segalib/lib/sega_sat.a(gfs_cdf.o)
                                  0x0 (size before relaxing)
                0x0602d9e0                gfcf_fad
                0x0602d9e4                gfcf_stat
 *fill*         0x0602d9e8        0x8 00
 COMMON         0x0602d9f0        0xc ../sbl6/segalib/lib/sega_sat.a(gfs_cdc.o)
                                  0x0 (size before relaxing)
                0x0602d9f0                gfcd_fatal_err
                0x0602d9f4                gfcd_work
                0x0602d9f8                gfcd_playflag
 *fill*         0x0602d9fc        0x4 00
 COMMON         0x0602da00        0x4 C:/saturn/SH_COFF/sh-coff/bin/../lib/gcc/sh-coff/3.4-GNUSH_v0501/../../../../sh-coff/lib\libc.a(syscalls.o)
                                  0x0 (size before relaxing)
                0x0602da00                errno
                0x0602da04                SIZEOF_B = (. - STARTOF_B)
                0x0602da04                ENDOF_B = .
                0x0602da04                _end = .
OUTPUT(main.cof coff-sh)

.comment        0x0602da10      0x4a0
 .comment       0x0602da10       0x20 ../sbl6/segasmp/lib/strt2_g.o
 .comment       0x0602da30       0x20 vblank.o
 .comment       0x0602da50       0x20 ../sbl6/segasmp/per/smpclib/per_x1.o
 .comment       0x0602da70       0x20 ../sbl6/segasmp/per/smpclib/per_x2.o
 .comment       0x0602da90       0x20 blocks.o
 .comment       0x0602dab0       0x20 cd.o
 .comment       0x0602dad0       0x20 collision.o
 .comment       0x0602daf0       0x20 graphics.o
 .comment       0x0602db10       0x20 player.o
 .comment       0x0602db30       0x20 print.o
 .comment       0x0602db50       0x20 sprite.o
 .comment       0x0602db70       0x20 scroll.o
 .comment       0x0602db90       0x20 main.o
 .comment       0x0602dbb0       0x20 C:/saturn/SH_COFF/sh-coff/bin/../lib/gcc/sh-coff/3.4-GNUSH_v0501\libgcc.a(__main.o)
 .comment       0x0602dbd0       0x20 C:/saturn/SH_COFF/sh-coff/bin/../lib/gcc/sh-coff/3.4-GNUSH_v0501\libgcc.a(_si_to_df.o)
 .comment       0x0602dbf0       0x20 C:/saturn/SH_COFF/sh-coff/bin/../lib/gcc/sh-coff/3.4-GNUSH_v0501\libgcc.a(_mul_df.o)
 .comment       0x0602dc10       0x20 C:/saturn/SH_COFF/sh-coff/bin/../lib/gcc/sh-coff/3.4-GNUSH_v0501\libgcc.a(_df_to_si.o)
 .comment       0x0602dc30       0x20 C:/saturn/SH_COFF/sh-coff/bin/../lib/gcc/sh-coff/3.4-GNUSH_v0501\libgcc.a(_pack_df.o)
 .comment       0x0602dc50       0x20 C:/saturn/SH_COFF/sh-coff/bin/../lib/gcc/sh-coff/3.4-GNUSH_v0501\libgcc.a(_unpack_df.o)
 .comment       0x0602dc70       0x20 C:/saturn/SH_COFF/sh-coff/bin/../lib/gcc/sh-coff/3.4-GNUSH_v0501\libgcc.a(_thenan_df.o)
 .comment       0x0602dc90       0x20 C:/saturn/SH_COFF/sh-coff/bin/../lib/gcc/sh-coff/3.4-GNUSH_v0501\libgcc.a(_muldi3.o)
 .comment       0x0602dcb0       0x20 C:/saturn/SH_COFF/sh-coff/bin/../lib/gcc/sh-coff/3.4-GNUSH_v0501\libgcc.a(_lshrdi3.o)
 .comment       0x0602dcd0       0x20 C:/saturn/SH_COFF/sh-coff/bin/../lib/gcc/sh-coff/3.4-GNUSH_v0501\libgcc.a(_ashldi3.o)
 .comment       0x0602dcf0       0x20 C:/saturn/SH_COFF/sh-coff/bin/../lib/gcc/sh-coff/3.4-GNUSH_v0501/../../../../sh-coff/lib\libc.a(memcmp.o)
 .comment       0x0602dd10       0x20 C:/saturn/SH_COFF/sh-coff/bin/../lib/gcc/sh-coff/3.4-GNUSH_v0501/../../../../sh-coff/lib\libc.a(strncmp.o)
 .comment       0x0602dd30       0x20 C:/saturn/SH_COFF/sh-coff/bin/../lib/gcc/sh-coff/3.4-GNUSH_v0501/../../../../sh-coff/lib\libc.a(strncpy.o)
 .comment       0x0602dd50       0x20 C:/saturn/SH_COFF/sh-coff/bin/../lib/gcc/sh-coff/3.4-GNUSH_v0501/../../../../sh-coff/lib\libc.a(atexit.o)
 .comment       0x0602dd70       0x20 C:/saturn/SH_COFF/sh-coff/bin/../lib/gcc/sh-coff/3.4-GNUSH_v0501/../../../../sh-coff/lib\libc.a(impure.o)
 .comment       0x0602dd90       0x20 C:/saturn/SH_COFF/sh-coff/bin/../lib/gcc/sh-coff/3.4-GNUSH_v0501/../../../../sh-coff/lib\libc.a(malloc.o)
 .comment       0x0602ddb0       0x20 C:/saturn/SH_COFF/sh-coff/bin/../lib/gcc/sh-coff/3.4-GNUSH_v0501/../../../../sh-coff/lib\libc.a(mallocr.o)
 .comment       0x0602ddd0       0x20 C:/saturn/SH_COFF/sh-coff/bin/../lib/gcc/sh-coff/3.4-GNUSH_v0501/../../../../sh-coff/lib\libc.a(freer.o)
 .comment       0x0602ddf0       0x20 C:/saturn/SH_COFF/sh-coff/bin/../lib/gcc/sh-coff/3.4-GNUSH_v0501/../../../../sh-coff/lib\libc.a(mlock.o)
 .comment       0x0602de10       0x20 C:/saturn/SH_COFF/sh-coff/bin/../lib/gcc/sh-coff/3.4-GNUSH_v0501/../../../../sh-coff/lib\libc.a(sbrkr.o)
 .comment       0x0602de30       0x20 C:/saturn/SH_COFF/sh-coff/bin/../lib/gcc/sh-coff/3.4-GNUSH_v0501/../../../../sh-coff/lib\libc.a(syscalls.o)
 .comment       0x0602de50       0x20 C:/saturn/SH_COFF/sh-coff/bin/../lib/gcc/sh-coff/3.4-GNUSH_v0501/../../../../sh-coff/lib\libc.a(abort.o)
 .comment       0x0602de70       0x20 C:/saturn/SH_COFF/sh-coff/bin/../lib/gcc/sh-coff/3.4-GNUSH_v0501/../../../../sh-coff/lib\libc.a(signal.o)
 .comment       0x0602de90       0x20 C:/saturn/SH_COFF/sh-coff/bin/../lib/gcc/sh-coff/3.4-GNUSH_v0501/../../../../sh-coff/lib\libc.a(signalr.o)
