Archive member included because of file (symbol)

../sbl6/segalib/lib/sega_int.a(int.o)
                              vblank.o (INT_SetScuFunc)
../sbl6/segalib/lib/sega_int.a(int_trmp.o)
                              ../sbl6/segalib/lib/sega_int.a(int.o) (__interrupt_handler0)
../sbl6/segalib/lib/sega_spr.a(spr_2c.o)
                              sprite.o (SPR_2Initial)
../sbl6/segalib/lib/sega_spr.a(spr_slv.o)
                              ../sbl6/segalib/lib/sega_spr.a(spr_2c.o) (SPR_InitSlaveSH)
../sbl6/segalib/lib/sega_spr.a(spr_1c.o)
                              ../sbl6/segalib/lib/sega_spr.a(spr_2c.o) (SPR_Initial)
../sbl6/segalib/lib/sega_spr.a(spr_2a.o)
                              ../sbl6/segalib/lib/sega_spr.a(spr_2c.o) (SPR_2SetDrawPrty)
../sbl6/segalib/lib/sega_scl.a(scl_vblv.o)
                              ../sbl6/segalib/lib/sega_spr.a(spr_1c.o) (SpFrameChgMode)
../sbl6/segalib/lib/sega_scl.a(scl_func.o)
                              sprite.o (SCL_Vdp2Init)
../sbl6/segalib/lib/sega_scl.a(scl_pr03.o)
                              scroll.o (SCL_AllocColRam)
../sbl6/segalib/lib/sega_scl.a(scl_pr02.o)
                              scroll.o (SCL_SetColRam)
../sbl6/segalib/lib/sega_scl.a(scl_back.o)
                              scroll.o (SCL_SetBack)
../sbl6/segalib/lib/sega_scl.a(scl_fu05.o)
                              scroll.o (SCL_InitLineParamTb)
../sbl6/segalib/lib/sega_scl.a(scl_fu03.o)
                              scroll.o (SCL_InitConfigTb)
../sbl6/segalib/lib/sega_scl.a(scl_fu02.o)
                              scroll.o (SCL_InitVramConfigTb)
../sbl6/segalib/lib/sega_scl.a(scl_fu04.o)
                              scroll.o (SCL_SetCycleTable)
../sbl6/segalib/lib/sega_scl.a(scl_pr07.o)
                              scroll.o (SCL_SetPriority)
../sbl6/segalib/lib/sega_scl.a(scl_pr01.o)
                              main.o (SCL_SetSpriteMode)
../sbl6/segalib/lib/sega_scl.a(scl_pri.o)
                              ../sbl6/segalib/lib/sega_scl.a(scl_func.o) (SclRealOtherPri)
../sbl6/segalib/lib/sega_scl.a(scl_ro00.o)
                              ../sbl6/segalib/lib/sega_scl.a(scl_func.o) (SCL_Rotate)
../sbl6/segalib/lib/sega_scl.a(scl_pr06.o)
                              ../sbl6/segalib/lib/sega_scl.a(scl_pr03.o) (SCL_SetColRamOffset)
../sbl6/segalib/lib/sega_scl.a(scl_pr05.o)
                              ../sbl6/segalib/lib/sega_scl.a(scl_pr02.o) (SCL_GetColRamOffset)
../sbl6/segalib/lib/sega_mth.a(mth_fixd.o)
                              sprite.o (MTH_Mul)
../sbl6/segalib/lib/sega_mth.a(mth_tri.o)
                              sprite.o (MTH_Sin)
../sbl6/segalib/lib/sega_cdc.a(cdc_drv.o)
                              sound.o (CDC_CdPlay)
../sbl6/segalib/lib/sega_cdc.a(cdc_sub.o)
                              ../sbl6/segalib/lib/sega_cdc.a(cdc_drv.o) (CDSUB_UpdCdstat)
../sbl6/segalib/lib/sega_cdc.a(cdc_reg.o)
                              ../sbl6/segalib/lib/sega_cdc.a(cdc_sub.o) (CDREG_CmdRsp)
../sbl6/segalib/lib/sega_cdc.a(cdc_cmn.o)
                              ../sbl6/segalib/lib/sega_cdc.a(cdc_reg.o) (CDC_DataReady)
../sbl6/segalib/lib/sega_per.a(per_prt.o)
                              ../sbl6/segasmp/per/smpclib/per_x2.o (PER_LInit)
../sbl6/segalib/lib/sega_sat.a(gfs.o)
                              cd.o (GFS_Init)
../sbl6/segalib/lib/sega_sat.a(DMA_SCU1.o)
                              ../sbl6/segalib/lib/sega_spr.a(spr_2c.o) (DMA_ScuMemCopy)
../sbl6/segalib/lib/sega_sat.a(gfs_cdf.o)
                              ../sbl6/segalib/lib/sega_sat.a(gfs.o) (GFCF_Init)
../sbl6/segalib/lib/sega_sat.a(gfs_dir.o)
                              ../sbl6/segalib/lib/sega_sat.a(gfs.o) (GFDR_SetupDirTbl)
../sbl6/segalib/lib/sega_sat.a(gfs_trn.o)
                              ../sbl6/segalib/lib/sega_sat.a(gfs.o) (GFTR_Setup)
../sbl6/segalib/lib/sega_sat.a(gfs_buf.o)
                              ../sbl6/segalib/lib/sega_sat.a(gfs.o) (GFBF_GetNumData)
../sbl6/segalib/lib/sega_sat.a(gfs_cdb.o)
                              ../sbl6/segalib/lib/sega_sat.a(gfs_cdf.o) (GFCB_Setup)
../sbl6/segalib/lib/sega_sat.a(gfs_cdc.o)
                              ../sbl6/segalib/lib/sega_sat.a(gfs.o) (GFCD_SetCdbfs)
../sbl6/segalib/lib/sega_sat.a(DMA_SCU0.o)
                              ../sbl6/segalib/lib/sega_sat.a(DMA_SCU1.o) (DMA_ScuSetPrm)
../sbl6/segalib/lib/sega_sat.a(csh_main.o)
                              ../sbl6/segalib/lib/sega_sat.a(DMA_SCU1.o) (CSH_Purge)
../sbl6/segalib/lib/sega_sat.a(DMA_CPU0.o)
                              ../sbl6/segalib/lib/sega_sat.a(gfs_trn.o) (DMA_CpuSetComPrm)
../sbl6/segalib/lib/sega_sat.a(cdc_cfs.o)
                              ../sbl6/segalib/lib/sega_sat.a(gfs_cdc.o) (CDC_ChgDir)
../sbl6/segalib/lib/sega_sat.a(cdc_bio.o)
                              ../sbl6/segalib/lib/sega_sat.a(gfs_cdc.o) (CDC_SetSctLen)
../sbl6/segalib/lib/sega_sat.a(cdc_sel.o)
                              ../sbl6/segalib/lib/sega_sat.a(gfs_cdc.o) (CDC_SetFiltRange)
[...]
Memory Configuration

Name             Origin             Length             Attributes
*default*        0x00000000         0xffffffff

Linker script and memory map

LOAD ../sbl6/segasmp/lib/strt1_g.o
LOAD ../sbl6/segasmp/lib/strt2_g.o
LOAD vblank.o
LOAD ../sbl6/segasmp/per/smpclib/per_x1.o
LOAD ../sbl6/segasmp/per/smpclib/per_x2.o
LOAD ../sbl6/segasmp/per/smpclib/per_x3.o
LOAD blocks.o
LOAD cd.o
LOAD collision.o
LOAD enemylist.o
LOAD graphics.o
LOAD pcmsys.o
LOAD player.o
LOAD print.o
LOAD scroll.o
LOAD sound.o
LOAD sprite.o
LOAD spritecode/explosion.o
LOAD spritecode/float.o
LOAD main.o
LOAD ../sbl6/segalib/lib/sega_int.a
LOAD ../sbl6/segalib/lib/sega_spr.a
LOAD ../sbl6/segalib/lib/sega_scl.a
LOAD ../sbl6/segalib/lib/sega_mth.a
LOAD ../sbl6/segalib/lib/sega_cdc.a
LOAD ../sbl6/segalib/lib/sega_adp.a
LOAD ../sbl6/segalib/lib/sega_per.a
LOAD ../sbl6/segalib/lib/sega_sat.a
LOAD C:/saturn/SH_COFF/sh-coff/bin/../lib/gcc/sh-coff/3.4-GNUSH_v0501\libgcc.a
LOAD C:/saturn/SH_COFF/sh-coff/bin/../lib/gcc/sh-coff/3.4-GNUSH_v0501/../../../../sh-coff/lib\libc.a
LOAD C:/saturn/SH_COFF/sh-coff/bin/../lib/gcc/sh-coff/3.4-GNUSH_v0501\libgcc.a

.text           0x06010000    0x15210
 *(.text)
 .text          0x06010000       0x30 ../sbl6/segasmp/lib/strt1_g.o
                0x06010024                _D_END
                0x06010020                _D_BGN
                0x0601002c                _B_END
                0x06010028                _B_BGN
                0x06010000                START
 .text          0x06010030       0x60 ../sbl6/segasmp/lib/strt2_g.o
                0x06010050                _INITSCT
                0x06010030                _INIT
 .text          0x06010090      0x190 vblank.o
                0x06010090                SetVblank
                0x06010120                UsrVblankOut
                0x060100f0                UsrVblankIn
 .text          0x06010220      0x430 ../sbl6/segasmp/per/smpclib/per_x1.o
                0x060105b4                PER_GetAnalogXYZ
                0x06010244                PER_GetTriggerHandler
                0x060104de                PER_GetEdge
                0x0601045c                PER_GetTrigger
                0x06010508                PER_GetPressEdge
                0x0601055c                PER_GetReleaseEdge
                0x06010220                PER_SetTriggerHandler
 .text          0x06010650      0x200 ../sbl6/segasmp/per/smpclib/per_x2.o
                0x06010754                PER_GetDeviceA
                0x06010650                PER_OpenPort
                0x06010688                PER_GetPort
                0x060107ce                PER_GetDeviceR
 .text          0x06010850       0x20 ../sbl6/segasmp/per/smpclib/per_x3.o
                0x06010850                PER_DisguiseTrigger
 .text          0x06010870       0xd0 blocks.o
                0x06010870                block_get
                0x060108d0                block_check
                0x06010900                block_spike
 .text          0x06010940      0x120 cd.o
                0x060109e0                cd_load_nosize
                0x06010940                cd_init
                0x06010970                cd_load
 .text          0x06010a60      0x970 collision.o
                0x06010a60                collision_check_up
                0x06011230                collision_eject_horiz
                0x06011390                collision_player
                0x06011060                collision_eject_vert
                0x06010d90                collision_check
                0x06010c50                collision_check_left
                0x06010ce0                collision_check_right
                0x06010fc0                collision_spikes
                0x06010b90                collision_check_below
                0x06010ad0                collision_check_down
 .text          0x060113d0       0x80 enemylist.o
                0x060113d0                enemylist_spawn
 .text          0x06011450      0x890 pcmsys.o
                0x06011af0                load_8bit_pcm
                0x06011870                smpc_issue_command
                0x06011910                load_drv
                0x06011c70                pcm_parameter_change
                0x06011850                smpc_wait_till_ready
                0x06011890                load_driver_binary
                0x06011c30                pcm_play
                0x06011ca0                pcm_cease
                0x06011960                calculate_bytes_per_blank
                0x060119a0                load_16bit_pcm
 .text          0x06011ce0      0x780 player.o
                0x06011d70                player_killenemy
                0x06011ce0                player_frames
                0x06011f00                player_input
                0x06011cf0                player_init
                0x06011d90                player_die
                0x06012310                player_draw
                0x06011d40                player_cankill
                0x06011df0                player_animate
 .text          0x06012460      0x170 print.o
                0x06012530                print_display
                0x060124a0                print_num
                0x06012460                print_init
                0x060124f0                print_string
 .text          0x060125d0      0x990 scroll.o
                0x060125d0                scroll_move
                0x06012810                scroll_get
                0x06012d00                scroll_copy
                0x06012700                scroll_set
                0x06012e40                scroll_reset
                0x06012ea0                scroll_linescroll4
                0x06012930                scroll_init
                0x06012730                scroll_scale
                0x06012870                scroll_changescreen
 .text          0x06012f60      0x170 sound.o
                0x060130b0                sound_play
                0x06012f80                sound_init
                0x06013070                sound_cdda
 .text          0x060130d0      0x710 sprite.o
                0x06013100                sprite_init
                0x060135f0                sprite_make
                0x06013750                sprite_next
                0x060137b0                sprite_delete
                0x06013640                sprite_draw_all
                0x060130d0                sprite_deleteall
                0x060133a0                sprite_draw
 .text          0x060137e0       0xe0 spritecode/explosion.o
                0x06013850                explosion_move
                0x060137e0                explosion_make
 .text          0x060138c0      0x180 spritecode/float.o
                0x060138c0                float_make
                0x06013930                float_move
 .text          0x06013a40      0x1b0 main.o
                0x06013a40                main
 .text          0x06013bf0       0x40 ../sbl6/segalib/lib/sega_int.a(int.o)
                0x06013c1c                INT_GetScuFunc
                0x06013bf0                INT_SetScuFunc
 .text          0x06013c30      0x624 ../sbl6/segalib/lib/sega_int.a(int_trmp.o)
                0x06013d98                __interrupt_handler60
                0x06013f48                __interrupt_handler132
                0x060140fe                __interrupt_handler205
                0x06013f66                __interrupt_handler137
                0x06013e94                __interrupt_handler102
                0x06013cd2                __interrupt_handler27
                0x060140d4                __interrupt_handler198
                0x06013fc6                __interrupt_handler153
                0x06013cae                __interrupt_handler21
                0x06013dbc                __interrupt_handler66
                0x06013eac                __interrupt_handler106
                0x06013ff6                __interrupt_handler161
                0x06013e40                __interrupt_handler88
                0x0601400e                __interrupt_handler165
                0x06013f1e                __interrupt_handler125
                0x06013c54                __interrupt_handler6
                0x06013cf0                __interrupt_handler32
                0x060140aa                __interrupt_handler191
                0x060141c4                __interrupt_handler238
                0x060141dc                __interrupt_handler242
                0x06013fe4                __interrupt_handler158
                0x06013e4c                __interrupt_handler90
                0x06014008                __interrupt_handler164
                0x06013d2c                __interrupt_handler42
                0x0601406e                __interrupt_handler181
                0x06014176                __interrupt_handler225
                0x0601421e                __interrupt_handler253
                0x06014032                __interrupt_handler171
                0x06013dec                __interrupt_handler74
                0x06013c42                __interrupt_handler3
                0x06013d86                __interrupt_handler57
                0x06013c84                __interrupt_handler14
                0x0601411c                __interrupt_handler210
                0x0601414c                __interrupt_handler218
                0x06014110                __interrupt_handler208
                0x06013d14                __interrupt_handler38
                0x06013c30                __interrupt_handler0
                0x06013ea0                __interrupt_handler104
                0x06013fde                __interrupt_handler157
                0x0601412e                __interrupt_handler213
                0x06014020                __interrupt_handler168
                0x06013e2e                __interrupt_handler85
                0x06013eca                __interrupt_handler111
                0x06013edc                __interrupt_handler114
                0x06013d4a                __interrupt_handler47
                0x060141a0                __interrupt_handler232
                0x0601416a                __interrupt_handler223
                0x060141be                __interrupt_handler237
                0x06013daa                __interrupt_handler63
                0x06013d38                __interrupt_handler44
                0x0601404a                __interrupt_handler175
                0x06014074                __interrupt_handler182
                0x0601408c                __interrupt_handler186
                0x06013f8a                __interrupt_handler143
                0x06013eb2                __interrupt_handler107
                0x06013f18                __interrupt_handler124
                0x06014038                __interrupt_handler172
                0x060141ee                __interrupt_handler245
                0x06013e6a                __interrupt_handler95
                0x06013f42                __interrupt_handler131
                0x06013f54                __interrupt_handler134
                0x06013f72                __interrupt_handler139
                0x06013de0                __interrupt_handler72
                0x0601419a                __interrupt_handler231
                0x06013ff0                __interrupt_handler160
                0x06013f36                __interrupt_handler129
                0x06013ca8                __interrupt_handler20
                0x06013db6                __interrupt_handler65
                0x06013d80                __interrupt_handler56
                0x06013c7e                __interrupt_handler13
                0x06014116                __interrupt_handler209
                0x06013ed0                __interrupt_handler112
                0x06013ca2                __interrupt_handler19
                0x06013e5e                __interrupt_handler93
                0x060140c8                __interrupt_handler196
                0x06013fba                __interrupt_handler151
                0x0601401a                __interrupt_handler167
                0x06014230                __trampoline
                0x06013c96                __interrupt_handler17
                0x06014188                __interrupt_handler228
                0x0601422a                __interrupt_handler255
                0x060141e8                __interrupt_handler244
                0x06013e82                __interrupt_handler99
                0x0601407a                __interrupt_handler183
                0x06013f78                __interrupt_handler140
                0x0601409e                __interrupt_handler189
                0x06013f9c                __interrupt_handler146
                0x06014164                __interrupt_handler222
                0x06013fd8                __interrupt_handler156
                0x06013f0c                __interrupt_handler122
                0x06014200                __interrupt_handler248
                0x06013d50                __interrupt_handler48
                0x06013dce                __interrupt_handler69
                0x06013cc0                __interrupt_handler24
                0x06013e46                __interrupt_handler89
                0x0601413a                __interrupt_handler215
                0x06014224                __interrupt_handler254
                0x06013e3a                __interrupt_handler87
                0x06013d9e                __interrupt_handler61
                0x060140c2                __interrupt_handler195
                0x06013fb4                __interrupt_handler150
                0x06013d26                __interrupt_handler41
                0x06013ec4                __interrupt_handler110
                0x06013f2a                __interrupt_handler127
                0x06013eb8                __interrupt_handler108
                0x06013ed6                __interrupt_handler113
                0x06013ee8                __interrupt_handler116
                0x06013f06                __interrupt_handler121
                0x06013dfe                __interrupt_handler77
                0x06013d1a                __interrupt_handler39
                0x06013d32                __interrupt_handler43
                0x06014206                __interrupt_handler249
                0x06014044                __interrupt_handler174
                0x06013f60                __interrupt_handler136
                0x06014098                __interrupt_handler188
                0x06013f96                __interrupt_handler145
                0x06013c66                __interrupt_handler9
                0x06013e0a                __interrupt_handler79
                0x06014182                __interrupt_handler227
                0x06013cfc                __interrupt_handler34
                0x06013f3c                __interrupt_handler130
                0x060141fa                __interrupt_handler247
                0x06013df2                __interrupt_handler75
                0x0601403e                __interrupt_handler173
                0x06013d6e                __interrupt_handler53
                0x06013fae                __interrupt_handler149
                0x06014212                __interrupt_handler251
                0x060141a6                __interrupt_handler233
                0x06013c6c                __interrupt_handler10
                0x060140f8                __interrupt_handler204
                0x06013e1c                __interrupt_handler82
                0x06013e22                __interrupt_handler83
                0x06013cc6                __interrupt_handler25
                0x060141e2                __interrupt_handler243
                0x06013ffc                __interrupt_handler162
                0x06013d44                __interrupt_handler46
                0x0601405c                __interrupt_handler178
                0x06013e10                __interrupt_handler80
                0x06013da4                __interrupt_handler62
                0x06013c3c                __interrupt_handler2
                0x06013cde                __interrupt_handler29
                0x06013dd4                __interrupt_handler70
                0x06013ebe                __interrupt_handler109
                0x06013fa8                __interrupt_handler148
                0x06013e64                __interrupt_handler94
                0x06014170                __interrupt_handler224
                0x06013e9a                __interrupt_handler103
                0x06013d08                __interrupt_handler36
                0x06013f24                __interrupt_handler126
                0x060141f4                __interrupt_handler246
                0x06013d7a                __interrupt_handler55
                0x06013c78                __interrupt_handler12
                0x06013d68                __interrupt_handler52
                0x06014092                __interrupt_handler187
                0x06013f90                __interrupt_handler144
                0x06013eee                __interrupt_handler117
                0x06013c9c                __interrupt_handler18
                0x060140ce                __interrupt_handler197
                0x06013fc0                __interrupt_handler152
                0x06013ef4                __interrupt_handler118
                0x0601402c                __interrupt_handler170
                0x060140e6                __interrupt_handler201
                0x06013e76                __interrupt_handler97
                0x06014002                __interrupt_handler163
                0x06014068                __interrupt_handler180
                0x060140b0                __interrupt_handler192
                0x060141d0                __interrupt_handler240
                0x06013f12                __interrupt_handler123
                0x06014134                __interrupt_handler214
                0x06013cea                __interrupt_handler31
                0x06013cd8                __interrupt_handler28
                0x06013dc2                __interrupt_handler67
                0x06013dc8                __interrupt_handler68
                0x06013cb4                __interrupt_handler22
                0x06013cba                __interrupt_handler23
                0x06014050                __interrupt_handler176
                0x06013c5a                __interrupt_handler7
                0x0601415e                __interrupt_handler221
                0x06014146                __interrupt_handler217
                0x0601418e                __interrupt_handler229
                0x06013d56                __interrupt_handler49
                0x06013c48                __interrupt_handler4
                0x06013d20                __interrupt_handler40
                0x06013ee2                __interrupt_handler115
                0x060141b2                __interrupt_handler235
                0x06013e52                __interrupt_handler91
                0x06014104                __interrupt_handler206
                0x06014056                __interrupt_handler177
                0x06013fa2                __interrupt_handler147
                0x06013d0e                __interrupt_handler37
                0x0601420c                __interrupt_handler250
                0x06013c36                __interrupt_handler1
                0x06014152                __interrupt_handler219
                0x06013df8                __interrupt_handler76
                0x06013e88                __interrupt_handler100
                0x06013d8c                __interrupt_handler58
                0x06013c8a                __interrupt_handler15
                0x06014128                __interrupt_handler212
                0x060141d6                __interrupt_handler241
                0x060140ec                __interrupt_handler202
                0x060140b6                __interrupt_handler193
                0x06013e04                __interrupt_handler78
                0x06013d5c                __interrupt_handler50
                0x06013cf6                __interrupt_handler33
                0x06014014                __interrupt_handler166
                0x06013f6c                __interrupt_handler138
                0x06013f5a                __interrupt_handler135
                0x06013ce4                __interrupt_handler30
                0x06014080                __interrupt_handler184
                0x06013f7e                __interrupt_handler141
                0x06014194                __interrupt_handler230
                0x060141b8                __interrupt_handler236
                0x06013efa                __interrupt_handler119
                0x06013e34                __interrupt_handler86
                0x06013ea6                __interrupt_handler105
                0x06013e16                __interrupt_handler81
                0x06013f00                __interrupt_handler120
                0x06013f30                __interrupt_handler128
                0x06013d74                __interrupt_handler54
                0x06013c72                __interrupt_handler11
                0x060140da                __interrupt_handler199
                0x06013fcc                __interrupt_handler154
                0x06013d3e                __interrupt_handler45
                0x06014140                __interrupt_handler216
                0x060140f2                __interrupt_handler203
                0x06013e8e                __interrupt_handler101
                0x06013e28                __interrupt_handler84
                0x06014086                __interrupt_handler185
                0x06013f84                __interrupt_handler142
                0x06013ccc                __interrupt_handler26
                0x06013db0                __interrupt_handler64
                0x060140e0                __interrupt_handler200
                0x0601410a                __interrupt_handler207
                0x060140bc                __interrupt_handler194
                0x06013e58                __interrupt_handler92
                0x06013fd2                __interrupt_handler155
                0x06014122                __interrupt_handler211
                0x06013f4e                __interrupt_handler133
                0x06013c4e                __interrupt_handler5
                0x06013de6                __interrupt_handler73
                0x06013c90                __interrupt_handler16
                0x060141ca                __interrupt_handler239
                0x060141ac                __interrupt_handler234
                0x06013d02                __interrupt_handler35
                0x06013d92                __interrupt_handler59
                0x06014026                __interrupt_handler169
                0x06013e7c                __interrupt_handler98
                0x06013dda                __interrupt_handler71
                0x06013d62                __interrupt_handler51
                0x06013fea                __interrupt_handler159
                0x0601417c                __interrupt_handler226
                0x06013e70                __interrupt_handler96
                0x060140a4                __interrupt_handler190
                0x06014158                __interrupt_handler220
                0x06013c60                __interrupt_handler8
                0x06014062                __interrupt_handler179
                0x06014218                __interrupt_handler252
 *fill*         0x06014254        0xc 00
 .text          0x06014260     0x12a0 ../sbl6/segalib/lib/sega_spr.a(spr_2c.o)
                0x060154c0                SlaveFlushDrawPrtyBlock
                0x06014260                SPR_2Initial
                0x06014aa4                SPR_2SysClip
                0x06014a44                SPR_2LocalCoord
                0x0601533c                SPR_2FlushDrawPrtyBlock
                0x06015028                SPR_2DistSpr
                0x06014a2c                SPR_2FlushDrawPrty
                0x0601514c                SPR_2Cmd
                0x06014728                SPR_2GourTblNoToVram
                0x06014788                SPR_2GetAreaSizeInfo
                0x060144f0                SPR_2SetGourTbl
                0x06014cdc                SPR_2Polygon
                0x06014764                SPR_2CharNoToVram
                0x06014470                SPR_2SetTvMode
                0x060148cc                SPR_2CloseCommand
                0x060144ac                SPR_2FrameEraseData
                0x06014288                SPR_2Initial2
                0x06014ebc                SPR_2ScaleSpr
                0x06014b4c                SPR_2Line
                0x06014818                SPR_2OpenCommand
                0x0601448c                SPR_2FrameChgIntr
                0x06014d98                SPR_2NormSpr
                0x06014520                SPR_2SetLookupTbl
                0x06014554                SPR_2SetChar
                0x0601474c                SPR_2LookupTblNoToVram
                0x06014c20                SPR_2PolyLine
                0x060146c0                SPR_2ClrAllChar
                0x06014674                SPR_2ClrChar
                0x06014af0                SPR_2UserClip
 .text          0x06015500      0x1e6 ../sbl6/segalib/lib/sega_spr.a(spr_slv.o)
                0x06015664                SPR_WaitEndSlaveSH
                0x06015500                SPR_SMPC_SSHON
                0x06015640                SPR_RunSlaveSH
                0x06015504                SPR_InitSlaveSH
                0x060155cc                SPR_SlaveSHmain
                0x06015501                SPR_SMPC_SSHOFF
 *fill*         0x060156e6        0xa 00
 .text          0x060156f0      0x36a ../sbl6/segalib/lib/sega_spr.a(spr_1c.o)
                0x060159a4                SPR_WaitDrawEnd
                0x060159bc                SPR_SetEosMode
                0x060158d4                SPR_SetEraseData
                0x060156f0                SPR_Initial
                0x060157c8                SPR_SetTvMode
                0x06015860                SPR_GetStatus
 *fill*         0x06015a5a        0x6 00
 .text          0x06015a60      0x244 ../sbl6/segalib/lib/sega_spr.a(spr_2a.o)
                0x06015a72                sprMemCpyW
                0x06015ad0                flushDrawPrtyBlock
                0x06015a60                sprMemCpyL
                0x06015a84                SPR_2SetDrawPrty
 *fill*         0x06015ca4        0xc 00
 .text          0x06015cb0      0x2fc ../sbl6/segalib/lib/sega_scl.a(scl_vblv.o)
                0x06015d6c                SCL_DisplayFrame
                0x06015cb0                SCL_SetFrameInterval
                0x06015da0                SCL_VblInit
                0x06015df0                SCL_VblankStart
                0x06015e34                SCL_VblankEnd
 *fill*         0x06015fac        0x4 00
 .text          0x06015fb0      0xb9c ../sbl6/segalib/lib/sega_scl.a(scl_func.o)
                0x0601698c                SCL_Vdp2_SGLInit
                0x0601689c                SCL_PriIntProc
                0x06016814                SCL_Memcpyw
                0x06016b2c                SCL_SglOff
                0x06016b0c                SCL_SglOn
                0x06016780                SCL_ScrollShow
                0x06016228                SCL_Close
                0x06016520                SCL_Scale
                0x06015fb0                SCL_Vdp2Init
                0x06016394                SCL_Move
                0x0601665c                SCL_CopyReg
                0x06016204                SCL_Open
                0x06016034                SCL_ParametersInit
                0x06016244                SCL_MoveTo
                0x0601683c                SCL_SetColRamMode
 *fill*         0x06016b4c        0x4 00
 .text          0x06016b50      0x138 ../sbl6/segalib/lib/sega_scl.a(scl_pr03.o)
                0x06016b50                SCL_FreeColRam
                0x06016b88                SCL_AllocColRam
 *fill*         0x06016c88        0x8 00
 .text          0x06016c90       0x9c ../sbl6/segalib/lib/sega_scl.a(scl_pr02.o)
                0x06016c90                SCL_SetColRam
 *fill*         0x06016d2c        0x4 00
 .text          0x06016d30       0x84 ../sbl6/segalib/lib/sega_scl.a(scl_back.o)
                0x06016d30                SCL_SetBack
 *fill*         0x06016db4        0xc 00
 .text          0x06016dc0      0x278 ../sbl6/segalib/lib/sega_scl.a(scl_fu05.o)
                0x06016e7c                SCL_SetLineParam
                0x06016dc8                SCL_InitLineParamTb
 *fill*         0x06017038        0x8 00
 .text          0x06017040      0x94c ../sbl6/segalib/lib/sega_scl.a(scl_fu03.o)
                0x0601709c                SCL_SetConfig
                0x06017040                SCL_InitConfigTb
 *fill*         0x0601798c        0x4 00
 .text          0x06017990      0x4f4 ../sbl6/segalib/lib/sega_scl.a(scl_fu02.o)
                0x060179c8                SCL_SetVramConfig
                0x06017990                SCL_InitVramConfigTb
 *fill*         0x06017e84        0xc 00
 .text          0x06017e90       0x28 ../sbl6/segalib/lib/sega_scl.a(scl_fu04.o)
                0x06017e90                SCL_SetCycleTable
 *fill*         0x06017eb8        0x8 00
 .text          0x06017ec0      0x214 ../sbl6/segalib/lib/sega_scl.a(scl_pr07.o)
                0x06017ec0                SCL_SetPriority
 *fill*         0x060180d4        0xc 00
 .text          0x060180e0       0x58 ../sbl6/segalib/lib/sega_scl.a(scl_pr01.o)
                0x060180e0                SCL_SetSpriteMode
 *fill*         0x06018138        0x8 00
 .text          0x06018140     0x10a4 ../sbl6/segalib/lib/sega_scl.a(scl_pri.o)
                0x060181d4                SCL_AbortAutoVe
                0x06019084                SCL_SetShadowBit
                0x0601864c                SCL_AutoExec
                0x06018140                SCL_PriorityInit
                0x06018b60                SCL_IncColOffset
                0x060181e8                SCL_SetColMixRate
                0x060181b8                SCL_GetColRamMode
 *fill*         0x060191e4        0xc 00
 .text          0x060191f0     0x1394 ../sbl6/segalib/lib/sega_scl.a(scl_ro00.o)
                0x0601a3dc                SCL_RotateZD
                0x060196a4                SCL_Rotate
                0x06019378                SCL_InitRotateTable
 *fill*         0x0601a584        0xc 00
 .text          0x0601a590      0x1b4 ../sbl6/segalib/lib/sega_scl.a(scl_pr06.o)
                0x0601a590                SCL_SetColRamOffset
 *fill*         0x0601a744        0xc 00
 .text          0x0601a750       0xac ../sbl6/segalib/lib/sega_scl.a(scl_pr05.o)
                0x0601a750                SCL_GetColRamOffset
 *fill*         0x0601a7fc        0x4 00
 .text          0x0601a800       0xa4 ../sbl6/segalib/lib/sega_mth.a(mth_fixd.o)
                0x0601a850                MTH_FixedToInt
                0x0601a840                MTH_IntToFixed
                0x0601a800                MTH_Mul
                0x0601a860                MTH_Product
                0x0601a820                MTH_Div
 *fill*         0x0601a8a4        0xc 00
 .text          0x0601a8b0      0x600 ../sbl6/segalib/lib/sega_mth.a(mth_tri.o)
                0x0601a94c                fcos
                0x0601a952                fsin
                0x0601a8fc                MTH_Cos
                0x0601a8b0                MTH_Sin
                0x0601aaf0                MTH_Atan
 .text          0x0601aeb0      0x130 ../sbl6/segalib/lib/sega_cdc.a(cdc_drv.o)
                0x0601aeb0                CDC_CdPlay
                0x0601af7c                CDC_CdSeek
                0x0601afb0                CDC_CdScan
 .text          0x0601afe0      0x152 ../sbl6/segalib/lib/sega_cdc.a(cdc_sub.o)
                0x0601b088                CDSUB_GetCdstat
                0x0601aff8                CDSUB_UpdCdstat
                0x0601b0c8                CDSUB_RspToCdstat
                0x0601b110                CDSUB_SoftTimer
                0x0601afe0                CDSUB_UpdStatus
                0x0601b018                CDSUB_CdCmd
 *fill*         0x0601b132        0xe 00
 .text          0x0601b140      0x2dc ../sbl6/segalib/lib/sega_cdc.a(cdc_reg.o)
                0x0601b194                CDREG_ClrHirqReq
                0x0601b164                CDC_ClrHirqReq
                0x0601b214                CDREG_TgetData
                0x0601b204                CDC_GetMpegPtr
                0x0601b1e0                CDC_GetHirqMsk
                0x0601b140                CDC_GetDataPtr
                0x0601b150                CDC_GetHirqReq
                0x0601b370                CDREG_WaitHirq
                0x0601b1f4                CDC_SetHirqMsk
                0x0601b270                CDREG_CmdRsp
                0x0601b1a4                CDREG_InitHirqReq
                0x0601b1cc                CDREG_SetHirqFlag
                0x0601b3e0                CDREG_ReadRsp
 *fill*         0x0601b41c        0x4 00
 .text          0x0601b420      0x3a0 ../sbl6/segalib/lib/sega_cdc.a(cdc_cmn.o)
                0x0601b5c4                CDC_TgetToc
                0x0601b768                CDC_DataEnd
                0x0601b488                CDC_GetPeriStat
                0x0601b6fc                CDC_DataReady
                0x0601b6d4                CDC_CdOpen
                0x0601b650                CDC_CdInit
                0x0601b614                CDC_GetSes
                0x0601b470                CDC_GetLastStat
                0x0601b420                CDC_GetCurStat
                0x0601b55c                CDC_GetHwInfo
 .text          0x0601b7c0      0xf50 ../sbl6/segalib/lib/sega_per.a(per_prt.o)
                0x0601bbe0                PER_IntFunc
                0x0601b9d8                PER_LGetPer
                0x0601b7c0                PER_LInit
 .text          0x0601c710     0x1b04 ../sbl6/segalib/lib/sega_sat.a(gfs.o)
                0x0601c710                gfs_version
                0x0601d984                gfs_mngGetNumFile
                0x0601e104                gfs_closeSub
                0x0601d4a0                GFS_SetGmode
                0x0601d75c                GFS_SetErrFunc
                0x0601d8ac                gfs_mngSetupFuncTbl
                0x0601ca68                GFS_Reset
                0x0601d7d4                gfs_chgRoot
                0x0601d8a0                gfs_aborttrans
                0x0601db84                gfs_svrAddHndl
                0x0601da34                gfs_mngFreeGrp
                0x0601d7ac                GFS_ConvTno
                0x0601dd38                gfs_getRootDir
                0x0601d788                GFS_GetErrStat
                0x0601cbd8                GFS_Seek
                0x0601d244                GFS_NwStop
                0x0601da40                gfs_mngTermAccess
                0x0601caec                GFS_Open
                0x0601d9ec                GFS_mngAllocGrp
                0x0601e14c                gfs_isTaskDone
                0x0601cf44                GFS_Fread
                0x0601d6a4                GFS_StartTrans
                0x0601e0a0                gfs_GetFinfo
                0x0601d8e0                gfs_mngInitWork
                0x0601cd30                GFS_ByteToSct
                0x0601db44                gfs_svrSearchHndl
                0x0601de34                gfs_loadRootDir
                0x0601c98c                GFS_IdToName
                0x0601d088                GFS_NwFread
                0x0601d5d4                GFS_SetTransPara
                0x0601d194                GFS_NwCdRead
                0x0601dc74                gfs_loadVol
                0x0601d570                GFS_SetReadPara
                0x0601cc8c                GFS_Tell
                0x0601d504                GFS_SetTmode
                0x0601e008                GFS_GetFad
                0x0601d640                GFS_SetTrFunc
                0x0601d6f0                GFS_CdMovePickup
                0x0601c928                GFS_NameToId
                0x0601d35c                GFS_NwExecOne
                0x0601debc                gfs_flowIn
                0x0601cde4                GFS_GetFileInfo
                0x0601df64                gfs_transData
                0x0601dbc0                gfs_svrRemoveHndl
                0x0601d20c                GFS_NwIsComplete
                0x0601e140                gfs_getGmode
                0x0601d2b0                GFS_NwGetStat
                0x0601dc1c                GFS_OpenSub
                0x0601c8c0                GFS_SetDir
                0x0601cd8c                GFS_GetFileSize
                0x0601ce58                GFS_GetNumCdbuf
                0x0601e1a0                gfs_convFinStat
                0x0601ce80                GFS_Load
                0x0601cfe0                gfs_waitRead
                0x0601c818                GFS_LoadDir
                0x0601c9f8                GFS_GetDirInfo
                0x0601cba0                GFS_Close
                0x0601c730                GFS_Init
                0x0601d32c                gfs_recovRdErr
                0x0601dac4                gfs_mngSetErrCode
                0x0601d41c                GFS_NwExecServer
                0x0601ccdc                GFS_IsEof
                0x0601e060                gfs_SetSct
 *fill*         0x0601e214        0xc 00
 .text          0x0601e220      0x1f4 ../sbl6/segalib/lib/sega_sat.a(DMA_SCU1.o)
                0x0601e37c                DMA_ScuResult
                0x0601e220                DMA_ScuInit
                0x0601e270                DMA_ScuMemCopy
 *fill*         0x0601e414        0xc 00
 .text          0x0601e420      0x8d4 ../sbl6/segalib/lib/sega_sat.a(gfs_cdf.o)
                0x0601e914                GFCF_Seek
                0x0601ea1c                GFCF_GetStat
                0x0601e8fc                GFCF_Tell
                0x0601e4c0                GFCF_Setup
                0x0601e9c8                GFCF_cnvIntlvOfs
                0x0601e420                GFCF_Init
                0x0601e8b4                GFCF_Recover
                0x0601e608                GFCF_SetSct
                0x0601e92c                GFCF_MovePickup
                0x0601eaf0                gfcf_isCdOk
                0x0601e6c0                GFCF_FlowInBuf
                0x0601e64c                GFCF_GetFileInfo
                0x0601e814                GFCF_StopInBuf
                0x0601eab4                gfcf_getSctSize
                0x0601ebb0                gfcf_getPlayRange
 *fill*         0x0601ecf4        0xc 00
 .text          0x0601ed00      0x928 ../sbl6/segalib/lib/sega_sat.a(gfs_dir.o)
                0x0601f1f0                gfdr_setNextRec
                0x0601f5ec                gfdr_setDirrecCd
                0x0601efe8                gfdr_open
                0x0601edfc                GFDR_GetAtrDirId
                0x0601f0d0                gfdr_readByte
                0x0601ed00                GFDR_SetupDirTbl
                0x0601f1c8                gfdr_readLongNM
                0x0601f274                gfdr_readDirEnt
                0x0601ee2c                GFDR_ChgRoot
                0x0601ed74                GFDR_NameToId
                0x0601eeb8                gfdr_setupDirIdTbl
                0x0601ee14                GFDR_GetAtrDirName
                0x0601edd4                GFDR_GetInfoDirId
                0x0601f17c                gfdr_readLongNB
                0x0601f010                gfdr_read
                0x0601f0fc                gfdr_readWord
                0x0601ef3c                gfdr_setupDirNameTbl
                0x0601ede8                GFDR_GetInfoDirName
                0x0601ee44                GFDR_ChgDir
                0x0601f128                gfdr_readWordNB
 *fill*         0x0601f628        0x8 00
 .text          0x0601f630      0xa46 ../sbl6/segalib/lib/sega_sat.a(gfs_trn.o)
                0x0601f710                GFTR_SetTransMax
                0x0601fae0                gftr_execScu
                0x06020064                GFTR_SetTransFunc
                0x0601ff2c                gftr_remTrn
                0x06020050                GFTR_SetData
                0x0601fd50                gftr_execSdma1
                0x0601ffa0                gftr_copyFrac
                0x0601f704                GFTR_GetNumTrans
                0x0601f6a4                GFTR_SetMode
                0x0601fd20                gftr_remDma0
                0x0601ffc8                GFTR_GetLenData
                0x0601fad4                gftr_reqScu
                0x0601fd38                gftr_reqDma1
                0x0601f9f0                gftr_getSrcPack
                0x06020020                GFTR_RtnDstPk
                0x0601fbbc                gfdma_exec
                0x0601fe54                gftr_execTrn
                0x0601f8e8                GFTR_ExecSvr
                0x0601fde4                gftr_reqTrn
                0x0601fcac                gfdma_getBytecnt
                0x0601fd8c                gftr_reqCpu
                0x0601ffec                GFTR_GetDstPack
                0x0601fce4                gftr_reqDma0
                0x0601f870                GFTR_Idle
                0x0601f728                GFTR_Pause
                0x0601f6f8                GFTR_GetTransPara
                0x0601fdd8                gftr_remCpu
                0x0601f6c4                GFTR_SetTransPara
                0x0601fd74                gftr_remDma1
                0x0601f734                GFTR_Stop
                0x0601fcfc                gftr_execSdma0
                0x0601f660                GFTR_Setup
                0x0601fb7c                gftr_remScu
                0x0601fa78                gftr_getDstPack
                0x0601fbb0                gfdma_canUse
                0x0601f7ec                GFTR_Exec
                0x0602003c                GFTR_GetData
                0x0601f71c                GFTR_Start
                0x0601f6b8                GFTR_SetUnit
                0x0601fd98                gftr_execCpu
                0x0601ffd4                GFTR_GetLenRoom
 *fill*         0x06020076        0xa 00
 .text          0x06020080      0x106 ../sbl6/segalib/lib/sega_sat.a(gfs_buf.o)
                0x060200d8                GFBF_GetNumData
                0x06020154                GFBF_RtnPk
                0x06020108                GFBF_GetSrcPk
                0x0602017c                gfbf_getSctDt
                0x060200b0                GFBF_GetTranData
                0x06020130                GFBF_GetSctData
 *fill*         0x06020186        0xa 00
 .text          0x06020190      0x600 ../sbl6/segalib/lib/sega_sat.a(gfs_cdb.o)
                0x06020738                GFCB_GetPickup
                0x060202b0                GFCB_Close
                0x0602057c                GFCB_GetSrcPack
                0x06020704                GFCB_SetCon
                0x06020384                GFCB_GetLenRoom
                0x060206e8                GFCB_MovePickup
                0x0602065c                GFCB_GetSctData
                0x06020390                GFCB_SetFilt
                0x060202d8                GFCB_GetLenData
                0x06020778                GFCB_UngetPickup
                0x06020190                GFCB_Setup
                0x06020420                GFCB_Tell
                0x06020760                GFCB_IsPuOwner
                0x06020480                GFCB_Seek
                0x060203f8                GFCB_DeleteAllData
                0x06020694                GFCB_GetDstPack
                0x06020430                gfcb_getSctNum
                0x060206a0                GFCB_RtnPk
 .text          0x06020790     0x1a04 ../sbl6/segalib/lib/sega_sat.a(gfs_cdc.o)
                0x06020a2c                GFCD_AllocBuf
                0x06021808                gfcd_doGetLenDataTsk
                0x060220a4                GFCD_SetCsctFunc
                0x06020b04                GFCD_GetBaseFad
                0x06020c80                GFCD_GetFilt
                0x06021c94                gfcd_doChgDirTsk
                0x06021fd4                gfcd_checkEflag
                0x06020fc8                GFCD_MovePickup
                0x060210ac                GFCD_GetSctInfo
                0x0602195c                gfcd_doReqDataTsk
                0x060210f4                GFCD_ChgDir
                0x06020de8                GFCD_ReqData
                0x060220c0                GFCD_ChkScdqFlag
                0x06021578                GFCD_WaitServer
                0x06020e8c                GFCD_DelSctData
                0x06021364                GFCD_ExecServer
                0x06021778                gfcd_doSetConTsk
                0x060209c0                GFCD_AllocFilt
                0x06020bbc                GFCD_SetFilt
                0x060215b4                gfcd_doSetFiltTsk
                0x060220e4                GFCD_ClrScdqFlag
                0x060219fc                gfcd_doDelSctDataTsk
                0x060214c0                gfcd_doTask
                0x06020b38                GFCD_GetPickup
                0x06021088                GFCD_CheckMove
                0x06022100                GFCD_WaitScdqFlag
                0x06020d20                GFCD_Play
                0x06021b30                gfcd_doMoveSctTsk
                0x06020cc8                GFCD_SetCon
                0x06021168                GFCD_SetFiltCon
                0x06022144                GFCD_WaitPause
                0x0602132c                GFCD_GetBufSiz
                0x06020b6c                GFCD_UngetPickup
                0x06021250                GFCD_GetFileInfo
                0x06020e44                GFCD_EndData
                0x06020a60                GFCD_FreeBuf
                0x06020d80                GFCD_GetLenData
                0x060209fc                GFCD_FreeFilt
                0x06021438                gfcd_isIdleTask
                0x060207bc                GFCD_Init
                0x06021e90                gfcd_doSetFiltConTsk
                0x06020f14                GFCD_GetStat
                0x06021014                GFCD_MoveSctData
                0x06020b98                GFCD_IsPuOwner
                0x06021ff8                gfcd_initCdbMng
                0x06020790                GFCD_SetCdbfs
                0x06021564                GFCD_SetTimer
                0x06022078                gfcd_setStat
                0x06020ee4                GFCD_CheckDelSctData
 *fill*         0x06022194        0xc 00
 .text          0x060221a0      0x308 ../sbl6/segalib/lib/sega_sat.a(DMA_SCU0.o)
                0x06022224                DMA_ScuStart
                0x06022358                DMA_ScuIntFunc0
                0x060223c8                DMA_ScuIntFunc1
                0x06022438                DMA_ScuIntFunc2
                0x06022318                DMA_ScuGetStatus
                0x060221a0                DMA_ScuSetPrm
 *fill*         0x060224a8        0x8 00
 .text          0x060224b0       0xe8 ../sbl6/segalib/lib/sega_sat.a(csh_main.o)
                0x060224b0                CSH_Init
                0x06022518                CSH_AllClr
                0x06022564                CSH_Purge
 *fill*         0x06022598        0x8 00
 .text          0x060225a0      0x1b6 ../sbl6/segalib/lib/sega_sat.a(DMA_CPU0.o)
                0x060225e8                DMA_CpuSetPrm
                0x060226ec                DMA_CpuStart
                0x06022744                DMA_CpuGetStatus
                0x06022718                DMA_CpuAllStop
                0x0602272c                DMA_CpuGetComStatus
                0x060225a0                DMA_CpuSetComPrm
                0x06022700                DMA_CpuStop
 *fill*         0x06022756        0xa 00
 .text          0x06022760      0x194 ../sbl6/segalib/lib/sega_sat.a(cdc_cfs.o)
                0x06022760                CDC_ChgDir
                0x06022794                CDC_ReadDir
                0x060228b8                CDC_AbortFile
                0x060227c8                CDC_GetFileScope
                0x06022828                CDC_TgetFileInfo
                0x06022884                CDC_ReadFile
 *fill*         0x060228f4        0xc 00
 .text          0x06022900      0x1e4 ../sbl6/segalib/lib/sega_sat.a(cdc_bio.o)
                0x060229ac                CDC_GetdelSctData
                0x06022934                CDC_GetSctData
                0x060229e8                CDC_PutSctData
                0x06022a64                CDC_MoveSctData
                0x06022aa8                CDC_GetCopyErr
                0x06022970                CDC_DelSctData
                0x06022900                CDC_SetSctLen
                0x06022a20                CDC_CopySctData
 *fill*         0x06022ae4        0xc 00
 .text          0x06022af0      0x2b8 ../sbl6/segalib/lib/sega_sat.a(cdc_sel.o)
                0x06022d20                CDC_GetFiltCon
                0x06022c9c                CDC_GetFiltMode
                0x06022d74                CDC_ResetSelector
                0x06022af0                CDC_SetFiltRange
                0x06022b7c                CDC_SetFiltSubh
                0x06022bec                CDC_GetFiltSubh
                0x06022b24                CDC_GetFiltRange
                0x06022c68                CDC_SetFiltMode
                0x06022ce0                CDC_SetFiltCon
 *fill*         0x06022da8        0x8 00
 .text          0x06022db0      0x270 ../sbl6/segalib/lib/sega_sat.a(cdc_bif.o)
                0x06022e0c                CDC_GetSctNum
                0x06022f8c                CDC_ExeFadSearch
                0x06022f0c                CDC_GetSctInfo
                0x06022e50                CDC_CalActSiz
                0x06022db0                CDC_GetBufSiz
                0x06022e8c                CDC_GetActSiz
                0x06022fc4                CDC_GetFadSearch
 .text          0x06023020       0xa8 ../sbl6/segalib/lib/sega_sat.a(cdc_dev.o)
                0x0602308c                CDC_CdGetLastBuf
                0x06023020                CDC_CdSetCon
                0x06023050                CDC_CdGetCon
 *fill*         0x060230c8        0x8 00
 .text          0x060230d0       0x60 C:/saturn/SH_COFF/sh-coff/bin/../lib/gcc/sh-coff/3.4-GNUSH_v0501\libgcc.a(_ashiftrt.o)
                0x060230dc                __ashiftrt_r4_27
                0x06023110                __ashiftrt_r4_6
                0x06023100                __ashiftrt_r4_14
                0x060230f2                __ashiftrt_r4_19
                0x0602310a                __ashiftrt_r4_9
                0x0602311e                __ashiftrt_r4_0
                0x060230d0                __ashiftrt_r4_31
                0x060230de                __ashiftrt_r4_26
                0x060230ec                __ashiftrt_r4_22
                0x060230f8                __ashiftrt_r4_16
                0x06023104                __ashiftrt_r4_12
                0x060230d8                __ashiftrt_r4_29
                0x060230f6                __ashiftrt_r4_17
                0x060230d6                __ashiftrt_r4_30
                0x06023112                __ashiftrt_r4_5
                0x0602310c                __ashiftrt_r4_8
                0x060230d0                __ashiftrt_r4_32
                0x060230e0                __ashiftrt_r4_25
                0x06023118                __ashiftrt_r4_2
                0x060230e2                __ashiftrt_r4_24
                0x060230fe                __ashiftrt_r4_15
                0x06023108                __ashiftrt_r4_10
                0x0602311a                __ashiftrt_r4_1
                0x060230da                __ashiftrt_r4_28
                0x060230f0                __ashiftrt_r4_20
                0x0602310e                __ashiftrt_r4_7
                0x06023102                __ashiftrt_r4_13
                0x06023106                __ashiftrt_r4_11
                0x06023114                __ashiftrt_r4_4
                0x060230ea                __ashiftrt_r4_23
                0x060230f4                __ashiftrt_r4_18
                0x060230ee                __ashiftrt_r4_21
                0x06023116                __ashiftrt_r4_3
 .text          0x06023130       0xa0 C:/saturn/SH_COFF/sh-coff/bin/../lib/gcc/sh-coff/3.4-GNUSH_v0501\libgcc.a(_sdivsi3.o)
                0x06023130                __sdivsi3
 .text          0x060231d0       0x90 C:/saturn/SH_COFF/sh-coff/bin/../lib/gcc/sh-coff/3.4-GNUSH_v0501\libgcc.a(_ashiftrt_n.o)
                0x060231d0                __ashrsi3
 .text          0x06023260       0x90 C:/saturn/SH_COFF/sh-coff/bin/../lib/gcc/sh-coff/3.4-GNUSH_v0501\libgcc.a(_ashiftlt.o)
                0x06023260                __ashlsi3
 .text          0x060232f0       0xb0 C:/saturn/SH_COFF/sh-coff/bin/../lib/gcc/sh-coff/3.4-GNUSH_v0501\libgcc.a(_movstr.o)
                0x06023330                __movstrSI16
                0x06023304                __movstrSI60
                0x06023310                __movstrSI48
                0x0602330c                __movstrSI52
                0x06023300                __movstrSI64
                0x06023314                __movstrSI44
                0x06023318                __movstrSI40
                0x0602331c                __movstrSI36
                0x06023350                __movstr
                0x06023308                __movstrSI56
                0x06023324                __movstrSI28
                0x06023320                __movstrSI32
                0x06023334                __movstrSI12
                0x06023338                __movstrSI8
                0x06023340                __movstrSI0
                0x06023328                __movstrSI24
                0x0602332c                __movstrSI20
                0x0602333c                __movstrSI4
 .text          0x060233a0       0xa0 C:/saturn/SH_COFF/sh-coff/bin/../lib/gcc/sh-coff/3.4-GNUSH_v0501\libgcc.a(__main.o)
                0x06023414                __main
                0x060233a0                __do_global_dtors
                0x060233d4                __do_global_ctors
 .text          0x06023440      0x2e0 C:/saturn/SH_COFF/sh-coff/bin/../lib/gcc/sh-coff/3.4-GNUSH_v0501\libgcc.a(_mul_df.o)
                0x06023450                __muldf3
 .text          0x06023720       0xb0 C:/saturn/SH_COFF/sh-coff/bin/../lib/gcc/sh-coff/3.4-GNUSH_v0501\libgcc.a(_si_to_df.o)
                0x06023720                __floatsidf
 .text          0x060237d0       0x80 C:/saturn/SH_COFF/sh-coff/bin/../lib/gcc/sh-coff/3.4-GNUSH_v0501\libgcc.a(_df_to_si.o)
                0x060237d0                __fixdfsi
 .text          0x06023850       0x70 C:/saturn/SH_COFF/sh-coff/bin/../lib/gcc/sh-coff/3.4-GNUSH_v0501\libgcc.a(_udivsi3.o)
                0x06023872                __udivsi3
 .text          0x060238c0      0x120 C:/saturn/SH_COFF/sh-coff/bin/../lib/gcc/sh-coff/3.4-GNUSH_v0501\libgcc.a(_unpack_df.o)
                0x060238d0                __unpack_d
 .text          0x060239e0      0x220 C:/saturn/SH_COFF/sh-coff/bin/../lib/gcc/sh-coff/3.4-GNUSH_v0501\libgcc.a(_pack_df.o)
                0x060239f0                __pack_d
 .text          0x06023c00       0x20 C:/saturn/SH_COFF/sh-coff/bin/../lib/gcc/sh-coff/3.4-GNUSH_v0501\libgcc.a(_thenan_df.o)
                0x06023c00                __thenan_df
 .text          0x06023c20       0xd0 C:/saturn/SH_COFF/sh-coff/bin/../lib/gcc/sh-coff/3.4-GNUSH_v0501\libgcc.a(_muldi3.o)
                0x06023c20                __muldi3
 .text          0x06023cf0       0x80 C:/saturn/SH_COFF/sh-coff/bin/../lib/gcc/sh-coff/3.4-GNUSH_v0501\libgcc.a(_lshrdi3.o)
                0x06023cf0                __lshrdi3
 .text          0x06023d70       0x80 C:/saturn/SH_COFF/sh-coff/bin/../lib/gcc/sh-coff/3.4-GNUSH_v0501\libgcc.a(_ashldi3.o)
                0x06023d70                __ashldi3
 .text          0x06023df0       0x30 C:/saturn/SH_COFF/sh-coff/bin/../lib/gcc/sh-coff/3.4-GNUSH_v0501\libgcc.a(_mulsi3.o)
                0x06023df0                __mulsi3
 .text          0x06023e20       0x90 C:/saturn/SH_COFF/sh-coff/bin/../lib/gcc/sh-coff/3.4-GNUSH_v0501\libgcc.a(_lshiftrt.o)
                0x06023e20                __lshrsi3
 .text          0x06023eb0       0xa0 C:/saturn/SH_COFF/sh-coff/bin/../lib/gcc/sh-coff/3.4-GNUSH_v0501/../../../../sh-coff/lib\libc.a(memcpy.o)
                0x06023eb0                memcpy
 .text          0x06023f50       0x40 C:/saturn/SH_COFF/sh-coff/bin/../lib/gcc/sh-coff/3.4-GNUSH_v0501/../../../../sh-coff/lib\libc.a(memset.o)
                0x06023f50                memset
 .text          0x06023f90       0x60 C:/saturn/SH_COFF/sh-coff/bin/../lib/gcc/sh-coff/3.4-GNUSH_v0501/../../../../sh-coff/lib\libc.a(memcmp.o)
                0x06023f90                memcmp
 .text          0x06023ff0       0xb0 C:/saturn/SH_COFF/sh-coff/bin/../lib/gcc/sh-coff/3.4-GNUSH_v0501/../../../../sh-coff/lib\libc.a(strncmp.o)
                0x06023ff0                strncmp
 .text          0x060240a0       0xa0 C:/saturn/SH_COFF/sh-coff/bin/../lib/gcc/sh-coff/3.4-GNUSH_v0501/../../../../sh-coff/lib\libc.a(strncpy.o)
                0x060240a0                strncpy
 .text          0x06024140       0x90 C:/saturn/SH_COFF/sh-coff/bin/../lib/gcc/sh-coff/3.4-GNUSH_v0501/../../../../sh-coff/lib\libc.a(atexit.o)
                0x06024140                atexit
 .text          0x060241d0       0x10 C:/saturn/SH_COFF/sh-coff/bin/../lib/gcc/sh-coff/3.4-GNUSH_v0501/../../../../sh-coff/lib\libc.a(impure.o)
                0x060241d0                _global_impure_ptr
 .text          0x060241e0       0x40 C:/saturn/SH_COFF/sh-coff/bin/../lib/gcc/sh-coff/3.4-GNUSH_v0501/../../../../sh-coff/lib\libc.a(malloc.o)
                0x060241fc                free
                0x060241e0                malloc
 .text          0x06024220      0x5b0 C:/saturn/SH_COFF/sh-coff/bin/../lib/gcc/sh-coff/3.4-GNUSH_v0501/../../../../sh-coff/lib\libc.a(mallocr.o)
                0x06024220                _malloc_r
 .text          0x060247d0      0x340 C:/saturn/SH_COFF/sh-coff/bin/../lib/gcc/sh-coff/3.4-GNUSH_v0501/../../../../sh-coff/lib\libc.a(freer.o)
                0x060247d0                _malloc_trim_r
                0x060248c4                _free_r
 .text          0x06024b10       0x20 C:/saturn/SH_COFF/sh-coff/bin/../lib/gcc/sh-coff/3.4-GNUSH_v0501/../../../../sh-coff/lib\libc.a(mlock.o)
                0x06024b10                __malloc_lock
                0x06024b1c                __malloc_unlock
 .text          0x06024b30       0x50 C:/saturn/SH_COFF/sh-coff/bin/../lib/gcc/sh-coff/3.4-GNUSH_v0501/../../../../sh-coff/lib\libc.a(sbrkr.o)
                0x06024b30                _sbrk_r
 .text          0x06024b80      0x380 C:/saturn/SH_COFF/sh-coff/bin/../lib/gcc/sh-coff/3.4-GNUSH_v0501/../../../../sh-coff/lib\libc.a(syscalls.o)
                0x06024cec                _exit
                0x06024d20                _getpid
                0x06024d88                _utime
                0x06024bb8                _write
                0x06024b80                _read
                0x06024cd4                _unlink
                0x06024c9c                _open
                0x06024d38                _stat
                0x06024ce0                isatty
                0x06024db8                _wait
                0x06024d04                _kill
                0x06024d54                _chmod
                0x06024de8                _execv
                0x06024dcc                _execve
                0x06024ec4                __setup_argv_and_call_main
                0x06024e20                _gettimeofday
                0x06024bec                _link
                0x06024d2c                _raise
                0x06024cb8                _creat
                0x06024e00                _pipe
                0x06024d6c                _chown
                0x06024b9c                _lseek
                0x06024bd4                _close
                0x06024e14                _times
                0x06024c88                _fstat
                0x06024da4                _fork
                0x06024c14                _sbrk
 .text          0x06024f00       0x20 C:/saturn/SH_COFF/sh-coff/bin/../lib/gcc/sh-coff/3.4-GNUSH_v0501/../../../../sh-coff/lib\libc.a(trap.o)
                0x06024f00                __trap34
 .text          0x06024f20       0x20 C:/saturn/SH_COFF/sh-coff/bin/../lib/gcc/sh-coff/3.4-GNUSH_v0501/../../../../sh-coff/lib\libc.a(abort.o)
                0x06024f20                abort
 .text          0x06024f40      0x270 C:/saturn/SH_COFF/sh-coff/bin/../lib/gcc/sh-coff/3.4-GNUSH_v0501/../../../../sh-coff/lib\libc.a(signal.o)
                0x06025000                _raise_r
                0x06025188                __sigtramp
                0x06025134                raise
                0x06025170                _init_signal
                0x060250c0                __sigtramp_r
                0x06025150                signal
                0x06024f8c                _signal_r
                0x06024f40                _init_signal_r
 .text          0x060251b0       0x60 C:/saturn/SH_COFF/sh-coff/bin/../lib/gcc/sh-coff/3.4-GNUSH_v0501/../../../../sh-coff/lib\libc.a(signalr.o)
                0x060251f8                _getpid_r
                0x060251b0                _kill_r
 *(.strings)

.tors           0x06025210        0x0
                0x06025210                ___ctors = .
 *(.ctors)
                0x06025210                ___ctors_end = .
                0x06025210                ___dtors = .
 *(.dtors)
                0x06025210                ___dtors_end = .

.data           0x06025210     0x17a0
                0x06025210                STARTOF_R = .
 *(.data)
 .data          0x06025210      0x400 ../sbl6/segasmp/per/smpclib/per_x1.o
 .data          0x06025610       0x60 blocks.o
                0x06025660                tile2_slope
                0x06025640                tile4_slope
                0x06025610                block_slopes
                0x06025650                tile3_slope
 .data          0x06025670       0x30 enemylist.o
                0x06025670                enemy_lists
                0x06025674                level0_enemies
                0x06025690                enemy_arr
 .data          0x060256a0      0x630 graphics.o
                0x060256a0                cloudmap_name
                0x060257d2                guy_num
                0x060256c8                map0_name
                0x06025cc8                bg_num
                0x060256b0                cloudmap_width
                0x06025828                cloud_pal
                0x06025874                hills_pal
                0x060258b4                hills_name
                0x060256ae                cloudmap_height
                0x060256d8                explosion_pal
                0x060258c0                bg_pal
                0x060258be                hills_num
                0x06025718                explosion_name
                0x060257c4                guy_name
                0x060256c4                hill_map_width
                0x06025784                guy_pal
                0x06025872                cloud_num
                0x0602581e                font_height
                0x060257ce                guy_width
                0x0602577e                float_size
                0x06025728                explosion_width
                0x06025814                font_name
                0x06025cc0                bg_name
                0x060256d2                map0_height
                0x060256c2                hill_map_height
                0x06025820                font_width
                0x060257cc                guy_height
                0x060256b4                hill_map_name
                0x06025868                cloud_name
                0x06025824                font_num
                0x060257d4                font_pal
                0x060256d4                map0_width
                0x0602572c                explosion_num
                0x0602577a                float_height
                0x060257d0                guy_size
                0x06025822                font_size
                0x06025770                float_name
                0x06025730                float_pal
                0x0602572a                explosion_size
                0x0602577c                float_width
                0x06025780                float_num
                0x06025726                explosion_height
 .data          0x06025cd0       0x10 pcmsys.o
                0x06025cd4                scsp_load
                0x06025cd8                m68k_com
                0x06025cd0                master_volume
 .data          0x06025ce0       0x10 player.o
                0x06025ce0                lives
 .data          0x06025cf0       0x20 scroll.o
                0x06025cf0                CycleTb
                0x06025d00                vram
 .data          0x06025d10       0x30 sprite.o
 .data          0x06025d40      0x400 ../sbl6/segalib/lib/sega_int.a(int.o)
 .data          0x06026140       0x1c ../sbl6/segalib/lib/sega_spr.a(spr_slv.o)
                0x06026148                SPR_SlaveParam
                0x06026158                SPR_SMPC_SF
                0x06026150                SPR_SMPC_COM
                0x0602614c                SPR_SlaveSHEntry
                0x06026144                SPR_SlaveState
                0x06026140                SPR_SlaveCommand
                0x06026154                SPR_SMPC_RET
 *fill*         0x0602615c        0x4 00
 .data          0x06026160       0x34 ../sbl6/segalib/lib/sega_spr.a(spr_1c.o)
                0x06026160                SpInitialFlag
 *fill*         0x06026194        0xc 00
 .data          0x060261a0       0x1c ../sbl6/segalib/lib/sega_scl.a(scl_vblv.o)
                0x060261a8                VBInterval
                0x060261b0                ReqDisplayFlag
                0x060261a0                SpFrameChgMode
                0x060261ac                VBIntervalCounter
                0x060261a4                SpFrameEraseMode
 *fill*         0x060261bc        0x4 00
 .data          0x060261c0       0x36 ../sbl6/segalib/lib/sega_scl.a(scl_func.o)
                0x060261d0                SclRotregBuff
                0x060261cc                SclDisplayY
                0x060261d4                SclRotateTableMode
                0x060261c8                SclProcess
                0x060261c4                SclCurSclNum
                0x060261c0                SclLengthLsTbl
                0x060261ca                SclDisplayX
                0x060261c2                SclLengthCsTbl
 *fill*         0x060261f6        0xa 00
 .data          0x06026200       0x18 ../sbl6/segalib/lib/sega_scl.a(scl_pri.o)
                0x06026204                SclRealSpPriNum
                0x06026214                SclRealColOffset
                0x06026210                SclRealBgColMix
                0x0602620c                SclRealSpColMix
                0x06026208                SclRealBgPriNum
                0x06026200                SclRealOtherPri
 *fill*         0x06026218        0x8 00
 .data          0x06026220      0x380 C:/saturn/SH_COFF/sh-coff/bin/../lib/gcc/sh-coff/3.4-GNUSH_v0501/../../../../sh-coff/lib\libc.a(impure.o)
                0x0602659c                _impure_ptr
 .data          0x060265a0      0x410 C:/saturn/SH_COFF/sh-coff/bin/../lib/gcc/sh-coff/3.4-GNUSH_v0501/../../../../sh-coff/lib\libc.a(mallocr.o)
                0x060265a8                __malloc_av_
                0x060265a4                __malloc_trim_threshold
                0x060265a0                __malloc_sbrk_base
                0x060269b0                SIZEOF_R = (. - STARTOF_R)
                0x060269b0                ENDOF_R = .

.bss            0x060269b0     0xf0a4
                0x060269b0                STARTOF_B = .
 *(.bss)
 .bss           0x060269b0       0x10 vblank.o
                0x060269b4                PadData2E
                0x060269ba                PadData1
                0x060269b6                PadData2
                0x060269b8                PadData1E
                0x060269b0                __port
 .bss           0x060269c0       0xd0 ../sbl6/segasmp/per/smpclib/per_x2.o
 .bss           0x06026a90       0x10 pcmsys.o
                0x06026a90                numberPCMs
 .bss           0x06026aa0       0x10 player.o
                0x06026aa1                boost
                0x06026aa0                jumps
 .bss           0x06026ab0       0x50 scroll.o
                0x06026acc                map_tiles_x
                0x06026ad4                scrolls_y
                0x06026ab0                scroll_transition_state
                0x06026ab4                scroll_ysize
                0x06026ac4                map_tiles_y
                0x06026abc                copy_modes
                0x06026ae4                scrolls_x
                0x06026ab8                scroll_xsize
 .bss           0x06026b00       0x10 sound.o
 .bss           0x06026b10     0x3800 sprite.o
                0x06026b10                num_sprites
 .bss           0x0602a310       0x10 main.o
                0x0602a310                frame
 .bss           0x0602a320       0x6e ../sbl6/segalib/lib/sega_spr.a(spr_2c.o)
 *fill*         0x0602a38e        0x2 00
 .bss           0x0602a390        0x4 ../sbl6/segalib/lib/sega_scl.a(scl_vblv.o)
 *fill*         0x0602a394        0xc 00
 .bss           0x0602a3a0        0x4 ../sbl6/segalib/lib/sega_scl.a(scl_func.o)
 *fill*         0x0602a3a4        0xc 00
 .bss           0x0602a3b0     0x1900 ../sbl6/segalib/lib/sega_scl.a(scl_fu05.o)
 .bss           0x0602bcb0       0x48 ../sbl6/segalib/lib/sega_scl.a(scl_ro00.o)
 *fill*         0x0602bcf8        0x8 00
 .bss           0x0602bd00        0xc ../sbl6/segalib/lib/sega_cdc.a(cdc_sub.o)
 *fill*         0x0602bd0c        0x4 00
 .bss           0x0602bd10        0x2 ../sbl6/segalib/lib/sega_cdc.a(cdc_reg.o)
 *fill*         0x0602bd12        0xe 00
 .bss           0x0602bd20       0x9c ../sbl6/segalib/lib/sega_per.a(per_prt.o)
 *fill*         0x0602bdbc        0x4 00
 .bss           0x0602bdc0        0xc ../sbl6/segalib/lib/sega_sat.a(DMA_SCU1.o)
 *fill*         0x0602bdcc        0x4 00
 .bss           0x0602bdd0        0xc ../sbl6/segalib/lib/sega_sat.a(gfs_trn.o)
 *fill*         0x0602bddc        0x4 00
 .bss           0x0602bde0       0x20 ../sbl6/segalib/lib/sega_sat.a(DMA_SCU0.o)
 .bss           0x0602be00       0x10 C:/saturn/SH_COFF/sh-coff/bin/../lib/gcc/sh-coff/3.4-GNUSH_v0501\libgcc.a(__main.o)
 .bss           0x0602be10       0x10 C:/saturn/SH_COFF/sh-coff/bin/../lib/gcc/sh-coff/3.4-GNUSH_v0501/../../../../sh-coff/lib\libc.a(atexit.o)
 .bss           0x0602be20       0x40 C:/saturn/SH_COFF/sh-coff/bin/../lib/gcc/sh-coff/3.4-GNUSH_v0501/../../../../sh-coff/lib\libc.a(mallocr.o)
                0x0602be50                __malloc_top_pad
                0x0602be20                __malloc_current_mallinfo
                0x0602be4c                __malloc_max_sbrked_mem
                0x0602be48                __malloc_max_total_mem
 .bss           0x0602be60       0x10 C:/saturn/SH_COFF/sh-coff/bin/../lib/gcc/sh-coff/3.4-GNUSH_v0501/../../../../sh-coff/lib\libc.a(syscalls.o)
 *(COMMON)
 COMMON         0x0602be70     0x1674 cd.o
                                  0x0 (size before relaxing)
                0x0602be70                dirname
                0x0602c7d0                lib_work
                0x0602d4d8                directory_table
 *fill*         0x0602d4e4        0xc 00
 COMMON         0x0602d4f0     0x1960 player.o
                                  0x0 (size before relaxing)
                0x0602d4f0                curr_level
                0x0602d500                player
                0x0602d540                lp
 COMMON         0x0602ee50      0x8c0 print.o
                                  0x0 (size before relaxing)
                0x0602ee50                text
 COMMON         0x0602f710     0x346c scroll.o
                                  0x0 (size before relaxing)
                0x0602f710                line_param0
                0x06031020                scfg3
                0x060310b0                scfg0
                0x06031140                maps
                0x06031150                scfg2
                0x060311e0                line_param1
                0x06032af0                scfg1
 *fill*         0x06032b7c        0x4 00
 COMMON         0x06032b80     0x1460 sprite.o
                                  0x0 (size before relaxing)
                0x06032b80                sprites
                0x06032fe0                image_buf
 COMMON         0x06033fe0      0x400 ../sbl6/segalib/lib/sega_int.a(int.o)
                                  0x0 (size before relaxing)
                0x06033fe0                __interrupt_vector
 COMMON         0x060343e0       0x50 ../sbl6/segalib/lib/sega_spr.a(spr_2c.o)
                                  0x0 (size before relaxing)
                0x060343e0                SpMstCmd
                0x060343e4                Sp2OpenFlag
                0x060343e8                SpGourTblMax
                0x060343ec                SpDrawPrtyBlk
                0x060343f0                SpLCoordX
                0x060343f4                SpMstDrawPrtyBlk
                0x060343f8                SpGourTbl
                0x060343fc                SpLookupTblR
                0x06034400                SpCmdTbl
                0x06034404                SpCharMax
                0x06034408                SpDrawPrtyProcFlag
                0x0603440c                SpCmdNo
                0x06034410                SpDrawPrtyBlkMax
                0x06034414                SpSlvCmdPos
                0x06034418                SpSlvDrawPrtyBlk
                0x0603441c                SpCharTbl
                0x06034420                SpCmdTblR
                0x06034424                SpMstCmdPos
                0x06034428                SpSlvCmd
                0x0603442c                SpLCoordY
 COMMON         0x06034430       0x10 ../sbl6/segalib/lib/sega_spr.a(spr_1c.o)
                                  0x0 (size before relaxing)
                0x06034430                SpScreenY
                0x06034434                SpFbcrMode
                0x06034436                SpDil
                0x06034438                SpDie
                0x0603443a                SpTvMode
                0x0603443c                SpScreenX
 COMMON         0x06034440      0xf00 ../sbl6/segalib/lib/sega_scl.a(scl_func.o)
                                  0x0 (size before relaxing)
                0x06034440                SclRbgKtbAddr
                0x06034448                SclRb
                0x0603444a                Scl_flag
                0x06034450                SclK_TableBuff
                0x06035120                SclAddrCsTbl
                0x06035130                Scl_s_reg
                0x06035158                SclRotateXy
                0x06035160                Scl_d_reg
                0x060351a8                SclRotateDisp
                0x060351b0                SclRotateMoveZ
                0x060351b8                SclRotXySw
                0x060351c0                Scl_r_reg
                0x060351d0                SclRPMD
                0x060351d8                SclRbgKtbOffset
                0x060351e0                _SclRotregBuff
                0x060352b0                SclRa
                0x060352b8                SclRotateZ
                0x060352c0                SclAddrLsTbl
                0x060352c8                SclK_TableNum
                0x060352d0                SclRotateTableAddress
                0x060352d4                SclK_TableFlag
                0x060352e0                Scl_w_reg
                0x06035300                Scl_n_reg
 COMMON         0x06035340      0x6b0 ../sbl6/segalib/lib/sega_scl.a(scl_pri.o)
                                  0x0 (size before relaxing)
                0x06035340                SclAutoEndBlue2
                0x06035350                SclColOffset
                0x06035360                SclPriBuffDirty
                0x06035362                SclAutoEndRed
                0x06035364                SclAutoSurface
                0x06035368                SclAutoGreen
                0x0603536a                SclAutoEndGreen
                0x0603536c                SclAutoCount
                0x06035370                SclColRamAlloc256
                0x06035390                SclAutoCurRate
                0x06035391                SclAutoPlusFlag
                0x06035398                SclSpColMix
                0x060353a0                SclAutoMax
                0x060353a4                SclLineColRamOffset
                0x060353a8                SclColRamAlloc2048
                0x060353ac                SclBgPriNum
                0x060353b2                SclAutoEndBlue
                0x060353b4                SclAutoEndGreen2
                0x060353b6                SclAutoVeFlag
                0x060353b8                SclBgColMix
                0x060353c0                SclAutoIndex
                0x060353c4                SclAutoEndRate
                0x060353c6                SclAutoBlue
                0x060353c8                SclAutoRed
                0x060353cc                SclAutoInterval
                0x060353d0                SclOtherPri
                0x060353e0                SclAutoRGB
                0x060359e0                SclAutoEndRed2
                0x060359e8                SclSpPriNum
 COMMON         0x060359f0       0x10 ../sbl6/segalib/lib/sega_scl.a(scl_ro00.o)
                                  0x0 (size before relaxing)
                0x060359f0                SclCsx
                0x060359f8                SclCsy
 COMMON         0x06035a00       0x15 ../sbl6/segalib/lib/sega_per.a(per_prt.o)
                                  0x0 (size before relaxing)
                0x06035a00                per_get_time_flg
                0x06035a01                per_hot_res
                0x06035a02                per_set_sys_flg
                0x06035a04                per_get_time_adr
                0x06035a08                per_get_sys_data
                0x06035a14                per_time_out_flg
 *fill*         0x06035a15        0xb 00
 COMMON         0x06035a20        0xc ../sbl6/segalib/lib/sega_sat.a(gfs.o)
                                  0x0 (size before relaxing)
                0x06035a20                GFMC_base
                0x06035a24                gfs_mng_ptr
                0x06035a28                gfs_use_scudma
 *fill*         0x06035a2c        0x4 00
 COMMON         0x06035a30        0x8 ../sbl6/segalib/lib/sega_sat.a(gfs_cdf.o)
                                  0x0 (size before relaxing)
                0x06035a30                gfcf_fad
                0x06035a34                gfcf_stat
 *fill*         0x06035a38        0x8 00
 COMMON         0x06035a40        0xc ../sbl6/segalib/lib/sega_sat.a(gfs_cdc.o)
                                  0x0 (size before relaxing)
                0x06035a40                gfcd_fatal_err
                0x06035a44                gfcd_work
                0x06035a48                gfcd_playflag
 *fill*         0x06035a4c        0x4 00
 COMMON         0x06035a50        0x4 C:/saturn/SH_COFF/sh-coff/bin/../lib/gcc/sh-coff/3.4-GNUSH_v0501/../../../../sh-coff/lib\libc.a(syscalls.o)
                                  0x0 (size before relaxing)
                0x06035a50                errno
                0x06035a54                SIZEOF_B = (. - STARTOF_B)
                0x06035a54                ENDOF_B = .
                0x06035a54                _end = .
OUTPUT(main.cof coff-sh)

.comment        0x06035a60      0x540
 .comment       0x06035a60       0x20 ../sbl6/segasmp/lib/strt2_g.o
 .comment       0x06035a80       0x20 vblank.o
 .comment       0x06035aa0       0x20 ../sbl6/segasmp/per/smpclib/per_x1.o
 .comment       0x06035ac0       0x20 ../sbl6/segasmp/per/smpclib/per_x2.o
 .comment       0x06035ae0       0x20 blocks.o
 .comment       0x06035b00       0x20 cd.o
 .comment       0x06035b20       0x20 collision.o
 .comment       0x06035b40       0x20 enemylist.o
 .comment       0x06035b60       0x20 graphics.o
 .comment       0x06035b80       0x20 pcmsys.o
 .comment       0x06035ba0       0x20 player.o
 .comment       0x06035bc0       0x20 print.o
 .comment       0x06035be0       0x20 scroll.o
 .comment       0x06035c00       0x20 sound.o
 .comment       0x06035c20       0x20 sprite.o
 .comment       0x06035c40       0x20 spritecode/explosion.o
 .comment       0x06035c60       0x20 spritecode/float.o
 .comment       0x06035c80       0x20 main.o
 .comment       0x06035ca0       0x20 C:/saturn/SH_COFF/sh-coff/bin/../lib/gcc/sh-coff/3.4-GNUSH_v0501\libgcc.a(__main.o)
 .comment       0x06035cc0       0x20 C:/saturn/SH_COFF/sh-coff/bin/../lib/gcc/sh-coff/3.4-GNUSH_v0501\libgcc.a(_mul_df.o)
 .comment       0x06035ce0       0x20 C:/saturn/SH_COFF/sh-coff/bin/../lib/gcc/sh-coff/3.4-GNUSH_v0501\libgcc.a(_si_to_df.o)
 .comment       0x06035d00       0x20 C:/saturn/SH_COFF/sh-coff/bin/../lib/gcc/sh-coff/3.4-GNUSH_v0501\libgcc.a(_df_to_si.o)
 .comment       0x06035d20       0x20 C:/saturn/SH_COFF/sh-coff/bin/../lib/gcc/sh-coff/3.4-GNUSH_v0501\libgcc.a(_unpack_df.o)
 .comment       0x06035d40       0x20 C:/saturn/SH_COFF/sh-coff/bin/../lib/gcc/sh-coff/3.4-GNUSH_v0501\libgcc.a(_pack_df.o)
 .comment       0x06035d60       0x20 C:/saturn/SH_COFF/sh-coff/bin/../lib/gcc/sh-coff/3.4-GNUSH_v0501\libgcc.a(_thenan_df.o)
 .comment       0x06035d80       0x20 C:/saturn/SH_COFF/sh-coff/bin/../lib/gcc/sh-coff/3.4-GNUSH_v0501\libgcc.a(_muldi3.o)
 .comment       0x06035da0       0x20 C:/saturn/SH_COFF/sh-coff/bin/../lib/gcc/sh-coff/3.4-GNUSH_v0501\libgcc.a(_lshrdi3.o)
 .comment       0x06035dc0       0x20 C:/saturn/SH_COFF/sh-coff/bin/../lib/gcc/sh-coff/3.4-GNUSH_v0501\libgcc.a(_ashldi3.o)
 .comment       0x06035de0       0x20 C:/saturn/SH_COFF/sh-coff/bin/../lib/gcc/sh-coff/3.4-GNUSH_v0501/../../../../sh-coff/lib\libc.a(memcmp.o)
 .comment       0x06035e00       0x20 C:/saturn/SH_COFF/sh-coff/bin/../lib/gcc/sh-coff/3.4-GNUSH_v0501/../../../../sh-coff/lib\libc.a(strncmp.o)
 .comment       0x06035e20       0x20 C:/saturn/SH_COFF/sh-coff/bin/../lib/gcc/sh-coff/3.4-GNUSH_v0501/../../../../sh-coff/lib\libc.a(strncpy.o)
 .comment       0x06035e40       0x20 C:/saturn/SH_COFF/sh-coff/bin/../lib/gcc/sh-coff/3.4-GNUSH_v0501/../../../../sh-coff/lib\libc.a(atexit.o)
 .comment       0x06035e60       0x20 C:/saturn/SH_COFF/sh-coff/bin/../lib/gcc/sh-coff/3.4-GNUSH_v0501/../../../../sh-coff/lib\libc.a(impure.o)
 .comment       0x06035e80       0x20 C:/saturn/SH_COFF/sh-coff/bin/../lib/gcc/sh-coff/3.4-GNUSH_v0501/../../../../sh-coff/lib\libc.a(malloc.o)
 .comment       0x06035ea0       0x20 C:/saturn/SH_COFF/sh-coff/bin/../lib/gcc/sh-coff/3.4-GNUSH_v0501/../../../../sh-coff/lib\libc.a(mallocr.o)
 .comment       0x06035ec0       0x20 C:/saturn/SH_COFF/sh-coff/bin/../lib/gcc/sh-coff/3.4-GNUSH_v0501/../../../../sh-coff/lib\libc.a(freer.o)
 .comment       0x06035ee0       0x20 C:/saturn/SH_COFF/sh-coff/bin/../lib/gcc/sh-coff/3.4-GNUSH_v0501/../../../../sh-coff/lib\libc.a(mlock.o)
 .comment       0x06035f00       0x20 C:/saturn/SH_COFF/sh-coff/bin/../lib/gcc/sh-coff/3.4-GNUSH_v0501/../../../../sh-coff/lib\libc.a(sbrkr.o)
 .comment       0x06035f20       0x20 C:/saturn/SH_COFF/sh-coff/bin/../lib/gcc/sh-coff/3.4-GNUSH_v0501/../../../../sh-coff/lib\libc.a(syscalls.o)
 .comment       0x06035f40       0x20 C:/saturn/SH_COFF/sh-coff/bin/../lib/gcc/sh-coff/3.4-GNUSH_v0501/../../../../sh-coff/lib\libc.a(abort.o)
 .comment       0x06035f60       0x20 C:/saturn/SH_COFF/sh-coff/bin/../lib/gcc/sh-coff/3.4-GNUSH_v0501/../../../../sh-coff/lib\libc.a(signal.o)
 .comment       0x06035f80       0x20 C:/saturn/SH_COFF/sh-coff/bin/../lib/gcc/sh-coff/3.4-GNUSH_v0501/../../../../sh-coff/lib\libc.a(signalr.o)
