Archive member included because of file (symbol)

../sbl6/segalib/lib/sega_int.a(int.o)
                              vblank.o (INT_SetScuFunc)
../sbl6/segalib/lib/sega_int.a(int_trmp.o)
                              ../sbl6/segalib/lib/sega_int.a(int.o) (__interrupt_handler0)
../sbl6/segalib/lib/sega_spr.a(spr_2c.o)
                              sprite.o (SPR_2Initial)
../sbl6/segalib/lib/sega_spr.a(spr_slv.o)
                              ../sbl6/segalib/lib/sega_spr.a(spr_2c.o) (SPR_InitSlaveSH)
../sbl6/segalib/lib/sega_spr.a(spr_1c.o)
                              ../sbl6/segalib/lib/sega_spr.a(spr_2c.o) (SPR_Initial)
../sbl6/segalib/lib/sega_spr.a(spr_2a.o)
                              ../sbl6/segalib/lib/sega_spr.a(spr_2c.o) (SPR_2SetDrawPrty)
../sbl6/segalib/lib/sega_scl.a(scl_vblv.o)
                              ../sbl6/segalib/lib/sega_spr.a(spr_1c.o) (SpFrameChgMode)
../sbl6/segalib/lib/sega_scl.a(scl_func.o)
                              sprite.o (SCL_Vdp2Init)
../sbl6/segalib/lib/sega_scl.a(scl_pr03.o)
                              sprite.o (SCL_AllocColRam)
../sbl6/segalib/lib/sega_scl.a(scl_pr02.o)
                              sprite.o (SCL_SetColRam)
../sbl6/segalib/lib/sega_scl.a(scl_back.o)
                              scroll.o (SCL_SetBack)
../sbl6/segalib/lib/sega_scl.a(scl_fu03.o)
                              scroll.o (SCL_InitConfigTb)
../sbl6/segalib/lib/sega_scl.a(scl_fu02.o)
                              scroll.o (SCL_InitVramConfigTb)
../sbl6/segalib/lib/sega_scl.a(scl_fu04.o)
                              scroll.o (SCL_SetCycleTable)
../sbl6/segalib/lib/sega_scl.a(scl_pr07.o)
                              scroll.o (SCL_SetPriority)
../sbl6/segalib/lib/sega_scl.a(scl_pr01.o)
                              main.o (SCL_SetSpriteMode)
../sbl6/segalib/lib/sega_scl.a(scl_pri.o)
                              ../sbl6/segalib/lib/sega_scl.a(scl_func.o) (SclRealOtherPri)
../sbl6/segalib/lib/sega_scl.a(scl_ro00.o)
                              ../sbl6/segalib/lib/sega_scl.a(scl_func.o) (SCL_Rotate)
../sbl6/segalib/lib/sega_scl.a(scl_pr06.o)
                              ../sbl6/segalib/lib/sega_scl.a(scl_pr03.o) (SCL_SetColRamOffset)
../sbl6/segalib/lib/sega_scl.a(scl_pr05.o)
                              ../sbl6/segalib/lib/sega_scl.a(scl_pr02.o) (SCL_GetColRamOffset)
../sbl6/segalib/lib/sega_mth.a(mth_fixd.o)
                              sprite.o (MTH_Mul)
../sbl6/segalib/lib/sega_mth.a(mth_tri.o)
                              sprite.o (MTH_Sin)
../sbl6/segalib/lib/sega_per.a(per_prt.o)
                              ../sbl6/segasmp/per/smpclib/per_x2.o (PER_LInit)
../sbl6/segalib/lib/sega_sat.a(gfs.o)
                              cd.o (GFS_Init)
../sbl6/segalib/lib/sega_sat.a(DMA_SCU1.o)
                              ../sbl6/segalib/lib/sega_spr.a(spr_2c.o) (DMA_ScuMemCopy)
../sbl6/segalib/lib/sega_sat.a(gfs_cdf.o)
                              ../sbl6/segalib/lib/sega_sat.a(gfs.o) (GFCF_Init)
../sbl6/segalib/lib/sega_sat.a(gfs_dir.o)
                              ../sbl6/segalib/lib/sega_sat.a(gfs.o) (GFDR_SetupDirTbl)
../sbl6/segalib/lib/sega_sat.a(gfs_trn.o)
                              ../sbl6/segalib/lib/sega_sat.a(gfs.o) (GFTR_Setup)
../sbl6/segalib/lib/sega_sat.a(gfs_buf.o)
                              ../sbl6/segalib/lib/sega_sat.a(gfs.o) (GFBF_GetNumData)
../sbl6/segalib/lib/sega_sat.a(gfs_cdb.o)
                              ../sbl6/segalib/lib/sega_sat.a(gfs_cdf.o) (GFCB_Setup)
../sbl6/segalib/lib/sega_sat.a(gfs_cdc.o)
                              ../sbl6/segalib/lib/sega_sat.a(gfs.o) (GFCD_SetCdbfs)
../sbl6/segalib/lib/sega_sat.a(DMA_SCU0.o)
                              ../sbl6/segalib/lib/sega_sat.a(DMA_SCU1.o) (DMA_ScuSetPrm)
../sbl6/segalib/lib/sega_sat.a(csh_main.o)
                              ../sbl6/segalib/lib/sega_sat.a(DMA_SCU1.o) (CSH_Purge)
../sbl6/segalib/lib/sega_sat.a(DMA_CPU0.o)
                              ../sbl6/segalib/lib/sega_sat.a(gfs_trn.o) (DMA_CpuSetComPrm)
../sbl6/segalib/lib/sega_sat.a(cdc_reg.o)
                              ../sbl6/segalib/lib/sega_sat.a(gfs_cdb.o) (CDC_GetDataPtr)
../sbl6/segalib/lib/sega_sat.a(cdc_cfs.o)
                              ../sbl6/segalib/lib/sega_sat.a(gfs_cdc.o) (CDC_ChgDir)
../sbl6/segalib/lib/sega_sat.a(cdc_cmn.o)
                              ../sbl6/segalib/lib/sega_sat.a(gfs_cdc.o) (CDC_GetCurStat)
../sbl6/segalib/lib/sega_sat.a(cdc_bio.o)
                              ../sbl6/segalib/lib/sega_sat.a(gfs_cdc.o) (CDC_SetSctLen)
../sbl6/segalib/lib/sega_sat.a(cdc_sel.o)
                              ../sbl6/segalib/lib/sega_sat.a(gfs_cdc.o) (CDC_SetFiltRange)
../sbl6/segalib/lib/sega_sat.a(cdc_drv.o)
                              ../sbl6/segalib/lib/sega_sat.a(gfs_cdc.o) (CDC_CdPlay)
../sbl6/segalib/lib/sega_sat.a(cdc_bif.o)
                              ../sbl6/segalib/lib/sega_sat.a(gfs_cdc.o) (CDC_GetBufSiz)
../sbl6/segalib/lib/sega_sat.a(cdc_dev.o)
[...]
Memory Configuration

Name             Origin             Length             Attributes
*default*        0x00000000         0xffffffff

Linker script and memory map

LOAD ../sbl6/segasmp/lib/strt1_g.o
LOAD ../sbl6/segasmp/lib/strt2_g.o
LOAD vblank.o
LOAD ../sbl6/segasmp/per/smpclib/per_x1.o
LOAD ../sbl6/segasmp/per/smpclib/per_x2.o
LOAD ../sbl6/segasmp/per/smpclib/per_x3.o
LOAD cd.o
LOAD graphics.o
LOAD player.o
LOAD print.o
LOAD sprite.o
LOAD scroll.o
LOAD main.o
LOAD ../sbl6/segalib/lib/sega_int.a
LOAD ../sbl6/segalib/lib/sega_spr.a
LOAD ../sbl6/segalib/lib/sega_scl.a
LOAD ../sbl6/segalib/lib/sega_mth.a
LOAD ../sbl6/segalib/lib/sega_cdc.a
LOAD ../sbl6/segalib/lib/sega_adp.a
LOAD ../sbl6/segalib/lib/sega_per.a
LOAD ../sbl6/segalib/lib/sega_sat.a
LOAD C:/saturn/SH_COFF/sh-coff/bin/../lib/gcc/sh-coff/3.4-GNUSH_v0501\libgcc.a
LOAD C:/saturn/SH_COFF/sh-coff/bin/../lib/gcc/sh-coff/3.4-GNUSH_v0501/../../../../sh-coff/lib\libc.a
LOAD C:/saturn/SH_COFF/sh-coff/bin/../lib/gcc/sh-coff/3.4-GNUSH_v0501\libgcc.a

.text           0x06010000    0x12ee0
 *(.text)
 .text          0x06010000       0x30 ../sbl6/segasmp/lib/strt1_g.o
                0x06010024                _D_END
                0x06010020                _D_BGN
                0x0601002c                _B_END
                0x06010028                _B_BGN
                0x06010000                START
 .text          0x06010030       0x60 ../sbl6/segasmp/lib/strt2_g.o
                0x06010050                _INITSCT
                0x06010030                _INIT
 .text          0x06010090      0x1b0 vblank.o
                0x06010090                SetVblank
                0x06010140                UsrVblankOut
                0x060100f0                UsrVblankIn
 .text          0x06010240      0x430 ../sbl6/segasmp/per/smpclib/per_x1.o
                0x060105d4                PER_GetAnalogXYZ
                0x06010264                PER_GetTriggerHandler
                0x060104fe                PER_GetEdge
                0x0601047c                PER_GetTrigger
                0x06010528                PER_GetPressEdge
                0x0601057c                PER_GetReleaseEdge
                0x06010240                PER_SetTriggerHandler
 .text          0x06010670      0x200 ../sbl6/segasmp/per/smpclib/per_x2.o
                0x06010774                PER_GetDeviceA
                0x06010670                PER_OpenPort
                0x060106a8                PER_GetPort
                0x060107ee                PER_GetDeviceR
 .text          0x06010870       0x20 ../sbl6/segasmp/per/smpclib/per_x3.o
                0x06010870                PER_DisguiseTrigger
 .text          0x06010890       0xa0 cd.o
                0x06010890                cd_init
                0x060108c0                cd_load
 .text          0x06010930      0x1e0 player.o
                0x06010930                player_frames
                0x06010a00                player_input
                0x06010940                player_init
                0x06010af0                player_draw
                0x06010970                player_animate
 .text          0x06010b10      0x170 print.o
                0x06010be0                print_display
                0x06010b50                print_num
                0x06010b10                print_init
                0x06010ba0                print_string
 .text          0x06010c80      0x5e0 sprite.o
                0x06010cb0                sprite_init
                0x06011090                sprite_make
                0x060111d0                sprite_next
                0x06011230                sprite_delete
                0x060110d0                sprite_draw_all
                0x06010c80                sprite_deleteall
                0x06010e40                sprite_draw
 .text          0x06011260      0x860 scroll.o
                0x06011260                scroll_move
                0x06011760                scroll_get
                0x060117b0                scroll_copy
                0x060113b0                scroll_set
                0x060114c0                scroll_init
                0x060113e0                scroll_scale
 .text          0x06011ac0      0x110 main.o
                0x06011af0                main
 .text          0x06011bd0       0x40 ../sbl6/segalib/lib/sega_int.a(int.o)
                0x06011bfc                INT_GetScuFunc
                0x06011bd0                INT_SetScuFunc
 .text          0x06011c10      0x624 ../sbl6/segalib/lib/sega_int.a(int_trmp.o)
                0x06011d78                __interrupt_handler60
                0x06011f28                __interrupt_handler132
                0x060120de                __interrupt_handler205
                0x06011f46                __interrupt_handler137
                0x06011e74                __interrupt_handler102
                0x06011cb2                __interrupt_handler27
                0x060120b4                __interrupt_handler198
                0x06011fa6                __interrupt_handler153
                0x06011c8e                __interrupt_handler21
                0x06011d9c                __interrupt_handler66
                0x06011e8c                __interrupt_handler106
                0x06011fd6                __interrupt_handler161
                0x06011e20                __interrupt_handler88
                0x06011fee                __interrupt_handler165
                0x06011efe                __interrupt_handler125
                0x06011c34                __interrupt_handler6
                0x06011cd0                __interrupt_handler32
                0x0601208a                __interrupt_handler191
                0x060121a4                __interrupt_handler238
                0x060121bc                __interrupt_handler242
                0x06011fc4                __interrupt_handler158
                0x06011e2c                __interrupt_handler90
                0x06011fe8                __interrupt_handler164
                0x06011d0c                __interrupt_handler42
                0x0601204e                __interrupt_handler181
                0x06012156                __interrupt_handler225
                0x060121fe                __interrupt_handler253
                0x06012012                __interrupt_handler171
                0x06011dcc                __interrupt_handler74
                0x06011c22                __interrupt_handler3
                0x06011d66                __interrupt_handler57
                0x06011c64                __interrupt_handler14
                0x060120fc                __interrupt_handler210
                0x0601212c                __interrupt_handler218
                0x060120f0                __interrupt_handler208
                0x06011cf4                __interrupt_handler38
                0x06011c10                __interrupt_handler0
                0x06011e80                __interrupt_handler104
                0x06011fbe                __interrupt_handler157
                0x0601210e                __interrupt_handler213
                0x06012000                __interrupt_handler168
                0x06011e0e                __interrupt_handler85
                0x06011eaa                __interrupt_handler111
                0x06011ebc                __interrupt_handler114
                0x06011d2a                __interrupt_handler47
                0x06012180                __interrupt_handler232
                0x0601214a                __interrupt_handler223
                0x0601219e                __interrupt_handler237
                0x06011d8a                __interrupt_handler63
                0x06011d18                __interrupt_handler44
                0x0601202a                __interrupt_handler175
                0x06012054                __interrupt_handler182
                0x0601206c                __interrupt_handler186
                0x06011f6a                __interrupt_handler143
                0x06011e92                __interrupt_handler107
                0x06011ef8                __interrupt_handler124
                0x06012018                __interrupt_handler172
                0x060121ce                __interrupt_handler245
                0x06011e4a                __interrupt_handler95
                0x06011f22                __interrupt_handler131
                0x06011f34                __interrupt_handler134
                0x06011f52                __interrupt_handler139
                0x06011dc0                __interrupt_handler72
                0x0601217a                __interrupt_handler231
                0x06011fd0                __interrupt_handler160
                0x06011f16                __interrupt_handler129
                0x06011c88                __interrupt_handler20
                0x06011d96                __interrupt_handler65
                0x06011d60                __interrupt_handler56
                0x06011c5e                __interrupt_handler13
                0x060120f6                __interrupt_handler209
                0x06011eb0                __interrupt_handler112
                0x06011c82                __interrupt_handler19
                0x06011e3e                __interrupt_handler93
                0x060120a8                __interrupt_handler196
                0x06011f9a                __interrupt_handler151
                0x06011ffa                __interrupt_handler167
                0x06012210                __trampoline
                0x06011c76                __interrupt_handler17
                0x06012168                __interrupt_handler228
                0x0601220a                __interrupt_handler255
                0x060121c8                __interrupt_handler244
                0x06011e62                __interrupt_handler99
                0x0601205a                __interrupt_handler183
                0x06011f58                __interrupt_handler140
                0x0601207e                __interrupt_handler189
                0x06011f7c                __interrupt_handler146
                0x06012144                __interrupt_handler222
                0x06011fb8                __interrupt_handler156
                0x06011eec                __interrupt_handler122
                0x060121e0                __interrupt_handler248
                0x06011d30                __interrupt_handler48
                0x06011dae                __interrupt_handler69
                0x06011ca0                __interrupt_handler24
                0x06011e26                __interrupt_handler89
                0x0601211a                __interrupt_handler215
                0x06012204                __interrupt_handler254
                0x06011e1a                __interrupt_handler87
                0x06011d7e                __interrupt_handler61
                0x060120a2                __interrupt_handler195
                0x06011f94                __interrupt_handler150
                0x06011d06                __interrupt_handler41
                0x06011ea4                __interrupt_handler110
                0x06011f0a                __interrupt_handler127
                0x06011e98                __interrupt_handler108
                0x06011eb6                __interrupt_handler113
                0x06011ec8                __interrupt_handler116
                0x06011ee6                __interrupt_handler121
                0x06011dde                __interrupt_handler77
                0x06011cfa                __interrupt_handler39
                0x06011d12                __interrupt_handler43
                0x060121e6                __interrupt_handler249
                0x06012024                __interrupt_handler174
                0x06011f40                __interrupt_handler136
                0x06012078                __interrupt_handler188
                0x06011f76                __interrupt_handler145
                0x06011c46                __interrupt_handler9
                0x06011dea                __interrupt_handler79
                0x06012162                __interrupt_handler227
                0x06011cdc                __interrupt_handler34
                0x06011f1c                __interrupt_handler130
                0x060121da                __interrupt_handler247
                0x06011dd2                __interrupt_handler75
                0x0601201e                __interrupt_handler173
                0x06011d4e                __interrupt_handler53
                0x06011f8e                __interrupt_handler149
                0x060121f2                __interrupt_handler251
                0x06012186                __interrupt_handler233
                0x06011c4c                __interrupt_handler10
                0x060120d8                __interrupt_handler204
                0x06011dfc                __interrupt_handler82
                0x06011e02                __interrupt_handler83
                0x06011ca6                __interrupt_handler25
                0x060121c2                __interrupt_handler243
                0x06011fdc                __interrupt_handler162
                0x06011d24                __interrupt_handler46
                0x0601203c                __interrupt_handler178
                0x06011df0                __interrupt_handler80
                0x06011d84                __interrupt_handler62
                0x06011c1c                __interrupt_handler2
                0x06011cbe                __interrupt_handler29
                0x06011db4                __interrupt_handler70
                0x06011e9e                __interrupt_handler109
                0x06011f88                __interrupt_handler148
                0x06011e44                __interrupt_handler94
                0x06012150                __interrupt_handler224
                0x06011e7a                __interrupt_handler103
                0x06011ce8                __interrupt_handler36
                0x06011f04                __interrupt_handler126
                0x060121d4                __interrupt_handler246
                0x06011d5a                __interrupt_handler55
                0x06011c58                __interrupt_handler12
                0x06011d48                __interrupt_handler52
                0x06012072                __interrupt_handler187
                0x06011f70                __interrupt_handler144
                0x06011ece                __interrupt_handler117
                0x06011c7c                __interrupt_handler18
                0x060120ae                __interrupt_handler197
                0x06011fa0                __interrupt_handler152
                0x06011ed4                __interrupt_handler118
                0x0601200c                __interrupt_handler170
                0x060120c6                __interrupt_handler201
                0x06011e56                __interrupt_handler97
                0x06011fe2                __interrupt_handler163
                0x06012048                __interrupt_handler180
                0x06012090                __interrupt_handler192
                0x060121b0                __interrupt_handler240
                0x06011ef2                __interrupt_handler123
                0x06012114                __interrupt_handler214
                0x06011cca                __interrupt_handler31
                0x06011cb8                __interrupt_handler28
                0x06011da2                __interrupt_handler67
                0x06011da8                __interrupt_handler68
                0x06011c94                __interrupt_handler22
                0x06011c9a                __interrupt_handler23
                0x06012030                __interrupt_handler176
                0x06011c3a                __interrupt_handler7
                0x0601213e                __interrupt_handler221
                0x06012126                __interrupt_handler217
                0x0601216e                __interrupt_handler229
                0x06011d36                __interrupt_handler49
                0x06011c28                __interrupt_handler4
                0x06011d00                __interrupt_handler40
                0x06011ec2                __interrupt_handler115
                0x06012192                __interrupt_handler235
                0x06011e32                __interrupt_handler91
                0x060120e4                __interrupt_handler206
                0x06012036                __interrupt_handler177
                0x06011f82                __interrupt_handler147
                0x06011cee                __interrupt_handler37
                0x060121ec                __interrupt_handler250
                0x06011c16                __interrupt_handler1
                0x06012132                __interrupt_handler219
                0x06011dd8                __interrupt_handler76
                0x06011e68                __interrupt_handler100
                0x06011d6c                __interrupt_handler58
                0x06011c6a                __interrupt_handler15
                0x06012108                __interrupt_handler212
                0x060121b6                __interrupt_handler241
                0x060120cc                __interrupt_handler202
                0x06012096                __interrupt_handler193
                0x06011de4                __interrupt_handler78
                0x06011d3c                __interrupt_handler50
                0x06011cd6                __interrupt_handler33
                0x06011ff4                __interrupt_handler166
                0x06011f4c                __interrupt_handler138
                0x06011f3a                __interrupt_handler135
                0x06011cc4                __interrupt_handler30
                0x06012060                __interrupt_handler184
                0x06011f5e                __interrupt_handler141
                0x06012174                __interrupt_handler230
                0x06012198                __interrupt_handler236
                0x06011eda                __interrupt_handler119
                0x06011e14                __interrupt_handler86
                0x06011e86                __interrupt_handler105
                0x06011df6                __interrupt_handler81
                0x06011ee0                __interrupt_handler120
                0x06011f10                __interrupt_handler128
                0x06011d54                __interrupt_handler54
                0x06011c52                __interrupt_handler11
                0x060120ba                __interrupt_handler199
                0x06011fac                __interrupt_handler154
                0x06011d1e                __interrupt_handler45
                0x06012120                __interrupt_handler216
                0x060120d2                __interrupt_handler203
                0x06011e6e                __interrupt_handler101
                0x06011e08                __interrupt_handler84
                0x06012066                __interrupt_handler185
                0x06011f64                __interrupt_handler142
                0x06011cac                __interrupt_handler26
                0x06011d90                __interrupt_handler64
                0x060120c0                __interrupt_handler200
                0x060120ea                __interrupt_handler207
                0x0601209c                __interrupt_handler194
                0x06011e38                __interrupt_handler92
                0x06011fb2                __interrupt_handler155
                0x06012102                __interrupt_handler211
                0x06011f2e                __interrupt_handler133
                0x06011c2e                __interrupt_handler5
                0x06011dc6                __interrupt_handler73
                0x06011c70                __interrupt_handler16
                0x060121aa                __interrupt_handler239
                0x0601218c                __interrupt_handler234
                0x06011ce2                __interrupt_handler35
                0x06011d72                __interrupt_handler59
                0x06012006                __interrupt_handler169
                0x06011e5c                __interrupt_handler98
                0x06011dba                __interrupt_handler71
                0x06011d42                __interrupt_handler51
                0x06011fca                __interrupt_handler159
                0x0601215c                __interrupt_handler226
                0x06011e50                __interrupt_handler96
                0x06012084                __interrupt_handler190
                0x06012138                __interrupt_handler220
                0x06011c40                __interrupt_handler8
                0x06012042                __interrupt_handler179
                0x060121f8                __interrupt_handler252
 *fill*         0x06012234        0xc 00
 .text          0x06012240     0x12a0 ../sbl6/segalib/lib/sega_spr.a(spr_2c.o)
                0x060134a0                SlaveFlushDrawPrtyBlock
                0x06012240                SPR_2Initial
                0x06012a84                SPR_2SysClip
                0x06012a24                SPR_2LocalCoord
                0x0601331c                SPR_2FlushDrawPrtyBlock
                0x06013008                SPR_2DistSpr
                0x06012a0c                SPR_2FlushDrawPrty
                0x0601312c                SPR_2Cmd
                0x06012708                SPR_2GourTblNoToVram
                0x06012768                SPR_2GetAreaSizeInfo
                0x060124d0                SPR_2SetGourTbl
                0x06012cbc                SPR_2Polygon
                0x06012744                SPR_2CharNoToVram
                0x06012450                SPR_2SetTvMode
                0x060128ac                SPR_2CloseCommand
                0x0601248c                SPR_2FrameEraseData
                0x06012268                SPR_2Initial2
                0x06012e9c                SPR_2ScaleSpr
                0x06012b2c                SPR_2Line
                0x060127f8                SPR_2OpenCommand
                0x0601246c                SPR_2FrameChgIntr
                0x06012d78                SPR_2NormSpr
                0x06012500                SPR_2SetLookupTbl
                0x06012534                SPR_2SetChar
                0x0601272c                SPR_2LookupTblNoToVram
                0x06012c00                SPR_2PolyLine
                0x060126a0                SPR_2ClrAllChar
                0x06012654                SPR_2ClrChar
                0x06012ad0                SPR_2UserClip
 .text          0x060134e0      0x1e6 ../sbl6/segalib/lib/sega_spr.a(spr_slv.o)
                0x06013644                SPR_WaitEndSlaveSH
                0x060134e0                SPR_SMPC_SSHON
                0x06013620                SPR_RunSlaveSH
                0x060134e4                SPR_InitSlaveSH
                0x060135ac                SPR_SlaveSHmain
                0x060134e1                SPR_SMPC_SSHOFF
 *fill*         0x060136c6        0xa 00
 .text          0x060136d0      0x36a ../sbl6/segalib/lib/sega_spr.a(spr_1c.o)
                0x06013984                SPR_WaitDrawEnd
                0x0601399c                SPR_SetEosMode
                0x060138b4                SPR_SetEraseData
                0x060136d0                SPR_Initial
                0x060137a8                SPR_SetTvMode
                0x06013840                SPR_GetStatus
 *fill*         0x06013a3a        0x6 00
 .text          0x06013a40      0x244 ../sbl6/segalib/lib/sega_spr.a(spr_2a.o)
                0x06013a52                sprMemCpyW
                0x06013ab0                flushDrawPrtyBlock
                0x06013a40                sprMemCpyL
                0x06013a64                SPR_2SetDrawPrty
 *fill*         0x06013c84        0xc 00
 .text          0x06013c90      0x2fc ../sbl6/segalib/lib/sega_scl.a(scl_vblv.o)
                0x06013d4c                SCL_DisplayFrame
                0x06013c90                SCL_SetFrameInterval
                0x06013d80                SCL_VblInit
                0x06013dd0                SCL_VblankStart
                0x06013e14                SCL_VblankEnd
 *fill*         0x06013f8c        0x4 00
 .text          0x06013f90      0xb9c ../sbl6/segalib/lib/sega_scl.a(scl_func.o)
                0x0601496c                SCL_Vdp2_SGLInit
                0x0601487c                SCL_PriIntProc
                0x060147f4                SCL_Memcpyw
                0x06014b0c                SCL_SglOff
                0x06014aec                SCL_SglOn
                0x06014760                SCL_ScrollShow
                0x06014208                SCL_Close
                0x06014500                SCL_Scale
                0x06013f90                SCL_Vdp2Init
                0x06014374                SCL_Move
                0x0601463c                SCL_CopyReg
                0x060141e4                SCL_Open
                0x06014014                SCL_ParametersInit
                0x06014224                SCL_MoveTo
                0x0601481c                SCL_SetColRamMode
 *fill*         0x06014b2c        0x4 00
 .text          0x06014b30      0x138 ../sbl6/segalib/lib/sega_scl.a(scl_pr03.o)
                0x06014b30                SCL_FreeColRam
                0x06014b68                SCL_AllocColRam
 *fill*         0x06014c68        0x8 00
 .text          0x06014c70       0x9c ../sbl6/segalib/lib/sega_scl.a(scl_pr02.o)
                0x06014c70                SCL_SetColRam
 *fill*         0x06014d0c        0x4 00
 .text          0x06014d10       0x84 ../sbl6/segalib/lib/sega_scl.a(scl_back.o)
                0x06014d10                SCL_SetBack
 *fill*         0x06014d94        0xc 00
 .text          0x06014da0      0x94c ../sbl6/segalib/lib/sega_scl.a(scl_fu03.o)
                0x06014dfc                SCL_SetConfig
                0x06014da0                SCL_InitConfigTb
 *fill*         0x060156ec        0x4 00
 .text          0x060156f0      0x4f4 ../sbl6/segalib/lib/sega_scl.a(scl_fu02.o)
                0x06015728                SCL_SetVramConfig
                0x060156f0                SCL_InitVramConfigTb
 *fill*         0x06015be4        0xc 00
 .text          0x06015bf0       0x28 ../sbl6/segalib/lib/sega_scl.a(scl_fu04.o)
                0x06015bf0                SCL_SetCycleTable
 *fill*         0x06015c18        0x8 00
 .text          0x06015c20      0x214 ../sbl6/segalib/lib/sega_scl.a(scl_pr07.o)
                0x06015c20                SCL_SetPriority
 *fill*         0x06015e34        0xc 00
 .text          0x06015e40       0x58 ../sbl6/segalib/lib/sega_scl.a(scl_pr01.o)
                0x06015e40                SCL_SetSpriteMode
 *fill*         0x06015e98        0x8 00
 .text          0x06015ea0     0x10a4 ../sbl6/segalib/lib/sega_scl.a(scl_pri.o)
                0x06015f34                SCL_AbortAutoVe
                0x06016de4                SCL_SetShadowBit
                0x060163ac                SCL_AutoExec
                0x06015ea0                SCL_PriorityInit
                0x060168c0                SCL_IncColOffset
                0x06015f48                SCL_SetColMixRate
                0x06015f18                SCL_GetColRamMode
 *fill*         0x06016f44        0xc 00
 .text          0x06016f50     0x1394 ../sbl6/segalib/lib/sega_scl.a(scl_ro00.o)
                0x0601813c                SCL_RotateZD
                0x06017404                SCL_Rotate
                0x060170d8                SCL_InitRotateTable
 *fill*         0x060182e4        0xc 00
 .text          0x060182f0      0x1b4 ../sbl6/segalib/lib/sega_scl.a(scl_pr06.o)
                0x060182f0                SCL_SetColRamOffset
 *fill*         0x060184a4        0xc 00
 .text          0x060184b0       0xac ../sbl6/segalib/lib/sega_scl.a(scl_pr05.o)
                0x060184b0                SCL_GetColRamOffset
 *fill*         0x0601855c        0x4 00
 .text          0x06018560       0xa4 ../sbl6/segalib/lib/sega_mth.a(mth_fixd.o)
                0x060185b0                MTH_FixedToInt
                0x060185a0                MTH_IntToFixed
                0x06018560                MTH_Mul
                0x060185c0                MTH_Product
                0x06018580                MTH_Div
 *fill*         0x06018604        0xc 00
 .text          0x06018610      0x600 ../sbl6/segalib/lib/sega_mth.a(mth_tri.o)
                0x060186ac                fcos
                0x060186b2                fsin
                0x0601865c                MTH_Cos
                0x06018610                MTH_Sin
                0x06018850                MTH_Atan
 .text          0x06018c10      0xf50 ../sbl6/segalib/lib/sega_per.a(per_prt.o)
                0x06019030                PER_IntFunc
                0x06018e28                PER_LGetPer
                0x06018c10                PER_LInit
 .text          0x06019b60     0x1b04 ../sbl6/segalib/lib/sega_sat.a(gfs.o)
                0x06019b60                gfs_version
                0x0601add4                gfs_mngGetNumFile
                0x0601b554                gfs_closeSub
                0x0601a8f0                GFS_SetGmode
                0x0601abac                GFS_SetErrFunc
                0x0601acfc                gfs_mngSetupFuncTbl
                0x06019eb8                GFS_Reset
                0x0601ac24                gfs_chgRoot
                0x0601acf0                gfs_aborttrans
                0x0601afd4                gfs_svrAddHndl
                0x0601ae84                gfs_mngFreeGrp
                0x0601abfc                GFS_ConvTno
                0x0601b188                gfs_getRootDir
                0x0601abd8                GFS_GetErrStat
                0x0601a028                GFS_Seek
                0x0601a694                GFS_NwStop
                0x0601ae90                gfs_mngTermAccess
                0x06019f3c                GFS_Open
                0x0601ae3c                GFS_mngAllocGrp
                0x0601b59c                gfs_isTaskDone
                0x0601a394                GFS_Fread
                0x0601aaf4                GFS_StartTrans
                0x0601b4f0                gfs_GetFinfo
                0x0601ad30                gfs_mngInitWork
                0x0601a180                GFS_ByteToSct
                0x0601af94                gfs_svrSearchHndl
                0x0601b284                gfs_loadRootDir
                0x06019ddc                GFS_IdToName
                0x0601a4d8                GFS_NwFread
                0x0601aa24                GFS_SetTransPara
                0x0601a5e4                GFS_NwCdRead
                0x0601b0c4                gfs_loadVol
                0x0601a9c0                GFS_SetReadPara
                0x0601a0dc                GFS_Tell
                0x0601a954                GFS_SetTmode
                0x0601b458                GFS_GetFad
                0x0601aa90                GFS_SetTrFunc
                0x0601ab40                GFS_CdMovePickup
                0x06019d78                GFS_NameToId
                0x0601a7ac                GFS_NwExecOne
                0x0601b30c                gfs_flowIn
                0x0601a234                GFS_GetFileInfo
                0x0601b3b4                gfs_transData
                0x0601b010                gfs_svrRemoveHndl
                0x0601a65c                GFS_NwIsComplete
                0x0601b590                gfs_getGmode
                0x0601a700                GFS_NwGetStat
                0x0601b06c                GFS_OpenSub
                0x06019d10                GFS_SetDir
                0x0601a1dc                GFS_GetFileSize
                0x0601a2a8                GFS_GetNumCdbuf
                0x0601b5f0                gfs_convFinStat
                0x0601a2d0                GFS_Load
                0x0601a430                gfs_waitRead
                0x06019c68                GFS_LoadDir
                0x06019e48                GFS_GetDirInfo
                0x06019ff0                GFS_Close
                0x06019b80                GFS_Init
                0x0601a77c                gfs_recovRdErr
                0x0601af14                gfs_mngSetErrCode
                0x0601a86c                GFS_NwExecServer
                0x0601a12c                GFS_IsEof
                0x0601b4b0                gfs_SetSct
 *fill*         0x0601b664        0xc 00
 .text          0x0601b670      0x1f4 ../sbl6/segalib/lib/sega_sat.a(DMA_SCU1.o)
                0x0601b7cc                DMA_ScuResult
                0x0601b670                DMA_ScuInit
                0x0601b6c0                DMA_ScuMemCopy
 *fill*         0x0601b864        0xc 00
 .text          0x0601b870      0x8d4 ../sbl6/segalib/lib/sega_sat.a(gfs_cdf.o)
                0x0601bd64                GFCF_Seek
                0x0601be6c                GFCF_GetStat
                0x0601bd4c                GFCF_Tell
                0x0601b910                GFCF_Setup
                0x0601be18                GFCF_cnvIntlvOfs
                0x0601b870                GFCF_Init
                0x0601bd04                GFCF_Recover
                0x0601ba58                GFCF_SetSct
                0x0601bd7c                GFCF_MovePickup
                0x0601bf40                gfcf_isCdOk
                0x0601bb10                GFCF_FlowInBuf
                0x0601ba9c                GFCF_GetFileInfo
                0x0601bc64                GFCF_StopInBuf
                0x0601bf04                gfcf_getSctSize
                0x0601c000                gfcf_getPlayRange
 *fill*         0x0601c144        0xc 00
 .text          0x0601c150      0x928 ../sbl6/segalib/lib/sega_sat.a(gfs_dir.o)
                0x0601c640                gfdr_setNextRec
                0x0601ca3c                gfdr_setDirrecCd
                0x0601c438                gfdr_open
                0x0601c24c                GFDR_GetAtrDirId
                0x0601c520                gfdr_readByte
                0x0601c150                GFDR_SetupDirTbl
                0x0601c618                gfdr_readLongNM
                0x0601c6c4                gfdr_readDirEnt
                0x0601c27c                GFDR_ChgRoot
                0x0601c1c4                GFDR_NameToId
                0x0601c308                gfdr_setupDirIdTbl
                0x0601c264                GFDR_GetAtrDirName
                0x0601c224                GFDR_GetInfoDirId
                0x0601c5cc                gfdr_readLongNB
                0x0601c460                gfdr_read
                0x0601c54c                gfdr_readWord
                0x0601c38c                gfdr_setupDirNameTbl
                0x0601c238                GFDR_GetInfoDirName
                0x0601c294                GFDR_ChgDir
                0x0601c578                gfdr_readWordNB
 *fill*         0x0601ca78        0x8 00
 .text          0x0601ca80      0xa46 ../sbl6/segalib/lib/sega_sat.a(gfs_trn.o)
                0x0601cb60                GFTR_SetTransMax
                0x0601cf30                gftr_execScu
                0x0601d4b4                GFTR_SetTransFunc
                0x0601d37c                gftr_remTrn
                0x0601d4a0                GFTR_SetData
                0x0601d1a0                gftr_execSdma1
                0x0601d3f0                gftr_copyFrac
                0x0601cb54                GFTR_GetNumTrans
                0x0601caf4                GFTR_SetMode
                0x0601d170                gftr_remDma0
                0x0601d418                GFTR_GetLenData
                0x0601cf24                gftr_reqScu
                0x0601d188                gftr_reqDma1
                0x0601ce40                gftr_getSrcPack
                0x0601d470                GFTR_RtnDstPk
                0x0601d00c                gfdma_exec
                0x0601d2a4                gftr_execTrn
                0x0601cd38                GFTR_ExecSvr
                0x0601d234                gftr_reqTrn
                0x0601d0fc                gfdma_getBytecnt
                0x0601d1dc                gftr_reqCpu
                0x0601d43c                GFTR_GetDstPack
                0x0601d134                gftr_reqDma0
                0x0601ccc0                GFTR_Idle
                0x0601cb78                GFTR_Pause
                0x0601cb48                GFTR_GetTransPara
                0x0601d228                gftr_remCpu
                0x0601cb14                GFTR_SetTransPara
                0x0601d1c4                gftr_remDma1
                0x0601cb84                GFTR_Stop
                0x0601d14c                gftr_execSdma0
                0x0601cab0                GFTR_Setup
                0x0601cfcc                gftr_remScu
                0x0601cec8                gftr_getDstPack
                0x0601d000                gfdma_canUse
                0x0601cc3c                GFTR_Exec
                0x0601d48c                GFTR_GetData
                0x0601cb6c                GFTR_Start
                0x0601cb08                GFTR_SetUnit
                0x0601d1e8                gftr_execCpu
                0x0601d424                GFTR_GetLenRoom
 *fill*         0x0601d4c6        0xa 00
 .text          0x0601d4d0      0x106 ../sbl6/segalib/lib/sega_sat.a(gfs_buf.o)
                0x0601d528                GFBF_GetNumData
                0x0601d5a4                GFBF_RtnPk
                0x0601d558                GFBF_GetSrcPk
                0x0601d5cc                gfbf_getSctDt
                0x0601d500                GFBF_GetTranData
                0x0601d580                GFBF_GetSctData
 *fill*         0x0601d5d6        0xa 00
 .text          0x0601d5e0      0x600 ../sbl6/segalib/lib/sega_sat.a(gfs_cdb.o)
                0x0601db88                GFCB_GetPickup
                0x0601d700                GFCB_Close
                0x0601d9cc                GFCB_GetSrcPack
                0x0601db54                GFCB_SetCon
                0x0601d7d4                GFCB_GetLenRoom
                0x0601db38                GFCB_MovePickup
                0x0601daac                GFCB_GetSctData
                0x0601d7e0                GFCB_SetFilt
                0x0601d728                GFCB_GetLenData
                0x0601dbc8                GFCB_UngetPickup
                0x0601d5e0                GFCB_Setup
                0x0601d870                GFCB_Tell
                0x0601dbb0                GFCB_IsPuOwner
                0x0601d8d0                GFCB_Seek
                0x0601d848                GFCB_DeleteAllData
                0x0601dae4                GFCB_GetDstPack
                0x0601d880                gfcb_getSctNum
                0x0601daf0                GFCB_RtnPk
 .text          0x0601dbe0     0x1a04 ../sbl6/segalib/lib/sega_sat.a(gfs_cdc.o)
                0x0601de7c                GFCD_AllocBuf
                0x0601ec58                gfcd_doGetLenDataTsk
                0x0601f4f4                GFCD_SetCsctFunc
                0x0601df54                GFCD_GetBaseFad
                0x0601e0d0                GFCD_GetFilt
                0x0601f0e4                gfcd_doChgDirTsk
                0x0601f424                gfcd_checkEflag
                0x0601e418                GFCD_MovePickup
                0x0601e4fc                GFCD_GetSctInfo
                0x0601edac                gfcd_doReqDataTsk
                0x0601e544                GFCD_ChgDir
                0x0601e238                GFCD_ReqData
                0x0601f510                GFCD_ChkScdqFlag
                0x0601e9c8                GFCD_WaitServer
                0x0601e2dc                GFCD_DelSctData
                0x0601e7b4                GFCD_ExecServer
                0x0601ebc8                gfcd_doSetConTsk
                0x0601de10                GFCD_AllocFilt
                0x0601e00c                GFCD_SetFilt
                0x0601ea04                gfcd_doSetFiltTsk
                0x0601f534                GFCD_ClrScdqFlag
                0x0601ee4c                gfcd_doDelSctDataTsk
                0x0601e910                gfcd_doTask
                0x0601df88                GFCD_GetPickup
                0x0601e4d8                GFCD_CheckMove
                0x0601f550                GFCD_WaitScdqFlag
                0x0601e170                GFCD_Play
                0x0601ef80                gfcd_doMoveSctTsk
                0x0601e118                GFCD_SetCon
                0x0601e5b8                GFCD_SetFiltCon
                0x0601f594                GFCD_WaitPause
                0x0601e77c                GFCD_GetBufSiz
                0x0601dfbc                GFCD_UngetPickup
                0x0601e6a0                GFCD_GetFileInfo
                0x0601e294                GFCD_EndData
                0x0601deb0                GFCD_FreeBuf
                0x0601e1d0                GFCD_GetLenData
                0x0601de4c                GFCD_FreeFilt
                0x0601e888                gfcd_isIdleTask
                0x0601dc0c                GFCD_Init
                0x0601f2e0                gfcd_doSetFiltConTsk
                0x0601e364                GFCD_GetStat
                0x0601e464                GFCD_MoveSctData
                0x0601dfe8                GFCD_IsPuOwner
                0x0601f448                gfcd_initCdbMng
                0x0601dbe0                GFCD_SetCdbfs
                0x0601e9b4                GFCD_SetTimer
                0x0601f4c8                gfcd_setStat
                0x0601e334                GFCD_CheckDelSctData
 *fill*         0x0601f5e4        0xc 00
 .text          0x0601f5f0      0x308 ../sbl6/segalib/lib/sega_sat.a(DMA_SCU0.o)
                0x0601f674                DMA_ScuStart
                0x0601f7a8                DMA_ScuIntFunc0
                0x0601f818                DMA_ScuIntFunc1
                0x0601f888                DMA_ScuIntFunc2
                0x0601f768                DMA_ScuGetStatus
                0x0601f5f0                DMA_ScuSetPrm
 *fill*         0x0601f8f8        0x8 00
 .text          0x0601f900       0xe8 ../sbl6/segalib/lib/sega_sat.a(csh_main.o)
                0x0601f900                CSH_Init
                0x0601f968                CSH_AllClr
                0x0601f9b4                CSH_Purge
 *fill*         0x0601f9e8        0x8 00
 .text          0x0601f9f0      0x1b6 ../sbl6/segalib/lib/sega_sat.a(DMA_CPU0.o)
                0x0601fa38                DMA_CpuSetPrm
                0x0601fb3c                DMA_CpuStart
                0x0601fb94                DMA_CpuGetStatus
                0x0601fb68                DMA_CpuAllStop
                0x0601fb7c                DMA_CpuGetComStatus
                0x0601f9f0                DMA_CpuSetComPrm
                0x0601fb50                DMA_CpuStop
 *fill*         0x0601fba6        0xa 00
 .text          0x0601fbb0      0x2dc ../sbl6/segalib/lib/sega_sat.a(cdc_reg.o)
                0x0601fc04                CDREG_ClrHirqReq
                0x0601fbd4                CDC_ClrHirqReq
                0x0601fc84                CDREG_TgetData
                0x0601fc74                CDC_GetMpegPtr
                0x0601fc50                CDC_GetHirqMsk
                0x0601fbb0                CDC_GetDataPtr
                0x0601fbc0                CDC_GetHirqReq
                0x0601fde0                CDREG_WaitHirq
                0x0601fc64                CDC_SetHirqMsk
                0x0601fce0                CDREG_CmdRsp
                0x0601fc14                CDREG_InitHirqReq
                0x0601fc3c                CDREG_SetHirqFlag
                0x0601fe50                CDREG_ReadRsp
 *fill*         0x0601fe8c        0x4 00
 .text          0x0601fe90      0x194 ../sbl6/segalib/lib/sega_sat.a(cdc_cfs.o)
                0x0601fe90                CDC_ChgDir
                0x0601fec4                CDC_ReadDir
                0x0601ffe8                CDC_AbortFile
                0x0601fef8                CDC_GetFileScope
                0x0601ff58                CDC_TgetFileInfo
                0x0601ffb4                CDC_ReadFile
 *fill*         0x06020024        0xc 00
 .text          0x06020030      0x3a0 ../sbl6/segalib/lib/sega_sat.a(cdc_cmn.o)
                0x060201d4                CDC_TgetToc
                0x06020378                CDC_DataEnd
                0x06020098                CDC_GetPeriStat
                0x0602030c                CDC_DataReady
                0x060202e4                CDC_CdOpen
                0x06020260                CDC_CdInit
                0x06020224                CDC_GetSes
                0x06020080                CDC_GetLastStat
                0x06020030                CDC_GetCurStat
                0x0602016c                CDC_GetHwInfo
 .text          0x060203d0      0x1e4 ../sbl6/segalib/lib/sega_sat.a(cdc_bio.o)
                0x0602047c                CDC_GetdelSctData
                0x06020404                CDC_GetSctData
                0x060204b8                CDC_PutSctData
                0x06020534                CDC_MoveSctData
                0x06020578                CDC_GetCopyErr
                0x06020440                CDC_DelSctData
                0x060203d0                CDC_SetSctLen
                0x060204f0                CDC_CopySctData
 *fill*         0x060205b4        0xc 00
 .text          0x060205c0      0x2b8 ../sbl6/segalib/lib/sega_sat.a(cdc_sel.o)
                0x060207f0                CDC_GetFiltCon
                0x0602076c                CDC_GetFiltMode
                0x06020844                CDC_ResetSelector
                0x060205c0                CDC_SetFiltRange
                0x0602064c                CDC_SetFiltSubh
                0x060206bc                CDC_GetFiltSubh
                0x060205f4                CDC_GetFiltRange
                0x06020738                CDC_SetFiltMode
                0x060207b0                CDC_SetFiltCon
 *fill*         0x06020878        0x8 00
 .text          0x06020880      0x130 ../sbl6/segalib/lib/sega_sat.a(cdc_drv.o)
                0x06020880                CDC_CdPlay
                0x0602094c                CDC_CdSeek
                0x06020980                CDC_CdScan
 .text          0x060209b0      0x270 ../sbl6/segalib/lib/sega_sat.a(cdc_bif.o)
                0x06020a0c                CDC_GetSctNum
                0x06020b8c                CDC_ExeFadSearch
                0x06020b0c                CDC_GetSctInfo
                0x06020a50                CDC_CalActSiz
                0x060209b0                CDC_GetBufSiz
                0x06020a8c                CDC_GetActSiz
                0x06020bc4                CDC_GetFadSearch
 .text          0x06020c20       0xa8 ../sbl6/segalib/lib/sega_sat.a(cdc_dev.o)
                0x06020c8c                CDC_CdGetLastBuf
                0x06020c20                CDC_CdSetCon
                0x06020c50                CDC_CdGetCon
 *fill*         0x06020cc8        0x8 00
 .text          0x06020cd0      0x152 ../sbl6/segalib/lib/sega_sat.a(cdc_sub.o)
                0x06020d78                CDSUB_GetCdstat
                0x06020ce8                CDSUB_UpdCdstat
                0x06020db8                CDSUB_RspToCdstat
                0x06020e00                CDSUB_SoftTimer
                0x06020cd0                CDSUB_UpdStatus
                0x06020d08                CDSUB_CdCmd
 *fill*         0x06020e22        0xe 00
 .text          0x06020e30       0x60 C:/saturn/SH_COFF/sh-coff/bin/../lib/gcc/sh-coff/3.4-GNUSH_v0501\libgcc.a(_ashiftrt.o)
                0x06020e3c                __ashiftrt_r4_27
                0x06020e70                __ashiftrt_r4_6
                0x06020e60                __ashiftrt_r4_14
                0x06020e52                __ashiftrt_r4_19
                0x06020e6a                __ashiftrt_r4_9
                0x06020e7e                __ashiftrt_r4_0
                0x06020e30                __ashiftrt_r4_31
                0x06020e3e                __ashiftrt_r4_26
                0x06020e4c                __ashiftrt_r4_22
                0x06020e58                __ashiftrt_r4_16
                0x06020e64                __ashiftrt_r4_12
                0x06020e38                __ashiftrt_r4_29
                0x06020e56                __ashiftrt_r4_17
                0x06020e36                __ashiftrt_r4_30
                0x06020e72                __ashiftrt_r4_5
                0x06020e6c                __ashiftrt_r4_8
                0x06020e30                __ashiftrt_r4_32
                0x06020e40                __ashiftrt_r4_25
                0x06020e78                __ashiftrt_r4_2
                0x06020e42                __ashiftrt_r4_24
                0x06020e5e                __ashiftrt_r4_15
                0x06020e68                __ashiftrt_r4_10
                0x06020e7a                __ashiftrt_r4_1
                0x06020e3a                __ashiftrt_r4_28
                0x06020e50                __ashiftrt_r4_20
                0x06020e6e                __ashiftrt_r4_7
                0x06020e62                __ashiftrt_r4_13
                0x06020e66                __ashiftrt_r4_11
                0x06020e74                __ashiftrt_r4_4
                0x06020e4a                __ashiftrt_r4_23
                0x06020e54                __ashiftrt_r4_18
                0x06020e4e                __ashiftrt_r4_21
                0x06020e76                __ashiftrt_r4_3
 .text          0x06020e90       0x90 C:/saturn/SH_COFF/sh-coff/bin/../lib/gcc/sh-coff/3.4-GNUSH_v0501\libgcc.a(_ashiftlt.o)
                0x06020e90                __ashlsi3
 .text          0x06020f20       0xb0 C:/saturn/SH_COFF/sh-coff/bin/../lib/gcc/sh-coff/3.4-GNUSH_v0501\libgcc.a(_movstr.o)
                0x06020f60                __movstrSI16
                0x06020f34                __movstrSI60
                0x06020f40                __movstrSI48
                0x06020f3c                __movstrSI52
                0x06020f30                __movstrSI64
                0x06020f44                __movstrSI44
                0x06020f48                __movstrSI40
                0x06020f4c                __movstrSI36
                0x06020f80                __movstr
                0x06020f38                __movstrSI56
                0x06020f54                __movstrSI28
                0x06020f50                __movstrSI32
                0x06020f64                __movstrSI12
                0x06020f68                __movstrSI8
                0x06020f70                __movstrSI0
                0x06020f58                __movstrSI24
                0x06020f5c                __movstrSI20
                0x06020f6c                __movstrSI4
 .text          0x06020fd0       0xa0 C:/saturn/SH_COFF/sh-coff/bin/../lib/gcc/sh-coff/3.4-GNUSH_v0501\libgcc.a(__main.o)
                0x06021044                __main
                0x06020fd0                __do_global_dtors
                0x06021004                __do_global_ctors
 .text          0x06021070       0x70 C:/saturn/SH_COFF/sh-coff/bin/../lib/gcc/sh-coff/3.4-GNUSH_v0501\libgcc.a(_udivsi3.o)
                0x06021092                __udivsi3
 .text          0x060210e0       0xb0 C:/saturn/SH_COFF/sh-coff/bin/../lib/gcc/sh-coff/3.4-GNUSH_v0501\libgcc.a(_si_to_df.o)
                0x060210e0                __floatsidf
 .text          0x06021190      0x2e0 C:/saturn/SH_COFF/sh-coff/bin/../lib/gcc/sh-coff/3.4-GNUSH_v0501\libgcc.a(_mul_df.o)
                0x060211a0                __muldf3
 .text          0x06021470       0x80 C:/saturn/SH_COFF/sh-coff/bin/../lib/gcc/sh-coff/3.4-GNUSH_v0501\libgcc.a(_df_to_si.o)
                0x06021470                __fixdfsi
 .text          0x060214f0       0xa0 C:/saturn/SH_COFF/sh-coff/bin/../lib/gcc/sh-coff/3.4-GNUSH_v0501\libgcc.a(_sdivsi3.o)
                0x060214f0                __sdivsi3
 .text          0x06021590      0x220 C:/saturn/SH_COFF/sh-coff/bin/../lib/gcc/sh-coff/3.4-GNUSH_v0501\libgcc.a(_pack_df.o)
                0x060215a0                __pack_d
 .text          0x060217b0      0x120 C:/saturn/SH_COFF/sh-coff/bin/../lib/gcc/sh-coff/3.4-GNUSH_v0501\libgcc.a(_unpack_df.o)
                0x060217c0                __unpack_d
 .text          0x060218d0       0x20 C:/saturn/SH_COFF/sh-coff/bin/../lib/gcc/sh-coff/3.4-GNUSH_v0501\libgcc.a(_thenan_df.o)
                0x060218d0                __thenan_df
 .text          0x060218f0       0xd0 C:/saturn/SH_COFF/sh-coff/bin/../lib/gcc/sh-coff/3.4-GNUSH_v0501\libgcc.a(_muldi3.o)
                0x060218f0                __muldi3
 .text          0x060219c0       0x80 C:/saturn/SH_COFF/sh-coff/bin/../lib/gcc/sh-coff/3.4-GNUSH_v0501\libgcc.a(_lshrdi3.o)
                0x060219c0                __lshrdi3
 .text          0x06021a40       0x80 C:/saturn/SH_COFF/sh-coff/bin/../lib/gcc/sh-coff/3.4-GNUSH_v0501\libgcc.a(_ashldi3.o)
                0x06021a40                __ashldi3
 .text          0x06021ac0       0x30 C:/saturn/SH_COFF/sh-coff/bin/../lib/gcc/sh-coff/3.4-GNUSH_v0501\libgcc.a(_mulsi3.o)
                0x06021ac0                __mulsi3
 .text          0x06021af0       0x90 C:/saturn/SH_COFF/sh-coff/bin/../lib/gcc/sh-coff/3.4-GNUSH_v0501\libgcc.a(_lshiftrt.o)
                0x06021af0                __lshrsi3
 .text          0x06021b80       0xa0 C:/saturn/SH_COFF/sh-coff/bin/../lib/gcc/sh-coff/3.4-GNUSH_v0501/../../../../sh-coff/lib\libc.a(memcpy.o)
                0x06021b80                memcpy
 .text          0x06021c20       0x40 C:/saturn/SH_COFF/sh-coff/bin/../lib/gcc/sh-coff/3.4-GNUSH_v0501/../../../../sh-coff/lib\libc.a(memset.o)
                0x06021c20                memset
 .text          0x06021c60       0x60 C:/saturn/SH_COFF/sh-coff/bin/../lib/gcc/sh-coff/3.4-GNUSH_v0501/../../../../sh-coff/lib\libc.a(memcmp.o)
                0x06021c60                memcmp
 .text          0x06021cc0       0xb0 C:/saturn/SH_COFF/sh-coff/bin/../lib/gcc/sh-coff/3.4-GNUSH_v0501/../../../../sh-coff/lib\libc.a(strncmp.o)
                0x06021cc0                strncmp
 .text          0x06021d70       0xa0 C:/saturn/SH_COFF/sh-coff/bin/../lib/gcc/sh-coff/3.4-GNUSH_v0501/../../../../sh-coff/lib\libc.a(strncpy.o)
                0x06021d70                strncpy
 .text          0x06021e10       0x90 C:/saturn/SH_COFF/sh-coff/bin/../lib/gcc/sh-coff/3.4-GNUSH_v0501/../../../../sh-coff/lib\libc.a(atexit.o)
                0x06021e10                atexit
 .text          0x06021ea0       0x10 C:/saturn/SH_COFF/sh-coff/bin/../lib/gcc/sh-coff/3.4-GNUSH_v0501/../../../../sh-coff/lib\libc.a(impure.o)
                0x06021ea0                _global_impure_ptr
 .text          0x06021eb0       0x40 C:/saturn/SH_COFF/sh-coff/bin/../lib/gcc/sh-coff/3.4-GNUSH_v0501/../../../../sh-coff/lib\libc.a(malloc.o)
                0x06021ecc                free
                0x06021eb0                malloc
 .text          0x06021ef0      0x5b0 C:/saturn/SH_COFF/sh-coff/bin/../lib/gcc/sh-coff/3.4-GNUSH_v0501/../../../../sh-coff/lib\libc.a(mallocr.o)
                0x06021ef0                _malloc_r
 .text          0x060224a0      0x340 C:/saturn/SH_COFF/sh-coff/bin/../lib/gcc/sh-coff/3.4-GNUSH_v0501/../../../../sh-coff/lib\libc.a(freer.o)
                0x060224a0                _malloc_trim_r
                0x06022594                _free_r
 .text          0x060227e0       0x20 C:/saturn/SH_COFF/sh-coff/bin/../lib/gcc/sh-coff/3.4-GNUSH_v0501/../../../../sh-coff/lib\libc.a(mlock.o)
                0x060227e0                __malloc_lock
                0x060227ec                __malloc_unlock
 .text          0x06022800       0x50 C:/saturn/SH_COFF/sh-coff/bin/../lib/gcc/sh-coff/3.4-GNUSH_v0501/../../../../sh-coff/lib\libc.a(sbrkr.o)
                0x06022800                _sbrk_r
 .text          0x06022850      0x380 C:/saturn/SH_COFF/sh-coff/bin/../lib/gcc/sh-coff/3.4-GNUSH_v0501/../../../../sh-coff/lib\libc.a(syscalls.o)
                0x060229bc                _exit
                0x060229f0                _getpid
                0x06022a58                _utime
                0x06022888                _write
                0x06022850                _read
                0x060229a4                _unlink
                0x0602296c                _open
                0x06022a08                _stat
                0x060229b0                isatty
                0x06022a88                _wait
                0x060229d4                _kill
                0x06022a24                _chmod
                0x06022ab8                _execv
                0x06022a9c                _execve
                0x06022b94                __setup_argv_and_call_main
                0x06022af0                _gettimeofday
                0x060228bc                _link
                0x060229fc                _raise
                0x06022988                _creat
                0x06022ad0                _pipe
                0x06022a3c                _chown
                0x0602286c                _lseek
                0x060228a4                _close
                0x06022ae4                _times
                0x06022958                _fstat
                0x06022a74                _fork
                0x060228e4                _sbrk
 .text          0x06022bd0       0x20 C:/saturn/SH_COFF/sh-coff/bin/../lib/gcc/sh-coff/3.4-GNUSH_v0501/../../../../sh-coff/lib\libc.a(trap.o)
                0x06022bd0                __trap34
 .text          0x06022bf0       0x20 C:/saturn/SH_COFF/sh-coff/bin/../lib/gcc/sh-coff/3.4-GNUSH_v0501/../../../../sh-coff/lib\libc.a(abort.o)
                0x06022bf0                abort
 .text          0x06022c10      0x270 C:/saturn/SH_COFF/sh-coff/bin/../lib/gcc/sh-coff/3.4-GNUSH_v0501/../../../../sh-coff/lib\libc.a(signal.o)
                0x06022cd0                _raise_r
                0x06022e58                __sigtramp
                0x06022e04                raise
                0x06022e40                _init_signal
                0x06022d90                __sigtramp_r
                0x06022e20                signal
                0x06022c5c                _signal_r
                0x06022c10                _init_signal_r
 .text          0x06022e80       0x60 C:/saturn/SH_COFF/sh-coff/bin/../lib/gcc/sh-coff/3.4-GNUSH_v0501/../../../../sh-coff/lib\libc.a(signalr.o)
                0x06022ec8                _getpid_r
                0x06022e80                _kill_r
 *(.strings)

.tors           0x06022ee0        0x0
                0x06022ee0                ___ctors = .
 *(.ctors)
                0x06022ee0                ___ctors_end = .
                0x06022ee0                ___dtors = .
 *(.dtors)
                0x06022ee0                ___dtors_end = .

.data           0x06022ee0     0x1580
                0x06022ee0                STARTOF_R = .
 *(.data)
 .data          0x06022ee0      0x400 ../sbl6/segasmp/per/smpclib/per_x1.o
 .data          0x060232e0      0x4c0 graphics.o
                0x0602333a                guy_num
                0x06023798                bg_num
                0x06023390                bg_pal
                0x0602332c                guy_name
                0x060232ec                guy_pal
                0x06023386                font_height
                0x060232ea                map_width
                0x060232e8                map_height
                0x06023336                guy_width
                0x060232e0                map_name
                0x0602337c                font_name
                0x06023790                bg_name
                0x06023388                font_width
                0x06023334                guy_height
                0x0602338c                font_num
                0x0602333c                font_pal
                0x06023338                guy_size
                0x0602338a                font_size
 .data          0x060237a0       0x30 sprite.o
 .data          0x060237d0       0x20 scroll.o
                0x060237d0                CycleTb
                0x060237e0                vram
 .data          0x060237f0      0x400 ../sbl6/segalib/lib/sega_int.a(int.o)
 .data          0x06023bf0       0x1c ../sbl6/segalib/lib/sega_spr.a(spr_slv.o)
                0x06023bf8                SPR_SlaveParam
                0x06023c08                SPR_SMPC_SF
                0x06023c00                SPR_SMPC_COM
                0x06023bfc                SPR_SlaveSHEntry
                0x06023bf4                SPR_SlaveState
                0x06023bf0                SPR_SlaveCommand
                0x06023c04                SPR_SMPC_RET
 *fill*         0x06023c0c        0x4 00
 .data          0x06023c10       0x34 ../sbl6/segalib/lib/sega_spr.a(spr_1c.o)
                0x06023c10                SpInitialFlag
 *fill*         0x06023c44        0xc 00
 .data          0x06023c50       0x1c ../sbl6/segalib/lib/sega_scl.a(scl_vblv.o)
                0x06023c58                VBInterval
                0x06023c60                ReqDisplayFlag
                0x06023c50                SpFrameChgMode
                0x06023c5c                VBIntervalCounter
                0x06023c54                SpFrameEraseMode
 *fill*         0x06023c6c        0x4 00
 .data          0x06023c70       0x36 ../sbl6/segalib/lib/sega_scl.a(scl_func.o)
                0x06023c80                SclRotregBuff
                0x06023c7c                SclDisplayY
                0x06023c84                SclRotateTableMode
                0x06023c78                SclProcess
                0x06023c74                SclCurSclNum
                0x06023c70                SclLengthLsTbl
                0x06023c7a                SclDisplayX
                0x06023c72                SclLengthCsTbl
 *fill*         0x06023ca6        0xa 00
 .data          0x06023cb0       0x18 ../sbl6/segalib/lib/sega_scl.a(scl_pri.o)
                0x06023cb4                SclRealSpPriNum
                0x06023cc4                SclRealColOffset
                0x06023cc0                SclRealBgColMix
                0x06023cbc                SclRealSpColMix
                0x06023cb8                SclRealBgPriNum
                0x06023cb0                SclRealOtherPri
 *fill*         0x06023cc8        0x8 00
 .data          0x06023cd0      0x380 C:/saturn/SH_COFF/sh-coff/bin/../lib/gcc/sh-coff/3.4-GNUSH_v0501/../../../../sh-coff/lib\libc.a(impure.o)
                0x0602404c                _impure_ptr
 .data          0x06024050      0x410 C:/saturn/SH_COFF/sh-coff/bin/../lib/gcc/sh-coff/3.4-GNUSH_v0501/../../../../sh-coff/lib\libc.a(mallocr.o)
                0x06024058                __malloc_av_
                0x06024054                __malloc_trim_threshold
                0x06024050                __malloc_sbrk_base
                0x06024460                SIZEOF_R = (. - STARTOF_R)
                0x06024460                ENDOF_R = .

.bss            0x06024460     0x8bf4
                0x06024460                STARTOF_B = .
 *(.bss)
 .bss           0x06024460       0x10 vblank.o
                0x06024464                PadData2E
                0x0602446a                PadData1
                0x06024466                PadData2
                0x06024468                PadData1E
                0x06024460                __port
 .bss           0x06024470       0xd0 ../sbl6/segasmp/per/smpclib/per_x2.o
 .bss           0x06024540       0x10 player.o
                0x06024544                anim_cursor
                0x06024540                bullet_lastframe
 .bss           0x06024550     0x3800 sprite.o
                0x06024550                num_sprites
 .bss           0x06027d50       0x40 scroll.o
                0x06027d68                map_tiles_x
                0x06027d70                scrolls_y
                0x06027d50                scroll_transition_state
                0x06027d60                map_tiles_y
                0x06027d58                copy_modes
                0x06027d80                scrolls_x
                0x06027d54                curr_map
 .bss           0x06027d90       0x10 main.o
                0x06027d90                frame
 .bss           0x06027da0       0x6e ../sbl6/segalib/lib/sega_spr.a(spr_2c.o)
 *fill*         0x06027e0e        0x2 00
 .bss           0x06027e10        0x4 ../sbl6/segalib/lib/sega_scl.a(scl_vblv.o)
 *fill*         0x06027e14        0xc 00
 .bss           0x06027e20        0x4 ../sbl6/segalib/lib/sega_scl.a(scl_func.o)
 *fill*         0x06027e24        0xc 00
 .bss           0x06027e30       0x48 ../sbl6/segalib/lib/sega_scl.a(scl_ro00.o)
 *fill*         0x06027e78        0x8 00
 .bss           0x06027e80       0x9c ../sbl6/segalib/lib/sega_per.a(per_prt.o)
 *fill*         0x06027f1c        0x4 00
 .bss           0x06027f20        0xc ../sbl6/segalib/lib/sega_sat.a(DMA_SCU1.o)
 *fill*         0x06027f2c        0x4 00
 .bss           0x06027f30        0xc ../sbl6/segalib/lib/sega_sat.a(gfs_trn.o)
 *fill*         0x06027f3c        0x4 00
 .bss           0x06027f40       0x20 ../sbl6/segalib/lib/sega_sat.a(DMA_SCU0.o)
 .bss           0x06027f60        0x2 ../sbl6/segalib/lib/sega_sat.a(cdc_reg.o)
 *fill*         0x06027f62        0xe 00
 .bss           0x06027f70        0xc ../sbl6/segalib/lib/sega_sat.a(cdc_sub.o)
 *fill*         0x06027f7c        0x4 00
 .bss           0x06027f80       0x10 C:/saturn/SH_COFF/sh-coff/bin/../lib/gcc/sh-coff/3.4-GNUSH_v0501\libgcc.a(__main.o)
 .bss           0x06027f90       0x10 C:/saturn/SH_COFF/sh-coff/bin/../lib/gcc/sh-coff/3.4-GNUSH_v0501/../../../../sh-coff/lib\libc.a(atexit.o)
 .bss           0x06027fa0       0x40 C:/saturn/SH_COFF/sh-coff/bin/../lib/gcc/sh-coff/3.4-GNUSH_v0501/../../../../sh-coff/lib\libc.a(mallocr.o)
                0x06027fd0                __malloc_top_pad
                0x06027fa0                __malloc_current_mallinfo
                0x06027fcc                __malloc_max_sbrked_mem
                0x06027fc8                __malloc_max_total_mem
 .bss           0x06027fe0       0x10 C:/saturn/SH_COFF/sh-coff/bin/../lib/gcc/sh-coff/3.4-GNUSH_v0501/../../../../sh-coff/lib\libc.a(syscalls.o)
 *(COMMON)
 COMMON         0x06027ff0     0x1674 cd.o
                                  0x0 (size before relaxing)
                0x06027ff0                dirname
                0x06028950                lib_work
                0x06029658                directory_table
 *fill*         0x06029664        0xc 00
 COMMON         0x06029670       0x36 player.o
                                  0x0 (size before relaxing)
                0x06029670                player
                0x060296a4                bullet_direction
 *fill*         0x060296a6        0xa 00
 COMMON         0x060296b0      0x8c0 print.o
                                  0x0 (size before relaxing)
                0x060296b0                text
 COMMON         0x06029f70     0x1410 sprite.o
                                  0x0 (size before relaxing)
                0x06029f70                sprites
                0x0602a380                image_buf
 COMMON         0x0602b380      0x250 scroll.o
                                  0x0 (size before relaxing)
                0x0602b380                scfg3
                0x0602b410                scfg0
                0x0602b4a0                maps
                0x0602b4b0                scfg2
                0x0602b540                scfg1
                0x0602b5cc                tilemaps
 COMMON         0x0602b5d0        0x8 main.o
                                  0x0 (size before relaxing)
                0x0602b5d0                buf
 *fill*         0x0602b5d8        0x8 00
 COMMON         0x0602b5e0      0x400 ../sbl6/segalib/lib/sega_int.a(int.o)
                                  0x0 (size before relaxing)
                0x0602b5e0                __interrupt_vector
 COMMON         0x0602b9e0       0x50 ../sbl6/segalib/lib/sega_spr.a(spr_2c.o)
                                  0x0 (size before relaxing)
                0x0602b9e0                SpMstCmd
                0x0602b9e4                Sp2OpenFlag
                0x0602b9e8                SpGourTblMax
                0x0602b9ec                SpDrawPrtyBlk
                0x0602b9f0                SpLCoordX
                0x0602b9f4                SpMstDrawPrtyBlk
                0x0602b9f8                SpGourTbl
                0x0602b9fc                SpLookupTblR
                0x0602ba00                SpCmdTbl
                0x0602ba04                SpCharMax
                0x0602ba08                SpDrawPrtyProcFlag
                0x0602ba0c                SpCmdNo
                0x0602ba10                SpDrawPrtyBlkMax
                0x0602ba14                SpSlvCmdPos
                0x0602ba18                SpSlvDrawPrtyBlk
                0x0602ba1c                SpCharTbl
                0x0602ba20                SpCmdTblR
                0x0602ba24                SpMstCmdPos
                0x0602ba28                SpSlvCmd
                0x0602ba2c                SpLCoordY
 COMMON         0x0602ba30       0x10 ../sbl6/segalib/lib/sega_spr.a(spr_1c.o)
                                  0x0 (size before relaxing)
                0x0602ba30                SpScreenY
                0x0602ba34                SpFbcrMode
                0x0602ba36                SpDil
                0x0602ba38                SpDie
                0x0602ba3a                SpTvMode
                0x0602ba3c                SpScreenX
 COMMON         0x0602ba40      0xf00 ../sbl6/segalib/lib/sega_scl.a(scl_func.o)
                                  0x0 (size before relaxing)
                0x0602ba40                SclRbgKtbAddr
                0x0602ba48                SclRb
                0x0602ba4a                Scl_flag
                0x0602ba50                SclK_TableBuff
                0x0602c720                SclAddrCsTbl
                0x0602c730                Scl_s_reg
                0x0602c758                SclRotateXy
                0x0602c760                Scl_d_reg
                0x0602c7a8                SclRotateDisp
                0x0602c7b0                SclRotateMoveZ
                0x0602c7b8                SclRotXySw
                0x0602c7c0                Scl_r_reg
                0x0602c7d0                SclRPMD
                0x0602c7d8                SclRbgKtbOffset
                0x0602c7e0                _SclRotregBuff
                0x0602c8b0                SclRa
                0x0602c8b8                SclRotateZ
                0x0602c8c0                SclAddrLsTbl
                0x0602c8c8                SclK_TableNum
                0x0602c8d0                SclRotateTableAddress
                0x0602c8d4                SclK_TableFlag
                0x0602c8e0                Scl_w_reg
                0x0602c900                Scl_n_reg
 COMMON         0x0602c940      0x6b0 ../sbl6/segalib/lib/sega_scl.a(scl_pri.o)
                                  0x0 (size before relaxing)
                0x0602c940                SclAutoEndBlue2
                0x0602c950                SclColOffset
                0x0602c960                SclPriBuffDirty
                0x0602c962                SclAutoEndRed
                0x0602c964                SclAutoSurface
                0x0602c968                SclAutoGreen
                0x0602c96a                SclAutoEndGreen
                0x0602c96c                SclAutoCount
                0x0602c970                SclColRamAlloc256
                0x0602c990                SclAutoCurRate
                0x0602c991                SclAutoPlusFlag
                0x0602c998                SclSpColMix
                0x0602c9a0                SclAutoMax
                0x0602c9a4                SclLineColRamOffset
                0x0602c9a8                SclColRamAlloc2048
                0x0602c9ac                SclBgPriNum
                0x0602c9b2                SclAutoEndBlue
                0x0602c9b4                SclAutoEndGreen2
                0x0602c9b6                SclAutoVeFlag
                0x0602c9b8                SclBgColMix
                0x0602c9c0                SclAutoIndex
                0x0602c9c4                SclAutoEndRate
                0x0602c9c6                SclAutoBlue
                0x0602c9c8                SclAutoRed
                0x0602c9cc                SclAutoInterval
                0x0602c9d0                SclOtherPri
                0x0602c9e0                SclAutoRGB
                0x0602cfe0                SclAutoEndRed2
                0x0602cfe8                SclSpPriNum
 COMMON         0x0602cff0       0x10 ../sbl6/segalib/lib/sega_scl.a(scl_ro00.o)
                                  0x0 (size before relaxing)
                0x0602cff0                SclCsx
                0x0602cff8                SclCsy
 COMMON         0x0602d000       0x15 ../sbl6/segalib/lib/sega_per.a(per_prt.o)
                                  0x0 (size before relaxing)
                0x0602d000                per_get_time_flg
                0x0602d001                per_hot_res
                0x0602d002                per_set_sys_flg
                0x0602d004                per_get_time_adr
                0x0602d008                per_get_sys_data
                0x0602d014                per_time_out_flg
 *fill*         0x0602d015        0xb 00
 COMMON         0x0602d020        0xc ../sbl6/segalib/lib/sega_sat.a(gfs.o)
                                  0x0 (size before relaxing)
                0x0602d020                GFMC_base
                0x0602d024                gfs_mng_ptr
                0x0602d028                gfs_use_scudma
 *fill*         0x0602d02c        0x4 00
 COMMON         0x0602d030        0x8 ../sbl6/segalib/lib/sega_sat.a(gfs_cdf.o)
                                  0x0 (size before relaxing)
                0x0602d030                gfcf_fad
                0x0602d034                gfcf_stat
 *fill*         0x0602d038        0x8 00
 COMMON         0x0602d040        0xc ../sbl6/segalib/lib/sega_sat.a(gfs_cdc.o)
                                  0x0 (size before relaxing)
                0x0602d040                gfcd_fatal_err
                0x0602d044                gfcd_work
                0x0602d048                gfcd_playflag
 *fill*         0x0602d04c        0x4 00
 COMMON         0x0602d050        0x4 C:/saturn/SH_COFF/sh-coff/bin/../lib/gcc/sh-coff/3.4-GNUSH_v0501/../../../../sh-coff/lib\libc.a(syscalls.o)
                                  0x0 (size before relaxing)
                0x0602d050                errno
                0x0602d054                SIZEOF_B = (. - STARTOF_B)
                0x0602d054                ENDOF_B = .
                0x0602d054                _end = .
OUTPUT(main.cof coff-sh)

.comment        0x0602d060      0x460
 .comment       0x0602d060       0x20 ../sbl6/segasmp/lib/strt2_g.o
 .comment       0x0602d080       0x20 vblank.o
 .comment       0x0602d0a0       0x20 ../sbl6/segasmp/per/smpclib/per_x1.o
 .comment       0x0602d0c0       0x20 ../sbl6/segasmp/per/smpclib/per_x2.o
 .comment       0x0602d0e0       0x20 cd.o
 .comment       0x0602d100       0x20 graphics.o
 .comment       0x0602d120       0x20 player.o
 .comment       0x0602d140       0x20 print.o
 .comment       0x0602d160       0x20 sprite.o
 .comment       0x0602d180       0x20 scroll.o
 .comment       0x0602d1a0       0x20 main.o
 .comment       0x0602d1c0       0x20 C:/saturn/SH_COFF/sh-coff/bin/../lib/gcc/sh-coff/3.4-GNUSH_v0501\libgcc.a(__main.o)
 .comment       0x0602d1e0       0x20 C:/saturn/SH_COFF/sh-coff/bin/../lib/gcc/sh-coff/3.4-GNUSH_v0501\libgcc.a(_si_to_df.o)
 .comment       0x0602d200       0x20 C:/saturn/SH_COFF/sh-coff/bin/../lib/gcc/sh-coff/3.4-GNUSH_v0501\libgcc.a(_mul_df.o)
 .comment       0x0602d220       0x20 C:/saturn/SH_COFF/sh-coff/bin/../lib/gcc/sh-coff/3.4-GNUSH_v0501\libgcc.a(_df_to_si.o)
 .comment       0x0602d240       0x20 C:/saturn/SH_COFF/sh-coff/bin/../lib/gcc/sh-coff/3.4-GNUSH_v0501\libgcc.a(_pack_df.o)
 .comment       0x0602d260       0x20 C:/saturn/SH_COFF/sh-coff/bin/../lib/gcc/sh-coff/3.4-GNUSH_v0501\libgcc.a(_unpack_df.o)
 .comment       0x0602d280       0x20 C:/saturn/SH_COFF/sh-coff/bin/../lib/gcc/sh-coff/3.4-GNUSH_v0501\libgcc.a(_thenan_df.o)
 .comment       0x0602d2a0       0x20 C:/saturn/SH_COFF/sh-coff/bin/../lib/gcc/sh-coff/3.4-GNUSH_v0501\libgcc.a(_muldi3.o)
 .comment       0x0602d2c0       0x20 C:/saturn/SH_COFF/sh-coff/bin/../lib/gcc/sh-coff/3.4-GNUSH_v0501\libgcc.a(_lshrdi3.o)
 .comment       0x0602d2e0       0x20 C:/saturn/SH_COFF/sh-coff/bin/../lib/gcc/sh-coff/3.4-GNUSH_v0501\libgcc.a(_ashldi3.o)
 .comment       0x0602d300       0x20 C:/saturn/SH_COFF/sh-coff/bin/../lib/gcc/sh-coff/3.4-GNUSH_v0501/../../../../sh-coff/lib\libc.a(memcmp.o)
 .comment       0x0602d320       0x20 C:/saturn/SH_COFF/sh-coff/bin/../lib/gcc/sh-coff/3.4-GNUSH_v0501/../../../../sh-coff/lib\libc.a(strncmp.o)
 .comment       0x0602d340       0x20 C:/saturn/SH_COFF/sh-coff/bin/../lib/gcc/sh-coff/3.4-GNUSH_v0501/../../../../sh-coff/lib\libc.a(strncpy.o)
 .comment       0x0602d360       0x20 C:/saturn/SH_COFF/sh-coff/bin/../lib/gcc/sh-coff/3.4-GNUSH_v0501/../../../../sh-coff/lib\libc.a(atexit.o)
 .comment       0x0602d380       0x20 C:/saturn/SH_COFF/sh-coff/bin/../lib/gcc/sh-coff/3.4-GNUSH_v0501/../../../../sh-coff/lib\libc.a(impure.o)
 .comment       0x0602d3a0       0x20 C:/saturn/SH_COFF/sh-coff/bin/../lib/gcc/sh-coff/3.4-GNUSH_v0501/../../../../sh-coff/lib\libc.a(malloc.o)
 .comment       0x0602d3c0       0x20 C:/saturn/SH_COFF/sh-coff/bin/../lib/gcc/sh-coff/3.4-GNUSH_v0501/../../../../sh-coff/lib\libc.a(mallocr.o)
 .comment       0x0602d3e0       0x20 C:/saturn/SH_COFF/sh-coff/bin/../lib/gcc/sh-coff/3.4-GNUSH_v0501/../../../../sh-coff/lib\libc.a(freer.o)
 .comment       0x0602d400       0x20 C:/saturn/SH_COFF/sh-coff/bin/../lib/gcc/sh-coff/3.4-GNUSH_v0501/../../../../sh-coff/lib\libc.a(mlock.o)
 .comment       0x0602d420       0x20 C:/saturn/SH_COFF/sh-coff/bin/../lib/gcc/sh-coff/3.4-GNUSH_v0501/../../../../sh-coff/lib\libc.a(sbrkr.o)
 .comment       0x0602d440       0x20 C:/saturn/SH_COFF/sh-coff/bin/../lib/gcc/sh-coff/3.4-GNUSH_v0501/../../../../sh-coff/lib\libc.a(syscalls.o)
 .comment       0x0602d460       0x20 C:/saturn/SH_COFF/sh-coff/bin/../lib/gcc/sh-coff/3.4-GNUSH_v0501/../../../../sh-coff/lib\libc.a(abort.o)
 .comment       0x0602d480       0x20 C:/saturn/SH_COFF/sh-coff/bin/../lib/gcc/sh-coff/3.4-GNUSH_v0501/../../../../sh-coff/lib\libc.a(signal.o)
 .comment       0x0602d4a0       0x20 C:/saturn/SH_COFF/sh-coff/bin/../lib/gcc/sh-coff/3.4-GNUSH_v0501/../../../../sh-coff/lib\libc.a(signalr.o)
