Archive member included because of file (symbol)

../sbl6/segalib/lib/sega_int.a(int.o)
                              vblank.o (INT_SetScuFunc)
../sbl6/segalib/lib/sega_int.a(int_trmp.o)
                              ../sbl6/segalib/lib/sega_int.a(int.o) (__interrupt_handler0)
../sbl6/segalib/lib/sega_spr.a(spr_2c.o)
                              sprite.o (SPR_2Initial)
../sbl6/segalib/lib/sega_spr.a(spr_slv.o)
                              ../sbl6/segalib/lib/sega_spr.a(spr_2c.o) (SPR_InitSlaveSH)
../sbl6/segalib/lib/sega_spr.a(spr_1c.o)
                              ../sbl6/segalib/lib/sega_spr.a(spr_2c.o) (SPR_Initial)
../sbl6/segalib/lib/sega_spr.a(spr_2a.o)
                              ../sbl6/segalib/lib/sega_spr.a(spr_2c.o) (SPR_2SetDrawPrty)
../sbl6/segalib/lib/sega_scl.a(scl_vblv.o)
                              ../sbl6/segalib/lib/sega_spr.a(spr_1c.o) (SpFrameChgMode)
../sbl6/segalib/lib/sega_scl.a(scl_func.o)
                              sprite.o (SCL_Vdp2Init)
../sbl6/segalib/lib/sega_scl.a(scl_pr03.o)
                              sprite.o (SCL_AllocColRam)
../sbl6/segalib/lib/sega_scl.a(scl_pr02.o)
                              sprite.o (SCL_SetColRam)
../sbl6/segalib/lib/sega_scl.a(scl_back.o)
                              scroll.o (SCL_SetBack)
../sbl6/segalib/lib/sega_scl.a(scl_fu05.o)
                              scroll.o (SCL_InitLineParamTb)
../sbl6/segalib/lib/sega_scl.a(scl_fu03.o)
                              scroll.o (SCL_InitConfigTb)
../sbl6/segalib/lib/sega_scl.a(scl_fu02.o)
                              scroll.o (SCL_InitVramConfigTb)
../sbl6/segalib/lib/sega_scl.a(scl_fu04.o)
                              scroll.o (SCL_SetCycleTable)
../sbl6/segalib/lib/sega_scl.a(scl_pr07.o)
                              scroll.o (SCL_SetPriority)
../sbl6/segalib/lib/sega_scl.a(scl_pr01.o)
                              main.o (SCL_SetSpriteMode)
../sbl6/segalib/lib/sega_scl.a(scl_pri.o)
                              ../sbl6/segalib/lib/sega_scl.a(scl_func.o) (SclRealOtherPri)
../sbl6/segalib/lib/sega_scl.a(scl_ro00.o)
                              ../sbl6/segalib/lib/sega_scl.a(scl_func.o) (SCL_Rotate)
../sbl6/segalib/lib/sega_scl.a(scl_pr06.o)
                              ../sbl6/segalib/lib/sega_scl.a(scl_pr03.o) (SCL_SetColRamOffset)
../sbl6/segalib/lib/sega_scl.a(scl_pr05.o)
                              ../sbl6/segalib/lib/sega_scl.a(scl_pr02.o) (SCL_GetColRamOffset)
../sbl6/segalib/lib/sega_mth.a(mth_fixd.o)
                              sprite.o (MTH_Mul)
../sbl6/segalib/lib/sega_mth.a(mth_tri.o)
                              sprite.o (MTH_Sin)
../sbl6/segalib/lib/sega_per.a(per_prt.o)
                              ../sbl6/segasmp/per/smpclib/per_x2.o (PER_LInit)
../sbl6/segalib/lib/sega_sat.a(gfs.o)
                              cd.o (GFS_Init)
../sbl6/segalib/lib/sega_sat.a(DMA_SCU1.o)
                              ../sbl6/segalib/lib/sega_spr.a(spr_2c.o) (DMA_ScuMemCopy)
../sbl6/segalib/lib/sega_sat.a(gfs_cdf.o)
                              ../sbl6/segalib/lib/sega_sat.a(gfs.o) (GFCF_Init)
../sbl6/segalib/lib/sega_sat.a(gfs_dir.o)
                              ../sbl6/segalib/lib/sega_sat.a(gfs.o) (GFDR_SetupDirTbl)
../sbl6/segalib/lib/sega_sat.a(gfs_trn.o)
                              ../sbl6/segalib/lib/sega_sat.a(gfs.o) (GFTR_Setup)
../sbl6/segalib/lib/sega_sat.a(gfs_buf.o)
                              ../sbl6/segalib/lib/sega_sat.a(gfs.o) (GFBF_GetNumData)
../sbl6/segalib/lib/sega_sat.a(gfs_cdb.o)
                              ../sbl6/segalib/lib/sega_sat.a(gfs_cdf.o) (GFCB_Setup)
../sbl6/segalib/lib/sega_sat.a(gfs_cdc.o)
                              ../sbl6/segalib/lib/sega_sat.a(gfs.o) (GFCD_SetCdbfs)
../sbl6/segalib/lib/sega_sat.a(DMA_SCU0.o)
                              ../sbl6/segalib/lib/sega_sat.a(DMA_SCU1.o) (DMA_ScuSetPrm)
../sbl6/segalib/lib/sega_sat.a(csh_main.o)
                              ../sbl6/segalib/lib/sega_sat.a(DMA_SCU1.o) (CSH_Purge)
../sbl6/segalib/lib/sega_sat.a(DMA_CPU0.o)
                              ../sbl6/segalib/lib/sega_sat.a(gfs_trn.o) (DMA_CpuSetComPrm)
../sbl6/segalib/lib/sega_sat.a(cdc_reg.o)
                              ../sbl6/segalib/lib/sega_sat.a(gfs_cdb.o) (CDC_GetDataPtr)
../sbl6/segalib/lib/sega_sat.a(cdc_cfs.o)
                              ../sbl6/segalib/lib/sega_sat.a(gfs_cdc.o) (CDC_ChgDir)
../sbl6/segalib/lib/sega_sat.a(cdc_cmn.o)
                              ../sbl6/segalib/lib/sega_sat.a(gfs_cdc.o) (CDC_GetCurStat)
../sbl6/segalib/lib/sega_sat.a(cdc_bio.o)
                              ../sbl6/segalib/lib/sega_sat.a(gfs_cdc.o) (CDC_SetSctLen)
../sbl6/segalib/lib/sega_sat.a(cdc_sel.o)
                              ../sbl6/segalib/lib/sega_sat.a(gfs_cdc.o) (CDC_SetFiltRange)
../sbl6/segalib/lib/sega_sat.a(cdc_drv.o)
                              ../sbl6/segalib/lib/sega_sat.a(gfs_cdc.o) (CDC_CdPlay)
../sbl6/segalib/lib/sega_sat.a(cdc_bif.o)
[...]
Memory Configuration

Name             Origin             Length             Attributes
*default*        0x00000000         0xffffffff

Linker script and memory map

LOAD ../sbl6/segasmp/lib/strt1_g.o
LOAD ../sbl6/segasmp/lib/strt2_g.o
LOAD vblank.o
LOAD ../sbl6/segasmp/per/smpclib/per_x1.o
LOAD ../sbl6/segasmp/per/smpclib/per_x2.o
LOAD ../sbl6/segasmp/per/smpclib/per_x3.o
LOAD blocks.o
LOAD cd.o
LOAD collision.o
LOAD enemylist.o
LOAD graphics.o
LOAD player.o
LOAD print.o
LOAD sprite.o
LOAD spritecode/explosion.o
LOAD spritecode/float.o
LOAD scroll.o
LOAD main.o
LOAD ../sbl6/segalib/lib/sega_int.a
LOAD ../sbl6/segalib/lib/sega_spr.a
LOAD ../sbl6/segalib/lib/sega_scl.a
LOAD ../sbl6/segalib/lib/sega_mth.a
LOAD ../sbl6/segalib/lib/sega_cdc.a
LOAD ../sbl6/segalib/lib/sega_adp.a
LOAD ../sbl6/segalib/lib/sega_per.a
LOAD ../sbl6/segalib/lib/sega_sat.a
LOAD C:/saturn/SH_COFF/sh-coff/bin/../lib/gcc/sh-coff/3.4-GNUSH_v0501\libgcc.a
LOAD C:/saturn/SH_COFF/sh-coff/bin/../lib/gcc/sh-coff/3.4-GNUSH_v0501/../../../../sh-coff/lib\libc.a
LOAD C:/saturn/SH_COFF/sh-coff/bin/../lib/gcc/sh-coff/3.4-GNUSH_v0501\libgcc.a

.text           0x06010000    0x14620
 *(.text)
 .text          0x06010000       0x30 ../sbl6/segasmp/lib/strt1_g.o
                0x06010024                _D_END
                0x06010020                _D_BGN
                0x0601002c                _B_END
                0x06010028                _B_BGN
                0x06010000                START
 .text          0x06010030       0x60 ../sbl6/segasmp/lib/strt2_g.o
                0x06010050                _INITSCT
                0x06010030                _INIT
 .text          0x06010090      0x180 vblank.o
                0x06010090                SetVblank
                0x06010110                UsrVblankOut
                0x060100f0                UsrVblankIn
 .text          0x06010210      0x430 ../sbl6/segasmp/per/smpclib/per_x1.o
                0x060105a4                PER_GetAnalogXYZ
                0x06010234                PER_GetTriggerHandler
                0x060104ce                PER_GetEdge
                0x0601044c                PER_GetTrigger
                0x060104f8                PER_GetPressEdge
                0x0601054c                PER_GetReleaseEdge
                0x06010210                PER_SetTriggerHandler
 .text          0x06010640      0x200 ../sbl6/segasmp/per/smpclib/per_x2.o
                0x06010744                PER_GetDeviceA
                0x06010640                PER_OpenPort
                0x06010678                PER_GetPort
                0x060107be                PER_GetDeviceR
 .text          0x06010840       0x20 ../sbl6/segasmp/per/smpclib/per_x3.o
                0x06010840                PER_DisguiseTrigger
 .text          0x06010860       0xd0 blocks.o
                0x06010860                block_get
                0x060108c0                block_check
                0x060108f0                block_spike
 .text          0x06010930       0xa0 cd.o
                0x06010930                cd_init
                0x06010960                cd_load
 .text          0x060109d0      0x9d0 collision.o
                0x060109d0                collision_check_up
                0x06011200                collision_eject_horiz
                0x06011360                collision_player
                0x06010fe0                collision_eject_vert
                0x06010d00                collision_check
                0x06010bc0                collision_check_left
                0x06010c50                collision_check_right
                0x06010f30                collision_spikes
                0x06010b00                collision_check_below
                0x06010a40                collision_check_down
 .text          0x060113a0       0x80 enemylist.o
                0x060113a0                enemylist_spawn
 .text          0x06011420      0x6c0 player.o
                0x060114b0                player_killenemy
                0x06011420                player_frames
                0x06011630                player_input
                0x06011430                player_init
                0x060114d0                player_die
                0x060119f0                player_draw
                0x06011480                player_cankill
                0x06011530                player_animate
 .text          0x06011ae0      0x170 print.o
                0x06011bb0                print_display
                0x06011b20                print_num
                0x06011ae0                print_init
                0x06011b70                print_string
 .text          0x06011c50      0x6e0 sprite.o
                0x06011c80                sprite_init
                0x06012170                sprite_make
                0x060122a0                sprite_next
                0x06012300                sprite_delete
                0x060121b0                sprite_draw_all
                0x06011c50                sprite_deleteall
                0x06011f20                sprite_draw
 .text          0x06012330       0xe0 spritecode/explosion.o
                0x060123a0                explosion_move
                0x06012330                explosion_make
 .text          0x06012410      0x180 spritecode/float.o
                0x06012410                float_make
                0x06012480                float_move
 .text          0x06012590      0x950 scroll.o
                0x06012590                scroll_move
                0x06012bb0                scroll_get
                0x06012c10                scroll_copy
                0x060126e0                scroll_set
                0x06012d40                scroll_reset
                0x06012da0                scroll_linescroll4
                0x060127f0                scroll_init
                0x06012e60                scroll_loadplayfield
                0x06012710                scroll_scale
 .text          0x06012ee0      0x1b0 main.o
                0x06012ee0                main
 .text          0x06013090       0x40 ../sbl6/segalib/lib/sega_int.a(int.o)
                0x060130bc                INT_GetScuFunc
                0x06013090                INT_SetScuFunc
 .text          0x060130d0      0x624 ../sbl6/segalib/lib/sega_int.a(int_trmp.o)
                0x06013238                __interrupt_handler60
                0x060133e8                __interrupt_handler132
                0x0601359e                __interrupt_handler205
                0x06013406                __interrupt_handler137
                0x06013334                __interrupt_handler102
                0x06013172                __interrupt_handler27
                0x06013574                __interrupt_handler198
                0x06013466                __interrupt_handler153
                0x0601314e                __interrupt_handler21
                0x0601325c                __interrupt_handler66
                0x0601334c                __interrupt_handler106
                0x06013496                __interrupt_handler161
                0x060132e0                __interrupt_handler88
                0x060134ae                __interrupt_handler165
                0x060133be                __interrupt_handler125
                0x060130f4                __interrupt_handler6
                0x06013190                __interrupt_handler32
                0x0601354a                __interrupt_handler191
                0x06013664                __interrupt_handler238
                0x0601367c                __interrupt_handler242
                0x06013484                __interrupt_handler158
                0x060132ec                __interrupt_handler90
                0x060134a8                __interrupt_handler164
                0x060131cc                __interrupt_handler42
                0x0601350e                __interrupt_handler181
                0x06013616                __interrupt_handler225
                0x060136be                __interrupt_handler253
                0x060134d2                __interrupt_handler171
                0x0601328c                __interrupt_handler74
                0x060130e2                __interrupt_handler3
                0x06013226                __interrupt_handler57
                0x06013124                __interrupt_handler14
                0x060135bc                __interrupt_handler210
                0x060135ec                __interrupt_handler218
                0x060135b0                __interrupt_handler208
                0x060131b4                __interrupt_handler38
                0x060130d0                __interrupt_handler0
                0x06013340                __interrupt_handler104
                0x0601347e                __interrupt_handler157
                0x060135ce                __interrupt_handler213
                0x060134c0                __interrupt_handler168
                0x060132ce                __interrupt_handler85
                0x0601336a                __interrupt_handler111
                0x0601337c                __interrupt_handler114
                0x060131ea                __interrupt_handler47
                0x06013640                __interrupt_handler232
                0x0601360a                __interrupt_handler223
                0x0601365e                __interrupt_handler237
                0x0601324a                __interrupt_handler63
                0x060131d8                __interrupt_handler44
                0x060134ea                __interrupt_handler175
                0x06013514                __interrupt_handler182
                0x0601352c                __interrupt_handler186
                0x0601342a                __interrupt_handler143
                0x06013352                __interrupt_handler107
                0x060133b8                __interrupt_handler124
                0x060134d8                __interrupt_handler172
                0x0601368e                __interrupt_handler245
                0x0601330a                __interrupt_handler95
                0x060133e2                __interrupt_handler131
                0x060133f4                __interrupt_handler134
                0x06013412                __interrupt_handler139
                0x06013280                __interrupt_handler72
                0x0601363a                __interrupt_handler231
                0x06013490                __interrupt_handler160
                0x060133d6                __interrupt_handler129
                0x06013148                __interrupt_handler20
                0x06013256                __interrupt_handler65
                0x06013220                __interrupt_handler56
                0x0601311e                __interrupt_handler13
                0x060135b6                __interrupt_handler209
                0x06013370                __interrupt_handler112
                0x06013142                __interrupt_handler19
                0x060132fe                __interrupt_handler93
                0x06013568                __interrupt_handler196
                0x0601345a                __interrupt_handler151
                0x060134ba                __interrupt_handler167
                0x060136d0                __trampoline
                0x06013136                __interrupt_handler17
                0x06013628                __interrupt_handler228
                0x060136ca                __interrupt_handler255
                0x06013688                __interrupt_handler244
                0x06013322                __interrupt_handler99
                0x0601351a                __interrupt_handler183
                0x06013418                __interrupt_handler140
                0x0601353e                __interrupt_handler189
                0x0601343c                __interrupt_handler146
                0x06013604                __interrupt_handler222
                0x06013478                __interrupt_handler156
                0x060133ac                __interrupt_handler122
                0x060136a0                __interrupt_handler248
                0x060131f0                __interrupt_handler48
                0x0601326e                __interrupt_handler69
                0x06013160                __interrupt_handler24
                0x060132e6                __interrupt_handler89
                0x060135da                __interrupt_handler215
                0x060136c4                __interrupt_handler254
                0x060132da                __interrupt_handler87
                0x0601323e                __interrupt_handler61
                0x06013562                __interrupt_handler195
                0x06013454                __interrupt_handler150
                0x060131c6                __interrupt_handler41
                0x06013364                __interrupt_handler110
                0x060133ca                __interrupt_handler127
                0x06013358                __interrupt_handler108
                0x06013376                __interrupt_handler113
                0x06013388                __interrupt_handler116
                0x060133a6                __interrupt_handler121
                0x0601329e                __interrupt_handler77
                0x060131ba                __interrupt_handler39
                0x060131d2                __interrupt_handler43
                0x060136a6                __interrupt_handler249
                0x060134e4                __interrupt_handler174
                0x06013400                __interrupt_handler136
                0x06013538                __interrupt_handler188
                0x06013436                __interrupt_handler145
                0x06013106                __interrupt_handler9
                0x060132aa                __interrupt_handler79
                0x06013622                __interrupt_handler227
                0x0601319c                __interrupt_handler34
                0x060133dc                __interrupt_handler130
                0x0601369a                __interrupt_handler247
                0x06013292                __interrupt_handler75
                0x060134de                __interrupt_handler173
                0x0601320e                __interrupt_handler53
                0x0601344e                __interrupt_handler149
                0x060136b2                __interrupt_handler251
                0x06013646                __interrupt_handler233
                0x0601310c                __interrupt_handler10
                0x06013598                __interrupt_handler204
                0x060132bc                __interrupt_handler82
                0x060132c2                __interrupt_handler83
                0x06013166                __interrupt_handler25
                0x06013682                __interrupt_handler243
                0x0601349c                __interrupt_handler162
                0x060131e4                __interrupt_handler46
                0x060134fc                __interrupt_handler178
                0x060132b0                __interrupt_handler80
                0x06013244                __interrupt_handler62
                0x060130dc                __interrupt_handler2
                0x0601317e                __interrupt_handler29
                0x06013274                __interrupt_handler70
                0x0601335e                __interrupt_handler109
                0x06013448                __interrupt_handler148
                0x06013304                __interrupt_handler94
                0x06013610                __interrupt_handler224
                0x0601333a                __interrupt_handler103
                0x060131a8                __interrupt_handler36
                0x060133c4                __interrupt_handler126
                0x06013694                __interrupt_handler246
                0x0601321a                __interrupt_handler55
                0x06013118                __interrupt_handler12
                0x06013208                __interrupt_handler52
                0x06013532                __interrupt_handler187
                0x06013430                __interrupt_handler144
                0x0601338e                __interrupt_handler117
                0x0601313c                __interrupt_handler18
                0x0601356e                __interrupt_handler197
                0x06013460                __interrupt_handler152
                0x06013394                __interrupt_handler118
                0x060134cc                __interrupt_handler170
                0x06013586                __interrupt_handler201
                0x06013316                __interrupt_handler97
                0x060134a2                __interrupt_handler163
                0x06013508                __interrupt_handler180
                0x06013550                __interrupt_handler192
                0x06013670                __interrupt_handler240
                0x060133b2                __interrupt_handler123
                0x060135d4                __interrupt_handler214
                0x0601318a                __interrupt_handler31
                0x06013178                __interrupt_handler28
                0x06013262                __interrupt_handler67
                0x06013268                __interrupt_handler68
                0x06013154                __interrupt_handler22
                0x0601315a                __interrupt_handler23
                0x060134f0                __interrupt_handler176
                0x060130fa                __interrupt_handler7
                0x060135fe                __interrupt_handler221
                0x060135e6                __interrupt_handler217
                0x0601362e                __interrupt_handler229
                0x060131f6                __interrupt_handler49
                0x060130e8                __interrupt_handler4
                0x060131c0                __interrupt_handler40
                0x06013382                __interrupt_handler115
                0x06013652                __interrupt_handler235
                0x060132f2                __interrupt_handler91
                0x060135a4                __interrupt_handler206
                0x060134f6                __interrupt_handler177
                0x06013442                __interrupt_handler147
                0x060131ae                __interrupt_handler37
                0x060136ac                __interrupt_handler250
                0x060130d6                __interrupt_handler1
                0x060135f2                __interrupt_handler219
                0x06013298                __interrupt_handler76
                0x06013328                __interrupt_handler100
                0x0601322c                __interrupt_handler58
                0x0601312a                __interrupt_handler15
                0x060135c8                __interrupt_handler212
                0x06013676                __interrupt_handler241
                0x0601358c                __interrupt_handler202
                0x06013556                __interrupt_handler193
                0x060132a4                __interrupt_handler78
                0x060131fc                __interrupt_handler50
                0x06013196                __interrupt_handler33
                0x060134b4                __interrupt_handler166
                0x0601340c                __interrupt_handler138
                0x060133fa                __interrupt_handler135
                0x06013184                __interrupt_handler30
                0x06013520                __interrupt_handler184
                0x0601341e                __interrupt_handler141
                0x06013634                __interrupt_handler230
                0x06013658                __interrupt_handler236
                0x0601339a                __interrupt_handler119
                0x060132d4                __interrupt_handler86
                0x06013346                __interrupt_handler105
                0x060132b6                __interrupt_handler81
                0x060133a0                __interrupt_handler120
                0x060133d0                __interrupt_handler128
                0x06013214                __interrupt_handler54
                0x06013112                __interrupt_handler11
                0x0601357a                __interrupt_handler199
                0x0601346c                __interrupt_handler154
                0x060131de                __interrupt_handler45
                0x060135e0                __interrupt_handler216
                0x06013592                __interrupt_handler203
                0x0601332e                __interrupt_handler101
                0x060132c8                __interrupt_handler84
                0x06013526                __interrupt_handler185
                0x06013424                __interrupt_handler142
                0x0601316c                __interrupt_handler26
                0x06013250                __interrupt_handler64
                0x06013580                __interrupt_handler200
                0x060135aa                __interrupt_handler207
                0x0601355c                __interrupt_handler194
                0x060132f8                __interrupt_handler92
                0x06013472                __interrupt_handler155
                0x060135c2                __interrupt_handler211
                0x060133ee                __interrupt_handler133
                0x060130ee                __interrupt_handler5
                0x06013286                __interrupt_handler73
                0x06013130                __interrupt_handler16
                0x0601366a                __interrupt_handler239
                0x0601364c                __interrupt_handler234
                0x060131a2                __interrupt_handler35
                0x06013232                __interrupt_handler59
                0x060134c6                __interrupt_handler169
                0x0601331c                __interrupt_handler98
                0x0601327a                __interrupt_handler71
                0x06013202                __interrupt_handler51
                0x0601348a                __interrupt_handler159
                0x0601361c                __interrupt_handler226
                0x06013310                __interrupt_handler96
                0x06013544                __interrupt_handler190
                0x060135f8                __interrupt_handler220
                0x06013100                __interrupt_handler8
                0x06013502                __interrupt_handler179
                0x060136b8                __interrupt_handler252
 *fill*         0x060136f4        0xc 00
 .text          0x06013700     0x12a0 ../sbl6/segalib/lib/sega_spr.a(spr_2c.o)
                0x06014960                SlaveFlushDrawPrtyBlock
                0x06013700                SPR_2Initial
                0x06013f44                SPR_2SysClip
                0x06013ee4                SPR_2LocalCoord
                0x060147dc                SPR_2FlushDrawPrtyBlock
                0x060144c8                SPR_2DistSpr
                0x06013ecc                SPR_2FlushDrawPrty
                0x060145ec                SPR_2Cmd
                0x06013bc8                SPR_2GourTblNoToVram
                0x06013c28                SPR_2GetAreaSizeInfo
                0x06013990                SPR_2SetGourTbl
                0x0601417c                SPR_2Polygon
                0x06013c04                SPR_2CharNoToVram
                0x06013910                SPR_2SetTvMode
                0x06013d6c                SPR_2CloseCommand
                0x0601394c                SPR_2FrameEraseData
                0x06013728                SPR_2Initial2
                0x0601435c                SPR_2ScaleSpr
                0x06013fec                SPR_2Line
                0x06013cb8                SPR_2OpenCommand
                0x0601392c                SPR_2FrameChgIntr
                0x06014238                SPR_2NormSpr
                0x060139c0                SPR_2SetLookupTbl
                0x060139f4                SPR_2SetChar
                0x06013bec                SPR_2LookupTblNoToVram
                0x060140c0                SPR_2PolyLine
                0x06013b60                SPR_2ClrAllChar
                0x06013b14                SPR_2ClrChar
                0x06013f90                SPR_2UserClip
 .text          0x060149a0      0x1e6 ../sbl6/segalib/lib/sega_spr.a(spr_slv.o)
                0x06014b04                SPR_WaitEndSlaveSH
                0x060149a0                SPR_SMPC_SSHON
                0x06014ae0                SPR_RunSlaveSH
                0x060149a4                SPR_InitSlaveSH
                0x06014a6c                SPR_SlaveSHmain
                0x060149a1                SPR_SMPC_SSHOFF
 *fill*         0x06014b86        0xa 00
 .text          0x06014b90      0x36a ../sbl6/segalib/lib/sega_spr.a(spr_1c.o)
                0x06014e44                SPR_WaitDrawEnd
                0x06014e5c                SPR_SetEosMode
                0x06014d74                SPR_SetEraseData
                0x06014b90                SPR_Initial
                0x06014c68                SPR_SetTvMode
                0x06014d00                SPR_GetStatus
 *fill*         0x06014efa        0x6 00
 .text          0x06014f00      0x244 ../sbl6/segalib/lib/sega_spr.a(spr_2a.o)
                0x06014f12                sprMemCpyW
                0x06014f70                flushDrawPrtyBlock
                0x06014f00                sprMemCpyL
                0x06014f24                SPR_2SetDrawPrty
 *fill*         0x06015144        0xc 00
 .text          0x06015150      0x2fc ../sbl6/segalib/lib/sega_scl.a(scl_vblv.o)
                0x0601520c                SCL_DisplayFrame
                0x06015150                SCL_SetFrameInterval
                0x06015240                SCL_VblInit
                0x06015290                SCL_VblankStart
                0x060152d4                SCL_VblankEnd
 *fill*         0x0601544c        0x4 00
 .text          0x06015450      0xb9c ../sbl6/segalib/lib/sega_scl.a(scl_func.o)
                0x06015e2c                SCL_Vdp2_SGLInit
                0x06015d3c                SCL_PriIntProc
                0x06015cb4                SCL_Memcpyw
                0x06015fcc                SCL_SglOff
                0x06015fac                SCL_SglOn
                0x06015c20                SCL_ScrollShow
                0x060156c8                SCL_Close
                0x060159c0                SCL_Scale
                0x06015450                SCL_Vdp2Init
                0x06015834                SCL_Move
                0x06015afc                SCL_CopyReg
                0x060156a4                SCL_Open
                0x060154d4                SCL_ParametersInit
                0x060156e4                SCL_MoveTo
                0x06015cdc                SCL_SetColRamMode
 *fill*         0x06015fec        0x4 00
 .text          0x06015ff0      0x138 ../sbl6/segalib/lib/sega_scl.a(scl_pr03.o)
                0x06015ff0                SCL_FreeColRam
                0x06016028                SCL_AllocColRam
 *fill*         0x06016128        0x8 00
 .text          0x06016130       0x9c ../sbl6/segalib/lib/sega_scl.a(scl_pr02.o)
                0x06016130                SCL_SetColRam
 *fill*         0x060161cc        0x4 00
 .text          0x060161d0       0x84 ../sbl6/segalib/lib/sega_scl.a(scl_back.o)
                0x060161d0                SCL_SetBack
 *fill*         0x06016254        0xc 00
 .text          0x06016260      0x278 ../sbl6/segalib/lib/sega_scl.a(scl_fu05.o)
                0x0601631c                SCL_SetLineParam
                0x06016268                SCL_InitLineParamTb
 *fill*         0x060164d8        0x8 00
 .text          0x060164e0      0x94c ../sbl6/segalib/lib/sega_scl.a(scl_fu03.o)
                0x0601653c                SCL_SetConfig
                0x060164e0                SCL_InitConfigTb
 *fill*         0x06016e2c        0x4 00
 .text          0x06016e30      0x4f4 ../sbl6/segalib/lib/sega_scl.a(scl_fu02.o)
                0x06016e68                SCL_SetVramConfig
                0x06016e30                SCL_InitVramConfigTb
 *fill*         0x06017324        0xc 00
 .text          0x06017330       0x28 ../sbl6/segalib/lib/sega_scl.a(scl_fu04.o)
                0x06017330                SCL_SetCycleTable
 *fill*         0x06017358        0x8 00
 .text          0x06017360      0x214 ../sbl6/segalib/lib/sega_scl.a(scl_pr07.o)
                0x06017360                SCL_SetPriority
 *fill*         0x06017574        0xc 00
 .text          0x06017580       0x58 ../sbl6/segalib/lib/sega_scl.a(scl_pr01.o)
                0x06017580                SCL_SetSpriteMode
 *fill*         0x060175d8        0x8 00
 .text          0x060175e0     0x10a4 ../sbl6/segalib/lib/sega_scl.a(scl_pri.o)
                0x06017674                SCL_AbortAutoVe
                0x06018524                SCL_SetShadowBit
                0x06017aec                SCL_AutoExec
                0x060175e0                SCL_PriorityInit
                0x06018000                SCL_IncColOffset
                0x06017688                SCL_SetColMixRate
                0x06017658                SCL_GetColRamMode
 *fill*         0x06018684        0xc 00
 .text          0x06018690     0x1394 ../sbl6/segalib/lib/sega_scl.a(scl_ro00.o)
                0x0601987c                SCL_RotateZD
                0x06018b44                SCL_Rotate
                0x06018818                SCL_InitRotateTable
 *fill*         0x06019a24        0xc 00
 .text          0x06019a30      0x1b4 ../sbl6/segalib/lib/sega_scl.a(scl_pr06.o)
                0x06019a30                SCL_SetColRamOffset
 *fill*         0x06019be4        0xc 00
 .text          0x06019bf0       0xac ../sbl6/segalib/lib/sega_scl.a(scl_pr05.o)
                0x06019bf0                SCL_GetColRamOffset
 *fill*         0x06019c9c        0x4 00
 .text          0x06019ca0       0xa4 ../sbl6/segalib/lib/sega_mth.a(mth_fixd.o)
                0x06019cf0                MTH_FixedToInt
                0x06019ce0                MTH_IntToFixed
                0x06019ca0                MTH_Mul
                0x06019d00                MTH_Product
                0x06019cc0                MTH_Div
 *fill*         0x06019d44        0xc 00
 .text          0x06019d50      0x600 ../sbl6/segalib/lib/sega_mth.a(mth_tri.o)
                0x06019dec                fcos
                0x06019df2                fsin
                0x06019d9c                MTH_Cos
                0x06019d50                MTH_Sin
                0x06019f90                MTH_Atan
 .text          0x0601a350      0xf50 ../sbl6/segalib/lib/sega_per.a(per_prt.o)
                0x0601a770                PER_IntFunc
                0x0601a568                PER_LGetPer
                0x0601a350                PER_LInit
 .text          0x0601b2a0     0x1b04 ../sbl6/segalib/lib/sega_sat.a(gfs.o)
                0x0601b2a0                gfs_version
                0x0601c514                gfs_mngGetNumFile
                0x0601cc94                gfs_closeSub
                0x0601c030                GFS_SetGmode
                0x0601c2ec                GFS_SetErrFunc
                0x0601c43c                gfs_mngSetupFuncTbl
                0x0601b5f8                GFS_Reset
                0x0601c364                gfs_chgRoot
                0x0601c430                gfs_aborttrans
                0x0601c714                gfs_svrAddHndl
                0x0601c5c4                gfs_mngFreeGrp
                0x0601c33c                GFS_ConvTno
                0x0601c8c8                gfs_getRootDir
                0x0601c318                GFS_GetErrStat
                0x0601b768                GFS_Seek
                0x0601bdd4                GFS_NwStop
                0x0601c5d0                gfs_mngTermAccess
                0x0601b67c                GFS_Open
                0x0601c57c                GFS_mngAllocGrp
                0x0601ccdc                gfs_isTaskDone
                0x0601bad4                GFS_Fread
                0x0601c234                GFS_StartTrans
                0x0601cc30                gfs_GetFinfo
                0x0601c470                gfs_mngInitWork
                0x0601b8c0                GFS_ByteToSct
                0x0601c6d4                gfs_svrSearchHndl
                0x0601c9c4                gfs_loadRootDir
                0x0601b51c                GFS_IdToName
                0x0601bc18                GFS_NwFread
                0x0601c164                GFS_SetTransPara
                0x0601bd24                GFS_NwCdRead
                0x0601c804                gfs_loadVol
                0x0601c100                GFS_SetReadPara
                0x0601b81c                GFS_Tell
                0x0601c094                GFS_SetTmode
                0x0601cb98                GFS_GetFad
                0x0601c1d0                GFS_SetTrFunc
                0x0601c280                GFS_CdMovePickup
                0x0601b4b8                GFS_NameToId
                0x0601beec                GFS_NwExecOne
                0x0601ca4c                gfs_flowIn
                0x0601b974                GFS_GetFileInfo
                0x0601caf4                gfs_transData
                0x0601c750                gfs_svrRemoveHndl
                0x0601bd9c                GFS_NwIsComplete
                0x0601ccd0                gfs_getGmode
                0x0601be40                GFS_NwGetStat
                0x0601c7ac                GFS_OpenSub
                0x0601b450                GFS_SetDir
                0x0601b91c                GFS_GetFileSize
                0x0601b9e8                GFS_GetNumCdbuf
                0x0601cd30                gfs_convFinStat
                0x0601ba10                GFS_Load
                0x0601bb70                gfs_waitRead
                0x0601b3a8                GFS_LoadDir
                0x0601b588                GFS_GetDirInfo
                0x0601b730                GFS_Close
                0x0601b2c0                GFS_Init
                0x0601bebc                gfs_recovRdErr
                0x0601c654                gfs_mngSetErrCode
                0x0601bfac                GFS_NwExecServer
                0x0601b86c                GFS_IsEof
                0x0601cbf0                gfs_SetSct
 *fill*         0x0601cda4        0xc 00
 .text          0x0601cdb0      0x1f4 ../sbl6/segalib/lib/sega_sat.a(DMA_SCU1.o)
                0x0601cf0c                DMA_ScuResult
                0x0601cdb0                DMA_ScuInit
                0x0601ce00                DMA_ScuMemCopy
 *fill*         0x0601cfa4        0xc 00
 .text          0x0601cfb0      0x8d4 ../sbl6/segalib/lib/sega_sat.a(gfs_cdf.o)
                0x0601d4a4                GFCF_Seek
                0x0601d5ac                GFCF_GetStat
                0x0601d48c                GFCF_Tell
                0x0601d050                GFCF_Setup
                0x0601d558                GFCF_cnvIntlvOfs
                0x0601cfb0                GFCF_Init
                0x0601d444                GFCF_Recover
                0x0601d198                GFCF_SetSct
                0x0601d4bc                GFCF_MovePickup
                0x0601d680                gfcf_isCdOk
                0x0601d250                GFCF_FlowInBuf
                0x0601d1dc                GFCF_GetFileInfo
                0x0601d3a4                GFCF_StopInBuf
                0x0601d644                gfcf_getSctSize
                0x0601d740                gfcf_getPlayRange
 *fill*         0x0601d884        0xc 00
 .text          0x0601d890      0x928 ../sbl6/segalib/lib/sega_sat.a(gfs_dir.o)
                0x0601dd80                gfdr_setNextRec
                0x0601e17c                gfdr_setDirrecCd
                0x0601db78                gfdr_open
                0x0601d98c                GFDR_GetAtrDirId
                0x0601dc60                gfdr_readByte
                0x0601d890                GFDR_SetupDirTbl
                0x0601dd58                gfdr_readLongNM
                0x0601de04                gfdr_readDirEnt
                0x0601d9bc                GFDR_ChgRoot
                0x0601d904                GFDR_NameToId
                0x0601da48                gfdr_setupDirIdTbl
                0x0601d9a4                GFDR_GetAtrDirName
                0x0601d964                GFDR_GetInfoDirId
                0x0601dd0c                gfdr_readLongNB
                0x0601dba0                gfdr_read
                0x0601dc8c                gfdr_readWord
                0x0601dacc                gfdr_setupDirNameTbl
                0x0601d978                GFDR_GetInfoDirName
                0x0601d9d4                GFDR_ChgDir
                0x0601dcb8                gfdr_readWordNB
 *fill*         0x0601e1b8        0x8 00
 .text          0x0601e1c0      0xa46 ../sbl6/segalib/lib/sega_sat.a(gfs_trn.o)
                0x0601e2a0                GFTR_SetTransMax
                0x0601e670                gftr_execScu
                0x0601ebf4                GFTR_SetTransFunc
                0x0601eabc                gftr_remTrn
                0x0601ebe0                GFTR_SetData
                0x0601e8e0                gftr_execSdma1
                0x0601eb30                gftr_copyFrac
                0x0601e294                GFTR_GetNumTrans
                0x0601e234                GFTR_SetMode
                0x0601e8b0                gftr_remDma0
                0x0601eb58                GFTR_GetLenData
                0x0601e664                gftr_reqScu
                0x0601e8c8                gftr_reqDma1
                0x0601e580                gftr_getSrcPack
                0x0601ebb0                GFTR_RtnDstPk
                0x0601e74c                gfdma_exec
                0x0601e9e4                gftr_execTrn
                0x0601e478                GFTR_ExecSvr
                0x0601e974                gftr_reqTrn
                0x0601e83c                gfdma_getBytecnt
                0x0601e91c                gftr_reqCpu
                0x0601eb7c                GFTR_GetDstPack
                0x0601e874                gftr_reqDma0
                0x0601e400                GFTR_Idle
                0x0601e2b8                GFTR_Pause
                0x0601e288                GFTR_GetTransPara
                0x0601e968                gftr_remCpu
                0x0601e254                GFTR_SetTransPara
                0x0601e904                gftr_remDma1
                0x0601e2c4                GFTR_Stop
                0x0601e88c                gftr_execSdma0
                0x0601e1f0                GFTR_Setup
                0x0601e70c                gftr_remScu
                0x0601e608                gftr_getDstPack
                0x0601e740                gfdma_canUse
                0x0601e37c                GFTR_Exec
                0x0601ebcc                GFTR_GetData
                0x0601e2ac                GFTR_Start
                0x0601e248                GFTR_SetUnit
                0x0601e928                gftr_execCpu
                0x0601eb64                GFTR_GetLenRoom
 *fill*         0x0601ec06        0xa 00
 .text          0x0601ec10      0x106 ../sbl6/segalib/lib/sega_sat.a(gfs_buf.o)
                0x0601ec68                GFBF_GetNumData
                0x0601ece4                GFBF_RtnPk
                0x0601ec98                GFBF_GetSrcPk
                0x0601ed0c                gfbf_getSctDt
                0x0601ec40                GFBF_GetTranData
                0x0601ecc0                GFBF_GetSctData
 *fill*         0x0601ed16        0xa 00
 .text          0x0601ed20      0x600 ../sbl6/segalib/lib/sega_sat.a(gfs_cdb.o)
                0x0601f2c8                GFCB_GetPickup
                0x0601ee40                GFCB_Close
                0x0601f10c                GFCB_GetSrcPack
                0x0601f294                GFCB_SetCon
                0x0601ef14                GFCB_GetLenRoom
                0x0601f278                GFCB_MovePickup
                0x0601f1ec                GFCB_GetSctData
                0x0601ef20                GFCB_SetFilt
                0x0601ee68                GFCB_GetLenData
                0x0601f308                GFCB_UngetPickup
                0x0601ed20                GFCB_Setup
                0x0601efb0                GFCB_Tell
                0x0601f2f0                GFCB_IsPuOwner
                0x0601f010                GFCB_Seek
                0x0601ef88                GFCB_DeleteAllData
                0x0601f224                GFCB_GetDstPack
                0x0601efc0                gfcb_getSctNum
                0x0601f230                GFCB_RtnPk
 .text          0x0601f320     0x1a04 ../sbl6/segalib/lib/sega_sat.a(gfs_cdc.o)
                0x0601f5bc                GFCD_AllocBuf
                0x06020398                gfcd_doGetLenDataTsk
                0x06020c34                GFCD_SetCsctFunc
                0x0601f694                GFCD_GetBaseFad
                0x0601f810                GFCD_GetFilt
                0x06020824                gfcd_doChgDirTsk
                0x06020b64                gfcd_checkEflag
                0x0601fb58                GFCD_MovePickup
                0x0601fc3c                GFCD_GetSctInfo
                0x060204ec                gfcd_doReqDataTsk
                0x0601fc84                GFCD_ChgDir
                0x0601f978                GFCD_ReqData
                0x06020c50                GFCD_ChkScdqFlag
                0x06020108                GFCD_WaitServer
                0x0601fa1c                GFCD_DelSctData
                0x0601fef4                GFCD_ExecServer
                0x06020308                gfcd_doSetConTsk
                0x0601f550                GFCD_AllocFilt
                0x0601f74c                GFCD_SetFilt
                0x06020144                gfcd_doSetFiltTsk
                0x06020c74                GFCD_ClrScdqFlag
                0x0602058c                gfcd_doDelSctDataTsk
                0x06020050                gfcd_doTask
                0x0601f6c8                GFCD_GetPickup
                0x0601fc18                GFCD_CheckMove
                0x06020c90                GFCD_WaitScdqFlag
                0x0601f8b0                GFCD_Play
                0x060206c0                gfcd_doMoveSctTsk
                0x0601f858                GFCD_SetCon
                0x0601fcf8                GFCD_SetFiltCon
                0x06020cd4                GFCD_WaitPause
                0x0601febc                GFCD_GetBufSiz
                0x0601f6fc                GFCD_UngetPickup
                0x0601fde0                GFCD_GetFileInfo
                0x0601f9d4                GFCD_EndData
                0x0601f5f0                GFCD_FreeBuf
                0x0601f910                GFCD_GetLenData
                0x0601f58c                GFCD_FreeFilt
                0x0601ffc8                gfcd_isIdleTask
                0x0601f34c                GFCD_Init
                0x06020a20                gfcd_doSetFiltConTsk
                0x0601faa4                GFCD_GetStat
                0x0601fba4                GFCD_MoveSctData
                0x0601f728                GFCD_IsPuOwner
                0x06020b88                gfcd_initCdbMng
                0x0601f320                GFCD_SetCdbfs
                0x060200f4                GFCD_SetTimer
                0x06020c08                gfcd_setStat
                0x0601fa74                GFCD_CheckDelSctData
 *fill*         0x06020d24        0xc 00
 .text          0x06020d30      0x308 ../sbl6/segalib/lib/sega_sat.a(DMA_SCU0.o)
                0x06020db4                DMA_ScuStart
                0x06020ee8                DMA_ScuIntFunc0
                0x06020f58                DMA_ScuIntFunc1
                0x06020fc8                DMA_ScuIntFunc2
                0x06020ea8                DMA_ScuGetStatus
                0x06020d30                DMA_ScuSetPrm
 *fill*         0x06021038        0x8 00
 .text          0x06021040       0xe8 ../sbl6/segalib/lib/sega_sat.a(csh_main.o)
                0x06021040                CSH_Init
                0x060210a8                CSH_AllClr
                0x060210f4                CSH_Purge
 *fill*         0x06021128        0x8 00
 .text          0x06021130      0x1b6 ../sbl6/segalib/lib/sega_sat.a(DMA_CPU0.o)
                0x06021178                DMA_CpuSetPrm
                0x0602127c                DMA_CpuStart
                0x060212d4                DMA_CpuGetStatus
                0x060212a8                DMA_CpuAllStop
                0x060212bc                DMA_CpuGetComStatus
                0x06021130                DMA_CpuSetComPrm
                0x06021290                DMA_CpuStop
 *fill*         0x060212e6        0xa 00
 .text          0x060212f0      0x2dc ../sbl6/segalib/lib/sega_sat.a(cdc_reg.o)
                0x06021344                CDREG_ClrHirqReq
                0x06021314                CDC_ClrHirqReq
                0x060213c4                CDREG_TgetData
                0x060213b4                CDC_GetMpegPtr
                0x06021390                CDC_GetHirqMsk
                0x060212f0                CDC_GetDataPtr
                0x06021300                CDC_GetHirqReq
                0x06021520                CDREG_WaitHirq
                0x060213a4                CDC_SetHirqMsk
                0x06021420                CDREG_CmdRsp
                0x06021354                CDREG_InitHirqReq
                0x0602137c                CDREG_SetHirqFlag
                0x06021590                CDREG_ReadRsp
 *fill*         0x060215cc        0x4 00
 .text          0x060215d0      0x194 ../sbl6/segalib/lib/sega_sat.a(cdc_cfs.o)
                0x060215d0                CDC_ChgDir
                0x06021604                CDC_ReadDir
                0x06021728                CDC_AbortFile
                0x06021638                CDC_GetFileScope
                0x06021698                CDC_TgetFileInfo
                0x060216f4                CDC_ReadFile
 *fill*         0x06021764        0xc 00
 .text          0x06021770      0x3a0 ../sbl6/segalib/lib/sega_sat.a(cdc_cmn.o)
                0x06021914                CDC_TgetToc
                0x06021ab8                CDC_DataEnd
                0x060217d8                CDC_GetPeriStat
                0x06021a4c                CDC_DataReady
                0x06021a24                CDC_CdOpen
                0x060219a0                CDC_CdInit
                0x06021964                CDC_GetSes
                0x060217c0                CDC_GetLastStat
                0x06021770                CDC_GetCurStat
                0x060218ac                CDC_GetHwInfo
 .text          0x06021b10      0x1e4 ../sbl6/segalib/lib/sega_sat.a(cdc_bio.o)
                0x06021bbc                CDC_GetdelSctData
                0x06021b44                CDC_GetSctData
                0x06021bf8                CDC_PutSctData
                0x06021c74                CDC_MoveSctData
                0x06021cb8                CDC_GetCopyErr
                0x06021b80                CDC_DelSctData
                0x06021b10                CDC_SetSctLen
                0x06021c30                CDC_CopySctData
 *fill*         0x06021cf4        0xc 00
 .text          0x06021d00      0x2b8 ../sbl6/segalib/lib/sega_sat.a(cdc_sel.o)
                0x06021f30                CDC_GetFiltCon
                0x06021eac                CDC_GetFiltMode
                0x06021f84                CDC_ResetSelector
                0x06021d00                CDC_SetFiltRange
                0x06021d8c                CDC_SetFiltSubh
                0x06021dfc                CDC_GetFiltSubh
                0x06021d34                CDC_GetFiltRange
                0x06021e78                CDC_SetFiltMode
                0x06021ef0                CDC_SetFiltCon
 *fill*         0x06021fb8        0x8 00
 .text          0x06021fc0      0x130 ../sbl6/segalib/lib/sega_sat.a(cdc_drv.o)
                0x06021fc0                CDC_CdPlay
                0x0602208c                CDC_CdSeek
                0x060220c0                CDC_CdScan
 .text          0x060220f0      0x270 ../sbl6/segalib/lib/sega_sat.a(cdc_bif.o)
                0x0602214c                CDC_GetSctNum
                0x060222cc                CDC_ExeFadSearch
                0x0602224c                CDC_GetSctInfo
                0x06022190                CDC_CalActSiz
                0x060220f0                CDC_GetBufSiz
                0x060221cc                CDC_GetActSiz
                0x06022304                CDC_GetFadSearch
 .text          0x06022360       0xa8 ../sbl6/segalib/lib/sega_sat.a(cdc_dev.o)
                0x060223cc                CDC_CdGetLastBuf
                0x06022360                CDC_CdSetCon
                0x06022390                CDC_CdGetCon
 *fill*         0x06022408        0x8 00
 .text          0x06022410      0x152 ../sbl6/segalib/lib/sega_sat.a(cdc_sub.o)
                0x060224b8                CDSUB_GetCdstat
                0x06022428                CDSUB_UpdCdstat
                0x060224f8                CDSUB_RspToCdstat
                0x06022540                CDSUB_SoftTimer
                0x06022410                CDSUB_UpdStatus
                0x06022448                CDSUB_CdCmd
 *fill*         0x06022562        0xe 00
 .text          0x06022570       0x60 C:/saturn/SH_COFF/sh-coff/bin/../lib/gcc/sh-coff/3.4-GNUSH_v0501\libgcc.a(_ashiftrt.o)
                0x0602257c                __ashiftrt_r4_27
                0x060225b0                __ashiftrt_r4_6
                0x060225a0                __ashiftrt_r4_14
                0x06022592                __ashiftrt_r4_19
                0x060225aa                __ashiftrt_r4_9
                0x060225be                __ashiftrt_r4_0
                0x06022570                __ashiftrt_r4_31
                0x0602257e                __ashiftrt_r4_26
                0x0602258c                __ashiftrt_r4_22
                0x06022598                __ashiftrt_r4_16
                0x060225a4                __ashiftrt_r4_12
                0x06022578                __ashiftrt_r4_29
                0x06022596                __ashiftrt_r4_17
                0x06022576                __ashiftrt_r4_30
                0x060225b2                __ashiftrt_r4_5
                0x060225ac                __ashiftrt_r4_8
                0x06022570                __ashiftrt_r4_32
                0x06022580                __ashiftrt_r4_25
                0x060225b8                __ashiftrt_r4_2
                0x06022582                __ashiftrt_r4_24
                0x0602259e                __ashiftrt_r4_15
                0x060225a8                __ashiftrt_r4_10
                0x060225ba                __ashiftrt_r4_1
                0x0602257a                __ashiftrt_r4_28
                0x06022590                __ashiftrt_r4_20
                0x060225ae                __ashiftrt_r4_7
                0x060225a2                __ashiftrt_r4_13
                0x060225a6                __ashiftrt_r4_11
                0x060225b4                __ashiftrt_r4_4
                0x0602258a                __ashiftrt_r4_23
                0x06022594                __ashiftrt_r4_18
                0x0602258e                __ashiftrt_r4_21
                0x060225b6                __ashiftrt_r4_3
 .text          0x060225d0       0x90 C:/saturn/SH_COFF/sh-coff/bin/../lib/gcc/sh-coff/3.4-GNUSH_v0501\libgcc.a(_ashiftlt.o)
                0x060225d0                __ashlsi3
 .text          0x06022660       0xb0 C:/saturn/SH_COFF/sh-coff/bin/../lib/gcc/sh-coff/3.4-GNUSH_v0501\libgcc.a(_movstr.o)
                0x060226a0                __movstrSI16
                0x06022674                __movstrSI60
                0x06022680                __movstrSI48
                0x0602267c                __movstrSI52
                0x06022670                __movstrSI64
                0x06022684                __movstrSI44
                0x06022688                __movstrSI40
                0x0602268c                __movstrSI36
                0x060226c0                __movstr
                0x06022678                __movstrSI56
                0x06022694                __movstrSI28
                0x06022690                __movstrSI32
                0x060226a4                __movstrSI12
                0x060226a8                __movstrSI8
                0x060226b0                __movstrSI0
                0x06022698                __movstrSI24
                0x0602269c                __movstrSI20
                0x060226ac                __movstrSI4
 .text          0x06022710       0xa0 C:/saturn/SH_COFF/sh-coff/bin/../lib/gcc/sh-coff/3.4-GNUSH_v0501\libgcc.a(__main.o)
                0x06022784                __main
                0x06022710                __do_global_dtors
                0x06022744                __do_global_ctors
 .text          0x060227b0      0x2e0 C:/saturn/SH_COFF/sh-coff/bin/../lib/gcc/sh-coff/3.4-GNUSH_v0501\libgcc.a(_mul_df.o)
                0x060227c0                __muldf3
 .text          0x06022a90       0xb0 C:/saturn/SH_COFF/sh-coff/bin/../lib/gcc/sh-coff/3.4-GNUSH_v0501\libgcc.a(_si_to_df.o)
                0x06022a90                __floatsidf
 .text          0x06022b40       0x80 C:/saturn/SH_COFF/sh-coff/bin/../lib/gcc/sh-coff/3.4-GNUSH_v0501\libgcc.a(_df_to_si.o)
                0x06022b40                __fixdfsi
 .text          0x06022bc0       0x70 C:/saturn/SH_COFF/sh-coff/bin/../lib/gcc/sh-coff/3.4-GNUSH_v0501\libgcc.a(_udivsi3.o)
                0x06022be2                __udivsi3
 .text          0x06022c30       0xa0 C:/saturn/SH_COFF/sh-coff/bin/../lib/gcc/sh-coff/3.4-GNUSH_v0501\libgcc.a(_sdivsi3.o)
                0x06022c30                __sdivsi3
 .text          0x06022cd0      0x120 C:/saturn/SH_COFF/sh-coff/bin/../lib/gcc/sh-coff/3.4-GNUSH_v0501\libgcc.a(_unpack_df.o)
                0x06022ce0                __unpack_d
 .text          0x06022df0      0x220 C:/saturn/SH_COFF/sh-coff/bin/../lib/gcc/sh-coff/3.4-GNUSH_v0501\libgcc.a(_pack_df.o)
                0x06022e00                __pack_d
 .text          0x06023010       0x20 C:/saturn/SH_COFF/sh-coff/bin/../lib/gcc/sh-coff/3.4-GNUSH_v0501\libgcc.a(_thenan_df.o)
                0x06023010                __thenan_df
 .text          0x06023030       0xd0 C:/saturn/SH_COFF/sh-coff/bin/../lib/gcc/sh-coff/3.4-GNUSH_v0501\libgcc.a(_muldi3.o)
                0x06023030                __muldi3
 .text          0x06023100       0x80 C:/saturn/SH_COFF/sh-coff/bin/../lib/gcc/sh-coff/3.4-GNUSH_v0501\libgcc.a(_lshrdi3.o)
                0x06023100                __lshrdi3
 .text          0x06023180       0x80 C:/saturn/SH_COFF/sh-coff/bin/../lib/gcc/sh-coff/3.4-GNUSH_v0501\libgcc.a(_ashldi3.o)
                0x06023180                __ashldi3
 .text          0x06023200       0x30 C:/saturn/SH_COFF/sh-coff/bin/../lib/gcc/sh-coff/3.4-GNUSH_v0501\libgcc.a(_mulsi3.o)
                0x06023200                __mulsi3
 .text          0x06023230       0x90 C:/saturn/SH_COFF/sh-coff/bin/../lib/gcc/sh-coff/3.4-GNUSH_v0501\libgcc.a(_lshiftrt.o)
                0x06023230                __lshrsi3
 .text          0x060232c0       0xa0 C:/saturn/SH_COFF/sh-coff/bin/../lib/gcc/sh-coff/3.4-GNUSH_v0501/../../../../sh-coff/lib\libc.a(memcpy.o)
                0x060232c0                memcpy
 .text          0x06023360       0x40 C:/saturn/SH_COFF/sh-coff/bin/../lib/gcc/sh-coff/3.4-GNUSH_v0501/../../../../sh-coff/lib\libc.a(memset.o)
                0x06023360                memset
 .text          0x060233a0       0x60 C:/saturn/SH_COFF/sh-coff/bin/../lib/gcc/sh-coff/3.4-GNUSH_v0501/../../../../sh-coff/lib\libc.a(memcmp.o)
                0x060233a0                memcmp
 .text          0x06023400       0xb0 C:/saturn/SH_COFF/sh-coff/bin/../lib/gcc/sh-coff/3.4-GNUSH_v0501/../../../../sh-coff/lib\libc.a(strncmp.o)
                0x06023400                strncmp
 .text          0x060234b0       0xa0 C:/saturn/SH_COFF/sh-coff/bin/../lib/gcc/sh-coff/3.4-GNUSH_v0501/../../../../sh-coff/lib\libc.a(strncpy.o)
                0x060234b0                strncpy
 .text          0x06023550       0x90 C:/saturn/SH_COFF/sh-coff/bin/../lib/gcc/sh-coff/3.4-GNUSH_v0501/../../../../sh-coff/lib\libc.a(atexit.o)
                0x06023550                atexit
 .text          0x060235e0       0x10 C:/saturn/SH_COFF/sh-coff/bin/../lib/gcc/sh-coff/3.4-GNUSH_v0501/../../../../sh-coff/lib\libc.a(impure.o)
                0x060235e0                _global_impure_ptr
 .text          0x060235f0       0x40 C:/saturn/SH_COFF/sh-coff/bin/../lib/gcc/sh-coff/3.4-GNUSH_v0501/../../../../sh-coff/lib\libc.a(malloc.o)
                0x0602360c                free
                0x060235f0                malloc
 .text          0x06023630      0x5b0 C:/saturn/SH_COFF/sh-coff/bin/../lib/gcc/sh-coff/3.4-GNUSH_v0501/../../../../sh-coff/lib\libc.a(mallocr.o)
                0x06023630                _malloc_r
 .text          0x06023be0      0x340 C:/saturn/SH_COFF/sh-coff/bin/../lib/gcc/sh-coff/3.4-GNUSH_v0501/../../../../sh-coff/lib\libc.a(freer.o)
                0x06023be0                _malloc_trim_r
                0x06023cd4                _free_r
 .text          0x06023f20       0x20 C:/saturn/SH_COFF/sh-coff/bin/../lib/gcc/sh-coff/3.4-GNUSH_v0501/../../../../sh-coff/lib\libc.a(mlock.o)
                0x06023f20                __malloc_lock
                0x06023f2c                __malloc_unlock
 .text          0x06023f40       0x50 C:/saturn/SH_COFF/sh-coff/bin/../lib/gcc/sh-coff/3.4-GNUSH_v0501/../../../../sh-coff/lib\libc.a(sbrkr.o)
                0x06023f40                _sbrk_r
 .text          0x06023f90      0x380 C:/saturn/SH_COFF/sh-coff/bin/../lib/gcc/sh-coff/3.4-GNUSH_v0501/../../../../sh-coff/lib\libc.a(syscalls.o)
                0x060240fc                _exit
                0x06024130                _getpid
                0x06024198                _utime
                0x06023fc8                _write
                0x06023f90                _read
                0x060240e4                _unlink
                0x060240ac                _open
                0x06024148                _stat
                0x060240f0                isatty
                0x060241c8                _wait
                0x06024114                _kill
                0x06024164                _chmod
                0x060241f8                _execv
                0x060241dc                _execve
                0x060242d4                __setup_argv_and_call_main
                0x06024230                _gettimeofday
                0x06023ffc                _link
                0x0602413c                _raise
                0x060240c8                _creat
                0x06024210                _pipe
                0x0602417c                _chown
                0x06023fac                _lseek
                0x06023fe4                _close
                0x06024224                _times
                0x06024098                _fstat
                0x060241b4                _fork
                0x06024024                _sbrk
 .text          0x06024310       0x20 C:/saturn/SH_COFF/sh-coff/bin/../lib/gcc/sh-coff/3.4-GNUSH_v0501/../../../../sh-coff/lib\libc.a(trap.o)
                0x06024310                __trap34
 .text          0x06024330       0x20 C:/saturn/SH_COFF/sh-coff/bin/../lib/gcc/sh-coff/3.4-GNUSH_v0501/../../../../sh-coff/lib\libc.a(abort.o)
                0x06024330                abort
 .text          0x06024350      0x270 C:/saturn/SH_COFF/sh-coff/bin/../lib/gcc/sh-coff/3.4-GNUSH_v0501/../../../../sh-coff/lib\libc.a(signal.o)
                0x06024410                _raise_r
                0x06024598                __sigtramp
                0x06024544                raise
                0x06024580                _init_signal
                0x060244d0                __sigtramp_r
                0x06024560                signal
                0x0602439c                _signal_r
                0x06024350                _init_signal_r
 .text          0x060245c0       0x60 C:/saturn/SH_COFF/sh-coff/bin/../lib/gcc/sh-coff/3.4-GNUSH_v0501/../../../../sh-coff/lib\libc.a(signalr.o)
                0x06024608                _getpid_r
                0x060245c0                _kill_r
 *(.strings)

.tors           0x06024620        0x0
                0x06024620                ___ctors = .
 *(.ctors)
                0x06024620                ___ctors_end = .
                0x06024620                ___dtors = .
 *(.dtors)
                0x06024620                ___dtors_end = .

.data           0x06024620     0x1790
                0x06024620                STARTOF_R = .
 *(.data)
 .data          0x06024620      0x400 ../sbl6/segasmp/per/smpclib/per_x1.o
 .data          0x06024a20       0x60 blocks.o
                0x06024a70                tile2_slope
                0x06024a50                tile4_slope
                0x06024a20                block_slopes
                0x06024a60                tile3_slope
 .data          0x06024a80       0x20 enemylist.o
                0x06024a80                enemy_lists
                0x06024a84                level0_enemies
                0x06024a98                enemy_arr
 .data          0x06024aa0      0x640 graphics.o
                0x06024aa0                cloudmap_name
                0x06024bda                guy_num
                0x060250d0                bg_num
                0x06024ab0                cloudmap_width
                0x06024ad6                map_heights
                0x06024c30                cloud_pal
                0x06024c7c                hills_pal
                0x06024cbc                hills_name
                0x06024aae                cloudmap_height
                0x06024ae0                explosion_pal
                0x06024cc8                bg_pal
                0x06024cc6                hills_num
                0x06024b20                explosion_name
                0x06024bcc                guy_name
                0x06024ac4                hill_map_width
                0x06024b8c                guy_pal
                0x06024c7a                cloud_num
                0x06024c26                font_height
                0x06024bd6                guy_width
                0x06024b86                float_size
                0x06024b30                explosion_width
                0x06024ac8                map_name
                0x06024c1c                font_name
                0x060250c8                bg_name
                0x06024ac2                hill_map_height
                0x06024c28                font_width
                0x06024bd4                guy_height
                0x06024ab4                hill_map_name
                0x06024c70                cloud_name
                0x06024c2c                font_num
                0x06024bdc                font_pal
                0x06024b34                explosion_num
                0x06024ada                map_widths
                0x06024b82                float_height
                0x06024bd8                guy_size
                0x06024c2a                font_size
                0x06024ad4                map_size
                0x06024ad0                map_offsets
                0x06024b78                float_name
                0x06024b38                float_pal
                0x06024b32                explosion_size
                0x06024b84                float_width
                0x06024b88                float_num
                0x06024b2e                explosion_height
 .data          0x060250e0       0x10 player.o
                0x060250e0                lives
 .data          0x060250f0       0x30 sprite.o
 .data          0x06025120       0x20 scroll.o
                0x06025120                CycleTb
                0x06025130                vram
 .data          0x06025140      0x400 ../sbl6/segalib/lib/sega_int.a(int.o)
 .data          0x06025540       0x1c ../sbl6/segalib/lib/sega_spr.a(spr_slv.o)
                0x06025548                SPR_SlaveParam
                0x06025558                SPR_SMPC_SF
                0x06025550                SPR_SMPC_COM
                0x0602554c                SPR_SlaveSHEntry
                0x06025544                SPR_SlaveState
                0x06025540                SPR_SlaveCommand
                0x06025554                SPR_SMPC_RET
 *fill*         0x0602555c        0x4 00
 .data          0x06025560       0x34 ../sbl6/segalib/lib/sega_spr.a(spr_1c.o)
                0x06025560                SpInitialFlag
 *fill*         0x06025594        0xc 00
 .data          0x060255a0       0x1c ../sbl6/segalib/lib/sega_scl.a(scl_vblv.o)
                0x060255a8                VBInterval
                0x060255b0                ReqDisplayFlag
                0x060255a0                SpFrameChgMode
                0x060255ac                VBIntervalCounter
                0x060255a4                SpFrameEraseMode
 *fill*         0x060255bc        0x4 00
 .data          0x060255c0       0x36 ../sbl6/segalib/lib/sega_scl.a(scl_func.o)
                0x060255d0                SclRotregBuff
                0x060255cc                SclDisplayY
                0x060255d4                SclRotateTableMode
                0x060255c8                SclProcess
                0x060255c4                SclCurSclNum
                0x060255c0                SclLengthLsTbl
                0x060255ca                SclDisplayX
                0x060255c2                SclLengthCsTbl
 *fill*         0x060255f6        0xa 00
 .data          0x06025600       0x18 ../sbl6/segalib/lib/sega_scl.a(scl_pri.o)
                0x06025604                SclRealSpPriNum
                0x06025614                SclRealColOffset
                0x06025610                SclRealBgColMix
                0x0602560c                SclRealSpColMix
                0x06025608                SclRealBgPriNum
                0x06025600                SclRealOtherPri
 *fill*         0x06025618        0x8 00
 .data          0x06025620      0x380 C:/saturn/SH_COFF/sh-coff/bin/../lib/gcc/sh-coff/3.4-GNUSH_v0501/../../../../sh-coff/lib\libc.a(impure.o)
                0x0602599c                _impure_ptr
 .data          0x060259a0      0x410 C:/saturn/SH_COFF/sh-coff/bin/../lib/gcc/sh-coff/3.4-GNUSH_v0501/../../../../sh-coff/lib\libc.a(mallocr.o)
                0x060259a8                __malloc_av_
                0x060259a4                __malloc_trim_threshold
                0x060259a0                __malloc_sbrk_base
                0x06025db0                SIZEOF_R = (. - STARTOF_R)
                0x06025db0                ENDOF_R = .

.bss            0x06025db0     0xf084
                0x06025db0                STARTOF_B = .
 *(.bss)
 .bss           0x06025db0       0x10 vblank.o
                0x06025db4                PadData2E
                0x06025dba                PadData1
                0x06025db6                PadData2
                0x06025db8                PadData1E
                0x06025db0                __port
 .bss           0x06025dc0       0xd0 ../sbl6/segasmp/per/smpclib/per_x2.o
 .bss           0x06025e90       0x10 player.o
                0x06025e91                boost
                0x06025e90                jumps
 .bss           0x06025ea0     0x3800 sprite.o
                0x06025ea0                num_sprites
 .bss           0x060296a0       0x50 scroll.o
                0x060296bc                map_tiles_x
                0x060296c4                scrolls_y
                0x060296a0                scroll_transition_state
                0x060296a4                scroll_ysize
                0x060296b4                map_tiles_y
                0x060296ac                copy_modes
                0x060296d4                scrolls_x
                0x060296a8                scroll_xsize
 .bss           0x060296f0       0x10 main.o
                0x060296f0                frame
 .bss           0x06029700       0x6e ../sbl6/segalib/lib/sega_spr.a(spr_2c.o)
 *fill*         0x0602976e        0x2 00
 .bss           0x06029770        0x4 ../sbl6/segalib/lib/sega_scl.a(scl_vblv.o)
 *fill*         0x06029774        0xc 00
 .bss           0x06029780        0x4 ../sbl6/segalib/lib/sega_scl.a(scl_func.o)
 *fill*         0x06029784        0xc 00
 .bss           0x06029790     0x1900 ../sbl6/segalib/lib/sega_scl.a(scl_fu05.o)
 .bss           0x0602b090       0x48 ../sbl6/segalib/lib/sega_scl.a(scl_ro00.o)
 *fill*         0x0602b0d8        0x8 00
 .bss           0x0602b0e0       0x9c ../sbl6/segalib/lib/sega_per.a(per_prt.o)
 *fill*         0x0602b17c        0x4 00
 .bss           0x0602b180        0xc ../sbl6/segalib/lib/sega_sat.a(DMA_SCU1.o)
 *fill*         0x0602b18c        0x4 00
 .bss           0x0602b190        0xc ../sbl6/segalib/lib/sega_sat.a(gfs_trn.o)
 *fill*         0x0602b19c        0x4 00
 .bss           0x0602b1a0       0x20 ../sbl6/segalib/lib/sega_sat.a(DMA_SCU0.o)
 .bss           0x0602b1c0        0x2 ../sbl6/segalib/lib/sega_sat.a(cdc_reg.o)
 *fill*         0x0602b1c2        0xe 00
 .bss           0x0602b1d0        0xc ../sbl6/segalib/lib/sega_sat.a(cdc_sub.o)
 *fill*         0x0602b1dc        0x4 00
 .bss           0x0602b1e0       0x10 C:/saturn/SH_COFF/sh-coff/bin/../lib/gcc/sh-coff/3.4-GNUSH_v0501\libgcc.a(__main.o)
 .bss           0x0602b1f0       0x10 C:/saturn/SH_COFF/sh-coff/bin/../lib/gcc/sh-coff/3.4-GNUSH_v0501/../../../../sh-coff/lib\libc.a(atexit.o)
 .bss           0x0602b200       0x40 C:/saturn/SH_COFF/sh-coff/bin/../lib/gcc/sh-coff/3.4-GNUSH_v0501/../../../../sh-coff/lib\libc.a(mallocr.o)
                0x0602b230                __malloc_top_pad
                0x0602b200                __malloc_current_mallinfo
                0x0602b22c                __malloc_max_sbrked_mem
                0x0602b228                __malloc_max_total_mem
 .bss           0x0602b240       0x10 C:/saturn/SH_COFF/sh-coff/bin/../lib/gcc/sh-coff/3.4-GNUSH_v0501/../../../../sh-coff/lib\libc.a(syscalls.o)
 *(COMMON)
 COMMON         0x0602b250     0x1674 cd.o
                                  0x0 (size before relaxing)
                0x0602b250                dirname
                0x0602bbb0                lib_work
                0x0602c8b8                directory_table
 *fill*         0x0602c8c4        0xc 00
 COMMON         0x0602c8d0     0x1960 player.o
                                  0x0 (size before relaxing)
                0x0602c8d0                curr_level
                0x0602c8e0                player
                0x0602c920                lp
 COMMON         0x0602e230      0x8c0 print.o
                                  0x0 (size before relaxing)
                0x0602e230                text
 COMMON         0x0602eaf0     0x1460 sprite.o
                                  0x0 (size before relaxing)
                0x0602eaf0                sprites
                0x0602ef50                image_buf
 COMMON         0x0602ff50     0x346c scroll.o
                                  0x0 (size before relaxing)
                0x0602ff50                line_param0
                0x06031860                scfg3
                0x060318f0                scfg0
                0x06031980                maps
                0x06031990                scfg2
                0x06031a20                line_param1
                0x06033330                scfg1
 *fill*         0x060333bc        0x4 00
 COMMON         0x060333c0      0x400 ../sbl6/segalib/lib/sega_int.a(int.o)
                                  0x0 (size before relaxing)
                0x060333c0                __interrupt_vector
 COMMON         0x060337c0       0x50 ../sbl6/segalib/lib/sega_spr.a(spr_2c.o)
                                  0x0 (size before relaxing)
                0x060337c0                SpMstCmd
                0x060337c4                Sp2OpenFlag
                0x060337c8                SpGourTblMax
                0x060337cc                SpDrawPrtyBlk
                0x060337d0                SpLCoordX
                0x060337d4                SpMstDrawPrtyBlk
                0x060337d8                SpGourTbl
                0x060337dc                SpLookupTblR
                0x060337e0                SpCmdTbl
                0x060337e4                SpCharMax
                0x060337e8                SpDrawPrtyProcFlag
                0x060337ec                SpCmdNo
                0x060337f0                SpDrawPrtyBlkMax
                0x060337f4                SpSlvCmdPos
                0x060337f8                SpSlvDrawPrtyBlk
                0x060337fc                SpCharTbl
                0x06033800                SpCmdTblR
                0x06033804                SpMstCmdPos
                0x06033808                SpSlvCmd
                0x0603380c                SpLCoordY
 COMMON         0x06033810       0x10 ../sbl6/segalib/lib/sega_spr.a(spr_1c.o)
                                  0x0 (size before relaxing)
                0x06033810                SpScreenY
                0x06033814                SpFbcrMode
                0x06033816                SpDil
                0x06033818                SpDie
                0x0603381a                SpTvMode
                0x0603381c                SpScreenX
 COMMON         0x06033820      0xf00 ../sbl6/segalib/lib/sega_scl.a(scl_func.o)
                                  0x0 (size before relaxing)
                0x06033820                SclRbgKtbAddr
                0x06033828                SclRb
                0x0603382a                Scl_flag
                0x06033830                SclK_TableBuff
                0x06034500                SclAddrCsTbl
                0x06034510                Scl_s_reg
                0x06034538                SclRotateXy
                0x06034540                Scl_d_reg
                0x06034588                SclRotateDisp
                0x06034590                SclRotateMoveZ
                0x06034598                SclRotXySw
                0x060345a0                Scl_r_reg
                0x060345b0                SclRPMD
                0x060345b8                SclRbgKtbOffset
                0x060345c0                _SclRotregBuff
                0x06034690                SclRa
                0x06034698                SclRotateZ
                0x060346a0                SclAddrLsTbl
                0x060346a8                SclK_TableNum
                0x060346b0                SclRotateTableAddress
                0x060346b4                SclK_TableFlag
                0x060346c0                Scl_w_reg
                0x060346e0                Scl_n_reg
 COMMON         0x06034720      0x6b0 ../sbl6/segalib/lib/sega_scl.a(scl_pri.o)
                                  0x0 (size before relaxing)
                0x06034720                SclAutoEndBlue2
                0x06034730                SclColOffset
                0x06034740                SclPriBuffDirty
                0x06034742                SclAutoEndRed
                0x06034744                SclAutoSurface
                0x06034748                SclAutoGreen
                0x0603474a                SclAutoEndGreen
                0x0603474c                SclAutoCount
                0x06034750                SclColRamAlloc256
                0x06034770                SclAutoCurRate
                0x06034771                SclAutoPlusFlag
                0x06034778                SclSpColMix
                0x06034780                SclAutoMax
                0x06034784                SclLineColRamOffset
                0x06034788                SclColRamAlloc2048
                0x0603478c                SclBgPriNum
                0x06034792                SclAutoEndBlue
                0x06034794                SclAutoEndGreen2
                0x06034796                SclAutoVeFlag
                0x06034798                SclBgColMix
                0x060347a0                SclAutoIndex
                0x060347a4                SclAutoEndRate
                0x060347a6                SclAutoBlue
                0x060347a8                SclAutoRed
                0x060347ac                SclAutoInterval
                0x060347b0                SclOtherPri
                0x060347c0                SclAutoRGB
                0x06034dc0                SclAutoEndRed2
                0x06034dc8                SclSpPriNum
 COMMON         0x06034dd0       0x10 ../sbl6/segalib/lib/sega_scl.a(scl_ro00.o)
                                  0x0 (size before relaxing)
                0x06034dd0                SclCsx
                0x06034dd8                SclCsy
 COMMON         0x06034de0       0x15 ../sbl6/segalib/lib/sega_per.a(per_prt.o)
                                  0x0 (size before relaxing)
                0x06034de0                per_get_time_flg
                0x06034de1                per_hot_res
                0x06034de2                per_set_sys_flg
                0x06034de4                per_get_time_adr
                0x06034de8                per_get_sys_data
                0x06034df4                per_time_out_flg
 *fill*         0x06034df5        0xb 00
 COMMON         0x06034e00        0xc ../sbl6/segalib/lib/sega_sat.a(gfs.o)
                                  0x0 (size before relaxing)
                0x06034e00                GFMC_base
                0x06034e04                gfs_mng_ptr
                0x06034e08                gfs_use_scudma
 *fill*         0x06034e0c        0x4 00
 COMMON         0x06034e10        0x8 ../sbl6/segalib/lib/sega_sat.a(gfs_cdf.o)
                                  0x0 (size before relaxing)
                0x06034e10                gfcf_fad
                0x06034e14                gfcf_stat
 *fill*         0x06034e18        0x8 00
 COMMON         0x06034e20        0xc ../sbl6/segalib/lib/sega_sat.a(gfs_cdc.o)
                                  0x0 (size before relaxing)
                0x06034e20                gfcd_fatal_err
                0x06034e24                gfcd_work
                0x06034e28                gfcd_playflag
 *fill*         0x06034e2c        0x4 00
 COMMON         0x06034e30        0x4 C:/saturn/SH_COFF/sh-coff/bin/../lib/gcc/sh-coff/3.4-GNUSH_v0501/../../../../sh-coff/lib\libc.a(syscalls.o)
                                  0x0 (size before relaxing)
                0x06034e30                errno
                0x06034e34                SIZEOF_B = (. - STARTOF_B)
                0x06034e34                ENDOF_B = .
                0x06034e34                _end = .
OUTPUT(main.cof coff-sh)

.comment        0x06034e40      0x500
 .comment       0x06034e40       0x20 ../sbl6/segasmp/lib/strt2_g.o
 .comment       0x06034e60       0x20 vblank.o
 .comment       0x06034e80       0x20 ../sbl6/segasmp/per/smpclib/per_x1.o
 .comment       0x06034ea0       0x20 ../sbl6/segasmp/per/smpclib/per_x2.o
 .comment       0x06034ec0       0x20 blocks.o
 .comment       0x06034ee0       0x20 cd.o
 .comment       0x06034f00       0x20 collision.o
 .comment       0x06034f20       0x20 enemylist.o
 .comment       0x06034f40       0x20 graphics.o
 .comment       0x06034f60       0x20 player.o
 .comment       0x06034f80       0x20 print.o
 .comment       0x06034fa0       0x20 sprite.o
 .comment       0x06034fc0       0x20 spritecode/explosion.o
 .comment       0x06034fe0       0x20 spritecode/float.o
 .comment       0x06035000       0x20 scroll.o
 .comment       0x06035020       0x20 main.o
 .comment       0x06035040       0x20 C:/saturn/SH_COFF/sh-coff/bin/../lib/gcc/sh-coff/3.4-GNUSH_v0501\libgcc.a(__main.o)
 .comment       0x06035060       0x20 C:/saturn/SH_COFF/sh-coff/bin/../lib/gcc/sh-coff/3.4-GNUSH_v0501\libgcc.a(_mul_df.o)
 .comment       0x06035080       0x20 C:/saturn/SH_COFF/sh-coff/bin/../lib/gcc/sh-coff/3.4-GNUSH_v0501\libgcc.a(_si_to_df.o)
 .comment       0x060350a0       0x20 C:/saturn/SH_COFF/sh-coff/bin/../lib/gcc/sh-coff/3.4-GNUSH_v0501\libgcc.a(_df_to_si.o)
 .comment       0x060350c0       0x20 C:/saturn/SH_COFF/sh-coff/bin/../lib/gcc/sh-coff/3.4-GNUSH_v0501\libgcc.a(_unpack_df.o)
 .comment       0x060350e0       0x20 C:/saturn/SH_COFF/sh-coff/bin/../lib/gcc/sh-coff/3.4-GNUSH_v0501\libgcc.a(_pack_df.o)
 .comment       0x06035100       0x20 C:/saturn/SH_COFF/sh-coff/bin/../lib/gcc/sh-coff/3.4-GNUSH_v0501\libgcc.a(_thenan_df.o)
 .comment       0x06035120       0x20 C:/saturn/SH_COFF/sh-coff/bin/../lib/gcc/sh-coff/3.4-GNUSH_v0501\libgcc.a(_muldi3.o)
 .comment       0x06035140       0x20 C:/saturn/SH_COFF/sh-coff/bin/../lib/gcc/sh-coff/3.4-GNUSH_v0501\libgcc.a(_lshrdi3.o)
 .comment       0x06035160       0x20 C:/saturn/SH_COFF/sh-coff/bin/../lib/gcc/sh-coff/3.4-GNUSH_v0501\libgcc.a(_ashldi3.o)
 .comment       0x06035180       0x20 C:/saturn/SH_COFF/sh-coff/bin/../lib/gcc/sh-coff/3.4-GNUSH_v0501/../../../../sh-coff/lib\libc.a(memcmp.o)
 .comment       0x060351a0       0x20 C:/saturn/SH_COFF/sh-coff/bin/../lib/gcc/sh-coff/3.4-GNUSH_v0501/../../../../sh-coff/lib\libc.a(strncmp.o)
 .comment       0x060351c0       0x20 C:/saturn/SH_COFF/sh-coff/bin/../lib/gcc/sh-coff/3.4-GNUSH_v0501/../../../../sh-coff/lib\libc.a(strncpy.o)
 .comment       0x060351e0       0x20 C:/saturn/SH_COFF/sh-coff/bin/../lib/gcc/sh-coff/3.4-GNUSH_v0501/../../../../sh-coff/lib\libc.a(atexit.o)
 .comment       0x06035200       0x20 C:/saturn/SH_COFF/sh-coff/bin/../lib/gcc/sh-coff/3.4-GNUSH_v0501/../../../../sh-coff/lib\libc.a(impure.o)
 .comment       0x06035220       0x20 C:/saturn/SH_COFF/sh-coff/bin/../lib/gcc/sh-coff/3.4-GNUSH_v0501/../../../../sh-coff/lib\libc.a(malloc.o)
 .comment       0x06035240       0x20 C:/saturn/SH_COFF/sh-coff/bin/../lib/gcc/sh-coff/3.4-GNUSH_v0501/../../../../sh-coff/lib\libc.a(mallocr.o)
 .comment       0x06035260       0x20 C:/saturn/SH_COFF/sh-coff/bin/../lib/gcc/sh-coff/3.4-GNUSH_v0501/../../../../sh-coff/lib\libc.a(freer.o)
 .comment       0x06035280       0x20 C:/saturn/SH_COFF/sh-coff/bin/../lib/gcc/sh-coff/3.4-GNUSH_v0501/../../../../sh-coff/lib\libc.a(mlock.o)
 .comment       0x060352a0       0x20 C:/saturn/SH_COFF/sh-coff/bin/../lib/gcc/sh-coff/3.4-GNUSH_v0501/../../../../sh-coff/lib\libc.a(sbrkr.o)
 .comment       0x060352c0       0x20 C:/saturn/SH_COFF/sh-coff/bin/../lib/gcc/sh-coff/3.4-GNUSH_v0501/../../../../sh-coff/lib\libc.a(syscalls.o)
 .comment       0x060352e0       0x20 C:/saturn/SH_COFF/sh-coff/bin/../lib/gcc/sh-coff/3.4-GNUSH_v0501/../../../../sh-coff/lib\libc.a(abort.o)
 .comment       0x06035300       0x20 C:/saturn/SH_COFF/sh-coff/bin/../lib/gcc/sh-coff/3.4-GNUSH_v0501/../../../../sh-coff/lib\libc.a(signal.o)
 .comment       0x06035320       0x20 C:/saturn/SH_COFF/sh-coff/bin/../lib/gcc/sh-coff/3.4-GNUSH_v0501/../../../../sh-coff/lib\libc.a(signalr.o)
