Archive member included because of file (symbol)

../sbl6/segalib/lib/sega_int.a(int.o)
                              vblank.o (INT_SetScuFunc)
../sbl6/segalib/lib/sega_int.a(int_trmp.o)
                              ../sbl6/segalib/lib/sega_int.a(int.o) (__interrupt_handler0)
../sbl6/segalib/lib/sega_spr.a(spr_2c.o)
                              main.o (SPR_2Initial)
../sbl6/segalib/lib/sega_spr.a(spr_slv.o)
                              ../sbl6/segalib/lib/sega_spr.a(spr_2c.o) (SPR_InitSlaveSH)
../sbl6/segalib/lib/sega_spr.a(spr_1c.o)
                              ../sbl6/segalib/lib/sega_spr.a(spr_2c.o) (SPR_Initial)
../sbl6/segalib/lib/sega_spr.a(spr_2a.o)
                              ../sbl6/segalib/lib/sega_spr.a(spr_2c.o) (SPR_2SetDrawPrty)
../sbl6/segalib/lib/sega_scl.a(scl_vblv.o)
                              ../sbl6/segalib/lib/sega_spr.a(spr_1c.o) (SpFrameChgMode)
../sbl6/segalib/lib/sega_scl.a(scl_func.o)
                              main.o (SCL_Vdp2Init)
../sbl6/segalib/lib/sega_scl.a(scl_pr03.o)
                              scroll.o (SCL_AllocColRam)
../sbl6/segalib/lib/sega_scl.a(scl_pr02.o)
                              scroll.o (SCL_SetColRam)
../sbl6/segalib/lib/sega_scl.a(scl_back.o)
                              scroll.o (SCL_SetBack)
../sbl6/segalib/lib/sega_scl.a(scl_fu03.o)
                              scroll.o (SCL_InitConfigTb)
../sbl6/segalib/lib/sega_scl.a(scl_fu02.o)
                              scroll.o (SCL_InitVramConfigTb)
../sbl6/segalib/lib/sega_scl.a(scl_fu04.o)
                              scroll.o (SCL_SetCycleTable)
../sbl6/segalib/lib/sega_scl.a(scl_pr07.o)
                              main.o (SCL_SetPriority)
../sbl6/segalib/lib/sega_scl.a(scl_pr01.o)
                              main.o (SCL_SetSpriteMode)
../sbl6/segalib/lib/sega_scl.a(scl_pri.o)
                              ../sbl6/segalib/lib/sega_scl.a(scl_func.o) (SclRealOtherPri)
../sbl6/segalib/lib/sega_scl.a(scl_ro00.o)
                              ../sbl6/segalib/lib/sega_scl.a(scl_func.o) (SCL_Rotate)
../sbl6/segalib/lib/sega_scl.a(scl_pr06.o)
                              ../sbl6/segalib/lib/sega_scl.a(scl_pr03.o) (SCL_SetColRamOffset)
../sbl6/segalib/lib/sega_scl.a(scl_pr05.o)
                              ../sbl6/segalib/lib/sega_scl.a(scl_pr02.o) (SCL_GetColRamOffset)
../sbl6/segalib/lib/sega_mth.a(mth_fixd.o)
                              sprite.o (MTH_Mul)
../sbl6/segalib/lib/sega_mth.a(mth_tri.o)
                              sprite.o (MTH_Sin)
../sbl6/segalib/lib/sega_per.a(per_prt.o)
                              ../sbl6/segasmp/per/smpclib/per_x2.o (PER_LInit)
../sbl6/segalib/lib/sega_sat.a(DMA_SCU1.o)
                              ../sbl6/segalib/lib/sega_spr.a(spr_2c.o) (DMA_ScuMemCopy)
../sbl6/segalib/lib/sega_sat.a(DMA_SCU0.o)
                              ../sbl6/segalib/lib/sega_sat.a(DMA_SCU1.o) (DMA_ScuSetPrm)
../sbl6/segalib/lib/sega_sat.a(csh_main.o)
                              ../sbl6/segalib/lib/sega_sat.a(DMA_SCU1.o) (CSH_Purge)
c:/saturn/SH_COFF/sh-coff/bin/../lib/gcc/sh-coff/3.4-GNUSH_v0501\libgcc.a(__main.o)
                              main.o (__main)
c:/saturn/SH_COFF/sh-coff/bin/../lib/gcc/sh-coff/3.4-GNUSH_v0501\libgcc.a(_udivsi3.o)
                              ../sbl6/segalib/lib/sega_scl.a(scl_fu03.o) (__udivsi3)
c:/saturn/SH_COFF/sh-coff/bin/../lib/gcc/sh-coff/3.4-GNUSH_v0501\libgcc.a(_ashiftlt.o)
                              ../sbl6/segalib/lib/sega_scl.a(scl_fu03.o) (__ashlsi3)
c:/saturn/SH_COFF/sh-coff/bin/../lib/gcc/sh-coff/3.4-GNUSH_v0501\libgcc.a(_ashiftrt.o)
                              ../sbl6/segalib/lib/sega_scl.a(scl_ro00.o) (__ashiftrt_r4_6)
c:/saturn/SH_COFF/sh-coff/bin/../lib/gcc/sh-coff/3.4-GNUSH_v0501\libgcc.a(_si_to_df.o)
                              ../sbl6/segalib/lib/sega_scl.a(scl_ro00.o) (__floatsidf)
c:/saturn/SH_COFF/sh-coff/bin/../lib/gcc/sh-coff/3.4-GNUSH_v0501\libgcc.a(_mul_df.o)
                              ../sbl6/segalib/lib/sega_scl.a(scl_ro00.o) (__muldf3)
c:/saturn/SH_COFF/sh-coff/bin/../lib/gcc/sh-coff/3.4-GNUSH_v0501\libgcc.a(_df_to_si.o)
                              ../sbl6/segalib/lib/sega_scl.a(scl_ro00.o) (__fixdfsi)
c:/saturn/SH_COFF/sh-coff/bin/../lib/gcc/sh-coff/3.4-GNUSH_v0501\libgcc.a(_pack_df.o)
                              c:/saturn/SH_COFF/sh-coff/bin/../lib/gcc/sh-coff/3.4-GNUSH_v0501\libgcc.a(_si_to_df.o) (__pack_d)
c:/saturn/SH_COFF/sh-coff/bin/../lib/gcc/sh-coff/3.4-GNUSH_v0501\libgcc.a(_unpack_df.o)
                              c:/saturn/SH_COFF/sh-coff/bin/../lib/gcc/sh-coff/3.4-GNUSH_v0501\libgcc.a(_mul_df.o) (__unpack_d)
c:/saturn/SH_COFF/sh-coff/bin/../lib/gcc/sh-coff/3.4-GNUSH_v0501\libgcc.a(_thenan_df.o)
                              c:/saturn/SH_COFF/sh-coff/bin/../lib/gcc/sh-coff/3.4-GNUSH_v0501\libgcc.a(_mul_df.o) (__thenan_df)
c:/saturn/SH_COFF/sh-coff/bin/../lib/gcc/sh-coff/3.4-GNUSH_v0501\libgcc.a(_muldi3.o)
                              c:/saturn/SH_COFF/sh-coff/bin/../lib/gcc/sh-coff/3.4-GNUSH_v0501\libgcc.a(_mul_df.o) (__muldi3)
c:/saturn/SH_COFF/sh-coff/bin/../lib/gcc/sh-coff/3.4-GNUSH_v0501\libgcc.a(_lshrdi3.o)
                              c:/saturn/SH_COFF/sh-coff/bin/../lib/gcc/sh-coff/3.4-GNUSH_v0501\libgcc.a(_df_to_si.o) (__lshrdi3)
c:/saturn/SH_COFF/sh-coff/bin/../lib/gcc/sh-coff/3.4-GNUSH_v0501\libgcc.a(_ashldi3.o)
                              c:/saturn/SH_COFF/sh-coff/bin/../lib/gcc/sh-coff/3.4-GNUSH_v0501\libgcc.a(_pack_df.o) (__ashldi3)
c:/saturn/SH_COFF/sh-coff/bin/../lib/gcc/sh-coff/3.4-GNUSH_v0501\libgcc.a(_mulsi3.o)
                              c:/saturn/SH_COFF/sh-coff/bin/../lib/gcc/sh-coff/3.4-GNUSH_v0501\libgcc.a(_muldi3.o) (__mulsi3)
c:/saturn/SH_COFF/sh-coff/bin/../lib/gcc/sh-coff/3.4-GNUSH_v0501\libgcc.a(_lshiftrt.o)
                              c:/saturn/SH_COFF/sh-coff/bin/../lib/gcc/sh-coff/3.4-GNUSH_v0501\libgcc.a(_lshrdi3.o) (__lshrsi3)
c:/saturn/SH_COFF/sh-coff/bin/../lib/gcc/sh-coff/3.4-GNUSH_v0501/../../../../sh-coff/lib\libc.a(memcpy.o)
                              scroll.o (memcpy)
c:/saturn/SH_COFF/sh-coff/bin/../lib/gcc/sh-coff/3.4-GNUSH_v0501/../../../../sh-coff/lib\libc.a(memset.o)
                              ../sbl6/segalib/lib/sega_spr.a(spr_2c.o) (memset)
c:/saturn/SH_COFF/sh-coff/bin/../lib/gcc/sh-coff/3.4-GNUSH_v0501/../../../../sh-coff/lib\libc.a(atexit.o)
                              c:/saturn/SH_COFF/sh-coff/bin/../lib/gcc/sh-coff/3.4-GNUSH_v0501\libgcc.a(__main.o) (atexit)
c:/saturn/SH_COFF/sh-coff/bin/../lib/gcc/sh-coff/3.4-GNUSH_v0501/../../../../sh-coff/lib\libc.a(impure.o)
                              c:/saturn/SH_COFF/sh-coff/bin/../lib/gcc/sh-coff/3.4-GNUSH_v0501/../../../../sh-coff/lib\libc.a(atexit.o) (_impure_ptr)
c:/saturn/SH_COFF/sh-coff/bin/../lib/gcc/sh-coff/3.4-GNUSH_v0501/../../../../sh-coff/lib\libc.a(malloc.o)
                              c:/saturn/SH_COFF/sh-coff/bin/../lib/gcc/sh-coff/3.4-GNUSH_v0501/../../../../sh-coff/lib\libc.a(atexit.o) (malloc)
c:/saturn/SH_COFF/sh-coff/bin/../lib/gcc/sh-coff/3.4-GNUSH_v0501/../../../../sh-coff/lib\libc.a(mallocr.o)
                              c:/saturn/SH_COFF/sh-coff/bin/../lib/gcc/sh-coff/3.4-GNUSH_v0501/../../../../sh-coff/lib\libc.a(malloc.o) (_malloc_r)
c:/saturn/SH_COFF/sh-coff/bin/../lib/gcc/sh-coff/3.4-GNUSH_v0501/../../../../sh-coff/lib\libc.a(freer.o)
                              c:/saturn/SH_COFF/sh-coff/bin/../lib/gcc/sh-coff/3.4-GNUSH_v0501/../../../../sh-coff/lib\libc.a(malloc.o) (_free_r)
c:/saturn/SH_COFF/sh-coff/bin/../lib/gcc/sh-coff/3.4-GNUSH_v0501/../../../../sh-coff/lib\libc.a(mlock.o)
                              c:/saturn/SH_COFF/sh-coff/bin/../lib/gcc/sh-coff/3.4-GNUSH_v0501/../../../../sh-coff/lib\libc.a(mallocr.o) (__malloc_lock)
c:/saturn/SH_COFF/sh-coff/bin/../lib/gcc/sh-coff/3.4-GNUSH_v0501/../../../../sh-coff/lib\libc.a(sbrkr.o)
                              c:/saturn/SH_COFF/sh-coff/bin/../lib/gcc/sh-coff/3.4-GNUSH_v0501/../../../../sh-coff/lib\libc.a(mallocr.o) (_sbrk_r)
c:/saturn/SH_COFF/sh-coff/bin/../lib/gcc/sh-coff/3.4-GNUSH_v0501/../../../../sh-coff/lib\libc.a(syscalls.o)
                              c:/saturn/SH_COFF/sh-coff/bin/../lib/gcc/sh-coff/3.4-GNUSH_v0501/../../../../sh-coff/lib\libc.a(sbrkr.o) (_sbrk)
c:/saturn/SH_COFF/sh-coff/bin/../lib/gcc/sh-coff/3.4-GNUSH_v0501/../../../../sh-coff/lib\libc.a(trap.o)
                              c:/saturn/SH_COFF/sh-coff/bin/../lib/gcc/sh-coff/3.4-GNUSH_v0501/../../../../sh-coff/lib\libc.a(syscalls.o) (__trap34)
c:/saturn/SH_COFF/sh-coff/bin/../lib/gcc/sh-coff/3.4-GNUSH_v0501/../../../../sh-coff/lib\libc.a(abort.o)
                              c:/saturn/SH_COFF/sh-coff/bin/../lib/gcc/sh-coff/3.4-GNUSH_v0501/../../../../sh-coff/lib\libc.a(syscalls.o) (abort)
c:/saturn/SH_COFF/sh-coff/bin/../lib/gcc/sh-coff/3.4-GNUSH_v0501/../../../../sh-coff/lib\libc.a(signal.o)
                              c:/saturn/SH_COFF/sh-coff/bin/../lib/gcc/sh-coff/3.4-GNUSH_v0501/../../../../sh-coff/lib\libc.a(abort.o) (raise)
c:/saturn/SH_COFF/sh-coff/bin/../lib/gcc/sh-coff/3.4-GNUSH_v0501/../../../../sh-coff/lib\libc.a(signalr.o)
                              c:/saturn/SH_COFF/sh-coff/bin/../lib/gcc/sh-coff/3.4-GNUSH_v0501/../../../../sh-coff/lib\libc.a(signal.o) (_kill_r)

Allocating common symbols
Common symbol       size              file

SclRbgKtbAddr       0x8               ../sbl6/segalib/lib/sega_scl.a(scl_func.o)
SpMstCmd            0x4               ../sbl6/segalib/lib/sega_spr.a(spr_2c.o)
SclRb               0x1               ../sbl6/segalib/lib/sega_scl.a(scl_func.o)
Scl_flag            0x2               ../sbl6/segalib/lib/sega_scl.a(scl_func.o)
per_get_time_flg    0x1               ../sbl6/segalib/lib/sega_per.a(per_prt.o)
SpScreenY           0x4               ../sbl6/segalib/lib/sega_spr.a(spr_1c.o)
SclK_TableBuff      0xcd0             ../sbl6/segalib/lib/sega_scl.a(scl_func.o)
SclAutoEndBlue2     0x2               ../sbl6/segalib/lib/sega_scl.a(scl_pri.o)
SpFbcrMode          0x2               ../sbl6/segalib/lib/sega_spr.a(spr_1c.o)
Sp2OpenFlag         0x4               ../sbl6/segalib/lib/sega_spr.a(spr_2c.o)
SclColOffset        0x10              ../sbl6/segalib/lib/sega_scl.a(scl_pri.o)
SclAddrCsTbl        0x8               ../sbl6/segalib/lib/sega_scl.a(scl_func.o)
SclPriBuffDirty     0x1               ../sbl6/segalib/lib/sega_scl.a(scl_pri.o)
SclAutoEndRed       0x2               ../sbl6/segalib/lib/sega_scl.a(scl_pri.o)
SclAutoSurface      0x4               ../sbl6/segalib/lib/sega_scl.a(scl_pri.o)
__interrupt_vector  0x400             ../sbl6/segalib/lib/sega_int.a(int.o)
per_hot_res         0x1               ../sbl6/segalib/lib/sega_per.a(per_prt.o)
SclCsx              0x8               ../sbl6/segalib/lib/sega_scl.a(scl_ro00.o)
Scl_s_reg           0x28              ../sbl6/segalib/lib/sega_scl.a(scl_func.o)
SclAutoGreen        0x2               ../sbl6/segalib/lib/sega_scl.a(scl_pri.o)
SclAutoEndGreen     0x2               ../sbl6/segalib/lib/sega_scl.a(scl_pri.o)
SclAutoCount        0x4               ../sbl6/segalib/lib/sega_scl.a(scl_pri.o)
SpGourTblMax        0x4               ../sbl6/segalib/lib/sega_spr.a(spr_2c.o)
SclColRamAlloc256   0x20              ../sbl6/segalib/lib/sega_scl.a(scl_pri.o)
SclRotateXy         0x8               ../sbl6/segalib/lib/sega_scl.a(scl_func.o)
SpDrawPrtyBlk       0x4               ../sbl6/segalib/lib/sega_spr.a(spr_2c.o)
SclAutoCurRate      0x1               ../sbl6/segalib/lib/sega_scl.a(scl_pri.o)
SpLCoordX           0x4               ../sbl6/segalib/lib/sega_spr.a(spr_2c.o)
SpMstDrawPrtyBlk    0x4               ../sbl6/segalib/lib/sega_spr.a(spr_2c.o)
SclAutoPlusFlag     0x1               ../sbl6/segalib/lib/sega_scl.a(scl_pri.o)
per_set_sys_flg     0x1               ../sbl6/segalib/lib/sega_per.a(per_prt.o)
Scl_d_reg           0x48              ../sbl6/segalib/lib/sega_scl.a(scl_func.o)
SclRotateDisp       0x8               ../sbl6/segalib/lib/sega_scl.a(scl_func.o)
SpGourTbl           0x4               ../sbl6/segalib/lib/sega_spr.a(spr_2c.o)
SclSpColMix         0x8               ../sbl6/segalib/lib/sega_scl.a(scl_pri.o)
SpDil               0x2               ../sbl6/segalib/lib/sega_spr.a(spr_1c.o)
SpLookupTblR        0x2               ../sbl6/segalib/lib/sega_spr.a(spr_2c.o)
SclAutoMax          0x4               ../sbl6/segalib/lib/sega_scl.a(scl_pri.o)
SpCmdTbl            0x4               ../sbl6/segalib/lib/sega_spr.a(spr_2c.o)
SclRotateMoveZ      0x8               ../sbl6/segalib/lib/sega_scl.a(scl_func.o)
SclLineColRamOffset
                    0x4               ../sbl6/segalib/lib/sega_scl.a(scl_pri.o)
SclRotXySw          0x4               ../sbl6/segalib/lib/sega_scl.a(scl_func.o)
per_get_time_adr    0x4               ../sbl6/segalib/lib/sega_per.a(per_prt.o)
SclColRamAlloc2048  0x4               ../sbl6/segalib/lib/sega_scl.a(scl_pri.o)
SclBgPriNum         0x6               ../sbl6/segalib/lib/sega_scl.a(scl_pri.o)
SpCharMax           0x4               ../sbl6/segalib/lib/sega_spr.a(spr_2c.o)
SpDrawPrtyProcFlag  0x4               ../sbl6/segalib/lib/sega_spr.a(spr_2c.o)
SclAutoEndBlue      0x2               ../sbl6/segalib/lib/sega_scl.a(scl_pri.o)
SpCmdNo             0x4               ../sbl6/segalib/lib/sega_spr.a(spr_2c.o)
SclAutoEndGreen2    0x2               ../sbl6/segalib/lib/sega_scl.a(scl_pri.o)
Scl_r_reg           0x10              ../sbl6/segalib/lib/sega_scl.a(scl_func.o)
SclRPMD             0x2               ../sbl6/segalib/lib/sega_scl.a(scl_func.o)
SpDrawPrtyBlkMax    0x4               ../sbl6/segalib/lib/sega_spr.a(spr_2c.o)
SpDie               0x2               ../sbl6/segalib/lib/sega_spr.a(spr_1c.o)
SclAutoVeFlag       0x1               ../sbl6/segalib/lib/sega_scl.a(scl_pri.o)
SclBgColMix         0x8               ../sbl6/segalib/lib/sega_scl.a(scl_pri.o)
SpSlvCmdPos         0x4               ../sbl6/segalib/lib/sega_spr.a(spr_2c.o)
per_get_sys_data    0xc               ../sbl6/segalib/lib/sega_per.a(per_prt.o)
SclRbgKtbOffset     0x8               ../sbl6/segalib/lib/sega_scl.a(scl_func.o)
SclAutoIndex        0x4               ../sbl6/segalib/lib/sega_scl.a(scl_pri.o)
SclAutoEndRate      0x1               ../sbl6/segalib/lib/sega_scl.a(scl_pri.o)
SpSlvDrawPrtyBlk    0x4               ../sbl6/segalib/lib/sega_spr.a(spr_2c.o)
_SclRotregBuff      0xd0              ../sbl6/segalib/lib/sega_scl.a(scl_func.o)
SclAutoBlue         0x2               ../sbl6/segalib/lib/sega_scl.a(scl_pri.o)
SpTvMode            0x2               ../sbl6/segalib/lib/sega_spr.a(spr_1c.o)
SpScreenX           0x4               ../sbl6/segalib/lib/sega_spr.a(spr_1c.o)
SclRa               0x1               ../sbl6/segalib/lib/sega_scl.a(scl_func.o)
SclRotateZ          0x8               ../sbl6/segalib/lib/sega_scl.a(scl_func.o)
SpCharTbl           0x4               ../sbl6/segalib/lib/sega_spr.a(spr_2c.o)
SclAddrLsTbl        0x8               ../sbl6/segalib/lib/sega_scl.a(scl_func.o)
SclK_TableNum       0x8               ../sbl6/segalib/lib/sega_scl.a(scl_func.o)
SclAutoRed          0x2               ../sbl6/segalib/lib/sega_scl.a(scl_pri.o)
SpCmdTblR           0x2               ../sbl6/segalib/lib/sega_spr.a(spr_2c.o)
SclAutoInterval     0x4               ../sbl6/segalib/lib/sega_scl.a(scl_pri.o)
SclOtherPri         0x10              ../sbl6/segalib/lib/sega_scl.a(scl_pri.o)
per_time_out_flg    0x1               ../sbl6/segalib/lib/sega_per.a(per_prt.o)
SclRotateTableAddress
                    0x4               ../sbl6/segalib/lib/sega_scl.a(scl_func.o)
SpMstCmdPos         0x4               ../sbl6/segalib/lib/sega_spr.a(spr_2c.o)
SpSlvCmd            0x4               ../sbl6/segalib/lib/sega_spr.a(spr_2c.o)
SclAutoRGB          0x600             ../sbl6/segalib/lib/sega_scl.a(scl_pri.o)
errno               0x4               c:/saturn/SH_COFF/sh-coff/bin/../lib/gcc/sh-coff/3.4-GNUSH_v0501/../../../../sh-coff/lib\libc.a(syscalls.o)
SclK_TableFlag      0x4               ../sbl6/segalib/lib/sega_scl.a(scl_func.o)
SclAutoEndRed2      0x2               ../sbl6/segalib/lib/sega_scl.a(scl_pri.o)
SclCsy              0x8               ../sbl6/segalib/lib/sega_scl.a(scl_ro00.o)
SclSpPriNum         0x8               ../sbl6/segalib/lib/sega_scl.a(scl_pri.o)
Scl_w_reg           0x20              ../sbl6/segalib/lib/sega_scl.a(scl_func.o)
SpLCoordY           0x4               ../sbl6/segalib/lib/sega_spr.a(spr_2c.o)
Scl_n_reg           0x40              ../sbl6/segalib/lib/sega_scl.a(scl_func.o)

Memory Configuration

Name             Origin             Length             Attributes
*default*        0x00000000         0xffffffff

Linker script and memory map

LOAD ../sbl6/segasmp/lib/strt1_g.o
LOAD ../sbl6/segasmp/lib/strt2_g.o
LOAD vblank.o
LOAD ../sbl6/segasmp/per/smpclib/per_x1.o
LOAD ../sbl6/segasmp/per/smpclib/per_x2.o
LOAD ../sbl6/segasmp/per/smpclib/per_x3.o
LOAD graphics.o
LOAD sprite.o
LOAD scroll.o
LOAD player.o
LOAD main.o
LOAD ../sbl6/segalib/lib/sega_int.a
LOAD ../sbl6/segalib/lib/sega_spr.a
LOAD ../sbl6/segalib/lib/sega_scl.a
LOAD ../sbl6/segalib/lib/sega_mth.a
LOAD ../sbl6/segalib/lib/sega_cdc.a
LOAD ../sbl6/segalib/lib/sega_adp.a
LOAD ../sbl6/segalib/lib/sega_per.a
LOAD ../sbl6/segalib/lib/sega_sat.a
LOAD c:/saturn/SH_COFF/sh-coff/bin/../lib/gcc/sh-coff/3.4-GNUSH_v0501\libgcc.a
LOAD c:/saturn/SH_COFF/sh-coff/bin/../lib/gcc/sh-coff/3.4-GNUSH_v0501/../../../../sh-coff/lib\libc.a
LOAD c:/saturn/SH_COFF/sh-coff/bin/../lib/gcc/sh-coff/3.4-GNUSH_v0501\libgcc.a

.text           0x06010000    0x133d0
 *(.text)
 .text          0x06010000       0x30 ../sbl6/segasmp/lib/strt1_g.o
                0x06010024                _D_END
                0x06010020                _D_BGN
                0x0601002c                _B_END
                0x06010028                _B_BGN
                0x06010000                START
 .text          0x06010030       0x60 ../sbl6/segasmp/lib/strt2_g.o
                0x06010050                _INITSCT
                0x06010030                _INIT
 .text          0x06010090      0x4b0 vblank.o
                0x06010090                SetVblank
                0x06010440                UsrVblankOut
                0x060100f0                UsrVblankIn
 .text          0x06010540      0x430 ../sbl6/segasmp/per/smpclib/per_x1.o
                0x060108d4                PER_GetAnalogXYZ
                0x06010564                PER_GetTriggerHandler
                0x060107fe                PER_GetEdge
                0x0601077c                PER_GetTrigger
                0x06010828                PER_GetPressEdge
                0x0601087c                PER_GetReleaseEdge
                0x06010540                PER_SetTriggerHandler
 .text          0x06010970      0x200 ../sbl6/segasmp/per/smpclib/per_x2.o
                0x06010a74                PER_GetDeviceA
                0x06010970                PER_OpenPort
                0x060109a8                PER_GetPort
                0x06010aee                PER_GetDeviceR
 .text          0x06010b70       0x20 ../sbl6/segasmp/per/smpclib/per_x3.o
                0x06010b70                PER_DisguiseTrigger
 .text          0x06010b90     0x7c20 graphics.o
                0x06017fa8                guy0
                0x06015fa8                guyback1
                0x06010b90                map1
                0x060167a8                guyback0
                0x060177a8                guy1
                0x06012b90                wood_chr
                0x06015390                wood_pal
                0x060157a8                guyback2
                0x06016fa8                guy2
                0x06015790                dimensions
 .text          0x060187b0      0x2e0 sprite.o
                0x060187b0                draw_sprite
                0x06018a50                make_sprite
 .text          0x06018a90      0x2e0 scroll.o
                0x06018d30                get_map_val
                0x06018c00                set_scroll
                0x06018a90                init_scroll
 .text          0x06018d70       0xc0 player.o
                0x06018d78                player_down
                0x06018d70                player_up
                0x06018d80                handle_player
 .text          0x06018e30      0x260 main.o
                0x06018e30                main
 .text          0x06019090       0x40 ../sbl6/segalib/lib/sega_int.a(int.o)
                0x060190bc                INT_GetScuFunc
                0x06019090                INT_SetScuFunc
 .text          0x060190d0      0x624 ../sbl6/segalib/lib/sega_int.a(int_trmp.o)
                0x06019238                __interrupt_handler60
                0x060193e8                __interrupt_handler132
                0x0601959e                __interrupt_handler205
                0x06019406                __interrupt_handler137
                0x06019334                __interrupt_handler102
                0x06019172                __interrupt_handler27
                0x06019574                __interrupt_handler198
                0x06019466                __interrupt_handler153
                0x0601914e                __interrupt_handler21
                0x0601925c                __interrupt_handler66
                0x0601934c                __interrupt_handler106
                0x06019496                __interrupt_handler161
                0x060192e0                __interrupt_handler88
                0x060194ae                __interrupt_handler165
                0x060193be                __interrupt_handler125
                0x060190f4                __interrupt_handler6
                0x06019190                __interrupt_handler32
                0x0601954a                __interrupt_handler191
                0x06019664                __interrupt_handler238
                0x0601967c                __interrupt_handler242
                0x06019484                __interrupt_handler158
                0x060192ec                __interrupt_handler90
                0x060194a8                __interrupt_handler164
                0x060191cc                __interrupt_handler42
                0x0601950e                __interrupt_handler181
                0x06019616                __interrupt_handler225
                0x060196be                __interrupt_handler253
                0x060194d2                __interrupt_handler171
                0x0601928c                __interrupt_handler74
                0x060190e2                __interrupt_handler3
                0x06019226                __interrupt_handler57
                0x06019124                __interrupt_handler14
                0x060195bc                __interrupt_handler210
                0x060195ec                __interrupt_handler218
                0x060195b0                __interrupt_handler208
                0x060191b4                __interrupt_handler38
                0x060190d0                __interrupt_handler0
                0x06019340                __interrupt_handler104
                0x0601947e                __interrupt_handler157
                0x060195ce                __interrupt_handler213
                0x060194c0                __interrupt_handler168
                0x060192ce                __interrupt_handler85
                0x0601936a                __interrupt_handler111
                0x0601937c                __interrupt_handler114
                0x060191ea                __interrupt_handler47
                0x06019640                __interrupt_handler232
                0x0601960a                __interrupt_handler223
                0x0601965e                __interrupt_handler237
                0x0601924a                __interrupt_handler63
                0x060191d8                __interrupt_handler44
                0x060194ea                __interrupt_handler175
                0x06019514                __interrupt_handler182
                0x0601952c                __interrupt_handler186
                0x0601942a                __interrupt_handler143
                0x06019352                __interrupt_handler107
                0x060193b8                __interrupt_handler124
                0x060194d8                __interrupt_handler172
                0x0601968e                __interrupt_handler245
                0x0601930a                __interrupt_handler95
                0x060193e2                __interrupt_handler131
                0x060193f4                __interrupt_handler134
                0x06019412                __interrupt_handler139
                0x06019280                __interrupt_handler72
                0x0601963a                __interrupt_handler231
                0x06019490                __interrupt_handler160
                0x060193d6                __interrupt_handler129
                0x06019148                __interrupt_handler20
                0x06019256                __interrupt_handler65
                0x06019220                __interrupt_handler56
                0x0601911e                __interrupt_handler13
                0x060195b6                __interrupt_handler209
                0x06019370                __interrupt_handler112
                0x06019142                __interrupt_handler19
                0x060192fe                __interrupt_handler93
                0x06019568                __interrupt_handler196
                0x0601945a                __interrupt_handler151
                0x060194ba                __interrupt_handler167
                0x060196d0                __trampoline
                0x06019136                __interrupt_handler17
                0x06019628                __interrupt_handler228
                0x060196ca                __interrupt_handler255
                0x06019688                __interrupt_handler244
                0x06019322                __interrupt_handler99
                0x0601951a                __interrupt_handler183
                0x06019418                __interrupt_handler140
                0x0601953e                __interrupt_handler189
                0x0601943c                __interrupt_handler146
                0x06019604                __interrupt_handler222
                0x06019478                __interrupt_handler156
                0x060193ac                __interrupt_handler122
                0x060196a0                __interrupt_handler248
                0x060191f0                __interrupt_handler48
                0x0601926e                __interrupt_handler69
                0x06019160                __interrupt_handler24
                0x060192e6                __interrupt_handler89
                0x060195da                __interrupt_handler215
                0x060196c4                __interrupt_handler254
                0x060192da                __interrupt_handler87
                0x0601923e                __interrupt_handler61
                0x06019562                __interrupt_handler195
                0x06019454                __interrupt_handler150
                0x060191c6                __interrupt_handler41
                0x06019364                __interrupt_handler110
                0x060193ca                __interrupt_handler127
                0x06019358                __interrupt_handler108
                0x06019376                __interrupt_handler113
                0x06019388                __interrupt_handler116
                0x060193a6                __interrupt_handler121
                0x0601929e                __interrupt_handler77
                0x060191ba                __interrupt_handler39
                0x060191d2                __interrupt_handler43
                0x060196a6                __interrupt_handler249
                0x060194e4                __interrupt_handler174
                0x06019400                __interrupt_handler136
                0x06019538                __interrupt_handler188
                0x06019436                __interrupt_handler145
                0x06019106                __interrupt_handler9
                0x060192aa                __interrupt_handler79
                0x06019622                __interrupt_handler227
                0x0601919c                __interrupt_handler34
                0x060193dc                __interrupt_handler130
                0x0601969a                __interrupt_handler247
                0x06019292                __interrupt_handler75
                0x060194de                __interrupt_handler173
                0x0601920e                __interrupt_handler53
                0x0601944e                __interrupt_handler149
                0x060196b2                __interrupt_handler251
                0x06019646                __interrupt_handler233
                0x0601910c                __interrupt_handler10
                0x06019598                __interrupt_handler204
                0x060192bc                __interrupt_handler82
                0x060192c2                __interrupt_handler83
                0x06019166                __interrupt_handler25
                0x06019682                __interrupt_handler243
                0x0601949c                __interrupt_handler162
                0x060191e4                __interrupt_handler46
                0x060194fc                __interrupt_handler178
                0x060192b0                __interrupt_handler80
                0x06019244                __interrupt_handler62
                0x060190dc                __interrupt_handler2
                0x0601917e                __interrupt_handler29
                0x06019274                __interrupt_handler70
                0x0601935e                __interrupt_handler109
                0x06019448                __interrupt_handler148
                0x06019304                __interrupt_handler94
                0x06019610                __interrupt_handler224
                0x0601933a                __interrupt_handler103
                0x060191a8                __interrupt_handler36
                0x060193c4                __interrupt_handler126
                0x06019694                __interrupt_handler246
                0x0601921a                __interrupt_handler55
                0x06019118                __interrupt_handler12
                0x06019208                __interrupt_handler52
                0x06019532                __interrupt_handler187
                0x06019430                __interrupt_handler144
                0x0601938e                __interrupt_handler117
                0x0601913c                __interrupt_handler18
                0x0601956e                __interrupt_handler197
                0x06019460                __interrupt_handler152
                0x06019394                __interrupt_handler118
                0x060194cc                __interrupt_handler170
                0x06019586                __interrupt_handler201
                0x06019316                __interrupt_handler97
                0x060194a2                __interrupt_handler163
                0x06019508                __interrupt_handler180
                0x06019550                __interrupt_handler192
                0x06019670                __interrupt_handler240
                0x060193b2                __interrupt_handler123
                0x060195d4                __interrupt_handler214
                0x0601918a                __interrupt_handler31
                0x06019178                __interrupt_handler28
                0x06019262                __interrupt_handler67
                0x06019268                __interrupt_handler68
                0x06019154                __interrupt_handler22
                0x0601915a                __interrupt_handler23
                0x060194f0                __interrupt_handler176
                0x060190fa                __interrupt_handler7
                0x060195fe                __interrupt_handler221
                0x060195e6                __interrupt_handler217
                0x0601962e                __interrupt_handler229
                0x060191f6                __interrupt_handler49
                0x060190e8                __interrupt_handler4
                0x060191c0                __interrupt_handler40
                0x06019382                __interrupt_handler115
                0x06019652                __interrupt_handler235
                0x060192f2                __interrupt_handler91
                0x060195a4                __interrupt_handler206
                0x060194f6                __interrupt_handler177
                0x06019442                __interrupt_handler147
                0x060191ae                __interrupt_handler37
                0x060196ac                __interrupt_handler250
                0x060190d6                __interrupt_handler1
                0x060195f2                __interrupt_handler219
                0x06019298                __interrupt_handler76
                0x06019328                __interrupt_handler100
                0x0601922c                __interrupt_handler58
                0x0601912a                __interrupt_handler15
                0x060195c8                __interrupt_handler212
                0x06019676                __interrupt_handler241
                0x0601958c                __interrupt_handler202
                0x06019556                __interrupt_handler193
                0x060192a4                __interrupt_handler78
                0x060191fc                __interrupt_handler50
                0x06019196                __interrupt_handler33
                0x060194b4                __interrupt_handler166
                0x0601940c                __interrupt_handler138
                0x060193fa                __interrupt_handler135
                0x06019184                __interrupt_handler30
                0x06019520                __interrupt_handler184
                0x0601941e                __interrupt_handler141
                0x06019634                __interrupt_handler230
                0x06019658                __interrupt_handler236
                0x0601939a                __interrupt_handler119
                0x060192d4                __interrupt_handler86
                0x06019346                __interrupt_handler105
                0x060192b6                __interrupt_handler81
                0x060193a0                __interrupt_handler120
                0x060193d0                __interrupt_handler128
                0x06019214                __interrupt_handler54
                0x06019112                __interrupt_handler11
                0x0601957a                __interrupt_handler199
                0x0601946c                __interrupt_handler154
                0x060191de                __interrupt_handler45
                0x060195e0                __interrupt_handler216
                0x06019592                __interrupt_handler203
                0x0601932e                __interrupt_handler101
                0x060192c8                __interrupt_handler84
                0x06019526                __interrupt_handler185
                0x06019424                __interrupt_handler142
                0x0601916c                __interrupt_handler26
                0x06019250                __interrupt_handler64
                0x06019580                __interrupt_handler200
                0x060195aa                __interrupt_handler207
                0x0601955c                __interrupt_handler194
                0x060192f8                __interrupt_handler92
                0x06019472                __interrupt_handler155
                0x060195c2                __interrupt_handler211
                0x060193ee                __interrupt_handler133
                0x060190ee                __interrupt_handler5
                0x06019286                __interrupt_handler73
                0x06019130                __interrupt_handler16
                0x0601966a                __interrupt_handler239
                0x0601964c                __interrupt_handler234
                0x060191a2                __interrupt_handler35
                0x06019232                __interrupt_handler59
                0x060194c6                __interrupt_handler169
                0x0601931c                __interrupt_handler98
                0x0601927a                __interrupt_handler71
                0x06019202                __interrupt_handler51
                0x0601948a                __interrupt_handler159
                0x0601961c                __interrupt_handler226
                0x06019310                __interrupt_handler96
                0x06019544                __interrupt_handler190
                0x060195f8                __interrupt_handler220
                0x06019100                __interrupt_handler8
                0x06019502                __interrupt_handler179
                0x060196b8                __interrupt_handler252
 *fill*         0x060196f4        0xc 00
 .text          0x06019700     0x12a0 ../sbl6/segalib/lib/sega_spr.a(spr_2c.o)
                0x0601a960                SlaveFlushDrawPrtyBlock
                0x06019700                SPR_2Initial
                0x06019f44                SPR_2SysClip
                0x06019ee4                SPR_2LocalCoord
                0x0601a7dc                SPR_2FlushDrawPrtyBlock
                0x0601a4c8                SPR_2DistSpr
                0x06019ecc                SPR_2FlushDrawPrty
                0x0601a5ec                SPR_2Cmd
                0x06019bc8                SPR_2GourTblNoToVram
                0x06019c28                SPR_2GetAreaSizeInfo
                0x06019990                SPR_2SetGourTbl
                0x0601a17c                SPR_2Polygon
                0x06019c04                SPR_2CharNoToVram
                0x06019910                SPR_2SetTvMode
                0x06019d6c                SPR_2CloseCommand
                0x0601994c                SPR_2FrameEraseData
                0x06019728                SPR_2Initial2
                0x0601a35c                SPR_2ScaleSpr
                0x06019fec                SPR_2Line
                0x06019cb8                SPR_2OpenCommand
                0x0601992c                SPR_2FrameChgIntr
                0x0601a238                SPR_2NormSpr
                0x060199c0                SPR_2SetLookupTbl
                0x060199f4                SPR_2SetChar
                0x06019bec                SPR_2LookupTblNoToVram
                0x0601a0c0                SPR_2PolyLine
                0x06019b60                SPR_2ClrAllChar
                0x06019b14                SPR_2ClrChar
                0x06019f90                SPR_2UserClip
 .text          0x0601a9a0      0x1e6 ../sbl6/segalib/lib/sega_spr.a(spr_slv.o)
                0x0601ab04                SPR_WaitEndSlaveSH
                0x0601a9a0                SPR_SMPC_SSHON
                0x0601aae0                SPR_RunSlaveSH
                0x0601a9a4                SPR_InitSlaveSH
                0x0601aa6c                SPR_SlaveSHmain
                0x0601a9a1                SPR_SMPC_SSHOFF
 *fill*         0x0601ab86        0xa 00
 .text          0x0601ab90      0x36a ../sbl6/segalib/lib/sega_spr.a(spr_1c.o)
                0x0601ae44                SPR_WaitDrawEnd
                0x0601ae5c                SPR_SetEosMode
                0x0601ad74                SPR_SetEraseData
                0x0601ab90                SPR_Initial
                0x0601ac68                SPR_SetTvMode
                0x0601ad00                SPR_GetStatus
 *fill*         0x0601aefa        0x6 00
 .text          0x0601af00      0x244 ../sbl6/segalib/lib/sega_spr.a(spr_2a.o)
                0x0601af12                sprMemCpyW
                0x0601af70                flushDrawPrtyBlock
                0x0601af00                sprMemCpyL
                0x0601af24                SPR_2SetDrawPrty
 *fill*         0x0601b144        0xc 00
 .text          0x0601b150      0x2fc ../sbl6/segalib/lib/sega_scl.a(scl_vblv.o)
                0x0601b20c                SCL_DisplayFrame
                0x0601b150                SCL_SetFrameInterval
                0x0601b240                SCL_VblInit
                0x0601b290                SCL_VblankStart
                0x0601b2d4                SCL_VblankEnd
 *fill*         0x0601b44c        0x4 00
 .text          0x0601b450      0xb9c ../sbl6/segalib/lib/sega_scl.a(scl_func.o)
                0x0601be2c                SCL_Vdp2_SGLInit
                0x0601bd3c                SCL_PriIntProc
                0x0601bcb4                SCL_Memcpyw
                0x0601bfcc                SCL_SglOff
                0x0601bfac                SCL_SglOn
                0x0601bc20                SCL_ScrollShow
                0x0601b6c8                SCL_Close
                0x0601b9c0                SCL_Scale
                0x0601b450                SCL_Vdp2Init
                0x0601b834                SCL_Move
                0x0601bafc                SCL_CopyReg
                0x0601b6a4                SCL_Open
                0x0601b4d4                SCL_ParametersInit
                0x0601b6e4                SCL_MoveTo
                0x0601bcdc                SCL_SetColRamMode
 *fill*         0x0601bfec        0x4 00
 .text          0x0601bff0      0x138 ../sbl6/segalib/lib/sega_scl.a(scl_pr03.o)
                0x0601bff0                SCL_FreeColRam
                0x0601c028                SCL_AllocColRam
 *fill*         0x0601c128        0x8 00
 .text          0x0601c130       0x9c ../sbl6/segalib/lib/sega_scl.a(scl_pr02.o)
                0x0601c130                SCL_SetColRam
 *fill*         0x0601c1cc        0x4 00
 .text          0x0601c1d0       0x84 ../sbl6/segalib/lib/sega_scl.a(scl_back.o)
                0x0601c1d0                SCL_SetBack
 *fill*         0x0601c254        0xc 00
 .text          0x0601c260      0x94c ../sbl6/segalib/lib/sega_scl.a(scl_fu03.o)
                0x0601c2bc                SCL_SetConfig
                0x0601c260                SCL_InitConfigTb
 *fill*         0x0601cbac        0x4 00
 .text          0x0601cbb0      0x4f4 ../sbl6/segalib/lib/sega_scl.a(scl_fu02.o)
                0x0601cbe8                SCL_SetVramConfig
                0x0601cbb0                SCL_InitVramConfigTb
 *fill*         0x0601d0a4        0xc 00
 .text          0x0601d0b0       0x28 ../sbl6/segalib/lib/sega_scl.a(scl_fu04.o)
                0x0601d0b0                SCL_SetCycleTable
 *fill*         0x0601d0d8        0x8 00
 .text          0x0601d0e0      0x214 ../sbl6/segalib/lib/sega_scl.a(scl_pr07.o)
                0x0601d0e0                SCL_SetPriority
 *fill*         0x0601d2f4        0xc 00
 .text          0x0601d300       0x58 ../sbl6/segalib/lib/sega_scl.a(scl_pr01.o)
                0x0601d300                SCL_SetSpriteMode
 *fill*         0x0601d358        0x8 00
 .text          0x0601d360     0x10a4 ../sbl6/segalib/lib/sega_scl.a(scl_pri.o)
                0x0601d3f4                SCL_AbortAutoVe
                0x0601e2a4                SCL_SetShadowBit
                0x0601d86c                SCL_AutoExec
                0x0601d360                SCL_PriorityInit
                0x0601dd80                SCL_IncColOffset
                0x0601d408                SCL_SetColMixRate
                0x0601d3d8                SCL_GetColRamMode
 *fill*         0x0601e404        0xc 00
 .text          0x0601e410     0x1394 ../sbl6/segalib/lib/sega_scl.a(scl_ro00.o)
                0x0601f5fc                SCL_RotateZD
                0x0601e8c4                SCL_Rotate
                0x0601e598                SCL_InitRotateTable
 *fill*         0x0601f7a4        0xc 00
 .text          0x0601f7b0      0x1b4 ../sbl6/segalib/lib/sega_scl.a(scl_pr06.o)
                0x0601f7b0                SCL_SetColRamOffset
 *fill*         0x0601f964        0xc 00
 .text          0x0601f970       0xac ../sbl6/segalib/lib/sega_scl.a(scl_pr05.o)
                0x0601f970                SCL_GetColRamOffset
 *fill*         0x0601fa1c        0x4 00
 .text          0x0601fa20       0xa4 ../sbl6/segalib/lib/sega_mth.a(mth_fixd.o)
                0x0601fa70                MTH_FixedToInt
                0x0601fa60                MTH_IntToFixed
                0x0601fa20                MTH_Mul
                0x0601fa80                MTH_Product
                0x0601fa40                MTH_Div
 *fill*         0x0601fac4        0xc 00
 .text          0x0601fad0      0x600 ../sbl6/segalib/lib/sega_mth.a(mth_tri.o)
                0x0601fb6c                fcos
                0x0601fb72                fsin
                0x0601fb1c                MTH_Cos
                0x0601fad0                MTH_Sin
                0x0601fd10                MTH_Atan
 .text          0x060200d0      0xf50 ../sbl6/segalib/lib/sega_per.a(per_prt.o)
                0x060204f0                PER_IntFunc
                0x060202e8                PER_LGetPer
                0x060200d0                PER_LInit
 .text          0x06021020      0x1f4 ../sbl6/segalib/lib/sega_sat.a(DMA_SCU1.o)
                0x0602117c                DMA_ScuResult
                0x06021020                DMA_ScuInit
                0x06021070                DMA_ScuMemCopy
 *fill*         0x06021214        0xc 00
 .text          0x06021220      0x308 ../sbl6/segalib/lib/sega_sat.a(DMA_SCU0.o)
                0x060212a4                DMA_ScuStart
                0x060213d8                DMA_ScuIntFunc0
                0x06021448                DMA_ScuIntFunc1
                0x060214b8                DMA_ScuIntFunc2
                0x06021398                DMA_ScuGetStatus
                0x06021220                DMA_ScuSetPrm
 *fill*         0x06021528        0x8 00
 .text          0x06021530       0xe8 ../sbl6/segalib/lib/sega_sat.a(csh_main.o)
                0x06021530                CSH_Init
                0x06021598                CSH_AllClr
                0x060215e4                CSH_Purge
 *fill*         0x06021618        0x8 00
 .text          0x06021620       0xa0 c:/saturn/SH_COFF/sh-coff/bin/../lib/gcc/sh-coff/3.4-GNUSH_v0501\libgcc.a(__main.o)
                0x06021694                __main
                0x06021620                __do_global_dtors
                0x06021654                __do_global_ctors
 .text          0x060216c0       0x70 c:/saturn/SH_COFF/sh-coff/bin/../lib/gcc/sh-coff/3.4-GNUSH_v0501\libgcc.a(_udivsi3.o)
                0x060216e2                __udivsi3
 .text          0x06021730       0x90 c:/saturn/SH_COFF/sh-coff/bin/../lib/gcc/sh-coff/3.4-GNUSH_v0501\libgcc.a(_ashiftlt.o)
                0x06021730                __ashlsi3
 .text          0x060217c0       0x60 c:/saturn/SH_COFF/sh-coff/bin/../lib/gcc/sh-coff/3.4-GNUSH_v0501\libgcc.a(_ashiftrt.o)
                0x060217cc                __ashiftrt_r4_27
                0x06021800                __ashiftrt_r4_6
                0x060217f0                __ashiftrt_r4_14
                0x060217e2                __ashiftrt_r4_19
                0x060217fa                __ashiftrt_r4_9
                0x0602180e                __ashiftrt_r4_0
                0x060217c0                __ashiftrt_r4_31
                0x060217ce                __ashiftrt_r4_26
                0x060217dc                __ashiftrt_r4_22
                0x060217e8                __ashiftrt_r4_16
                0x060217f4                __ashiftrt_r4_12
                0x060217c8                __ashiftrt_r4_29
                0x060217e6                __ashiftrt_r4_17
                0x060217c6                __ashiftrt_r4_30
                0x06021802                __ashiftrt_r4_5
                0x060217fc                __ashiftrt_r4_8
                0x060217c0                __ashiftrt_r4_32
                0x060217d0                __ashiftrt_r4_25
                0x06021808                __ashiftrt_r4_2
                0x060217d2                __ashiftrt_r4_24
                0x060217ee                __ashiftrt_r4_15
                0x060217f8                __ashiftrt_r4_10
                0x0602180a                __ashiftrt_r4_1
                0x060217ca                __ashiftrt_r4_28
                0x060217e0                __ashiftrt_r4_20
                0x060217fe                __ashiftrt_r4_7
                0x060217f2                __ashiftrt_r4_13
                0x060217f6                __ashiftrt_r4_11
                0x06021804                __ashiftrt_r4_4
                0x060217da                __ashiftrt_r4_23
                0x060217e4                __ashiftrt_r4_18
                0x060217de                __ashiftrt_r4_21
                0x06021806                __ashiftrt_r4_3
 .text          0x06021820       0xb0 c:/saturn/SH_COFF/sh-coff/bin/../lib/gcc/sh-coff/3.4-GNUSH_v0501\libgcc.a(_si_to_df.o)
                0x06021820                __floatsidf
 .text          0x060218d0      0x2e0 c:/saturn/SH_COFF/sh-coff/bin/../lib/gcc/sh-coff/3.4-GNUSH_v0501\libgcc.a(_mul_df.o)
                0x060218e0                __muldf3
 .text          0x06021bb0       0x80 c:/saturn/SH_COFF/sh-coff/bin/../lib/gcc/sh-coff/3.4-GNUSH_v0501\libgcc.a(_df_to_si.o)
                0x06021bb0                __fixdfsi
 .text          0x06021c30      0x220 c:/saturn/SH_COFF/sh-coff/bin/../lib/gcc/sh-coff/3.4-GNUSH_v0501\libgcc.a(_pack_df.o)
                0x06021c40                __pack_d
 .text          0x06021e50      0x120 c:/saturn/SH_COFF/sh-coff/bin/../lib/gcc/sh-coff/3.4-GNUSH_v0501\libgcc.a(_unpack_df.o)
                0x06021e60                __unpack_d
 .text          0x06021f70       0x20 c:/saturn/SH_COFF/sh-coff/bin/../lib/gcc/sh-coff/3.4-GNUSH_v0501\libgcc.a(_thenan_df.o)
                0x06021f70                __thenan_df
 .text          0x06021f90       0xd0 c:/saturn/SH_COFF/sh-coff/bin/../lib/gcc/sh-coff/3.4-GNUSH_v0501\libgcc.a(_muldi3.o)
                0x06021f90                __muldi3
 .text          0x06022060       0x80 c:/saturn/SH_COFF/sh-coff/bin/../lib/gcc/sh-coff/3.4-GNUSH_v0501\libgcc.a(_lshrdi3.o)
                0x06022060                __lshrdi3
 .text          0x060220e0       0x80 c:/saturn/SH_COFF/sh-coff/bin/../lib/gcc/sh-coff/3.4-GNUSH_v0501\libgcc.a(_ashldi3.o)
                0x060220e0                __ashldi3
 .text          0x06022160       0x30 c:/saturn/SH_COFF/sh-coff/bin/../lib/gcc/sh-coff/3.4-GNUSH_v0501\libgcc.a(_mulsi3.o)
                0x06022160                __mulsi3
 .text          0x06022190       0x90 c:/saturn/SH_COFF/sh-coff/bin/../lib/gcc/sh-coff/3.4-GNUSH_v0501\libgcc.a(_lshiftrt.o)
                0x06022190                __lshrsi3
 .text          0x06022220       0xa0 c:/saturn/SH_COFF/sh-coff/bin/../lib/gcc/sh-coff/3.4-GNUSH_v0501/../../../../sh-coff/lib\libc.a(memcpy.o)
                0x06022220                memcpy
 .text          0x060222c0       0x40 c:/saturn/SH_COFF/sh-coff/bin/../lib/gcc/sh-coff/3.4-GNUSH_v0501/../../../../sh-coff/lib\libc.a(memset.o)
                0x060222c0                memset
 .text          0x06022300       0x90 c:/saturn/SH_COFF/sh-coff/bin/../lib/gcc/sh-coff/3.4-GNUSH_v0501/../../../../sh-coff/lib\libc.a(atexit.o)
                0x06022300                atexit
 .text          0x06022390       0x10 c:/saturn/SH_COFF/sh-coff/bin/../lib/gcc/sh-coff/3.4-GNUSH_v0501/../../../../sh-coff/lib\libc.a(impure.o)
                0x06022390                _global_impure_ptr
 .text          0x060223a0       0x40 c:/saturn/SH_COFF/sh-coff/bin/../lib/gcc/sh-coff/3.4-GNUSH_v0501/../../../../sh-coff/lib\libc.a(malloc.o)
                0x060223bc                free
                0x060223a0                malloc
 .text          0x060223e0      0x5b0 c:/saturn/SH_COFF/sh-coff/bin/../lib/gcc/sh-coff/3.4-GNUSH_v0501/../../../../sh-coff/lib\libc.a(mallocr.o)
                0x060223e0                _malloc_r
 .text          0x06022990      0x340 c:/saturn/SH_COFF/sh-coff/bin/../lib/gcc/sh-coff/3.4-GNUSH_v0501/../../../../sh-coff/lib\libc.a(freer.o)
                0x06022990                _malloc_trim_r
                0x06022a84                _free_r
 .text          0x06022cd0       0x20 c:/saturn/SH_COFF/sh-coff/bin/../lib/gcc/sh-coff/3.4-GNUSH_v0501/../../../../sh-coff/lib\libc.a(mlock.o)
                0x06022cd0                __malloc_lock
                0x06022cdc                __malloc_unlock
 .text          0x06022cf0       0x50 c:/saturn/SH_COFF/sh-coff/bin/../lib/gcc/sh-coff/3.4-GNUSH_v0501/../../../../sh-coff/lib\libc.a(sbrkr.o)
                0x06022cf0                _sbrk_r
 .text          0x06022d40      0x380 c:/saturn/SH_COFF/sh-coff/bin/../lib/gcc/sh-coff/3.4-GNUSH_v0501/../../../../sh-coff/lib\libc.a(syscalls.o)
                0x06022eac                _exit
                0x06022ee0                _getpid
                0x06022f48                _utime
                0x06022d78                _write
                0x06022d40                _read
                0x06022e94                _unlink
                0x06022e5c                _open
                0x06022ef8                _stat
                0x06022ea0                isatty
                0x06022f78                _wait
                0x06022ec4                _kill
                0x06022f14                _chmod
                0x06022fa8                _execv
                0x06022f8c                _execve
                0x06023084                __setup_argv_and_call_main
                0x06022fe0                _gettimeofday
                0x06022dac                _link
                0x06022eec                _raise
                0x06022e78                _creat
                0x06022fc0                _pipe
                0x06022f2c                _chown
                0x06022d5c                _lseek
                0x06022d94                _close
                0x06022fd4                _times
                0x06022e48                _fstat
                0x06022f64                _fork
                0x06022dd4                _sbrk
 .text          0x060230c0       0x20 c:/saturn/SH_COFF/sh-coff/bin/../lib/gcc/sh-coff/3.4-GNUSH_v0501/../../../../sh-coff/lib\libc.a(trap.o)
                0x060230c0                __trap34
 .text          0x060230e0       0x20 c:/saturn/SH_COFF/sh-coff/bin/../lib/gcc/sh-coff/3.4-GNUSH_v0501/../../../../sh-coff/lib\libc.a(abort.o)
                0x060230e0                abort
 .text          0x06023100      0x270 c:/saturn/SH_COFF/sh-coff/bin/../lib/gcc/sh-coff/3.4-GNUSH_v0501/../../../../sh-coff/lib\libc.a(signal.o)
                0x060231c0                _raise_r
                0x06023348                __sigtramp
                0x060232f4                raise
                0x06023330                _init_signal
                0x06023280                __sigtramp_r
                0x06023310                signal
                0x0602314c                _signal_r
                0x06023100                _init_signal_r
 .text          0x06023370       0x60 c:/saturn/SH_COFF/sh-coff/bin/../lib/gcc/sh-coff/3.4-GNUSH_v0501/../../../../sh-coff/lib\libc.a(signalr.o)
                0x060233b8                _getpid_r
                0x06023370                _kill_r
 *(.strings)

.tors           0x060233d0        0x0
                0x060233d0                ___ctors = .
 *(.ctors)
                0x060233d0                ___ctors_end = .
                0x060233d0                ___dtors = .
 *(.dtors)
                0x060233d0                ___dtors_end = .

.data           0x060233d0     0x10d0
                0x060233d0                STARTOF_R = .
 *(.data)
 .data          0x060233d0      0x400 ../sbl6/segasmp/per/smpclib/per_x1.o
 .data          0x060237d0       0x20 graphics.o
                0x060237d0                tiles
 .data          0x060237f0       0x10 scroll.o
                0x060237f0                CycleTb
 .data          0x06023800       0x30 main.o
 .data          0x06023830      0x400 ../sbl6/segalib/lib/sega_int.a(int.o)
 .data          0x06023c30       0x1c ../sbl6/segalib/lib/sega_spr.a(spr_slv.o)
                0x06023c38                SPR_SlaveParam
                0x06023c48                SPR_SMPC_SF
                0x06023c40                SPR_SMPC_COM
                0x06023c3c                SPR_SlaveSHEntry
                0x06023c34                SPR_SlaveState
                0x06023c30                SPR_SlaveCommand
                0x06023c44                SPR_SMPC_RET
 *fill*         0x06023c4c        0x4 00
 .data          0x06023c50       0x34 ../sbl6/segalib/lib/sega_spr.a(spr_1c.o)
                0x06023c50                SpInitialFlag
 *fill*         0x06023c84        0xc 00
 .data          0x06023c90       0x1c ../sbl6/segalib/lib/sega_scl.a(scl_vblv.o)
                0x06023c98                VBInterval
                0x06023ca0                ReqDisplayFlag
                0x06023c90                SpFrameChgMode
                0x06023c9c                VBIntervalCounter
                0x06023c94                SpFrameEraseMode
 *fill*         0x06023cac        0x4 00
 .data          0x06023cb0       0x36 ../sbl6/segalib/lib/sega_scl.a(scl_func.o)
                0x06023cc0                SclRotregBuff
                0x06023cbc                SclDisplayY
                0x06023cc4                SclRotateTableMode
                0x06023cb8                SclProcess
                0x06023cb4                SclCurSclNum
                0x06023cb0                SclLengthLsTbl
                0x06023cba                SclDisplayX
                0x06023cb2                SclLengthCsTbl
 *fill*         0x06023ce6        0xa 00
 .data          0x06023cf0       0x18 ../sbl6/segalib/lib/sega_scl.a(scl_pri.o)
                0x06023cf4                SclRealSpPriNum
                0x06023d04                SclRealColOffset
                0x06023d00                SclRealBgColMix
                0x06023cfc                SclRealSpColMix
                0x06023cf8                SclRealBgPriNum
                0x06023cf0                SclRealOtherPri
 *fill*         0x06023d08        0x8 00
 .data          0x06023d10      0x380 c:/saturn/SH_COFF/sh-coff/bin/../lib/gcc/sh-coff/3.4-GNUSH_v0501/../../../../sh-coff/lib\libc.a(impure.o)
                0x0602408c                _impure_ptr
 .data          0x06024090      0x410 c:/saturn/SH_COFF/sh-coff/bin/../lib/gcc/sh-coff/3.4-GNUSH_v0501/../../../../sh-coff/lib\libc.a(mallocr.o)
                0x06024098                __malloc_av_
                0x06024094                __malloc_trim_threshold
                0x06024090                __malloc_sbrk_base
                0x060244a0                SIZEOF_R = (. - STARTOF_R)
                0x060244a0                ENDOF_R = .

.bss            0x060244a0     0x5104
                0x060244a0                STARTOF_B = .
 *(.bss)
 .bss           0x060244a0       0x10 vblank.o
                0x060244a4                PadData2E
                0x060244aa                PadData1
                0x060244a6                PadData2
                0x060244a8                PadData1E
                0x060244a0                __port
 .bss           0x060244b0       0xd0 ../sbl6/segasmp/per/smpclib/per_x2.o
 .bss           0x06024580       0x20 scroll.o
                0x06024580                copy_mode
                0x06024584                map_tile_y
                0x06024588                map_tile_x
 .bss           0x060245a0       0x10 player.o
 .bss           0x060245b0     0x3390 main.o
 .bss           0x06027940       0x6e ../sbl6/segalib/lib/sega_spr.a(spr_2c.o)
 *fill*         0x060279ae        0x2 00
 .bss           0x060279b0        0x4 ../sbl6/segalib/lib/sega_scl.a(scl_vblv.o)
 *fill*         0x060279b4        0xc 00
 .bss           0x060279c0        0x4 ../sbl6/segalib/lib/sega_scl.a(scl_func.o)
 *fill*         0x060279c4        0xc 00
 .bss           0x060279d0       0x48 ../sbl6/segalib/lib/sega_scl.a(scl_ro00.o)
 *fill*         0x06027a18        0x8 00
 .bss           0x06027a20       0x9c ../sbl6/segalib/lib/sega_per.a(per_prt.o)
 *fill*         0x06027abc        0x4 00
 .bss           0x06027ac0        0xc ../sbl6/segalib/lib/sega_sat.a(DMA_SCU1.o)
 *fill*         0x06027acc        0x4 00
 .bss           0x06027ad0       0x20 ../sbl6/segalib/lib/sega_sat.a(DMA_SCU0.o)
 .bss           0x06027af0       0x10 c:/saturn/SH_COFF/sh-coff/bin/../lib/gcc/sh-coff/3.4-GNUSH_v0501\libgcc.a(__main.o)
 .bss           0x06027b00       0x10 c:/saturn/SH_COFF/sh-coff/bin/../lib/gcc/sh-coff/3.4-GNUSH_v0501/../../../../sh-coff/lib\libc.a(atexit.o)
 .bss           0x06027b10       0x40 c:/saturn/SH_COFF/sh-coff/bin/../lib/gcc/sh-coff/3.4-GNUSH_v0501/../../../../sh-coff/lib\libc.a(mallocr.o)
                0x06027b40                __malloc_top_pad
                0x06027b10                __malloc_current_mallinfo
                0x06027b3c                __malloc_max_sbrked_mem
                0x06027b38                __malloc_max_total_mem
 .bss           0x06027b50       0x10 c:/saturn/SH_COFF/sh-coff/bin/../lib/gcc/sh-coff/3.4-GNUSH_v0501/../../../../sh-coff/lib\libc.a(syscalls.o)
 *(COMMON)
 COMMON         0x06027b60      0x400 ../sbl6/segalib/lib/sega_int.a(int.o)
                                  0x0 (size before relaxing)
                0x06027b60                __interrupt_vector
 COMMON         0x06027f60       0x50 ../sbl6/segalib/lib/sega_spr.a(spr_2c.o)
                                  0x0 (size before relaxing)
                0x06027f60                SpMstCmd
                0x06027f64                Sp2OpenFlag
                0x06027f68                SpGourTblMax
                0x06027f6c                SpDrawPrtyBlk
                0x06027f70                SpLCoordX
                0x06027f74                SpMstDrawPrtyBlk
                0x06027f78                SpGourTbl
                0x06027f7c                SpLookupTblR
                0x06027f80                SpCmdTbl
                0x06027f84                SpCharMax
                0x06027f88                SpDrawPrtyProcFlag
                0x06027f8c                SpCmdNo
                0x06027f90                SpDrawPrtyBlkMax
                0x06027f94                SpSlvCmdPos
                0x06027f98                SpSlvDrawPrtyBlk
                0x06027f9c                SpCharTbl
                0x06027fa0                SpCmdTblR
                0x06027fa4                SpMstCmdPos
                0x06027fa8                SpSlvCmd
                0x06027fac                SpLCoordY
 COMMON         0x06027fb0       0x10 ../sbl6/segalib/lib/sega_spr.a(spr_1c.o)
                                  0x0 (size before relaxing)
                0x06027fb0                SpScreenY
                0x06027fb4                SpFbcrMode
                0x06027fb6                SpDil
                0x06027fb8                SpDie
                0x06027fba                SpTvMode
                0x06027fbc                SpScreenX
 COMMON         0x06027fc0      0xf00 ../sbl6/segalib/lib/sega_scl.a(scl_func.o)
                                  0x0 (size before relaxing)
                0x06027fc0                SclRbgKtbAddr
                0x06027fc8                SclRb
                0x06027fca                Scl_flag
                0x06027fd0                SclK_TableBuff
                0x06028ca0                SclAddrCsTbl
                0x06028cb0                Scl_s_reg
                0x06028cd8                SclRotateXy
                0x06028ce0                Scl_d_reg
                0x06028d28                SclRotateDisp
                0x06028d30                SclRotateMoveZ
                0x06028d38                SclRotXySw
                0x06028d40                Scl_r_reg
                0x06028d50                SclRPMD
                0x06028d58                SclRbgKtbOffset
                0x06028d60                _SclRotregBuff
                0x06028e30                SclRa
                0x06028e38                SclRotateZ
                0x06028e40                SclAddrLsTbl
                0x06028e48                SclK_TableNum
                0x06028e50                SclRotateTableAddress
                0x06028e54                SclK_TableFlag
                0x06028e60                Scl_w_reg
                0x06028e80                Scl_n_reg
 COMMON         0x06028ec0      0x6b0 ../sbl6/segalib/lib/sega_scl.a(scl_pri.o)
                                  0x0 (size before relaxing)
                0x06028ec0                SclAutoEndBlue2
                0x06028ed0                SclColOffset
                0x06028ee0                SclPriBuffDirty
                0x06028ee2                SclAutoEndRed
                0x06028ee4                SclAutoSurface
                0x06028ee8                SclAutoGreen
                0x06028eea                SclAutoEndGreen
                0x06028eec                SclAutoCount
                0x06028ef0                SclColRamAlloc256
                0x06028f10                SclAutoCurRate
                0x06028f11                SclAutoPlusFlag
                0x06028f18                SclSpColMix
                0x06028f20                SclAutoMax
                0x06028f24                SclLineColRamOffset
                0x06028f28                SclColRamAlloc2048
                0x06028f2c                SclBgPriNum
                0x06028f32                SclAutoEndBlue
                0x06028f34                SclAutoEndGreen2
                0x06028f36                SclAutoVeFlag
                0x06028f38                SclBgColMix
                0x06028f40                SclAutoIndex
                0x06028f44                SclAutoEndRate
                0x06028f46                SclAutoBlue
                0x06028f48                SclAutoRed
                0x06028f4c                SclAutoInterval
                0x06028f50                SclOtherPri
                0x06028f60                SclAutoRGB
                0x06029560                SclAutoEndRed2
                0x06029568                SclSpPriNum
 COMMON         0x06029570       0x10 ../sbl6/segalib/lib/sega_scl.a(scl_ro00.o)
                                  0x0 (size before relaxing)
                0x06029570                SclCsx
                0x06029578                SclCsy
 COMMON         0x06029580       0x15 ../sbl6/segalib/lib/sega_per.a(per_prt.o)
                                  0x0 (size before relaxing)
                0x06029580                per_get_time_flg
                0x06029581                per_hot_res
                0x06029582                per_set_sys_flg
                0x06029584                per_get_time_adr
                0x06029588                per_get_sys_data
                0x06029594                per_time_out_flg
 *fill*         0x06029595        0xb 00
 COMMON         0x060295a0        0x4 c:/saturn/SH_COFF/sh-coff/bin/../lib/gcc/sh-coff/3.4-GNUSH_v0501/../../../../sh-coff/lib\libc.a(syscalls.o)
                                  0x0 (size before relaxing)
                0x060295a0                errno
                0x060295a4                SIZEOF_B = (. - STARTOF_B)
                0x060295a4                ENDOF_B = .
                0x060295a4                _end = .
OUTPUT(main.cof coff-sh)

.comment        0x060295b0      0x3c0
 .comment       0x060295b0       0x20 ../sbl6/segasmp/lib/strt2_g.o
 .comment       0x060295d0       0x20 vblank.o
 .comment       0x060295f0       0x20 ../sbl6/segasmp/per/smpclib/per_x1.o
 .comment       0x06029610       0x20 ../sbl6/segasmp/per/smpclib/per_x2.o
 .comment       0x06029630       0x20 graphics.o
 .comment       0x06029650       0x20 sprite.o
 .comment       0x06029670       0x20 scroll.o
 .comment       0x06029690       0x20 player.o
 .comment       0x060296b0       0x20 main.o
 .comment       0x060296d0       0x20 c:/saturn/SH_COFF/sh-coff/bin/../lib/gcc/sh-coff/3.4-GNUSH_v0501\libgcc.a(__main.o)
 .comment       0x060296f0       0x20 c:/saturn/SH_COFF/sh-coff/bin/../lib/gcc/sh-coff/3.4-GNUSH_v0501\libgcc.a(_si_to_df.o)
 .comment       0x06029710       0x20 c:/saturn/SH_COFF/sh-coff/bin/../lib/gcc/sh-coff/3.4-GNUSH_v0501\libgcc.a(_mul_df.o)
 .comment       0x06029730       0x20 c:/saturn/SH_COFF/sh-coff/bin/../lib/gcc/sh-coff/3.4-GNUSH_v0501\libgcc.a(_df_to_si.o)
 .comment       0x06029750       0x20 c:/saturn/SH_COFF/sh-coff/bin/../lib/gcc/sh-coff/3.4-GNUSH_v0501\libgcc.a(_pack_df.o)
 .comment       0x06029770       0x20 c:/saturn/SH_COFF/sh-coff/bin/../lib/gcc/sh-coff/3.4-GNUSH_v0501\libgcc.a(_unpack_df.o)
 .comment       0x06029790       0x20 c:/saturn/SH_COFF/sh-coff/bin/../lib/gcc/sh-coff/3.4-GNUSH_v0501\libgcc.a(_thenan_df.o)
 .comment       0x060297b0       0x20 c:/saturn/SH_COFF/sh-coff/bin/../lib/gcc/sh-coff/3.4-GNUSH_v0501\libgcc.a(_muldi3.o)
 .comment       0x060297d0       0x20 c:/saturn/SH_COFF/sh-coff/bin/../lib/gcc/sh-coff/3.4-GNUSH_v0501\libgcc.a(_lshrdi3.o)
 .comment       0x060297f0       0x20 c:/saturn/SH_COFF/sh-coff/bin/../lib/gcc/sh-coff/3.4-GNUSH_v0501\libgcc.a(_ashldi3.o)
 .comment       0x06029810       0x20 c:/saturn/SH_COFF/sh-coff/bin/../lib/gcc/sh-coff/3.4-GNUSH_v0501/../../../../sh-coff/lib\libc.a(atexit.o)
 .comment       0x06029830       0x20 c:/saturn/SH_COFF/sh-coff/bin/../lib/gcc/sh-coff/3.4-GNUSH_v0501/../../../../sh-coff/lib\libc.a(impure.o)
 .comment       0x06029850       0x20 c:/saturn/SH_COFF/sh-coff/bin/../lib/gcc/sh-coff/3.4-GNUSH_v0501/../../../../sh-coff/lib\libc.a(malloc.o)
 .comment       0x06029870       0x20 c:/saturn/SH_COFF/sh-coff/bin/../lib/gcc/sh-coff/3.4-GNUSH_v0501/../../../../sh-coff/lib\libc.a(mallocr.o)
 .comment       0x06029890       0x20 c:/saturn/SH_COFF/sh-coff/bin/../lib/gcc/sh-coff/3.4-GNUSH_v0501/../../../../sh-coff/lib\libc.a(freer.o)
 .comment       0x060298b0       0x20 c:/saturn/SH_COFF/sh-coff/bin/../lib/gcc/sh-coff/3.4-GNUSH_v0501/../../../../sh-coff/lib\libc.a(mlock.o)
 .comment       0x060298d0       0x20 c:/saturn/SH_COFF/sh-coff/bin/../lib/gcc/sh-coff/3.4-GNUSH_v0501/../../../../sh-coff/lib\libc.a(sbrkr.o)
 .comment       0x060298f0       0x20 c:/saturn/SH_COFF/sh-coff/bin/../lib/gcc/sh-coff/3.4-GNUSH_v0501/../../../../sh-coff/lib\libc.a(syscalls.o)
 .comment       0x06029910       0x20 c:/saturn/SH_COFF/sh-coff/bin/../lib/gcc/sh-coff/3.4-GNUSH_v0501/../../../../sh-coff/lib\libc.a(abort.o)
 .comment       0x06029930       0x20 c:/saturn/SH_COFF/sh-coff/bin/../lib/gcc/sh-coff/3.4-GNUSH_v0501/../../../../sh-coff/lib\libc.a(signal.o)
 .comment       0x06029950       0x20 c:/saturn/SH_COFF/sh-coff/bin/../lib/gcc/sh-coff/3.4-GNUSH_v0501/../../../../sh-coff/lib\libc.a(signalr.o)
