Archive member included because of file (symbol)

../sbl6/segalib/lib/sega_int.a(int.o)
                              vblank.o (INT_SetScuFunc)
../sbl6/segalib/lib/sega_int.a(int_trmp.o)
                              ../sbl6/segalib/lib/sega_int.a(int.o) (__interrupt_handler0)
../sbl6/segalib/lib/sega_spr.a(spr_2c.o)
                              sprite.o (SPR_2Initial)
../sbl6/segalib/lib/sega_spr.a(spr_slv.o)
                              ../sbl6/segalib/lib/sega_spr.a(spr_2c.o) (SPR_InitSlaveSH)
../sbl6/segalib/lib/sega_spr.a(spr_1c.o)
                              ../sbl6/segalib/lib/sega_spr.a(spr_2c.o) (SPR_Initial)
../sbl6/segalib/lib/sega_spr.a(spr_2a.o)
                              ../sbl6/segalib/lib/sega_spr.a(spr_2c.o) (SPR_2SetDrawPrty)
../sbl6/segalib/lib/sega_scl.a(scl_vblv.o)
                              ../sbl6/segalib/lib/sega_spr.a(spr_1c.o) (SpFrameChgMode)
../sbl6/segalib/lib/sega_scl.a(scl_func.o)
                              sprite.o (SCL_Vdp2Init)
../sbl6/segalib/lib/sega_scl.a(scl_pr03.o)
                              scroll.o (SCL_AllocColRam)
../sbl6/segalib/lib/sega_scl.a(scl_pr02.o)
                              scroll.o (SCL_SetColRam)
../sbl6/segalib/lib/sega_scl.a(scl_back.o)
                              scroll.o (SCL_SetBack)
../sbl6/segalib/lib/sega_scl.a(scl_fu03.o)
                              scroll.o (SCL_InitConfigTb)
../sbl6/segalib/lib/sega_scl.a(scl_fu02.o)
                              scroll.o (SCL_InitVramConfigTb)
../sbl6/segalib/lib/sega_scl.a(scl_fu04.o)
                              scroll.o (SCL_SetCycleTable)
../sbl6/segalib/lib/sega_scl.a(scl_pr07.o)
                              scroll.o (SCL_SetPriority)
../sbl6/segalib/lib/sega_scl.a(scl_pri.o)
                              ../sbl6/segalib/lib/sega_scl.a(scl_func.o) (SclRealOtherPri)
../sbl6/segalib/lib/sega_scl.a(scl_pr01.o)
                              main.o (SCL_SetSpriteMode)
../sbl6/segalib/lib/sega_scl.a(scl_ro00.o)
                              ../sbl6/segalib/lib/sega_scl.a(scl_func.o) (SCL_Rotate)
../sbl6/segalib/lib/sega_scl.a(scl_pr06.o)
                              ../sbl6/segalib/lib/sega_scl.a(scl_pr03.o) (SCL_SetColRamOffset)
../sbl6/segalib/lib/sega_scl.a(scl_pr05.o)
                              ../sbl6/segalib/lib/sega_scl.a(scl_pr02.o) (SCL_GetColRamOffset)
../sbl6/segalib/lib/sega_mth.a(mth_fixd.o)
                              player.o (MTH_Mul)
../sbl6/segalib/lib/sega_mth.a(mth_tri.o)
                              sprite.o (MTH_Sin)
../sbl6/segalib/lib/sega_per.a(per_prt.o)
                              ../sbl6/segasmp/per/smpclib/per_x2.o (PER_LInit)
../sbl6/segalib/lib/sega_sat.a(DMA_SCU1.o)
                              ../sbl6/segalib/lib/sega_spr.a(spr_2c.o) (DMA_ScuMemCopy)
../sbl6/segalib/lib/sega_sat.a(DMA_SCU0.o)
                              ../sbl6/segalib/lib/sega_sat.a(DMA_SCU1.o) (DMA_ScuSetPrm)
../sbl6/segalib/lib/sega_sat.a(csh_main.o)
                              ../sbl6/segalib/lib/sega_sat.a(DMA_SCU1.o) (CSH_Purge)
c:/saturn/SH_COFF/sh-coff/bin/../lib/gcc/sh-coff/3.4-GNUSH_v0501\libgcc.a(_ashiftlt.o)
                              scroll.o (__ashlsi3)
c:/saturn/SH_COFF/sh-coff/bin/../lib/gcc/sh-coff/3.4-GNUSH_v0501\libgcc.a(_movstr.o)
                              scroll.o (__movstr)
c:/saturn/SH_COFF/sh-coff/bin/../lib/gcc/sh-coff/3.4-GNUSH_v0501\libgcc.a(__main.o)
                              main.o (__main)
c:/saturn/SH_COFF/sh-coff/bin/../lib/gcc/sh-coff/3.4-GNUSH_v0501\libgcc.a(_udivsi3.o)
                              ../sbl6/segalib/lib/sega_scl.a(scl_fu03.o) (__udivsi3)
c:/saturn/SH_COFF/sh-coff/bin/../lib/gcc/sh-coff/3.4-GNUSH_v0501\libgcc.a(_ashiftrt.o)
                              ../sbl6/segalib/lib/sega_scl.a(scl_ro00.o) (__ashiftrt_r4_6)
c:/saturn/SH_COFF/sh-coff/bin/../lib/gcc/sh-coff/3.4-GNUSH_v0501\libgcc.a(_si_to_df.o)
                              ../sbl6/segalib/lib/sega_scl.a(scl_ro00.o) (__floatsidf)
c:/saturn/SH_COFF/sh-coff/bin/../lib/gcc/sh-coff/3.4-GNUSH_v0501\libgcc.a(_mul_df.o)
                              ../sbl6/segalib/lib/sega_scl.a(scl_ro00.o) (__muldf3)
c:/saturn/SH_COFF/sh-coff/bin/../lib/gcc/sh-coff/3.4-GNUSH_v0501\libgcc.a(_df_to_si.o)
                              ../sbl6/segalib/lib/sega_scl.a(scl_ro00.o) (__fixdfsi)
c:/saturn/SH_COFF/sh-coff/bin/../lib/gcc/sh-coff/3.4-GNUSH_v0501\libgcc.a(_pack_df.o)
                              c:/saturn/SH_COFF/sh-coff/bin/../lib/gcc/sh-coff/3.4-GNUSH_v0501\libgcc.a(_si_to_df.o) (__pack_d)
c:/saturn/SH_COFF/sh-coff/bin/../lib/gcc/sh-coff/3.4-GNUSH_v0501\libgcc.a(_unpack_df.o)
                              c:/saturn/SH_COFF/sh-coff/bin/../lib/gcc/sh-coff/3.4-GNUSH_v0501\libgcc.a(_mul_df.o) (__unpack_d)
c:/saturn/SH_COFF/sh-coff/bin/../lib/gcc/sh-coff/3.4-GNUSH_v0501\libgcc.a(_thenan_df.o)
                              c:/saturn/SH_COFF/sh-coff/bin/../lib/gcc/sh-coff/3.4-GNUSH_v0501\libgcc.a(_mul_df.o) (__thenan_df)
c:/saturn/SH_COFF/sh-coff/bin/../lib/gcc/sh-coff/3.4-GNUSH_v0501\libgcc.a(_muldi3.o)
                              c:/saturn/SH_COFF/sh-coff/bin/../lib/gcc/sh-coff/3.4-GNUSH_v0501\libgcc.a(_mul_df.o) (__muldi3)
c:/saturn/SH_COFF/sh-coff/bin/../lib/gcc/sh-coff/3.4-GNUSH_v0501\libgcc.a(_lshrdi3.o)
                              c:/saturn/SH_COFF/sh-coff/bin/../lib/gcc/sh-coff/3.4-GNUSH_v0501\libgcc.a(_df_to_si.o) (__lshrdi3)
c:/saturn/SH_COFF/sh-coff/bin/../lib/gcc/sh-coff/3.4-GNUSH_v0501\libgcc.a(_ashldi3.o)
                              c:/saturn/SH_COFF/sh-coff/bin/../lib/gcc/sh-coff/3.4-GNUSH_v0501\libgcc.a(_pack_df.o) (__ashldi3)
c:/saturn/SH_COFF/sh-coff/bin/../lib/gcc/sh-coff/3.4-GNUSH_v0501\libgcc.a(_mulsi3.o)
                              c:/saturn/SH_COFF/sh-coff/bin/../lib/gcc/sh-coff/3.4-GNUSH_v0501\libgcc.a(_muldi3.o) (__mulsi3)
c:/saturn/SH_COFF/sh-coff/bin/../lib/gcc/sh-coff/3.4-GNUSH_v0501\libgcc.a(_lshiftrt.o)
                              c:/saturn/SH_COFF/sh-coff/bin/../lib/gcc/sh-coff/3.4-GNUSH_v0501\libgcc.a(_lshrdi3.o) (__lshrsi3)
c:/saturn/SH_COFF/sh-coff/bin/../lib/gcc/sh-coff/3.4-GNUSH_v0501/../../../../sh-coff/lib\libc.a(memcpy.o)
                              scroll.o (memcpy)
c:/saturn/SH_COFF/sh-coff/bin/../lib/gcc/sh-coff/3.4-GNUSH_v0501/../../../../sh-coff/lib\libc.a(memset.o)
                              ../sbl6/segalib/lib/sega_spr.a(spr_2c.o) (memset)
c:/saturn/SH_COFF/sh-coff/bin/../lib/gcc/sh-coff/3.4-GNUSH_v0501/../../../../sh-coff/lib\libc.a(atexit.o)
                              c:/saturn/SH_COFF/sh-coff/bin/../lib/gcc/sh-coff/3.4-GNUSH_v0501\libgcc.a(__main.o) (atexit)
c:/saturn/SH_COFF/sh-coff/bin/../lib/gcc/sh-coff/3.4-GNUSH_v0501/../../../../sh-coff/lib\libc.a(impure.o)
                              c:/saturn/SH_COFF/sh-coff/bin/../lib/gcc/sh-coff/3.4-GNUSH_v0501/../../../../sh-coff/lib\libc.a(atexit.o) (_impure_ptr)
c:/saturn/SH_COFF/sh-coff/bin/../lib/gcc/sh-coff/3.4-GNUSH_v0501/../../../../sh-coff/lib\libc.a(malloc.o)
                              c:/saturn/SH_COFF/sh-coff/bin/../lib/gcc/sh-coff/3.4-GNUSH_v0501/../../../../sh-coff/lib\libc.a(atexit.o) (malloc)
c:/saturn/SH_COFF/sh-coff/bin/../lib/gcc/sh-coff/3.4-GNUSH_v0501/../../../../sh-coff/lib\libc.a(mallocr.o)
                              c:/saturn/SH_COFF/sh-coff/bin/../lib/gcc/sh-coff/3.4-GNUSH_v0501/../../../../sh-coff/lib\libc.a(malloc.o) (_malloc_r)
c:/saturn/SH_COFF/sh-coff/bin/../lib/gcc/sh-coff/3.4-GNUSH_v0501/../../../../sh-coff/lib\libc.a(freer.o)
                              c:/saturn/SH_COFF/sh-coff/bin/../lib/gcc/sh-coff/3.4-GNUSH_v0501/../../../../sh-coff/lib\libc.a(malloc.o) (_free_r)
c:/saturn/SH_COFF/sh-coff/bin/../lib/gcc/sh-coff/3.4-GNUSH_v0501/../../../../sh-coff/lib\libc.a(mlock.o)
                              c:/saturn/SH_COFF/sh-coff/bin/../lib/gcc/sh-coff/3.4-GNUSH_v0501/../../../../sh-coff/lib\libc.a(mallocr.o) (__malloc_lock)
c:/saturn/SH_COFF/sh-coff/bin/../lib/gcc/sh-coff/3.4-GNUSH_v0501/../../../../sh-coff/lib\libc.a(sbrkr.o)
                              c:/saturn/SH_COFF/sh-coff/bin/../lib/gcc/sh-coff/3.4-GNUSH_v0501/../../../../sh-coff/lib\libc.a(mallocr.o) (_sbrk_r)
c:/saturn/SH_COFF/sh-coff/bin/../lib/gcc/sh-coff/3.4-GNUSH_v0501/../../../../sh-coff/lib\libc.a(syscalls.o)
                              c:/saturn/SH_COFF/sh-coff/bin/../lib/gcc/sh-coff/3.4-GNUSH_v0501/../../../../sh-coff/lib\libc.a(sbrkr.o) (_sbrk)
c:/saturn/SH_COFF/sh-coff/bin/../lib/gcc/sh-coff/3.4-GNUSH_v0501/../../../../sh-coff/lib\libc.a(trap.o)
                              c:/saturn/SH_COFF/sh-coff/bin/../lib/gcc/sh-coff/3.4-GNUSH_v0501/../../../../sh-coff/lib\libc.a(syscalls.o) (__trap34)
c:/saturn/SH_COFF/sh-coff/bin/../lib/gcc/sh-coff/3.4-GNUSH_v0501/../../../../sh-coff/lib\libc.a(abort.o)
                              c:/saturn/SH_COFF/sh-coff/bin/../lib/gcc/sh-coff/3.4-GNUSH_v0501/../../../../sh-coff/lib\libc.a(syscalls.o) (abort)
c:/saturn/SH_COFF/sh-coff/bin/../lib/gcc/sh-coff/3.4-GNUSH_v0501/../../../../sh-coff/lib\libc.a(signal.o)
                              c:/saturn/SH_COFF/sh-coff/bin/../lib/gcc/sh-coff/3.4-GNUSH_v0501/../../../../sh-coff/lib\libc.a(abort.o) (raise)
c:/saturn/SH_COFF/sh-coff/bin/../lib/gcc/sh-coff/3.4-GNUSH_v0501/../../../../sh-coff/lib\libc.a(signalr.o)
                              c:/saturn/SH_COFF/sh-coff/bin/../lib/gcc/sh-coff/3.4-GNUSH_v0501/../../../../sh-coff/lib\libc.a(signal.o) (_kill_r)

Allocating common symbols
Common symbol       size              file

SclRbgKtbAddr       0x8               ../sbl6/segalib/lib/sega_scl.a(scl_func.o)
sprites             0x1c20            print.o
SpMstCmd            0x4               ../sbl6/segalib/lib/sega_spr.a(spr_2c.o)
SclRb               0x1               ../sbl6/segalib/lib/sega_scl.a(scl_func.o)
Scl_flag            0x2               ../sbl6/segalib/lib/sega_scl.a(scl_func.o)
per_get_time_flg    0x1               ../sbl6/segalib/lib/sega_per.a(per_prt.o)
SpScreenY           0x4               ../sbl6/segalib/lib/sega_spr.a(spr_1c.o)
SclK_TableBuff      0xcd0             ../sbl6/segalib/lib/sega_scl.a(scl_func.o)
SclAutoEndBlue2     0x2               ../sbl6/segalib/lib/sega_scl.a(scl_pri.o)
SpFbcrMode          0x2               ../sbl6/segalib/lib/sega_spr.a(spr_1c.o)
Sp2OpenFlag         0x4               ../sbl6/segalib/lib/sega_spr.a(spr_2c.o)
scfg3               0x8c              scroll.o
SclColOffset        0x10              ../sbl6/segalib/lib/sega_scl.a(scl_pri.o)
SclAddrCsTbl        0x8               ../sbl6/segalib/lib/sega_scl.a(scl_func.o)
scfg0               0x8c              scroll.o
SclPriBuffDirty     0x1               ../sbl6/segalib/lib/sega_scl.a(scl_pri.o)
SclAutoEndRed       0x2               ../sbl6/segalib/lib/sega_scl.a(scl_pri.o)
player              0x24              player.o
SclAutoSurface      0x4               ../sbl6/segalib/lib/sega_scl.a(scl_pri.o)
__interrupt_vector  0x400             ../sbl6/segalib/lib/sega_int.a(int.o)
per_hot_res         0x1               ../sbl6/segalib/lib/sega_per.a(per_prt.o)
SclCsx              0x8               ../sbl6/segalib/lib/sega_scl.a(scl_ro00.o)
Scl_s_reg           0x28              ../sbl6/segalib/lib/sega_scl.a(scl_func.o)
SclAutoGreen        0x2               ../sbl6/segalib/lib/sega_scl.a(scl_pri.o)
SclAutoEndGreen     0x2               ../sbl6/segalib/lib/sega_scl.a(scl_pri.o)
SclAutoCount        0x4               ../sbl6/segalib/lib/sega_scl.a(scl_pri.o)
SpGourTblMax        0x4               ../sbl6/segalib/lib/sega_spr.a(spr_2c.o)
SclColRamAlloc256   0x20              ../sbl6/segalib/lib/sega_scl.a(scl_pri.o)
SclRotateXy         0x8               ../sbl6/segalib/lib/sega_scl.a(scl_func.o)
SpDrawPrtyBlk       0x4               ../sbl6/segalib/lib/sega_spr.a(spr_2c.o)
SclAutoCurRate      0x1               ../sbl6/segalib/lib/sega_scl.a(scl_pri.o)
SpLCoordX           0x4               ../sbl6/segalib/lib/sega_spr.a(spr_2c.o)
maps                0x8               scroll.o
SpMstDrawPrtyBlk    0x4               ../sbl6/segalib/lib/sega_spr.a(spr_2c.o)
SclAutoPlusFlag     0x1               ../sbl6/segalib/lib/sega_scl.a(scl_pri.o)
per_set_sys_flg     0x1               ../sbl6/segalib/lib/sega_per.a(per_prt.o)
Scl_d_reg           0x48              ../sbl6/segalib/lib/sega_scl.a(scl_func.o)
SclRotateDisp       0x8               ../sbl6/segalib/lib/sega_scl.a(scl_func.o)
SpGourTbl           0x4               ../sbl6/segalib/lib/sega_spr.a(spr_2c.o)
SclSpColMix         0x8               ../sbl6/segalib/lib/sega_scl.a(scl_pri.o)
SpDil               0x2               ../sbl6/segalib/lib/sega_spr.a(spr_1c.o)
SpLookupTblR        0x2               ../sbl6/segalib/lib/sega_spr.a(spr_2c.o)
SclAutoMax          0x4               ../sbl6/segalib/lib/sega_scl.a(scl_pri.o)
SpCmdTbl            0x4               ../sbl6/segalib/lib/sega_spr.a(spr_2c.o)
SclRotateMoveZ      0x8               ../sbl6/segalib/lib/sega_scl.a(scl_func.o)
scfg2               0x8c              scroll.o
SclLineColRamOffset
                    0x4               ../sbl6/segalib/lib/sega_scl.a(scl_pri.o)
SclRotXySw          0x4               ../sbl6/segalib/lib/sega_scl.a(scl_func.o)
per_get_time_adr    0x4               ../sbl6/segalib/lib/sega_per.a(per_prt.o)
SclColRamAlloc2048  0x4               ../sbl6/segalib/lib/sega_scl.a(scl_pri.o)
SclBgPriNum         0x6               ../sbl6/segalib/lib/sega_scl.a(scl_pri.o)
SpCharMax           0x4               ../sbl6/segalib/lib/sega_spr.a(spr_2c.o)
SpDrawPrtyProcFlag  0x4               ../sbl6/segalib/lib/sega_spr.a(spr_2c.o)
SclAutoEndBlue      0x2               ../sbl6/segalib/lib/sega_scl.a(scl_pri.o)
SpCmdNo             0x4               ../sbl6/segalib/lib/sega_spr.a(spr_2c.o)
SclAutoEndGreen2    0x2               ../sbl6/segalib/lib/sega_scl.a(scl_pri.o)
Scl_r_reg           0x10              ../sbl6/segalib/lib/sega_scl.a(scl_func.o)
SclRPMD             0x2               ../sbl6/segalib/lib/sega_scl.a(scl_func.o)
SpDrawPrtyBlkMax    0x4               ../sbl6/segalib/lib/sega_spr.a(spr_2c.o)
SpDie               0x2               ../sbl6/segalib/lib/sega_spr.a(spr_1c.o)
SclAutoVeFlag       0x1               ../sbl6/segalib/lib/sega_scl.a(scl_pri.o)
SclBgColMix         0x8               ../sbl6/segalib/lib/sega_scl.a(scl_pri.o)
text                0x460             print.o
SpSlvCmdPos         0x4               ../sbl6/segalib/lib/sega_spr.a(spr_2c.o)
per_get_sys_data    0xc               ../sbl6/segalib/lib/sega_per.a(per_prt.o)
SclRbgKtbOffset     0x8               ../sbl6/segalib/lib/sega_scl.a(scl_func.o)
SclAutoIndex        0x4               ../sbl6/segalib/lib/sega_scl.a(scl_pri.o)
SclAutoEndRate      0x1               ../sbl6/segalib/lib/sega_scl.a(scl_pri.o)
SpSlvDrawPrtyBlk    0x4               ../sbl6/segalib/lib/sega_spr.a(spr_2c.o)
_SclRotregBuff      0xd0              ../sbl6/segalib/lib/sega_scl.a(scl_func.o)
SclAutoBlue         0x2               ../sbl6/segalib/lib/sega_scl.a(scl_pri.o)
SpTvMode            0x2               ../sbl6/segalib/lib/sega_spr.a(spr_1c.o)
SpScreenX           0x4               ../sbl6/segalib/lib/sega_spr.a(spr_1c.o)
SclRa               0x1               ../sbl6/segalib/lib/sega_scl.a(scl_func.o)
SclRotateZ          0x8               ../sbl6/segalib/lib/sega_scl.a(scl_func.o)
SpCharTbl           0x4               ../sbl6/segalib/lib/sega_spr.a(spr_2c.o)
SclAddrLsTbl        0x8               ../sbl6/segalib/lib/sega_scl.a(scl_func.o)
SclK_TableNum       0x8               ../sbl6/segalib/lib/sega_scl.a(scl_func.o)
SclAutoRed          0x2               ../sbl6/segalib/lib/sega_scl.a(scl_pri.o)
SpCmdTblR           0x2               ../sbl6/segalib/lib/sega_spr.a(spr_2c.o)
SclAutoInterval     0x4               ../sbl6/segalib/lib/sega_scl.a(scl_pri.o)
SclOtherPri         0x10              ../sbl6/segalib/lib/sega_scl.a(scl_pri.o)
per_time_out_flg    0x1               ../sbl6/segalib/lib/sega_per.a(per_prt.o)
SclRotateTableAddress
                    0x4               ../sbl6/segalib/lib/sega_scl.a(scl_func.o)
SpMstCmdPos         0x4               ../sbl6/segalib/lib/sega_spr.a(spr_2c.o)
SpSlvCmd            0x4               ../sbl6/segalib/lib/sega_spr.a(spr_2c.o)
scfg1               0x8c              scroll.o
SclAutoRGB          0x600             ../sbl6/segalib/lib/sega_scl.a(scl_pri.o)
errno               0x4               c:/saturn/SH_COFF/sh-coff/bin/../lib/gcc/sh-coff/3.4-GNUSH_v0501/../../../../sh-coff/lib\libc.a(syscalls.o)
SclK_TableFlag      0x4               ../sbl6/segalib/lib/sega_scl.a(scl_func.o)
tilemaps            0x4               scroll.o
SclAutoEndRed2      0x2               ../sbl6/segalib/lib/sega_scl.a(scl_pri.o)
SclCsy              0x8               ../sbl6/segalib/lib/sega_scl.a(scl_ro00.o)
SclSpPriNum         0x8               ../sbl6/segalib/lib/sega_scl.a(scl_pri.o)
Scl_w_reg           0x20              ../sbl6/segalib/lib/sega_scl.a(scl_func.o)
SpLCoordY           0x4               ../sbl6/segalib/lib/sega_spr.a(spr_2c.o)
Scl_n_reg           0x40              ../sbl6/segalib/lib/sega_scl.a(scl_func.o)

Memory Configuration

Name             Origin             Length             Attributes
*default*        0x00000000         0xffffffff

Linker script and memory map

LOAD ../sbl6/segasmp/lib/strt1_g.o
LOAD ../sbl6/segasmp/lib/strt2_g.o
LOAD vblank.o
LOAD ../sbl6/segasmp/per/smpclib/per_x1.o
LOAD ../sbl6/segasmp/per/smpclib/per_x2.o
LOAD ../sbl6/segasmp/per/smpclib/per_x3.o
LOAD collision.o
LOAD graphics.o
LOAD player.o
LOAD print.o
LOAD sprite.o
LOAD scroll.o
LOAD main.o
LOAD ../sbl6/segalib/lib/sega_int.a
LOAD ../sbl6/segalib/lib/sega_spr.a
LOAD ../sbl6/segalib/lib/sega_scl.a
LOAD ../sbl6/segalib/lib/sega_mth.a
LOAD ../sbl6/segalib/lib/sega_cdc.a
LOAD ../sbl6/segalib/lib/sega_adp.a
LOAD ../sbl6/segalib/lib/sega_per.a
LOAD ../sbl6/segalib/lib/sega_sat.a
LOAD c:/saturn/SH_COFF/sh-coff/bin/../lib/gcc/sh-coff/3.4-GNUSH_v0501\libgcc.a
LOAD c:/saturn/SH_COFF/sh-coff/bin/../lib/gcc/sh-coff/3.4-GNUSH_v0501/../../../../sh-coff/lib\libc.a
LOAD c:/saturn/SH_COFF/sh-coff/bin/../lib/gcc/sh-coff/3.4-GNUSH_v0501\libgcc.a

.text           0x06010000    0x1eed0
 *(.text)
 .text          0x06010000       0x30 ../sbl6/segasmp/lib/strt1_g.o
                0x06010024                _D_END
                0x06010020                _D_BGN
                0x0601002c                _B_END
                0x06010028                _B_BGN
                0x06010000                START
 .text          0x06010030       0x60 ../sbl6/segasmp/lib/strt2_g.o
                0x06010050                _INITSCT
                0x06010030                _INIT
 .text          0x06010090      0x1b0 vblank.o
                0x06010090                SetVblank
                0x06010140                UsrVblankOut
                0x060100f0                UsrVblankIn
 .text          0x06010240      0x430 ../sbl6/segasmp/per/smpclib/per_x1.o
                0x060105d4                PER_GetAnalogXYZ
                0x06010264                PER_GetTriggerHandler
                0x060104fe                PER_GetEdge
                0x0601047c                PER_GetTrigger
                0x06010528                PER_GetPressEdge
                0x0601057c                PER_GetReleaseEdge
                0x06010240                PER_SetTriggerHandler
 .text          0x06010670      0x200 ../sbl6/segasmp/per/smpclib/per_x2.o
                0x06010774                PER_GetDeviceA
                0x06010670                PER_OpenPort
                0x060106a8                PER_GetPort
                0x060107ee                PER_GetDeviceR
 .text          0x06010870       0x20 ../sbl6/segasmp/per/smpclib/per_x3.o
                0x06010870                PER_DisguiseTrigger
 .text          0x06010890      0xe70 collision.o
                0x06011670                collision_detect_up_right
                0x06010900                over_air
                0x06010a20                collision_detect_down
                0x060116a0                collision_detect_down_left
                0x06010d40                collision_detect_left
                0x060116d0                collision_detect_down_right
                0x06010890                floor_tiles
                0x06011030                collision_detect_up
                0x06011640                collision_detect_up_left
                0x06011320                collision_detect_right
 .text          0x06011700    0x11e50 graphics.o
                0x0602314c                font3
                0x0602344c                font0
                0x06017700                map2
                0x0602234c                guy0
                0x06015700                map3
                0x06022b4c                font9
                0x06012700                bg0_chr
                0x06011700                bg0_3map
                0x0602034c                guyback1
                0x06019700                map1
                0x06020b4c                guyback0
                0x0602304c                font4
                0x06022e4c                font6
                0x0602334c                font1
                0x06021b4c                guy1
                0x0601b700                wood_chr
                0x06011f00                bg0_2map
                0x0601f34c                guyside0
                0x0601df00                wood_pal
                0x06022d4c                font7
                0x0601fb4c                guyback2
                0x0601eb4c                guyside1
                0x0601e34c                guyside2
                0x0602324c                font2
                0x06022f4c                font5
                0x0602134c                guy2
                0x0601e300                dimensions
                0x06015300                bg0_pal
                0x06022c4c                font8
 .text          0x06023550      0x4b0 player.o
                0x06023550                player_side
                0x06023560                player_down
                0x06023558                player_up
                0x06023568                states
                0x060236b0                player_input
                0x06023590                player_init
                0x06023940                player_draw
                0x060235d0                player_animate
 .text          0x06023a00      0x130 print.o
                0x06023a90                print_display
                0x06023a40                print_num
                0x06023a00                print_init
 .text          0x06023b30      0x410 sprite.o
                0x06023b30                sprite_init
                0x06023e40                sprite_make
                0x06023eb0                sprite_next
                0x06023f10                sprite_delete
                0x06023be0                sprite_draw
 .text          0x06023f40      0xab0 scroll.o
                0x060247a0                scroll_transition
                0x06023f40                scroll_move
                0x06024440                scroll_get
                0x06024490                scroll_copy
                0x06024050                scroll_set
                0x06024140                scroll_init
                0x06024080                scroll_scale
 .text          0x060249f0       0xf0 main.o
                0x060249f0                main
 .text          0x06024ae0       0x40 ../sbl6/segalib/lib/sega_int.a(int.o)
                0x06024b0c                INT_GetScuFunc
                0x06024ae0                INT_SetScuFunc
 .text          0x06024b20      0x624 ../sbl6/segalib/lib/sega_int.a(int_trmp.o)
                0x06024c88                __interrupt_handler60
                0x06024e38                __interrupt_handler132
                0x06024fee                __interrupt_handler205
                0x06024e56                __interrupt_handler137
                0x06024d84                __interrupt_handler102
                0x06024bc2                __interrupt_handler27
                0x06024fc4                __interrupt_handler198
                0x06024eb6                __interrupt_handler153
                0x06024b9e                __interrupt_handler21
                0x06024cac                __interrupt_handler66
                0x06024d9c                __interrupt_handler106
                0x06024ee6                __interrupt_handler161
                0x06024d30                __interrupt_handler88
                0x06024efe                __interrupt_handler165
                0x06024e0e                __interrupt_handler125
                0x06024b44                __interrupt_handler6
                0x06024be0                __interrupt_handler32
                0x06024f9a                __interrupt_handler191
                0x060250b4                __interrupt_handler238
                0x060250cc                __interrupt_handler242
                0x06024ed4                __interrupt_handler158
                0x06024d3c                __interrupt_handler90
                0x06024ef8                __interrupt_handler164
                0x06024c1c                __interrupt_handler42
                0x06024f5e                __interrupt_handler181
                0x06025066                __interrupt_handler225
                0x0602510e                __interrupt_handler253
                0x06024f22                __interrupt_handler171
                0x06024cdc                __interrupt_handler74
                0x06024b32                __interrupt_handler3
                0x06024c76                __interrupt_handler57
                0x06024b74                __interrupt_handler14
                0x0602500c                __interrupt_handler210
                0x0602503c                __interrupt_handler218
                0x06025000                __interrupt_handler208
                0x06024c04                __interrupt_handler38
                0x06024b20                __interrupt_handler0
                0x06024d90                __interrupt_handler104
                0x06024ece                __interrupt_handler157
                0x0602501e                __interrupt_handler213
                0x06024f10                __interrupt_handler168
                0x06024d1e                __interrupt_handler85
                0x06024dba                __interrupt_handler111
                0x06024dcc                __interrupt_handler114
                0x06024c3a                __interrupt_handler47
                0x06025090                __interrupt_handler232
                0x0602505a                __interrupt_handler223
                0x060250ae                __interrupt_handler237
                0x06024c9a                __interrupt_handler63
                0x06024c28                __interrupt_handler44
                0x06024f3a                __interrupt_handler175
                0x06024f64                __interrupt_handler182
                0x06024f7c                __interrupt_handler186
                0x06024e7a                __interrupt_handler143
                0x06024da2                __interrupt_handler107
                0x06024e08                __interrupt_handler124
                0x06024f28                __interrupt_handler172
                0x060250de                __interrupt_handler245
                0x06024d5a                __interrupt_handler95
                0x06024e32                __interrupt_handler131
                0x06024e44                __interrupt_handler134
                0x06024e62                __interrupt_handler139
                0x06024cd0                __interrupt_handler72
                0x0602508a                __interrupt_handler231
                0x06024ee0                __interrupt_handler160
                0x06024e26                __interrupt_handler129
                0x06024b98                __interrupt_handler20
                0x06024ca6                __interrupt_handler65
                0x06024c70                __interrupt_handler56
                0x06024b6e                __interrupt_handler13
                0x06025006                __interrupt_handler209
                0x06024dc0                __interrupt_handler112
                0x06024b92                __interrupt_handler19
                0x06024d4e                __interrupt_handler93
                0x06024fb8                __interrupt_handler196
                0x06024eaa                __interrupt_handler151
                0x06024f0a                __interrupt_handler167
                0x06025120                __trampoline
                0x06024b86                __interrupt_handler17
                0x06025078                __interrupt_handler228
                0x0602511a                __interrupt_handler255
                0x060250d8                __interrupt_handler244
                0x06024d72                __interrupt_handler99
                0x06024f6a                __interrupt_handler183
                0x06024e68                __interrupt_handler140
                0x06024f8e                __interrupt_handler189
                0x06024e8c                __interrupt_handler146
                0x06025054                __interrupt_handler222
                0x06024ec8                __interrupt_handler156
                0x06024dfc                __interrupt_handler122
                0x060250f0                __interrupt_handler248
                0x06024c40                __interrupt_handler48
                0x06024cbe                __interrupt_handler69
                0x06024bb0                __interrupt_handler24
                0x06024d36                __interrupt_handler89
                0x0602502a                __interrupt_handler215
                0x06025114                __interrupt_handler254
                0x06024d2a                __interrupt_handler87
                0x06024c8e                __interrupt_handler61
                0x06024fb2                __interrupt_handler195
                0x06024ea4                __interrupt_handler150
                0x06024c16                __interrupt_handler41
                0x06024db4                __interrupt_handler110
                0x06024e1a                __interrupt_handler127
                0x06024da8                __interrupt_handler108
                0x06024dc6                __interrupt_handler113
                0x06024dd8                __interrupt_handler116
                0x06024df6                __interrupt_handler121
                0x06024cee                __interrupt_handler77
                0x06024c0a                __interrupt_handler39
                0x06024c22                __interrupt_handler43
                0x060250f6                __interrupt_handler249
                0x06024f34                __interrupt_handler174
                0x06024e50                __interrupt_handler136
                0x06024f88                __interrupt_handler188
                0x06024e86                __interrupt_handler145
                0x06024b56                __interrupt_handler9
                0x06024cfa                __interrupt_handler79
                0x06025072                __interrupt_handler227
                0x06024bec                __interrupt_handler34
                0x06024e2c                __interrupt_handler130
                0x060250ea                __interrupt_handler247
                0x06024ce2                __interrupt_handler75
                0x06024f2e                __interrupt_handler173
                0x06024c5e                __interrupt_handler53
                0x06024e9e                __interrupt_handler149
                0x06025102                __interrupt_handler251
                0x06025096                __interrupt_handler233
                0x06024b5c                __interrupt_handler10
                0x06024fe8                __interrupt_handler204
                0x06024d0c                __interrupt_handler82
                0x06024d12                __interrupt_handler83
                0x06024bb6                __interrupt_handler25
                0x060250d2                __interrupt_handler243
                0x06024eec                __interrupt_handler162
                0x06024c34                __interrupt_handler46
                0x06024f4c                __interrupt_handler178
                0x06024d00                __interrupt_handler80
                0x06024c94                __interrupt_handler62
                0x06024b2c                __interrupt_handler2
                0x06024bce                __interrupt_handler29
                0x06024cc4                __interrupt_handler70
                0x06024dae                __interrupt_handler109
                0x06024e98                __interrupt_handler148
                0x06024d54                __interrupt_handler94
                0x06025060                __interrupt_handler224
                0x06024d8a                __interrupt_handler103
                0x06024bf8                __interrupt_handler36
                0x06024e14                __interrupt_handler126
                0x060250e4                __interrupt_handler246
                0x06024c6a                __interrupt_handler55
                0x06024b68                __interrupt_handler12
                0x06024c58                __interrupt_handler52
                0x06024f82                __interrupt_handler187
                0x06024e80                __interrupt_handler144
                0x06024dde                __interrupt_handler117
                0x06024b8c                __interrupt_handler18
                0x06024fbe                __interrupt_handler197
                0x06024eb0                __interrupt_handler152
                0x06024de4                __interrupt_handler118
                0x06024f1c                __interrupt_handler170
                0x06024fd6                __interrupt_handler201
                0x06024d66                __interrupt_handler97
                0x06024ef2                __interrupt_handler163
                0x06024f58                __interrupt_handler180
                0x06024fa0                __interrupt_handler192
                0x060250c0                __interrupt_handler240
                0x06024e02                __interrupt_handler123
                0x06025024                __interrupt_handler214
                0x06024bda                __interrupt_handler31
                0x06024bc8                __interrupt_handler28
                0x06024cb2                __interrupt_handler67
                0x06024cb8                __interrupt_handler68
                0x06024ba4                __interrupt_handler22
                0x06024baa                __interrupt_handler23
                0x06024f40                __interrupt_handler176
                0x06024b4a                __interrupt_handler7
                0x0602504e                __interrupt_handler221
                0x06025036                __interrupt_handler217
                0x0602507e                __interrupt_handler229
                0x06024c46                __interrupt_handler49
                0x06024b38                __interrupt_handler4
                0x06024c10                __interrupt_handler40
                0x06024dd2                __interrupt_handler115
                0x060250a2                __interrupt_handler235
                0x06024d42                __interrupt_handler91
                0x06024ff4                __interrupt_handler206
                0x06024f46                __interrupt_handler177
                0x06024e92                __interrupt_handler147
                0x06024bfe                __interrupt_handler37
                0x060250fc                __interrupt_handler250
                0x06024b26                __interrupt_handler1
                0x06025042                __interrupt_handler219
                0x06024ce8                __interrupt_handler76
                0x06024d78                __interrupt_handler100
                0x06024c7c                __interrupt_handler58
                0x06024b7a                __interrupt_handler15
                0x06025018                __interrupt_handler212
                0x060250c6                __interrupt_handler241
                0x06024fdc                __interrupt_handler202
                0x06024fa6                __interrupt_handler193
                0x06024cf4                __interrupt_handler78
                0x06024c4c                __interrupt_handler50
                0x06024be6                __interrupt_handler33
                0x06024f04                __interrupt_handler166
                0x06024e5c                __interrupt_handler138
                0x06024e4a                __interrupt_handler135
                0x06024bd4                __interrupt_handler30
                0x06024f70                __interrupt_handler184
                0x06024e6e                __interrupt_handler141
                0x06025084                __interrupt_handler230
                0x060250a8                __interrupt_handler236
                0x06024dea                __interrupt_handler119
                0x06024d24                __interrupt_handler86
                0x06024d96                __interrupt_handler105
                0x06024d06                __interrupt_handler81
                0x06024df0                __interrupt_handler120
                0x06024e20                __interrupt_handler128
                0x06024c64                __interrupt_handler54
                0x06024b62                __interrupt_handler11
                0x06024fca                __interrupt_handler199
                0x06024ebc                __interrupt_handler154
                0x06024c2e                __interrupt_handler45
                0x06025030                __interrupt_handler216
                0x06024fe2                __interrupt_handler203
                0x06024d7e                __interrupt_handler101
                0x06024d18                __interrupt_handler84
                0x06024f76                __interrupt_handler185
                0x06024e74                __interrupt_handler142
                0x06024bbc                __interrupt_handler26
                0x06024ca0                __interrupt_handler64
                0x06024fd0                __interrupt_handler200
                0x06024ffa                __interrupt_handler207
                0x06024fac                __interrupt_handler194
                0x06024d48                __interrupt_handler92
                0x06024ec2                __interrupt_handler155
                0x06025012                __interrupt_handler211
                0x06024e3e                __interrupt_handler133
                0x06024b3e                __interrupt_handler5
                0x06024cd6                __interrupt_handler73
                0x06024b80                __interrupt_handler16
                0x060250ba                __interrupt_handler239
                0x0602509c                __interrupt_handler234
                0x06024bf2                __interrupt_handler35
                0x06024c82                __interrupt_handler59
                0x06024f16                __interrupt_handler169
                0x06024d6c                __interrupt_handler98
                0x06024cca                __interrupt_handler71
                0x06024c52                __interrupt_handler51
                0x06024eda                __interrupt_handler159
                0x0602506c                __interrupt_handler226
                0x06024d60                __interrupt_handler96
                0x06024f94                __interrupt_handler190
                0x06025048                __interrupt_handler220
                0x06024b50                __interrupt_handler8
                0x06024f52                __interrupt_handler179
                0x06025108                __interrupt_handler252
 *fill*         0x06025144        0xc 00
 .text          0x06025150     0x12a0 ../sbl6/segalib/lib/sega_spr.a(spr_2c.o)
                0x060263b0                SlaveFlushDrawPrtyBlock
                0x06025150                SPR_2Initial
                0x06025994                SPR_2SysClip
                0x06025934                SPR_2LocalCoord
                0x0602622c                SPR_2FlushDrawPrtyBlock
                0x06025f18                SPR_2DistSpr
                0x0602591c                SPR_2FlushDrawPrty
                0x0602603c                SPR_2Cmd
                0x06025618                SPR_2GourTblNoToVram
                0x06025678                SPR_2GetAreaSizeInfo
                0x060253e0                SPR_2SetGourTbl
                0x06025bcc                SPR_2Polygon
                0x06025654                SPR_2CharNoToVram
                0x06025360                SPR_2SetTvMode
                0x060257bc                SPR_2CloseCommand
                0x0602539c                SPR_2FrameEraseData
                0x06025178                SPR_2Initial2
                0x06025dac                SPR_2ScaleSpr
                0x06025a3c                SPR_2Line
                0x06025708                SPR_2OpenCommand
                0x0602537c                SPR_2FrameChgIntr
                0x06025c88                SPR_2NormSpr
                0x06025410                SPR_2SetLookupTbl
                0x06025444                SPR_2SetChar
                0x0602563c                SPR_2LookupTblNoToVram
                0x06025b10                SPR_2PolyLine
                0x060255b0                SPR_2ClrAllChar
                0x06025564                SPR_2ClrChar
                0x060259e0                SPR_2UserClip
 .text          0x060263f0      0x1e6 ../sbl6/segalib/lib/sega_spr.a(spr_slv.o)
                0x06026554                SPR_WaitEndSlaveSH
                0x060263f0                SPR_SMPC_SSHON
                0x06026530                SPR_RunSlaveSH
                0x060263f4                SPR_InitSlaveSH
                0x060264bc                SPR_SlaveSHmain
                0x060263f1                SPR_SMPC_SSHOFF
 *fill*         0x060265d6        0xa 00
 .text          0x060265e0      0x36a ../sbl6/segalib/lib/sega_spr.a(spr_1c.o)
                0x06026894                SPR_WaitDrawEnd
                0x060268ac                SPR_SetEosMode
                0x060267c4                SPR_SetEraseData
                0x060265e0                SPR_Initial
                0x060266b8                SPR_SetTvMode
                0x06026750                SPR_GetStatus
 *fill*         0x0602694a        0x6 00
 .text          0x06026950      0x244 ../sbl6/segalib/lib/sega_spr.a(spr_2a.o)
                0x06026962                sprMemCpyW
                0x060269c0                flushDrawPrtyBlock
                0x06026950                sprMemCpyL
                0x06026974                SPR_2SetDrawPrty
 *fill*         0x06026b94        0xc 00
 .text          0x06026ba0      0x2fc ../sbl6/segalib/lib/sega_scl.a(scl_vblv.o)
                0x06026c5c                SCL_DisplayFrame
                0x06026ba0                SCL_SetFrameInterval
                0x06026c90                SCL_VblInit
                0x06026ce0                SCL_VblankStart
                0x06026d24                SCL_VblankEnd
 *fill*         0x06026e9c        0x4 00
 .text          0x06026ea0      0xb9c ../sbl6/segalib/lib/sega_scl.a(scl_func.o)
                0x0602787c                SCL_Vdp2_SGLInit
                0x0602778c                SCL_PriIntProc
                0x06027704                SCL_Memcpyw
                0x06027a1c                SCL_SglOff
                0x060279fc                SCL_SglOn
                0x06027670                SCL_ScrollShow
                0x06027118                SCL_Close
                0x06027410                SCL_Scale
                0x06026ea0                SCL_Vdp2Init
                0x06027284                SCL_Move
                0x0602754c                SCL_CopyReg
                0x060270f4                SCL_Open
                0x06026f24                SCL_ParametersInit
                0x06027134                SCL_MoveTo
                0x0602772c                SCL_SetColRamMode
 *fill*         0x06027a3c        0x4 00
 .text          0x06027a40      0x138 ../sbl6/segalib/lib/sega_scl.a(scl_pr03.o)
                0x06027a40                SCL_FreeColRam
                0x06027a78                SCL_AllocColRam
 *fill*         0x06027b78        0x8 00
 .text          0x06027b80       0x9c ../sbl6/segalib/lib/sega_scl.a(scl_pr02.o)
                0x06027b80                SCL_SetColRam
 *fill*         0x06027c1c        0x4 00
 .text          0x06027c20       0x84 ../sbl6/segalib/lib/sega_scl.a(scl_back.o)
                0x06027c20                SCL_SetBack
 *fill*         0x06027ca4        0xc 00
 .text          0x06027cb0      0x94c ../sbl6/segalib/lib/sega_scl.a(scl_fu03.o)
                0x06027d0c                SCL_SetConfig
                0x06027cb0                SCL_InitConfigTb
 *fill*         0x060285fc        0x4 00
 .text          0x06028600      0x4f4 ../sbl6/segalib/lib/sega_scl.a(scl_fu02.o)
                0x06028638                SCL_SetVramConfig
                0x06028600                SCL_InitVramConfigTb
 *fill*         0x06028af4        0xc 00
 .text          0x06028b00       0x28 ../sbl6/segalib/lib/sega_scl.a(scl_fu04.o)
                0x06028b00                SCL_SetCycleTable
 *fill*         0x06028b28        0x8 00
 .text          0x06028b30      0x214 ../sbl6/segalib/lib/sega_scl.a(scl_pr07.o)
                0x06028b30                SCL_SetPriority
 *fill*         0x06028d44        0xc 00
 .text          0x06028d50     0x10a4 ../sbl6/segalib/lib/sega_scl.a(scl_pri.o)
                0x06028de4                SCL_AbortAutoVe
                0x06029c94                SCL_SetShadowBit
                0x0602925c                SCL_AutoExec
                0x06028d50                SCL_PriorityInit
                0x06029770                SCL_IncColOffset
                0x06028df8                SCL_SetColMixRate
                0x06028dc8                SCL_GetColRamMode
 *fill*         0x06029df4        0xc 00
 .text          0x06029e00       0x58 ../sbl6/segalib/lib/sega_scl.a(scl_pr01.o)
                0x06029e00                SCL_SetSpriteMode
 *fill*         0x06029e58        0x8 00
 .text          0x06029e60     0x1394 ../sbl6/segalib/lib/sega_scl.a(scl_ro00.o)
                0x0602b04c                SCL_RotateZD
                0x0602a314                SCL_Rotate
                0x06029fe8                SCL_InitRotateTable
 *fill*         0x0602b1f4        0xc 00
 .text          0x0602b200      0x1b4 ../sbl6/segalib/lib/sega_scl.a(scl_pr06.o)
                0x0602b200                SCL_SetColRamOffset
 *fill*         0x0602b3b4        0xc 00
 .text          0x0602b3c0       0xac ../sbl6/segalib/lib/sega_scl.a(scl_pr05.o)
                0x0602b3c0                SCL_GetColRamOffset
 *fill*         0x0602b46c        0x4 00
 .text          0x0602b470       0xa4 ../sbl6/segalib/lib/sega_mth.a(mth_fixd.o)
                0x0602b4c0                MTH_FixedToInt
                0x0602b4b0                MTH_IntToFixed
                0x0602b470                MTH_Mul
                0x0602b4d0                MTH_Product
                0x0602b490                MTH_Div
 *fill*         0x0602b514        0xc 00
 .text          0x0602b520      0x600 ../sbl6/segalib/lib/sega_mth.a(mth_tri.o)
                0x0602b5bc                fcos
                0x0602b5c2                fsin
                0x0602b56c                MTH_Cos
                0x0602b520                MTH_Sin
                0x0602b760                MTH_Atan
 .text          0x0602bb20      0xf50 ../sbl6/segalib/lib/sega_per.a(per_prt.o)
                0x0602bf40                PER_IntFunc
                0x0602bd38                PER_LGetPer
                0x0602bb20                PER_LInit
 .text          0x0602ca70      0x1f4 ../sbl6/segalib/lib/sega_sat.a(DMA_SCU1.o)
                0x0602cbcc                DMA_ScuResult
                0x0602ca70                DMA_ScuInit
                0x0602cac0                DMA_ScuMemCopy
 *fill*         0x0602cc64        0xc 00
 .text          0x0602cc70      0x308 ../sbl6/segalib/lib/sega_sat.a(DMA_SCU0.o)
                0x0602ccf4                DMA_ScuStart
                0x0602ce28                DMA_ScuIntFunc0
                0x0602ce98                DMA_ScuIntFunc1
                0x0602cf08                DMA_ScuIntFunc2
                0x0602cde8                DMA_ScuGetStatus
                0x0602cc70                DMA_ScuSetPrm
 *fill*         0x0602cf78        0x8 00
 .text          0x0602cf80       0xe8 ../sbl6/segalib/lib/sega_sat.a(csh_main.o)
                0x0602cf80                CSH_Init
                0x0602cfe8                CSH_AllClr
                0x0602d034                CSH_Purge
 *fill*         0x0602d068        0x8 00
 .text          0x0602d070       0x90 c:/saturn/SH_COFF/sh-coff/bin/../lib/gcc/sh-coff/3.4-GNUSH_v0501\libgcc.a(_ashiftlt.o)
                0x0602d070                __ashlsi3
 .text          0x0602d100       0xb0 c:/saturn/SH_COFF/sh-coff/bin/../lib/gcc/sh-coff/3.4-GNUSH_v0501\libgcc.a(_movstr.o)
                0x0602d140                __movstrSI16
                0x0602d114                __movstrSI60
                0x0602d120                __movstrSI48
                0x0602d11c                __movstrSI52
                0x0602d110                __movstrSI64
                0x0602d124                __movstrSI44
                0x0602d128                __movstrSI40
                0x0602d12c                __movstrSI36
                0x0602d160                __movstr
                0x0602d118                __movstrSI56
                0x0602d134                __movstrSI28
                0x0602d130                __movstrSI32
                0x0602d144                __movstrSI12
                0x0602d148                __movstrSI8
                0x0602d150                __movstrSI0
                0x0602d138                __movstrSI24
                0x0602d13c                __movstrSI20
                0x0602d14c                __movstrSI4
 .text          0x0602d1b0       0xa0 c:/saturn/SH_COFF/sh-coff/bin/../lib/gcc/sh-coff/3.4-GNUSH_v0501\libgcc.a(__main.o)
                0x0602d224                __main
                0x0602d1b0                __do_global_dtors
                0x0602d1e4                __do_global_ctors
 .text          0x0602d250       0x70 c:/saturn/SH_COFF/sh-coff/bin/../lib/gcc/sh-coff/3.4-GNUSH_v0501\libgcc.a(_udivsi3.o)
                0x0602d272                __udivsi3
 .text          0x0602d2c0       0x60 c:/saturn/SH_COFF/sh-coff/bin/../lib/gcc/sh-coff/3.4-GNUSH_v0501\libgcc.a(_ashiftrt.o)
                0x0602d2cc                __ashiftrt_r4_27
                0x0602d300                __ashiftrt_r4_6
                0x0602d2f0                __ashiftrt_r4_14
                0x0602d2e2                __ashiftrt_r4_19
                0x0602d2fa                __ashiftrt_r4_9
                0x0602d30e                __ashiftrt_r4_0
                0x0602d2c0                __ashiftrt_r4_31
                0x0602d2ce                __ashiftrt_r4_26
                0x0602d2dc                __ashiftrt_r4_22
                0x0602d2e8                __ashiftrt_r4_16
                0x0602d2f4                __ashiftrt_r4_12
                0x0602d2c8                __ashiftrt_r4_29
                0x0602d2e6                __ashiftrt_r4_17
                0x0602d2c6                __ashiftrt_r4_30
                0x0602d302                __ashiftrt_r4_5
                0x0602d2fc                __ashiftrt_r4_8
                0x0602d2c0                __ashiftrt_r4_32
                0x0602d2d0                __ashiftrt_r4_25
                0x0602d308                __ashiftrt_r4_2
                0x0602d2d2                __ashiftrt_r4_24
                0x0602d2ee                __ashiftrt_r4_15
                0x0602d2f8                __ashiftrt_r4_10
                0x0602d30a                __ashiftrt_r4_1
                0x0602d2ca                __ashiftrt_r4_28
                0x0602d2e0                __ashiftrt_r4_20
                0x0602d2fe                __ashiftrt_r4_7
                0x0602d2f2                __ashiftrt_r4_13
                0x0602d2f6                __ashiftrt_r4_11
                0x0602d304                __ashiftrt_r4_4
                0x0602d2da                __ashiftrt_r4_23
                0x0602d2e4                __ashiftrt_r4_18
                0x0602d2de                __ashiftrt_r4_21
                0x0602d306                __ashiftrt_r4_3
 .text          0x0602d320       0xb0 c:/saturn/SH_COFF/sh-coff/bin/../lib/gcc/sh-coff/3.4-GNUSH_v0501\libgcc.a(_si_to_df.o)
                0x0602d320                __floatsidf
 .text          0x0602d3d0      0x2e0 c:/saturn/SH_COFF/sh-coff/bin/../lib/gcc/sh-coff/3.4-GNUSH_v0501\libgcc.a(_mul_df.o)
                0x0602d3e0                __muldf3
 .text          0x0602d6b0       0x80 c:/saturn/SH_COFF/sh-coff/bin/../lib/gcc/sh-coff/3.4-GNUSH_v0501\libgcc.a(_df_to_si.o)
                0x0602d6b0                __fixdfsi
 .text          0x0602d730      0x220 c:/saturn/SH_COFF/sh-coff/bin/../lib/gcc/sh-coff/3.4-GNUSH_v0501\libgcc.a(_pack_df.o)
                0x0602d740                __pack_d
 .text          0x0602d950      0x120 c:/saturn/SH_COFF/sh-coff/bin/../lib/gcc/sh-coff/3.4-GNUSH_v0501\libgcc.a(_unpack_df.o)
                0x0602d960                __unpack_d
 .text          0x0602da70       0x20 c:/saturn/SH_COFF/sh-coff/bin/../lib/gcc/sh-coff/3.4-GNUSH_v0501\libgcc.a(_thenan_df.o)
                0x0602da70                __thenan_df
 .text          0x0602da90       0xd0 c:/saturn/SH_COFF/sh-coff/bin/../lib/gcc/sh-coff/3.4-GNUSH_v0501\libgcc.a(_muldi3.o)
                0x0602da90                __muldi3
 .text          0x0602db60       0x80 c:/saturn/SH_COFF/sh-coff/bin/../lib/gcc/sh-coff/3.4-GNUSH_v0501\libgcc.a(_lshrdi3.o)
                0x0602db60                __lshrdi3
 .text          0x0602dbe0       0x80 c:/saturn/SH_COFF/sh-coff/bin/../lib/gcc/sh-coff/3.4-GNUSH_v0501\libgcc.a(_ashldi3.o)
                0x0602dbe0                __ashldi3
 .text          0x0602dc60       0x30 c:/saturn/SH_COFF/sh-coff/bin/../lib/gcc/sh-coff/3.4-GNUSH_v0501\libgcc.a(_mulsi3.o)
                0x0602dc60                __mulsi3
 .text          0x0602dc90       0x90 c:/saturn/SH_COFF/sh-coff/bin/../lib/gcc/sh-coff/3.4-GNUSH_v0501\libgcc.a(_lshiftrt.o)
                0x0602dc90                __lshrsi3
 .text          0x0602dd20       0xa0 c:/saturn/SH_COFF/sh-coff/bin/../lib/gcc/sh-coff/3.4-GNUSH_v0501/../../../../sh-coff/lib\libc.a(memcpy.o)
                0x0602dd20                memcpy
 .text          0x0602ddc0       0x40 c:/saturn/SH_COFF/sh-coff/bin/../lib/gcc/sh-coff/3.4-GNUSH_v0501/../../../../sh-coff/lib\libc.a(memset.o)
                0x0602ddc0                memset
 .text          0x0602de00       0x90 c:/saturn/SH_COFF/sh-coff/bin/../lib/gcc/sh-coff/3.4-GNUSH_v0501/../../../../sh-coff/lib\libc.a(atexit.o)
                0x0602de00                atexit
 .text          0x0602de90       0x10 c:/saturn/SH_COFF/sh-coff/bin/../lib/gcc/sh-coff/3.4-GNUSH_v0501/../../../../sh-coff/lib\libc.a(impure.o)
                0x0602de90                _global_impure_ptr
 .text          0x0602dea0       0x40 c:/saturn/SH_COFF/sh-coff/bin/../lib/gcc/sh-coff/3.4-GNUSH_v0501/../../../../sh-coff/lib\libc.a(malloc.o)
                0x0602debc                free
                0x0602dea0                malloc
 .text          0x0602dee0      0x5b0 c:/saturn/SH_COFF/sh-coff/bin/../lib/gcc/sh-coff/3.4-GNUSH_v0501/../../../../sh-coff/lib\libc.a(mallocr.o)
                0x0602dee0                _malloc_r
 .text          0x0602e490      0x340 c:/saturn/SH_COFF/sh-coff/bin/../lib/gcc/sh-coff/3.4-GNUSH_v0501/../../../../sh-coff/lib\libc.a(freer.o)
                0x0602e490                _malloc_trim_r
                0x0602e584                _free_r
 .text          0x0602e7d0       0x20 c:/saturn/SH_COFF/sh-coff/bin/../lib/gcc/sh-coff/3.4-GNUSH_v0501/../../../../sh-coff/lib\libc.a(mlock.o)
                0x0602e7d0                __malloc_lock
                0x0602e7dc                __malloc_unlock
 .text          0x0602e7f0       0x50 c:/saturn/SH_COFF/sh-coff/bin/../lib/gcc/sh-coff/3.4-GNUSH_v0501/../../../../sh-coff/lib\libc.a(sbrkr.o)
                0x0602e7f0                _sbrk_r
 .text          0x0602e840      0x380 c:/saturn/SH_COFF/sh-coff/bin/../lib/gcc/sh-coff/3.4-GNUSH_v0501/../../../../sh-coff/lib\libc.a(syscalls.o)
                0x0602e9ac                _exit
                0x0602e9e0                _getpid
                0x0602ea48                _utime
                0x0602e878                _write
                0x0602e840                _read
                0x0602e994                _unlink
                0x0602e95c                _open
                0x0602e9f8                _stat
                0x0602e9a0                isatty
                0x0602ea78                _wait
                0x0602e9c4                _kill
                0x0602ea14                _chmod
                0x0602eaa8                _execv
                0x0602ea8c                _execve
                0x0602eb84                __setup_argv_and_call_main
                0x0602eae0                _gettimeofday
                0x0602e8ac                _link
                0x0602e9ec                _raise
                0x0602e978                _creat
                0x0602eac0                _pipe
                0x0602ea2c                _chown
                0x0602e85c                _lseek
                0x0602e894                _close
                0x0602ead4                _times
                0x0602e948                _fstat
                0x0602ea64                _fork
                0x0602e8d4                _sbrk
 .text          0x0602ebc0       0x20 c:/saturn/SH_COFF/sh-coff/bin/../lib/gcc/sh-coff/3.4-GNUSH_v0501/../../../../sh-coff/lib\libc.a(trap.o)
                0x0602ebc0                __trap34
 .text          0x0602ebe0       0x20 c:/saturn/SH_COFF/sh-coff/bin/../lib/gcc/sh-coff/3.4-GNUSH_v0501/../../../../sh-coff/lib\libc.a(abort.o)
                0x0602ebe0                abort
 .text          0x0602ec00      0x270 c:/saturn/SH_COFF/sh-coff/bin/../lib/gcc/sh-coff/3.4-GNUSH_v0501/../../../../sh-coff/lib\libc.a(signal.o)
                0x0602ecc0                _raise_r
                0x0602ee48                __sigtramp
                0x0602edf4                raise
                0x0602ee30                _init_signal
                0x0602ed80                __sigtramp_r
                0x0602ee10                signal
                0x0602ec4c                _signal_r
                0x0602ec00                _init_signal_r
 .text          0x0602ee70       0x60 c:/saturn/SH_COFF/sh-coff/bin/../lib/gcc/sh-coff/3.4-GNUSH_v0501/../../../../sh-coff/lib\libc.a(signalr.o)
                0x0602eeb8                _getpid_r
                0x0602ee70                _kill_r
 *(.strings)

.tors           0x0602eed0        0x0
                0x0602eed0                ___ctors = .
 *(.ctors)
                0x0602eed0                ___ctors_end = .
                0x0602eed0                ___dtors = .
 *(.dtors)
                0x0602eed0                ___dtors_end = .

.data           0x0602eed0     0x1120
                0x0602eed0                STARTOF_R = .
 *(.data)
 .data          0x0602eed0      0x400 ../sbl6/segasmp/per/smpclib/per_x1.o
 .data          0x0602f2d0       0x50 graphics.o
                0x0602f2d0                tiles
 .data          0x0602f320       0x30 sprite.o
 .data          0x0602f350       0x20 scroll.o
                0x0602f350                CycleTb
                0x0602f360                vram
 .data          0x0602f370       0x10 main.o
                0x0602f370                levels
 .data          0x0602f380      0x400 ../sbl6/segalib/lib/sega_int.a(int.o)
 .data          0x0602f780       0x1c ../sbl6/segalib/lib/sega_spr.a(spr_slv.o)
                0x0602f788                SPR_SlaveParam
                0x0602f798                SPR_SMPC_SF
                0x0602f790                SPR_SMPC_COM
                0x0602f78c                SPR_SlaveSHEntry
                0x0602f784                SPR_SlaveState
                0x0602f780                SPR_SlaveCommand
                0x0602f794                SPR_SMPC_RET
 *fill*         0x0602f79c        0x4 00
 .data          0x0602f7a0       0x34 ../sbl6/segalib/lib/sega_spr.a(spr_1c.o)
                0x0602f7a0                SpInitialFlag
 *fill*         0x0602f7d4        0xc 00
 .data          0x0602f7e0       0x1c ../sbl6/segalib/lib/sega_scl.a(scl_vblv.o)
                0x0602f7e8                VBInterval
                0x0602f7f0                ReqDisplayFlag
                0x0602f7e0                SpFrameChgMode
                0x0602f7ec                VBIntervalCounter
                0x0602f7e4                SpFrameEraseMode
 *fill*         0x0602f7fc        0x4 00
 .data          0x0602f800       0x36 ../sbl6/segalib/lib/sega_scl.a(scl_func.o)
                0x0602f810                SclRotregBuff
                0x0602f80c                SclDisplayY
                0x0602f814                SclRotateTableMode
                0x0602f808                SclProcess
                0x0602f804                SclCurSclNum
                0x0602f800                SclLengthLsTbl
                0x0602f80a                SclDisplayX
                0x0602f802                SclLengthCsTbl
 *fill*         0x0602f836        0xa 00
 .data          0x0602f840       0x18 ../sbl6/segalib/lib/sega_scl.a(scl_pri.o)
                0x0602f844                SclRealSpPriNum
                0x0602f854                SclRealColOffset
                0x0602f850                SclRealBgColMix
                0x0602f84c                SclRealSpColMix
                0x0602f848                SclRealBgPriNum
                0x0602f840                SclRealOtherPri
 *fill*         0x0602f858        0x8 00
 .data          0x0602f860      0x380 c:/saturn/SH_COFF/sh-coff/bin/../lib/gcc/sh-coff/3.4-GNUSH_v0501/../../../../sh-coff/lib\libc.a(impure.o)
                0x0602fbdc                _impure_ptr
 .data          0x0602fbe0      0x410 c:/saturn/SH_COFF/sh-coff/bin/../lib/gcc/sh-coff/3.4-GNUSH_v0501/../../../../sh-coff/lib\libc.a(mallocr.o)
                0x0602fbe8                __malloc_av_
                0x0602fbe4                __malloc_trim_threshold
                0x0602fbe0                __malloc_sbrk_base
                0x0602fff0                SIZEOF_R = (. - STARTOF_R)
                0x0602fff0                ENDOF_R = .

.bss            0x0602fff0     0x74e4
                0x0602fff0                STARTOF_B = .
 *(.bss)
 .bss           0x0602fff0       0x10 vblank.o
                0x0602fff4                PadData2E
                0x0602fffa                PadData1
                0x0602fff6                PadData2
                0x0602fff8                PadData1E
                0x0602fff0                __port
 .bss           0x06030000       0xd0 ../sbl6/segasmp/per/smpclib/per_x2.o
 .bss           0x060300d0       0x10 player.o
                0x060300d0                anim_cursor
 .bss           0x060300e0     0x3440 sprite.o
                0x060300e0                num_sprites
 .bss           0x06033520       0x50 scroll.o
                0x06033538                map_tiles_x
                0x06033540                scrolls_y
                0x06033520                scroll_transition_state
                0x06033530                map_tiles_y
                0x06033528                copy_modes
                0x06033550                scrolls_x
                0x06033524                curr_map
 .bss           0x06033570       0x6e ../sbl6/segalib/lib/sega_spr.a(spr_2c.o)
 *fill*         0x060335de        0x2 00
 .bss           0x060335e0        0x4 ../sbl6/segalib/lib/sega_scl.a(scl_vblv.o)
 *fill*         0x060335e4        0xc 00
 .bss           0x060335f0        0x4 ../sbl6/segalib/lib/sega_scl.a(scl_func.o)
 *fill*         0x060335f4        0xc 00
 .bss           0x06033600       0x48 ../sbl6/segalib/lib/sega_scl.a(scl_ro00.o)
 *fill*         0x06033648        0x8 00
 .bss           0x06033650       0x9c ../sbl6/segalib/lib/sega_per.a(per_prt.o)
 *fill*         0x060336ec        0x4 00
 .bss           0x060336f0        0xc ../sbl6/segalib/lib/sega_sat.a(DMA_SCU1.o)
 *fill*         0x060336fc        0x4 00
 .bss           0x06033700       0x20 ../sbl6/segalib/lib/sega_sat.a(DMA_SCU0.o)
 .bss           0x06033720       0x10 c:/saturn/SH_COFF/sh-coff/bin/../lib/gcc/sh-coff/3.4-GNUSH_v0501\libgcc.a(__main.o)
 .bss           0x06033730       0x10 c:/saturn/SH_COFF/sh-coff/bin/../lib/gcc/sh-coff/3.4-GNUSH_v0501/../../../../sh-coff/lib\libc.a(atexit.o)
 .bss           0x06033740       0x40 c:/saturn/SH_COFF/sh-coff/bin/../lib/gcc/sh-coff/3.4-GNUSH_v0501/../../../../sh-coff/lib\libc.a(mallocr.o)
                0x06033770                __malloc_top_pad
                0x06033740                __malloc_current_mallinfo
                0x0603376c                __malloc_max_sbrked_mem
                0x06033768                __malloc_max_total_mem
 .bss           0x06033780       0x10 c:/saturn/SH_COFF/sh-coff/bin/../lib/gcc/sh-coff/3.4-GNUSH_v0501/../../../../sh-coff/lib\libc.a(syscalls.o)
 *(COMMON)
 COMMON         0x06033790       0x24 player.o
                                  0x0 (size before relaxing)
                0x06033790                player
 *fill*         0x060337b4        0xc 00
 COMMON         0x060337c0     0x2080 print.o
                                  0x0 (size before relaxing)
                0x060337c0                sprites
                0x060353e0                text
 COMMON         0x06035840      0x250 scroll.o
                                  0x0 (size before relaxing)
                0x06035840                scfg3
                0x060358d0                scfg0
                0x06035960                maps
                0x06035970                scfg2
                0x06035a00                scfg1
                0x06035a8c                tilemaps
 COMMON         0x06035a90      0x400 ../sbl6/segalib/lib/sega_int.a(int.o)
                                  0x0 (size before relaxing)
                0x06035a90                __interrupt_vector
 COMMON         0x06035e90       0x50 ../sbl6/segalib/lib/sega_spr.a(spr_2c.o)
                                  0x0 (size before relaxing)
                0x06035e90                SpMstCmd
                0x06035e94                Sp2OpenFlag
                0x06035e98                SpGourTblMax
                0x06035e9c                SpDrawPrtyBlk
                0x06035ea0                SpLCoordX
                0x06035ea4                SpMstDrawPrtyBlk
                0x06035ea8                SpGourTbl
                0x06035eac                SpLookupTblR
                0x06035eb0                SpCmdTbl
                0x06035eb4                SpCharMax
                0x06035eb8                SpDrawPrtyProcFlag
                0x06035ebc                SpCmdNo
                0x06035ec0                SpDrawPrtyBlkMax
                0x06035ec4                SpSlvCmdPos
                0x06035ec8                SpSlvDrawPrtyBlk
                0x06035ecc                SpCharTbl
                0x06035ed0                SpCmdTblR
                0x06035ed4                SpMstCmdPos
                0x06035ed8                SpSlvCmd
                0x06035edc                SpLCoordY
 COMMON         0x06035ee0       0x10 ../sbl6/segalib/lib/sega_spr.a(spr_1c.o)
                                  0x0 (size before relaxing)
                0x06035ee0                SpScreenY
                0x06035ee4                SpFbcrMode
                0x06035ee6                SpDil
                0x06035ee8                SpDie
                0x06035eea                SpTvMode
                0x06035eec                SpScreenX
 COMMON         0x06035ef0      0xf00 ../sbl6/segalib/lib/sega_scl.a(scl_func.o)
                                  0x0 (size before relaxing)
                0x06035ef0                SclRbgKtbAddr
                0x06035ef8                SclRb
                0x06035efa                Scl_flag
                0x06035f00                SclK_TableBuff
                0x06036bd0                SclAddrCsTbl
                0x06036be0                Scl_s_reg
                0x06036c08                SclRotateXy
                0x06036c10                Scl_d_reg
                0x06036c58                SclRotateDisp
                0x06036c60                SclRotateMoveZ
                0x06036c68                SclRotXySw
                0x06036c70                Scl_r_reg
                0x06036c80                SclRPMD
                0x06036c88                SclRbgKtbOffset
                0x06036c90                _SclRotregBuff
                0x06036d60                SclRa
                0x06036d68                SclRotateZ
                0x06036d70                SclAddrLsTbl
                0x06036d78                SclK_TableNum
                0x06036d80                SclRotateTableAddress
                0x06036d84                SclK_TableFlag
                0x06036d90                Scl_w_reg
                0x06036db0                Scl_n_reg
 COMMON         0x06036df0      0x6b0 ../sbl6/segalib/lib/sega_scl.a(scl_pri.o)
                                  0x0 (size before relaxing)
                0x06036df0                SclAutoEndBlue2
                0x06036e00                SclColOffset
                0x06036e10                SclPriBuffDirty
                0x06036e12                SclAutoEndRed
                0x06036e14                SclAutoSurface
                0x06036e18                SclAutoGreen
                0x06036e1a                SclAutoEndGreen
                0x06036e1c                SclAutoCount
                0x06036e20                SclColRamAlloc256
                0x06036e40                SclAutoCurRate
                0x06036e41                SclAutoPlusFlag
                0x06036e48                SclSpColMix
                0x06036e50                SclAutoMax
                0x06036e54                SclLineColRamOffset
                0x06036e58                SclColRamAlloc2048
                0x06036e5c                SclBgPriNum
                0x06036e62                SclAutoEndBlue
                0x06036e64                SclAutoEndGreen2
                0x06036e66                SclAutoVeFlag
                0x06036e68                SclBgColMix
                0x06036e70                SclAutoIndex
                0x06036e74                SclAutoEndRate
                0x06036e76                SclAutoBlue
                0x06036e78                SclAutoRed
                0x06036e7c                SclAutoInterval
                0x06036e80                SclOtherPri
                0x06036e90                SclAutoRGB
                0x06037490                SclAutoEndRed2
                0x06037498                SclSpPriNum
 COMMON         0x060374a0       0x10 ../sbl6/segalib/lib/sega_scl.a(scl_ro00.o)
                                  0x0 (size before relaxing)
                0x060374a0                SclCsx
                0x060374a8                SclCsy
 COMMON         0x060374b0       0x15 ../sbl6/segalib/lib/sega_per.a(per_prt.o)
                                  0x0 (size before relaxing)
                0x060374b0                per_get_time_flg
                0x060374b1                per_hot_res
                0x060374b2                per_set_sys_flg
                0x060374b4                per_get_time_adr
                0x060374b8                per_get_sys_data
                0x060374c4                per_time_out_flg
 *fill*         0x060374c5        0xb 00
 COMMON         0x060374d0        0x4 c:/saturn/SH_COFF/sh-coff/bin/../lib/gcc/sh-coff/3.4-GNUSH_v0501/../../../../sh-coff/lib\libc.a(syscalls.o)
                                  0x0 (size before relaxing)
                0x060374d0                errno
                0x060374d4                SIZEOF_B = (. - STARTOF_B)
                0x060374d4                ENDOF_B = .
                0x060374d4                _end = .
OUTPUT(main.cof coff-sh)

.comment        0x060374e0      0x400
 .comment       0x060374e0       0x20 ../sbl6/segasmp/lib/strt2_g.o
 .comment       0x06037500       0x20 vblank.o
 .comment       0x06037520       0x20 ../sbl6/segasmp/per/smpclib/per_x1.o
 .comment       0x06037540       0x20 ../sbl6/segasmp/per/smpclib/per_x2.o
 .comment       0x06037560       0x20 collision.o
 .comment       0x06037580       0x20 graphics.o
 .comment       0x060375a0       0x20 player.o
 .comment       0x060375c0       0x20 print.o
 .comment       0x060375e0       0x20 sprite.o
 .comment       0x06037600       0x20 scroll.o
 .comment       0x06037620       0x20 main.o
 .comment       0x06037640       0x20 c:/saturn/SH_COFF/sh-coff/bin/../lib/gcc/sh-coff/3.4-GNUSH_v0501\libgcc.a(__main.o)
 .comment       0x06037660       0x20 c:/saturn/SH_COFF/sh-coff/bin/../lib/gcc/sh-coff/3.4-GNUSH_v0501\libgcc.a(_si_to_df.o)
 .comment       0x06037680       0x20 c:/saturn/SH_COFF/sh-coff/bin/../lib/gcc/sh-coff/3.4-GNUSH_v0501\libgcc.a(_mul_df.o)
 .comment       0x060376a0       0x20 c:/saturn/SH_COFF/sh-coff/bin/../lib/gcc/sh-coff/3.4-GNUSH_v0501\libgcc.a(_df_to_si.o)
 .comment       0x060376c0       0x20 c:/saturn/SH_COFF/sh-coff/bin/../lib/gcc/sh-coff/3.4-GNUSH_v0501\libgcc.a(_pack_df.o)
 .comment       0x060376e0       0x20 c:/saturn/SH_COFF/sh-coff/bin/../lib/gcc/sh-coff/3.4-GNUSH_v0501\libgcc.a(_unpack_df.o)
 .comment       0x06037700       0x20 c:/saturn/SH_COFF/sh-coff/bin/../lib/gcc/sh-coff/3.4-GNUSH_v0501\libgcc.a(_thenan_df.o)
 .comment       0x06037720       0x20 c:/saturn/SH_COFF/sh-coff/bin/../lib/gcc/sh-coff/3.4-GNUSH_v0501\libgcc.a(_muldi3.o)
 .comment       0x06037740       0x20 c:/saturn/SH_COFF/sh-coff/bin/../lib/gcc/sh-coff/3.4-GNUSH_v0501\libgcc.a(_lshrdi3.o)
 .comment       0x06037760       0x20 c:/saturn/SH_COFF/sh-coff/bin/../lib/gcc/sh-coff/3.4-GNUSH_v0501\libgcc.a(_ashldi3.o)
 .comment       0x06037780       0x20 c:/saturn/SH_COFF/sh-coff/bin/../lib/gcc/sh-coff/3.4-GNUSH_v0501/../../../../sh-coff/lib\libc.a(atexit.o)
 .comment       0x060377a0       0x20 c:/saturn/SH_COFF/sh-coff/bin/../lib/gcc/sh-coff/3.4-GNUSH_v0501/../../../../sh-coff/lib\libc.a(impure.o)
 .comment       0x060377c0       0x20 c:/saturn/SH_COFF/sh-coff/bin/../lib/gcc/sh-coff/3.4-GNUSH_v0501/../../../../sh-coff/lib\libc.a(malloc.o)
 .comment       0x060377e0       0x20 c:/saturn/SH_COFF/sh-coff/bin/../lib/gcc/sh-coff/3.4-GNUSH_v0501/../../../../sh-coff/lib\libc.a(mallocr.o)
 .comment       0x06037800       0x20 c:/saturn/SH_COFF/sh-coff/bin/../lib/gcc/sh-coff/3.4-GNUSH_v0501/../../../../sh-coff/lib\libc.a(freer.o)
 .comment       0x06037820       0x20 c:/saturn/SH_COFF/sh-coff/bin/../lib/gcc/sh-coff/3.4-GNUSH_v0501/../../../../sh-coff/lib\libc.a(mlock.o)
 .comment       0x06037840       0x20 c:/saturn/SH_COFF/sh-coff/bin/../lib/gcc/sh-coff/3.4-GNUSH_v0501/../../../../sh-coff/lib\libc.a(sbrkr.o)
 .comment       0x06037860       0x20 c:/saturn/SH_COFF/sh-coff/bin/../lib/gcc/sh-coff/3.4-GNUSH_v0501/../../../../sh-coff/lib\libc.a(syscalls.o)
 .comment       0x06037880       0x20 c:/saturn/SH_COFF/sh-coff/bin/../lib/gcc/sh-coff/3.4-GNUSH_v0501/../../../../sh-coff/lib\libc.a(abort.o)
 .comment       0x060378a0       0x20 c:/saturn/SH_COFF/sh-coff/bin/../lib/gcc/sh-coff/3.4-GNUSH_v0501/../../../../sh-coff/lib\libc.a(signal.o)
 .comment       0x060378c0       0x20 c:/saturn/SH_COFF/sh-coff/bin/../lib/gcc/sh-coff/3.4-GNUSH_v0501/../../../../sh-coff/lib\libc.a(signalr.o)
