Archive member included because of file (symbol)

../sbl6/segalib/lib/sega_int.a(int.o)
                              vblank.o (INT_SetScuFunc)
../sbl6/segalib/lib/sega_int.a(int_trmp.o)
                              ../sbl6/segalib/lib/sega_int.a(int.o) (__interrupt_handler0)
../sbl6/segalib/lib/sega_spr.a(spr_2c.o)
                              sprite.o (SPR_2Initial)
../sbl6/segalib/lib/sega_spr.a(spr_slv.o)
                              ../sbl6/segalib/lib/sega_spr.a(spr_2c.o) (SPR_InitSlaveSH)
../sbl6/segalib/lib/sega_spr.a(spr_1c.o)
                              ../sbl6/segalib/lib/sega_spr.a(spr_2c.o) (SPR_Initial)
../sbl6/segalib/lib/sega_spr.a(spr_2a.o)
                              ../sbl6/segalib/lib/sega_spr.a(spr_2c.o) (SPR_2SetDrawPrty)
../sbl6/segalib/lib/sega_scl.a(scl_vblv.o)
                              ../sbl6/segalib/lib/sega_spr.a(spr_1c.o) (SpFrameChgMode)
../sbl6/segalib/lib/sega_scl.a(scl_func.o)
                              sprite.o (SCL_Vdp2Init)
../sbl6/segalib/lib/sega_scl.a(scl_pr03.o)
                              scroll.o (SCL_AllocColRam)
../sbl6/segalib/lib/sega_scl.a(scl_pr02.o)
                              scroll.o (SCL_SetColRam)
../sbl6/segalib/lib/sega_scl.a(scl_back.o)
                              scroll.o (SCL_SetBack)
../sbl6/segalib/lib/sega_scl.a(scl_fu05.o)
                              scroll.o (SCL_InitLineParamTb)
../sbl6/segalib/lib/sega_scl.a(scl_fu03.o)
                              scroll.o (SCL_InitConfigTb)
../sbl6/segalib/lib/sega_scl.a(scl_fu02.o)
                              scroll.o (SCL_InitVramConfigTb)
../sbl6/segalib/lib/sega_scl.a(scl_fu04.o)
                              scroll.o (SCL_SetCycleTable)
../sbl6/segalib/lib/sega_scl.a(scl_pr07.o)
                              scroll.o (SCL_SetPriority)
../sbl6/segalib/lib/sega_scl.a(scl_pr01.o)
                              main.o (SCL_SetSpriteMode)
../sbl6/segalib/lib/sega_scl.a(scl_pri.o)
                              ../sbl6/segalib/lib/sega_scl.a(scl_func.o) (SclRealOtherPri)
../sbl6/segalib/lib/sega_scl.a(scl_ro00.o)
                              ../sbl6/segalib/lib/sega_scl.a(scl_func.o) (SCL_Rotate)
../sbl6/segalib/lib/sega_scl.a(scl_pr06.o)
                              ../sbl6/segalib/lib/sega_scl.a(scl_pr03.o) (SCL_SetColRamOffset)
../sbl6/segalib/lib/sega_scl.a(scl_pr05.o)
                              ../sbl6/segalib/lib/sega_scl.a(scl_pr02.o) (SCL_GetColRamOffset)
../sbl6/segalib/lib/sega_mth.a(mth_fixd.o)
                              sprite.o (MTH_Mul)
../sbl6/segalib/lib/sega_mth.a(mth_tri.o)
                              sprite.o (MTH_Sin)
../sbl6/segalib/lib/sega_cdc.a(cdc_drv.o)
                              sound.o (CDC_CdPlay)
../sbl6/segalib/lib/sega_cdc.a(cdc_sub.o)
                              ../sbl6/segalib/lib/sega_cdc.a(cdc_drv.o) (CDSUB_UpdCdstat)
../sbl6/segalib/lib/sega_cdc.a(cdc_reg.o)
                              ../sbl6/segalib/lib/sega_cdc.a(cdc_sub.o) (CDREG_CmdRsp)
../sbl6/segalib/lib/sega_cdc.a(cdc_cmn.o)
                              ../sbl6/segalib/lib/sega_cdc.a(cdc_reg.o) (CDC_DataReady)
../sbl6/segalib/lib/sega_per.a(per_prt.o)
                              ../sbl6/segasmp/per/smpclib/per_x2.o (PER_LInit)
../sbl6/segalib/lib/sega_sat.a(gfs.o)
                              cd.o (GFS_Init)
../sbl6/segalib/lib/sega_sat.a(snd_main.o)
                              sound.o (SND_Init)
../sbl6/segalib/lib/sega_sat.a(DMA_SCU1.o)
                              ../sbl6/segalib/lib/sega_spr.a(spr_2c.o) (DMA_ScuMemCopy)
../sbl6/segalib/lib/sega_sat.a(gfs_cdf.o)
                              ../sbl6/segalib/lib/sega_sat.a(gfs.o) (GFCF_Init)
../sbl6/segalib/lib/sega_sat.a(gfs_dir.o)
                              ../sbl6/segalib/lib/sega_sat.a(gfs.o) (GFDR_SetupDirTbl)
../sbl6/segalib/lib/sega_sat.a(gfs_trn.o)
                              ../sbl6/segalib/lib/sega_sat.a(gfs.o) (GFTR_Setup)
../sbl6/segalib/lib/sega_sat.a(gfs_buf.o)
                              ../sbl6/segalib/lib/sega_sat.a(gfs.o) (GFBF_GetNumData)
../sbl6/segalib/lib/sega_sat.a(gfs_cdb.o)
                              ../sbl6/segalib/lib/sega_sat.a(gfs_cdf.o) (GFCB_Setup)
../sbl6/segalib/lib/sega_sat.a(gfs_cdc.o)
                              ../sbl6/segalib/lib/sega_sat.a(gfs.o) (GFCD_SetCdbfs)
../sbl6/segalib/lib/sega_sat.a(DMA_SCU0.o)
                              ../sbl6/segalib/lib/sega_sat.a(DMA_SCU1.o) (DMA_ScuSetPrm)
../sbl6/segalib/lib/sega_sat.a(csh_main.o)
                              ../sbl6/segalib/lib/sega_sat.a(DMA_SCU1.o) (CSH_Purge)
../sbl6/segalib/lib/sega_sat.a(DMA_CPU0.o)
                              ../sbl6/segalib/lib/sega_sat.a(gfs_trn.o) (DMA_CpuSetComPrm)
../sbl6/segalib/lib/sega_sat.a(cdc_cfs.o)
                              ../sbl6/segalib/lib/sega_sat.a(gfs_cdc.o) (CDC_ChgDir)
../sbl6/segalib/lib/sega_sat.a(cdc_bio.o)
                              ../sbl6/segalib/lib/sega_sat.a(gfs_cdc.o) (CDC_SetSctLen)
../sbl6/segalib/lib/sega_sat.a(cdc_sel.o)
[...]
Memory Configuration

Name             Origin             Length             Attributes
*default*        0x00000000         0xffffffff

Linker script and memory map

LOAD ../sbl6/segasmp/lib/strt1_g.o
LOAD ../sbl6/segasmp/lib/strt2_g.o
LOAD vblank.o
LOAD ../sbl6/segasmp/per/smpclib/per_x1.o
LOAD ../sbl6/segasmp/per/smpclib/per_x2.o
LOAD ../sbl6/segasmp/per/smpclib/per_x3.o
LOAD blocks.o
LOAD cd.o
LOAD collision.o
LOAD enemylist.o
LOAD graphics.o
LOAD player.o
LOAD print.o
LOAD scroll.o
LOAD sound.o
LOAD sprite.o
LOAD spritecode/explosion.o
LOAD spritecode/float.o
LOAD main.o
LOAD ../sbl6/segalib/lib/sega_int.a
LOAD ../sbl6/segalib/lib/sega_spr.a
LOAD ../sbl6/segalib/lib/sega_scl.a
LOAD ../sbl6/segalib/lib/sega_mth.a
LOAD ../sbl6/segalib/lib/sega_cdc.a
LOAD ../sbl6/segalib/lib/sega_adp.a
LOAD ../sbl6/segalib/lib/sega_per.a
LOAD ../sbl6/segalib/lib/sega_sat.a
LOAD C:/saturn/SH_COFF/sh-coff/bin/../lib/gcc/sh-coff/3.4-GNUSH_v0501\libgcc.a
LOAD C:/saturn/SH_COFF/sh-coff/bin/../lib/gcc/sh-coff/3.4-GNUSH_v0501/../../../../sh-coff/lib\libc.a
LOAD C:/saturn/SH_COFF/sh-coff/bin/../lib/gcc/sh-coff/3.4-GNUSH_v0501\libgcc.a

.text           0x06010000    0x15860
 *(.text)
 .text          0x06010000       0x30 ../sbl6/segasmp/lib/strt1_g.o
                0x06010024                _D_END
                0x06010020                _D_BGN
                0x0601002c                _B_END
                0x06010028                _B_BGN
                0x06010000                START
 .text          0x06010030       0x60 ../sbl6/segasmp/lib/strt2_g.o
                0x06010050                _INITSCT
                0x06010030                _INIT
 .text          0x06010090      0x180 vblank.o
                0x06010090                SetVblank
                0x06010110                UsrVblankOut
                0x060100f0                UsrVblankIn
 .text          0x06010210      0x430 ../sbl6/segasmp/per/smpclib/per_x1.o
                0x060105a4                PER_GetAnalogXYZ
                0x06010234                PER_GetTriggerHandler
                0x060104ce                PER_GetEdge
                0x0601044c                PER_GetTrigger
                0x060104f8                PER_GetPressEdge
                0x0601054c                PER_GetReleaseEdge
                0x06010210                PER_SetTriggerHandler
 .text          0x06010640      0x200 ../sbl6/segasmp/per/smpclib/per_x2.o
                0x06010744                PER_GetDeviceA
                0x06010640                PER_OpenPort
                0x06010678                PER_GetPort
                0x060107be                PER_GetDeviceR
 .text          0x06010840       0x20 ../sbl6/segasmp/per/smpclib/per_x3.o
                0x06010840                PER_DisguiseTrigger
 .text          0x06010860       0xd0 blocks.o
                0x06010860                block_get
                0x060108c0                block_check
                0x060108f0                block_spike
 .text          0x06010930       0xa0 cd.o
                0x06010930                cd_init
                0x06010960                cd_load
 .text          0x060109d0      0x970 collision.o
                0x060109d0                collision_check_up
                0x060111a0                collision_eject_horiz
                0x06011300                collision_player
                0x06010fd0                collision_eject_vert
                0x06010d00                collision_check
                0x06010bc0                collision_check_left
                0x06010c50                collision_check_right
                0x06010f30                collision_spikes
                0x06010b00                collision_check_below
                0x06010a40                collision_check_down
 .text          0x06011340       0x80 enemylist.o
                0x06011340                enemylist_spawn
 .text          0x060113c0      0x760 player.o
                0x06011450                player_killenemy
                0x060113c0                player_frames
                0x060115e0                player_input
                0x060113d0                player_init
                0x06011470                player_die
                0x060119d0                player_draw
                0x06011420                player_cankill
                0x060114d0                player_animate
 .text          0x06011b20      0x170 print.o
                0x06011bf0                print_display
                0x06011b60                print_num
                0x06011b20                print_init
                0x06011bb0                print_string
 .text          0x06011c90      0x990 scroll.o
                0x06011c90                scroll_move
                0x06011ed0                scroll_get
                0x060123c0                scroll_copy
                0x06011dc0                scroll_set
                0x06012500                scroll_reset
                0x06012560                scroll_linescroll4
                0x06011ff0                scroll_init
                0x06011df0                scroll_scale
                0x06011f30                scroll_changescreen
 .text          0x06012620      0x140 sound.o
                0x06012650                sound_init
                0x06012720                sound_cdda
 .text          0x06012760      0x710 sprite.o
                0x06012790                sprite_init
                0x06012c80                sprite_make
                0x06012de0                sprite_next
                0x06012e40                sprite_delete
                0x06012cd0                sprite_draw_all
                0x06012760                sprite_deleteall
                0x06012a30                sprite_draw
 .text          0x06012e70       0xe0 spritecode/explosion.o
                0x06012ee0                explosion_move
                0x06012e70                explosion_make
 .text          0x06012f50      0x180 spritecode/float.o
                0x06012f50                float_make
                0x06012fc0                float_move
 .text          0x060130d0      0x1b0 main.o
                0x060130d0                main
 .text          0x06013280       0x40 ../sbl6/segalib/lib/sega_int.a(int.o)
                0x060132ac                INT_GetScuFunc
                0x06013280                INT_SetScuFunc
 .text          0x060132c0      0x624 ../sbl6/segalib/lib/sega_int.a(int_trmp.o)
                0x06013428                __interrupt_handler60
                0x060135d8                __interrupt_handler132
                0x0601378e                __interrupt_handler205
                0x060135f6                __interrupt_handler137
                0x06013524                __interrupt_handler102
                0x06013362                __interrupt_handler27
                0x06013764                __interrupt_handler198
                0x06013656                __interrupt_handler153
                0x0601333e                __interrupt_handler21
                0x0601344c                __interrupt_handler66
                0x0601353c                __interrupt_handler106
                0x06013686                __interrupt_handler161
                0x060134d0                __interrupt_handler88
                0x0601369e                __interrupt_handler165
                0x060135ae                __interrupt_handler125
                0x060132e4                __interrupt_handler6
                0x06013380                __interrupt_handler32
                0x0601373a                __interrupt_handler191
                0x06013854                __interrupt_handler238
                0x0601386c                __interrupt_handler242
                0x06013674                __interrupt_handler158
                0x060134dc                __interrupt_handler90
                0x06013698                __interrupt_handler164
                0x060133bc                __interrupt_handler42
                0x060136fe                __interrupt_handler181
                0x06013806                __interrupt_handler225
                0x060138ae                __interrupt_handler253
                0x060136c2                __interrupt_handler171
                0x0601347c                __interrupt_handler74
                0x060132d2                __interrupt_handler3
                0x06013416                __interrupt_handler57
                0x06013314                __interrupt_handler14
                0x060137ac                __interrupt_handler210
                0x060137dc                __interrupt_handler218
                0x060137a0                __interrupt_handler208
                0x060133a4                __interrupt_handler38
                0x060132c0                __interrupt_handler0
                0x06013530                __interrupt_handler104
                0x0601366e                __interrupt_handler157
                0x060137be                __interrupt_handler213
                0x060136b0                __interrupt_handler168
                0x060134be                __interrupt_handler85
                0x0601355a                __interrupt_handler111
                0x0601356c                __interrupt_handler114
                0x060133da                __interrupt_handler47
                0x06013830                __interrupt_handler232
                0x060137fa                __interrupt_handler223
                0x0601384e                __interrupt_handler237
                0x0601343a                __interrupt_handler63
                0x060133c8                __interrupt_handler44
                0x060136da                __interrupt_handler175
                0x06013704                __interrupt_handler182
                0x0601371c                __interrupt_handler186
                0x0601361a                __interrupt_handler143
                0x06013542                __interrupt_handler107
                0x060135a8                __interrupt_handler124
                0x060136c8                __interrupt_handler172
                0x0601387e                __interrupt_handler245
                0x060134fa                __interrupt_handler95
                0x060135d2                __interrupt_handler131
                0x060135e4                __interrupt_handler134
                0x06013602                __interrupt_handler139
                0x06013470                __interrupt_handler72
                0x0601382a                __interrupt_handler231
                0x06013680                __interrupt_handler160
                0x060135c6                __interrupt_handler129
                0x06013338                __interrupt_handler20
                0x06013446                __interrupt_handler65
                0x06013410                __interrupt_handler56
                0x0601330e                __interrupt_handler13
                0x060137a6                __interrupt_handler209
                0x06013560                __interrupt_handler112
                0x06013332                __interrupt_handler19
                0x060134ee                __interrupt_handler93
                0x06013758                __interrupt_handler196
                0x0601364a                __interrupt_handler151
                0x060136aa                __interrupt_handler167
                0x060138c0                __trampoline
                0x06013326                __interrupt_handler17
                0x06013818                __interrupt_handler228
                0x060138ba                __interrupt_handler255
                0x06013878                __interrupt_handler244
                0x06013512                __interrupt_handler99
                0x0601370a                __interrupt_handler183
                0x06013608                __interrupt_handler140
                0x0601372e                __interrupt_handler189
                0x0601362c                __interrupt_handler146
                0x060137f4                __interrupt_handler222
                0x06013668                __interrupt_handler156
                0x0601359c                __interrupt_handler122
                0x06013890                __interrupt_handler248
                0x060133e0                __interrupt_handler48
                0x0601345e                __interrupt_handler69
                0x06013350                __interrupt_handler24
                0x060134d6                __interrupt_handler89
                0x060137ca                __interrupt_handler215
                0x060138b4                __interrupt_handler254
                0x060134ca                __interrupt_handler87
                0x0601342e                __interrupt_handler61
                0x06013752                __interrupt_handler195
                0x06013644                __interrupt_handler150
                0x060133b6                __interrupt_handler41
                0x06013554                __interrupt_handler110
                0x060135ba                __interrupt_handler127
                0x06013548                __interrupt_handler108
                0x06013566                __interrupt_handler113
                0x06013578                __interrupt_handler116
                0x06013596                __interrupt_handler121
                0x0601348e                __interrupt_handler77
                0x060133aa                __interrupt_handler39
                0x060133c2                __interrupt_handler43
                0x06013896                __interrupt_handler249
                0x060136d4                __interrupt_handler174
                0x060135f0                __interrupt_handler136
                0x06013728                __interrupt_handler188
                0x06013626                __interrupt_handler145
                0x060132f6                __interrupt_handler9
                0x0601349a                __interrupt_handler79
                0x06013812                __interrupt_handler227
                0x0601338c                __interrupt_handler34
                0x060135cc                __interrupt_handler130
                0x0601388a                __interrupt_handler247
                0x06013482                __interrupt_handler75
                0x060136ce                __interrupt_handler173
                0x060133fe                __interrupt_handler53
                0x0601363e                __interrupt_handler149
                0x060138a2                __interrupt_handler251
                0x06013836                __interrupt_handler233
                0x060132fc                __interrupt_handler10
                0x06013788                __interrupt_handler204
                0x060134ac                __interrupt_handler82
                0x060134b2                __interrupt_handler83
                0x06013356                __interrupt_handler25
                0x06013872                __interrupt_handler243
                0x0601368c                __interrupt_handler162
                0x060133d4                __interrupt_handler46
                0x060136ec                __interrupt_handler178
                0x060134a0                __interrupt_handler80
                0x06013434                __interrupt_handler62
                0x060132cc                __interrupt_handler2
                0x0601336e                __interrupt_handler29
                0x06013464                __interrupt_handler70
                0x0601354e                __interrupt_handler109
                0x06013638                __interrupt_handler148
                0x060134f4                __interrupt_handler94
                0x06013800                __interrupt_handler224
                0x0601352a                __interrupt_handler103
                0x06013398                __interrupt_handler36
                0x060135b4                __interrupt_handler126
                0x06013884                __interrupt_handler246
                0x0601340a                __interrupt_handler55
                0x06013308                __interrupt_handler12
                0x060133f8                __interrupt_handler52
                0x06013722                __interrupt_handler187
                0x06013620                __interrupt_handler144
                0x0601357e                __interrupt_handler117
                0x0601332c                __interrupt_handler18
                0x0601375e                __interrupt_handler197
                0x06013650                __interrupt_handler152
                0x06013584                __interrupt_handler118
                0x060136bc                __interrupt_handler170
                0x06013776                __interrupt_handler201
                0x06013506                __interrupt_handler97
                0x06013692                __interrupt_handler163
                0x060136f8                __interrupt_handler180
                0x06013740                __interrupt_handler192
                0x06013860                __interrupt_handler240
                0x060135a2                __interrupt_handler123
                0x060137c4                __interrupt_handler214
                0x0601337a                __interrupt_handler31
                0x06013368                __interrupt_handler28
                0x06013452                __interrupt_handler67
                0x06013458                __interrupt_handler68
                0x06013344                __interrupt_handler22
                0x0601334a                __interrupt_handler23
                0x060136e0                __interrupt_handler176
                0x060132ea                __interrupt_handler7
                0x060137ee                __interrupt_handler221
                0x060137d6                __interrupt_handler217
                0x0601381e                __interrupt_handler229
                0x060133e6                __interrupt_handler49
                0x060132d8                __interrupt_handler4
                0x060133b0                __interrupt_handler40
                0x06013572                __interrupt_handler115
                0x06013842                __interrupt_handler235
                0x060134e2                __interrupt_handler91
                0x06013794                __interrupt_handler206
                0x060136e6                __interrupt_handler177
                0x06013632                __interrupt_handler147
                0x0601339e                __interrupt_handler37
                0x0601389c                __interrupt_handler250
                0x060132c6                __interrupt_handler1
                0x060137e2                __interrupt_handler219
                0x06013488                __interrupt_handler76
                0x06013518                __interrupt_handler100
                0x0601341c                __interrupt_handler58
                0x0601331a                __interrupt_handler15
                0x060137b8                __interrupt_handler212
                0x06013866                __interrupt_handler241
                0x0601377c                __interrupt_handler202
                0x06013746                __interrupt_handler193
                0x06013494                __interrupt_handler78
                0x060133ec                __interrupt_handler50
                0x06013386                __interrupt_handler33
                0x060136a4                __interrupt_handler166
                0x060135fc                __interrupt_handler138
                0x060135ea                __interrupt_handler135
                0x06013374                __interrupt_handler30
                0x06013710                __interrupt_handler184
                0x0601360e                __interrupt_handler141
                0x06013824                __interrupt_handler230
                0x06013848                __interrupt_handler236
                0x0601358a                __interrupt_handler119
                0x060134c4                __interrupt_handler86
                0x06013536                __interrupt_handler105
                0x060134a6                __interrupt_handler81
                0x06013590                __interrupt_handler120
                0x060135c0                __interrupt_handler128
                0x06013404                __interrupt_handler54
                0x06013302                __interrupt_handler11
                0x0601376a                __interrupt_handler199
                0x0601365c                __interrupt_handler154
                0x060133ce                __interrupt_handler45
                0x060137d0                __interrupt_handler216
                0x06013782                __interrupt_handler203
                0x0601351e                __interrupt_handler101
                0x060134b8                __interrupt_handler84
                0x06013716                __interrupt_handler185
                0x06013614                __interrupt_handler142
                0x0601335c                __interrupt_handler26
                0x06013440                __interrupt_handler64
                0x06013770                __interrupt_handler200
                0x0601379a                __interrupt_handler207
                0x0601374c                __interrupt_handler194
                0x060134e8                __interrupt_handler92
                0x06013662                __interrupt_handler155
                0x060137b2                __interrupt_handler211
                0x060135de                __interrupt_handler133
                0x060132de                __interrupt_handler5
                0x06013476                __interrupt_handler73
                0x06013320                __interrupt_handler16
                0x0601385a                __interrupt_handler239
                0x0601383c                __interrupt_handler234
                0x06013392                __interrupt_handler35
                0x06013422                __interrupt_handler59
                0x060136b6                __interrupt_handler169
                0x0601350c                __interrupt_handler98
                0x0601346a                __interrupt_handler71
                0x060133f2                __interrupt_handler51
                0x0601367a                __interrupt_handler159
                0x0601380c                __interrupt_handler226
                0x06013500                __interrupt_handler96
                0x06013734                __interrupt_handler190
                0x060137e8                __interrupt_handler220
                0x060132f0                __interrupt_handler8
                0x060136f2                __interrupt_handler179
                0x060138a8                __interrupt_handler252
 *fill*         0x060138e4        0xc 00
 .text          0x060138f0     0x12a0 ../sbl6/segalib/lib/sega_spr.a(spr_2c.o)
                0x06014b50                SlaveFlushDrawPrtyBlock
                0x060138f0                SPR_2Initial
                0x06014134                SPR_2SysClip
                0x060140d4                SPR_2LocalCoord
                0x060149cc                SPR_2FlushDrawPrtyBlock
                0x060146b8                SPR_2DistSpr
                0x060140bc                SPR_2FlushDrawPrty
                0x060147dc                SPR_2Cmd
                0x06013db8                SPR_2GourTblNoToVram
                0x06013e18                SPR_2GetAreaSizeInfo
                0x06013b80                SPR_2SetGourTbl
                0x0601436c                SPR_2Polygon
                0x06013df4                SPR_2CharNoToVram
                0x06013b00                SPR_2SetTvMode
                0x06013f5c                SPR_2CloseCommand
                0x06013b3c                SPR_2FrameEraseData
                0x06013918                SPR_2Initial2
                0x0601454c                SPR_2ScaleSpr
                0x060141dc                SPR_2Line
                0x06013ea8                SPR_2OpenCommand
                0x06013b1c                SPR_2FrameChgIntr
                0x06014428                SPR_2NormSpr
                0x06013bb0                SPR_2SetLookupTbl
                0x06013be4                SPR_2SetChar
                0x06013ddc                SPR_2LookupTblNoToVram
                0x060142b0                SPR_2PolyLine
                0x06013d50                SPR_2ClrAllChar
                0x06013d04                SPR_2ClrChar
                0x06014180                SPR_2UserClip
 .text          0x06014b90      0x1e6 ../sbl6/segalib/lib/sega_spr.a(spr_slv.o)
                0x06014cf4                SPR_WaitEndSlaveSH
                0x06014b90                SPR_SMPC_SSHON
                0x06014cd0                SPR_RunSlaveSH
                0x06014b94                SPR_InitSlaveSH
                0x06014c5c                SPR_SlaveSHmain
                0x06014b91                SPR_SMPC_SSHOFF
 *fill*         0x06014d76        0xa 00
 .text          0x06014d80      0x36a ../sbl6/segalib/lib/sega_spr.a(spr_1c.o)
                0x06015034                SPR_WaitDrawEnd
                0x0601504c                SPR_SetEosMode
                0x06014f64                SPR_SetEraseData
                0x06014d80                SPR_Initial
                0x06014e58                SPR_SetTvMode
                0x06014ef0                SPR_GetStatus
 *fill*         0x060150ea        0x6 00
 .text          0x060150f0      0x244 ../sbl6/segalib/lib/sega_spr.a(spr_2a.o)
                0x06015102                sprMemCpyW
                0x06015160                flushDrawPrtyBlock
                0x060150f0                sprMemCpyL
                0x06015114                SPR_2SetDrawPrty
 *fill*         0x06015334        0xc 00
 .text          0x06015340      0x2fc ../sbl6/segalib/lib/sega_scl.a(scl_vblv.o)
                0x060153fc                SCL_DisplayFrame
                0x06015340                SCL_SetFrameInterval
                0x06015430                SCL_VblInit
                0x06015480                SCL_VblankStart
                0x060154c4                SCL_VblankEnd
 *fill*         0x0601563c        0x4 00
 .text          0x06015640      0xb9c ../sbl6/segalib/lib/sega_scl.a(scl_func.o)
                0x0601601c                SCL_Vdp2_SGLInit
                0x06015f2c                SCL_PriIntProc
                0x06015ea4                SCL_Memcpyw
                0x060161bc                SCL_SglOff
                0x0601619c                SCL_SglOn
                0x06015e10                SCL_ScrollShow
                0x060158b8                SCL_Close
                0x06015bb0                SCL_Scale
                0x06015640                SCL_Vdp2Init
                0x06015a24                SCL_Move
                0x06015cec                SCL_CopyReg
                0x06015894                SCL_Open
                0x060156c4                SCL_ParametersInit
                0x060158d4                SCL_MoveTo
                0x06015ecc                SCL_SetColRamMode
 *fill*         0x060161dc        0x4 00
 .text          0x060161e0      0x138 ../sbl6/segalib/lib/sega_scl.a(scl_pr03.o)
                0x060161e0                SCL_FreeColRam
                0x06016218                SCL_AllocColRam
 *fill*         0x06016318        0x8 00
 .text          0x06016320       0x9c ../sbl6/segalib/lib/sega_scl.a(scl_pr02.o)
                0x06016320                SCL_SetColRam
 *fill*         0x060163bc        0x4 00
 .text          0x060163c0       0x84 ../sbl6/segalib/lib/sega_scl.a(scl_back.o)
                0x060163c0                SCL_SetBack
 *fill*         0x06016444        0xc 00
 .text          0x06016450      0x278 ../sbl6/segalib/lib/sega_scl.a(scl_fu05.o)
                0x0601650c                SCL_SetLineParam
                0x06016458                SCL_InitLineParamTb
 *fill*         0x060166c8        0x8 00
 .text          0x060166d0      0x94c ../sbl6/segalib/lib/sega_scl.a(scl_fu03.o)
                0x0601672c                SCL_SetConfig
                0x060166d0                SCL_InitConfigTb
 *fill*         0x0601701c        0x4 00
 .text          0x06017020      0x4f4 ../sbl6/segalib/lib/sega_scl.a(scl_fu02.o)
                0x06017058                SCL_SetVramConfig
                0x06017020                SCL_InitVramConfigTb
 *fill*         0x06017514        0xc 00
 .text          0x06017520       0x28 ../sbl6/segalib/lib/sega_scl.a(scl_fu04.o)
                0x06017520                SCL_SetCycleTable
 *fill*         0x06017548        0x8 00
 .text          0x06017550      0x214 ../sbl6/segalib/lib/sega_scl.a(scl_pr07.o)
                0x06017550                SCL_SetPriority
 *fill*         0x06017764        0xc 00
 .text          0x06017770       0x58 ../sbl6/segalib/lib/sega_scl.a(scl_pr01.o)
                0x06017770                SCL_SetSpriteMode
 *fill*         0x060177c8        0x8 00
 .text          0x060177d0     0x10a4 ../sbl6/segalib/lib/sega_scl.a(scl_pri.o)
                0x06017864                SCL_AbortAutoVe
                0x06018714                SCL_SetShadowBit
                0x06017cdc                SCL_AutoExec
                0x060177d0                SCL_PriorityInit
                0x060181f0                SCL_IncColOffset
                0x06017878                SCL_SetColMixRate
                0x06017848                SCL_GetColRamMode
 *fill*         0x06018874        0xc 00
 .text          0x06018880     0x1394 ../sbl6/segalib/lib/sega_scl.a(scl_ro00.o)
                0x06019a6c                SCL_RotateZD
                0x06018d34                SCL_Rotate
                0x06018a08                SCL_InitRotateTable
 *fill*         0x06019c14        0xc 00
 .text          0x06019c20      0x1b4 ../sbl6/segalib/lib/sega_scl.a(scl_pr06.o)
                0x06019c20                SCL_SetColRamOffset
 *fill*         0x06019dd4        0xc 00
 .text          0x06019de0       0xac ../sbl6/segalib/lib/sega_scl.a(scl_pr05.o)
                0x06019de0                SCL_GetColRamOffset
 *fill*         0x06019e8c        0x4 00
 .text          0x06019e90       0xa4 ../sbl6/segalib/lib/sega_mth.a(mth_fixd.o)
                0x06019ee0                MTH_FixedToInt
                0x06019ed0                MTH_IntToFixed
                0x06019e90                MTH_Mul
                0x06019ef0                MTH_Product
                0x06019eb0                MTH_Div
 *fill*         0x06019f34        0xc 00
 .text          0x06019f40      0x600 ../sbl6/segalib/lib/sega_mth.a(mth_tri.o)
                0x06019fdc                fcos
                0x06019fe2                fsin
                0x06019f8c                MTH_Cos
                0x06019f40                MTH_Sin
                0x0601a180                MTH_Atan
 .text          0x0601a540      0x130 ../sbl6/segalib/lib/sega_cdc.a(cdc_drv.o)
                0x0601a540                CDC_CdPlay
                0x0601a60c                CDC_CdSeek
                0x0601a640                CDC_CdScan
 .text          0x0601a670      0x152 ../sbl6/segalib/lib/sega_cdc.a(cdc_sub.o)
                0x0601a718                CDSUB_GetCdstat
                0x0601a688                CDSUB_UpdCdstat
                0x0601a758                CDSUB_RspToCdstat
                0x0601a7a0                CDSUB_SoftTimer
                0x0601a670                CDSUB_UpdStatus
                0x0601a6a8                CDSUB_CdCmd
 *fill*         0x0601a7c2        0xe 00
 .text          0x0601a7d0      0x2dc ../sbl6/segalib/lib/sega_cdc.a(cdc_reg.o)
                0x0601a824                CDREG_ClrHirqReq
                0x0601a7f4                CDC_ClrHirqReq
                0x0601a8a4                CDREG_TgetData
                0x0601a894                CDC_GetMpegPtr
                0x0601a870                CDC_GetHirqMsk
                0x0601a7d0                CDC_GetDataPtr
                0x0601a7e0                CDC_GetHirqReq
                0x0601aa00                CDREG_WaitHirq
                0x0601a884                CDC_SetHirqMsk
                0x0601a900                CDREG_CmdRsp
                0x0601a834                CDREG_InitHirqReq
                0x0601a85c                CDREG_SetHirqFlag
                0x0601aa70                CDREG_ReadRsp
 *fill*         0x0601aaac        0x4 00
 .text          0x0601aab0      0x3a0 ../sbl6/segalib/lib/sega_cdc.a(cdc_cmn.o)
                0x0601ac54                CDC_TgetToc
                0x0601adf8                CDC_DataEnd
                0x0601ab18                CDC_GetPeriStat
                0x0601ad8c                CDC_DataReady
                0x0601ad64                CDC_CdOpen
                0x0601ace0                CDC_CdInit
                0x0601aca4                CDC_GetSes
                0x0601ab00                CDC_GetLastStat
                0x0601aab0                CDC_GetCurStat
                0x0601abec                CDC_GetHwInfo
 .text          0x0601ae50      0xf50 ../sbl6/segalib/lib/sega_per.a(per_prt.o)
                0x0601b270                PER_IntFunc
                0x0601b068                PER_LGetPer
                0x0601ae50                PER_LInit
 .text          0x0601bda0     0x1b04 ../sbl6/segalib/lib/sega_sat.a(gfs.o)
                0x0601bda0                gfs_version
                0x0601d014                gfs_mngGetNumFile
                0x0601d794                gfs_closeSub
                0x0601cb30                GFS_SetGmode
                0x0601cdec                GFS_SetErrFunc
                0x0601cf3c                gfs_mngSetupFuncTbl
                0x0601c0f8                GFS_Reset
                0x0601ce64                gfs_chgRoot
                0x0601cf30                gfs_aborttrans
                0x0601d214                gfs_svrAddHndl
                0x0601d0c4                gfs_mngFreeGrp
                0x0601ce3c                GFS_ConvTno
                0x0601d3c8                gfs_getRootDir
                0x0601ce18                GFS_GetErrStat
                0x0601c268                GFS_Seek
                0x0601c8d4                GFS_NwStop
                0x0601d0d0                gfs_mngTermAccess
                0x0601c17c                GFS_Open
                0x0601d07c                GFS_mngAllocGrp
                0x0601d7dc                gfs_isTaskDone
                0x0601c5d4                GFS_Fread
                0x0601cd34                GFS_StartTrans
                0x0601d730                gfs_GetFinfo
                0x0601cf70                gfs_mngInitWork
                0x0601c3c0                GFS_ByteToSct
                0x0601d1d4                gfs_svrSearchHndl
                0x0601d4c4                gfs_loadRootDir
                0x0601c01c                GFS_IdToName
                0x0601c718                GFS_NwFread
                0x0601cc64                GFS_SetTransPara
                0x0601c824                GFS_NwCdRead
                0x0601d304                gfs_loadVol
                0x0601cc00                GFS_SetReadPara
                0x0601c31c                GFS_Tell
                0x0601cb94                GFS_SetTmode
                0x0601d698                GFS_GetFad
                0x0601ccd0                GFS_SetTrFunc
                0x0601cd80                GFS_CdMovePickup
                0x0601bfb8                GFS_NameToId
                0x0601c9ec                GFS_NwExecOne
                0x0601d54c                gfs_flowIn
                0x0601c474                GFS_GetFileInfo
                0x0601d5f4                gfs_transData
                0x0601d250                gfs_svrRemoveHndl
                0x0601c89c                GFS_NwIsComplete
                0x0601d7d0                gfs_getGmode
                0x0601c940                GFS_NwGetStat
                0x0601d2ac                GFS_OpenSub
                0x0601bf50                GFS_SetDir
                0x0601c41c                GFS_GetFileSize
                0x0601c4e8                GFS_GetNumCdbuf
                0x0601d830                gfs_convFinStat
                0x0601c510                GFS_Load
                0x0601c670                gfs_waitRead
                0x0601bea8                GFS_LoadDir
                0x0601c088                GFS_GetDirInfo
                0x0601c230                GFS_Close
                0x0601bdc0                GFS_Init
                0x0601c9bc                gfs_recovRdErr
                0x0601d154                gfs_mngSetErrCode
                0x0601caac                GFS_NwExecServer
                0x0601c36c                GFS_IsEof
                0x0601d6f0                gfs_SetSct
 *fill*         0x0601d8a4        0xc 00
 .text          0x0601d8b0     0x1048 ../sbl6/segalib/lib/sega_sat.a(snd_main.o)
                0x0601da38                SND_MoveData
                0x0601dddc                SND_OffAllSound
                0x0601e5cc                SND_GetSeqPlayPos
                0x0601deb0                SND_StopSeq
                0x0601d8b0                SND_Init
                0x0601df68                SND_ContSeq
                0x0601dc6c                SND_ChgMixPrm
                0x0601e1d8                SND_StartPcm
                0x0601db4c                SND_SetTlVl
                0x0601e40c                SND_StartVlAnl
                0x0601e8a8                SND_Set3D_Init
                0x0601dfc4                SND_SetSeqVl
                0x0601dc04                SND_ChgMix
                0x0601e830                SND_Set3D_Stat
                0x0601e528                SND_SetCdDaPan
                0x0601e7c8                SND_SetQSound
                0x0601df0c                SND_PauseSeq
                0x0601e610                SND_GetAnlTlVl
                0x0601e340                SND_ChgPcm
                0x0601dba8                SND_ChgEfct
                0x0601e0b8                SND_CtrlDirMidi
                0x0601e2e4                SND_StopPcm
                0x0601dcf4                SND_ChkHard
                0x0601e164                SND_SetSeqPan
                0x0601e4ac                SND_SetCdDaLev
                0x0601e5e8                SND_GetPcmPlayAdr
                0x0601de2c                SND_StartSeq
                0x0601e45c                SND_StopVlAnl
                0x0601e03c                SND_ChgTempo
                0x0601dd8c                SND_StopDsp
                0x0601e62c                SND_GetAnlHzVl
                0x0601da84                SND_ChgMap
                0x0601e5a4                SND_GetSeqStat
 *fill*         0x0601e8f8        0x8 00
 .text          0x0601e900      0x1f4 ../sbl6/segalib/lib/sega_sat.a(DMA_SCU1.o)
                0x0601ea5c                DMA_ScuResult
                0x0601e900                DMA_ScuInit
                0x0601e950                DMA_ScuMemCopy
 *fill*         0x0601eaf4        0xc 00
 .text          0x0601eb00      0x8d4 ../sbl6/segalib/lib/sega_sat.a(gfs_cdf.o)
                0x0601eff4                GFCF_Seek
                0x0601f0fc                GFCF_GetStat
                0x0601efdc                GFCF_Tell
                0x0601eba0                GFCF_Setup
                0x0601f0a8                GFCF_cnvIntlvOfs
                0x0601eb00                GFCF_Init
                0x0601ef94                GFCF_Recover
                0x0601ece8                GFCF_SetSct
                0x0601f00c                GFCF_MovePickup
                0x0601f1d0                gfcf_isCdOk
                0x0601eda0                GFCF_FlowInBuf
                0x0601ed2c                GFCF_GetFileInfo
                0x0601eef4                GFCF_StopInBuf
                0x0601f194                gfcf_getSctSize
                0x0601f290                gfcf_getPlayRange
 *fill*         0x0601f3d4        0xc 00
 .text          0x0601f3e0      0x928 ../sbl6/segalib/lib/sega_sat.a(gfs_dir.o)
                0x0601f8d0                gfdr_setNextRec
                0x0601fccc                gfdr_setDirrecCd
                0x0601f6c8                gfdr_open
                0x0601f4dc                GFDR_GetAtrDirId
                0x0601f7b0                gfdr_readByte
                0x0601f3e0                GFDR_SetupDirTbl
                0x0601f8a8                gfdr_readLongNM
                0x0601f954                gfdr_readDirEnt
                0x0601f50c                GFDR_ChgRoot
                0x0601f454                GFDR_NameToId
                0x0601f598                gfdr_setupDirIdTbl
                0x0601f4f4                GFDR_GetAtrDirName
                0x0601f4b4                GFDR_GetInfoDirId
                0x0601f85c                gfdr_readLongNB
                0x0601f6f0                gfdr_read
                0x0601f7dc                gfdr_readWord
                0x0601f61c                gfdr_setupDirNameTbl
                0x0601f4c8                GFDR_GetInfoDirName
                0x0601f524                GFDR_ChgDir
                0x0601f808                gfdr_readWordNB
 *fill*         0x0601fd08        0x8 00
 .text          0x0601fd10      0xa46 ../sbl6/segalib/lib/sega_sat.a(gfs_trn.o)
                0x0601fdf0                GFTR_SetTransMax
                0x060201c0                gftr_execScu
                0x06020744                GFTR_SetTransFunc
                0x0602060c                gftr_remTrn
                0x06020730                GFTR_SetData
                0x06020430                gftr_execSdma1
                0x06020680                gftr_copyFrac
                0x0601fde4                GFTR_GetNumTrans
                0x0601fd84                GFTR_SetMode
                0x06020400                gftr_remDma0
                0x060206a8                GFTR_GetLenData
                0x060201b4                gftr_reqScu
                0x06020418                gftr_reqDma1
                0x060200d0                gftr_getSrcPack
                0x06020700                GFTR_RtnDstPk
                0x0602029c                gfdma_exec
                0x06020534                gftr_execTrn
                0x0601ffc8                GFTR_ExecSvr
                0x060204c4                gftr_reqTrn
                0x0602038c                gfdma_getBytecnt
                0x0602046c                gftr_reqCpu
                0x060206cc                GFTR_GetDstPack
                0x060203c4                gftr_reqDma0
                0x0601ff50                GFTR_Idle
                0x0601fe08                GFTR_Pause
                0x0601fdd8                GFTR_GetTransPara
                0x060204b8                gftr_remCpu
                0x0601fda4                GFTR_SetTransPara
                0x06020454                gftr_remDma1
                0x0601fe14                GFTR_Stop
                0x060203dc                gftr_execSdma0
                0x0601fd40                GFTR_Setup
                0x0602025c                gftr_remScu
                0x06020158                gftr_getDstPack
                0x06020290                gfdma_canUse
                0x0601fecc                GFTR_Exec
                0x0602071c                GFTR_GetData
                0x0601fdfc                GFTR_Start
                0x0601fd98                GFTR_SetUnit
                0x06020478                gftr_execCpu
                0x060206b4                GFTR_GetLenRoom
 *fill*         0x06020756        0xa 00
 .text          0x06020760      0x106 ../sbl6/segalib/lib/sega_sat.a(gfs_buf.o)
                0x060207b8                GFBF_GetNumData
                0x06020834                GFBF_RtnPk
                0x060207e8                GFBF_GetSrcPk
                0x0602085c                gfbf_getSctDt
                0x06020790                GFBF_GetTranData
                0x06020810                GFBF_GetSctData
 *fill*         0x06020866        0xa 00
 .text          0x06020870      0x600 ../sbl6/segalib/lib/sega_sat.a(gfs_cdb.o)
                0x06020e18                GFCB_GetPickup
                0x06020990                GFCB_Close
                0x06020c5c                GFCB_GetSrcPack
                0x06020de4                GFCB_SetCon
                0x06020a64                GFCB_GetLenRoom
                0x06020dc8                GFCB_MovePickup
                0x06020d3c                GFCB_GetSctData
                0x06020a70                GFCB_SetFilt
                0x060209b8                GFCB_GetLenData
                0x06020e58                GFCB_UngetPickup
                0x06020870                GFCB_Setup
                0x06020b00                GFCB_Tell
                0x06020e40                GFCB_IsPuOwner
                0x06020b60                GFCB_Seek
                0x06020ad8                GFCB_DeleteAllData
                0x06020d74                GFCB_GetDstPack
                0x06020b10                gfcb_getSctNum
                0x06020d80                GFCB_RtnPk
 .text          0x06020e70     0x1a04 ../sbl6/segalib/lib/sega_sat.a(gfs_cdc.o)
                0x0602110c                GFCD_AllocBuf
                0x06021ee8                gfcd_doGetLenDataTsk
                0x06022784                GFCD_SetCsctFunc
                0x060211e4                GFCD_GetBaseFad
                0x06021360                GFCD_GetFilt
                0x06022374                gfcd_doChgDirTsk
                0x060226b4                gfcd_checkEflag
                0x060216a8                GFCD_MovePickup
                0x0602178c                GFCD_GetSctInfo
                0x0602203c                gfcd_doReqDataTsk
                0x060217d4                GFCD_ChgDir
                0x060214c8                GFCD_ReqData
                0x060227a0                GFCD_ChkScdqFlag
                0x06021c58                GFCD_WaitServer
                0x0602156c                GFCD_DelSctData
                0x06021a44                GFCD_ExecServer
                0x06021e58                gfcd_doSetConTsk
                0x060210a0                GFCD_AllocFilt
                0x0602129c                GFCD_SetFilt
                0x06021c94                gfcd_doSetFiltTsk
                0x060227c4                GFCD_ClrScdqFlag
                0x060220dc                gfcd_doDelSctDataTsk
                0x06021ba0                gfcd_doTask
                0x06021218                GFCD_GetPickup
                0x06021768                GFCD_CheckMove
                0x060227e0                GFCD_WaitScdqFlag
                0x06021400                GFCD_Play
                0x06022210                gfcd_doMoveSctTsk
                0x060213a8                GFCD_SetCon
                0x06021848                GFCD_SetFiltCon
                0x06022824                GFCD_WaitPause
                0x06021a0c                GFCD_GetBufSiz
                0x0602124c                GFCD_UngetPickup
                0x06021930                GFCD_GetFileInfo
                0x06021524                GFCD_EndData
                0x06021140                GFCD_FreeBuf
                0x06021460                GFCD_GetLenData
                0x060210dc                GFCD_FreeFilt
                0x06021b18                gfcd_isIdleTask
                0x06020e9c                GFCD_Init
                0x06022570                gfcd_doSetFiltConTsk
                0x060215f4                GFCD_GetStat
                0x060216f4                GFCD_MoveSctData
                0x06021278                GFCD_IsPuOwner
                0x060226d8                gfcd_initCdbMng
                0x06020e70                GFCD_SetCdbfs
                0x06021c44                GFCD_SetTimer
                0x06022758                gfcd_setStat
                0x060215c4                GFCD_CheckDelSctData
 *fill*         0x06022874        0xc 00
 .text          0x06022880      0x308 ../sbl6/segalib/lib/sega_sat.a(DMA_SCU0.o)
                0x06022904                DMA_ScuStart
                0x06022a38                DMA_ScuIntFunc0
                0x06022aa8                DMA_ScuIntFunc1
                0x06022b18                DMA_ScuIntFunc2
                0x060229f8                DMA_ScuGetStatus
                0x06022880                DMA_ScuSetPrm
 *fill*         0x06022b88        0x8 00
 .text          0x06022b90       0xe8 ../sbl6/segalib/lib/sega_sat.a(csh_main.o)
                0x06022b90                CSH_Init
                0x06022bf8                CSH_AllClr
                0x06022c44                CSH_Purge
 *fill*         0x06022c78        0x8 00
 .text          0x06022c80      0x1b6 ../sbl6/segalib/lib/sega_sat.a(DMA_CPU0.o)
                0x06022cc8                DMA_CpuSetPrm
                0x06022dcc                DMA_CpuStart
                0x06022e24                DMA_CpuGetStatus
                0x06022df8                DMA_CpuAllStop
                0x06022e0c                DMA_CpuGetComStatus
                0x06022c80                DMA_CpuSetComPrm
                0x06022de0                DMA_CpuStop
 *fill*         0x06022e36        0xa 00
 .text          0x06022e40      0x194 ../sbl6/segalib/lib/sega_sat.a(cdc_cfs.o)
                0x06022e40                CDC_ChgDir
                0x06022e74                CDC_ReadDir
                0x06022f98                CDC_AbortFile
                0x06022ea8                CDC_GetFileScope
                0x06022f08                CDC_TgetFileInfo
                0x06022f64                CDC_ReadFile
 *fill*         0x06022fd4        0xc 00
 .text          0x06022fe0      0x1e4 ../sbl6/segalib/lib/sega_sat.a(cdc_bio.o)
                0x0602308c                CDC_GetdelSctData
                0x06023014                CDC_GetSctData
                0x060230c8                CDC_PutSctData
                0x06023144                CDC_MoveSctData
                0x06023188                CDC_GetCopyErr
                0x06023050                CDC_DelSctData
                0x06022fe0                CDC_SetSctLen
                0x06023100                CDC_CopySctData
 *fill*         0x060231c4        0xc 00
 .text          0x060231d0      0x2b8 ../sbl6/segalib/lib/sega_sat.a(cdc_sel.o)
                0x06023400                CDC_GetFiltCon
                0x0602337c                CDC_GetFiltMode
                0x06023454                CDC_ResetSelector
                0x060231d0                CDC_SetFiltRange
                0x0602325c                CDC_SetFiltSubh
                0x060232cc                CDC_GetFiltSubh
                0x06023204                CDC_GetFiltRange
                0x06023348                CDC_SetFiltMode
                0x060233c0                CDC_SetFiltCon
 *fill*         0x06023488        0x8 00
 .text          0x06023490      0x270 ../sbl6/segalib/lib/sega_sat.a(cdc_bif.o)
                0x060234ec                CDC_GetSctNum
                0x0602366c                CDC_ExeFadSearch
                0x060235ec                CDC_GetSctInfo
                0x06023530                CDC_CalActSiz
                0x06023490                CDC_GetBufSiz
                0x0602356c                CDC_GetActSiz
                0x060236a4                CDC_GetFadSearch
 .text          0x06023700       0xa8 ../sbl6/segalib/lib/sega_sat.a(cdc_dev.o)
                0x0602376c                CDC_CdGetLastBuf
                0x06023700                CDC_CdSetCon
                0x06023730                CDC_CdGetCon
 *fill*         0x060237a8        0x8 00
 .text          0x060237b0       0x60 C:/saturn/SH_COFF/sh-coff/bin/../lib/gcc/sh-coff/3.4-GNUSH_v0501\libgcc.a(_ashiftrt.o)
                0x060237bc                __ashiftrt_r4_27
                0x060237f0                __ashiftrt_r4_6
                0x060237e0                __ashiftrt_r4_14
                0x060237d2                __ashiftrt_r4_19
                0x060237ea                __ashiftrt_r4_9
                0x060237fe                __ashiftrt_r4_0
                0x060237b0                __ashiftrt_r4_31
                0x060237be                __ashiftrt_r4_26
                0x060237cc                __ashiftrt_r4_22
                0x060237d8                __ashiftrt_r4_16
                0x060237e4                __ashiftrt_r4_12
                0x060237b8                __ashiftrt_r4_29
                0x060237d6                __ashiftrt_r4_17
                0x060237b6                __ashiftrt_r4_30
                0x060237f2                __ashiftrt_r4_5
                0x060237ec                __ashiftrt_r4_8
                0x060237b0                __ashiftrt_r4_32
                0x060237c0                __ashiftrt_r4_25
                0x060237f8                __ashiftrt_r4_2
                0x060237c2                __ashiftrt_r4_24
                0x060237de                __ashiftrt_r4_15
                0x060237e8                __ashiftrt_r4_10
                0x060237fa                __ashiftrt_r4_1
                0x060237ba                __ashiftrt_r4_28
                0x060237d0                __ashiftrt_r4_20
                0x060237ee                __ashiftrt_r4_7
                0x060237e2                __ashiftrt_r4_13
                0x060237e6                __ashiftrt_r4_11
                0x060237f4                __ashiftrt_r4_4
                0x060237ca                __ashiftrt_r4_23
                0x060237d4                __ashiftrt_r4_18
                0x060237ce                __ashiftrt_r4_21
                0x060237f6                __ashiftrt_r4_3
 .text          0x06023810       0x90 C:/saturn/SH_COFF/sh-coff/bin/../lib/gcc/sh-coff/3.4-GNUSH_v0501\libgcc.a(_ashiftlt.o)
                0x06023810                __ashlsi3
 .text          0x060238a0       0xb0 C:/saturn/SH_COFF/sh-coff/bin/../lib/gcc/sh-coff/3.4-GNUSH_v0501\libgcc.a(_movstr.o)
                0x060238e0                __movstrSI16
                0x060238b4                __movstrSI60
                0x060238c0                __movstrSI48
                0x060238bc                __movstrSI52
                0x060238b0                __movstrSI64
                0x060238c4                __movstrSI44
                0x060238c8                __movstrSI40
                0x060238cc                __movstrSI36
                0x06023900                __movstr
                0x060238b8                __movstrSI56
                0x060238d4                __movstrSI28
                0x060238d0                __movstrSI32
                0x060238e4                __movstrSI12
                0x060238e8                __movstrSI8
                0x060238f0                __movstrSI0
                0x060238d8                __movstrSI24
                0x060238dc                __movstrSI20
                0x060238ec                __movstrSI4
 .text          0x06023950       0xa0 C:/saturn/SH_COFF/sh-coff/bin/../lib/gcc/sh-coff/3.4-GNUSH_v0501\libgcc.a(__main.o)
                0x060239c4                __main
                0x06023950                __do_global_dtors
                0x06023984                __do_global_ctors
 .text          0x060239f0      0x2e0 C:/saturn/SH_COFF/sh-coff/bin/../lib/gcc/sh-coff/3.4-GNUSH_v0501\libgcc.a(_mul_df.o)
                0x06023a00                __muldf3
 .text          0x06023cd0       0xb0 C:/saturn/SH_COFF/sh-coff/bin/../lib/gcc/sh-coff/3.4-GNUSH_v0501\libgcc.a(_si_to_df.o)
                0x06023cd0                __floatsidf
 .text          0x06023d80       0x80 C:/saturn/SH_COFF/sh-coff/bin/../lib/gcc/sh-coff/3.4-GNUSH_v0501\libgcc.a(_df_to_si.o)
                0x06023d80                __fixdfsi
 .text          0x06023e00       0x70 C:/saturn/SH_COFF/sh-coff/bin/../lib/gcc/sh-coff/3.4-GNUSH_v0501\libgcc.a(_udivsi3.o)
                0x06023e22                __udivsi3
 .text          0x06023e70       0xa0 C:/saturn/SH_COFF/sh-coff/bin/../lib/gcc/sh-coff/3.4-GNUSH_v0501\libgcc.a(_sdivsi3.o)
                0x06023e70                __sdivsi3
 .text          0x06023f10      0x120 C:/saturn/SH_COFF/sh-coff/bin/../lib/gcc/sh-coff/3.4-GNUSH_v0501\libgcc.a(_unpack_df.o)
                0x06023f20                __unpack_d
 .text          0x06024030      0x220 C:/saturn/SH_COFF/sh-coff/bin/../lib/gcc/sh-coff/3.4-GNUSH_v0501\libgcc.a(_pack_df.o)
                0x06024040                __pack_d
 .text          0x06024250       0x20 C:/saturn/SH_COFF/sh-coff/bin/../lib/gcc/sh-coff/3.4-GNUSH_v0501\libgcc.a(_thenan_df.o)
                0x06024250                __thenan_df
 .text          0x06024270       0xd0 C:/saturn/SH_COFF/sh-coff/bin/../lib/gcc/sh-coff/3.4-GNUSH_v0501\libgcc.a(_muldi3.o)
                0x06024270                __muldi3
 .text          0x06024340       0x80 C:/saturn/SH_COFF/sh-coff/bin/../lib/gcc/sh-coff/3.4-GNUSH_v0501\libgcc.a(_lshrdi3.o)
                0x06024340                __lshrdi3
 .text          0x060243c0       0x80 C:/saturn/SH_COFF/sh-coff/bin/../lib/gcc/sh-coff/3.4-GNUSH_v0501\libgcc.a(_ashldi3.o)
                0x060243c0                __ashldi3
 .text          0x06024440       0x30 C:/saturn/SH_COFF/sh-coff/bin/../lib/gcc/sh-coff/3.4-GNUSH_v0501\libgcc.a(_mulsi3.o)
                0x06024440                __mulsi3
 .text          0x06024470       0x90 C:/saturn/SH_COFF/sh-coff/bin/../lib/gcc/sh-coff/3.4-GNUSH_v0501\libgcc.a(_lshiftrt.o)
                0x06024470                __lshrsi3
 .text          0x06024500       0xa0 C:/saturn/SH_COFF/sh-coff/bin/../lib/gcc/sh-coff/3.4-GNUSH_v0501/../../../../sh-coff/lib\libc.a(memcpy.o)
                0x06024500                memcpy
 .text          0x060245a0       0x40 C:/saturn/SH_COFF/sh-coff/bin/../lib/gcc/sh-coff/3.4-GNUSH_v0501/../../../../sh-coff/lib\libc.a(memset.o)
                0x060245a0                memset
 .text          0x060245e0       0x60 C:/saturn/SH_COFF/sh-coff/bin/../lib/gcc/sh-coff/3.4-GNUSH_v0501/../../../../sh-coff/lib\libc.a(memcmp.o)
                0x060245e0                memcmp
 .text          0x06024640       0xb0 C:/saturn/SH_COFF/sh-coff/bin/../lib/gcc/sh-coff/3.4-GNUSH_v0501/../../../../sh-coff/lib\libc.a(strncmp.o)
                0x06024640                strncmp
 .text          0x060246f0       0xa0 C:/saturn/SH_COFF/sh-coff/bin/../lib/gcc/sh-coff/3.4-GNUSH_v0501/../../../../sh-coff/lib\libc.a(strncpy.o)
                0x060246f0                strncpy
 .text          0x06024790       0x90 C:/saturn/SH_COFF/sh-coff/bin/../lib/gcc/sh-coff/3.4-GNUSH_v0501/../../../../sh-coff/lib\libc.a(atexit.o)
                0x06024790                atexit
 .text          0x06024820       0x10 C:/saturn/SH_COFF/sh-coff/bin/../lib/gcc/sh-coff/3.4-GNUSH_v0501/../../../../sh-coff/lib\libc.a(impure.o)
                0x06024820                _global_impure_ptr
 .text          0x06024830       0x40 C:/saturn/SH_COFF/sh-coff/bin/../lib/gcc/sh-coff/3.4-GNUSH_v0501/../../../../sh-coff/lib\libc.a(malloc.o)
                0x0602484c                free
                0x06024830                malloc
 .text          0x06024870      0x5b0 C:/saturn/SH_COFF/sh-coff/bin/../lib/gcc/sh-coff/3.4-GNUSH_v0501/../../../../sh-coff/lib\libc.a(mallocr.o)
                0x06024870                _malloc_r
 .text          0x06024e20      0x340 C:/saturn/SH_COFF/sh-coff/bin/../lib/gcc/sh-coff/3.4-GNUSH_v0501/../../../../sh-coff/lib\libc.a(freer.o)
                0x06024e20                _malloc_trim_r
                0x06024f14                _free_r
 .text          0x06025160       0x20 C:/saturn/SH_COFF/sh-coff/bin/../lib/gcc/sh-coff/3.4-GNUSH_v0501/../../../../sh-coff/lib\libc.a(mlock.o)
                0x06025160                __malloc_lock
                0x0602516c                __malloc_unlock
 .text          0x06025180       0x50 C:/saturn/SH_COFF/sh-coff/bin/../lib/gcc/sh-coff/3.4-GNUSH_v0501/../../../../sh-coff/lib\libc.a(sbrkr.o)
                0x06025180                _sbrk_r
 .text          0x060251d0      0x380 C:/saturn/SH_COFF/sh-coff/bin/../lib/gcc/sh-coff/3.4-GNUSH_v0501/../../../../sh-coff/lib\libc.a(syscalls.o)
                0x0602533c                _exit
                0x06025370                _getpid
                0x060253d8                _utime
                0x06025208                _write
                0x060251d0                _read
                0x06025324                _unlink
                0x060252ec                _open
                0x06025388                _stat
                0x06025330                isatty
                0x06025408                _wait
                0x06025354                _kill
                0x060253a4                _chmod
                0x06025438                _execv
                0x0602541c                _execve
                0x06025514                __setup_argv_and_call_main
                0x06025470                _gettimeofday
                0x0602523c                _link
                0x0602537c                _raise
                0x06025308                _creat
                0x06025450                _pipe
                0x060253bc                _chown
                0x060251ec                _lseek
                0x06025224                _close
                0x06025464                _times
                0x060252d8                _fstat
                0x060253f4                _fork
                0x06025264                _sbrk
 .text          0x06025550       0x20 C:/saturn/SH_COFF/sh-coff/bin/../lib/gcc/sh-coff/3.4-GNUSH_v0501/../../../../sh-coff/lib\libc.a(trap.o)
                0x06025550                __trap34
 .text          0x06025570       0x20 C:/saturn/SH_COFF/sh-coff/bin/../lib/gcc/sh-coff/3.4-GNUSH_v0501/../../../../sh-coff/lib\libc.a(abort.o)
                0x06025570                abort
 .text          0x06025590      0x270 C:/saturn/SH_COFF/sh-coff/bin/../lib/gcc/sh-coff/3.4-GNUSH_v0501/../../../../sh-coff/lib\libc.a(signal.o)
                0x06025650                _raise_r
                0x060257d8                __sigtramp
                0x06025784                raise
                0x060257c0                _init_signal
                0x06025710                __sigtramp_r
                0x060257a0                signal
                0x060255dc                _signal_r
                0x06025590                _init_signal_r
 .text          0x06025800       0x60 C:/saturn/SH_COFF/sh-coff/bin/../lib/gcc/sh-coff/3.4-GNUSH_v0501/../../../../sh-coff/lib\libc.a(signalr.o)
                0x06025848                _getpid_r
                0x06025800                _kill_r
 *(.strings)

.tors           0x06025860        0x0
                0x06025860                ___ctors = .
 *(.ctors)
                0x06025860                ___ctors_end = .
                0x06025860                ___dtors = .
 *(.dtors)
                0x06025860                ___dtors_end = .

.data           0x06025860     0x1790
                0x06025860                STARTOF_R = .
 *(.data)
 .data          0x06025860      0x400 ../sbl6/segasmp/per/smpclib/per_x1.o
 .data          0x06025c60       0x60 blocks.o
                0x06025cb0                tile2_slope
                0x06025c90                tile4_slope
                0x06025c60                block_slopes
                0x06025ca0                tile3_slope
 .data          0x06025cc0       0x30 enemylist.o
                0x06025cc0                enemy_lists
                0x06025cc4                level0_enemies
                0x06025ce0                enemy_arr
 .data          0x06025cf0      0x630 graphics.o
                0x06025cf0                cloudmap_name
                0x06025e22                guy_num
                0x06025d18                map0_name
                0x06026318                bg_num
                0x06025d00                cloudmap_width
                0x06025e78                cloud_pal
                0x06025ec4                hills_pal
                0x06025f04                hills_name
                0x06025cfe                cloudmap_height
                0x06025d28                explosion_pal
                0x06025f10                bg_pal
                0x06025f0e                hills_num
                0x06025d68                explosion_name
                0x06025e14                guy_name
                0x06025d14                hill_map_width
                0x06025dd4                guy_pal
                0x06025ec2                cloud_num
                0x06025e6e                font_height
                0x06025e1e                guy_width
                0x06025dce                float_size
                0x06025d78                explosion_width
                0x06025e64                font_name
                0x06026310                bg_name
                0x06025d22                map0_height
                0x06025d12                hill_map_height
                0x06025e70                font_width
                0x06025e1c                guy_height
                0x06025d04                hill_map_name
                0x06025eb8                cloud_name
                0x06025e74                font_num
                0x06025e24                font_pal
                0x06025d24                map0_width
                0x06025d7c                explosion_num
                0x06025dca                float_height
                0x06025e20                guy_size
                0x06025e72                font_size
                0x06025dc0                float_name
                0x06025d80                float_pal
                0x06025d7a                explosion_size
                0x06025dcc                float_width
                0x06025dd0                float_num
                0x06025d76                explosion_height
 .data          0x06026320       0x10 player.o
                0x06026320                lives
 .data          0x06026330       0x20 scroll.o
                0x06026330                CycleTb
                0x06026340                vram
 .data          0x06026350       0x30 sprite.o
 .data          0x06026380      0x400 ../sbl6/segalib/lib/sega_int.a(int.o)
 .data          0x06026780       0x1c ../sbl6/segalib/lib/sega_spr.a(spr_slv.o)
                0x06026788                SPR_SlaveParam
                0x06026798                SPR_SMPC_SF
                0x06026790                SPR_SMPC_COM
                0x0602678c                SPR_SlaveSHEntry
                0x06026784                SPR_SlaveState
                0x06026780                SPR_SlaveCommand
                0x06026794                SPR_SMPC_RET
 *fill*         0x0602679c        0x4 00
 .data          0x060267a0       0x34 ../sbl6/segalib/lib/sega_spr.a(spr_1c.o)
                0x060267a0                SpInitialFlag
 *fill*         0x060267d4        0xc 00
 .data          0x060267e0       0x1c ../sbl6/segalib/lib/sega_scl.a(scl_vblv.o)
                0x060267e8                VBInterval
                0x060267f0                ReqDisplayFlag
                0x060267e0                SpFrameChgMode
                0x060267ec                VBIntervalCounter
                0x060267e4                SpFrameEraseMode
 *fill*         0x060267fc        0x4 00
 .data          0x06026800       0x36 ../sbl6/segalib/lib/sega_scl.a(scl_func.o)
                0x06026810                SclRotregBuff
                0x0602680c                SclDisplayY
                0x06026814                SclRotateTableMode
                0x06026808                SclProcess
                0x06026804                SclCurSclNum
                0x06026800                SclLengthLsTbl
                0x0602680a                SclDisplayX
                0x06026802                SclLengthCsTbl
 *fill*         0x06026836        0xa 00
 .data          0x06026840       0x18 ../sbl6/segalib/lib/sega_scl.a(scl_pri.o)
                0x06026844                SclRealSpPriNum
                0x06026854                SclRealColOffset
                0x06026850                SclRealBgColMix
                0x0602684c                SclRealSpColMix
                0x06026848                SclRealBgPriNum
                0x06026840                SclRealOtherPri
 *fill*         0x06026858        0x8 00
 .data          0x06026860      0x380 C:/saturn/SH_COFF/sh-coff/bin/../lib/gcc/sh-coff/3.4-GNUSH_v0501/../../../../sh-coff/lib\libc.a(impure.o)
                0x06026bdc                _impure_ptr
 .data          0x06026be0      0x410 C:/saturn/SH_COFF/sh-coff/bin/../lib/gcc/sh-coff/3.4-GNUSH_v0501/../../../../sh-coff/lib\libc.a(mallocr.o)
                0x06026be8                __malloc_av_
                0x06026be4                __malloc_trim_threshold
                0x06026be0                __malloc_sbrk_base
                0x06026ff0                SIZEOF_R = (. - STARTOF_R)
                0x06026ff0                ENDOF_R = .

.bss            0x06026ff0     0xf0d4
                0x06026ff0                STARTOF_B = .
 *(.bss)
 .bss           0x06026ff0       0x10 vblank.o
                0x06026ff4                PadData2E
                0x06026ffa                PadData1
                0x06026ff6                PadData2
                0x06026ff8                PadData1E
                0x06026ff0                __port
 .bss           0x06027000       0xd0 ../sbl6/segasmp/per/smpclib/per_x2.o
 .bss           0x060270d0       0x10 player.o
                0x060270d1                boost
                0x060270d0                jumps
 .bss           0x060270e0       0x50 scroll.o
                0x060270fc                map_tiles_x
                0x06027104                scrolls_y
                0x060270e0                scroll_transition_state
                0x060270e4                scroll_ysize
                0x060270f4                map_tiles_y
                0x060270ec                copy_modes
                0x06027114                scrolls_x
                0x060270e8                scroll_xsize
 .bss           0x06027130     0x3800 sprite.o
                0x06027130                num_sprites
 .bss           0x0602a930       0x10 main.o
                0x0602a930                frame
 .bss           0x0602a940       0x6e ../sbl6/segalib/lib/sega_spr.a(spr_2c.o)
 *fill*         0x0602a9ae        0x2 00
 .bss           0x0602a9b0        0x4 ../sbl6/segalib/lib/sega_scl.a(scl_vblv.o)
 *fill*         0x0602a9b4        0xc 00
 .bss           0x0602a9c0        0x4 ../sbl6/segalib/lib/sega_scl.a(scl_func.o)
 *fill*         0x0602a9c4        0xc 00
 .bss           0x0602a9d0     0x1900 ../sbl6/segalib/lib/sega_scl.a(scl_fu05.o)
 .bss           0x0602c2d0       0x48 ../sbl6/segalib/lib/sega_scl.a(scl_ro00.o)
 *fill*         0x0602c318        0x8 00
 .bss           0x0602c320        0xc ../sbl6/segalib/lib/sega_cdc.a(cdc_sub.o)
 *fill*         0x0602c32c        0x4 00
 .bss           0x0602c330        0x2 ../sbl6/segalib/lib/sega_cdc.a(cdc_reg.o)
 *fill*         0x0602c332        0xe 00
 .bss           0x0602c340       0x9c ../sbl6/segalib/lib/sega_per.a(per_prt.o)
 *fill*         0x0602c3dc        0x4 00
 .bss           0x0602c3e0       0x28 ../sbl6/segalib/lib/sega_sat.a(snd_main.o)
 *fill*         0x0602c408        0x8 00
 .bss           0x0602c410        0xc ../sbl6/segalib/lib/sega_sat.a(DMA_SCU1.o)
 *fill*         0x0602c41c        0x4 00
 .bss           0x0602c420        0xc ../sbl6/segalib/lib/sega_sat.a(gfs_trn.o)
 *fill*         0x0602c42c        0x4 00
 .bss           0x0602c430       0x20 ../sbl6/segalib/lib/sega_sat.a(DMA_SCU0.o)
 .bss           0x0602c450       0x10 C:/saturn/SH_COFF/sh-coff/bin/../lib/gcc/sh-coff/3.4-GNUSH_v0501\libgcc.a(__main.o)
 .bss           0x0602c460       0x10 C:/saturn/SH_COFF/sh-coff/bin/../lib/gcc/sh-coff/3.4-GNUSH_v0501/../../../../sh-coff/lib\libc.a(atexit.o)
 .bss           0x0602c470       0x40 C:/saturn/SH_COFF/sh-coff/bin/../lib/gcc/sh-coff/3.4-GNUSH_v0501/../../../../sh-coff/lib\libc.a(mallocr.o)
                0x0602c4a0                __malloc_top_pad
                0x0602c470                __malloc_current_mallinfo
                0x0602c49c                __malloc_max_sbrked_mem
                0x0602c498                __malloc_max_total_mem
 .bss           0x0602c4b0       0x10 C:/saturn/SH_COFF/sh-coff/bin/../lib/gcc/sh-coff/3.4-GNUSH_v0501/../../../../sh-coff/lib\libc.a(syscalls.o)
 *(COMMON)
 COMMON         0x0602c4c0     0x1674 cd.o
                                  0x0 (size before relaxing)
                0x0602c4c0                dirname
                0x0602ce20                lib_work
                0x0602db28                directory_table
 *fill*         0x0602db34        0xc 00
 COMMON         0x0602db40     0x1960 player.o
                                  0x0 (size before relaxing)
                0x0602db40                curr_level
                0x0602db50                player
                0x0602db90                lp
 COMMON         0x0602f4a0      0x8c0 print.o
                                  0x0 (size before relaxing)
                0x0602f4a0                text
 COMMON         0x0602fd60     0x346c scroll.o
                                  0x0 (size before relaxing)
                0x0602fd60                line_param0
                0x06031670                scfg3
                0x06031700                scfg0
                0x06031790                maps
                0x060317a0                scfg2
                0x06031830                line_param1
                0x06033140                scfg1
 *fill*         0x060331cc        0x4 00
 COMMON         0x060331d0       0x10 sound.o
                                  0x0 (size before relaxing)
                0x060331d0                snd_init
 COMMON         0x060331e0     0x1460 sprite.o
                                  0x0 (size before relaxing)
                0x060331e0                sprites
                0x06033640                image_buf
 COMMON         0x06034640      0x400 ../sbl6/segalib/lib/sega_int.a(int.o)
                                  0x0 (size before relaxing)
                0x06034640                __interrupt_vector
 COMMON         0x06034a40       0x50 ../sbl6/segalib/lib/sega_spr.a(spr_2c.o)
                                  0x0 (size before relaxing)
                0x06034a40                SpMstCmd
                0x06034a44                Sp2OpenFlag
                0x06034a48                SpGourTblMax
                0x06034a4c                SpDrawPrtyBlk
                0x06034a50                SpLCoordX
                0x06034a54                SpMstDrawPrtyBlk
                0x06034a58                SpGourTbl
                0x06034a5c                SpLookupTblR
                0x06034a60                SpCmdTbl
                0x06034a64                SpCharMax
                0x06034a68                SpDrawPrtyProcFlag
                0x06034a6c                SpCmdNo
                0x06034a70                SpDrawPrtyBlkMax
                0x06034a74                SpSlvCmdPos
                0x06034a78                SpSlvDrawPrtyBlk
                0x06034a7c                SpCharTbl
                0x06034a80                SpCmdTblR
                0x06034a84                SpMstCmdPos
                0x06034a88                SpSlvCmd
                0x06034a8c                SpLCoordY
 COMMON         0x06034a90       0x10 ../sbl6/segalib/lib/sega_spr.a(spr_1c.o)
                                  0x0 (size before relaxing)
                0x06034a90                SpScreenY
                0x06034a94                SpFbcrMode
                0x06034a96                SpDil
                0x06034a98                SpDie
                0x06034a9a                SpTvMode
                0x06034a9c                SpScreenX
 COMMON         0x06034aa0      0xf00 ../sbl6/segalib/lib/sega_scl.a(scl_func.o)
                                  0x0 (size before relaxing)
                0x06034aa0                SclRbgKtbAddr
                0x06034aa8                SclRb
                0x06034aaa                Scl_flag
                0x06034ab0                SclK_TableBuff
                0x06035780                SclAddrCsTbl
                0x06035790                Scl_s_reg
                0x060357b8                SclRotateXy
                0x060357c0                Scl_d_reg
                0x06035808                SclRotateDisp
                0x06035810                SclRotateMoveZ
                0x06035818                SclRotXySw
                0x06035820                Scl_r_reg
                0x06035830                SclRPMD
                0x06035838                SclRbgKtbOffset
                0x06035840                _SclRotregBuff
                0x06035910                SclRa
                0x06035918                SclRotateZ
                0x06035920                SclAddrLsTbl
                0x06035928                SclK_TableNum
                0x06035930                SclRotateTableAddress
                0x06035934                SclK_TableFlag
                0x06035940                Scl_w_reg
                0x06035960                Scl_n_reg
 COMMON         0x060359a0      0x6b0 ../sbl6/segalib/lib/sega_scl.a(scl_pri.o)
                                  0x0 (size before relaxing)
                0x060359a0                SclAutoEndBlue2
                0x060359b0                SclColOffset
                0x060359c0                SclPriBuffDirty
                0x060359c2                SclAutoEndRed
                0x060359c4                SclAutoSurface
                0x060359c8                SclAutoGreen
                0x060359ca                SclAutoEndGreen
                0x060359cc                SclAutoCount
                0x060359d0                SclColRamAlloc256
                0x060359f0                SclAutoCurRate
                0x060359f1                SclAutoPlusFlag
                0x060359f8                SclSpColMix
                0x06035a00                SclAutoMax
                0x06035a04                SclLineColRamOffset
                0x06035a08                SclColRamAlloc2048
                0x06035a0c                SclBgPriNum
                0x06035a12                SclAutoEndBlue
                0x06035a14                SclAutoEndGreen2
                0x06035a16                SclAutoVeFlag
                0x06035a18                SclBgColMix
                0x06035a20                SclAutoIndex
                0x06035a24                SclAutoEndRate
                0x06035a26                SclAutoBlue
                0x06035a28                SclAutoRed
                0x06035a2c                SclAutoInterval
                0x06035a30                SclOtherPri
                0x06035a40                SclAutoRGB
                0x06036040                SclAutoEndRed2
                0x06036048                SclSpPriNum
 COMMON         0x06036050       0x10 ../sbl6/segalib/lib/sega_scl.a(scl_ro00.o)
                                  0x0 (size before relaxing)
                0x06036050                SclCsx
                0x06036058                SclCsy
 COMMON         0x06036060       0x15 ../sbl6/segalib/lib/sega_per.a(per_prt.o)
                                  0x0 (size before relaxing)
                0x06036060                per_get_time_flg
                0x06036061                per_hot_res
                0x06036062                per_set_sys_flg
                0x06036064                per_get_time_adr
                0x06036068                per_get_sys_data
                0x06036074                per_time_out_flg
 *fill*         0x06036075        0xb 00
 COMMON         0x06036080        0xc ../sbl6/segalib/lib/sega_sat.a(gfs.o)
                                  0x0 (size before relaxing)
                0x06036080                GFMC_base
                0x06036084                gfs_mng_ptr
                0x06036088                gfs_use_scudma
 *fill*         0x0603608c        0x4 00
 COMMON         0x06036090        0x8 ../sbl6/segalib/lib/sega_sat.a(snd_main.o)
                                  0x0 (size before relaxing)
                0x06036090                snd_adr_sys_int_work
                0x06036094                snd_msk_work_work
 *fill*         0x06036098        0x8 00
 COMMON         0x060360a0        0x8 ../sbl6/segalib/lib/sega_sat.a(gfs_cdf.o)
                                  0x0 (size before relaxing)
                0x060360a0                gfcf_fad
                0x060360a4                gfcf_stat
 *fill*         0x060360a8        0x8 00
 COMMON         0x060360b0        0xc ../sbl6/segalib/lib/sega_sat.a(gfs_cdc.o)
                                  0x0 (size before relaxing)
                0x060360b0                gfcd_fatal_err
                0x060360b4                gfcd_work
                0x060360b8                gfcd_playflag
 *fill*         0x060360bc        0x4 00
 COMMON         0x060360c0        0x4 C:/saturn/SH_COFF/sh-coff/bin/../lib/gcc/sh-coff/3.4-GNUSH_v0501/../../../../sh-coff/lib\libc.a(syscalls.o)
                                  0x0 (size before relaxing)
                0x060360c0                errno
                0x060360c4                SIZEOF_B = (. - STARTOF_B)
                0x060360c4                ENDOF_B = .
                0x060360c4                _end = .
OUTPUT(main.cof coff-sh)

.comment        0x060360d0      0x520
 .comment       0x060360d0       0x20 ../sbl6/segasmp/lib/strt2_g.o
 .comment       0x060360f0       0x20 vblank.o
 .comment       0x06036110       0x20 ../sbl6/segasmp/per/smpclib/per_x1.o
 .comment       0x06036130       0x20 ../sbl6/segasmp/per/smpclib/per_x2.o
 .comment       0x06036150       0x20 blocks.o
 .comment       0x06036170       0x20 cd.o
 .comment       0x06036190       0x20 collision.o
 .comment       0x060361b0       0x20 enemylist.o
 .comment       0x060361d0       0x20 graphics.o
 .comment       0x060361f0       0x20 player.o
 .comment       0x06036210       0x20 print.o
 .comment       0x06036230       0x20 scroll.o
 .comment       0x06036250       0x20 sound.o
 .comment       0x06036270       0x20 sprite.o
 .comment       0x06036290       0x20 spritecode/explosion.o
 .comment       0x060362b0       0x20 spritecode/float.o
 .comment       0x060362d0       0x20 main.o
 .comment       0x060362f0       0x20 C:/saturn/SH_COFF/sh-coff/bin/../lib/gcc/sh-coff/3.4-GNUSH_v0501\libgcc.a(__main.o)
 .comment       0x06036310       0x20 C:/saturn/SH_COFF/sh-coff/bin/../lib/gcc/sh-coff/3.4-GNUSH_v0501\libgcc.a(_mul_df.o)
 .comment       0x06036330       0x20 C:/saturn/SH_COFF/sh-coff/bin/../lib/gcc/sh-coff/3.4-GNUSH_v0501\libgcc.a(_si_to_df.o)
 .comment       0x06036350       0x20 C:/saturn/SH_COFF/sh-coff/bin/../lib/gcc/sh-coff/3.4-GNUSH_v0501\libgcc.a(_df_to_si.o)
 .comment       0x06036370       0x20 C:/saturn/SH_COFF/sh-coff/bin/../lib/gcc/sh-coff/3.4-GNUSH_v0501\libgcc.a(_unpack_df.o)
 .comment       0x06036390       0x20 C:/saturn/SH_COFF/sh-coff/bin/../lib/gcc/sh-coff/3.4-GNUSH_v0501\libgcc.a(_pack_df.o)
 .comment       0x060363b0       0x20 C:/saturn/SH_COFF/sh-coff/bin/../lib/gcc/sh-coff/3.4-GNUSH_v0501\libgcc.a(_thenan_df.o)
 .comment       0x060363d0       0x20 C:/saturn/SH_COFF/sh-coff/bin/../lib/gcc/sh-coff/3.4-GNUSH_v0501\libgcc.a(_muldi3.o)
 .comment       0x060363f0       0x20 C:/saturn/SH_COFF/sh-coff/bin/../lib/gcc/sh-coff/3.4-GNUSH_v0501\libgcc.a(_lshrdi3.o)
 .comment       0x06036410       0x20 C:/saturn/SH_COFF/sh-coff/bin/../lib/gcc/sh-coff/3.4-GNUSH_v0501\libgcc.a(_ashldi3.o)
 .comment       0x06036430       0x20 C:/saturn/SH_COFF/sh-coff/bin/../lib/gcc/sh-coff/3.4-GNUSH_v0501/../../../../sh-coff/lib\libc.a(memcmp.o)
 .comment       0x06036450       0x20 C:/saturn/SH_COFF/sh-coff/bin/../lib/gcc/sh-coff/3.4-GNUSH_v0501/../../../../sh-coff/lib\libc.a(strncmp.o)
 .comment       0x06036470       0x20 C:/saturn/SH_COFF/sh-coff/bin/../lib/gcc/sh-coff/3.4-GNUSH_v0501/../../../../sh-coff/lib\libc.a(strncpy.o)
 .comment       0x06036490       0x20 C:/saturn/SH_COFF/sh-coff/bin/../lib/gcc/sh-coff/3.4-GNUSH_v0501/../../../../sh-coff/lib\libc.a(atexit.o)
 .comment       0x060364b0       0x20 C:/saturn/SH_COFF/sh-coff/bin/../lib/gcc/sh-coff/3.4-GNUSH_v0501/../../../../sh-coff/lib\libc.a(impure.o)
 .comment       0x060364d0       0x20 C:/saturn/SH_COFF/sh-coff/bin/../lib/gcc/sh-coff/3.4-GNUSH_v0501/../../../../sh-coff/lib\libc.a(malloc.o)
 .comment       0x060364f0       0x20 C:/saturn/SH_COFF/sh-coff/bin/../lib/gcc/sh-coff/3.4-GNUSH_v0501/../../../../sh-coff/lib\libc.a(mallocr.o)
 .comment       0x06036510       0x20 C:/saturn/SH_COFF/sh-coff/bin/../lib/gcc/sh-coff/3.4-GNUSH_v0501/../../../../sh-coff/lib\libc.a(freer.o)
 .comment       0x06036530       0x20 C:/saturn/SH_COFF/sh-coff/bin/../lib/gcc/sh-coff/3.4-GNUSH_v0501/../../../../sh-coff/lib\libc.a(mlock.o)
 .comment       0x06036550       0x20 C:/saturn/SH_COFF/sh-coff/bin/../lib/gcc/sh-coff/3.4-GNUSH_v0501/../../../../sh-coff/lib\libc.a(sbrkr.o)
 .comment       0x06036570       0x20 C:/saturn/SH_COFF/sh-coff/bin/../lib/gcc/sh-coff/3.4-GNUSH_v0501/../../../../sh-coff/lib\libc.a(syscalls.o)
 .comment       0x06036590       0x20 C:/saturn/SH_COFF/sh-coff/bin/../lib/gcc/sh-coff/3.4-GNUSH_v0501/../../../../sh-coff/lib\libc.a(abort.o)
 .comment       0x060365b0       0x20 C:/saturn/SH_COFF/sh-coff/bin/../lib/gcc/sh-coff/3.4-GNUSH_v0501/../../../../sh-coff/lib\libc.a(signal.o)
 .comment       0x060365d0       0x20 C:/saturn/SH_COFF/sh-coff/bin/../lib/gcc/sh-coff/3.4-GNUSH_v0501/../../../../sh-coff/lib\libc.a(signalr.o)
