Archive member included because of file (symbol)

../sbl6/segalib/lib/sega_int.a(int.o)
                              vblank.o (INT_SetScuFunc)
../sbl6/segalib/lib/sega_int.a(int_trmp.o)
                              ../sbl6/segalib/lib/sega_int.a(int.o) (__interrupt_handler0)
../sbl6/segalib/lib/sega_spr.a(spr_2c.o)
                              sprite.o (SPR_2Initial)
../sbl6/segalib/lib/sega_spr.a(spr_slv.o)
                              ../sbl6/segalib/lib/sega_spr.a(spr_2c.o) (SPR_InitSlaveSH)
../sbl6/segalib/lib/sega_spr.a(spr_1c.o)
                              ../sbl6/segalib/lib/sega_spr.a(spr_2c.o) (SPR_Initial)
../sbl6/segalib/lib/sega_spr.a(spr_2a.o)
                              ../sbl6/segalib/lib/sega_spr.a(spr_2c.o) (SPR_2SetDrawPrty)
../sbl6/segalib/lib/sega_scl.a(scl_vblv.o)
                              ../sbl6/segalib/lib/sega_spr.a(spr_1c.o) (SpFrameChgMode)
../sbl6/segalib/lib/sega_scl.a(scl_func.o)
                              sprite.o (SCL_Vdp2Init)
../sbl6/segalib/lib/sega_scl.a(scl_pr03.o)
                              sprite.o (SCL_AllocColRam)
../sbl6/segalib/lib/sega_scl.a(scl_pr02.o)
                              sprite.o (SCL_SetColRam)
../sbl6/segalib/lib/sega_scl.a(scl_back.o)
                              scroll.o (SCL_SetBack)
../sbl6/segalib/lib/sega_scl.a(scl_fu05.o)
                              scroll.o (SCL_InitLineParamTb)
../sbl6/segalib/lib/sega_scl.a(scl_fu03.o)
                              scroll.o (SCL_InitConfigTb)
../sbl6/segalib/lib/sega_scl.a(scl_fu02.o)
                              scroll.o (SCL_InitVramConfigTb)
../sbl6/segalib/lib/sega_scl.a(scl_fu04.o)
                              scroll.o (SCL_SetCycleTable)
../sbl6/segalib/lib/sega_scl.a(scl_pr07.o)
                              scroll.o (SCL_SetPriority)
../sbl6/segalib/lib/sega_scl.a(scl_pr01.o)
                              main.o (SCL_SetSpriteMode)
../sbl6/segalib/lib/sega_scl.a(scl_pri.o)
                              ../sbl6/segalib/lib/sega_scl.a(scl_func.o) (SclRealOtherPri)
../sbl6/segalib/lib/sega_scl.a(scl_ro00.o)
                              ../sbl6/segalib/lib/sega_scl.a(scl_func.o) (SCL_Rotate)
../sbl6/segalib/lib/sega_scl.a(scl_pr06.o)
                              ../sbl6/segalib/lib/sega_scl.a(scl_pr03.o) (SCL_SetColRamOffset)
../sbl6/segalib/lib/sega_scl.a(scl_pr05.o)
                              ../sbl6/segalib/lib/sega_scl.a(scl_pr02.o) (SCL_GetColRamOffset)
../sbl6/segalib/lib/sega_mth.a(mth_fixd.o)
                              sprite.o (MTH_Mul)
../sbl6/segalib/lib/sega_mth.a(mth_tri.o)
                              sprite.o (MTH_Sin)
../sbl6/segalib/lib/sega_per.a(per_prt.o)
                              ../sbl6/segasmp/per/smpclib/per_x2.o (PER_LInit)
../sbl6/segalib/lib/sega_sat.a(gfs.o)
                              cd.o (GFS_Init)
../sbl6/segalib/lib/sega_sat.a(DMA_SCU1.o)
                              ../sbl6/segalib/lib/sega_spr.a(spr_2c.o) (DMA_ScuMemCopy)
../sbl6/segalib/lib/sega_sat.a(gfs_cdf.o)
                              ../sbl6/segalib/lib/sega_sat.a(gfs.o) (GFCF_Init)
../sbl6/segalib/lib/sega_sat.a(gfs_dir.o)
                              ../sbl6/segalib/lib/sega_sat.a(gfs.o) (GFDR_SetupDirTbl)
../sbl6/segalib/lib/sega_sat.a(gfs_trn.o)
                              ../sbl6/segalib/lib/sega_sat.a(gfs.o) (GFTR_Setup)
../sbl6/segalib/lib/sega_sat.a(gfs_buf.o)
                              ../sbl6/segalib/lib/sega_sat.a(gfs.o) (GFBF_GetNumData)
../sbl6/segalib/lib/sega_sat.a(gfs_cdb.o)
                              ../sbl6/segalib/lib/sega_sat.a(gfs_cdf.o) (GFCB_Setup)
../sbl6/segalib/lib/sega_sat.a(gfs_cdc.o)
                              ../sbl6/segalib/lib/sega_sat.a(gfs.o) (GFCD_SetCdbfs)
../sbl6/segalib/lib/sega_sat.a(DMA_SCU0.o)
                              ../sbl6/segalib/lib/sega_sat.a(DMA_SCU1.o) (DMA_ScuSetPrm)
../sbl6/segalib/lib/sega_sat.a(csh_main.o)
                              ../sbl6/segalib/lib/sega_sat.a(DMA_SCU1.o) (CSH_Purge)
../sbl6/segalib/lib/sega_sat.a(DMA_CPU0.o)
                              ../sbl6/segalib/lib/sega_sat.a(gfs_trn.o) (DMA_CpuSetComPrm)
../sbl6/segalib/lib/sega_sat.a(cdc_reg.o)
                              ../sbl6/segalib/lib/sega_sat.a(gfs_cdb.o) (CDC_GetDataPtr)
../sbl6/segalib/lib/sega_sat.a(cdc_cfs.o)
                              ../sbl6/segalib/lib/sega_sat.a(gfs_cdc.o) (CDC_ChgDir)
../sbl6/segalib/lib/sega_sat.a(cdc_cmn.o)
                              ../sbl6/segalib/lib/sega_sat.a(gfs_cdc.o) (CDC_GetCurStat)
../sbl6/segalib/lib/sega_sat.a(cdc_bio.o)
                              ../sbl6/segalib/lib/sega_sat.a(gfs_cdc.o) (CDC_SetSctLen)
../sbl6/segalib/lib/sega_sat.a(cdc_sel.o)
                              ../sbl6/segalib/lib/sega_sat.a(gfs_cdc.o) (CDC_SetFiltRange)
../sbl6/segalib/lib/sega_sat.a(cdc_drv.o)
                              ../sbl6/segalib/lib/sega_sat.a(gfs_cdc.o) (CDC_CdPlay)
../sbl6/segalib/lib/sega_sat.a(cdc_bif.o)
[...]
Memory Configuration

Name             Origin             Length             Attributes
*default*        0x00000000         0xffffffff

Linker script and memory map

LOAD ../sbl6/segasmp/lib/strt1_g.o
LOAD ../sbl6/segasmp/lib/strt2_g.o
LOAD vblank.o
LOAD ../sbl6/segasmp/per/smpclib/per_x1.o
LOAD ../sbl6/segasmp/per/smpclib/per_x2.o
LOAD ../sbl6/segasmp/per/smpclib/per_x3.o
LOAD blocks.o
LOAD cd.o
LOAD collision.o
LOAD enemylist.o
LOAD graphics.o
LOAD player.o
LOAD print.o
LOAD sprite.o
LOAD spritecode/explosion.o
LOAD spritecode/float.o
LOAD scroll.o
LOAD main.o
LOAD ../sbl6/segalib/lib/sega_int.a
LOAD ../sbl6/segalib/lib/sega_spr.a
LOAD ../sbl6/segalib/lib/sega_scl.a
LOAD ../sbl6/segalib/lib/sega_mth.a
LOAD ../sbl6/segalib/lib/sega_cdc.a
LOAD ../sbl6/segalib/lib/sega_adp.a
LOAD ../sbl6/segalib/lib/sega_per.a
LOAD ../sbl6/segalib/lib/sega_sat.a
LOAD C:/saturn/SH_COFF/sh-coff/bin/../lib/gcc/sh-coff/3.4-GNUSH_v0501\libgcc.a
LOAD C:/saturn/SH_COFF/sh-coff/bin/../lib/gcc/sh-coff/3.4-GNUSH_v0501/../../../../sh-coff/lib\libc.a
LOAD C:/saturn/SH_COFF/sh-coff/bin/../lib/gcc/sh-coff/3.4-GNUSH_v0501\libgcc.a

.text           0x06010000    0x144d0
 *(.text)
 .text          0x06010000       0x30 ../sbl6/segasmp/lib/strt1_g.o
                0x06010024                _D_END
                0x06010020                _D_BGN
                0x0601002c                _B_END
                0x06010028                _B_BGN
                0x06010000                START
 .text          0x06010030       0x60 ../sbl6/segasmp/lib/strt2_g.o
                0x06010050                _INITSCT
                0x06010030                _INIT
 .text          0x06010090      0x180 vblank.o
                0x06010090                SetVblank
                0x06010110                UsrVblankOut
                0x060100f0                UsrVblankIn
 .text          0x06010210      0x430 ../sbl6/segasmp/per/smpclib/per_x1.o
                0x060105a4                PER_GetAnalogXYZ
                0x06010234                PER_GetTriggerHandler
                0x060104ce                PER_GetEdge
                0x0601044c                PER_GetTrigger
                0x060104f8                PER_GetPressEdge
                0x0601054c                PER_GetReleaseEdge
                0x06010210                PER_SetTriggerHandler
 .text          0x06010640      0x200 ../sbl6/segasmp/per/smpclib/per_x2.o
                0x06010744                PER_GetDeviceA
                0x06010640                PER_OpenPort
                0x06010678                PER_GetPort
                0x060107be                PER_GetDeviceR
 .text          0x06010840       0x20 ../sbl6/segasmp/per/smpclib/per_x3.o
                0x06010840                PER_DisguiseTrigger
 .text          0x06010860       0xd0 blocks.o
                0x06010860                block_get
                0x060108c0                block_check
                0x060108f0                block_spike
 .text          0x06010930       0xa0 cd.o
                0x06010930                cd_init
                0x06010960                cd_load
 .text          0x060109d0      0x9d0 collision.o
                0x060109d0                collision_check_up
                0x06011200                collision_eject_horiz
                0x06011360                collision_player
                0x06010fe0                collision_eject_vert
                0x06010d00                collision_check
                0x06010bc0                collision_check_left
                0x06010c50                collision_check_right
                0x06010f30                collision_spikes
                0x06010b00                collision_check_below
                0x06010a40                collision_check_down
 .text          0x060113a0       0x80 enemylist.o
                0x060113a0                enemylist_spawn
 .text          0x06011420      0x660 player.o
                0x06011420                player_frames
                0x060115d0                player_input
                0x06011430                player_init
                0x06011970                player_draw
                0x060114d0                player_animate
 .text          0x06011a80      0x170 print.o
                0x06011b50                print_display
                0x06011ac0                print_num
                0x06011a80                print_init
                0x06011b10                print_string
 .text          0x06011bf0      0x6e0 sprite.o
                0x06011c20                sprite_init
                0x06012110                sprite_make
                0x06012240                sprite_next
                0x060122a0                sprite_delete
                0x06012150                sprite_draw_all
                0x06011bf0                sprite_deleteall
                0x06011ec0                sprite_draw
 .text          0x060122d0       0xe0 spritecode/explosion.o
                0x06012340                explosion_move
                0x060122d0                explosion_make
 .text          0x060123b0      0x130 spritecode/float.o
                0x060123b0                float_make
                0x06012420                float_move
 .text          0x060124e0      0x8c0 scroll.o
                0x060124e0                scroll_move
                0x06012af0                scroll_get
                0x06012b50                scroll_copy
                0x06012630                scroll_set
                0x06012c80                scroll_reset
                0x06012ce0                scroll_linescroll4
                0x06012740                scroll_init
                0x06012660                scroll_scale
 .text          0x06012da0      0x1a0 main.o
                0x06012da0                main
 .text          0x06012f40       0x40 ../sbl6/segalib/lib/sega_int.a(int.o)
                0x06012f6c                INT_GetScuFunc
                0x06012f40                INT_SetScuFunc
 .text          0x06012f80      0x624 ../sbl6/segalib/lib/sega_int.a(int_trmp.o)
                0x060130e8                __interrupt_handler60
                0x06013298                __interrupt_handler132
                0x0601344e                __interrupt_handler205
                0x060132b6                __interrupt_handler137
                0x060131e4                __interrupt_handler102
                0x06013022                __interrupt_handler27
                0x06013424                __interrupt_handler198
                0x06013316                __interrupt_handler153
                0x06012ffe                __interrupt_handler21
                0x0601310c                __interrupt_handler66
                0x060131fc                __interrupt_handler106
                0x06013346                __interrupt_handler161
                0x06013190                __interrupt_handler88
                0x0601335e                __interrupt_handler165
                0x0601326e                __interrupt_handler125
                0x06012fa4                __interrupt_handler6
                0x06013040                __interrupt_handler32
                0x060133fa                __interrupt_handler191
                0x06013514                __interrupt_handler238
                0x0601352c                __interrupt_handler242
                0x06013334                __interrupt_handler158
                0x0601319c                __interrupt_handler90
                0x06013358                __interrupt_handler164
                0x0601307c                __interrupt_handler42
                0x060133be                __interrupt_handler181
                0x060134c6                __interrupt_handler225
                0x0601356e                __interrupt_handler253
                0x06013382                __interrupt_handler171
                0x0601313c                __interrupt_handler74
                0x06012f92                __interrupt_handler3
                0x060130d6                __interrupt_handler57
                0x06012fd4                __interrupt_handler14
                0x0601346c                __interrupt_handler210
                0x0601349c                __interrupt_handler218
                0x06013460                __interrupt_handler208
                0x06013064                __interrupt_handler38
                0x06012f80                __interrupt_handler0
                0x060131f0                __interrupt_handler104
                0x0601332e                __interrupt_handler157
                0x0601347e                __interrupt_handler213
                0x06013370                __interrupt_handler168
                0x0601317e                __interrupt_handler85
                0x0601321a                __interrupt_handler111
                0x0601322c                __interrupt_handler114
                0x0601309a                __interrupt_handler47
                0x060134f0                __interrupt_handler232
                0x060134ba                __interrupt_handler223
                0x0601350e                __interrupt_handler237
                0x060130fa                __interrupt_handler63
                0x06013088                __interrupt_handler44
                0x0601339a                __interrupt_handler175
                0x060133c4                __interrupt_handler182
                0x060133dc                __interrupt_handler186
                0x060132da                __interrupt_handler143
                0x06013202                __interrupt_handler107
                0x06013268                __interrupt_handler124
                0x06013388                __interrupt_handler172
                0x0601353e                __interrupt_handler245
                0x060131ba                __interrupt_handler95
                0x06013292                __interrupt_handler131
                0x060132a4                __interrupt_handler134
                0x060132c2                __interrupt_handler139
                0x06013130                __interrupt_handler72
                0x060134ea                __interrupt_handler231
                0x06013340                __interrupt_handler160
                0x06013286                __interrupt_handler129
                0x06012ff8                __interrupt_handler20
                0x06013106                __interrupt_handler65
                0x060130d0                __interrupt_handler56
                0x06012fce                __interrupt_handler13
                0x06013466                __interrupt_handler209
                0x06013220                __interrupt_handler112
                0x06012ff2                __interrupt_handler19
                0x060131ae                __interrupt_handler93
                0x06013418                __interrupt_handler196
                0x0601330a                __interrupt_handler151
                0x0601336a                __interrupt_handler167
                0x06013580                __trampoline
                0x06012fe6                __interrupt_handler17
                0x060134d8                __interrupt_handler228
                0x0601357a                __interrupt_handler255
                0x06013538                __interrupt_handler244
                0x060131d2                __interrupt_handler99
                0x060133ca                __interrupt_handler183
                0x060132c8                __interrupt_handler140
                0x060133ee                __interrupt_handler189
                0x060132ec                __interrupt_handler146
                0x060134b4                __interrupt_handler222
                0x06013328                __interrupt_handler156
                0x0601325c                __interrupt_handler122
                0x06013550                __interrupt_handler248
                0x060130a0                __interrupt_handler48
                0x0601311e                __interrupt_handler69
                0x06013010                __interrupt_handler24
                0x06013196                __interrupt_handler89
                0x0601348a                __interrupt_handler215
                0x06013574                __interrupt_handler254
                0x0601318a                __interrupt_handler87
                0x060130ee                __interrupt_handler61
                0x06013412                __interrupt_handler195
                0x06013304                __interrupt_handler150
                0x06013076                __interrupt_handler41
                0x06013214                __interrupt_handler110
                0x0601327a                __interrupt_handler127
                0x06013208                __interrupt_handler108
                0x06013226                __interrupt_handler113
                0x06013238                __interrupt_handler116
                0x06013256                __interrupt_handler121
                0x0601314e                __interrupt_handler77
                0x0601306a                __interrupt_handler39
                0x06013082                __interrupt_handler43
                0x06013556                __interrupt_handler249
                0x06013394                __interrupt_handler174
                0x060132b0                __interrupt_handler136
                0x060133e8                __interrupt_handler188
                0x060132e6                __interrupt_handler145
                0x06012fb6                __interrupt_handler9
                0x0601315a                __interrupt_handler79
                0x060134d2                __interrupt_handler227
                0x0601304c                __interrupt_handler34
                0x0601328c                __interrupt_handler130
                0x0601354a                __interrupt_handler247
                0x06013142                __interrupt_handler75
                0x0601338e                __interrupt_handler173
                0x060130be                __interrupt_handler53
                0x060132fe                __interrupt_handler149
                0x06013562                __interrupt_handler251
                0x060134f6                __interrupt_handler233
                0x06012fbc                __interrupt_handler10
                0x06013448                __interrupt_handler204
                0x0601316c                __interrupt_handler82
                0x06013172                __interrupt_handler83
                0x06013016                __interrupt_handler25
                0x06013532                __interrupt_handler243
                0x0601334c                __interrupt_handler162
                0x06013094                __interrupt_handler46
                0x060133ac                __interrupt_handler178
                0x06013160                __interrupt_handler80
                0x060130f4                __interrupt_handler62
                0x06012f8c                __interrupt_handler2
                0x0601302e                __interrupt_handler29
                0x06013124                __interrupt_handler70
                0x0601320e                __interrupt_handler109
                0x060132f8                __interrupt_handler148
                0x060131b4                __interrupt_handler94
                0x060134c0                __interrupt_handler224
                0x060131ea                __interrupt_handler103
                0x06013058                __interrupt_handler36
                0x06013274                __interrupt_handler126
                0x06013544                __interrupt_handler246
                0x060130ca                __interrupt_handler55
                0x06012fc8                __interrupt_handler12
                0x060130b8                __interrupt_handler52
                0x060133e2                __interrupt_handler187
                0x060132e0                __interrupt_handler144
                0x0601323e                __interrupt_handler117
                0x06012fec                __interrupt_handler18
                0x0601341e                __interrupt_handler197
                0x06013310                __interrupt_handler152
                0x06013244                __interrupt_handler118
                0x0601337c                __interrupt_handler170
                0x06013436                __interrupt_handler201
                0x060131c6                __interrupt_handler97
                0x06013352                __interrupt_handler163
                0x060133b8                __interrupt_handler180
                0x06013400                __interrupt_handler192
                0x06013520                __interrupt_handler240
                0x06013262                __interrupt_handler123
                0x06013484                __interrupt_handler214
                0x0601303a                __interrupt_handler31
                0x06013028                __interrupt_handler28
                0x06013112                __interrupt_handler67
                0x06013118                __interrupt_handler68
                0x06013004                __interrupt_handler22
                0x0601300a                __interrupt_handler23
                0x060133a0                __interrupt_handler176
                0x06012faa                __interrupt_handler7
                0x060134ae                __interrupt_handler221
                0x06013496                __interrupt_handler217
                0x060134de                __interrupt_handler229
                0x060130a6                __interrupt_handler49
                0x06012f98                __interrupt_handler4
                0x06013070                __interrupt_handler40
                0x06013232                __interrupt_handler115
                0x06013502                __interrupt_handler235
                0x060131a2                __interrupt_handler91
                0x06013454                __interrupt_handler206
                0x060133a6                __interrupt_handler177
                0x060132f2                __interrupt_handler147
                0x0601305e                __interrupt_handler37
                0x0601355c                __interrupt_handler250
                0x06012f86                __interrupt_handler1
                0x060134a2                __interrupt_handler219
                0x06013148                __interrupt_handler76
                0x060131d8                __interrupt_handler100
                0x060130dc                __interrupt_handler58
                0x06012fda                __interrupt_handler15
                0x06013478                __interrupt_handler212
                0x06013526                __interrupt_handler241
                0x0601343c                __interrupt_handler202
                0x06013406                __interrupt_handler193
                0x06013154                __interrupt_handler78
                0x060130ac                __interrupt_handler50
                0x06013046                __interrupt_handler33
                0x06013364                __interrupt_handler166
                0x060132bc                __interrupt_handler138
                0x060132aa                __interrupt_handler135
                0x06013034                __interrupt_handler30
                0x060133d0                __interrupt_handler184
                0x060132ce                __interrupt_handler141
                0x060134e4                __interrupt_handler230
                0x06013508                __interrupt_handler236
                0x0601324a                __interrupt_handler119
                0x06013184                __interrupt_handler86
                0x060131f6                __interrupt_handler105
                0x06013166                __interrupt_handler81
                0x06013250                __interrupt_handler120
                0x06013280                __interrupt_handler128
                0x060130c4                __interrupt_handler54
                0x06012fc2                __interrupt_handler11
                0x0601342a                __interrupt_handler199
                0x0601331c                __interrupt_handler154
                0x0601308e                __interrupt_handler45
                0x06013490                __interrupt_handler216
                0x06013442                __interrupt_handler203
                0x060131de                __interrupt_handler101
                0x06013178                __interrupt_handler84
                0x060133d6                __interrupt_handler185
                0x060132d4                __interrupt_handler142
                0x0601301c                __interrupt_handler26
                0x06013100                __interrupt_handler64
                0x06013430                __interrupt_handler200
                0x0601345a                __interrupt_handler207
                0x0601340c                __interrupt_handler194
                0x060131a8                __interrupt_handler92
                0x06013322                __interrupt_handler155
                0x06013472                __interrupt_handler211
                0x0601329e                __interrupt_handler133
                0x06012f9e                __interrupt_handler5
                0x06013136                __interrupt_handler73
                0x06012fe0                __interrupt_handler16
                0x0601351a                __interrupt_handler239
                0x060134fc                __interrupt_handler234
                0x06013052                __interrupt_handler35
                0x060130e2                __interrupt_handler59
                0x06013376                __interrupt_handler169
                0x060131cc                __interrupt_handler98
                0x0601312a                __interrupt_handler71
                0x060130b2                __interrupt_handler51
                0x0601333a                __interrupt_handler159
                0x060134cc                __interrupt_handler226
                0x060131c0                __interrupt_handler96
                0x060133f4                __interrupt_handler190
                0x060134a8                __interrupt_handler220
                0x06012fb0                __interrupt_handler8
                0x060133b2                __interrupt_handler179
                0x06013568                __interrupt_handler252
 *fill*         0x060135a4        0xc 00
 .text          0x060135b0     0x12a0 ../sbl6/segalib/lib/sega_spr.a(spr_2c.o)
                0x06014810                SlaveFlushDrawPrtyBlock
                0x060135b0                SPR_2Initial
                0x06013df4                SPR_2SysClip
                0x06013d94                SPR_2LocalCoord
                0x0601468c                SPR_2FlushDrawPrtyBlock
                0x06014378                SPR_2DistSpr
                0x06013d7c                SPR_2FlushDrawPrty
                0x0601449c                SPR_2Cmd
                0x06013a78                SPR_2GourTblNoToVram
                0x06013ad8                SPR_2GetAreaSizeInfo
                0x06013840                SPR_2SetGourTbl
                0x0601402c                SPR_2Polygon
                0x06013ab4                SPR_2CharNoToVram
                0x060137c0                SPR_2SetTvMode
                0x06013c1c                SPR_2CloseCommand
                0x060137fc                SPR_2FrameEraseData
                0x060135d8                SPR_2Initial2
                0x0601420c                SPR_2ScaleSpr
                0x06013e9c                SPR_2Line
                0x06013b68                SPR_2OpenCommand
                0x060137dc                SPR_2FrameChgIntr
                0x060140e8                SPR_2NormSpr
                0x06013870                SPR_2SetLookupTbl
                0x060138a4                SPR_2SetChar
                0x06013a9c                SPR_2LookupTblNoToVram
                0x06013f70                SPR_2PolyLine
                0x06013a10                SPR_2ClrAllChar
                0x060139c4                SPR_2ClrChar
                0x06013e40                SPR_2UserClip
 .text          0x06014850      0x1e6 ../sbl6/segalib/lib/sega_spr.a(spr_slv.o)
                0x060149b4                SPR_WaitEndSlaveSH
                0x06014850                SPR_SMPC_SSHON
                0x06014990                SPR_RunSlaveSH
                0x06014854                SPR_InitSlaveSH
                0x0601491c                SPR_SlaveSHmain
                0x06014851                SPR_SMPC_SSHOFF
 *fill*         0x06014a36        0xa 00
 .text          0x06014a40      0x36a ../sbl6/segalib/lib/sega_spr.a(spr_1c.o)
                0x06014cf4                SPR_WaitDrawEnd
                0x06014d0c                SPR_SetEosMode
                0x06014c24                SPR_SetEraseData
                0x06014a40                SPR_Initial
                0x06014b18                SPR_SetTvMode
                0x06014bb0                SPR_GetStatus
 *fill*         0x06014daa        0x6 00
 .text          0x06014db0      0x244 ../sbl6/segalib/lib/sega_spr.a(spr_2a.o)
                0x06014dc2                sprMemCpyW
                0x06014e20                flushDrawPrtyBlock
                0x06014db0                sprMemCpyL
                0x06014dd4                SPR_2SetDrawPrty
 *fill*         0x06014ff4        0xc 00
 .text          0x06015000      0x2fc ../sbl6/segalib/lib/sega_scl.a(scl_vblv.o)
                0x060150bc                SCL_DisplayFrame
                0x06015000                SCL_SetFrameInterval
                0x060150f0                SCL_VblInit
                0x06015140                SCL_VblankStart
                0x06015184                SCL_VblankEnd
 *fill*         0x060152fc        0x4 00
 .text          0x06015300      0xb9c ../sbl6/segalib/lib/sega_scl.a(scl_func.o)
                0x06015cdc                SCL_Vdp2_SGLInit
                0x06015bec                SCL_PriIntProc
                0x06015b64                SCL_Memcpyw
                0x06015e7c                SCL_SglOff
                0x06015e5c                SCL_SglOn
                0x06015ad0                SCL_ScrollShow
                0x06015578                SCL_Close
                0x06015870                SCL_Scale
                0x06015300                SCL_Vdp2Init
                0x060156e4                SCL_Move
                0x060159ac                SCL_CopyReg
                0x06015554                SCL_Open
                0x06015384                SCL_ParametersInit
                0x06015594                SCL_MoveTo
                0x06015b8c                SCL_SetColRamMode
 *fill*         0x06015e9c        0x4 00
 .text          0x06015ea0      0x138 ../sbl6/segalib/lib/sega_scl.a(scl_pr03.o)
                0x06015ea0                SCL_FreeColRam
                0x06015ed8                SCL_AllocColRam
 *fill*         0x06015fd8        0x8 00
 .text          0x06015fe0       0x9c ../sbl6/segalib/lib/sega_scl.a(scl_pr02.o)
                0x06015fe0                SCL_SetColRam
 *fill*         0x0601607c        0x4 00
 .text          0x06016080       0x84 ../sbl6/segalib/lib/sega_scl.a(scl_back.o)
                0x06016080                SCL_SetBack
 *fill*         0x06016104        0xc 00
 .text          0x06016110      0x278 ../sbl6/segalib/lib/sega_scl.a(scl_fu05.o)
                0x060161cc                SCL_SetLineParam
                0x06016118                SCL_InitLineParamTb
 *fill*         0x06016388        0x8 00
 .text          0x06016390      0x94c ../sbl6/segalib/lib/sega_scl.a(scl_fu03.o)
                0x060163ec                SCL_SetConfig
                0x06016390                SCL_InitConfigTb
 *fill*         0x06016cdc        0x4 00
 .text          0x06016ce0      0x4f4 ../sbl6/segalib/lib/sega_scl.a(scl_fu02.o)
                0x06016d18                SCL_SetVramConfig
                0x06016ce0                SCL_InitVramConfigTb
 *fill*         0x060171d4        0xc 00
 .text          0x060171e0       0x28 ../sbl6/segalib/lib/sega_scl.a(scl_fu04.o)
                0x060171e0                SCL_SetCycleTable
 *fill*         0x06017208        0x8 00
 .text          0x06017210      0x214 ../sbl6/segalib/lib/sega_scl.a(scl_pr07.o)
                0x06017210                SCL_SetPriority
 *fill*         0x06017424        0xc 00
 .text          0x06017430       0x58 ../sbl6/segalib/lib/sega_scl.a(scl_pr01.o)
                0x06017430                SCL_SetSpriteMode
 *fill*         0x06017488        0x8 00
 .text          0x06017490     0x10a4 ../sbl6/segalib/lib/sega_scl.a(scl_pri.o)
                0x06017524                SCL_AbortAutoVe
                0x060183d4                SCL_SetShadowBit
                0x0601799c                SCL_AutoExec
                0x06017490                SCL_PriorityInit
                0x06017eb0                SCL_IncColOffset
                0x06017538                SCL_SetColMixRate
                0x06017508                SCL_GetColRamMode
 *fill*         0x06018534        0xc 00
 .text          0x06018540     0x1394 ../sbl6/segalib/lib/sega_scl.a(scl_ro00.o)
                0x0601972c                SCL_RotateZD
                0x060189f4                SCL_Rotate
                0x060186c8                SCL_InitRotateTable
 *fill*         0x060198d4        0xc 00
 .text          0x060198e0      0x1b4 ../sbl6/segalib/lib/sega_scl.a(scl_pr06.o)
                0x060198e0                SCL_SetColRamOffset
 *fill*         0x06019a94        0xc 00
 .text          0x06019aa0       0xac ../sbl6/segalib/lib/sega_scl.a(scl_pr05.o)
                0x06019aa0                SCL_GetColRamOffset
 *fill*         0x06019b4c        0x4 00
 .text          0x06019b50       0xa4 ../sbl6/segalib/lib/sega_mth.a(mth_fixd.o)
                0x06019ba0                MTH_FixedToInt
                0x06019b90                MTH_IntToFixed
                0x06019b50                MTH_Mul
                0x06019bb0                MTH_Product
                0x06019b70                MTH_Div
 *fill*         0x06019bf4        0xc 00
 .text          0x06019c00      0x600 ../sbl6/segalib/lib/sega_mth.a(mth_tri.o)
                0x06019c9c                fcos
                0x06019ca2                fsin
                0x06019c4c                MTH_Cos
                0x06019c00                MTH_Sin
                0x06019e40                MTH_Atan
 .text          0x0601a200      0xf50 ../sbl6/segalib/lib/sega_per.a(per_prt.o)
                0x0601a620                PER_IntFunc
                0x0601a418                PER_LGetPer
                0x0601a200                PER_LInit
 .text          0x0601b150     0x1b04 ../sbl6/segalib/lib/sega_sat.a(gfs.o)
                0x0601b150                gfs_version
                0x0601c3c4                gfs_mngGetNumFile
                0x0601cb44                gfs_closeSub
                0x0601bee0                GFS_SetGmode
                0x0601c19c                GFS_SetErrFunc
                0x0601c2ec                gfs_mngSetupFuncTbl
                0x0601b4a8                GFS_Reset
                0x0601c214                gfs_chgRoot
                0x0601c2e0                gfs_aborttrans
                0x0601c5c4                gfs_svrAddHndl
                0x0601c474                gfs_mngFreeGrp
                0x0601c1ec                GFS_ConvTno
                0x0601c778                gfs_getRootDir
                0x0601c1c8                GFS_GetErrStat
                0x0601b618                GFS_Seek
                0x0601bc84                GFS_NwStop
                0x0601c480                gfs_mngTermAccess
                0x0601b52c                GFS_Open
                0x0601c42c                GFS_mngAllocGrp
                0x0601cb8c                gfs_isTaskDone
                0x0601b984                GFS_Fread
                0x0601c0e4                GFS_StartTrans
                0x0601cae0                gfs_GetFinfo
                0x0601c320                gfs_mngInitWork
                0x0601b770                GFS_ByteToSct
                0x0601c584                gfs_svrSearchHndl
                0x0601c874                gfs_loadRootDir
                0x0601b3cc                GFS_IdToName
                0x0601bac8                GFS_NwFread
                0x0601c014                GFS_SetTransPara
                0x0601bbd4                GFS_NwCdRead
                0x0601c6b4                gfs_loadVol
                0x0601bfb0                GFS_SetReadPara
                0x0601b6cc                GFS_Tell
                0x0601bf44                GFS_SetTmode
                0x0601ca48                GFS_GetFad
                0x0601c080                GFS_SetTrFunc
                0x0601c130                GFS_CdMovePickup
                0x0601b368                GFS_NameToId
                0x0601bd9c                GFS_NwExecOne
                0x0601c8fc                gfs_flowIn
                0x0601b824                GFS_GetFileInfo
                0x0601c9a4                gfs_transData
                0x0601c600                gfs_svrRemoveHndl
                0x0601bc4c                GFS_NwIsComplete
                0x0601cb80                gfs_getGmode
                0x0601bcf0                GFS_NwGetStat
                0x0601c65c                GFS_OpenSub
                0x0601b300                GFS_SetDir
                0x0601b7cc                GFS_GetFileSize
                0x0601b898                GFS_GetNumCdbuf
                0x0601cbe0                gfs_convFinStat
                0x0601b8c0                GFS_Load
                0x0601ba20                gfs_waitRead
                0x0601b258                GFS_LoadDir
                0x0601b438                GFS_GetDirInfo
                0x0601b5e0                GFS_Close
                0x0601b170                GFS_Init
                0x0601bd6c                gfs_recovRdErr
                0x0601c504                gfs_mngSetErrCode
                0x0601be5c                GFS_NwExecServer
                0x0601b71c                GFS_IsEof
                0x0601caa0                gfs_SetSct
 *fill*         0x0601cc54        0xc 00
 .text          0x0601cc60      0x1f4 ../sbl6/segalib/lib/sega_sat.a(DMA_SCU1.o)
                0x0601cdbc                DMA_ScuResult
                0x0601cc60                DMA_ScuInit
                0x0601ccb0                DMA_ScuMemCopy
 *fill*         0x0601ce54        0xc 00
 .text          0x0601ce60      0x8d4 ../sbl6/segalib/lib/sega_sat.a(gfs_cdf.o)
                0x0601d354                GFCF_Seek
                0x0601d45c                GFCF_GetStat
                0x0601d33c                GFCF_Tell
                0x0601cf00                GFCF_Setup
                0x0601d408                GFCF_cnvIntlvOfs
                0x0601ce60                GFCF_Init
                0x0601d2f4                GFCF_Recover
                0x0601d048                GFCF_SetSct
                0x0601d36c                GFCF_MovePickup
                0x0601d530                gfcf_isCdOk
                0x0601d100                GFCF_FlowInBuf
                0x0601d08c                GFCF_GetFileInfo
                0x0601d254                GFCF_StopInBuf
                0x0601d4f4                gfcf_getSctSize
                0x0601d5f0                gfcf_getPlayRange
 *fill*         0x0601d734        0xc 00
 .text          0x0601d740      0x928 ../sbl6/segalib/lib/sega_sat.a(gfs_dir.o)
                0x0601dc30                gfdr_setNextRec
                0x0601e02c                gfdr_setDirrecCd
                0x0601da28                gfdr_open
                0x0601d83c                GFDR_GetAtrDirId
                0x0601db10                gfdr_readByte
                0x0601d740                GFDR_SetupDirTbl
                0x0601dc08                gfdr_readLongNM
                0x0601dcb4                gfdr_readDirEnt
                0x0601d86c                GFDR_ChgRoot
                0x0601d7b4                GFDR_NameToId
                0x0601d8f8                gfdr_setupDirIdTbl
                0x0601d854                GFDR_GetAtrDirName
                0x0601d814                GFDR_GetInfoDirId
                0x0601dbbc                gfdr_readLongNB
                0x0601da50                gfdr_read
                0x0601db3c                gfdr_readWord
                0x0601d97c                gfdr_setupDirNameTbl
                0x0601d828                GFDR_GetInfoDirName
                0x0601d884                GFDR_ChgDir
                0x0601db68                gfdr_readWordNB
 *fill*         0x0601e068        0x8 00
 .text          0x0601e070      0xa46 ../sbl6/segalib/lib/sega_sat.a(gfs_trn.o)
                0x0601e150                GFTR_SetTransMax
                0x0601e520                gftr_execScu
                0x0601eaa4                GFTR_SetTransFunc
                0x0601e96c                gftr_remTrn
                0x0601ea90                GFTR_SetData
                0x0601e790                gftr_execSdma1
                0x0601e9e0                gftr_copyFrac
                0x0601e144                GFTR_GetNumTrans
                0x0601e0e4                GFTR_SetMode
                0x0601e760                gftr_remDma0
                0x0601ea08                GFTR_GetLenData
                0x0601e514                gftr_reqScu
                0x0601e778                gftr_reqDma1
                0x0601e430                gftr_getSrcPack
                0x0601ea60                GFTR_RtnDstPk
                0x0601e5fc                gfdma_exec
                0x0601e894                gftr_execTrn
                0x0601e328                GFTR_ExecSvr
                0x0601e824                gftr_reqTrn
                0x0601e6ec                gfdma_getBytecnt
                0x0601e7cc                gftr_reqCpu
                0x0601ea2c                GFTR_GetDstPack
                0x0601e724                gftr_reqDma0
                0x0601e2b0                GFTR_Idle
                0x0601e168                GFTR_Pause
                0x0601e138                GFTR_GetTransPara
                0x0601e818                gftr_remCpu
                0x0601e104                GFTR_SetTransPara
                0x0601e7b4                gftr_remDma1
                0x0601e174                GFTR_Stop
                0x0601e73c                gftr_execSdma0
                0x0601e0a0                GFTR_Setup
                0x0601e5bc                gftr_remScu
                0x0601e4b8                gftr_getDstPack
                0x0601e5f0                gfdma_canUse
                0x0601e22c                GFTR_Exec
                0x0601ea7c                GFTR_GetData
                0x0601e15c                GFTR_Start
                0x0601e0f8                GFTR_SetUnit
                0x0601e7d8                gftr_execCpu
                0x0601ea14                GFTR_GetLenRoom
 *fill*         0x0601eab6        0xa 00
 .text          0x0601eac0      0x106 ../sbl6/segalib/lib/sega_sat.a(gfs_buf.o)
                0x0601eb18                GFBF_GetNumData
                0x0601eb94                GFBF_RtnPk
                0x0601eb48                GFBF_GetSrcPk
                0x0601ebbc                gfbf_getSctDt
                0x0601eaf0                GFBF_GetTranData
                0x0601eb70                GFBF_GetSctData
 *fill*         0x0601ebc6        0xa 00
 .text          0x0601ebd0      0x600 ../sbl6/segalib/lib/sega_sat.a(gfs_cdb.o)
                0x0601f178                GFCB_GetPickup
                0x0601ecf0                GFCB_Close
                0x0601efbc                GFCB_GetSrcPack
                0x0601f144                GFCB_SetCon
                0x0601edc4                GFCB_GetLenRoom
                0x0601f128                GFCB_MovePickup
                0x0601f09c                GFCB_GetSctData
                0x0601edd0                GFCB_SetFilt
                0x0601ed18                GFCB_GetLenData
                0x0601f1b8                GFCB_UngetPickup
                0x0601ebd0                GFCB_Setup
                0x0601ee60                GFCB_Tell
                0x0601f1a0                GFCB_IsPuOwner
                0x0601eec0                GFCB_Seek
                0x0601ee38                GFCB_DeleteAllData
                0x0601f0d4                GFCB_GetDstPack
                0x0601ee70                gfcb_getSctNum
                0x0601f0e0                GFCB_RtnPk
 .text          0x0601f1d0     0x1a04 ../sbl6/segalib/lib/sega_sat.a(gfs_cdc.o)
                0x0601f46c                GFCD_AllocBuf
                0x06020248                gfcd_doGetLenDataTsk
                0x06020ae4                GFCD_SetCsctFunc
                0x0601f544                GFCD_GetBaseFad
                0x0601f6c0                GFCD_GetFilt
                0x060206d4                gfcd_doChgDirTsk
                0x06020a14                gfcd_checkEflag
                0x0601fa08                GFCD_MovePickup
                0x0601faec                GFCD_GetSctInfo
                0x0602039c                gfcd_doReqDataTsk
                0x0601fb34                GFCD_ChgDir
                0x0601f828                GFCD_ReqData
                0x06020b00                GFCD_ChkScdqFlag
                0x0601ffb8                GFCD_WaitServer
                0x0601f8cc                GFCD_DelSctData
                0x0601fda4                GFCD_ExecServer
                0x060201b8                gfcd_doSetConTsk
                0x0601f400                GFCD_AllocFilt
                0x0601f5fc                GFCD_SetFilt
                0x0601fff4                gfcd_doSetFiltTsk
                0x06020b24                GFCD_ClrScdqFlag
                0x0602043c                gfcd_doDelSctDataTsk
                0x0601ff00                gfcd_doTask
                0x0601f578                GFCD_GetPickup
                0x0601fac8                GFCD_CheckMove
                0x06020b40                GFCD_WaitScdqFlag
                0x0601f760                GFCD_Play
                0x06020570                gfcd_doMoveSctTsk
                0x0601f708                GFCD_SetCon
                0x0601fba8                GFCD_SetFiltCon
                0x06020b84                GFCD_WaitPause
                0x0601fd6c                GFCD_GetBufSiz
                0x0601f5ac                GFCD_UngetPickup
                0x0601fc90                GFCD_GetFileInfo
                0x0601f884                GFCD_EndData
                0x0601f4a0                GFCD_FreeBuf
                0x0601f7c0                GFCD_GetLenData
                0x0601f43c                GFCD_FreeFilt
                0x0601fe78                gfcd_isIdleTask
                0x0601f1fc                GFCD_Init
                0x060208d0                gfcd_doSetFiltConTsk
                0x0601f954                GFCD_GetStat
                0x0601fa54                GFCD_MoveSctData
                0x0601f5d8                GFCD_IsPuOwner
                0x06020a38                gfcd_initCdbMng
                0x0601f1d0                GFCD_SetCdbfs
                0x0601ffa4                GFCD_SetTimer
                0x06020ab8                gfcd_setStat
                0x0601f924                GFCD_CheckDelSctData
 *fill*         0x06020bd4        0xc 00
 .text          0x06020be0      0x308 ../sbl6/segalib/lib/sega_sat.a(DMA_SCU0.o)
                0x06020c64                DMA_ScuStart
                0x06020d98                DMA_ScuIntFunc0
                0x06020e08                DMA_ScuIntFunc1
                0x06020e78                DMA_ScuIntFunc2
                0x06020d58                DMA_ScuGetStatus
                0x06020be0                DMA_ScuSetPrm
 *fill*         0x06020ee8        0x8 00
 .text          0x06020ef0       0xe8 ../sbl6/segalib/lib/sega_sat.a(csh_main.o)
                0x06020ef0                CSH_Init
                0x06020f58                CSH_AllClr
                0x06020fa4                CSH_Purge
 *fill*         0x06020fd8        0x8 00
 .text          0x06020fe0      0x1b6 ../sbl6/segalib/lib/sega_sat.a(DMA_CPU0.o)
                0x06021028                DMA_CpuSetPrm
                0x0602112c                DMA_CpuStart
                0x06021184                DMA_CpuGetStatus
                0x06021158                DMA_CpuAllStop
                0x0602116c                DMA_CpuGetComStatus
                0x06020fe0                DMA_CpuSetComPrm
                0x06021140                DMA_CpuStop
 *fill*         0x06021196        0xa 00
 .text          0x060211a0      0x2dc ../sbl6/segalib/lib/sega_sat.a(cdc_reg.o)
                0x060211f4                CDREG_ClrHirqReq
                0x060211c4                CDC_ClrHirqReq
                0x06021274                CDREG_TgetData
                0x06021264                CDC_GetMpegPtr
                0x06021240                CDC_GetHirqMsk
                0x060211a0                CDC_GetDataPtr
                0x060211b0                CDC_GetHirqReq
                0x060213d0                CDREG_WaitHirq
                0x06021254                CDC_SetHirqMsk
                0x060212d0                CDREG_CmdRsp
                0x06021204                CDREG_InitHirqReq
                0x0602122c                CDREG_SetHirqFlag
                0x06021440                CDREG_ReadRsp
 *fill*         0x0602147c        0x4 00
 .text          0x06021480      0x194 ../sbl6/segalib/lib/sega_sat.a(cdc_cfs.o)
                0x06021480                CDC_ChgDir
                0x060214b4                CDC_ReadDir
                0x060215d8                CDC_AbortFile
                0x060214e8                CDC_GetFileScope
                0x06021548                CDC_TgetFileInfo
                0x060215a4                CDC_ReadFile
 *fill*         0x06021614        0xc 00
 .text          0x06021620      0x3a0 ../sbl6/segalib/lib/sega_sat.a(cdc_cmn.o)
                0x060217c4                CDC_TgetToc
                0x06021968                CDC_DataEnd
                0x06021688                CDC_GetPeriStat
                0x060218fc                CDC_DataReady
                0x060218d4                CDC_CdOpen
                0x06021850                CDC_CdInit
                0x06021814                CDC_GetSes
                0x06021670                CDC_GetLastStat
                0x06021620                CDC_GetCurStat
                0x0602175c                CDC_GetHwInfo
 .text          0x060219c0      0x1e4 ../sbl6/segalib/lib/sega_sat.a(cdc_bio.o)
                0x06021a6c                CDC_GetdelSctData
                0x060219f4                CDC_GetSctData
                0x06021aa8                CDC_PutSctData
                0x06021b24                CDC_MoveSctData
                0x06021b68                CDC_GetCopyErr
                0x06021a30                CDC_DelSctData
                0x060219c0                CDC_SetSctLen
                0x06021ae0                CDC_CopySctData
 *fill*         0x06021ba4        0xc 00
 .text          0x06021bb0      0x2b8 ../sbl6/segalib/lib/sega_sat.a(cdc_sel.o)
                0x06021de0                CDC_GetFiltCon
                0x06021d5c                CDC_GetFiltMode
                0x06021e34                CDC_ResetSelector
                0x06021bb0                CDC_SetFiltRange
                0x06021c3c                CDC_SetFiltSubh
                0x06021cac                CDC_GetFiltSubh
                0x06021be4                CDC_GetFiltRange
                0x06021d28                CDC_SetFiltMode
                0x06021da0                CDC_SetFiltCon
 *fill*         0x06021e68        0x8 00
 .text          0x06021e70      0x130 ../sbl6/segalib/lib/sega_sat.a(cdc_drv.o)
                0x06021e70                CDC_CdPlay
                0x06021f3c                CDC_CdSeek
                0x06021f70                CDC_CdScan
 .text          0x06021fa0      0x270 ../sbl6/segalib/lib/sega_sat.a(cdc_bif.o)
                0x06021ffc                CDC_GetSctNum
                0x0602217c                CDC_ExeFadSearch
                0x060220fc                CDC_GetSctInfo
                0x06022040                CDC_CalActSiz
                0x06021fa0                CDC_GetBufSiz
                0x0602207c                CDC_GetActSiz
                0x060221b4                CDC_GetFadSearch
 .text          0x06022210       0xa8 ../sbl6/segalib/lib/sega_sat.a(cdc_dev.o)
                0x0602227c                CDC_CdGetLastBuf
                0x06022210                CDC_CdSetCon
                0x06022240                CDC_CdGetCon
 *fill*         0x060222b8        0x8 00
 .text          0x060222c0      0x152 ../sbl6/segalib/lib/sega_sat.a(cdc_sub.o)
                0x06022368                CDSUB_GetCdstat
                0x060222d8                CDSUB_UpdCdstat
                0x060223a8                CDSUB_RspToCdstat
                0x060223f0                CDSUB_SoftTimer
                0x060222c0                CDSUB_UpdStatus
                0x060222f8                CDSUB_CdCmd
 *fill*         0x06022412        0xe 00
 .text          0x06022420       0x60 C:/saturn/SH_COFF/sh-coff/bin/../lib/gcc/sh-coff/3.4-GNUSH_v0501\libgcc.a(_ashiftrt.o)
                0x0602242c                __ashiftrt_r4_27
                0x06022460                __ashiftrt_r4_6
                0x06022450                __ashiftrt_r4_14
                0x06022442                __ashiftrt_r4_19
                0x0602245a                __ashiftrt_r4_9
                0x0602246e                __ashiftrt_r4_0
                0x06022420                __ashiftrt_r4_31
                0x0602242e                __ashiftrt_r4_26
                0x0602243c                __ashiftrt_r4_22
                0x06022448                __ashiftrt_r4_16
                0x06022454                __ashiftrt_r4_12
                0x06022428                __ashiftrt_r4_29
                0x06022446                __ashiftrt_r4_17
                0x06022426                __ashiftrt_r4_30
                0x06022462                __ashiftrt_r4_5
                0x0602245c                __ashiftrt_r4_8
                0x06022420                __ashiftrt_r4_32
                0x06022430                __ashiftrt_r4_25
                0x06022468                __ashiftrt_r4_2
                0x06022432                __ashiftrt_r4_24
                0x0602244e                __ashiftrt_r4_15
                0x06022458                __ashiftrt_r4_10
                0x0602246a                __ashiftrt_r4_1
                0x0602242a                __ashiftrt_r4_28
                0x06022440                __ashiftrt_r4_20
                0x0602245e                __ashiftrt_r4_7
                0x06022452                __ashiftrt_r4_13
                0x06022456                __ashiftrt_r4_11
                0x06022464                __ashiftrt_r4_4
                0x0602243a                __ashiftrt_r4_23
                0x06022444                __ashiftrt_r4_18
                0x0602243e                __ashiftrt_r4_21
                0x06022466                __ashiftrt_r4_3
 .text          0x06022480       0x90 C:/saturn/SH_COFF/sh-coff/bin/../lib/gcc/sh-coff/3.4-GNUSH_v0501\libgcc.a(_ashiftlt.o)
                0x06022480                __ashlsi3
 .text          0x06022510       0xb0 C:/saturn/SH_COFF/sh-coff/bin/../lib/gcc/sh-coff/3.4-GNUSH_v0501\libgcc.a(_movstr.o)
                0x06022550                __movstrSI16
                0x06022524                __movstrSI60
                0x06022530                __movstrSI48
                0x0602252c                __movstrSI52
                0x06022520                __movstrSI64
                0x06022534                __movstrSI44
                0x06022538                __movstrSI40
                0x0602253c                __movstrSI36
                0x06022570                __movstr
                0x06022528                __movstrSI56
                0x06022544                __movstrSI28
                0x06022540                __movstrSI32
                0x06022554                __movstrSI12
                0x06022558                __movstrSI8
                0x06022560                __movstrSI0
                0x06022548                __movstrSI24
                0x0602254c                __movstrSI20
                0x0602255c                __movstrSI4
 .text          0x060225c0       0xa0 C:/saturn/SH_COFF/sh-coff/bin/../lib/gcc/sh-coff/3.4-GNUSH_v0501\libgcc.a(__main.o)
                0x06022634                __main
                0x060225c0                __do_global_dtors
                0x060225f4                __do_global_ctors
 .text          0x06022660      0x2e0 C:/saturn/SH_COFF/sh-coff/bin/../lib/gcc/sh-coff/3.4-GNUSH_v0501\libgcc.a(_mul_df.o)
                0x06022670                __muldf3
 .text          0x06022940       0xb0 C:/saturn/SH_COFF/sh-coff/bin/../lib/gcc/sh-coff/3.4-GNUSH_v0501\libgcc.a(_si_to_df.o)
                0x06022940                __floatsidf
 .text          0x060229f0       0x80 C:/saturn/SH_COFF/sh-coff/bin/../lib/gcc/sh-coff/3.4-GNUSH_v0501\libgcc.a(_df_to_si.o)
                0x060229f0                __fixdfsi
 .text          0x06022a70       0x70 C:/saturn/SH_COFF/sh-coff/bin/../lib/gcc/sh-coff/3.4-GNUSH_v0501\libgcc.a(_udivsi3.o)
                0x06022a92                __udivsi3
 .text          0x06022ae0       0xa0 C:/saturn/SH_COFF/sh-coff/bin/../lib/gcc/sh-coff/3.4-GNUSH_v0501\libgcc.a(_sdivsi3.o)
                0x06022ae0                __sdivsi3
 .text          0x06022b80      0x120 C:/saturn/SH_COFF/sh-coff/bin/../lib/gcc/sh-coff/3.4-GNUSH_v0501\libgcc.a(_unpack_df.o)
                0x06022b90                __unpack_d
 .text          0x06022ca0      0x220 C:/saturn/SH_COFF/sh-coff/bin/../lib/gcc/sh-coff/3.4-GNUSH_v0501\libgcc.a(_pack_df.o)
                0x06022cb0                __pack_d
 .text          0x06022ec0       0x20 C:/saturn/SH_COFF/sh-coff/bin/../lib/gcc/sh-coff/3.4-GNUSH_v0501\libgcc.a(_thenan_df.o)
                0x06022ec0                __thenan_df
 .text          0x06022ee0       0xd0 C:/saturn/SH_COFF/sh-coff/bin/../lib/gcc/sh-coff/3.4-GNUSH_v0501\libgcc.a(_muldi3.o)
                0x06022ee0                __muldi3
 .text          0x06022fb0       0x80 C:/saturn/SH_COFF/sh-coff/bin/../lib/gcc/sh-coff/3.4-GNUSH_v0501\libgcc.a(_lshrdi3.o)
                0x06022fb0                __lshrdi3
 .text          0x06023030       0x80 C:/saturn/SH_COFF/sh-coff/bin/../lib/gcc/sh-coff/3.4-GNUSH_v0501\libgcc.a(_ashldi3.o)
                0x06023030                __ashldi3
 .text          0x060230b0       0x30 C:/saturn/SH_COFF/sh-coff/bin/../lib/gcc/sh-coff/3.4-GNUSH_v0501\libgcc.a(_mulsi3.o)
                0x060230b0                __mulsi3
 .text          0x060230e0       0x90 C:/saturn/SH_COFF/sh-coff/bin/../lib/gcc/sh-coff/3.4-GNUSH_v0501\libgcc.a(_lshiftrt.o)
                0x060230e0                __lshrsi3
 .text          0x06023170       0xa0 C:/saturn/SH_COFF/sh-coff/bin/../lib/gcc/sh-coff/3.4-GNUSH_v0501/../../../../sh-coff/lib\libc.a(memcpy.o)
                0x06023170                memcpy
 .text          0x06023210       0x40 C:/saturn/SH_COFF/sh-coff/bin/../lib/gcc/sh-coff/3.4-GNUSH_v0501/../../../../sh-coff/lib\libc.a(memset.o)
                0x06023210                memset
 .text          0x06023250       0x60 C:/saturn/SH_COFF/sh-coff/bin/../lib/gcc/sh-coff/3.4-GNUSH_v0501/../../../../sh-coff/lib\libc.a(memcmp.o)
                0x06023250                memcmp
 .text          0x060232b0       0xb0 C:/saturn/SH_COFF/sh-coff/bin/../lib/gcc/sh-coff/3.4-GNUSH_v0501/../../../../sh-coff/lib\libc.a(strncmp.o)
                0x060232b0                strncmp
 .text          0x06023360       0xa0 C:/saturn/SH_COFF/sh-coff/bin/../lib/gcc/sh-coff/3.4-GNUSH_v0501/../../../../sh-coff/lib\libc.a(strncpy.o)
                0x06023360                strncpy
 .text          0x06023400       0x90 C:/saturn/SH_COFF/sh-coff/bin/../lib/gcc/sh-coff/3.4-GNUSH_v0501/../../../../sh-coff/lib\libc.a(atexit.o)
                0x06023400                atexit
 .text          0x06023490       0x10 C:/saturn/SH_COFF/sh-coff/bin/../lib/gcc/sh-coff/3.4-GNUSH_v0501/../../../../sh-coff/lib\libc.a(impure.o)
                0x06023490                _global_impure_ptr
 .text          0x060234a0       0x40 C:/saturn/SH_COFF/sh-coff/bin/../lib/gcc/sh-coff/3.4-GNUSH_v0501/../../../../sh-coff/lib\libc.a(malloc.o)
                0x060234bc                free
                0x060234a0                malloc
 .text          0x060234e0      0x5b0 C:/saturn/SH_COFF/sh-coff/bin/../lib/gcc/sh-coff/3.4-GNUSH_v0501/../../../../sh-coff/lib\libc.a(mallocr.o)
                0x060234e0                _malloc_r
 .text          0x06023a90      0x340 C:/saturn/SH_COFF/sh-coff/bin/../lib/gcc/sh-coff/3.4-GNUSH_v0501/../../../../sh-coff/lib\libc.a(freer.o)
                0x06023a90                _malloc_trim_r
                0x06023b84                _free_r
 .text          0x06023dd0       0x20 C:/saturn/SH_COFF/sh-coff/bin/../lib/gcc/sh-coff/3.4-GNUSH_v0501/../../../../sh-coff/lib\libc.a(mlock.o)
                0x06023dd0                __malloc_lock
                0x06023ddc                __malloc_unlock
 .text          0x06023df0       0x50 C:/saturn/SH_COFF/sh-coff/bin/../lib/gcc/sh-coff/3.4-GNUSH_v0501/../../../../sh-coff/lib\libc.a(sbrkr.o)
                0x06023df0                _sbrk_r
 .text          0x06023e40      0x380 C:/saturn/SH_COFF/sh-coff/bin/../lib/gcc/sh-coff/3.4-GNUSH_v0501/../../../../sh-coff/lib\libc.a(syscalls.o)
                0x06023fac                _exit
                0x06023fe0                _getpid
                0x06024048                _utime
                0x06023e78                _write
                0x06023e40                _read
                0x06023f94                _unlink
                0x06023f5c                _open
                0x06023ff8                _stat
                0x06023fa0                isatty
                0x06024078                _wait
                0x06023fc4                _kill
                0x06024014                _chmod
                0x060240a8                _execv
                0x0602408c                _execve
                0x06024184                __setup_argv_and_call_main
                0x060240e0                _gettimeofday
                0x06023eac                _link
                0x06023fec                _raise
                0x06023f78                _creat
                0x060240c0                _pipe
                0x0602402c                _chown
                0x06023e5c                _lseek
                0x06023e94                _close
                0x060240d4                _times
                0x06023f48                _fstat
                0x06024064                _fork
                0x06023ed4                _sbrk
 .text          0x060241c0       0x20 C:/saturn/SH_COFF/sh-coff/bin/../lib/gcc/sh-coff/3.4-GNUSH_v0501/../../../../sh-coff/lib\libc.a(trap.o)
                0x060241c0                __trap34
 .text          0x060241e0       0x20 C:/saturn/SH_COFF/sh-coff/bin/../lib/gcc/sh-coff/3.4-GNUSH_v0501/../../../../sh-coff/lib\libc.a(abort.o)
                0x060241e0                abort
 .text          0x06024200      0x270 C:/saturn/SH_COFF/sh-coff/bin/../lib/gcc/sh-coff/3.4-GNUSH_v0501/../../../../sh-coff/lib\libc.a(signal.o)
                0x060242c0                _raise_r
                0x06024448                __sigtramp
                0x060243f4                raise
                0x06024430                _init_signal
                0x06024380                __sigtramp_r
                0x06024410                signal
                0x0602424c                _signal_r
                0x06024200                _init_signal_r
 .text          0x06024470       0x60 C:/saturn/SH_COFF/sh-coff/bin/../lib/gcc/sh-coff/3.4-GNUSH_v0501/../../../../sh-coff/lib\libc.a(signalr.o)
                0x060244b8                _getpid_r
                0x06024470                _kill_r
 *(.strings)

.tors           0x060244d0        0x0
                0x060244d0                ___ctors = .
 *(.ctors)
                0x060244d0                ___ctors_end = .
                0x060244d0                ___dtors = .
 *(.dtors)
                0x060244d0                ___dtors_end = .

.data           0x060244d0     0x1780
                0x060244d0                STARTOF_R = .
 *(.data)
 .data          0x060244d0      0x400 ../sbl6/segasmp/per/smpclib/per_x1.o
 .data          0x060248d0       0x60 blocks.o
                0x06024920                tile2_slope
                0x06024900                tile4_slope
                0x060248d0                block_slopes
                0x06024910                tile3_slope
 .data          0x06024930       0x20 enemylist.o
                0x06024930                enemy_lists
                0x06024934                level0_enemies
                0x0602493c                enemy_arr
 .data          0x06024950      0x630 graphics.o
                0x06024950                cloudmap_name
                0x06024a7e                guy_num
                0x06024f74                bg_num
                0x06024960                cloudmap_width
                0x06024ad4                cloud_pal
                0x06024b20                hills_pal
                0x06024b60                hills_name
                0x0602495e                cloudmap_height
                0x06024984                explosion_pal
                0x06024b6c                bg_pal
                0x06024b6a                hills_num
                0x060249c4                explosion_name
                0x06024a70                guy_name
                0x06024974                hill_map_width
                0x06024a30                guy_pal
                0x06024b1e                cloud_num
                0x06024aca                font_height
                0x06024982                map_width
                0x06024980                map_height
                0x06024a7a                guy_width
                0x06024a2a                float_size
                0x060249d4                explosion_width
                0x06024978                map_name
                0x06024ac0                font_name
                0x06024f6c                bg_name
                0x06024972                hill_map_height
                0x06024acc                font_width
                0x06024a78                guy_height
                0x06024964                hill_map_name
                0x06024b14                cloud_name
                0x06024ad0                font_num
                0x06024a80                font_pal
                0x060249d8                explosion_num
                0x06024a26                float_height
                0x06024a7c                guy_size
                0x06024ace                font_size
                0x06024a1c                float_name
                0x060249dc                float_pal
                0x060249d6                explosion_size
                0x06024a28                float_width
                0x06024a2c                float_num
                0x060249d2                explosion_height
 .data          0x06024f80       0x10 player.o
                0x06024f80                lives
 .data          0x06024f90       0x30 sprite.o
 .data          0x06024fc0       0x20 scroll.o
                0x06024fc0                CycleTb
                0x06024fd0                vram
 .data          0x06024fe0      0x400 ../sbl6/segalib/lib/sega_int.a(int.o)
 .data          0x060253e0       0x1c ../sbl6/segalib/lib/sega_spr.a(spr_slv.o)
                0x060253e8                SPR_SlaveParam
                0x060253f8                SPR_SMPC_SF
                0x060253f0                SPR_SMPC_COM
                0x060253ec                SPR_SlaveSHEntry
                0x060253e4                SPR_SlaveState
                0x060253e0                SPR_SlaveCommand
                0x060253f4                SPR_SMPC_RET
 *fill*         0x060253fc        0x4 00
 .data          0x06025400       0x34 ../sbl6/segalib/lib/sega_spr.a(spr_1c.o)
                0x06025400                SpInitialFlag
 *fill*         0x06025434        0xc 00
 .data          0x06025440       0x1c ../sbl6/segalib/lib/sega_scl.a(scl_vblv.o)
                0x06025448                VBInterval
                0x06025450                ReqDisplayFlag
                0x06025440                SpFrameChgMode
                0x0602544c                VBIntervalCounter
                0x06025444                SpFrameEraseMode
 *fill*         0x0602545c        0x4 00
 .data          0x06025460       0x36 ../sbl6/segalib/lib/sega_scl.a(scl_func.o)
                0x06025470                SclRotregBuff
                0x0602546c                SclDisplayY
                0x06025474                SclRotateTableMode
                0x06025468                SclProcess
                0x06025464                SclCurSclNum
                0x06025460                SclLengthLsTbl
                0x0602546a                SclDisplayX
                0x06025462                SclLengthCsTbl
 *fill*         0x06025496        0xa 00
 .data          0x060254a0       0x18 ../sbl6/segalib/lib/sega_scl.a(scl_pri.o)
                0x060254a4                SclRealSpPriNum
                0x060254b4                SclRealColOffset
                0x060254b0                SclRealBgColMix
                0x060254ac                SclRealSpColMix
                0x060254a8                SclRealBgPriNum
                0x060254a0                SclRealOtherPri
 *fill*         0x060254b8        0x8 00
 .data          0x060254c0      0x380 C:/saturn/SH_COFF/sh-coff/bin/../lib/gcc/sh-coff/3.4-GNUSH_v0501/../../../../sh-coff/lib\libc.a(impure.o)
                0x0602583c                _impure_ptr
 .data          0x06025840      0x410 C:/saturn/SH_COFF/sh-coff/bin/../lib/gcc/sh-coff/3.4-GNUSH_v0501/../../../../sh-coff/lib\libc.a(mallocr.o)
                0x06025848                __malloc_av_
                0x06025844                __malloc_trim_threshold
                0x06025840                __malloc_sbrk_base
                0x06025c50                SIZEOF_R = (. - STARTOF_R)
                0x06025c50                ENDOF_R = .

.bss            0x06025c50     0xf084
                0x06025c50                STARTOF_B = .
 *(.bss)
 .bss           0x06025c50       0x10 vblank.o
                0x06025c54                PadData2E
                0x06025c5a                PadData1
                0x06025c56                PadData2
                0x06025c58                PadData1E
                0x06025c50                __port
 .bss           0x06025c60       0xd0 ../sbl6/segasmp/per/smpclib/per_x2.o
 .bss           0x06025d30       0x10 player.o
                0x06025d31                boost
                0x06025d30                jumps
 .bss           0x06025d40     0x3800 sprite.o
                0x06025d40                num_sprites
 .bss           0x06029540       0x50 scroll.o
                0x0602955c                map_tiles_x
                0x06029564                scrolls_y
                0x06029540                scroll_transition_state
                0x06029544                scroll_ysize
                0x06029554                map_tiles_y
                0x0602954c                copy_modes
                0x06029574                scrolls_x
                0x06029548                scroll_xsize
 .bss           0x06029590       0x10 main.o
                0x06029590                frame
 .bss           0x060295a0       0x6e ../sbl6/segalib/lib/sega_spr.a(spr_2c.o)
 *fill*         0x0602960e        0x2 00
 .bss           0x06029610        0x4 ../sbl6/segalib/lib/sega_scl.a(scl_vblv.o)
 *fill*         0x06029614        0xc 00
 .bss           0x06029620        0x4 ../sbl6/segalib/lib/sega_scl.a(scl_func.o)
 *fill*         0x06029624        0xc 00
 .bss           0x06029630     0x1900 ../sbl6/segalib/lib/sega_scl.a(scl_fu05.o)
 .bss           0x0602af30       0x48 ../sbl6/segalib/lib/sega_scl.a(scl_ro00.o)
 *fill*         0x0602af78        0x8 00
 .bss           0x0602af80       0x9c ../sbl6/segalib/lib/sega_per.a(per_prt.o)
 *fill*         0x0602b01c        0x4 00
 .bss           0x0602b020        0xc ../sbl6/segalib/lib/sega_sat.a(DMA_SCU1.o)
 *fill*         0x0602b02c        0x4 00
 .bss           0x0602b030        0xc ../sbl6/segalib/lib/sega_sat.a(gfs_trn.o)
 *fill*         0x0602b03c        0x4 00
 .bss           0x0602b040       0x20 ../sbl6/segalib/lib/sega_sat.a(DMA_SCU0.o)
 .bss           0x0602b060        0x2 ../sbl6/segalib/lib/sega_sat.a(cdc_reg.o)
 *fill*         0x0602b062        0xe 00
 .bss           0x0602b070        0xc ../sbl6/segalib/lib/sega_sat.a(cdc_sub.o)
 *fill*         0x0602b07c        0x4 00
 .bss           0x0602b080       0x10 C:/saturn/SH_COFF/sh-coff/bin/../lib/gcc/sh-coff/3.4-GNUSH_v0501\libgcc.a(__main.o)
 .bss           0x0602b090       0x10 C:/saturn/SH_COFF/sh-coff/bin/../lib/gcc/sh-coff/3.4-GNUSH_v0501/../../../../sh-coff/lib\libc.a(atexit.o)
 .bss           0x0602b0a0       0x40 C:/saturn/SH_COFF/sh-coff/bin/../lib/gcc/sh-coff/3.4-GNUSH_v0501/../../../../sh-coff/lib\libc.a(mallocr.o)
                0x0602b0d0                __malloc_top_pad
                0x0602b0a0                __malloc_current_mallinfo
                0x0602b0cc                __malloc_max_sbrked_mem
                0x0602b0c8                __malloc_max_total_mem
 .bss           0x0602b0e0       0x10 C:/saturn/SH_COFF/sh-coff/bin/../lib/gcc/sh-coff/3.4-GNUSH_v0501/../../../../sh-coff/lib\libc.a(syscalls.o)
 *(COMMON)
 COMMON         0x0602b0f0     0x1674 cd.o
                                  0x0 (size before relaxing)
                0x0602b0f0                dirname
                0x0602ba50                lib_work
                0x0602c758                directory_table
 *fill*         0x0602c764        0xc 00
 COMMON         0x0602c770     0x1960 player.o
                                  0x0 (size before relaxing)
                0x0602c770                curr_level
                0x0602c780                player
                0x0602c7c0                lp
 COMMON         0x0602e0d0      0x8c0 print.o
                                  0x0 (size before relaxing)
                0x0602e0d0                text
 COMMON         0x0602e990     0x1460 sprite.o
                                  0x0 (size before relaxing)
                0x0602e990                sprites
                0x0602edf0                image_buf
 COMMON         0x0602fdf0     0x346c scroll.o
                                  0x0 (size before relaxing)
                0x0602fdf0                line_param0
                0x06031700                scfg3
                0x06031790                scfg0
                0x06031820                maps
                0x06031830                scfg2
                0x060318c0                line_param1
                0x060331d0                scfg1
 *fill*         0x0603325c        0x4 00
 COMMON         0x06033260      0x400 ../sbl6/segalib/lib/sega_int.a(int.o)
                                  0x0 (size before relaxing)
                0x06033260                __interrupt_vector
 COMMON         0x06033660       0x50 ../sbl6/segalib/lib/sega_spr.a(spr_2c.o)
                                  0x0 (size before relaxing)
                0x06033660                SpMstCmd
                0x06033664                Sp2OpenFlag
                0x06033668                SpGourTblMax
                0x0603366c                SpDrawPrtyBlk
                0x06033670                SpLCoordX
                0x06033674                SpMstDrawPrtyBlk
                0x06033678                SpGourTbl
                0x0603367c                SpLookupTblR
                0x06033680                SpCmdTbl
                0x06033684                SpCharMax
                0x06033688                SpDrawPrtyProcFlag
                0x0603368c                SpCmdNo
                0x06033690                SpDrawPrtyBlkMax
                0x06033694                SpSlvCmdPos
                0x06033698                SpSlvDrawPrtyBlk
                0x0603369c                SpCharTbl
                0x060336a0                SpCmdTblR
                0x060336a4                SpMstCmdPos
                0x060336a8                SpSlvCmd
                0x060336ac                SpLCoordY
 COMMON         0x060336b0       0x10 ../sbl6/segalib/lib/sega_spr.a(spr_1c.o)
                                  0x0 (size before relaxing)
                0x060336b0                SpScreenY
                0x060336b4                SpFbcrMode
                0x060336b6                SpDil
                0x060336b8                SpDie
                0x060336ba                SpTvMode
                0x060336bc                SpScreenX
 COMMON         0x060336c0      0xf00 ../sbl6/segalib/lib/sega_scl.a(scl_func.o)
                                  0x0 (size before relaxing)
                0x060336c0                SclRbgKtbAddr
                0x060336c8                SclRb
                0x060336ca                Scl_flag
                0x060336d0                SclK_TableBuff
                0x060343a0                SclAddrCsTbl
                0x060343b0                Scl_s_reg
                0x060343d8                SclRotateXy
                0x060343e0                Scl_d_reg
                0x06034428                SclRotateDisp
                0x06034430                SclRotateMoveZ
                0x06034438                SclRotXySw
                0x06034440                Scl_r_reg
                0x06034450                SclRPMD
                0x06034458                SclRbgKtbOffset
                0x06034460                _SclRotregBuff
                0x06034530                SclRa
                0x06034538                SclRotateZ
                0x06034540                SclAddrLsTbl
                0x06034548                SclK_TableNum
                0x06034550                SclRotateTableAddress
                0x06034554                SclK_TableFlag
                0x06034560                Scl_w_reg
                0x06034580                Scl_n_reg
 COMMON         0x060345c0      0x6b0 ../sbl6/segalib/lib/sega_scl.a(scl_pri.o)
                                  0x0 (size before relaxing)
                0x060345c0                SclAutoEndBlue2
                0x060345d0                SclColOffset
                0x060345e0                SclPriBuffDirty
                0x060345e2                SclAutoEndRed
                0x060345e4                SclAutoSurface
                0x060345e8                SclAutoGreen
                0x060345ea                SclAutoEndGreen
                0x060345ec                SclAutoCount
                0x060345f0                SclColRamAlloc256
                0x06034610                SclAutoCurRate
                0x06034611                SclAutoPlusFlag
                0x06034618                SclSpColMix
                0x06034620                SclAutoMax
                0x06034624                SclLineColRamOffset
                0x06034628                SclColRamAlloc2048
                0x0603462c                SclBgPriNum
                0x06034632                SclAutoEndBlue
                0x06034634                SclAutoEndGreen2
                0x06034636                SclAutoVeFlag
                0x06034638                SclBgColMix
                0x06034640                SclAutoIndex
                0x06034644                SclAutoEndRate
                0x06034646                SclAutoBlue
                0x06034648                SclAutoRed
                0x0603464c                SclAutoInterval
                0x06034650                SclOtherPri
                0x06034660                SclAutoRGB
                0x06034c60                SclAutoEndRed2
                0x06034c68                SclSpPriNum
 COMMON         0x06034c70       0x10 ../sbl6/segalib/lib/sega_scl.a(scl_ro00.o)
                                  0x0 (size before relaxing)
                0x06034c70                SclCsx
                0x06034c78                SclCsy
 COMMON         0x06034c80       0x15 ../sbl6/segalib/lib/sega_per.a(per_prt.o)
                                  0x0 (size before relaxing)
                0x06034c80                per_get_time_flg
                0x06034c81                per_hot_res
                0x06034c82                per_set_sys_flg
                0x06034c84                per_get_time_adr
                0x06034c88                per_get_sys_data
                0x06034c94                per_time_out_flg
 *fill*         0x06034c95        0xb 00
 COMMON         0x06034ca0        0xc ../sbl6/segalib/lib/sega_sat.a(gfs.o)
                                  0x0 (size before relaxing)
                0x06034ca0                GFMC_base
                0x06034ca4                gfs_mng_ptr
                0x06034ca8                gfs_use_scudma
 *fill*         0x06034cac        0x4 00
 COMMON         0x06034cb0        0x8 ../sbl6/segalib/lib/sega_sat.a(gfs_cdf.o)
                                  0x0 (size before relaxing)
                0x06034cb0                gfcf_fad
                0x06034cb4                gfcf_stat
 *fill*         0x06034cb8        0x8 00
 COMMON         0x06034cc0        0xc ../sbl6/segalib/lib/sega_sat.a(gfs_cdc.o)
                                  0x0 (size before relaxing)
                0x06034cc0                gfcd_fatal_err
                0x06034cc4                gfcd_work
                0x06034cc8                gfcd_playflag
 *fill*         0x06034ccc        0x4 00
 COMMON         0x06034cd0        0x4 C:/saturn/SH_COFF/sh-coff/bin/../lib/gcc/sh-coff/3.4-GNUSH_v0501/../../../../sh-coff/lib\libc.a(syscalls.o)
                                  0x0 (size before relaxing)
                0x06034cd0                errno
                0x06034cd4                SIZEOF_B = (. - STARTOF_B)
                0x06034cd4                ENDOF_B = .
                0x06034cd4                _end = .
OUTPUT(main.cof coff-sh)

.comment        0x06034ce0      0x500
 .comment       0x06034ce0       0x20 ../sbl6/segasmp/lib/strt2_g.o
 .comment       0x06034d00       0x20 vblank.o
 .comment       0x06034d20       0x20 ../sbl6/segasmp/per/smpclib/per_x1.o
 .comment       0x06034d40       0x20 ../sbl6/segasmp/per/smpclib/per_x2.o
 .comment       0x06034d60       0x20 blocks.o
 .comment       0x06034d80       0x20 cd.o
 .comment       0x06034da0       0x20 collision.o
 .comment       0x06034dc0       0x20 enemylist.o
 .comment       0x06034de0       0x20 graphics.o
 .comment       0x06034e00       0x20 player.o
 .comment       0x06034e20       0x20 print.o
 .comment       0x06034e40       0x20 sprite.o
 .comment       0x06034e60       0x20 spritecode/explosion.o
 .comment       0x06034e80       0x20 spritecode/float.o
 .comment       0x06034ea0       0x20 scroll.o
 .comment       0x06034ec0       0x20 main.o
 .comment       0x06034ee0       0x20 C:/saturn/SH_COFF/sh-coff/bin/../lib/gcc/sh-coff/3.4-GNUSH_v0501\libgcc.a(__main.o)
 .comment       0x06034f00       0x20 C:/saturn/SH_COFF/sh-coff/bin/../lib/gcc/sh-coff/3.4-GNUSH_v0501\libgcc.a(_mul_df.o)
 .comment       0x06034f20       0x20 C:/saturn/SH_COFF/sh-coff/bin/../lib/gcc/sh-coff/3.4-GNUSH_v0501\libgcc.a(_si_to_df.o)
 .comment       0x06034f40       0x20 C:/saturn/SH_COFF/sh-coff/bin/../lib/gcc/sh-coff/3.4-GNUSH_v0501\libgcc.a(_df_to_si.o)
 .comment       0x06034f60       0x20 C:/saturn/SH_COFF/sh-coff/bin/../lib/gcc/sh-coff/3.4-GNUSH_v0501\libgcc.a(_unpack_df.o)
 .comment       0x06034f80       0x20 C:/saturn/SH_COFF/sh-coff/bin/../lib/gcc/sh-coff/3.4-GNUSH_v0501\libgcc.a(_pack_df.o)
 .comment       0x06034fa0       0x20 C:/saturn/SH_COFF/sh-coff/bin/../lib/gcc/sh-coff/3.4-GNUSH_v0501\libgcc.a(_thenan_df.o)
 .comment       0x06034fc0       0x20 C:/saturn/SH_COFF/sh-coff/bin/../lib/gcc/sh-coff/3.4-GNUSH_v0501\libgcc.a(_muldi3.o)
 .comment       0x06034fe0       0x20 C:/saturn/SH_COFF/sh-coff/bin/../lib/gcc/sh-coff/3.4-GNUSH_v0501\libgcc.a(_lshrdi3.o)
 .comment       0x06035000       0x20 C:/saturn/SH_COFF/sh-coff/bin/../lib/gcc/sh-coff/3.4-GNUSH_v0501\libgcc.a(_ashldi3.o)
 .comment       0x06035020       0x20 C:/saturn/SH_COFF/sh-coff/bin/../lib/gcc/sh-coff/3.4-GNUSH_v0501/../../../../sh-coff/lib\libc.a(memcmp.o)
 .comment       0x06035040       0x20 C:/saturn/SH_COFF/sh-coff/bin/../lib/gcc/sh-coff/3.4-GNUSH_v0501/../../../../sh-coff/lib\libc.a(strncmp.o)
 .comment       0x06035060       0x20 C:/saturn/SH_COFF/sh-coff/bin/../lib/gcc/sh-coff/3.4-GNUSH_v0501/../../../../sh-coff/lib\libc.a(strncpy.o)
 .comment       0x06035080       0x20 C:/saturn/SH_COFF/sh-coff/bin/../lib/gcc/sh-coff/3.4-GNUSH_v0501/../../../../sh-coff/lib\libc.a(atexit.o)
 .comment       0x060350a0       0x20 C:/saturn/SH_COFF/sh-coff/bin/../lib/gcc/sh-coff/3.4-GNUSH_v0501/../../../../sh-coff/lib\libc.a(impure.o)
 .comment       0x060350c0       0x20 C:/saturn/SH_COFF/sh-coff/bin/../lib/gcc/sh-coff/3.4-GNUSH_v0501/../../../../sh-coff/lib\libc.a(malloc.o)
 .comment       0x060350e0       0x20 C:/saturn/SH_COFF/sh-coff/bin/../lib/gcc/sh-coff/3.4-GNUSH_v0501/../../../../sh-coff/lib\libc.a(mallocr.o)
 .comment       0x06035100       0x20 C:/saturn/SH_COFF/sh-coff/bin/../lib/gcc/sh-coff/3.4-GNUSH_v0501/../../../../sh-coff/lib\libc.a(freer.o)
 .comment       0x06035120       0x20 C:/saturn/SH_COFF/sh-coff/bin/../lib/gcc/sh-coff/3.4-GNUSH_v0501/../../../../sh-coff/lib\libc.a(mlock.o)
 .comment       0x06035140       0x20 C:/saturn/SH_COFF/sh-coff/bin/../lib/gcc/sh-coff/3.4-GNUSH_v0501/../../../../sh-coff/lib\libc.a(sbrkr.o)
 .comment       0x06035160       0x20 C:/saturn/SH_COFF/sh-coff/bin/../lib/gcc/sh-coff/3.4-GNUSH_v0501/../../../../sh-coff/lib\libc.a(syscalls.o)
 .comment       0x06035180       0x20 C:/saturn/SH_COFF/sh-coff/bin/../lib/gcc/sh-coff/3.4-GNUSH_v0501/../../../../sh-coff/lib\libc.a(abort.o)
 .comment       0x060351a0       0x20 C:/saturn/SH_COFF/sh-coff/bin/../lib/gcc/sh-coff/3.4-GNUSH_v0501/../../../../sh-coff/lib\libc.a(signal.o)
 .comment       0x060351c0       0x20 C:/saturn/SH_COFF/sh-coff/bin/../lib/gcc/sh-coff/3.4-GNUSH_v0501/../../../../sh-coff/lib\libc.a(signalr.o)
