Archive member included because of file (symbol)

../sbl6/segalib/lib/sega_int.a(int.o)
                              vblank.o (INT_SetScuFunc)
../sbl6/segalib/lib/sega_int.a(int_trmp.o)
                              ../sbl6/segalib/lib/sega_int.a(int.o) (__interrupt_handler0)
../sbl6/segalib/lib/sega_spr.a(spr_2c.o)
                              sprite.o (SPR_2Initial)
../sbl6/segalib/lib/sega_spr.a(spr_slv.o)
                              ../sbl6/segalib/lib/sega_spr.a(spr_2c.o) (SPR_InitSlaveSH)
../sbl6/segalib/lib/sega_spr.a(spr_1c.o)
                              ../sbl6/segalib/lib/sega_spr.a(spr_2c.o) (SPR_Initial)
../sbl6/segalib/lib/sega_spr.a(spr_2a.o)
                              ../sbl6/segalib/lib/sega_spr.a(spr_2c.o) (SPR_2SetDrawPrty)
../sbl6/segalib/lib/sega_scl.a(scl_vblv.o)
                              ../sbl6/segalib/lib/sega_spr.a(spr_1c.o) (SpFrameChgMode)
../sbl6/segalib/lib/sega_scl.a(scl_func.o)
                              sprite.o (SCL_Vdp2Init)
../sbl6/segalib/lib/sega_scl.a(scl_pr03.o)
                              scroll.o (SCL_AllocColRam)
../sbl6/segalib/lib/sega_scl.a(scl_pr02.o)
                              scroll.o (SCL_SetColRam)
../sbl6/segalib/lib/sega_scl.a(scl_back.o)
                              scroll.o (SCL_SetBack)
../sbl6/segalib/lib/sega_scl.a(scl_fu05.o)
                              scroll.o (SCL_InitLineParamTb)
../sbl6/segalib/lib/sega_scl.a(scl_fu03.o)
                              scroll.o (SCL_InitConfigTb)
../sbl6/segalib/lib/sega_scl.a(scl_fu02.o)
                              scroll.o (SCL_InitVramConfigTb)
../sbl6/segalib/lib/sega_scl.a(scl_fu04.o)
                              scroll.o (SCL_SetCycleTable)
../sbl6/segalib/lib/sega_scl.a(scl_pr07.o)
                              scroll.o (SCL_SetPriority)
../sbl6/segalib/lib/sega_scl.a(scl_pr01.o)
                              main.o (SCL_SetSpriteMode)
../sbl6/segalib/lib/sega_scl.a(scl_pri.o)
                              ../sbl6/segalib/lib/sega_scl.a(scl_func.o) (SclRealOtherPri)
../sbl6/segalib/lib/sega_scl.a(scl_ro00.o)
                              ../sbl6/segalib/lib/sega_scl.a(scl_func.o) (SCL_Rotate)
../sbl6/segalib/lib/sega_scl.a(scl_pr06.o)
                              ../sbl6/segalib/lib/sega_scl.a(scl_pr03.o) (SCL_SetColRamOffset)
../sbl6/segalib/lib/sega_scl.a(scl_pr05.o)
                              ../sbl6/segalib/lib/sega_scl.a(scl_pr02.o) (SCL_GetColRamOffset)
../sbl6/segalib/lib/sega_mth.a(mth_fixd.o)
                              sprite.o (MTH_Mul)
../sbl6/segalib/lib/sega_mth.a(mth_tri.o)
                              sprite.o (MTH_Sin)
../sbl6/segalib/lib/sega_cdc.a(cdc_drv.o)
                              sound.o (CDC_CdPlay)
../sbl6/segalib/lib/sega_cdc.a(cdc_sub.o)
                              ../sbl6/segalib/lib/sega_cdc.a(cdc_drv.o) (CDSUB_UpdCdstat)
../sbl6/segalib/lib/sega_cdc.a(cdc_reg.o)
                              ../sbl6/segalib/lib/sega_cdc.a(cdc_sub.o) (CDREG_CmdRsp)
../sbl6/segalib/lib/sega_cdc.a(cdc_cmn.o)
                              ../sbl6/segalib/lib/sega_cdc.a(cdc_reg.o) (CDC_DataReady)
../sbl6/segalib/lib/sega_per.a(per_prt.o)
                              ../sbl6/segasmp/per/smpclib/per_x2.o (PER_LInit)
../sbl6/segalib/lib/sega_sat.a(gfs.o)
                              cd.o (GFS_Init)
../sbl6/segalib/lib/sega_sat.a(DMA_SCU1.o)
                              ../sbl6/segalib/lib/sega_spr.a(spr_2c.o) (DMA_ScuMemCopy)
../sbl6/segalib/lib/sega_sat.a(gfs_cdf.o)
                              ../sbl6/segalib/lib/sega_sat.a(gfs.o) (GFCF_Init)
../sbl6/segalib/lib/sega_sat.a(gfs_dir.o)
                              ../sbl6/segalib/lib/sega_sat.a(gfs.o) (GFDR_SetupDirTbl)
../sbl6/segalib/lib/sega_sat.a(gfs_trn.o)
                              ../sbl6/segalib/lib/sega_sat.a(gfs.o) (GFTR_Setup)
../sbl6/segalib/lib/sega_sat.a(gfs_buf.o)
                              ../sbl6/segalib/lib/sega_sat.a(gfs.o) (GFBF_GetNumData)
../sbl6/segalib/lib/sega_sat.a(gfs_cdb.o)
                              ../sbl6/segalib/lib/sega_sat.a(gfs_cdf.o) (GFCB_Setup)
../sbl6/segalib/lib/sega_sat.a(gfs_cdc.o)
                              ../sbl6/segalib/lib/sega_sat.a(gfs.o) (GFCD_SetCdbfs)
../sbl6/segalib/lib/sega_sat.a(DMA_SCU0.o)
                              ../sbl6/segalib/lib/sega_sat.a(DMA_SCU1.o) (DMA_ScuSetPrm)
../sbl6/segalib/lib/sega_sat.a(csh_main.o)
                              ../sbl6/segalib/lib/sega_sat.a(DMA_SCU1.o) (CSH_Purge)
../sbl6/segalib/lib/sega_sat.a(DMA_CPU0.o)
                              ../sbl6/segalib/lib/sega_sat.a(gfs_trn.o) (DMA_CpuSetComPrm)
../sbl6/segalib/lib/sega_sat.a(cdc_cfs.o)
                              ../sbl6/segalib/lib/sega_sat.a(gfs_cdc.o) (CDC_ChgDir)
../sbl6/segalib/lib/sega_sat.a(cdc_bio.o)
                              ../sbl6/segalib/lib/sega_sat.a(gfs_cdc.o) (CDC_SetSctLen)
../sbl6/segalib/lib/sega_sat.a(cdc_sel.o)
                              ../sbl6/segalib/lib/sega_sat.a(gfs_cdc.o) (CDC_SetFiltRange)
[...]
Memory Configuration

Name             Origin             Length             Attributes
*default*        0x00000000         0xffffffff

Linker script and memory map

LOAD ../sbl6/segasmp/lib/strt1_g.o
LOAD ../sbl6/segasmp/lib/strt2_g.o
LOAD vblank.o
LOAD ../sbl6/segasmp/per/smpclib/per_x1.o
LOAD ../sbl6/segasmp/per/smpclib/per_x2.o
LOAD ../sbl6/segasmp/per/smpclib/per_x3.o
LOAD blocks.o
LOAD cd.o
LOAD collision.o
LOAD enemylist.o
LOAD graphics.o
LOAD pcmsys.o
LOAD player.o
LOAD print.o
LOAD scroll.o
LOAD sound.o
LOAD sprite.o
LOAD spritecode/explosion.o
LOAD spritecode/float.o
LOAD spritecode/missile.o
LOAD main.o
LOAD ../sbl6/segalib/lib/sega_int.a
LOAD ../sbl6/segalib/lib/sega_spr.a
LOAD ../sbl6/segalib/lib/sega_scl.a
LOAD ../sbl6/segalib/lib/sega_mth.a
LOAD ../sbl6/segalib/lib/sega_cdc.a
LOAD ../sbl6/segalib/lib/sega_adp.a
LOAD ../sbl6/segalib/lib/sega_per.a
LOAD ../sbl6/segalib/lib/sega_sat.a
LOAD C:/saturn/SH_COFF/sh-coff/bin/../lib/gcc/sh-coff/3.4-GNUSH_v0501\libgcc.a
LOAD C:/saturn/SH_COFF/sh-coff/bin/../lib/gcc/sh-coff/3.4-GNUSH_v0501/../../../../sh-coff/lib\libc.a
LOAD C:/saturn/SH_COFF/sh-coff/bin/../lib/gcc/sh-coff/3.4-GNUSH_v0501\libgcc.a

.text           0x06010000    0x15510
 *(.text)
 .text          0x06010000       0x30 ../sbl6/segasmp/lib/strt1_g.o
                0x06010024                _D_END
                0x06010020                _D_BGN
                0x0601002c                _B_END
                0x06010028                _B_BGN
                0x06010000                START
 .text          0x06010030       0x60 ../sbl6/segasmp/lib/strt2_g.o
                0x06010050                _INITSCT
                0x06010030                _INIT
 .text          0x06010090      0x190 vblank.o
                0x06010090                SetVblank
                0x06010120                UsrVblankOut
                0x060100f0                UsrVblankIn
 .text          0x06010220      0x430 ../sbl6/segasmp/per/smpclib/per_x1.o
                0x060105b4                PER_GetAnalogXYZ
                0x06010244                PER_GetTriggerHandler
                0x060104de                PER_GetEdge
                0x0601045c                PER_GetTrigger
                0x06010508                PER_GetPressEdge
                0x0601055c                PER_GetReleaseEdge
                0x06010220                PER_SetTriggerHandler
 .text          0x06010650      0x200 ../sbl6/segasmp/per/smpclib/per_x2.o
                0x06010754                PER_GetDeviceA
                0x06010650                PER_OpenPort
                0x06010688                PER_GetPort
                0x060107ce                PER_GetDeviceR
 .text          0x06010850       0x20 ../sbl6/segasmp/per/smpclib/per_x3.o
                0x06010850                PER_DisguiseTrigger
 .text          0x06010870       0xd0 blocks.o
                0x06010870                block_get
                0x060108d0                block_check
                0x06010900                block_spike
 .text          0x06010940      0x120 cd.o
                0x060109e0                cd_load_nosize
                0x06010940                cd_init
                0x06010970                cd_load
 .text          0x06010a60      0x9a0 collision.o
                0x06010a90                collision_check_up
                0x06011260                collision_eject_horiz
                0x060113c0                collision_player
                0x06011090                collision_eject_vert
                0x06010dc0                collision_check
                0x06010c80                collision_check_left
                0x06010a60                collision_check_point
                0x06010d10                collision_check_right
                0x06010ff0                collision_spikes
                0x06010bc0                collision_check_below
                0x06010b00                collision_check_down
 .text          0x06011400       0x80 enemylist.o
                0x06011400                enemylist_spawn
 .text          0x06011480      0x890 pcmsys.o
                0x06011b20                load_8bit_pcm
                0x060118a0                smpc_issue_command
                0x06011940                load_drv
                0x06011ca0                pcm_parameter_change
                0x06011880                smpc_wait_till_ready
                0x060118c0                load_driver_binary
                0x06011c60                pcm_play
                0x06011cd0                pcm_cease
                0x06011990                calculate_bytes_per_blank
                0x060119d0                load_16bit_pcm
 .text          0x06011d10      0x790 player.o
                0x06011da0                player_killenemy
                0x06011d10                player_frames
                0x06011f30                player_input
                0x06011d20                player_init
                0x06011dc0                player_die
                0x06012350                player_draw
                0x06011d70                player_cankill
                0x06011e20                player_animate
 .text          0x060124a0      0x170 print.o
                0x06012570                print_display
                0x060124e0                print_num
                0x060124a0                print_init
                0x06012530                print_string
 .text          0x06012610      0x990 scroll.o
                0x06012610                scroll_move
                0x06012850                scroll_get
                0x06012d40                scroll_copy
                0x06012740                scroll_set
                0x06012e80                scroll_reset
                0x06012ee0                scroll_linescroll4
                0x06012970                scroll_init
                0x06012770                scroll_scale
                0x060128b0                scroll_changescreen
 .text          0x06012fa0      0x180 sound.o
                0x06013100                sound_play
                0x06012fd0                sound_init
                0x060130c0                sound_cdda
 .text          0x06013120      0x780 sprite.o
                0x06013150                sprite_init
                0x060136b0                sprite_make
                0x06013810                sprite_next
                0x06013870                sprite_delete
                0x06013700                sprite_draw_all
                0x06013120                sprite_deleteall
                0x06013460                sprite_draw
 .text          0x060138a0       0xe0 spritecode/explosion.o
                0x06013910                explosion_move
                0x060138a0                explosion_make
 .text          0x06013980      0x180 spritecode/float.o
                0x06013980                float_make
                0x060139f0                float_move
 .text          0x06013b00      0x240 spritecode/missile.o
                0x06013b00                missile_make
                0x06013bb0                missile_move
 .text          0x06013d40      0x1b0 main.o
                0x06013d40                main
 .text          0x06013ef0       0x40 ../sbl6/segalib/lib/sega_int.a(int.o)
                0x06013f1c                INT_GetScuFunc
                0x06013ef0                INT_SetScuFunc
 .text          0x06013f30      0x624 ../sbl6/segalib/lib/sega_int.a(int_trmp.o)
                0x06014098                __interrupt_handler60
                0x06014248                __interrupt_handler132
                0x060143fe                __interrupt_handler205
                0x06014266                __interrupt_handler137
                0x06014194                __interrupt_handler102
                0x06013fd2                __interrupt_handler27
                0x060143d4                __interrupt_handler198
                0x060142c6                __interrupt_handler153
                0x06013fae                __interrupt_handler21
                0x060140bc                __interrupt_handler66
                0x060141ac                __interrupt_handler106
                0x060142f6                __interrupt_handler161
                0x06014140                __interrupt_handler88
                0x0601430e                __interrupt_handler165
                0x0601421e                __interrupt_handler125
                0x06013f54                __interrupt_handler6
                0x06013ff0                __interrupt_handler32
                0x060143aa                __interrupt_handler191
                0x060144c4                __interrupt_handler238
                0x060144dc                __interrupt_handler242
                0x060142e4                __interrupt_handler158
                0x0601414c                __interrupt_handler90
                0x06014308                __interrupt_handler164
                0x0601402c                __interrupt_handler42
                0x0601436e                __interrupt_handler181
                0x06014476                __interrupt_handler225
                0x0601451e                __interrupt_handler253
                0x06014332                __interrupt_handler171
                0x060140ec                __interrupt_handler74
                0x06013f42                __interrupt_handler3
                0x06014086                __interrupt_handler57
                0x06013f84                __interrupt_handler14
                0x0601441c                __interrupt_handler210
                0x0601444c                __interrupt_handler218
                0x06014410                __interrupt_handler208
                0x06014014                __interrupt_handler38
                0x06013f30                __interrupt_handler0
                0x060141a0                __interrupt_handler104
                0x060142de                __interrupt_handler157
                0x0601442e                __interrupt_handler213
                0x06014320                __interrupt_handler168
                0x0601412e                __interrupt_handler85
                0x060141ca                __interrupt_handler111
                0x060141dc                __interrupt_handler114
                0x0601404a                __interrupt_handler47
                0x060144a0                __interrupt_handler232
                0x0601446a                __interrupt_handler223
                0x060144be                __interrupt_handler237
                0x060140aa                __interrupt_handler63
                0x06014038                __interrupt_handler44
                0x0601434a                __interrupt_handler175
                0x06014374                __interrupt_handler182
                0x0601438c                __interrupt_handler186
                0x0601428a                __interrupt_handler143
                0x060141b2                __interrupt_handler107
                0x06014218                __interrupt_handler124
                0x06014338                __interrupt_handler172
                0x060144ee                __interrupt_handler245
                0x0601416a                __interrupt_handler95
                0x06014242                __interrupt_handler131
                0x06014254                __interrupt_handler134
                0x06014272                __interrupt_handler139
                0x060140e0                __interrupt_handler72
                0x0601449a                __interrupt_handler231
                0x060142f0                __interrupt_handler160
                0x06014236                __interrupt_handler129
                0x06013fa8                __interrupt_handler20
                0x060140b6                __interrupt_handler65
                0x06014080                __interrupt_handler56
                0x06013f7e                __interrupt_handler13
                0x06014416                __interrupt_handler209
                0x060141d0                __interrupt_handler112
                0x06013fa2                __interrupt_handler19
                0x0601415e                __interrupt_handler93
                0x060143c8                __interrupt_handler196
                0x060142ba                __interrupt_handler151
                0x0601431a                __interrupt_handler167
                0x06014530                __trampoline
                0x06013f96                __interrupt_handler17
                0x06014488                __interrupt_handler228
                0x0601452a                __interrupt_handler255
                0x060144e8                __interrupt_handler244
                0x06014182                __interrupt_handler99
                0x0601437a                __interrupt_handler183
                0x06014278                __interrupt_handler140
                0x0601439e                __interrupt_handler189
                0x0601429c                __interrupt_handler146
                0x06014464                __interrupt_handler222
                0x060142d8                __interrupt_handler156
                0x0601420c                __interrupt_handler122
                0x06014500                __interrupt_handler248
                0x06014050                __interrupt_handler48
                0x060140ce                __interrupt_handler69
                0x06013fc0                __interrupt_handler24
                0x06014146                __interrupt_handler89
                0x0601443a                __interrupt_handler215
                0x06014524                __interrupt_handler254
                0x0601413a                __interrupt_handler87
                0x0601409e                __interrupt_handler61
                0x060143c2                __interrupt_handler195
                0x060142b4                __interrupt_handler150
                0x06014026                __interrupt_handler41
                0x060141c4                __interrupt_handler110
                0x0601422a                __interrupt_handler127
                0x060141b8                __interrupt_handler108
                0x060141d6                __interrupt_handler113
                0x060141e8                __interrupt_handler116
                0x06014206                __interrupt_handler121
                0x060140fe                __interrupt_handler77
                0x0601401a                __interrupt_handler39
                0x06014032                __interrupt_handler43
                0x06014506                __interrupt_handler249
                0x06014344                __interrupt_handler174
                0x06014260                __interrupt_handler136
                0x06014398                __interrupt_handler188
                0x06014296                __interrupt_handler145
                0x06013f66                __interrupt_handler9
                0x0601410a                __interrupt_handler79
                0x06014482                __interrupt_handler227
                0x06013ffc                __interrupt_handler34
                0x0601423c                __interrupt_handler130
                0x060144fa                __interrupt_handler247
                0x060140f2                __interrupt_handler75
                0x0601433e                __interrupt_handler173
                0x0601406e                __interrupt_handler53
                0x060142ae                __interrupt_handler149
                0x06014512                __interrupt_handler251
                0x060144a6                __interrupt_handler233
                0x06013f6c                __interrupt_handler10
                0x060143f8                __interrupt_handler204
                0x0601411c                __interrupt_handler82
                0x06014122                __interrupt_handler83
                0x06013fc6                __interrupt_handler25
                0x060144e2                __interrupt_handler243
                0x060142fc                __interrupt_handler162
                0x06014044                __interrupt_handler46
                0x0601435c                __interrupt_handler178
                0x06014110                __interrupt_handler80
                0x060140a4                __interrupt_handler62
                0x06013f3c                __interrupt_handler2
                0x06013fde                __interrupt_handler29
                0x060140d4                __interrupt_handler70
                0x060141be                __interrupt_handler109
                0x060142a8                __interrupt_handler148
                0x06014164                __interrupt_handler94
                0x06014470                __interrupt_handler224
                0x0601419a                __interrupt_handler103
                0x06014008                __interrupt_handler36
                0x06014224                __interrupt_handler126
                0x060144f4                __interrupt_handler246
                0x0601407a                __interrupt_handler55
                0x06013f78                __interrupt_handler12
                0x06014068                __interrupt_handler52
                0x06014392                __interrupt_handler187
                0x06014290                __interrupt_handler144
                0x060141ee                __interrupt_handler117
                0x06013f9c                __interrupt_handler18
                0x060143ce                __interrupt_handler197
                0x060142c0                __interrupt_handler152
                0x060141f4                __interrupt_handler118
                0x0601432c                __interrupt_handler170
                0x060143e6                __interrupt_handler201
                0x06014176                __interrupt_handler97
                0x06014302                __interrupt_handler163
                0x06014368                __interrupt_handler180
                0x060143b0                __interrupt_handler192
                0x060144d0                __interrupt_handler240
                0x06014212                __interrupt_handler123
                0x06014434                __interrupt_handler214
                0x06013fea                __interrupt_handler31
                0x06013fd8                __interrupt_handler28
                0x060140c2                __interrupt_handler67
                0x060140c8                __interrupt_handler68
                0x06013fb4                __interrupt_handler22
                0x06013fba                __interrupt_handler23
                0x06014350                __interrupt_handler176
                0x06013f5a                __interrupt_handler7
                0x0601445e                __interrupt_handler221
                0x06014446                __interrupt_handler217
                0x0601448e                __interrupt_handler229
                0x06014056                __interrupt_handler49
                0x06013f48                __interrupt_handler4
                0x06014020                __interrupt_handler40
                0x060141e2                __interrupt_handler115
                0x060144b2                __interrupt_handler235
                0x06014152                __interrupt_handler91
                0x06014404                __interrupt_handler206
                0x06014356                __interrupt_handler177
                0x060142a2                __interrupt_handler147
                0x0601400e                __interrupt_handler37
                0x0601450c                __interrupt_handler250
                0x06013f36                __interrupt_handler1
                0x06014452                __interrupt_handler219
                0x060140f8                __interrupt_handler76
                0x06014188                __interrupt_handler100
                0x0601408c                __interrupt_handler58
                0x06013f8a                __interrupt_handler15
                0x06014428                __interrupt_handler212
                0x060144d6                __interrupt_handler241
                0x060143ec                __interrupt_handler202
                0x060143b6                __interrupt_handler193
                0x06014104                __interrupt_handler78
                0x0601405c                __interrupt_handler50
                0x06013ff6                __interrupt_handler33
                0x06014314                __interrupt_handler166
                0x0601426c                __interrupt_handler138
                0x0601425a                __interrupt_handler135
                0x06013fe4                __interrupt_handler30
                0x06014380                __interrupt_handler184
                0x0601427e                __interrupt_handler141
                0x06014494                __interrupt_handler230
                0x060144b8                __interrupt_handler236
                0x060141fa                __interrupt_handler119
                0x06014134                __interrupt_handler86
                0x060141a6                __interrupt_handler105
                0x06014116                __interrupt_handler81
                0x06014200                __interrupt_handler120
                0x06014230                __interrupt_handler128
                0x06014074                __interrupt_handler54
                0x06013f72                __interrupt_handler11
                0x060143da                __interrupt_handler199
                0x060142cc                __interrupt_handler154
                0x0601403e                __interrupt_handler45
                0x06014440                __interrupt_handler216
                0x060143f2                __interrupt_handler203
                0x0601418e                __interrupt_handler101
                0x06014128                __interrupt_handler84
                0x06014386                __interrupt_handler185
                0x06014284                __interrupt_handler142
                0x06013fcc                __interrupt_handler26
                0x060140b0                __interrupt_handler64
                0x060143e0                __interrupt_handler200
                0x0601440a                __interrupt_handler207
                0x060143bc                __interrupt_handler194
                0x06014158                __interrupt_handler92
                0x060142d2                __interrupt_handler155
                0x06014422                __interrupt_handler211
                0x0601424e                __interrupt_handler133
                0x06013f4e                __interrupt_handler5
                0x060140e6                __interrupt_handler73
                0x06013f90                __interrupt_handler16
                0x060144ca                __interrupt_handler239
                0x060144ac                __interrupt_handler234
                0x06014002                __interrupt_handler35
                0x06014092                __interrupt_handler59
                0x06014326                __interrupt_handler169
                0x0601417c                __interrupt_handler98
                0x060140da                __interrupt_handler71
                0x06014062                __interrupt_handler51
                0x060142ea                __interrupt_handler159
                0x0601447c                __interrupt_handler226
                0x06014170                __interrupt_handler96
                0x060143a4                __interrupt_handler190
                0x06014458                __interrupt_handler220
                0x06013f60                __interrupt_handler8
                0x06014362                __interrupt_handler179
                0x06014518                __interrupt_handler252
 *fill*         0x06014554        0xc 00
 .text          0x06014560     0x12a0 ../sbl6/segalib/lib/sega_spr.a(spr_2c.o)
                0x060157c0                SlaveFlushDrawPrtyBlock
                0x06014560                SPR_2Initial
                0x06014da4                SPR_2SysClip
                0x06014d44                SPR_2LocalCoord
                0x0601563c                SPR_2FlushDrawPrtyBlock
                0x06015328                SPR_2DistSpr
                0x06014d2c                SPR_2FlushDrawPrty
                0x0601544c                SPR_2Cmd
                0x06014a28                SPR_2GourTblNoToVram
                0x06014a88                SPR_2GetAreaSizeInfo
                0x060147f0                SPR_2SetGourTbl
                0x06014fdc                SPR_2Polygon
                0x06014a64                SPR_2CharNoToVram
                0x06014770                SPR_2SetTvMode
                0x06014bcc                SPR_2CloseCommand
                0x060147ac                SPR_2FrameEraseData
                0x06014588                SPR_2Initial2
                0x060151bc                SPR_2ScaleSpr
                0x06014e4c                SPR_2Line
                0x06014b18                SPR_2OpenCommand
                0x0601478c                SPR_2FrameChgIntr
                0x06015098                SPR_2NormSpr
                0x06014820                SPR_2SetLookupTbl
                0x06014854                SPR_2SetChar
                0x06014a4c                SPR_2LookupTblNoToVram
                0x06014f20                SPR_2PolyLine
                0x060149c0                SPR_2ClrAllChar
                0x06014974                SPR_2ClrChar
                0x06014df0                SPR_2UserClip
 .text          0x06015800      0x1e6 ../sbl6/segalib/lib/sega_spr.a(spr_slv.o)
                0x06015964                SPR_WaitEndSlaveSH
                0x06015800                SPR_SMPC_SSHON
                0x06015940                SPR_RunSlaveSH
                0x06015804                SPR_InitSlaveSH
                0x060158cc                SPR_SlaveSHmain
                0x06015801                SPR_SMPC_SSHOFF
 *fill*         0x060159e6        0xa 00
 .text          0x060159f0      0x36a ../sbl6/segalib/lib/sega_spr.a(spr_1c.o)
                0x06015ca4                SPR_WaitDrawEnd
                0x06015cbc                SPR_SetEosMode
                0x06015bd4                SPR_SetEraseData
                0x060159f0                SPR_Initial
                0x06015ac8                SPR_SetTvMode
                0x06015b60                SPR_GetStatus
 *fill*         0x06015d5a        0x6 00
 .text          0x06015d60      0x244 ../sbl6/segalib/lib/sega_spr.a(spr_2a.o)
                0x06015d72                sprMemCpyW
                0x06015dd0                flushDrawPrtyBlock
                0x06015d60                sprMemCpyL
                0x06015d84                SPR_2SetDrawPrty
 *fill*         0x06015fa4        0xc 00
 .text          0x06015fb0      0x2fc ../sbl6/segalib/lib/sega_scl.a(scl_vblv.o)
                0x0601606c                SCL_DisplayFrame
                0x06015fb0                SCL_SetFrameInterval
                0x060160a0                SCL_VblInit
                0x060160f0                SCL_VblankStart
                0x06016134                SCL_VblankEnd
 *fill*         0x060162ac        0x4 00
 .text          0x060162b0      0xb9c ../sbl6/segalib/lib/sega_scl.a(scl_func.o)
                0x06016c8c                SCL_Vdp2_SGLInit
                0x06016b9c                SCL_PriIntProc
                0x06016b14                SCL_Memcpyw
                0x06016e2c                SCL_SglOff
                0x06016e0c                SCL_SglOn
                0x06016a80                SCL_ScrollShow
                0x06016528                SCL_Close
                0x06016820                SCL_Scale
                0x060162b0                SCL_Vdp2Init
                0x06016694                SCL_Move
                0x0601695c                SCL_CopyReg
                0x06016504                SCL_Open
                0x06016334                SCL_ParametersInit
                0x06016544                SCL_MoveTo
                0x06016b3c                SCL_SetColRamMode
 *fill*         0x06016e4c        0x4 00
 .text          0x06016e50      0x138 ../sbl6/segalib/lib/sega_scl.a(scl_pr03.o)
                0x06016e50                SCL_FreeColRam
                0x06016e88                SCL_AllocColRam
 *fill*         0x06016f88        0x8 00
 .text          0x06016f90       0x9c ../sbl6/segalib/lib/sega_scl.a(scl_pr02.o)
                0x06016f90                SCL_SetColRam
 *fill*         0x0601702c        0x4 00
 .text          0x06017030       0x84 ../sbl6/segalib/lib/sega_scl.a(scl_back.o)
                0x06017030                SCL_SetBack
 *fill*         0x060170b4        0xc 00
 .text          0x060170c0      0x278 ../sbl6/segalib/lib/sega_scl.a(scl_fu05.o)
                0x0601717c                SCL_SetLineParam
                0x060170c8                SCL_InitLineParamTb
 *fill*         0x06017338        0x8 00
 .text          0x06017340      0x94c ../sbl6/segalib/lib/sega_scl.a(scl_fu03.o)
                0x0601739c                SCL_SetConfig
                0x06017340                SCL_InitConfigTb
 *fill*         0x06017c8c        0x4 00
 .text          0x06017c90      0x4f4 ../sbl6/segalib/lib/sega_scl.a(scl_fu02.o)
                0x06017cc8                SCL_SetVramConfig
                0x06017c90                SCL_InitVramConfigTb
 *fill*         0x06018184        0xc 00
 .text          0x06018190       0x28 ../sbl6/segalib/lib/sega_scl.a(scl_fu04.o)
                0x06018190                SCL_SetCycleTable
 *fill*         0x060181b8        0x8 00
 .text          0x060181c0      0x214 ../sbl6/segalib/lib/sega_scl.a(scl_pr07.o)
                0x060181c0                SCL_SetPriority
 *fill*         0x060183d4        0xc 00
 .text          0x060183e0       0x58 ../sbl6/segalib/lib/sega_scl.a(scl_pr01.o)
                0x060183e0                SCL_SetSpriteMode
 *fill*         0x06018438        0x8 00
 .text          0x06018440     0x10a4 ../sbl6/segalib/lib/sega_scl.a(scl_pri.o)
                0x060184d4                SCL_AbortAutoVe
                0x06019384                SCL_SetShadowBit
                0x0601894c                SCL_AutoExec
                0x06018440                SCL_PriorityInit
                0x06018e60                SCL_IncColOffset
                0x060184e8                SCL_SetColMixRate
                0x060184b8                SCL_GetColRamMode
 *fill*         0x060194e4        0xc 00
 .text          0x060194f0     0x1394 ../sbl6/segalib/lib/sega_scl.a(scl_ro00.o)
                0x0601a6dc                SCL_RotateZD
                0x060199a4                SCL_Rotate
                0x06019678                SCL_InitRotateTable
 *fill*         0x0601a884        0xc 00
 .text          0x0601a890      0x1b4 ../sbl6/segalib/lib/sega_scl.a(scl_pr06.o)
                0x0601a890                SCL_SetColRamOffset
 *fill*         0x0601aa44        0xc 00
 .text          0x0601aa50       0xac ../sbl6/segalib/lib/sega_scl.a(scl_pr05.o)
                0x0601aa50                SCL_GetColRamOffset
 *fill*         0x0601aafc        0x4 00
 .text          0x0601ab00       0xa4 ../sbl6/segalib/lib/sega_mth.a(mth_fixd.o)
                0x0601ab50                MTH_FixedToInt
                0x0601ab40                MTH_IntToFixed
                0x0601ab00                MTH_Mul
                0x0601ab60                MTH_Product
                0x0601ab20                MTH_Div
 *fill*         0x0601aba4        0xc 00
 .text          0x0601abb0      0x600 ../sbl6/segalib/lib/sega_mth.a(mth_tri.o)
                0x0601ac4c                fcos
                0x0601ac52                fsin
                0x0601abfc                MTH_Cos
                0x0601abb0                MTH_Sin
                0x0601adf0                MTH_Atan
 .text          0x0601b1b0      0x130 ../sbl6/segalib/lib/sega_cdc.a(cdc_drv.o)
                0x0601b1b0                CDC_CdPlay
                0x0601b27c                CDC_CdSeek
                0x0601b2b0                CDC_CdScan
 .text          0x0601b2e0      0x152 ../sbl6/segalib/lib/sega_cdc.a(cdc_sub.o)
                0x0601b388                CDSUB_GetCdstat
                0x0601b2f8                CDSUB_UpdCdstat
                0x0601b3c8                CDSUB_RspToCdstat
                0x0601b410                CDSUB_SoftTimer
                0x0601b2e0                CDSUB_UpdStatus
                0x0601b318                CDSUB_CdCmd
 *fill*         0x0601b432        0xe 00
 .text          0x0601b440      0x2dc ../sbl6/segalib/lib/sega_cdc.a(cdc_reg.o)
                0x0601b494                CDREG_ClrHirqReq
                0x0601b464                CDC_ClrHirqReq
                0x0601b514                CDREG_TgetData
                0x0601b504                CDC_GetMpegPtr
                0x0601b4e0                CDC_GetHirqMsk
                0x0601b440                CDC_GetDataPtr
                0x0601b450                CDC_GetHirqReq
                0x0601b670                CDREG_WaitHirq
                0x0601b4f4                CDC_SetHirqMsk
                0x0601b570                CDREG_CmdRsp
                0x0601b4a4                CDREG_InitHirqReq
                0x0601b4cc                CDREG_SetHirqFlag
                0x0601b6e0                CDREG_ReadRsp
 *fill*         0x0601b71c        0x4 00
 .text          0x0601b720      0x3a0 ../sbl6/segalib/lib/sega_cdc.a(cdc_cmn.o)
                0x0601b8c4                CDC_TgetToc
                0x0601ba68                CDC_DataEnd
                0x0601b788                CDC_GetPeriStat
                0x0601b9fc                CDC_DataReady
                0x0601b9d4                CDC_CdOpen
                0x0601b950                CDC_CdInit
                0x0601b914                CDC_GetSes
                0x0601b770                CDC_GetLastStat
                0x0601b720                CDC_GetCurStat
                0x0601b85c                CDC_GetHwInfo
 .text          0x0601bac0      0xf50 ../sbl6/segalib/lib/sega_per.a(per_prt.o)
                0x0601bee0                PER_IntFunc
                0x0601bcd8                PER_LGetPer
                0x0601bac0                PER_LInit
 .text          0x0601ca10     0x1b04 ../sbl6/segalib/lib/sega_sat.a(gfs.o)
                0x0601ca10                gfs_version
                0x0601dc84                gfs_mngGetNumFile
                0x0601e404                gfs_closeSub
                0x0601d7a0                GFS_SetGmode
                0x0601da5c                GFS_SetErrFunc
                0x0601dbac                gfs_mngSetupFuncTbl
                0x0601cd68                GFS_Reset
                0x0601dad4                gfs_chgRoot
                0x0601dba0                gfs_aborttrans
                0x0601de84                gfs_svrAddHndl
                0x0601dd34                gfs_mngFreeGrp
                0x0601daac                GFS_ConvTno
                0x0601e038                gfs_getRootDir
                0x0601da88                GFS_GetErrStat
                0x0601ced8                GFS_Seek
                0x0601d544                GFS_NwStop
                0x0601dd40                gfs_mngTermAccess
                0x0601cdec                GFS_Open
                0x0601dcec                GFS_mngAllocGrp
                0x0601e44c                gfs_isTaskDone
                0x0601d244                GFS_Fread
                0x0601d9a4                GFS_StartTrans
                0x0601e3a0                gfs_GetFinfo
                0x0601dbe0                gfs_mngInitWork
                0x0601d030                GFS_ByteToSct
                0x0601de44                gfs_svrSearchHndl
                0x0601e134                gfs_loadRootDir
                0x0601cc8c                GFS_IdToName
                0x0601d388                GFS_NwFread
                0x0601d8d4                GFS_SetTransPara
                0x0601d494                GFS_NwCdRead
                0x0601df74                gfs_loadVol
                0x0601d870                GFS_SetReadPara
                0x0601cf8c                GFS_Tell
                0x0601d804                GFS_SetTmode
                0x0601e308                GFS_GetFad
                0x0601d940                GFS_SetTrFunc
                0x0601d9f0                GFS_CdMovePickup
                0x0601cc28                GFS_NameToId
                0x0601d65c                GFS_NwExecOne
                0x0601e1bc                gfs_flowIn
                0x0601d0e4                GFS_GetFileInfo
                0x0601e264                gfs_transData
                0x0601dec0                gfs_svrRemoveHndl
                0x0601d50c                GFS_NwIsComplete
                0x0601e440                gfs_getGmode
                0x0601d5b0                GFS_NwGetStat
                0x0601df1c                GFS_OpenSub
                0x0601cbc0                GFS_SetDir
                0x0601d08c                GFS_GetFileSize
                0x0601d158                GFS_GetNumCdbuf
                0x0601e4a0                gfs_convFinStat
                0x0601d180                GFS_Load
                0x0601d2e0                gfs_waitRead
                0x0601cb18                GFS_LoadDir
                0x0601ccf8                GFS_GetDirInfo
                0x0601cea0                GFS_Close
                0x0601ca30                GFS_Init
                0x0601d62c                gfs_recovRdErr
                0x0601ddc4                gfs_mngSetErrCode
                0x0601d71c                GFS_NwExecServer
                0x0601cfdc                GFS_IsEof
                0x0601e360                gfs_SetSct
 *fill*         0x0601e514        0xc 00
 .text          0x0601e520      0x1f4 ../sbl6/segalib/lib/sega_sat.a(DMA_SCU1.o)
                0x0601e67c                DMA_ScuResult
                0x0601e520                DMA_ScuInit
                0x0601e570                DMA_ScuMemCopy
 *fill*         0x0601e714        0xc 00
 .text          0x0601e720      0x8d4 ../sbl6/segalib/lib/sega_sat.a(gfs_cdf.o)
                0x0601ec14                GFCF_Seek
                0x0601ed1c                GFCF_GetStat
                0x0601ebfc                GFCF_Tell
                0x0601e7c0                GFCF_Setup
                0x0601ecc8                GFCF_cnvIntlvOfs
                0x0601e720                GFCF_Init
                0x0601ebb4                GFCF_Recover
                0x0601e908                GFCF_SetSct
                0x0601ec2c                GFCF_MovePickup
                0x0601edf0                gfcf_isCdOk
                0x0601e9c0                GFCF_FlowInBuf
                0x0601e94c                GFCF_GetFileInfo
                0x0601eb14                GFCF_StopInBuf
                0x0601edb4                gfcf_getSctSize
                0x0601eeb0                gfcf_getPlayRange
 *fill*         0x0601eff4        0xc 00
 .text          0x0601f000      0x928 ../sbl6/segalib/lib/sega_sat.a(gfs_dir.o)
                0x0601f4f0                gfdr_setNextRec
                0x0601f8ec                gfdr_setDirrecCd
                0x0601f2e8                gfdr_open
                0x0601f0fc                GFDR_GetAtrDirId
                0x0601f3d0                gfdr_readByte
                0x0601f000                GFDR_SetupDirTbl
                0x0601f4c8                gfdr_readLongNM
                0x0601f574                gfdr_readDirEnt
                0x0601f12c                GFDR_ChgRoot
                0x0601f074                GFDR_NameToId
                0x0601f1b8                gfdr_setupDirIdTbl
                0x0601f114                GFDR_GetAtrDirName
                0x0601f0d4                GFDR_GetInfoDirId
                0x0601f47c                gfdr_readLongNB
                0x0601f310                gfdr_read
                0x0601f3fc                gfdr_readWord
                0x0601f23c                gfdr_setupDirNameTbl
                0x0601f0e8                GFDR_GetInfoDirName
                0x0601f144                GFDR_ChgDir
                0x0601f428                gfdr_readWordNB
 *fill*         0x0601f928        0x8 00
 .text          0x0601f930      0xa46 ../sbl6/segalib/lib/sega_sat.a(gfs_trn.o)
                0x0601fa10                GFTR_SetTransMax
                0x0601fde0                gftr_execScu
                0x06020364                GFTR_SetTransFunc
                0x0602022c                gftr_remTrn
                0x06020350                GFTR_SetData
                0x06020050                gftr_execSdma1
                0x060202a0                gftr_copyFrac
                0x0601fa04                GFTR_GetNumTrans
                0x0601f9a4                GFTR_SetMode
                0x06020020                gftr_remDma0
                0x060202c8                GFTR_GetLenData
                0x0601fdd4                gftr_reqScu
                0x06020038                gftr_reqDma1
                0x0601fcf0                gftr_getSrcPack
                0x06020320                GFTR_RtnDstPk
                0x0601febc                gfdma_exec
                0x06020154                gftr_execTrn
                0x0601fbe8                GFTR_ExecSvr
                0x060200e4                gftr_reqTrn
                0x0601ffac                gfdma_getBytecnt
                0x0602008c                gftr_reqCpu
                0x060202ec                GFTR_GetDstPack
                0x0601ffe4                gftr_reqDma0
                0x0601fb70                GFTR_Idle
                0x0601fa28                GFTR_Pause
                0x0601f9f8                GFTR_GetTransPara
                0x060200d8                gftr_remCpu
                0x0601f9c4                GFTR_SetTransPara
                0x06020074                gftr_remDma1
                0x0601fa34                GFTR_Stop
                0x0601fffc                gftr_execSdma0
                0x0601f960                GFTR_Setup
                0x0601fe7c                gftr_remScu
                0x0601fd78                gftr_getDstPack
                0x0601feb0                gfdma_canUse
                0x0601faec                GFTR_Exec
                0x0602033c                GFTR_GetData
                0x0601fa1c                GFTR_Start
                0x0601f9b8                GFTR_SetUnit
                0x06020098                gftr_execCpu
                0x060202d4                GFTR_GetLenRoom
 *fill*         0x06020376        0xa 00
 .text          0x06020380      0x106 ../sbl6/segalib/lib/sega_sat.a(gfs_buf.o)
                0x060203d8                GFBF_GetNumData
                0x06020454                GFBF_RtnPk
                0x06020408                GFBF_GetSrcPk
                0x0602047c                gfbf_getSctDt
                0x060203b0                GFBF_GetTranData
                0x06020430                GFBF_GetSctData
 *fill*         0x06020486        0xa 00
 .text          0x06020490      0x600 ../sbl6/segalib/lib/sega_sat.a(gfs_cdb.o)
                0x06020a38                GFCB_GetPickup
                0x060205b0                GFCB_Close
                0x0602087c                GFCB_GetSrcPack
                0x06020a04                GFCB_SetCon
                0x06020684                GFCB_GetLenRoom
                0x060209e8                GFCB_MovePickup
                0x0602095c                GFCB_GetSctData
                0x06020690                GFCB_SetFilt
                0x060205d8                GFCB_GetLenData
                0x06020a78                GFCB_UngetPickup
                0x06020490                GFCB_Setup
                0x06020720                GFCB_Tell
                0x06020a60                GFCB_IsPuOwner
                0x06020780                GFCB_Seek
                0x060206f8                GFCB_DeleteAllData
                0x06020994                GFCB_GetDstPack
                0x06020730                gfcb_getSctNum
                0x060209a0                GFCB_RtnPk
 .text          0x06020a90     0x1a04 ../sbl6/segalib/lib/sega_sat.a(gfs_cdc.o)
                0x06020d2c                GFCD_AllocBuf
                0x06021b08                gfcd_doGetLenDataTsk
                0x060223a4                GFCD_SetCsctFunc
                0x06020e04                GFCD_GetBaseFad
                0x06020f80                GFCD_GetFilt
                0x06021f94                gfcd_doChgDirTsk
                0x060222d4                gfcd_checkEflag
                0x060212c8                GFCD_MovePickup
                0x060213ac                GFCD_GetSctInfo
                0x06021c5c                gfcd_doReqDataTsk
                0x060213f4                GFCD_ChgDir
                0x060210e8                GFCD_ReqData
                0x060223c0                GFCD_ChkScdqFlag
                0x06021878                GFCD_WaitServer
                0x0602118c                GFCD_DelSctData
                0x06021664                GFCD_ExecServer
                0x06021a78                gfcd_doSetConTsk
                0x06020cc0                GFCD_AllocFilt
                0x06020ebc                GFCD_SetFilt
                0x060218b4                gfcd_doSetFiltTsk
                0x060223e4                GFCD_ClrScdqFlag
                0x06021cfc                gfcd_doDelSctDataTsk
                0x060217c0                gfcd_doTask
                0x06020e38                GFCD_GetPickup
                0x06021388                GFCD_CheckMove
                0x06022400                GFCD_WaitScdqFlag
                0x06021020                GFCD_Play
                0x06021e30                gfcd_doMoveSctTsk
                0x06020fc8                GFCD_SetCon
                0x06021468                GFCD_SetFiltCon
                0x06022444                GFCD_WaitPause
                0x0602162c                GFCD_GetBufSiz
                0x06020e6c                GFCD_UngetPickup
                0x06021550                GFCD_GetFileInfo
                0x06021144                GFCD_EndData
                0x06020d60                GFCD_FreeBuf
                0x06021080                GFCD_GetLenData
                0x06020cfc                GFCD_FreeFilt
                0x06021738                gfcd_isIdleTask
                0x06020abc                GFCD_Init
                0x06022190                gfcd_doSetFiltConTsk
                0x06021214                GFCD_GetStat
                0x06021314                GFCD_MoveSctData
                0x06020e98                GFCD_IsPuOwner
                0x060222f8                gfcd_initCdbMng
                0x06020a90                GFCD_SetCdbfs
                0x06021864                GFCD_SetTimer
                0x06022378                gfcd_setStat
                0x060211e4                GFCD_CheckDelSctData
 *fill*         0x06022494        0xc 00
 .text          0x060224a0      0x308 ../sbl6/segalib/lib/sega_sat.a(DMA_SCU0.o)
                0x06022524                DMA_ScuStart
                0x06022658                DMA_ScuIntFunc0
                0x060226c8                DMA_ScuIntFunc1
                0x06022738                DMA_ScuIntFunc2
                0x06022618                DMA_ScuGetStatus
                0x060224a0                DMA_ScuSetPrm
 *fill*         0x060227a8        0x8 00
 .text          0x060227b0       0xe8 ../sbl6/segalib/lib/sega_sat.a(csh_main.o)
                0x060227b0                CSH_Init
                0x06022818                CSH_AllClr
                0x06022864                CSH_Purge
 *fill*         0x06022898        0x8 00
 .text          0x060228a0      0x1b6 ../sbl6/segalib/lib/sega_sat.a(DMA_CPU0.o)
                0x060228e8                DMA_CpuSetPrm
                0x060229ec                DMA_CpuStart
                0x06022a44                DMA_CpuGetStatus
                0x06022a18                DMA_CpuAllStop
                0x06022a2c                DMA_CpuGetComStatus
                0x060228a0                DMA_CpuSetComPrm
                0x06022a00                DMA_CpuStop
 *fill*         0x06022a56        0xa 00
 .text          0x06022a60      0x194 ../sbl6/segalib/lib/sega_sat.a(cdc_cfs.o)
                0x06022a60                CDC_ChgDir
                0x06022a94                CDC_ReadDir
                0x06022bb8                CDC_AbortFile
                0x06022ac8                CDC_GetFileScope
                0x06022b28                CDC_TgetFileInfo
                0x06022b84                CDC_ReadFile
 *fill*         0x06022bf4        0xc 00
 .text          0x06022c00      0x1e4 ../sbl6/segalib/lib/sega_sat.a(cdc_bio.o)
                0x06022cac                CDC_GetdelSctData
                0x06022c34                CDC_GetSctData
                0x06022ce8                CDC_PutSctData
                0x06022d64                CDC_MoveSctData
                0x06022da8                CDC_GetCopyErr
                0x06022c70                CDC_DelSctData
                0x06022c00                CDC_SetSctLen
                0x06022d20                CDC_CopySctData
 *fill*         0x06022de4        0xc 00
 .text          0x06022df0      0x2b8 ../sbl6/segalib/lib/sega_sat.a(cdc_sel.o)
                0x06023020                CDC_GetFiltCon
                0x06022f9c                CDC_GetFiltMode
                0x06023074                CDC_ResetSelector
                0x06022df0                CDC_SetFiltRange
                0x06022e7c                CDC_SetFiltSubh
                0x06022eec                CDC_GetFiltSubh
                0x06022e24                CDC_GetFiltRange
                0x06022f68                CDC_SetFiltMode
                0x06022fe0                CDC_SetFiltCon
 *fill*         0x060230a8        0x8 00
 .text          0x060230b0      0x270 ../sbl6/segalib/lib/sega_sat.a(cdc_bif.o)
                0x0602310c                CDC_GetSctNum
                0x0602328c                CDC_ExeFadSearch
                0x0602320c                CDC_GetSctInfo
                0x06023150                CDC_CalActSiz
                0x060230b0                CDC_GetBufSiz
                0x0602318c                CDC_GetActSiz
                0x060232c4                CDC_GetFadSearch
 .text          0x06023320       0xa8 ../sbl6/segalib/lib/sega_sat.a(cdc_dev.o)
                0x0602338c                CDC_CdGetLastBuf
                0x06023320                CDC_CdSetCon
                0x06023350                CDC_CdGetCon
 *fill*         0x060233c8        0x8 00
 .text          0x060233d0       0x60 C:/saturn/SH_COFF/sh-coff/bin/../lib/gcc/sh-coff/3.4-GNUSH_v0501\libgcc.a(_ashiftrt.o)
                0x060233dc                __ashiftrt_r4_27
                0x06023410                __ashiftrt_r4_6
                0x06023400                __ashiftrt_r4_14
                0x060233f2                __ashiftrt_r4_19
                0x0602340a                __ashiftrt_r4_9
                0x0602341e                __ashiftrt_r4_0
                0x060233d0                __ashiftrt_r4_31
                0x060233de                __ashiftrt_r4_26
                0x060233ec                __ashiftrt_r4_22
                0x060233f8                __ashiftrt_r4_16
                0x06023404                __ashiftrt_r4_12
                0x060233d8                __ashiftrt_r4_29
                0x060233f6                __ashiftrt_r4_17
                0x060233d6                __ashiftrt_r4_30
                0x06023412                __ashiftrt_r4_5
                0x0602340c                __ashiftrt_r4_8
                0x060233d0                __ashiftrt_r4_32
                0x060233e0                __ashiftrt_r4_25
                0x06023418                __ashiftrt_r4_2
                0x060233e2                __ashiftrt_r4_24
                0x060233fe                __ashiftrt_r4_15
                0x06023408                __ashiftrt_r4_10
                0x0602341a                __ashiftrt_r4_1
                0x060233da                __ashiftrt_r4_28
                0x060233f0                __ashiftrt_r4_20
                0x0602340e                __ashiftrt_r4_7
                0x06023402                __ashiftrt_r4_13
                0x06023406                __ashiftrt_r4_11
                0x06023414                __ashiftrt_r4_4
                0x060233ea                __ashiftrt_r4_23
                0x060233f4                __ashiftrt_r4_18
                0x060233ee                __ashiftrt_r4_21
                0x06023416                __ashiftrt_r4_3
 .text          0x06023430       0xa0 C:/saturn/SH_COFF/sh-coff/bin/../lib/gcc/sh-coff/3.4-GNUSH_v0501\libgcc.a(_sdivsi3.o)
                0x06023430                __sdivsi3
 .text          0x060234d0       0x90 C:/saturn/SH_COFF/sh-coff/bin/../lib/gcc/sh-coff/3.4-GNUSH_v0501\libgcc.a(_ashiftrt_n.o)
                0x060234d0                __ashrsi3
 .text          0x06023560       0x90 C:/saturn/SH_COFF/sh-coff/bin/../lib/gcc/sh-coff/3.4-GNUSH_v0501\libgcc.a(_ashiftlt.o)
                0x06023560                __ashlsi3
 .text          0x060235f0       0xb0 C:/saturn/SH_COFF/sh-coff/bin/../lib/gcc/sh-coff/3.4-GNUSH_v0501\libgcc.a(_movstr.o)
                0x06023630                __movstrSI16
                0x06023604                __movstrSI60
                0x06023610                __movstrSI48
                0x0602360c                __movstrSI52
                0x06023600                __movstrSI64
                0x06023614                __movstrSI44
                0x06023618                __movstrSI40
                0x0602361c                __movstrSI36
                0x06023650                __movstr
                0x06023608                __movstrSI56
                0x06023624                __movstrSI28
                0x06023620                __movstrSI32
                0x06023634                __movstrSI12
                0x06023638                __movstrSI8
                0x06023640                __movstrSI0
                0x06023628                __movstrSI24
                0x0602362c                __movstrSI20
                0x0602363c                __movstrSI4
 .text          0x060236a0       0xa0 C:/saturn/SH_COFF/sh-coff/bin/../lib/gcc/sh-coff/3.4-GNUSH_v0501\libgcc.a(__main.o)
                0x06023714                __main
                0x060236a0                __do_global_dtors
                0x060236d4                __do_global_ctors
 .text          0x06023740      0x2e0 C:/saturn/SH_COFF/sh-coff/bin/../lib/gcc/sh-coff/3.4-GNUSH_v0501\libgcc.a(_mul_df.o)
                0x06023750                __muldf3
 .text          0x06023a20       0xb0 C:/saturn/SH_COFF/sh-coff/bin/../lib/gcc/sh-coff/3.4-GNUSH_v0501\libgcc.a(_si_to_df.o)
                0x06023a20                __floatsidf
 .text          0x06023ad0       0x80 C:/saturn/SH_COFF/sh-coff/bin/../lib/gcc/sh-coff/3.4-GNUSH_v0501\libgcc.a(_df_to_si.o)
                0x06023ad0                __fixdfsi
 .text          0x06023b50       0x70 C:/saturn/SH_COFF/sh-coff/bin/../lib/gcc/sh-coff/3.4-GNUSH_v0501\libgcc.a(_udivsi3.o)
                0x06023b72                __udivsi3
 .text          0x06023bc0      0x120 C:/saturn/SH_COFF/sh-coff/bin/../lib/gcc/sh-coff/3.4-GNUSH_v0501\libgcc.a(_unpack_df.o)
                0x06023bd0                __unpack_d
 .text          0x06023ce0      0x220 C:/saturn/SH_COFF/sh-coff/bin/../lib/gcc/sh-coff/3.4-GNUSH_v0501\libgcc.a(_pack_df.o)
                0x06023cf0                __pack_d
 .text          0x06023f00       0x20 C:/saturn/SH_COFF/sh-coff/bin/../lib/gcc/sh-coff/3.4-GNUSH_v0501\libgcc.a(_thenan_df.o)
                0x06023f00                __thenan_df
 .text          0x06023f20       0xd0 C:/saturn/SH_COFF/sh-coff/bin/../lib/gcc/sh-coff/3.4-GNUSH_v0501\libgcc.a(_muldi3.o)
                0x06023f20                __muldi3
 .text          0x06023ff0       0x80 C:/saturn/SH_COFF/sh-coff/bin/../lib/gcc/sh-coff/3.4-GNUSH_v0501\libgcc.a(_lshrdi3.o)
                0x06023ff0                __lshrdi3
 .text          0x06024070       0x80 C:/saturn/SH_COFF/sh-coff/bin/../lib/gcc/sh-coff/3.4-GNUSH_v0501\libgcc.a(_ashldi3.o)
                0x06024070                __ashldi3
 .text          0x060240f0       0x30 C:/saturn/SH_COFF/sh-coff/bin/../lib/gcc/sh-coff/3.4-GNUSH_v0501\libgcc.a(_mulsi3.o)
                0x060240f0                __mulsi3
 .text          0x06024120       0x90 C:/saturn/SH_COFF/sh-coff/bin/../lib/gcc/sh-coff/3.4-GNUSH_v0501\libgcc.a(_lshiftrt.o)
                0x06024120                __lshrsi3
 .text          0x060241b0       0xa0 C:/saturn/SH_COFF/sh-coff/bin/../lib/gcc/sh-coff/3.4-GNUSH_v0501/../../../../sh-coff/lib\libc.a(memcpy.o)
                0x060241b0                memcpy
 .text          0x06024250       0x40 C:/saturn/SH_COFF/sh-coff/bin/../lib/gcc/sh-coff/3.4-GNUSH_v0501/../../../../sh-coff/lib\libc.a(memset.o)
                0x06024250                memset
 .text          0x06024290       0x60 C:/saturn/SH_COFF/sh-coff/bin/../lib/gcc/sh-coff/3.4-GNUSH_v0501/../../../../sh-coff/lib\libc.a(memcmp.o)
                0x06024290                memcmp
 .text          0x060242f0       0xb0 C:/saturn/SH_COFF/sh-coff/bin/../lib/gcc/sh-coff/3.4-GNUSH_v0501/../../../../sh-coff/lib\libc.a(strncmp.o)
                0x060242f0                strncmp
 .text          0x060243a0       0xa0 C:/saturn/SH_COFF/sh-coff/bin/../lib/gcc/sh-coff/3.4-GNUSH_v0501/../../../../sh-coff/lib\libc.a(strncpy.o)
                0x060243a0                strncpy
 .text          0x06024440       0x90 C:/saturn/SH_COFF/sh-coff/bin/../lib/gcc/sh-coff/3.4-GNUSH_v0501/../../../../sh-coff/lib\libc.a(atexit.o)
                0x06024440                atexit
 .text          0x060244d0       0x10 C:/saturn/SH_COFF/sh-coff/bin/../lib/gcc/sh-coff/3.4-GNUSH_v0501/../../../../sh-coff/lib\libc.a(impure.o)
                0x060244d0                _global_impure_ptr
 .text          0x060244e0       0x40 C:/saturn/SH_COFF/sh-coff/bin/../lib/gcc/sh-coff/3.4-GNUSH_v0501/../../../../sh-coff/lib\libc.a(malloc.o)
                0x060244fc                free
                0x060244e0                malloc
 .text          0x06024520      0x5b0 C:/saturn/SH_COFF/sh-coff/bin/../lib/gcc/sh-coff/3.4-GNUSH_v0501/../../../../sh-coff/lib\libc.a(mallocr.o)
                0x06024520                _malloc_r
 .text          0x06024ad0      0x340 C:/saturn/SH_COFF/sh-coff/bin/../lib/gcc/sh-coff/3.4-GNUSH_v0501/../../../../sh-coff/lib\libc.a(freer.o)
                0x06024ad0                _malloc_trim_r
                0x06024bc4                _free_r
 .text          0x06024e10       0x20 C:/saturn/SH_COFF/sh-coff/bin/../lib/gcc/sh-coff/3.4-GNUSH_v0501/../../../../sh-coff/lib\libc.a(mlock.o)
                0x06024e10                __malloc_lock
                0x06024e1c                __malloc_unlock
 .text          0x06024e30       0x50 C:/saturn/SH_COFF/sh-coff/bin/../lib/gcc/sh-coff/3.4-GNUSH_v0501/../../../../sh-coff/lib\libc.a(sbrkr.o)
                0x06024e30                _sbrk_r
 .text          0x06024e80      0x380 C:/saturn/SH_COFF/sh-coff/bin/../lib/gcc/sh-coff/3.4-GNUSH_v0501/../../../../sh-coff/lib\libc.a(syscalls.o)
                0x06024fec                _exit
                0x06025020                _getpid
                0x06025088                _utime
                0x06024eb8                _write
                0x06024e80                _read
                0x06024fd4                _unlink
                0x06024f9c                _open
                0x06025038                _stat
                0x06024fe0                isatty
                0x060250b8                _wait
                0x06025004                _kill
                0x06025054                _chmod
                0x060250e8                _execv
                0x060250cc                _execve
                0x060251c4                __setup_argv_and_call_main
                0x06025120                _gettimeofday
                0x06024eec                _link
                0x0602502c                _raise
                0x06024fb8                _creat
                0x06025100                _pipe
                0x0602506c                _chown
                0x06024e9c                _lseek
                0x06024ed4                _close
                0x06025114                _times
                0x06024f88                _fstat
                0x060250a4                _fork
                0x06024f14                _sbrk
 .text          0x06025200       0x20 C:/saturn/SH_COFF/sh-coff/bin/../lib/gcc/sh-coff/3.4-GNUSH_v0501/../../../../sh-coff/lib\libc.a(trap.o)
                0x06025200                __trap34
 .text          0x06025220       0x20 C:/saturn/SH_COFF/sh-coff/bin/../lib/gcc/sh-coff/3.4-GNUSH_v0501/../../../../sh-coff/lib\libc.a(abort.o)
                0x06025220                abort
 .text          0x06025240      0x270 C:/saturn/SH_COFF/sh-coff/bin/../lib/gcc/sh-coff/3.4-GNUSH_v0501/../../../../sh-coff/lib\libc.a(signal.o)
                0x06025300                _raise_r
                0x06025488                __sigtramp
                0x06025434                raise
                0x06025470                _init_signal
                0x060253c0                __sigtramp_r
                0x06025450                signal
                0x0602528c                _signal_r
                0x06025240                _init_signal_r
 .text          0x060254b0       0x60 C:/saturn/SH_COFF/sh-coff/bin/../lib/gcc/sh-coff/3.4-GNUSH_v0501/../../../../sh-coff/lib\libc.a(signalr.o)
                0x060254f8                _getpid_r
                0x060254b0                _kill_r
 *(.strings)

.tors           0x06025510        0x0
                0x06025510                ___ctors = .
 *(.ctors)
                0x06025510                ___ctors_end = .
                0x06025510                ___dtors = .
 *(.dtors)
                0x06025510                ___dtors_end = .

.data           0x06025510     0x17f0
                0x06025510                STARTOF_R = .
 *(.data)
 .data          0x06025510      0x400 ../sbl6/segasmp/per/smpclib/per_x1.o
 .data          0x06025910       0x60 blocks.o
                0x06025960                tile2_slope
                0x06025940                tile4_slope
                0x06025910                block_slopes
                0x06025950                tile3_slope
 .data          0x06025970       0x30 enemylist.o
                0x06025970                enemy_lists
                0x06025974                level0_enemies
                0x06025994                enemy_arr
 .data          0x060259a0      0x680 graphics.o
                0x060259a0                cloudmap_name
                0x06025b26                guy_num
                0x060259c8                map0_name
                0x0602601c                bg_num
                0x060259b0                cloudmap_width
                0x06025b7c                cloud_pal
                0x06025bc8                hills_pal
                0x06025c08                hills_name
                0x060259ae                cloudmap_height
                0x06025a2c                explosion_pal
                0x06025c14                bg_pal
                0x06025c12                hills_num
                0x06025a6c                explosion_name
                0x060259d8                missile_pal
                0x06025b18                guy_name
                0x060259c4                hill_map_width
                0x06025ad8                guy_pal
                0x06025bc6                cloud_num
                0x06025b72                font_height
                0x06025a28                missile_size
                0x06025a18                missile_name
                0x06025b22                guy_width
                0x06025ad2                float_size
                0x06025a7c                explosion_width
                0x06025b68                font_name
                0x06025a26                missile_width
                0x06026014                bg_name
                0x060259d2                map0_height
                0x06025a24                missile_height
                0x060259c2                hill_map_height
                0x06025b74                font_width
                0x06025b20                guy_height
                0x060259b4                hill_map_name
                0x06025bbc                cloud_name
                0x06025b78                font_num
                0x06025b28                font_pal
                0x060259d4                map0_width
                0x06025a80                explosion_num
                0x06025ace                float_height
                0x06025b24                guy_size
                0x06025b76                font_size
                0x06025ac4                float_name
                0x06025a84                float_pal
                0x06025a2a                missile_num
                0x06025a7e                explosion_size
                0x06025ad0                float_width
                0x06025ad4                float_num
                0x06025a7a                explosion_height
 .data          0x06026020       0x10 pcmsys.o
                0x06026024                scsp_load
                0x06026028                m68k_com
                0x06026020                master_volume
 .data          0x06026030       0x10 player.o
                0x06026030                lives
 .data          0x06026040       0x20 scroll.o
                0x06026040                CycleTb
                0x06026050                vram
 .data          0x06026060       0x30 sprite.o
 .data          0x06026090      0x400 ../sbl6/segalib/lib/sega_int.a(int.o)
 .data          0x06026490       0x1c ../sbl6/segalib/lib/sega_spr.a(spr_slv.o)
                0x06026498                SPR_SlaveParam
                0x060264a8                SPR_SMPC_SF
                0x060264a0                SPR_SMPC_COM
                0x0602649c                SPR_SlaveSHEntry
                0x06026494                SPR_SlaveState
                0x06026490                SPR_SlaveCommand
                0x060264a4                SPR_SMPC_RET
 *fill*         0x060264ac        0x4 00
 .data          0x060264b0       0x34 ../sbl6/segalib/lib/sega_spr.a(spr_1c.o)
                0x060264b0                SpInitialFlag
 *fill*         0x060264e4        0xc 00
 .data          0x060264f0       0x1c ../sbl6/segalib/lib/sega_scl.a(scl_vblv.o)
                0x060264f8                VBInterval
                0x06026500                ReqDisplayFlag
                0x060264f0                SpFrameChgMode
                0x060264fc                VBIntervalCounter
                0x060264f4                SpFrameEraseMode
 *fill*         0x0602650c        0x4 00
 .data          0x06026510       0x36 ../sbl6/segalib/lib/sega_scl.a(scl_func.o)
                0x06026520                SclRotregBuff
                0x0602651c                SclDisplayY
                0x06026524                SclRotateTableMode
                0x06026518                SclProcess
                0x06026514                SclCurSclNum
                0x06026510                SclLengthLsTbl
                0x0602651a                SclDisplayX
                0x06026512                SclLengthCsTbl
 *fill*         0x06026546        0xa 00
 .data          0x06026550       0x18 ../sbl6/segalib/lib/sega_scl.a(scl_pri.o)
                0x06026554                SclRealSpPriNum
                0x06026564                SclRealColOffset
                0x06026560                SclRealBgColMix
                0x0602655c                SclRealSpColMix
                0x06026558                SclRealBgPriNum
                0x06026550                SclRealOtherPri
 *fill*         0x06026568        0x8 00
 .data          0x06026570      0x380 C:/saturn/SH_COFF/sh-coff/bin/../lib/gcc/sh-coff/3.4-GNUSH_v0501/../../../../sh-coff/lib\libc.a(impure.o)
                0x060268ec                _impure_ptr
 .data          0x060268f0      0x410 C:/saturn/SH_COFF/sh-coff/bin/../lib/gcc/sh-coff/3.4-GNUSH_v0501/../../../../sh-coff/lib\libc.a(mallocr.o)
                0x060268f8                __malloc_av_
                0x060268f4                __malloc_trim_threshold
                0x060268f0                __malloc_sbrk_base
                0x06026d00                SIZEOF_R = (. - STARTOF_R)
                0x06026d00                ENDOF_R = .

.bss            0x06026d00     0xf094
                0x06026d00                STARTOF_B = .
 *(.bss)
 .bss           0x06026d00       0x10 vblank.o
                0x06026d04                PadData2E
                0x06026d0a                PadData1
                0x06026d06                PadData2
                0x06026d08                PadData1E
                0x06026d00                __port
 .bss           0x06026d10       0xd0 ../sbl6/segasmp/per/smpclib/per_x2.o
 .bss           0x06026de0       0x10 pcmsys.o
                0x06026de0                numberPCMs
 .bss           0x06026df0       0x10 player.o
                0x06026df1                boost
                0x06026df0                jumps
 .bss           0x06026e00       0x50 scroll.o
                0x06026e1c                map_tiles_x
                0x06026e24                scrolls_y
                0x06026e00                scroll_transition_state
                0x06026e04                scroll_ysize
                0x06026e14                map_tiles_y
                0x06026e0c                copy_modes
                0x06026e34                scrolls_x
                0x06026e08                scroll_xsize
 .bss           0x06026e50     0x3800 sprite.o
                0x06026e50                num_sprites
 .bss           0x0602a650       0x10 main.o
                0x0602a650                frame
 .bss           0x0602a660       0x6e ../sbl6/segalib/lib/sega_spr.a(spr_2c.o)
 *fill*         0x0602a6ce        0x2 00
 .bss           0x0602a6d0        0x4 ../sbl6/segalib/lib/sega_scl.a(scl_vblv.o)
 *fill*         0x0602a6d4        0xc 00
 .bss           0x0602a6e0        0x4 ../sbl6/segalib/lib/sega_scl.a(scl_func.o)
 *fill*         0x0602a6e4        0xc 00
 .bss           0x0602a6f0     0x1900 ../sbl6/segalib/lib/sega_scl.a(scl_fu05.o)
 .bss           0x0602bff0       0x48 ../sbl6/segalib/lib/sega_scl.a(scl_ro00.o)
 *fill*         0x0602c038        0x8 00
 .bss           0x0602c040        0xc ../sbl6/segalib/lib/sega_cdc.a(cdc_sub.o)
 *fill*         0x0602c04c        0x4 00
 .bss           0x0602c050        0x2 ../sbl6/segalib/lib/sega_cdc.a(cdc_reg.o)
 *fill*         0x0602c052        0xe 00
 .bss           0x0602c060       0x9c ../sbl6/segalib/lib/sega_per.a(per_prt.o)
 *fill*         0x0602c0fc        0x4 00
 .bss           0x0602c100        0xc ../sbl6/segalib/lib/sega_sat.a(DMA_SCU1.o)
 *fill*         0x0602c10c        0x4 00
 .bss           0x0602c110        0xc ../sbl6/segalib/lib/sega_sat.a(gfs_trn.o)
 *fill*         0x0602c11c        0x4 00
 .bss           0x0602c120       0x20 ../sbl6/segalib/lib/sega_sat.a(DMA_SCU0.o)
 .bss           0x0602c140       0x10 C:/saturn/SH_COFF/sh-coff/bin/../lib/gcc/sh-coff/3.4-GNUSH_v0501\libgcc.a(__main.o)
 .bss           0x0602c150       0x10 C:/saturn/SH_COFF/sh-coff/bin/../lib/gcc/sh-coff/3.4-GNUSH_v0501/../../../../sh-coff/lib\libc.a(atexit.o)
 .bss           0x0602c160       0x40 C:/saturn/SH_COFF/sh-coff/bin/../lib/gcc/sh-coff/3.4-GNUSH_v0501/../../../../sh-coff/lib\libc.a(mallocr.o)
                0x0602c190                __malloc_top_pad
                0x0602c160                __malloc_current_mallinfo
                0x0602c18c                __malloc_max_sbrked_mem
                0x0602c188                __malloc_max_total_mem
 .bss           0x0602c1a0       0x10 C:/saturn/SH_COFF/sh-coff/bin/../lib/gcc/sh-coff/3.4-GNUSH_v0501/../../../../sh-coff/lib\libc.a(syscalls.o)
 *(COMMON)
 COMMON         0x0602c1b0     0x1674 cd.o
                                  0x0 (size before relaxing)
                0x0602c1b0                dirname
                0x0602cb10                lib_work
                0x0602d818                directory_table
 *fill*         0x0602d824        0xc 00
 COMMON         0x0602d830     0x1960 player.o
                                  0x0 (size before relaxing)
                0x0602d830                curr_level
                0x0602d840                player
                0x0602d880                lp
 COMMON         0x0602f190      0x8c0 print.o
                                  0x0 (size before relaxing)
                0x0602f190                text
 COMMON         0x0602fa50     0x346c scroll.o
                                  0x0 (size before relaxing)
                0x0602fa50                line_param0
                0x06031360                scfg3
                0x060313f0                scfg0
                0x06031480                maps
                0x06031490                scfg2
                0x06031520                line_param1
                0x06032e30                scfg1
 *fill*         0x06032ebc        0x4 00
 COMMON         0x06032ec0     0x1460 sprite.o
                                  0x0 (size before relaxing)
                0x06032ec0                sprites
                0x06033320                image_buf
 COMMON         0x06034320      0x400 ../sbl6/segalib/lib/sega_int.a(int.o)
                                  0x0 (size before relaxing)
                0x06034320                __interrupt_vector
 COMMON         0x06034720       0x50 ../sbl6/segalib/lib/sega_spr.a(spr_2c.o)
                                  0x0 (size before relaxing)
                0x06034720                SpMstCmd
                0x06034724                Sp2OpenFlag
                0x06034728                SpGourTblMax
                0x0603472c                SpDrawPrtyBlk
                0x06034730                SpLCoordX
                0x06034734                SpMstDrawPrtyBlk
                0x06034738                SpGourTbl
                0x0603473c                SpLookupTblR
                0x06034740                SpCmdTbl
                0x06034744                SpCharMax
                0x06034748                SpDrawPrtyProcFlag
                0x0603474c                SpCmdNo
                0x06034750                SpDrawPrtyBlkMax
                0x06034754                SpSlvCmdPos
                0x06034758                SpSlvDrawPrtyBlk
                0x0603475c                SpCharTbl
                0x06034760                SpCmdTblR
                0x06034764                SpMstCmdPos
                0x06034768                SpSlvCmd
                0x0603476c                SpLCoordY
 COMMON         0x06034770       0x10 ../sbl6/segalib/lib/sega_spr.a(spr_1c.o)
                                  0x0 (size before relaxing)
                0x06034770                SpScreenY
                0x06034774                SpFbcrMode
                0x06034776                SpDil
                0x06034778                SpDie
                0x0603477a                SpTvMode
                0x0603477c                SpScreenX
 COMMON         0x06034780      0xf00 ../sbl6/segalib/lib/sega_scl.a(scl_func.o)
                                  0x0 (size before relaxing)
                0x06034780                SclRbgKtbAddr
                0x06034788                SclRb
                0x0603478a                Scl_flag
                0x06034790                SclK_TableBuff
                0x06035460                SclAddrCsTbl
                0x06035470                Scl_s_reg
                0x06035498                SclRotateXy
                0x060354a0                Scl_d_reg
                0x060354e8                SclRotateDisp
                0x060354f0                SclRotateMoveZ
                0x060354f8                SclRotXySw
                0x06035500                Scl_r_reg
                0x06035510                SclRPMD
                0x06035518                SclRbgKtbOffset
                0x06035520                _SclRotregBuff
                0x060355f0                SclRa
                0x060355f8                SclRotateZ
                0x06035600                SclAddrLsTbl
                0x06035608                SclK_TableNum
                0x06035610                SclRotateTableAddress
                0x06035614                SclK_TableFlag
                0x06035620                Scl_w_reg
                0x06035640                Scl_n_reg
 COMMON         0x06035680      0x6b0 ../sbl6/segalib/lib/sega_scl.a(scl_pri.o)
                                  0x0 (size before relaxing)
                0x06035680                SclAutoEndBlue2
                0x06035690                SclColOffset
                0x060356a0                SclPriBuffDirty
                0x060356a2                SclAutoEndRed
                0x060356a4                SclAutoSurface
                0x060356a8                SclAutoGreen
                0x060356aa                SclAutoEndGreen
                0x060356ac                SclAutoCount
                0x060356b0                SclColRamAlloc256
                0x060356d0                SclAutoCurRate
                0x060356d1                SclAutoPlusFlag
                0x060356d8                SclSpColMix
                0x060356e0                SclAutoMax
                0x060356e4                SclLineColRamOffset
                0x060356e8                SclColRamAlloc2048
                0x060356ec                SclBgPriNum
                0x060356f2                SclAutoEndBlue
                0x060356f4                SclAutoEndGreen2
                0x060356f6                SclAutoVeFlag
                0x060356f8                SclBgColMix
                0x06035700                SclAutoIndex
                0x06035704                SclAutoEndRate
                0x06035706                SclAutoBlue
                0x06035708                SclAutoRed
                0x0603570c                SclAutoInterval
                0x06035710                SclOtherPri
                0x06035720                SclAutoRGB
                0x06035d20                SclAutoEndRed2
                0x06035d28                SclSpPriNum
 COMMON         0x06035d30       0x10 ../sbl6/segalib/lib/sega_scl.a(scl_ro00.o)
                                  0x0 (size before relaxing)
                0x06035d30                SclCsx
                0x06035d38                SclCsy
 COMMON         0x06035d40       0x15 ../sbl6/segalib/lib/sega_per.a(per_prt.o)
                                  0x0 (size before relaxing)
                0x06035d40                per_get_time_flg
                0x06035d41                per_hot_res
                0x06035d42                per_set_sys_flg
                0x06035d44                per_get_time_adr
                0x06035d48                per_get_sys_data
                0x06035d54                per_time_out_flg
 *fill*         0x06035d55        0xb 00
 COMMON         0x06035d60        0xc ../sbl6/segalib/lib/sega_sat.a(gfs.o)
                                  0x0 (size before relaxing)
                0x06035d60                GFMC_base
                0x06035d64                gfs_mng_ptr
                0x06035d68                gfs_use_scudma
 *fill*         0x06035d6c        0x4 00
 COMMON         0x06035d70        0x8 ../sbl6/segalib/lib/sega_sat.a(gfs_cdf.o)
                                  0x0 (size before relaxing)
                0x06035d70                gfcf_fad
                0x06035d74                gfcf_stat
 *fill*         0x06035d78        0x8 00
 COMMON         0x06035d80        0xc ../sbl6/segalib/lib/sega_sat.a(gfs_cdc.o)
                                  0x0 (size before relaxing)
                0x06035d80                gfcd_fatal_err
                0x06035d84                gfcd_work
                0x06035d88                gfcd_playflag
 *fill*         0x06035d8c        0x4 00
 COMMON         0x06035d90        0x4 C:/saturn/SH_COFF/sh-coff/bin/../lib/gcc/sh-coff/3.4-GNUSH_v0501/../../../../sh-coff/lib\libc.a(syscalls.o)
                                  0x0 (size before relaxing)
                0x06035d90                errno
                0x06035d94                SIZEOF_B = (. - STARTOF_B)
                0x06035d94                ENDOF_B = .
                0x06035d94                _end = .
OUTPUT(main.cof coff-sh)

.comment        0x06035da0      0x560
 .comment       0x06035da0       0x20 ../sbl6/segasmp/lib/strt2_g.o
 .comment       0x06035dc0       0x20 vblank.o
 .comment       0x06035de0       0x20 ../sbl6/segasmp/per/smpclib/per_x1.o
 .comment       0x06035e00       0x20 ../sbl6/segasmp/per/smpclib/per_x2.o
 .comment       0x06035e20       0x20 blocks.o
 .comment       0x06035e40       0x20 cd.o
 .comment       0x06035e60       0x20 collision.o
 .comment       0x06035e80       0x20 enemylist.o
 .comment       0x06035ea0       0x20 graphics.o
 .comment       0x06035ec0       0x20 pcmsys.o
 .comment       0x06035ee0       0x20 player.o
 .comment       0x06035f00       0x20 print.o
 .comment       0x06035f20       0x20 scroll.o
 .comment       0x06035f40       0x20 sound.o
 .comment       0x06035f60       0x20 sprite.o
 .comment       0x06035f80       0x20 spritecode/explosion.o
 .comment       0x06035fa0       0x20 spritecode/float.o
 .comment       0x06035fc0       0x20 spritecode/missile.o
 .comment       0x06035fe0       0x20 main.o
 .comment       0x06036000       0x20 C:/saturn/SH_COFF/sh-coff/bin/../lib/gcc/sh-coff/3.4-GNUSH_v0501\libgcc.a(__main.o)
 .comment       0x06036020       0x20 C:/saturn/SH_COFF/sh-coff/bin/../lib/gcc/sh-coff/3.4-GNUSH_v0501\libgcc.a(_mul_df.o)
 .comment       0x06036040       0x20 C:/saturn/SH_COFF/sh-coff/bin/../lib/gcc/sh-coff/3.4-GNUSH_v0501\libgcc.a(_si_to_df.o)
 .comment       0x06036060       0x20 C:/saturn/SH_COFF/sh-coff/bin/../lib/gcc/sh-coff/3.4-GNUSH_v0501\libgcc.a(_df_to_si.o)
 .comment       0x06036080       0x20 C:/saturn/SH_COFF/sh-coff/bin/../lib/gcc/sh-coff/3.4-GNUSH_v0501\libgcc.a(_unpack_df.o)
 .comment       0x060360a0       0x20 C:/saturn/SH_COFF/sh-coff/bin/../lib/gcc/sh-coff/3.4-GNUSH_v0501\libgcc.a(_pack_df.o)
 .comment       0x060360c0       0x20 C:/saturn/SH_COFF/sh-coff/bin/../lib/gcc/sh-coff/3.4-GNUSH_v0501\libgcc.a(_thenan_df.o)
 .comment       0x060360e0       0x20 C:/saturn/SH_COFF/sh-coff/bin/../lib/gcc/sh-coff/3.4-GNUSH_v0501\libgcc.a(_muldi3.o)
 .comment       0x06036100       0x20 C:/saturn/SH_COFF/sh-coff/bin/../lib/gcc/sh-coff/3.4-GNUSH_v0501\libgcc.a(_lshrdi3.o)
 .comment       0x06036120       0x20 C:/saturn/SH_COFF/sh-coff/bin/../lib/gcc/sh-coff/3.4-GNUSH_v0501\libgcc.a(_ashldi3.o)
 .comment       0x06036140       0x20 C:/saturn/SH_COFF/sh-coff/bin/../lib/gcc/sh-coff/3.4-GNUSH_v0501/../../../../sh-coff/lib\libc.a(memcmp.o)
 .comment       0x06036160       0x20 C:/saturn/SH_COFF/sh-coff/bin/../lib/gcc/sh-coff/3.4-GNUSH_v0501/../../../../sh-coff/lib\libc.a(strncmp.o)
 .comment       0x06036180       0x20 C:/saturn/SH_COFF/sh-coff/bin/../lib/gcc/sh-coff/3.4-GNUSH_v0501/../../../../sh-coff/lib\libc.a(strncpy.o)
 .comment       0x060361a0       0x20 C:/saturn/SH_COFF/sh-coff/bin/../lib/gcc/sh-coff/3.4-GNUSH_v0501/../../../../sh-coff/lib\libc.a(atexit.o)
 .comment       0x060361c0       0x20 C:/saturn/SH_COFF/sh-coff/bin/../lib/gcc/sh-coff/3.4-GNUSH_v0501/../../../../sh-coff/lib\libc.a(impure.o)
 .comment       0x060361e0       0x20 C:/saturn/SH_COFF/sh-coff/bin/../lib/gcc/sh-coff/3.4-GNUSH_v0501/../../../../sh-coff/lib\libc.a(malloc.o)
 .comment       0x06036200       0x20 C:/saturn/SH_COFF/sh-coff/bin/../lib/gcc/sh-coff/3.4-GNUSH_v0501/../../../../sh-coff/lib\libc.a(mallocr.o)
 .comment       0x06036220       0x20 C:/saturn/SH_COFF/sh-coff/bin/../lib/gcc/sh-coff/3.4-GNUSH_v0501/../../../../sh-coff/lib\libc.a(freer.o)
 .comment       0x06036240       0x20 C:/saturn/SH_COFF/sh-coff/bin/../lib/gcc/sh-coff/3.4-GNUSH_v0501/../../../../sh-coff/lib\libc.a(mlock.o)
 .comment       0x06036260       0x20 C:/saturn/SH_COFF/sh-coff/bin/../lib/gcc/sh-coff/3.4-GNUSH_v0501/../../../../sh-coff/lib\libc.a(sbrkr.o)
 .comment       0x06036280       0x20 C:/saturn/SH_COFF/sh-coff/bin/../lib/gcc/sh-coff/3.4-GNUSH_v0501/../../../../sh-coff/lib\libc.a(syscalls.o)
 .comment       0x060362a0       0x20 C:/saturn/SH_COFF/sh-coff/bin/../lib/gcc/sh-coff/3.4-GNUSH_v0501/../../../../sh-coff/lib\libc.a(abort.o)
 .comment       0x060362c0       0x20 C:/saturn/SH_COFF/sh-coff/bin/../lib/gcc/sh-coff/3.4-GNUSH_v0501/../../../../sh-coff/lib\libc.a(signal.o)
 .comment       0x060362e0       0x20 C:/saturn/SH_COFF/sh-coff/bin/../lib/gcc/sh-coff/3.4-GNUSH_v0501/../../../../sh-coff/lib\libc.a(signalr.o)
