Archive member included because of file (symbol)

../sbl6/segalib/lib/sega_int.a(int.o)
                              vblank.o (INT_SetScuFunc)
../sbl6/segalib/lib/sega_int.a(int_trmp.o)
                              ../sbl6/segalib/lib/sega_int.a(int.o) (__interrupt_handler0)
../sbl6/segalib/lib/sega_spr.a(spr_2c.o)
                              sprite.o (SPR_2Initial)
../sbl6/segalib/lib/sega_spr.a(spr_slv.o)
                              ../sbl6/segalib/lib/sega_spr.a(spr_2c.o) (SPR_InitSlaveSH)
../sbl6/segalib/lib/sega_spr.a(spr_1c.o)
                              ../sbl6/segalib/lib/sega_spr.a(spr_2c.o) (SPR_Initial)
../sbl6/segalib/lib/sega_spr.a(spr_2a.o)
                              ../sbl6/segalib/lib/sega_spr.a(spr_2c.o) (SPR_2SetDrawPrty)
../sbl6/segalib/lib/sega_scl.a(scl_vblv.o)
                              ../sbl6/segalib/lib/sega_spr.a(spr_1c.o) (SpFrameChgMode)
../sbl6/segalib/lib/sega_scl.a(scl_func.o)
                              sprite.o (SCL_Vdp2Init)
../sbl6/segalib/lib/sega_scl.a(scl_pr03.o)
                              scroll.o (SCL_AllocColRam)
../sbl6/segalib/lib/sega_scl.a(scl_pr02.o)
                              scroll.o (SCL_SetColRam)
../sbl6/segalib/lib/sega_scl.a(scl_back.o)
                              scroll.o (SCL_SetBack)
../sbl6/segalib/lib/sega_scl.a(scl_fu03.o)
                              scroll.o (SCL_InitConfigTb)
../sbl6/segalib/lib/sega_scl.a(scl_fu02.o)
                              scroll.o (SCL_InitVramConfigTb)
../sbl6/segalib/lib/sega_scl.a(scl_fu04.o)
                              scroll.o (SCL_SetCycleTable)
../sbl6/segalib/lib/sega_scl.a(scl_pr07.o)
                              scroll.o (SCL_SetPriority)
../sbl6/segalib/lib/sega_scl.a(scl_pri.o)
                              ../sbl6/segalib/lib/sega_scl.a(scl_func.o) (SclRealOtherPri)
../sbl6/segalib/lib/sega_scl.a(scl_pr01.o)
                              main.o (SCL_SetSpriteMode)
../sbl6/segalib/lib/sega_scl.a(scl_ro00.o)
                              ../sbl6/segalib/lib/sega_scl.a(scl_func.o) (SCL_Rotate)
../sbl6/segalib/lib/sega_scl.a(scl_pr06.o)
                              ../sbl6/segalib/lib/sega_scl.a(scl_pr03.o) (SCL_SetColRamOffset)
../sbl6/segalib/lib/sega_scl.a(scl_pr05.o)
                              ../sbl6/segalib/lib/sega_scl.a(scl_pr02.o) (SCL_GetColRamOffset)
../sbl6/segalib/lib/sega_mth.a(mth_fixd.o)
                              sprite.o (MTH_Mul)
../sbl6/segalib/lib/sega_mth.a(mth_tri.o)
                              sprite.o (MTH_Sin)
../sbl6/segalib/lib/sega_per.a(per_prt.o)
                              ../sbl6/segasmp/per/smpclib/per_x2.o (PER_LInit)
../sbl6/segalib/lib/sega_sat.a(DMA_SCU1.o)
                              ../sbl6/segalib/lib/sega_spr.a(spr_2c.o) (DMA_ScuMemCopy)
../sbl6/segalib/lib/sega_sat.a(DMA_SCU0.o)
                              ../sbl6/segalib/lib/sega_sat.a(DMA_SCU1.o) (DMA_ScuSetPrm)
../sbl6/segalib/lib/sega_sat.a(csh_main.o)
                              ../sbl6/segalib/lib/sega_sat.a(DMA_SCU1.o) (CSH_Purge)
C:/saturn/SH_COFF/sh-coff/bin/../lib/gcc/sh-coff/3.4-GNUSH_v0501\libgcc.a(_ashiftlt.o)
                              scroll.o (__ashlsi3)
C:/saturn/SH_COFF/sh-coff/bin/../lib/gcc/sh-coff/3.4-GNUSH_v0501\libgcc.a(_movstr.o)
                              scroll.o (__movstr)
C:/saturn/SH_COFF/sh-coff/bin/../lib/gcc/sh-coff/3.4-GNUSH_v0501\libgcc.a(__main.o)
                              main.o (__main)
C:/saturn/SH_COFF/sh-coff/bin/../lib/gcc/sh-coff/3.4-GNUSH_v0501\libgcc.a(_udivsi3.o)
                              ../sbl6/segalib/lib/sega_scl.a(scl_fu03.o) (__udivsi3)
C:/saturn/SH_COFF/sh-coff/bin/../lib/gcc/sh-coff/3.4-GNUSH_v0501\libgcc.a(_ashiftrt.o)
                              ../sbl6/segalib/lib/sega_scl.a(scl_ro00.o) (__ashiftrt_r4_6)
C:/saturn/SH_COFF/sh-coff/bin/../lib/gcc/sh-coff/3.4-GNUSH_v0501\libgcc.a(_si_to_df.o)
                              ../sbl6/segalib/lib/sega_scl.a(scl_ro00.o) (__floatsidf)
C:/saturn/SH_COFF/sh-coff/bin/../lib/gcc/sh-coff/3.4-GNUSH_v0501\libgcc.a(_mul_df.o)
                              ../sbl6/segalib/lib/sega_scl.a(scl_ro00.o) (__muldf3)
C:/saturn/SH_COFF/sh-coff/bin/../lib/gcc/sh-coff/3.4-GNUSH_v0501\libgcc.a(_df_to_si.o)
                              ../sbl6/segalib/lib/sega_scl.a(scl_ro00.o) (__fixdfsi)
C:/saturn/SH_COFF/sh-coff/bin/../lib/gcc/sh-coff/3.4-GNUSH_v0501\libgcc.a(_pack_df.o)
                              C:/saturn/SH_COFF/sh-coff/bin/../lib/gcc/sh-coff/3.4-GNUSH_v0501\libgcc.a(_si_to_df.o) (__pack_d)
C:/saturn/SH_COFF/sh-coff/bin/../lib/gcc/sh-coff/3.4-GNUSH_v0501\libgcc.a(_unpack_df.o)
                              C:/saturn/SH_COFF/sh-coff/bin/../lib/gcc/sh-coff/3.4-GNUSH_v0501\libgcc.a(_mul_df.o) (__unpack_d)
C:/saturn/SH_COFF/sh-coff/bin/../lib/gcc/sh-coff/3.4-GNUSH_v0501\libgcc.a(_thenan_df.o)
                              C:/saturn/SH_COFF/sh-coff/bin/../lib/gcc/sh-coff/3.4-GNUSH_v0501\libgcc.a(_mul_df.o) (__thenan_df)
C:/saturn/SH_COFF/sh-coff/bin/../lib/gcc/sh-coff/3.4-GNUSH_v0501\libgcc.a(_muldi3.o)
                              C:/saturn/SH_COFF/sh-coff/bin/../lib/gcc/sh-coff/3.4-GNUSH_v0501\libgcc.a(_mul_df.o) (__muldi3)
C:/saturn/SH_COFF/sh-coff/bin/../lib/gcc/sh-coff/3.4-GNUSH_v0501\libgcc.a(_lshrdi3.o)
                              C:/saturn/SH_COFF/sh-coff/bin/../lib/gcc/sh-coff/3.4-GNUSH_v0501\libgcc.a(_df_to_si.o) (__lshrdi3)
C:/saturn/SH_COFF/sh-coff/bin/../lib/gcc/sh-coff/3.4-GNUSH_v0501\libgcc.a(_ashldi3.o)
                              C:/saturn/SH_COFF/sh-coff/bin/../lib/gcc/sh-coff/3.4-GNUSH_v0501\libgcc.a(_pack_df.o) (__ashldi3)
C:/saturn/SH_COFF/sh-coff/bin/../lib/gcc/sh-coff/3.4-GNUSH_v0501\libgcc.a(_mulsi3.o)
                              C:/saturn/SH_COFF/sh-coff/bin/../lib/gcc/sh-coff/3.4-GNUSH_v0501\libgcc.a(_muldi3.o) (__mulsi3)
C:/saturn/SH_COFF/sh-coff/bin/../lib/gcc/sh-coff/3.4-GNUSH_v0501\libgcc.a(_lshiftrt.o)
                              C:/saturn/SH_COFF/sh-coff/bin/../lib/gcc/sh-coff/3.4-GNUSH_v0501\libgcc.a(_lshrdi3.o) (__lshrsi3)
C:/saturn/SH_COFF/sh-coff/bin/../lib/gcc/sh-coff/3.4-GNUSH_v0501/../../../../sh-coff/lib\libc.a(memcpy.o)
                              scroll.o (memcpy)
C:/saturn/SH_COFF/sh-coff/bin/../lib/gcc/sh-coff/3.4-GNUSH_v0501/../../../../sh-coff/lib\libc.a(memset.o)
                              scroll.o (memset)
C:/saturn/SH_COFF/sh-coff/bin/../lib/gcc/sh-coff/3.4-GNUSH_v0501/../../../../sh-coff/lib\libc.a(atexit.o)
                              C:/saturn/SH_COFF/sh-coff/bin/../lib/gcc/sh-coff/3.4-GNUSH_v0501\libgcc.a(__main.o) (atexit)
C:/saturn/SH_COFF/sh-coff/bin/../lib/gcc/sh-coff/3.4-GNUSH_v0501/../../../../sh-coff/lib\libc.a(impure.o)
                              C:/saturn/SH_COFF/sh-coff/bin/../lib/gcc/sh-coff/3.4-GNUSH_v0501/../../../../sh-coff/lib\libc.a(atexit.o) (_impure_ptr)
C:/saturn/SH_COFF/sh-coff/bin/../lib/gcc/sh-coff/3.4-GNUSH_v0501/../../../../sh-coff/lib\libc.a(malloc.o)
                              C:/saturn/SH_COFF/sh-coff/bin/../lib/gcc/sh-coff/3.4-GNUSH_v0501/../../../../sh-coff/lib\libc.a(atexit.o) (malloc)
C:/saturn/SH_COFF/sh-coff/bin/../lib/gcc/sh-coff/3.4-GNUSH_v0501/../../../../sh-coff/lib\libc.a(mallocr.o)
                              C:/saturn/SH_COFF/sh-coff/bin/../lib/gcc/sh-coff/3.4-GNUSH_v0501/../../../../sh-coff/lib\libc.a(malloc.o) (_malloc_r)
C:/saturn/SH_COFF/sh-coff/bin/../lib/gcc/sh-coff/3.4-GNUSH_v0501/../../../../sh-coff/lib\libc.a(freer.o)
                              C:/saturn/SH_COFF/sh-coff/bin/../lib/gcc/sh-coff/3.4-GNUSH_v0501/../../../../sh-coff/lib\libc.a(malloc.o) (_free_r)
C:/saturn/SH_COFF/sh-coff/bin/../lib/gcc/sh-coff/3.4-GNUSH_v0501/../../../../sh-coff/lib\libc.a(mlock.o)
                              C:/saturn/SH_COFF/sh-coff/bin/../lib/gcc/sh-coff/3.4-GNUSH_v0501/../../../../sh-coff/lib\libc.a(mallocr.o) (__malloc_lock)
C:/saturn/SH_COFF/sh-coff/bin/../lib/gcc/sh-coff/3.4-GNUSH_v0501/../../../../sh-coff/lib\libc.a(sbrkr.o)
                              C:/saturn/SH_COFF/sh-coff/bin/../lib/gcc/sh-coff/3.4-GNUSH_v0501/../../../../sh-coff/lib\libc.a(mallocr.o) (_sbrk_r)
C:/saturn/SH_COFF/sh-coff/bin/../lib/gcc/sh-coff/3.4-GNUSH_v0501/../../../../sh-coff/lib\libc.a(syscalls.o)
                              C:/saturn/SH_COFF/sh-coff/bin/../lib/gcc/sh-coff/3.4-GNUSH_v0501/../../../../sh-coff/lib\libc.a(sbrkr.o) (_sbrk)
C:/saturn/SH_COFF/sh-coff/bin/../lib/gcc/sh-coff/3.4-GNUSH_v0501/../../../../sh-coff/lib\libc.a(trap.o)
                              C:/saturn/SH_COFF/sh-coff/bin/../lib/gcc/sh-coff/3.4-GNUSH_v0501/../../../../sh-coff/lib\libc.a(syscalls.o) (__trap34)
C:/saturn/SH_COFF/sh-coff/bin/../lib/gcc/sh-coff/3.4-GNUSH_v0501/../../../../sh-coff/lib\libc.a(abort.o)
                              C:/saturn/SH_COFF/sh-coff/bin/../lib/gcc/sh-coff/3.4-GNUSH_v0501/../../../../sh-coff/lib\libc.a(syscalls.o) (abort)
C:/saturn/SH_COFF/sh-coff/bin/../lib/gcc/sh-coff/3.4-GNUSH_v0501/../../../../sh-coff/lib\libc.a(signal.o)
                              C:/saturn/SH_COFF/sh-coff/bin/../lib/gcc/sh-coff/3.4-GNUSH_v0501/../../../../sh-coff/lib\libc.a(abort.o) (raise)
C:/saturn/SH_COFF/sh-coff/bin/../lib/gcc/sh-coff/3.4-GNUSH_v0501/../../../../sh-coff/lib\libc.a(signalr.o)
                              C:/saturn/SH_COFF/sh-coff/bin/../lib/gcc/sh-coff/3.4-GNUSH_v0501/../../../../sh-coff/lib\libc.a(signal.o) (_kill_r)

Allocating common symbols
Common symbol       size              file

SclRbgKtbAddr       0x8               ../sbl6/segalib/lib/sega_scl.a(scl_func.o)
sprites             0x2260            sprite.o
SpMstCmd            0x4               ../sbl6/segalib/lib/sega_spr.a(spr_2c.o)
SclRb               0x1               ../sbl6/segalib/lib/sega_scl.a(scl_func.o)
Scl_flag            0x2               ../sbl6/segalib/lib/sega_scl.a(scl_func.o)
per_get_time_flg    0x1               ../sbl6/segalib/lib/sega_per.a(per_prt.o)
SpScreenY           0x4               ../sbl6/segalib/lib/sega_spr.a(spr_1c.o)
SclK_TableBuff      0xcd0             ../sbl6/segalib/lib/sega_scl.a(scl_func.o)
SclAutoEndBlue2     0x2               ../sbl6/segalib/lib/sega_scl.a(scl_pri.o)
SpFbcrMode          0x2               ../sbl6/segalib/lib/sega_spr.a(spr_1c.o)
Sp2OpenFlag         0x4               ../sbl6/segalib/lib/sega_spr.a(spr_2c.o)
scfg3               0x8c              scroll.o
SclColOffset        0x10              ../sbl6/segalib/lib/sega_scl.a(scl_pri.o)
SclAddrCsTbl        0x8               ../sbl6/segalib/lib/sega_scl.a(scl_func.o)
scfg0               0x8c              scroll.o
SclPriBuffDirty     0x1               ../sbl6/segalib/lib/sega_scl.a(scl_pri.o)
SclAutoEndRed       0x2               ../sbl6/segalib/lib/sega_scl.a(scl_pri.o)
player              0x2c              player.o
SclAutoSurface      0x4               ../sbl6/segalib/lib/sega_scl.a(scl_pri.o)
__interrupt_vector  0x400             ../sbl6/segalib/lib/sega_int.a(int.o)
per_hot_res         0x1               ../sbl6/segalib/lib/sega_per.a(per_prt.o)
SclCsx              0x8               ../sbl6/segalib/lib/sega_scl.a(scl_ro00.o)
Scl_s_reg           0x28              ../sbl6/segalib/lib/sega_scl.a(scl_func.o)
SclAutoGreen        0x2               ../sbl6/segalib/lib/sega_scl.a(scl_pri.o)
SclAutoEndGreen     0x2               ../sbl6/segalib/lib/sega_scl.a(scl_pri.o)
SclAutoCount        0x4               ../sbl6/segalib/lib/sega_scl.a(scl_pri.o)
SpGourTblMax        0x4               ../sbl6/segalib/lib/sega_spr.a(spr_2c.o)
SclColRamAlloc256   0x20              ../sbl6/segalib/lib/sega_scl.a(scl_pri.o)
SclRotateXy         0x8               ../sbl6/segalib/lib/sega_scl.a(scl_func.o)
SpDrawPrtyBlk       0x4               ../sbl6/segalib/lib/sega_spr.a(spr_2c.o)
SclAutoCurRate      0x1               ../sbl6/segalib/lib/sega_scl.a(scl_pri.o)
SpLCoordX           0x4               ../sbl6/segalib/lib/sega_spr.a(spr_2c.o)
maps                0x8               scroll.o
SpMstDrawPrtyBlk    0x4               ../sbl6/segalib/lib/sega_spr.a(spr_2c.o)
SclAutoPlusFlag     0x1               ../sbl6/segalib/lib/sega_scl.a(scl_pri.o)
per_set_sys_flg     0x1               ../sbl6/segalib/lib/sega_per.a(per_prt.o)
Scl_d_reg           0x48              ../sbl6/segalib/lib/sega_scl.a(scl_func.o)
SclRotateDisp       0x8               ../sbl6/segalib/lib/sega_scl.a(scl_func.o)
SpGourTbl           0x4               ../sbl6/segalib/lib/sega_spr.a(spr_2c.o)
SclSpColMix         0x8               ../sbl6/segalib/lib/sega_scl.a(scl_pri.o)
SpDil               0x2               ../sbl6/segalib/lib/sega_spr.a(spr_1c.o)
SpLookupTblR        0x2               ../sbl6/segalib/lib/sega_spr.a(spr_2c.o)
SclAutoMax          0x4               ../sbl6/segalib/lib/sega_scl.a(scl_pri.o)
SpCmdTbl            0x4               ../sbl6/segalib/lib/sega_spr.a(spr_2c.o)
SclRotateMoveZ      0x8               ../sbl6/segalib/lib/sega_scl.a(scl_func.o)
scfg2               0x8c              scroll.o
SclLineColRamOffset
                    0x4               ../sbl6/segalib/lib/sega_scl.a(scl_pri.o)
SclRotXySw          0x4               ../sbl6/segalib/lib/sega_scl.a(scl_func.o)
per_get_time_adr    0x4               ../sbl6/segalib/lib/sega_per.a(per_prt.o)
SclColRamAlloc2048  0x4               ../sbl6/segalib/lib/sega_scl.a(scl_pri.o)
SclBgPriNum         0x6               ../sbl6/segalib/lib/sega_scl.a(scl_pri.o)
SpCharMax           0x4               ../sbl6/segalib/lib/sega_spr.a(spr_2c.o)
SpDrawPrtyProcFlag  0x4               ../sbl6/segalib/lib/sega_spr.a(spr_2c.o)
SclAutoEndBlue      0x2               ../sbl6/segalib/lib/sega_scl.a(scl_pri.o)
SpCmdNo             0x4               ../sbl6/segalib/lib/sega_spr.a(spr_2c.o)
SclAutoEndGreen2    0x2               ../sbl6/segalib/lib/sega_scl.a(scl_pri.o)
Scl_r_reg           0x10              ../sbl6/segalib/lib/sega_scl.a(scl_func.o)
SclRPMD             0x2               ../sbl6/segalib/lib/sega_scl.a(scl_func.o)
SpDrawPrtyBlkMax    0x4               ../sbl6/segalib/lib/sega_spr.a(spr_2c.o)
SpDie               0x2               ../sbl6/segalib/lib/sega_spr.a(spr_1c.o)
SclAutoVeFlag       0x1               ../sbl6/segalib/lib/sega_scl.a(scl_pri.o)
SclBgColMix         0x8               ../sbl6/segalib/lib/sega_scl.a(scl_pri.o)
text                0x460             print.o
SpSlvCmdPos         0x4               ../sbl6/segalib/lib/sega_spr.a(spr_2c.o)
per_get_sys_data    0xc               ../sbl6/segalib/lib/sega_per.a(per_prt.o)
SclRbgKtbOffset     0x8               ../sbl6/segalib/lib/sega_scl.a(scl_func.o)
SclAutoIndex        0x4               ../sbl6/segalib/lib/sega_scl.a(scl_pri.o)
SclAutoEndRate      0x1               ../sbl6/segalib/lib/sega_scl.a(scl_pri.o)
SpSlvDrawPrtyBlk    0x4               ../sbl6/segalib/lib/sega_spr.a(spr_2c.o)
_SclRotregBuff      0xd0              ../sbl6/segalib/lib/sega_scl.a(scl_func.o)
SclAutoBlue         0x2               ../sbl6/segalib/lib/sega_scl.a(scl_pri.o)
SpTvMode            0x2               ../sbl6/segalib/lib/sega_spr.a(spr_1c.o)
SpScreenX           0x4               ../sbl6/segalib/lib/sega_spr.a(spr_1c.o)
SclRa               0x1               ../sbl6/segalib/lib/sega_scl.a(scl_func.o)
SclRotateZ          0x8               ../sbl6/segalib/lib/sega_scl.a(scl_func.o)
SpCharTbl           0x4               ../sbl6/segalib/lib/sega_spr.a(spr_2c.o)
SclAddrLsTbl        0x8               ../sbl6/segalib/lib/sega_scl.a(scl_func.o)
SclK_TableNum       0x8               ../sbl6/segalib/lib/sega_scl.a(scl_func.o)
SclAutoRed          0x2               ../sbl6/segalib/lib/sega_scl.a(scl_pri.o)
SpCmdTblR           0x2               ../sbl6/segalib/lib/sega_spr.a(spr_2c.o)
SclAutoInterval     0x4               ../sbl6/segalib/lib/sega_scl.a(scl_pri.o)
SclOtherPri         0x10              ../sbl6/segalib/lib/sega_scl.a(scl_pri.o)
per_time_out_flg    0x1               ../sbl6/segalib/lib/sega_per.a(per_prt.o)
SclRotateTableAddress
                    0x4               ../sbl6/segalib/lib/sega_scl.a(scl_func.o)
SpMstCmdPos         0x4               ../sbl6/segalib/lib/sega_spr.a(spr_2c.o)
SpSlvCmd            0x4               ../sbl6/segalib/lib/sega_spr.a(spr_2c.o)
scfg1               0x8c              scroll.o
SclAutoRGB          0x600             ../sbl6/segalib/lib/sega_scl.a(scl_pri.o)
bullet_direction    0x2               player.o
errno               0x4               C:/saturn/SH_COFF/sh-coff/bin/../lib/gcc/sh-coff/3.4-GNUSH_v0501/../../../../sh-coff/lib\libc.a(syscalls.o)
SclK_TableFlag      0x4               ../sbl6/segalib/lib/sega_scl.a(scl_func.o)
tilemaps            0x4               scroll.o
SclAutoEndRed2      0x2               ../sbl6/segalib/lib/sega_scl.a(scl_pri.o)
SclCsy              0x8               ../sbl6/segalib/lib/sega_scl.a(scl_ro00.o)
SclSpPriNum         0x8               ../sbl6/segalib/lib/sega_scl.a(scl_pri.o)
Scl_w_reg           0x20              ../sbl6/segalib/lib/sega_scl.a(scl_func.o)
SpLCoordY           0x4               ../sbl6/segalib/lib/sega_spr.a(spr_2c.o)
Scl_n_reg           0x40              ../sbl6/segalib/lib/sega_scl.a(scl_func.o)

Memory Configuration

Name             Origin             Length             Attributes
*default*        0x00000000         0xffffffff

Linker script and memory map

LOAD ../sbl6/segasmp/lib/strt1_g.o
LOAD ../sbl6/segasmp/lib/strt2_g.o
LOAD vblank.o
LOAD ../sbl6/segasmp/per/smpclib/per_x1.o
LOAD ../sbl6/segasmp/per/smpclib/per_x2.o
LOAD ../sbl6/segasmp/per/smpclib/per_x3.o
LOAD bullet.o
LOAD circle.o
LOAD collision.o
LOAD graphics.o
LOAD player.o
LOAD print.o
LOAD sprite.o
LOAD scroll.o
LOAD main.o
LOAD ../sbl6/segalib/lib/sega_int.a
LOAD ../sbl6/segalib/lib/sega_spr.a
LOAD ../sbl6/segalib/lib/sega_scl.a
LOAD ../sbl6/segalib/lib/sega_mth.a
LOAD ../sbl6/segalib/lib/sega_cdc.a
LOAD ../sbl6/segalib/lib/sega_adp.a
LOAD ../sbl6/segalib/lib/sega_per.a
LOAD ../sbl6/segalib/lib/sega_sat.a
LOAD C:/saturn/SH_COFF/sh-coff/bin/../lib/gcc/sh-coff/3.4-GNUSH_v0501\libgcc.a
LOAD C:/saturn/SH_COFF/sh-coff/bin/../lib/gcc/sh-coff/3.4-GNUSH_v0501/../../../../sh-coff/lib\libc.a
LOAD C:/saturn/SH_COFF/sh-coff/bin/../lib/gcc/sh-coff/3.4-GNUSH_v0501\libgcc.a

.text           0x06010000    0x1e460
 *(.text)
 .text          0x06010000       0x30 ../sbl6/segasmp/lib/strt1_g.o
                0x06010024                _D_END
                0x06010020                _D_BGN
                0x0601002c                _B_END
                0x06010028                _B_BGN
                0x06010000                START
 .text          0x06010030       0x60 ../sbl6/segasmp/lib/strt2_g.o
                0x06010050                _INITSCT
                0x06010030                _INIT
 .text          0x06010090      0x1b0 vblank.o
                0x06010090                SetVblank
                0x06010140                UsrVblankOut
                0x060100f0                UsrVblankIn
 .text          0x06010240      0x430 ../sbl6/segasmp/per/smpclib/per_x1.o
                0x060105d4                PER_GetAnalogXYZ
                0x06010264                PER_GetTriggerHandler
                0x060104fe                PER_GetEdge
                0x0601047c                PER_GetTrigger
                0x06010528                PER_GetPressEdge
                0x0601057c                PER_GetReleaseEdge
                0x06010240                PER_SetTriggerHandler
 .text          0x06010670      0x200 ../sbl6/segasmp/per/smpclib/per_x2.o
                0x06010774                PER_GetDeviceA
                0x06010670                PER_OpenPort
                0x060106a8                PER_GetPort
                0x060107ee                PER_GetDeviceR
 .text          0x06010870       0x20 ../sbl6/segasmp/per/smpclib/per_x3.o
                0x06010870                PER_DisguiseTrigger
 .text          0x06010890      0x100 bullet.o
                0x06010890                bullet_make
                0x060108f0                bullet_move
 .text          0x06010990       0xb0 circle.o
                0x06010990                circle_make
                0x060109e0                circle_move
 .text          0x06010a40      0xe10 collision.o
                0x060117c0                collision_detect_up_right
                0x06010a90                over_air
                0x06010bb0                collision_detect_down
                0x06010a40                collision_get_tile
                0x060117f0                collision_detect_down_left
                0x06010ec0                collision_detect_left
                0x06011820                collision_detect_down_right
                0x060111a0                collision_detect_up
                0x06011790                collision_detect_up_left
                0x06011480                collision_detect_right
 .text          0x06011850    0x10f20 graphics.o
                0x06022364                font3
                0x06022664                font0
                0x0601d4e4                bullet
                0x06017850                map2
                0x06021564                guy0
                0x06015850                map3
                0x06021d64                font9
                0x06012850                bg0_chr
                0x06011850                bg0_3map
                0x0601f564                guyback1
                0x06019850                map1
                0x0601fd64                guyback0
                0x06022264                font4
                0x06022064                font6
                0x06022564                font1
                0x06020d64                guy1
                0x0601b850                wood_chr
                0x06012050                bg0_2map
                0x0601e564                guyside0
                0x0601cc50                wood_pal
                0x06021f64                font7
                0x0601ed64                guyback2
                0x0601cce4                circle
                0x0601dd64                guyside1
                0x0601d564                guyside2
                0x06022464                font2
                0x06022164                font5
                0x06020564                guy2
                0x0601cc90                dimensions
                0x06015450                bg0_pal
                0x06021e64                font8
 .text          0x06022770      0x450 player.o
                0x06022770                player_side
                0x06022780                player_down
                0x06022778                player_up
                0x06022788                states
                0x06022920                player_input
                0x060227b0                player_init
                0x06022b00                player_draw
                0x06022810                player_animate
 .text          0x06022bc0      0x130 print.o
                0x06022c50                print_display
                0x06022c00                print_num
                0x06022bc0                print_init
 .text          0x06022cf0      0x720 sprite.o
                0x06022cf0                sprite_init
                0x06023020                sprite_make
                0x06023190                sprite_next
                0x060231f0                sprite_delete
                0x06023220                sprite_move
                0x060230a0                sprite_draw_all
                0x06022dc0                sprite_draw
 .text          0x06023410      0xb30 scroll.o
                0x06023ce0                scroll_transition
                0x06023410                scroll_move
                0x06023980                scroll_get
                0x060239d0                scroll_copy
                0x06023560                scroll_set
                0x06023670                scroll_init
                0x06023590                scroll_scale
 .text          0x06023f40      0x130 main.o
                0x06023f40                main
 .text          0x06024070       0x40 ../sbl6/segalib/lib/sega_int.a(int.o)
                0x0602409c                INT_GetScuFunc
                0x06024070                INT_SetScuFunc
 .text          0x060240b0      0x624 ../sbl6/segalib/lib/sega_int.a(int_trmp.o)
                0x06024218                __interrupt_handler60
                0x060243c8                __interrupt_handler132
                0x0602457e                __interrupt_handler205
                0x060243e6                __interrupt_handler137
                0x06024314                __interrupt_handler102
                0x06024152                __interrupt_handler27
                0x06024554                __interrupt_handler198
                0x06024446                __interrupt_handler153
                0x0602412e                __interrupt_handler21
                0x0602423c                __interrupt_handler66
                0x0602432c                __interrupt_handler106
                0x06024476                __interrupt_handler161
                0x060242c0                __interrupt_handler88
                0x0602448e                __interrupt_handler165
                0x0602439e                __interrupt_handler125
                0x060240d4                __interrupt_handler6
                0x06024170                __interrupt_handler32
                0x0602452a                __interrupt_handler191
                0x06024644                __interrupt_handler238
                0x0602465c                __interrupt_handler242
                0x06024464                __interrupt_handler158
                0x060242cc                __interrupt_handler90
                0x06024488                __interrupt_handler164
                0x060241ac                __interrupt_handler42
                0x060244ee                __interrupt_handler181
                0x060245f6                __interrupt_handler225
                0x0602469e                __interrupt_handler253
                0x060244b2                __interrupt_handler171
                0x0602426c                __interrupt_handler74
                0x060240c2                __interrupt_handler3
                0x06024206                __interrupt_handler57
                0x06024104                __interrupt_handler14
                0x0602459c                __interrupt_handler210
                0x060245cc                __interrupt_handler218
                0x06024590                __interrupt_handler208
                0x06024194                __interrupt_handler38
                0x060240b0                __interrupt_handler0
                0x06024320                __interrupt_handler104
                0x0602445e                __interrupt_handler157
                0x060245ae                __interrupt_handler213
                0x060244a0                __interrupt_handler168
                0x060242ae                __interrupt_handler85
                0x0602434a                __interrupt_handler111
                0x0602435c                __interrupt_handler114
                0x060241ca                __interrupt_handler47
                0x06024620                __interrupt_handler232
                0x060245ea                __interrupt_handler223
                0x0602463e                __interrupt_handler237
                0x0602422a                __interrupt_handler63
                0x060241b8                __interrupt_handler44
                0x060244ca                __interrupt_handler175
                0x060244f4                __interrupt_handler182
                0x0602450c                __interrupt_handler186
                0x0602440a                __interrupt_handler143
                0x06024332                __interrupt_handler107
                0x06024398                __interrupt_handler124
                0x060244b8                __interrupt_handler172
                0x0602466e                __interrupt_handler245
                0x060242ea                __interrupt_handler95
                0x060243c2                __interrupt_handler131
                0x060243d4                __interrupt_handler134
                0x060243f2                __interrupt_handler139
                0x06024260                __interrupt_handler72
                0x0602461a                __interrupt_handler231
                0x06024470                __interrupt_handler160
                0x060243b6                __interrupt_handler129
                0x06024128                __interrupt_handler20
                0x06024236                __interrupt_handler65
                0x06024200                __interrupt_handler56
                0x060240fe                __interrupt_handler13
                0x06024596                __interrupt_handler209
                0x06024350                __interrupt_handler112
                0x06024122                __interrupt_handler19
                0x060242de                __interrupt_handler93
                0x06024548                __interrupt_handler196
                0x0602443a                __interrupt_handler151
                0x0602449a                __interrupt_handler167
                0x060246b0                __trampoline
                0x06024116                __interrupt_handler17
                0x06024608                __interrupt_handler228
                0x060246aa                __interrupt_handler255
                0x06024668                __interrupt_handler244
                0x06024302                __interrupt_handler99
                0x060244fa                __interrupt_handler183
                0x060243f8                __interrupt_handler140
                0x0602451e                __interrupt_handler189
                0x0602441c                __interrupt_handler146
                0x060245e4                __interrupt_handler222
                0x06024458                __interrupt_handler156
                0x0602438c                __interrupt_handler122
                0x06024680                __interrupt_handler248
                0x060241d0                __interrupt_handler48
                0x0602424e                __interrupt_handler69
                0x06024140                __interrupt_handler24
                0x060242c6                __interrupt_handler89
                0x060245ba                __interrupt_handler215
                0x060246a4                __interrupt_handler254
                0x060242ba                __interrupt_handler87
                0x0602421e                __interrupt_handler61
                0x06024542                __interrupt_handler195
                0x06024434                __interrupt_handler150
                0x060241a6                __interrupt_handler41
                0x06024344                __interrupt_handler110
                0x060243aa                __interrupt_handler127
                0x06024338                __interrupt_handler108
                0x06024356                __interrupt_handler113
                0x06024368                __interrupt_handler116
                0x06024386                __interrupt_handler121
                0x0602427e                __interrupt_handler77
                0x0602419a                __interrupt_handler39
                0x060241b2                __interrupt_handler43
                0x06024686                __interrupt_handler249
                0x060244c4                __interrupt_handler174
                0x060243e0                __interrupt_handler136
                0x06024518                __interrupt_handler188
                0x06024416                __interrupt_handler145
                0x060240e6                __interrupt_handler9
                0x0602428a                __interrupt_handler79
                0x06024602                __interrupt_handler227
                0x0602417c                __interrupt_handler34
                0x060243bc                __interrupt_handler130
                0x0602467a                __interrupt_handler247
                0x06024272                __interrupt_handler75
                0x060244be                __interrupt_handler173
                0x060241ee                __interrupt_handler53
                0x0602442e                __interrupt_handler149
                0x06024692                __interrupt_handler251
                0x06024626                __interrupt_handler233
                0x060240ec                __interrupt_handler10
                0x06024578                __interrupt_handler204
                0x0602429c                __interrupt_handler82
                0x060242a2                __interrupt_handler83
                0x06024146                __interrupt_handler25
                0x06024662                __interrupt_handler243
                0x0602447c                __interrupt_handler162
                0x060241c4                __interrupt_handler46
                0x060244dc                __interrupt_handler178
                0x06024290                __interrupt_handler80
                0x06024224                __interrupt_handler62
                0x060240bc                __interrupt_handler2
                0x0602415e                __interrupt_handler29
                0x06024254                __interrupt_handler70
                0x0602433e                __interrupt_handler109
                0x06024428                __interrupt_handler148
                0x060242e4                __interrupt_handler94
                0x060245f0                __interrupt_handler224
                0x0602431a                __interrupt_handler103
                0x06024188                __interrupt_handler36
                0x060243a4                __interrupt_handler126
                0x06024674                __interrupt_handler246
                0x060241fa                __interrupt_handler55
                0x060240f8                __interrupt_handler12
                0x060241e8                __interrupt_handler52
                0x06024512                __interrupt_handler187
                0x06024410                __interrupt_handler144
                0x0602436e                __interrupt_handler117
                0x0602411c                __interrupt_handler18
                0x0602454e                __interrupt_handler197
                0x06024440                __interrupt_handler152
                0x06024374                __interrupt_handler118
                0x060244ac                __interrupt_handler170
                0x06024566                __interrupt_handler201
                0x060242f6                __interrupt_handler97
                0x06024482                __interrupt_handler163
                0x060244e8                __interrupt_handler180
                0x06024530                __interrupt_handler192
                0x06024650                __interrupt_handler240
                0x06024392                __interrupt_handler123
                0x060245b4                __interrupt_handler214
                0x0602416a                __interrupt_handler31
                0x06024158                __interrupt_handler28
                0x06024242                __interrupt_handler67
                0x06024248                __interrupt_handler68
                0x06024134                __interrupt_handler22
                0x0602413a                __interrupt_handler23
                0x060244d0                __interrupt_handler176
                0x060240da                __interrupt_handler7
                0x060245de                __interrupt_handler221
                0x060245c6                __interrupt_handler217
                0x0602460e                __interrupt_handler229
                0x060241d6                __interrupt_handler49
                0x060240c8                __interrupt_handler4
                0x060241a0                __interrupt_handler40
                0x06024362                __interrupt_handler115
                0x06024632                __interrupt_handler235
                0x060242d2                __interrupt_handler91
                0x06024584                __interrupt_handler206
                0x060244d6                __interrupt_handler177
                0x06024422                __interrupt_handler147
                0x0602418e                __interrupt_handler37
                0x0602468c                __interrupt_handler250
                0x060240b6                __interrupt_handler1
                0x060245d2                __interrupt_handler219
                0x06024278                __interrupt_handler76
                0x06024308                __interrupt_handler100
                0x0602420c                __interrupt_handler58
                0x0602410a                __interrupt_handler15
                0x060245a8                __interrupt_handler212
                0x06024656                __interrupt_handler241
                0x0602456c                __interrupt_handler202
                0x06024536                __interrupt_handler193
                0x06024284                __interrupt_handler78
                0x060241dc                __interrupt_handler50
                0x06024176                __interrupt_handler33
                0x06024494                __interrupt_handler166
                0x060243ec                __interrupt_handler138
                0x060243da                __interrupt_handler135
                0x06024164                __interrupt_handler30
                0x06024500                __interrupt_handler184
                0x060243fe                __interrupt_handler141
                0x06024614                __interrupt_handler230
                0x06024638                __interrupt_handler236
                0x0602437a                __interrupt_handler119
                0x060242b4                __interrupt_handler86
                0x06024326                __interrupt_handler105
                0x06024296                __interrupt_handler81
                0x06024380                __interrupt_handler120
                0x060243b0                __interrupt_handler128
                0x060241f4                __interrupt_handler54
                0x060240f2                __interrupt_handler11
                0x0602455a                __interrupt_handler199
                0x0602444c                __interrupt_handler154
                0x060241be                __interrupt_handler45
                0x060245c0                __interrupt_handler216
                0x06024572                __interrupt_handler203
                0x0602430e                __interrupt_handler101
                0x060242a8                __interrupt_handler84
                0x06024506                __interrupt_handler185
                0x06024404                __interrupt_handler142
                0x0602414c                __interrupt_handler26
                0x06024230                __interrupt_handler64
                0x06024560                __interrupt_handler200
                0x0602458a                __interrupt_handler207
                0x0602453c                __interrupt_handler194
                0x060242d8                __interrupt_handler92
                0x06024452                __interrupt_handler155
                0x060245a2                __interrupt_handler211
                0x060243ce                __interrupt_handler133
                0x060240ce                __interrupt_handler5
                0x06024266                __interrupt_handler73
                0x06024110                __interrupt_handler16
                0x0602464a                __interrupt_handler239
                0x0602462c                __interrupt_handler234
                0x06024182                __interrupt_handler35
                0x06024212                __interrupt_handler59
                0x060244a6                __interrupt_handler169
                0x060242fc                __interrupt_handler98
                0x0602425a                __interrupt_handler71
                0x060241e2                __interrupt_handler51
                0x0602446a                __interrupt_handler159
                0x060245fc                __interrupt_handler226
                0x060242f0                __interrupt_handler96
                0x06024524                __interrupt_handler190
                0x060245d8                __interrupt_handler220
                0x060240e0                __interrupt_handler8
                0x060244e2                __interrupt_handler179
                0x06024698                __interrupt_handler252
 *fill*         0x060246d4        0xc 00
 .text          0x060246e0     0x12a0 ../sbl6/segalib/lib/sega_spr.a(spr_2c.o)
                0x06025940                SlaveFlushDrawPrtyBlock
                0x060246e0                SPR_2Initial
                0x06024f24                SPR_2SysClip
                0x06024ec4                SPR_2LocalCoord
                0x060257bc                SPR_2FlushDrawPrtyBlock
                0x060254a8                SPR_2DistSpr
                0x06024eac                SPR_2FlushDrawPrty
                0x060255cc                SPR_2Cmd
                0x06024ba8                SPR_2GourTblNoToVram
                0x06024c08                SPR_2GetAreaSizeInfo
                0x06024970                SPR_2SetGourTbl
                0x0602515c                SPR_2Polygon
                0x06024be4                SPR_2CharNoToVram
                0x060248f0                SPR_2SetTvMode
                0x06024d4c                SPR_2CloseCommand
                0x0602492c                SPR_2FrameEraseData
                0x06024708                SPR_2Initial2
                0x0602533c                SPR_2ScaleSpr
                0x06024fcc                SPR_2Line
                0x06024c98                SPR_2OpenCommand
                0x0602490c                SPR_2FrameChgIntr
                0x06025218                SPR_2NormSpr
                0x060249a0                SPR_2SetLookupTbl
                0x060249d4                SPR_2SetChar
                0x06024bcc                SPR_2LookupTblNoToVram
                0x060250a0                SPR_2PolyLine
                0x06024b40                SPR_2ClrAllChar
                0x06024af4                SPR_2ClrChar
                0x06024f70                SPR_2UserClip
 .text          0x06025980      0x1e6 ../sbl6/segalib/lib/sega_spr.a(spr_slv.o)
                0x06025ae4                SPR_WaitEndSlaveSH
                0x06025980                SPR_SMPC_SSHON
                0x06025ac0                SPR_RunSlaveSH
                0x06025984                SPR_InitSlaveSH
                0x06025a4c                SPR_SlaveSHmain
                0x06025981                SPR_SMPC_SSHOFF
 *fill*         0x06025b66        0xa 00
 .text          0x06025b70      0x36a ../sbl6/segalib/lib/sega_spr.a(spr_1c.o)
                0x06025e24                SPR_WaitDrawEnd
                0x06025e3c                SPR_SetEosMode
                0x06025d54                SPR_SetEraseData
                0x06025b70                SPR_Initial
                0x06025c48                SPR_SetTvMode
                0x06025ce0                SPR_GetStatus
 *fill*         0x06025eda        0x6 00
 .text          0x06025ee0      0x244 ../sbl6/segalib/lib/sega_spr.a(spr_2a.o)
                0x06025ef2                sprMemCpyW
                0x06025f50                flushDrawPrtyBlock
                0x06025ee0                sprMemCpyL
                0x06025f04                SPR_2SetDrawPrty
 *fill*         0x06026124        0xc 00
 .text          0x06026130      0x2fc ../sbl6/segalib/lib/sega_scl.a(scl_vblv.o)
                0x060261ec                SCL_DisplayFrame
                0x06026130                SCL_SetFrameInterval
                0x06026220                SCL_VblInit
                0x06026270                SCL_VblankStart
                0x060262b4                SCL_VblankEnd
 *fill*         0x0602642c        0x4 00
 .text          0x06026430      0xb9c ../sbl6/segalib/lib/sega_scl.a(scl_func.o)
                0x06026e0c                SCL_Vdp2_SGLInit
                0x06026d1c                SCL_PriIntProc
                0x06026c94                SCL_Memcpyw
                0x06026fac                SCL_SglOff
                0x06026f8c                SCL_SglOn
                0x06026c00                SCL_ScrollShow
                0x060266a8                SCL_Close
                0x060269a0                SCL_Scale
                0x06026430                SCL_Vdp2Init
                0x06026814                SCL_Move
                0x06026adc                SCL_CopyReg
                0x06026684                SCL_Open
                0x060264b4                SCL_ParametersInit
                0x060266c4                SCL_MoveTo
                0x06026cbc                SCL_SetColRamMode
 *fill*         0x06026fcc        0x4 00
 .text          0x06026fd0      0x138 ../sbl6/segalib/lib/sega_scl.a(scl_pr03.o)
                0x06026fd0                SCL_FreeColRam
                0x06027008                SCL_AllocColRam
 *fill*         0x06027108        0x8 00
 .text          0x06027110       0x9c ../sbl6/segalib/lib/sega_scl.a(scl_pr02.o)
                0x06027110                SCL_SetColRam
 *fill*         0x060271ac        0x4 00
 .text          0x060271b0       0x84 ../sbl6/segalib/lib/sega_scl.a(scl_back.o)
                0x060271b0                SCL_SetBack
 *fill*         0x06027234        0xc 00
 .text          0x06027240      0x94c ../sbl6/segalib/lib/sega_scl.a(scl_fu03.o)
                0x0602729c                SCL_SetConfig
                0x06027240                SCL_InitConfigTb
 *fill*         0x06027b8c        0x4 00
 .text          0x06027b90      0x4f4 ../sbl6/segalib/lib/sega_scl.a(scl_fu02.o)
                0x06027bc8                SCL_SetVramConfig
                0x06027b90                SCL_InitVramConfigTb
 *fill*         0x06028084        0xc 00
 .text          0x06028090       0x28 ../sbl6/segalib/lib/sega_scl.a(scl_fu04.o)
                0x06028090                SCL_SetCycleTable
 *fill*         0x060280b8        0x8 00
 .text          0x060280c0      0x214 ../sbl6/segalib/lib/sega_scl.a(scl_pr07.o)
                0x060280c0                SCL_SetPriority
 *fill*         0x060282d4        0xc 00
 .text          0x060282e0     0x10a4 ../sbl6/segalib/lib/sega_scl.a(scl_pri.o)
                0x06028374                SCL_AbortAutoVe
                0x06029224                SCL_SetShadowBit
                0x060287ec                SCL_AutoExec
                0x060282e0                SCL_PriorityInit
                0x06028d00                SCL_IncColOffset
                0x06028388                SCL_SetColMixRate
                0x06028358                SCL_GetColRamMode
 *fill*         0x06029384        0xc 00
 .text          0x06029390       0x58 ../sbl6/segalib/lib/sega_scl.a(scl_pr01.o)
                0x06029390                SCL_SetSpriteMode
 *fill*         0x060293e8        0x8 00
 .text          0x060293f0     0x1394 ../sbl6/segalib/lib/sega_scl.a(scl_ro00.o)
                0x0602a5dc                SCL_RotateZD
                0x060298a4                SCL_Rotate
                0x06029578                SCL_InitRotateTable
 *fill*         0x0602a784        0xc 00
 .text          0x0602a790      0x1b4 ../sbl6/segalib/lib/sega_scl.a(scl_pr06.o)
                0x0602a790                SCL_SetColRamOffset
 *fill*         0x0602a944        0xc 00
 .text          0x0602a950       0xac ../sbl6/segalib/lib/sega_scl.a(scl_pr05.o)
                0x0602a950                SCL_GetColRamOffset
 *fill*         0x0602a9fc        0x4 00
 .text          0x0602aa00       0xa4 ../sbl6/segalib/lib/sega_mth.a(mth_fixd.o)
                0x0602aa50                MTH_FixedToInt
                0x0602aa40                MTH_IntToFixed
                0x0602aa00                MTH_Mul
                0x0602aa60                MTH_Product
                0x0602aa20                MTH_Div
 *fill*         0x0602aaa4        0xc 00
 .text          0x0602aab0      0x600 ../sbl6/segalib/lib/sega_mth.a(mth_tri.o)
                0x0602ab4c                fcos
                0x0602ab52                fsin
                0x0602aafc                MTH_Cos
                0x0602aab0                MTH_Sin
                0x0602acf0                MTH_Atan
 .text          0x0602b0b0      0xf50 ../sbl6/segalib/lib/sega_per.a(per_prt.o)
                0x0602b4d0                PER_IntFunc
                0x0602b2c8                PER_LGetPer
                0x0602b0b0                PER_LInit
 .text          0x0602c000      0x1f4 ../sbl6/segalib/lib/sega_sat.a(DMA_SCU1.o)
                0x0602c15c                DMA_ScuResult
                0x0602c000                DMA_ScuInit
                0x0602c050                DMA_ScuMemCopy
 *fill*         0x0602c1f4        0xc 00
 .text          0x0602c200      0x308 ../sbl6/segalib/lib/sega_sat.a(DMA_SCU0.o)
                0x0602c284                DMA_ScuStart
                0x0602c3b8                DMA_ScuIntFunc0
                0x0602c428                DMA_ScuIntFunc1
                0x0602c498                DMA_ScuIntFunc2
                0x0602c378                DMA_ScuGetStatus
                0x0602c200                DMA_ScuSetPrm
 *fill*         0x0602c508        0x8 00
 .text          0x0602c510       0xe8 ../sbl6/segalib/lib/sega_sat.a(csh_main.o)
                0x0602c510                CSH_Init
                0x0602c578                CSH_AllClr
                0x0602c5c4                CSH_Purge
 *fill*         0x0602c5f8        0x8 00
 .text          0x0602c600       0x90 C:/saturn/SH_COFF/sh-coff/bin/../lib/gcc/sh-coff/3.4-GNUSH_v0501\libgcc.a(_ashiftlt.o)
                0x0602c600                __ashlsi3
 .text          0x0602c690       0xb0 C:/saturn/SH_COFF/sh-coff/bin/../lib/gcc/sh-coff/3.4-GNUSH_v0501\libgcc.a(_movstr.o)
                0x0602c6d0                __movstrSI16
                0x0602c6a4                __movstrSI60
                0x0602c6b0                __movstrSI48
                0x0602c6ac                __movstrSI52
                0x0602c6a0                __movstrSI64
                0x0602c6b4                __movstrSI44
                0x0602c6b8                __movstrSI40
                0x0602c6bc                __movstrSI36
                0x0602c6f0                __movstr
                0x0602c6a8                __movstrSI56
                0x0602c6c4                __movstrSI28
                0x0602c6c0                __movstrSI32
                0x0602c6d4                __movstrSI12
                0x0602c6d8                __movstrSI8
                0x0602c6e0                __movstrSI0
                0x0602c6c8                __movstrSI24
                0x0602c6cc                __movstrSI20
                0x0602c6dc                __movstrSI4
 .text          0x0602c740       0xa0 C:/saturn/SH_COFF/sh-coff/bin/../lib/gcc/sh-coff/3.4-GNUSH_v0501\libgcc.a(__main.o)
                0x0602c7b4                __main
                0x0602c740                __do_global_dtors
                0x0602c774                __do_global_ctors
 .text          0x0602c7e0       0x70 C:/saturn/SH_COFF/sh-coff/bin/../lib/gcc/sh-coff/3.4-GNUSH_v0501\libgcc.a(_udivsi3.o)
                0x0602c802                __udivsi3
 .text          0x0602c850       0x60 C:/saturn/SH_COFF/sh-coff/bin/../lib/gcc/sh-coff/3.4-GNUSH_v0501\libgcc.a(_ashiftrt.o)
                0x0602c85c                __ashiftrt_r4_27
                0x0602c890                __ashiftrt_r4_6
                0x0602c880                __ashiftrt_r4_14
                0x0602c872                __ashiftrt_r4_19
                0x0602c88a                __ashiftrt_r4_9
                0x0602c89e                __ashiftrt_r4_0
                0x0602c850                __ashiftrt_r4_31
                0x0602c85e                __ashiftrt_r4_26
                0x0602c86c                __ashiftrt_r4_22
                0x0602c878                __ashiftrt_r4_16
                0x0602c884                __ashiftrt_r4_12
                0x0602c858                __ashiftrt_r4_29
                0x0602c876                __ashiftrt_r4_17
                0x0602c856                __ashiftrt_r4_30
                0x0602c892                __ashiftrt_r4_5
                0x0602c88c                __ashiftrt_r4_8
                0x0602c850                __ashiftrt_r4_32
                0x0602c860                __ashiftrt_r4_25
                0x0602c898                __ashiftrt_r4_2
                0x0602c862                __ashiftrt_r4_24
                0x0602c87e                __ashiftrt_r4_15
                0x0602c888                __ashiftrt_r4_10
                0x0602c89a                __ashiftrt_r4_1
                0x0602c85a                __ashiftrt_r4_28
                0x0602c870                __ashiftrt_r4_20
                0x0602c88e                __ashiftrt_r4_7
                0x0602c882                __ashiftrt_r4_13
                0x0602c886                __ashiftrt_r4_11
                0x0602c894                __ashiftrt_r4_4
                0x0602c86a                __ashiftrt_r4_23
                0x0602c874                __ashiftrt_r4_18
                0x0602c86e                __ashiftrt_r4_21
                0x0602c896                __ashiftrt_r4_3
 .text          0x0602c8b0       0xb0 C:/saturn/SH_COFF/sh-coff/bin/../lib/gcc/sh-coff/3.4-GNUSH_v0501\libgcc.a(_si_to_df.o)
                0x0602c8b0                __floatsidf
 .text          0x0602c960      0x2e0 C:/saturn/SH_COFF/sh-coff/bin/../lib/gcc/sh-coff/3.4-GNUSH_v0501\libgcc.a(_mul_df.o)
                0x0602c970                __muldf3
 .text          0x0602cc40       0x80 C:/saturn/SH_COFF/sh-coff/bin/../lib/gcc/sh-coff/3.4-GNUSH_v0501\libgcc.a(_df_to_si.o)
                0x0602cc40                __fixdfsi
 .text          0x0602ccc0      0x220 C:/saturn/SH_COFF/sh-coff/bin/../lib/gcc/sh-coff/3.4-GNUSH_v0501\libgcc.a(_pack_df.o)
                0x0602ccd0                __pack_d
 .text          0x0602cee0      0x120 C:/saturn/SH_COFF/sh-coff/bin/../lib/gcc/sh-coff/3.4-GNUSH_v0501\libgcc.a(_unpack_df.o)
                0x0602cef0                __unpack_d
 .text          0x0602d000       0x20 C:/saturn/SH_COFF/sh-coff/bin/../lib/gcc/sh-coff/3.4-GNUSH_v0501\libgcc.a(_thenan_df.o)
                0x0602d000                __thenan_df
 .text          0x0602d020       0xd0 C:/saturn/SH_COFF/sh-coff/bin/../lib/gcc/sh-coff/3.4-GNUSH_v0501\libgcc.a(_muldi3.o)
                0x0602d020                __muldi3
 .text          0x0602d0f0       0x80 C:/saturn/SH_COFF/sh-coff/bin/../lib/gcc/sh-coff/3.4-GNUSH_v0501\libgcc.a(_lshrdi3.o)
                0x0602d0f0                __lshrdi3
 .text          0x0602d170       0x80 C:/saturn/SH_COFF/sh-coff/bin/../lib/gcc/sh-coff/3.4-GNUSH_v0501\libgcc.a(_ashldi3.o)
                0x0602d170                __ashldi3
 .text          0x0602d1f0       0x30 C:/saturn/SH_COFF/sh-coff/bin/../lib/gcc/sh-coff/3.4-GNUSH_v0501\libgcc.a(_mulsi3.o)
                0x0602d1f0                __mulsi3
 .text          0x0602d220       0x90 C:/saturn/SH_COFF/sh-coff/bin/../lib/gcc/sh-coff/3.4-GNUSH_v0501\libgcc.a(_lshiftrt.o)
                0x0602d220                __lshrsi3
 .text          0x0602d2b0       0xa0 C:/saturn/SH_COFF/sh-coff/bin/../lib/gcc/sh-coff/3.4-GNUSH_v0501/../../../../sh-coff/lib\libc.a(memcpy.o)
                0x0602d2b0                memcpy
 .text          0x0602d350       0x40 C:/saturn/SH_COFF/sh-coff/bin/../lib/gcc/sh-coff/3.4-GNUSH_v0501/../../../../sh-coff/lib\libc.a(memset.o)
                0x0602d350                memset
 .text          0x0602d390       0x90 C:/saturn/SH_COFF/sh-coff/bin/../lib/gcc/sh-coff/3.4-GNUSH_v0501/../../../../sh-coff/lib\libc.a(atexit.o)
                0x0602d390                atexit
 .text          0x0602d420       0x10 C:/saturn/SH_COFF/sh-coff/bin/../lib/gcc/sh-coff/3.4-GNUSH_v0501/../../../../sh-coff/lib\libc.a(impure.o)
                0x0602d420                _global_impure_ptr
 .text          0x0602d430       0x40 C:/saturn/SH_COFF/sh-coff/bin/../lib/gcc/sh-coff/3.4-GNUSH_v0501/../../../../sh-coff/lib\libc.a(malloc.o)
                0x0602d44c                free
                0x0602d430                malloc
 .text          0x0602d470      0x5b0 C:/saturn/SH_COFF/sh-coff/bin/../lib/gcc/sh-coff/3.4-GNUSH_v0501/../../../../sh-coff/lib\libc.a(mallocr.o)
                0x0602d470                _malloc_r
 .text          0x0602da20      0x340 C:/saturn/SH_COFF/sh-coff/bin/../lib/gcc/sh-coff/3.4-GNUSH_v0501/../../../../sh-coff/lib\libc.a(freer.o)
                0x0602da20                _malloc_trim_r
                0x0602db14                _free_r
 .text          0x0602dd60       0x20 C:/saturn/SH_COFF/sh-coff/bin/../lib/gcc/sh-coff/3.4-GNUSH_v0501/../../../../sh-coff/lib\libc.a(mlock.o)
                0x0602dd60                __malloc_lock
                0x0602dd6c                __malloc_unlock
 .text          0x0602dd80       0x50 C:/saturn/SH_COFF/sh-coff/bin/../lib/gcc/sh-coff/3.4-GNUSH_v0501/../../../../sh-coff/lib\libc.a(sbrkr.o)
                0x0602dd80                _sbrk_r
 .text          0x0602ddd0      0x380 C:/saturn/SH_COFF/sh-coff/bin/../lib/gcc/sh-coff/3.4-GNUSH_v0501/../../../../sh-coff/lib\libc.a(syscalls.o)
                0x0602df3c                _exit
                0x0602df70                _getpid
                0x0602dfd8                _utime
                0x0602de08                _write
                0x0602ddd0                _read
                0x0602df24                _unlink
                0x0602deec                _open
                0x0602df88                _stat
                0x0602df30                isatty
                0x0602e008                _wait
                0x0602df54                _kill
                0x0602dfa4                _chmod
                0x0602e038                _execv
                0x0602e01c                _execve
                0x0602e114                __setup_argv_and_call_main
                0x0602e070                _gettimeofday
                0x0602de3c                _link
                0x0602df7c                _raise
                0x0602df08                _creat
                0x0602e050                _pipe
                0x0602dfbc                _chown
                0x0602ddec                _lseek
                0x0602de24                _close
                0x0602e064                _times
                0x0602ded8                _fstat
                0x0602dff4                _fork
                0x0602de64                _sbrk
 .text          0x0602e150       0x20 C:/saturn/SH_COFF/sh-coff/bin/../lib/gcc/sh-coff/3.4-GNUSH_v0501/../../../../sh-coff/lib\libc.a(trap.o)
                0x0602e150                __trap34
 .text          0x0602e170       0x20 C:/saturn/SH_COFF/sh-coff/bin/../lib/gcc/sh-coff/3.4-GNUSH_v0501/../../../../sh-coff/lib\libc.a(abort.o)
                0x0602e170                abort
 .text          0x0602e190      0x270 C:/saturn/SH_COFF/sh-coff/bin/../lib/gcc/sh-coff/3.4-GNUSH_v0501/../../../../sh-coff/lib\libc.a(signal.o)
                0x0602e250                _raise_r
                0x0602e3d8                __sigtramp
                0x0602e384                raise
                0x0602e3c0                _init_signal
                0x0602e310                __sigtramp_r
                0x0602e3a0                signal
                0x0602e1dc                _signal_r
                0x0602e190                _init_signal_r
 .text          0x0602e400       0x60 C:/saturn/SH_COFF/sh-coff/bin/../lib/gcc/sh-coff/3.4-GNUSH_v0501/../../../../sh-coff/lib\libc.a(signalr.o)
                0x0602e448                _getpid_r
                0x0602e400                _kill_r
 *(.strings)

.tors           0x0602e460        0x0
                0x0602e460                ___ctors = .
 *(.ctors)
                0x0602e460                ___ctors_end = .
                0x0602e460                ___dtors = .
 *(.dtors)
                0x0602e460                ___dtors_end = .

.data           0x0602e460     0x1170
                0x0602e460                STARTOF_R = .
 *(.data)
 .data          0x0602e460      0x400 ../sbl6/segasmp/per/smpclib/per_x1.o
 .data          0x0602e860       0x40 collision.o
                0x0602e860                floor_tiles
 .data          0x0602e8a0       0x60 graphics.o
                0x0602e8a0                tiles
 .data          0x0602e900       0x30 sprite.o
 .data          0x0602e930       0x20 scroll.o
                0x0602e930                CycleTb
                0x0602e940                vram
 .data          0x0602e950       0x10 main.o
                0x0602e950                levels
 .data          0x0602e960      0x400 ../sbl6/segalib/lib/sega_int.a(int.o)
 .data          0x0602ed60       0x1c ../sbl6/segalib/lib/sega_spr.a(spr_slv.o)
                0x0602ed68                SPR_SlaveParam
                0x0602ed78                SPR_SMPC_SF
                0x0602ed70                SPR_SMPC_COM
                0x0602ed6c                SPR_SlaveSHEntry
                0x0602ed64                SPR_SlaveState
                0x0602ed60                SPR_SlaveCommand
                0x0602ed74                SPR_SMPC_RET
 *fill*         0x0602ed7c        0x4 00
 .data          0x0602ed80       0x34 ../sbl6/segalib/lib/sega_spr.a(spr_1c.o)
                0x0602ed80                SpInitialFlag
 *fill*         0x0602edb4        0xc 00
 .data          0x0602edc0       0x1c ../sbl6/segalib/lib/sega_scl.a(scl_vblv.o)
                0x0602edc8                VBInterval
                0x0602edd0                ReqDisplayFlag
                0x0602edc0                SpFrameChgMode
                0x0602edcc                VBIntervalCounter
                0x0602edc4                SpFrameEraseMode
 *fill*         0x0602eddc        0x4 00
 .data          0x0602ede0       0x36 ../sbl6/segalib/lib/sega_scl.a(scl_func.o)
                0x0602edf0                SclRotregBuff
                0x0602edec                SclDisplayY
                0x0602edf4                SclRotateTableMode
                0x0602ede8                SclProcess
                0x0602ede4                SclCurSclNum
                0x0602ede0                SclLengthLsTbl
                0x0602edea                SclDisplayX
                0x0602ede2                SclLengthCsTbl
 *fill*         0x0602ee16        0xa 00
 .data          0x0602ee20       0x18 ../sbl6/segalib/lib/sega_scl.a(scl_pri.o)
                0x0602ee24                SclRealSpPriNum
                0x0602ee34                SclRealColOffset
                0x0602ee30                SclRealBgColMix
                0x0602ee2c                SclRealSpColMix
                0x0602ee28                SclRealBgPriNum
                0x0602ee20                SclRealOtherPri
 *fill*         0x0602ee38        0x8 00
 .data          0x0602ee40      0x380 C:/saturn/SH_COFF/sh-coff/bin/../lib/gcc/sh-coff/3.4-GNUSH_v0501/../../../../sh-coff/lib\libc.a(impure.o)
                0x0602f1bc                _impure_ptr
 .data          0x0602f1c0      0x410 C:/saturn/SH_COFF/sh-coff/bin/../lib/gcc/sh-coff/3.4-GNUSH_v0501/../../../../sh-coff/lib\libc.a(mallocr.o)
                0x0602f1c8                __malloc_av_
                0x0602f1c4                __malloc_trim_threshold
                0x0602f1c0                __malloc_sbrk_base
                0x0602f5d0                SIZEOF_R = (. - STARTOF_R)
                0x0602f5d0                ENDOF_R = .

.bss            0x0602f5d0     0x7b34
                0x0602f5d0                STARTOF_B = .
 *(.bss)
 .bss           0x0602f5d0       0x10 vblank.o
                0x0602f5d4                PadData2E
                0x0602f5da                PadData1
                0x0602f5d6                PadData2
                0x0602f5d8                PadData1E
                0x0602f5d0                __port
 .bss           0x0602f5e0       0xd0 ../sbl6/segasmp/per/smpclib/per_x2.o
 .bss           0x0602f6b0       0x10 player.o
                0x0602f6b4                anim_cursor
                0x0602f6b0                bullet_lastframe
 .bss           0x0602f6c0     0x3440 sprite.o
                0x0602f6c0                num_sprites
 .bss           0x06032b00       0x50 scroll.o
                0x06032b18                map_tiles_x
                0x06032b20                scrolls_y
                0x06032b00                scroll_transition_state
                0x06032b10                map_tiles_y
                0x06032b08                copy_modes
                0x06032b30                scrolls_x
                0x06032b04                curr_map
 .bss           0x06032b50       0x10 main.o
                0x06032b50                frame
 .bss           0x06032b60       0x6e ../sbl6/segalib/lib/sega_spr.a(spr_2c.o)
 *fill*         0x06032bce        0x2 00
 .bss           0x06032bd0        0x4 ../sbl6/segalib/lib/sega_scl.a(scl_vblv.o)
 *fill*         0x06032bd4        0xc 00
 .bss           0x06032be0        0x4 ../sbl6/segalib/lib/sega_scl.a(scl_func.o)
 *fill*         0x06032be4        0xc 00
 .bss           0x06032bf0       0x48 ../sbl6/segalib/lib/sega_scl.a(scl_ro00.o)
 *fill*         0x06032c38        0x8 00
 .bss           0x06032c40       0x9c ../sbl6/segalib/lib/sega_per.a(per_prt.o)
 *fill*         0x06032cdc        0x4 00
 .bss           0x06032ce0        0xc ../sbl6/segalib/lib/sega_sat.a(DMA_SCU1.o)
 *fill*         0x06032cec        0x4 00
 .bss           0x06032cf0       0x20 ../sbl6/segalib/lib/sega_sat.a(DMA_SCU0.o)
 .bss           0x06032d10       0x10 C:/saturn/SH_COFF/sh-coff/bin/../lib/gcc/sh-coff/3.4-GNUSH_v0501\libgcc.a(__main.o)
 .bss           0x06032d20       0x10 C:/saturn/SH_COFF/sh-coff/bin/../lib/gcc/sh-coff/3.4-GNUSH_v0501/../../../../sh-coff/lib\libc.a(atexit.o)
 .bss           0x06032d30       0x40 C:/saturn/SH_COFF/sh-coff/bin/../lib/gcc/sh-coff/3.4-GNUSH_v0501/../../../../sh-coff/lib\libc.a(mallocr.o)
                0x06032d60                __malloc_top_pad
                0x06032d30                __malloc_current_mallinfo
                0x06032d5c                __malloc_max_sbrked_mem
                0x06032d58                __malloc_max_total_mem
 .bss           0x06032d70       0x10 C:/saturn/SH_COFF/sh-coff/bin/../lib/gcc/sh-coff/3.4-GNUSH_v0501/../../../../sh-coff/lib\libc.a(syscalls.o)
 *(COMMON)
 COMMON         0x06032d80       0x2e player.o
                                  0x0 (size before relaxing)
                0x06032d80                player
                0x06032dac                bullet_direction
 *fill*         0x06032dae        0x2 00
 COMMON         0x06032db0      0x460 print.o
                                  0x0 (size before relaxing)
                0x06032db0                text
 COMMON         0x06033210     0x2260 sprite.o
                                  0x0 (size before relaxing)
                0x06033210                sprites
 COMMON         0x06035470      0x250 scroll.o
                                  0x0 (size before relaxing)
                0x06035470                scfg3
                0x06035500                scfg0
                0x06035590                maps
                0x060355a0                scfg2
                0x06035630                scfg1
                0x060356bc                tilemaps
 COMMON         0x060356c0      0x400 ../sbl6/segalib/lib/sega_int.a(int.o)
                                  0x0 (size before relaxing)
                0x060356c0                __interrupt_vector
 COMMON         0x06035ac0       0x50 ../sbl6/segalib/lib/sega_spr.a(spr_2c.o)
                                  0x0 (size before relaxing)
                0x06035ac0                SpMstCmd
                0x06035ac4                Sp2OpenFlag
                0x06035ac8                SpGourTblMax
                0x06035acc                SpDrawPrtyBlk
                0x06035ad0                SpLCoordX
                0x06035ad4                SpMstDrawPrtyBlk
                0x06035ad8                SpGourTbl
                0x06035adc                SpLookupTblR
                0x06035ae0                SpCmdTbl
                0x06035ae4                SpCharMax
                0x06035ae8                SpDrawPrtyProcFlag
                0x06035aec                SpCmdNo
                0x06035af0                SpDrawPrtyBlkMax
                0x06035af4                SpSlvCmdPos
                0x06035af8                SpSlvDrawPrtyBlk
                0x06035afc                SpCharTbl
                0x06035b00                SpCmdTblR
                0x06035b04                SpMstCmdPos
                0x06035b08                SpSlvCmd
                0x06035b0c                SpLCoordY
 COMMON         0x06035b10       0x10 ../sbl6/segalib/lib/sega_spr.a(spr_1c.o)
                                  0x0 (size before relaxing)
                0x06035b10                SpScreenY
                0x06035b14                SpFbcrMode
                0x06035b16                SpDil
                0x06035b18                SpDie
                0x06035b1a                SpTvMode
                0x06035b1c                SpScreenX
 COMMON         0x06035b20      0xf00 ../sbl6/segalib/lib/sega_scl.a(scl_func.o)
                                  0x0 (size before relaxing)
                0x06035b20                SclRbgKtbAddr
                0x06035b28                SclRb
                0x06035b2a                Scl_flag
                0x06035b30                SclK_TableBuff
                0x06036800                SclAddrCsTbl
                0x06036810                Scl_s_reg
                0x06036838                SclRotateXy
                0x06036840                Scl_d_reg
                0x06036888                SclRotateDisp
                0x06036890                SclRotateMoveZ
                0x06036898                SclRotXySw
                0x060368a0                Scl_r_reg
                0x060368b0                SclRPMD
                0x060368b8                SclRbgKtbOffset
                0x060368c0                _SclRotregBuff
                0x06036990                SclRa
                0x06036998                SclRotateZ
                0x060369a0                SclAddrLsTbl
                0x060369a8                SclK_TableNum
                0x060369b0                SclRotateTableAddress
                0x060369b4                SclK_TableFlag
                0x060369c0                Scl_w_reg
                0x060369e0                Scl_n_reg
 COMMON         0x06036a20      0x6b0 ../sbl6/segalib/lib/sega_scl.a(scl_pri.o)
                                  0x0 (size before relaxing)
                0x06036a20                SclAutoEndBlue2
                0x06036a30                SclColOffset
                0x06036a40                SclPriBuffDirty
                0x06036a42                SclAutoEndRed
                0x06036a44                SclAutoSurface
                0x06036a48                SclAutoGreen
                0x06036a4a                SclAutoEndGreen
                0x06036a4c                SclAutoCount
                0x06036a50                SclColRamAlloc256
                0x06036a70                SclAutoCurRate
                0x06036a71                SclAutoPlusFlag
                0x06036a78                SclSpColMix
                0x06036a80                SclAutoMax
                0x06036a84                SclLineColRamOffset
                0x06036a88                SclColRamAlloc2048
                0x06036a8c                SclBgPriNum
                0x06036a92                SclAutoEndBlue
                0x06036a94                SclAutoEndGreen2
                0x06036a96                SclAutoVeFlag
                0x06036a98                SclBgColMix
                0x06036aa0                SclAutoIndex
                0x06036aa4                SclAutoEndRate
                0x06036aa6                SclAutoBlue
                0x06036aa8                SclAutoRed
                0x06036aac                SclAutoInterval
                0x06036ab0                SclOtherPri
                0x06036ac0                SclAutoRGB
                0x060370c0                SclAutoEndRed2
                0x060370c8                SclSpPriNum
 COMMON         0x060370d0       0x10 ../sbl6/segalib/lib/sega_scl.a(scl_ro00.o)
                                  0x0 (size before relaxing)
                0x060370d0                SclCsx
                0x060370d8                SclCsy
 COMMON         0x060370e0       0x15 ../sbl6/segalib/lib/sega_per.a(per_prt.o)
                                  0x0 (size before relaxing)
                0x060370e0                per_get_time_flg
                0x060370e1                per_hot_res
                0x060370e2                per_set_sys_flg
                0x060370e4                per_get_time_adr
                0x060370e8                per_get_sys_data
                0x060370f4                per_time_out_flg
 *fill*         0x060370f5        0xb 00
 COMMON         0x06037100        0x4 C:/saturn/SH_COFF/sh-coff/bin/../lib/gcc/sh-coff/3.4-GNUSH_v0501/../../../../sh-coff/lib\libc.a(syscalls.o)
                                  0x0 (size before relaxing)
                0x06037100                errno
                0x06037104                SIZEOF_B = (. - STARTOF_B)
                0x06037104                ENDOF_B = .
                0x06037104                _end = .
OUTPUT(main.cof coff-sh)

.comment        0x06037110      0x440
 .comment       0x06037110       0x20 ../sbl6/segasmp/lib/strt2_g.o
 .comment       0x06037130       0x20 vblank.o
 .comment       0x06037150       0x20 ../sbl6/segasmp/per/smpclib/per_x1.o
 .comment       0x06037170       0x20 ../sbl6/segasmp/per/smpclib/per_x2.o
 .comment       0x06037190       0x20 bullet.o
 .comment       0x060371b0       0x20 circle.o
 .comment       0x060371d0       0x20 collision.o
 .comment       0x060371f0       0x20 graphics.o
 .comment       0x06037210       0x20 player.o
 .comment       0x06037230       0x20 print.o
 .comment       0x06037250       0x20 sprite.o
 .comment       0x06037270       0x20 scroll.o
 .comment       0x06037290       0x20 main.o
 .comment       0x060372b0       0x20 C:/saturn/SH_COFF/sh-coff/bin/../lib/gcc/sh-coff/3.4-GNUSH_v0501\libgcc.a(__main.o)
 .comment       0x060372d0       0x20 C:/saturn/SH_COFF/sh-coff/bin/../lib/gcc/sh-coff/3.4-GNUSH_v0501\libgcc.a(_si_to_df.o)
 .comment       0x060372f0       0x20 C:/saturn/SH_COFF/sh-coff/bin/../lib/gcc/sh-coff/3.4-GNUSH_v0501\libgcc.a(_mul_df.o)
 .comment       0x06037310       0x20 C:/saturn/SH_COFF/sh-coff/bin/../lib/gcc/sh-coff/3.4-GNUSH_v0501\libgcc.a(_df_to_si.o)
 .comment       0x06037330       0x20 C:/saturn/SH_COFF/sh-coff/bin/../lib/gcc/sh-coff/3.4-GNUSH_v0501\libgcc.a(_pack_df.o)
 .comment       0x06037350       0x20 C:/saturn/SH_COFF/sh-coff/bin/../lib/gcc/sh-coff/3.4-GNUSH_v0501\libgcc.a(_unpack_df.o)
 .comment       0x06037370       0x20 C:/saturn/SH_COFF/sh-coff/bin/../lib/gcc/sh-coff/3.4-GNUSH_v0501\libgcc.a(_thenan_df.o)
 .comment       0x06037390       0x20 C:/saturn/SH_COFF/sh-coff/bin/../lib/gcc/sh-coff/3.4-GNUSH_v0501\libgcc.a(_muldi3.o)
 .comment       0x060373b0       0x20 C:/saturn/SH_COFF/sh-coff/bin/../lib/gcc/sh-coff/3.4-GNUSH_v0501\libgcc.a(_lshrdi3.o)
 .comment       0x060373d0       0x20 C:/saturn/SH_COFF/sh-coff/bin/../lib/gcc/sh-coff/3.4-GNUSH_v0501\libgcc.a(_ashldi3.o)
 .comment       0x060373f0       0x20 C:/saturn/SH_COFF/sh-coff/bin/../lib/gcc/sh-coff/3.4-GNUSH_v0501/../../../../sh-coff/lib\libc.a(atexit.o)
 .comment       0x06037410       0x20 C:/saturn/SH_COFF/sh-coff/bin/../lib/gcc/sh-coff/3.4-GNUSH_v0501/../../../../sh-coff/lib\libc.a(impure.o)
 .comment       0x06037430       0x20 C:/saturn/SH_COFF/sh-coff/bin/../lib/gcc/sh-coff/3.4-GNUSH_v0501/../../../../sh-coff/lib\libc.a(malloc.o)
 .comment       0x06037450       0x20 C:/saturn/SH_COFF/sh-coff/bin/../lib/gcc/sh-coff/3.4-GNUSH_v0501/../../../../sh-coff/lib\libc.a(mallocr.o)
 .comment       0x06037470       0x20 C:/saturn/SH_COFF/sh-coff/bin/../lib/gcc/sh-coff/3.4-GNUSH_v0501/../../../../sh-coff/lib\libc.a(freer.o)
 .comment       0x06037490       0x20 C:/saturn/SH_COFF/sh-coff/bin/../lib/gcc/sh-coff/3.4-GNUSH_v0501/../../../../sh-coff/lib\libc.a(mlock.o)
 .comment       0x060374b0       0x20 C:/saturn/SH_COFF/sh-coff/bin/../lib/gcc/sh-coff/3.4-GNUSH_v0501/../../../../sh-coff/lib\libc.a(sbrkr.o)
 .comment       0x060374d0       0x20 C:/saturn/SH_COFF/sh-coff/bin/../lib/gcc/sh-coff/3.4-GNUSH_v0501/../../../../sh-coff/lib\libc.a(syscalls.o)
 .comment       0x060374f0       0x20 C:/saturn/SH_COFF/sh-coff/bin/../lib/gcc/sh-coff/3.4-GNUSH_v0501/../../../../sh-coff/lib\libc.a(abort.o)
 .comment       0x06037510       0x20 C:/saturn/SH_COFF/sh-coff/bin/../lib/gcc/sh-coff/3.4-GNUSH_v0501/../../../../sh-coff/lib\libc.a(signal.o)
 .comment       0x06037530       0x20 C:/saturn/SH_COFF/sh-coff/bin/../lib/gcc/sh-coff/3.4-GNUSH_v0501/../../../../sh-coff/lib\libc.a(signalr.o)
