Archive member included because of file (symbol)

../sbl6/segalib/lib/sega_int.a(int.o)
                              vblank.o (INT_SetScuFunc)
../sbl6/segalib/lib/sega_int.a(int_trmp.o)
                              ../sbl6/segalib/lib/sega_int.a(int.o) (__interrupt_handler0)
../sbl6/segalib/lib/sega_spr.a(spr_2c.o)
                              sprite.o (SPR_2Initial)
../sbl6/segalib/lib/sega_spr.a(spr_slv.o)
                              ../sbl6/segalib/lib/sega_spr.a(spr_2c.o) (SPR_InitSlaveSH)
../sbl6/segalib/lib/sega_spr.a(spr_1c.o)
                              ../sbl6/segalib/lib/sega_spr.a(spr_2c.o) (SPR_Initial)
../sbl6/segalib/lib/sega_spr.a(spr_2a.o)
                              ../sbl6/segalib/lib/sega_spr.a(spr_2c.o) (SPR_2SetDrawPrty)
../sbl6/segalib/lib/sega_scl.a(scl_vblv.o)
                              ../sbl6/segalib/lib/sega_spr.a(spr_1c.o) (SpFrameChgMode)
../sbl6/segalib/lib/sega_scl.a(scl_func.o)
                              sprite.o (SCL_Vdp2Init)
../sbl6/segalib/lib/sega_scl.a(scl_pr03.o)
                              sprite.o (SCL_AllocColRam)
../sbl6/segalib/lib/sega_scl.a(scl_pr02.o)
                              sprite.o (SCL_SetColRam)
../sbl6/segalib/lib/sega_scl.a(scl_back.o)
                              scroll.o (SCL_SetBack)
../sbl6/segalib/lib/sega_scl.a(scl_fu03.o)
                              scroll.o (SCL_InitConfigTb)
../sbl6/segalib/lib/sega_scl.a(scl_fu02.o)
                              scroll.o (SCL_InitVramConfigTb)
../sbl6/segalib/lib/sega_scl.a(scl_fu04.o)
                              scroll.o (SCL_SetCycleTable)
../sbl6/segalib/lib/sega_scl.a(scl_pr07.o)
                              scroll.o (SCL_SetPriority)
../sbl6/segalib/lib/sega_scl.a(scl_pr01.o)
                              main.o (SCL_SetSpriteMode)
../sbl6/segalib/lib/sega_scl.a(scl_pri.o)
                              ../sbl6/segalib/lib/sega_scl.a(scl_func.o) (SclRealOtherPri)
../sbl6/segalib/lib/sega_scl.a(scl_ro00.o)
                              ../sbl6/segalib/lib/sega_scl.a(scl_func.o) (SCL_Rotate)
../sbl6/segalib/lib/sega_scl.a(scl_pr06.o)
                              ../sbl6/segalib/lib/sega_scl.a(scl_pr03.o) (SCL_SetColRamOffset)
../sbl6/segalib/lib/sega_scl.a(scl_pr05.o)
                              ../sbl6/segalib/lib/sega_scl.a(scl_pr02.o) (SCL_GetColRamOffset)
../sbl6/segalib/lib/sega_mth.a(mth_fixd.o)
                              sprite.o (MTH_Mul)
../sbl6/segalib/lib/sega_mth.a(mth_tri.o)
                              sprite.o (MTH_Sin)
../sbl6/segalib/lib/sega_per.a(per_prt.o)
                              ../sbl6/segasmp/per/smpclib/per_x2.o (PER_LInit)
../sbl6/segalib/lib/sega_sat.a(gfs.o)
                              cd.o (GFS_Init)
../sbl6/segalib/lib/sega_sat.a(DMA_SCU1.o)
                              ../sbl6/segalib/lib/sega_spr.a(spr_2c.o) (DMA_ScuMemCopy)
../sbl6/segalib/lib/sega_sat.a(gfs_cdf.o)
                              ../sbl6/segalib/lib/sega_sat.a(gfs.o) (GFCF_Init)
../sbl6/segalib/lib/sega_sat.a(gfs_dir.o)
                              ../sbl6/segalib/lib/sega_sat.a(gfs.o) (GFDR_SetupDirTbl)
../sbl6/segalib/lib/sega_sat.a(gfs_trn.o)
                              ../sbl6/segalib/lib/sega_sat.a(gfs.o) (GFTR_Setup)
../sbl6/segalib/lib/sega_sat.a(gfs_buf.o)
                              ../sbl6/segalib/lib/sega_sat.a(gfs.o) (GFBF_GetNumData)
../sbl6/segalib/lib/sega_sat.a(gfs_cdb.o)
                              ../sbl6/segalib/lib/sega_sat.a(gfs_cdf.o) (GFCB_Setup)
../sbl6/segalib/lib/sega_sat.a(gfs_cdc.o)
                              ../sbl6/segalib/lib/sega_sat.a(gfs.o) (GFCD_SetCdbfs)
../sbl6/segalib/lib/sega_sat.a(DMA_SCU0.o)
                              ../sbl6/segalib/lib/sega_sat.a(DMA_SCU1.o) (DMA_ScuSetPrm)
../sbl6/segalib/lib/sega_sat.a(csh_main.o)
                              ../sbl6/segalib/lib/sega_sat.a(DMA_SCU1.o) (CSH_Purge)
../sbl6/segalib/lib/sega_sat.a(DMA_CPU0.o)
                              ../sbl6/segalib/lib/sega_sat.a(gfs_trn.o) (DMA_CpuSetComPrm)
../sbl6/segalib/lib/sega_sat.a(cdc_reg.o)
                              ../sbl6/segalib/lib/sega_sat.a(gfs_cdb.o) (CDC_GetDataPtr)
../sbl6/segalib/lib/sega_sat.a(cdc_cfs.o)
                              ../sbl6/segalib/lib/sega_sat.a(gfs_cdc.o) (CDC_ChgDir)
../sbl6/segalib/lib/sega_sat.a(cdc_cmn.o)
                              ../sbl6/segalib/lib/sega_sat.a(gfs_cdc.o) (CDC_GetCurStat)
../sbl6/segalib/lib/sega_sat.a(cdc_bio.o)
                              ../sbl6/segalib/lib/sega_sat.a(gfs_cdc.o) (CDC_SetSctLen)
../sbl6/segalib/lib/sega_sat.a(cdc_sel.o)
                              ../sbl6/segalib/lib/sega_sat.a(gfs_cdc.o) (CDC_SetFiltRange)
../sbl6/segalib/lib/sega_sat.a(cdc_drv.o)
                              ../sbl6/segalib/lib/sega_sat.a(gfs_cdc.o) (CDC_CdPlay)
../sbl6/segalib/lib/sega_sat.a(cdc_bif.o)
                              ../sbl6/segalib/lib/sega_sat.a(gfs_cdc.o) (CDC_GetBufSiz)
../sbl6/segalib/lib/sega_sat.a(cdc_dev.o)
[...]
Memory Configuration

Name             Origin             Length             Attributes
*default*        0x00000000         0xffffffff

Linker script and memory map

LOAD ../sbl6/segasmp/lib/strt1_g.o
LOAD ../sbl6/segasmp/lib/strt2_g.o
LOAD vblank.o
LOAD ../sbl6/segasmp/per/smpclib/per_x1.o
LOAD ../sbl6/segasmp/per/smpclib/per_x2.o
LOAD ../sbl6/segasmp/per/smpclib/per_x3.o
LOAD blocks.o
LOAD cd.o
LOAD collision.o
LOAD graphics.o
LOAD player.o
LOAD print.o
LOAD sprite.o
LOAD scroll.o
LOAD main.o
LOAD ../sbl6/segalib/lib/sega_int.a
LOAD ../sbl6/segalib/lib/sega_spr.a
LOAD ../sbl6/segalib/lib/sega_scl.a
LOAD ../sbl6/segalib/lib/sega_mth.a
LOAD ../sbl6/segalib/lib/sega_cdc.a
LOAD ../sbl6/segalib/lib/sega_adp.a
LOAD ../sbl6/segalib/lib/sega_per.a
LOAD ../sbl6/segalib/lib/sega_sat.a
LOAD C:/saturn/SH_COFF/sh-coff/bin/../lib/gcc/sh-coff/3.4-GNUSH_v0501\libgcc.a
LOAD C:/saturn/SH_COFF/sh-coff/bin/../lib/gcc/sh-coff/3.4-GNUSH_v0501/../../../../sh-coff/lib\libc.a
LOAD C:/saturn/SH_COFF/sh-coff/bin/../lib/gcc/sh-coff/3.4-GNUSH_v0501\libgcc.a

.text           0x06010000    0x13c80
 *(.text)
 .text          0x06010000       0x30 ../sbl6/segasmp/lib/strt1_g.o
                0x06010024                _D_END
                0x06010020                _D_BGN
                0x0601002c                _B_END
                0x06010028                _B_BGN
                0x06010000                START
 .text          0x06010030       0x60 ../sbl6/segasmp/lib/strt2_g.o
                0x06010050                _INITSCT
                0x06010030                _INIT
 .text          0x06010090      0x180 vblank.o
                0x06010090                SetVblank
                0x06010110                UsrVblankOut
                0x060100f0                UsrVblankIn
 .text          0x06010210      0x430 ../sbl6/segasmp/per/smpclib/per_x1.o
                0x060105a4                PER_GetAnalogXYZ
                0x06010234                PER_GetTriggerHandler
                0x060104ce                PER_GetEdge
                0x0601044c                PER_GetTrigger
                0x060104f8                PER_GetPressEdge
                0x0601054c                PER_GetReleaseEdge
                0x06010210                PER_SetTriggerHandler
 .text          0x06010640      0x200 ../sbl6/segasmp/per/smpclib/per_x2.o
                0x06010744                PER_GetDeviceA
                0x06010640                PER_OpenPort
                0x06010678                PER_GetPort
                0x060107be                PER_GetDeviceR
 .text          0x06010840       0x20 ../sbl6/segasmp/per/smpclib/per_x3.o
                0x06010840                PER_DisguiseTrigger
 .text          0x06010860       0xe0 blocks.o
                0x06010860                block_get
                0x060108c0                block_check
                0x060108f0                block_spike
 .text          0x06010940       0xa0 cd.o
                0x06010940                cd_init
                0x06010970                cd_load
 .text          0x060109e0      0xaa0 collision.o
                0x060109e0                collision_check_up
                0x060112d0                collision_eject_horiz
                0x06011100                collision_eject_vert
                0x06010e10                collision_check
                0x06010c70                collision_check_left
                0x06010d40                collision_check_right
                0x06011050                collision_spikes
                0x06010b70                collision_check_below
                0x06010a70                collision_check_down
 .text          0x06011480      0x520 player.o
                0x06011480                player_frames
                0x060115c0                player_input
                0x06011490                player_init
                0x06011900                player_draw
                0x060114e0                player_animate
 .text          0x060119a0      0x170 print.o
                0x06011a70                print_display
                0x060119e0                print_num
                0x060119a0                print_init
                0x06011a30                print_string
 .text          0x06011b10      0x5e0 sprite.o
                0x06011b40                sprite_init
                0x06011f20                sprite_make
                0x06012060                sprite_next
                0x060120c0                sprite_delete
                0x06011f60                sprite_draw_all
                0x06011b10                sprite_deleteall
                0x06011cd0                sprite_draw
 .text          0x060120f0      0x770 scroll.o
                0x060120f0                scroll_move
                0x06012670                scroll_get
                0x060126d0                scroll_copy
                0x06012240                scroll_set
                0x06012800                scroll_reset
                0x06012350                scroll_init
                0x06012270                scroll_scale
 .text          0x06012860      0x110 main.o
                0x06012860                main
 .text          0x06012970       0x40 ../sbl6/segalib/lib/sega_int.a(int.o)
                0x0601299c                INT_GetScuFunc
                0x06012970                INT_SetScuFunc
 .text          0x060129b0      0x624 ../sbl6/segalib/lib/sega_int.a(int_trmp.o)
                0x06012b18                __interrupt_handler60
                0x06012cc8                __interrupt_handler132
                0x06012e7e                __interrupt_handler205
                0x06012ce6                __interrupt_handler137
                0x06012c14                __interrupt_handler102
                0x06012a52                __interrupt_handler27
                0x06012e54                __interrupt_handler198
                0x06012d46                __interrupt_handler153
                0x06012a2e                __interrupt_handler21
                0x06012b3c                __interrupt_handler66
                0x06012c2c                __interrupt_handler106
                0x06012d76                __interrupt_handler161
                0x06012bc0                __interrupt_handler88
                0x06012d8e                __interrupt_handler165
                0x06012c9e                __interrupt_handler125
                0x060129d4                __interrupt_handler6
                0x06012a70                __interrupt_handler32
                0x06012e2a                __interrupt_handler191
                0x06012f44                __interrupt_handler238
                0x06012f5c                __interrupt_handler242
                0x06012d64                __interrupt_handler158
                0x06012bcc                __interrupt_handler90
                0x06012d88                __interrupt_handler164
                0x06012aac                __interrupt_handler42
                0x06012dee                __interrupt_handler181
                0x06012ef6                __interrupt_handler225
                0x06012f9e                __interrupt_handler253
                0x06012db2                __interrupt_handler171
                0x06012b6c                __interrupt_handler74
                0x060129c2                __interrupt_handler3
                0x06012b06                __interrupt_handler57
                0x06012a04                __interrupt_handler14
                0x06012e9c                __interrupt_handler210
                0x06012ecc                __interrupt_handler218
                0x06012e90                __interrupt_handler208
                0x06012a94                __interrupt_handler38
                0x060129b0                __interrupt_handler0
                0x06012c20                __interrupt_handler104
                0x06012d5e                __interrupt_handler157
                0x06012eae                __interrupt_handler213
                0x06012da0                __interrupt_handler168
                0x06012bae                __interrupt_handler85
                0x06012c4a                __interrupt_handler111
                0x06012c5c                __interrupt_handler114
                0x06012aca                __interrupt_handler47
                0x06012f20                __interrupt_handler232
                0x06012eea                __interrupt_handler223
                0x06012f3e                __interrupt_handler237
                0x06012b2a                __interrupt_handler63
                0x06012ab8                __interrupt_handler44
                0x06012dca                __interrupt_handler175
                0x06012df4                __interrupt_handler182
                0x06012e0c                __interrupt_handler186
                0x06012d0a                __interrupt_handler143
                0x06012c32                __interrupt_handler107
                0x06012c98                __interrupt_handler124
                0x06012db8                __interrupt_handler172
                0x06012f6e                __interrupt_handler245
                0x06012bea                __interrupt_handler95
                0x06012cc2                __interrupt_handler131
                0x06012cd4                __interrupt_handler134
                0x06012cf2                __interrupt_handler139
                0x06012b60                __interrupt_handler72
                0x06012f1a                __interrupt_handler231
                0x06012d70                __interrupt_handler160
                0x06012cb6                __interrupt_handler129
                0x06012a28                __interrupt_handler20
                0x06012b36                __interrupt_handler65
                0x06012b00                __interrupt_handler56
                0x060129fe                __interrupt_handler13
                0x06012e96                __interrupt_handler209
                0x06012c50                __interrupt_handler112
                0x06012a22                __interrupt_handler19
                0x06012bde                __interrupt_handler93
                0x06012e48                __interrupt_handler196
                0x06012d3a                __interrupt_handler151
                0x06012d9a                __interrupt_handler167
                0x06012fb0                __trampoline
                0x06012a16                __interrupt_handler17
                0x06012f08                __interrupt_handler228
                0x06012faa                __interrupt_handler255
                0x06012f68                __interrupt_handler244
                0x06012c02                __interrupt_handler99
                0x06012dfa                __interrupt_handler183
                0x06012cf8                __interrupt_handler140
                0x06012e1e                __interrupt_handler189
                0x06012d1c                __interrupt_handler146
                0x06012ee4                __interrupt_handler222
                0x06012d58                __interrupt_handler156
                0x06012c8c                __interrupt_handler122
                0x06012f80                __interrupt_handler248
                0x06012ad0                __interrupt_handler48
                0x06012b4e                __interrupt_handler69
                0x06012a40                __interrupt_handler24
                0x06012bc6                __interrupt_handler89
                0x06012eba                __interrupt_handler215
                0x06012fa4                __interrupt_handler254
                0x06012bba                __interrupt_handler87
                0x06012b1e                __interrupt_handler61
                0x06012e42                __interrupt_handler195
                0x06012d34                __interrupt_handler150
                0x06012aa6                __interrupt_handler41
                0x06012c44                __interrupt_handler110
                0x06012caa                __interrupt_handler127
                0x06012c38                __interrupt_handler108
                0x06012c56                __interrupt_handler113
                0x06012c68                __interrupt_handler116
                0x06012c86                __interrupt_handler121
                0x06012b7e                __interrupt_handler77
                0x06012a9a                __interrupt_handler39
                0x06012ab2                __interrupt_handler43
                0x06012f86                __interrupt_handler249
                0x06012dc4                __interrupt_handler174
                0x06012ce0                __interrupt_handler136
                0x06012e18                __interrupt_handler188
                0x06012d16                __interrupt_handler145
                0x060129e6                __interrupt_handler9
                0x06012b8a                __interrupt_handler79
                0x06012f02                __interrupt_handler227
                0x06012a7c                __interrupt_handler34
                0x06012cbc                __interrupt_handler130
                0x06012f7a                __interrupt_handler247
                0x06012b72                __interrupt_handler75
                0x06012dbe                __interrupt_handler173
                0x06012aee                __interrupt_handler53
                0x06012d2e                __interrupt_handler149
                0x06012f92                __interrupt_handler251
                0x06012f26                __interrupt_handler233
                0x060129ec                __interrupt_handler10
                0x06012e78                __interrupt_handler204
                0x06012b9c                __interrupt_handler82
                0x06012ba2                __interrupt_handler83
                0x06012a46                __interrupt_handler25
                0x06012f62                __interrupt_handler243
                0x06012d7c                __interrupt_handler162
                0x06012ac4                __interrupt_handler46
                0x06012ddc                __interrupt_handler178
                0x06012b90                __interrupt_handler80
                0x06012b24                __interrupt_handler62
                0x060129bc                __interrupt_handler2
                0x06012a5e                __interrupt_handler29
                0x06012b54                __interrupt_handler70
                0x06012c3e                __interrupt_handler109
                0x06012d28                __interrupt_handler148
                0x06012be4                __interrupt_handler94
                0x06012ef0                __interrupt_handler224
                0x06012c1a                __interrupt_handler103
                0x06012a88                __interrupt_handler36
                0x06012ca4                __interrupt_handler126
                0x06012f74                __interrupt_handler246
                0x06012afa                __interrupt_handler55
                0x060129f8                __interrupt_handler12
                0x06012ae8                __interrupt_handler52
                0x06012e12                __interrupt_handler187
                0x06012d10                __interrupt_handler144
                0x06012c6e                __interrupt_handler117
                0x06012a1c                __interrupt_handler18
                0x06012e4e                __interrupt_handler197
                0x06012d40                __interrupt_handler152
                0x06012c74                __interrupt_handler118
                0x06012dac                __interrupt_handler170
                0x06012e66                __interrupt_handler201
                0x06012bf6                __interrupt_handler97
                0x06012d82                __interrupt_handler163
                0x06012de8                __interrupt_handler180
                0x06012e30                __interrupt_handler192
                0x06012f50                __interrupt_handler240
                0x06012c92                __interrupt_handler123
                0x06012eb4                __interrupt_handler214
                0x06012a6a                __interrupt_handler31
                0x06012a58                __interrupt_handler28
                0x06012b42                __interrupt_handler67
                0x06012b48                __interrupt_handler68
                0x06012a34                __interrupt_handler22
                0x06012a3a                __interrupt_handler23
                0x06012dd0                __interrupt_handler176
                0x060129da                __interrupt_handler7
                0x06012ede                __interrupt_handler221
                0x06012ec6                __interrupt_handler217
                0x06012f0e                __interrupt_handler229
                0x06012ad6                __interrupt_handler49
                0x060129c8                __interrupt_handler4
                0x06012aa0                __interrupt_handler40
                0x06012c62                __interrupt_handler115
                0x06012f32                __interrupt_handler235
                0x06012bd2                __interrupt_handler91
                0x06012e84                __interrupt_handler206
                0x06012dd6                __interrupt_handler177
                0x06012d22                __interrupt_handler147
                0x06012a8e                __interrupt_handler37
                0x06012f8c                __interrupt_handler250
                0x060129b6                __interrupt_handler1
                0x06012ed2                __interrupt_handler219
                0x06012b78                __interrupt_handler76
                0x06012c08                __interrupt_handler100
                0x06012b0c                __interrupt_handler58
                0x06012a0a                __interrupt_handler15
                0x06012ea8                __interrupt_handler212
                0x06012f56                __interrupt_handler241
                0x06012e6c                __interrupt_handler202
                0x06012e36                __interrupt_handler193
                0x06012b84                __interrupt_handler78
                0x06012adc                __interrupt_handler50
                0x06012a76                __interrupt_handler33
                0x06012d94                __interrupt_handler166
                0x06012cec                __interrupt_handler138
                0x06012cda                __interrupt_handler135
                0x06012a64                __interrupt_handler30
                0x06012e00                __interrupt_handler184
                0x06012cfe                __interrupt_handler141
                0x06012f14                __interrupt_handler230
                0x06012f38                __interrupt_handler236
                0x06012c7a                __interrupt_handler119
                0x06012bb4                __interrupt_handler86
                0x06012c26                __interrupt_handler105
                0x06012b96                __interrupt_handler81
                0x06012c80                __interrupt_handler120
                0x06012cb0                __interrupt_handler128
                0x06012af4                __interrupt_handler54
                0x060129f2                __interrupt_handler11
                0x06012e5a                __interrupt_handler199
                0x06012d4c                __interrupt_handler154
                0x06012abe                __interrupt_handler45
                0x06012ec0                __interrupt_handler216
                0x06012e72                __interrupt_handler203
                0x06012c0e                __interrupt_handler101
                0x06012ba8                __interrupt_handler84
                0x06012e06                __interrupt_handler185
                0x06012d04                __interrupt_handler142
                0x06012a4c                __interrupt_handler26
                0x06012b30                __interrupt_handler64
                0x06012e60                __interrupt_handler200
                0x06012e8a                __interrupt_handler207
                0x06012e3c                __interrupt_handler194
                0x06012bd8                __interrupt_handler92
                0x06012d52                __interrupt_handler155
                0x06012ea2                __interrupt_handler211
                0x06012cce                __interrupt_handler133
                0x060129ce                __interrupt_handler5
                0x06012b66                __interrupt_handler73
                0x06012a10                __interrupt_handler16
                0x06012f4a                __interrupt_handler239
                0x06012f2c                __interrupt_handler234
                0x06012a82                __interrupt_handler35
                0x06012b12                __interrupt_handler59
                0x06012da6                __interrupt_handler169
                0x06012bfc                __interrupt_handler98
                0x06012b5a                __interrupt_handler71
                0x06012ae2                __interrupt_handler51
                0x06012d6a                __interrupt_handler159
                0x06012efc                __interrupt_handler226
                0x06012bf0                __interrupt_handler96
                0x06012e24                __interrupt_handler190
                0x06012ed8                __interrupt_handler220
                0x060129e0                __interrupt_handler8
                0x06012de2                __interrupt_handler179
                0x06012f98                __interrupt_handler252
 *fill*         0x06012fd4        0xc 00
 .text          0x06012fe0     0x12a0 ../sbl6/segalib/lib/sega_spr.a(spr_2c.o)
                0x06014240                SlaveFlushDrawPrtyBlock
                0x06012fe0                SPR_2Initial
                0x06013824                SPR_2SysClip
                0x060137c4                SPR_2LocalCoord
                0x060140bc                SPR_2FlushDrawPrtyBlock
                0x06013da8                SPR_2DistSpr
                0x060137ac                SPR_2FlushDrawPrty
                0x06013ecc                SPR_2Cmd
                0x060134a8                SPR_2GourTblNoToVram
                0x06013508                SPR_2GetAreaSizeInfo
                0x06013270                SPR_2SetGourTbl
                0x06013a5c                SPR_2Polygon
                0x060134e4                SPR_2CharNoToVram
                0x060131f0                SPR_2SetTvMode
                0x0601364c                SPR_2CloseCommand
                0x0601322c                SPR_2FrameEraseData
                0x06013008                SPR_2Initial2
                0x06013c3c                SPR_2ScaleSpr
                0x060138cc                SPR_2Line
                0x06013598                SPR_2OpenCommand
                0x0601320c                SPR_2FrameChgIntr
                0x06013b18                SPR_2NormSpr
                0x060132a0                SPR_2SetLookupTbl
                0x060132d4                SPR_2SetChar
                0x060134cc                SPR_2LookupTblNoToVram
                0x060139a0                SPR_2PolyLine
                0x06013440                SPR_2ClrAllChar
                0x060133f4                SPR_2ClrChar
                0x06013870                SPR_2UserClip
 .text          0x06014280      0x1e6 ../sbl6/segalib/lib/sega_spr.a(spr_slv.o)
                0x060143e4                SPR_WaitEndSlaveSH
                0x06014280                SPR_SMPC_SSHON
                0x060143c0                SPR_RunSlaveSH
                0x06014284                SPR_InitSlaveSH
                0x0601434c                SPR_SlaveSHmain
                0x06014281                SPR_SMPC_SSHOFF
 *fill*         0x06014466        0xa 00
 .text          0x06014470      0x36a ../sbl6/segalib/lib/sega_spr.a(spr_1c.o)
                0x06014724                SPR_WaitDrawEnd
                0x0601473c                SPR_SetEosMode
                0x06014654                SPR_SetEraseData
                0x06014470                SPR_Initial
                0x06014548                SPR_SetTvMode
                0x060145e0                SPR_GetStatus
 *fill*         0x060147da        0x6 00
 .text          0x060147e0      0x244 ../sbl6/segalib/lib/sega_spr.a(spr_2a.o)
                0x060147f2                sprMemCpyW
                0x06014850                flushDrawPrtyBlock
                0x060147e0                sprMemCpyL
                0x06014804                SPR_2SetDrawPrty
 *fill*         0x06014a24        0xc 00
 .text          0x06014a30      0x2fc ../sbl6/segalib/lib/sega_scl.a(scl_vblv.o)
                0x06014aec                SCL_DisplayFrame
                0x06014a30                SCL_SetFrameInterval
                0x06014b20                SCL_VblInit
                0x06014b70                SCL_VblankStart
                0x06014bb4                SCL_VblankEnd
 *fill*         0x06014d2c        0x4 00
 .text          0x06014d30      0xb9c ../sbl6/segalib/lib/sega_scl.a(scl_func.o)
                0x0601570c                SCL_Vdp2_SGLInit
                0x0601561c                SCL_PriIntProc
                0x06015594                SCL_Memcpyw
                0x060158ac                SCL_SglOff
                0x0601588c                SCL_SglOn
                0x06015500                SCL_ScrollShow
                0x06014fa8                SCL_Close
                0x060152a0                SCL_Scale
                0x06014d30                SCL_Vdp2Init
                0x06015114                SCL_Move
                0x060153dc                SCL_CopyReg
                0x06014f84                SCL_Open
                0x06014db4                SCL_ParametersInit
                0x06014fc4                SCL_MoveTo
                0x060155bc                SCL_SetColRamMode
 *fill*         0x060158cc        0x4 00
 .text          0x060158d0      0x138 ../sbl6/segalib/lib/sega_scl.a(scl_pr03.o)
                0x060158d0                SCL_FreeColRam
                0x06015908                SCL_AllocColRam
 *fill*         0x06015a08        0x8 00
 .text          0x06015a10       0x9c ../sbl6/segalib/lib/sega_scl.a(scl_pr02.o)
                0x06015a10                SCL_SetColRam
 *fill*         0x06015aac        0x4 00
 .text          0x06015ab0       0x84 ../sbl6/segalib/lib/sega_scl.a(scl_back.o)
                0x06015ab0                SCL_SetBack
 *fill*         0x06015b34        0xc 00
 .text          0x06015b40      0x94c ../sbl6/segalib/lib/sega_scl.a(scl_fu03.o)
                0x06015b9c                SCL_SetConfig
                0x06015b40                SCL_InitConfigTb
 *fill*         0x0601648c        0x4 00
 .text          0x06016490      0x4f4 ../sbl6/segalib/lib/sega_scl.a(scl_fu02.o)
                0x060164c8                SCL_SetVramConfig
                0x06016490                SCL_InitVramConfigTb
 *fill*         0x06016984        0xc 00
 .text          0x06016990       0x28 ../sbl6/segalib/lib/sega_scl.a(scl_fu04.o)
                0x06016990                SCL_SetCycleTable
 *fill*         0x060169b8        0x8 00
 .text          0x060169c0      0x214 ../sbl6/segalib/lib/sega_scl.a(scl_pr07.o)
                0x060169c0                SCL_SetPriority
 *fill*         0x06016bd4        0xc 00
 .text          0x06016be0       0x58 ../sbl6/segalib/lib/sega_scl.a(scl_pr01.o)
                0x06016be0                SCL_SetSpriteMode
 *fill*         0x06016c38        0x8 00
 .text          0x06016c40     0x10a4 ../sbl6/segalib/lib/sega_scl.a(scl_pri.o)
                0x06016cd4                SCL_AbortAutoVe
                0x06017b84                SCL_SetShadowBit
                0x0601714c                SCL_AutoExec
                0x06016c40                SCL_PriorityInit
                0x06017660                SCL_IncColOffset
                0x06016ce8                SCL_SetColMixRate
                0x06016cb8                SCL_GetColRamMode
 *fill*         0x06017ce4        0xc 00
 .text          0x06017cf0     0x1394 ../sbl6/segalib/lib/sega_scl.a(scl_ro00.o)
                0x06018edc                SCL_RotateZD
                0x060181a4                SCL_Rotate
                0x06017e78                SCL_InitRotateTable
 *fill*         0x06019084        0xc 00
 .text          0x06019090      0x1b4 ../sbl6/segalib/lib/sega_scl.a(scl_pr06.o)
                0x06019090                SCL_SetColRamOffset
 *fill*         0x06019244        0xc 00
 .text          0x06019250       0xac ../sbl6/segalib/lib/sega_scl.a(scl_pr05.o)
                0x06019250                SCL_GetColRamOffset
 *fill*         0x060192fc        0x4 00
 .text          0x06019300       0xa4 ../sbl6/segalib/lib/sega_mth.a(mth_fixd.o)
                0x06019350                MTH_FixedToInt
                0x06019340                MTH_IntToFixed
                0x06019300                MTH_Mul
                0x06019360                MTH_Product
                0x06019320                MTH_Div
 *fill*         0x060193a4        0xc 00
 .text          0x060193b0      0x600 ../sbl6/segalib/lib/sega_mth.a(mth_tri.o)
                0x0601944c                fcos
                0x06019452                fsin
                0x060193fc                MTH_Cos
                0x060193b0                MTH_Sin
                0x060195f0                MTH_Atan
 .text          0x060199b0      0xf50 ../sbl6/segalib/lib/sega_per.a(per_prt.o)
                0x06019dd0                PER_IntFunc
                0x06019bc8                PER_LGetPer
                0x060199b0                PER_LInit
 .text          0x0601a900     0x1b04 ../sbl6/segalib/lib/sega_sat.a(gfs.o)
                0x0601a900                gfs_version
                0x0601bb74                gfs_mngGetNumFile
                0x0601c2f4                gfs_closeSub
                0x0601b690                GFS_SetGmode
                0x0601b94c                GFS_SetErrFunc
                0x0601ba9c                gfs_mngSetupFuncTbl
                0x0601ac58                GFS_Reset
                0x0601b9c4                gfs_chgRoot
                0x0601ba90                gfs_aborttrans
                0x0601bd74                gfs_svrAddHndl
                0x0601bc24                gfs_mngFreeGrp
                0x0601b99c                GFS_ConvTno
                0x0601bf28                gfs_getRootDir
                0x0601b978                GFS_GetErrStat
                0x0601adc8                GFS_Seek
                0x0601b434                GFS_NwStop
                0x0601bc30                gfs_mngTermAccess
                0x0601acdc                GFS_Open
                0x0601bbdc                GFS_mngAllocGrp
                0x0601c33c                gfs_isTaskDone
                0x0601b134                GFS_Fread
                0x0601b894                GFS_StartTrans
                0x0601c290                gfs_GetFinfo
                0x0601bad0                gfs_mngInitWork
                0x0601af20                GFS_ByteToSct
                0x0601bd34                gfs_svrSearchHndl
                0x0601c024                gfs_loadRootDir
                0x0601ab7c                GFS_IdToName
                0x0601b278                GFS_NwFread
                0x0601b7c4                GFS_SetTransPara
                0x0601b384                GFS_NwCdRead
                0x0601be64                gfs_loadVol
                0x0601b760                GFS_SetReadPara
                0x0601ae7c                GFS_Tell
                0x0601b6f4                GFS_SetTmode
                0x0601c1f8                GFS_GetFad
                0x0601b830                GFS_SetTrFunc
                0x0601b8e0                GFS_CdMovePickup
                0x0601ab18                GFS_NameToId
                0x0601b54c                GFS_NwExecOne
                0x0601c0ac                gfs_flowIn
                0x0601afd4                GFS_GetFileInfo
                0x0601c154                gfs_transData
                0x0601bdb0                gfs_svrRemoveHndl
                0x0601b3fc                GFS_NwIsComplete
                0x0601c330                gfs_getGmode
                0x0601b4a0                GFS_NwGetStat
                0x0601be0c                GFS_OpenSub
                0x0601aab0                GFS_SetDir
                0x0601af7c                GFS_GetFileSize
                0x0601b048                GFS_GetNumCdbuf
                0x0601c390                gfs_convFinStat
                0x0601b070                GFS_Load
                0x0601b1d0                gfs_waitRead
                0x0601aa08                GFS_LoadDir
                0x0601abe8                GFS_GetDirInfo
                0x0601ad90                GFS_Close
                0x0601a920                GFS_Init
                0x0601b51c                gfs_recovRdErr
                0x0601bcb4                gfs_mngSetErrCode
                0x0601b60c                GFS_NwExecServer
                0x0601aecc                GFS_IsEof
                0x0601c250                gfs_SetSct
 *fill*         0x0601c404        0xc 00
 .text          0x0601c410      0x1f4 ../sbl6/segalib/lib/sega_sat.a(DMA_SCU1.o)
                0x0601c56c                DMA_ScuResult
                0x0601c410                DMA_ScuInit
                0x0601c460                DMA_ScuMemCopy
 *fill*         0x0601c604        0xc 00
 .text          0x0601c610      0x8d4 ../sbl6/segalib/lib/sega_sat.a(gfs_cdf.o)
                0x0601cb04                GFCF_Seek
                0x0601cc0c                GFCF_GetStat
                0x0601caec                GFCF_Tell
                0x0601c6b0                GFCF_Setup
                0x0601cbb8                GFCF_cnvIntlvOfs
                0x0601c610                GFCF_Init
                0x0601caa4                GFCF_Recover
                0x0601c7f8                GFCF_SetSct
                0x0601cb1c                GFCF_MovePickup
                0x0601cce0                gfcf_isCdOk
                0x0601c8b0                GFCF_FlowInBuf
                0x0601c83c                GFCF_GetFileInfo
                0x0601ca04                GFCF_StopInBuf
                0x0601cca4                gfcf_getSctSize
                0x0601cda0                gfcf_getPlayRange
 *fill*         0x0601cee4        0xc 00
 .text          0x0601cef0      0x928 ../sbl6/segalib/lib/sega_sat.a(gfs_dir.o)
                0x0601d3e0                gfdr_setNextRec
                0x0601d7dc                gfdr_setDirrecCd
                0x0601d1d8                gfdr_open
                0x0601cfec                GFDR_GetAtrDirId
                0x0601d2c0                gfdr_readByte
                0x0601cef0                GFDR_SetupDirTbl
                0x0601d3b8                gfdr_readLongNM
                0x0601d464                gfdr_readDirEnt
                0x0601d01c                GFDR_ChgRoot
                0x0601cf64                GFDR_NameToId
                0x0601d0a8                gfdr_setupDirIdTbl
                0x0601d004                GFDR_GetAtrDirName
                0x0601cfc4                GFDR_GetInfoDirId
                0x0601d36c                gfdr_readLongNB
                0x0601d200                gfdr_read
                0x0601d2ec                gfdr_readWord
                0x0601d12c                gfdr_setupDirNameTbl
                0x0601cfd8                GFDR_GetInfoDirName
                0x0601d034                GFDR_ChgDir
                0x0601d318                gfdr_readWordNB
 *fill*         0x0601d818        0x8 00
 .text          0x0601d820      0xa46 ../sbl6/segalib/lib/sega_sat.a(gfs_trn.o)
                0x0601d900                GFTR_SetTransMax
                0x0601dcd0                gftr_execScu
                0x0601e254                GFTR_SetTransFunc
                0x0601e11c                gftr_remTrn
                0x0601e240                GFTR_SetData
                0x0601df40                gftr_execSdma1
                0x0601e190                gftr_copyFrac
                0x0601d8f4                GFTR_GetNumTrans
                0x0601d894                GFTR_SetMode
                0x0601df10                gftr_remDma0
                0x0601e1b8                GFTR_GetLenData
                0x0601dcc4                gftr_reqScu
                0x0601df28                gftr_reqDma1
                0x0601dbe0                gftr_getSrcPack
                0x0601e210                GFTR_RtnDstPk
                0x0601ddac                gfdma_exec
                0x0601e044                gftr_execTrn
                0x0601dad8                GFTR_ExecSvr
                0x0601dfd4                gftr_reqTrn
                0x0601de9c                gfdma_getBytecnt
                0x0601df7c                gftr_reqCpu
                0x0601e1dc                GFTR_GetDstPack
                0x0601ded4                gftr_reqDma0
                0x0601da60                GFTR_Idle
                0x0601d918                GFTR_Pause
                0x0601d8e8                GFTR_GetTransPara
                0x0601dfc8                gftr_remCpu
                0x0601d8b4                GFTR_SetTransPara
                0x0601df64                gftr_remDma1
                0x0601d924                GFTR_Stop
                0x0601deec                gftr_execSdma0
                0x0601d850                GFTR_Setup
                0x0601dd6c                gftr_remScu
                0x0601dc68                gftr_getDstPack
                0x0601dda0                gfdma_canUse
                0x0601d9dc                GFTR_Exec
                0x0601e22c                GFTR_GetData
                0x0601d90c                GFTR_Start
                0x0601d8a8                GFTR_SetUnit
                0x0601df88                gftr_execCpu
                0x0601e1c4                GFTR_GetLenRoom
 *fill*         0x0601e266        0xa 00
 .text          0x0601e270      0x106 ../sbl6/segalib/lib/sega_sat.a(gfs_buf.o)
                0x0601e2c8                GFBF_GetNumData
                0x0601e344                GFBF_RtnPk
                0x0601e2f8                GFBF_GetSrcPk
                0x0601e36c                gfbf_getSctDt
                0x0601e2a0                GFBF_GetTranData
                0x0601e320                GFBF_GetSctData
 *fill*         0x0601e376        0xa 00
 .text          0x0601e380      0x600 ../sbl6/segalib/lib/sega_sat.a(gfs_cdb.o)
                0x0601e928                GFCB_GetPickup
                0x0601e4a0                GFCB_Close
                0x0601e76c                GFCB_GetSrcPack
                0x0601e8f4                GFCB_SetCon
                0x0601e574                GFCB_GetLenRoom
                0x0601e8d8                GFCB_MovePickup
                0x0601e84c                GFCB_GetSctData
                0x0601e580                GFCB_SetFilt
                0x0601e4c8                GFCB_GetLenData
                0x0601e968                GFCB_UngetPickup
                0x0601e380                GFCB_Setup
                0x0601e610                GFCB_Tell
                0x0601e950                GFCB_IsPuOwner
                0x0601e670                GFCB_Seek
                0x0601e5e8                GFCB_DeleteAllData
                0x0601e884                GFCB_GetDstPack
                0x0601e620                gfcb_getSctNum
                0x0601e890                GFCB_RtnPk
 .text          0x0601e980     0x1a04 ../sbl6/segalib/lib/sega_sat.a(gfs_cdc.o)
                0x0601ec1c                GFCD_AllocBuf
                0x0601f9f8                gfcd_doGetLenDataTsk
                0x06020294                GFCD_SetCsctFunc
                0x0601ecf4                GFCD_GetBaseFad
                0x0601ee70                GFCD_GetFilt
                0x0601fe84                gfcd_doChgDirTsk
                0x060201c4                gfcd_checkEflag
                0x0601f1b8                GFCD_MovePickup
                0x0601f29c                GFCD_GetSctInfo
                0x0601fb4c                gfcd_doReqDataTsk
                0x0601f2e4                GFCD_ChgDir
                0x0601efd8                GFCD_ReqData
                0x060202b0                GFCD_ChkScdqFlag
                0x0601f768                GFCD_WaitServer
                0x0601f07c                GFCD_DelSctData
                0x0601f554                GFCD_ExecServer
                0x0601f968                gfcd_doSetConTsk
                0x0601ebb0                GFCD_AllocFilt
                0x0601edac                GFCD_SetFilt
                0x0601f7a4                gfcd_doSetFiltTsk
                0x060202d4                GFCD_ClrScdqFlag
                0x0601fbec                gfcd_doDelSctDataTsk
                0x0601f6b0                gfcd_doTask
                0x0601ed28                GFCD_GetPickup
                0x0601f278                GFCD_CheckMove
                0x060202f0                GFCD_WaitScdqFlag
                0x0601ef10                GFCD_Play
                0x0601fd20                gfcd_doMoveSctTsk
                0x0601eeb8                GFCD_SetCon
                0x0601f358                GFCD_SetFiltCon
                0x06020334                GFCD_WaitPause
                0x0601f51c                GFCD_GetBufSiz
                0x0601ed5c                GFCD_UngetPickup
                0x0601f440                GFCD_GetFileInfo
                0x0601f034                GFCD_EndData
                0x0601ec50                GFCD_FreeBuf
                0x0601ef70                GFCD_GetLenData
                0x0601ebec                GFCD_FreeFilt
                0x0601f628                gfcd_isIdleTask
                0x0601e9ac                GFCD_Init
                0x06020080                gfcd_doSetFiltConTsk
                0x0601f104                GFCD_GetStat
                0x0601f204                GFCD_MoveSctData
                0x0601ed88                GFCD_IsPuOwner
                0x060201e8                gfcd_initCdbMng
                0x0601e980                GFCD_SetCdbfs
                0x0601f754                GFCD_SetTimer
                0x06020268                gfcd_setStat
                0x0601f0d4                GFCD_CheckDelSctData
 *fill*         0x06020384        0xc 00
 .text          0x06020390      0x308 ../sbl6/segalib/lib/sega_sat.a(DMA_SCU0.o)
                0x06020414                DMA_ScuStart
                0x06020548                DMA_ScuIntFunc0
                0x060205b8                DMA_ScuIntFunc1
                0x06020628                DMA_ScuIntFunc2
                0x06020508                DMA_ScuGetStatus
                0x06020390                DMA_ScuSetPrm
 *fill*         0x06020698        0x8 00
 .text          0x060206a0       0xe8 ../sbl6/segalib/lib/sega_sat.a(csh_main.o)
                0x060206a0                CSH_Init
                0x06020708                CSH_AllClr
                0x06020754                CSH_Purge
 *fill*         0x06020788        0x8 00
 .text          0x06020790      0x1b6 ../sbl6/segalib/lib/sega_sat.a(DMA_CPU0.o)
                0x060207d8                DMA_CpuSetPrm
                0x060208dc                DMA_CpuStart
                0x06020934                DMA_CpuGetStatus
                0x06020908                DMA_CpuAllStop
                0x0602091c                DMA_CpuGetComStatus
                0x06020790                DMA_CpuSetComPrm
                0x060208f0                DMA_CpuStop
 *fill*         0x06020946        0xa 00
 .text          0x06020950      0x2dc ../sbl6/segalib/lib/sega_sat.a(cdc_reg.o)
                0x060209a4                CDREG_ClrHirqReq
                0x06020974                CDC_ClrHirqReq
                0x06020a24                CDREG_TgetData
                0x06020a14                CDC_GetMpegPtr
                0x060209f0                CDC_GetHirqMsk
                0x06020950                CDC_GetDataPtr
                0x06020960                CDC_GetHirqReq
                0x06020b80                CDREG_WaitHirq
                0x06020a04                CDC_SetHirqMsk
                0x06020a80                CDREG_CmdRsp
                0x060209b4                CDREG_InitHirqReq
                0x060209dc                CDREG_SetHirqFlag
                0x06020bf0                CDREG_ReadRsp
 *fill*         0x06020c2c        0x4 00
 .text          0x06020c30      0x194 ../sbl6/segalib/lib/sega_sat.a(cdc_cfs.o)
                0x06020c30                CDC_ChgDir
                0x06020c64                CDC_ReadDir
                0x06020d88                CDC_AbortFile
                0x06020c98                CDC_GetFileScope
                0x06020cf8                CDC_TgetFileInfo
                0x06020d54                CDC_ReadFile
 *fill*         0x06020dc4        0xc 00
 .text          0x06020dd0      0x3a0 ../sbl6/segalib/lib/sega_sat.a(cdc_cmn.o)
                0x06020f74                CDC_TgetToc
                0x06021118                CDC_DataEnd
                0x06020e38                CDC_GetPeriStat
                0x060210ac                CDC_DataReady
                0x06021084                CDC_CdOpen
                0x06021000                CDC_CdInit
                0x06020fc4                CDC_GetSes
                0x06020e20                CDC_GetLastStat
                0x06020dd0                CDC_GetCurStat
                0x06020f0c                CDC_GetHwInfo
 .text          0x06021170      0x1e4 ../sbl6/segalib/lib/sega_sat.a(cdc_bio.o)
                0x0602121c                CDC_GetdelSctData
                0x060211a4                CDC_GetSctData
                0x06021258                CDC_PutSctData
                0x060212d4                CDC_MoveSctData
                0x06021318                CDC_GetCopyErr
                0x060211e0                CDC_DelSctData
                0x06021170                CDC_SetSctLen
                0x06021290                CDC_CopySctData
 *fill*         0x06021354        0xc 00
 .text          0x06021360      0x2b8 ../sbl6/segalib/lib/sega_sat.a(cdc_sel.o)
                0x06021590                CDC_GetFiltCon
                0x0602150c                CDC_GetFiltMode
                0x060215e4                CDC_ResetSelector
                0x06021360                CDC_SetFiltRange
                0x060213ec                CDC_SetFiltSubh
                0x0602145c                CDC_GetFiltSubh
                0x06021394                CDC_GetFiltRange
                0x060214d8                CDC_SetFiltMode
                0x06021550                CDC_SetFiltCon
 *fill*         0x06021618        0x8 00
 .text          0x06021620      0x130 ../sbl6/segalib/lib/sega_sat.a(cdc_drv.o)
                0x06021620                CDC_CdPlay
                0x060216ec                CDC_CdSeek
                0x06021720                CDC_CdScan
 .text          0x06021750      0x270 ../sbl6/segalib/lib/sega_sat.a(cdc_bif.o)
                0x060217ac                CDC_GetSctNum
                0x0602192c                CDC_ExeFadSearch
                0x060218ac                CDC_GetSctInfo
                0x060217f0                CDC_CalActSiz
                0x06021750                CDC_GetBufSiz
                0x0602182c                CDC_GetActSiz
                0x06021964                CDC_GetFadSearch
 .text          0x060219c0       0xa8 ../sbl6/segalib/lib/sega_sat.a(cdc_dev.o)
                0x06021a2c                CDC_CdGetLastBuf
                0x060219c0                CDC_CdSetCon
                0x060219f0                CDC_CdGetCon
 *fill*         0x06021a68        0x8 00
 .text          0x06021a70      0x152 ../sbl6/segalib/lib/sega_sat.a(cdc_sub.o)
                0x06021b18                CDSUB_GetCdstat
                0x06021a88                CDSUB_UpdCdstat
                0x06021b58                CDSUB_RspToCdstat
                0x06021ba0                CDSUB_SoftTimer
                0x06021a70                CDSUB_UpdStatus
                0x06021aa8                CDSUB_CdCmd
 *fill*         0x06021bc2        0xe 00
 .text          0x06021bd0       0x60 C:/saturn/SH_COFF/sh-coff/bin/../lib/gcc/sh-coff/3.4-GNUSH_v0501\libgcc.a(_ashiftrt.o)
                0x06021bdc                __ashiftrt_r4_27
                0x06021c10                __ashiftrt_r4_6
                0x06021c00                __ashiftrt_r4_14
                0x06021bf2                __ashiftrt_r4_19
                0x06021c0a                __ashiftrt_r4_9
                0x06021c1e                __ashiftrt_r4_0
                0x06021bd0                __ashiftrt_r4_31
                0x06021bde                __ashiftrt_r4_26
                0x06021bec                __ashiftrt_r4_22
                0x06021bf8                __ashiftrt_r4_16
                0x06021c04                __ashiftrt_r4_12
                0x06021bd8                __ashiftrt_r4_29
                0x06021bf6                __ashiftrt_r4_17
                0x06021bd6                __ashiftrt_r4_30
                0x06021c12                __ashiftrt_r4_5
                0x06021c0c                __ashiftrt_r4_8
                0x06021bd0                __ashiftrt_r4_32
                0x06021be0                __ashiftrt_r4_25
                0x06021c18                __ashiftrt_r4_2
                0x06021be2                __ashiftrt_r4_24
                0x06021bfe                __ashiftrt_r4_15
                0x06021c08                __ashiftrt_r4_10
                0x06021c1a                __ashiftrt_r4_1
                0x06021bda                __ashiftrt_r4_28
                0x06021bf0                __ashiftrt_r4_20
                0x06021c0e                __ashiftrt_r4_7
                0x06021c02                __ashiftrt_r4_13
                0x06021c06                __ashiftrt_r4_11
                0x06021c14                __ashiftrt_r4_4
                0x06021bea                __ashiftrt_r4_23
                0x06021bf4                __ashiftrt_r4_18
                0x06021bee                __ashiftrt_r4_21
                0x06021c16                __ashiftrt_r4_3
 .text          0x06021c30       0x90 C:/saturn/SH_COFF/sh-coff/bin/../lib/gcc/sh-coff/3.4-GNUSH_v0501\libgcc.a(_ashiftlt.o)
                0x06021c30                __ashlsi3
 .text          0x06021cc0       0xb0 C:/saturn/SH_COFF/sh-coff/bin/../lib/gcc/sh-coff/3.4-GNUSH_v0501\libgcc.a(_movstr.o)
                0x06021d00                __movstrSI16
                0x06021cd4                __movstrSI60
                0x06021ce0                __movstrSI48
                0x06021cdc                __movstrSI52
                0x06021cd0                __movstrSI64
                0x06021ce4                __movstrSI44
                0x06021ce8                __movstrSI40
                0x06021cec                __movstrSI36
                0x06021d20                __movstr
                0x06021cd8                __movstrSI56
                0x06021cf4                __movstrSI28
                0x06021cf0                __movstrSI32
                0x06021d04                __movstrSI12
                0x06021d08                __movstrSI8
                0x06021d10                __movstrSI0
                0x06021cf8                __movstrSI24
                0x06021cfc                __movstrSI20
                0x06021d0c                __movstrSI4
 .text          0x06021d70       0xa0 C:/saturn/SH_COFF/sh-coff/bin/../lib/gcc/sh-coff/3.4-GNUSH_v0501\libgcc.a(__main.o)
                0x06021de4                __main
                0x06021d70                __do_global_dtors
                0x06021da4                __do_global_ctors
 .text          0x06021e10       0x70 C:/saturn/SH_COFF/sh-coff/bin/../lib/gcc/sh-coff/3.4-GNUSH_v0501\libgcc.a(_udivsi3.o)
                0x06021e32                __udivsi3
 .text          0x06021e80       0xb0 C:/saturn/SH_COFF/sh-coff/bin/../lib/gcc/sh-coff/3.4-GNUSH_v0501\libgcc.a(_si_to_df.o)
                0x06021e80                __floatsidf
 .text          0x06021f30      0x2e0 C:/saturn/SH_COFF/sh-coff/bin/../lib/gcc/sh-coff/3.4-GNUSH_v0501\libgcc.a(_mul_df.o)
                0x06021f40                __muldf3
 .text          0x06022210       0x80 C:/saturn/SH_COFF/sh-coff/bin/../lib/gcc/sh-coff/3.4-GNUSH_v0501\libgcc.a(_df_to_si.o)
                0x06022210                __fixdfsi
 .text          0x06022290       0xa0 C:/saturn/SH_COFF/sh-coff/bin/../lib/gcc/sh-coff/3.4-GNUSH_v0501\libgcc.a(_sdivsi3.o)
                0x06022290                __sdivsi3
 .text          0x06022330      0x220 C:/saturn/SH_COFF/sh-coff/bin/../lib/gcc/sh-coff/3.4-GNUSH_v0501\libgcc.a(_pack_df.o)
                0x06022340                __pack_d
 .text          0x06022550      0x120 C:/saturn/SH_COFF/sh-coff/bin/../lib/gcc/sh-coff/3.4-GNUSH_v0501\libgcc.a(_unpack_df.o)
                0x06022560                __unpack_d
 .text          0x06022670       0x20 C:/saturn/SH_COFF/sh-coff/bin/../lib/gcc/sh-coff/3.4-GNUSH_v0501\libgcc.a(_thenan_df.o)
                0x06022670                __thenan_df
 .text          0x06022690       0xd0 C:/saturn/SH_COFF/sh-coff/bin/../lib/gcc/sh-coff/3.4-GNUSH_v0501\libgcc.a(_muldi3.o)
                0x06022690                __muldi3
 .text          0x06022760       0x80 C:/saturn/SH_COFF/sh-coff/bin/../lib/gcc/sh-coff/3.4-GNUSH_v0501\libgcc.a(_lshrdi3.o)
                0x06022760                __lshrdi3
 .text          0x060227e0       0x80 C:/saturn/SH_COFF/sh-coff/bin/../lib/gcc/sh-coff/3.4-GNUSH_v0501\libgcc.a(_ashldi3.o)
                0x060227e0                __ashldi3
 .text          0x06022860       0x30 C:/saturn/SH_COFF/sh-coff/bin/../lib/gcc/sh-coff/3.4-GNUSH_v0501\libgcc.a(_mulsi3.o)
                0x06022860                __mulsi3
 .text          0x06022890       0x90 C:/saturn/SH_COFF/sh-coff/bin/../lib/gcc/sh-coff/3.4-GNUSH_v0501\libgcc.a(_lshiftrt.o)
                0x06022890                __lshrsi3
 .text          0x06022920       0xa0 C:/saturn/SH_COFF/sh-coff/bin/../lib/gcc/sh-coff/3.4-GNUSH_v0501/../../../../sh-coff/lib\libc.a(memcpy.o)
                0x06022920                memcpy
 .text          0x060229c0       0x40 C:/saturn/SH_COFF/sh-coff/bin/../lib/gcc/sh-coff/3.4-GNUSH_v0501/../../../../sh-coff/lib\libc.a(memset.o)
                0x060229c0                memset
 .text          0x06022a00       0x60 C:/saturn/SH_COFF/sh-coff/bin/../lib/gcc/sh-coff/3.4-GNUSH_v0501/../../../../sh-coff/lib\libc.a(memcmp.o)
                0x06022a00                memcmp
 .text          0x06022a60       0xb0 C:/saturn/SH_COFF/sh-coff/bin/../lib/gcc/sh-coff/3.4-GNUSH_v0501/../../../../sh-coff/lib\libc.a(strncmp.o)
                0x06022a60                strncmp
 .text          0x06022b10       0xa0 C:/saturn/SH_COFF/sh-coff/bin/../lib/gcc/sh-coff/3.4-GNUSH_v0501/../../../../sh-coff/lib\libc.a(strncpy.o)
                0x06022b10                strncpy
 .text          0x06022bb0       0x90 C:/saturn/SH_COFF/sh-coff/bin/../lib/gcc/sh-coff/3.4-GNUSH_v0501/../../../../sh-coff/lib\libc.a(atexit.o)
                0x06022bb0                atexit
 .text          0x06022c40       0x10 C:/saturn/SH_COFF/sh-coff/bin/../lib/gcc/sh-coff/3.4-GNUSH_v0501/../../../../sh-coff/lib\libc.a(impure.o)
                0x06022c40                _global_impure_ptr
 .text          0x06022c50       0x40 C:/saturn/SH_COFF/sh-coff/bin/../lib/gcc/sh-coff/3.4-GNUSH_v0501/../../../../sh-coff/lib\libc.a(malloc.o)
                0x06022c6c                free
                0x06022c50                malloc
 .text          0x06022c90      0x5b0 C:/saturn/SH_COFF/sh-coff/bin/../lib/gcc/sh-coff/3.4-GNUSH_v0501/../../../../sh-coff/lib\libc.a(mallocr.o)
                0x06022c90                _malloc_r
 .text          0x06023240      0x340 C:/saturn/SH_COFF/sh-coff/bin/../lib/gcc/sh-coff/3.4-GNUSH_v0501/../../../../sh-coff/lib\libc.a(freer.o)
                0x06023240                _malloc_trim_r
                0x06023334                _free_r
 .text          0x06023580       0x20 C:/saturn/SH_COFF/sh-coff/bin/../lib/gcc/sh-coff/3.4-GNUSH_v0501/../../../../sh-coff/lib\libc.a(mlock.o)
                0x06023580                __malloc_lock
                0x0602358c                __malloc_unlock
 .text          0x060235a0       0x50 C:/saturn/SH_COFF/sh-coff/bin/../lib/gcc/sh-coff/3.4-GNUSH_v0501/../../../../sh-coff/lib\libc.a(sbrkr.o)
                0x060235a0                _sbrk_r
 .text          0x060235f0      0x380 C:/saturn/SH_COFF/sh-coff/bin/../lib/gcc/sh-coff/3.4-GNUSH_v0501/../../../../sh-coff/lib\libc.a(syscalls.o)
                0x0602375c                _exit
                0x06023790                _getpid
                0x060237f8                _utime
                0x06023628                _write
                0x060235f0                _read
                0x06023744                _unlink
                0x0602370c                _open
                0x060237a8                _stat
                0x06023750                isatty
                0x06023828                _wait
                0x06023774                _kill
                0x060237c4                _chmod
                0x06023858                _execv
                0x0602383c                _execve
                0x06023934                __setup_argv_and_call_main
                0x06023890                _gettimeofday
                0x0602365c                _link
                0x0602379c                _raise
                0x06023728                _creat
                0x06023870                _pipe
                0x060237dc                _chown
                0x0602360c                _lseek
                0x06023644                _close
                0x06023884                _times
                0x060236f8                _fstat
                0x06023814                _fork
                0x06023684                _sbrk
 .text          0x06023970       0x20 C:/saturn/SH_COFF/sh-coff/bin/../lib/gcc/sh-coff/3.4-GNUSH_v0501/../../../../sh-coff/lib\libc.a(trap.o)
                0x06023970                __trap34
 .text          0x06023990       0x20 C:/saturn/SH_COFF/sh-coff/bin/../lib/gcc/sh-coff/3.4-GNUSH_v0501/../../../../sh-coff/lib\libc.a(abort.o)
                0x06023990                abort
 .text          0x060239b0      0x270 C:/saturn/SH_COFF/sh-coff/bin/../lib/gcc/sh-coff/3.4-GNUSH_v0501/../../../../sh-coff/lib\libc.a(signal.o)
                0x06023a70                _raise_r
                0x06023bf8                __sigtramp
                0x06023ba4                raise
                0x06023be0                _init_signal
                0x06023b30                __sigtramp_r
                0x06023bc0                signal
                0x060239fc                _signal_r
                0x060239b0                _init_signal_r
 .text          0x06023c20       0x60 C:/saturn/SH_COFF/sh-coff/bin/../lib/gcc/sh-coff/3.4-GNUSH_v0501/../../../../sh-coff/lib\libc.a(signalr.o)
                0x06023c68                _getpid_r
                0x06023c20                _kill_r
 *(.strings)

.tors           0x06023c80        0x0
                0x06023c80                ___ctors = .
 *(.ctors)
                0x06023c80                ___ctors_end = .
                0x06023c80                ___dtors = .
 *(.dtors)
                0x06023c80                ___dtors_end = .

.data           0x06023c80     0x1650
                0x06023c80                STARTOF_R = .
 *(.data)
 .data          0x06023c80      0x400 ../sbl6/segasmp/per/smpclib/per_x1.o
 .data          0x06024080       0x60 blocks.o
                0x060240d0                tile2_slope
                0x060240b0                tile4_slope
                0x06024080                block_slopes
                0x060240c0                tile3_slope
 .data          0x060240e0      0x520 graphics.o
                0x0602414e                guy_num
                0x060245f8                bg_num
                0x060241a4                hills_pal
                0x060241e4                hills_name
                0x060241f0                bg_pal
                0x060241ee                hills_num
                0x06024140                guy_name
                0x060240f0                hill_map_width
                0x06024100                guy_pal
                0x0602419a                font_height
                0x060240fe                map_width
                0x060240fc                map_height
                0x0602414a                guy_width
                0x060240f4                map_name
                0x06024190                font_name
                0x060245f0                bg_name
                0x060240ee                hill_map_height
                0x0602419c                font_width
                0x06024148                guy_height
                0x060240e0                hill_map_name
                0x060241a0                font_num
                0x06024150                font_pal
                0x0602414c                guy_size
                0x0602419e                font_size
 .data          0x06024600       0x10 player.o
                0x06024600                lives
 .data          0x06024610       0x30 sprite.o
 .data          0x06024640       0x20 scroll.o
                0x06024640                CycleTb
                0x06024650                vram
 .data          0x06024660      0x400 ../sbl6/segalib/lib/sega_int.a(int.o)
 .data          0x06024a60       0x1c ../sbl6/segalib/lib/sega_spr.a(spr_slv.o)
                0x06024a68                SPR_SlaveParam
                0x06024a78                SPR_SMPC_SF
                0x06024a70                SPR_SMPC_COM
                0x06024a6c                SPR_SlaveSHEntry
                0x06024a64                SPR_SlaveState
                0x06024a60                SPR_SlaveCommand
                0x06024a74                SPR_SMPC_RET
 *fill*         0x06024a7c        0x4 00
 .data          0x06024a80       0x34 ../sbl6/segalib/lib/sega_spr.a(spr_1c.o)
                0x06024a80                SpInitialFlag
 *fill*         0x06024ab4        0xc 00
 .data          0x06024ac0       0x1c ../sbl6/segalib/lib/sega_scl.a(scl_vblv.o)
                0x06024ac8                VBInterval
                0x06024ad0                ReqDisplayFlag
                0x06024ac0                SpFrameChgMode
                0x06024acc                VBIntervalCounter
                0x06024ac4                SpFrameEraseMode
 *fill*         0x06024adc        0x4 00
 .data          0x06024ae0       0x36 ../sbl6/segalib/lib/sega_scl.a(scl_func.o)
                0x06024af0                SclRotregBuff
                0x06024aec                SclDisplayY
                0x06024af4                SclRotateTableMode
                0x06024ae8                SclProcess
                0x06024ae4                SclCurSclNum
                0x06024ae0                SclLengthLsTbl
                0x06024aea                SclDisplayX
                0x06024ae2                SclLengthCsTbl
 *fill*         0x06024b16        0xa 00
 .data          0x06024b20       0x18 ../sbl6/segalib/lib/sega_scl.a(scl_pri.o)
                0x06024b24                SclRealSpPriNum
                0x06024b34                SclRealColOffset
                0x06024b30                SclRealBgColMix
                0x06024b2c                SclRealSpColMix
                0x06024b28                SclRealBgPriNum
                0x06024b20                SclRealOtherPri
 *fill*         0x06024b38        0x8 00
 .data          0x06024b40      0x380 C:/saturn/SH_COFF/sh-coff/bin/../lib/gcc/sh-coff/3.4-GNUSH_v0501/../../../../sh-coff/lib\libc.a(impure.o)
                0x06024ebc                _impure_ptr
 .data          0x06024ec0      0x410 C:/saturn/SH_COFF/sh-coff/bin/../lib/gcc/sh-coff/3.4-GNUSH_v0501/../../../../sh-coff/lib\libc.a(mallocr.o)
                0x06024ec8                __malloc_av_
                0x06024ec4                __malloc_trim_threshold
                0x06024ec0                __malloc_sbrk_base
                0x060252d0                SIZEOF_R = (. - STARTOF_R)
                0x060252d0                ENDOF_R = .

.bss            0x060252d0     0x8c54
                0x060252d0                STARTOF_B = .
 *(.bss)
 .bss           0x060252d0       0x10 vblank.o
                0x060252d4                PadData2E
                0x060252da                PadData1
                0x060252d6                PadData2
                0x060252d8                PadData1E
                0x060252d0                __port
 .bss           0x060252e0       0xd0 ../sbl6/segasmp/per/smpclib/per_x2.o
 .bss           0x060253b0       0x10 player.o
                0x060253b1                boost
                0x060253b0                jumps
 .bss           0x060253c0     0x3800 sprite.o
                0x060253c0                num_sprites
 .bss           0x06028bc0       0x50 scroll.o
                0x06028bdc                map_tiles_x
                0x06028be4                scrolls_y
                0x06028bc0                scroll_transition_state
                0x06028bc4                scroll_ysize
                0x06028bd4                map_tiles_y
                0x06028bcc                copy_modes
                0x06028bf4                scrolls_x
                0x06028bc8                scroll_xsize
 .bss           0x06028c10       0x10 main.o
                0x06028c10                frame
 .bss           0x06028c20       0x6e ../sbl6/segalib/lib/sega_spr.a(spr_2c.o)
 *fill*         0x06028c8e        0x2 00
 .bss           0x06028c90        0x4 ../sbl6/segalib/lib/sega_scl.a(scl_vblv.o)
 *fill*         0x06028c94        0xc 00
 .bss           0x06028ca0        0x4 ../sbl6/segalib/lib/sega_scl.a(scl_func.o)
 *fill*         0x06028ca4        0xc 00
 .bss           0x06028cb0       0x48 ../sbl6/segalib/lib/sega_scl.a(scl_ro00.o)
 *fill*         0x06028cf8        0x8 00
 .bss           0x06028d00       0x9c ../sbl6/segalib/lib/sega_per.a(per_prt.o)
 *fill*         0x06028d9c        0x4 00
 .bss           0x06028da0        0xc ../sbl6/segalib/lib/sega_sat.a(DMA_SCU1.o)
 *fill*         0x06028dac        0x4 00
 .bss           0x06028db0        0xc ../sbl6/segalib/lib/sega_sat.a(gfs_trn.o)
 *fill*         0x06028dbc        0x4 00
 .bss           0x06028dc0       0x20 ../sbl6/segalib/lib/sega_sat.a(DMA_SCU0.o)
 .bss           0x06028de0        0x2 ../sbl6/segalib/lib/sega_sat.a(cdc_reg.o)
 *fill*         0x06028de2        0xe 00
 .bss           0x06028df0        0xc ../sbl6/segalib/lib/sega_sat.a(cdc_sub.o)
 *fill*         0x06028dfc        0x4 00
 .bss           0x06028e00       0x10 C:/saturn/SH_COFF/sh-coff/bin/../lib/gcc/sh-coff/3.4-GNUSH_v0501\libgcc.a(__main.o)
 .bss           0x06028e10       0x10 C:/saturn/SH_COFF/sh-coff/bin/../lib/gcc/sh-coff/3.4-GNUSH_v0501/../../../../sh-coff/lib\libc.a(atexit.o)
 .bss           0x06028e20       0x40 C:/saturn/SH_COFF/sh-coff/bin/../lib/gcc/sh-coff/3.4-GNUSH_v0501/../../../../sh-coff/lib\libc.a(mallocr.o)
                0x06028e50                __malloc_top_pad
                0x06028e20                __malloc_current_mallinfo
                0x06028e4c                __malloc_max_sbrked_mem
                0x06028e48                __malloc_max_total_mem
 .bss           0x06028e60       0x10 C:/saturn/SH_COFF/sh-coff/bin/../lib/gcc/sh-coff/3.4-GNUSH_v0501/../../../../sh-coff/lib\libc.a(syscalls.o)
 *(COMMON)
 COMMON         0x06028e70     0x1674 cd.o
                                  0x0 (size before relaxing)
                0x06028e70                dirname
                0x060297d0                lib_work
                0x0602a4d8                directory_table
 *fill*         0x0602a4e4        0xc 00
 COMMON         0x0602a4f0       0x48 player.o
                                  0x0 (size before relaxing)
                0x0602a4f0                curr_level
                0x0602a500                player
 *fill*         0x0602a538        0x8 00
 COMMON         0x0602a540      0x8c0 print.o
                                  0x0 (size before relaxing)
                0x0602a540                text
 COMMON         0x0602ae00     0x1460 sprite.o
                                  0x0 (size before relaxing)
                0x0602ae00                sprites
                0x0602b260                image_buf
 COMMON         0x0602c260      0x24c scroll.o
                                  0x0 (size before relaxing)
                0x0602c260                scfg3
                0x0602c2f0                scfg0
                0x0602c380                maps
                0x0602c390                scfg2
                0x0602c420                scfg1
 *fill*         0x0602c4ac        0x4 00
 COMMON         0x0602c4b0      0x400 ../sbl6/segalib/lib/sega_int.a(int.o)
                                  0x0 (size before relaxing)
                0x0602c4b0                __interrupt_vector
 COMMON         0x0602c8b0       0x50 ../sbl6/segalib/lib/sega_spr.a(spr_2c.o)
                                  0x0 (size before relaxing)
                0x0602c8b0                SpMstCmd
                0x0602c8b4                Sp2OpenFlag
                0x0602c8b8                SpGourTblMax
                0x0602c8bc                SpDrawPrtyBlk
                0x0602c8c0                SpLCoordX
                0x0602c8c4                SpMstDrawPrtyBlk
                0x0602c8c8                SpGourTbl
                0x0602c8cc                SpLookupTblR
                0x0602c8d0                SpCmdTbl
                0x0602c8d4                SpCharMax
                0x0602c8d8                SpDrawPrtyProcFlag
                0x0602c8dc                SpCmdNo
                0x0602c8e0                SpDrawPrtyBlkMax
                0x0602c8e4                SpSlvCmdPos
                0x0602c8e8                SpSlvDrawPrtyBlk
                0x0602c8ec                SpCharTbl
                0x0602c8f0                SpCmdTblR
                0x0602c8f4                SpMstCmdPos
                0x0602c8f8                SpSlvCmd
                0x0602c8fc                SpLCoordY
 COMMON         0x0602c900       0x10 ../sbl6/segalib/lib/sega_spr.a(spr_1c.o)
                                  0x0 (size before relaxing)
                0x0602c900                SpScreenY
                0x0602c904                SpFbcrMode
                0x0602c906                SpDil
                0x0602c908                SpDie
                0x0602c90a                SpTvMode
                0x0602c90c                SpScreenX
 COMMON         0x0602c910      0xf00 ../sbl6/segalib/lib/sega_scl.a(scl_func.o)
                                  0x0 (size before relaxing)
                0x0602c910                SclRbgKtbAddr
                0x0602c918                SclRb
                0x0602c91a                Scl_flag
                0x0602c920                SclK_TableBuff
                0x0602d5f0                SclAddrCsTbl
                0x0602d600                Scl_s_reg
                0x0602d628                SclRotateXy
                0x0602d630                Scl_d_reg
                0x0602d678                SclRotateDisp
                0x0602d680                SclRotateMoveZ
                0x0602d688                SclRotXySw
                0x0602d690                Scl_r_reg
                0x0602d6a0                SclRPMD
                0x0602d6a8                SclRbgKtbOffset
                0x0602d6b0                _SclRotregBuff
                0x0602d780                SclRa
                0x0602d788                SclRotateZ
                0x0602d790                SclAddrLsTbl
                0x0602d798                SclK_TableNum
                0x0602d7a0                SclRotateTableAddress
                0x0602d7a4                SclK_TableFlag
                0x0602d7b0                Scl_w_reg
                0x0602d7d0                Scl_n_reg
 COMMON         0x0602d810      0x6b0 ../sbl6/segalib/lib/sega_scl.a(scl_pri.o)
                                  0x0 (size before relaxing)
                0x0602d810                SclAutoEndBlue2
                0x0602d820                SclColOffset
                0x0602d830                SclPriBuffDirty
                0x0602d832                SclAutoEndRed
                0x0602d834                SclAutoSurface
                0x0602d838                SclAutoGreen
                0x0602d83a                SclAutoEndGreen
                0x0602d83c                SclAutoCount
                0x0602d840                SclColRamAlloc256
                0x0602d860                SclAutoCurRate
                0x0602d861                SclAutoPlusFlag
                0x0602d868                SclSpColMix
                0x0602d870                SclAutoMax
                0x0602d874                SclLineColRamOffset
                0x0602d878                SclColRamAlloc2048
                0x0602d87c                SclBgPriNum
                0x0602d882                SclAutoEndBlue
                0x0602d884                SclAutoEndGreen2
                0x0602d886                SclAutoVeFlag
                0x0602d888                SclBgColMix
                0x0602d890                SclAutoIndex
                0x0602d894                SclAutoEndRate
                0x0602d896                SclAutoBlue
                0x0602d898                SclAutoRed
                0x0602d89c                SclAutoInterval
                0x0602d8a0                SclOtherPri
                0x0602d8b0                SclAutoRGB
                0x0602deb0                SclAutoEndRed2
                0x0602deb8                SclSpPriNum
 COMMON         0x0602dec0       0x10 ../sbl6/segalib/lib/sega_scl.a(scl_ro00.o)
                                  0x0 (size before relaxing)
                0x0602dec0                SclCsx
                0x0602dec8                SclCsy
 COMMON         0x0602ded0       0x15 ../sbl6/segalib/lib/sega_per.a(per_prt.o)
                                  0x0 (size before relaxing)
                0x0602ded0                per_get_time_flg
                0x0602ded1                per_hot_res
                0x0602ded2                per_set_sys_flg
                0x0602ded4                per_get_time_adr
                0x0602ded8                per_get_sys_data
                0x0602dee4                per_time_out_flg
 *fill*         0x0602dee5        0xb 00
 COMMON         0x0602def0        0xc ../sbl6/segalib/lib/sega_sat.a(gfs.o)
                                  0x0 (size before relaxing)
                0x0602def0                GFMC_base
                0x0602def4                gfs_mng_ptr
                0x0602def8                gfs_use_scudma
 *fill*         0x0602defc        0x4 00
 COMMON         0x0602df00        0x8 ../sbl6/segalib/lib/sega_sat.a(gfs_cdf.o)
                                  0x0 (size before relaxing)
                0x0602df00                gfcf_fad
                0x0602df04                gfcf_stat
 *fill*         0x0602df08        0x8 00
 COMMON         0x0602df10        0xc ../sbl6/segalib/lib/sega_sat.a(gfs_cdc.o)
                                  0x0 (size before relaxing)
                0x0602df10                gfcd_fatal_err
                0x0602df14                gfcd_work
                0x0602df18                gfcd_playflag
 *fill*         0x0602df1c        0x4 00
 COMMON         0x0602df20        0x4 C:/saturn/SH_COFF/sh-coff/bin/../lib/gcc/sh-coff/3.4-GNUSH_v0501/../../../../sh-coff/lib\libc.a(syscalls.o)
                                  0x0 (size before relaxing)
                0x0602df20                errno
                0x0602df24                SIZEOF_B = (. - STARTOF_B)
                0x0602df24                ENDOF_B = .
                0x0602df24                _end = .
OUTPUT(main.cof coff-sh)

.comment        0x0602df30      0x4a0
 .comment       0x0602df30       0x20 ../sbl6/segasmp/lib/strt2_g.o
 .comment       0x0602df50       0x20 vblank.o
 .comment       0x0602df70       0x20 ../sbl6/segasmp/per/smpclib/per_x1.o
 .comment       0x0602df90       0x20 ../sbl6/segasmp/per/smpclib/per_x2.o
 .comment       0x0602dfb0       0x20 blocks.o
 .comment       0x0602dfd0       0x20 cd.o
 .comment       0x0602dff0       0x20 collision.o
 .comment       0x0602e010       0x20 graphics.o
 .comment       0x0602e030       0x20 player.o
 .comment       0x0602e050       0x20 print.o
 .comment       0x0602e070       0x20 sprite.o
 .comment       0x0602e090       0x20 scroll.o
 .comment       0x0602e0b0       0x20 main.o
 .comment       0x0602e0d0       0x20 C:/saturn/SH_COFF/sh-coff/bin/../lib/gcc/sh-coff/3.4-GNUSH_v0501\libgcc.a(__main.o)
 .comment       0x0602e0f0       0x20 C:/saturn/SH_COFF/sh-coff/bin/../lib/gcc/sh-coff/3.4-GNUSH_v0501\libgcc.a(_si_to_df.o)
 .comment       0x0602e110       0x20 C:/saturn/SH_COFF/sh-coff/bin/../lib/gcc/sh-coff/3.4-GNUSH_v0501\libgcc.a(_mul_df.o)
 .comment       0x0602e130       0x20 C:/saturn/SH_COFF/sh-coff/bin/../lib/gcc/sh-coff/3.4-GNUSH_v0501\libgcc.a(_df_to_si.o)
 .comment       0x0602e150       0x20 C:/saturn/SH_COFF/sh-coff/bin/../lib/gcc/sh-coff/3.4-GNUSH_v0501\libgcc.a(_pack_df.o)
 .comment       0x0602e170       0x20 C:/saturn/SH_COFF/sh-coff/bin/../lib/gcc/sh-coff/3.4-GNUSH_v0501\libgcc.a(_unpack_df.o)
 .comment       0x0602e190       0x20 C:/saturn/SH_COFF/sh-coff/bin/../lib/gcc/sh-coff/3.4-GNUSH_v0501\libgcc.a(_thenan_df.o)
 .comment       0x0602e1b0       0x20 C:/saturn/SH_COFF/sh-coff/bin/../lib/gcc/sh-coff/3.4-GNUSH_v0501\libgcc.a(_muldi3.o)
 .comment       0x0602e1d0       0x20 C:/saturn/SH_COFF/sh-coff/bin/../lib/gcc/sh-coff/3.4-GNUSH_v0501\libgcc.a(_lshrdi3.o)
 .comment       0x0602e1f0       0x20 C:/saturn/SH_COFF/sh-coff/bin/../lib/gcc/sh-coff/3.4-GNUSH_v0501\libgcc.a(_ashldi3.o)
 .comment       0x0602e210       0x20 C:/saturn/SH_COFF/sh-coff/bin/../lib/gcc/sh-coff/3.4-GNUSH_v0501/../../../../sh-coff/lib\libc.a(memcmp.o)
 .comment       0x0602e230       0x20 C:/saturn/SH_COFF/sh-coff/bin/../lib/gcc/sh-coff/3.4-GNUSH_v0501/../../../../sh-coff/lib\libc.a(strncmp.o)
 .comment       0x0602e250       0x20 C:/saturn/SH_COFF/sh-coff/bin/../lib/gcc/sh-coff/3.4-GNUSH_v0501/../../../../sh-coff/lib\libc.a(strncpy.o)
 .comment       0x0602e270       0x20 C:/saturn/SH_COFF/sh-coff/bin/../lib/gcc/sh-coff/3.4-GNUSH_v0501/../../../../sh-coff/lib\libc.a(atexit.o)
 .comment       0x0602e290       0x20 C:/saturn/SH_COFF/sh-coff/bin/../lib/gcc/sh-coff/3.4-GNUSH_v0501/../../../../sh-coff/lib\libc.a(impure.o)
 .comment       0x0602e2b0       0x20 C:/saturn/SH_COFF/sh-coff/bin/../lib/gcc/sh-coff/3.4-GNUSH_v0501/../../../../sh-coff/lib\libc.a(malloc.o)
 .comment       0x0602e2d0       0x20 C:/saturn/SH_COFF/sh-coff/bin/../lib/gcc/sh-coff/3.4-GNUSH_v0501/../../../../sh-coff/lib\libc.a(mallocr.o)
 .comment       0x0602e2f0       0x20 C:/saturn/SH_COFF/sh-coff/bin/../lib/gcc/sh-coff/3.4-GNUSH_v0501/../../../../sh-coff/lib\libc.a(freer.o)
 .comment       0x0602e310       0x20 C:/saturn/SH_COFF/sh-coff/bin/../lib/gcc/sh-coff/3.4-GNUSH_v0501/../../../../sh-coff/lib\libc.a(mlock.o)
 .comment       0x0602e330       0x20 C:/saturn/SH_COFF/sh-coff/bin/../lib/gcc/sh-coff/3.4-GNUSH_v0501/../../../../sh-coff/lib\libc.a(sbrkr.o)
 .comment       0x0602e350       0x20 C:/saturn/SH_COFF/sh-coff/bin/../lib/gcc/sh-coff/3.4-GNUSH_v0501/../../../../sh-coff/lib\libc.a(syscalls.o)
 .comment       0x0602e370       0x20 C:/saturn/SH_COFF/sh-coff/bin/../lib/gcc/sh-coff/3.4-GNUSH_v0501/../../../../sh-coff/lib\libc.a(abort.o)
 .comment       0x0602e390       0x20 C:/saturn/SH_COFF/sh-coff/bin/../lib/gcc/sh-coff/3.4-GNUSH_v0501/../../../../sh-coff/lib\libc.a(signal.o)
 .comment       0x0602e3b0       0x20 C:/saturn/SH_COFF/sh-coff/bin/../lib/gcc/sh-coff/3.4-GNUSH_v0501/../../../../sh-coff/lib\libc.a(signalr.o)
