Archive member included because of file (symbol)

../sbl6/segalib/lib/sega_int.a(int.o)
                              vblank.o (INT_SetScuFunc)
../sbl6/segalib/lib/sega_int.a(int_trmp.o)
                              ../sbl6/segalib/lib/sega_int.a(int.o) (__interrupt_handler0)
../sbl6/segalib/lib/sega_spr.a(spr_2c.o)
                              sprite.o (SPR_2Initial)
../sbl6/segalib/lib/sega_spr.a(spr_slv.o)
                              ../sbl6/segalib/lib/sega_spr.a(spr_2c.o) (SPR_InitSlaveSH)
../sbl6/segalib/lib/sega_spr.a(spr_1c.o)
                              ../sbl6/segalib/lib/sega_spr.a(spr_2c.o) (SPR_Initial)
../sbl6/segalib/lib/sega_spr.a(spr_2a.o)
                              ../sbl6/segalib/lib/sega_spr.a(spr_2c.o) (SPR_2SetDrawPrty)
../sbl6/segalib/lib/sega_scl.a(scl_vblv.o)
                              ../sbl6/segalib/lib/sega_spr.a(spr_1c.o) (SpFrameChgMode)
../sbl6/segalib/lib/sega_scl.a(scl_func.o)
                              sprite.o (SCL_Vdp2Init)
../sbl6/segalib/lib/sega_scl.a(scl_pr03.o)
                              scroll.o (SCL_AllocColRam)
../sbl6/segalib/lib/sega_scl.a(scl_pr02.o)
                              scroll.o (SCL_SetColRam)
../sbl6/segalib/lib/sega_scl.a(scl_back.o)
                              scroll.o (SCL_SetBack)
../sbl6/segalib/lib/sega_scl.a(scl_fu03.o)
                              scroll.o (SCL_InitConfigTb)
../sbl6/segalib/lib/sega_scl.a(scl_fu02.o)
                              scroll.o (SCL_InitVramConfigTb)
../sbl6/segalib/lib/sega_scl.a(scl_fu04.o)
                              scroll.o (SCL_SetCycleTable)
../sbl6/segalib/lib/sega_scl.a(scl_pr07.o)
                              scroll.o (SCL_SetPriority)
../sbl6/segalib/lib/sega_scl.a(scl_pri.o)
                              ../sbl6/segalib/lib/sega_scl.a(scl_func.o) (SclRealOtherPri)
../sbl6/segalib/lib/sega_scl.a(scl_pr01.o)
                              main.o (SCL_SetSpriteMode)
../sbl6/segalib/lib/sega_scl.a(scl_ro00.o)
                              ../sbl6/segalib/lib/sega_scl.a(scl_func.o) (SCL_Rotate)
../sbl6/segalib/lib/sega_scl.a(scl_pr06.o)
                              ../sbl6/segalib/lib/sega_scl.a(scl_pr03.o) (SCL_SetColRamOffset)
../sbl6/segalib/lib/sega_scl.a(scl_pr05.o)
                              ../sbl6/segalib/lib/sega_scl.a(scl_pr02.o) (SCL_GetColRamOffset)
../sbl6/segalib/lib/sega_mth.a(mth_fixd.o)
                              player.o (MTH_Mul)
../sbl6/segalib/lib/sega_mth.a(mth_tri.o)
                              sprite.o (MTH_Sin)
../sbl6/segalib/lib/sega_per.a(per_prt.o)
                              ../sbl6/segasmp/per/smpclib/per_x2.o (PER_LInit)
../sbl6/segalib/lib/sega_sat.a(DMA_SCU1.o)
                              ../sbl6/segalib/lib/sega_spr.a(spr_2c.o) (DMA_ScuMemCopy)
../sbl6/segalib/lib/sega_sat.a(DMA_SCU0.o)
                              ../sbl6/segalib/lib/sega_sat.a(DMA_SCU1.o) (DMA_ScuSetPrm)
../sbl6/segalib/lib/sega_sat.a(csh_main.o)
                              ../sbl6/segalib/lib/sega_sat.a(DMA_SCU1.o) (CSH_Purge)
c:/saturn/SH_COFF/sh-coff/bin/../lib/gcc/sh-coff/3.4-GNUSH_v0501\libgcc.a(_ashiftlt.o)
                              scroll.o (__ashlsi3)
c:/saturn/SH_COFF/sh-coff/bin/../lib/gcc/sh-coff/3.4-GNUSH_v0501\libgcc.a(_movstr.o)
                              scroll.o (__movstr)
c:/saturn/SH_COFF/sh-coff/bin/../lib/gcc/sh-coff/3.4-GNUSH_v0501\libgcc.a(__main.o)
                              main.o (__main)
c:/saturn/SH_COFF/sh-coff/bin/../lib/gcc/sh-coff/3.4-GNUSH_v0501\libgcc.a(_udivsi3.o)
                              ../sbl6/segalib/lib/sega_scl.a(scl_fu03.o) (__udivsi3)
c:/saturn/SH_COFF/sh-coff/bin/../lib/gcc/sh-coff/3.4-GNUSH_v0501\libgcc.a(_ashiftrt.o)
                              ../sbl6/segalib/lib/sega_scl.a(scl_ro00.o) (__ashiftrt_r4_6)
c:/saturn/SH_COFF/sh-coff/bin/../lib/gcc/sh-coff/3.4-GNUSH_v0501\libgcc.a(_si_to_df.o)
                              ../sbl6/segalib/lib/sega_scl.a(scl_ro00.o) (__floatsidf)
c:/saturn/SH_COFF/sh-coff/bin/../lib/gcc/sh-coff/3.4-GNUSH_v0501\libgcc.a(_mul_df.o)
                              ../sbl6/segalib/lib/sega_scl.a(scl_ro00.o) (__muldf3)
c:/saturn/SH_COFF/sh-coff/bin/../lib/gcc/sh-coff/3.4-GNUSH_v0501\libgcc.a(_df_to_si.o)
                              ../sbl6/segalib/lib/sega_scl.a(scl_ro00.o) (__fixdfsi)
c:/saturn/SH_COFF/sh-coff/bin/../lib/gcc/sh-coff/3.4-GNUSH_v0501\libgcc.a(_pack_df.o)
                              c:/saturn/SH_COFF/sh-coff/bin/../lib/gcc/sh-coff/3.4-GNUSH_v0501\libgcc.a(_si_to_df.o) (__pack_d)
c:/saturn/SH_COFF/sh-coff/bin/../lib/gcc/sh-coff/3.4-GNUSH_v0501\libgcc.a(_unpack_df.o)
                              c:/saturn/SH_COFF/sh-coff/bin/../lib/gcc/sh-coff/3.4-GNUSH_v0501\libgcc.a(_mul_df.o) (__unpack_d)
c:/saturn/SH_COFF/sh-coff/bin/../lib/gcc/sh-coff/3.4-GNUSH_v0501\libgcc.a(_thenan_df.o)
                              c:/saturn/SH_COFF/sh-coff/bin/../lib/gcc/sh-coff/3.4-GNUSH_v0501\libgcc.a(_mul_df.o) (__thenan_df)
c:/saturn/SH_COFF/sh-coff/bin/../lib/gcc/sh-coff/3.4-GNUSH_v0501\libgcc.a(_muldi3.o)
                              c:/saturn/SH_COFF/sh-coff/bin/../lib/gcc/sh-coff/3.4-GNUSH_v0501\libgcc.a(_mul_df.o) (__muldi3)
c:/saturn/SH_COFF/sh-coff/bin/../lib/gcc/sh-coff/3.4-GNUSH_v0501\libgcc.a(_lshrdi3.o)
                              c:/saturn/SH_COFF/sh-coff/bin/../lib/gcc/sh-coff/3.4-GNUSH_v0501\libgcc.a(_df_to_si.o) (__lshrdi3)
c:/saturn/SH_COFF/sh-coff/bin/../lib/gcc/sh-coff/3.4-GNUSH_v0501\libgcc.a(_ashldi3.o)
                              c:/saturn/SH_COFF/sh-coff/bin/../lib/gcc/sh-coff/3.4-GNUSH_v0501\libgcc.a(_pack_df.o) (__ashldi3)
c:/saturn/SH_COFF/sh-coff/bin/../lib/gcc/sh-coff/3.4-GNUSH_v0501\libgcc.a(_mulsi3.o)
                              c:/saturn/SH_COFF/sh-coff/bin/../lib/gcc/sh-coff/3.4-GNUSH_v0501\libgcc.a(_muldi3.o) (__mulsi3)
c:/saturn/SH_COFF/sh-coff/bin/../lib/gcc/sh-coff/3.4-GNUSH_v0501\libgcc.a(_lshiftrt.o)
                              c:/saturn/SH_COFF/sh-coff/bin/../lib/gcc/sh-coff/3.4-GNUSH_v0501\libgcc.a(_lshrdi3.o) (__lshrsi3)
c:/saturn/SH_COFF/sh-coff/bin/../lib/gcc/sh-coff/3.4-GNUSH_v0501/../../../../sh-coff/lib\libc.a(memcpy.o)
                              scroll.o (memcpy)
c:/saturn/SH_COFF/sh-coff/bin/../lib/gcc/sh-coff/3.4-GNUSH_v0501/../../../../sh-coff/lib\libc.a(memset.o)
                              scroll.o (memset)
c:/saturn/SH_COFF/sh-coff/bin/../lib/gcc/sh-coff/3.4-GNUSH_v0501/../../../../sh-coff/lib\libc.a(atexit.o)
                              c:/saturn/SH_COFF/sh-coff/bin/../lib/gcc/sh-coff/3.4-GNUSH_v0501\libgcc.a(__main.o) (atexit)
c:/saturn/SH_COFF/sh-coff/bin/../lib/gcc/sh-coff/3.4-GNUSH_v0501/../../../../sh-coff/lib\libc.a(impure.o)
                              c:/saturn/SH_COFF/sh-coff/bin/../lib/gcc/sh-coff/3.4-GNUSH_v0501/../../../../sh-coff/lib\libc.a(atexit.o) (_impure_ptr)
c:/saturn/SH_COFF/sh-coff/bin/../lib/gcc/sh-coff/3.4-GNUSH_v0501/../../../../sh-coff/lib\libc.a(malloc.o)
                              c:/saturn/SH_COFF/sh-coff/bin/../lib/gcc/sh-coff/3.4-GNUSH_v0501/../../../../sh-coff/lib\libc.a(atexit.o) (malloc)
c:/saturn/SH_COFF/sh-coff/bin/../lib/gcc/sh-coff/3.4-GNUSH_v0501/../../../../sh-coff/lib\libc.a(mallocr.o)
                              c:/saturn/SH_COFF/sh-coff/bin/../lib/gcc/sh-coff/3.4-GNUSH_v0501/../../../../sh-coff/lib\libc.a(malloc.o) (_malloc_r)
c:/saturn/SH_COFF/sh-coff/bin/../lib/gcc/sh-coff/3.4-GNUSH_v0501/../../../../sh-coff/lib\libc.a(freer.o)
                              c:/saturn/SH_COFF/sh-coff/bin/../lib/gcc/sh-coff/3.4-GNUSH_v0501/../../../../sh-coff/lib\libc.a(malloc.o) (_free_r)
c:/saturn/SH_COFF/sh-coff/bin/../lib/gcc/sh-coff/3.4-GNUSH_v0501/../../../../sh-coff/lib\libc.a(mlock.o)
                              c:/saturn/SH_COFF/sh-coff/bin/../lib/gcc/sh-coff/3.4-GNUSH_v0501/../../../../sh-coff/lib\libc.a(mallocr.o) (__malloc_lock)
c:/saturn/SH_COFF/sh-coff/bin/../lib/gcc/sh-coff/3.4-GNUSH_v0501/../../../../sh-coff/lib\libc.a(sbrkr.o)
                              c:/saturn/SH_COFF/sh-coff/bin/../lib/gcc/sh-coff/3.4-GNUSH_v0501/../../../../sh-coff/lib\libc.a(mallocr.o) (_sbrk_r)
c:/saturn/SH_COFF/sh-coff/bin/../lib/gcc/sh-coff/3.4-GNUSH_v0501/../../../../sh-coff/lib\libc.a(syscalls.o)
                              c:/saturn/SH_COFF/sh-coff/bin/../lib/gcc/sh-coff/3.4-GNUSH_v0501/../../../../sh-coff/lib\libc.a(sbrkr.o) (_sbrk)
c:/saturn/SH_COFF/sh-coff/bin/../lib/gcc/sh-coff/3.4-GNUSH_v0501/../../../../sh-coff/lib\libc.a(trap.o)
                              c:/saturn/SH_COFF/sh-coff/bin/../lib/gcc/sh-coff/3.4-GNUSH_v0501/../../../../sh-coff/lib\libc.a(syscalls.o) (__trap34)
c:/saturn/SH_COFF/sh-coff/bin/../lib/gcc/sh-coff/3.4-GNUSH_v0501/../../../../sh-coff/lib\libc.a(abort.o)
                              c:/saturn/SH_COFF/sh-coff/bin/../lib/gcc/sh-coff/3.4-GNUSH_v0501/../../../../sh-coff/lib\libc.a(syscalls.o) (abort)
c:/saturn/SH_COFF/sh-coff/bin/../lib/gcc/sh-coff/3.4-GNUSH_v0501/../../../../sh-coff/lib\libc.a(signal.o)
                              c:/saturn/SH_COFF/sh-coff/bin/../lib/gcc/sh-coff/3.4-GNUSH_v0501/../../../../sh-coff/lib\libc.a(abort.o) (raise)
c:/saturn/SH_COFF/sh-coff/bin/../lib/gcc/sh-coff/3.4-GNUSH_v0501/../../../../sh-coff/lib\libc.a(signalr.o)
                              c:/saturn/SH_COFF/sh-coff/bin/../lib/gcc/sh-coff/3.4-GNUSH_v0501/../../../../sh-coff/lib\libc.a(signal.o) (_kill_r)

Allocating common symbols
Common symbol       size              file

SclRbgKtbAddr       0x8               ../sbl6/segalib/lib/sega_scl.a(scl_func.o)
sprites             0x1c20            sprite.o
SpMstCmd            0x4               ../sbl6/segalib/lib/sega_spr.a(spr_2c.o)
SclRb               0x1               ../sbl6/segalib/lib/sega_scl.a(scl_func.o)
Scl_flag            0x2               ../sbl6/segalib/lib/sega_scl.a(scl_func.o)
per_get_time_flg    0x1               ../sbl6/segalib/lib/sega_per.a(per_prt.o)
SpScreenY           0x4               ../sbl6/segalib/lib/sega_spr.a(spr_1c.o)
SclK_TableBuff      0xcd0             ../sbl6/segalib/lib/sega_scl.a(scl_func.o)
SclAutoEndBlue2     0x2               ../sbl6/segalib/lib/sega_scl.a(scl_pri.o)
SpFbcrMode          0x2               ../sbl6/segalib/lib/sega_spr.a(spr_1c.o)
Sp2OpenFlag         0x4               ../sbl6/segalib/lib/sega_spr.a(spr_2c.o)
scfg3               0x8c              scroll.o
SclColOffset        0x10              ../sbl6/segalib/lib/sega_scl.a(scl_pri.o)
SclAddrCsTbl        0x8               ../sbl6/segalib/lib/sega_scl.a(scl_func.o)
scfg0               0x8c              scroll.o
SclPriBuffDirty     0x1               ../sbl6/segalib/lib/sega_scl.a(scl_pri.o)
SclAutoEndRed       0x2               ../sbl6/segalib/lib/sega_scl.a(scl_pri.o)
player              0x24              player.o
SclAutoSurface      0x4               ../sbl6/segalib/lib/sega_scl.a(scl_pri.o)
__interrupt_vector  0x400             ../sbl6/segalib/lib/sega_int.a(int.o)
per_hot_res         0x1               ../sbl6/segalib/lib/sega_per.a(per_prt.o)
SclCsx              0x8               ../sbl6/segalib/lib/sega_scl.a(scl_ro00.o)
Scl_s_reg           0x28              ../sbl6/segalib/lib/sega_scl.a(scl_func.o)
SclAutoGreen        0x2               ../sbl6/segalib/lib/sega_scl.a(scl_pri.o)
SclAutoEndGreen     0x2               ../sbl6/segalib/lib/sega_scl.a(scl_pri.o)
SclAutoCount        0x4               ../sbl6/segalib/lib/sega_scl.a(scl_pri.o)
SpGourTblMax        0x4               ../sbl6/segalib/lib/sega_spr.a(spr_2c.o)
SclColRamAlloc256   0x20              ../sbl6/segalib/lib/sega_scl.a(scl_pri.o)
SclRotateXy         0x8               ../sbl6/segalib/lib/sega_scl.a(scl_func.o)
SpDrawPrtyBlk       0x4               ../sbl6/segalib/lib/sega_spr.a(spr_2c.o)
SclAutoCurRate      0x1               ../sbl6/segalib/lib/sega_scl.a(scl_pri.o)
SpLCoordX           0x4               ../sbl6/segalib/lib/sega_spr.a(spr_2c.o)
maps                0x8               scroll.o
SpMstDrawPrtyBlk    0x4               ../sbl6/segalib/lib/sega_spr.a(spr_2c.o)
SclAutoPlusFlag     0x1               ../sbl6/segalib/lib/sega_scl.a(scl_pri.o)
per_set_sys_flg     0x1               ../sbl6/segalib/lib/sega_per.a(per_prt.o)
Scl_d_reg           0x48              ../sbl6/segalib/lib/sega_scl.a(scl_func.o)
SclRotateDisp       0x8               ../sbl6/segalib/lib/sega_scl.a(scl_func.o)
SpGourTbl           0x4               ../sbl6/segalib/lib/sega_spr.a(spr_2c.o)
SclSpColMix         0x8               ../sbl6/segalib/lib/sega_scl.a(scl_pri.o)
SpDil               0x2               ../sbl6/segalib/lib/sega_spr.a(spr_1c.o)
SpLookupTblR        0x2               ../sbl6/segalib/lib/sega_spr.a(spr_2c.o)
SclAutoMax          0x4               ../sbl6/segalib/lib/sega_scl.a(scl_pri.o)
SpCmdTbl            0x4               ../sbl6/segalib/lib/sega_spr.a(spr_2c.o)
SclRotateMoveZ      0x8               ../sbl6/segalib/lib/sega_scl.a(scl_func.o)
scfg2               0x8c              scroll.o
SclLineColRamOffset
                    0x4               ../sbl6/segalib/lib/sega_scl.a(scl_pri.o)
SclRotXySw          0x4               ../sbl6/segalib/lib/sega_scl.a(scl_func.o)
per_get_time_adr    0x4               ../sbl6/segalib/lib/sega_per.a(per_prt.o)
SclColRamAlloc2048  0x4               ../sbl6/segalib/lib/sega_scl.a(scl_pri.o)
SclBgPriNum         0x6               ../sbl6/segalib/lib/sega_scl.a(scl_pri.o)
SpCharMax           0x4               ../sbl6/segalib/lib/sega_spr.a(spr_2c.o)
SpDrawPrtyProcFlag  0x4               ../sbl6/segalib/lib/sega_spr.a(spr_2c.o)
SclAutoEndBlue      0x2               ../sbl6/segalib/lib/sega_scl.a(scl_pri.o)
SpCmdNo             0x4               ../sbl6/segalib/lib/sega_spr.a(spr_2c.o)
SclAutoEndGreen2    0x2               ../sbl6/segalib/lib/sega_scl.a(scl_pri.o)
Scl_r_reg           0x10              ../sbl6/segalib/lib/sega_scl.a(scl_func.o)
SclRPMD             0x2               ../sbl6/segalib/lib/sega_scl.a(scl_func.o)
SpDrawPrtyBlkMax    0x4               ../sbl6/segalib/lib/sega_spr.a(spr_2c.o)
SpDie               0x2               ../sbl6/segalib/lib/sega_spr.a(spr_1c.o)
SclAutoVeFlag       0x1               ../sbl6/segalib/lib/sega_scl.a(scl_pri.o)
SclBgColMix         0x8               ../sbl6/segalib/lib/sega_scl.a(scl_pri.o)
text                0x460             print.o
SpSlvCmdPos         0x4               ../sbl6/segalib/lib/sega_spr.a(spr_2c.o)
per_get_sys_data    0xc               ../sbl6/segalib/lib/sega_per.a(per_prt.o)
SclRbgKtbOffset     0x8               ../sbl6/segalib/lib/sega_scl.a(scl_func.o)
SclAutoIndex        0x4               ../sbl6/segalib/lib/sega_scl.a(scl_pri.o)
SclAutoEndRate      0x1               ../sbl6/segalib/lib/sega_scl.a(scl_pri.o)
SpSlvDrawPrtyBlk    0x4               ../sbl6/segalib/lib/sega_spr.a(spr_2c.o)
_SclRotregBuff      0xd0              ../sbl6/segalib/lib/sega_scl.a(scl_func.o)
SclAutoBlue         0x2               ../sbl6/segalib/lib/sega_scl.a(scl_pri.o)
SpTvMode            0x2               ../sbl6/segalib/lib/sega_spr.a(spr_1c.o)
SpScreenX           0x4               ../sbl6/segalib/lib/sega_spr.a(spr_1c.o)
SclRa               0x1               ../sbl6/segalib/lib/sega_scl.a(scl_func.o)
SclRotateZ          0x8               ../sbl6/segalib/lib/sega_scl.a(scl_func.o)
SpCharTbl           0x4               ../sbl6/segalib/lib/sega_spr.a(spr_2c.o)
SclAddrLsTbl        0x8               ../sbl6/segalib/lib/sega_scl.a(scl_func.o)
SclK_TableNum       0x8               ../sbl6/segalib/lib/sega_scl.a(scl_func.o)
SclAutoRed          0x2               ../sbl6/segalib/lib/sega_scl.a(scl_pri.o)
SpCmdTblR           0x2               ../sbl6/segalib/lib/sega_spr.a(spr_2c.o)
SclAutoInterval     0x4               ../sbl6/segalib/lib/sega_scl.a(scl_pri.o)
SclOtherPri         0x10              ../sbl6/segalib/lib/sega_scl.a(scl_pri.o)
per_time_out_flg    0x1               ../sbl6/segalib/lib/sega_per.a(per_prt.o)
SclRotateTableAddress
                    0x4               ../sbl6/segalib/lib/sega_scl.a(scl_func.o)
SpMstCmdPos         0x4               ../sbl6/segalib/lib/sega_spr.a(spr_2c.o)
SpSlvCmd            0x4               ../sbl6/segalib/lib/sega_spr.a(spr_2c.o)
scfg1               0x8c              scroll.o
SclAutoRGB          0x600             ../sbl6/segalib/lib/sega_scl.a(scl_pri.o)
errno               0x4               c:/saturn/SH_COFF/sh-coff/bin/../lib/gcc/sh-coff/3.4-GNUSH_v0501/../../../../sh-coff/lib\libc.a(syscalls.o)
SclK_TableFlag      0x4               ../sbl6/segalib/lib/sega_scl.a(scl_func.o)
tilemaps            0x4               scroll.o
SclAutoEndRed2      0x2               ../sbl6/segalib/lib/sega_scl.a(scl_pri.o)
SclCsy              0x8               ../sbl6/segalib/lib/sega_scl.a(scl_ro00.o)
SclSpPriNum         0x8               ../sbl6/segalib/lib/sega_scl.a(scl_pri.o)
Scl_w_reg           0x20              ../sbl6/segalib/lib/sega_scl.a(scl_func.o)
SpLCoordY           0x4               ../sbl6/segalib/lib/sega_spr.a(spr_2c.o)
Scl_n_reg           0x40              ../sbl6/segalib/lib/sega_scl.a(scl_func.o)

Memory Configuration

Name             Origin             Length             Attributes
*default*        0x00000000         0xffffffff

Linker script and memory map

LOAD ../sbl6/segasmp/lib/strt1_g.o
LOAD ../sbl6/segasmp/lib/strt2_g.o
LOAD vblank.o
LOAD ../sbl6/segasmp/per/smpclib/per_x1.o
LOAD ../sbl6/segasmp/per/smpclib/per_x2.o
LOAD ../sbl6/segasmp/per/smpclib/per_x3.o
LOAD collision.o
LOAD graphics.o
LOAD player.o
LOAD print.o
LOAD sprite.o
LOAD scroll.o
LOAD main.o
LOAD ../sbl6/segalib/lib/sega_int.a
LOAD ../sbl6/segalib/lib/sega_spr.a
LOAD ../sbl6/segalib/lib/sega_scl.a
LOAD ../sbl6/segalib/lib/sega_mth.a
LOAD ../sbl6/segalib/lib/sega_cdc.a
LOAD ../sbl6/segalib/lib/sega_adp.a
LOAD ../sbl6/segalib/lib/sega_per.a
LOAD ../sbl6/segalib/lib/sega_sat.a
LOAD c:/saturn/SH_COFF/sh-coff/bin/../lib/gcc/sh-coff/3.4-GNUSH_v0501\libgcc.a
LOAD c:/saturn/SH_COFF/sh-coff/bin/../lib/gcc/sh-coff/3.4-GNUSH_v0501/../../../../sh-coff/lib\libc.a
LOAD c:/saturn/SH_COFF/sh-coff/bin/../lib/gcc/sh-coff/3.4-GNUSH_v0501\libgcc.a

.text           0x06010000    0x1d900
 *(.text)
 .text          0x06010000       0x30 ../sbl6/segasmp/lib/strt1_g.o
                0x06010024                _D_END
                0x06010020                _D_BGN
                0x0601002c                _B_END
                0x06010028                _B_BGN
                0x06010000                START
 .text          0x06010030       0x60 ../sbl6/segasmp/lib/strt2_g.o
                0x06010050                _INITSCT
                0x06010030                _INIT
 .text          0x06010090      0x1b0 vblank.o
                0x06010090                SetVblank
                0x06010140                UsrVblankOut
                0x060100f0                UsrVblankIn
 .text          0x06010240      0x430 ../sbl6/segasmp/per/smpclib/per_x1.o
                0x060105d4                PER_GetAnalogXYZ
                0x06010264                PER_GetTriggerHandler
                0x060104fe                PER_GetEdge
                0x0601047c                PER_GetTrigger
                0x06010528                PER_GetPressEdge
                0x0601057c                PER_GetReleaseEdge
                0x06010240                PER_SetTriggerHandler
 .text          0x06010670      0x200 ../sbl6/segasmp/per/smpclib/per_x2.o
                0x06010774                PER_GetDeviceA
                0x06010670                PER_OpenPort
                0x060106a8                PER_GetPort
                0x060107ee                PER_GetDeviceR
 .text          0x06010870       0x20 ../sbl6/segasmp/per/smpclib/per_x3.o
                0x06010870                PER_DisguiseTrigger
 .text          0x06010890      0xe40 collision.o
                0x06011640                collision_detect_up_right
                0x060108d0                over_air
                0x060109f0                collision_detect_down
                0x06011670                collision_detect_down_left
                0x06010d10                collision_detect_left
                0x060116a0                collision_detect_down_right
                0x06010890                floor_tiles
                0x06011000                collision_detect_up
                0x06011610                collision_detect_up_left
                0x060112f0                collision_detect_right
 .text          0x060116d0    0x10710 graphics.o
                0x060219e0                font3
                0x06021ce0                font0
                0x0601cb60                bullet
                0x060176d0                map2
                0x06020be0                guy0
                0x060156d0                map3
                0x060213e0                font9
                0x060126d0                bg0_chr
                0x060116d0                bg0_3map
                0x0601ebe0                guyback1
                0x060196d0                map1
                0x0601f3e0                guyback0
                0x060218e0                font4
                0x060216e0                font6
                0x06021be0                font1
                0x060203e0                guy1
                0x0601b6d0                wood_chr
                0x06011ed0                bg0_2map
                0x0601dbe0                guyside0
                0x0601cad0                wood_pal
                0x060215e0                font7
                0x0601e3e0                guyback2
                0x0601d3e0                guyside1
                0x0601cbe0                guyside2
                0x06021ae0                font2
                0x060217e0                font5
                0x0601fbe0                guy2
                0x0601cb10                dimensions
                0x060152d0                bg0_pal
                0x060214e0                font8
 .text          0x06021de0      0x540 player.o
                0x06021de0                player_side
                0x06021df0                player_down
                0x06021de8                player_up
                0x06021df8                states
                0x06021f40                player_input
                0x06021e20                player_init
                0x06022260                player_draw
                0x06021e60                player_animate
 .text          0x06022320      0x130 print.o
                0x060223b0                print_display
                0x06022360                print_num
                0x06022320                print_init
 .text          0x06022450      0x470 sprite.o
                0x06022450                sprite_init
                0x06022760                sprite_make
                0x06022830                sprite_next
                0x06022890                sprite_delete
                0x060227d0                sprite_draw_all
                0x06022500                sprite_draw
 .text          0x060228c0      0xb30 scroll.o
                0x06023190                scroll_transition
                0x060228c0                scroll_move
                0x06022e30                scroll_get
                0x06022e80                scroll_copy
                0x06022a10                scroll_set
                0x06022b20                scroll_init
                0x06022a40                scroll_scale
 .text          0x060233f0      0x120 main.o
                0x060233f0                main
 .text          0x06023510       0x40 ../sbl6/segalib/lib/sega_int.a(int.o)
                0x0602353c                INT_GetScuFunc
                0x06023510                INT_SetScuFunc
 .text          0x06023550      0x624 ../sbl6/segalib/lib/sega_int.a(int_trmp.o)
                0x060236b8                __interrupt_handler60
                0x06023868                __interrupt_handler132
                0x06023a1e                __interrupt_handler205
                0x06023886                __interrupt_handler137
                0x060237b4                __interrupt_handler102
                0x060235f2                __interrupt_handler27
                0x060239f4                __interrupt_handler198
                0x060238e6                __interrupt_handler153
                0x060235ce                __interrupt_handler21
                0x060236dc                __interrupt_handler66
                0x060237cc                __interrupt_handler106
                0x06023916                __interrupt_handler161
                0x06023760                __interrupt_handler88
                0x0602392e                __interrupt_handler165
                0x0602383e                __interrupt_handler125
                0x06023574                __interrupt_handler6
                0x06023610                __interrupt_handler32
                0x060239ca                __interrupt_handler191
                0x06023ae4                __interrupt_handler238
                0x06023afc                __interrupt_handler242
                0x06023904                __interrupt_handler158
                0x0602376c                __interrupt_handler90
                0x06023928                __interrupt_handler164
                0x0602364c                __interrupt_handler42
                0x0602398e                __interrupt_handler181
                0x06023a96                __interrupt_handler225
                0x06023b3e                __interrupt_handler253
                0x06023952                __interrupt_handler171
                0x0602370c                __interrupt_handler74
                0x06023562                __interrupt_handler3
                0x060236a6                __interrupt_handler57
                0x060235a4                __interrupt_handler14
                0x06023a3c                __interrupt_handler210
                0x06023a6c                __interrupt_handler218
                0x06023a30                __interrupt_handler208
                0x06023634                __interrupt_handler38
                0x06023550                __interrupt_handler0
                0x060237c0                __interrupt_handler104
                0x060238fe                __interrupt_handler157
                0x06023a4e                __interrupt_handler213
                0x06023940                __interrupt_handler168
                0x0602374e                __interrupt_handler85
                0x060237ea                __interrupt_handler111
                0x060237fc                __interrupt_handler114
                0x0602366a                __interrupt_handler47
                0x06023ac0                __interrupt_handler232
                0x06023a8a                __interrupt_handler223
                0x06023ade                __interrupt_handler237
                0x060236ca                __interrupt_handler63
                0x06023658                __interrupt_handler44
                0x0602396a                __interrupt_handler175
                0x06023994                __interrupt_handler182
                0x060239ac                __interrupt_handler186
                0x060238aa                __interrupt_handler143
                0x060237d2                __interrupt_handler107
                0x06023838                __interrupt_handler124
                0x06023958                __interrupt_handler172
                0x06023b0e                __interrupt_handler245
                0x0602378a                __interrupt_handler95
                0x06023862                __interrupt_handler131
                0x06023874                __interrupt_handler134
                0x06023892                __interrupt_handler139
                0x06023700                __interrupt_handler72
                0x06023aba                __interrupt_handler231
                0x06023910                __interrupt_handler160
                0x06023856                __interrupt_handler129
                0x060235c8                __interrupt_handler20
                0x060236d6                __interrupt_handler65
                0x060236a0                __interrupt_handler56
                0x0602359e                __interrupt_handler13
                0x06023a36                __interrupt_handler209
                0x060237f0                __interrupt_handler112
                0x060235c2                __interrupt_handler19
                0x0602377e                __interrupt_handler93
                0x060239e8                __interrupt_handler196
                0x060238da                __interrupt_handler151
                0x0602393a                __interrupt_handler167
                0x06023b50                __trampoline
                0x060235b6                __interrupt_handler17
                0x06023aa8                __interrupt_handler228
                0x06023b4a                __interrupt_handler255
                0x06023b08                __interrupt_handler244
                0x060237a2                __interrupt_handler99
                0x0602399a                __interrupt_handler183
                0x06023898                __interrupt_handler140
                0x060239be                __interrupt_handler189
                0x060238bc                __interrupt_handler146
                0x06023a84                __interrupt_handler222
                0x060238f8                __interrupt_handler156
                0x0602382c                __interrupt_handler122
                0x06023b20                __interrupt_handler248
                0x06023670                __interrupt_handler48
                0x060236ee                __interrupt_handler69
                0x060235e0                __interrupt_handler24
                0x06023766                __interrupt_handler89
                0x06023a5a                __interrupt_handler215
                0x06023b44                __interrupt_handler254
                0x0602375a                __interrupt_handler87
                0x060236be                __interrupt_handler61
                0x060239e2                __interrupt_handler195
                0x060238d4                __interrupt_handler150
                0x06023646                __interrupt_handler41
                0x060237e4                __interrupt_handler110
                0x0602384a                __interrupt_handler127
                0x060237d8                __interrupt_handler108
                0x060237f6                __interrupt_handler113
                0x06023808                __interrupt_handler116
                0x06023826                __interrupt_handler121
                0x0602371e                __interrupt_handler77
                0x0602363a                __interrupt_handler39
                0x06023652                __interrupt_handler43
                0x06023b26                __interrupt_handler249
                0x06023964                __interrupt_handler174
                0x06023880                __interrupt_handler136
                0x060239b8                __interrupt_handler188
                0x060238b6                __interrupt_handler145
                0x06023586                __interrupt_handler9
                0x0602372a                __interrupt_handler79
                0x06023aa2                __interrupt_handler227
                0x0602361c                __interrupt_handler34
                0x0602385c                __interrupt_handler130
                0x06023b1a                __interrupt_handler247
                0x06023712                __interrupt_handler75
                0x0602395e                __interrupt_handler173
                0x0602368e                __interrupt_handler53
                0x060238ce                __interrupt_handler149
                0x06023b32                __interrupt_handler251
                0x06023ac6                __interrupt_handler233
                0x0602358c                __interrupt_handler10
                0x06023a18                __interrupt_handler204
                0x0602373c                __interrupt_handler82
                0x06023742                __interrupt_handler83
                0x060235e6                __interrupt_handler25
                0x06023b02                __interrupt_handler243
                0x0602391c                __interrupt_handler162
                0x06023664                __interrupt_handler46
                0x0602397c                __interrupt_handler178
                0x06023730                __interrupt_handler80
                0x060236c4                __interrupt_handler62
                0x0602355c                __interrupt_handler2
                0x060235fe                __interrupt_handler29
                0x060236f4                __interrupt_handler70
                0x060237de                __interrupt_handler109
                0x060238c8                __interrupt_handler148
                0x06023784                __interrupt_handler94
                0x06023a90                __interrupt_handler224
                0x060237ba                __interrupt_handler103
                0x06023628                __interrupt_handler36
                0x06023844                __interrupt_handler126
                0x06023b14                __interrupt_handler246
                0x0602369a                __interrupt_handler55
                0x06023598                __interrupt_handler12
                0x06023688                __interrupt_handler52
                0x060239b2                __interrupt_handler187
                0x060238b0                __interrupt_handler144
                0x0602380e                __interrupt_handler117
                0x060235bc                __interrupt_handler18
                0x060239ee                __interrupt_handler197
                0x060238e0                __interrupt_handler152
                0x06023814                __interrupt_handler118
                0x0602394c                __interrupt_handler170
                0x06023a06                __interrupt_handler201
                0x06023796                __interrupt_handler97
                0x06023922                __interrupt_handler163
                0x06023988                __interrupt_handler180
                0x060239d0                __interrupt_handler192
                0x06023af0                __interrupt_handler240
                0x06023832                __interrupt_handler123
                0x06023a54                __interrupt_handler214
                0x0602360a                __interrupt_handler31
                0x060235f8                __interrupt_handler28
                0x060236e2                __interrupt_handler67
                0x060236e8                __interrupt_handler68
                0x060235d4                __interrupt_handler22
                0x060235da                __interrupt_handler23
                0x06023970                __interrupt_handler176
                0x0602357a                __interrupt_handler7
                0x06023a7e                __interrupt_handler221
                0x06023a66                __interrupt_handler217
                0x06023aae                __interrupt_handler229
                0x06023676                __interrupt_handler49
                0x06023568                __interrupt_handler4
                0x06023640                __interrupt_handler40
                0x06023802                __interrupt_handler115
                0x06023ad2                __interrupt_handler235
                0x06023772                __interrupt_handler91
                0x06023a24                __interrupt_handler206
                0x06023976                __interrupt_handler177
                0x060238c2                __interrupt_handler147
                0x0602362e                __interrupt_handler37
                0x06023b2c                __interrupt_handler250
                0x06023556                __interrupt_handler1
                0x06023a72                __interrupt_handler219
                0x06023718                __interrupt_handler76
                0x060237a8                __interrupt_handler100
                0x060236ac                __interrupt_handler58
                0x060235aa                __interrupt_handler15
                0x06023a48                __interrupt_handler212
                0x06023af6                __interrupt_handler241
                0x06023a0c                __interrupt_handler202
                0x060239d6                __interrupt_handler193
                0x06023724                __interrupt_handler78
                0x0602367c                __interrupt_handler50
                0x06023616                __interrupt_handler33
                0x06023934                __interrupt_handler166
                0x0602388c                __interrupt_handler138
                0x0602387a                __interrupt_handler135
                0x06023604                __interrupt_handler30
                0x060239a0                __interrupt_handler184
                0x0602389e                __interrupt_handler141
                0x06023ab4                __interrupt_handler230
                0x06023ad8                __interrupt_handler236
                0x0602381a                __interrupt_handler119
                0x06023754                __interrupt_handler86
                0x060237c6                __interrupt_handler105
                0x06023736                __interrupt_handler81
                0x06023820                __interrupt_handler120
                0x06023850                __interrupt_handler128
                0x06023694                __interrupt_handler54
                0x06023592                __interrupt_handler11
                0x060239fa                __interrupt_handler199
                0x060238ec                __interrupt_handler154
                0x0602365e                __interrupt_handler45
                0x06023a60                __interrupt_handler216
                0x06023a12                __interrupt_handler203
                0x060237ae                __interrupt_handler101
                0x06023748                __interrupt_handler84
                0x060239a6                __interrupt_handler185
                0x060238a4                __interrupt_handler142
                0x060235ec                __interrupt_handler26
                0x060236d0                __interrupt_handler64
                0x06023a00                __interrupt_handler200
                0x06023a2a                __interrupt_handler207
                0x060239dc                __interrupt_handler194
                0x06023778                __interrupt_handler92
                0x060238f2                __interrupt_handler155
                0x06023a42                __interrupt_handler211
                0x0602386e                __interrupt_handler133
                0x0602356e                __interrupt_handler5
                0x06023706                __interrupt_handler73
                0x060235b0                __interrupt_handler16
                0x06023aea                __interrupt_handler239
                0x06023acc                __interrupt_handler234
                0x06023622                __interrupt_handler35
                0x060236b2                __interrupt_handler59
                0x06023946                __interrupt_handler169
                0x0602379c                __interrupt_handler98
                0x060236fa                __interrupt_handler71
                0x06023682                __interrupt_handler51
                0x0602390a                __interrupt_handler159
                0x06023a9c                __interrupt_handler226
                0x06023790                __interrupt_handler96
                0x060239c4                __interrupt_handler190
                0x06023a78                __interrupt_handler220
                0x06023580                __interrupt_handler8
                0x06023982                __interrupt_handler179
                0x06023b38                __interrupt_handler252
 *fill*         0x06023b74        0xc 00
 .text          0x06023b80     0x12a0 ../sbl6/segalib/lib/sega_spr.a(spr_2c.o)
                0x06024de0                SlaveFlushDrawPrtyBlock
                0x06023b80                SPR_2Initial
                0x060243c4                SPR_2SysClip
                0x06024364                SPR_2LocalCoord
                0x06024c5c                SPR_2FlushDrawPrtyBlock
                0x06024948                SPR_2DistSpr
                0x0602434c                SPR_2FlushDrawPrty
                0x06024a6c                SPR_2Cmd
                0x06024048                SPR_2GourTblNoToVram
                0x060240a8                SPR_2GetAreaSizeInfo
                0x06023e10                SPR_2SetGourTbl
                0x060245fc                SPR_2Polygon
                0x06024084                SPR_2CharNoToVram
                0x06023d90                SPR_2SetTvMode
                0x060241ec                SPR_2CloseCommand
                0x06023dcc                SPR_2FrameEraseData
                0x06023ba8                SPR_2Initial2
                0x060247dc                SPR_2ScaleSpr
                0x0602446c                SPR_2Line
                0x06024138                SPR_2OpenCommand
                0x06023dac                SPR_2FrameChgIntr
                0x060246b8                SPR_2NormSpr
                0x06023e40                SPR_2SetLookupTbl
                0x06023e74                SPR_2SetChar
                0x0602406c                SPR_2LookupTblNoToVram
                0x06024540                SPR_2PolyLine
                0x06023fe0                SPR_2ClrAllChar
                0x06023f94                SPR_2ClrChar
                0x06024410                SPR_2UserClip
 .text          0x06024e20      0x1e6 ../sbl6/segalib/lib/sega_spr.a(spr_slv.o)
                0x06024f84                SPR_WaitEndSlaveSH
                0x06024e20                SPR_SMPC_SSHON
                0x06024f60                SPR_RunSlaveSH
                0x06024e24                SPR_InitSlaveSH
                0x06024eec                SPR_SlaveSHmain
                0x06024e21                SPR_SMPC_SSHOFF
 *fill*         0x06025006        0xa 00
 .text          0x06025010      0x36a ../sbl6/segalib/lib/sega_spr.a(spr_1c.o)
                0x060252c4                SPR_WaitDrawEnd
                0x060252dc                SPR_SetEosMode
                0x060251f4                SPR_SetEraseData
                0x06025010                SPR_Initial
                0x060250e8                SPR_SetTvMode
                0x06025180                SPR_GetStatus
 *fill*         0x0602537a        0x6 00
 .text          0x06025380      0x244 ../sbl6/segalib/lib/sega_spr.a(spr_2a.o)
                0x06025392                sprMemCpyW
                0x060253f0                flushDrawPrtyBlock
                0x06025380                sprMemCpyL
                0x060253a4                SPR_2SetDrawPrty
 *fill*         0x060255c4        0xc 00
 .text          0x060255d0      0x2fc ../sbl6/segalib/lib/sega_scl.a(scl_vblv.o)
                0x0602568c                SCL_DisplayFrame
                0x060255d0                SCL_SetFrameInterval
                0x060256c0                SCL_VblInit
                0x06025710                SCL_VblankStart
                0x06025754                SCL_VblankEnd
 *fill*         0x060258cc        0x4 00
 .text          0x060258d0      0xb9c ../sbl6/segalib/lib/sega_scl.a(scl_func.o)
                0x060262ac                SCL_Vdp2_SGLInit
                0x060261bc                SCL_PriIntProc
                0x06026134                SCL_Memcpyw
                0x0602644c                SCL_SglOff
                0x0602642c                SCL_SglOn
                0x060260a0                SCL_ScrollShow
                0x06025b48                SCL_Close
                0x06025e40                SCL_Scale
                0x060258d0                SCL_Vdp2Init
                0x06025cb4                SCL_Move
                0x06025f7c                SCL_CopyReg
                0x06025b24                SCL_Open
                0x06025954                SCL_ParametersInit
                0x06025b64                SCL_MoveTo
                0x0602615c                SCL_SetColRamMode
 *fill*         0x0602646c        0x4 00
 .text          0x06026470      0x138 ../sbl6/segalib/lib/sega_scl.a(scl_pr03.o)
                0x06026470                SCL_FreeColRam
                0x060264a8                SCL_AllocColRam
 *fill*         0x060265a8        0x8 00
 .text          0x060265b0       0x9c ../sbl6/segalib/lib/sega_scl.a(scl_pr02.o)
                0x060265b0                SCL_SetColRam
 *fill*         0x0602664c        0x4 00
 .text          0x06026650       0x84 ../sbl6/segalib/lib/sega_scl.a(scl_back.o)
                0x06026650                SCL_SetBack
 *fill*         0x060266d4        0xc 00
 .text          0x060266e0      0x94c ../sbl6/segalib/lib/sega_scl.a(scl_fu03.o)
                0x0602673c                SCL_SetConfig
                0x060266e0                SCL_InitConfigTb
 *fill*         0x0602702c        0x4 00
 .text          0x06027030      0x4f4 ../sbl6/segalib/lib/sega_scl.a(scl_fu02.o)
                0x06027068                SCL_SetVramConfig
                0x06027030                SCL_InitVramConfigTb
 *fill*         0x06027524        0xc 00
 .text          0x06027530       0x28 ../sbl6/segalib/lib/sega_scl.a(scl_fu04.o)
                0x06027530                SCL_SetCycleTable
 *fill*         0x06027558        0x8 00
 .text          0x06027560      0x214 ../sbl6/segalib/lib/sega_scl.a(scl_pr07.o)
                0x06027560                SCL_SetPriority
 *fill*         0x06027774        0xc 00
 .text          0x06027780     0x10a4 ../sbl6/segalib/lib/sega_scl.a(scl_pri.o)
                0x06027814                SCL_AbortAutoVe
                0x060286c4                SCL_SetShadowBit
                0x06027c8c                SCL_AutoExec
                0x06027780                SCL_PriorityInit
                0x060281a0                SCL_IncColOffset
                0x06027828                SCL_SetColMixRate
                0x060277f8                SCL_GetColRamMode
 *fill*         0x06028824        0xc 00
 .text          0x06028830       0x58 ../sbl6/segalib/lib/sega_scl.a(scl_pr01.o)
                0x06028830                SCL_SetSpriteMode
 *fill*         0x06028888        0x8 00
 .text          0x06028890     0x1394 ../sbl6/segalib/lib/sega_scl.a(scl_ro00.o)
                0x06029a7c                SCL_RotateZD
                0x06028d44                SCL_Rotate
                0x06028a18                SCL_InitRotateTable
 *fill*         0x06029c24        0xc 00
 .text          0x06029c30      0x1b4 ../sbl6/segalib/lib/sega_scl.a(scl_pr06.o)
                0x06029c30                SCL_SetColRamOffset
 *fill*         0x06029de4        0xc 00
 .text          0x06029df0       0xac ../sbl6/segalib/lib/sega_scl.a(scl_pr05.o)
                0x06029df0                SCL_GetColRamOffset
 *fill*         0x06029e9c        0x4 00
 .text          0x06029ea0       0xa4 ../sbl6/segalib/lib/sega_mth.a(mth_fixd.o)
                0x06029ef0                MTH_FixedToInt
                0x06029ee0                MTH_IntToFixed
                0x06029ea0                MTH_Mul
                0x06029f00                MTH_Product
                0x06029ec0                MTH_Div
 *fill*         0x06029f44        0xc 00
 .text          0x06029f50      0x600 ../sbl6/segalib/lib/sega_mth.a(mth_tri.o)
                0x06029fec                fcos
                0x06029ff2                fsin
                0x06029f9c                MTH_Cos
                0x06029f50                MTH_Sin
                0x0602a190                MTH_Atan
 .text          0x0602a550      0xf50 ../sbl6/segalib/lib/sega_per.a(per_prt.o)
                0x0602a970                PER_IntFunc
                0x0602a768                PER_LGetPer
                0x0602a550                PER_LInit
 .text          0x0602b4a0      0x1f4 ../sbl6/segalib/lib/sega_sat.a(DMA_SCU1.o)
                0x0602b5fc                DMA_ScuResult
                0x0602b4a0                DMA_ScuInit
                0x0602b4f0                DMA_ScuMemCopy
 *fill*         0x0602b694        0xc 00
 .text          0x0602b6a0      0x308 ../sbl6/segalib/lib/sega_sat.a(DMA_SCU0.o)
                0x0602b724                DMA_ScuStart
                0x0602b858                DMA_ScuIntFunc0
                0x0602b8c8                DMA_ScuIntFunc1
                0x0602b938                DMA_ScuIntFunc2
                0x0602b818                DMA_ScuGetStatus
                0x0602b6a0                DMA_ScuSetPrm
 *fill*         0x0602b9a8        0x8 00
 .text          0x0602b9b0       0xe8 ../sbl6/segalib/lib/sega_sat.a(csh_main.o)
                0x0602b9b0                CSH_Init
                0x0602ba18                CSH_AllClr
                0x0602ba64                CSH_Purge
 *fill*         0x0602ba98        0x8 00
 .text          0x0602baa0       0x90 c:/saturn/SH_COFF/sh-coff/bin/../lib/gcc/sh-coff/3.4-GNUSH_v0501\libgcc.a(_ashiftlt.o)
                0x0602baa0                __ashlsi3
 .text          0x0602bb30       0xb0 c:/saturn/SH_COFF/sh-coff/bin/../lib/gcc/sh-coff/3.4-GNUSH_v0501\libgcc.a(_movstr.o)
                0x0602bb70                __movstrSI16
                0x0602bb44                __movstrSI60
                0x0602bb50                __movstrSI48
                0x0602bb4c                __movstrSI52
                0x0602bb40                __movstrSI64
                0x0602bb54                __movstrSI44
                0x0602bb58                __movstrSI40
                0x0602bb5c                __movstrSI36
                0x0602bb90                __movstr
                0x0602bb48                __movstrSI56
                0x0602bb64                __movstrSI28
                0x0602bb60                __movstrSI32
                0x0602bb74                __movstrSI12
                0x0602bb78                __movstrSI8
                0x0602bb80                __movstrSI0
                0x0602bb68                __movstrSI24
                0x0602bb6c                __movstrSI20
                0x0602bb7c                __movstrSI4
 .text          0x0602bbe0       0xa0 c:/saturn/SH_COFF/sh-coff/bin/../lib/gcc/sh-coff/3.4-GNUSH_v0501\libgcc.a(__main.o)
                0x0602bc54                __main
                0x0602bbe0                __do_global_dtors
                0x0602bc14                __do_global_ctors
 .text          0x0602bc80       0x70 c:/saturn/SH_COFF/sh-coff/bin/../lib/gcc/sh-coff/3.4-GNUSH_v0501\libgcc.a(_udivsi3.o)
                0x0602bca2                __udivsi3
 .text          0x0602bcf0       0x60 c:/saturn/SH_COFF/sh-coff/bin/../lib/gcc/sh-coff/3.4-GNUSH_v0501\libgcc.a(_ashiftrt.o)
                0x0602bcfc                __ashiftrt_r4_27
                0x0602bd30                __ashiftrt_r4_6
                0x0602bd20                __ashiftrt_r4_14
                0x0602bd12                __ashiftrt_r4_19
                0x0602bd2a                __ashiftrt_r4_9
                0x0602bd3e                __ashiftrt_r4_0
                0x0602bcf0                __ashiftrt_r4_31
                0x0602bcfe                __ashiftrt_r4_26
                0x0602bd0c                __ashiftrt_r4_22
                0x0602bd18                __ashiftrt_r4_16
                0x0602bd24                __ashiftrt_r4_12
                0x0602bcf8                __ashiftrt_r4_29
                0x0602bd16                __ashiftrt_r4_17
                0x0602bcf6                __ashiftrt_r4_30
                0x0602bd32                __ashiftrt_r4_5
                0x0602bd2c                __ashiftrt_r4_8
                0x0602bcf0                __ashiftrt_r4_32
                0x0602bd00                __ashiftrt_r4_25
                0x0602bd38                __ashiftrt_r4_2
                0x0602bd02                __ashiftrt_r4_24
                0x0602bd1e                __ashiftrt_r4_15
                0x0602bd28                __ashiftrt_r4_10
                0x0602bd3a                __ashiftrt_r4_1
                0x0602bcfa                __ashiftrt_r4_28
                0x0602bd10                __ashiftrt_r4_20
                0x0602bd2e                __ashiftrt_r4_7
                0x0602bd22                __ashiftrt_r4_13
                0x0602bd26                __ashiftrt_r4_11
                0x0602bd34                __ashiftrt_r4_4
                0x0602bd0a                __ashiftrt_r4_23
                0x0602bd14                __ashiftrt_r4_18
                0x0602bd0e                __ashiftrt_r4_21
                0x0602bd36                __ashiftrt_r4_3
 .text          0x0602bd50       0xb0 c:/saturn/SH_COFF/sh-coff/bin/../lib/gcc/sh-coff/3.4-GNUSH_v0501\libgcc.a(_si_to_df.o)
                0x0602bd50                __floatsidf
 .text          0x0602be00      0x2e0 c:/saturn/SH_COFF/sh-coff/bin/../lib/gcc/sh-coff/3.4-GNUSH_v0501\libgcc.a(_mul_df.o)
                0x0602be10                __muldf3
 .text          0x0602c0e0       0x80 c:/saturn/SH_COFF/sh-coff/bin/../lib/gcc/sh-coff/3.4-GNUSH_v0501\libgcc.a(_df_to_si.o)
                0x0602c0e0                __fixdfsi
 .text          0x0602c160      0x220 c:/saturn/SH_COFF/sh-coff/bin/../lib/gcc/sh-coff/3.4-GNUSH_v0501\libgcc.a(_pack_df.o)
                0x0602c170                __pack_d
 .text          0x0602c380      0x120 c:/saturn/SH_COFF/sh-coff/bin/../lib/gcc/sh-coff/3.4-GNUSH_v0501\libgcc.a(_unpack_df.o)
                0x0602c390                __unpack_d
 .text          0x0602c4a0       0x20 c:/saturn/SH_COFF/sh-coff/bin/../lib/gcc/sh-coff/3.4-GNUSH_v0501\libgcc.a(_thenan_df.o)
                0x0602c4a0                __thenan_df
 .text          0x0602c4c0       0xd0 c:/saturn/SH_COFF/sh-coff/bin/../lib/gcc/sh-coff/3.4-GNUSH_v0501\libgcc.a(_muldi3.o)
                0x0602c4c0                __muldi3
 .text          0x0602c590       0x80 c:/saturn/SH_COFF/sh-coff/bin/../lib/gcc/sh-coff/3.4-GNUSH_v0501\libgcc.a(_lshrdi3.o)
                0x0602c590                __lshrdi3
 .text          0x0602c610       0x80 c:/saturn/SH_COFF/sh-coff/bin/../lib/gcc/sh-coff/3.4-GNUSH_v0501\libgcc.a(_ashldi3.o)
                0x0602c610                __ashldi3
 .text          0x0602c690       0x30 c:/saturn/SH_COFF/sh-coff/bin/../lib/gcc/sh-coff/3.4-GNUSH_v0501\libgcc.a(_mulsi3.o)
                0x0602c690                __mulsi3
 .text          0x0602c6c0       0x90 c:/saturn/SH_COFF/sh-coff/bin/../lib/gcc/sh-coff/3.4-GNUSH_v0501\libgcc.a(_lshiftrt.o)
                0x0602c6c0                __lshrsi3
 .text          0x0602c750       0xa0 c:/saturn/SH_COFF/sh-coff/bin/../lib/gcc/sh-coff/3.4-GNUSH_v0501/../../../../sh-coff/lib\libc.a(memcpy.o)
                0x0602c750                memcpy
 .text          0x0602c7f0       0x40 c:/saturn/SH_COFF/sh-coff/bin/../lib/gcc/sh-coff/3.4-GNUSH_v0501/../../../../sh-coff/lib\libc.a(memset.o)
                0x0602c7f0                memset
 .text          0x0602c830       0x90 c:/saturn/SH_COFF/sh-coff/bin/../lib/gcc/sh-coff/3.4-GNUSH_v0501/../../../../sh-coff/lib\libc.a(atexit.o)
                0x0602c830                atexit
 .text          0x0602c8c0       0x10 c:/saturn/SH_COFF/sh-coff/bin/../lib/gcc/sh-coff/3.4-GNUSH_v0501/../../../../sh-coff/lib\libc.a(impure.o)
                0x0602c8c0                _global_impure_ptr
 .text          0x0602c8d0       0x40 c:/saturn/SH_COFF/sh-coff/bin/../lib/gcc/sh-coff/3.4-GNUSH_v0501/../../../../sh-coff/lib\libc.a(malloc.o)
                0x0602c8ec                free
                0x0602c8d0                malloc
 .text          0x0602c910      0x5b0 c:/saturn/SH_COFF/sh-coff/bin/../lib/gcc/sh-coff/3.4-GNUSH_v0501/../../../../sh-coff/lib\libc.a(mallocr.o)
                0x0602c910                _malloc_r
 .text          0x0602cec0      0x340 c:/saturn/SH_COFF/sh-coff/bin/../lib/gcc/sh-coff/3.4-GNUSH_v0501/../../../../sh-coff/lib\libc.a(freer.o)
                0x0602cec0                _malloc_trim_r
                0x0602cfb4                _free_r
 .text          0x0602d200       0x20 c:/saturn/SH_COFF/sh-coff/bin/../lib/gcc/sh-coff/3.4-GNUSH_v0501/../../../../sh-coff/lib\libc.a(mlock.o)
                0x0602d200                __malloc_lock
                0x0602d20c                __malloc_unlock
 .text          0x0602d220       0x50 c:/saturn/SH_COFF/sh-coff/bin/../lib/gcc/sh-coff/3.4-GNUSH_v0501/../../../../sh-coff/lib\libc.a(sbrkr.o)
                0x0602d220                _sbrk_r
 .text          0x0602d270      0x380 c:/saturn/SH_COFF/sh-coff/bin/../lib/gcc/sh-coff/3.4-GNUSH_v0501/../../../../sh-coff/lib\libc.a(syscalls.o)
                0x0602d3dc                _exit
                0x0602d410                _getpid
                0x0602d478                _utime
                0x0602d2a8                _write
                0x0602d270                _read
                0x0602d3c4                _unlink
                0x0602d38c                _open
                0x0602d428                _stat
                0x0602d3d0                isatty
                0x0602d4a8                _wait
                0x0602d3f4                _kill
                0x0602d444                _chmod
                0x0602d4d8                _execv
                0x0602d4bc                _execve
                0x0602d5b4                __setup_argv_and_call_main
                0x0602d510                _gettimeofday
                0x0602d2dc                _link
                0x0602d41c                _raise
                0x0602d3a8                _creat
                0x0602d4f0                _pipe
                0x0602d45c                _chown
                0x0602d28c                _lseek
                0x0602d2c4                _close
                0x0602d504                _times
                0x0602d378                _fstat
                0x0602d494                _fork
                0x0602d304                _sbrk
 .text          0x0602d5f0       0x20 c:/saturn/SH_COFF/sh-coff/bin/../lib/gcc/sh-coff/3.4-GNUSH_v0501/../../../../sh-coff/lib\libc.a(trap.o)
                0x0602d5f0                __trap34
 .text          0x0602d610       0x20 c:/saturn/SH_COFF/sh-coff/bin/../lib/gcc/sh-coff/3.4-GNUSH_v0501/../../../../sh-coff/lib\libc.a(abort.o)
                0x0602d610                abort
 .text          0x0602d630      0x270 c:/saturn/SH_COFF/sh-coff/bin/../lib/gcc/sh-coff/3.4-GNUSH_v0501/../../../../sh-coff/lib\libc.a(signal.o)
                0x0602d6f0                _raise_r
                0x0602d878                __sigtramp
                0x0602d824                raise
                0x0602d860                _init_signal
                0x0602d7b0                __sigtramp_r
                0x0602d840                signal
                0x0602d67c                _signal_r
                0x0602d630                _init_signal_r
 .text          0x0602d8a0       0x60 c:/saturn/SH_COFF/sh-coff/bin/../lib/gcc/sh-coff/3.4-GNUSH_v0501/../../../../sh-coff/lib\libc.a(signalr.o)
                0x0602d8e8                _getpid_r
                0x0602d8a0                _kill_r
 *(.strings)

.tors           0x0602d900        0x0
                0x0602d900                ___ctors = .
 *(.ctors)
                0x0602d900                ___ctors_end = .
                0x0602d900                ___dtors = .
 *(.dtors)
                0x0602d900                ___dtors_end = .

.data           0x0602d900     0x1120
                0x0602d900                STARTOF_R = .
 *(.data)
 .data          0x0602d900      0x400 ../sbl6/segasmp/per/smpclib/per_x1.o
 .data          0x0602dd00       0x50 graphics.o
                0x0602dd00                tiles
 .data          0x0602dd50       0x30 sprite.o
 .data          0x0602dd80       0x20 scroll.o
                0x0602dd80                CycleTb
                0x0602dd90                vram
 .data          0x0602dda0       0x10 main.o
                0x0602dda0                levels
 .data          0x0602ddb0      0x400 ../sbl6/segalib/lib/sega_int.a(int.o)
 .data          0x0602e1b0       0x1c ../sbl6/segalib/lib/sega_spr.a(spr_slv.o)
                0x0602e1b8                SPR_SlaveParam
                0x0602e1c8                SPR_SMPC_SF
                0x0602e1c0                SPR_SMPC_COM
                0x0602e1bc                SPR_SlaveSHEntry
                0x0602e1b4                SPR_SlaveState
                0x0602e1b0                SPR_SlaveCommand
                0x0602e1c4                SPR_SMPC_RET
 *fill*         0x0602e1cc        0x4 00
 .data          0x0602e1d0       0x34 ../sbl6/segalib/lib/sega_spr.a(spr_1c.o)
                0x0602e1d0                SpInitialFlag
 *fill*         0x0602e204        0xc 00
 .data          0x0602e210       0x1c ../sbl6/segalib/lib/sega_scl.a(scl_vblv.o)
                0x0602e218                VBInterval
                0x0602e220                ReqDisplayFlag
                0x0602e210                SpFrameChgMode
                0x0602e21c                VBIntervalCounter
                0x0602e214                SpFrameEraseMode
 *fill*         0x0602e22c        0x4 00
 .data          0x0602e230       0x36 ../sbl6/segalib/lib/sega_scl.a(scl_func.o)
                0x0602e240                SclRotregBuff
                0x0602e23c                SclDisplayY
                0x0602e244                SclRotateTableMode
                0x0602e238                SclProcess
                0x0602e234                SclCurSclNum
                0x0602e230                SclLengthLsTbl
                0x0602e23a                SclDisplayX
                0x0602e232                SclLengthCsTbl
 *fill*         0x0602e266        0xa 00
 .data          0x0602e270       0x18 ../sbl6/segalib/lib/sega_scl.a(scl_pri.o)
                0x0602e274                SclRealSpPriNum
                0x0602e284                SclRealColOffset
                0x0602e280                SclRealBgColMix
                0x0602e27c                SclRealSpColMix
                0x0602e278                SclRealBgPriNum
                0x0602e270                SclRealOtherPri
 *fill*         0x0602e288        0x8 00
 .data          0x0602e290      0x380 c:/saturn/SH_COFF/sh-coff/bin/../lib/gcc/sh-coff/3.4-GNUSH_v0501/../../../../sh-coff/lib\libc.a(impure.o)
                0x0602e60c                _impure_ptr
 .data          0x0602e610      0x410 c:/saturn/SH_COFF/sh-coff/bin/../lib/gcc/sh-coff/3.4-GNUSH_v0501/../../../../sh-coff/lib\libc.a(mallocr.o)
                0x0602e618                __malloc_av_
                0x0602e614                __malloc_trim_threshold
                0x0602e610                __malloc_sbrk_base
                0x0602ea20                SIZEOF_R = (. - STARTOF_R)
                0x0602ea20                ENDOF_R = .

.bss            0x0602ea20     0x74e4
                0x0602ea20                STARTOF_B = .
 *(.bss)
 .bss           0x0602ea20       0x10 vblank.o
                0x0602ea24                PadData2E
                0x0602ea2a                PadData1
                0x0602ea26                PadData2
                0x0602ea28                PadData1E
                0x0602ea20                __port
 .bss           0x0602ea30       0xd0 ../sbl6/segasmp/per/smpclib/per_x2.o
 .bss           0x0602eb00       0x10 player.o
                0x0602eb00                anim_cursor
 .bss           0x0602eb10     0x3440 sprite.o
                0x0602eb10                num_sprites
 .bss           0x06031f50       0x50 scroll.o
                0x06031f68                map_tiles_x
                0x06031f70                scrolls_y
                0x06031f50                scroll_transition_state
                0x06031f60                map_tiles_y
                0x06031f58                copy_modes
                0x06031f80                scrolls_x
                0x06031f54                curr_map
 .bss           0x06031fa0       0x6e ../sbl6/segalib/lib/sega_spr.a(spr_2c.o)
 *fill*         0x0603200e        0x2 00
 .bss           0x06032010        0x4 ../sbl6/segalib/lib/sega_scl.a(scl_vblv.o)
 *fill*         0x06032014        0xc 00
 .bss           0x06032020        0x4 ../sbl6/segalib/lib/sega_scl.a(scl_func.o)
 *fill*         0x06032024        0xc 00
 .bss           0x06032030       0x48 ../sbl6/segalib/lib/sega_scl.a(scl_ro00.o)
 *fill*         0x06032078        0x8 00
 .bss           0x06032080       0x9c ../sbl6/segalib/lib/sega_per.a(per_prt.o)
 *fill*         0x0603211c        0x4 00
 .bss           0x06032120        0xc ../sbl6/segalib/lib/sega_sat.a(DMA_SCU1.o)
 *fill*         0x0603212c        0x4 00
 .bss           0x06032130       0x20 ../sbl6/segalib/lib/sega_sat.a(DMA_SCU0.o)
 .bss           0x06032150       0x10 c:/saturn/SH_COFF/sh-coff/bin/../lib/gcc/sh-coff/3.4-GNUSH_v0501\libgcc.a(__main.o)
 .bss           0x06032160       0x10 c:/saturn/SH_COFF/sh-coff/bin/../lib/gcc/sh-coff/3.4-GNUSH_v0501/../../../../sh-coff/lib\libc.a(atexit.o)
 .bss           0x06032170       0x40 c:/saturn/SH_COFF/sh-coff/bin/../lib/gcc/sh-coff/3.4-GNUSH_v0501/../../../../sh-coff/lib\libc.a(mallocr.o)
                0x060321a0                __malloc_top_pad
                0x06032170                __malloc_current_mallinfo
                0x0603219c                __malloc_max_sbrked_mem
                0x06032198                __malloc_max_total_mem
 .bss           0x060321b0       0x10 c:/saturn/SH_COFF/sh-coff/bin/../lib/gcc/sh-coff/3.4-GNUSH_v0501/../../../../sh-coff/lib\libc.a(syscalls.o)
 *(COMMON)
 COMMON         0x060321c0       0x24 player.o
                                  0x0 (size before relaxing)
                0x060321c0                player
 *fill*         0x060321e4        0xc 00
 COMMON         0x060321f0      0x460 print.o
                                  0x0 (size before relaxing)
                0x060321f0                text
 COMMON         0x06032650     0x1c20 sprite.o
                                  0x0 (size before relaxing)
                0x06032650                sprites
 COMMON         0x06034270      0x250 scroll.o
                                  0x0 (size before relaxing)
                0x06034270                scfg3
                0x06034300                scfg0
                0x06034390                maps
                0x060343a0                scfg2
                0x06034430                scfg1
                0x060344bc                tilemaps
 COMMON         0x060344c0      0x400 ../sbl6/segalib/lib/sega_int.a(int.o)
                                  0x0 (size before relaxing)
                0x060344c0                __interrupt_vector
 COMMON         0x060348c0       0x50 ../sbl6/segalib/lib/sega_spr.a(spr_2c.o)
                                  0x0 (size before relaxing)
                0x060348c0                SpMstCmd
                0x060348c4                Sp2OpenFlag
                0x060348c8                SpGourTblMax
                0x060348cc                SpDrawPrtyBlk
                0x060348d0                SpLCoordX
                0x060348d4                SpMstDrawPrtyBlk
                0x060348d8                SpGourTbl
                0x060348dc                SpLookupTblR
                0x060348e0                SpCmdTbl
                0x060348e4                SpCharMax
                0x060348e8                SpDrawPrtyProcFlag
                0x060348ec                SpCmdNo
                0x060348f0                SpDrawPrtyBlkMax
                0x060348f4                SpSlvCmdPos
                0x060348f8                SpSlvDrawPrtyBlk
                0x060348fc                SpCharTbl
                0x06034900                SpCmdTblR
                0x06034904                SpMstCmdPos
                0x06034908                SpSlvCmd
                0x0603490c                SpLCoordY
 COMMON         0x06034910       0x10 ../sbl6/segalib/lib/sega_spr.a(spr_1c.o)
                                  0x0 (size before relaxing)
                0x06034910                SpScreenY
                0x06034914                SpFbcrMode
                0x06034916                SpDil
                0x06034918                SpDie
                0x0603491a                SpTvMode
                0x0603491c                SpScreenX
 COMMON         0x06034920      0xf00 ../sbl6/segalib/lib/sega_scl.a(scl_func.o)
                                  0x0 (size before relaxing)
                0x06034920                SclRbgKtbAddr
                0x06034928                SclRb
                0x0603492a                Scl_flag
                0x06034930                SclK_TableBuff
                0x06035600                SclAddrCsTbl
                0x06035610                Scl_s_reg
                0x06035638                SclRotateXy
                0x06035640                Scl_d_reg
                0x06035688                SclRotateDisp
                0x06035690                SclRotateMoveZ
                0x06035698                SclRotXySw
                0x060356a0                Scl_r_reg
                0x060356b0                SclRPMD
                0x060356b8                SclRbgKtbOffset
                0x060356c0                _SclRotregBuff
                0x06035790                SclRa
                0x06035798                SclRotateZ
                0x060357a0                SclAddrLsTbl
                0x060357a8                SclK_TableNum
                0x060357b0                SclRotateTableAddress
                0x060357b4                SclK_TableFlag
                0x060357c0                Scl_w_reg
                0x060357e0                Scl_n_reg
 COMMON         0x06035820      0x6b0 ../sbl6/segalib/lib/sega_scl.a(scl_pri.o)
                                  0x0 (size before relaxing)
                0x06035820                SclAutoEndBlue2
                0x06035830                SclColOffset
                0x06035840                SclPriBuffDirty
                0x06035842                SclAutoEndRed
                0x06035844                SclAutoSurface
                0x06035848                SclAutoGreen
                0x0603584a                SclAutoEndGreen
                0x0603584c                SclAutoCount
                0x06035850                SclColRamAlloc256
                0x06035870                SclAutoCurRate
                0x06035871                SclAutoPlusFlag
                0x06035878                SclSpColMix
                0x06035880                SclAutoMax
                0x06035884                SclLineColRamOffset
                0x06035888                SclColRamAlloc2048
                0x0603588c                SclBgPriNum
                0x06035892                SclAutoEndBlue
                0x06035894                SclAutoEndGreen2
                0x06035896                SclAutoVeFlag
                0x06035898                SclBgColMix
                0x060358a0                SclAutoIndex
                0x060358a4                SclAutoEndRate
                0x060358a6                SclAutoBlue
                0x060358a8                SclAutoRed
                0x060358ac                SclAutoInterval
                0x060358b0                SclOtherPri
                0x060358c0                SclAutoRGB
                0x06035ec0                SclAutoEndRed2
                0x06035ec8                SclSpPriNum
 COMMON         0x06035ed0       0x10 ../sbl6/segalib/lib/sega_scl.a(scl_ro00.o)
                                  0x0 (size before relaxing)
                0x06035ed0                SclCsx
                0x06035ed8                SclCsy
 COMMON         0x06035ee0       0x15 ../sbl6/segalib/lib/sega_per.a(per_prt.o)
                                  0x0 (size before relaxing)
                0x06035ee0                per_get_time_flg
                0x06035ee1                per_hot_res
                0x06035ee2                per_set_sys_flg
                0x06035ee4                per_get_time_adr
                0x06035ee8                per_get_sys_data
                0x06035ef4                per_time_out_flg
 *fill*         0x06035ef5        0xb 00
 COMMON         0x06035f00        0x4 c:/saturn/SH_COFF/sh-coff/bin/../lib/gcc/sh-coff/3.4-GNUSH_v0501/../../../../sh-coff/lib\libc.a(syscalls.o)
                                  0x0 (size before relaxing)
                0x06035f00                errno
                0x06035f04                SIZEOF_B = (. - STARTOF_B)
                0x06035f04                ENDOF_B = .
                0x06035f04                _end = .
OUTPUT(main.cof coff-sh)

.comment        0x06035f10      0x400
 .comment       0x06035f10       0x20 ../sbl6/segasmp/lib/strt2_g.o
 .comment       0x06035f30       0x20 vblank.o
 .comment       0x06035f50       0x20 ../sbl6/segasmp/per/smpclib/per_x1.o
 .comment       0x06035f70       0x20 ../sbl6/segasmp/per/smpclib/per_x2.o
 .comment       0x06035f90       0x20 collision.o
 .comment       0x06035fb0       0x20 graphics.o
 .comment       0x06035fd0       0x20 player.o
 .comment       0x06035ff0       0x20 print.o
 .comment       0x06036010       0x20 sprite.o
 .comment       0x06036030       0x20 scroll.o
 .comment       0x06036050       0x20 main.o
 .comment       0x06036070       0x20 c:/saturn/SH_COFF/sh-coff/bin/../lib/gcc/sh-coff/3.4-GNUSH_v0501\libgcc.a(__main.o)
 .comment       0x06036090       0x20 c:/saturn/SH_COFF/sh-coff/bin/../lib/gcc/sh-coff/3.4-GNUSH_v0501\libgcc.a(_si_to_df.o)
 .comment       0x060360b0       0x20 c:/saturn/SH_COFF/sh-coff/bin/../lib/gcc/sh-coff/3.4-GNUSH_v0501\libgcc.a(_mul_df.o)
 .comment       0x060360d0       0x20 c:/saturn/SH_COFF/sh-coff/bin/../lib/gcc/sh-coff/3.4-GNUSH_v0501\libgcc.a(_df_to_si.o)
 .comment       0x060360f0       0x20 c:/saturn/SH_COFF/sh-coff/bin/../lib/gcc/sh-coff/3.4-GNUSH_v0501\libgcc.a(_pack_df.o)
 .comment       0x06036110       0x20 c:/saturn/SH_COFF/sh-coff/bin/../lib/gcc/sh-coff/3.4-GNUSH_v0501\libgcc.a(_unpack_df.o)
 .comment       0x06036130       0x20 c:/saturn/SH_COFF/sh-coff/bin/../lib/gcc/sh-coff/3.4-GNUSH_v0501\libgcc.a(_thenan_df.o)
 .comment       0x06036150       0x20 c:/saturn/SH_COFF/sh-coff/bin/../lib/gcc/sh-coff/3.4-GNUSH_v0501\libgcc.a(_muldi3.o)
 .comment       0x06036170       0x20 c:/saturn/SH_COFF/sh-coff/bin/../lib/gcc/sh-coff/3.4-GNUSH_v0501\libgcc.a(_lshrdi3.o)
 .comment       0x06036190       0x20 c:/saturn/SH_COFF/sh-coff/bin/../lib/gcc/sh-coff/3.4-GNUSH_v0501\libgcc.a(_ashldi3.o)
 .comment       0x060361b0       0x20 c:/saturn/SH_COFF/sh-coff/bin/../lib/gcc/sh-coff/3.4-GNUSH_v0501/../../../../sh-coff/lib\libc.a(atexit.o)
 .comment       0x060361d0       0x20 c:/saturn/SH_COFF/sh-coff/bin/../lib/gcc/sh-coff/3.4-GNUSH_v0501/../../../../sh-coff/lib\libc.a(impure.o)
 .comment       0x060361f0       0x20 c:/saturn/SH_COFF/sh-coff/bin/../lib/gcc/sh-coff/3.4-GNUSH_v0501/../../../../sh-coff/lib\libc.a(malloc.o)
 .comment       0x06036210       0x20 c:/saturn/SH_COFF/sh-coff/bin/../lib/gcc/sh-coff/3.4-GNUSH_v0501/../../../../sh-coff/lib\libc.a(mallocr.o)
 .comment       0x06036230       0x20 c:/saturn/SH_COFF/sh-coff/bin/../lib/gcc/sh-coff/3.4-GNUSH_v0501/../../../../sh-coff/lib\libc.a(freer.o)
 .comment       0x06036250       0x20 c:/saturn/SH_COFF/sh-coff/bin/../lib/gcc/sh-coff/3.4-GNUSH_v0501/../../../../sh-coff/lib\libc.a(mlock.o)
 .comment       0x06036270       0x20 c:/saturn/SH_COFF/sh-coff/bin/../lib/gcc/sh-coff/3.4-GNUSH_v0501/../../../../sh-coff/lib\libc.a(sbrkr.o)
 .comment       0x06036290       0x20 c:/saturn/SH_COFF/sh-coff/bin/../lib/gcc/sh-coff/3.4-GNUSH_v0501/../../../../sh-coff/lib\libc.a(syscalls.o)
 .comment       0x060362b0       0x20 c:/saturn/SH_COFF/sh-coff/bin/../lib/gcc/sh-coff/3.4-GNUSH_v0501/../../../../sh-coff/lib\libc.a(abort.o)
 .comment       0x060362d0       0x20 c:/saturn/SH_COFF/sh-coff/bin/../lib/gcc/sh-coff/3.4-GNUSH_v0501/../../../../sh-coff/lib\libc.a(signal.o)
 .comment       0x060362f0       0x20 c:/saturn/SH_COFF/sh-coff/bin/../lib/gcc/sh-coff/3.4-GNUSH_v0501/../../../../sh-coff/lib\libc.a(signalr.o)
