Archive member included because of file (symbol)

../sbl6/segalib/lib/sega_int.a(int.o)
                              vblank.o (INT_SetScuFunc)
../sbl6/segalib/lib/sega_int.a(int_trmp.o)
                              ../sbl6/segalib/lib/sega_int.a(int.o) (__interrupt_handler0)
../sbl6/segalib/lib/sega_spr.a(spr_2c.o)
                              sprite.o (SPR_2Initial)
../sbl6/segalib/lib/sega_spr.a(spr_slv.o)
                              ../sbl6/segalib/lib/sega_spr.a(spr_2c.o) (SPR_InitSlaveSH)
../sbl6/segalib/lib/sega_spr.a(spr_1c.o)
                              ../sbl6/segalib/lib/sega_spr.a(spr_2c.o) (SPR_Initial)
../sbl6/segalib/lib/sega_spr.a(spr_2a.o)
                              ../sbl6/segalib/lib/sega_spr.a(spr_2c.o) (SPR_2SetDrawPrty)
../sbl6/segalib/lib/sega_scl.a(scl_vblv.o)
                              ../sbl6/segalib/lib/sega_spr.a(spr_1c.o) (SpFrameChgMode)
../sbl6/segalib/lib/sega_scl.a(scl_func.o)
                              sprite.o (SCL_Vdp2Init)
../sbl6/segalib/lib/sega_scl.a(scl_pr03.o)
                              sprite.o (SCL_AllocColRam)
../sbl6/segalib/lib/sega_scl.a(scl_pr02.o)
                              sprite.o (SCL_SetColRam)
../sbl6/segalib/lib/sega_scl.a(scl_back.o)
                              scroll.o (SCL_SetBack)
../sbl6/segalib/lib/sega_scl.a(scl_fu03.o)
                              scroll.o (SCL_InitConfigTb)
../sbl6/segalib/lib/sega_scl.a(scl_fu02.o)
                              scroll.o (SCL_InitVramConfigTb)
../sbl6/segalib/lib/sega_scl.a(scl_fu04.o)
                              scroll.o (SCL_SetCycleTable)
../sbl6/segalib/lib/sega_scl.a(scl_pr07.o)
                              scroll.o (SCL_SetPriority)
../sbl6/segalib/lib/sega_scl.a(scl_pr01.o)
                              main.o (SCL_SetSpriteMode)
../sbl6/segalib/lib/sega_scl.a(scl_pri.o)
                              ../sbl6/segalib/lib/sega_scl.a(scl_func.o) (SclRealOtherPri)
../sbl6/segalib/lib/sega_scl.a(scl_ro00.o)
                              ../sbl6/segalib/lib/sega_scl.a(scl_func.o) (SCL_Rotate)
../sbl6/segalib/lib/sega_scl.a(scl_pr06.o)
                              ../sbl6/segalib/lib/sega_scl.a(scl_pr03.o) (SCL_SetColRamOffset)
../sbl6/segalib/lib/sega_scl.a(scl_pr05.o)
                              ../sbl6/segalib/lib/sega_scl.a(scl_pr02.o) (SCL_GetColRamOffset)
../sbl6/segalib/lib/sega_mth.a(mth_fixd.o)
                              sprite.o (MTH_Mul)
../sbl6/segalib/lib/sega_mth.a(mth_tri.o)
                              sprite.o (MTH_Sin)
../sbl6/segalib/lib/sega_per.a(per_prt.o)
                              ../sbl6/segasmp/per/smpclib/per_x2.o (PER_LInit)
../sbl6/segalib/lib/sega_sat.a(gfs.o)
                              cd.o (GFS_Init)
../sbl6/segalib/lib/sega_sat.a(DMA_SCU1.o)
                              ../sbl6/segalib/lib/sega_spr.a(spr_2c.o) (DMA_ScuMemCopy)
../sbl6/segalib/lib/sega_sat.a(gfs_cdf.o)
                              ../sbl6/segalib/lib/sega_sat.a(gfs.o) (GFCF_Init)
../sbl6/segalib/lib/sega_sat.a(gfs_dir.o)
                              ../sbl6/segalib/lib/sega_sat.a(gfs.o) (GFDR_SetupDirTbl)
../sbl6/segalib/lib/sega_sat.a(gfs_trn.o)
                              ../sbl6/segalib/lib/sega_sat.a(gfs.o) (GFTR_Setup)
../sbl6/segalib/lib/sega_sat.a(gfs_buf.o)
                              ../sbl6/segalib/lib/sega_sat.a(gfs.o) (GFBF_GetNumData)
../sbl6/segalib/lib/sega_sat.a(gfs_cdb.o)
                              ../sbl6/segalib/lib/sega_sat.a(gfs_cdf.o) (GFCB_Setup)
../sbl6/segalib/lib/sega_sat.a(gfs_cdc.o)
                              ../sbl6/segalib/lib/sega_sat.a(gfs.o) (GFCD_SetCdbfs)
../sbl6/segalib/lib/sega_sat.a(DMA_SCU0.o)
                              ../sbl6/segalib/lib/sega_sat.a(DMA_SCU1.o) (DMA_ScuSetPrm)
../sbl6/segalib/lib/sega_sat.a(csh_main.o)
                              ../sbl6/segalib/lib/sega_sat.a(DMA_SCU1.o) (CSH_Purge)
../sbl6/segalib/lib/sega_sat.a(DMA_CPU0.o)
                              ../sbl6/segalib/lib/sega_sat.a(gfs_trn.o) (DMA_CpuSetComPrm)
../sbl6/segalib/lib/sega_sat.a(cdc_reg.o)
                              ../sbl6/segalib/lib/sega_sat.a(gfs_cdb.o) (CDC_GetDataPtr)
../sbl6/segalib/lib/sega_sat.a(cdc_cfs.o)
                              ../sbl6/segalib/lib/sega_sat.a(gfs_cdc.o) (CDC_ChgDir)
../sbl6/segalib/lib/sega_sat.a(cdc_cmn.o)
                              ../sbl6/segalib/lib/sega_sat.a(gfs_cdc.o) (CDC_GetCurStat)
../sbl6/segalib/lib/sega_sat.a(cdc_bio.o)
                              ../sbl6/segalib/lib/sega_sat.a(gfs_cdc.o) (CDC_SetSctLen)
../sbl6/segalib/lib/sega_sat.a(cdc_sel.o)
                              ../sbl6/segalib/lib/sega_sat.a(gfs_cdc.o) (CDC_SetFiltRange)
../sbl6/segalib/lib/sega_sat.a(cdc_drv.o)
                              ../sbl6/segalib/lib/sega_sat.a(gfs_cdc.o) (CDC_CdPlay)
../sbl6/segalib/lib/sega_sat.a(cdc_bif.o)
                              ../sbl6/segalib/lib/sega_sat.a(gfs_cdc.o) (CDC_GetBufSiz)
../sbl6/segalib/lib/sega_sat.a(cdc_dev.o)
[...]
Memory Configuration

Name             Origin             Length             Attributes
*default*        0x00000000         0xffffffff

Linker script and memory map

LOAD ../sbl6/segasmp/lib/strt1_g.o
LOAD ../sbl6/segasmp/lib/strt2_g.o
LOAD vblank.o
LOAD ../sbl6/segasmp/per/smpclib/per_x1.o
LOAD ../sbl6/segasmp/per/smpclib/per_x2.o
LOAD ../sbl6/segasmp/per/smpclib/per_x3.o
LOAD blocks.o
LOAD cd.o
LOAD collision.o
LOAD graphics.o
LOAD player.o
LOAD print.o
LOAD sprite.o
LOAD scroll.o
LOAD main.o
LOAD ../sbl6/segalib/lib/sega_int.a
LOAD ../sbl6/segalib/lib/sega_spr.a
LOAD ../sbl6/segalib/lib/sega_scl.a
LOAD ../sbl6/segalib/lib/sega_mth.a
LOAD ../sbl6/segalib/lib/sega_cdc.a
LOAD ../sbl6/segalib/lib/sega_adp.a
LOAD ../sbl6/segalib/lib/sega_per.a
LOAD ../sbl6/segalib/lib/sega_sat.a
LOAD C:/saturn/SH_COFF/sh-coff/bin/../lib/gcc/sh-coff/3.4-GNUSH_v0501\libgcc.a
LOAD C:/saturn/SH_COFF/sh-coff/bin/../lib/gcc/sh-coff/3.4-GNUSH_v0501/../../../../sh-coff/lib\libc.a
LOAD C:/saturn/SH_COFF/sh-coff/bin/../lib/gcc/sh-coff/3.4-GNUSH_v0501\libgcc.a

.text           0x06010000    0x13890
 *(.text)
 .text          0x06010000       0x30 ../sbl6/segasmp/lib/strt1_g.o
                0x06010024                _D_END
                0x06010020                _D_BGN
                0x0601002c                _B_END
                0x06010028                _B_BGN
                0x06010000                START
 .text          0x06010030       0x60 ../sbl6/segasmp/lib/strt2_g.o
                0x06010050                _INITSCT
                0x06010030                _INIT
 .text          0x06010090      0x180 vblank.o
                0x06010090                SetVblank
                0x06010110                UsrVblankOut
                0x060100f0                UsrVblankIn
 .text          0x06010210      0x430 ../sbl6/segasmp/per/smpclib/per_x1.o
                0x060105a4                PER_GetAnalogXYZ
                0x06010234                PER_GetTriggerHandler
                0x060104ce                PER_GetEdge
                0x0601044c                PER_GetTrigger
                0x060104f8                PER_GetPressEdge
                0x0601054c                PER_GetReleaseEdge
                0x06010210                PER_SetTriggerHandler
 .text          0x06010640      0x200 ../sbl6/segasmp/per/smpclib/per_x2.o
                0x06010744                PER_GetDeviceA
                0x06010640                PER_OpenPort
                0x06010678                PER_GetPort
                0x060107be                PER_GetDeviceR
 .text          0x06010840       0x20 ../sbl6/segasmp/per/smpclib/per_x3.o
                0x06010840                PER_DisguiseTrigger
 .text          0x06010860       0x90 blocks.o
                0x06010860                block_get
                0x060108c0                block_check
 .text          0x060108f0       0xa0 cd.o
                0x060108f0                cd_init
                0x06010920                cd_load
 .text          0x06010990      0x950 collision.o
                0x06010990                collision_check_up
                0x06011130                collision_eject_horiz
                0x06010fa0                collision_eject_vert
                0x06010d70                collision_check
                0x06010bd0                collision_check_left
                0x06010ca0                collision_check_right
                0x06010b20                collision_check_below
                0x06010a20                collision_check_down
 .text          0x060112e0      0x3e0 player.o
                0x060112e0                player_frames
                0x060113e0                player_input
                0x060112f0                player_init
                0x06011620                player_draw
                0x06011330                player_animate
 .text          0x060116c0      0x170 print.o
                0x06011790                print_display
                0x06011700                print_num
                0x060116c0                print_init
                0x06011750                print_string
 .text          0x06011830      0x5e0 sprite.o
                0x06011860                sprite_init
                0x06011c40                sprite_make
                0x06011d80                sprite_next
                0x06011de0                sprite_delete
                0x06011c80                sprite_draw_all
                0x06011830                sprite_deleteall
                0x060119f0                sprite_draw
 .text          0x06011e10      0x6b0 scroll.o
                0x06011e10                scroll_move
                0x06012330                scroll_get
                0x06012390                scroll_copy
                0x06011f60                scroll_set
                0x06012070                scroll_init
                0x06011f90                scroll_scale
 .text          0x060124c0       0xc0 main.o
                0x060124c0                main
 .text          0x06012580       0x40 ../sbl6/segalib/lib/sega_int.a(int.o)
                0x060125ac                INT_GetScuFunc
                0x06012580                INT_SetScuFunc
 .text          0x060125c0      0x624 ../sbl6/segalib/lib/sega_int.a(int_trmp.o)
                0x06012728                __interrupt_handler60
                0x060128d8                __interrupt_handler132
                0x06012a8e                __interrupt_handler205
                0x060128f6                __interrupt_handler137
                0x06012824                __interrupt_handler102
                0x06012662                __interrupt_handler27
                0x06012a64                __interrupt_handler198
                0x06012956                __interrupt_handler153
                0x0601263e                __interrupt_handler21
                0x0601274c                __interrupt_handler66
                0x0601283c                __interrupt_handler106
                0x06012986                __interrupt_handler161
                0x060127d0                __interrupt_handler88
                0x0601299e                __interrupt_handler165
                0x060128ae                __interrupt_handler125
                0x060125e4                __interrupt_handler6
                0x06012680                __interrupt_handler32
                0x06012a3a                __interrupt_handler191
                0x06012b54                __interrupt_handler238
                0x06012b6c                __interrupt_handler242
                0x06012974                __interrupt_handler158
                0x060127dc                __interrupt_handler90
                0x06012998                __interrupt_handler164
                0x060126bc                __interrupt_handler42
                0x060129fe                __interrupt_handler181
                0x06012b06                __interrupt_handler225
                0x06012bae                __interrupt_handler253
                0x060129c2                __interrupt_handler171
                0x0601277c                __interrupt_handler74
                0x060125d2                __interrupt_handler3
                0x06012716                __interrupt_handler57
                0x06012614                __interrupt_handler14
                0x06012aac                __interrupt_handler210
                0x06012adc                __interrupt_handler218
                0x06012aa0                __interrupt_handler208
                0x060126a4                __interrupt_handler38
                0x060125c0                __interrupt_handler0
                0x06012830                __interrupt_handler104
                0x0601296e                __interrupt_handler157
                0x06012abe                __interrupt_handler213
                0x060129b0                __interrupt_handler168
                0x060127be                __interrupt_handler85
                0x0601285a                __interrupt_handler111
                0x0601286c                __interrupt_handler114
                0x060126da                __interrupt_handler47
                0x06012b30                __interrupt_handler232
                0x06012afa                __interrupt_handler223
                0x06012b4e                __interrupt_handler237
                0x0601273a                __interrupt_handler63
                0x060126c8                __interrupt_handler44
                0x060129da                __interrupt_handler175
                0x06012a04                __interrupt_handler182
                0x06012a1c                __interrupt_handler186
                0x0601291a                __interrupt_handler143
                0x06012842                __interrupt_handler107
                0x060128a8                __interrupt_handler124
                0x060129c8                __interrupt_handler172
                0x06012b7e                __interrupt_handler245
                0x060127fa                __interrupt_handler95
                0x060128d2                __interrupt_handler131
                0x060128e4                __interrupt_handler134
                0x06012902                __interrupt_handler139
                0x06012770                __interrupt_handler72
                0x06012b2a                __interrupt_handler231
                0x06012980                __interrupt_handler160
                0x060128c6                __interrupt_handler129
                0x06012638                __interrupt_handler20
                0x06012746                __interrupt_handler65
                0x06012710                __interrupt_handler56
                0x0601260e                __interrupt_handler13
                0x06012aa6                __interrupt_handler209
                0x06012860                __interrupt_handler112
                0x06012632                __interrupt_handler19
                0x060127ee                __interrupt_handler93
                0x06012a58                __interrupt_handler196
                0x0601294a                __interrupt_handler151
                0x060129aa                __interrupt_handler167
                0x06012bc0                __trampoline
                0x06012626                __interrupt_handler17
                0x06012b18                __interrupt_handler228
                0x06012bba                __interrupt_handler255
                0x06012b78                __interrupt_handler244
                0x06012812                __interrupt_handler99
                0x06012a0a                __interrupt_handler183
                0x06012908                __interrupt_handler140
                0x06012a2e                __interrupt_handler189
                0x0601292c                __interrupt_handler146
                0x06012af4                __interrupt_handler222
                0x06012968                __interrupt_handler156
                0x0601289c                __interrupt_handler122
                0x06012b90                __interrupt_handler248
                0x060126e0                __interrupt_handler48
                0x0601275e                __interrupt_handler69
                0x06012650                __interrupt_handler24
                0x060127d6                __interrupt_handler89
                0x06012aca                __interrupt_handler215
                0x06012bb4                __interrupt_handler254
                0x060127ca                __interrupt_handler87
                0x0601272e                __interrupt_handler61
                0x06012a52                __interrupt_handler195
                0x06012944                __interrupt_handler150
                0x060126b6                __interrupt_handler41
                0x06012854                __interrupt_handler110
                0x060128ba                __interrupt_handler127
                0x06012848                __interrupt_handler108
                0x06012866                __interrupt_handler113
                0x06012878                __interrupt_handler116
                0x06012896                __interrupt_handler121
                0x0601278e                __interrupt_handler77
                0x060126aa                __interrupt_handler39
                0x060126c2                __interrupt_handler43
                0x06012b96                __interrupt_handler249
                0x060129d4                __interrupt_handler174
                0x060128f0                __interrupt_handler136
                0x06012a28                __interrupt_handler188
                0x06012926                __interrupt_handler145
                0x060125f6                __interrupt_handler9
                0x0601279a                __interrupt_handler79
                0x06012b12                __interrupt_handler227
                0x0601268c                __interrupt_handler34
                0x060128cc                __interrupt_handler130
                0x06012b8a                __interrupt_handler247
                0x06012782                __interrupt_handler75
                0x060129ce                __interrupt_handler173
                0x060126fe                __interrupt_handler53
                0x0601293e                __interrupt_handler149
                0x06012ba2                __interrupt_handler251
                0x06012b36                __interrupt_handler233
                0x060125fc                __interrupt_handler10
                0x06012a88                __interrupt_handler204
                0x060127ac                __interrupt_handler82
                0x060127b2                __interrupt_handler83
                0x06012656                __interrupt_handler25
                0x06012b72                __interrupt_handler243
                0x0601298c                __interrupt_handler162
                0x060126d4                __interrupt_handler46
                0x060129ec                __interrupt_handler178
                0x060127a0                __interrupt_handler80
                0x06012734                __interrupt_handler62
                0x060125cc                __interrupt_handler2
                0x0601266e                __interrupt_handler29
                0x06012764                __interrupt_handler70
                0x0601284e                __interrupt_handler109
                0x06012938                __interrupt_handler148
                0x060127f4                __interrupt_handler94
                0x06012b00                __interrupt_handler224
                0x0601282a                __interrupt_handler103
                0x06012698                __interrupt_handler36
                0x060128b4                __interrupt_handler126
                0x06012b84                __interrupt_handler246
                0x0601270a                __interrupt_handler55
                0x06012608                __interrupt_handler12
                0x060126f8                __interrupt_handler52
                0x06012a22                __interrupt_handler187
                0x06012920                __interrupt_handler144
                0x0601287e                __interrupt_handler117
                0x0601262c                __interrupt_handler18
                0x06012a5e                __interrupt_handler197
                0x06012950                __interrupt_handler152
                0x06012884                __interrupt_handler118
                0x060129bc                __interrupt_handler170
                0x06012a76                __interrupt_handler201
                0x06012806                __interrupt_handler97
                0x06012992                __interrupt_handler163
                0x060129f8                __interrupt_handler180
                0x06012a40                __interrupt_handler192
                0x06012b60                __interrupt_handler240
                0x060128a2                __interrupt_handler123
                0x06012ac4                __interrupt_handler214
                0x0601267a                __interrupt_handler31
                0x06012668                __interrupt_handler28
                0x06012752                __interrupt_handler67
                0x06012758                __interrupt_handler68
                0x06012644                __interrupt_handler22
                0x0601264a                __interrupt_handler23
                0x060129e0                __interrupt_handler176
                0x060125ea                __interrupt_handler7
                0x06012aee                __interrupt_handler221
                0x06012ad6                __interrupt_handler217
                0x06012b1e                __interrupt_handler229
                0x060126e6                __interrupt_handler49
                0x060125d8                __interrupt_handler4
                0x060126b0                __interrupt_handler40
                0x06012872                __interrupt_handler115
                0x06012b42                __interrupt_handler235
                0x060127e2                __interrupt_handler91
                0x06012a94                __interrupt_handler206
                0x060129e6                __interrupt_handler177
                0x06012932                __interrupt_handler147
                0x0601269e                __interrupt_handler37
                0x06012b9c                __interrupt_handler250
                0x060125c6                __interrupt_handler1
                0x06012ae2                __interrupt_handler219
                0x06012788                __interrupt_handler76
                0x06012818                __interrupt_handler100
                0x0601271c                __interrupt_handler58
                0x0601261a                __interrupt_handler15
                0x06012ab8                __interrupt_handler212
                0x06012b66                __interrupt_handler241
                0x06012a7c                __interrupt_handler202
                0x06012a46                __interrupt_handler193
                0x06012794                __interrupt_handler78
                0x060126ec                __interrupt_handler50
                0x06012686                __interrupt_handler33
                0x060129a4                __interrupt_handler166
                0x060128fc                __interrupt_handler138
                0x060128ea                __interrupt_handler135
                0x06012674                __interrupt_handler30
                0x06012a10                __interrupt_handler184
                0x0601290e                __interrupt_handler141
                0x06012b24                __interrupt_handler230
                0x06012b48                __interrupt_handler236
                0x0601288a                __interrupt_handler119
                0x060127c4                __interrupt_handler86
                0x06012836                __interrupt_handler105
                0x060127a6                __interrupt_handler81
                0x06012890                __interrupt_handler120
                0x060128c0                __interrupt_handler128
                0x06012704                __interrupt_handler54
                0x06012602                __interrupt_handler11
                0x06012a6a                __interrupt_handler199
                0x0601295c                __interrupt_handler154
                0x060126ce                __interrupt_handler45
                0x06012ad0                __interrupt_handler216
                0x06012a82                __interrupt_handler203
                0x0601281e                __interrupt_handler101
                0x060127b8                __interrupt_handler84
                0x06012a16                __interrupt_handler185
                0x06012914                __interrupt_handler142
                0x0601265c                __interrupt_handler26
                0x06012740                __interrupt_handler64
                0x06012a70                __interrupt_handler200
                0x06012a9a                __interrupt_handler207
                0x06012a4c                __interrupt_handler194
                0x060127e8                __interrupt_handler92
                0x06012962                __interrupt_handler155
                0x06012ab2                __interrupt_handler211
                0x060128de                __interrupt_handler133
                0x060125de                __interrupt_handler5
                0x06012776                __interrupt_handler73
                0x06012620                __interrupt_handler16
                0x06012b5a                __interrupt_handler239
                0x06012b3c                __interrupt_handler234
                0x06012692                __interrupt_handler35
                0x06012722                __interrupt_handler59
                0x060129b6                __interrupt_handler169
                0x0601280c                __interrupt_handler98
                0x0601276a                __interrupt_handler71
                0x060126f2                __interrupt_handler51
                0x0601297a                __interrupt_handler159
                0x06012b0c                __interrupt_handler226
                0x06012800                __interrupt_handler96
                0x06012a34                __interrupt_handler190
                0x06012ae8                __interrupt_handler220
                0x060125f0                __interrupt_handler8
                0x060129f2                __interrupt_handler179
                0x06012ba8                __interrupt_handler252
 *fill*         0x06012be4        0xc 00
 .text          0x06012bf0     0x12a0 ../sbl6/segalib/lib/sega_spr.a(spr_2c.o)
                0x06013e50                SlaveFlushDrawPrtyBlock
                0x06012bf0                SPR_2Initial
                0x06013434                SPR_2SysClip
                0x060133d4                SPR_2LocalCoord
                0x06013ccc                SPR_2FlushDrawPrtyBlock
                0x060139b8                SPR_2DistSpr
                0x060133bc                SPR_2FlushDrawPrty
                0x06013adc                SPR_2Cmd
                0x060130b8                SPR_2GourTblNoToVram
                0x06013118                SPR_2GetAreaSizeInfo
                0x06012e80                SPR_2SetGourTbl
                0x0601366c                SPR_2Polygon
                0x060130f4                SPR_2CharNoToVram
                0x06012e00                SPR_2SetTvMode
                0x0601325c                SPR_2CloseCommand
                0x06012e3c                SPR_2FrameEraseData
                0x06012c18                SPR_2Initial2
                0x0601384c                SPR_2ScaleSpr
                0x060134dc                SPR_2Line
                0x060131a8                SPR_2OpenCommand
                0x06012e1c                SPR_2FrameChgIntr
                0x06013728                SPR_2NormSpr
                0x06012eb0                SPR_2SetLookupTbl
                0x06012ee4                SPR_2SetChar
                0x060130dc                SPR_2LookupTblNoToVram
                0x060135b0                SPR_2PolyLine
                0x06013050                SPR_2ClrAllChar
                0x06013004                SPR_2ClrChar
                0x06013480                SPR_2UserClip
 .text          0x06013e90      0x1e6 ../sbl6/segalib/lib/sega_spr.a(spr_slv.o)
                0x06013ff4                SPR_WaitEndSlaveSH
                0x06013e90                SPR_SMPC_SSHON
                0x06013fd0                SPR_RunSlaveSH
                0x06013e94                SPR_InitSlaveSH
                0x06013f5c                SPR_SlaveSHmain
                0x06013e91                SPR_SMPC_SSHOFF
 *fill*         0x06014076        0xa 00
 .text          0x06014080      0x36a ../sbl6/segalib/lib/sega_spr.a(spr_1c.o)
                0x06014334                SPR_WaitDrawEnd
                0x0601434c                SPR_SetEosMode
                0x06014264                SPR_SetEraseData
                0x06014080                SPR_Initial
                0x06014158                SPR_SetTvMode
                0x060141f0                SPR_GetStatus
 *fill*         0x060143ea        0x6 00
 .text          0x060143f0      0x244 ../sbl6/segalib/lib/sega_spr.a(spr_2a.o)
                0x06014402                sprMemCpyW
                0x06014460                flushDrawPrtyBlock
                0x060143f0                sprMemCpyL
                0x06014414                SPR_2SetDrawPrty
 *fill*         0x06014634        0xc 00
 .text          0x06014640      0x2fc ../sbl6/segalib/lib/sega_scl.a(scl_vblv.o)
                0x060146fc                SCL_DisplayFrame
                0x06014640                SCL_SetFrameInterval
                0x06014730                SCL_VblInit
                0x06014780                SCL_VblankStart
                0x060147c4                SCL_VblankEnd
 *fill*         0x0601493c        0x4 00
 .text          0x06014940      0xb9c ../sbl6/segalib/lib/sega_scl.a(scl_func.o)
                0x0601531c                SCL_Vdp2_SGLInit
                0x0601522c                SCL_PriIntProc
                0x060151a4                SCL_Memcpyw
                0x060154bc                SCL_SglOff
                0x0601549c                SCL_SglOn
                0x06015110                SCL_ScrollShow
                0x06014bb8                SCL_Close
                0x06014eb0                SCL_Scale
                0x06014940                SCL_Vdp2Init
                0x06014d24                SCL_Move
                0x06014fec                SCL_CopyReg
                0x06014b94                SCL_Open
                0x060149c4                SCL_ParametersInit
                0x06014bd4                SCL_MoveTo
                0x060151cc                SCL_SetColRamMode
 *fill*         0x060154dc        0x4 00
 .text          0x060154e0      0x138 ../sbl6/segalib/lib/sega_scl.a(scl_pr03.o)
                0x060154e0                SCL_FreeColRam
                0x06015518                SCL_AllocColRam
 *fill*         0x06015618        0x8 00
 .text          0x06015620       0x9c ../sbl6/segalib/lib/sega_scl.a(scl_pr02.o)
                0x06015620                SCL_SetColRam
 *fill*         0x060156bc        0x4 00
 .text          0x060156c0       0x84 ../sbl6/segalib/lib/sega_scl.a(scl_back.o)
                0x060156c0                SCL_SetBack
 *fill*         0x06015744        0xc 00
 .text          0x06015750      0x94c ../sbl6/segalib/lib/sega_scl.a(scl_fu03.o)
                0x060157ac                SCL_SetConfig
                0x06015750                SCL_InitConfigTb
 *fill*         0x0601609c        0x4 00
 .text          0x060160a0      0x4f4 ../sbl6/segalib/lib/sega_scl.a(scl_fu02.o)
                0x060160d8                SCL_SetVramConfig
                0x060160a0                SCL_InitVramConfigTb
 *fill*         0x06016594        0xc 00
 .text          0x060165a0       0x28 ../sbl6/segalib/lib/sega_scl.a(scl_fu04.o)
                0x060165a0                SCL_SetCycleTable
 *fill*         0x060165c8        0x8 00
 .text          0x060165d0      0x214 ../sbl6/segalib/lib/sega_scl.a(scl_pr07.o)
                0x060165d0                SCL_SetPriority
 *fill*         0x060167e4        0xc 00
 .text          0x060167f0       0x58 ../sbl6/segalib/lib/sega_scl.a(scl_pr01.o)
                0x060167f0                SCL_SetSpriteMode
 *fill*         0x06016848        0x8 00
 .text          0x06016850     0x10a4 ../sbl6/segalib/lib/sega_scl.a(scl_pri.o)
                0x060168e4                SCL_AbortAutoVe
                0x06017794                SCL_SetShadowBit
                0x06016d5c                SCL_AutoExec
                0x06016850                SCL_PriorityInit
                0x06017270                SCL_IncColOffset
                0x060168f8                SCL_SetColMixRate
                0x060168c8                SCL_GetColRamMode
 *fill*         0x060178f4        0xc 00
 .text          0x06017900     0x1394 ../sbl6/segalib/lib/sega_scl.a(scl_ro00.o)
                0x06018aec                SCL_RotateZD
                0x06017db4                SCL_Rotate
                0x06017a88                SCL_InitRotateTable
 *fill*         0x06018c94        0xc 00
 .text          0x06018ca0      0x1b4 ../sbl6/segalib/lib/sega_scl.a(scl_pr06.o)
                0x06018ca0                SCL_SetColRamOffset
 *fill*         0x06018e54        0xc 00
 .text          0x06018e60       0xac ../sbl6/segalib/lib/sega_scl.a(scl_pr05.o)
                0x06018e60                SCL_GetColRamOffset
 *fill*         0x06018f0c        0x4 00
 .text          0x06018f10       0xa4 ../sbl6/segalib/lib/sega_mth.a(mth_fixd.o)
                0x06018f60                MTH_FixedToInt
                0x06018f50                MTH_IntToFixed
                0x06018f10                MTH_Mul
                0x06018f70                MTH_Product
                0x06018f30                MTH_Div
 *fill*         0x06018fb4        0xc 00
 .text          0x06018fc0      0x600 ../sbl6/segalib/lib/sega_mth.a(mth_tri.o)
                0x0601905c                fcos
                0x06019062                fsin
                0x0601900c                MTH_Cos
                0x06018fc0                MTH_Sin
                0x06019200                MTH_Atan
 .text          0x060195c0      0xf50 ../sbl6/segalib/lib/sega_per.a(per_prt.o)
                0x060199e0                PER_IntFunc
                0x060197d8                PER_LGetPer
                0x060195c0                PER_LInit
 .text          0x0601a510     0x1b04 ../sbl6/segalib/lib/sega_sat.a(gfs.o)
                0x0601a510                gfs_version
                0x0601b784                gfs_mngGetNumFile
                0x0601bf04                gfs_closeSub
                0x0601b2a0                GFS_SetGmode
                0x0601b55c                GFS_SetErrFunc
                0x0601b6ac                gfs_mngSetupFuncTbl
                0x0601a868                GFS_Reset
                0x0601b5d4                gfs_chgRoot
                0x0601b6a0                gfs_aborttrans
                0x0601b984                gfs_svrAddHndl
                0x0601b834                gfs_mngFreeGrp
                0x0601b5ac                GFS_ConvTno
                0x0601bb38                gfs_getRootDir
                0x0601b588                GFS_GetErrStat
                0x0601a9d8                GFS_Seek
                0x0601b044                GFS_NwStop
                0x0601b840                gfs_mngTermAccess
                0x0601a8ec                GFS_Open
                0x0601b7ec                GFS_mngAllocGrp
                0x0601bf4c                gfs_isTaskDone
                0x0601ad44                GFS_Fread
                0x0601b4a4                GFS_StartTrans
                0x0601bea0                gfs_GetFinfo
                0x0601b6e0                gfs_mngInitWork
                0x0601ab30                GFS_ByteToSct
                0x0601b944                gfs_svrSearchHndl
                0x0601bc34                gfs_loadRootDir
                0x0601a78c                GFS_IdToName
                0x0601ae88                GFS_NwFread
                0x0601b3d4                GFS_SetTransPara
                0x0601af94                GFS_NwCdRead
                0x0601ba74                gfs_loadVol
                0x0601b370                GFS_SetReadPara
                0x0601aa8c                GFS_Tell
                0x0601b304                GFS_SetTmode
                0x0601be08                GFS_GetFad
                0x0601b440                GFS_SetTrFunc
                0x0601b4f0                GFS_CdMovePickup
                0x0601a728                GFS_NameToId
                0x0601b15c                GFS_NwExecOne
                0x0601bcbc                gfs_flowIn
                0x0601abe4                GFS_GetFileInfo
                0x0601bd64                gfs_transData
                0x0601b9c0                gfs_svrRemoveHndl
                0x0601b00c                GFS_NwIsComplete
                0x0601bf40                gfs_getGmode
                0x0601b0b0                GFS_NwGetStat
                0x0601ba1c                GFS_OpenSub
                0x0601a6c0                GFS_SetDir
                0x0601ab8c                GFS_GetFileSize
                0x0601ac58                GFS_GetNumCdbuf
                0x0601bfa0                gfs_convFinStat
                0x0601ac80                GFS_Load
                0x0601ade0                gfs_waitRead
                0x0601a618                GFS_LoadDir
                0x0601a7f8                GFS_GetDirInfo
                0x0601a9a0                GFS_Close
                0x0601a530                GFS_Init
                0x0601b12c                gfs_recovRdErr
                0x0601b8c4                gfs_mngSetErrCode
                0x0601b21c                GFS_NwExecServer
                0x0601aadc                GFS_IsEof
                0x0601be60                gfs_SetSct
 *fill*         0x0601c014        0xc 00
 .text          0x0601c020      0x1f4 ../sbl6/segalib/lib/sega_sat.a(DMA_SCU1.o)
                0x0601c17c                DMA_ScuResult
                0x0601c020                DMA_ScuInit
                0x0601c070                DMA_ScuMemCopy
 *fill*         0x0601c214        0xc 00
 .text          0x0601c220      0x8d4 ../sbl6/segalib/lib/sega_sat.a(gfs_cdf.o)
                0x0601c714                GFCF_Seek
                0x0601c81c                GFCF_GetStat
                0x0601c6fc                GFCF_Tell
                0x0601c2c0                GFCF_Setup
                0x0601c7c8                GFCF_cnvIntlvOfs
                0x0601c220                GFCF_Init
                0x0601c6b4                GFCF_Recover
                0x0601c408                GFCF_SetSct
                0x0601c72c                GFCF_MovePickup
                0x0601c8f0                gfcf_isCdOk
                0x0601c4c0                GFCF_FlowInBuf
                0x0601c44c                GFCF_GetFileInfo
                0x0601c614                GFCF_StopInBuf
                0x0601c8b4                gfcf_getSctSize
                0x0601c9b0                gfcf_getPlayRange
 *fill*         0x0601caf4        0xc 00
 .text          0x0601cb00      0x928 ../sbl6/segalib/lib/sega_sat.a(gfs_dir.o)
                0x0601cff0                gfdr_setNextRec
                0x0601d3ec                gfdr_setDirrecCd
                0x0601cde8                gfdr_open
                0x0601cbfc                GFDR_GetAtrDirId
                0x0601ced0                gfdr_readByte
                0x0601cb00                GFDR_SetupDirTbl
                0x0601cfc8                gfdr_readLongNM
                0x0601d074                gfdr_readDirEnt
                0x0601cc2c                GFDR_ChgRoot
                0x0601cb74                GFDR_NameToId
                0x0601ccb8                gfdr_setupDirIdTbl
                0x0601cc14                GFDR_GetAtrDirName
                0x0601cbd4                GFDR_GetInfoDirId
                0x0601cf7c                gfdr_readLongNB
                0x0601ce10                gfdr_read
                0x0601cefc                gfdr_readWord
                0x0601cd3c                gfdr_setupDirNameTbl
                0x0601cbe8                GFDR_GetInfoDirName
                0x0601cc44                GFDR_ChgDir
                0x0601cf28                gfdr_readWordNB
 *fill*         0x0601d428        0x8 00
 .text          0x0601d430      0xa46 ../sbl6/segalib/lib/sega_sat.a(gfs_trn.o)
                0x0601d510                GFTR_SetTransMax
                0x0601d8e0                gftr_execScu
                0x0601de64                GFTR_SetTransFunc
                0x0601dd2c                gftr_remTrn
                0x0601de50                GFTR_SetData
                0x0601db50                gftr_execSdma1
                0x0601dda0                gftr_copyFrac
                0x0601d504                GFTR_GetNumTrans
                0x0601d4a4                GFTR_SetMode
                0x0601db20                gftr_remDma0
                0x0601ddc8                GFTR_GetLenData
                0x0601d8d4                gftr_reqScu
                0x0601db38                gftr_reqDma1
                0x0601d7f0                gftr_getSrcPack
                0x0601de20                GFTR_RtnDstPk
                0x0601d9bc                gfdma_exec
                0x0601dc54                gftr_execTrn
                0x0601d6e8                GFTR_ExecSvr
                0x0601dbe4                gftr_reqTrn
                0x0601daac                gfdma_getBytecnt
                0x0601db8c                gftr_reqCpu
                0x0601ddec                GFTR_GetDstPack
                0x0601dae4                gftr_reqDma0
                0x0601d670                GFTR_Idle
                0x0601d528                GFTR_Pause
                0x0601d4f8                GFTR_GetTransPara
                0x0601dbd8                gftr_remCpu
                0x0601d4c4                GFTR_SetTransPara
                0x0601db74                gftr_remDma1
                0x0601d534                GFTR_Stop
                0x0601dafc                gftr_execSdma0
                0x0601d460                GFTR_Setup
                0x0601d97c                gftr_remScu
                0x0601d878                gftr_getDstPack
                0x0601d9b0                gfdma_canUse
                0x0601d5ec                GFTR_Exec
                0x0601de3c                GFTR_GetData
                0x0601d51c                GFTR_Start
                0x0601d4b8                GFTR_SetUnit
                0x0601db98                gftr_execCpu
                0x0601ddd4                GFTR_GetLenRoom
 *fill*         0x0601de76        0xa 00
 .text          0x0601de80      0x106 ../sbl6/segalib/lib/sega_sat.a(gfs_buf.o)
                0x0601ded8                GFBF_GetNumData
                0x0601df54                GFBF_RtnPk
                0x0601df08                GFBF_GetSrcPk
                0x0601df7c                gfbf_getSctDt
                0x0601deb0                GFBF_GetTranData
                0x0601df30                GFBF_GetSctData
 *fill*         0x0601df86        0xa 00
 .text          0x0601df90      0x600 ../sbl6/segalib/lib/sega_sat.a(gfs_cdb.o)
                0x0601e538                GFCB_GetPickup
                0x0601e0b0                GFCB_Close
                0x0601e37c                GFCB_GetSrcPack
                0x0601e504                GFCB_SetCon
                0x0601e184                GFCB_GetLenRoom
                0x0601e4e8                GFCB_MovePickup
                0x0601e45c                GFCB_GetSctData
                0x0601e190                GFCB_SetFilt
                0x0601e0d8                GFCB_GetLenData
                0x0601e578                GFCB_UngetPickup
                0x0601df90                GFCB_Setup
                0x0601e220                GFCB_Tell
                0x0601e560                GFCB_IsPuOwner
                0x0601e280                GFCB_Seek
                0x0601e1f8                GFCB_DeleteAllData
                0x0601e494                GFCB_GetDstPack
                0x0601e230                gfcb_getSctNum
                0x0601e4a0                GFCB_RtnPk
 .text          0x0601e590     0x1a04 ../sbl6/segalib/lib/sega_sat.a(gfs_cdc.o)
                0x0601e82c                GFCD_AllocBuf
                0x0601f608                gfcd_doGetLenDataTsk
                0x0601fea4                GFCD_SetCsctFunc
                0x0601e904                GFCD_GetBaseFad
                0x0601ea80                GFCD_GetFilt
                0x0601fa94                gfcd_doChgDirTsk
                0x0601fdd4                gfcd_checkEflag
                0x0601edc8                GFCD_MovePickup
                0x0601eeac                GFCD_GetSctInfo
                0x0601f75c                gfcd_doReqDataTsk
                0x0601eef4                GFCD_ChgDir
                0x0601ebe8                GFCD_ReqData
                0x0601fec0                GFCD_ChkScdqFlag
                0x0601f378                GFCD_WaitServer
                0x0601ec8c                GFCD_DelSctData
                0x0601f164                GFCD_ExecServer
                0x0601f578                gfcd_doSetConTsk
                0x0601e7c0                GFCD_AllocFilt
                0x0601e9bc                GFCD_SetFilt
                0x0601f3b4                gfcd_doSetFiltTsk
                0x0601fee4                GFCD_ClrScdqFlag
                0x0601f7fc                gfcd_doDelSctDataTsk
                0x0601f2c0                gfcd_doTask
                0x0601e938                GFCD_GetPickup
                0x0601ee88                GFCD_CheckMove
                0x0601ff00                GFCD_WaitScdqFlag
                0x0601eb20                GFCD_Play
                0x0601f930                gfcd_doMoveSctTsk
                0x0601eac8                GFCD_SetCon
                0x0601ef68                GFCD_SetFiltCon
                0x0601ff44                GFCD_WaitPause
                0x0601f12c                GFCD_GetBufSiz
                0x0601e96c                GFCD_UngetPickup
                0x0601f050                GFCD_GetFileInfo
                0x0601ec44                GFCD_EndData
                0x0601e860                GFCD_FreeBuf
                0x0601eb80                GFCD_GetLenData
                0x0601e7fc                GFCD_FreeFilt
                0x0601f238                gfcd_isIdleTask
                0x0601e5bc                GFCD_Init
                0x0601fc90                gfcd_doSetFiltConTsk
                0x0601ed14                GFCD_GetStat
                0x0601ee14                GFCD_MoveSctData
                0x0601e998                GFCD_IsPuOwner
                0x0601fdf8                gfcd_initCdbMng
                0x0601e590                GFCD_SetCdbfs
                0x0601f364                GFCD_SetTimer
                0x0601fe78                gfcd_setStat
                0x0601ece4                GFCD_CheckDelSctData
 *fill*         0x0601ff94        0xc 00
 .text          0x0601ffa0      0x308 ../sbl6/segalib/lib/sega_sat.a(DMA_SCU0.o)
                0x06020024                DMA_ScuStart
                0x06020158                DMA_ScuIntFunc0
                0x060201c8                DMA_ScuIntFunc1
                0x06020238                DMA_ScuIntFunc2
                0x06020118                DMA_ScuGetStatus
                0x0601ffa0                DMA_ScuSetPrm
 *fill*         0x060202a8        0x8 00
 .text          0x060202b0       0xe8 ../sbl6/segalib/lib/sega_sat.a(csh_main.o)
                0x060202b0                CSH_Init
                0x06020318                CSH_AllClr
                0x06020364                CSH_Purge
 *fill*         0x06020398        0x8 00
 .text          0x060203a0      0x1b6 ../sbl6/segalib/lib/sega_sat.a(DMA_CPU0.o)
                0x060203e8                DMA_CpuSetPrm
                0x060204ec                DMA_CpuStart
                0x06020544                DMA_CpuGetStatus
                0x06020518                DMA_CpuAllStop
                0x0602052c                DMA_CpuGetComStatus
                0x060203a0                DMA_CpuSetComPrm
                0x06020500                DMA_CpuStop
 *fill*         0x06020556        0xa 00
 .text          0x06020560      0x2dc ../sbl6/segalib/lib/sega_sat.a(cdc_reg.o)
                0x060205b4                CDREG_ClrHirqReq
                0x06020584                CDC_ClrHirqReq
                0x06020634                CDREG_TgetData
                0x06020624                CDC_GetMpegPtr
                0x06020600                CDC_GetHirqMsk
                0x06020560                CDC_GetDataPtr
                0x06020570                CDC_GetHirqReq
                0x06020790                CDREG_WaitHirq
                0x06020614                CDC_SetHirqMsk
                0x06020690                CDREG_CmdRsp
                0x060205c4                CDREG_InitHirqReq
                0x060205ec                CDREG_SetHirqFlag
                0x06020800                CDREG_ReadRsp
 *fill*         0x0602083c        0x4 00
 .text          0x06020840      0x194 ../sbl6/segalib/lib/sega_sat.a(cdc_cfs.o)
                0x06020840                CDC_ChgDir
                0x06020874                CDC_ReadDir
                0x06020998                CDC_AbortFile
                0x060208a8                CDC_GetFileScope
                0x06020908                CDC_TgetFileInfo
                0x06020964                CDC_ReadFile
 *fill*         0x060209d4        0xc 00
 .text          0x060209e0      0x3a0 ../sbl6/segalib/lib/sega_sat.a(cdc_cmn.o)
                0x06020b84                CDC_TgetToc
                0x06020d28                CDC_DataEnd
                0x06020a48                CDC_GetPeriStat
                0x06020cbc                CDC_DataReady
                0x06020c94                CDC_CdOpen
                0x06020c10                CDC_CdInit
                0x06020bd4                CDC_GetSes
                0x06020a30                CDC_GetLastStat
                0x060209e0                CDC_GetCurStat
                0x06020b1c                CDC_GetHwInfo
 .text          0x06020d80      0x1e4 ../sbl6/segalib/lib/sega_sat.a(cdc_bio.o)
                0x06020e2c                CDC_GetdelSctData
                0x06020db4                CDC_GetSctData
                0x06020e68                CDC_PutSctData
                0x06020ee4                CDC_MoveSctData
                0x06020f28                CDC_GetCopyErr
                0x06020df0                CDC_DelSctData
                0x06020d80                CDC_SetSctLen
                0x06020ea0                CDC_CopySctData
 *fill*         0x06020f64        0xc 00
 .text          0x06020f70      0x2b8 ../sbl6/segalib/lib/sega_sat.a(cdc_sel.o)
                0x060211a0                CDC_GetFiltCon
                0x0602111c                CDC_GetFiltMode
                0x060211f4                CDC_ResetSelector
                0x06020f70                CDC_SetFiltRange
                0x06020ffc                CDC_SetFiltSubh
                0x0602106c                CDC_GetFiltSubh
                0x06020fa4                CDC_GetFiltRange
                0x060210e8                CDC_SetFiltMode
                0x06021160                CDC_SetFiltCon
 *fill*         0x06021228        0x8 00
 .text          0x06021230      0x130 ../sbl6/segalib/lib/sega_sat.a(cdc_drv.o)
                0x06021230                CDC_CdPlay
                0x060212fc                CDC_CdSeek
                0x06021330                CDC_CdScan
 .text          0x06021360      0x270 ../sbl6/segalib/lib/sega_sat.a(cdc_bif.o)
                0x060213bc                CDC_GetSctNum
                0x0602153c                CDC_ExeFadSearch
                0x060214bc                CDC_GetSctInfo
                0x06021400                CDC_CalActSiz
                0x06021360                CDC_GetBufSiz
                0x0602143c                CDC_GetActSiz
                0x06021574                CDC_GetFadSearch
 .text          0x060215d0       0xa8 ../sbl6/segalib/lib/sega_sat.a(cdc_dev.o)
                0x0602163c                CDC_CdGetLastBuf
                0x060215d0                CDC_CdSetCon
                0x06021600                CDC_CdGetCon
 *fill*         0x06021678        0x8 00
 .text          0x06021680      0x152 ../sbl6/segalib/lib/sega_sat.a(cdc_sub.o)
                0x06021728                CDSUB_GetCdstat
                0x06021698                CDSUB_UpdCdstat
                0x06021768                CDSUB_RspToCdstat
                0x060217b0                CDSUB_SoftTimer
                0x06021680                CDSUB_UpdStatus
                0x060216b8                CDSUB_CdCmd
 *fill*         0x060217d2        0xe 00
 .text          0x060217e0       0x60 C:/saturn/SH_COFF/sh-coff/bin/../lib/gcc/sh-coff/3.4-GNUSH_v0501\libgcc.a(_ashiftrt.o)
                0x060217ec                __ashiftrt_r4_27
                0x06021820                __ashiftrt_r4_6
                0x06021810                __ashiftrt_r4_14
                0x06021802                __ashiftrt_r4_19
                0x0602181a                __ashiftrt_r4_9
                0x0602182e                __ashiftrt_r4_0
                0x060217e0                __ashiftrt_r4_31
                0x060217ee                __ashiftrt_r4_26
                0x060217fc                __ashiftrt_r4_22
                0x06021808                __ashiftrt_r4_16
                0x06021814                __ashiftrt_r4_12
                0x060217e8                __ashiftrt_r4_29
                0x06021806                __ashiftrt_r4_17
                0x060217e6                __ashiftrt_r4_30
                0x06021822                __ashiftrt_r4_5
                0x0602181c                __ashiftrt_r4_8
                0x060217e0                __ashiftrt_r4_32
                0x060217f0                __ashiftrt_r4_25
                0x06021828                __ashiftrt_r4_2
                0x060217f2                __ashiftrt_r4_24
                0x0602180e                __ashiftrt_r4_15
                0x06021818                __ashiftrt_r4_10
                0x0602182a                __ashiftrt_r4_1
                0x060217ea                __ashiftrt_r4_28
                0x06021800                __ashiftrt_r4_20
                0x0602181e                __ashiftrt_r4_7
                0x06021812                __ashiftrt_r4_13
                0x06021816                __ashiftrt_r4_11
                0x06021824                __ashiftrt_r4_4
                0x060217fa                __ashiftrt_r4_23
                0x06021804                __ashiftrt_r4_18
                0x060217fe                __ashiftrt_r4_21
                0x06021826                __ashiftrt_r4_3
 .text          0x06021840       0x90 C:/saturn/SH_COFF/sh-coff/bin/../lib/gcc/sh-coff/3.4-GNUSH_v0501\libgcc.a(_ashiftlt.o)
                0x06021840                __ashlsi3
 .text          0x060218d0       0xb0 C:/saturn/SH_COFF/sh-coff/bin/../lib/gcc/sh-coff/3.4-GNUSH_v0501\libgcc.a(_movstr.o)
                0x06021910                __movstrSI16
                0x060218e4                __movstrSI60
                0x060218f0                __movstrSI48
                0x060218ec                __movstrSI52
                0x060218e0                __movstrSI64
                0x060218f4                __movstrSI44
                0x060218f8                __movstrSI40
                0x060218fc                __movstrSI36
                0x06021930                __movstr
                0x060218e8                __movstrSI56
                0x06021904                __movstrSI28
                0x06021900                __movstrSI32
                0x06021914                __movstrSI12
                0x06021918                __movstrSI8
                0x06021920                __movstrSI0
                0x06021908                __movstrSI24
                0x0602190c                __movstrSI20
                0x0602191c                __movstrSI4
 .text          0x06021980       0xa0 C:/saturn/SH_COFF/sh-coff/bin/../lib/gcc/sh-coff/3.4-GNUSH_v0501\libgcc.a(__main.o)
                0x060219f4                __main
                0x06021980                __do_global_dtors
                0x060219b4                __do_global_ctors
 .text          0x06021a20       0x70 C:/saturn/SH_COFF/sh-coff/bin/../lib/gcc/sh-coff/3.4-GNUSH_v0501\libgcc.a(_udivsi3.o)
                0x06021a42                __udivsi3
 .text          0x06021a90       0xb0 C:/saturn/SH_COFF/sh-coff/bin/../lib/gcc/sh-coff/3.4-GNUSH_v0501\libgcc.a(_si_to_df.o)
                0x06021a90                __floatsidf
 .text          0x06021b40      0x2e0 C:/saturn/SH_COFF/sh-coff/bin/../lib/gcc/sh-coff/3.4-GNUSH_v0501\libgcc.a(_mul_df.o)
                0x06021b50                __muldf3
 .text          0x06021e20       0x80 C:/saturn/SH_COFF/sh-coff/bin/../lib/gcc/sh-coff/3.4-GNUSH_v0501\libgcc.a(_df_to_si.o)
                0x06021e20                __fixdfsi
 .text          0x06021ea0       0xa0 C:/saturn/SH_COFF/sh-coff/bin/../lib/gcc/sh-coff/3.4-GNUSH_v0501\libgcc.a(_sdivsi3.o)
                0x06021ea0                __sdivsi3
 .text          0x06021f40      0x220 C:/saturn/SH_COFF/sh-coff/bin/../lib/gcc/sh-coff/3.4-GNUSH_v0501\libgcc.a(_pack_df.o)
                0x06021f50                __pack_d
 .text          0x06022160      0x120 C:/saturn/SH_COFF/sh-coff/bin/../lib/gcc/sh-coff/3.4-GNUSH_v0501\libgcc.a(_unpack_df.o)
                0x06022170                __unpack_d
 .text          0x06022280       0x20 C:/saturn/SH_COFF/sh-coff/bin/../lib/gcc/sh-coff/3.4-GNUSH_v0501\libgcc.a(_thenan_df.o)
                0x06022280                __thenan_df
 .text          0x060222a0       0xd0 C:/saturn/SH_COFF/sh-coff/bin/../lib/gcc/sh-coff/3.4-GNUSH_v0501\libgcc.a(_muldi3.o)
                0x060222a0                __muldi3
 .text          0x06022370       0x80 C:/saturn/SH_COFF/sh-coff/bin/../lib/gcc/sh-coff/3.4-GNUSH_v0501\libgcc.a(_lshrdi3.o)
                0x06022370                __lshrdi3
 .text          0x060223f0       0x80 C:/saturn/SH_COFF/sh-coff/bin/../lib/gcc/sh-coff/3.4-GNUSH_v0501\libgcc.a(_ashldi3.o)
                0x060223f0                __ashldi3
 .text          0x06022470       0x30 C:/saturn/SH_COFF/sh-coff/bin/../lib/gcc/sh-coff/3.4-GNUSH_v0501\libgcc.a(_mulsi3.o)
                0x06022470                __mulsi3
 .text          0x060224a0       0x90 C:/saturn/SH_COFF/sh-coff/bin/../lib/gcc/sh-coff/3.4-GNUSH_v0501\libgcc.a(_lshiftrt.o)
                0x060224a0                __lshrsi3
 .text          0x06022530       0xa0 C:/saturn/SH_COFF/sh-coff/bin/../lib/gcc/sh-coff/3.4-GNUSH_v0501/../../../../sh-coff/lib\libc.a(memcpy.o)
                0x06022530                memcpy
 .text          0x060225d0       0x40 C:/saturn/SH_COFF/sh-coff/bin/../lib/gcc/sh-coff/3.4-GNUSH_v0501/../../../../sh-coff/lib\libc.a(memset.o)
                0x060225d0                memset
 .text          0x06022610       0x60 C:/saturn/SH_COFF/sh-coff/bin/../lib/gcc/sh-coff/3.4-GNUSH_v0501/../../../../sh-coff/lib\libc.a(memcmp.o)
                0x06022610                memcmp
 .text          0x06022670       0xb0 C:/saturn/SH_COFF/sh-coff/bin/../lib/gcc/sh-coff/3.4-GNUSH_v0501/../../../../sh-coff/lib\libc.a(strncmp.o)
                0x06022670                strncmp
 .text          0x06022720       0xa0 C:/saturn/SH_COFF/sh-coff/bin/../lib/gcc/sh-coff/3.4-GNUSH_v0501/../../../../sh-coff/lib\libc.a(strncpy.o)
                0x06022720                strncpy
 .text          0x060227c0       0x90 C:/saturn/SH_COFF/sh-coff/bin/../lib/gcc/sh-coff/3.4-GNUSH_v0501/../../../../sh-coff/lib\libc.a(atexit.o)
                0x060227c0                atexit
 .text          0x06022850       0x10 C:/saturn/SH_COFF/sh-coff/bin/../lib/gcc/sh-coff/3.4-GNUSH_v0501/../../../../sh-coff/lib\libc.a(impure.o)
                0x06022850                _global_impure_ptr
 .text          0x06022860       0x40 C:/saturn/SH_COFF/sh-coff/bin/../lib/gcc/sh-coff/3.4-GNUSH_v0501/../../../../sh-coff/lib\libc.a(malloc.o)
                0x0602287c                free
                0x06022860                malloc
 .text          0x060228a0      0x5b0 C:/saturn/SH_COFF/sh-coff/bin/../lib/gcc/sh-coff/3.4-GNUSH_v0501/../../../../sh-coff/lib\libc.a(mallocr.o)
                0x060228a0                _malloc_r
 .text          0x06022e50      0x340 C:/saturn/SH_COFF/sh-coff/bin/../lib/gcc/sh-coff/3.4-GNUSH_v0501/../../../../sh-coff/lib\libc.a(freer.o)
                0x06022e50                _malloc_trim_r
                0x06022f44                _free_r
 .text          0x06023190       0x20 C:/saturn/SH_COFF/sh-coff/bin/../lib/gcc/sh-coff/3.4-GNUSH_v0501/../../../../sh-coff/lib\libc.a(mlock.o)
                0x06023190                __malloc_lock
                0x0602319c                __malloc_unlock
 .text          0x060231b0       0x50 C:/saturn/SH_COFF/sh-coff/bin/../lib/gcc/sh-coff/3.4-GNUSH_v0501/../../../../sh-coff/lib\libc.a(sbrkr.o)
                0x060231b0                _sbrk_r
 .text          0x06023200      0x380 C:/saturn/SH_COFF/sh-coff/bin/../lib/gcc/sh-coff/3.4-GNUSH_v0501/../../../../sh-coff/lib\libc.a(syscalls.o)
                0x0602336c                _exit
                0x060233a0                _getpid
                0x06023408                _utime
                0x06023238                _write
                0x06023200                _read
                0x06023354                _unlink
                0x0602331c                _open
                0x060233b8                _stat
                0x06023360                isatty
                0x06023438                _wait
                0x06023384                _kill
                0x060233d4                _chmod
                0x06023468                _execv
                0x0602344c                _execve
                0x06023544                __setup_argv_and_call_main
                0x060234a0                _gettimeofday
                0x0602326c                _link
                0x060233ac                _raise
                0x06023338                _creat
                0x06023480                _pipe
                0x060233ec                _chown
                0x0602321c                _lseek
                0x06023254                _close
                0x06023494                _times
                0x06023308                _fstat
                0x06023424                _fork
                0x06023294                _sbrk
 .text          0x06023580       0x20 C:/saturn/SH_COFF/sh-coff/bin/../lib/gcc/sh-coff/3.4-GNUSH_v0501/../../../../sh-coff/lib\libc.a(trap.o)
                0x06023580                __trap34
 .text          0x060235a0       0x20 C:/saturn/SH_COFF/sh-coff/bin/../lib/gcc/sh-coff/3.4-GNUSH_v0501/../../../../sh-coff/lib\libc.a(abort.o)
                0x060235a0                abort
 .text          0x060235c0      0x270 C:/saturn/SH_COFF/sh-coff/bin/../lib/gcc/sh-coff/3.4-GNUSH_v0501/../../../../sh-coff/lib\libc.a(signal.o)
                0x06023680                _raise_r
                0x06023808                __sigtramp
                0x060237b4                raise
                0x060237f0                _init_signal
                0x06023740                __sigtramp_r
                0x060237d0                signal
                0x0602360c                _signal_r
                0x060235c0                _init_signal_r
 .text          0x06023830       0x60 C:/saturn/SH_COFF/sh-coff/bin/../lib/gcc/sh-coff/3.4-GNUSH_v0501/../../../../sh-coff/lib\libc.a(signalr.o)
                0x06023878                _getpid_r
                0x06023830                _kill_r
 *(.strings)

.tors           0x06023890        0x0
                0x06023890                ___ctors = .
 *(.ctors)
                0x06023890                ___ctors_end = .
                0x06023890                ___dtors = .
 *(.dtors)
                0x06023890                ___dtors_end = .

.data           0x06023890     0x15d0
                0x06023890                STARTOF_R = .
 *(.data)
 .data          0x06023890      0x400 ../sbl6/segasmp/per/smpclib/per_x1.o
 .data          0x06023c90       0x50 blocks.o
                0x06023cc4                tile2_slope
                0x06023ca4                tile4_slope
                0x06023c90                block_slopes
                0x06023cb4                tile3_slope
 .data          0x06023ce0      0x4c0 graphics.o
                0x06023d3a                guy_num
                0x06024198                bg_num
                0x06023d90                bg_pal
                0x06023d2c                guy_name
                0x06023cec                guy_pal
                0x06023d86                font_height
                0x06023cea                map_width
                0x06023ce8                map_height
                0x06023d36                guy_width
                0x06023ce0                map_name
                0x06023d7c                font_name
                0x06024190                bg_name
                0x06023d88                font_width
                0x06023d34                guy_height
                0x06023d8c                font_num
                0x06023d3c                font_pal
                0x06023d38                guy_size
                0x06023d8a                font_size
 .data          0x060241a0       0x30 sprite.o
 .data          0x060241d0       0x20 scroll.o
                0x060241d0                CycleTb
                0x060241e0                vram
 .data          0x060241f0      0x400 ../sbl6/segalib/lib/sega_int.a(int.o)
 .data          0x060245f0       0x1c ../sbl6/segalib/lib/sega_spr.a(spr_slv.o)
                0x060245f8                SPR_SlaveParam
                0x06024608                SPR_SMPC_SF
                0x06024600                SPR_SMPC_COM
                0x060245fc                SPR_SlaveSHEntry
                0x060245f4                SPR_SlaveState
                0x060245f0                SPR_SlaveCommand
                0x06024604                SPR_SMPC_RET
 *fill*         0x0602460c        0x4 00
 .data          0x06024610       0x34 ../sbl6/segalib/lib/sega_spr.a(spr_1c.o)
                0x06024610                SpInitialFlag
 *fill*         0x06024644        0xc 00
 .data          0x06024650       0x1c ../sbl6/segalib/lib/sega_scl.a(scl_vblv.o)
                0x06024658                VBInterval
                0x06024660                ReqDisplayFlag
                0x06024650                SpFrameChgMode
                0x0602465c                VBIntervalCounter
                0x06024654                SpFrameEraseMode
 *fill*         0x0602466c        0x4 00
 .data          0x06024670       0x36 ../sbl6/segalib/lib/sega_scl.a(scl_func.o)
                0x06024680                SclRotregBuff
                0x0602467c                SclDisplayY
                0x06024684                SclRotateTableMode
                0x06024678                SclProcess
                0x06024674                SclCurSclNum
                0x06024670                SclLengthLsTbl
                0x0602467a                SclDisplayX
                0x06024672                SclLengthCsTbl
 *fill*         0x060246a6        0xa 00
 .data          0x060246b0       0x18 ../sbl6/segalib/lib/sega_scl.a(scl_pri.o)
                0x060246b4                SclRealSpPriNum
                0x060246c4                SclRealColOffset
                0x060246c0                SclRealBgColMix
                0x060246bc                SclRealSpColMix
                0x060246b8                SclRealBgPriNum
                0x060246b0                SclRealOtherPri
 *fill*         0x060246c8        0x8 00
 .data          0x060246d0      0x380 C:/saturn/SH_COFF/sh-coff/bin/../lib/gcc/sh-coff/3.4-GNUSH_v0501/../../../../sh-coff/lib\libc.a(impure.o)
                0x06024a4c                _impure_ptr
 .data          0x06024a50      0x410 C:/saturn/SH_COFF/sh-coff/bin/../lib/gcc/sh-coff/3.4-GNUSH_v0501/../../../../sh-coff/lib\libc.a(mallocr.o)
                0x06024a58                __malloc_av_
                0x06024a54                __malloc_trim_threshold
                0x06024a50                __malloc_sbrk_base
                0x06024e60                SIZEOF_R = (. - STARTOF_R)
                0x06024e60                ENDOF_R = .

.bss            0x06024e60     0x8c54
                0x06024e60                STARTOF_B = .
 *(.bss)
 .bss           0x06024e60       0x10 vblank.o
                0x06024e64                PadData2E
                0x06024e6a                PadData1
                0x06024e66                PadData2
                0x06024e68                PadData1E
                0x06024e60                __port
 .bss           0x06024e70       0xd0 ../sbl6/segasmp/per/smpclib/per_x2.o
 .bss           0x06024f40       0x10 player.o
                0x06024f41                boost
                0x06024f40                jumps
 .bss           0x06024f50     0x3800 sprite.o
                0x06024f50                num_sprites
 .bss           0x06028750       0x50 scroll.o
                0x0602876c                map_tiles_x
                0x06028774                scrolls_y
                0x06028750                scroll_transition_state
                0x06028754                scroll_ysize
                0x06028764                map_tiles_y
                0x0602875c                copy_modes
                0x06028784                scrolls_x
                0x06028758                scroll_xsize
 .bss           0x060287a0       0x10 main.o
                0x060287a0                frame
 .bss           0x060287b0       0x6e ../sbl6/segalib/lib/sega_spr.a(spr_2c.o)
 *fill*         0x0602881e        0x2 00
 .bss           0x06028820        0x4 ../sbl6/segalib/lib/sega_scl.a(scl_vblv.o)
 *fill*         0x06028824        0xc 00
 .bss           0x06028830        0x4 ../sbl6/segalib/lib/sega_scl.a(scl_func.o)
 *fill*         0x06028834        0xc 00
 .bss           0x06028840       0x48 ../sbl6/segalib/lib/sega_scl.a(scl_ro00.o)
 *fill*         0x06028888        0x8 00
 .bss           0x06028890       0x9c ../sbl6/segalib/lib/sega_per.a(per_prt.o)
 *fill*         0x0602892c        0x4 00
 .bss           0x06028930        0xc ../sbl6/segalib/lib/sega_sat.a(DMA_SCU1.o)
 *fill*         0x0602893c        0x4 00
 .bss           0x06028940        0xc ../sbl6/segalib/lib/sega_sat.a(gfs_trn.o)
 *fill*         0x0602894c        0x4 00
 .bss           0x06028950       0x20 ../sbl6/segalib/lib/sega_sat.a(DMA_SCU0.o)
 .bss           0x06028970        0x2 ../sbl6/segalib/lib/sega_sat.a(cdc_reg.o)
 *fill*         0x06028972        0xe 00
 .bss           0x06028980        0xc ../sbl6/segalib/lib/sega_sat.a(cdc_sub.o)
 *fill*         0x0602898c        0x4 00
 .bss           0x06028990       0x10 C:/saturn/SH_COFF/sh-coff/bin/../lib/gcc/sh-coff/3.4-GNUSH_v0501\libgcc.a(__main.o)
 .bss           0x060289a0       0x10 C:/saturn/SH_COFF/sh-coff/bin/../lib/gcc/sh-coff/3.4-GNUSH_v0501/../../../../sh-coff/lib\libc.a(atexit.o)
 .bss           0x060289b0       0x40 C:/saturn/SH_COFF/sh-coff/bin/../lib/gcc/sh-coff/3.4-GNUSH_v0501/../../../../sh-coff/lib\libc.a(mallocr.o)
                0x060289e0                __malloc_top_pad
                0x060289b0                __malloc_current_mallinfo
                0x060289dc                __malloc_max_sbrked_mem
                0x060289d8                __malloc_max_total_mem
 .bss           0x060289f0       0x10 C:/saturn/SH_COFF/sh-coff/bin/../lib/gcc/sh-coff/3.4-GNUSH_v0501/../../../../sh-coff/lib\libc.a(syscalls.o)
 *(COMMON)
 COMMON         0x06028a00     0x1674 cd.o
                                  0x0 (size before relaxing)
                0x06028a00                dirname
                0x06029360                lib_work
                0x0602a068                directory_table
 *fill*         0x0602a074        0xc 00
 COMMON         0x0602a080       0x38 player.o
                                  0x0 (size before relaxing)
                0x0602a080                player
 *fill*         0x0602a0b8        0x8 00
 COMMON         0x0602a0c0      0x8c0 print.o
                                  0x0 (size before relaxing)
                0x0602a0c0                text
 COMMON         0x0602a980     0x1460 sprite.o
                                  0x0 (size before relaxing)
                0x0602a980                sprites
                0x0602ade0                image_buf
 COMMON         0x0602bde0      0x24c scroll.o
                                  0x0 (size before relaxing)
                0x0602bde0                scfg3
                0x0602be70                scfg0
                0x0602bf00                maps
                0x0602bf10                scfg2
                0x0602bfa0                scfg1
 *fill*         0x0602c02c        0x4 00
 COMMON         0x0602c030        0x8 main.o
                                  0x0 (size before relaxing)
                0x0602c030                buf
 *fill*         0x0602c038        0x8 00
 COMMON         0x0602c040      0x400 ../sbl6/segalib/lib/sega_int.a(int.o)
                                  0x0 (size before relaxing)
                0x0602c040                __interrupt_vector
 COMMON         0x0602c440       0x50 ../sbl6/segalib/lib/sega_spr.a(spr_2c.o)
                                  0x0 (size before relaxing)
                0x0602c440                SpMstCmd
                0x0602c444                Sp2OpenFlag
                0x0602c448                SpGourTblMax
                0x0602c44c                SpDrawPrtyBlk
                0x0602c450                SpLCoordX
                0x0602c454                SpMstDrawPrtyBlk
                0x0602c458                SpGourTbl
                0x0602c45c                SpLookupTblR
                0x0602c460                SpCmdTbl
                0x0602c464                SpCharMax
                0x0602c468                SpDrawPrtyProcFlag
                0x0602c46c                SpCmdNo
                0x0602c470                SpDrawPrtyBlkMax
                0x0602c474                SpSlvCmdPos
                0x0602c478                SpSlvDrawPrtyBlk
                0x0602c47c                SpCharTbl
                0x0602c480                SpCmdTblR
                0x0602c484                SpMstCmdPos
                0x0602c488                SpSlvCmd
                0x0602c48c                SpLCoordY
 COMMON         0x0602c490       0x10 ../sbl6/segalib/lib/sega_spr.a(spr_1c.o)
                                  0x0 (size before relaxing)
                0x0602c490                SpScreenY
                0x0602c494                SpFbcrMode
                0x0602c496                SpDil
                0x0602c498                SpDie
                0x0602c49a                SpTvMode
                0x0602c49c                SpScreenX
 COMMON         0x0602c4a0      0xf00 ../sbl6/segalib/lib/sega_scl.a(scl_func.o)
                                  0x0 (size before relaxing)
                0x0602c4a0                SclRbgKtbAddr
                0x0602c4a8                SclRb
                0x0602c4aa                Scl_flag
                0x0602c4b0                SclK_TableBuff
                0x0602d180                SclAddrCsTbl
                0x0602d190                Scl_s_reg
                0x0602d1b8                SclRotateXy
                0x0602d1c0                Scl_d_reg
                0x0602d208                SclRotateDisp
                0x0602d210                SclRotateMoveZ
                0x0602d218                SclRotXySw
                0x0602d220                Scl_r_reg
                0x0602d230                SclRPMD
                0x0602d238                SclRbgKtbOffset
                0x0602d240                _SclRotregBuff
                0x0602d310                SclRa
                0x0602d318                SclRotateZ
                0x0602d320                SclAddrLsTbl
                0x0602d328                SclK_TableNum
                0x0602d330                SclRotateTableAddress
                0x0602d334                SclK_TableFlag
                0x0602d340                Scl_w_reg
                0x0602d360                Scl_n_reg
 COMMON         0x0602d3a0      0x6b0 ../sbl6/segalib/lib/sega_scl.a(scl_pri.o)
                                  0x0 (size before relaxing)
                0x0602d3a0                SclAutoEndBlue2
                0x0602d3b0                SclColOffset
                0x0602d3c0                SclPriBuffDirty
                0x0602d3c2                SclAutoEndRed
                0x0602d3c4                SclAutoSurface
                0x0602d3c8                SclAutoGreen
                0x0602d3ca                SclAutoEndGreen
                0x0602d3cc                SclAutoCount
                0x0602d3d0                SclColRamAlloc256
                0x0602d3f0                SclAutoCurRate
                0x0602d3f1                SclAutoPlusFlag
                0x0602d3f8                SclSpColMix
                0x0602d400                SclAutoMax
                0x0602d404                SclLineColRamOffset
                0x0602d408                SclColRamAlloc2048
                0x0602d40c                SclBgPriNum
                0x0602d412                SclAutoEndBlue
                0x0602d414                SclAutoEndGreen2
                0x0602d416                SclAutoVeFlag
                0x0602d418                SclBgColMix
                0x0602d420                SclAutoIndex
                0x0602d424                SclAutoEndRate
                0x0602d426                SclAutoBlue
                0x0602d428                SclAutoRed
                0x0602d42c                SclAutoInterval
                0x0602d430                SclOtherPri
                0x0602d440                SclAutoRGB
                0x0602da40                SclAutoEndRed2
                0x0602da48                SclSpPriNum
 COMMON         0x0602da50       0x10 ../sbl6/segalib/lib/sega_scl.a(scl_ro00.o)
                                  0x0 (size before relaxing)
                0x0602da50                SclCsx
                0x0602da58                SclCsy
 COMMON         0x0602da60       0x15 ../sbl6/segalib/lib/sega_per.a(per_prt.o)
                                  0x0 (size before relaxing)
                0x0602da60                per_get_time_flg
                0x0602da61                per_hot_res
                0x0602da62                per_set_sys_flg
                0x0602da64                per_get_time_adr
                0x0602da68                per_get_sys_data
                0x0602da74                per_time_out_flg
 *fill*         0x0602da75        0xb 00
 COMMON         0x0602da80        0xc ../sbl6/segalib/lib/sega_sat.a(gfs.o)
                                  0x0 (size before relaxing)
                0x0602da80                GFMC_base
                0x0602da84                gfs_mng_ptr
                0x0602da88                gfs_use_scudma
 *fill*         0x0602da8c        0x4 00
 COMMON         0x0602da90        0x8 ../sbl6/segalib/lib/sega_sat.a(gfs_cdf.o)
                                  0x0 (size before relaxing)
                0x0602da90                gfcf_fad
                0x0602da94                gfcf_stat
 *fill*         0x0602da98        0x8 00
 COMMON         0x0602daa0        0xc ../sbl6/segalib/lib/sega_sat.a(gfs_cdc.o)
                                  0x0 (size before relaxing)
                0x0602daa0                gfcd_fatal_err
                0x0602daa4                gfcd_work
                0x0602daa8                gfcd_playflag
 *fill*         0x0602daac        0x4 00
 COMMON         0x0602dab0        0x4 C:/saturn/SH_COFF/sh-coff/bin/../lib/gcc/sh-coff/3.4-GNUSH_v0501/../../../../sh-coff/lib\libc.a(syscalls.o)
                                  0x0 (size before relaxing)
                0x0602dab0                errno
                0x0602dab4                SIZEOF_B = (. - STARTOF_B)
                0x0602dab4                ENDOF_B = .
                0x0602dab4                _end = .
OUTPUT(main.cof coff-sh)

.comment        0x0602dac0      0x4a0
 .comment       0x0602dac0       0x20 ../sbl6/segasmp/lib/strt2_g.o
 .comment       0x0602dae0       0x20 vblank.o
 .comment       0x0602db00       0x20 ../sbl6/segasmp/per/smpclib/per_x1.o
 .comment       0x0602db20       0x20 ../sbl6/segasmp/per/smpclib/per_x2.o
 .comment       0x0602db40       0x20 blocks.o
 .comment       0x0602db60       0x20 cd.o
 .comment       0x0602db80       0x20 collision.o
 .comment       0x0602dba0       0x20 graphics.o
 .comment       0x0602dbc0       0x20 player.o
 .comment       0x0602dbe0       0x20 print.o
 .comment       0x0602dc00       0x20 sprite.o
 .comment       0x0602dc20       0x20 scroll.o
 .comment       0x0602dc40       0x20 main.o
 .comment       0x0602dc60       0x20 C:/saturn/SH_COFF/sh-coff/bin/../lib/gcc/sh-coff/3.4-GNUSH_v0501\libgcc.a(__main.o)
 .comment       0x0602dc80       0x20 C:/saturn/SH_COFF/sh-coff/bin/../lib/gcc/sh-coff/3.4-GNUSH_v0501\libgcc.a(_si_to_df.o)
 .comment       0x0602dca0       0x20 C:/saturn/SH_COFF/sh-coff/bin/../lib/gcc/sh-coff/3.4-GNUSH_v0501\libgcc.a(_mul_df.o)
 .comment       0x0602dcc0       0x20 C:/saturn/SH_COFF/sh-coff/bin/../lib/gcc/sh-coff/3.4-GNUSH_v0501\libgcc.a(_df_to_si.o)
 .comment       0x0602dce0       0x20 C:/saturn/SH_COFF/sh-coff/bin/../lib/gcc/sh-coff/3.4-GNUSH_v0501\libgcc.a(_pack_df.o)
 .comment       0x0602dd00       0x20 C:/saturn/SH_COFF/sh-coff/bin/../lib/gcc/sh-coff/3.4-GNUSH_v0501\libgcc.a(_unpack_df.o)
 .comment       0x0602dd20       0x20 C:/saturn/SH_COFF/sh-coff/bin/../lib/gcc/sh-coff/3.4-GNUSH_v0501\libgcc.a(_thenan_df.o)
 .comment       0x0602dd40       0x20 C:/saturn/SH_COFF/sh-coff/bin/../lib/gcc/sh-coff/3.4-GNUSH_v0501\libgcc.a(_muldi3.o)
 .comment       0x0602dd60       0x20 C:/saturn/SH_COFF/sh-coff/bin/../lib/gcc/sh-coff/3.4-GNUSH_v0501\libgcc.a(_lshrdi3.o)
 .comment       0x0602dd80       0x20 C:/saturn/SH_COFF/sh-coff/bin/../lib/gcc/sh-coff/3.4-GNUSH_v0501\libgcc.a(_ashldi3.o)
 .comment       0x0602dda0       0x20 C:/saturn/SH_COFF/sh-coff/bin/../lib/gcc/sh-coff/3.4-GNUSH_v0501/../../../../sh-coff/lib\libc.a(memcmp.o)
 .comment       0x0602ddc0       0x20 C:/saturn/SH_COFF/sh-coff/bin/../lib/gcc/sh-coff/3.4-GNUSH_v0501/../../../../sh-coff/lib\libc.a(strncmp.o)
 .comment       0x0602dde0       0x20 C:/saturn/SH_COFF/sh-coff/bin/../lib/gcc/sh-coff/3.4-GNUSH_v0501/../../../../sh-coff/lib\libc.a(strncpy.o)
 .comment       0x0602de00       0x20 C:/saturn/SH_COFF/sh-coff/bin/../lib/gcc/sh-coff/3.4-GNUSH_v0501/../../../../sh-coff/lib\libc.a(atexit.o)
 .comment       0x0602de20       0x20 C:/saturn/SH_COFF/sh-coff/bin/../lib/gcc/sh-coff/3.4-GNUSH_v0501/../../../../sh-coff/lib\libc.a(impure.o)
 .comment       0x0602de40       0x20 C:/saturn/SH_COFF/sh-coff/bin/../lib/gcc/sh-coff/3.4-GNUSH_v0501/../../../../sh-coff/lib\libc.a(malloc.o)
 .comment       0x0602de60       0x20 C:/saturn/SH_COFF/sh-coff/bin/../lib/gcc/sh-coff/3.4-GNUSH_v0501/../../../../sh-coff/lib\libc.a(mallocr.o)
 .comment       0x0602de80       0x20 C:/saturn/SH_COFF/sh-coff/bin/../lib/gcc/sh-coff/3.4-GNUSH_v0501/../../../../sh-coff/lib\libc.a(freer.o)
 .comment       0x0602dea0       0x20 C:/saturn/SH_COFF/sh-coff/bin/../lib/gcc/sh-coff/3.4-GNUSH_v0501/../../../../sh-coff/lib\libc.a(mlock.o)
 .comment       0x0602dec0       0x20 C:/saturn/SH_COFF/sh-coff/bin/../lib/gcc/sh-coff/3.4-GNUSH_v0501/../../../../sh-coff/lib\libc.a(sbrkr.o)
 .comment       0x0602dee0       0x20 C:/saturn/SH_COFF/sh-coff/bin/../lib/gcc/sh-coff/3.4-GNUSH_v0501/../../../../sh-coff/lib\libc.a(syscalls.o)
 .comment       0x0602df00       0x20 C:/saturn/SH_COFF/sh-coff/bin/../lib/gcc/sh-coff/3.4-GNUSH_v0501/../../../../sh-coff/lib\libc.a(abort.o)
 .comment       0x0602df20       0x20 C:/saturn/SH_COFF/sh-coff/bin/../lib/gcc/sh-coff/3.4-GNUSH_v0501/../../../../sh-coff/lib\libc.a(signal.o)
 .comment       0x0602df40       0x20 C:/saturn/SH_COFF/sh-coff/bin/../lib/gcc/sh-coff/3.4-GNUSH_v0501/../../../../sh-coff/lib\libc.a(signalr.o)
