Archive member included because of file (symbol)

../sbl6/segalib/lib/sega_int.a(int.o)
                              vblank.o (INT_SetScuFunc)
../sbl6/segalib/lib/sega_int.a(int_trmp.o)
                              ../sbl6/segalib/lib/sega_int.a(int.o) (__interrupt_handler0)
../sbl6/segalib/lib/sega_spr.a(spr_2c.o)
                              sprite.o (SPR_2Initial)
../sbl6/segalib/lib/sega_spr.a(spr_slv.o)
                              ../sbl6/segalib/lib/sega_spr.a(spr_2c.o) (SPR_InitSlaveSH)
../sbl6/segalib/lib/sega_spr.a(spr_1c.o)
                              ../sbl6/segalib/lib/sega_spr.a(spr_2c.o) (SPR_Initial)
../sbl6/segalib/lib/sega_spr.a(spr_2a.o)
                              ../sbl6/segalib/lib/sega_spr.a(spr_2c.o) (SPR_2SetDrawPrty)
../sbl6/segalib/lib/sega_scl.a(scl_vblv.o)
                              ../sbl6/segalib/lib/sega_spr.a(spr_1c.o) (SpFrameChgMode)
../sbl6/segalib/lib/sega_scl.a(scl_func.o)
                              sprite.o (SCL_Vdp2Init)
../sbl6/segalib/lib/sega_scl.a(scl_pr03.o)
                              scroll.o (SCL_AllocColRam)
../sbl6/segalib/lib/sega_scl.a(scl_pr02.o)
                              scroll.o (SCL_SetColRam)
../sbl6/segalib/lib/sega_scl.a(scl_back.o)
                              scroll.o (SCL_SetBack)
../sbl6/segalib/lib/sega_scl.a(scl_fu03.o)
                              scroll.o (SCL_InitConfigTb)
../sbl6/segalib/lib/sega_scl.a(scl_fu02.o)
                              scroll.o (SCL_InitVramConfigTb)
../sbl6/segalib/lib/sega_scl.a(scl_fu04.o)
                              scroll.o (SCL_SetCycleTable)
../sbl6/segalib/lib/sega_scl.a(scl_pr07.o)
                              scroll.o (SCL_SetPriority)
../sbl6/segalib/lib/sega_scl.a(scl_pri.o)
                              ../sbl6/segalib/lib/sega_scl.a(scl_func.o) (SclRealOtherPri)
../sbl6/segalib/lib/sega_scl.a(scl_pr01.o)
                              main.o (SCL_SetSpriteMode)
../sbl6/segalib/lib/sega_scl.a(scl_ro00.o)
                              ../sbl6/segalib/lib/sega_scl.a(scl_func.o) (SCL_Rotate)
../sbl6/segalib/lib/sega_scl.a(scl_pr06.o)
                              ../sbl6/segalib/lib/sega_scl.a(scl_pr03.o) (SCL_SetColRamOffset)
../sbl6/segalib/lib/sega_scl.a(scl_pr05.o)
                              ../sbl6/segalib/lib/sega_scl.a(scl_pr02.o) (SCL_GetColRamOffset)
../sbl6/segalib/lib/sega_mth.a(mth_fixd.o)
                              player.o (MTH_Mul)
../sbl6/segalib/lib/sega_mth.a(mth_tri.o)
                              sprite.o (MTH_Sin)
../sbl6/segalib/lib/sega_per.a(per_prt.o)
                              ../sbl6/segasmp/per/smpclib/per_x2.o (PER_LInit)
../sbl6/segalib/lib/sega_sat.a(DMA_SCU1.o)
                              ../sbl6/segalib/lib/sega_spr.a(spr_2c.o) (DMA_ScuMemCopy)
../sbl6/segalib/lib/sega_sat.a(DMA_SCU0.o)
                              ../sbl6/segalib/lib/sega_sat.a(DMA_SCU1.o) (DMA_ScuSetPrm)
../sbl6/segalib/lib/sega_sat.a(csh_main.o)
                              ../sbl6/segalib/lib/sega_sat.a(DMA_SCU1.o) (CSH_Purge)
c:/saturn/SH_COFF/sh-coff/bin/../lib/gcc/sh-coff/3.4-GNUSH_v0501\libgcc.a(_ashiftlt.o)
                              scroll.o (__ashlsi3)
c:/saturn/SH_COFF/sh-coff/bin/../lib/gcc/sh-coff/3.4-GNUSH_v0501\libgcc.a(_movstr.o)
                              scroll.o (__movstr)
c:/saturn/SH_COFF/sh-coff/bin/../lib/gcc/sh-coff/3.4-GNUSH_v0501\libgcc.a(__main.o)
                              main.o (__main)
c:/saturn/SH_COFF/sh-coff/bin/../lib/gcc/sh-coff/3.4-GNUSH_v0501\libgcc.a(_udivsi3.o)
                              ../sbl6/segalib/lib/sega_scl.a(scl_fu03.o) (__udivsi3)
c:/saturn/SH_COFF/sh-coff/bin/../lib/gcc/sh-coff/3.4-GNUSH_v0501\libgcc.a(_ashiftrt.o)
                              ../sbl6/segalib/lib/sega_scl.a(scl_ro00.o) (__ashiftrt_r4_6)
c:/saturn/SH_COFF/sh-coff/bin/../lib/gcc/sh-coff/3.4-GNUSH_v0501\libgcc.a(_si_to_df.o)
                              ../sbl6/segalib/lib/sega_scl.a(scl_ro00.o) (__floatsidf)
c:/saturn/SH_COFF/sh-coff/bin/../lib/gcc/sh-coff/3.4-GNUSH_v0501\libgcc.a(_mul_df.o)
                              ../sbl6/segalib/lib/sega_scl.a(scl_ro00.o) (__muldf3)
c:/saturn/SH_COFF/sh-coff/bin/../lib/gcc/sh-coff/3.4-GNUSH_v0501\libgcc.a(_df_to_si.o)
                              ../sbl6/segalib/lib/sega_scl.a(scl_ro00.o) (__fixdfsi)
c:/saturn/SH_COFF/sh-coff/bin/../lib/gcc/sh-coff/3.4-GNUSH_v0501\libgcc.a(_pack_df.o)
                              c:/saturn/SH_COFF/sh-coff/bin/../lib/gcc/sh-coff/3.4-GNUSH_v0501\libgcc.a(_si_to_df.o) (__pack_d)
c:/saturn/SH_COFF/sh-coff/bin/../lib/gcc/sh-coff/3.4-GNUSH_v0501\libgcc.a(_unpack_df.o)
                              c:/saturn/SH_COFF/sh-coff/bin/../lib/gcc/sh-coff/3.4-GNUSH_v0501\libgcc.a(_mul_df.o) (__unpack_d)
c:/saturn/SH_COFF/sh-coff/bin/../lib/gcc/sh-coff/3.4-GNUSH_v0501\libgcc.a(_thenan_df.o)
                              c:/saturn/SH_COFF/sh-coff/bin/../lib/gcc/sh-coff/3.4-GNUSH_v0501\libgcc.a(_mul_df.o) (__thenan_df)
c:/saturn/SH_COFF/sh-coff/bin/../lib/gcc/sh-coff/3.4-GNUSH_v0501\libgcc.a(_muldi3.o)
                              c:/saturn/SH_COFF/sh-coff/bin/../lib/gcc/sh-coff/3.4-GNUSH_v0501\libgcc.a(_mul_df.o) (__muldi3)
c:/saturn/SH_COFF/sh-coff/bin/../lib/gcc/sh-coff/3.4-GNUSH_v0501\libgcc.a(_lshrdi3.o)
                              c:/saturn/SH_COFF/sh-coff/bin/../lib/gcc/sh-coff/3.4-GNUSH_v0501\libgcc.a(_df_to_si.o) (__lshrdi3)
c:/saturn/SH_COFF/sh-coff/bin/../lib/gcc/sh-coff/3.4-GNUSH_v0501\libgcc.a(_ashldi3.o)
                              c:/saturn/SH_COFF/sh-coff/bin/../lib/gcc/sh-coff/3.4-GNUSH_v0501\libgcc.a(_pack_df.o) (__ashldi3)
c:/saturn/SH_COFF/sh-coff/bin/../lib/gcc/sh-coff/3.4-GNUSH_v0501\libgcc.a(_mulsi3.o)
                              c:/saturn/SH_COFF/sh-coff/bin/../lib/gcc/sh-coff/3.4-GNUSH_v0501\libgcc.a(_muldi3.o) (__mulsi3)
c:/saturn/SH_COFF/sh-coff/bin/../lib/gcc/sh-coff/3.4-GNUSH_v0501\libgcc.a(_lshiftrt.o)
                              c:/saturn/SH_COFF/sh-coff/bin/../lib/gcc/sh-coff/3.4-GNUSH_v0501\libgcc.a(_lshrdi3.o) (__lshrsi3)
c:/saturn/SH_COFF/sh-coff/bin/../lib/gcc/sh-coff/3.4-GNUSH_v0501/../../../../sh-coff/lib\libc.a(memcpy.o)
                              scroll.o (memcpy)
c:/saturn/SH_COFF/sh-coff/bin/../lib/gcc/sh-coff/3.4-GNUSH_v0501/../../../../sh-coff/lib\libc.a(memset.o)
                              scroll.o (memset)
c:/saturn/SH_COFF/sh-coff/bin/../lib/gcc/sh-coff/3.4-GNUSH_v0501/../../../../sh-coff/lib\libc.a(atexit.o)
                              c:/saturn/SH_COFF/sh-coff/bin/../lib/gcc/sh-coff/3.4-GNUSH_v0501\libgcc.a(__main.o) (atexit)
c:/saturn/SH_COFF/sh-coff/bin/../lib/gcc/sh-coff/3.4-GNUSH_v0501/../../../../sh-coff/lib\libc.a(impure.o)
                              c:/saturn/SH_COFF/sh-coff/bin/../lib/gcc/sh-coff/3.4-GNUSH_v0501/../../../../sh-coff/lib\libc.a(atexit.o) (_impure_ptr)
c:/saturn/SH_COFF/sh-coff/bin/../lib/gcc/sh-coff/3.4-GNUSH_v0501/../../../../sh-coff/lib\libc.a(malloc.o)
                              c:/saturn/SH_COFF/sh-coff/bin/../lib/gcc/sh-coff/3.4-GNUSH_v0501/../../../../sh-coff/lib\libc.a(atexit.o) (malloc)
c:/saturn/SH_COFF/sh-coff/bin/../lib/gcc/sh-coff/3.4-GNUSH_v0501/../../../../sh-coff/lib\libc.a(mallocr.o)
                              c:/saturn/SH_COFF/sh-coff/bin/../lib/gcc/sh-coff/3.4-GNUSH_v0501/../../../../sh-coff/lib\libc.a(malloc.o) (_malloc_r)
c:/saturn/SH_COFF/sh-coff/bin/../lib/gcc/sh-coff/3.4-GNUSH_v0501/../../../../sh-coff/lib\libc.a(freer.o)
                              c:/saturn/SH_COFF/sh-coff/bin/../lib/gcc/sh-coff/3.4-GNUSH_v0501/../../../../sh-coff/lib\libc.a(malloc.o) (_free_r)
c:/saturn/SH_COFF/sh-coff/bin/../lib/gcc/sh-coff/3.4-GNUSH_v0501/../../../../sh-coff/lib\libc.a(mlock.o)
                              c:/saturn/SH_COFF/sh-coff/bin/../lib/gcc/sh-coff/3.4-GNUSH_v0501/../../../../sh-coff/lib\libc.a(mallocr.o) (__malloc_lock)
c:/saturn/SH_COFF/sh-coff/bin/../lib/gcc/sh-coff/3.4-GNUSH_v0501/../../../../sh-coff/lib\libc.a(sbrkr.o)
                              c:/saturn/SH_COFF/sh-coff/bin/../lib/gcc/sh-coff/3.4-GNUSH_v0501/../../../../sh-coff/lib\libc.a(mallocr.o) (_sbrk_r)
c:/saturn/SH_COFF/sh-coff/bin/../lib/gcc/sh-coff/3.4-GNUSH_v0501/../../../../sh-coff/lib\libc.a(syscalls.o)
                              c:/saturn/SH_COFF/sh-coff/bin/../lib/gcc/sh-coff/3.4-GNUSH_v0501/../../../../sh-coff/lib\libc.a(sbrkr.o) (_sbrk)
c:/saturn/SH_COFF/sh-coff/bin/../lib/gcc/sh-coff/3.4-GNUSH_v0501/../../../../sh-coff/lib\libc.a(trap.o)
                              c:/saturn/SH_COFF/sh-coff/bin/../lib/gcc/sh-coff/3.4-GNUSH_v0501/../../../../sh-coff/lib\libc.a(syscalls.o) (__trap34)
c:/saturn/SH_COFF/sh-coff/bin/../lib/gcc/sh-coff/3.4-GNUSH_v0501/../../../../sh-coff/lib\libc.a(abort.o)
                              c:/saturn/SH_COFF/sh-coff/bin/../lib/gcc/sh-coff/3.4-GNUSH_v0501/../../../../sh-coff/lib\libc.a(syscalls.o) (abort)
c:/saturn/SH_COFF/sh-coff/bin/../lib/gcc/sh-coff/3.4-GNUSH_v0501/../../../../sh-coff/lib\libc.a(signal.o)
                              c:/saturn/SH_COFF/sh-coff/bin/../lib/gcc/sh-coff/3.4-GNUSH_v0501/../../../../sh-coff/lib\libc.a(abort.o) (raise)
c:/saturn/SH_COFF/sh-coff/bin/../lib/gcc/sh-coff/3.4-GNUSH_v0501/../../../../sh-coff/lib\libc.a(signalr.o)
                              c:/saturn/SH_COFF/sh-coff/bin/../lib/gcc/sh-coff/3.4-GNUSH_v0501/../../../../sh-coff/lib\libc.a(signal.o) (_kill_r)

Allocating common symbols
Common symbol       size              file

SclRbgKtbAddr       0x8               ../sbl6/segalib/lib/sega_scl.a(scl_func.o)
sprites             0x1f40            sprite.o
SpMstCmd            0x4               ../sbl6/segalib/lib/sega_spr.a(spr_2c.o)
SclRb               0x1               ../sbl6/segalib/lib/sega_scl.a(scl_func.o)
Scl_flag            0x2               ../sbl6/segalib/lib/sega_scl.a(scl_func.o)
per_get_time_flg    0x1               ../sbl6/segalib/lib/sega_per.a(per_prt.o)
SpScreenY           0x4               ../sbl6/segalib/lib/sega_spr.a(spr_1c.o)
SclK_TableBuff      0xcd0             ../sbl6/segalib/lib/sega_scl.a(scl_func.o)
SclAutoEndBlue2     0x2               ../sbl6/segalib/lib/sega_scl.a(scl_pri.o)
SpFbcrMode          0x2               ../sbl6/segalib/lib/sega_spr.a(spr_1c.o)
Sp2OpenFlag         0x4               ../sbl6/segalib/lib/sega_spr.a(spr_2c.o)
scfg3               0x8c              scroll.o
SclColOffset        0x10              ../sbl6/segalib/lib/sega_scl.a(scl_pri.o)
SclAddrCsTbl        0x8               ../sbl6/segalib/lib/sega_scl.a(scl_func.o)
scfg0               0x8c              scroll.o
SclPriBuffDirty     0x1               ../sbl6/segalib/lib/sega_scl.a(scl_pri.o)
SclAutoEndRed       0x2               ../sbl6/segalib/lib/sega_scl.a(scl_pri.o)
player              0x28              player.o
SclAutoSurface      0x4               ../sbl6/segalib/lib/sega_scl.a(scl_pri.o)
__interrupt_vector  0x400             ../sbl6/segalib/lib/sega_int.a(int.o)
per_hot_res         0x1               ../sbl6/segalib/lib/sega_per.a(per_prt.o)
SclCsx              0x8               ../sbl6/segalib/lib/sega_scl.a(scl_ro00.o)
Scl_s_reg           0x28              ../sbl6/segalib/lib/sega_scl.a(scl_func.o)
SclAutoGreen        0x2               ../sbl6/segalib/lib/sega_scl.a(scl_pri.o)
SclAutoEndGreen     0x2               ../sbl6/segalib/lib/sega_scl.a(scl_pri.o)
SclAutoCount        0x4               ../sbl6/segalib/lib/sega_scl.a(scl_pri.o)
SpGourTblMax        0x4               ../sbl6/segalib/lib/sega_spr.a(spr_2c.o)
SclColRamAlloc256   0x20              ../sbl6/segalib/lib/sega_scl.a(scl_pri.o)
SclRotateXy         0x8               ../sbl6/segalib/lib/sega_scl.a(scl_func.o)
SpDrawPrtyBlk       0x4               ../sbl6/segalib/lib/sega_spr.a(spr_2c.o)
SclAutoCurRate      0x1               ../sbl6/segalib/lib/sega_scl.a(scl_pri.o)
SpLCoordX           0x4               ../sbl6/segalib/lib/sega_spr.a(spr_2c.o)
maps                0x8               scroll.o
SpMstDrawPrtyBlk    0x4               ../sbl6/segalib/lib/sega_spr.a(spr_2c.o)
SclAutoPlusFlag     0x1               ../sbl6/segalib/lib/sega_scl.a(scl_pri.o)
per_set_sys_flg     0x1               ../sbl6/segalib/lib/sega_per.a(per_prt.o)
Scl_d_reg           0x48              ../sbl6/segalib/lib/sega_scl.a(scl_func.o)
SclRotateDisp       0x8               ../sbl6/segalib/lib/sega_scl.a(scl_func.o)
SpGourTbl           0x4               ../sbl6/segalib/lib/sega_spr.a(spr_2c.o)
SclSpColMix         0x8               ../sbl6/segalib/lib/sega_scl.a(scl_pri.o)
SpDil               0x2               ../sbl6/segalib/lib/sega_spr.a(spr_1c.o)
SpLookupTblR        0x2               ../sbl6/segalib/lib/sega_spr.a(spr_2c.o)
SclAutoMax          0x4               ../sbl6/segalib/lib/sega_scl.a(scl_pri.o)
SpCmdTbl            0x4               ../sbl6/segalib/lib/sega_spr.a(spr_2c.o)
SclRotateMoveZ      0x8               ../sbl6/segalib/lib/sega_scl.a(scl_func.o)
scfg2               0x8c              scroll.o
SclLineColRamOffset
                    0x4               ../sbl6/segalib/lib/sega_scl.a(scl_pri.o)
SclRotXySw          0x4               ../sbl6/segalib/lib/sega_scl.a(scl_func.o)
per_get_time_adr    0x4               ../sbl6/segalib/lib/sega_per.a(per_prt.o)
SclColRamAlloc2048  0x4               ../sbl6/segalib/lib/sega_scl.a(scl_pri.o)
SclBgPriNum         0x6               ../sbl6/segalib/lib/sega_scl.a(scl_pri.o)
SpCharMax           0x4               ../sbl6/segalib/lib/sega_spr.a(spr_2c.o)
SpDrawPrtyProcFlag  0x4               ../sbl6/segalib/lib/sega_spr.a(spr_2c.o)
SclAutoEndBlue      0x2               ../sbl6/segalib/lib/sega_scl.a(scl_pri.o)
SpCmdNo             0x4               ../sbl6/segalib/lib/sega_spr.a(spr_2c.o)
SclAutoEndGreen2    0x2               ../sbl6/segalib/lib/sega_scl.a(scl_pri.o)
Scl_r_reg           0x10              ../sbl6/segalib/lib/sega_scl.a(scl_func.o)
SclRPMD             0x2               ../sbl6/segalib/lib/sega_scl.a(scl_func.o)
SpDrawPrtyBlkMax    0x4               ../sbl6/segalib/lib/sega_spr.a(spr_2c.o)
SpDie               0x2               ../sbl6/segalib/lib/sega_spr.a(spr_1c.o)
SclAutoVeFlag       0x1               ../sbl6/segalib/lib/sega_scl.a(scl_pri.o)
SclBgColMix         0x8               ../sbl6/segalib/lib/sega_scl.a(scl_pri.o)
text                0x460             print.o
SpSlvCmdPos         0x4               ../sbl6/segalib/lib/sega_spr.a(spr_2c.o)
per_get_sys_data    0xc               ../sbl6/segalib/lib/sega_per.a(per_prt.o)
SclRbgKtbOffset     0x8               ../sbl6/segalib/lib/sega_scl.a(scl_func.o)
SclAutoIndex        0x4               ../sbl6/segalib/lib/sega_scl.a(scl_pri.o)
SclAutoEndRate      0x1               ../sbl6/segalib/lib/sega_scl.a(scl_pri.o)
SpSlvDrawPrtyBlk    0x4               ../sbl6/segalib/lib/sega_spr.a(spr_2c.o)
_SclRotregBuff      0xd0              ../sbl6/segalib/lib/sega_scl.a(scl_func.o)
SclAutoBlue         0x2               ../sbl6/segalib/lib/sega_scl.a(scl_pri.o)
SpTvMode            0x2               ../sbl6/segalib/lib/sega_spr.a(spr_1c.o)
SpScreenX           0x4               ../sbl6/segalib/lib/sega_spr.a(spr_1c.o)
SclRa               0x1               ../sbl6/segalib/lib/sega_scl.a(scl_func.o)
SclRotateZ          0x8               ../sbl6/segalib/lib/sega_scl.a(scl_func.o)
SpCharTbl           0x4               ../sbl6/segalib/lib/sega_spr.a(spr_2c.o)
SclAddrLsTbl        0x8               ../sbl6/segalib/lib/sega_scl.a(scl_func.o)
SclK_TableNum       0x8               ../sbl6/segalib/lib/sega_scl.a(scl_func.o)
SclAutoRed          0x2               ../sbl6/segalib/lib/sega_scl.a(scl_pri.o)
SpCmdTblR           0x2               ../sbl6/segalib/lib/sega_spr.a(spr_2c.o)
SclAutoInterval     0x4               ../sbl6/segalib/lib/sega_scl.a(scl_pri.o)
SclOtherPri         0x10              ../sbl6/segalib/lib/sega_scl.a(scl_pri.o)
per_time_out_flg    0x1               ../sbl6/segalib/lib/sega_per.a(per_prt.o)
SclRotateTableAddress
                    0x4               ../sbl6/segalib/lib/sega_scl.a(scl_func.o)
SpMstCmdPos         0x4               ../sbl6/segalib/lib/sega_spr.a(spr_2c.o)
SpSlvCmd            0x4               ../sbl6/segalib/lib/sega_spr.a(spr_2c.o)
scfg1               0x8c              scroll.o
SclAutoRGB          0x600             ../sbl6/segalib/lib/sega_scl.a(scl_pri.o)
errno               0x4               c:/saturn/SH_COFF/sh-coff/bin/../lib/gcc/sh-coff/3.4-GNUSH_v0501/../../../../sh-coff/lib\libc.a(syscalls.o)
SclK_TableFlag      0x4               ../sbl6/segalib/lib/sega_scl.a(scl_func.o)
tilemaps            0x4               scroll.o
SclAutoEndRed2      0x2               ../sbl6/segalib/lib/sega_scl.a(scl_pri.o)
SclCsy              0x8               ../sbl6/segalib/lib/sega_scl.a(scl_ro00.o)
SclSpPriNum         0x8               ../sbl6/segalib/lib/sega_scl.a(scl_pri.o)
Scl_w_reg           0x20              ../sbl6/segalib/lib/sega_scl.a(scl_func.o)
SpLCoordY           0x4               ../sbl6/segalib/lib/sega_spr.a(spr_2c.o)
Scl_n_reg           0x40              ../sbl6/segalib/lib/sega_scl.a(scl_func.o)

Memory Configuration

Name             Origin             Length             Attributes
*default*        0x00000000         0xffffffff

Linker script and memory map

LOAD ../sbl6/segasmp/lib/strt1_g.o
LOAD ../sbl6/segasmp/lib/strt2_g.o
LOAD vblank.o
LOAD ../sbl6/segasmp/per/smpclib/per_x1.o
LOAD ../sbl6/segasmp/per/smpclib/per_x2.o
LOAD ../sbl6/segasmp/per/smpclib/per_x3.o
LOAD bullet.o
LOAD collision.o
LOAD graphics.o
LOAD player.o
LOAD print.o
LOAD sprite.o
LOAD scroll.o
LOAD main.o
LOAD ../sbl6/segalib/lib/sega_int.a
LOAD ../sbl6/segalib/lib/sega_spr.a
LOAD ../sbl6/segalib/lib/sega_scl.a
LOAD ../sbl6/segalib/lib/sega_mth.a
LOAD ../sbl6/segalib/lib/sega_cdc.a
LOAD ../sbl6/segalib/lib/sega_adp.a
LOAD ../sbl6/segalib/lib/sega_per.a
LOAD ../sbl6/segalib/lib/sega_sat.a
LOAD c:/saturn/SH_COFF/sh-coff/bin/../lib/gcc/sh-coff/3.4-GNUSH_v0501\libgcc.a
LOAD c:/saturn/SH_COFF/sh-coff/bin/../lib/gcc/sh-coff/3.4-GNUSH_v0501/../../../../sh-coff/lib\libc.a
LOAD c:/saturn/SH_COFF/sh-coff/bin/../lib/gcc/sh-coff/3.4-GNUSH_v0501\libgcc.a

.text           0x06010000    0x1da60
 *(.text)
 .text          0x06010000       0x30 ../sbl6/segasmp/lib/strt1_g.o
                0x06010024                _D_END
                0x06010020                _D_BGN
                0x0601002c                _B_END
                0x06010028                _B_BGN
                0x06010000                START
 .text          0x06010030       0x60 ../sbl6/segasmp/lib/strt2_g.o
                0x06010050                _INITSCT
                0x06010030                _INIT
 .text          0x06010090      0x1b0 vblank.o
                0x06010090                SetVblank
                0x06010140                UsrVblankOut
                0x060100f0                UsrVblankIn
 .text          0x06010240      0x430 ../sbl6/segasmp/per/smpclib/per_x1.o
                0x060105d4                PER_GetAnalogXYZ
                0x06010264                PER_GetTriggerHandler
                0x060104fe                PER_GetEdge
                0x0601047c                PER_GetTrigger
                0x06010528                PER_GetPressEdge
                0x0601057c                PER_GetReleaseEdge
                0x06010240                PER_SetTriggerHandler
 .text          0x06010670      0x200 ../sbl6/segasmp/per/smpclib/per_x2.o
                0x06010774                PER_GetDeviceA
                0x06010670                PER_OpenPort
                0x060106a8                PER_GetPort
                0x060107ee                PER_GetDeviceR
 .text          0x06010870       0x20 ../sbl6/segasmp/per/smpclib/per_x3.o
                0x06010870                PER_DisguiseTrigger
 .text          0x06010890      0x110 bullet.o
                0x06010890                bullet_make
                0x060108e0                bullet_move
 .text          0x060109a0      0xe40 collision.o
                0x06011750                collision_detect_up_right
                0x060109e0                over_air
                0x06010b00                collision_detect_down
                0x06011780                collision_detect_down_left
                0x06010e20                collision_detect_left
                0x060117b0                collision_detect_down_right
                0x060109a0                floor_tiles
                0x06011110                collision_detect_up
                0x06011720                collision_detect_up_left
                0x06011400                collision_detect_right
 .text          0x060117e0    0x10710 graphics.o
                0x06021af0                font3
                0x06021df0                font0
                0x0601cc70                bullet
                0x060177e0                map2
                0x06020cf0                guy0
                0x060157e0                map3
                0x060214f0                font9
                0x060127e0                bg0_chr
                0x060117e0                bg0_3map
                0x0601ecf0                guyback1
                0x060197e0                map1
                0x0601f4f0                guyback0
                0x060219f0                font4
                0x060217f0                font6
                0x06021cf0                font1
                0x060204f0                guy1
                0x0601b7e0                wood_chr
                0x06011fe0                bg0_2map
                0x0601dcf0                guyside0
                0x0601cbe0                wood_pal
                0x060216f0                font7
                0x0601e4f0                guyback2
                0x0601d4f0                guyside1
                0x0601ccf0                guyside2
                0x06021bf0                font2
                0x060218f0                font5
                0x0601fcf0                guy2
                0x0601cc20                dimensions
                0x060153e0                bg0_pal
                0x060215f0                font8
 .text          0x06021ef0      0x540 player.o
                0x06021ef0                player_side
                0x06021f00                player_down
                0x06021ef8                player_up
                0x06021f08                states
                0x06022050                player_input
                0x06021f30                player_init
                0x06022370                player_draw
                0x06021f70                player_animate
 .text          0x06022430      0x130 print.o
                0x060224c0                print_display
                0x06022470                print_num
                0x06022430                print_init
 .text          0x06022560      0x4c0 sprite.o
                0x06022560                sprite_init
                0x06022870                sprite_make
                0x06022990                sprite_next
                0x060229f0                sprite_delete
                0x060228e0                sprite_draw_all
                0x06022610                sprite_draw
 .text          0x06022a20      0xb30 scroll.o
                0x060232f0                scroll_transition
                0x06022a20                scroll_move
                0x06022f90                scroll_get
                0x06022fe0                scroll_copy
                0x06022b70                scroll_set
                0x06022c80                scroll_init
                0x06022ba0                scroll_scale
 .text          0x06023550      0x120 main.o
                0x06023550                main
 .text          0x06023670       0x40 ../sbl6/segalib/lib/sega_int.a(int.o)
                0x0602369c                INT_GetScuFunc
                0x06023670                INT_SetScuFunc
 .text          0x060236b0      0x624 ../sbl6/segalib/lib/sega_int.a(int_trmp.o)
                0x06023818                __interrupt_handler60
                0x060239c8                __interrupt_handler132
                0x06023b7e                __interrupt_handler205
                0x060239e6                __interrupt_handler137
                0x06023914                __interrupt_handler102
                0x06023752                __interrupt_handler27
                0x06023b54                __interrupt_handler198
                0x06023a46                __interrupt_handler153
                0x0602372e                __interrupt_handler21
                0x0602383c                __interrupt_handler66
                0x0602392c                __interrupt_handler106
                0x06023a76                __interrupt_handler161
                0x060238c0                __interrupt_handler88
                0x06023a8e                __interrupt_handler165
                0x0602399e                __interrupt_handler125
                0x060236d4                __interrupt_handler6
                0x06023770                __interrupt_handler32
                0x06023b2a                __interrupt_handler191
                0x06023c44                __interrupt_handler238
                0x06023c5c                __interrupt_handler242
                0x06023a64                __interrupt_handler158
                0x060238cc                __interrupt_handler90
                0x06023a88                __interrupt_handler164
                0x060237ac                __interrupt_handler42
                0x06023aee                __interrupt_handler181
                0x06023bf6                __interrupt_handler225
                0x06023c9e                __interrupt_handler253
                0x06023ab2                __interrupt_handler171
                0x0602386c                __interrupt_handler74
                0x060236c2                __interrupt_handler3
                0x06023806                __interrupt_handler57
                0x06023704                __interrupt_handler14
                0x06023b9c                __interrupt_handler210
                0x06023bcc                __interrupt_handler218
                0x06023b90                __interrupt_handler208
                0x06023794                __interrupt_handler38
                0x060236b0                __interrupt_handler0
                0x06023920                __interrupt_handler104
                0x06023a5e                __interrupt_handler157
                0x06023bae                __interrupt_handler213
                0x06023aa0                __interrupt_handler168
                0x060238ae                __interrupt_handler85
                0x0602394a                __interrupt_handler111
                0x0602395c                __interrupt_handler114
                0x060237ca                __interrupt_handler47
                0x06023c20                __interrupt_handler232
                0x06023bea                __interrupt_handler223
                0x06023c3e                __interrupt_handler237
                0x0602382a                __interrupt_handler63
                0x060237b8                __interrupt_handler44
                0x06023aca                __interrupt_handler175
                0x06023af4                __interrupt_handler182
                0x06023b0c                __interrupt_handler186
                0x06023a0a                __interrupt_handler143
                0x06023932                __interrupt_handler107
                0x06023998                __interrupt_handler124
                0x06023ab8                __interrupt_handler172
                0x06023c6e                __interrupt_handler245
                0x060238ea                __interrupt_handler95
                0x060239c2                __interrupt_handler131
                0x060239d4                __interrupt_handler134
                0x060239f2                __interrupt_handler139
                0x06023860                __interrupt_handler72
                0x06023c1a                __interrupt_handler231
                0x06023a70                __interrupt_handler160
                0x060239b6                __interrupt_handler129
                0x06023728                __interrupt_handler20
                0x06023836                __interrupt_handler65
                0x06023800                __interrupt_handler56
                0x060236fe                __interrupt_handler13
                0x06023b96                __interrupt_handler209
                0x06023950                __interrupt_handler112
                0x06023722                __interrupt_handler19
                0x060238de                __interrupt_handler93
                0x06023b48                __interrupt_handler196
                0x06023a3a                __interrupt_handler151
                0x06023a9a                __interrupt_handler167
                0x06023cb0                __trampoline
                0x06023716                __interrupt_handler17
                0x06023c08                __interrupt_handler228
                0x06023caa                __interrupt_handler255
                0x06023c68                __interrupt_handler244
                0x06023902                __interrupt_handler99
                0x06023afa                __interrupt_handler183
                0x060239f8                __interrupt_handler140
                0x06023b1e                __interrupt_handler189
                0x06023a1c                __interrupt_handler146
                0x06023be4                __interrupt_handler222
                0x06023a58                __interrupt_handler156
                0x0602398c                __interrupt_handler122
                0x06023c80                __interrupt_handler248
                0x060237d0                __interrupt_handler48
                0x0602384e                __interrupt_handler69
                0x06023740                __interrupt_handler24
                0x060238c6                __interrupt_handler89
                0x06023bba                __interrupt_handler215
                0x06023ca4                __interrupt_handler254
                0x060238ba                __interrupt_handler87
                0x0602381e                __interrupt_handler61
                0x06023b42                __interrupt_handler195
                0x06023a34                __interrupt_handler150
                0x060237a6                __interrupt_handler41
                0x06023944                __interrupt_handler110
                0x060239aa                __interrupt_handler127
                0x06023938                __interrupt_handler108
                0x06023956                __interrupt_handler113
                0x06023968                __interrupt_handler116
                0x06023986                __interrupt_handler121
                0x0602387e                __interrupt_handler77
                0x0602379a                __interrupt_handler39
                0x060237b2                __interrupt_handler43
                0x06023c86                __interrupt_handler249
                0x06023ac4                __interrupt_handler174
                0x060239e0                __interrupt_handler136
                0x06023b18                __interrupt_handler188
                0x06023a16                __interrupt_handler145
                0x060236e6                __interrupt_handler9
                0x0602388a                __interrupt_handler79
                0x06023c02                __interrupt_handler227
                0x0602377c                __interrupt_handler34
                0x060239bc                __interrupt_handler130
                0x06023c7a                __interrupt_handler247
                0x06023872                __interrupt_handler75
                0x06023abe                __interrupt_handler173
                0x060237ee                __interrupt_handler53
                0x06023a2e                __interrupt_handler149
                0x06023c92                __interrupt_handler251
                0x06023c26                __interrupt_handler233
                0x060236ec                __interrupt_handler10
                0x06023b78                __interrupt_handler204
                0x0602389c                __interrupt_handler82
                0x060238a2                __interrupt_handler83
                0x06023746                __interrupt_handler25
                0x06023c62                __interrupt_handler243
                0x06023a7c                __interrupt_handler162
                0x060237c4                __interrupt_handler46
                0x06023adc                __interrupt_handler178
                0x06023890                __interrupt_handler80
                0x06023824                __interrupt_handler62
                0x060236bc                __interrupt_handler2
                0x0602375e                __interrupt_handler29
                0x06023854                __interrupt_handler70
                0x0602393e                __interrupt_handler109
                0x06023a28                __interrupt_handler148
                0x060238e4                __interrupt_handler94
                0x06023bf0                __interrupt_handler224
                0x0602391a                __interrupt_handler103
                0x06023788                __interrupt_handler36
                0x060239a4                __interrupt_handler126
                0x06023c74                __interrupt_handler246
                0x060237fa                __interrupt_handler55
                0x060236f8                __interrupt_handler12
                0x060237e8                __interrupt_handler52
                0x06023b12                __interrupt_handler187
                0x06023a10                __interrupt_handler144
                0x0602396e                __interrupt_handler117
                0x0602371c                __interrupt_handler18
                0x06023b4e                __interrupt_handler197
                0x06023a40                __interrupt_handler152
                0x06023974                __interrupt_handler118
                0x06023aac                __interrupt_handler170
                0x06023b66                __interrupt_handler201
                0x060238f6                __interrupt_handler97
                0x06023a82                __interrupt_handler163
                0x06023ae8                __interrupt_handler180
                0x06023b30                __interrupt_handler192
                0x06023c50                __interrupt_handler240
                0x06023992                __interrupt_handler123
                0x06023bb4                __interrupt_handler214
                0x0602376a                __interrupt_handler31
                0x06023758                __interrupt_handler28
                0x06023842                __interrupt_handler67
                0x06023848                __interrupt_handler68
                0x06023734                __interrupt_handler22
                0x0602373a                __interrupt_handler23
                0x06023ad0                __interrupt_handler176
                0x060236da                __interrupt_handler7
                0x06023bde                __interrupt_handler221
                0x06023bc6                __interrupt_handler217
                0x06023c0e                __interrupt_handler229
                0x060237d6                __interrupt_handler49
                0x060236c8                __interrupt_handler4
                0x060237a0                __interrupt_handler40
                0x06023962                __interrupt_handler115
                0x06023c32                __interrupt_handler235
                0x060238d2                __interrupt_handler91
                0x06023b84                __interrupt_handler206
                0x06023ad6                __interrupt_handler177
                0x06023a22                __interrupt_handler147
                0x0602378e                __interrupt_handler37
                0x06023c8c                __interrupt_handler250
                0x060236b6                __interrupt_handler1
                0x06023bd2                __interrupt_handler219
                0x06023878                __interrupt_handler76
                0x06023908                __interrupt_handler100
                0x0602380c                __interrupt_handler58
                0x0602370a                __interrupt_handler15
                0x06023ba8                __interrupt_handler212
                0x06023c56                __interrupt_handler241
                0x06023b6c                __interrupt_handler202
                0x06023b36                __interrupt_handler193
                0x06023884                __interrupt_handler78
                0x060237dc                __interrupt_handler50
                0x06023776                __interrupt_handler33
                0x06023a94                __interrupt_handler166
                0x060239ec                __interrupt_handler138
                0x060239da                __interrupt_handler135
                0x06023764                __interrupt_handler30
                0x06023b00                __interrupt_handler184
                0x060239fe                __interrupt_handler141
                0x06023c14                __interrupt_handler230
                0x06023c38                __interrupt_handler236
                0x0602397a                __interrupt_handler119
                0x060238b4                __interrupt_handler86
                0x06023926                __interrupt_handler105
                0x06023896                __interrupt_handler81
                0x06023980                __interrupt_handler120
                0x060239b0                __interrupt_handler128
                0x060237f4                __interrupt_handler54
                0x060236f2                __interrupt_handler11
                0x06023b5a                __interrupt_handler199
                0x06023a4c                __interrupt_handler154
                0x060237be                __interrupt_handler45
                0x06023bc0                __interrupt_handler216
                0x06023b72                __interrupt_handler203
                0x0602390e                __interrupt_handler101
                0x060238a8                __interrupt_handler84
                0x06023b06                __interrupt_handler185
                0x06023a04                __interrupt_handler142
                0x0602374c                __interrupt_handler26
                0x06023830                __interrupt_handler64
                0x06023b60                __interrupt_handler200
                0x06023b8a                __interrupt_handler207
                0x06023b3c                __interrupt_handler194
                0x060238d8                __interrupt_handler92
                0x06023a52                __interrupt_handler155
                0x06023ba2                __interrupt_handler211
                0x060239ce                __interrupt_handler133
                0x060236ce                __interrupt_handler5
                0x06023866                __interrupt_handler73
                0x06023710                __interrupt_handler16
                0x06023c4a                __interrupt_handler239
                0x06023c2c                __interrupt_handler234
                0x06023782                __interrupt_handler35
                0x06023812                __interrupt_handler59
                0x06023aa6                __interrupt_handler169
                0x060238fc                __interrupt_handler98
                0x0602385a                __interrupt_handler71
                0x060237e2                __interrupt_handler51
                0x06023a6a                __interrupt_handler159
                0x06023bfc                __interrupt_handler226
                0x060238f0                __interrupt_handler96
                0x06023b24                __interrupt_handler190
                0x06023bd8                __interrupt_handler220
                0x060236e0                __interrupt_handler8
                0x06023ae2                __interrupt_handler179
                0x06023c98                __interrupt_handler252
 *fill*         0x06023cd4        0xc 00
 .text          0x06023ce0     0x12a0 ../sbl6/segalib/lib/sega_spr.a(spr_2c.o)
                0x06024f40                SlaveFlushDrawPrtyBlock
                0x06023ce0                SPR_2Initial
                0x06024524                SPR_2SysClip
                0x060244c4                SPR_2LocalCoord
                0x06024dbc                SPR_2FlushDrawPrtyBlock
                0x06024aa8                SPR_2DistSpr
                0x060244ac                SPR_2FlushDrawPrty
                0x06024bcc                SPR_2Cmd
                0x060241a8                SPR_2GourTblNoToVram
                0x06024208                SPR_2GetAreaSizeInfo
                0x06023f70                SPR_2SetGourTbl
                0x0602475c                SPR_2Polygon
                0x060241e4                SPR_2CharNoToVram
                0x06023ef0                SPR_2SetTvMode
                0x0602434c                SPR_2CloseCommand
                0x06023f2c                SPR_2FrameEraseData
                0x06023d08                SPR_2Initial2
                0x0602493c                SPR_2ScaleSpr
                0x060245cc                SPR_2Line
                0x06024298                SPR_2OpenCommand
                0x06023f0c                SPR_2FrameChgIntr
                0x06024818                SPR_2NormSpr
                0x06023fa0                SPR_2SetLookupTbl
                0x06023fd4                SPR_2SetChar
                0x060241cc                SPR_2LookupTblNoToVram
                0x060246a0                SPR_2PolyLine
                0x06024140                SPR_2ClrAllChar
                0x060240f4                SPR_2ClrChar
                0x06024570                SPR_2UserClip
 .text          0x06024f80      0x1e6 ../sbl6/segalib/lib/sega_spr.a(spr_slv.o)
                0x060250e4                SPR_WaitEndSlaveSH
                0x06024f80                SPR_SMPC_SSHON
                0x060250c0                SPR_RunSlaveSH
                0x06024f84                SPR_InitSlaveSH
                0x0602504c                SPR_SlaveSHmain
                0x06024f81                SPR_SMPC_SSHOFF
 *fill*         0x06025166        0xa 00
 .text          0x06025170      0x36a ../sbl6/segalib/lib/sega_spr.a(spr_1c.o)
                0x06025424                SPR_WaitDrawEnd
                0x0602543c                SPR_SetEosMode
                0x06025354                SPR_SetEraseData
                0x06025170                SPR_Initial
                0x06025248                SPR_SetTvMode
                0x060252e0                SPR_GetStatus
 *fill*         0x060254da        0x6 00
 .text          0x060254e0      0x244 ../sbl6/segalib/lib/sega_spr.a(spr_2a.o)
                0x060254f2                sprMemCpyW
                0x06025550                flushDrawPrtyBlock
                0x060254e0                sprMemCpyL
                0x06025504                SPR_2SetDrawPrty
 *fill*         0x06025724        0xc 00
 .text          0x06025730      0x2fc ../sbl6/segalib/lib/sega_scl.a(scl_vblv.o)
                0x060257ec                SCL_DisplayFrame
                0x06025730                SCL_SetFrameInterval
                0x06025820                SCL_VblInit
                0x06025870                SCL_VblankStart
                0x060258b4                SCL_VblankEnd
 *fill*         0x06025a2c        0x4 00
 .text          0x06025a30      0xb9c ../sbl6/segalib/lib/sega_scl.a(scl_func.o)
                0x0602640c                SCL_Vdp2_SGLInit
                0x0602631c                SCL_PriIntProc
                0x06026294                SCL_Memcpyw
                0x060265ac                SCL_SglOff
                0x0602658c                SCL_SglOn
                0x06026200                SCL_ScrollShow
                0x06025ca8                SCL_Close
                0x06025fa0                SCL_Scale
                0x06025a30                SCL_Vdp2Init
                0x06025e14                SCL_Move
                0x060260dc                SCL_CopyReg
                0x06025c84                SCL_Open
                0x06025ab4                SCL_ParametersInit
                0x06025cc4                SCL_MoveTo
                0x060262bc                SCL_SetColRamMode
 *fill*         0x060265cc        0x4 00
 .text          0x060265d0      0x138 ../sbl6/segalib/lib/sega_scl.a(scl_pr03.o)
                0x060265d0                SCL_FreeColRam
                0x06026608                SCL_AllocColRam
 *fill*         0x06026708        0x8 00
 .text          0x06026710       0x9c ../sbl6/segalib/lib/sega_scl.a(scl_pr02.o)
                0x06026710                SCL_SetColRam
 *fill*         0x060267ac        0x4 00
 .text          0x060267b0       0x84 ../sbl6/segalib/lib/sega_scl.a(scl_back.o)
                0x060267b0                SCL_SetBack
 *fill*         0x06026834        0xc 00
 .text          0x06026840      0x94c ../sbl6/segalib/lib/sega_scl.a(scl_fu03.o)
                0x0602689c                SCL_SetConfig
                0x06026840                SCL_InitConfigTb
 *fill*         0x0602718c        0x4 00
 .text          0x06027190      0x4f4 ../sbl6/segalib/lib/sega_scl.a(scl_fu02.o)
                0x060271c8                SCL_SetVramConfig
                0x06027190                SCL_InitVramConfigTb
 *fill*         0x06027684        0xc 00
 .text          0x06027690       0x28 ../sbl6/segalib/lib/sega_scl.a(scl_fu04.o)
                0x06027690                SCL_SetCycleTable
 *fill*         0x060276b8        0x8 00
 .text          0x060276c0      0x214 ../sbl6/segalib/lib/sega_scl.a(scl_pr07.o)
                0x060276c0                SCL_SetPriority
 *fill*         0x060278d4        0xc 00
 .text          0x060278e0     0x10a4 ../sbl6/segalib/lib/sega_scl.a(scl_pri.o)
                0x06027974                SCL_AbortAutoVe
                0x06028824                SCL_SetShadowBit
                0x06027dec                SCL_AutoExec
                0x060278e0                SCL_PriorityInit
                0x06028300                SCL_IncColOffset
                0x06027988                SCL_SetColMixRate
                0x06027958                SCL_GetColRamMode
 *fill*         0x06028984        0xc 00
 .text          0x06028990       0x58 ../sbl6/segalib/lib/sega_scl.a(scl_pr01.o)
                0x06028990                SCL_SetSpriteMode
 *fill*         0x060289e8        0x8 00
 .text          0x060289f0     0x1394 ../sbl6/segalib/lib/sega_scl.a(scl_ro00.o)
                0x06029bdc                SCL_RotateZD
                0x06028ea4                SCL_Rotate
                0x06028b78                SCL_InitRotateTable
 *fill*         0x06029d84        0xc 00
 .text          0x06029d90      0x1b4 ../sbl6/segalib/lib/sega_scl.a(scl_pr06.o)
                0x06029d90                SCL_SetColRamOffset
 *fill*         0x06029f44        0xc 00
 .text          0x06029f50       0xac ../sbl6/segalib/lib/sega_scl.a(scl_pr05.o)
                0x06029f50                SCL_GetColRamOffset
 *fill*         0x06029ffc        0x4 00
 .text          0x0602a000       0xa4 ../sbl6/segalib/lib/sega_mth.a(mth_fixd.o)
                0x0602a050                MTH_FixedToInt
                0x0602a040                MTH_IntToFixed
                0x0602a000                MTH_Mul
                0x0602a060                MTH_Product
                0x0602a020                MTH_Div
 *fill*         0x0602a0a4        0xc 00
 .text          0x0602a0b0      0x600 ../sbl6/segalib/lib/sega_mth.a(mth_tri.o)
                0x0602a14c                fcos
                0x0602a152                fsin
                0x0602a0fc                MTH_Cos
                0x0602a0b0                MTH_Sin
                0x0602a2f0                MTH_Atan
 .text          0x0602a6b0      0xf50 ../sbl6/segalib/lib/sega_per.a(per_prt.o)
                0x0602aad0                PER_IntFunc
                0x0602a8c8                PER_LGetPer
                0x0602a6b0                PER_LInit
 .text          0x0602b600      0x1f4 ../sbl6/segalib/lib/sega_sat.a(DMA_SCU1.o)
                0x0602b75c                DMA_ScuResult
                0x0602b600                DMA_ScuInit
                0x0602b650                DMA_ScuMemCopy
 *fill*         0x0602b7f4        0xc 00
 .text          0x0602b800      0x308 ../sbl6/segalib/lib/sega_sat.a(DMA_SCU0.o)
                0x0602b884                DMA_ScuStart
                0x0602b9b8                DMA_ScuIntFunc0
                0x0602ba28                DMA_ScuIntFunc1
                0x0602ba98                DMA_ScuIntFunc2
                0x0602b978                DMA_ScuGetStatus
                0x0602b800                DMA_ScuSetPrm
 *fill*         0x0602bb08        0x8 00
 .text          0x0602bb10       0xe8 ../sbl6/segalib/lib/sega_sat.a(csh_main.o)
                0x0602bb10                CSH_Init
                0x0602bb78                CSH_AllClr
                0x0602bbc4                CSH_Purge
 *fill*         0x0602bbf8        0x8 00
 .text          0x0602bc00       0x90 c:/saturn/SH_COFF/sh-coff/bin/../lib/gcc/sh-coff/3.4-GNUSH_v0501\libgcc.a(_ashiftlt.o)
                0x0602bc00                __ashlsi3
 .text          0x0602bc90       0xb0 c:/saturn/SH_COFF/sh-coff/bin/../lib/gcc/sh-coff/3.4-GNUSH_v0501\libgcc.a(_movstr.o)
                0x0602bcd0                __movstrSI16
                0x0602bca4                __movstrSI60
                0x0602bcb0                __movstrSI48
                0x0602bcac                __movstrSI52
                0x0602bca0                __movstrSI64
                0x0602bcb4                __movstrSI44
                0x0602bcb8                __movstrSI40
                0x0602bcbc                __movstrSI36
                0x0602bcf0                __movstr
                0x0602bca8                __movstrSI56
                0x0602bcc4                __movstrSI28
                0x0602bcc0                __movstrSI32
                0x0602bcd4                __movstrSI12
                0x0602bcd8                __movstrSI8
                0x0602bce0                __movstrSI0
                0x0602bcc8                __movstrSI24
                0x0602bccc                __movstrSI20
                0x0602bcdc                __movstrSI4
 .text          0x0602bd40       0xa0 c:/saturn/SH_COFF/sh-coff/bin/../lib/gcc/sh-coff/3.4-GNUSH_v0501\libgcc.a(__main.o)
                0x0602bdb4                __main
                0x0602bd40                __do_global_dtors
                0x0602bd74                __do_global_ctors
 .text          0x0602bde0       0x70 c:/saturn/SH_COFF/sh-coff/bin/../lib/gcc/sh-coff/3.4-GNUSH_v0501\libgcc.a(_udivsi3.o)
                0x0602be02                __udivsi3
 .text          0x0602be50       0x60 c:/saturn/SH_COFF/sh-coff/bin/../lib/gcc/sh-coff/3.4-GNUSH_v0501\libgcc.a(_ashiftrt.o)
                0x0602be5c                __ashiftrt_r4_27
                0x0602be90                __ashiftrt_r4_6
                0x0602be80                __ashiftrt_r4_14
                0x0602be72                __ashiftrt_r4_19
                0x0602be8a                __ashiftrt_r4_9
                0x0602be9e                __ashiftrt_r4_0
                0x0602be50                __ashiftrt_r4_31
                0x0602be5e                __ashiftrt_r4_26
                0x0602be6c                __ashiftrt_r4_22
                0x0602be78                __ashiftrt_r4_16
                0x0602be84                __ashiftrt_r4_12
                0x0602be58                __ashiftrt_r4_29
                0x0602be76                __ashiftrt_r4_17
                0x0602be56                __ashiftrt_r4_30
                0x0602be92                __ashiftrt_r4_5
                0x0602be8c                __ashiftrt_r4_8
                0x0602be50                __ashiftrt_r4_32
                0x0602be60                __ashiftrt_r4_25
                0x0602be98                __ashiftrt_r4_2
                0x0602be62                __ashiftrt_r4_24
                0x0602be7e                __ashiftrt_r4_15
                0x0602be88                __ashiftrt_r4_10
                0x0602be9a                __ashiftrt_r4_1
                0x0602be5a                __ashiftrt_r4_28
                0x0602be70                __ashiftrt_r4_20
                0x0602be8e                __ashiftrt_r4_7
                0x0602be82                __ashiftrt_r4_13
                0x0602be86                __ashiftrt_r4_11
                0x0602be94                __ashiftrt_r4_4
                0x0602be6a                __ashiftrt_r4_23
                0x0602be74                __ashiftrt_r4_18
                0x0602be6e                __ashiftrt_r4_21
                0x0602be96                __ashiftrt_r4_3
 .text          0x0602beb0       0xb0 c:/saturn/SH_COFF/sh-coff/bin/../lib/gcc/sh-coff/3.4-GNUSH_v0501\libgcc.a(_si_to_df.o)
                0x0602beb0                __floatsidf
 .text          0x0602bf60      0x2e0 c:/saturn/SH_COFF/sh-coff/bin/../lib/gcc/sh-coff/3.4-GNUSH_v0501\libgcc.a(_mul_df.o)
                0x0602bf70                __muldf3
 .text          0x0602c240       0x80 c:/saturn/SH_COFF/sh-coff/bin/../lib/gcc/sh-coff/3.4-GNUSH_v0501\libgcc.a(_df_to_si.o)
                0x0602c240                __fixdfsi
 .text          0x0602c2c0      0x220 c:/saturn/SH_COFF/sh-coff/bin/../lib/gcc/sh-coff/3.4-GNUSH_v0501\libgcc.a(_pack_df.o)
                0x0602c2d0                __pack_d
 .text          0x0602c4e0      0x120 c:/saturn/SH_COFF/sh-coff/bin/../lib/gcc/sh-coff/3.4-GNUSH_v0501\libgcc.a(_unpack_df.o)
                0x0602c4f0                __unpack_d
 .text          0x0602c600       0x20 c:/saturn/SH_COFF/sh-coff/bin/../lib/gcc/sh-coff/3.4-GNUSH_v0501\libgcc.a(_thenan_df.o)
                0x0602c600                __thenan_df
 .text          0x0602c620       0xd0 c:/saturn/SH_COFF/sh-coff/bin/../lib/gcc/sh-coff/3.4-GNUSH_v0501\libgcc.a(_muldi3.o)
                0x0602c620                __muldi3
 .text          0x0602c6f0       0x80 c:/saturn/SH_COFF/sh-coff/bin/../lib/gcc/sh-coff/3.4-GNUSH_v0501\libgcc.a(_lshrdi3.o)
                0x0602c6f0                __lshrdi3
 .text          0x0602c770       0x80 c:/saturn/SH_COFF/sh-coff/bin/../lib/gcc/sh-coff/3.4-GNUSH_v0501\libgcc.a(_ashldi3.o)
                0x0602c770                __ashldi3
 .text          0x0602c7f0       0x30 c:/saturn/SH_COFF/sh-coff/bin/../lib/gcc/sh-coff/3.4-GNUSH_v0501\libgcc.a(_mulsi3.o)
                0x0602c7f0                __mulsi3
 .text          0x0602c820       0x90 c:/saturn/SH_COFF/sh-coff/bin/../lib/gcc/sh-coff/3.4-GNUSH_v0501\libgcc.a(_lshiftrt.o)
                0x0602c820                __lshrsi3
 .text          0x0602c8b0       0xa0 c:/saturn/SH_COFF/sh-coff/bin/../lib/gcc/sh-coff/3.4-GNUSH_v0501/../../../../sh-coff/lib\libc.a(memcpy.o)
                0x0602c8b0                memcpy
 .text          0x0602c950       0x40 c:/saturn/SH_COFF/sh-coff/bin/../lib/gcc/sh-coff/3.4-GNUSH_v0501/../../../../sh-coff/lib\libc.a(memset.o)
                0x0602c950                memset
 .text          0x0602c990       0x90 c:/saturn/SH_COFF/sh-coff/bin/../lib/gcc/sh-coff/3.4-GNUSH_v0501/../../../../sh-coff/lib\libc.a(atexit.o)
                0x0602c990                atexit
 .text          0x0602ca20       0x10 c:/saturn/SH_COFF/sh-coff/bin/../lib/gcc/sh-coff/3.4-GNUSH_v0501/../../../../sh-coff/lib\libc.a(impure.o)
                0x0602ca20                _global_impure_ptr
 .text          0x0602ca30       0x40 c:/saturn/SH_COFF/sh-coff/bin/../lib/gcc/sh-coff/3.4-GNUSH_v0501/../../../../sh-coff/lib\libc.a(malloc.o)
                0x0602ca4c                free
                0x0602ca30                malloc
 .text          0x0602ca70      0x5b0 c:/saturn/SH_COFF/sh-coff/bin/../lib/gcc/sh-coff/3.4-GNUSH_v0501/../../../../sh-coff/lib\libc.a(mallocr.o)
                0x0602ca70                _malloc_r
 .text          0x0602d020      0x340 c:/saturn/SH_COFF/sh-coff/bin/../lib/gcc/sh-coff/3.4-GNUSH_v0501/../../../../sh-coff/lib\libc.a(freer.o)
                0x0602d020                _malloc_trim_r
                0x0602d114                _free_r
 .text          0x0602d360       0x20 c:/saturn/SH_COFF/sh-coff/bin/../lib/gcc/sh-coff/3.4-GNUSH_v0501/../../../../sh-coff/lib\libc.a(mlock.o)
                0x0602d360                __malloc_lock
                0x0602d36c                __malloc_unlock
 .text          0x0602d380       0x50 c:/saturn/SH_COFF/sh-coff/bin/../lib/gcc/sh-coff/3.4-GNUSH_v0501/../../../../sh-coff/lib\libc.a(sbrkr.o)
                0x0602d380                _sbrk_r
 .text          0x0602d3d0      0x380 c:/saturn/SH_COFF/sh-coff/bin/../lib/gcc/sh-coff/3.4-GNUSH_v0501/../../../../sh-coff/lib\libc.a(syscalls.o)
                0x0602d53c                _exit
                0x0602d570                _getpid
                0x0602d5d8                _utime
                0x0602d408                _write
                0x0602d3d0                _read
                0x0602d524                _unlink
                0x0602d4ec                _open
                0x0602d588                _stat
                0x0602d530                isatty
                0x0602d608                _wait
                0x0602d554                _kill
                0x0602d5a4                _chmod
                0x0602d638                _execv
                0x0602d61c                _execve
                0x0602d714                __setup_argv_and_call_main
                0x0602d670                _gettimeofday
                0x0602d43c                _link
                0x0602d57c                _raise
                0x0602d508                _creat
                0x0602d650                _pipe
                0x0602d5bc                _chown
                0x0602d3ec                _lseek
                0x0602d424                _close
                0x0602d664                _times
                0x0602d4d8                _fstat
                0x0602d5f4                _fork
                0x0602d464                _sbrk
 .text          0x0602d750       0x20 c:/saturn/SH_COFF/sh-coff/bin/../lib/gcc/sh-coff/3.4-GNUSH_v0501/../../../../sh-coff/lib\libc.a(trap.o)
                0x0602d750                __trap34
 .text          0x0602d770       0x20 c:/saturn/SH_COFF/sh-coff/bin/../lib/gcc/sh-coff/3.4-GNUSH_v0501/../../../../sh-coff/lib\libc.a(abort.o)
                0x0602d770                abort
 .text          0x0602d790      0x270 c:/saturn/SH_COFF/sh-coff/bin/../lib/gcc/sh-coff/3.4-GNUSH_v0501/../../../../sh-coff/lib\libc.a(signal.o)
                0x0602d850                _raise_r
                0x0602d9d8                __sigtramp
                0x0602d984                raise
                0x0602d9c0                _init_signal
                0x0602d910                __sigtramp_r
                0x0602d9a0                signal
                0x0602d7dc                _signal_r
                0x0602d790                _init_signal_r
 .text          0x0602da00       0x60 c:/saturn/SH_COFF/sh-coff/bin/../lib/gcc/sh-coff/3.4-GNUSH_v0501/../../../../sh-coff/lib\libc.a(signalr.o)
                0x0602da48                _getpid_r
                0x0602da00                _kill_r
 *(.strings)

.tors           0x0602da60        0x0
                0x0602da60                ___ctors = .
 *(.ctors)
                0x0602da60                ___ctors_end = .
                0x0602da60                ___dtors = .
 *(.dtors)
                0x0602da60                ___dtors_end = .

.data           0x0602da60     0x1120
                0x0602da60                STARTOF_R = .
 *(.data)
 .data          0x0602da60      0x400 ../sbl6/segasmp/per/smpclib/per_x1.o
 .data          0x0602de60       0x50 graphics.o
                0x0602de60                tiles
 .data          0x0602deb0       0x30 sprite.o
 .data          0x0602dee0       0x20 scroll.o
                0x0602dee0                CycleTb
                0x0602def0                vram
 .data          0x0602df00       0x10 main.o
                0x0602df00                levels
 .data          0x0602df10      0x400 ../sbl6/segalib/lib/sega_int.a(int.o)
 .data          0x0602e310       0x1c ../sbl6/segalib/lib/sega_spr.a(spr_slv.o)
                0x0602e318                SPR_SlaveParam
                0x0602e328                SPR_SMPC_SF
                0x0602e320                SPR_SMPC_COM
                0x0602e31c                SPR_SlaveSHEntry
                0x0602e314                SPR_SlaveState
                0x0602e310                SPR_SlaveCommand
                0x0602e324                SPR_SMPC_RET
 *fill*         0x0602e32c        0x4 00
 .data          0x0602e330       0x34 ../sbl6/segalib/lib/sega_spr.a(spr_1c.o)
                0x0602e330                SpInitialFlag
 *fill*         0x0602e364        0xc 00
 .data          0x0602e370       0x1c ../sbl6/segalib/lib/sega_scl.a(scl_vblv.o)
                0x0602e378                VBInterval
                0x0602e380                ReqDisplayFlag
                0x0602e370                SpFrameChgMode
                0x0602e37c                VBIntervalCounter
                0x0602e374                SpFrameEraseMode
 *fill*         0x0602e38c        0x4 00
 .data          0x0602e390       0x36 ../sbl6/segalib/lib/sega_scl.a(scl_func.o)
                0x0602e3a0                SclRotregBuff
                0x0602e39c                SclDisplayY
                0x0602e3a4                SclRotateTableMode
                0x0602e398                SclProcess
                0x0602e394                SclCurSclNum
                0x0602e390                SclLengthLsTbl
                0x0602e39a                SclDisplayX
                0x0602e392                SclLengthCsTbl
 *fill*         0x0602e3c6        0xa 00
 .data          0x0602e3d0       0x18 ../sbl6/segalib/lib/sega_scl.a(scl_pri.o)
                0x0602e3d4                SclRealSpPriNum
                0x0602e3e4                SclRealColOffset
                0x0602e3e0                SclRealBgColMix
                0x0602e3dc                SclRealSpColMix
                0x0602e3d8                SclRealBgPriNum
                0x0602e3d0                SclRealOtherPri
 *fill*         0x0602e3e8        0x8 00
 .data          0x0602e3f0      0x380 c:/saturn/SH_COFF/sh-coff/bin/../lib/gcc/sh-coff/3.4-GNUSH_v0501/../../../../sh-coff/lib\libc.a(impure.o)
                0x0602e76c                _impure_ptr
 .data          0x0602e770      0x410 c:/saturn/SH_COFF/sh-coff/bin/../lib/gcc/sh-coff/3.4-GNUSH_v0501/../../../../sh-coff/lib\libc.a(mallocr.o)
                0x0602e778                __malloc_av_
                0x0602e774                __malloc_trim_threshold
                0x0602e770                __malloc_sbrk_base
                0x0602eb80                SIZEOF_R = (. - STARTOF_R)
                0x0602eb80                ENDOF_R = .

.bss            0x0602eb80     0x7804
                0x0602eb80                STARTOF_B = .
 *(.bss)
 .bss           0x0602eb80       0x10 vblank.o
                0x0602eb84                PadData2E
                0x0602eb8a                PadData1
                0x0602eb86                PadData2
                0x0602eb88                PadData1E
                0x0602eb80                __port
 .bss           0x0602eb90       0xd0 ../sbl6/segasmp/per/smpclib/per_x2.o
 .bss           0x0602ec60       0x10 player.o
                0x0602ec60                anim_cursor
 .bss           0x0602ec70     0x3440 sprite.o
                0x0602ec70                num_sprites
 .bss           0x060320b0       0x50 scroll.o
                0x060320c8                map_tiles_x
                0x060320d0                scrolls_y
                0x060320b0                scroll_transition_state
                0x060320c0                map_tiles_y
                0x060320b8                copy_modes
                0x060320e0                scrolls_x
                0x060320b4                curr_map
 .bss           0x06032100       0x6e ../sbl6/segalib/lib/sega_spr.a(spr_2c.o)
 *fill*         0x0603216e        0x2 00
 .bss           0x06032170        0x4 ../sbl6/segalib/lib/sega_scl.a(scl_vblv.o)
 *fill*         0x06032174        0xc 00
 .bss           0x06032180        0x4 ../sbl6/segalib/lib/sega_scl.a(scl_func.o)
 *fill*         0x06032184        0xc 00
 .bss           0x06032190       0x48 ../sbl6/segalib/lib/sega_scl.a(scl_ro00.o)
 *fill*         0x060321d8        0x8 00
 .bss           0x060321e0       0x9c ../sbl6/segalib/lib/sega_per.a(per_prt.o)
 *fill*         0x0603227c        0x4 00
 .bss           0x06032280        0xc ../sbl6/segalib/lib/sega_sat.a(DMA_SCU1.o)
 *fill*         0x0603228c        0x4 00
 .bss           0x06032290       0x20 ../sbl6/segalib/lib/sega_sat.a(DMA_SCU0.o)
 .bss           0x060322b0       0x10 c:/saturn/SH_COFF/sh-coff/bin/../lib/gcc/sh-coff/3.4-GNUSH_v0501\libgcc.a(__main.o)
 .bss           0x060322c0       0x10 c:/saturn/SH_COFF/sh-coff/bin/../lib/gcc/sh-coff/3.4-GNUSH_v0501/../../../../sh-coff/lib\libc.a(atexit.o)
 .bss           0x060322d0       0x40 c:/saturn/SH_COFF/sh-coff/bin/../lib/gcc/sh-coff/3.4-GNUSH_v0501/../../../../sh-coff/lib\libc.a(mallocr.o)
                0x06032300                __malloc_top_pad
                0x060322d0                __malloc_current_mallinfo
                0x060322fc                __malloc_max_sbrked_mem
                0x060322f8                __malloc_max_total_mem
 .bss           0x06032310       0x10 c:/saturn/SH_COFF/sh-coff/bin/../lib/gcc/sh-coff/3.4-GNUSH_v0501/../../../../sh-coff/lib\libc.a(syscalls.o)
 *(COMMON)
 COMMON         0x06032320       0x28 player.o
                                  0x0 (size before relaxing)
                0x06032320                player
 *fill*         0x06032348        0x8 00
 COMMON         0x06032350      0x460 print.o
                                  0x0 (size before relaxing)
                0x06032350                text
 COMMON         0x060327b0     0x1f40 sprite.o
                                  0x0 (size before relaxing)
                0x060327b0                sprites
 COMMON         0x060346f0      0x250 scroll.o
                                  0x0 (size before relaxing)
                0x060346f0                scfg3
                0x06034780                scfg0
                0x06034810                maps
                0x06034820                scfg2
                0x060348b0                scfg1
                0x0603493c                tilemaps
 COMMON         0x06034940      0x400 ../sbl6/segalib/lib/sega_int.a(int.o)
                                  0x0 (size before relaxing)
                0x06034940                __interrupt_vector
 COMMON         0x06034d40       0x50 ../sbl6/segalib/lib/sega_spr.a(spr_2c.o)
                                  0x0 (size before relaxing)
                0x06034d40                SpMstCmd
                0x06034d44                Sp2OpenFlag
                0x06034d48                SpGourTblMax
                0x06034d4c                SpDrawPrtyBlk
                0x06034d50                SpLCoordX
                0x06034d54                SpMstDrawPrtyBlk
                0x06034d58                SpGourTbl
                0x06034d5c                SpLookupTblR
                0x06034d60                SpCmdTbl
                0x06034d64                SpCharMax
                0x06034d68                SpDrawPrtyProcFlag
                0x06034d6c                SpCmdNo
                0x06034d70                SpDrawPrtyBlkMax
                0x06034d74                SpSlvCmdPos
                0x06034d78                SpSlvDrawPrtyBlk
                0x06034d7c                SpCharTbl
                0x06034d80                SpCmdTblR
                0x06034d84                SpMstCmdPos
                0x06034d88                SpSlvCmd
                0x06034d8c                SpLCoordY
 COMMON         0x06034d90       0x10 ../sbl6/segalib/lib/sega_spr.a(spr_1c.o)
                                  0x0 (size before relaxing)
                0x06034d90                SpScreenY
                0x06034d94                SpFbcrMode
                0x06034d96                SpDil
                0x06034d98                SpDie
                0x06034d9a                SpTvMode
                0x06034d9c                SpScreenX
 COMMON         0x06034da0      0xf00 ../sbl6/segalib/lib/sega_scl.a(scl_func.o)
                                  0x0 (size before relaxing)
                0x06034da0                SclRbgKtbAddr
                0x06034da8                SclRb
                0x06034daa                Scl_flag
                0x06034db0                SclK_TableBuff
                0x06035a80                SclAddrCsTbl
                0x06035a90                Scl_s_reg
                0x06035ab8                SclRotateXy
                0x06035ac0                Scl_d_reg
                0x06035b08                SclRotateDisp
                0x06035b10                SclRotateMoveZ
                0x06035b18                SclRotXySw
                0x06035b20                Scl_r_reg
                0x06035b30                SclRPMD
                0x06035b38                SclRbgKtbOffset
                0x06035b40                _SclRotregBuff
                0x06035c10                SclRa
                0x06035c18                SclRotateZ
                0x06035c20                SclAddrLsTbl
                0x06035c28                SclK_TableNum
                0x06035c30                SclRotateTableAddress
                0x06035c34                SclK_TableFlag
                0x06035c40                Scl_w_reg
                0x06035c60                Scl_n_reg
 COMMON         0x06035ca0      0x6b0 ../sbl6/segalib/lib/sega_scl.a(scl_pri.o)
                                  0x0 (size before relaxing)
                0x06035ca0                SclAutoEndBlue2
                0x06035cb0                SclColOffset
                0x06035cc0                SclPriBuffDirty
                0x06035cc2                SclAutoEndRed
                0x06035cc4                SclAutoSurface
                0x06035cc8                SclAutoGreen
                0x06035cca                SclAutoEndGreen
                0x06035ccc                SclAutoCount
                0x06035cd0                SclColRamAlloc256
                0x06035cf0                SclAutoCurRate
                0x06035cf1                SclAutoPlusFlag
                0x06035cf8                SclSpColMix
                0x06035d00                SclAutoMax
                0x06035d04                SclLineColRamOffset
                0x06035d08                SclColRamAlloc2048
                0x06035d0c                SclBgPriNum
                0x06035d12                SclAutoEndBlue
                0x06035d14                SclAutoEndGreen2
                0x06035d16                SclAutoVeFlag
                0x06035d18                SclBgColMix
                0x06035d20                SclAutoIndex
                0x06035d24                SclAutoEndRate
                0x06035d26                SclAutoBlue
                0x06035d28                SclAutoRed
                0x06035d2c                SclAutoInterval
                0x06035d30                SclOtherPri
                0x06035d40                SclAutoRGB
                0x06036340                SclAutoEndRed2
                0x06036348                SclSpPriNum
 COMMON         0x06036350       0x10 ../sbl6/segalib/lib/sega_scl.a(scl_ro00.o)
                                  0x0 (size before relaxing)
                0x06036350                SclCsx
                0x06036358                SclCsy
 COMMON         0x06036360       0x15 ../sbl6/segalib/lib/sega_per.a(per_prt.o)
                                  0x0 (size before relaxing)
                0x06036360                per_get_time_flg
                0x06036361                per_hot_res
                0x06036362                per_set_sys_flg
                0x06036364                per_get_time_adr
                0x06036368                per_get_sys_data
                0x06036374                per_time_out_flg
 *fill*         0x06036375        0xb 00
 COMMON         0x06036380        0x4 c:/saturn/SH_COFF/sh-coff/bin/../lib/gcc/sh-coff/3.4-GNUSH_v0501/../../../../sh-coff/lib\libc.a(syscalls.o)
                                  0x0 (size before relaxing)
                0x06036380                errno
                0x06036384                SIZEOF_B = (. - STARTOF_B)
                0x06036384                ENDOF_B = .
                0x06036384                _end = .
OUTPUT(main.cof coff-sh)

.comment        0x06036390      0x420
 .comment       0x06036390       0x20 ../sbl6/segasmp/lib/strt2_g.o
 .comment       0x060363b0       0x20 vblank.o
 .comment       0x060363d0       0x20 ../sbl6/segasmp/per/smpclib/per_x1.o
 .comment       0x060363f0       0x20 ../sbl6/segasmp/per/smpclib/per_x2.o
 .comment       0x06036410       0x20 bullet.o
 .comment       0x06036430       0x20 collision.o
 .comment       0x06036450       0x20 graphics.o
 .comment       0x06036470       0x20 player.o
 .comment       0x06036490       0x20 print.o
 .comment       0x060364b0       0x20 sprite.o
 .comment       0x060364d0       0x20 scroll.o
 .comment       0x060364f0       0x20 main.o
 .comment       0x06036510       0x20 c:/saturn/SH_COFF/sh-coff/bin/../lib/gcc/sh-coff/3.4-GNUSH_v0501\libgcc.a(__main.o)
 .comment       0x06036530       0x20 c:/saturn/SH_COFF/sh-coff/bin/../lib/gcc/sh-coff/3.4-GNUSH_v0501\libgcc.a(_si_to_df.o)
 .comment       0x06036550       0x20 c:/saturn/SH_COFF/sh-coff/bin/../lib/gcc/sh-coff/3.4-GNUSH_v0501\libgcc.a(_mul_df.o)
 .comment       0x06036570       0x20 c:/saturn/SH_COFF/sh-coff/bin/../lib/gcc/sh-coff/3.4-GNUSH_v0501\libgcc.a(_df_to_si.o)
 .comment       0x06036590       0x20 c:/saturn/SH_COFF/sh-coff/bin/../lib/gcc/sh-coff/3.4-GNUSH_v0501\libgcc.a(_pack_df.o)
 .comment       0x060365b0       0x20 c:/saturn/SH_COFF/sh-coff/bin/../lib/gcc/sh-coff/3.4-GNUSH_v0501\libgcc.a(_unpack_df.o)
 .comment       0x060365d0       0x20 c:/saturn/SH_COFF/sh-coff/bin/../lib/gcc/sh-coff/3.4-GNUSH_v0501\libgcc.a(_thenan_df.o)
 .comment       0x060365f0       0x20 c:/saturn/SH_COFF/sh-coff/bin/../lib/gcc/sh-coff/3.4-GNUSH_v0501\libgcc.a(_muldi3.o)
 .comment       0x06036610       0x20 c:/saturn/SH_COFF/sh-coff/bin/../lib/gcc/sh-coff/3.4-GNUSH_v0501\libgcc.a(_lshrdi3.o)
 .comment       0x06036630       0x20 c:/saturn/SH_COFF/sh-coff/bin/../lib/gcc/sh-coff/3.4-GNUSH_v0501\libgcc.a(_ashldi3.o)
 .comment       0x06036650       0x20 c:/saturn/SH_COFF/sh-coff/bin/../lib/gcc/sh-coff/3.4-GNUSH_v0501/../../../../sh-coff/lib\libc.a(atexit.o)
 .comment       0x06036670       0x20 c:/saturn/SH_COFF/sh-coff/bin/../lib/gcc/sh-coff/3.4-GNUSH_v0501/../../../../sh-coff/lib\libc.a(impure.o)
 .comment       0x06036690       0x20 c:/saturn/SH_COFF/sh-coff/bin/../lib/gcc/sh-coff/3.4-GNUSH_v0501/../../../../sh-coff/lib\libc.a(malloc.o)
 .comment       0x060366b0       0x20 c:/saturn/SH_COFF/sh-coff/bin/../lib/gcc/sh-coff/3.4-GNUSH_v0501/../../../../sh-coff/lib\libc.a(mallocr.o)
 .comment       0x060366d0       0x20 c:/saturn/SH_COFF/sh-coff/bin/../lib/gcc/sh-coff/3.4-GNUSH_v0501/../../../../sh-coff/lib\libc.a(freer.o)
 .comment       0x060366f0       0x20 c:/saturn/SH_COFF/sh-coff/bin/../lib/gcc/sh-coff/3.4-GNUSH_v0501/../../../../sh-coff/lib\libc.a(mlock.o)
 .comment       0x06036710       0x20 c:/saturn/SH_COFF/sh-coff/bin/../lib/gcc/sh-coff/3.4-GNUSH_v0501/../../../../sh-coff/lib\libc.a(sbrkr.o)
 .comment       0x06036730       0x20 c:/saturn/SH_COFF/sh-coff/bin/../lib/gcc/sh-coff/3.4-GNUSH_v0501/../../../../sh-coff/lib\libc.a(syscalls.o)
 .comment       0x06036750       0x20 c:/saturn/SH_COFF/sh-coff/bin/../lib/gcc/sh-coff/3.4-GNUSH_v0501/../../../../sh-coff/lib\libc.a(abort.o)
 .comment       0x06036770       0x20 c:/saturn/SH_COFF/sh-coff/bin/../lib/gcc/sh-coff/3.4-GNUSH_v0501/../../../../sh-coff/lib\libc.a(signal.o)
 .comment       0x06036790       0x20 c:/saturn/SH_COFF/sh-coff/bin/../lib/gcc/sh-coff/3.4-GNUSH_v0501/../../../../sh-coff/lib\libc.a(signalr.o)
