Archive member included because of file (symbol)

../sbl6/segalib/lib/sega_int.a(int.o)
                              vblank.o (INT_SetScuFunc)
../sbl6/segalib/lib/sega_int.a(int_trmp.o)
                              ../sbl6/segalib/lib/sega_int.a(int.o) (__interrupt_handler0)
../sbl6/segalib/lib/sega_spr.a(spr_2c.o)
                              sprite.o (SPR_2Initial)
../sbl6/segalib/lib/sega_spr.a(spr_slv.o)
                              ../sbl6/segalib/lib/sega_spr.a(spr_2c.o) (SPR_InitSlaveSH)
../sbl6/segalib/lib/sega_spr.a(spr_1c.o)
                              ../sbl6/segalib/lib/sega_spr.a(spr_2c.o) (SPR_Initial)
../sbl6/segalib/lib/sega_spr.a(spr_2a.o)
                              ../sbl6/segalib/lib/sega_spr.a(spr_2c.o) (SPR_2SetDrawPrty)
../sbl6/segalib/lib/sega_scl.a(scl_vblv.o)
                              ../sbl6/segalib/lib/sega_spr.a(spr_1c.o) (SpFrameChgMode)
../sbl6/segalib/lib/sega_scl.a(scl_func.o)
                              sprite.o (SCL_Vdp2Init)
../sbl6/segalib/lib/sega_scl.a(scl_pr03.o)
                              sprite.o (SCL_AllocColRam)
../sbl6/segalib/lib/sega_scl.a(scl_pr02.o)
                              sprite.o (SCL_SetColRam)
../sbl6/segalib/lib/sega_scl.a(scl_back.o)
                              scroll.o (SCL_SetBack)
../sbl6/segalib/lib/sega_scl.a(scl_fu05.o)
                              scroll.o (SCL_InitLineParamTb)
../sbl6/segalib/lib/sega_scl.a(scl_fu03.o)
                              scroll.o (SCL_InitConfigTb)
../sbl6/segalib/lib/sega_scl.a(scl_fu02.o)
                              scroll.o (SCL_InitVramConfigTb)
../sbl6/segalib/lib/sega_scl.a(scl_fu04.o)
                              scroll.o (SCL_SetCycleTable)
../sbl6/segalib/lib/sega_scl.a(scl_pr07.o)
                              scroll.o (SCL_SetPriority)
../sbl6/segalib/lib/sega_scl.a(scl_pr01.o)
                              main.o (SCL_SetSpriteMode)
../sbl6/segalib/lib/sega_scl.a(scl_pri.o)
                              ../sbl6/segalib/lib/sega_scl.a(scl_func.o) (SclRealOtherPri)
../sbl6/segalib/lib/sega_scl.a(scl_ro00.o)
                              ../sbl6/segalib/lib/sega_scl.a(scl_func.o) (SCL_Rotate)
../sbl6/segalib/lib/sega_scl.a(scl_pr06.o)
                              ../sbl6/segalib/lib/sega_scl.a(scl_pr03.o) (SCL_SetColRamOffset)
../sbl6/segalib/lib/sega_scl.a(scl_pr05.o)
                              ../sbl6/segalib/lib/sega_scl.a(scl_pr02.o) (SCL_GetColRamOffset)
../sbl6/segalib/lib/sega_mth.a(mth_fixd.o)
                              sprite.o (MTH_Mul)
../sbl6/segalib/lib/sega_mth.a(mth_tri.o)
                              sprite.o (MTH_Sin)
../sbl6/segalib/lib/sega_per.a(per_prt.o)
                              ../sbl6/segasmp/per/smpclib/per_x2.o (PER_LInit)
../sbl6/segalib/lib/sega_sat.a(gfs.o)
                              cd.o (GFS_Init)
../sbl6/segalib/lib/sega_sat.a(DMA_SCU1.o)
                              ../sbl6/segalib/lib/sega_spr.a(spr_2c.o) (DMA_ScuMemCopy)
../sbl6/segalib/lib/sega_sat.a(gfs_cdf.o)
                              ../sbl6/segalib/lib/sega_sat.a(gfs.o) (GFCF_Init)
../sbl6/segalib/lib/sega_sat.a(gfs_dir.o)
                              ../sbl6/segalib/lib/sega_sat.a(gfs.o) (GFDR_SetupDirTbl)
../sbl6/segalib/lib/sega_sat.a(gfs_trn.o)
                              ../sbl6/segalib/lib/sega_sat.a(gfs.o) (GFTR_Setup)
../sbl6/segalib/lib/sega_sat.a(gfs_buf.o)
                              ../sbl6/segalib/lib/sega_sat.a(gfs.o) (GFBF_GetNumData)
../sbl6/segalib/lib/sega_sat.a(gfs_cdb.o)
                              ../sbl6/segalib/lib/sega_sat.a(gfs_cdf.o) (GFCB_Setup)
../sbl6/segalib/lib/sega_sat.a(gfs_cdc.o)
                              ../sbl6/segalib/lib/sega_sat.a(gfs.o) (GFCD_SetCdbfs)
../sbl6/segalib/lib/sega_sat.a(DMA_SCU0.o)
                              ../sbl6/segalib/lib/sega_sat.a(DMA_SCU1.o) (DMA_ScuSetPrm)
../sbl6/segalib/lib/sega_sat.a(csh_main.o)
                              ../sbl6/segalib/lib/sega_sat.a(DMA_SCU1.o) (CSH_Purge)
../sbl6/segalib/lib/sega_sat.a(DMA_CPU0.o)
                              ../sbl6/segalib/lib/sega_sat.a(gfs_trn.o) (DMA_CpuSetComPrm)
../sbl6/segalib/lib/sega_sat.a(cdc_reg.o)
                              ../sbl6/segalib/lib/sega_sat.a(gfs_cdb.o) (CDC_GetDataPtr)
../sbl6/segalib/lib/sega_sat.a(cdc_cfs.o)
                              ../sbl6/segalib/lib/sega_sat.a(gfs_cdc.o) (CDC_ChgDir)
../sbl6/segalib/lib/sega_sat.a(cdc_cmn.o)
                              ../sbl6/segalib/lib/sega_sat.a(gfs_cdc.o) (CDC_GetCurStat)
../sbl6/segalib/lib/sega_sat.a(cdc_bio.o)
                              ../sbl6/segalib/lib/sega_sat.a(gfs_cdc.o) (CDC_SetSctLen)
../sbl6/segalib/lib/sega_sat.a(cdc_sel.o)
                              ../sbl6/segalib/lib/sega_sat.a(gfs_cdc.o) (CDC_SetFiltRange)
../sbl6/segalib/lib/sega_sat.a(cdc_drv.o)
                              ../sbl6/segalib/lib/sega_sat.a(gfs_cdc.o) (CDC_CdPlay)
../sbl6/segalib/lib/sega_sat.a(cdc_bif.o)
[...]
Memory Configuration

Name             Origin             Length             Attributes
*default*        0x00000000         0xffffffff

Linker script and memory map

LOAD ../sbl6/segasmp/lib/strt1_g.o
LOAD ../sbl6/segasmp/lib/strt2_g.o
LOAD vblank.o
LOAD ../sbl6/segasmp/per/smpclib/per_x1.o
LOAD ../sbl6/segasmp/per/smpclib/per_x2.o
LOAD ../sbl6/segasmp/per/smpclib/per_x3.o
LOAD blocks.o
LOAD cd.o
LOAD collision.o
LOAD enemylist.o
LOAD graphics.o
LOAD player.o
LOAD print.o
LOAD sprite.o
LOAD spritecode/explosion.o
LOAD spritecode/float.o
LOAD scroll.o
LOAD main.o
LOAD ../sbl6/segalib/lib/sega_int.a
LOAD ../sbl6/segalib/lib/sega_spr.a
LOAD ../sbl6/segalib/lib/sega_scl.a
LOAD ../sbl6/segalib/lib/sega_mth.a
LOAD ../sbl6/segalib/lib/sega_cdc.a
LOAD ../sbl6/segalib/lib/sega_adp.a
LOAD ../sbl6/segalib/lib/sega_per.a
LOAD ../sbl6/segalib/lib/sega_sat.a
LOAD C:/saturn/SH_COFF/sh-coff/bin/../lib/gcc/sh-coff/3.4-GNUSH_v0501\libgcc.a
LOAD C:/saturn/SH_COFF/sh-coff/bin/../lib/gcc/sh-coff/3.4-GNUSH_v0501/../../../../sh-coff/lib\libc.a
LOAD C:/saturn/SH_COFF/sh-coff/bin/../lib/gcc/sh-coff/3.4-GNUSH_v0501\libgcc.a

.text           0x06010000    0x14490
 *(.text)
 .text          0x06010000       0x30 ../sbl6/segasmp/lib/strt1_g.o
                0x06010024                _D_END
                0x06010020                _D_BGN
                0x0601002c                _B_END
                0x06010028                _B_BGN
                0x06010000                START
 .text          0x06010030       0x60 ../sbl6/segasmp/lib/strt2_g.o
                0x06010050                _INITSCT
                0x06010030                _INIT
 .text          0x06010090      0x180 vblank.o
                0x06010090                SetVblank
                0x06010110                UsrVblankOut
                0x060100f0                UsrVblankIn
 .text          0x06010210      0x430 ../sbl6/segasmp/per/smpclib/per_x1.o
                0x060105a4                PER_GetAnalogXYZ
                0x06010234                PER_GetTriggerHandler
                0x060104ce                PER_GetEdge
                0x0601044c                PER_GetTrigger
                0x060104f8                PER_GetPressEdge
                0x0601054c                PER_GetReleaseEdge
                0x06010210                PER_SetTriggerHandler
 .text          0x06010640      0x200 ../sbl6/segasmp/per/smpclib/per_x2.o
                0x06010744                PER_GetDeviceA
                0x06010640                PER_OpenPort
                0x06010678                PER_GetPort
                0x060107be                PER_GetDeviceR
 .text          0x06010840       0x20 ../sbl6/segasmp/per/smpclib/per_x3.o
                0x06010840                PER_DisguiseTrigger
 .text          0x06010860       0xd0 blocks.o
                0x06010860                block_get
                0x060108c0                block_check
                0x060108f0                block_spike
 .text          0x06010930       0xa0 cd.o
                0x06010930                cd_init
                0x06010960                cd_load
 .text          0x060109d0      0x990 collision.o
                0x060109d0                collision_check_up
                0x06011200                collision_eject_horiz
                0x06010fe0                collision_eject_vert
                0x06010d00                collision_check
                0x06010bc0                collision_check_left
                0x06010c50                collision_check_right
                0x06010f30                collision_spikes
                0x06010b00                collision_check_below
                0x06010a40                collision_check_down
 .text          0x06011360       0x80 enemylist.o
                0x06011360                enemylist_spawn
 .text          0x060113e0      0x660 player.o
                0x060113e0                player_frames
                0x06011590                player_input
                0x060113f0                player_init
                0x06011930                player_draw
                0x06011490                player_animate
 .text          0x06011a40      0x170 print.o
                0x06011b10                print_display
                0x06011a80                print_num
                0x06011a40                print_init
                0x06011ad0                print_string
 .text          0x06011bb0      0x6e0 sprite.o
                0x06011be0                sprite_init
                0x060120d0                sprite_make
                0x06012200                sprite_next
                0x06012260                sprite_delete
                0x06012110                sprite_draw_all
                0x06011bb0                sprite_deleteall
                0x06011e80                sprite_draw
 .text          0x06012290       0xf0 spritecode/explosion.o
                0x06012310                explosion_move
                0x06012290                explosion_make
 .text          0x06012380      0x120 spritecode/float.o
                0x06012380                float_make
                0x060123e0                float_move
 .text          0x060124a0      0x8c0 scroll.o
                0x060124a0                scroll_move
                0x06012ab0                scroll_get
                0x06012b10                scroll_copy
                0x060125f0                scroll_set
                0x06012c40                scroll_reset
                0x06012ca0                scroll_linescroll4
                0x06012700                scroll_init
                0x06012620                scroll_scale
 .text          0x06012d60      0x1a0 main.o
                0x06012d60                main
 .text          0x06012f00       0x40 ../sbl6/segalib/lib/sega_int.a(int.o)
                0x06012f2c                INT_GetScuFunc
                0x06012f00                INT_SetScuFunc
 .text          0x06012f40      0x624 ../sbl6/segalib/lib/sega_int.a(int_trmp.o)
                0x060130a8                __interrupt_handler60
                0x06013258                __interrupt_handler132
                0x0601340e                __interrupt_handler205
                0x06013276                __interrupt_handler137
                0x060131a4                __interrupt_handler102
                0x06012fe2                __interrupt_handler27
                0x060133e4                __interrupt_handler198
                0x060132d6                __interrupt_handler153
                0x06012fbe                __interrupt_handler21
                0x060130cc                __interrupt_handler66
                0x060131bc                __interrupt_handler106
                0x06013306                __interrupt_handler161
                0x06013150                __interrupt_handler88
                0x0601331e                __interrupt_handler165
                0x0601322e                __interrupt_handler125
                0x06012f64                __interrupt_handler6
                0x06013000                __interrupt_handler32
                0x060133ba                __interrupt_handler191
                0x060134d4                __interrupt_handler238
                0x060134ec                __interrupt_handler242
                0x060132f4                __interrupt_handler158
                0x0601315c                __interrupt_handler90
                0x06013318                __interrupt_handler164
                0x0601303c                __interrupt_handler42
                0x0601337e                __interrupt_handler181
                0x06013486                __interrupt_handler225
                0x0601352e                __interrupt_handler253
                0x06013342                __interrupt_handler171
                0x060130fc                __interrupt_handler74
                0x06012f52                __interrupt_handler3
                0x06013096                __interrupt_handler57
                0x06012f94                __interrupt_handler14
                0x0601342c                __interrupt_handler210
                0x0601345c                __interrupt_handler218
                0x06013420                __interrupt_handler208
                0x06013024                __interrupt_handler38
                0x06012f40                __interrupt_handler0
                0x060131b0                __interrupt_handler104
                0x060132ee                __interrupt_handler157
                0x0601343e                __interrupt_handler213
                0x06013330                __interrupt_handler168
                0x0601313e                __interrupt_handler85
                0x060131da                __interrupt_handler111
                0x060131ec                __interrupt_handler114
                0x0601305a                __interrupt_handler47
                0x060134b0                __interrupt_handler232
                0x0601347a                __interrupt_handler223
                0x060134ce                __interrupt_handler237
                0x060130ba                __interrupt_handler63
                0x06013048                __interrupt_handler44
                0x0601335a                __interrupt_handler175
                0x06013384                __interrupt_handler182
                0x0601339c                __interrupt_handler186
                0x0601329a                __interrupt_handler143
                0x060131c2                __interrupt_handler107
                0x06013228                __interrupt_handler124
                0x06013348                __interrupt_handler172
                0x060134fe                __interrupt_handler245
                0x0601317a                __interrupt_handler95
                0x06013252                __interrupt_handler131
                0x06013264                __interrupt_handler134
                0x06013282                __interrupt_handler139
                0x060130f0                __interrupt_handler72
                0x060134aa                __interrupt_handler231
                0x06013300                __interrupt_handler160
                0x06013246                __interrupt_handler129
                0x06012fb8                __interrupt_handler20
                0x060130c6                __interrupt_handler65
                0x06013090                __interrupt_handler56
                0x06012f8e                __interrupt_handler13
                0x06013426                __interrupt_handler209
                0x060131e0                __interrupt_handler112
                0x06012fb2                __interrupt_handler19
                0x0601316e                __interrupt_handler93
                0x060133d8                __interrupt_handler196
                0x060132ca                __interrupt_handler151
                0x0601332a                __interrupt_handler167
                0x06013540                __trampoline
                0x06012fa6                __interrupt_handler17
                0x06013498                __interrupt_handler228
                0x0601353a                __interrupt_handler255
                0x060134f8                __interrupt_handler244
                0x06013192                __interrupt_handler99
                0x0601338a                __interrupt_handler183
                0x06013288                __interrupt_handler140
                0x060133ae                __interrupt_handler189
                0x060132ac                __interrupt_handler146
                0x06013474                __interrupt_handler222
                0x060132e8                __interrupt_handler156
                0x0601321c                __interrupt_handler122
                0x06013510                __interrupt_handler248
                0x06013060                __interrupt_handler48
                0x060130de                __interrupt_handler69
                0x06012fd0                __interrupt_handler24
                0x06013156                __interrupt_handler89
                0x0601344a                __interrupt_handler215
                0x06013534                __interrupt_handler254
                0x0601314a                __interrupt_handler87
                0x060130ae                __interrupt_handler61
                0x060133d2                __interrupt_handler195
                0x060132c4                __interrupt_handler150
                0x06013036                __interrupt_handler41
                0x060131d4                __interrupt_handler110
                0x0601323a                __interrupt_handler127
                0x060131c8                __interrupt_handler108
                0x060131e6                __interrupt_handler113
                0x060131f8                __interrupt_handler116
                0x06013216                __interrupt_handler121
                0x0601310e                __interrupt_handler77
                0x0601302a                __interrupt_handler39
                0x06013042                __interrupt_handler43
                0x06013516                __interrupt_handler249
                0x06013354                __interrupt_handler174
                0x06013270                __interrupt_handler136
                0x060133a8                __interrupt_handler188
                0x060132a6                __interrupt_handler145
                0x06012f76                __interrupt_handler9
                0x0601311a                __interrupt_handler79
                0x06013492                __interrupt_handler227
                0x0601300c                __interrupt_handler34
                0x0601324c                __interrupt_handler130
                0x0601350a                __interrupt_handler247
                0x06013102                __interrupt_handler75
                0x0601334e                __interrupt_handler173
                0x0601307e                __interrupt_handler53
                0x060132be                __interrupt_handler149
                0x06013522                __interrupt_handler251
                0x060134b6                __interrupt_handler233
                0x06012f7c                __interrupt_handler10
                0x06013408                __interrupt_handler204
                0x0601312c                __interrupt_handler82
                0x06013132                __interrupt_handler83
                0x06012fd6                __interrupt_handler25
                0x060134f2                __interrupt_handler243
                0x0601330c                __interrupt_handler162
                0x06013054                __interrupt_handler46
                0x0601336c                __interrupt_handler178
                0x06013120                __interrupt_handler80
                0x060130b4                __interrupt_handler62
                0x06012f4c                __interrupt_handler2
                0x06012fee                __interrupt_handler29
                0x060130e4                __interrupt_handler70
                0x060131ce                __interrupt_handler109
                0x060132b8                __interrupt_handler148
                0x06013174                __interrupt_handler94
                0x06013480                __interrupt_handler224
                0x060131aa                __interrupt_handler103
                0x06013018                __interrupt_handler36
                0x06013234                __interrupt_handler126
                0x06013504                __interrupt_handler246
                0x0601308a                __interrupt_handler55
                0x06012f88                __interrupt_handler12
                0x06013078                __interrupt_handler52
                0x060133a2                __interrupt_handler187
                0x060132a0                __interrupt_handler144
                0x060131fe                __interrupt_handler117
                0x06012fac                __interrupt_handler18
                0x060133de                __interrupt_handler197
                0x060132d0                __interrupt_handler152
                0x06013204                __interrupt_handler118
                0x0601333c                __interrupt_handler170
                0x060133f6                __interrupt_handler201
                0x06013186                __interrupt_handler97
                0x06013312                __interrupt_handler163
                0x06013378                __interrupt_handler180
                0x060133c0                __interrupt_handler192
                0x060134e0                __interrupt_handler240
                0x06013222                __interrupt_handler123
                0x06013444                __interrupt_handler214
                0x06012ffa                __interrupt_handler31
                0x06012fe8                __interrupt_handler28
                0x060130d2                __interrupt_handler67
                0x060130d8                __interrupt_handler68
                0x06012fc4                __interrupt_handler22
                0x06012fca                __interrupt_handler23
                0x06013360                __interrupt_handler176
                0x06012f6a                __interrupt_handler7
                0x0601346e                __interrupt_handler221
                0x06013456                __interrupt_handler217
                0x0601349e                __interrupt_handler229
                0x06013066                __interrupt_handler49
                0x06012f58                __interrupt_handler4
                0x06013030                __interrupt_handler40
                0x060131f2                __interrupt_handler115
                0x060134c2                __interrupt_handler235
                0x06013162                __interrupt_handler91
                0x06013414                __interrupt_handler206
                0x06013366                __interrupt_handler177
                0x060132b2                __interrupt_handler147
                0x0601301e                __interrupt_handler37
                0x0601351c                __interrupt_handler250
                0x06012f46                __interrupt_handler1
                0x06013462                __interrupt_handler219
                0x06013108                __interrupt_handler76
                0x06013198                __interrupt_handler100
                0x0601309c                __interrupt_handler58
                0x06012f9a                __interrupt_handler15
                0x06013438                __interrupt_handler212
                0x060134e6                __interrupt_handler241
                0x060133fc                __interrupt_handler202
                0x060133c6                __interrupt_handler193
                0x06013114                __interrupt_handler78
                0x0601306c                __interrupt_handler50
                0x06013006                __interrupt_handler33
                0x06013324                __interrupt_handler166
                0x0601327c                __interrupt_handler138
                0x0601326a                __interrupt_handler135
                0x06012ff4                __interrupt_handler30
                0x06013390                __interrupt_handler184
                0x0601328e                __interrupt_handler141
                0x060134a4                __interrupt_handler230
                0x060134c8                __interrupt_handler236
                0x0601320a                __interrupt_handler119
                0x06013144                __interrupt_handler86
                0x060131b6                __interrupt_handler105
                0x06013126                __interrupt_handler81
                0x06013210                __interrupt_handler120
                0x06013240                __interrupt_handler128
                0x06013084                __interrupt_handler54
                0x06012f82                __interrupt_handler11
                0x060133ea                __interrupt_handler199
                0x060132dc                __interrupt_handler154
                0x0601304e                __interrupt_handler45
                0x06013450                __interrupt_handler216
                0x06013402                __interrupt_handler203
                0x0601319e                __interrupt_handler101
                0x06013138                __interrupt_handler84
                0x06013396                __interrupt_handler185
                0x06013294                __interrupt_handler142
                0x06012fdc                __interrupt_handler26
                0x060130c0                __interrupt_handler64
                0x060133f0                __interrupt_handler200
                0x0601341a                __interrupt_handler207
                0x060133cc                __interrupt_handler194
                0x06013168                __interrupt_handler92
                0x060132e2                __interrupt_handler155
                0x06013432                __interrupt_handler211
                0x0601325e                __interrupt_handler133
                0x06012f5e                __interrupt_handler5
                0x060130f6                __interrupt_handler73
                0x06012fa0                __interrupt_handler16
                0x060134da                __interrupt_handler239
                0x060134bc                __interrupt_handler234
                0x06013012                __interrupt_handler35
                0x060130a2                __interrupt_handler59
                0x06013336                __interrupt_handler169
                0x0601318c                __interrupt_handler98
                0x060130ea                __interrupt_handler71
                0x06013072                __interrupt_handler51
                0x060132fa                __interrupt_handler159
                0x0601348c                __interrupt_handler226
                0x06013180                __interrupt_handler96
                0x060133b4                __interrupt_handler190
                0x06013468                __interrupt_handler220
                0x06012f70                __interrupt_handler8
                0x06013372                __interrupt_handler179
                0x06013528                __interrupt_handler252
 *fill*         0x06013564        0xc 00
 .text          0x06013570     0x12a0 ../sbl6/segalib/lib/sega_spr.a(spr_2c.o)
                0x060147d0                SlaveFlushDrawPrtyBlock
                0x06013570                SPR_2Initial
                0x06013db4                SPR_2SysClip
                0x06013d54                SPR_2LocalCoord
                0x0601464c                SPR_2FlushDrawPrtyBlock
                0x06014338                SPR_2DistSpr
                0x06013d3c                SPR_2FlushDrawPrty
                0x0601445c                SPR_2Cmd
                0x06013a38                SPR_2GourTblNoToVram
                0x06013a98                SPR_2GetAreaSizeInfo
                0x06013800                SPR_2SetGourTbl
                0x06013fec                SPR_2Polygon
                0x06013a74                SPR_2CharNoToVram
                0x06013780                SPR_2SetTvMode
                0x06013bdc                SPR_2CloseCommand
                0x060137bc                SPR_2FrameEraseData
                0x06013598                SPR_2Initial2
                0x060141cc                SPR_2ScaleSpr
                0x06013e5c                SPR_2Line
                0x06013b28                SPR_2OpenCommand
                0x0601379c                SPR_2FrameChgIntr
                0x060140a8                SPR_2NormSpr
                0x06013830                SPR_2SetLookupTbl
                0x06013864                SPR_2SetChar
                0x06013a5c                SPR_2LookupTblNoToVram
                0x06013f30                SPR_2PolyLine
                0x060139d0                SPR_2ClrAllChar
                0x06013984                SPR_2ClrChar
                0x06013e00                SPR_2UserClip
 .text          0x06014810      0x1e6 ../sbl6/segalib/lib/sega_spr.a(spr_slv.o)
                0x06014974                SPR_WaitEndSlaveSH
                0x06014810                SPR_SMPC_SSHON
                0x06014950                SPR_RunSlaveSH
                0x06014814                SPR_InitSlaveSH
                0x060148dc                SPR_SlaveSHmain
                0x06014811                SPR_SMPC_SSHOFF
 *fill*         0x060149f6        0xa 00
 .text          0x06014a00      0x36a ../sbl6/segalib/lib/sega_spr.a(spr_1c.o)
                0x06014cb4                SPR_WaitDrawEnd
                0x06014ccc                SPR_SetEosMode
                0x06014be4                SPR_SetEraseData
                0x06014a00                SPR_Initial
                0x06014ad8                SPR_SetTvMode
                0x06014b70                SPR_GetStatus
 *fill*         0x06014d6a        0x6 00
 .text          0x06014d70      0x244 ../sbl6/segalib/lib/sega_spr.a(spr_2a.o)
                0x06014d82                sprMemCpyW
                0x06014de0                flushDrawPrtyBlock
                0x06014d70                sprMemCpyL
                0x06014d94                SPR_2SetDrawPrty
 *fill*         0x06014fb4        0xc 00
 .text          0x06014fc0      0x2fc ../sbl6/segalib/lib/sega_scl.a(scl_vblv.o)
                0x0601507c                SCL_DisplayFrame
                0x06014fc0                SCL_SetFrameInterval
                0x060150b0                SCL_VblInit
                0x06015100                SCL_VblankStart
                0x06015144                SCL_VblankEnd
 *fill*         0x060152bc        0x4 00
 .text          0x060152c0      0xb9c ../sbl6/segalib/lib/sega_scl.a(scl_func.o)
                0x06015c9c                SCL_Vdp2_SGLInit
                0x06015bac                SCL_PriIntProc
                0x06015b24                SCL_Memcpyw
                0x06015e3c                SCL_SglOff
                0x06015e1c                SCL_SglOn
                0x06015a90                SCL_ScrollShow
                0x06015538                SCL_Close
                0x06015830                SCL_Scale
                0x060152c0                SCL_Vdp2Init
                0x060156a4                SCL_Move
                0x0601596c                SCL_CopyReg
                0x06015514                SCL_Open
                0x06015344                SCL_ParametersInit
                0x06015554                SCL_MoveTo
                0x06015b4c                SCL_SetColRamMode
 *fill*         0x06015e5c        0x4 00
 .text          0x06015e60      0x138 ../sbl6/segalib/lib/sega_scl.a(scl_pr03.o)
                0x06015e60                SCL_FreeColRam
                0x06015e98                SCL_AllocColRam
 *fill*         0x06015f98        0x8 00
 .text          0x06015fa0       0x9c ../sbl6/segalib/lib/sega_scl.a(scl_pr02.o)
                0x06015fa0                SCL_SetColRam
 *fill*         0x0601603c        0x4 00
 .text          0x06016040       0x84 ../sbl6/segalib/lib/sega_scl.a(scl_back.o)
                0x06016040                SCL_SetBack
 *fill*         0x060160c4        0xc 00
 .text          0x060160d0      0x278 ../sbl6/segalib/lib/sega_scl.a(scl_fu05.o)
                0x0601618c                SCL_SetLineParam
                0x060160d8                SCL_InitLineParamTb
 *fill*         0x06016348        0x8 00
 .text          0x06016350      0x94c ../sbl6/segalib/lib/sega_scl.a(scl_fu03.o)
                0x060163ac                SCL_SetConfig
                0x06016350                SCL_InitConfigTb
 *fill*         0x06016c9c        0x4 00
 .text          0x06016ca0      0x4f4 ../sbl6/segalib/lib/sega_scl.a(scl_fu02.o)
                0x06016cd8                SCL_SetVramConfig
                0x06016ca0                SCL_InitVramConfigTb
 *fill*         0x06017194        0xc 00
 .text          0x060171a0       0x28 ../sbl6/segalib/lib/sega_scl.a(scl_fu04.o)
                0x060171a0                SCL_SetCycleTable
 *fill*         0x060171c8        0x8 00
 .text          0x060171d0      0x214 ../sbl6/segalib/lib/sega_scl.a(scl_pr07.o)
                0x060171d0                SCL_SetPriority
 *fill*         0x060173e4        0xc 00
 .text          0x060173f0       0x58 ../sbl6/segalib/lib/sega_scl.a(scl_pr01.o)
                0x060173f0                SCL_SetSpriteMode
 *fill*         0x06017448        0x8 00
 .text          0x06017450     0x10a4 ../sbl6/segalib/lib/sega_scl.a(scl_pri.o)
                0x060174e4                SCL_AbortAutoVe
                0x06018394                SCL_SetShadowBit
                0x0601795c                SCL_AutoExec
                0x06017450                SCL_PriorityInit
                0x06017e70                SCL_IncColOffset
                0x060174f8                SCL_SetColMixRate
                0x060174c8                SCL_GetColRamMode
 *fill*         0x060184f4        0xc 00
 .text          0x06018500     0x1394 ../sbl6/segalib/lib/sega_scl.a(scl_ro00.o)
                0x060196ec                SCL_RotateZD
                0x060189b4                SCL_Rotate
                0x06018688                SCL_InitRotateTable
 *fill*         0x06019894        0xc 00
 .text          0x060198a0      0x1b4 ../sbl6/segalib/lib/sega_scl.a(scl_pr06.o)
                0x060198a0                SCL_SetColRamOffset
 *fill*         0x06019a54        0xc 00
 .text          0x06019a60       0xac ../sbl6/segalib/lib/sega_scl.a(scl_pr05.o)
                0x06019a60                SCL_GetColRamOffset
 *fill*         0x06019b0c        0x4 00
 .text          0x06019b10       0xa4 ../sbl6/segalib/lib/sega_mth.a(mth_fixd.o)
                0x06019b60                MTH_FixedToInt
                0x06019b50                MTH_IntToFixed
                0x06019b10                MTH_Mul
                0x06019b70                MTH_Product
                0x06019b30                MTH_Div
 *fill*         0x06019bb4        0xc 00
 .text          0x06019bc0      0x600 ../sbl6/segalib/lib/sega_mth.a(mth_tri.o)
                0x06019c5c                fcos
                0x06019c62                fsin
                0x06019c0c                MTH_Cos
                0x06019bc0                MTH_Sin
                0x06019e00                MTH_Atan
 .text          0x0601a1c0      0xf50 ../sbl6/segalib/lib/sega_per.a(per_prt.o)
                0x0601a5e0                PER_IntFunc
                0x0601a3d8                PER_LGetPer
                0x0601a1c0                PER_LInit
 .text          0x0601b110     0x1b04 ../sbl6/segalib/lib/sega_sat.a(gfs.o)
                0x0601b110                gfs_version
                0x0601c384                gfs_mngGetNumFile
                0x0601cb04                gfs_closeSub
                0x0601bea0                GFS_SetGmode
                0x0601c15c                GFS_SetErrFunc
                0x0601c2ac                gfs_mngSetupFuncTbl
                0x0601b468                GFS_Reset
                0x0601c1d4                gfs_chgRoot
                0x0601c2a0                gfs_aborttrans
                0x0601c584                gfs_svrAddHndl
                0x0601c434                gfs_mngFreeGrp
                0x0601c1ac                GFS_ConvTno
                0x0601c738                gfs_getRootDir
                0x0601c188                GFS_GetErrStat
                0x0601b5d8                GFS_Seek
                0x0601bc44                GFS_NwStop
                0x0601c440                gfs_mngTermAccess
                0x0601b4ec                GFS_Open
                0x0601c3ec                GFS_mngAllocGrp
                0x0601cb4c                gfs_isTaskDone
                0x0601b944                GFS_Fread
                0x0601c0a4                GFS_StartTrans
                0x0601caa0                gfs_GetFinfo
                0x0601c2e0                gfs_mngInitWork
                0x0601b730                GFS_ByteToSct
                0x0601c544                gfs_svrSearchHndl
                0x0601c834                gfs_loadRootDir
                0x0601b38c                GFS_IdToName
                0x0601ba88                GFS_NwFread
                0x0601bfd4                GFS_SetTransPara
                0x0601bb94                GFS_NwCdRead
                0x0601c674                gfs_loadVol
                0x0601bf70                GFS_SetReadPara
                0x0601b68c                GFS_Tell
                0x0601bf04                GFS_SetTmode
                0x0601ca08                GFS_GetFad
                0x0601c040                GFS_SetTrFunc
                0x0601c0f0                GFS_CdMovePickup
                0x0601b328                GFS_NameToId
                0x0601bd5c                GFS_NwExecOne
                0x0601c8bc                gfs_flowIn
                0x0601b7e4                GFS_GetFileInfo
                0x0601c964                gfs_transData
                0x0601c5c0                gfs_svrRemoveHndl
                0x0601bc0c                GFS_NwIsComplete
                0x0601cb40                gfs_getGmode
                0x0601bcb0                GFS_NwGetStat
                0x0601c61c                GFS_OpenSub
                0x0601b2c0                GFS_SetDir
                0x0601b78c                GFS_GetFileSize
                0x0601b858                GFS_GetNumCdbuf
                0x0601cba0                gfs_convFinStat
                0x0601b880                GFS_Load
                0x0601b9e0                gfs_waitRead
                0x0601b218                GFS_LoadDir
                0x0601b3f8                GFS_GetDirInfo
                0x0601b5a0                GFS_Close
                0x0601b130                GFS_Init
                0x0601bd2c                gfs_recovRdErr
                0x0601c4c4                gfs_mngSetErrCode
                0x0601be1c                GFS_NwExecServer
                0x0601b6dc                GFS_IsEof
                0x0601ca60                gfs_SetSct
 *fill*         0x0601cc14        0xc 00
 .text          0x0601cc20      0x1f4 ../sbl6/segalib/lib/sega_sat.a(DMA_SCU1.o)
                0x0601cd7c                DMA_ScuResult
                0x0601cc20                DMA_ScuInit
                0x0601cc70                DMA_ScuMemCopy
 *fill*         0x0601ce14        0xc 00
 .text          0x0601ce20      0x8d4 ../sbl6/segalib/lib/sega_sat.a(gfs_cdf.o)
                0x0601d314                GFCF_Seek
                0x0601d41c                GFCF_GetStat
                0x0601d2fc                GFCF_Tell
                0x0601cec0                GFCF_Setup
                0x0601d3c8                GFCF_cnvIntlvOfs
                0x0601ce20                GFCF_Init
                0x0601d2b4                GFCF_Recover
                0x0601d008                GFCF_SetSct
                0x0601d32c                GFCF_MovePickup
                0x0601d4f0                gfcf_isCdOk
                0x0601d0c0                GFCF_FlowInBuf
                0x0601d04c                GFCF_GetFileInfo
                0x0601d214                GFCF_StopInBuf
                0x0601d4b4                gfcf_getSctSize
                0x0601d5b0                gfcf_getPlayRange
 *fill*         0x0601d6f4        0xc 00
 .text          0x0601d700      0x928 ../sbl6/segalib/lib/sega_sat.a(gfs_dir.o)
                0x0601dbf0                gfdr_setNextRec
                0x0601dfec                gfdr_setDirrecCd
                0x0601d9e8                gfdr_open
                0x0601d7fc                GFDR_GetAtrDirId
                0x0601dad0                gfdr_readByte
                0x0601d700                GFDR_SetupDirTbl
                0x0601dbc8                gfdr_readLongNM
                0x0601dc74                gfdr_readDirEnt
                0x0601d82c                GFDR_ChgRoot
                0x0601d774                GFDR_NameToId
                0x0601d8b8                gfdr_setupDirIdTbl
                0x0601d814                GFDR_GetAtrDirName
                0x0601d7d4                GFDR_GetInfoDirId
                0x0601db7c                gfdr_readLongNB
                0x0601da10                gfdr_read
                0x0601dafc                gfdr_readWord
                0x0601d93c                gfdr_setupDirNameTbl
                0x0601d7e8                GFDR_GetInfoDirName
                0x0601d844                GFDR_ChgDir
                0x0601db28                gfdr_readWordNB
 *fill*         0x0601e028        0x8 00
 .text          0x0601e030      0xa46 ../sbl6/segalib/lib/sega_sat.a(gfs_trn.o)
                0x0601e110                GFTR_SetTransMax
                0x0601e4e0                gftr_execScu
                0x0601ea64                GFTR_SetTransFunc
                0x0601e92c                gftr_remTrn
                0x0601ea50                GFTR_SetData
                0x0601e750                gftr_execSdma1
                0x0601e9a0                gftr_copyFrac
                0x0601e104                GFTR_GetNumTrans
                0x0601e0a4                GFTR_SetMode
                0x0601e720                gftr_remDma0
                0x0601e9c8                GFTR_GetLenData
                0x0601e4d4                gftr_reqScu
                0x0601e738                gftr_reqDma1
                0x0601e3f0                gftr_getSrcPack
                0x0601ea20                GFTR_RtnDstPk
                0x0601e5bc                gfdma_exec
                0x0601e854                gftr_execTrn
                0x0601e2e8                GFTR_ExecSvr
                0x0601e7e4                gftr_reqTrn
                0x0601e6ac                gfdma_getBytecnt
                0x0601e78c                gftr_reqCpu
                0x0601e9ec                GFTR_GetDstPack
                0x0601e6e4                gftr_reqDma0
                0x0601e270                GFTR_Idle
                0x0601e128                GFTR_Pause
                0x0601e0f8                GFTR_GetTransPara
                0x0601e7d8                gftr_remCpu
                0x0601e0c4                GFTR_SetTransPara
                0x0601e774                gftr_remDma1
                0x0601e134                GFTR_Stop
                0x0601e6fc                gftr_execSdma0
                0x0601e060                GFTR_Setup
                0x0601e57c                gftr_remScu
                0x0601e478                gftr_getDstPack
                0x0601e5b0                gfdma_canUse
                0x0601e1ec                GFTR_Exec
                0x0601ea3c                GFTR_GetData
                0x0601e11c                GFTR_Start
                0x0601e0b8                GFTR_SetUnit
                0x0601e798                gftr_execCpu
                0x0601e9d4                GFTR_GetLenRoom
 *fill*         0x0601ea76        0xa 00
 .text          0x0601ea80      0x106 ../sbl6/segalib/lib/sega_sat.a(gfs_buf.o)
                0x0601ead8                GFBF_GetNumData
                0x0601eb54                GFBF_RtnPk
                0x0601eb08                GFBF_GetSrcPk
                0x0601eb7c                gfbf_getSctDt
                0x0601eab0                GFBF_GetTranData
                0x0601eb30                GFBF_GetSctData
 *fill*         0x0601eb86        0xa 00
 .text          0x0601eb90      0x600 ../sbl6/segalib/lib/sega_sat.a(gfs_cdb.o)
                0x0601f138                GFCB_GetPickup
                0x0601ecb0                GFCB_Close
                0x0601ef7c                GFCB_GetSrcPack
                0x0601f104                GFCB_SetCon
                0x0601ed84                GFCB_GetLenRoom
                0x0601f0e8                GFCB_MovePickup
                0x0601f05c                GFCB_GetSctData
                0x0601ed90                GFCB_SetFilt
                0x0601ecd8                GFCB_GetLenData
                0x0601f178                GFCB_UngetPickup
                0x0601eb90                GFCB_Setup
                0x0601ee20                GFCB_Tell
                0x0601f160                GFCB_IsPuOwner
                0x0601ee80                GFCB_Seek
                0x0601edf8                GFCB_DeleteAllData
                0x0601f094                GFCB_GetDstPack
                0x0601ee30                gfcb_getSctNum
                0x0601f0a0                GFCB_RtnPk
 .text          0x0601f190     0x1a04 ../sbl6/segalib/lib/sega_sat.a(gfs_cdc.o)
                0x0601f42c                GFCD_AllocBuf
                0x06020208                gfcd_doGetLenDataTsk
                0x06020aa4                GFCD_SetCsctFunc
                0x0601f504                GFCD_GetBaseFad
                0x0601f680                GFCD_GetFilt
                0x06020694                gfcd_doChgDirTsk
                0x060209d4                gfcd_checkEflag
                0x0601f9c8                GFCD_MovePickup
                0x0601faac                GFCD_GetSctInfo
                0x0602035c                gfcd_doReqDataTsk
                0x0601faf4                GFCD_ChgDir
                0x0601f7e8                GFCD_ReqData
                0x06020ac0                GFCD_ChkScdqFlag
                0x0601ff78                GFCD_WaitServer
                0x0601f88c                GFCD_DelSctData
                0x0601fd64                GFCD_ExecServer
                0x06020178                gfcd_doSetConTsk
                0x0601f3c0                GFCD_AllocFilt
                0x0601f5bc                GFCD_SetFilt
                0x0601ffb4                gfcd_doSetFiltTsk
                0x06020ae4                GFCD_ClrScdqFlag
                0x060203fc                gfcd_doDelSctDataTsk
                0x0601fec0                gfcd_doTask
                0x0601f538                GFCD_GetPickup
                0x0601fa88                GFCD_CheckMove
                0x06020b00                GFCD_WaitScdqFlag
                0x0601f720                GFCD_Play
                0x06020530                gfcd_doMoveSctTsk
                0x0601f6c8                GFCD_SetCon
                0x0601fb68                GFCD_SetFiltCon
                0x06020b44                GFCD_WaitPause
                0x0601fd2c                GFCD_GetBufSiz
                0x0601f56c                GFCD_UngetPickup
                0x0601fc50                GFCD_GetFileInfo
                0x0601f844                GFCD_EndData
                0x0601f460                GFCD_FreeBuf
                0x0601f780                GFCD_GetLenData
                0x0601f3fc                GFCD_FreeFilt
                0x0601fe38                gfcd_isIdleTask
                0x0601f1bc                GFCD_Init
                0x06020890                gfcd_doSetFiltConTsk
                0x0601f914                GFCD_GetStat
                0x0601fa14                GFCD_MoveSctData
                0x0601f598                GFCD_IsPuOwner
                0x060209f8                gfcd_initCdbMng
                0x0601f190                GFCD_SetCdbfs
                0x0601ff64                GFCD_SetTimer
                0x06020a78                gfcd_setStat
                0x0601f8e4                GFCD_CheckDelSctData
 *fill*         0x06020b94        0xc 00
 .text          0x06020ba0      0x308 ../sbl6/segalib/lib/sega_sat.a(DMA_SCU0.o)
                0x06020c24                DMA_ScuStart
                0x06020d58                DMA_ScuIntFunc0
                0x06020dc8                DMA_ScuIntFunc1
                0x06020e38                DMA_ScuIntFunc2
                0x06020d18                DMA_ScuGetStatus
                0x06020ba0                DMA_ScuSetPrm
 *fill*         0x06020ea8        0x8 00
 .text          0x06020eb0       0xe8 ../sbl6/segalib/lib/sega_sat.a(csh_main.o)
                0x06020eb0                CSH_Init
                0x06020f18                CSH_AllClr
                0x06020f64                CSH_Purge
 *fill*         0x06020f98        0x8 00
 .text          0x06020fa0      0x1b6 ../sbl6/segalib/lib/sega_sat.a(DMA_CPU0.o)
                0x06020fe8                DMA_CpuSetPrm
                0x060210ec                DMA_CpuStart
                0x06021144                DMA_CpuGetStatus
                0x06021118                DMA_CpuAllStop
                0x0602112c                DMA_CpuGetComStatus
                0x06020fa0                DMA_CpuSetComPrm
                0x06021100                DMA_CpuStop
 *fill*         0x06021156        0xa 00
 .text          0x06021160      0x2dc ../sbl6/segalib/lib/sega_sat.a(cdc_reg.o)
                0x060211b4                CDREG_ClrHirqReq
                0x06021184                CDC_ClrHirqReq
                0x06021234                CDREG_TgetData
                0x06021224                CDC_GetMpegPtr
                0x06021200                CDC_GetHirqMsk
                0x06021160                CDC_GetDataPtr
                0x06021170                CDC_GetHirqReq
                0x06021390                CDREG_WaitHirq
                0x06021214                CDC_SetHirqMsk
                0x06021290                CDREG_CmdRsp
                0x060211c4                CDREG_InitHirqReq
                0x060211ec                CDREG_SetHirqFlag
                0x06021400                CDREG_ReadRsp
 *fill*         0x0602143c        0x4 00
 .text          0x06021440      0x194 ../sbl6/segalib/lib/sega_sat.a(cdc_cfs.o)
                0x06021440                CDC_ChgDir
                0x06021474                CDC_ReadDir
                0x06021598                CDC_AbortFile
                0x060214a8                CDC_GetFileScope
                0x06021508                CDC_TgetFileInfo
                0x06021564                CDC_ReadFile
 *fill*         0x060215d4        0xc 00
 .text          0x060215e0      0x3a0 ../sbl6/segalib/lib/sega_sat.a(cdc_cmn.o)
                0x06021784                CDC_TgetToc
                0x06021928                CDC_DataEnd
                0x06021648                CDC_GetPeriStat
                0x060218bc                CDC_DataReady
                0x06021894                CDC_CdOpen
                0x06021810                CDC_CdInit
                0x060217d4                CDC_GetSes
                0x06021630                CDC_GetLastStat
                0x060215e0                CDC_GetCurStat
                0x0602171c                CDC_GetHwInfo
 .text          0x06021980      0x1e4 ../sbl6/segalib/lib/sega_sat.a(cdc_bio.o)
                0x06021a2c                CDC_GetdelSctData
                0x060219b4                CDC_GetSctData
                0x06021a68                CDC_PutSctData
                0x06021ae4                CDC_MoveSctData
                0x06021b28                CDC_GetCopyErr
                0x060219f0                CDC_DelSctData
                0x06021980                CDC_SetSctLen
                0x06021aa0                CDC_CopySctData
 *fill*         0x06021b64        0xc 00
 .text          0x06021b70      0x2b8 ../sbl6/segalib/lib/sega_sat.a(cdc_sel.o)
                0x06021da0                CDC_GetFiltCon
                0x06021d1c                CDC_GetFiltMode
                0x06021df4                CDC_ResetSelector
                0x06021b70                CDC_SetFiltRange
                0x06021bfc                CDC_SetFiltSubh
                0x06021c6c                CDC_GetFiltSubh
                0x06021ba4                CDC_GetFiltRange
                0x06021ce8                CDC_SetFiltMode
                0x06021d60                CDC_SetFiltCon
 *fill*         0x06021e28        0x8 00
 .text          0x06021e30      0x130 ../sbl6/segalib/lib/sega_sat.a(cdc_drv.o)
                0x06021e30                CDC_CdPlay
                0x06021efc                CDC_CdSeek
                0x06021f30                CDC_CdScan
 .text          0x06021f60      0x270 ../sbl6/segalib/lib/sega_sat.a(cdc_bif.o)
                0x06021fbc                CDC_GetSctNum
                0x0602213c                CDC_ExeFadSearch
                0x060220bc                CDC_GetSctInfo
                0x06022000                CDC_CalActSiz
                0x06021f60                CDC_GetBufSiz
                0x0602203c                CDC_GetActSiz
                0x06022174                CDC_GetFadSearch
 .text          0x060221d0       0xa8 ../sbl6/segalib/lib/sega_sat.a(cdc_dev.o)
                0x0602223c                CDC_CdGetLastBuf
                0x060221d0                CDC_CdSetCon
                0x06022200                CDC_CdGetCon
 *fill*         0x06022278        0x8 00
 .text          0x06022280      0x152 ../sbl6/segalib/lib/sega_sat.a(cdc_sub.o)
                0x06022328                CDSUB_GetCdstat
                0x06022298                CDSUB_UpdCdstat
                0x06022368                CDSUB_RspToCdstat
                0x060223b0                CDSUB_SoftTimer
                0x06022280                CDSUB_UpdStatus
                0x060222b8                CDSUB_CdCmd
 *fill*         0x060223d2        0xe 00
 .text          0x060223e0       0x60 C:/saturn/SH_COFF/sh-coff/bin/../lib/gcc/sh-coff/3.4-GNUSH_v0501\libgcc.a(_ashiftrt.o)
                0x060223ec                __ashiftrt_r4_27
                0x06022420                __ashiftrt_r4_6
                0x06022410                __ashiftrt_r4_14
                0x06022402                __ashiftrt_r4_19
                0x0602241a                __ashiftrt_r4_9
                0x0602242e                __ashiftrt_r4_0
                0x060223e0                __ashiftrt_r4_31
                0x060223ee                __ashiftrt_r4_26
                0x060223fc                __ashiftrt_r4_22
                0x06022408                __ashiftrt_r4_16
                0x06022414                __ashiftrt_r4_12
                0x060223e8                __ashiftrt_r4_29
                0x06022406                __ashiftrt_r4_17
                0x060223e6                __ashiftrt_r4_30
                0x06022422                __ashiftrt_r4_5
                0x0602241c                __ashiftrt_r4_8
                0x060223e0                __ashiftrt_r4_32
                0x060223f0                __ashiftrt_r4_25
                0x06022428                __ashiftrt_r4_2
                0x060223f2                __ashiftrt_r4_24
                0x0602240e                __ashiftrt_r4_15
                0x06022418                __ashiftrt_r4_10
                0x0602242a                __ashiftrt_r4_1
                0x060223ea                __ashiftrt_r4_28
                0x06022400                __ashiftrt_r4_20
                0x0602241e                __ashiftrt_r4_7
                0x06022412                __ashiftrt_r4_13
                0x06022416                __ashiftrt_r4_11
                0x06022424                __ashiftrt_r4_4
                0x060223fa                __ashiftrt_r4_23
                0x06022404                __ashiftrt_r4_18
                0x060223fe                __ashiftrt_r4_21
                0x06022426                __ashiftrt_r4_3
 .text          0x06022440       0x90 C:/saturn/SH_COFF/sh-coff/bin/../lib/gcc/sh-coff/3.4-GNUSH_v0501\libgcc.a(_ashiftlt.o)
                0x06022440                __ashlsi3
 .text          0x060224d0       0xb0 C:/saturn/SH_COFF/sh-coff/bin/../lib/gcc/sh-coff/3.4-GNUSH_v0501\libgcc.a(_movstr.o)
                0x06022510                __movstrSI16
                0x060224e4                __movstrSI60
                0x060224f0                __movstrSI48
                0x060224ec                __movstrSI52
                0x060224e0                __movstrSI64
                0x060224f4                __movstrSI44
                0x060224f8                __movstrSI40
                0x060224fc                __movstrSI36
                0x06022530                __movstr
                0x060224e8                __movstrSI56
                0x06022504                __movstrSI28
                0x06022500                __movstrSI32
                0x06022514                __movstrSI12
                0x06022518                __movstrSI8
                0x06022520                __movstrSI0
                0x06022508                __movstrSI24
                0x0602250c                __movstrSI20
                0x0602251c                __movstrSI4
 .text          0x06022580       0xa0 C:/saturn/SH_COFF/sh-coff/bin/../lib/gcc/sh-coff/3.4-GNUSH_v0501\libgcc.a(__main.o)
                0x060225f4                __main
                0x06022580                __do_global_dtors
                0x060225b4                __do_global_ctors
 .text          0x06022620      0x2e0 C:/saturn/SH_COFF/sh-coff/bin/../lib/gcc/sh-coff/3.4-GNUSH_v0501\libgcc.a(_mul_df.o)
                0x06022630                __muldf3
 .text          0x06022900       0xb0 C:/saturn/SH_COFF/sh-coff/bin/../lib/gcc/sh-coff/3.4-GNUSH_v0501\libgcc.a(_si_to_df.o)
                0x06022900                __floatsidf
 .text          0x060229b0       0x80 C:/saturn/SH_COFF/sh-coff/bin/../lib/gcc/sh-coff/3.4-GNUSH_v0501\libgcc.a(_df_to_si.o)
                0x060229b0                __fixdfsi
 .text          0x06022a30       0x70 C:/saturn/SH_COFF/sh-coff/bin/../lib/gcc/sh-coff/3.4-GNUSH_v0501\libgcc.a(_udivsi3.o)
                0x06022a52                __udivsi3
 .text          0x06022aa0       0xa0 C:/saturn/SH_COFF/sh-coff/bin/../lib/gcc/sh-coff/3.4-GNUSH_v0501\libgcc.a(_sdivsi3.o)
                0x06022aa0                __sdivsi3
 .text          0x06022b40      0x120 C:/saturn/SH_COFF/sh-coff/bin/../lib/gcc/sh-coff/3.4-GNUSH_v0501\libgcc.a(_unpack_df.o)
                0x06022b50                __unpack_d
 .text          0x06022c60      0x220 C:/saturn/SH_COFF/sh-coff/bin/../lib/gcc/sh-coff/3.4-GNUSH_v0501\libgcc.a(_pack_df.o)
                0x06022c70                __pack_d
 .text          0x06022e80       0x20 C:/saturn/SH_COFF/sh-coff/bin/../lib/gcc/sh-coff/3.4-GNUSH_v0501\libgcc.a(_thenan_df.o)
                0x06022e80                __thenan_df
 .text          0x06022ea0       0xd0 C:/saturn/SH_COFF/sh-coff/bin/../lib/gcc/sh-coff/3.4-GNUSH_v0501\libgcc.a(_muldi3.o)
                0x06022ea0                __muldi3
 .text          0x06022f70       0x80 C:/saturn/SH_COFF/sh-coff/bin/../lib/gcc/sh-coff/3.4-GNUSH_v0501\libgcc.a(_lshrdi3.o)
                0x06022f70                __lshrdi3
 .text          0x06022ff0       0x80 C:/saturn/SH_COFF/sh-coff/bin/../lib/gcc/sh-coff/3.4-GNUSH_v0501\libgcc.a(_ashldi3.o)
                0x06022ff0                __ashldi3
 .text          0x06023070       0x30 C:/saturn/SH_COFF/sh-coff/bin/../lib/gcc/sh-coff/3.4-GNUSH_v0501\libgcc.a(_mulsi3.o)
                0x06023070                __mulsi3
 .text          0x060230a0       0x90 C:/saturn/SH_COFF/sh-coff/bin/../lib/gcc/sh-coff/3.4-GNUSH_v0501\libgcc.a(_lshiftrt.o)
                0x060230a0                __lshrsi3
 .text          0x06023130       0xa0 C:/saturn/SH_COFF/sh-coff/bin/../lib/gcc/sh-coff/3.4-GNUSH_v0501/../../../../sh-coff/lib\libc.a(memcpy.o)
                0x06023130                memcpy
 .text          0x060231d0       0x40 C:/saturn/SH_COFF/sh-coff/bin/../lib/gcc/sh-coff/3.4-GNUSH_v0501/../../../../sh-coff/lib\libc.a(memset.o)
                0x060231d0                memset
 .text          0x06023210       0x60 C:/saturn/SH_COFF/sh-coff/bin/../lib/gcc/sh-coff/3.4-GNUSH_v0501/../../../../sh-coff/lib\libc.a(memcmp.o)
                0x06023210                memcmp
 .text          0x06023270       0xb0 C:/saturn/SH_COFF/sh-coff/bin/../lib/gcc/sh-coff/3.4-GNUSH_v0501/../../../../sh-coff/lib\libc.a(strncmp.o)
                0x06023270                strncmp
 .text          0x06023320       0xa0 C:/saturn/SH_COFF/sh-coff/bin/../lib/gcc/sh-coff/3.4-GNUSH_v0501/../../../../sh-coff/lib\libc.a(strncpy.o)
                0x06023320                strncpy
 .text          0x060233c0       0x90 C:/saturn/SH_COFF/sh-coff/bin/../lib/gcc/sh-coff/3.4-GNUSH_v0501/../../../../sh-coff/lib\libc.a(atexit.o)
                0x060233c0                atexit
 .text          0x06023450       0x10 C:/saturn/SH_COFF/sh-coff/bin/../lib/gcc/sh-coff/3.4-GNUSH_v0501/../../../../sh-coff/lib\libc.a(impure.o)
                0x06023450                _global_impure_ptr
 .text          0x06023460       0x40 C:/saturn/SH_COFF/sh-coff/bin/../lib/gcc/sh-coff/3.4-GNUSH_v0501/../../../../sh-coff/lib\libc.a(malloc.o)
                0x0602347c                free
                0x06023460                malloc
 .text          0x060234a0      0x5b0 C:/saturn/SH_COFF/sh-coff/bin/../lib/gcc/sh-coff/3.4-GNUSH_v0501/../../../../sh-coff/lib\libc.a(mallocr.o)
                0x060234a0                _malloc_r
 .text          0x06023a50      0x340 C:/saturn/SH_COFF/sh-coff/bin/../lib/gcc/sh-coff/3.4-GNUSH_v0501/../../../../sh-coff/lib\libc.a(freer.o)
                0x06023a50                _malloc_trim_r
                0x06023b44                _free_r
 .text          0x06023d90       0x20 C:/saturn/SH_COFF/sh-coff/bin/../lib/gcc/sh-coff/3.4-GNUSH_v0501/../../../../sh-coff/lib\libc.a(mlock.o)
                0x06023d90                __malloc_lock
                0x06023d9c                __malloc_unlock
 .text          0x06023db0       0x50 C:/saturn/SH_COFF/sh-coff/bin/../lib/gcc/sh-coff/3.4-GNUSH_v0501/../../../../sh-coff/lib\libc.a(sbrkr.o)
                0x06023db0                _sbrk_r
 .text          0x06023e00      0x380 C:/saturn/SH_COFF/sh-coff/bin/../lib/gcc/sh-coff/3.4-GNUSH_v0501/../../../../sh-coff/lib\libc.a(syscalls.o)
                0x06023f6c                _exit
                0x06023fa0                _getpid
                0x06024008                _utime
                0x06023e38                _write
                0x06023e00                _read
                0x06023f54                _unlink
                0x06023f1c                _open
                0x06023fb8                _stat
                0x06023f60                isatty
                0x06024038                _wait
                0x06023f84                _kill
                0x06023fd4                _chmod
                0x06024068                _execv
                0x0602404c                _execve
                0x06024144                __setup_argv_and_call_main
                0x060240a0                _gettimeofday
                0x06023e6c                _link
                0x06023fac                _raise
                0x06023f38                _creat
                0x06024080                _pipe
                0x06023fec                _chown
                0x06023e1c                _lseek
                0x06023e54                _close
                0x06024094                _times
                0x06023f08                _fstat
                0x06024024                _fork
                0x06023e94                _sbrk
 .text          0x06024180       0x20 C:/saturn/SH_COFF/sh-coff/bin/../lib/gcc/sh-coff/3.4-GNUSH_v0501/../../../../sh-coff/lib\libc.a(trap.o)
                0x06024180                __trap34
 .text          0x060241a0       0x20 C:/saturn/SH_COFF/sh-coff/bin/../lib/gcc/sh-coff/3.4-GNUSH_v0501/../../../../sh-coff/lib\libc.a(abort.o)
                0x060241a0                abort
 .text          0x060241c0      0x270 C:/saturn/SH_COFF/sh-coff/bin/../lib/gcc/sh-coff/3.4-GNUSH_v0501/../../../../sh-coff/lib\libc.a(signal.o)
                0x06024280                _raise_r
                0x06024408                __sigtramp
                0x060243b4                raise
                0x060243f0                _init_signal
                0x06024340                __sigtramp_r
                0x060243d0                signal
                0x0602420c                _signal_r
                0x060241c0                _init_signal_r
 .text          0x06024430       0x60 C:/saturn/SH_COFF/sh-coff/bin/../lib/gcc/sh-coff/3.4-GNUSH_v0501/../../../../sh-coff/lib\libc.a(signalr.o)
                0x06024478                _getpid_r
                0x06024430                _kill_r
 *(.strings)

.tors           0x06024490        0x0
                0x06024490                ___ctors = .
 *(.ctors)
                0x06024490                ___ctors_end = .
                0x06024490                ___dtors = .
 *(.dtors)
                0x06024490                ___dtors_end = .

.data           0x06024490     0x1780
                0x06024490                STARTOF_R = .
 *(.data)
 .data          0x06024490      0x400 ../sbl6/segasmp/per/smpclib/per_x1.o
 .data          0x06024890       0x60 blocks.o
                0x060248e0                tile2_slope
                0x060248c0                tile4_slope
                0x06024890                block_slopes
                0x060248d0                tile3_slope
 .data          0x060248f0       0x20 enemylist.o
                0x060248f0                enemy_lists
                0x060248f4                level0_enemies
                0x060248fc                enemy_arr
 .data          0x06024910      0x630 graphics.o
                0x06024910                cloudmap_name
                0x06024a3e                guy_num
                0x06024f34                bg_num
                0x06024920                cloudmap_width
                0x06024a94                cloud_pal
                0x06024ae0                hills_pal
                0x06024b20                hills_name
                0x0602491e                cloudmap_height
                0x06024944                explosion_pal
                0x06024b2c                bg_pal
                0x06024b2a                hills_num
                0x06024984                explosion_name
                0x06024a30                guy_name
                0x06024934                hill_map_width
                0x060249f0                guy_pal
                0x06024ade                cloud_num
                0x06024a8a                font_height
                0x06024942                map_width
                0x06024940                map_height
                0x06024a3a                guy_width
                0x060249ea                float_size
                0x06024994                explosion_width
                0x06024938                map_name
                0x06024a80                font_name
                0x06024f2c                bg_name
                0x06024932                hill_map_height
                0x06024a8c                font_width
                0x06024a38                guy_height
                0x06024924                hill_map_name
                0x06024ad4                cloud_name
                0x06024a90                font_num
                0x06024a40                font_pal
                0x06024998                explosion_num
                0x060249e6                float_height
                0x06024a3c                guy_size
                0x06024a8e                font_size
                0x060249dc                float_name
                0x0602499c                float_pal
                0x06024996                explosion_size
                0x060249e8                float_width
                0x060249ec                float_num
                0x06024992                explosion_height
 .data          0x06024f40       0x10 player.o
                0x06024f40                lives
 .data          0x06024f50       0x30 sprite.o
 .data          0x06024f80       0x20 scroll.o
                0x06024f80                CycleTb
                0x06024f90                vram
 .data          0x06024fa0      0x400 ../sbl6/segalib/lib/sega_int.a(int.o)
 .data          0x060253a0       0x1c ../sbl6/segalib/lib/sega_spr.a(spr_slv.o)
                0x060253a8                SPR_SlaveParam
                0x060253b8                SPR_SMPC_SF
                0x060253b0                SPR_SMPC_COM
                0x060253ac                SPR_SlaveSHEntry
                0x060253a4                SPR_SlaveState
                0x060253a0                SPR_SlaveCommand
                0x060253b4                SPR_SMPC_RET
 *fill*         0x060253bc        0x4 00
 .data          0x060253c0       0x34 ../sbl6/segalib/lib/sega_spr.a(spr_1c.o)
                0x060253c0                SpInitialFlag
 *fill*         0x060253f4        0xc 00
 .data          0x06025400       0x1c ../sbl6/segalib/lib/sega_scl.a(scl_vblv.o)
                0x06025408                VBInterval
                0x06025410                ReqDisplayFlag
                0x06025400                SpFrameChgMode
                0x0602540c                VBIntervalCounter
                0x06025404                SpFrameEraseMode
 *fill*         0x0602541c        0x4 00
 .data          0x06025420       0x36 ../sbl6/segalib/lib/sega_scl.a(scl_func.o)
                0x06025430                SclRotregBuff
                0x0602542c                SclDisplayY
                0x06025434                SclRotateTableMode
                0x06025428                SclProcess
                0x06025424                SclCurSclNum
                0x06025420                SclLengthLsTbl
                0x0602542a                SclDisplayX
                0x06025422                SclLengthCsTbl
 *fill*         0x06025456        0xa 00
 .data          0x06025460       0x18 ../sbl6/segalib/lib/sega_scl.a(scl_pri.o)
                0x06025464                SclRealSpPriNum
                0x06025474                SclRealColOffset
                0x06025470                SclRealBgColMix
                0x0602546c                SclRealSpColMix
                0x06025468                SclRealBgPriNum
                0x06025460                SclRealOtherPri
 *fill*         0x06025478        0x8 00
 .data          0x06025480      0x380 C:/saturn/SH_COFF/sh-coff/bin/../lib/gcc/sh-coff/3.4-GNUSH_v0501/../../../../sh-coff/lib\libc.a(impure.o)
                0x060257fc                _impure_ptr
 .data          0x06025800      0x410 C:/saturn/SH_COFF/sh-coff/bin/../lib/gcc/sh-coff/3.4-GNUSH_v0501/../../../../sh-coff/lib\libc.a(mallocr.o)
                0x06025808                __malloc_av_
                0x06025804                __malloc_trim_threshold
                0x06025800                __malloc_sbrk_base
                0x06025c10                SIZEOF_R = (. - STARTOF_R)
                0x06025c10                ENDOF_R = .

.bss            0x06025c10     0xf084
                0x06025c10                STARTOF_B = .
 *(.bss)
 .bss           0x06025c10       0x10 vblank.o
                0x06025c14                PadData2E
                0x06025c1a                PadData1
                0x06025c16                PadData2
                0x06025c18                PadData1E
                0x06025c10                __port
 .bss           0x06025c20       0xd0 ../sbl6/segasmp/per/smpclib/per_x2.o
 .bss           0x06025cf0       0x10 player.o
                0x06025cf1                boost
                0x06025cf0                jumps
 .bss           0x06025d00     0x3800 sprite.o
                0x06025d00                num_sprites
 .bss           0x06029500       0x50 scroll.o
                0x0602951c                map_tiles_x
                0x06029524                scrolls_y
                0x06029500                scroll_transition_state
                0x06029504                scroll_ysize
                0x06029514                map_tiles_y
                0x0602950c                copy_modes
                0x06029534                scrolls_x
                0x06029508                scroll_xsize
 .bss           0x06029550       0x10 main.o
                0x06029550                frame
 .bss           0x06029560       0x6e ../sbl6/segalib/lib/sega_spr.a(spr_2c.o)
 *fill*         0x060295ce        0x2 00
 .bss           0x060295d0        0x4 ../sbl6/segalib/lib/sega_scl.a(scl_vblv.o)
 *fill*         0x060295d4        0xc 00
 .bss           0x060295e0        0x4 ../sbl6/segalib/lib/sega_scl.a(scl_func.o)
 *fill*         0x060295e4        0xc 00
 .bss           0x060295f0     0x1900 ../sbl6/segalib/lib/sega_scl.a(scl_fu05.o)
 .bss           0x0602aef0       0x48 ../sbl6/segalib/lib/sega_scl.a(scl_ro00.o)
 *fill*         0x0602af38        0x8 00
 .bss           0x0602af40       0x9c ../sbl6/segalib/lib/sega_per.a(per_prt.o)
 *fill*         0x0602afdc        0x4 00
 .bss           0x0602afe0        0xc ../sbl6/segalib/lib/sega_sat.a(DMA_SCU1.o)
 *fill*         0x0602afec        0x4 00
 .bss           0x0602aff0        0xc ../sbl6/segalib/lib/sega_sat.a(gfs_trn.o)
 *fill*         0x0602affc        0x4 00
 .bss           0x0602b000       0x20 ../sbl6/segalib/lib/sega_sat.a(DMA_SCU0.o)
 .bss           0x0602b020        0x2 ../sbl6/segalib/lib/sega_sat.a(cdc_reg.o)
 *fill*         0x0602b022        0xe 00
 .bss           0x0602b030        0xc ../sbl6/segalib/lib/sega_sat.a(cdc_sub.o)
 *fill*         0x0602b03c        0x4 00
 .bss           0x0602b040       0x10 C:/saturn/SH_COFF/sh-coff/bin/../lib/gcc/sh-coff/3.4-GNUSH_v0501\libgcc.a(__main.o)
 .bss           0x0602b050       0x10 C:/saturn/SH_COFF/sh-coff/bin/../lib/gcc/sh-coff/3.4-GNUSH_v0501/../../../../sh-coff/lib\libc.a(atexit.o)
 .bss           0x0602b060       0x40 C:/saturn/SH_COFF/sh-coff/bin/../lib/gcc/sh-coff/3.4-GNUSH_v0501/../../../../sh-coff/lib\libc.a(mallocr.o)
                0x0602b090                __malloc_top_pad
                0x0602b060                __malloc_current_mallinfo
                0x0602b08c                __malloc_max_sbrked_mem
                0x0602b088                __malloc_max_total_mem
 .bss           0x0602b0a0       0x10 C:/saturn/SH_COFF/sh-coff/bin/../lib/gcc/sh-coff/3.4-GNUSH_v0501/../../../../sh-coff/lib\libc.a(syscalls.o)
 *(COMMON)
 COMMON         0x0602b0b0     0x1674 cd.o
                                  0x0 (size before relaxing)
                0x0602b0b0                dirname
                0x0602ba10                lib_work
                0x0602c718                directory_table
 *fill*         0x0602c724        0xc 00
 COMMON         0x0602c730     0x1960 player.o
                                  0x0 (size before relaxing)
                0x0602c730                curr_level
                0x0602c740                player
                0x0602c780                lp
 COMMON         0x0602e090      0x8c0 print.o
                                  0x0 (size before relaxing)
                0x0602e090                text
 COMMON         0x0602e950     0x1460 sprite.o
                                  0x0 (size before relaxing)
                0x0602e950                sprites
                0x0602edb0                image_buf
 COMMON         0x0602fdb0     0x346c scroll.o
                                  0x0 (size before relaxing)
                0x0602fdb0                line_param0
                0x060316c0                scfg3
                0x06031750                scfg0
                0x060317e0                maps
                0x060317f0                scfg2
                0x06031880                line_param1
                0x06033190                scfg1
 *fill*         0x0603321c        0x4 00
 COMMON         0x06033220      0x400 ../sbl6/segalib/lib/sega_int.a(int.o)
                                  0x0 (size before relaxing)
                0x06033220                __interrupt_vector
 COMMON         0x06033620       0x50 ../sbl6/segalib/lib/sega_spr.a(spr_2c.o)
                                  0x0 (size before relaxing)
                0x06033620                SpMstCmd
                0x06033624                Sp2OpenFlag
                0x06033628                SpGourTblMax
                0x0603362c                SpDrawPrtyBlk
                0x06033630                SpLCoordX
                0x06033634                SpMstDrawPrtyBlk
                0x06033638                SpGourTbl
                0x0603363c                SpLookupTblR
                0x06033640                SpCmdTbl
                0x06033644                SpCharMax
                0x06033648                SpDrawPrtyProcFlag
                0x0603364c                SpCmdNo
                0x06033650                SpDrawPrtyBlkMax
                0x06033654                SpSlvCmdPos
                0x06033658                SpSlvDrawPrtyBlk
                0x0603365c                SpCharTbl
                0x06033660                SpCmdTblR
                0x06033664                SpMstCmdPos
                0x06033668                SpSlvCmd
                0x0603366c                SpLCoordY
 COMMON         0x06033670       0x10 ../sbl6/segalib/lib/sega_spr.a(spr_1c.o)
                                  0x0 (size before relaxing)
                0x06033670                SpScreenY
                0x06033674                SpFbcrMode
                0x06033676                SpDil
                0x06033678                SpDie
                0x0603367a                SpTvMode
                0x0603367c                SpScreenX
 COMMON         0x06033680      0xf00 ../sbl6/segalib/lib/sega_scl.a(scl_func.o)
                                  0x0 (size before relaxing)
                0x06033680                SclRbgKtbAddr
                0x06033688                SclRb
                0x0603368a                Scl_flag
                0x06033690                SclK_TableBuff
                0x06034360                SclAddrCsTbl
                0x06034370                Scl_s_reg
                0x06034398                SclRotateXy
                0x060343a0                Scl_d_reg
                0x060343e8                SclRotateDisp
                0x060343f0                SclRotateMoveZ
                0x060343f8                SclRotXySw
                0x06034400                Scl_r_reg
                0x06034410                SclRPMD
                0x06034418                SclRbgKtbOffset
                0x06034420                _SclRotregBuff
                0x060344f0                SclRa
                0x060344f8                SclRotateZ
                0x06034500                SclAddrLsTbl
                0x06034508                SclK_TableNum
                0x06034510                SclRotateTableAddress
                0x06034514                SclK_TableFlag
                0x06034520                Scl_w_reg
                0x06034540                Scl_n_reg
 COMMON         0x06034580      0x6b0 ../sbl6/segalib/lib/sega_scl.a(scl_pri.o)
                                  0x0 (size before relaxing)
                0x06034580                SclAutoEndBlue2
                0x06034590                SclColOffset
                0x060345a0                SclPriBuffDirty
                0x060345a2                SclAutoEndRed
                0x060345a4                SclAutoSurface
                0x060345a8                SclAutoGreen
                0x060345aa                SclAutoEndGreen
                0x060345ac                SclAutoCount
                0x060345b0                SclColRamAlloc256
                0x060345d0                SclAutoCurRate
                0x060345d1                SclAutoPlusFlag
                0x060345d8                SclSpColMix
                0x060345e0                SclAutoMax
                0x060345e4                SclLineColRamOffset
                0x060345e8                SclColRamAlloc2048
                0x060345ec                SclBgPriNum
                0x060345f2                SclAutoEndBlue
                0x060345f4                SclAutoEndGreen2
                0x060345f6                SclAutoVeFlag
                0x060345f8                SclBgColMix
                0x06034600                SclAutoIndex
                0x06034604                SclAutoEndRate
                0x06034606                SclAutoBlue
                0x06034608                SclAutoRed
                0x0603460c                SclAutoInterval
                0x06034610                SclOtherPri
                0x06034620                SclAutoRGB
                0x06034c20                SclAutoEndRed2
                0x06034c28                SclSpPriNum
 COMMON         0x06034c30       0x10 ../sbl6/segalib/lib/sega_scl.a(scl_ro00.o)
                                  0x0 (size before relaxing)
                0x06034c30                SclCsx
                0x06034c38                SclCsy
 COMMON         0x06034c40       0x15 ../sbl6/segalib/lib/sega_per.a(per_prt.o)
                                  0x0 (size before relaxing)
                0x06034c40                per_get_time_flg
                0x06034c41                per_hot_res
                0x06034c42                per_set_sys_flg
                0x06034c44                per_get_time_adr
                0x06034c48                per_get_sys_data
                0x06034c54                per_time_out_flg
 *fill*         0x06034c55        0xb 00
 COMMON         0x06034c60        0xc ../sbl6/segalib/lib/sega_sat.a(gfs.o)
                                  0x0 (size before relaxing)
                0x06034c60                GFMC_base
                0x06034c64                gfs_mng_ptr
                0x06034c68                gfs_use_scudma
 *fill*         0x06034c6c        0x4 00
 COMMON         0x06034c70        0x8 ../sbl6/segalib/lib/sega_sat.a(gfs_cdf.o)
                                  0x0 (size before relaxing)
                0x06034c70                gfcf_fad
                0x06034c74                gfcf_stat
 *fill*         0x06034c78        0x8 00
 COMMON         0x06034c80        0xc ../sbl6/segalib/lib/sega_sat.a(gfs_cdc.o)
                                  0x0 (size before relaxing)
                0x06034c80                gfcd_fatal_err
                0x06034c84                gfcd_work
                0x06034c88                gfcd_playflag
 *fill*         0x06034c8c        0x4 00
 COMMON         0x06034c90        0x4 C:/saturn/SH_COFF/sh-coff/bin/../lib/gcc/sh-coff/3.4-GNUSH_v0501/../../../../sh-coff/lib\libc.a(syscalls.o)
                                  0x0 (size before relaxing)
                0x06034c90                errno
                0x06034c94                SIZEOF_B = (. - STARTOF_B)
                0x06034c94                ENDOF_B = .
                0x06034c94                _end = .
OUTPUT(main.cof coff-sh)

.comment        0x06034ca0      0x500
 .comment       0x06034ca0       0x20 ../sbl6/segasmp/lib/strt2_g.o
 .comment       0x06034cc0       0x20 vblank.o
 .comment       0x06034ce0       0x20 ../sbl6/segasmp/per/smpclib/per_x1.o
 .comment       0x06034d00       0x20 ../sbl6/segasmp/per/smpclib/per_x2.o
 .comment       0x06034d20       0x20 blocks.o
 .comment       0x06034d40       0x20 cd.o
 .comment       0x06034d60       0x20 collision.o
 .comment       0x06034d80       0x20 enemylist.o
 .comment       0x06034da0       0x20 graphics.o
 .comment       0x06034dc0       0x20 player.o
 .comment       0x06034de0       0x20 print.o
 .comment       0x06034e00       0x20 sprite.o
 .comment       0x06034e20       0x20 spritecode/explosion.o
 .comment       0x06034e40       0x20 spritecode/float.o
 .comment       0x06034e60       0x20 scroll.o
 .comment       0x06034e80       0x20 main.o
 .comment       0x06034ea0       0x20 C:/saturn/SH_COFF/sh-coff/bin/../lib/gcc/sh-coff/3.4-GNUSH_v0501\libgcc.a(__main.o)
 .comment       0x06034ec0       0x20 C:/saturn/SH_COFF/sh-coff/bin/../lib/gcc/sh-coff/3.4-GNUSH_v0501\libgcc.a(_mul_df.o)
 .comment       0x06034ee0       0x20 C:/saturn/SH_COFF/sh-coff/bin/../lib/gcc/sh-coff/3.4-GNUSH_v0501\libgcc.a(_si_to_df.o)
 .comment       0x06034f00       0x20 C:/saturn/SH_COFF/sh-coff/bin/../lib/gcc/sh-coff/3.4-GNUSH_v0501\libgcc.a(_df_to_si.o)
 .comment       0x06034f20       0x20 C:/saturn/SH_COFF/sh-coff/bin/../lib/gcc/sh-coff/3.4-GNUSH_v0501\libgcc.a(_unpack_df.o)
 .comment       0x06034f40       0x20 C:/saturn/SH_COFF/sh-coff/bin/../lib/gcc/sh-coff/3.4-GNUSH_v0501\libgcc.a(_pack_df.o)
 .comment       0x06034f60       0x20 C:/saturn/SH_COFF/sh-coff/bin/../lib/gcc/sh-coff/3.4-GNUSH_v0501\libgcc.a(_thenan_df.o)
 .comment       0x06034f80       0x20 C:/saturn/SH_COFF/sh-coff/bin/../lib/gcc/sh-coff/3.4-GNUSH_v0501\libgcc.a(_muldi3.o)
 .comment       0x06034fa0       0x20 C:/saturn/SH_COFF/sh-coff/bin/../lib/gcc/sh-coff/3.4-GNUSH_v0501\libgcc.a(_lshrdi3.o)
 .comment       0x06034fc0       0x20 C:/saturn/SH_COFF/sh-coff/bin/../lib/gcc/sh-coff/3.4-GNUSH_v0501\libgcc.a(_ashldi3.o)
 .comment       0x06034fe0       0x20 C:/saturn/SH_COFF/sh-coff/bin/../lib/gcc/sh-coff/3.4-GNUSH_v0501/../../../../sh-coff/lib\libc.a(memcmp.o)
 .comment       0x06035000       0x20 C:/saturn/SH_COFF/sh-coff/bin/../lib/gcc/sh-coff/3.4-GNUSH_v0501/../../../../sh-coff/lib\libc.a(strncmp.o)
 .comment       0x06035020       0x20 C:/saturn/SH_COFF/sh-coff/bin/../lib/gcc/sh-coff/3.4-GNUSH_v0501/../../../../sh-coff/lib\libc.a(strncpy.o)
 .comment       0x06035040       0x20 C:/saturn/SH_COFF/sh-coff/bin/../lib/gcc/sh-coff/3.4-GNUSH_v0501/../../../../sh-coff/lib\libc.a(atexit.o)
 .comment       0x06035060       0x20 C:/saturn/SH_COFF/sh-coff/bin/../lib/gcc/sh-coff/3.4-GNUSH_v0501/../../../../sh-coff/lib\libc.a(impure.o)
 .comment       0x06035080       0x20 C:/saturn/SH_COFF/sh-coff/bin/../lib/gcc/sh-coff/3.4-GNUSH_v0501/../../../../sh-coff/lib\libc.a(malloc.o)
 .comment       0x060350a0       0x20 C:/saturn/SH_COFF/sh-coff/bin/../lib/gcc/sh-coff/3.4-GNUSH_v0501/../../../../sh-coff/lib\libc.a(mallocr.o)
 .comment       0x060350c0       0x20 C:/saturn/SH_COFF/sh-coff/bin/../lib/gcc/sh-coff/3.4-GNUSH_v0501/../../../../sh-coff/lib\libc.a(freer.o)
 .comment       0x060350e0       0x20 C:/saturn/SH_COFF/sh-coff/bin/../lib/gcc/sh-coff/3.4-GNUSH_v0501/../../../../sh-coff/lib\libc.a(mlock.o)
 .comment       0x06035100       0x20 C:/saturn/SH_COFF/sh-coff/bin/../lib/gcc/sh-coff/3.4-GNUSH_v0501/../../../../sh-coff/lib\libc.a(sbrkr.o)
 .comment       0x06035120       0x20 C:/saturn/SH_COFF/sh-coff/bin/../lib/gcc/sh-coff/3.4-GNUSH_v0501/../../../../sh-coff/lib\libc.a(syscalls.o)
 .comment       0x06035140       0x20 C:/saturn/SH_COFF/sh-coff/bin/../lib/gcc/sh-coff/3.4-GNUSH_v0501/../../../../sh-coff/lib\libc.a(abort.o)
 .comment       0x06035160       0x20 C:/saturn/SH_COFF/sh-coff/bin/../lib/gcc/sh-coff/3.4-GNUSH_v0501/../../../../sh-coff/lib\libc.a(signal.o)
 .comment       0x06035180       0x20 C:/saturn/SH_COFF/sh-coff/bin/../lib/gcc/sh-coff/3.4-GNUSH_v0501/../../../../sh-coff/lib\libc.a(signalr.o)
