Archive member included because of file (symbol)

../sbl6/segalib/lib/sega_int.a(int.o)
                              vblank.o (INT_SetScuFunc)
../sbl6/segalib/lib/sega_int.a(int_trmp.o)
                              ../sbl6/segalib/lib/sega_int.a(int.o) (__interrupt_handler0)
../sbl6/segalib/lib/sega_spr.a(spr_2c.o)
                              sprite.o (SPR_2Initial)
../sbl6/segalib/lib/sega_spr.a(spr_slv.o)
                              ../sbl6/segalib/lib/sega_spr.a(spr_2c.o) (SPR_InitSlaveSH)
../sbl6/segalib/lib/sega_spr.a(spr_1c.o)
                              ../sbl6/segalib/lib/sega_spr.a(spr_2c.o) (SPR_Initial)
../sbl6/segalib/lib/sega_spr.a(spr_2a.o)
                              ../sbl6/segalib/lib/sega_spr.a(spr_2c.o) (SPR_2SetDrawPrty)
../sbl6/segalib/lib/sega_scl.a(scl_vblv.o)
                              ../sbl6/segalib/lib/sega_spr.a(spr_1c.o) (SpFrameChgMode)
../sbl6/segalib/lib/sega_scl.a(scl_func.o)
                              sprite.o (SCL_Vdp2Init)
../sbl6/segalib/lib/sega_scl.a(scl_pr03.o)
                              sprite.o (SCL_AllocColRam)
../sbl6/segalib/lib/sega_scl.a(scl_pr02.o)
                              sprite.o (SCL_SetColRam)
../sbl6/segalib/lib/sega_scl.a(scl_back.o)
                              scroll.o (SCL_SetBack)
../sbl6/segalib/lib/sega_scl.a(scl_fu03.o)
                              scroll.o (SCL_InitConfigTb)
../sbl6/segalib/lib/sega_scl.a(scl_fu02.o)
                              scroll.o (SCL_InitVramConfigTb)
../sbl6/segalib/lib/sega_scl.a(scl_fu04.o)
                              scroll.o (SCL_SetCycleTable)
../sbl6/segalib/lib/sega_scl.a(scl_pr07.o)
                              scroll.o (SCL_SetPriority)
../sbl6/segalib/lib/sega_scl.a(scl_pr01.o)
                              main.o (SCL_SetSpriteMode)
../sbl6/segalib/lib/sega_scl.a(scl_pri.o)
                              ../sbl6/segalib/lib/sega_scl.a(scl_func.o) (SclRealOtherPri)
../sbl6/segalib/lib/sega_scl.a(scl_ro00.o)
                              ../sbl6/segalib/lib/sega_scl.a(scl_func.o) (SCL_Rotate)
../sbl6/segalib/lib/sega_scl.a(scl_pr06.o)
                              ../sbl6/segalib/lib/sega_scl.a(scl_pr03.o) (SCL_SetColRamOffset)
../sbl6/segalib/lib/sega_scl.a(scl_pr05.o)
                              ../sbl6/segalib/lib/sega_scl.a(scl_pr02.o) (SCL_GetColRamOffset)
../sbl6/segalib/lib/sega_mth.a(mth_fixd.o)
                              sprite.o (MTH_Mul)
../sbl6/segalib/lib/sega_mth.a(mth_tri.o)
                              sprite.o (MTH_Sin)
../sbl6/segalib/lib/sega_per.a(per_prt.o)
                              ../sbl6/segasmp/per/smpclib/per_x2.o (PER_LInit)
../sbl6/segalib/lib/sega_sat.a(gfs.o)
                              cd.o (GFS_Init)
../sbl6/segalib/lib/sega_sat.a(DMA_SCU1.o)
                              ../sbl6/segalib/lib/sega_spr.a(spr_2c.o) (DMA_ScuMemCopy)
../sbl6/segalib/lib/sega_sat.a(gfs_cdf.o)
                              ../sbl6/segalib/lib/sega_sat.a(gfs.o) (GFCF_Init)
../sbl6/segalib/lib/sega_sat.a(gfs_dir.o)
                              ../sbl6/segalib/lib/sega_sat.a(gfs.o) (GFDR_SetupDirTbl)
../sbl6/segalib/lib/sega_sat.a(gfs_trn.o)
                              ../sbl6/segalib/lib/sega_sat.a(gfs.o) (GFTR_Setup)
../sbl6/segalib/lib/sega_sat.a(gfs_buf.o)
                              ../sbl6/segalib/lib/sega_sat.a(gfs.o) (GFBF_GetNumData)
../sbl6/segalib/lib/sega_sat.a(gfs_cdb.o)
                              ../sbl6/segalib/lib/sega_sat.a(gfs_cdf.o) (GFCB_Setup)
../sbl6/segalib/lib/sega_sat.a(gfs_cdc.o)
                              ../sbl6/segalib/lib/sega_sat.a(gfs.o) (GFCD_SetCdbfs)
../sbl6/segalib/lib/sega_sat.a(DMA_SCU0.o)
                              ../sbl6/segalib/lib/sega_sat.a(DMA_SCU1.o) (DMA_ScuSetPrm)
../sbl6/segalib/lib/sega_sat.a(csh_main.o)
                              ../sbl6/segalib/lib/sega_sat.a(DMA_SCU1.o) (CSH_Purge)
../sbl6/segalib/lib/sega_sat.a(DMA_CPU0.o)
                              ../sbl6/segalib/lib/sega_sat.a(gfs_trn.o) (DMA_CpuSetComPrm)
../sbl6/segalib/lib/sega_sat.a(cdc_reg.o)
                              ../sbl6/segalib/lib/sega_sat.a(gfs_cdb.o) (CDC_GetDataPtr)
../sbl6/segalib/lib/sega_sat.a(cdc_cfs.o)
                              ../sbl6/segalib/lib/sega_sat.a(gfs_cdc.o) (CDC_ChgDir)
../sbl6/segalib/lib/sega_sat.a(cdc_cmn.o)
                              ../sbl6/segalib/lib/sega_sat.a(gfs_cdc.o) (CDC_GetCurStat)
../sbl6/segalib/lib/sega_sat.a(cdc_bio.o)
                              ../sbl6/segalib/lib/sega_sat.a(gfs_cdc.o) (CDC_SetSctLen)
../sbl6/segalib/lib/sega_sat.a(cdc_sel.o)
                              ../sbl6/segalib/lib/sega_sat.a(gfs_cdc.o) (CDC_SetFiltRange)
../sbl6/segalib/lib/sega_sat.a(cdc_drv.o)
                              ../sbl6/segalib/lib/sega_sat.a(gfs_cdc.o) (CDC_CdPlay)
../sbl6/segalib/lib/sega_sat.a(cdc_bif.o)
                              ../sbl6/segalib/lib/sega_sat.a(gfs_cdc.o) (CDC_GetBufSiz)
../sbl6/segalib/lib/sega_sat.a(cdc_dev.o)
[...]
Memory Configuration

Name             Origin             Length             Attributes
*default*        0x00000000         0xffffffff

Linker script and memory map

LOAD ../sbl6/segasmp/lib/strt1_g.o
LOAD ../sbl6/segasmp/lib/strt2_g.o
LOAD vblank.o
LOAD ../sbl6/segasmp/per/smpclib/per_x1.o
LOAD ../sbl6/segasmp/per/smpclib/per_x2.o
LOAD ../sbl6/segasmp/per/smpclib/per_x3.o
LOAD cd.o
LOAD graphics.o
LOAD player.o
LOAD print.o
LOAD sprite.o
LOAD scroll.o
LOAD main.o
LOAD ../sbl6/segalib/lib/sega_int.a
LOAD ../sbl6/segalib/lib/sega_spr.a
LOAD ../sbl6/segalib/lib/sega_scl.a
LOAD ../sbl6/segalib/lib/sega_mth.a
LOAD ../sbl6/segalib/lib/sega_cdc.a
LOAD ../sbl6/segalib/lib/sega_adp.a
LOAD ../sbl6/segalib/lib/sega_per.a
LOAD ../sbl6/segalib/lib/sega_sat.a
LOAD C:/saturn/SH_COFF/sh-coff/bin/../lib/gcc/sh-coff/3.4-GNUSH_v0501\libgcc.a
LOAD C:/saturn/SH_COFF/sh-coff/bin/../lib/gcc/sh-coff/3.4-GNUSH_v0501/../../../../sh-coff/lib\libc.a
LOAD C:/saturn/SH_COFF/sh-coff/bin/../lib/gcc/sh-coff/3.4-GNUSH_v0501\libgcc.a

.text           0x06010000    0x13010
 *(.text)
 .text          0x06010000       0x30 ../sbl6/segasmp/lib/strt1_g.o
                0x06010024                _D_END
                0x06010020                _D_BGN
                0x0601002c                _B_END
                0x06010028                _B_BGN
                0x06010000                START
 .text          0x06010030       0x60 ../sbl6/segasmp/lib/strt2_g.o
                0x06010050                _INITSCT
                0x06010030                _INIT
 .text          0x06010090      0x1b0 vblank.o
                0x06010090                SetVblank
                0x06010140                UsrVblankOut
                0x060100f0                UsrVblankIn
 .text          0x06010240      0x430 ../sbl6/segasmp/per/smpclib/per_x1.o
                0x060105d4                PER_GetAnalogXYZ
                0x06010264                PER_GetTriggerHandler
                0x060104fe                PER_GetEdge
                0x0601047c                PER_GetTrigger
                0x06010528                PER_GetPressEdge
                0x0601057c                PER_GetReleaseEdge
                0x06010240                PER_SetTriggerHandler
 .text          0x06010670      0x200 ../sbl6/segasmp/per/smpclib/per_x2.o
                0x06010774                PER_GetDeviceA
                0x06010670                PER_OpenPort
                0x060106a8                PER_GetPort
                0x060107ee                PER_GetDeviceR
 .text          0x06010870       0x20 ../sbl6/segasmp/per/smpclib/per_x3.o
                0x06010870                PER_DisguiseTrigger
 .text          0x06010890       0xa0 cd.o
                0x06010890                cd_init
                0x060108c0                cd_load
 .text          0x06010930      0x220 player.o
                0x06010930                player_frames
                0x06010a00                player_input
                0x06010940                player_init
                0x06010b30                player_draw
                0x06010970                player_animate
 .text          0x06010b50      0x170 print.o
                0x06010c20                print_display
                0x06010b90                print_num
                0x06010b50                print_init
                0x06010be0                print_string
 .text          0x06010cc0      0x5e0 sprite.o
                0x06010cf0                sprite_init
                0x060110d0                sprite_make
                0x06011210                sprite_next
                0x06011270                sprite_delete
                0x06011110                sprite_draw_all
                0x06010cc0                sprite_deleteall
                0x06010e80                sprite_draw
 .text          0x060112a0      0x950 scroll.o
                0x060112a0                scroll_move
                0x060117c0                scroll_get
                0x06011860                scroll_copy
                0x060113f0                scroll_set
                0x06011500                scroll_init
                0x06011420                scroll_scale
 .text          0x06011bf0      0x110 main.o
                0x06011c20                main
 .text          0x06011d00       0x40 ../sbl6/segalib/lib/sega_int.a(int.o)
                0x06011d2c                INT_GetScuFunc
                0x06011d00                INT_SetScuFunc
 .text          0x06011d40      0x624 ../sbl6/segalib/lib/sega_int.a(int_trmp.o)
                0x06011ea8                __interrupt_handler60
                0x06012058                __interrupt_handler132
                0x0601220e                __interrupt_handler205
                0x06012076                __interrupt_handler137
                0x06011fa4                __interrupt_handler102
                0x06011de2                __interrupt_handler27
                0x060121e4                __interrupt_handler198
                0x060120d6                __interrupt_handler153
                0x06011dbe                __interrupt_handler21
                0x06011ecc                __interrupt_handler66
                0x06011fbc                __interrupt_handler106
                0x06012106                __interrupt_handler161
                0x06011f50                __interrupt_handler88
                0x0601211e                __interrupt_handler165
                0x0601202e                __interrupt_handler125
                0x06011d64                __interrupt_handler6
                0x06011e00                __interrupt_handler32
                0x060121ba                __interrupt_handler191
                0x060122d4                __interrupt_handler238
                0x060122ec                __interrupt_handler242
                0x060120f4                __interrupt_handler158
                0x06011f5c                __interrupt_handler90
                0x06012118                __interrupt_handler164
                0x06011e3c                __interrupt_handler42
                0x0601217e                __interrupt_handler181
                0x06012286                __interrupt_handler225
                0x0601232e                __interrupt_handler253
                0x06012142                __interrupt_handler171
                0x06011efc                __interrupt_handler74
                0x06011d52                __interrupt_handler3
                0x06011e96                __interrupt_handler57
                0x06011d94                __interrupt_handler14
                0x0601222c                __interrupt_handler210
                0x0601225c                __interrupt_handler218
                0x06012220                __interrupt_handler208
                0x06011e24                __interrupt_handler38
                0x06011d40                __interrupt_handler0
                0x06011fb0                __interrupt_handler104
                0x060120ee                __interrupt_handler157
                0x0601223e                __interrupt_handler213
                0x06012130                __interrupt_handler168
                0x06011f3e                __interrupt_handler85
                0x06011fda                __interrupt_handler111
                0x06011fec                __interrupt_handler114
                0x06011e5a                __interrupt_handler47
                0x060122b0                __interrupt_handler232
                0x0601227a                __interrupt_handler223
                0x060122ce                __interrupt_handler237
                0x06011eba                __interrupt_handler63
                0x06011e48                __interrupt_handler44
                0x0601215a                __interrupt_handler175
                0x06012184                __interrupt_handler182
                0x0601219c                __interrupt_handler186
                0x0601209a                __interrupt_handler143
                0x06011fc2                __interrupt_handler107
                0x06012028                __interrupt_handler124
                0x06012148                __interrupt_handler172
                0x060122fe                __interrupt_handler245
                0x06011f7a                __interrupt_handler95
                0x06012052                __interrupt_handler131
                0x06012064                __interrupt_handler134
                0x06012082                __interrupt_handler139
                0x06011ef0                __interrupt_handler72
                0x060122aa                __interrupt_handler231
                0x06012100                __interrupt_handler160
                0x06012046                __interrupt_handler129
                0x06011db8                __interrupt_handler20
                0x06011ec6                __interrupt_handler65
                0x06011e90                __interrupt_handler56
                0x06011d8e                __interrupt_handler13
                0x06012226                __interrupt_handler209
                0x06011fe0                __interrupt_handler112
                0x06011db2                __interrupt_handler19
                0x06011f6e                __interrupt_handler93
                0x060121d8                __interrupt_handler196
                0x060120ca                __interrupt_handler151
                0x0601212a                __interrupt_handler167
                0x06012340                __trampoline
                0x06011da6                __interrupt_handler17
                0x06012298                __interrupt_handler228
                0x0601233a                __interrupt_handler255
                0x060122f8                __interrupt_handler244
                0x06011f92                __interrupt_handler99
                0x0601218a                __interrupt_handler183
                0x06012088                __interrupt_handler140
                0x060121ae                __interrupt_handler189
                0x060120ac                __interrupt_handler146
                0x06012274                __interrupt_handler222
                0x060120e8                __interrupt_handler156
                0x0601201c                __interrupt_handler122
                0x06012310                __interrupt_handler248
                0x06011e60                __interrupt_handler48
                0x06011ede                __interrupt_handler69
                0x06011dd0                __interrupt_handler24
                0x06011f56                __interrupt_handler89
                0x0601224a                __interrupt_handler215
                0x06012334                __interrupt_handler254
                0x06011f4a                __interrupt_handler87
                0x06011eae                __interrupt_handler61
                0x060121d2                __interrupt_handler195
                0x060120c4                __interrupt_handler150
                0x06011e36                __interrupt_handler41
                0x06011fd4                __interrupt_handler110
                0x0601203a                __interrupt_handler127
                0x06011fc8                __interrupt_handler108
                0x06011fe6                __interrupt_handler113
                0x06011ff8                __interrupt_handler116
                0x06012016                __interrupt_handler121
                0x06011f0e                __interrupt_handler77
                0x06011e2a                __interrupt_handler39
                0x06011e42                __interrupt_handler43
                0x06012316                __interrupt_handler249
                0x06012154                __interrupt_handler174
                0x06012070                __interrupt_handler136
                0x060121a8                __interrupt_handler188
                0x060120a6                __interrupt_handler145
                0x06011d76                __interrupt_handler9
                0x06011f1a                __interrupt_handler79
                0x06012292                __interrupt_handler227
                0x06011e0c                __interrupt_handler34
                0x0601204c                __interrupt_handler130
                0x0601230a                __interrupt_handler247
                0x06011f02                __interrupt_handler75
                0x0601214e                __interrupt_handler173
                0x06011e7e                __interrupt_handler53
                0x060120be                __interrupt_handler149
                0x06012322                __interrupt_handler251
                0x060122b6                __interrupt_handler233
                0x06011d7c                __interrupt_handler10
                0x06012208                __interrupt_handler204
                0x06011f2c                __interrupt_handler82
                0x06011f32                __interrupt_handler83
                0x06011dd6                __interrupt_handler25
                0x060122f2                __interrupt_handler243
                0x0601210c                __interrupt_handler162
                0x06011e54                __interrupt_handler46
                0x0601216c                __interrupt_handler178
                0x06011f20                __interrupt_handler80
                0x06011eb4                __interrupt_handler62
                0x06011d4c                __interrupt_handler2
                0x06011dee                __interrupt_handler29
                0x06011ee4                __interrupt_handler70
                0x06011fce                __interrupt_handler109
                0x060120b8                __interrupt_handler148
                0x06011f74                __interrupt_handler94
                0x06012280                __interrupt_handler224
                0x06011faa                __interrupt_handler103
                0x06011e18                __interrupt_handler36
                0x06012034                __interrupt_handler126
                0x06012304                __interrupt_handler246
                0x06011e8a                __interrupt_handler55
                0x06011d88                __interrupt_handler12
                0x06011e78                __interrupt_handler52
                0x060121a2                __interrupt_handler187
                0x060120a0                __interrupt_handler144
                0x06011ffe                __interrupt_handler117
                0x06011dac                __interrupt_handler18
                0x060121de                __interrupt_handler197
                0x060120d0                __interrupt_handler152
                0x06012004                __interrupt_handler118
                0x0601213c                __interrupt_handler170
                0x060121f6                __interrupt_handler201
                0x06011f86                __interrupt_handler97
                0x06012112                __interrupt_handler163
                0x06012178                __interrupt_handler180
                0x060121c0                __interrupt_handler192
                0x060122e0                __interrupt_handler240
                0x06012022                __interrupt_handler123
                0x06012244                __interrupt_handler214
                0x06011dfa                __interrupt_handler31
                0x06011de8                __interrupt_handler28
                0x06011ed2                __interrupt_handler67
                0x06011ed8                __interrupt_handler68
                0x06011dc4                __interrupt_handler22
                0x06011dca                __interrupt_handler23
                0x06012160                __interrupt_handler176
                0x06011d6a                __interrupt_handler7
                0x0601226e                __interrupt_handler221
                0x06012256                __interrupt_handler217
                0x0601229e                __interrupt_handler229
                0x06011e66                __interrupt_handler49
                0x06011d58                __interrupt_handler4
                0x06011e30                __interrupt_handler40
                0x06011ff2                __interrupt_handler115
                0x060122c2                __interrupt_handler235
                0x06011f62                __interrupt_handler91
                0x06012214                __interrupt_handler206
                0x06012166                __interrupt_handler177
                0x060120b2                __interrupt_handler147
                0x06011e1e                __interrupt_handler37
                0x0601231c                __interrupt_handler250
                0x06011d46                __interrupt_handler1
                0x06012262                __interrupt_handler219
                0x06011f08                __interrupt_handler76
                0x06011f98                __interrupt_handler100
                0x06011e9c                __interrupt_handler58
                0x06011d9a                __interrupt_handler15
                0x06012238                __interrupt_handler212
                0x060122e6                __interrupt_handler241
                0x060121fc                __interrupt_handler202
                0x060121c6                __interrupt_handler193
                0x06011f14                __interrupt_handler78
                0x06011e6c                __interrupt_handler50
                0x06011e06                __interrupt_handler33
                0x06012124                __interrupt_handler166
                0x0601207c                __interrupt_handler138
                0x0601206a                __interrupt_handler135
                0x06011df4                __interrupt_handler30
                0x06012190                __interrupt_handler184
                0x0601208e                __interrupt_handler141
                0x060122a4                __interrupt_handler230
                0x060122c8                __interrupt_handler236
                0x0601200a                __interrupt_handler119
                0x06011f44                __interrupt_handler86
                0x06011fb6                __interrupt_handler105
                0x06011f26                __interrupt_handler81
                0x06012010                __interrupt_handler120
                0x06012040                __interrupt_handler128
                0x06011e84                __interrupt_handler54
                0x06011d82                __interrupt_handler11
                0x060121ea                __interrupt_handler199
                0x060120dc                __interrupt_handler154
                0x06011e4e                __interrupt_handler45
                0x06012250                __interrupt_handler216
                0x06012202                __interrupt_handler203
                0x06011f9e                __interrupt_handler101
                0x06011f38                __interrupt_handler84
                0x06012196                __interrupt_handler185
                0x06012094                __interrupt_handler142
                0x06011ddc                __interrupt_handler26
                0x06011ec0                __interrupt_handler64
                0x060121f0                __interrupt_handler200
                0x0601221a                __interrupt_handler207
                0x060121cc                __interrupt_handler194
                0x06011f68                __interrupt_handler92
                0x060120e2                __interrupt_handler155
                0x06012232                __interrupt_handler211
                0x0601205e                __interrupt_handler133
                0x06011d5e                __interrupt_handler5
                0x06011ef6                __interrupt_handler73
                0x06011da0                __interrupt_handler16
                0x060122da                __interrupt_handler239
                0x060122bc                __interrupt_handler234
                0x06011e12                __interrupt_handler35
                0x06011ea2                __interrupt_handler59
                0x06012136                __interrupt_handler169
                0x06011f8c                __interrupt_handler98
                0x06011eea                __interrupt_handler71
                0x06011e72                __interrupt_handler51
                0x060120fa                __interrupt_handler159
                0x0601228c                __interrupt_handler226
                0x06011f80                __interrupt_handler96
                0x060121b4                __interrupt_handler190
                0x06012268                __interrupt_handler220
                0x06011d70                __interrupt_handler8
                0x06012172                __interrupt_handler179
                0x06012328                __interrupt_handler252
 *fill*         0x06012364        0xc 00
 .text          0x06012370     0x12a0 ../sbl6/segalib/lib/sega_spr.a(spr_2c.o)
                0x060135d0                SlaveFlushDrawPrtyBlock
                0x06012370                SPR_2Initial
                0x06012bb4                SPR_2SysClip
                0x06012b54                SPR_2LocalCoord
                0x0601344c                SPR_2FlushDrawPrtyBlock
                0x06013138                SPR_2DistSpr
                0x06012b3c                SPR_2FlushDrawPrty
                0x0601325c                SPR_2Cmd
                0x06012838                SPR_2GourTblNoToVram
                0x06012898                SPR_2GetAreaSizeInfo
                0x06012600                SPR_2SetGourTbl
                0x06012dec                SPR_2Polygon
                0x06012874                SPR_2CharNoToVram
                0x06012580                SPR_2SetTvMode
                0x060129dc                SPR_2CloseCommand
                0x060125bc                SPR_2FrameEraseData
                0x06012398                SPR_2Initial2
                0x06012fcc                SPR_2ScaleSpr
                0x06012c5c                SPR_2Line
                0x06012928                SPR_2OpenCommand
                0x0601259c                SPR_2FrameChgIntr
                0x06012ea8                SPR_2NormSpr
                0x06012630                SPR_2SetLookupTbl
                0x06012664                SPR_2SetChar
                0x0601285c                SPR_2LookupTblNoToVram
                0x06012d30                SPR_2PolyLine
                0x060127d0                SPR_2ClrAllChar
                0x06012784                SPR_2ClrChar
                0x06012c00                SPR_2UserClip
 .text          0x06013610      0x1e6 ../sbl6/segalib/lib/sega_spr.a(spr_slv.o)
                0x06013774                SPR_WaitEndSlaveSH
                0x06013610                SPR_SMPC_SSHON
                0x06013750                SPR_RunSlaveSH
                0x06013614                SPR_InitSlaveSH
                0x060136dc                SPR_SlaveSHmain
                0x06013611                SPR_SMPC_SSHOFF
 *fill*         0x060137f6        0xa 00
 .text          0x06013800      0x36a ../sbl6/segalib/lib/sega_spr.a(spr_1c.o)
                0x06013ab4                SPR_WaitDrawEnd
                0x06013acc                SPR_SetEosMode
                0x060139e4                SPR_SetEraseData
                0x06013800                SPR_Initial
                0x060138d8                SPR_SetTvMode
                0x06013970                SPR_GetStatus
 *fill*         0x06013b6a        0x6 00
 .text          0x06013b70      0x244 ../sbl6/segalib/lib/sega_spr.a(spr_2a.o)
                0x06013b82                sprMemCpyW
                0x06013be0                flushDrawPrtyBlock
                0x06013b70                sprMemCpyL
                0x06013b94                SPR_2SetDrawPrty
 *fill*         0x06013db4        0xc 00
 .text          0x06013dc0      0x2fc ../sbl6/segalib/lib/sega_scl.a(scl_vblv.o)
                0x06013e7c                SCL_DisplayFrame
                0x06013dc0                SCL_SetFrameInterval
                0x06013eb0                SCL_VblInit
                0x06013f00                SCL_VblankStart
                0x06013f44                SCL_VblankEnd
 *fill*         0x060140bc        0x4 00
 .text          0x060140c0      0xb9c ../sbl6/segalib/lib/sega_scl.a(scl_func.o)
                0x06014a9c                SCL_Vdp2_SGLInit
                0x060149ac                SCL_PriIntProc
                0x06014924                SCL_Memcpyw
                0x06014c3c                SCL_SglOff
                0x06014c1c                SCL_SglOn
                0x06014890                SCL_ScrollShow
                0x06014338                SCL_Close
                0x06014630                SCL_Scale
                0x060140c0                SCL_Vdp2Init
                0x060144a4                SCL_Move
                0x0601476c                SCL_CopyReg
                0x06014314                SCL_Open
                0x06014144                SCL_ParametersInit
                0x06014354                SCL_MoveTo
                0x0601494c                SCL_SetColRamMode
 *fill*         0x06014c5c        0x4 00
 .text          0x06014c60      0x138 ../sbl6/segalib/lib/sega_scl.a(scl_pr03.o)
                0x06014c60                SCL_FreeColRam
                0x06014c98                SCL_AllocColRam
 *fill*         0x06014d98        0x8 00
 .text          0x06014da0       0x9c ../sbl6/segalib/lib/sega_scl.a(scl_pr02.o)
                0x06014da0                SCL_SetColRam
 *fill*         0x06014e3c        0x4 00
 .text          0x06014e40       0x84 ../sbl6/segalib/lib/sega_scl.a(scl_back.o)
                0x06014e40                SCL_SetBack
 *fill*         0x06014ec4        0xc 00
 .text          0x06014ed0      0x94c ../sbl6/segalib/lib/sega_scl.a(scl_fu03.o)
                0x06014f2c                SCL_SetConfig
                0x06014ed0                SCL_InitConfigTb
 *fill*         0x0601581c        0x4 00
 .text          0x06015820      0x4f4 ../sbl6/segalib/lib/sega_scl.a(scl_fu02.o)
                0x06015858                SCL_SetVramConfig
                0x06015820                SCL_InitVramConfigTb
 *fill*         0x06015d14        0xc 00
 .text          0x06015d20       0x28 ../sbl6/segalib/lib/sega_scl.a(scl_fu04.o)
                0x06015d20                SCL_SetCycleTable
 *fill*         0x06015d48        0x8 00
 .text          0x06015d50      0x214 ../sbl6/segalib/lib/sega_scl.a(scl_pr07.o)
                0x06015d50                SCL_SetPriority
 *fill*         0x06015f64        0xc 00
 .text          0x06015f70       0x58 ../sbl6/segalib/lib/sega_scl.a(scl_pr01.o)
                0x06015f70                SCL_SetSpriteMode
 *fill*         0x06015fc8        0x8 00
 .text          0x06015fd0     0x10a4 ../sbl6/segalib/lib/sega_scl.a(scl_pri.o)
                0x06016064                SCL_AbortAutoVe
                0x06016f14                SCL_SetShadowBit
                0x060164dc                SCL_AutoExec
                0x06015fd0                SCL_PriorityInit
                0x060169f0                SCL_IncColOffset
                0x06016078                SCL_SetColMixRate
                0x06016048                SCL_GetColRamMode
 *fill*         0x06017074        0xc 00
 .text          0x06017080     0x1394 ../sbl6/segalib/lib/sega_scl.a(scl_ro00.o)
                0x0601826c                SCL_RotateZD
                0x06017534                SCL_Rotate
                0x06017208                SCL_InitRotateTable
 *fill*         0x06018414        0xc 00
 .text          0x06018420      0x1b4 ../sbl6/segalib/lib/sega_scl.a(scl_pr06.o)
                0x06018420                SCL_SetColRamOffset
 *fill*         0x060185d4        0xc 00
 .text          0x060185e0       0xac ../sbl6/segalib/lib/sega_scl.a(scl_pr05.o)
                0x060185e0                SCL_GetColRamOffset
 *fill*         0x0601868c        0x4 00
 .text          0x06018690       0xa4 ../sbl6/segalib/lib/sega_mth.a(mth_fixd.o)
                0x060186e0                MTH_FixedToInt
                0x060186d0                MTH_IntToFixed
                0x06018690                MTH_Mul
                0x060186f0                MTH_Product
                0x060186b0                MTH_Div
 *fill*         0x06018734        0xc 00
 .text          0x06018740      0x600 ../sbl6/segalib/lib/sega_mth.a(mth_tri.o)
                0x060187dc                fcos
                0x060187e2                fsin
                0x0601878c                MTH_Cos
                0x06018740                MTH_Sin
                0x06018980                MTH_Atan
 .text          0x06018d40      0xf50 ../sbl6/segalib/lib/sega_per.a(per_prt.o)
                0x06019160                PER_IntFunc
                0x06018f58                PER_LGetPer
                0x06018d40                PER_LInit
 .text          0x06019c90     0x1b04 ../sbl6/segalib/lib/sega_sat.a(gfs.o)
                0x06019c90                gfs_version
                0x0601af04                gfs_mngGetNumFile
                0x0601b684                gfs_closeSub
                0x0601aa20                GFS_SetGmode
                0x0601acdc                GFS_SetErrFunc
                0x0601ae2c                gfs_mngSetupFuncTbl
                0x06019fe8                GFS_Reset
                0x0601ad54                gfs_chgRoot
                0x0601ae20                gfs_aborttrans
                0x0601b104                gfs_svrAddHndl
                0x0601afb4                gfs_mngFreeGrp
                0x0601ad2c                GFS_ConvTno
                0x0601b2b8                gfs_getRootDir
                0x0601ad08                GFS_GetErrStat
                0x0601a158                GFS_Seek
                0x0601a7c4                GFS_NwStop
                0x0601afc0                gfs_mngTermAccess
                0x0601a06c                GFS_Open
                0x0601af6c                GFS_mngAllocGrp
                0x0601b6cc                gfs_isTaskDone
                0x0601a4c4                GFS_Fread
                0x0601ac24                GFS_StartTrans
                0x0601b620                gfs_GetFinfo
                0x0601ae60                gfs_mngInitWork
                0x0601a2b0                GFS_ByteToSct
                0x0601b0c4                gfs_svrSearchHndl
                0x0601b3b4                gfs_loadRootDir
                0x06019f0c                GFS_IdToName
                0x0601a608                GFS_NwFread
                0x0601ab54                GFS_SetTransPara
                0x0601a714                GFS_NwCdRead
                0x0601b1f4                gfs_loadVol
                0x0601aaf0                GFS_SetReadPara
                0x0601a20c                GFS_Tell
                0x0601aa84                GFS_SetTmode
                0x0601b588                GFS_GetFad
                0x0601abc0                GFS_SetTrFunc
                0x0601ac70                GFS_CdMovePickup
                0x06019ea8                GFS_NameToId
                0x0601a8dc                GFS_NwExecOne
                0x0601b43c                gfs_flowIn
                0x0601a364                GFS_GetFileInfo
                0x0601b4e4                gfs_transData
                0x0601b140                gfs_svrRemoveHndl
                0x0601a78c                GFS_NwIsComplete
                0x0601b6c0                gfs_getGmode
                0x0601a830                GFS_NwGetStat
                0x0601b19c                GFS_OpenSub
                0x06019e40                GFS_SetDir
                0x0601a30c                GFS_GetFileSize
                0x0601a3d8                GFS_GetNumCdbuf
                0x0601b720                gfs_convFinStat
                0x0601a400                GFS_Load
                0x0601a560                gfs_waitRead
                0x06019d98                GFS_LoadDir
                0x06019f78                GFS_GetDirInfo
                0x0601a120                GFS_Close
                0x06019cb0                GFS_Init
                0x0601a8ac                gfs_recovRdErr
                0x0601b044                gfs_mngSetErrCode
                0x0601a99c                GFS_NwExecServer
                0x0601a25c                GFS_IsEof
                0x0601b5e0                gfs_SetSct
 *fill*         0x0601b794        0xc 00
 .text          0x0601b7a0      0x1f4 ../sbl6/segalib/lib/sega_sat.a(DMA_SCU1.o)
                0x0601b8fc                DMA_ScuResult
                0x0601b7a0                DMA_ScuInit
                0x0601b7f0                DMA_ScuMemCopy
 *fill*         0x0601b994        0xc 00
 .text          0x0601b9a0      0x8d4 ../sbl6/segalib/lib/sega_sat.a(gfs_cdf.o)
                0x0601be94                GFCF_Seek
                0x0601bf9c                GFCF_GetStat
                0x0601be7c                GFCF_Tell
                0x0601ba40                GFCF_Setup
                0x0601bf48                GFCF_cnvIntlvOfs
                0x0601b9a0                GFCF_Init
                0x0601be34                GFCF_Recover
                0x0601bb88                GFCF_SetSct
                0x0601beac                GFCF_MovePickup
                0x0601c070                gfcf_isCdOk
                0x0601bc40                GFCF_FlowInBuf
                0x0601bbcc                GFCF_GetFileInfo
                0x0601bd94                GFCF_StopInBuf
                0x0601c034                gfcf_getSctSize
                0x0601c130                gfcf_getPlayRange
 *fill*         0x0601c274        0xc 00
 .text          0x0601c280      0x928 ../sbl6/segalib/lib/sega_sat.a(gfs_dir.o)
                0x0601c770                gfdr_setNextRec
                0x0601cb6c                gfdr_setDirrecCd
                0x0601c568                gfdr_open
                0x0601c37c                GFDR_GetAtrDirId
                0x0601c650                gfdr_readByte
                0x0601c280                GFDR_SetupDirTbl
                0x0601c748                gfdr_readLongNM
                0x0601c7f4                gfdr_readDirEnt
                0x0601c3ac                GFDR_ChgRoot
                0x0601c2f4                GFDR_NameToId
                0x0601c438                gfdr_setupDirIdTbl
                0x0601c394                GFDR_GetAtrDirName
                0x0601c354                GFDR_GetInfoDirId
                0x0601c6fc                gfdr_readLongNB
                0x0601c590                gfdr_read
                0x0601c67c                gfdr_readWord
                0x0601c4bc                gfdr_setupDirNameTbl
                0x0601c368                GFDR_GetInfoDirName
                0x0601c3c4                GFDR_ChgDir
                0x0601c6a8                gfdr_readWordNB
 *fill*         0x0601cba8        0x8 00
 .text          0x0601cbb0      0xa46 ../sbl6/segalib/lib/sega_sat.a(gfs_trn.o)
                0x0601cc90                GFTR_SetTransMax
                0x0601d060                gftr_execScu
                0x0601d5e4                GFTR_SetTransFunc
                0x0601d4ac                gftr_remTrn
                0x0601d5d0                GFTR_SetData
                0x0601d2d0                gftr_execSdma1
                0x0601d520                gftr_copyFrac
                0x0601cc84                GFTR_GetNumTrans
                0x0601cc24                GFTR_SetMode
                0x0601d2a0                gftr_remDma0
                0x0601d548                GFTR_GetLenData
                0x0601d054                gftr_reqScu
                0x0601d2b8                gftr_reqDma1
                0x0601cf70                gftr_getSrcPack
                0x0601d5a0                GFTR_RtnDstPk
                0x0601d13c                gfdma_exec
                0x0601d3d4                gftr_execTrn
                0x0601ce68                GFTR_ExecSvr
                0x0601d364                gftr_reqTrn
                0x0601d22c                gfdma_getBytecnt
                0x0601d30c                gftr_reqCpu
                0x0601d56c                GFTR_GetDstPack
                0x0601d264                gftr_reqDma0
                0x0601cdf0                GFTR_Idle
                0x0601cca8                GFTR_Pause
                0x0601cc78                GFTR_GetTransPara
                0x0601d358                gftr_remCpu
                0x0601cc44                GFTR_SetTransPara
                0x0601d2f4                gftr_remDma1
                0x0601ccb4                GFTR_Stop
                0x0601d27c                gftr_execSdma0
                0x0601cbe0                GFTR_Setup
                0x0601d0fc                gftr_remScu
                0x0601cff8                gftr_getDstPack
                0x0601d130                gfdma_canUse
                0x0601cd6c                GFTR_Exec
                0x0601d5bc                GFTR_GetData
                0x0601cc9c                GFTR_Start
                0x0601cc38                GFTR_SetUnit
                0x0601d318                gftr_execCpu
                0x0601d554                GFTR_GetLenRoom
 *fill*         0x0601d5f6        0xa 00
 .text          0x0601d600      0x106 ../sbl6/segalib/lib/sega_sat.a(gfs_buf.o)
                0x0601d658                GFBF_GetNumData
                0x0601d6d4                GFBF_RtnPk
                0x0601d688                GFBF_GetSrcPk
                0x0601d6fc                gfbf_getSctDt
                0x0601d630                GFBF_GetTranData
                0x0601d6b0                GFBF_GetSctData
 *fill*         0x0601d706        0xa 00
 .text          0x0601d710      0x600 ../sbl6/segalib/lib/sega_sat.a(gfs_cdb.o)
                0x0601dcb8                GFCB_GetPickup
                0x0601d830                GFCB_Close
                0x0601dafc                GFCB_GetSrcPack
                0x0601dc84                GFCB_SetCon
                0x0601d904                GFCB_GetLenRoom
                0x0601dc68                GFCB_MovePickup
                0x0601dbdc                GFCB_GetSctData
                0x0601d910                GFCB_SetFilt
                0x0601d858                GFCB_GetLenData
                0x0601dcf8                GFCB_UngetPickup
                0x0601d710                GFCB_Setup
                0x0601d9a0                GFCB_Tell
                0x0601dce0                GFCB_IsPuOwner
                0x0601da00                GFCB_Seek
                0x0601d978                GFCB_DeleteAllData
                0x0601dc14                GFCB_GetDstPack
                0x0601d9b0                gfcb_getSctNum
                0x0601dc20                GFCB_RtnPk
 .text          0x0601dd10     0x1a04 ../sbl6/segalib/lib/sega_sat.a(gfs_cdc.o)
                0x0601dfac                GFCD_AllocBuf
                0x0601ed88                gfcd_doGetLenDataTsk
                0x0601f624                GFCD_SetCsctFunc
                0x0601e084                GFCD_GetBaseFad
                0x0601e200                GFCD_GetFilt
                0x0601f214                gfcd_doChgDirTsk
                0x0601f554                gfcd_checkEflag
                0x0601e548                GFCD_MovePickup
                0x0601e62c                GFCD_GetSctInfo
                0x0601eedc                gfcd_doReqDataTsk
                0x0601e674                GFCD_ChgDir
                0x0601e368                GFCD_ReqData
                0x0601f640                GFCD_ChkScdqFlag
                0x0601eaf8                GFCD_WaitServer
                0x0601e40c                GFCD_DelSctData
                0x0601e8e4                GFCD_ExecServer
                0x0601ecf8                gfcd_doSetConTsk
                0x0601df40                GFCD_AllocFilt
                0x0601e13c                GFCD_SetFilt
                0x0601eb34                gfcd_doSetFiltTsk
                0x0601f664                GFCD_ClrScdqFlag
                0x0601ef7c                gfcd_doDelSctDataTsk
                0x0601ea40                gfcd_doTask
                0x0601e0b8                GFCD_GetPickup
                0x0601e608                GFCD_CheckMove
                0x0601f680                GFCD_WaitScdqFlag
                0x0601e2a0                GFCD_Play
                0x0601f0b0                gfcd_doMoveSctTsk
                0x0601e248                GFCD_SetCon
                0x0601e6e8                GFCD_SetFiltCon
                0x0601f6c4                GFCD_WaitPause
                0x0601e8ac                GFCD_GetBufSiz
                0x0601e0ec                GFCD_UngetPickup
                0x0601e7d0                GFCD_GetFileInfo
                0x0601e3c4                GFCD_EndData
                0x0601dfe0                GFCD_FreeBuf
                0x0601e300                GFCD_GetLenData
                0x0601df7c                GFCD_FreeFilt
                0x0601e9b8                gfcd_isIdleTask
                0x0601dd3c                GFCD_Init
                0x0601f410                gfcd_doSetFiltConTsk
                0x0601e494                GFCD_GetStat
                0x0601e594                GFCD_MoveSctData
                0x0601e118                GFCD_IsPuOwner
                0x0601f578                gfcd_initCdbMng
                0x0601dd10                GFCD_SetCdbfs
                0x0601eae4                GFCD_SetTimer
                0x0601f5f8                gfcd_setStat
                0x0601e464                GFCD_CheckDelSctData
 *fill*         0x0601f714        0xc 00
 .text          0x0601f720      0x308 ../sbl6/segalib/lib/sega_sat.a(DMA_SCU0.o)
                0x0601f7a4                DMA_ScuStart
                0x0601f8d8                DMA_ScuIntFunc0
                0x0601f948                DMA_ScuIntFunc1
                0x0601f9b8                DMA_ScuIntFunc2
                0x0601f898                DMA_ScuGetStatus
                0x0601f720                DMA_ScuSetPrm
 *fill*         0x0601fa28        0x8 00
 .text          0x0601fa30       0xe8 ../sbl6/segalib/lib/sega_sat.a(csh_main.o)
                0x0601fa30                CSH_Init
                0x0601fa98                CSH_AllClr
                0x0601fae4                CSH_Purge
 *fill*         0x0601fb18        0x8 00
 .text          0x0601fb20      0x1b6 ../sbl6/segalib/lib/sega_sat.a(DMA_CPU0.o)
                0x0601fb68                DMA_CpuSetPrm
                0x0601fc6c                DMA_CpuStart
                0x0601fcc4                DMA_CpuGetStatus
                0x0601fc98                DMA_CpuAllStop
                0x0601fcac                DMA_CpuGetComStatus
                0x0601fb20                DMA_CpuSetComPrm
                0x0601fc80                DMA_CpuStop
 *fill*         0x0601fcd6        0xa 00
 .text          0x0601fce0      0x2dc ../sbl6/segalib/lib/sega_sat.a(cdc_reg.o)
                0x0601fd34                CDREG_ClrHirqReq
                0x0601fd04                CDC_ClrHirqReq
                0x0601fdb4                CDREG_TgetData
                0x0601fda4                CDC_GetMpegPtr
                0x0601fd80                CDC_GetHirqMsk
                0x0601fce0                CDC_GetDataPtr
                0x0601fcf0                CDC_GetHirqReq
                0x0601ff10                CDREG_WaitHirq
                0x0601fd94                CDC_SetHirqMsk
                0x0601fe10                CDREG_CmdRsp
                0x0601fd44                CDREG_InitHirqReq
                0x0601fd6c                CDREG_SetHirqFlag
                0x0601ff80                CDREG_ReadRsp
 *fill*         0x0601ffbc        0x4 00
 .text          0x0601ffc0      0x194 ../sbl6/segalib/lib/sega_sat.a(cdc_cfs.o)
                0x0601ffc0                CDC_ChgDir
                0x0601fff4                CDC_ReadDir
                0x06020118                CDC_AbortFile
                0x06020028                CDC_GetFileScope
                0x06020088                CDC_TgetFileInfo
                0x060200e4                CDC_ReadFile
 *fill*         0x06020154        0xc 00
 .text          0x06020160      0x3a0 ../sbl6/segalib/lib/sega_sat.a(cdc_cmn.o)
                0x06020304                CDC_TgetToc
                0x060204a8                CDC_DataEnd
                0x060201c8                CDC_GetPeriStat
                0x0602043c                CDC_DataReady
                0x06020414                CDC_CdOpen
                0x06020390                CDC_CdInit
                0x06020354                CDC_GetSes
                0x060201b0                CDC_GetLastStat
                0x06020160                CDC_GetCurStat
                0x0602029c                CDC_GetHwInfo
 .text          0x06020500      0x1e4 ../sbl6/segalib/lib/sega_sat.a(cdc_bio.o)
                0x060205ac                CDC_GetdelSctData
                0x06020534                CDC_GetSctData
                0x060205e8                CDC_PutSctData
                0x06020664                CDC_MoveSctData
                0x060206a8                CDC_GetCopyErr
                0x06020570                CDC_DelSctData
                0x06020500                CDC_SetSctLen
                0x06020620                CDC_CopySctData
 *fill*         0x060206e4        0xc 00
 .text          0x060206f0      0x2b8 ../sbl6/segalib/lib/sega_sat.a(cdc_sel.o)
                0x06020920                CDC_GetFiltCon
                0x0602089c                CDC_GetFiltMode
                0x06020974                CDC_ResetSelector
                0x060206f0                CDC_SetFiltRange
                0x0602077c                CDC_SetFiltSubh
                0x060207ec                CDC_GetFiltSubh
                0x06020724                CDC_GetFiltRange
                0x06020868                CDC_SetFiltMode
                0x060208e0                CDC_SetFiltCon
 *fill*         0x060209a8        0x8 00
 .text          0x060209b0      0x130 ../sbl6/segalib/lib/sega_sat.a(cdc_drv.o)
                0x060209b0                CDC_CdPlay
                0x06020a7c                CDC_CdSeek
                0x06020ab0                CDC_CdScan
 .text          0x06020ae0      0x270 ../sbl6/segalib/lib/sega_sat.a(cdc_bif.o)
                0x06020b3c                CDC_GetSctNum
                0x06020cbc                CDC_ExeFadSearch
                0x06020c3c                CDC_GetSctInfo
                0x06020b80                CDC_CalActSiz
                0x06020ae0                CDC_GetBufSiz
                0x06020bbc                CDC_GetActSiz
                0x06020cf4                CDC_GetFadSearch
 .text          0x06020d50       0xa8 ../sbl6/segalib/lib/sega_sat.a(cdc_dev.o)
                0x06020dbc                CDC_CdGetLastBuf
                0x06020d50                CDC_CdSetCon
                0x06020d80                CDC_CdGetCon
 *fill*         0x06020df8        0x8 00
 .text          0x06020e00      0x152 ../sbl6/segalib/lib/sega_sat.a(cdc_sub.o)
                0x06020ea8                CDSUB_GetCdstat
                0x06020e18                CDSUB_UpdCdstat
                0x06020ee8                CDSUB_RspToCdstat
                0x06020f30                CDSUB_SoftTimer
                0x06020e00                CDSUB_UpdStatus
                0x06020e38                CDSUB_CdCmd
 *fill*         0x06020f52        0xe 00
 .text          0x06020f60       0x60 C:/saturn/SH_COFF/sh-coff/bin/../lib/gcc/sh-coff/3.4-GNUSH_v0501\libgcc.a(_ashiftrt.o)
                0x06020f6c                __ashiftrt_r4_27
                0x06020fa0                __ashiftrt_r4_6
                0x06020f90                __ashiftrt_r4_14
                0x06020f82                __ashiftrt_r4_19
                0x06020f9a                __ashiftrt_r4_9
                0x06020fae                __ashiftrt_r4_0
                0x06020f60                __ashiftrt_r4_31
                0x06020f6e                __ashiftrt_r4_26
                0x06020f7c                __ashiftrt_r4_22
                0x06020f88                __ashiftrt_r4_16
                0x06020f94                __ashiftrt_r4_12
                0x06020f68                __ashiftrt_r4_29
                0x06020f86                __ashiftrt_r4_17
                0x06020f66                __ashiftrt_r4_30
                0x06020fa2                __ashiftrt_r4_5
                0x06020f9c                __ashiftrt_r4_8
                0x06020f60                __ashiftrt_r4_32
                0x06020f70                __ashiftrt_r4_25
                0x06020fa8                __ashiftrt_r4_2
                0x06020f72                __ashiftrt_r4_24
                0x06020f8e                __ashiftrt_r4_15
                0x06020f98                __ashiftrt_r4_10
                0x06020faa                __ashiftrt_r4_1
                0x06020f6a                __ashiftrt_r4_28
                0x06020f80                __ashiftrt_r4_20
                0x06020f9e                __ashiftrt_r4_7
                0x06020f92                __ashiftrt_r4_13
                0x06020f96                __ashiftrt_r4_11
                0x06020fa4                __ashiftrt_r4_4
                0x06020f7a                __ashiftrt_r4_23
                0x06020f84                __ashiftrt_r4_18
                0x06020f7e                __ashiftrt_r4_21
                0x06020fa6                __ashiftrt_r4_3
 .text          0x06020fc0       0x90 C:/saturn/SH_COFF/sh-coff/bin/../lib/gcc/sh-coff/3.4-GNUSH_v0501\libgcc.a(_ashiftlt.o)
                0x06020fc0                __ashlsi3
 .text          0x06021050       0xb0 C:/saturn/SH_COFF/sh-coff/bin/../lib/gcc/sh-coff/3.4-GNUSH_v0501\libgcc.a(_movstr.o)
                0x06021090                __movstrSI16
                0x06021064                __movstrSI60
                0x06021070                __movstrSI48
                0x0602106c                __movstrSI52
                0x06021060                __movstrSI64
                0x06021074                __movstrSI44
                0x06021078                __movstrSI40
                0x0602107c                __movstrSI36
                0x060210b0                __movstr
                0x06021068                __movstrSI56
                0x06021084                __movstrSI28
                0x06021080                __movstrSI32
                0x06021094                __movstrSI12
                0x06021098                __movstrSI8
                0x060210a0                __movstrSI0
                0x06021088                __movstrSI24
                0x0602108c                __movstrSI20
                0x0602109c                __movstrSI4
 .text          0x06021100       0xa0 C:/saturn/SH_COFF/sh-coff/bin/../lib/gcc/sh-coff/3.4-GNUSH_v0501\libgcc.a(__main.o)
                0x06021174                __main
                0x06021100                __do_global_dtors
                0x06021134                __do_global_ctors
 .text          0x060211a0       0x70 C:/saturn/SH_COFF/sh-coff/bin/../lib/gcc/sh-coff/3.4-GNUSH_v0501\libgcc.a(_udivsi3.o)
                0x060211c2                __udivsi3
 .text          0x06021210       0xb0 C:/saturn/SH_COFF/sh-coff/bin/../lib/gcc/sh-coff/3.4-GNUSH_v0501\libgcc.a(_si_to_df.o)
                0x06021210                __floatsidf
 .text          0x060212c0      0x2e0 C:/saturn/SH_COFF/sh-coff/bin/../lib/gcc/sh-coff/3.4-GNUSH_v0501\libgcc.a(_mul_df.o)
                0x060212d0                __muldf3
 .text          0x060215a0       0x80 C:/saturn/SH_COFF/sh-coff/bin/../lib/gcc/sh-coff/3.4-GNUSH_v0501\libgcc.a(_df_to_si.o)
                0x060215a0                __fixdfsi
 .text          0x06021620       0xa0 C:/saturn/SH_COFF/sh-coff/bin/../lib/gcc/sh-coff/3.4-GNUSH_v0501\libgcc.a(_sdivsi3.o)
                0x06021620                __sdivsi3
 .text          0x060216c0      0x220 C:/saturn/SH_COFF/sh-coff/bin/../lib/gcc/sh-coff/3.4-GNUSH_v0501\libgcc.a(_pack_df.o)
                0x060216d0                __pack_d
 .text          0x060218e0      0x120 C:/saturn/SH_COFF/sh-coff/bin/../lib/gcc/sh-coff/3.4-GNUSH_v0501\libgcc.a(_unpack_df.o)
                0x060218f0                __unpack_d
 .text          0x06021a00       0x20 C:/saturn/SH_COFF/sh-coff/bin/../lib/gcc/sh-coff/3.4-GNUSH_v0501\libgcc.a(_thenan_df.o)
                0x06021a00                __thenan_df
 .text          0x06021a20       0xd0 C:/saturn/SH_COFF/sh-coff/bin/../lib/gcc/sh-coff/3.4-GNUSH_v0501\libgcc.a(_muldi3.o)
                0x06021a20                __muldi3
 .text          0x06021af0       0x80 C:/saturn/SH_COFF/sh-coff/bin/../lib/gcc/sh-coff/3.4-GNUSH_v0501\libgcc.a(_lshrdi3.o)
                0x06021af0                __lshrdi3
 .text          0x06021b70       0x80 C:/saturn/SH_COFF/sh-coff/bin/../lib/gcc/sh-coff/3.4-GNUSH_v0501\libgcc.a(_ashldi3.o)
                0x06021b70                __ashldi3
 .text          0x06021bf0       0x30 C:/saturn/SH_COFF/sh-coff/bin/../lib/gcc/sh-coff/3.4-GNUSH_v0501\libgcc.a(_mulsi3.o)
                0x06021bf0                __mulsi3
 .text          0x06021c20       0x90 C:/saturn/SH_COFF/sh-coff/bin/../lib/gcc/sh-coff/3.4-GNUSH_v0501\libgcc.a(_lshiftrt.o)
                0x06021c20                __lshrsi3
 .text          0x06021cb0       0xa0 C:/saturn/SH_COFF/sh-coff/bin/../lib/gcc/sh-coff/3.4-GNUSH_v0501/../../../../sh-coff/lib\libc.a(memcpy.o)
                0x06021cb0                memcpy
 .text          0x06021d50       0x40 C:/saturn/SH_COFF/sh-coff/bin/../lib/gcc/sh-coff/3.4-GNUSH_v0501/../../../../sh-coff/lib\libc.a(memset.o)
                0x06021d50                memset
 .text          0x06021d90       0x60 C:/saturn/SH_COFF/sh-coff/bin/../lib/gcc/sh-coff/3.4-GNUSH_v0501/../../../../sh-coff/lib\libc.a(memcmp.o)
                0x06021d90                memcmp
 .text          0x06021df0       0xb0 C:/saturn/SH_COFF/sh-coff/bin/../lib/gcc/sh-coff/3.4-GNUSH_v0501/../../../../sh-coff/lib\libc.a(strncmp.o)
                0x06021df0                strncmp
 .text          0x06021ea0       0xa0 C:/saturn/SH_COFF/sh-coff/bin/../lib/gcc/sh-coff/3.4-GNUSH_v0501/../../../../sh-coff/lib\libc.a(strncpy.o)
                0x06021ea0                strncpy
 .text          0x06021f40       0x90 C:/saturn/SH_COFF/sh-coff/bin/../lib/gcc/sh-coff/3.4-GNUSH_v0501/../../../../sh-coff/lib\libc.a(atexit.o)
                0x06021f40                atexit
 .text          0x06021fd0       0x10 C:/saturn/SH_COFF/sh-coff/bin/../lib/gcc/sh-coff/3.4-GNUSH_v0501/../../../../sh-coff/lib\libc.a(impure.o)
                0x06021fd0                _global_impure_ptr
 .text          0x06021fe0       0x40 C:/saturn/SH_COFF/sh-coff/bin/../lib/gcc/sh-coff/3.4-GNUSH_v0501/../../../../sh-coff/lib\libc.a(malloc.o)
                0x06021ffc                free
                0x06021fe0                malloc
 .text          0x06022020      0x5b0 C:/saturn/SH_COFF/sh-coff/bin/../lib/gcc/sh-coff/3.4-GNUSH_v0501/../../../../sh-coff/lib\libc.a(mallocr.o)
                0x06022020                _malloc_r
 .text          0x060225d0      0x340 C:/saturn/SH_COFF/sh-coff/bin/../lib/gcc/sh-coff/3.4-GNUSH_v0501/../../../../sh-coff/lib\libc.a(freer.o)
                0x060225d0                _malloc_trim_r
                0x060226c4                _free_r
 .text          0x06022910       0x20 C:/saturn/SH_COFF/sh-coff/bin/../lib/gcc/sh-coff/3.4-GNUSH_v0501/../../../../sh-coff/lib\libc.a(mlock.o)
                0x06022910                __malloc_lock
                0x0602291c                __malloc_unlock
 .text          0x06022930       0x50 C:/saturn/SH_COFF/sh-coff/bin/../lib/gcc/sh-coff/3.4-GNUSH_v0501/../../../../sh-coff/lib\libc.a(sbrkr.o)
                0x06022930                _sbrk_r
 .text          0x06022980      0x380 C:/saturn/SH_COFF/sh-coff/bin/../lib/gcc/sh-coff/3.4-GNUSH_v0501/../../../../sh-coff/lib\libc.a(syscalls.o)
                0x06022aec                _exit
                0x06022b20                _getpid
                0x06022b88                _utime
                0x060229b8                _write
                0x06022980                _read
                0x06022ad4                _unlink
                0x06022a9c                _open
                0x06022b38                _stat
                0x06022ae0                isatty
                0x06022bb8                _wait
                0x06022b04                _kill
                0x06022b54                _chmod
                0x06022be8                _execv
                0x06022bcc                _execve
                0x06022cc4                __setup_argv_and_call_main
                0x06022c20                _gettimeofday
                0x060229ec                _link
                0x06022b2c                _raise
                0x06022ab8                _creat
                0x06022c00                _pipe
                0x06022b6c                _chown
                0x0602299c                _lseek
                0x060229d4                _close
                0x06022c14                _times
                0x06022a88                _fstat
                0x06022ba4                _fork
                0x06022a14                _sbrk
 .text          0x06022d00       0x20 C:/saturn/SH_COFF/sh-coff/bin/../lib/gcc/sh-coff/3.4-GNUSH_v0501/../../../../sh-coff/lib\libc.a(trap.o)
                0x06022d00                __trap34
 .text          0x06022d20       0x20 C:/saturn/SH_COFF/sh-coff/bin/../lib/gcc/sh-coff/3.4-GNUSH_v0501/../../../../sh-coff/lib\libc.a(abort.o)
                0x06022d20                abort
 .text          0x06022d40      0x270 C:/saturn/SH_COFF/sh-coff/bin/../lib/gcc/sh-coff/3.4-GNUSH_v0501/../../../../sh-coff/lib\libc.a(signal.o)
                0x06022e00                _raise_r
                0x06022f88                __sigtramp
                0x06022f34                raise
                0x06022f70                _init_signal
                0x06022ec0                __sigtramp_r
                0x06022f50                signal
                0x06022d8c                _signal_r
                0x06022d40                _init_signal_r
 .text          0x06022fb0       0x60 C:/saturn/SH_COFF/sh-coff/bin/../lib/gcc/sh-coff/3.4-GNUSH_v0501/../../../../sh-coff/lib\libc.a(signalr.o)
                0x06022ff8                _getpid_r
                0x06022fb0                _kill_r
 *(.strings)

.tors           0x06023010        0x0
                0x06023010                ___ctors = .
 *(.ctors)
                0x06023010                ___ctors_end = .
                0x06023010                ___dtors = .
 *(.dtors)
                0x06023010                ___dtors_end = .

.data           0x06023010     0x1580
                0x06023010                STARTOF_R = .
 *(.data)
 .data          0x06023010      0x400 ../sbl6/segasmp/per/smpclib/per_x1.o
 .data          0x06023410      0x4c0 graphics.o
                0x0602346a                guy_num
                0x060238c8                bg_num
                0x060234c0                bg_pal
                0x0602345c                guy_name
                0x0602341c                guy_pal
                0x060234b6                font_height
                0x0602341a                map_width
                0x06023418                map_height
                0x06023466                guy_width
                0x06023410                map_name
                0x060234ac                font_name
                0x060238c0                bg_name
                0x060234b8                font_width
                0x06023464                guy_height
                0x060234bc                font_num
                0x0602346c                font_pal
                0x06023468                guy_size
                0x060234ba                font_size
 .data          0x060238d0       0x30 sprite.o
 .data          0x06023900       0x20 scroll.o
                0x06023900                CycleTb
                0x06023910                vram
 .data          0x06023920      0x400 ../sbl6/segalib/lib/sega_int.a(int.o)
 .data          0x06023d20       0x1c ../sbl6/segalib/lib/sega_spr.a(spr_slv.o)
                0x06023d28                SPR_SlaveParam
                0x06023d38                SPR_SMPC_SF
                0x06023d30                SPR_SMPC_COM
                0x06023d2c                SPR_SlaveSHEntry
                0x06023d24                SPR_SlaveState
                0x06023d20                SPR_SlaveCommand
                0x06023d34                SPR_SMPC_RET
 *fill*         0x06023d3c        0x4 00
 .data          0x06023d40       0x34 ../sbl6/segalib/lib/sega_spr.a(spr_1c.o)
                0x06023d40                SpInitialFlag
 *fill*         0x06023d74        0xc 00
 .data          0x06023d80       0x1c ../sbl6/segalib/lib/sega_scl.a(scl_vblv.o)
                0x06023d88                VBInterval
                0x06023d90                ReqDisplayFlag
                0x06023d80                SpFrameChgMode
                0x06023d8c                VBIntervalCounter
                0x06023d84                SpFrameEraseMode
 *fill*         0x06023d9c        0x4 00
 .data          0x06023da0       0x36 ../sbl6/segalib/lib/sega_scl.a(scl_func.o)
                0x06023db0                SclRotregBuff
                0x06023dac                SclDisplayY
                0x06023db4                SclRotateTableMode
                0x06023da8                SclProcess
                0x06023da4                SclCurSclNum
                0x06023da0                SclLengthLsTbl
                0x06023daa                SclDisplayX
                0x06023da2                SclLengthCsTbl
 *fill*         0x06023dd6        0xa 00
 .data          0x06023de0       0x18 ../sbl6/segalib/lib/sega_scl.a(scl_pri.o)
                0x06023de4                SclRealSpPriNum
                0x06023df4                SclRealColOffset
                0x06023df0                SclRealBgColMix
                0x06023dec                SclRealSpColMix
                0x06023de8                SclRealBgPriNum
                0x06023de0                SclRealOtherPri
 *fill*         0x06023df8        0x8 00
 .data          0x06023e00      0x380 C:/saturn/SH_COFF/sh-coff/bin/../lib/gcc/sh-coff/3.4-GNUSH_v0501/../../../../sh-coff/lib\libc.a(impure.o)
                0x0602417c                _impure_ptr
 .data          0x06024180      0x410 C:/saturn/SH_COFF/sh-coff/bin/../lib/gcc/sh-coff/3.4-GNUSH_v0501/../../../../sh-coff/lib\libc.a(mallocr.o)
                0x06024188                __malloc_av_
                0x06024184                __malloc_trim_threshold
                0x06024180                __malloc_sbrk_base
                0x06024590                SIZEOF_R = (. - STARTOF_R)
                0x06024590                ENDOF_R = .

.bss            0x06024590     0x8c04
                0x06024590                STARTOF_B = .
 *(.bss)
 .bss           0x06024590       0x10 vblank.o
                0x06024594                PadData2E
                0x0602459a                PadData1
                0x06024596                PadData2
                0x06024598                PadData1E
                0x06024590                __port
 .bss           0x060245a0       0xd0 ../sbl6/segasmp/per/smpclib/per_x2.o
 .bss           0x06024670       0x10 player.o
                0x06024674                anim_cursor
                0x06024670                bullet_lastframe
 .bss           0x06024680     0x3800 sprite.o
                0x06024680                num_sprites
 .bss           0x06027e80       0x50 scroll.o
                0x06027e9c                map_tiles_x
                0x06027ea4                scrolls_y
                0x06027e80                scroll_transition_state
                0x06027e84                scroll_ysize
                0x06027e94                map_tiles_y
                0x06027e8c                copy_modes
                0x06027eb4                scrolls_x
                0x06027e88                scroll_xsize
 .bss           0x06027ed0       0x10 main.o
                0x06027ed0                frame
 .bss           0x06027ee0       0x6e ../sbl6/segalib/lib/sega_spr.a(spr_2c.o)
 *fill*         0x06027f4e        0x2 00
 .bss           0x06027f50        0x4 ../sbl6/segalib/lib/sega_scl.a(scl_vblv.o)
 *fill*         0x06027f54        0xc 00
 .bss           0x06027f60        0x4 ../sbl6/segalib/lib/sega_scl.a(scl_func.o)
 *fill*         0x06027f64        0xc 00
 .bss           0x06027f70       0x48 ../sbl6/segalib/lib/sega_scl.a(scl_ro00.o)
 *fill*         0x06027fb8        0x8 00
 .bss           0x06027fc0       0x9c ../sbl6/segalib/lib/sega_per.a(per_prt.o)
 *fill*         0x0602805c        0x4 00
 .bss           0x06028060        0xc ../sbl6/segalib/lib/sega_sat.a(DMA_SCU1.o)
 *fill*         0x0602806c        0x4 00
 .bss           0x06028070        0xc ../sbl6/segalib/lib/sega_sat.a(gfs_trn.o)
 *fill*         0x0602807c        0x4 00
 .bss           0x06028080       0x20 ../sbl6/segalib/lib/sega_sat.a(DMA_SCU0.o)
 .bss           0x060280a0        0x2 ../sbl6/segalib/lib/sega_sat.a(cdc_reg.o)
 *fill*         0x060280a2        0xe 00
 .bss           0x060280b0        0xc ../sbl6/segalib/lib/sega_sat.a(cdc_sub.o)
 *fill*         0x060280bc        0x4 00
 .bss           0x060280c0       0x10 C:/saturn/SH_COFF/sh-coff/bin/../lib/gcc/sh-coff/3.4-GNUSH_v0501\libgcc.a(__main.o)
 .bss           0x060280d0       0x10 C:/saturn/SH_COFF/sh-coff/bin/../lib/gcc/sh-coff/3.4-GNUSH_v0501/../../../../sh-coff/lib\libc.a(atexit.o)
 .bss           0x060280e0       0x40 C:/saturn/SH_COFF/sh-coff/bin/../lib/gcc/sh-coff/3.4-GNUSH_v0501/../../../../sh-coff/lib\libc.a(mallocr.o)
                0x06028110                __malloc_top_pad
                0x060280e0                __malloc_current_mallinfo
                0x0602810c                __malloc_max_sbrked_mem
                0x06028108                __malloc_max_total_mem
 .bss           0x06028120       0x10 C:/saturn/SH_COFF/sh-coff/bin/../lib/gcc/sh-coff/3.4-GNUSH_v0501/../../../../sh-coff/lib\libc.a(syscalls.o)
 *(COMMON)
 COMMON         0x06028130     0x1674 cd.o
                                  0x0 (size before relaxing)
                0x06028130                dirname
                0x06028a90                lib_work
                0x06029798                directory_table
 *fill*         0x060297a4        0xc 00
 COMMON         0x060297b0       0x36 player.o
                                  0x0 (size before relaxing)
                0x060297b0                player
                0x060297e4                bullet_direction
 *fill*         0x060297e6        0xa 00
 COMMON         0x060297f0      0x8c0 print.o
                                  0x0 (size before relaxing)
                0x060297f0                text
 COMMON         0x0602a0b0     0x1410 sprite.o
                                  0x0 (size before relaxing)
                0x0602a0b0                sprites
                0x0602a4c0                image_buf
 COMMON         0x0602b4c0      0x24c scroll.o
                                  0x0 (size before relaxing)
                0x0602b4c0                scfg3
                0x0602b550                scfg0
                0x0602b5e0                maps
                0x0602b5f0                scfg2
                0x0602b680                scfg1
 *fill*         0x0602b70c        0x4 00
 COMMON         0x0602b710        0x8 main.o
                                  0x0 (size before relaxing)
                0x0602b710                buf
 *fill*         0x0602b718        0x8 00
 COMMON         0x0602b720      0x400 ../sbl6/segalib/lib/sega_int.a(int.o)
                                  0x0 (size before relaxing)
                0x0602b720                __interrupt_vector
 COMMON         0x0602bb20       0x50 ../sbl6/segalib/lib/sega_spr.a(spr_2c.o)
                                  0x0 (size before relaxing)
                0x0602bb20                SpMstCmd
                0x0602bb24                Sp2OpenFlag
                0x0602bb28                SpGourTblMax
                0x0602bb2c                SpDrawPrtyBlk
                0x0602bb30                SpLCoordX
                0x0602bb34                SpMstDrawPrtyBlk
                0x0602bb38                SpGourTbl
                0x0602bb3c                SpLookupTblR
                0x0602bb40                SpCmdTbl
                0x0602bb44                SpCharMax
                0x0602bb48                SpDrawPrtyProcFlag
                0x0602bb4c                SpCmdNo
                0x0602bb50                SpDrawPrtyBlkMax
                0x0602bb54                SpSlvCmdPos
                0x0602bb58                SpSlvDrawPrtyBlk
                0x0602bb5c                SpCharTbl
                0x0602bb60                SpCmdTblR
                0x0602bb64                SpMstCmdPos
                0x0602bb68                SpSlvCmd
                0x0602bb6c                SpLCoordY
 COMMON         0x0602bb70       0x10 ../sbl6/segalib/lib/sega_spr.a(spr_1c.o)
                                  0x0 (size before relaxing)
                0x0602bb70                SpScreenY
                0x0602bb74                SpFbcrMode
                0x0602bb76                SpDil
                0x0602bb78                SpDie
                0x0602bb7a                SpTvMode
                0x0602bb7c                SpScreenX
 COMMON         0x0602bb80      0xf00 ../sbl6/segalib/lib/sega_scl.a(scl_func.o)
                                  0x0 (size before relaxing)
                0x0602bb80                SclRbgKtbAddr
                0x0602bb88                SclRb
                0x0602bb8a                Scl_flag
                0x0602bb90                SclK_TableBuff
                0x0602c860                SclAddrCsTbl
                0x0602c870                Scl_s_reg
                0x0602c898                SclRotateXy
                0x0602c8a0                Scl_d_reg
                0x0602c8e8                SclRotateDisp
                0x0602c8f0                SclRotateMoveZ
                0x0602c8f8                SclRotXySw
                0x0602c900                Scl_r_reg
                0x0602c910                SclRPMD
                0x0602c918                SclRbgKtbOffset
                0x0602c920                _SclRotregBuff
                0x0602c9f0                SclRa
                0x0602c9f8                SclRotateZ
                0x0602ca00                SclAddrLsTbl
                0x0602ca08                SclK_TableNum
                0x0602ca10                SclRotateTableAddress
                0x0602ca14                SclK_TableFlag
                0x0602ca20                Scl_w_reg
                0x0602ca40                Scl_n_reg
 COMMON         0x0602ca80      0x6b0 ../sbl6/segalib/lib/sega_scl.a(scl_pri.o)
                                  0x0 (size before relaxing)
                0x0602ca80                SclAutoEndBlue2
                0x0602ca90                SclColOffset
                0x0602caa0                SclPriBuffDirty
                0x0602caa2                SclAutoEndRed
                0x0602caa4                SclAutoSurface
                0x0602caa8                SclAutoGreen
                0x0602caaa                SclAutoEndGreen
                0x0602caac                SclAutoCount
                0x0602cab0                SclColRamAlloc256
                0x0602cad0                SclAutoCurRate
                0x0602cad1                SclAutoPlusFlag
                0x0602cad8                SclSpColMix
                0x0602cae0                SclAutoMax
                0x0602cae4                SclLineColRamOffset
                0x0602cae8                SclColRamAlloc2048
                0x0602caec                SclBgPriNum
                0x0602caf2                SclAutoEndBlue
                0x0602caf4                SclAutoEndGreen2
                0x0602caf6                SclAutoVeFlag
                0x0602caf8                SclBgColMix
                0x0602cb00                SclAutoIndex
                0x0602cb04                SclAutoEndRate
                0x0602cb06                SclAutoBlue
                0x0602cb08                SclAutoRed
                0x0602cb0c                SclAutoInterval
                0x0602cb10                SclOtherPri
                0x0602cb20                SclAutoRGB
                0x0602d120                SclAutoEndRed2
                0x0602d128                SclSpPriNum
 COMMON         0x0602d130       0x10 ../sbl6/segalib/lib/sega_scl.a(scl_ro00.o)
                                  0x0 (size before relaxing)
                0x0602d130                SclCsx
                0x0602d138                SclCsy
 COMMON         0x0602d140       0x15 ../sbl6/segalib/lib/sega_per.a(per_prt.o)
                                  0x0 (size before relaxing)
                0x0602d140                per_get_time_flg
                0x0602d141                per_hot_res
                0x0602d142                per_set_sys_flg
                0x0602d144                per_get_time_adr
                0x0602d148                per_get_sys_data
                0x0602d154                per_time_out_flg
 *fill*         0x0602d155        0xb 00
 COMMON         0x0602d160        0xc ../sbl6/segalib/lib/sega_sat.a(gfs.o)
                                  0x0 (size before relaxing)
                0x0602d160                GFMC_base
                0x0602d164                gfs_mng_ptr
                0x0602d168                gfs_use_scudma
 *fill*         0x0602d16c        0x4 00
 COMMON         0x0602d170        0x8 ../sbl6/segalib/lib/sega_sat.a(gfs_cdf.o)
                                  0x0 (size before relaxing)
                0x0602d170                gfcf_fad
                0x0602d174                gfcf_stat
 *fill*         0x0602d178        0x8 00
 COMMON         0x0602d180        0xc ../sbl6/segalib/lib/sega_sat.a(gfs_cdc.o)
                                  0x0 (size before relaxing)
                0x0602d180                gfcd_fatal_err
                0x0602d184                gfcd_work
                0x0602d188                gfcd_playflag
 *fill*         0x0602d18c        0x4 00
 COMMON         0x0602d190        0x4 C:/saturn/SH_COFF/sh-coff/bin/../lib/gcc/sh-coff/3.4-GNUSH_v0501/../../../../sh-coff/lib\libc.a(syscalls.o)
                                  0x0 (size before relaxing)
                0x0602d190                errno
                0x0602d194                SIZEOF_B = (. - STARTOF_B)
                0x0602d194                ENDOF_B = .
                0x0602d194                _end = .
OUTPUT(main.cof coff-sh)

.comment        0x0602d1a0      0x460
 .comment       0x0602d1a0       0x20 ../sbl6/segasmp/lib/strt2_g.o
 .comment       0x0602d1c0       0x20 vblank.o
 .comment       0x0602d1e0       0x20 ../sbl6/segasmp/per/smpclib/per_x1.o
 .comment       0x0602d200       0x20 ../sbl6/segasmp/per/smpclib/per_x2.o
 .comment       0x0602d220       0x20 cd.o
 .comment       0x0602d240       0x20 graphics.o
 .comment       0x0602d260       0x20 player.o
 .comment       0x0602d280       0x20 print.o
 .comment       0x0602d2a0       0x20 sprite.o
 .comment       0x0602d2c0       0x20 scroll.o
 .comment       0x0602d2e0       0x20 main.o
 .comment       0x0602d300       0x20 C:/saturn/SH_COFF/sh-coff/bin/../lib/gcc/sh-coff/3.4-GNUSH_v0501\libgcc.a(__main.o)
 .comment       0x0602d320       0x20 C:/saturn/SH_COFF/sh-coff/bin/../lib/gcc/sh-coff/3.4-GNUSH_v0501\libgcc.a(_si_to_df.o)
 .comment       0x0602d340       0x20 C:/saturn/SH_COFF/sh-coff/bin/../lib/gcc/sh-coff/3.4-GNUSH_v0501\libgcc.a(_mul_df.o)
 .comment       0x0602d360       0x20 C:/saturn/SH_COFF/sh-coff/bin/../lib/gcc/sh-coff/3.4-GNUSH_v0501\libgcc.a(_df_to_si.o)
 .comment       0x0602d380       0x20 C:/saturn/SH_COFF/sh-coff/bin/../lib/gcc/sh-coff/3.4-GNUSH_v0501\libgcc.a(_pack_df.o)
 .comment       0x0602d3a0       0x20 C:/saturn/SH_COFF/sh-coff/bin/../lib/gcc/sh-coff/3.4-GNUSH_v0501\libgcc.a(_unpack_df.o)
 .comment       0x0602d3c0       0x20 C:/saturn/SH_COFF/sh-coff/bin/../lib/gcc/sh-coff/3.4-GNUSH_v0501\libgcc.a(_thenan_df.o)
 .comment       0x0602d3e0       0x20 C:/saturn/SH_COFF/sh-coff/bin/../lib/gcc/sh-coff/3.4-GNUSH_v0501\libgcc.a(_muldi3.o)
 .comment       0x0602d400       0x20 C:/saturn/SH_COFF/sh-coff/bin/../lib/gcc/sh-coff/3.4-GNUSH_v0501\libgcc.a(_lshrdi3.o)
 .comment       0x0602d420       0x20 C:/saturn/SH_COFF/sh-coff/bin/../lib/gcc/sh-coff/3.4-GNUSH_v0501\libgcc.a(_ashldi3.o)
 .comment       0x0602d440       0x20 C:/saturn/SH_COFF/sh-coff/bin/../lib/gcc/sh-coff/3.4-GNUSH_v0501/../../../../sh-coff/lib\libc.a(memcmp.o)
 .comment       0x0602d460       0x20 C:/saturn/SH_COFF/sh-coff/bin/../lib/gcc/sh-coff/3.4-GNUSH_v0501/../../../../sh-coff/lib\libc.a(strncmp.o)
 .comment       0x0602d480       0x20 C:/saturn/SH_COFF/sh-coff/bin/../lib/gcc/sh-coff/3.4-GNUSH_v0501/../../../../sh-coff/lib\libc.a(strncpy.o)
 .comment       0x0602d4a0       0x20 C:/saturn/SH_COFF/sh-coff/bin/../lib/gcc/sh-coff/3.4-GNUSH_v0501/../../../../sh-coff/lib\libc.a(atexit.o)
 .comment       0x0602d4c0       0x20 C:/saturn/SH_COFF/sh-coff/bin/../lib/gcc/sh-coff/3.4-GNUSH_v0501/../../../../sh-coff/lib\libc.a(impure.o)
 .comment       0x0602d4e0       0x20 C:/saturn/SH_COFF/sh-coff/bin/../lib/gcc/sh-coff/3.4-GNUSH_v0501/../../../../sh-coff/lib\libc.a(malloc.o)
 .comment       0x0602d500       0x20 C:/saturn/SH_COFF/sh-coff/bin/../lib/gcc/sh-coff/3.4-GNUSH_v0501/../../../../sh-coff/lib\libc.a(mallocr.o)
 .comment       0x0602d520       0x20 C:/saturn/SH_COFF/sh-coff/bin/../lib/gcc/sh-coff/3.4-GNUSH_v0501/../../../../sh-coff/lib\libc.a(freer.o)
 .comment       0x0602d540       0x20 C:/saturn/SH_COFF/sh-coff/bin/../lib/gcc/sh-coff/3.4-GNUSH_v0501/../../../../sh-coff/lib\libc.a(mlock.o)
 .comment       0x0602d560       0x20 C:/saturn/SH_COFF/sh-coff/bin/../lib/gcc/sh-coff/3.4-GNUSH_v0501/../../../../sh-coff/lib\libc.a(sbrkr.o)
 .comment       0x0602d580       0x20 C:/saturn/SH_COFF/sh-coff/bin/../lib/gcc/sh-coff/3.4-GNUSH_v0501/../../../../sh-coff/lib\libc.a(syscalls.o)
 .comment       0x0602d5a0       0x20 C:/saturn/SH_COFF/sh-coff/bin/../lib/gcc/sh-coff/3.4-GNUSH_v0501/../../../../sh-coff/lib\libc.a(abort.o)
 .comment       0x0602d5c0       0x20 C:/saturn/SH_COFF/sh-coff/bin/../lib/gcc/sh-coff/3.4-GNUSH_v0501/../../../../sh-coff/lib\libc.a(signal.o)
 .comment       0x0602d5e0       0x20 C:/saturn/SH_COFF/sh-coff/bin/../lib/gcc/sh-coff/3.4-GNUSH_v0501/../../../../sh-coff/lib\libc.a(signalr.o)
