Archive member included because of file (symbol)

../sbl6/segalib/lib/sega_int.a(int.o)
                              vblank.o (INT_SetScuFunc)
../sbl6/segalib/lib/sega_int.a(int_trmp.o)
                              ../sbl6/segalib/lib/sega_int.a(int.o) (__interrupt_handler0)
../sbl6/segalib/lib/sega_spr.a(spr_2c.o)
                              sprite.o (SPR_2Initial)
../sbl6/segalib/lib/sega_spr.a(spr_slv.o)
                              ../sbl6/segalib/lib/sega_spr.a(spr_2c.o) (SPR_InitSlaveSH)
../sbl6/segalib/lib/sega_spr.a(spr_1c.o)
                              ../sbl6/segalib/lib/sega_spr.a(spr_2c.o) (SPR_Initial)
../sbl6/segalib/lib/sega_spr.a(spr_2a.o)
                              ../sbl6/segalib/lib/sega_spr.a(spr_2c.o) (SPR_2SetDrawPrty)
../sbl6/segalib/lib/sega_scl.a(scl_vblv.o)
                              ../sbl6/segalib/lib/sega_spr.a(spr_1c.o) (SpFrameChgMode)
../sbl6/segalib/lib/sega_scl.a(scl_func.o)
                              sprite.o (SCL_Vdp2Init)
../sbl6/segalib/lib/sega_scl.a(scl_pr03.o)
                              sprite.o (SCL_AllocColRam)
../sbl6/segalib/lib/sega_scl.a(scl_pr02.o)
                              sprite.o (SCL_SetColRam)
../sbl6/segalib/lib/sega_scl.a(scl_back.o)
                              scroll.o (SCL_SetBack)
../sbl6/segalib/lib/sega_scl.a(scl_fu03.o)
                              scroll.o (SCL_InitConfigTb)
../sbl6/segalib/lib/sega_scl.a(scl_fu02.o)
                              scroll.o (SCL_InitVramConfigTb)
../sbl6/segalib/lib/sega_scl.a(scl_fu04.o)
                              scroll.o (SCL_SetCycleTable)
../sbl6/segalib/lib/sega_scl.a(scl_pr07.o)
                              scroll.o (SCL_SetPriority)
../sbl6/segalib/lib/sega_scl.a(scl_pr01.o)
                              main.o (SCL_SetSpriteMode)
../sbl6/segalib/lib/sega_scl.a(scl_pri.o)
                              ../sbl6/segalib/lib/sega_scl.a(scl_func.o) (SclRealOtherPri)
../sbl6/segalib/lib/sega_scl.a(scl_ro00.o)
                              ../sbl6/segalib/lib/sega_scl.a(scl_func.o) (SCL_Rotate)
../sbl6/segalib/lib/sega_scl.a(scl_pr06.o)
                              ../sbl6/segalib/lib/sega_scl.a(scl_pr03.o) (SCL_SetColRamOffset)
../sbl6/segalib/lib/sega_scl.a(scl_pr05.o)
                              ../sbl6/segalib/lib/sega_scl.a(scl_pr02.o) (SCL_GetColRamOffset)
../sbl6/segalib/lib/sega_mth.a(mth_fixd.o)
                              sprite.o (MTH_Mul)
../sbl6/segalib/lib/sega_mth.a(mth_tri.o)
                              sprite.o (MTH_Sin)
../sbl6/segalib/lib/sega_per.a(per_prt.o)
                              ../sbl6/segasmp/per/smpclib/per_x2.o (PER_LInit)
../sbl6/segalib/lib/sega_sat.a(gfs.o)
                              cd.o (GFS_Init)
../sbl6/segalib/lib/sega_sat.a(DMA_SCU1.o)
                              ../sbl6/segalib/lib/sega_spr.a(spr_2c.o) (DMA_ScuMemCopy)
../sbl6/segalib/lib/sega_sat.a(gfs_cdf.o)
                              ../sbl6/segalib/lib/sega_sat.a(gfs.o) (GFCF_Init)
../sbl6/segalib/lib/sega_sat.a(gfs_dir.o)
                              ../sbl6/segalib/lib/sega_sat.a(gfs.o) (GFDR_SetupDirTbl)
../sbl6/segalib/lib/sega_sat.a(gfs_trn.o)
                              ../sbl6/segalib/lib/sega_sat.a(gfs.o) (GFTR_Setup)
../sbl6/segalib/lib/sega_sat.a(gfs_buf.o)
                              ../sbl6/segalib/lib/sega_sat.a(gfs.o) (GFBF_GetNumData)
../sbl6/segalib/lib/sega_sat.a(gfs_cdb.o)
                              ../sbl6/segalib/lib/sega_sat.a(gfs_cdf.o) (GFCB_Setup)
../sbl6/segalib/lib/sega_sat.a(gfs_cdc.o)
                              ../sbl6/segalib/lib/sega_sat.a(gfs.o) (GFCD_SetCdbfs)
../sbl6/segalib/lib/sega_sat.a(DMA_SCU0.o)
                              ../sbl6/segalib/lib/sega_sat.a(DMA_SCU1.o) (DMA_ScuSetPrm)
../sbl6/segalib/lib/sega_sat.a(csh_main.o)
                              ../sbl6/segalib/lib/sega_sat.a(DMA_SCU1.o) (CSH_Purge)
../sbl6/segalib/lib/sega_sat.a(DMA_CPU0.o)
                              ../sbl6/segalib/lib/sega_sat.a(gfs_trn.o) (DMA_CpuSetComPrm)
../sbl6/segalib/lib/sega_sat.a(cdc_reg.o)
                              ../sbl6/segalib/lib/sega_sat.a(gfs_cdb.o) (CDC_GetDataPtr)
../sbl6/segalib/lib/sega_sat.a(cdc_cfs.o)
                              ../sbl6/segalib/lib/sega_sat.a(gfs_cdc.o) (CDC_ChgDir)
../sbl6/segalib/lib/sega_sat.a(cdc_cmn.o)
                              ../sbl6/segalib/lib/sega_sat.a(gfs_cdc.o) (CDC_GetCurStat)
../sbl6/segalib/lib/sega_sat.a(cdc_bio.o)
                              ../sbl6/segalib/lib/sega_sat.a(gfs_cdc.o) (CDC_SetSctLen)
../sbl6/segalib/lib/sega_sat.a(cdc_sel.o)
                              ../sbl6/segalib/lib/sega_sat.a(gfs_cdc.o) (CDC_SetFiltRange)
../sbl6/segalib/lib/sega_sat.a(cdc_drv.o)
                              ../sbl6/segalib/lib/sega_sat.a(gfs_cdc.o) (CDC_CdPlay)
../sbl6/segalib/lib/sega_sat.a(cdc_bif.o)
                              ../sbl6/segalib/lib/sega_sat.a(gfs_cdc.o) (CDC_GetBufSiz)
../sbl6/segalib/lib/sega_sat.a(cdc_dev.o)
[...]
Memory Configuration

Name             Origin             Length             Attributes
*default*        0x00000000         0xffffffff

Linker script and memory map

LOAD ../sbl6/segasmp/lib/strt1_g.o
LOAD ../sbl6/segasmp/lib/strt2_g.o
LOAD vblank.o
LOAD ../sbl6/segasmp/per/smpclib/per_x1.o
LOAD ../sbl6/segasmp/per/smpclib/per_x2.o
LOAD ../sbl6/segasmp/per/smpclib/per_x3.o
LOAD blocks.o
LOAD cd.o
LOAD collision.o
LOAD graphics.o
LOAD player.o
LOAD print.o
LOAD sprite.o
LOAD scroll.o
LOAD main.o
LOAD ../sbl6/segalib/lib/sega_int.a
LOAD ../sbl6/segalib/lib/sega_spr.a
LOAD ../sbl6/segalib/lib/sega_scl.a
LOAD ../sbl6/segalib/lib/sega_mth.a
LOAD ../sbl6/segalib/lib/sega_cdc.a
LOAD ../sbl6/segalib/lib/sega_adp.a
LOAD ../sbl6/segalib/lib/sega_per.a
LOAD ../sbl6/segalib/lib/sega_sat.a
LOAD C:/saturn/SH_COFF/sh-coff/bin/../lib/gcc/sh-coff/3.4-GNUSH_v0501\libgcc.a
LOAD C:/saturn/SH_COFF/sh-coff/bin/../lib/gcc/sh-coff/3.4-GNUSH_v0501/../../../../sh-coff/lib\libc.a
LOAD C:/saturn/SH_COFF/sh-coff/bin/../lib/gcc/sh-coff/3.4-GNUSH_v0501\libgcc.a

.text           0x06010000    0x13b50
 *(.text)
 .text          0x06010000       0x30 ../sbl6/segasmp/lib/strt1_g.o
                0x06010024                _D_END
                0x06010020                _D_BGN
                0x0601002c                _B_END
                0x06010028                _B_BGN
                0x06010000                START
 .text          0x06010030       0x60 ../sbl6/segasmp/lib/strt2_g.o
                0x06010050                _INITSCT
                0x06010030                _INIT
 .text          0x06010090      0x180 vblank.o
                0x06010090                SetVblank
                0x06010110                UsrVblankOut
                0x060100f0                UsrVblankIn
 .text          0x06010210      0x430 ../sbl6/segasmp/per/smpclib/per_x1.o
                0x060105a4                PER_GetAnalogXYZ
                0x06010234                PER_GetTriggerHandler
                0x060104ce                PER_GetEdge
                0x0601044c                PER_GetTrigger
                0x060104f8                PER_GetPressEdge
                0x0601054c                PER_GetReleaseEdge
                0x06010210                PER_SetTriggerHandler
 .text          0x06010640      0x200 ../sbl6/segasmp/per/smpclib/per_x2.o
                0x06010744                PER_GetDeviceA
                0x06010640                PER_OpenPort
                0x06010678                PER_GetPort
                0x060107be                PER_GetDeviceR
 .text          0x06010840       0x20 ../sbl6/segasmp/per/smpclib/per_x3.o
                0x06010840                PER_DisguiseTrigger
 .text          0x06010860       0xe0 blocks.o
                0x06010860                block_get
                0x060108c0                block_check
                0x060108f0                block_spike
 .text          0x06010940       0xa0 cd.o
                0x06010940                cd_init
                0x06010970                cd_load
 .text          0x060109e0      0xa00 collision.o
                0x060109e0                collision_check_up
                0x06011230                collision_eject_horiz
                0x060110a0                collision_eject_vert
                0x06010dc0                collision_check
                0x06010c20                collision_check_left
                0x06010cf0                collision_check_right
                0x06011000                collision_spikes
                0x06010b70                collision_check_below
                0x06010a70                collision_check_down
 .text          0x060113e0      0x500 player.o
                0x060113e0                player_frames
                0x060114f0                player_input
                0x060113f0                player_init
                0x06011840                player_draw
                0x06011440                player_animate
 .text          0x060118e0      0x170 print.o
                0x060119b0                print_display
                0x06011920                print_num
                0x060118e0                print_init
                0x06011970                print_string
 .text          0x06011a50      0x5e0 sprite.o
                0x06011a80                sprite_init
                0x06011e60                sprite_make
                0x06011fa0                sprite_next
                0x06012000                sprite_delete
                0x06011ea0                sprite_draw_all
                0x06011a50                sprite_deleteall
                0x06011c10                sprite_draw
 .text          0x06012030      0x700 scroll.o
                0x06012030                scroll_move
                0x06012540                scroll_get
                0x060125a0                scroll_copy
                0x06012180                scroll_set
                0x060126d0                scroll_reset
                0x06012290                scroll_init
                0x060121b0                scroll_scale
 .text          0x06012730      0x110 main.o
                0x06012730                main
 .text          0x06012840       0x40 ../sbl6/segalib/lib/sega_int.a(int.o)
                0x0601286c                INT_GetScuFunc
                0x06012840                INT_SetScuFunc
 .text          0x06012880      0x624 ../sbl6/segalib/lib/sega_int.a(int_trmp.o)
                0x060129e8                __interrupt_handler60
                0x06012b98                __interrupt_handler132
                0x06012d4e                __interrupt_handler205
                0x06012bb6                __interrupt_handler137
                0x06012ae4                __interrupt_handler102
                0x06012922                __interrupt_handler27
                0x06012d24                __interrupt_handler198
                0x06012c16                __interrupt_handler153
                0x060128fe                __interrupt_handler21
                0x06012a0c                __interrupt_handler66
                0x06012afc                __interrupt_handler106
                0x06012c46                __interrupt_handler161
                0x06012a90                __interrupt_handler88
                0x06012c5e                __interrupt_handler165
                0x06012b6e                __interrupt_handler125
                0x060128a4                __interrupt_handler6
                0x06012940                __interrupt_handler32
                0x06012cfa                __interrupt_handler191
                0x06012e14                __interrupt_handler238
                0x06012e2c                __interrupt_handler242
                0x06012c34                __interrupt_handler158
                0x06012a9c                __interrupt_handler90
                0x06012c58                __interrupt_handler164
                0x0601297c                __interrupt_handler42
                0x06012cbe                __interrupt_handler181
                0x06012dc6                __interrupt_handler225
                0x06012e6e                __interrupt_handler253
                0x06012c82                __interrupt_handler171
                0x06012a3c                __interrupt_handler74
                0x06012892                __interrupt_handler3
                0x060129d6                __interrupt_handler57
                0x060128d4                __interrupt_handler14
                0x06012d6c                __interrupt_handler210
                0x06012d9c                __interrupt_handler218
                0x06012d60                __interrupt_handler208
                0x06012964                __interrupt_handler38
                0x06012880                __interrupt_handler0
                0x06012af0                __interrupt_handler104
                0x06012c2e                __interrupt_handler157
                0x06012d7e                __interrupt_handler213
                0x06012c70                __interrupt_handler168
                0x06012a7e                __interrupt_handler85
                0x06012b1a                __interrupt_handler111
                0x06012b2c                __interrupt_handler114
                0x0601299a                __interrupt_handler47
                0x06012df0                __interrupt_handler232
                0x06012dba                __interrupt_handler223
                0x06012e0e                __interrupt_handler237
                0x060129fa                __interrupt_handler63
                0x06012988                __interrupt_handler44
                0x06012c9a                __interrupt_handler175
                0x06012cc4                __interrupt_handler182
                0x06012cdc                __interrupt_handler186
                0x06012bda                __interrupt_handler143
                0x06012b02                __interrupt_handler107
                0x06012b68                __interrupt_handler124
                0x06012c88                __interrupt_handler172
                0x06012e3e                __interrupt_handler245
                0x06012aba                __interrupt_handler95
                0x06012b92                __interrupt_handler131
                0x06012ba4                __interrupt_handler134
                0x06012bc2                __interrupt_handler139
                0x06012a30                __interrupt_handler72
                0x06012dea                __interrupt_handler231
                0x06012c40                __interrupt_handler160
                0x06012b86                __interrupt_handler129
                0x060128f8                __interrupt_handler20
                0x06012a06                __interrupt_handler65
                0x060129d0                __interrupt_handler56
                0x060128ce                __interrupt_handler13
                0x06012d66                __interrupt_handler209
                0x06012b20                __interrupt_handler112
                0x060128f2                __interrupt_handler19
                0x06012aae                __interrupt_handler93
                0x06012d18                __interrupt_handler196
                0x06012c0a                __interrupt_handler151
                0x06012c6a                __interrupt_handler167
                0x06012e80                __trampoline
                0x060128e6                __interrupt_handler17
                0x06012dd8                __interrupt_handler228
                0x06012e7a                __interrupt_handler255
                0x06012e38                __interrupt_handler244
                0x06012ad2                __interrupt_handler99
                0x06012cca                __interrupt_handler183
                0x06012bc8                __interrupt_handler140
                0x06012cee                __interrupt_handler189
                0x06012bec                __interrupt_handler146
                0x06012db4                __interrupt_handler222
                0x06012c28                __interrupt_handler156
                0x06012b5c                __interrupt_handler122
                0x06012e50                __interrupt_handler248
                0x060129a0                __interrupt_handler48
                0x06012a1e                __interrupt_handler69
                0x06012910                __interrupt_handler24
                0x06012a96                __interrupt_handler89
                0x06012d8a                __interrupt_handler215
                0x06012e74                __interrupt_handler254
                0x06012a8a                __interrupt_handler87
                0x060129ee                __interrupt_handler61
                0x06012d12                __interrupt_handler195
                0x06012c04                __interrupt_handler150
                0x06012976                __interrupt_handler41
                0x06012b14                __interrupt_handler110
                0x06012b7a                __interrupt_handler127
                0x06012b08                __interrupt_handler108
                0x06012b26                __interrupt_handler113
                0x06012b38                __interrupt_handler116
                0x06012b56                __interrupt_handler121
                0x06012a4e                __interrupt_handler77
                0x0601296a                __interrupt_handler39
                0x06012982                __interrupt_handler43
                0x06012e56                __interrupt_handler249
                0x06012c94                __interrupt_handler174
                0x06012bb0                __interrupt_handler136
                0x06012ce8                __interrupt_handler188
                0x06012be6                __interrupt_handler145
                0x060128b6                __interrupt_handler9
                0x06012a5a                __interrupt_handler79
                0x06012dd2                __interrupt_handler227
                0x0601294c                __interrupt_handler34
                0x06012b8c                __interrupt_handler130
                0x06012e4a                __interrupt_handler247
                0x06012a42                __interrupt_handler75
                0x06012c8e                __interrupt_handler173
                0x060129be                __interrupt_handler53
                0x06012bfe                __interrupt_handler149
                0x06012e62                __interrupt_handler251
                0x06012df6                __interrupt_handler233
                0x060128bc                __interrupt_handler10
                0x06012d48                __interrupt_handler204
                0x06012a6c                __interrupt_handler82
                0x06012a72                __interrupt_handler83
                0x06012916                __interrupt_handler25
                0x06012e32                __interrupt_handler243
                0x06012c4c                __interrupt_handler162
                0x06012994                __interrupt_handler46
                0x06012cac                __interrupt_handler178
                0x06012a60                __interrupt_handler80
                0x060129f4                __interrupt_handler62
                0x0601288c                __interrupt_handler2
                0x0601292e                __interrupt_handler29
                0x06012a24                __interrupt_handler70
                0x06012b0e                __interrupt_handler109
                0x06012bf8                __interrupt_handler148
                0x06012ab4                __interrupt_handler94
                0x06012dc0                __interrupt_handler224
                0x06012aea                __interrupt_handler103
                0x06012958                __interrupt_handler36
                0x06012b74                __interrupt_handler126
                0x06012e44                __interrupt_handler246
                0x060129ca                __interrupt_handler55
                0x060128c8                __interrupt_handler12
                0x060129b8                __interrupt_handler52
                0x06012ce2                __interrupt_handler187
                0x06012be0                __interrupt_handler144
                0x06012b3e                __interrupt_handler117
                0x060128ec                __interrupt_handler18
                0x06012d1e                __interrupt_handler197
                0x06012c10                __interrupt_handler152
                0x06012b44                __interrupt_handler118
                0x06012c7c                __interrupt_handler170
                0x06012d36                __interrupt_handler201
                0x06012ac6                __interrupt_handler97
                0x06012c52                __interrupt_handler163
                0x06012cb8                __interrupt_handler180
                0x06012d00                __interrupt_handler192
                0x06012e20                __interrupt_handler240
                0x06012b62                __interrupt_handler123
                0x06012d84                __interrupt_handler214
                0x0601293a                __interrupt_handler31
                0x06012928                __interrupt_handler28
                0x06012a12                __interrupt_handler67
                0x06012a18                __interrupt_handler68
                0x06012904                __interrupt_handler22
                0x0601290a                __interrupt_handler23
                0x06012ca0                __interrupt_handler176
                0x060128aa                __interrupt_handler7
                0x06012dae                __interrupt_handler221
                0x06012d96                __interrupt_handler217
                0x06012dde                __interrupt_handler229
                0x060129a6                __interrupt_handler49
                0x06012898                __interrupt_handler4
                0x06012970                __interrupt_handler40
                0x06012b32                __interrupt_handler115
                0x06012e02                __interrupt_handler235
                0x06012aa2                __interrupt_handler91
                0x06012d54                __interrupt_handler206
                0x06012ca6                __interrupt_handler177
                0x06012bf2                __interrupt_handler147
                0x0601295e                __interrupt_handler37
                0x06012e5c                __interrupt_handler250
                0x06012886                __interrupt_handler1
                0x06012da2                __interrupt_handler219
                0x06012a48                __interrupt_handler76
                0x06012ad8                __interrupt_handler100
                0x060129dc                __interrupt_handler58
                0x060128da                __interrupt_handler15
                0x06012d78                __interrupt_handler212
                0x06012e26                __interrupt_handler241
                0x06012d3c                __interrupt_handler202
                0x06012d06                __interrupt_handler193
                0x06012a54                __interrupt_handler78
                0x060129ac                __interrupt_handler50
                0x06012946                __interrupt_handler33
                0x06012c64                __interrupt_handler166
                0x06012bbc                __interrupt_handler138
                0x06012baa                __interrupt_handler135
                0x06012934                __interrupt_handler30
                0x06012cd0                __interrupt_handler184
                0x06012bce                __interrupt_handler141
                0x06012de4                __interrupt_handler230
                0x06012e08                __interrupt_handler236
                0x06012b4a                __interrupt_handler119
                0x06012a84                __interrupt_handler86
                0x06012af6                __interrupt_handler105
                0x06012a66                __interrupt_handler81
                0x06012b50                __interrupt_handler120
                0x06012b80                __interrupt_handler128
                0x060129c4                __interrupt_handler54
                0x060128c2                __interrupt_handler11
                0x06012d2a                __interrupt_handler199
                0x06012c1c                __interrupt_handler154
                0x0601298e                __interrupt_handler45
                0x06012d90                __interrupt_handler216
                0x06012d42                __interrupt_handler203
                0x06012ade                __interrupt_handler101
                0x06012a78                __interrupt_handler84
                0x06012cd6                __interrupt_handler185
                0x06012bd4                __interrupt_handler142
                0x0601291c                __interrupt_handler26
                0x06012a00                __interrupt_handler64
                0x06012d30                __interrupt_handler200
                0x06012d5a                __interrupt_handler207
                0x06012d0c                __interrupt_handler194
                0x06012aa8                __interrupt_handler92
                0x06012c22                __interrupt_handler155
                0x06012d72                __interrupt_handler211
                0x06012b9e                __interrupt_handler133
                0x0601289e                __interrupt_handler5
                0x06012a36                __interrupt_handler73
                0x060128e0                __interrupt_handler16
                0x06012e1a                __interrupt_handler239
                0x06012dfc                __interrupt_handler234
                0x06012952                __interrupt_handler35
                0x060129e2                __interrupt_handler59
                0x06012c76                __interrupt_handler169
                0x06012acc                __interrupt_handler98
                0x06012a2a                __interrupt_handler71
                0x060129b2                __interrupt_handler51
                0x06012c3a                __interrupt_handler159
                0x06012dcc                __interrupt_handler226
                0x06012ac0                __interrupt_handler96
                0x06012cf4                __interrupt_handler190
                0x06012da8                __interrupt_handler220
                0x060128b0                __interrupt_handler8
                0x06012cb2                __interrupt_handler179
                0x06012e68                __interrupt_handler252
 *fill*         0x06012ea4        0xc 00
 .text          0x06012eb0     0x12a0 ../sbl6/segalib/lib/sega_spr.a(spr_2c.o)
                0x06014110                SlaveFlushDrawPrtyBlock
                0x06012eb0                SPR_2Initial
                0x060136f4                SPR_2SysClip
                0x06013694                SPR_2LocalCoord
                0x06013f8c                SPR_2FlushDrawPrtyBlock
                0x06013c78                SPR_2DistSpr
                0x0601367c                SPR_2FlushDrawPrty
                0x06013d9c                SPR_2Cmd
                0x06013378                SPR_2GourTblNoToVram
                0x060133d8                SPR_2GetAreaSizeInfo
                0x06013140                SPR_2SetGourTbl
                0x0601392c                SPR_2Polygon
                0x060133b4                SPR_2CharNoToVram
                0x060130c0                SPR_2SetTvMode
                0x0601351c                SPR_2CloseCommand
                0x060130fc                SPR_2FrameEraseData
                0x06012ed8                SPR_2Initial2
                0x06013b0c                SPR_2ScaleSpr
                0x0601379c                SPR_2Line
                0x06013468                SPR_2OpenCommand
                0x060130dc                SPR_2FrameChgIntr
                0x060139e8                SPR_2NormSpr
                0x06013170                SPR_2SetLookupTbl
                0x060131a4                SPR_2SetChar
                0x0601339c                SPR_2LookupTblNoToVram
                0x06013870                SPR_2PolyLine
                0x06013310                SPR_2ClrAllChar
                0x060132c4                SPR_2ClrChar
                0x06013740                SPR_2UserClip
 .text          0x06014150      0x1e6 ../sbl6/segalib/lib/sega_spr.a(spr_slv.o)
                0x060142b4                SPR_WaitEndSlaveSH
                0x06014150                SPR_SMPC_SSHON
                0x06014290                SPR_RunSlaveSH
                0x06014154                SPR_InitSlaveSH
                0x0601421c                SPR_SlaveSHmain
                0x06014151                SPR_SMPC_SSHOFF
 *fill*         0x06014336        0xa 00
 .text          0x06014340      0x36a ../sbl6/segalib/lib/sega_spr.a(spr_1c.o)
                0x060145f4                SPR_WaitDrawEnd
                0x0601460c                SPR_SetEosMode
                0x06014524                SPR_SetEraseData
                0x06014340                SPR_Initial
                0x06014418                SPR_SetTvMode
                0x060144b0                SPR_GetStatus
 *fill*         0x060146aa        0x6 00
 .text          0x060146b0      0x244 ../sbl6/segalib/lib/sega_spr.a(spr_2a.o)
                0x060146c2                sprMemCpyW
                0x06014720                flushDrawPrtyBlock
                0x060146b0                sprMemCpyL
                0x060146d4                SPR_2SetDrawPrty
 *fill*         0x060148f4        0xc 00
 .text          0x06014900      0x2fc ../sbl6/segalib/lib/sega_scl.a(scl_vblv.o)
                0x060149bc                SCL_DisplayFrame
                0x06014900                SCL_SetFrameInterval
                0x060149f0                SCL_VblInit
                0x06014a40                SCL_VblankStart
                0x06014a84                SCL_VblankEnd
 *fill*         0x06014bfc        0x4 00
 .text          0x06014c00      0xb9c ../sbl6/segalib/lib/sega_scl.a(scl_func.o)
                0x060155dc                SCL_Vdp2_SGLInit
                0x060154ec                SCL_PriIntProc
                0x06015464                SCL_Memcpyw
                0x0601577c                SCL_SglOff
                0x0601575c                SCL_SglOn
                0x060153d0                SCL_ScrollShow
                0x06014e78                SCL_Close
                0x06015170                SCL_Scale
                0x06014c00                SCL_Vdp2Init
                0x06014fe4                SCL_Move
                0x060152ac                SCL_CopyReg
                0x06014e54                SCL_Open
                0x06014c84                SCL_ParametersInit
                0x06014e94                SCL_MoveTo
                0x0601548c                SCL_SetColRamMode
 *fill*         0x0601579c        0x4 00
 .text          0x060157a0      0x138 ../sbl6/segalib/lib/sega_scl.a(scl_pr03.o)
                0x060157a0                SCL_FreeColRam
                0x060157d8                SCL_AllocColRam
 *fill*         0x060158d8        0x8 00
 .text          0x060158e0       0x9c ../sbl6/segalib/lib/sega_scl.a(scl_pr02.o)
                0x060158e0                SCL_SetColRam
 *fill*         0x0601597c        0x4 00
 .text          0x06015980       0x84 ../sbl6/segalib/lib/sega_scl.a(scl_back.o)
                0x06015980                SCL_SetBack
 *fill*         0x06015a04        0xc 00
 .text          0x06015a10      0x94c ../sbl6/segalib/lib/sega_scl.a(scl_fu03.o)
                0x06015a6c                SCL_SetConfig
                0x06015a10                SCL_InitConfigTb
 *fill*         0x0601635c        0x4 00
 .text          0x06016360      0x4f4 ../sbl6/segalib/lib/sega_scl.a(scl_fu02.o)
                0x06016398                SCL_SetVramConfig
                0x06016360                SCL_InitVramConfigTb
 *fill*         0x06016854        0xc 00
 .text          0x06016860       0x28 ../sbl6/segalib/lib/sega_scl.a(scl_fu04.o)
                0x06016860                SCL_SetCycleTable
 *fill*         0x06016888        0x8 00
 .text          0x06016890      0x214 ../sbl6/segalib/lib/sega_scl.a(scl_pr07.o)
                0x06016890                SCL_SetPriority
 *fill*         0x06016aa4        0xc 00
 .text          0x06016ab0       0x58 ../sbl6/segalib/lib/sega_scl.a(scl_pr01.o)
                0x06016ab0                SCL_SetSpriteMode
 *fill*         0x06016b08        0x8 00
 .text          0x06016b10     0x10a4 ../sbl6/segalib/lib/sega_scl.a(scl_pri.o)
                0x06016ba4                SCL_AbortAutoVe
                0x06017a54                SCL_SetShadowBit
                0x0601701c                SCL_AutoExec
                0x06016b10                SCL_PriorityInit
                0x06017530                SCL_IncColOffset
                0x06016bb8                SCL_SetColMixRate
                0x06016b88                SCL_GetColRamMode
 *fill*         0x06017bb4        0xc 00
 .text          0x06017bc0     0x1394 ../sbl6/segalib/lib/sega_scl.a(scl_ro00.o)
                0x06018dac                SCL_RotateZD
                0x06018074                SCL_Rotate
                0x06017d48                SCL_InitRotateTable
 *fill*         0x06018f54        0xc 00
 .text          0x06018f60      0x1b4 ../sbl6/segalib/lib/sega_scl.a(scl_pr06.o)
                0x06018f60                SCL_SetColRamOffset
 *fill*         0x06019114        0xc 00
 .text          0x06019120       0xac ../sbl6/segalib/lib/sega_scl.a(scl_pr05.o)
                0x06019120                SCL_GetColRamOffset
 *fill*         0x060191cc        0x4 00
 .text          0x060191d0       0xa4 ../sbl6/segalib/lib/sega_mth.a(mth_fixd.o)
                0x06019220                MTH_FixedToInt
                0x06019210                MTH_IntToFixed
                0x060191d0                MTH_Mul
                0x06019230                MTH_Product
                0x060191f0                MTH_Div
 *fill*         0x06019274        0xc 00
 .text          0x06019280      0x600 ../sbl6/segalib/lib/sega_mth.a(mth_tri.o)
                0x0601931c                fcos
                0x06019322                fsin
                0x060192cc                MTH_Cos
                0x06019280                MTH_Sin
                0x060194c0                MTH_Atan
 .text          0x06019880      0xf50 ../sbl6/segalib/lib/sega_per.a(per_prt.o)
                0x06019ca0                PER_IntFunc
                0x06019a98                PER_LGetPer
                0x06019880                PER_LInit
 .text          0x0601a7d0     0x1b04 ../sbl6/segalib/lib/sega_sat.a(gfs.o)
                0x0601a7d0                gfs_version
                0x0601ba44                gfs_mngGetNumFile
                0x0601c1c4                gfs_closeSub
                0x0601b560                GFS_SetGmode
                0x0601b81c                GFS_SetErrFunc
                0x0601b96c                gfs_mngSetupFuncTbl
                0x0601ab28                GFS_Reset
                0x0601b894                gfs_chgRoot
                0x0601b960                gfs_aborttrans
                0x0601bc44                gfs_svrAddHndl
                0x0601baf4                gfs_mngFreeGrp
                0x0601b86c                GFS_ConvTno
                0x0601bdf8                gfs_getRootDir
                0x0601b848                GFS_GetErrStat
                0x0601ac98                GFS_Seek
                0x0601b304                GFS_NwStop
                0x0601bb00                gfs_mngTermAccess
                0x0601abac                GFS_Open
                0x0601baac                GFS_mngAllocGrp
                0x0601c20c                gfs_isTaskDone
                0x0601b004                GFS_Fread
                0x0601b764                GFS_StartTrans
                0x0601c160                gfs_GetFinfo
                0x0601b9a0                gfs_mngInitWork
                0x0601adf0                GFS_ByteToSct
                0x0601bc04                gfs_svrSearchHndl
                0x0601bef4                gfs_loadRootDir
                0x0601aa4c                GFS_IdToName
                0x0601b148                GFS_NwFread
                0x0601b694                GFS_SetTransPara
                0x0601b254                GFS_NwCdRead
                0x0601bd34                gfs_loadVol
                0x0601b630                GFS_SetReadPara
                0x0601ad4c                GFS_Tell
                0x0601b5c4                GFS_SetTmode
                0x0601c0c8                GFS_GetFad
                0x0601b700                GFS_SetTrFunc
                0x0601b7b0                GFS_CdMovePickup
                0x0601a9e8                GFS_NameToId
                0x0601b41c                GFS_NwExecOne
                0x0601bf7c                gfs_flowIn
                0x0601aea4                GFS_GetFileInfo
                0x0601c024                gfs_transData
                0x0601bc80                gfs_svrRemoveHndl
                0x0601b2cc                GFS_NwIsComplete
                0x0601c200                gfs_getGmode
                0x0601b370                GFS_NwGetStat
                0x0601bcdc                GFS_OpenSub
                0x0601a980                GFS_SetDir
                0x0601ae4c                GFS_GetFileSize
                0x0601af18                GFS_GetNumCdbuf
                0x0601c260                gfs_convFinStat
                0x0601af40                GFS_Load
                0x0601b0a0                gfs_waitRead
                0x0601a8d8                GFS_LoadDir
                0x0601aab8                GFS_GetDirInfo
                0x0601ac60                GFS_Close
                0x0601a7f0                GFS_Init
                0x0601b3ec                gfs_recovRdErr
                0x0601bb84                gfs_mngSetErrCode
                0x0601b4dc                GFS_NwExecServer
                0x0601ad9c                GFS_IsEof
                0x0601c120                gfs_SetSct
 *fill*         0x0601c2d4        0xc 00
 .text          0x0601c2e0      0x1f4 ../sbl6/segalib/lib/sega_sat.a(DMA_SCU1.o)
                0x0601c43c                DMA_ScuResult
                0x0601c2e0                DMA_ScuInit
                0x0601c330                DMA_ScuMemCopy
 *fill*         0x0601c4d4        0xc 00
 .text          0x0601c4e0      0x8d4 ../sbl6/segalib/lib/sega_sat.a(gfs_cdf.o)
                0x0601c9d4                GFCF_Seek
                0x0601cadc                GFCF_GetStat
                0x0601c9bc                GFCF_Tell
                0x0601c580                GFCF_Setup
                0x0601ca88                GFCF_cnvIntlvOfs
                0x0601c4e0                GFCF_Init
                0x0601c974                GFCF_Recover
                0x0601c6c8                GFCF_SetSct
                0x0601c9ec                GFCF_MovePickup
                0x0601cbb0                gfcf_isCdOk
                0x0601c780                GFCF_FlowInBuf
                0x0601c70c                GFCF_GetFileInfo
                0x0601c8d4                GFCF_StopInBuf
                0x0601cb74                gfcf_getSctSize
                0x0601cc70                gfcf_getPlayRange
 *fill*         0x0601cdb4        0xc 00
 .text          0x0601cdc0      0x928 ../sbl6/segalib/lib/sega_sat.a(gfs_dir.o)
                0x0601d2b0                gfdr_setNextRec
                0x0601d6ac                gfdr_setDirrecCd
                0x0601d0a8                gfdr_open
                0x0601cebc                GFDR_GetAtrDirId
                0x0601d190                gfdr_readByte
                0x0601cdc0                GFDR_SetupDirTbl
                0x0601d288                gfdr_readLongNM
                0x0601d334                gfdr_readDirEnt
                0x0601ceec                GFDR_ChgRoot
                0x0601ce34                GFDR_NameToId
                0x0601cf78                gfdr_setupDirIdTbl
                0x0601ced4                GFDR_GetAtrDirName
                0x0601ce94                GFDR_GetInfoDirId
                0x0601d23c                gfdr_readLongNB
                0x0601d0d0                gfdr_read
                0x0601d1bc                gfdr_readWord
                0x0601cffc                gfdr_setupDirNameTbl
                0x0601cea8                GFDR_GetInfoDirName
                0x0601cf04                GFDR_ChgDir
                0x0601d1e8                gfdr_readWordNB
 *fill*         0x0601d6e8        0x8 00
 .text          0x0601d6f0      0xa46 ../sbl6/segalib/lib/sega_sat.a(gfs_trn.o)
                0x0601d7d0                GFTR_SetTransMax
                0x0601dba0                gftr_execScu
                0x0601e124                GFTR_SetTransFunc
                0x0601dfec                gftr_remTrn
                0x0601e110                GFTR_SetData
                0x0601de10                gftr_execSdma1
                0x0601e060                gftr_copyFrac
                0x0601d7c4                GFTR_GetNumTrans
                0x0601d764                GFTR_SetMode
                0x0601dde0                gftr_remDma0
                0x0601e088                GFTR_GetLenData
                0x0601db94                gftr_reqScu
                0x0601ddf8                gftr_reqDma1
                0x0601dab0                gftr_getSrcPack
                0x0601e0e0                GFTR_RtnDstPk
                0x0601dc7c                gfdma_exec
                0x0601df14                gftr_execTrn
                0x0601d9a8                GFTR_ExecSvr
                0x0601dea4                gftr_reqTrn
                0x0601dd6c                gfdma_getBytecnt
                0x0601de4c                gftr_reqCpu
                0x0601e0ac                GFTR_GetDstPack
                0x0601dda4                gftr_reqDma0
                0x0601d930                GFTR_Idle
                0x0601d7e8                GFTR_Pause
                0x0601d7b8                GFTR_GetTransPara
                0x0601de98                gftr_remCpu
                0x0601d784                GFTR_SetTransPara
                0x0601de34                gftr_remDma1
                0x0601d7f4                GFTR_Stop
                0x0601ddbc                gftr_execSdma0
                0x0601d720                GFTR_Setup
                0x0601dc3c                gftr_remScu
                0x0601db38                gftr_getDstPack
                0x0601dc70                gfdma_canUse
                0x0601d8ac                GFTR_Exec
                0x0601e0fc                GFTR_GetData
                0x0601d7dc                GFTR_Start
                0x0601d778                GFTR_SetUnit
                0x0601de58                gftr_execCpu
                0x0601e094                GFTR_GetLenRoom
 *fill*         0x0601e136        0xa 00
 .text          0x0601e140      0x106 ../sbl6/segalib/lib/sega_sat.a(gfs_buf.o)
                0x0601e198                GFBF_GetNumData
                0x0601e214                GFBF_RtnPk
                0x0601e1c8                GFBF_GetSrcPk
                0x0601e23c                gfbf_getSctDt
                0x0601e170                GFBF_GetTranData
                0x0601e1f0                GFBF_GetSctData
 *fill*         0x0601e246        0xa 00
 .text          0x0601e250      0x600 ../sbl6/segalib/lib/sega_sat.a(gfs_cdb.o)
                0x0601e7f8                GFCB_GetPickup
                0x0601e370                GFCB_Close
                0x0601e63c                GFCB_GetSrcPack
                0x0601e7c4                GFCB_SetCon
                0x0601e444                GFCB_GetLenRoom
                0x0601e7a8                GFCB_MovePickup
                0x0601e71c                GFCB_GetSctData
                0x0601e450                GFCB_SetFilt
                0x0601e398                GFCB_GetLenData
                0x0601e838                GFCB_UngetPickup
                0x0601e250                GFCB_Setup
                0x0601e4e0                GFCB_Tell
                0x0601e820                GFCB_IsPuOwner
                0x0601e540                GFCB_Seek
                0x0601e4b8                GFCB_DeleteAllData
                0x0601e754                GFCB_GetDstPack
                0x0601e4f0                gfcb_getSctNum
                0x0601e760                GFCB_RtnPk
 .text          0x0601e850     0x1a04 ../sbl6/segalib/lib/sega_sat.a(gfs_cdc.o)
                0x0601eaec                GFCD_AllocBuf
                0x0601f8c8                gfcd_doGetLenDataTsk
                0x06020164                GFCD_SetCsctFunc
                0x0601ebc4                GFCD_GetBaseFad
                0x0601ed40                GFCD_GetFilt
                0x0601fd54                gfcd_doChgDirTsk
                0x06020094                gfcd_checkEflag
                0x0601f088                GFCD_MovePickup
                0x0601f16c                GFCD_GetSctInfo
                0x0601fa1c                gfcd_doReqDataTsk
                0x0601f1b4                GFCD_ChgDir
                0x0601eea8                GFCD_ReqData
                0x06020180                GFCD_ChkScdqFlag
                0x0601f638                GFCD_WaitServer
                0x0601ef4c                GFCD_DelSctData
                0x0601f424                GFCD_ExecServer
                0x0601f838                gfcd_doSetConTsk
                0x0601ea80                GFCD_AllocFilt
                0x0601ec7c                GFCD_SetFilt
                0x0601f674                gfcd_doSetFiltTsk
                0x060201a4                GFCD_ClrScdqFlag
                0x0601fabc                gfcd_doDelSctDataTsk
                0x0601f580                gfcd_doTask
                0x0601ebf8                GFCD_GetPickup
                0x0601f148                GFCD_CheckMove
                0x060201c0                GFCD_WaitScdqFlag
                0x0601ede0                GFCD_Play
                0x0601fbf0                gfcd_doMoveSctTsk
                0x0601ed88                GFCD_SetCon
                0x0601f228                GFCD_SetFiltCon
                0x06020204                GFCD_WaitPause
                0x0601f3ec                GFCD_GetBufSiz
                0x0601ec2c                GFCD_UngetPickup
                0x0601f310                GFCD_GetFileInfo
                0x0601ef04                GFCD_EndData
                0x0601eb20                GFCD_FreeBuf
                0x0601ee40                GFCD_GetLenData
                0x0601eabc                GFCD_FreeFilt
                0x0601f4f8                gfcd_isIdleTask
                0x0601e87c                GFCD_Init
                0x0601ff50                gfcd_doSetFiltConTsk
                0x0601efd4                GFCD_GetStat
                0x0601f0d4                GFCD_MoveSctData
                0x0601ec58                GFCD_IsPuOwner
                0x060200b8                gfcd_initCdbMng
                0x0601e850                GFCD_SetCdbfs
                0x0601f624                GFCD_SetTimer
                0x06020138                gfcd_setStat
                0x0601efa4                GFCD_CheckDelSctData
 *fill*         0x06020254        0xc 00
 .text          0x06020260      0x308 ../sbl6/segalib/lib/sega_sat.a(DMA_SCU0.o)
                0x060202e4                DMA_ScuStart
                0x06020418                DMA_ScuIntFunc0
                0x06020488                DMA_ScuIntFunc1
                0x060204f8                DMA_ScuIntFunc2
                0x060203d8                DMA_ScuGetStatus
                0x06020260                DMA_ScuSetPrm
 *fill*         0x06020568        0x8 00
 .text          0x06020570       0xe8 ../sbl6/segalib/lib/sega_sat.a(csh_main.o)
                0x06020570                CSH_Init
                0x060205d8                CSH_AllClr
                0x06020624                CSH_Purge
 *fill*         0x06020658        0x8 00
 .text          0x06020660      0x1b6 ../sbl6/segalib/lib/sega_sat.a(DMA_CPU0.o)
                0x060206a8                DMA_CpuSetPrm
                0x060207ac                DMA_CpuStart
                0x06020804                DMA_CpuGetStatus
                0x060207d8                DMA_CpuAllStop
                0x060207ec                DMA_CpuGetComStatus
                0x06020660                DMA_CpuSetComPrm
                0x060207c0                DMA_CpuStop
 *fill*         0x06020816        0xa 00
 .text          0x06020820      0x2dc ../sbl6/segalib/lib/sega_sat.a(cdc_reg.o)
                0x06020874                CDREG_ClrHirqReq
                0x06020844                CDC_ClrHirqReq
                0x060208f4                CDREG_TgetData
                0x060208e4                CDC_GetMpegPtr
                0x060208c0                CDC_GetHirqMsk
                0x06020820                CDC_GetDataPtr
                0x06020830                CDC_GetHirqReq
                0x06020a50                CDREG_WaitHirq
                0x060208d4                CDC_SetHirqMsk
                0x06020950                CDREG_CmdRsp
                0x06020884                CDREG_InitHirqReq
                0x060208ac                CDREG_SetHirqFlag
                0x06020ac0                CDREG_ReadRsp
 *fill*         0x06020afc        0x4 00
 .text          0x06020b00      0x194 ../sbl6/segalib/lib/sega_sat.a(cdc_cfs.o)
                0x06020b00                CDC_ChgDir
                0x06020b34                CDC_ReadDir
                0x06020c58                CDC_AbortFile
                0x06020b68                CDC_GetFileScope
                0x06020bc8                CDC_TgetFileInfo
                0x06020c24                CDC_ReadFile
 *fill*         0x06020c94        0xc 00
 .text          0x06020ca0      0x3a0 ../sbl6/segalib/lib/sega_sat.a(cdc_cmn.o)
                0x06020e44                CDC_TgetToc
                0x06020fe8                CDC_DataEnd
                0x06020d08                CDC_GetPeriStat
                0x06020f7c                CDC_DataReady
                0x06020f54                CDC_CdOpen
                0x06020ed0                CDC_CdInit
                0x06020e94                CDC_GetSes
                0x06020cf0                CDC_GetLastStat
                0x06020ca0                CDC_GetCurStat
                0x06020ddc                CDC_GetHwInfo
 .text          0x06021040      0x1e4 ../sbl6/segalib/lib/sega_sat.a(cdc_bio.o)
                0x060210ec                CDC_GetdelSctData
                0x06021074                CDC_GetSctData
                0x06021128                CDC_PutSctData
                0x060211a4                CDC_MoveSctData
                0x060211e8                CDC_GetCopyErr
                0x060210b0                CDC_DelSctData
                0x06021040                CDC_SetSctLen
                0x06021160                CDC_CopySctData
 *fill*         0x06021224        0xc 00
 .text          0x06021230      0x2b8 ../sbl6/segalib/lib/sega_sat.a(cdc_sel.o)
                0x06021460                CDC_GetFiltCon
                0x060213dc                CDC_GetFiltMode
                0x060214b4                CDC_ResetSelector
                0x06021230                CDC_SetFiltRange
                0x060212bc                CDC_SetFiltSubh
                0x0602132c                CDC_GetFiltSubh
                0x06021264                CDC_GetFiltRange
                0x060213a8                CDC_SetFiltMode
                0x06021420                CDC_SetFiltCon
 *fill*         0x060214e8        0x8 00
 .text          0x060214f0      0x130 ../sbl6/segalib/lib/sega_sat.a(cdc_drv.o)
                0x060214f0                CDC_CdPlay
                0x060215bc                CDC_CdSeek
                0x060215f0                CDC_CdScan
 .text          0x06021620      0x270 ../sbl6/segalib/lib/sega_sat.a(cdc_bif.o)
                0x0602167c                CDC_GetSctNum
                0x060217fc                CDC_ExeFadSearch
                0x0602177c                CDC_GetSctInfo
                0x060216c0                CDC_CalActSiz
                0x06021620                CDC_GetBufSiz
                0x060216fc                CDC_GetActSiz
                0x06021834                CDC_GetFadSearch
 .text          0x06021890       0xa8 ../sbl6/segalib/lib/sega_sat.a(cdc_dev.o)
                0x060218fc                CDC_CdGetLastBuf
                0x06021890                CDC_CdSetCon
                0x060218c0                CDC_CdGetCon
 *fill*         0x06021938        0x8 00
 .text          0x06021940      0x152 ../sbl6/segalib/lib/sega_sat.a(cdc_sub.o)
                0x060219e8                CDSUB_GetCdstat
                0x06021958                CDSUB_UpdCdstat
                0x06021a28                CDSUB_RspToCdstat
                0x06021a70                CDSUB_SoftTimer
                0x06021940                CDSUB_UpdStatus
                0x06021978                CDSUB_CdCmd
 *fill*         0x06021a92        0xe 00
 .text          0x06021aa0       0x60 C:/saturn/SH_COFF/sh-coff/bin/../lib/gcc/sh-coff/3.4-GNUSH_v0501\libgcc.a(_ashiftrt.o)
                0x06021aac                __ashiftrt_r4_27
                0x06021ae0                __ashiftrt_r4_6
                0x06021ad0                __ashiftrt_r4_14
                0x06021ac2                __ashiftrt_r4_19
                0x06021ada                __ashiftrt_r4_9
                0x06021aee                __ashiftrt_r4_0
                0x06021aa0                __ashiftrt_r4_31
                0x06021aae                __ashiftrt_r4_26
                0x06021abc                __ashiftrt_r4_22
                0x06021ac8                __ashiftrt_r4_16
                0x06021ad4                __ashiftrt_r4_12
                0x06021aa8                __ashiftrt_r4_29
                0x06021ac6                __ashiftrt_r4_17
                0x06021aa6                __ashiftrt_r4_30
                0x06021ae2                __ashiftrt_r4_5
                0x06021adc                __ashiftrt_r4_8
                0x06021aa0                __ashiftrt_r4_32
                0x06021ab0                __ashiftrt_r4_25
                0x06021ae8                __ashiftrt_r4_2
                0x06021ab2                __ashiftrt_r4_24
                0x06021ace                __ashiftrt_r4_15
                0x06021ad8                __ashiftrt_r4_10
                0x06021aea                __ashiftrt_r4_1
                0x06021aaa                __ashiftrt_r4_28
                0x06021ac0                __ashiftrt_r4_20
                0x06021ade                __ashiftrt_r4_7
                0x06021ad2                __ashiftrt_r4_13
                0x06021ad6                __ashiftrt_r4_11
                0x06021ae4                __ashiftrt_r4_4
                0x06021aba                __ashiftrt_r4_23
                0x06021ac4                __ashiftrt_r4_18
                0x06021abe                __ashiftrt_r4_21
                0x06021ae6                __ashiftrt_r4_3
 .text          0x06021b00       0x90 C:/saturn/SH_COFF/sh-coff/bin/../lib/gcc/sh-coff/3.4-GNUSH_v0501\libgcc.a(_ashiftlt.o)
                0x06021b00                __ashlsi3
 .text          0x06021b90       0xb0 C:/saturn/SH_COFF/sh-coff/bin/../lib/gcc/sh-coff/3.4-GNUSH_v0501\libgcc.a(_movstr.o)
                0x06021bd0                __movstrSI16
                0x06021ba4                __movstrSI60
                0x06021bb0                __movstrSI48
                0x06021bac                __movstrSI52
                0x06021ba0                __movstrSI64
                0x06021bb4                __movstrSI44
                0x06021bb8                __movstrSI40
                0x06021bbc                __movstrSI36
                0x06021bf0                __movstr
                0x06021ba8                __movstrSI56
                0x06021bc4                __movstrSI28
                0x06021bc0                __movstrSI32
                0x06021bd4                __movstrSI12
                0x06021bd8                __movstrSI8
                0x06021be0                __movstrSI0
                0x06021bc8                __movstrSI24
                0x06021bcc                __movstrSI20
                0x06021bdc                __movstrSI4
 .text          0x06021c40       0xa0 C:/saturn/SH_COFF/sh-coff/bin/../lib/gcc/sh-coff/3.4-GNUSH_v0501\libgcc.a(__main.o)
                0x06021cb4                __main
                0x06021c40                __do_global_dtors
                0x06021c74                __do_global_ctors
 .text          0x06021ce0       0x70 C:/saturn/SH_COFF/sh-coff/bin/../lib/gcc/sh-coff/3.4-GNUSH_v0501\libgcc.a(_udivsi3.o)
                0x06021d02                __udivsi3
 .text          0x06021d50       0xb0 C:/saturn/SH_COFF/sh-coff/bin/../lib/gcc/sh-coff/3.4-GNUSH_v0501\libgcc.a(_si_to_df.o)
                0x06021d50                __floatsidf
 .text          0x06021e00      0x2e0 C:/saturn/SH_COFF/sh-coff/bin/../lib/gcc/sh-coff/3.4-GNUSH_v0501\libgcc.a(_mul_df.o)
                0x06021e10                __muldf3
 .text          0x060220e0       0x80 C:/saturn/SH_COFF/sh-coff/bin/../lib/gcc/sh-coff/3.4-GNUSH_v0501\libgcc.a(_df_to_si.o)
                0x060220e0                __fixdfsi
 .text          0x06022160       0xa0 C:/saturn/SH_COFF/sh-coff/bin/../lib/gcc/sh-coff/3.4-GNUSH_v0501\libgcc.a(_sdivsi3.o)
                0x06022160                __sdivsi3
 .text          0x06022200      0x220 C:/saturn/SH_COFF/sh-coff/bin/../lib/gcc/sh-coff/3.4-GNUSH_v0501\libgcc.a(_pack_df.o)
                0x06022210                __pack_d
 .text          0x06022420      0x120 C:/saturn/SH_COFF/sh-coff/bin/../lib/gcc/sh-coff/3.4-GNUSH_v0501\libgcc.a(_unpack_df.o)
                0x06022430                __unpack_d
 .text          0x06022540       0x20 C:/saturn/SH_COFF/sh-coff/bin/../lib/gcc/sh-coff/3.4-GNUSH_v0501\libgcc.a(_thenan_df.o)
                0x06022540                __thenan_df
 .text          0x06022560       0xd0 C:/saturn/SH_COFF/sh-coff/bin/../lib/gcc/sh-coff/3.4-GNUSH_v0501\libgcc.a(_muldi3.o)
                0x06022560                __muldi3
 .text          0x06022630       0x80 C:/saturn/SH_COFF/sh-coff/bin/../lib/gcc/sh-coff/3.4-GNUSH_v0501\libgcc.a(_lshrdi3.o)
                0x06022630                __lshrdi3
 .text          0x060226b0       0x80 C:/saturn/SH_COFF/sh-coff/bin/../lib/gcc/sh-coff/3.4-GNUSH_v0501\libgcc.a(_ashldi3.o)
                0x060226b0                __ashldi3
 .text          0x06022730       0x30 C:/saturn/SH_COFF/sh-coff/bin/../lib/gcc/sh-coff/3.4-GNUSH_v0501\libgcc.a(_mulsi3.o)
                0x06022730                __mulsi3
 .text          0x06022760       0x90 C:/saturn/SH_COFF/sh-coff/bin/../lib/gcc/sh-coff/3.4-GNUSH_v0501\libgcc.a(_lshiftrt.o)
                0x06022760                __lshrsi3
 .text          0x060227f0       0xa0 C:/saturn/SH_COFF/sh-coff/bin/../lib/gcc/sh-coff/3.4-GNUSH_v0501/../../../../sh-coff/lib\libc.a(memcpy.o)
                0x060227f0                memcpy
 .text          0x06022890       0x40 C:/saturn/SH_COFF/sh-coff/bin/../lib/gcc/sh-coff/3.4-GNUSH_v0501/../../../../sh-coff/lib\libc.a(memset.o)
                0x06022890                memset
 .text          0x060228d0       0x60 C:/saturn/SH_COFF/sh-coff/bin/../lib/gcc/sh-coff/3.4-GNUSH_v0501/../../../../sh-coff/lib\libc.a(memcmp.o)
                0x060228d0                memcmp
 .text          0x06022930       0xb0 C:/saturn/SH_COFF/sh-coff/bin/../lib/gcc/sh-coff/3.4-GNUSH_v0501/../../../../sh-coff/lib\libc.a(strncmp.o)
                0x06022930                strncmp
 .text          0x060229e0       0xa0 C:/saturn/SH_COFF/sh-coff/bin/../lib/gcc/sh-coff/3.4-GNUSH_v0501/../../../../sh-coff/lib\libc.a(strncpy.o)
                0x060229e0                strncpy
 .text          0x06022a80       0x90 C:/saturn/SH_COFF/sh-coff/bin/../lib/gcc/sh-coff/3.4-GNUSH_v0501/../../../../sh-coff/lib\libc.a(atexit.o)
                0x06022a80                atexit
 .text          0x06022b10       0x10 C:/saturn/SH_COFF/sh-coff/bin/../lib/gcc/sh-coff/3.4-GNUSH_v0501/../../../../sh-coff/lib\libc.a(impure.o)
                0x06022b10                _global_impure_ptr
 .text          0x06022b20       0x40 C:/saturn/SH_COFF/sh-coff/bin/../lib/gcc/sh-coff/3.4-GNUSH_v0501/../../../../sh-coff/lib\libc.a(malloc.o)
                0x06022b3c                free
                0x06022b20                malloc
 .text          0x06022b60      0x5b0 C:/saturn/SH_COFF/sh-coff/bin/../lib/gcc/sh-coff/3.4-GNUSH_v0501/../../../../sh-coff/lib\libc.a(mallocr.o)
                0x06022b60                _malloc_r
 .text          0x06023110      0x340 C:/saturn/SH_COFF/sh-coff/bin/../lib/gcc/sh-coff/3.4-GNUSH_v0501/../../../../sh-coff/lib\libc.a(freer.o)
                0x06023110                _malloc_trim_r
                0x06023204                _free_r
 .text          0x06023450       0x20 C:/saturn/SH_COFF/sh-coff/bin/../lib/gcc/sh-coff/3.4-GNUSH_v0501/../../../../sh-coff/lib\libc.a(mlock.o)
                0x06023450                __malloc_lock
                0x0602345c                __malloc_unlock
 .text          0x06023470       0x50 C:/saturn/SH_COFF/sh-coff/bin/../lib/gcc/sh-coff/3.4-GNUSH_v0501/../../../../sh-coff/lib\libc.a(sbrkr.o)
                0x06023470                _sbrk_r
 .text          0x060234c0      0x380 C:/saturn/SH_COFF/sh-coff/bin/../lib/gcc/sh-coff/3.4-GNUSH_v0501/../../../../sh-coff/lib\libc.a(syscalls.o)
                0x0602362c                _exit
                0x06023660                _getpid
                0x060236c8                _utime
                0x060234f8                _write
                0x060234c0                _read
                0x06023614                _unlink
                0x060235dc                _open
                0x06023678                _stat
                0x06023620                isatty
                0x060236f8                _wait
                0x06023644                _kill
                0x06023694                _chmod
                0x06023728                _execv
                0x0602370c                _execve
                0x06023804                __setup_argv_and_call_main
                0x06023760                _gettimeofday
                0x0602352c                _link
                0x0602366c                _raise
                0x060235f8                _creat
                0x06023740                _pipe
                0x060236ac                _chown
                0x060234dc                _lseek
                0x06023514                _close
                0x06023754                _times
                0x060235c8                _fstat
                0x060236e4                _fork
                0x06023554                _sbrk
 .text          0x06023840       0x20 C:/saturn/SH_COFF/sh-coff/bin/../lib/gcc/sh-coff/3.4-GNUSH_v0501/../../../../sh-coff/lib\libc.a(trap.o)
                0x06023840                __trap34
 .text          0x06023860       0x20 C:/saturn/SH_COFF/sh-coff/bin/../lib/gcc/sh-coff/3.4-GNUSH_v0501/../../../../sh-coff/lib\libc.a(abort.o)
                0x06023860                abort
 .text          0x06023880      0x270 C:/saturn/SH_COFF/sh-coff/bin/../lib/gcc/sh-coff/3.4-GNUSH_v0501/../../../../sh-coff/lib\libc.a(signal.o)
                0x06023940                _raise_r
                0x06023ac8                __sigtramp
                0x06023a74                raise
                0x06023ab0                _init_signal
                0x06023a00                __sigtramp_r
                0x06023a90                signal
                0x060238cc                _signal_r
                0x06023880                _init_signal_r
 .text          0x06023af0       0x60 C:/saturn/SH_COFF/sh-coff/bin/../lib/gcc/sh-coff/3.4-GNUSH_v0501/../../../../sh-coff/lib\libc.a(signalr.o)
                0x06023b38                _getpid_r
                0x06023af0                _kill_r
 *(.strings)

.tors           0x06023b50        0x0
                0x06023b50                ___ctors = .
 *(.ctors)
                0x06023b50                ___ctors_end = .
                0x06023b50                ___dtors = .
 *(.dtors)
                0x06023b50                ___dtors_end = .

.data           0x06023b50     0x15d0
                0x06023b50                STARTOF_R = .
 *(.data)
 .data          0x06023b50      0x400 ../sbl6/segasmp/per/smpclib/per_x1.o
 .data          0x06023f50       0x50 blocks.o
                0x06023f88                tile2_slope
                0x06023f68                tile4_slope
                0x06023f50                block_slopes
                0x06023f78                tile3_slope
 .data          0x06023fa0      0x4c0 graphics.o
                0x06023ffa                guy_num
                0x06024458                bg_num
                0x06024050                bg_pal
                0x06023fec                guy_name
                0x06023fac                guy_pal
                0x06024046                font_height
                0x06023faa                map_width
                0x06023fa8                map_height
                0x06023ff6                guy_width
                0x06023fa0                map_name
                0x0602403c                font_name
                0x06024450                bg_name
                0x06024048                font_width
                0x06023ff4                guy_height
                0x0602404c                font_num
                0x06023ffc                font_pal
                0x06023ff8                guy_size
                0x0602404a                font_size
 .data          0x06024460       0x30 sprite.o
 .data          0x06024490       0x20 scroll.o
                0x06024490                CycleTb
                0x060244a0                vram
 .data          0x060244b0      0x400 ../sbl6/segalib/lib/sega_int.a(int.o)
 .data          0x060248b0       0x1c ../sbl6/segalib/lib/sega_spr.a(spr_slv.o)
                0x060248b8                SPR_SlaveParam
                0x060248c8                SPR_SMPC_SF
                0x060248c0                SPR_SMPC_COM
                0x060248bc                SPR_SlaveSHEntry
                0x060248b4                SPR_SlaveState
                0x060248b0                SPR_SlaveCommand
                0x060248c4                SPR_SMPC_RET
 *fill*         0x060248cc        0x4 00
 .data          0x060248d0       0x34 ../sbl6/segalib/lib/sega_spr.a(spr_1c.o)
                0x060248d0                SpInitialFlag
 *fill*         0x06024904        0xc 00
 .data          0x06024910       0x1c ../sbl6/segalib/lib/sega_scl.a(scl_vblv.o)
                0x06024918                VBInterval
                0x06024920                ReqDisplayFlag
                0x06024910                SpFrameChgMode
                0x0602491c                VBIntervalCounter
                0x06024914                SpFrameEraseMode
 *fill*         0x0602492c        0x4 00
 .data          0x06024930       0x36 ../sbl6/segalib/lib/sega_scl.a(scl_func.o)
                0x06024940                SclRotregBuff
                0x0602493c                SclDisplayY
                0x06024944                SclRotateTableMode
                0x06024938                SclProcess
                0x06024934                SclCurSclNum
                0x06024930                SclLengthLsTbl
                0x0602493a                SclDisplayX
                0x06024932                SclLengthCsTbl
 *fill*         0x06024966        0xa 00
 .data          0x06024970       0x18 ../sbl6/segalib/lib/sega_scl.a(scl_pri.o)
                0x06024974                SclRealSpPriNum
                0x06024984                SclRealColOffset
                0x06024980                SclRealBgColMix
                0x0602497c                SclRealSpColMix
                0x06024978                SclRealBgPriNum
                0x06024970                SclRealOtherPri
 *fill*         0x06024988        0x8 00
 .data          0x06024990      0x380 C:/saturn/SH_COFF/sh-coff/bin/../lib/gcc/sh-coff/3.4-GNUSH_v0501/../../../../sh-coff/lib\libc.a(impure.o)
                0x06024d0c                _impure_ptr
 .data          0x06024d10      0x410 C:/saturn/SH_COFF/sh-coff/bin/../lib/gcc/sh-coff/3.4-GNUSH_v0501/../../../../sh-coff/lib\libc.a(mallocr.o)
                0x06024d18                __malloc_av_
                0x06024d14                __malloc_trim_threshold
                0x06024d10                __malloc_sbrk_base
                0x06025120                SIZEOF_R = (. - STARTOF_R)
                0x06025120                ENDOF_R = .

.bss            0x06025120     0x8c54
                0x06025120                STARTOF_B = .
 *(.bss)
 .bss           0x06025120       0x10 vblank.o
                0x06025124                PadData2E
                0x0602512a                PadData1
                0x06025126                PadData2
                0x06025128                PadData1E
                0x06025120                __port
 .bss           0x06025130       0xd0 ../sbl6/segasmp/per/smpclib/per_x2.o
 .bss           0x06025200       0x10 player.o
                0x06025201                boost
                0x06025200                jumps
 .bss           0x06025210     0x3800 sprite.o
                0x06025210                num_sprites
 .bss           0x06028a10       0x50 scroll.o
                0x06028a2c                map_tiles_x
                0x06028a34                scrolls_y
                0x06028a10                scroll_transition_state
                0x06028a14                scroll_ysize
                0x06028a24                map_tiles_y
                0x06028a1c                copy_modes
                0x06028a44                scrolls_x
                0x06028a18                scroll_xsize
 .bss           0x06028a60       0x10 main.o
                0x06028a60                frame
 .bss           0x06028a70       0x6e ../sbl6/segalib/lib/sega_spr.a(spr_2c.o)
 *fill*         0x06028ade        0x2 00
 .bss           0x06028ae0        0x4 ../sbl6/segalib/lib/sega_scl.a(scl_vblv.o)
 *fill*         0x06028ae4        0xc 00
 .bss           0x06028af0        0x4 ../sbl6/segalib/lib/sega_scl.a(scl_func.o)
 *fill*         0x06028af4        0xc 00
 .bss           0x06028b00       0x48 ../sbl6/segalib/lib/sega_scl.a(scl_ro00.o)
 *fill*         0x06028b48        0x8 00
 .bss           0x06028b50       0x9c ../sbl6/segalib/lib/sega_per.a(per_prt.o)
 *fill*         0x06028bec        0x4 00
 .bss           0x06028bf0        0xc ../sbl6/segalib/lib/sega_sat.a(DMA_SCU1.o)
 *fill*         0x06028bfc        0x4 00
 .bss           0x06028c00        0xc ../sbl6/segalib/lib/sega_sat.a(gfs_trn.o)
 *fill*         0x06028c0c        0x4 00
 .bss           0x06028c10       0x20 ../sbl6/segalib/lib/sega_sat.a(DMA_SCU0.o)
 .bss           0x06028c30        0x2 ../sbl6/segalib/lib/sega_sat.a(cdc_reg.o)
 *fill*         0x06028c32        0xe 00
 .bss           0x06028c40        0xc ../sbl6/segalib/lib/sega_sat.a(cdc_sub.o)
 *fill*         0x06028c4c        0x4 00
 .bss           0x06028c50       0x10 C:/saturn/SH_COFF/sh-coff/bin/../lib/gcc/sh-coff/3.4-GNUSH_v0501\libgcc.a(__main.o)
 .bss           0x06028c60       0x10 C:/saturn/SH_COFF/sh-coff/bin/../lib/gcc/sh-coff/3.4-GNUSH_v0501/../../../../sh-coff/lib\libc.a(atexit.o)
 .bss           0x06028c70       0x40 C:/saturn/SH_COFF/sh-coff/bin/../lib/gcc/sh-coff/3.4-GNUSH_v0501/../../../../sh-coff/lib\libc.a(mallocr.o)
                0x06028ca0                __malloc_top_pad
                0x06028c70                __malloc_current_mallinfo
                0x06028c9c                __malloc_max_sbrked_mem
                0x06028c98                __malloc_max_total_mem
 .bss           0x06028cb0       0x10 C:/saturn/SH_COFF/sh-coff/bin/../lib/gcc/sh-coff/3.4-GNUSH_v0501/../../../../sh-coff/lib\libc.a(syscalls.o)
 *(COMMON)
 COMMON         0x06028cc0     0x1674 cd.o
                                  0x0 (size before relaxing)
                0x06028cc0                dirname
                0x06029620                lib_work
                0x0602a328                directory_table
 *fill*         0x0602a334        0xc 00
 COMMON         0x0602a340       0x48 player.o
                                  0x0 (size before relaxing)
                0x0602a340                curr_level
                0x0602a350                player
 *fill*         0x0602a388        0x8 00
 COMMON         0x0602a390      0x8c0 print.o
                                  0x0 (size before relaxing)
                0x0602a390                text
 COMMON         0x0602ac50     0x1460 sprite.o
                                  0x0 (size before relaxing)
                0x0602ac50                sprites
                0x0602b0b0                image_buf
 COMMON         0x0602c0b0      0x24c scroll.o
                                  0x0 (size before relaxing)
                0x0602c0b0                scfg3
                0x0602c140                scfg0
                0x0602c1d0                maps
                0x0602c1e0                scfg2
                0x0602c270                scfg1
 *fill*         0x0602c2fc        0x4 00
 COMMON         0x0602c300      0x400 ../sbl6/segalib/lib/sega_int.a(int.o)
                                  0x0 (size before relaxing)
                0x0602c300                __interrupt_vector
 COMMON         0x0602c700       0x50 ../sbl6/segalib/lib/sega_spr.a(spr_2c.o)
                                  0x0 (size before relaxing)
                0x0602c700                SpMstCmd
                0x0602c704                Sp2OpenFlag
                0x0602c708                SpGourTblMax
                0x0602c70c                SpDrawPrtyBlk
                0x0602c710                SpLCoordX
                0x0602c714                SpMstDrawPrtyBlk
                0x0602c718                SpGourTbl
                0x0602c71c                SpLookupTblR
                0x0602c720                SpCmdTbl
                0x0602c724                SpCharMax
                0x0602c728                SpDrawPrtyProcFlag
                0x0602c72c                SpCmdNo
                0x0602c730                SpDrawPrtyBlkMax
                0x0602c734                SpSlvCmdPos
                0x0602c738                SpSlvDrawPrtyBlk
                0x0602c73c                SpCharTbl
                0x0602c740                SpCmdTblR
                0x0602c744                SpMstCmdPos
                0x0602c748                SpSlvCmd
                0x0602c74c                SpLCoordY
 COMMON         0x0602c750       0x10 ../sbl6/segalib/lib/sega_spr.a(spr_1c.o)
                                  0x0 (size before relaxing)
                0x0602c750                SpScreenY
                0x0602c754                SpFbcrMode
                0x0602c756                SpDil
                0x0602c758                SpDie
                0x0602c75a                SpTvMode
                0x0602c75c                SpScreenX
 COMMON         0x0602c760      0xf00 ../sbl6/segalib/lib/sega_scl.a(scl_func.o)
                                  0x0 (size before relaxing)
                0x0602c760                SclRbgKtbAddr
                0x0602c768                SclRb
                0x0602c76a                Scl_flag
                0x0602c770                SclK_TableBuff
                0x0602d440                SclAddrCsTbl
                0x0602d450                Scl_s_reg
                0x0602d478                SclRotateXy
                0x0602d480                Scl_d_reg
                0x0602d4c8                SclRotateDisp
                0x0602d4d0                SclRotateMoveZ
                0x0602d4d8                SclRotXySw
                0x0602d4e0                Scl_r_reg
                0x0602d4f0                SclRPMD
                0x0602d4f8                SclRbgKtbOffset
                0x0602d500                _SclRotregBuff
                0x0602d5d0                SclRa
                0x0602d5d8                SclRotateZ
                0x0602d5e0                SclAddrLsTbl
                0x0602d5e8                SclK_TableNum
                0x0602d5f0                SclRotateTableAddress
                0x0602d5f4                SclK_TableFlag
                0x0602d600                Scl_w_reg
                0x0602d620                Scl_n_reg
 COMMON         0x0602d660      0x6b0 ../sbl6/segalib/lib/sega_scl.a(scl_pri.o)
                                  0x0 (size before relaxing)
                0x0602d660                SclAutoEndBlue2
                0x0602d670                SclColOffset
                0x0602d680                SclPriBuffDirty
                0x0602d682                SclAutoEndRed
                0x0602d684                SclAutoSurface
                0x0602d688                SclAutoGreen
                0x0602d68a                SclAutoEndGreen
                0x0602d68c                SclAutoCount
                0x0602d690                SclColRamAlloc256
                0x0602d6b0                SclAutoCurRate
                0x0602d6b1                SclAutoPlusFlag
                0x0602d6b8                SclSpColMix
                0x0602d6c0                SclAutoMax
                0x0602d6c4                SclLineColRamOffset
                0x0602d6c8                SclColRamAlloc2048
                0x0602d6cc                SclBgPriNum
                0x0602d6d2                SclAutoEndBlue
                0x0602d6d4                SclAutoEndGreen2
                0x0602d6d6                SclAutoVeFlag
                0x0602d6d8                SclBgColMix
                0x0602d6e0                SclAutoIndex
                0x0602d6e4                SclAutoEndRate
                0x0602d6e6                SclAutoBlue
                0x0602d6e8                SclAutoRed
                0x0602d6ec                SclAutoInterval
                0x0602d6f0                SclOtherPri
                0x0602d700                SclAutoRGB
                0x0602dd00                SclAutoEndRed2
                0x0602dd08                SclSpPriNum
 COMMON         0x0602dd10       0x10 ../sbl6/segalib/lib/sega_scl.a(scl_ro00.o)
                                  0x0 (size before relaxing)
                0x0602dd10                SclCsx
                0x0602dd18                SclCsy
 COMMON         0x0602dd20       0x15 ../sbl6/segalib/lib/sega_per.a(per_prt.o)
                                  0x0 (size before relaxing)
                0x0602dd20                per_get_time_flg
                0x0602dd21                per_hot_res
                0x0602dd22                per_set_sys_flg
                0x0602dd24                per_get_time_adr
                0x0602dd28                per_get_sys_data
                0x0602dd34                per_time_out_flg
 *fill*         0x0602dd35        0xb 00
 COMMON         0x0602dd40        0xc ../sbl6/segalib/lib/sega_sat.a(gfs.o)
                                  0x0 (size before relaxing)
                0x0602dd40                GFMC_base
                0x0602dd44                gfs_mng_ptr
                0x0602dd48                gfs_use_scudma
 *fill*         0x0602dd4c        0x4 00
 COMMON         0x0602dd50        0x8 ../sbl6/segalib/lib/sega_sat.a(gfs_cdf.o)
                                  0x0 (size before relaxing)
                0x0602dd50                gfcf_fad
                0x0602dd54                gfcf_stat
 *fill*         0x0602dd58        0x8 00
 COMMON         0x0602dd60        0xc ../sbl6/segalib/lib/sega_sat.a(gfs_cdc.o)
                                  0x0 (size before relaxing)
                0x0602dd60                gfcd_fatal_err
                0x0602dd64                gfcd_work
                0x0602dd68                gfcd_playflag
 *fill*         0x0602dd6c        0x4 00
 COMMON         0x0602dd70        0x4 C:/saturn/SH_COFF/sh-coff/bin/../lib/gcc/sh-coff/3.4-GNUSH_v0501/../../../../sh-coff/lib\libc.a(syscalls.o)
                                  0x0 (size before relaxing)
                0x0602dd70                errno
                0x0602dd74                SIZEOF_B = (. - STARTOF_B)
                0x0602dd74                ENDOF_B = .
                0x0602dd74                _end = .
OUTPUT(main.cof coff-sh)

.comment        0x0602dd80      0x4a0
 .comment       0x0602dd80       0x20 ../sbl6/segasmp/lib/strt2_g.o
 .comment       0x0602dda0       0x20 vblank.o
 .comment       0x0602ddc0       0x20 ../sbl6/segasmp/per/smpclib/per_x1.o
 .comment       0x0602dde0       0x20 ../sbl6/segasmp/per/smpclib/per_x2.o
 .comment       0x0602de00       0x20 blocks.o
 .comment       0x0602de20       0x20 cd.o
 .comment       0x0602de40       0x20 collision.o
 .comment       0x0602de60       0x20 graphics.o
 .comment       0x0602de80       0x20 player.o
 .comment       0x0602dea0       0x20 print.o
 .comment       0x0602dec0       0x20 sprite.o
 .comment       0x0602dee0       0x20 scroll.o
 .comment       0x0602df00       0x20 main.o
 .comment       0x0602df20       0x20 C:/saturn/SH_COFF/sh-coff/bin/../lib/gcc/sh-coff/3.4-GNUSH_v0501\libgcc.a(__main.o)
 .comment       0x0602df40       0x20 C:/saturn/SH_COFF/sh-coff/bin/../lib/gcc/sh-coff/3.4-GNUSH_v0501\libgcc.a(_si_to_df.o)
 .comment       0x0602df60       0x20 C:/saturn/SH_COFF/sh-coff/bin/../lib/gcc/sh-coff/3.4-GNUSH_v0501\libgcc.a(_mul_df.o)
 .comment       0x0602df80       0x20 C:/saturn/SH_COFF/sh-coff/bin/../lib/gcc/sh-coff/3.4-GNUSH_v0501\libgcc.a(_df_to_si.o)
 .comment       0x0602dfa0       0x20 C:/saturn/SH_COFF/sh-coff/bin/../lib/gcc/sh-coff/3.4-GNUSH_v0501\libgcc.a(_pack_df.o)
 .comment       0x0602dfc0       0x20 C:/saturn/SH_COFF/sh-coff/bin/../lib/gcc/sh-coff/3.4-GNUSH_v0501\libgcc.a(_unpack_df.o)
 .comment       0x0602dfe0       0x20 C:/saturn/SH_COFF/sh-coff/bin/../lib/gcc/sh-coff/3.4-GNUSH_v0501\libgcc.a(_thenan_df.o)
 .comment       0x0602e000       0x20 C:/saturn/SH_COFF/sh-coff/bin/../lib/gcc/sh-coff/3.4-GNUSH_v0501\libgcc.a(_muldi3.o)
 .comment       0x0602e020       0x20 C:/saturn/SH_COFF/sh-coff/bin/../lib/gcc/sh-coff/3.4-GNUSH_v0501\libgcc.a(_lshrdi3.o)
 .comment       0x0602e040       0x20 C:/saturn/SH_COFF/sh-coff/bin/../lib/gcc/sh-coff/3.4-GNUSH_v0501\libgcc.a(_ashldi3.o)
 .comment       0x0602e060       0x20 C:/saturn/SH_COFF/sh-coff/bin/../lib/gcc/sh-coff/3.4-GNUSH_v0501/../../../../sh-coff/lib\libc.a(memcmp.o)
 .comment       0x0602e080       0x20 C:/saturn/SH_COFF/sh-coff/bin/../lib/gcc/sh-coff/3.4-GNUSH_v0501/../../../../sh-coff/lib\libc.a(strncmp.o)
 .comment       0x0602e0a0       0x20 C:/saturn/SH_COFF/sh-coff/bin/../lib/gcc/sh-coff/3.4-GNUSH_v0501/../../../../sh-coff/lib\libc.a(strncpy.o)
 .comment       0x0602e0c0       0x20 C:/saturn/SH_COFF/sh-coff/bin/../lib/gcc/sh-coff/3.4-GNUSH_v0501/../../../../sh-coff/lib\libc.a(atexit.o)
 .comment       0x0602e0e0       0x20 C:/saturn/SH_COFF/sh-coff/bin/../lib/gcc/sh-coff/3.4-GNUSH_v0501/../../../../sh-coff/lib\libc.a(impure.o)
 .comment       0x0602e100       0x20 C:/saturn/SH_COFF/sh-coff/bin/../lib/gcc/sh-coff/3.4-GNUSH_v0501/../../../../sh-coff/lib\libc.a(malloc.o)
 .comment       0x0602e120       0x20 C:/saturn/SH_COFF/sh-coff/bin/../lib/gcc/sh-coff/3.4-GNUSH_v0501/../../../../sh-coff/lib\libc.a(mallocr.o)
 .comment       0x0602e140       0x20 C:/saturn/SH_COFF/sh-coff/bin/../lib/gcc/sh-coff/3.4-GNUSH_v0501/../../../../sh-coff/lib\libc.a(freer.o)
 .comment       0x0602e160       0x20 C:/saturn/SH_COFF/sh-coff/bin/../lib/gcc/sh-coff/3.4-GNUSH_v0501/../../../../sh-coff/lib\libc.a(mlock.o)
 .comment       0x0602e180       0x20 C:/saturn/SH_COFF/sh-coff/bin/../lib/gcc/sh-coff/3.4-GNUSH_v0501/../../../../sh-coff/lib\libc.a(sbrkr.o)
 .comment       0x0602e1a0       0x20 C:/saturn/SH_COFF/sh-coff/bin/../lib/gcc/sh-coff/3.4-GNUSH_v0501/../../../../sh-coff/lib\libc.a(syscalls.o)
 .comment       0x0602e1c0       0x20 C:/saturn/SH_COFF/sh-coff/bin/../lib/gcc/sh-coff/3.4-GNUSH_v0501/../../../../sh-coff/lib\libc.a(abort.o)
 .comment       0x0602e1e0       0x20 C:/saturn/SH_COFF/sh-coff/bin/../lib/gcc/sh-coff/3.4-GNUSH_v0501/../../../../sh-coff/lib\libc.a(signal.o)
 .comment       0x0602e200       0x20 C:/saturn/SH_COFF/sh-coff/bin/../lib/gcc/sh-coff/3.4-GNUSH_v0501/../../../../sh-coff/lib\libc.a(signalr.o)
