Archive member included because of file (symbol)

../sbl6/segalib/lib/sega_int.a(int.o)
                              vblank.o (INT_SetScuFunc)
../sbl6/segalib/lib/sega_int.a(int_trmp.o)
                              ../sbl6/segalib/lib/sega_int.a(int.o) (__interrupt_handler0)
../sbl6/segalib/lib/sega_spr.a(spr_2c.o)
                              sprite.o (SPR_2Initial)
../sbl6/segalib/lib/sega_spr.a(spr_slv.o)
                              ../sbl6/segalib/lib/sega_spr.a(spr_2c.o) (SPR_InitSlaveSH)
../sbl6/segalib/lib/sega_spr.a(spr_1c.o)
                              ../sbl6/segalib/lib/sega_spr.a(spr_2c.o) (SPR_Initial)
../sbl6/segalib/lib/sega_spr.a(spr_2a.o)
                              ../sbl6/segalib/lib/sega_spr.a(spr_2c.o) (SPR_2SetDrawPrty)
../sbl6/segalib/lib/sega_scl.a(scl_vblv.o)
                              ../sbl6/segalib/lib/sega_spr.a(spr_1c.o) (SpFrameChgMode)
../sbl6/segalib/lib/sega_scl.a(scl_func.o)
                              sprite.o (SCL_Vdp2Init)
../sbl6/segalib/lib/sega_scl.a(scl_pr03.o)
                              sprite.o (SCL_AllocColRam)
../sbl6/segalib/lib/sega_scl.a(scl_pr02.o)
                              sprite.o (SCL_SetColRam)
../sbl6/segalib/lib/sega_scl.a(scl_back.o)
                              scroll.o (SCL_SetBack)
../sbl6/segalib/lib/sega_scl.a(scl_fu03.o)
                              scroll.o (SCL_InitConfigTb)
../sbl6/segalib/lib/sega_scl.a(scl_fu02.o)
                              scroll.o (SCL_InitVramConfigTb)
../sbl6/segalib/lib/sega_scl.a(scl_fu04.o)
                              scroll.o (SCL_SetCycleTable)
../sbl6/segalib/lib/sega_scl.a(scl_pr07.o)
                              scroll.o (SCL_SetPriority)
../sbl6/segalib/lib/sega_scl.a(scl_pr01.o)
                              main.o (SCL_SetSpriteMode)
../sbl6/segalib/lib/sega_scl.a(scl_pri.o)
                              ../sbl6/segalib/lib/sega_scl.a(scl_func.o) (SclRealOtherPri)
../sbl6/segalib/lib/sega_scl.a(scl_ro00.o)
                              ../sbl6/segalib/lib/sega_scl.a(scl_func.o) (SCL_Rotate)
../sbl6/segalib/lib/sega_scl.a(scl_pr06.o)
                              ../sbl6/segalib/lib/sega_scl.a(scl_pr03.o) (SCL_SetColRamOffset)
../sbl6/segalib/lib/sega_scl.a(scl_pr05.o)
                              ../sbl6/segalib/lib/sega_scl.a(scl_pr02.o) (SCL_GetColRamOffset)
../sbl6/segalib/lib/sega_mth.a(mth_fixd.o)
                              sprite.o (MTH_Mul)
../sbl6/segalib/lib/sega_mth.a(mth_tri.o)
                              sprite.o (MTH_Sin)
../sbl6/segalib/lib/sega_per.a(per_prt.o)
                              ../sbl6/segasmp/per/smpclib/per_x2.o (PER_LInit)
../sbl6/segalib/lib/sega_sat.a(gfs.o)
                              cd.o (GFS_Init)
../sbl6/segalib/lib/sega_sat.a(DMA_SCU1.o)
                              ../sbl6/segalib/lib/sega_spr.a(spr_2c.o) (DMA_ScuMemCopy)
../sbl6/segalib/lib/sega_sat.a(gfs_cdf.o)
                              ../sbl6/segalib/lib/sega_sat.a(gfs.o) (GFCF_Init)
../sbl6/segalib/lib/sega_sat.a(gfs_dir.o)
                              ../sbl6/segalib/lib/sega_sat.a(gfs.o) (GFDR_SetupDirTbl)
../sbl6/segalib/lib/sega_sat.a(gfs_trn.o)
                              ../sbl6/segalib/lib/sega_sat.a(gfs.o) (GFTR_Setup)
../sbl6/segalib/lib/sega_sat.a(gfs_buf.o)
                              ../sbl6/segalib/lib/sega_sat.a(gfs.o) (GFBF_GetNumData)
../sbl6/segalib/lib/sega_sat.a(gfs_cdb.o)
                              ../sbl6/segalib/lib/sega_sat.a(gfs_cdf.o) (GFCB_Setup)
../sbl6/segalib/lib/sega_sat.a(gfs_cdc.o)
                              ../sbl6/segalib/lib/sega_sat.a(gfs.o) (GFCD_SetCdbfs)
../sbl6/segalib/lib/sega_sat.a(DMA_SCU0.o)
                              ../sbl6/segalib/lib/sega_sat.a(DMA_SCU1.o) (DMA_ScuSetPrm)
../sbl6/segalib/lib/sega_sat.a(csh_main.o)
                              ../sbl6/segalib/lib/sega_sat.a(DMA_SCU1.o) (CSH_Purge)
../sbl6/segalib/lib/sega_sat.a(DMA_CPU0.o)
                              ../sbl6/segalib/lib/sega_sat.a(gfs_trn.o) (DMA_CpuSetComPrm)
../sbl6/segalib/lib/sega_sat.a(cdc_reg.o)
                              ../sbl6/segalib/lib/sega_sat.a(gfs_cdb.o) (CDC_GetDataPtr)
../sbl6/segalib/lib/sega_sat.a(cdc_cfs.o)
                              ../sbl6/segalib/lib/sega_sat.a(gfs_cdc.o) (CDC_ChgDir)
../sbl6/segalib/lib/sega_sat.a(cdc_cmn.o)
                              ../sbl6/segalib/lib/sega_sat.a(gfs_cdc.o) (CDC_GetCurStat)
../sbl6/segalib/lib/sega_sat.a(cdc_bio.o)
                              ../sbl6/segalib/lib/sega_sat.a(gfs_cdc.o) (CDC_SetSctLen)
../sbl6/segalib/lib/sega_sat.a(cdc_sel.o)
                              ../sbl6/segalib/lib/sega_sat.a(gfs_cdc.o) (CDC_SetFiltRange)
../sbl6/segalib/lib/sega_sat.a(cdc_drv.o)
                              ../sbl6/segalib/lib/sega_sat.a(gfs_cdc.o) (CDC_CdPlay)
../sbl6/segalib/lib/sega_sat.a(cdc_bif.o)
                              ../sbl6/segalib/lib/sega_sat.a(gfs_cdc.o) (CDC_GetBufSiz)
../sbl6/segalib/lib/sega_sat.a(cdc_dev.o)
[...]
Memory Configuration

Name             Origin             Length             Attributes
*default*        0x00000000         0xffffffff

Linker script and memory map

LOAD ../sbl6/segasmp/lib/strt1_g.o
LOAD ../sbl6/segasmp/lib/strt2_g.o
LOAD vblank.o
LOAD ../sbl6/segasmp/per/smpclib/per_x1.o
LOAD ../sbl6/segasmp/per/smpclib/per_x2.o
LOAD ../sbl6/segasmp/per/smpclib/per_x3.o
LOAD blocks.o
LOAD cd.o
LOAD collision.o
LOAD graphics.o
LOAD player.o
LOAD print.o
LOAD sprite.o
LOAD scroll.o
LOAD main.o
LOAD ../sbl6/segalib/lib/sega_int.a
LOAD ../sbl6/segalib/lib/sega_spr.a
LOAD ../sbl6/segalib/lib/sega_scl.a
LOAD ../sbl6/segalib/lib/sega_mth.a
LOAD ../sbl6/segalib/lib/sega_cdc.a
LOAD ../sbl6/segalib/lib/sega_adp.a
LOAD ../sbl6/segalib/lib/sega_per.a
LOAD ../sbl6/segalib/lib/sega_sat.a
LOAD C:/saturn/SH_COFF/sh-coff/bin/../lib/gcc/sh-coff/3.4-GNUSH_v0501\libgcc.a
LOAD C:/saturn/SH_COFF/sh-coff/bin/../lib/gcc/sh-coff/3.4-GNUSH_v0501/../../../../sh-coff/lib\libc.a
LOAD C:/saturn/SH_COFF/sh-coff/bin/../lib/gcc/sh-coff/3.4-GNUSH_v0501\libgcc.a

.text           0x06010000    0x13ba0
 *(.text)
 .text          0x06010000       0x30 ../sbl6/segasmp/lib/strt1_g.o
                0x06010024                _D_END
                0x06010020                _D_BGN
                0x0601002c                _B_END
                0x06010028                _B_BGN
                0x06010000                START
 .text          0x06010030       0x60 ../sbl6/segasmp/lib/strt2_g.o
                0x06010050                _INITSCT
                0x06010030                _INIT
 .text          0x06010090      0x180 vblank.o
                0x06010090                SetVblank
                0x06010110                UsrVblankOut
                0x060100f0                UsrVblankIn
 .text          0x06010210      0x430 ../sbl6/segasmp/per/smpclib/per_x1.o
                0x060105a4                PER_GetAnalogXYZ
                0x06010234                PER_GetTriggerHandler
                0x060104ce                PER_GetEdge
                0x0601044c                PER_GetTrigger
                0x060104f8                PER_GetPressEdge
                0x0601054c                PER_GetReleaseEdge
                0x06010210                PER_SetTriggerHandler
 .text          0x06010640      0x200 ../sbl6/segasmp/per/smpclib/per_x2.o
                0x06010744                PER_GetDeviceA
                0x06010640                PER_OpenPort
                0x06010678                PER_GetPort
                0x060107be                PER_GetDeviceR
 .text          0x06010840       0x20 ../sbl6/segasmp/per/smpclib/per_x3.o
                0x06010840                PER_DisguiseTrigger
 .text          0x06010860       0xe0 blocks.o
                0x06010860                block_get
                0x060108c0                block_check
                0x060108f0                block_spike
 .text          0x06010940       0xa0 cd.o
                0x06010940                cd_init
                0x06010970                cd_load
 .text          0x060109e0      0xa30 collision.o
                0x060109e0                collision_check_up
                0x06011260                collision_eject_horiz
                0x060110f0                collision_eject_vert
                0x06010e10                collision_check
                0x06010c70                collision_check_left
                0x06010d40                collision_check_right
                0x06011050                collision_spikes
                0x06010b70                collision_check_below
                0x06010a70                collision_check_down
 .text          0x06011410      0x520 player.o
                0x06011410                player_frames
                0x06011550                player_input
                0x06011420                player_init
                0x06011890                player_draw
                0x06011470                player_animate
 .text          0x06011930      0x170 print.o
                0x06011a00                print_display
                0x06011970                print_num
                0x06011930                print_init
                0x060119c0                print_string
 .text          0x06011aa0      0x5e0 sprite.o
                0x06011ad0                sprite_init
                0x06011eb0                sprite_make
                0x06011ff0                sprite_next
                0x06012050                sprite_delete
                0x06011ef0                sprite_draw_all
                0x06011aa0                sprite_deleteall
                0x06011c60                sprite_draw
 .text          0x06012080      0x700 scroll.o
                0x06012080                scroll_move
                0x06012590                scroll_get
                0x060125f0                scroll_copy
                0x060121d0                scroll_set
                0x06012720                scroll_reset
                0x060122e0                scroll_init
                0x06012200                scroll_scale
 .text          0x06012780      0x110 main.o
                0x06012780                main
 .text          0x06012890       0x40 ../sbl6/segalib/lib/sega_int.a(int.o)
                0x060128bc                INT_GetScuFunc
                0x06012890                INT_SetScuFunc
 .text          0x060128d0      0x624 ../sbl6/segalib/lib/sega_int.a(int_trmp.o)
                0x06012a38                __interrupt_handler60
                0x06012be8                __interrupt_handler132
                0x06012d9e                __interrupt_handler205
                0x06012c06                __interrupt_handler137
                0x06012b34                __interrupt_handler102
                0x06012972                __interrupt_handler27
                0x06012d74                __interrupt_handler198
                0x06012c66                __interrupt_handler153
                0x0601294e                __interrupt_handler21
                0x06012a5c                __interrupt_handler66
                0x06012b4c                __interrupt_handler106
                0x06012c96                __interrupt_handler161
                0x06012ae0                __interrupt_handler88
                0x06012cae                __interrupt_handler165
                0x06012bbe                __interrupt_handler125
                0x060128f4                __interrupt_handler6
                0x06012990                __interrupt_handler32
                0x06012d4a                __interrupt_handler191
                0x06012e64                __interrupt_handler238
                0x06012e7c                __interrupt_handler242
                0x06012c84                __interrupt_handler158
                0x06012aec                __interrupt_handler90
                0x06012ca8                __interrupt_handler164
                0x060129cc                __interrupt_handler42
                0x06012d0e                __interrupt_handler181
                0x06012e16                __interrupt_handler225
                0x06012ebe                __interrupt_handler253
                0x06012cd2                __interrupt_handler171
                0x06012a8c                __interrupt_handler74
                0x060128e2                __interrupt_handler3
                0x06012a26                __interrupt_handler57
                0x06012924                __interrupt_handler14
                0x06012dbc                __interrupt_handler210
                0x06012dec                __interrupt_handler218
                0x06012db0                __interrupt_handler208
                0x060129b4                __interrupt_handler38
                0x060128d0                __interrupt_handler0
                0x06012b40                __interrupt_handler104
                0x06012c7e                __interrupt_handler157
                0x06012dce                __interrupt_handler213
                0x06012cc0                __interrupt_handler168
                0x06012ace                __interrupt_handler85
                0x06012b6a                __interrupt_handler111
                0x06012b7c                __interrupt_handler114
                0x060129ea                __interrupt_handler47
                0x06012e40                __interrupt_handler232
                0x06012e0a                __interrupt_handler223
                0x06012e5e                __interrupt_handler237
                0x06012a4a                __interrupt_handler63
                0x060129d8                __interrupt_handler44
                0x06012cea                __interrupt_handler175
                0x06012d14                __interrupt_handler182
                0x06012d2c                __interrupt_handler186
                0x06012c2a                __interrupt_handler143
                0x06012b52                __interrupt_handler107
                0x06012bb8                __interrupt_handler124
                0x06012cd8                __interrupt_handler172
                0x06012e8e                __interrupt_handler245
                0x06012b0a                __interrupt_handler95
                0x06012be2                __interrupt_handler131
                0x06012bf4                __interrupt_handler134
                0x06012c12                __interrupt_handler139
                0x06012a80                __interrupt_handler72
                0x06012e3a                __interrupt_handler231
                0x06012c90                __interrupt_handler160
                0x06012bd6                __interrupt_handler129
                0x06012948                __interrupt_handler20
                0x06012a56                __interrupt_handler65
                0x06012a20                __interrupt_handler56
                0x0601291e                __interrupt_handler13
                0x06012db6                __interrupt_handler209
                0x06012b70                __interrupt_handler112
                0x06012942                __interrupt_handler19
                0x06012afe                __interrupt_handler93
                0x06012d68                __interrupt_handler196
                0x06012c5a                __interrupt_handler151
                0x06012cba                __interrupt_handler167
                0x06012ed0                __trampoline
                0x06012936                __interrupt_handler17
                0x06012e28                __interrupt_handler228
                0x06012eca                __interrupt_handler255
                0x06012e88                __interrupt_handler244
                0x06012b22                __interrupt_handler99
                0x06012d1a                __interrupt_handler183
                0x06012c18                __interrupt_handler140
                0x06012d3e                __interrupt_handler189
                0x06012c3c                __interrupt_handler146
                0x06012e04                __interrupt_handler222
                0x06012c78                __interrupt_handler156
                0x06012bac                __interrupt_handler122
                0x06012ea0                __interrupt_handler248
                0x060129f0                __interrupt_handler48
                0x06012a6e                __interrupt_handler69
                0x06012960                __interrupt_handler24
                0x06012ae6                __interrupt_handler89
                0x06012dda                __interrupt_handler215
                0x06012ec4                __interrupt_handler254
                0x06012ada                __interrupt_handler87
                0x06012a3e                __interrupt_handler61
                0x06012d62                __interrupt_handler195
                0x06012c54                __interrupt_handler150
                0x060129c6                __interrupt_handler41
                0x06012b64                __interrupt_handler110
                0x06012bca                __interrupt_handler127
                0x06012b58                __interrupt_handler108
                0x06012b76                __interrupt_handler113
                0x06012b88                __interrupt_handler116
                0x06012ba6                __interrupt_handler121
                0x06012a9e                __interrupt_handler77
                0x060129ba                __interrupt_handler39
                0x060129d2                __interrupt_handler43
                0x06012ea6                __interrupt_handler249
                0x06012ce4                __interrupt_handler174
                0x06012c00                __interrupt_handler136
                0x06012d38                __interrupt_handler188
                0x06012c36                __interrupt_handler145
                0x06012906                __interrupt_handler9
                0x06012aaa                __interrupt_handler79
                0x06012e22                __interrupt_handler227
                0x0601299c                __interrupt_handler34
                0x06012bdc                __interrupt_handler130
                0x06012e9a                __interrupt_handler247
                0x06012a92                __interrupt_handler75
                0x06012cde                __interrupt_handler173
                0x06012a0e                __interrupt_handler53
                0x06012c4e                __interrupt_handler149
                0x06012eb2                __interrupt_handler251
                0x06012e46                __interrupt_handler233
                0x0601290c                __interrupt_handler10
                0x06012d98                __interrupt_handler204
                0x06012abc                __interrupt_handler82
                0x06012ac2                __interrupt_handler83
                0x06012966                __interrupt_handler25
                0x06012e82                __interrupt_handler243
                0x06012c9c                __interrupt_handler162
                0x060129e4                __interrupt_handler46
                0x06012cfc                __interrupt_handler178
                0x06012ab0                __interrupt_handler80
                0x06012a44                __interrupt_handler62
                0x060128dc                __interrupt_handler2
                0x0601297e                __interrupt_handler29
                0x06012a74                __interrupt_handler70
                0x06012b5e                __interrupt_handler109
                0x06012c48                __interrupt_handler148
                0x06012b04                __interrupt_handler94
                0x06012e10                __interrupt_handler224
                0x06012b3a                __interrupt_handler103
                0x060129a8                __interrupt_handler36
                0x06012bc4                __interrupt_handler126
                0x06012e94                __interrupt_handler246
                0x06012a1a                __interrupt_handler55
                0x06012918                __interrupt_handler12
                0x06012a08                __interrupt_handler52
                0x06012d32                __interrupt_handler187
                0x06012c30                __interrupt_handler144
                0x06012b8e                __interrupt_handler117
                0x0601293c                __interrupt_handler18
                0x06012d6e                __interrupt_handler197
                0x06012c60                __interrupt_handler152
                0x06012b94                __interrupt_handler118
                0x06012ccc                __interrupt_handler170
                0x06012d86                __interrupt_handler201
                0x06012b16                __interrupt_handler97
                0x06012ca2                __interrupt_handler163
                0x06012d08                __interrupt_handler180
                0x06012d50                __interrupt_handler192
                0x06012e70                __interrupt_handler240
                0x06012bb2                __interrupt_handler123
                0x06012dd4                __interrupt_handler214
                0x0601298a                __interrupt_handler31
                0x06012978                __interrupt_handler28
                0x06012a62                __interrupt_handler67
                0x06012a68                __interrupt_handler68
                0x06012954                __interrupt_handler22
                0x0601295a                __interrupt_handler23
                0x06012cf0                __interrupt_handler176
                0x060128fa                __interrupt_handler7
                0x06012dfe                __interrupt_handler221
                0x06012de6                __interrupt_handler217
                0x06012e2e                __interrupt_handler229
                0x060129f6                __interrupt_handler49
                0x060128e8                __interrupt_handler4
                0x060129c0                __interrupt_handler40
                0x06012b82                __interrupt_handler115
                0x06012e52                __interrupt_handler235
                0x06012af2                __interrupt_handler91
                0x06012da4                __interrupt_handler206
                0x06012cf6                __interrupt_handler177
                0x06012c42                __interrupt_handler147
                0x060129ae                __interrupt_handler37
                0x06012eac                __interrupt_handler250
                0x060128d6                __interrupt_handler1
                0x06012df2                __interrupt_handler219
                0x06012a98                __interrupt_handler76
                0x06012b28                __interrupt_handler100
                0x06012a2c                __interrupt_handler58
                0x0601292a                __interrupt_handler15
                0x06012dc8                __interrupt_handler212
                0x06012e76                __interrupt_handler241
                0x06012d8c                __interrupt_handler202
                0x06012d56                __interrupt_handler193
                0x06012aa4                __interrupt_handler78
                0x060129fc                __interrupt_handler50
                0x06012996                __interrupt_handler33
                0x06012cb4                __interrupt_handler166
                0x06012c0c                __interrupt_handler138
                0x06012bfa                __interrupt_handler135
                0x06012984                __interrupt_handler30
                0x06012d20                __interrupt_handler184
                0x06012c1e                __interrupt_handler141
                0x06012e34                __interrupt_handler230
                0x06012e58                __interrupt_handler236
                0x06012b9a                __interrupt_handler119
                0x06012ad4                __interrupt_handler86
                0x06012b46                __interrupt_handler105
                0x06012ab6                __interrupt_handler81
                0x06012ba0                __interrupt_handler120
                0x06012bd0                __interrupt_handler128
                0x06012a14                __interrupt_handler54
                0x06012912                __interrupt_handler11
                0x06012d7a                __interrupt_handler199
                0x06012c6c                __interrupt_handler154
                0x060129de                __interrupt_handler45
                0x06012de0                __interrupt_handler216
                0x06012d92                __interrupt_handler203
                0x06012b2e                __interrupt_handler101
                0x06012ac8                __interrupt_handler84
                0x06012d26                __interrupt_handler185
                0x06012c24                __interrupt_handler142
                0x0601296c                __interrupt_handler26
                0x06012a50                __interrupt_handler64
                0x06012d80                __interrupt_handler200
                0x06012daa                __interrupt_handler207
                0x06012d5c                __interrupt_handler194
                0x06012af8                __interrupt_handler92
                0x06012c72                __interrupt_handler155
                0x06012dc2                __interrupt_handler211
                0x06012bee                __interrupt_handler133
                0x060128ee                __interrupt_handler5
                0x06012a86                __interrupt_handler73
                0x06012930                __interrupt_handler16
                0x06012e6a                __interrupt_handler239
                0x06012e4c                __interrupt_handler234
                0x060129a2                __interrupt_handler35
                0x06012a32                __interrupt_handler59
                0x06012cc6                __interrupt_handler169
                0x06012b1c                __interrupt_handler98
                0x06012a7a                __interrupt_handler71
                0x06012a02                __interrupt_handler51
                0x06012c8a                __interrupt_handler159
                0x06012e1c                __interrupt_handler226
                0x06012b10                __interrupt_handler96
                0x06012d44                __interrupt_handler190
                0x06012df8                __interrupt_handler220
                0x06012900                __interrupt_handler8
                0x06012d02                __interrupt_handler179
                0x06012eb8                __interrupt_handler252
 *fill*         0x06012ef4        0xc 00
 .text          0x06012f00     0x12a0 ../sbl6/segalib/lib/sega_spr.a(spr_2c.o)
                0x06014160                SlaveFlushDrawPrtyBlock
                0x06012f00                SPR_2Initial
                0x06013744                SPR_2SysClip
                0x060136e4                SPR_2LocalCoord
                0x06013fdc                SPR_2FlushDrawPrtyBlock
                0x06013cc8                SPR_2DistSpr
                0x060136cc                SPR_2FlushDrawPrty
                0x06013dec                SPR_2Cmd
                0x060133c8                SPR_2GourTblNoToVram
                0x06013428                SPR_2GetAreaSizeInfo
                0x06013190                SPR_2SetGourTbl
                0x0601397c                SPR_2Polygon
                0x06013404                SPR_2CharNoToVram
                0x06013110                SPR_2SetTvMode
                0x0601356c                SPR_2CloseCommand
                0x0601314c                SPR_2FrameEraseData
                0x06012f28                SPR_2Initial2
                0x06013b5c                SPR_2ScaleSpr
                0x060137ec                SPR_2Line
                0x060134b8                SPR_2OpenCommand
                0x0601312c                SPR_2FrameChgIntr
                0x06013a38                SPR_2NormSpr
                0x060131c0                SPR_2SetLookupTbl
                0x060131f4                SPR_2SetChar
                0x060133ec                SPR_2LookupTblNoToVram
                0x060138c0                SPR_2PolyLine
                0x06013360                SPR_2ClrAllChar
                0x06013314                SPR_2ClrChar
                0x06013790                SPR_2UserClip
 .text          0x060141a0      0x1e6 ../sbl6/segalib/lib/sega_spr.a(spr_slv.o)
                0x06014304                SPR_WaitEndSlaveSH
                0x060141a0                SPR_SMPC_SSHON
                0x060142e0                SPR_RunSlaveSH
                0x060141a4                SPR_InitSlaveSH
                0x0601426c                SPR_SlaveSHmain
                0x060141a1                SPR_SMPC_SSHOFF
 *fill*         0x06014386        0xa 00
 .text          0x06014390      0x36a ../sbl6/segalib/lib/sega_spr.a(spr_1c.o)
                0x06014644                SPR_WaitDrawEnd
                0x0601465c                SPR_SetEosMode
                0x06014574                SPR_SetEraseData
                0x06014390                SPR_Initial
                0x06014468                SPR_SetTvMode
                0x06014500                SPR_GetStatus
 *fill*         0x060146fa        0x6 00
 .text          0x06014700      0x244 ../sbl6/segalib/lib/sega_spr.a(spr_2a.o)
                0x06014712                sprMemCpyW
                0x06014770                flushDrawPrtyBlock
                0x06014700                sprMemCpyL
                0x06014724                SPR_2SetDrawPrty
 *fill*         0x06014944        0xc 00
 .text          0x06014950      0x2fc ../sbl6/segalib/lib/sega_scl.a(scl_vblv.o)
                0x06014a0c                SCL_DisplayFrame
                0x06014950                SCL_SetFrameInterval
                0x06014a40                SCL_VblInit
                0x06014a90                SCL_VblankStart
                0x06014ad4                SCL_VblankEnd
 *fill*         0x06014c4c        0x4 00
 .text          0x06014c50      0xb9c ../sbl6/segalib/lib/sega_scl.a(scl_func.o)
                0x0601562c                SCL_Vdp2_SGLInit
                0x0601553c                SCL_PriIntProc
                0x060154b4                SCL_Memcpyw
                0x060157cc                SCL_SglOff
                0x060157ac                SCL_SglOn
                0x06015420                SCL_ScrollShow
                0x06014ec8                SCL_Close
                0x060151c0                SCL_Scale
                0x06014c50                SCL_Vdp2Init
                0x06015034                SCL_Move
                0x060152fc                SCL_CopyReg
                0x06014ea4                SCL_Open
                0x06014cd4                SCL_ParametersInit
                0x06014ee4                SCL_MoveTo
                0x060154dc                SCL_SetColRamMode
 *fill*         0x060157ec        0x4 00
 .text          0x060157f0      0x138 ../sbl6/segalib/lib/sega_scl.a(scl_pr03.o)
                0x060157f0                SCL_FreeColRam
                0x06015828                SCL_AllocColRam
 *fill*         0x06015928        0x8 00
 .text          0x06015930       0x9c ../sbl6/segalib/lib/sega_scl.a(scl_pr02.o)
                0x06015930                SCL_SetColRam
 *fill*         0x060159cc        0x4 00
 .text          0x060159d0       0x84 ../sbl6/segalib/lib/sega_scl.a(scl_back.o)
                0x060159d0                SCL_SetBack
 *fill*         0x06015a54        0xc 00
 .text          0x06015a60      0x94c ../sbl6/segalib/lib/sega_scl.a(scl_fu03.o)
                0x06015abc                SCL_SetConfig
                0x06015a60                SCL_InitConfigTb
 *fill*         0x060163ac        0x4 00
 .text          0x060163b0      0x4f4 ../sbl6/segalib/lib/sega_scl.a(scl_fu02.o)
                0x060163e8                SCL_SetVramConfig
                0x060163b0                SCL_InitVramConfigTb
 *fill*         0x060168a4        0xc 00
 .text          0x060168b0       0x28 ../sbl6/segalib/lib/sega_scl.a(scl_fu04.o)
                0x060168b0                SCL_SetCycleTable
 *fill*         0x060168d8        0x8 00
 .text          0x060168e0      0x214 ../sbl6/segalib/lib/sega_scl.a(scl_pr07.o)
                0x060168e0                SCL_SetPriority
 *fill*         0x06016af4        0xc 00
 .text          0x06016b00       0x58 ../sbl6/segalib/lib/sega_scl.a(scl_pr01.o)
                0x06016b00                SCL_SetSpriteMode
 *fill*         0x06016b58        0x8 00
 .text          0x06016b60     0x10a4 ../sbl6/segalib/lib/sega_scl.a(scl_pri.o)
                0x06016bf4                SCL_AbortAutoVe
                0x06017aa4                SCL_SetShadowBit
                0x0601706c                SCL_AutoExec
                0x06016b60                SCL_PriorityInit
                0x06017580                SCL_IncColOffset
                0x06016c08                SCL_SetColMixRate
                0x06016bd8                SCL_GetColRamMode
 *fill*         0x06017c04        0xc 00
 .text          0x06017c10     0x1394 ../sbl6/segalib/lib/sega_scl.a(scl_ro00.o)
                0x06018dfc                SCL_RotateZD
                0x060180c4                SCL_Rotate
                0x06017d98                SCL_InitRotateTable
 *fill*         0x06018fa4        0xc 00
 .text          0x06018fb0      0x1b4 ../sbl6/segalib/lib/sega_scl.a(scl_pr06.o)
                0x06018fb0                SCL_SetColRamOffset
 *fill*         0x06019164        0xc 00
 .text          0x06019170       0xac ../sbl6/segalib/lib/sega_scl.a(scl_pr05.o)
                0x06019170                SCL_GetColRamOffset
 *fill*         0x0601921c        0x4 00
 .text          0x06019220       0xa4 ../sbl6/segalib/lib/sega_mth.a(mth_fixd.o)
                0x06019270                MTH_FixedToInt
                0x06019260                MTH_IntToFixed
                0x06019220                MTH_Mul
                0x06019280                MTH_Product
                0x06019240                MTH_Div
 *fill*         0x060192c4        0xc 00
 .text          0x060192d0      0x600 ../sbl6/segalib/lib/sega_mth.a(mth_tri.o)
                0x0601936c                fcos
                0x06019372                fsin
                0x0601931c                MTH_Cos
                0x060192d0                MTH_Sin
                0x06019510                MTH_Atan
 .text          0x060198d0      0xf50 ../sbl6/segalib/lib/sega_per.a(per_prt.o)
                0x06019cf0                PER_IntFunc
                0x06019ae8                PER_LGetPer
                0x060198d0                PER_LInit
 .text          0x0601a820     0x1b04 ../sbl6/segalib/lib/sega_sat.a(gfs.o)
                0x0601a820                gfs_version
                0x0601ba94                gfs_mngGetNumFile
                0x0601c214                gfs_closeSub
                0x0601b5b0                GFS_SetGmode
                0x0601b86c                GFS_SetErrFunc
                0x0601b9bc                gfs_mngSetupFuncTbl
                0x0601ab78                GFS_Reset
                0x0601b8e4                gfs_chgRoot
                0x0601b9b0                gfs_aborttrans
                0x0601bc94                gfs_svrAddHndl
                0x0601bb44                gfs_mngFreeGrp
                0x0601b8bc                GFS_ConvTno
                0x0601be48                gfs_getRootDir
                0x0601b898                GFS_GetErrStat
                0x0601ace8                GFS_Seek
                0x0601b354                GFS_NwStop
                0x0601bb50                gfs_mngTermAccess
                0x0601abfc                GFS_Open
                0x0601bafc                GFS_mngAllocGrp
                0x0601c25c                gfs_isTaskDone
                0x0601b054                GFS_Fread
                0x0601b7b4                GFS_StartTrans
                0x0601c1b0                gfs_GetFinfo
                0x0601b9f0                gfs_mngInitWork
                0x0601ae40                GFS_ByteToSct
                0x0601bc54                gfs_svrSearchHndl
                0x0601bf44                gfs_loadRootDir
                0x0601aa9c                GFS_IdToName
                0x0601b198                GFS_NwFread
                0x0601b6e4                GFS_SetTransPara
                0x0601b2a4                GFS_NwCdRead
                0x0601bd84                gfs_loadVol
                0x0601b680                GFS_SetReadPara
                0x0601ad9c                GFS_Tell
                0x0601b614                GFS_SetTmode
                0x0601c118                GFS_GetFad
                0x0601b750                GFS_SetTrFunc
                0x0601b800                GFS_CdMovePickup
                0x0601aa38                GFS_NameToId
                0x0601b46c                GFS_NwExecOne
                0x0601bfcc                gfs_flowIn
                0x0601aef4                GFS_GetFileInfo
                0x0601c074                gfs_transData
                0x0601bcd0                gfs_svrRemoveHndl
                0x0601b31c                GFS_NwIsComplete
                0x0601c250                gfs_getGmode
                0x0601b3c0                GFS_NwGetStat
                0x0601bd2c                GFS_OpenSub
                0x0601a9d0                GFS_SetDir
                0x0601ae9c                GFS_GetFileSize
                0x0601af68                GFS_GetNumCdbuf
                0x0601c2b0                gfs_convFinStat
                0x0601af90                GFS_Load
                0x0601b0f0                gfs_waitRead
                0x0601a928                GFS_LoadDir
                0x0601ab08                GFS_GetDirInfo
                0x0601acb0                GFS_Close
                0x0601a840                GFS_Init
                0x0601b43c                gfs_recovRdErr
                0x0601bbd4                gfs_mngSetErrCode
                0x0601b52c                GFS_NwExecServer
                0x0601adec                GFS_IsEof
                0x0601c170                gfs_SetSct
 *fill*         0x0601c324        0xc 00
 .text          0x0601c330      0x1f4 ../sbl6/segalib/lib/sega_sat.a(DMA_SCU1.o)
                0x0601c48c                DMA_ScuResult
                0x0601c330                DMA_ScuInit
                0x0601c380                DMA_ScuMemCopy
 *fill*         0x0601c524        0xc 00
 .text          0x0601c530      0x8d4 ../sbl6/segalib/lib/sega_sat.a(gfs_cdf.o)
                0x0601ca24                GFCF_Seek
                0x0601cb2c                GFCF_GetStat
                0x0601ca0c                GFCF_Tell
                0x0601c5d0                GFCF_Setup
                0x0601cad8                GFCF_cnvIntlvOfs
                0x0601c530                GFCF_Init
                0x0601c9c4                GFCF_Recover
                0x0601c718                GFCF_SetSct
                0x0601ca3c                GFCF_MovePickup
                0x0601cc00                gfcf_isCdOk
                0x0601c7d0                GFCF_FlowInBuf
                0x0601c75c                GFCF_GetFileInfo
                0x0601c924                GFCF_StopInBuf
                0x0601cbc4                gfcf_getSctSize
                0x0601ccc0                gfcf_getPlayRange
 *fill*         0x0601ce04        0xc 00
 .text          0x0601ce10      0x928 ../sbl6/segalib/lib/sega_sat.a(gfs_dir.o)
                0x0601d300                gfdr_setNextRec
                0x0601d6fc                gfdr_setDirrecCd
                0x0601d0f8                gfdr_open
                0x0601cf0c                GFDR_GetAtrDirId
                0x0601d1e0                gfdr_readByte
                0x0601ce10                GFDR_SetupDirTbl
                0x0601d2d8                gfdr_readLongNM
                0x0601d384                gfdr_readDirEnt
                0x0601cf3c                GFDR_ChgRoot
                0x0601ce84                GFDR_NameToId
                0x0601cfc8                gfdr_setupDirIdTbl
                0x0601cf24                GFDR_GetAtrDirName
                0x0601cee4                GFDR_GetInfoDirId
                0x0601d28c                gfdr_readLongNB
                0x0601d120                gfdr_read
                0x0601d20c                gfdr_readWord
                0x0601d04c                gfdr_setupDirNameTbl
                0x0601cef8                GFDR_GetInfoDirName
                0x0601cf54                GFDR_ChgDir
                0x0601d238                gfdr_readWordNB
 *fill*         0x0601d738        0x8 00
 .text          0x0601d740      0xa46 ../sbl6/segalib/lib/sega_sat.a(gfs_trn.o)
                0x0601d820                GFTR_SetTransMax
                0x0601dbf0                gftr_execScu
                0x0601e174                GFTR_SetTransFunc
                0x0601e03c                gftr_remTrn
                0x0601e160                GFTR_SetData
                0x0601de60                gftr_execSdma1
                0x0601e0b0                gftr_copyFrac
                0x0601d814                GFTR_GetNumTrans
                0x0601d7b4                GFTR_SetMode
                0x0601de30                gftr_remDma0
                0x0601e0d8                GFTR_GetLenData
                0x0601dbe4                gftr_reqScu
                0x0601de48                gftr_reqDma1
                0x0601db00                gftr_getSrcPack
                0x0601e130                GFTR_RtnDstPk
                0x0601dccc                gfdma_exec
                0x0601df64                gftr_execTrn
                0x0601d9f8                GFTR_ExecSvr
                0x0601def4                gftr_reqTrn
                0x0601ddbc                gfdma_getBytecnt
                0x0601de9c                gftr_reqCpu
                0x0601e0fc                GFTR_GetDstPack
                0x0601ddf4                gftr_reqDma0
                0x0601d980                GFTR_Idle
                0x0601d838                GFTR_Pause
                0x0601d808                GFTR_GetTransPara
                0x0601dee8                gftr_remCpu
                0x0601d7d4                GFTR_SetTransPara
                0x0601de84                gftr_remDma1
                0x0601d844                GFTR_Stop
                0x0601de0c                gftr_execSdma0
                0x0601d770                GFTR_Setup
                0x0601dc8c                gftr_remScu
                0x0601db88                gftr_getDstPack
                0x0601dcc0                gfdma_canUse
                0x0601d8fc                GFTR_Exec
                0x0601e14c                GFTR_GetData
                0x0601d82c                GFTR_Start
                0x0601d7c8                GFTR_SetUnit
                0x0601dea8                gftr_execCpu
                0x0601e0e4                GFTR_GetLenRoom
 *fill*         0x0601e186        0xa 00
 .text          0x0601e190      0x106 ../sbl6/segalib/lib/sega_sat.a(gfs_buf.o)
                0x0601e1e8                GFBF_GetNumData
                0x0601e264                GFBF_RtnPk
                0x0601e218                GFBF_GetSrcPk
                0x0601e28c                gfbf_getSctDt
                0x0601e1c0                GFBF_GetTranData
                0x0601e240                GFBF_GetSctData
 *fill*         0x0601e296        0xa 00
 .text          0x0601e2a0      0x600 ../sbl6/segalib/lib/sega_sat.a(gfs_cdb.o)
                0x0601e848                GFCB_GetPickup
                0x0601e3c0                GFCB_Close
                0x0601e68c                GFCB_GetSrcPack
                0x0601e814                GFCB_SetCon
                0x0601e494                GFCB_GetLenRoom
                0x0601e7f8                GFCB_MovePickup
                0x0601e76c                GFCB_GetSctData
                0x0601e4a0                GFCB_SetFilt
                0x0601e3e8                GFCB_GetLenData
                0x0601e888                GFCB_UngetPickup
                0x0601e2a0                GFCB_Setup
                0x0601e530                GFCB_Tell
                0x0601e870                GFCB_IsPuOwner
                0x0601e590                GFCB_Seek
                0x0601e508                GFCB_DeleteAllData
                0x0601e7a4                GFCB_GetDstPack
                0x0601e540                gfcb_getSctNum
                0x0601e7b0                GFCB_RtnPk
 .text          0x0601e8a0     0x1a04 ../sbl6/segalib/lib/sega_sat.a(gfs_cdc.o)
                0x0601eb3c                GFCD_AllocBuf
                0x0601f918                gfcd_doGetLenDataTsk
                0x060201b4                GFCD_SetCsctFunc
                0x0601ec14                GFCD_GetBaseFad
                0x0601ed90                GFCD_GetFilt
                0x0601fda4                gfcd_doChgDirTsk
                0x060200e4                gfcd_checkEflag
                0x0601f0d8                GFCD_MovePickup
                0x0601f1bc                GFCD_GetSctInfo
                0x0601fa6c                gfcd_doReqDataTsk
                0x0601f204                GFCD_ChgDir
                0x0601eef8                GFCD_ReqData
                0x060201d0                GFCD_ChkScdqFlag
                0x0601f688                GFCD_WaitServer
                0x0601ef9c                GFCD_DelSctData
                0x0601f474                GFCD_ExecServer
                0x0601f888                gfcd_doSetConTsk
                0x0601ead0                GFCD_AllocFilt
                0x0601eccc                GFCD_SetFilt
                0x0601f6c4                gfcd_doSetFiltTsk
                0x060201f4                GFCD_ClrScdqFlag
                0x0601fb0c                gfcd_doDelSctDataTsk
                0x0601f5d0                gfcd_doTask
                0x0601ec48                GFCD_GetPickup
                0x0601f198                GFCD_CheckMove
                0x06020210                GFCD_WaitScdqFlag
                0x0601ee30                GFCD_Play
                0x0601fc40                gfcd_doMoveSctTsk
                0x0601edd8                GFCD_SetCon
                0x0601f278                GFCD_SetFiltCon
                0x06020254                GFCD_WaitPause
                0x0601f43c                GFCD_GetBufSiz
                0x0601ec7c                GFCD_UngetPickup
                0x0601f360                GFCD_GetFileInfo
                0x0601ef54                GFCD_EndData
                0x0601eb70                GFCD_FreeBuf
                0x0601ee90                GFCD_GetLenData
                0x0601eb0c                GFCD_FreeFilt
                0x0601f548                gfcd_isIdleTask
                0x0601e8cc                GFCD_Init
                0x0601ffa0                gfcd_doSetFiltConTsk
                0x0601f024                GFCD_GetStat
                0x0601f124                GFCD_MoveSctData
                0x0601eca8                GFCD_IsPuOwner
                0x06020108                gfcd_initCdbMng
                0x0601e8a0                GFCD_SetCdbfs
                0x0601f674                GFCD_SetTimer
                0x06020188                gfcd_setStat
                0x0601eff4                GFCD_CheckDelSctData
 *fill*         0x060202a4        0xc 00
 .text          0x060202b0      0x308 ../sbl6/segalib/lib/sega_sat.a(DMA_SCU0.o)
                0x06020334                DMA_ScuStart
                0x06020468                DMA_ScuIntFunc0
                0x060204d8                DMA_ScuIntFunc1
                0x06020548                DMA_ScuIntFunc2
                0x06020428                DMA_ScuGetStatus
                0x060202b0                DMA_ScuSetPrm
 *fill*         0x060205b8        0x8 00
 .text          0x060205c0       0xe8 ../sbl6/segalib/lib/sega_sat.a(csh_main.o)
                0x060205c0                CSH_Init
                0x06020628                CSH_AllClr
                0x06020674                CSH_Purge
 *fill*         0x060206a8        0x8 00
 .text          0x060206b0      0x1b6 ../sbl6/segalib/lib/sega_sat.a(DMA_CPU0.o)
                0x060206f8                DMA_CpuSetPrm
                0x060207fc                DMA_CpuStart
                0x06020854                DMA_CpuGetStatus
                0x06020828                DMA_CpuAllStop
                0x0602083c                DMA_CpuGetComStatus
                0x060206b0                DMA_CpuSetComPrm
                0x06020810                DMA_CpuStop
 *fill*         0x06020866        0xa 00
 .text          0x06020870      0x2dc ../sbl6/segalib/lib/sega_sat.a(cdc_reg.o)
                0x060208c4                CDREG_ClrHirqReq
                0x06020894                CDC_ClrHirqReq
                0x06020944                CDREG_TgetData
                0x06020934                CDC_GetMpegPtr
                0x06020910                CDC_GetHirqMsk
                0x06020870                CDC_GetDataPtr
                0x06020880                CDC_GetHirqReq
                0x06020aa0                CDREG_WaitHirq
                0x06020924                CDC_SetHirqMsk
                0x060209a0                CDREG_CmdRsp
                0x060208d4                CDREG_InitHirqReq
                0x060208fc                CDREG_SetHirqFlag
                0x06020b10                CDREG_ReadRsp
 *fill*         0x06020b4c        0x4 00
 .text          0x06020b50      0x194 ../sbl6/segalib/lib/sega_sat.a(cdc_cfs.o)
                0x06020b50                CDC_ChgDir
                0x06020b84                CDC_ReadDir
                0x06020ca8                CDC_AbortFile
                0x06020bb8                CDC_GetFileScope
                0x06020c18                CDC_TgetFileInfo
                0x06020c74                CDC_ReadFile
 *fill*         0x06020ce4        0xc 00
 .text          0x06020cf0      0x3a0 ../sbl6/segalib/lib/sega_sat.a(cdc_cmn.o)
                0x06020e94                CDC_TgetToc
                0x06021038                CDC_DataEnd
                0x06020d58                CDC_GetPeriStat
                0x06020fcc                CDC_DataReady
                0x06020fa4                CDC_CdOpen
                0x06020f20                CDC_CdInit
                0x06020ee4                CDC_GetSes
                0x06020d40                CDC_GetLastStat
                0x06020cf0                CDC_GetCurStat
                0x06020e2c                CDC_GetHwInfo
 .text          0x06021090      0x1e4 ../sbl6/segalib/lib/sega_sat.a(cdc_bio.o)
                0x0602113c                CDC_GetdelSctData
                0x060210c4                CDC_GetSctData
                0x06021178                CDC_PutSctData
                0x060211f4                CDC_MoveSctData
                0x06021238                CDC_GetCopyErr
                0x06021100                CDC_DelSctData
                0x06021090                CDC_SetSctLen
                0x060211b0                CDC_CopySctData
 *fill*         0x06021274        0xc 00
 .text          0x06021280      0x2b8 ../sbl6/segalib/lib/sega_sat.a(cdc_sel.o)
                0x060214b0                CDC_GetFiltCon
                0x0602142c                CDC_GetFiltMode
                0x06021504                CDC_ResetSelector
                0x06021280                CDC_SetFiltRange
                0x0602130c                CDC_SetFiltSubh
                0x0602137c                CDC_GetFiltSubh
                0x060212b4                CDC_GetFiltRange
                0x060213f8                CDC_SetFiltMode
                0x06021470                CDC_SetFiltCon
 *fill*         0x06021538        0x8 00
 .text          0x06021540      0x130 ../sbl6/segalib/lib/sega_sat.a(cdc_drv.o)
                0x06021540                CDC_CdPlay
                0x0602160c                CDC_CdSeek
                0x06021640                CDC_CdScan
 .text          0x06021670      0x270 ../sbl6/segalib/lib/sega_sat.a(cdc_bif.o)
                0x060216cc                CDC_GetSctNum
                0x0602184c                CDC_ExeFadSearch
                0x060217cc                CDC_GetSctInfo
                0x06021710                CDC_CalActSiz
                0x06021670                CDC_GetBufSiz
                0x0602174c                CDC_GetActSiz
                0x06021884                CDC_GetFadSearch
 .text          0x060218e0       0xa8 ../sbl6/segalib/lib/sega_sat.a(cdc_dev.o)
                0x0602194c                CDC_CdGetLastBuf
                0x060218e0                CDC_CdSetCon
                0x06021910                CDC_CdGetCon
 *fill*         0x06021988        0x8 00
 .text          0x06021990      0x152 ../sbl6/segalib/lib/sega_sat.a(cdc_sub.o)
                0x06021a38                CDSUB_GetCdstat
                0x060219a8                CDSUB_UpdCdstat
                0x06021a78                CDSUB_RspToCdstat
                0x06021ac0                CDSUB_SoftTimer
                0x06021990                CDSUB_UpdStatus
                0x060219c8                CDSUB_CdCmd
 *fill*         0x06021ae2        0xe 00
 .text          0x06021af0       0x60 C:/saturn/SH_COFF/sh-coff/bin/../lib/gcc/sh-coff/3.4-GNUSH_v0501\libgcc.a(_ashiftrt.o)
                0x06021afc                __ashiftrt_r4_27
                0x06021b30                __ashiftrt_r4_6
                0x06021b20                __ashiftrt_r4_14
                0x06021b12                __ashiftrt_r4_19
                0x06021b2a                __ashiftrt_r4_9
                0x06021b3e                __ashiftrt_r4_0
                0x06021af0                __ashiftrt_r4_31
                0x06021afe                __ashiftrt_r4_26
                0x06021b0c                __ashiftrt_r4_22
                0x06021b18                __ashiftrt_r4_16
                0x06021b24                __ashiftrt_r4_12
                0x06021af8                __ashiftrt_r4_29
                0x06021b16                __ashiftrt_r4_17
                0x06021af6                __ashiftrt_r4_30
                0x06021b32                __ashiftrt_r4_5
                0x06021b2c                __ashiftrt_r4_8
                0x06021af0                __ashiftrt_r4_32
                0x06021b00                __ashiftrt_r4_25
                0x06021b38                __ashiftrt_r4_2
                0x06021b02                __ashiftrt_r4_24
                0x06021b1e                __ashiftrt_r4_15
                0x06021b28                __ashiftrt_r4_10
                0x06021b3a                __ashiftrt_r4_1
                0x06021afa                __ashiftrt_r4_28
                0x06021b10                __ashiftrt_r4_20
                0x06021b2e                __ashiftrt_r4_7
                0x06021b22                __ashiftrt_r4_13
                0x06021b26                __ashiftrt_r4_11
                0x06021b34                __ashiftrt_r4_4
                0x06021b0a                __ashiftrt_r4_23
                0x06021b14                __ashiftrt_r4_18
                0x06021b0e                __ashiftrt_r4_21
                0x06021b36                __ashiftrt_r4_3
 .text          0x06021b50       0x90 C:/saturn/SH_COFF/sh-coff/bin/../lib/gcc/sh-coff/3.4-GNUSH_v0501\libgcc.a(_ashiftlt.o)
                0x06021b50                __ashlsi3
 .text          0x06021be0       0xb0 C:/saturn/SH_COFF/sh-coff/bin/../lib/gcc/sh-coff/3.4-GNUSH_v0501\libgcc.a(_movstr.o)
                0x06021c20                __movstrSI16
                0x06021bf4                __movstrSI60
                0x06021c00                __movstrSI48
                0x06021bfc                __movstrSI52
                0x06021bf0                __movstrSI64
                0x06021c04                __movstrSI44
                0x06021c08                __movstrSI40
                0x06021c0c                __movstrSI36
                0x06021c40                __movstr
                0x06021bf8                __movstrSI56
                0x06021c14                __movstrSI28
                0x06021c10                __movstrSI32
                0x06021c24                __movstrSI12
                0x06021c28                __movstrSI8
                0x06021c30                __movstrSI0
                0x06021c18                __movstrSI24
                0x06021c1c                __movstrSI20
                0x06021c2c                __movstrSI4
 .text          0x06021c90       0xa0 C:/saturn/SH_COFF/sh-coff/bin/../lib/gcc/sh-coff/3.4-GNUSH_v0501\libgcc.a(__main.o)
                0x06021d04                __main
                0x06021c90                __do_global_dtors
                0x06021cc4                __do_global_ctors
 .text          0x06021d30       0x70 C:/saturn/SH_COFF/sh-coff/bin/../lib/gcc/sh-coff/3.4-GNUSH_v0501\libgcc.a(_udivsi3.o)
                0x06021d52                __udivsi3
 .text          0x06021da0       0xb0 C:/saturn/SH_COFF/sh-coff/bin/../lib/gcc/sh-coff/3.4-GNUSH_v0501\libgcc.a(_si_to_df.o)
                0x06021da0                __floatsidf
 .text          0x06021e50      0x2e0 C:/saturn/SH_COFF/sh-coff/bin/../lib/gcc/sh-coff/3.4-GNUSH_v0501\libgcc.a(_mul_df.o)
                0x06021e60                __muldf3
 .text          0x06022130       0x80 C:/saturn/SH_COFF/sh-coff/bin/../lib/gcc/sh-coff/3.4-GNUSH_v0501\libgcc.a(_df_to_si.o)
                0x06022130                __fixdfsi
 .text          0x060221b0       0xa0 C:/saturn/SH_COFF/sh-coff/bin/../lib/gcc/sh-coff/3.4-GNUSH_v0501\libgcc.a(_sdivsi3.o)
                0x060221b0                __sdivsi3
 .text          0x06022250      0x220 C:/saturn/SH_COFF/sh-coff/bin/../lib/gcc/sh-coff/3.4-GNUSH_v0501\libgcc.a(_pack_df.o)
                0x06022260                __pack_d
 .text          0x06022470      0x120 C:/saturn/SH_COFF/sh-coff/bin/../lib/gcc/sh-coff/3.4-GNUSH_v0501\libgcc.a(_unpack_df.o)
                0x06022480                __unpack_d
 .text          0x06022590       0x20 C:/saturn/SH_COFF/sh-coff/bin/../lib/gcc/sh-coff/3.4-GNUSH_v0501\libgcc.a(_thenan_df.o)
                0x06022590                __thenan_df
 .text          0x060225b0       0xd0 C:/saturn/SH_COFF/sh-coff/bin/../lib/gcc/sh-coff/3.4-GNUSH_v0501\libgcc.a(_muldi3.o)
                0x060225b0                __muldi3
 .text          0x06022680       0x80 C:/saturn/SH_COFF/sh-coff/bin/../lib/gcc/sh-coff/3.4-GNUSH_v0501\libgcc.a(_lshrdi3.o)
                0x06022680                __lshrdi3
 .text          0x06022700       0x80 C:/saturn/SH_COFF/sh-coff/bin/../lib/gcc/sh-coff/3.4-GNUSH_v0501\libgcc.a(_ashldi3.o)
                0x06022700                __ashldi3
 .text          0x06022780       0x30 C:/saturn/SH_COFF/sh-coff/bin/../lib/gcc/sh-coff/3.4-GNUSH_v0501\libgcc.a(_mulsi3.o)
                0x06022780                __mulsi3
 .text          0x060227b0       0x90 C:/saturn/SH_COFF/sh-coff/bin/../lib/gcc/sh-coff/3.4-GNUSH_v0501\libgcc.a(_lshiftrt.o)
                0x060227b0                __lshrsi3
 .text          0x06022840       0xa0 C:/saturn/SH_COFF/sh-coff/bin/../lib/gcc/sh-coff/3.4-GNUSH_v0501/../../../../sh-coff/lib\libc.a(memcpy.o)
                0x06022840                memcpy
 .text          0x060228e0       0x40 C:/saturn/SH_COFF/sh-coff/bin/../lib/gcc/sh-coff/3.4-GNUSH_v0501/../../../../sh-coff/lib\libc.a(memset.o)
                0x060228e0                memset
 .text          0x06022920       0x60 C:/saturn/SH_COFF/sh-coff/bin/../lib/gcc/sh-coff/3.4-GNUSH_v0501/../../../../sh-coff/lib\libc.a(memcmp.o)
                0x06022920                memcmp
 .text          0x06022980       0xb0 C:/saturn/SH_COFF/sh-coff/bin/../lib/gcc/sh-coff/3.4-GNUSH_v0501/../../../../sh-coff/lib\libc.a(strncmp.o)
                0x06022980                strncmp
 .text          0x06022a30       0xa0 C:/saturn/SH_COFF/sh-coff/bin/../lib/gcc/sh-coff/3.4-GNUSH_v0501/../../../../sh-coff/lib\libc.a(strncpy.o)
                0x06022a30                strncpy
 .text          0x06022ad0       0x90 C:/saturn/SH_COFF/sh-coff/bin/../lib/gcc/sh-coff/3.4-GNUSH_v0501/../../../../sh-coff/lib\libc.a(atexit.o)
                0x06022ad0                atexit
 .text          0x06022b60       0x10 C:/saturn/SH_COFF/sh-coff/bin/../lib/gcc/sh-coff/3.4-GNUSH_v0501/../../../../sh-coff/lib\libc.a(impure.o)
                0x06022b60                _global_impure_ptr
 .text          0x06022b70       0x40 C:/saturn/SH_COFF/sh-coff/bin/../lib/gcc/sh-coff/3.4-GNUSH_v0501/../../../../sh-coff/lib\libc.a(malloc.o)
                0x06022b8c                free
                0x06022b70                malloc
 .text          0x06022bb0      0x5b0 C:/saturn/SH_COFF/sh-coff/bin/../lib/gcc/sh-coff/3.4-GNUSH_v0501/../../../../sh-coff/lib\libc.a(mallocr.o)
                0x06022bb0                _malloc_r
 .text          0x06023160      0x340 C:/saturn/SH_COFF/sh-coff/bin/../lib/gcc/sh-coff/3.4-GNUSH_v0501/../../../../sh-coff/lib\libc.a(freer.o)
                0x06023160                _malloc_trim_r
                0x06023254                _free_r
 .text          0x060234a0       0x20 C:/saturn/SH_COFF/sh-coff/bin/../lib/gcc/sh-coff/3.4-GNUSH_v0501/../../../../sh-coff/lib\libc.a(mlock.o)
                0x060234a0                __malloc_lock
                0x060234ac                __malloc_unlock
 .text          0x060234c0       0x50 C:/saturn/SH_COFF/sh-coff/bin/../lib/gcc/sh-coff/3.4-GNUSH_v0501/../../../../sh-coff/lib\libc.a(sbrkr.o)
                0x060234c0                _sbrk_r
 .text          0x06023510      0x380 C:/saturn/SH_COFF/sh-coff/bin/../lib/gcc/sh-coff/3.4-GNUSH_v0501/../../../../sh-coff/lib\libc.a(syscalls.o)
                0x0602367c                _exit
                0x060236b0                _getpid
                0x06023718                _utime
                0x06023548                _write
                0x06023510                _read
                0x06023664                _unlink
                0x0602362c                _open
                0x060236c8                _stat
                0x06023670                isatty
                0x06023748                _wait
                0x06023694                _kill
                0x060236e4                _chmod
                0x06023778                _execv
                0x0602375c                _execve
                0x06023854                __setup_argv_and_call_main
                0x060237b0                _gettimeofday
                0x0602357c                _link
                0x060236bc                _raise
                0x06023648                _creat
                0x06023790                _pipe
                0x060236fc                _chown
                0x0602352c                _lseek
                0x06023564                _close
                0x060237a4                _times
                0x06023618                _fstat
                0x06023734                _fork
                0x060235a4                _sbrk
 .text          0x06023890       0x20 C:/saturn/SH_COFF/sh-coff/bin/../lib/gcc/sh-coff/3.4-GNUSH_v0501/../../../../sh-coff/lib\libc.a(trap.o)
                0x06023890                __trap34
 .text          0x060238b0       0x20 C:/saturn/SH_COFF/sh-coff/bin/../lib/gcc/sh-coff/3.4-GNUSH_v0501/../../../../sh-coff/lib\libc.a(abort.o)
                0x060238b0                abort
 .text          0x060238d0      0x270 C:/saturn/SH_COFF/sh-coff/bin/../lib/gcc/sh-coff/3.4-GNUSH_v0501/../../../../sh-coff/lib\libc.a(signal.o)
                0x06023990                _raise_r
                0x06023b18                __sigtramp
                0x06023ac4                raise
                0x06023b00                _init_signal
                0x06023a50                __sigtramp_r
                0x06023ae0                signal
                0x0602391c                _signal_r
                0x060238d0                _init_signal_r
 .text          0x06023b40       0x60 C:/saturn/SH_COFF/sh-coff/bin/../lib/gcc/sh-coff/3.4-GNUSH_v0501/../../../../sh-coff/lib\libc.a(signalr.o)
                0x06023b88                _getpid_r
                0x06023b40                _kill_r
 *(.strings)

.tors           0x06023ba0        0x0
                0x06023ba0                ___ctors = .
 *(.ctors)
                0x06023ba0                ___ctors_end = .
                0x06023ba0                ___dtors = .
 *(.dtors)
                0x06023ba0                ___dtors_end = .

.data           0x06023ba0     0x15e0
                0x06023ba0                STARTOF_R = .
 *(.data)
 .data          0x06023ba0      0x400 ../sbl6/segasmp/per/smpclib/per_x1.o
 .data          0x06023fa0       0x50 blocks.o
                0x06023fd8                tile2_slope
                0x06023fb8                tile4_slope
                0x06023fa0                block_slopes
                0x06023fc8                tile3_slope
 .data          0x06023ff0      0x4c0 graphics.o
                0x0602404a                guy_num
                0x060244a8                bg_num
                0x060240a0                bg_pal
                0x0602403c                guy_name
                0x06023ffc                guy_pal
                0x06024096                font_height
                0x06023ffa                map_width
                0x06023ff8                map_height
                0x06024046                guy_width
                0x06023ff0                map_name
                0x0602408c                font_name
                0x060244a0                bg_name
                0x06024098                font_width
                0x06024044                guy_height
                0x0602409c                font_num
                0x0602404c                font_pal
                0x06024048                guy_size
                0x0602409a                font_size
 .data          0x060244b0       0x10 player.o
                0x060244b0                lives
 .data          0x060244c0       0x30 sprite.o
 .data          0x060244f0       0x20 scroll.o
                0x060244f0                CycleTb
                0x06024500                vram
 .data          0x06024510      0x400 ../sbl6/segalib/lib/sega_int.a(int.o)
 .data          0x06024910       0x1c ../sbl6/segalib/lib/sega_spr.a(spr_slv.o)
                0x06024918                SPR_SlaveParam
                0x06024928                SPR_SMPC_SF
                0x06024920                SPR_SMPC_COM
                0x0602491c                SPR_SlaveSHEntry
                0x06024914                SPR_SlaveState
                0x06024910                SPR_SlaveCommand
                0x06024924                SPR_SMPC_RET
 *fill*         0x0602492c        0x4 00
 .data          0x06024930       0x34 ../sbl6/segalib/lib/sega_spr.a(spr_1c.o)
                0x06024930                SpInitialFlag
 *fill*         0x06024964        0xc 00
 .data          0x06024970       0x1c ../sbl6/segalib/lib/sega_scl.a(scl_vblv.o)
                0x06024978                VBInterval
                0x06024980                ReqDisplayFlag
                0x06024970                SpFrameChgMode
                0x0602497c                VBIntervalCounter
                0x06024974                SpFrameEraseMode
 *fill*         0x0602498c        0x4 00
 .data          0x06024990       0x36 ../sbl6/segalib/lib/sega_scl.a(scl_func.o)
                0x060249a0                SclRotregBuff
                0x0602499c                SclDisplayY
                0x060249a4                SclRotateTableMode
                0x06024998                SclProcess
                0x06024994                SclCurSclNum
                0x06024990                SclLengthLsTbl
                0x0602499a                SclDisplayX
                0x06024992                SclLengthCsTbl
 *fill*         0x060249c6        0xa 00
 .data          0x060249d0       0x18 ../sbl6/segalib/lib/sega_scl.a(scl_pri.o)
                0x060249d4                SclRealSpPriNum
                0x060249e4                SclRealColOffset
                0x060249e0                SclRealBgColMix
                0x060249dc                SclRealSpColMix
                0x060249d8                SclRealBgPriNum
                0x060249d0                SclRealOtherPri
 *fill*         0x060249e8        0x8 00
 .data          0x060249f0      0x380 C:/saturn/SH_COFF/sh-coff/bin/../lib/gcc/sh-coff/3.4-GNUSH_v0501/../../../../sh-coff/lib\libc.a(impure.o)
                0x06024d6c                _impure_ptr
 .data          0x06024d70      0x410 C:/saturn/SH_COFF/sh-coff/bin/../lib/gcc/sh-coff/3.4-GNUSH_v0501/../../../../sh-coff/lib\libc.a(mallocr.o)
                0x06024d78                __malloc_av_
                0x06024d74                __malloc_trim_threshold
                0x06024d70                __malloc_sbrk_base
                0x06025180                SIZEOF_R = (. - STARTOF_R)
                0x06025180                ENDOF_R = .

.bss            0x06025180     0x8c54
                0x06025180                STARTOF_B = .
 *(.bss)
 .bss           0x06025180       0x10 vblank.o
                0x06025184                PadData2E
                0x0602518a                PadData1
                0x06025186                PadData2
                0x06025188                PadData1E
                0x06025180                __port
 .bss           0x06025190       0xd0 ../sbl6/segasmp/per/smpclib/per_x2.o
 .bss           0x06025260       0x10 player.o
                0x06025261                boost
                0x06025260                jumps
 .bss           0x06025270     0x3800 sprite.o
                0x06025270                num_sprites
 .bss           0x06028a70       0x50 scroll.o
                0x06028a8c                map_tiles_x
                0x06028a94                scrolls_y
                0x06028a70                scroll_transition_state
                0x06028a74                scroll_ysize
                0x06028a84                map_tiles_y
                0x06028a7c                copy_modes
                0x06028aa4                scrolls_x
                0x06028a78                scroll_xsize
 .bss           0x06028ac0       0x10 main.o
                0x06028ac0                frame
 .bss           0x06028ad0       0x6e ../sbl6/segalib/lib/sega_spr.a(spr_2c.o)
 *fill*         0x06028b3e        0x2 00
 .bss           0x06028b40        0x4 ../sbl6/segalib/lib/sega_scl.a(scl_vblv.o)
 *fill*         0x06028b44        0xc 00
 .bss           0x06028b50        0x4 ../sbl6/segalib/lib/sega_scl.a(scl_func.o)
 *fill*         0x06028b54        0xc 00
 .bss           0x06028b60       0x48 ../sbl6/segalib/lib/sega_scl.a(scl_ro00.o)
 *fill*         0x06028ba8        0x8 00
 .bss           0x06028bb0       0x9c ../sbl6/segalib/lib/sega_per.a(per_prt.o)
 *fill*         0x06028c4c        0x4 00
 .bss           0x06028c50        0xc ../sbl6/segalib/lib/sega_sat.a(DMA_SCU1.o)
 *fill*         0x06028c5c        0x4 00
 .bss           0x06028c60        0xc ../sbl6/segalib/lib/sega_sat.a(gfs_trn.o)
 *fill*         0x06028c6c        0x4 00
 .bss           0x06028c70       0x20 ../sbl6/segalib/lib/sega_sat.a(DMA_SCU0.o)
 .bss           0x06028c90        0x2 ../sbl6/segalib/lib/sega_sat.a(cdc_reg.o)
 *fill*         0x06028c92        0xe 00
 .bss           0x06028ca0        0xc ../sbl6/segalib/lib/sega_sat.a(cdc_sub.o)
 *fill*         0x06028cac        0x4 00
 .bss           0x06028cb0       0x10 C:/saturn/SH_COFF/sh-coff/bin/../lib/gcc/sh-coff/3.4-GNUSH_v0501\libgcc.a(__main.o)
 .bss           0x06028cc0       0x10 C:/saturn/SH_COFF/sh-coff/bin/../lib/gcc/sh-coff/3.4-GNUSH_v0501/../../../../sh-coff/lib\libc.a(atexit.o)
 .bss           0x06028cd0       0x40 C:/saturn/SH_COFF/sh-coff/bin/../lib/gcc/sh-coff/3.4-GNUSH_v0501/../../../../sh-coff/lib\libc.a(mallocr.o)
                0x06028d00                __malloc_top_pad
                0x06028cd0                __malloc_current_mallinfo
                0x06028cfc                __malloc_max_sbrked_mem
                0x06028cf8                __malloc_max_total_mem
 .bss           0x06028d10       0x10 C:/saturn/SH_COFF/sh-coff/bin/../lib/gcc/sh-coff/3.4-GNUSH_v0501/../../../../sh-coff/lib\libc.a(syscalls.o)
 *(COMMON)
 COMMON         0x06028d20     0x1674 cd.o
                                  0x0 (size before relaxing)
                0x06028d20                dirname
                0x06029680                lib_work
                0x0602a388                directory_table
 *fill*         0x0602a394        0xc 00
 COMMON         0x0602a3a0       0x48 player.o
                                  0x0 (size before relaxing)
                0x0602a3a0                curr_level
                0x0602a3b0                player
 *fill*         0x0602a3e8        0x8 00
 COMMON         0x0602a3f0      0x8c0 print.o
                                  0x0 (size before relaxing)
                0x0602a3f0                text
 COMMON         0x0602acb0     0x1460 sprite.o
                                  0x0 (size before relaxing)
                0x0602acb0                sprites
                0x0602b110                image_buf
 COMMON         0x0602c110      0x24c scroll.o
                                  0x0 (size before relaxing)
                0x0602c110                scfg3
                0x0602c1a0                scfg0
                0x0602c230                maps
                0x0602c240                scfg2
                0x0602c2d0                scfg1
 *fill*         0x0602c35c        0x4 00
 COMMON         0x0602c360      0x400 ../sbl6/segalib/lib/sega_int.a(int.o)
                                  0x0 (size before relaxing)
                0x0602c360                __interrupt_vector
 COMMON         0x0602c760       0x50 ../sbl6/segalib/lib/sega_spr.a(spr_2c.o)
                                  0x0 (size before relaxing)
                0x0602c760                SpMstCmd
                0x0602c764                Sp2OpenFlag
                0x0602c768                SpGourTblMax
                0x0602c76c                SpDrawPrtyBlk
                0x0602c770                SpLCoordX
                0x0602c774                SpMstDrawPrtyBlk
                0x0602c778                SpGourTbl
                0x0602c77c                SpLookupTblR
                0x0602c780                SpCmdTbl
                0x0602c784                SpCharMax
                0x0602c788                SpDrawPrtyProcFlag
                0x0602c78c                SpCmdNo
                0x0602c790                SpDrawPrtyBlkMax
                0x0602c794                SpSlvCmdPos
                0x0602c798                SpSlvDrawPrtyBlk
                0x0602c79c                SpCharTbl
                0x0602c7a0                SpCmdTblR
                0x0602c7a4                SpMstCmdPos
                0x0602c7a8                SpSlvCmd
                0x0602c7ac                SpLCoordY
 COMMON         0x0602c7b0       0x10 ../sbl6/segalib/lib/sega_spr.a(spr_1c.o)
                                  0x0 (size before relaxing)
                0x0602c7b0                SpScreenY
                0x0602c7b4                SpFbcrMode
                0x0602c7b6                SpDil
                0x0602c7b8                SpDie
                0x0602c7ba                SpTvMode
                0x0602c7bc                SpScreenX
 COMMON         0x0602c7c0      0xf00 ../sbl6/segalib/lib/sega_scl.a(scl_func.o)
                                  0x0 (size before relaxing)
                0x0602c7c0                SclRbgKtbAddr
                0x0602c7c8                SclRb
                0x0602c7ca                Scl_flag
                0x0602c7d0                SclK_TableBuff
                0x0602d4a0                SclAddrCsTbl
                0x0602d4b0                Scl_s_reg
                0x0602d4d8                SclRotateXy
                0x0602d4e0                Scl_d_reg
                0x0602d528                SclRotateDisp
                0x0602d530                SclRotateMoveZ
                0x0602d538                SclRotXySw
                0x0602d540                Scl_r_reg
                0x0602d550                SclRPMD
                0x0602d558                SclRbgKtbOffset
                0x0602d560                _SclRotregBuff
                0x0602d630                SclRa
                0x0602d638                SclRotateZ
                0x0602d640                SclAddrLsTbl
                0x0602d648                SclK_TableNum
                0x0602d650                SclRotateTableAddress
                0x0602d654                SclK_TableFlag
                0x0602d660                Scl_w_reg
                0x0602d680                Scl_n_reg
 COMMON         0x0602d6c0      0x6b0 ../sbl6/segalib/lib/sega_scl.a(scl_pri.o)
                                  0x0 (size before relaxing)
                0x0602d6c0                SclAutoEndBlue2
                0x0602d6d0                SclColOffset
                0x0602d6e0                SclPriBuffDirty
                0x0602d6e2                SclAutoEndRed
                0x0602d6e4                SclAutoSurface
                0x0602d6e8                SclAutoGreen
                0x0602d6ea                SclAutoEndGreen
                0x0602d6ec                SclAutoCount
                0x0602d6f0                SclColRamAlloc256
                0x0602d710                SclAutoCurRate
                0x0602d711                SclAutoPlusFlag
                0x0602d718                SclSpColMix
                0x0602d720                SclAutoMax
                0x0602d724                SclLineColRamOffset
                0x0602d728                SclColRamAlloc2048
                0x0602d72c                SclBgPriNum
                0x0602d732                SclAutoEndBlue
                0x0602d734                SclAutoEndGreen2
                0x0602d736                SclAutoVeFlag
                0x0602d738                SclBgColMix
                0x0602d740                SclAutoIndex
                0x0602d744                SclAutoEndRate
                0x0602d746                SclAutoBlue
                0x0602d748                SclAutoRed
                0x0602d74c                SclAutoInterval
                0x0602d750                SclOtherPri
                0x0602d760                SclAutoRGB
                0x0602dd60                SclAutoEndRed2
                0x0602dd68                SclSpPriNum
 COMMON         0x0602dd70       0x10 ../sbl6/segalib/lib/sega_scl.a(scl_ro00.o)
                                  0x0 (size before relaxing)
                0x0602dd70                SclCsx
                0x0602dd78                SclCsy
 COMMON         0x0602dd80       0x15 ../sbl6/segalib/lib/sega_per.a(per_prt.o)
                                  0x0 (size before relaxing)
                0x0602dd80                per_get_time_flg
                0x0602dd81                per_hot_res
                0x0602dd82                per_set_sys_flg
                0x0602dd84                per_get_time_adr
                0x0602dd88                per_get_sys_data
                0x0602dd94                per_time_out_flg
 *fill*         0x0602dd95        0xb 00
 COMMON         0x0602dda0        0xc ../sbl6/segalib/lib/sega_sat.a(gfs.o)
                                  0x0 (size before relaxing)
                0x0602dda0                GFMC_base
                0x0602dda4                gfs_mng_ptr
                0x0602dda8                gfs_use_scudma
 *fill*         0x0602ddac        0x4 00
 COMMON         0x0602ddb0        0x8 ../sbl6/segalib/lib/sega_sat.a(gfs_cdf.o)
                                  0x0 (size before relaxing)
                0x0602ddb0                gfcf_fad
                0x0602ddb4                gfcf_stat
 *fill*         0x0602ddb8        0x8 00
 COMMON         0x0602ddc0        0xc ../sbl6/segalib/lib/sega_sat.a(gfs_cdc.o)
                                  0x0 (size before relaxing)
                0x0602ddc0                gfcd_fatal_err
                0x0602ddc4                gfcd_work
                0x0602ddc8                gfcd_playflag
 *fill*         0x0602ddcc        0x4 00
 COMMON         0x0602ddd0        0x4 C:/saturn/SH_COFF/sh-coff/bin/../lib/gcc/sh-coff/3.4-GNUSH_v0501/../../../../sh-coff/lib\libc.a(syscalls.o)
                                  0x0 (size before relaxing)
                0x0602ddd0                errno
                0x0602ddd4                SIZEOF_B = (. - STARTOF_B)
                0x0602ddd4                ENDOF_B = .
                0x0602ddd4                _end = .
OUTPUT(main.cof coff-sh)

.comment        0x0602dde0      0x4a0
 .comment       0x0602dde0       0x20 ../sbl6/segasmp/lib/strt2_g.o
 .comment       0x0602de00       0x20 vblank.o
 .comment       0x0602de20       0x20 ../sbl6/segasmp/per/smpclib/per_x1.o
 .comment       0x0602de40       0x20 ../sbl6/segasmp/per/smpclib/per_x2.o
 .comment       0x0602de60       0x20 blocks.o
 .comment       0x0602de80       0x20 cd.o
 .comment       0x0602dea0       0x20 collision.o
 .comment       0x0602dec0       0x20 graphics.o
 .comment       0x0602dee0       0x20 player.o
 .comment       0x0602df00       0x20 print.o
 .comment       0x0602df20       0x20 sprite.o
 .comment       0x0602df40       0x20 scroll.o
 .comment       0x0602df60       0x20 main.o
 .comment       0x0602df80       0x20 C:/saturn/SH_COFF/sh-coff/bin/../lib/gcc/sh-coff/3.4-GNUSH_v0501\libgcc.a(__main.o)
 .comment       0x0602dfa0       0x20 C:/saturn/SH_COFF/sh-coff/bin/../lib/gcc/sh-coff/3.4-GNUSH_v0501\libgcc.a(_si_to_df.o)
 .comment       0x0602dfc0       0x20 C:/saturn/SH_COFF/sh-coff/bin/../lib/gcc/sh-coff/3.4-GNUSH_v0501\libgcc.a(_mul_df.o)
 .comment       0x0602dfe0       0x20 C:/saturn/SH_COFF/sh-coff/bin/../lib/gcc/sh-coff/3.4-GNUSH_v0501\libgcc.a(_df_to_si.o)
 .comment       0x0602e000       0x20 C:/saturn/SH_COFF/sh-coff/bin/../lib/gcc/sh-coff/3.4-GNUSH_v0501\libgcc.a(_pack_df.o)
 .comment       0x0602e020       0x20 C:/saturn/SH_COFF/sh-coff/bin/../lib/gcc/sh-coff/3.4-GNUSH_v0501\libgcc.a(_unpack_df.o)
 .comment       0x0602e040       0x20 C:/saturn/SH_COFF/sh-coff/bin/../lib/gcc/sh-coff/3.4-GNUSH_v0501\libgcc.a(_thenan_df.o)
 .comment       0x0602e060       0x20 C:/saturn/SH_COFF/sh-coff/bin/../lib/gcc/sh-coff/3.4-GNUSH_v0501\libgcc.a(_muldi3.o)
 .comment       0x0602e080       0x20 C:/saturn/SH_COFF/sh-coff/bin/../lib/gcc/sh-coff/3.4-GNUSH_v0501\libgcc.a(_lshrdi3.o)
 .comment       0x0602e0a0       0x20 C:/saturn/SH_COFF/sh-coff/bin/../lib/gcc/sh-coff/3.4-GNUSH_v0501\libgcc.a(_ashldi3.o)
 .comment       0x0602e0c0       0x20 C:/saturn/SH_COFF/sh-coff/bin/../lib/gcc/sh-coff/3.4-GNUSH_v0501/../../../../sh-coff/lib\libc.a(memcmp.o)
 .comment       0x0602e0e0       0x20 C:/saturn/SH_COFF/sh-coff/bin/../lib/gcc/sh-coff/3.4-GNUSH_v0501/../../../../sh-coff/lib\libc.a(strncmp.o)
 .comment       0x0602e100       0x20 C:/saturn/SH_COFF/sh-coff/bin/../lib/gcc/sh-coff/3.4-GNUSH_v0501/../../../../sh-coff/lib\libc.a(strncpy.o)
 .comment       0x0602e120       0x20 C:/saturn/SH_COFF/sh-coff/bin/../lib/gcc/sh-coff/3.4-GNUSH_v0501/../../../../sh-coff/lib\libc.a(atexit.o)
 .comment       0x0602e140       0x20 C:/saturn/SH_COFF/sh-coff/bin/../lib/gcc/sh-coff/3.4-GNUSH_v0501/../../../../sh-coff/lib\libc.a(impure.o)
 .comment       0x0602e160       0x20 C:/saturn/SH_COFF/sh-coff/bin/../lib/gcc/sh-coff/3.4-GNUSH_v0501/../../../../sh-coff/lib\libc.a(malloc.o)
 .comment       0x0602e180       0x20 C:/saturn/SH_COFF/sh-coff/bin/../lib/gcc/sh-coff/3.4-GNUSH_v0501/../../../../sh-coff/lib\libc.a(mallocr.o)
 .comment       0x0602e1a0       0x20 C:/saturn/SH_COFF/sh-coff/bin/../lib/gcc/sh-coff/3.4-GNUSH_v0501/../../../../sh-coff/lib\libc.a(freer.o)
 .comment       0x0602e1c0       0x20 C:/saturn/SH_COFF/sh-coff/bin/../lib/gcc/sh-coff/3.4-GNUSH_v0501/../../../../sh-coff/lib\libc.a(mlock.o)
 .comment       0x0602e1e0       0x20 C:/saturn/SH_COFF/sh-coff/bin/../lib/gcc/sh-coff/3.4-GNUSH_v0501/../../../../sh-coff/lib\libc.a(sbrkr.o)
 .comment       0x0602e200       0x20 C:/saturn/SH_COFF/sh-coff/bin/../lib/gcc/sh-coff/3.4-GNUSH_v0501/../../../../sh-coff/lib\libc.a(syscalls.o)
 .comment       0x0602e220       0x20 C:/saturn/SH_COFF/sh-coff/bin/../lib/gcc/sh-coff/3.4-GNUSH_v0501/../../../../sh-coff/lib\libc.a(abort.o)
 .comment       0x0602e240       0x20 C:/saturn/SH_COFF/sh-coff/bin/../lib/gcc/sh-coff/3.4-GNUSH_v0501/../../../../sh-coff/lib\libc.a(signal.o)
 .comment       0x0602e260       0x20 C:/saturn/SH_COFF/sh-coff/bin/../lib/gcc/sh-coff/3.4-GNUSH_v0501/../../../../sh-coff/lib\libc.a(signalr.o)
