Archive member included because of file (symbol)

../sbl6/segalib/lib/sega_int.a(int.o)
                              vblank.o (INT_SetScuFunc)
../sbl6/segalib/lib/sega_int.a(int_trmp.o)
                              ../sbl6/segalib/lib/sega_int.a(int.o) (__interrupt_handler0)
../sbl6/segalib/lib/sega_spr.a(spr_2c.o)
                              main.o (SPR_2Initial)
../sbl6/segalib/lib/sega_spr.a(spr_slv.o)
                              ../sbl6/segalib/lib/sega_spr.a(spr_2c.o) (SPR_InitSlaveSH)
../sbl6/segalib/lib/sega_spr.a(spr_1c.o)
                              ../sbl6/segalib/lib/sega_spr.a(spr_2c.o) (SPR_Initial)
../sbl6/segalib/lib/sega_spr.a(spr_2a.o)
                              ../sbl6/segalib/lib/sega_spr.a(spr_2c.o) (SPR_2SetDrawPrty)
../sbl6/segalib/lib/sega_scl.a(scl_vblv.o)
                              ../sbl6/segalib/lib/sega_spr.a(spr_1c.o) (SpFrameChgMode)
../sbl6/segalib/lib/sega_scl.a(scl_func.o)
                              scroll.o (SCL_Vdp2Init)
../sbl6/segalib/lib/sega_scl.a(scl_pr03.o)
                              scroll.o (SCL_AllocColRam)
../sbl6/segalib/lib/sega_scl.a(scl_pr02.o)
                              scroll.o (SCL_SetColRam)
../sbl6/segalib/lib/sega_scl.a(scl_back.o)
                              scroll.o (SCL_SetBack)
../sbl6/segalib/lib/sega_scl.a(scl_fu03.o)
                              scroll.o (SCL_InitConfigTb)
../sbl6/segalib/lib/sega_scl.a(scl_fu02.o)
                              scroll.o (SCL_InitVramConfigTb)
../sbl6/segalib/lib/sega_scl.a(scl_fu04.o)
                              scroll.o (SCL_SetCycleTable)
../sbl6/segalib/lib/sega_scl.a(scl_pr07.o)
                              main.o (SCL_SetPriority)
../sbl6/segalib/lib/sega_scl.a(scl_pr01.o)
                              main.o (SCL_SetSpriteMode)
../sbl6/segalib/lib/sega_scl.a(scl_pri.o)
                              ../sbl6/segalib/lib/sega_scl.a(scl_func.o) (SclRealOtherPri)
../sbl6/segalib/lib/sega_scl.a(scl_ro00.o)
                              ../sbl6/segalib/lib/sega_scl.a(scl_func.o) (SCL_Rotate)
../sbl6/segalib/lib/sega_scl.a(scl_pr06.o)
                              ../sbl6/segalib/lib/sega_scl.a(scl_pr03.o) (SCL_SetColRamOffset)
../sbl6/segalib/lib/sega_scl.a(scl_pr05.o)
                              ../sbl6/segalib/lib/sega_scl.a(scl_pr02.o) (SCL_GetColRamOffset)
../sbl6/segalib/lib/sega_mth.a(mth_fixd.o)
                              sprite.o (MTH_Mul)
../sbl6/segalib/lib/sega_mth.a(mth_tri.o)
                              sprite.o (MTH_Sin)
../sbl6/segalib/lib/sega_per.a(per_prt.o)
                              ../sbl6/segasmp/per/smpclib/per_x2.o (PER_LInit)
../sbl6/segalib/lib/sega_sat.a(DMA_SCU1.o)
                              ../sbl6/segalib/lib/sega_spr.a(spr_2c.o) (DMA_ScuMemCopy)
../sbl6/segalib/lib/sega_sat.a(DMA_SCU0.o)
                              ../sbl6/segalib/lib/sega_sat.a(DMA_SCU1.o) (DMA_ScuSetPrm)
../sbl6/segalib/lib/sega_sat.a(csh_main.o)
                              ../sbl6/segalib/lib/sega_sat.a(DMA_SCU1.o) (CSH_Purge)
c:/saturn/SH_COFF/sh-coff/bin/../lib/gcc/sh-coff/3.4-GNUSH_v0501\libgcc.a(__main.o)
                              main.o (__main)
c:/saturn/SH_COFF/sh-coff/bin/../lib/gcc/sh-coff/3.4-GNUSH_v0501\libgcc.a(_udivsi3.o)
                              ../sbl6/segalib/lib/sega_scl.a(scl_fu03.o) (__udivsi3)
c:/saturn/SH_COFF/sh-coff/bin/../lib/gcc/sh-coff/3.4-GNUSH_v0501\libgcc.a(_ashiftlt.o)
                              ../sbl6/segalib/lib/sega_scl.a(scl_fu03.o) (__ashlsi3)
c:/saturn/SH_COFF/sh-coff/bin/../lib/gcc/sh-coff/3.4-GNUSH_v0501\libgcc.a(_ashiftrt.o)
                              ../sbl6/segalib/lib/sega_scl.a(scl_ro00.o) (__ashiftrt_r4_6)
c:/saturn/SH_COFF/sh-coff/bin/../lib/gcc/sh-coff/3.4-GNUSH_v0501\libgcc.a(_si_to_df.o)
                              ../sbl6/segalib/lib/sega_scl.a(scl_ro00.o) (__floatsidf)
c:/saturn/SH_COFF/sh-coff/bin/../lib/gcc/sh-coff/3.4-GNUSH_v0501\libgcc.a(_mul_df.o)
                              ../sbl6/segalib/lib/sega_scl.a(scl_ro00.o) (__muldf3)
c:/saturn/SH_COFF/sh-coff/bin/../lib/gcc/sh-coff/3.4-GNUSH_v0501\libgcc.a(_df_to_si.o)
                              ../sbl6/segalib/lib/sega_scl.a(scl_ro00.o) (__fixdfsi)
c:/saturn/SH_COFF/sh-coff/bin/../lib/gcc/sh-coff/3.4-GNUSH_v0501\libgcc.a(_pack_df.o)
                              c:/saturn/SH_COFF/sh-coff/bin/../lib/gcc/sh-coff/3.4-GNUSH_v0501\libgcc.a(_si_to_df.o) (__pack_d)
c:/saturn/SH_COFF/sh-coff/bin/../lib/gcc/sh-coff/3.4-GNUSH_v0501\libgcc.a(_unpack_df.o)
                              c:/saturn/SH_COFF/sh-coff/bin/../lib/gcc/sh-coff/3.4-GNUSH_v0501\libgcc.a(_mul_df.o) (__unpack_d)
c:/saturn/SH_COFF/sh-coff/bin/../lib/gcc/sh-coff/3.4-GNUSH_v0501\libgcc.a(_thenan_df.o)
                              c:/saturn/SH_COFF/sh-coff/bin/../lib/gcc/sh-coff/3.4-GNUSH_v0501\libgcc.a(_mul_df.o) (__thenan_df)
c:/saturn/SH_COFF/sh-coff/bin/../lib/gcc/sh-coff/3.4-GNUSH_v0501\libgcc.a(_muldi3.o)
                              c:/saturn/SH_COFF/sh-coff/bin/../lib/gcc/sh-coff/3.4-GNUSH_v0501\libgcc.a(_mul_df.o) (__muldi3)
c:/saturn/SH_COFF/sh-coff/bin/../lib/gcc/sh-coff/3.4-GNUSH_v0501\libgcc.a(_lshrdi3.o)
                              c:/saturn/SH_COFF/sh-coff/bin/../lib/gcc/sh-coff/3.4-GNUSH_v0501\libgcc.a(_df_to_si.o) (__lshrdi3)
c:/saturn/SH_COFF/sh-coff/bin/../lib/gcc/sh-coff/3.4-GNUSH_v0501\libgcc.a(_ashldi3.o)
                              c:/saturn/SH_COFF/sh-coff/bin/../lib/gcc/sh-coff/3.4-GNUSH_v0501\libgcc.a(_pack_df.o) (__ashldi3)
c:/saturn/SH_COFF/sh-coff/bin/../lib/gcc/sh-coff/3.4-GNUSH_v0501\libgcc.a(_mulsi3.o)
                              c:/saturn/SH_COFF/sh-coff/bin/../lib/gcc/sh-coff/3.4-GNUSH_v0501\libgcc.a(_muldi3.o) (__mulsi3)
c:/saturn/SH_COFF/sh-coff/bin/../lib/gcc/sh-coff/3.4-GNUSH_v0501\libgcc.a(_lshiftrt.o)
                              c:/saturn/SH_COFF/sh-coff/bin/../lib/gcc/sh-coff/3.4-GNUSH_v0501\libgcc.a(_lshrdi3.o) (__lshrsi3)
c:/saturn/SH_COFF/sh-coff/bin/../lib/gcc/sh-coff/3.4-GNUSH_v0501/../../../../sh-coff/lib\libc.a(memcpy.o)
                              scroll.o (memcpy)
c:/saturn/SH_COFF/sh-coff/bin/../lib/gcc/sh-coff/3.4-GNUSH_v0501/../../../../sh-coff/lib\libc.a(memset.o)
                              ../sbl6/segalib/lib/sega_spr.a(spr_2c.o) (memset)
c:/saturn/SH_COFF/sh-coff/bin/../lib/gcc/sh-coff/3.4-GNUSH_v0501/../../../../sh-coff/lib\libc.a(atexit.o)
                              c:/saturn/SH_COFF/sh-coff/bin/../lib/gcc/sh-coff/3.4-GNUSH_v0501\libgcc.a(__main.o) (atexit)
c:/saturn/SH_COFF/sh-coff/bin/../lib/gcc/sh-coff/3.4-GNUSH_v0501/../../../../sh-coff/lib\libc.a(impure.o)
                              c:/saturn/SH_COFF/sh-coff/bin/../lib/gcc/sh-coff/3.4-GNUSH_v0501/../../../../sh-coff/lib\libc.a(atexit.o) (_impure_ptr)
c:/saturn/SH_COFF/sh-coff/bin/../lib/gcc/sh-coff/3.4-GNUSH_v0501/../../../../sh-coff/lib\libc.a(malloc.o)
                              c:/saturn/SH_COFF/sh-coff/bin/../lib/gcc/sh-coff/3.4-GNUSH_v0501/../../../../sh-coff/lib\libc.a(atexit.o) (malloc)
c:/saturn/SH_COFF/sh-coff/bin/../lib/gcc/sh-coff/3.4-GNUSH_v0501/../../../../sh-coff/lib\libc.a(mallocr.o)
                              c:/saturn/SH_COFF/sh-coff/bin/../lib/gcc/sh-coff/3.4-GNUSH_v0501/../../../../sh-coff/lib\libc.a(malloc.o) (_malloc_r)
c:/saturn/SH_COFF/sh-coff/bin/../lib/gcc/sh-coff/3.4-GNUSH_v0501/../../../../sh-coff/lib\libc.a(freer.o)
                              c:/saturn/SH_COFF/sh-coff/bin/../lib/gcc/sh-coff/3.4-GNUSH_v0501/../../../../sh-coff/lib\libc.a(malloc.o) (_free_r)
c:/saturn/SH_COFF/sh-coff/bin/../lib/gcc/sh-coff/3.4-GNUSH_v0501/../../../../sh-coff/lib\libc.a(mlock.o)
                              c:/saturn/SH_COFF/sh-coff/bin/../lib/gcc/sh-coff/3.4-GNUSH_v0501/../../../../sh-coff/lib\libc.a(mallocr.o) (__malloc_lock)
c:/saturn/SH_COFF/sh-coff/bin/../lib/gcc/sh-coff/3.4-GNUSH_v0501/../../../../sh-coff/lib\libc.a(sbrkr.o)
                              c:/saturn/SH_COFF/sh-coff/bin/../lib/gcc/sh-coff/3.4-GNUSH_v0501/../../../../sh-coff/lib\libc.a(mallocr.o) (_sbrk_r)
c:/saturn/SH_COFF/sh-coff/bin/../lib/gcc/sh-coff/3.4-GNUSH_v0501/../../../../sh-coff/lib\libc.a(syscalls.o)
                              c:/saturn/SH_COFF/sh-coff/bin/../lib/gcc/sh-coff/3.4-GNUSH_v0501/../../../../sh-coff/lib\libc.a(sbrkr.o) (_sbrk)
c:/saturn/SH_COFF/sh-coff/bin/../lib/gcc/sh-coff/3.4-GNUSH_v0501/../../../../sh-coff/lib\libc.a(trap.o)
                              c:/saturn/SH_COFF/sh-coff/bin/../lib/gcc/sh-coff/3.4-GNUSH_v0501/../../../../sh-coff/lib\libc.a(syscalls.o) (__trap34)
c:/saturn/SH_COFF/sh-coff/bin/../lib/gcc/sh-coff/3.4-GNUSH_v0501/../../../../sh-coff/lib\libc.a(abort.o)
                              c:/saturn/SH_COFF/sh-coff/bin/../lib/gcc/sh-coff/3.4-GNUSH_v0501/../../../../sh-coff/lib\libc.a(syscalls.o) (abort)
c:/saturn/SH_COFF/sh-coff/bin/../lib/gcc/sh-coff/3.4-GNUSH_v0501/../../../../sh-coff/lib\libc.a(signal.o)
                              c:/saturn/SH_COFF/sh-coff/bin/../lib/gcc/sh-coff/3.4-GNUSH_v0501/../../../../sh-coff/lib\libc.a(abort.o) (raise)
c:/saturn/SH_COFF/sh-coff/bin/../lib/gcc/sh-coff/3.4-GNUSH_v0501/../../../../sh-coff/lib\libc.a(signalr.o)
                              c:/saturn/SH_COFF/sh-coff/bin/../lib/gcc/sh-coff/3.4-GNUSH_v0501/../../../../sh-coff/lib\libc.a(signal.o) (_kill_r)

Allocating common symbols
Common symbol       size              file

SclRbgKtbAddr       0x8               ../sbl6/segalib/lib/sega_scl.a(scl_func.o)
SpMstCmd            0x4               ../sbl6/segalib/lib/sega_spr.a(spr_2c.o)
SclRb               0x1               ../sbl6/segalib/lib/sega_scl.a(scl_func.o)
Scl_flag            0x2               ../sbl6/segalib/lib/sega_scl.a(scl_func.o)
per_get_time_flg    0x1               ../sbl6/segalib/lib/sega_per.a(per_prt.o)
SpScreenY           0x4               ../sbl6/segalib/lib/sega_spr.a(spr_1c.o)
SclK_TableBuff      0xcd0             ../sbl6/segalib/lib/sega_scl.a(scl_func.o)
SclAutoEndBlue2     0x2               ../sbl6/segalib/lib/sega_scl.a(scl_pri.o)
SpFbcrMode          0x2               ../sbl6/segalib/lib/sega_spr.a(spr_1c.o)
Sp2OpenFlag         0x4               ../sbl6/segalib/lib/sega_spr.a(spr_2c.o)
SclColOffset        0x10              ../sbl6/segalib/lib/sega_scl.a(scl_pri.o)
SclAddrCsTbl        0x8               ../sbl6/segalib/lib/sega_scl.a(scl_func.o)
SclPriBuffDirty     0x1               ../sbl6/segalib/lib/sega_scl.a(scl_pri.o)
SclAutoEndRed       0x2               ../sbl6/segalib/lib/sega_scl.a(scl_pri.o)
SclAutoSurface      0x4               ../sbl6/segalib/lib/sega_scl.a(scl_pri.o)
__interrupt_vector  0x400             ../sbl6/segalib/lib/sega_int.a(int.o)
per_hot_res         0x1               ../sbl6/segalib/lib/sega_per.a(per_prt.o)
SclCsx              0x8               ../sbl6/segalib/lib/sega_scl.a(scl_ro00.o)
Scl_s_reg           0x28              ../sbl6/segalib/lib/sega_scl.a(scl_func.o)
SclAutoGreen        0x2               ../sbl6/segalib/lib/sega_scl.a(scl_pri.o)
SclAutoEndGreen     0x2               ../sbl6/segalib/lib/sega_scl.a(scl_pri.o)
SclAutoCount        0x4               ../sbl6/segalib/lib/sega_scl.a(scl_pri.o)
SpGourTblMax        0x4               ../sbl6/segalib/lib/sega_spr.a(spr_2c.o)
SclColRamAlloc256   0x20              ../sbl6/segalib/lib/sega_scl.a(scl_pri.o)
SclRotateXy         0x8               ../sbl6/segalib/lib/sega_scl.a(scl_func.o)
SpDrawPrtyBlk       0x4               ../sbl6/segalib/lib/sega_spr.a(spr_2c.o)
SclAutoCurRate      0x1               ../sbl6/segalib/lib/sega_scl.a(scl_pri.o)
SpLCoordX           0x4               ../sbl6/segalib/lib/sega_spr.a(spr_2c.o)
SpMstDrawPrtyBlk    0x4               ../sbl6/segalib/lib/sega_spr.a(spr_2c.o)
SclAutoPlusFlag     0x1               ../sbl6/segalib/lib/sega_scl.a(scl_pri.o)
per_set_sys_flg     0x1               ../sbl6/segalib/lib/sega_per.a(per_prt.o)
Scl_d_reg           0x48              ../sbl6/segalib/lib/sega_scl.a(scl_func.o)
SclRotateDisp       0x8               ../sbl6/segalib/lib/sega_scl.a(scl_func.o)
SpGourTbl           0x4               ../sbl6/segalib/lib/sega_spr.a(spr_2c.o)
SclSpColMix         0x8               ../sbl6/segalib/lib/sega_scl.a(scl_pri.o)
SpDil               0x2               ../sbl6/segalib/lib/sega_spr.a(spr_1c.o)
SpLookupTblR        0x2               ../sbl6/segalib/lib/sega_spr.a(spr_2c.o)
SclAutoMax          0x4               ../sbl6/segalib/lib/sega_scl.a(scl_pri.o)
SpCmdTbl            0x4               ../sbl6/segalib/lib/sega_spr.a(spr_2c.o)
SclRotateMoveZ      0x8               ../sbl6/segalib/lib/sega_scl.a(scl_func.o)
SclLineColRamOffset
                    0x4               ../sbl6/segalib/lib/sega_scl.a(scl_pri.o)
SclRotXySw          0x4               ../sbl6/segalib/lib/sega_scl.a(scl_func.o)
per_get_time_adr    0x4               ../sbl6/segalib/lib/sega_per.a(per_prt.o)
SclColRamAlloc2048  0x4               ../sbl6/segalib/lib/sega_scl.a(scl_pri.o)
SclBgPriNum         0x6               ../sbl6/segalib/lib/sega_scl.a(scl_pri.o)
SpCharMax           0x4               ../sbl6/segalib/lib/sega_spr.a(spr_2c.o)
SpDrawPrtyProcFlag  0x4               ../sbl6/segalib/lib/sega_spr.a(spr_2c.o)
SclAutoEndBlue      0x2               ../sbl6/segalib/lib/sega_scl.a(scl_pri.o)
SpCmdNo             0x4               ../sbl6/segalib/lib/sega_spr.a(spr_2c.o)
SclAutoEndGreen2    0x2               ../sbl6/segalib/lib/sega_scl.a(scl_pri.o)
Scl_r_reg           0x10              ../sbl6/segalib/lib/sega_scl.a(scl_func.o)
SclRPMD             0x2               ../sbl6/segalib/lib/sega_scl.a(scl_func.o)
SpDrawPrtyBlkMax    0x4               ../sbl6/segalib/lib/sega_spr.a(spr_2c.o)
SpDie               0x2               ../sbl6/segalib/lib/sega_spr.a(spr_1c.o)
SclAutoVeFlag       0x1               ../sbl6/segalib/lib/sega_scl.a(scl_pri.o)
SclBgColMix         0x8               ../sbl6/segalib/lib/sega_scl.a(scl_pri.o)
SpSlvCmdPos         0x4               ../sbl6/segalib/lib/sega_spr.a(spr_2c.o)
per_get_sys_data    0xc               ../sbl6/segalib/lib/sega_per.a(per_prt.o)
SclRbgKtbOffset     0x8               ../sbl6/segalib/lib/sega_scl.a(scl_func.o)
SclAutoIndex        0x4               ../sbl6/segalib/lib/sega_scl.a(scl_pri.o)
SclAutoEndRate      0x1               ../sbl6/segalib/lib/sega_scl.a(scl_pri.o)
SpSlvDrawPrtyBlk    0x4               ../sbl6/segalib/lib/sega_spr.a(spr_2c.o)
_SclRotregBuff      0xd0              ../sbl6/segalib/lib/sega_scl.a(scl_func.o)
SclAutoBlue         0x2               ../sbl6/segalib/lib/sega_scl.a(scl_pri.o)
SpTvMode            0x2               ../sbl6/segalib/lib/sega_spr.a(spr_1c.o)
SpScreenX           0x4               ../sbl6/segalib/lib/sega_spr.a(spr_1c.o)
SclRa               0x1               ../sbl6/segalib/lib/sega_scl.a(scl_func.o)
SclRotateZ          0x8               ../sbl6/segalib/lib/sega_scl.a(scl_func.o)
SpCharTbl           0x4               ../sbl6/segalib/lib/sega_spr.a(spr_2c.o)
SclAddrLsTbl        0x8               ../sbl6/segalib/lib/sega_scl.a(scl_func.o)
SclK_TableNum       0x8               ../sbl6/segalib/lib/sega_scl.a(scl_func.o)
SclAutoRed          0x2               ../sbl6/segalib/lib/sega_scl.a(scl_pri.o)
SpCmdTblR           0x2               ../sbl6/segalib/lib/sega_spr.a(spr_2c.o)
SclAutoInterval     0x4               ../sbl6/segalib/lib/sega_scl.a(scl_pri.o)
SclOtherPri         0x10              ../sbl6/segalib/lib/sega_scl.a(scl_pri.o)
per_time_out_flg    0x1               ../sbl6/segalib/lib/sega_per.a(per_prt.o)
SclRotateTableAddress
                    0x4               ../sbl6/segalib/lib/sega_scl.a(scl_func.o)
SpMstCmdPos         0x4               ../sbl6/segalib/lib/sega_spr.a(spr_2c.o)
SpSlvCmd            0x4               ../sbl6/segalib/lib/sega_spr.a(spr_2c.o)
SclAutoRGB          0x600             ../sbl6/segalib/lib/sega_scl.a(scl_pri.o)
errno               0x4               c:/saturn/SH_COFF/sh-coff/bin/../lib/gcc/sh-coff/3.4-GNUSH_v0501/../../../../sh-coff/lib\libc.a(syscalls.o)
SclK_TableFlag      0x4               ../sbl6/segalib/lib/sega_scl.a(scl_func.o)
SclAutoEndRed2      0x2               ../sbl6/segalib/lib/sega_scl.a(scl_pri.o)
SclCsy              0x8               ../sbl6/segalib/lib/sega_scl.a(scl_ro00.o)
SclSpPriNum         0x8               ../sbl6/segalib/lib/sega_scl.a(scl_pri.o)
Scl_w_reg           0x20              ../sbl6/segalib/lib/sega_scl.a(scl_func.o)
SpLCoordY           0x4               ../sbl6/segalib/lib/sega_spr.a(spr_2c.o)
Scl_n_reg           0x40              ../sbl6/segalib/lib/sega_scl.a(scl_func.o)

Memory Configuration

Name             Origin             Length             Attributes
*default*        0x00000000         0xffffffff

Linker script and memory map

LOAD ../sbl6/segasmp/lib/strt1_g.o
LOAD ../sbl6/segasmp/lib/strt2_g.o
LOAD vblank.o
LOAD ../sbl6/segasmp/per/smpclib/per_x1.o
LOAD ../sbl6/segasmp/per/smpclib/per_x2.o
LOAD ../sbl6/segasmp/per/smpclib/per_x3.o
LOAD graphics.o
LOAD sprite.o
LOAD scroll.o
LOAD main.o
LOAD ../sbl6/segalib/lib/sega_int.a
LOAD ../sbl6/segalib/lib/sega_spr.a
LOAD ../sbl6/segalib/lib/sega_scl.a
LOAD ../sbl6/segalib/lib/sega_mth.a
LOAD ../sbl6/segalib/lib/sega_cdc.a
LOAD ../sbl6/segalib/lib/sega_adp.a
LOAD ../sbl6/segalib/lib/sega_per.a
LOAD ../sbl6/segalib/lib/sega_sat.a
LOAD c:/saturn/SH_COFF/sh-coff/bin/../lib/gcc/sh-coff/3.4-GNUSH_v0501\libgcc.a
LOAD c:/saturn/SH_COFF/sh-coff/bin/../lib/gcc/sh-coff/3.4-GNUSH_v0501/../../../../sh-coff/lib\libc.a
LOAD c:/saturn/SH_COFF/sh-coff/bin/../lib/gcc/sh-coff/3.4-GNUSH_v0501\libgcc.a

.text           0x06010000    0x10e50
 *(.text)
 .text          0x06010000       0x30 ../sbl6/segasmp/lib/strt1_g.o
                0x06010024                _D_END
                0x06010020                _D_BGN
                0x0601002c                _B_END
                0x06010028                _B_BGN
                0x06010000                START
 .text          0x06010030       0x60 ../sbl6/segasmp/lib/strt2_g.o
                0x06010050                _INITSCT
                0x06010030                _INIT
 .text          0x06010090      0x4b0 vblank.o
                0x06010090                SetVblank
                0x06010440                UsrVblankOut
                0x060100f0                UsrVblankIn
 .text          0x06010540      0x430 ../sbl6/segasmp/per/smpclib/per_x1.o
                0x060108d4                PER_GetAnalogXYZ
                0x06010564                PER_GetTriggerHandler
                0x060107fe                PER_GetEdge
                0x0601077c                PER_GetTrigger
                0x06010828                PER_GetPressEdge
                0x0601087c                PER_GetReleaseEdge
                0x06010540                PER_SetTriggerHandler
 .text          0x06010970      0x200 ../sbl6/segasmp/per/smpclib/per_x2.o
                0x06010a74                PER_GetDeviceA
                0x06010970                PER_OpenPort
                0x060109a8                PER_GetPort
                0x06010aee                PER_GetDeviceR
 .text          0x06010b70       0x20 ../sbl6/segasmp/per/smpclib/per_x3.o
                0x06010b70                PER_DisguiseTrigger
 .text          0x06010b90     0x4f90 graphics.o
                0x06013b90                test_pal
                0x06010b90                map
                0x06013f98                test
                0x06012b90                test_chr
                0x06014198                bunny
                0x06013f90                dimensions
 .text          0x06015b20      0x2e0 sprite.o
                0x06015b20                draw_sprite
                0x06015dc0                make_sprite
 .text          0x06015e00      0x2e0 scroll.o
                0x060160a0                get_map_val
                0x06015f70                set_scroll
                0x06015e00                init_scroll
 .text          0x060160e0      0xa30 main.o
                0x060160e0                cosmo2u_map
                0x060168e0                main
 .text          0x06016b10       0x40 ../sbl6/segalib/lib/sega_int.a(int.o)
                0x06016b3c                INT_GetScuFunc
                0x06016b10                INT_SetScuFunc
 .text          0x06016b50      0x624 ../sbl6/segalib/lib/sega_int.a(int_trmp.o)
                0x06016cb8                __interrupt_handler60
                0x06016e68                __interrupt_handler132
                0x0601701e                __interrupt_handler205
                0x06016e86                __interrupt_handler137
                0x06016db4                __interrupt_handler102
                0x06016bf2                __interrupt_handler27
                0x06016ff4                __interrupt_handler198
                0x06016ee6                __interrupt_handler153
                0x06016bce                __interrupt_handler21
                0x06016cdc                __interrupt_handler66
                0x06016dcc                __interrupt_handler106
                0x06016f16                __interrupt_handler161
                0x06016d60                __interrupt_handler88
                0x06016f2e                __interrupt_handler165
                0x06016e3e                __interrupt_handler125
                0x06016b74                __interrupt_handler6
                0x06016c10                __interrupt_handler32
                0x06016fca                __interrupt_handler191
                0x060170e4                __interrupt_handler238
                0x060170fc                __interrupt_handler242
                0x06016f04                __interrupt_handler158
                0x06016d6c                __interrupt_handler90
                0x06016f28                __interrupt_handler164
                0x06016c4c                __interrupt_handler42
                0x06016f8e                __interrupt_handler181
                0x06017096                __interrupt_handler225
                0x0601713e                __interrupt_handler253
                0x06016f52                __interrupt_handler171
                0x06016d0c                __interrupt_handler74
                0x06016b62                __interrupt_handler3
                0x06016ca6                __interrupt_handler57
                0x06016ba4                __interrupt_handler14
                0x0601703c                __interrupt_handler210
                0x0601706c                __interrupt_handler218
                0x06017030                __interrupt_handler208
                0x06016c34                __interrupt_handler38
                0x06016b50                __interrupt_handler0
                0x06016dc0                __interrupt_handler104
                0x06016efe                __interrupt_handler157
                0x0601704e                __interrupt_handler213
                0x06016f40                __interrupt_handler168
                0x06016d4e                __interrupt_handler85
                0x06016dea                __interrupt_handler111
                0x06016dfc                __interrupt_handler114
                0x06016c6a                __interrupt_handler47
                0x060170c0                __interrupt_handler232
                0x0601708a                __interrupt_handler223
                0x060170de                __interrupt_handler237
                0x06016cca                __interrupt_handler63
                0x06016c58                __interrupt_handler44
                0x06016f6a                __interrupt_handler175
                0x06016f94                __interrupt_handler182
                0x06016fac                __interrupt_handler186
                0x06016eaa                __interrupt_handler143
                0x06016dd2                __interrupt_handler107
                0x06016e38                __interrupt_handler124
                0x06016f58                __interrupt_handler172
                0x0601710e                __interrupt_handler245
                0x06016d8a                __interrupt_handler95
                0x06016e62                __interrupt_handler131
                0x06016e74                __interrupt_handler134
                0x06016e92                __interrupt_handler139
                0x06016d00                __interrupt_handler72
                0x060170ba                __interrupt_handler231
                0x06016f10                __interrupt_handler160
                0x06016e56                __interrupt_handler129
                0x06016bc8                __interrupt_handler20
                0x06016cd6                __interrupt_handler65
                0x06016ca0                __interrupt_handler56
                0x06016b9e                __interrupt_handler13
                0x06017036                __interrupt_handler209
                0x06016df0                __interrupt_handler112
                0x06016bc2                __interrupt_handler19
                0x06016d7e                __interrupt_handler93
                0x06016fe8                __interrupt_handler196
                0x06016eda                __interrupt_handler151
                0x06016f3a                __interrupt_handler167
                0x06017150                __trampoline
                0x06016bb6                __interrupt_handler17
                0x060170a8                __interrupt_handler228
                0x0601714a                __interrupt_handler255
                0x06017108                __interrupt_handler244
                0x06016da2                __interrupt_handler99
                0x06016f9a                __interrupt_handler183
                0x06016e98                __interrupt_handler140
                0x06016fbe                __interrupt_handler189
                0x06016ebc                __interrupt_handler146
                0x06017084                __interrupt_handler222
                0x06016ef8                __interrupt_handler156
                0x06016e2c                __interrupt_handler122
                0x06017120                __interrupt_handler248
                0x06016c70                __interrupt_handler48
                0x06016cee                __interrupt_handler69
                0x06016be0                __interrupt_handler24
                0x06016d66                __interrupt_handler89
                0x0601705a                __interrupt_handler215
                0x06017144                __interrupt_handler254
                0x06016d5a                __interrupt_handler87
                0x06016cbe                __interrupt_handler61
                0x06016fe2                __interrupt_handler195
                0x06016ed4                __interrupt_handler150
                0x06016c46                __interrupt_handler41
                0x06016de4                __interrupt_handler110
                0x06016e4a                __interrupt_handler127
                0x06016dd8                __interrupt_handler108
                0x06016df6                __interrupt_handler113
                0x06016e08                __interrupt_handler116
                0x06016e26                __interrupt_handler121
                0x06016d1e                __interrupt_handler77
                0x06016c3a                __interrupt_handler39
                0x06016c52                __interrupt_handler43
                0x06017126                __interrupt_handler249
                0x06016f64                __interrupt_handler174
                0x06016e80                __interrupt_handler136
                0x06016fb8                __interrupt_handler188
                0x06016eb6                __interrupt_handler145
                0x06016b86                __interrupt_handler9
                0x06016d2a                __interrupt_handler79
                0x060170a2                __interrupt_handler227
                0x06016c1c                __interrupt_handler34
                0x06016e5c                __interrupt_handler130
                0x0601711a                __interrupt_handler247
                0x06016d12                __interrupt_handler75
                0x06016f5e                __interrupt_handler173
                0x06016c8e                __interrupt_handler53
                0x06016ece                __interrupt_handler149
                0x06017132                __interrupt_handler251
                0x060170c6                __interrupt_handler233
                0x06016b8c                __interrupt_handler10
                0x06017018                __interrupt_handler204
                0x06016d3c                __interrupt_handler82
                0x06016d42                __interrupt_handler83
                0x06016be6                __interrupt_handler25
                0x06017102                __interrupt_handler243
                0x06016f1c                __interrupt_handler162
                0x06016c64                __interrupt_handler46
                0x06016f7c                __interrupt_handler178
                0x06016d30                __interrupt_handler80
                0x06016cc4                __interrupt_handler62
                0x06016b5c                __interrupt_handler2
                0x06016bfe                __interrupt_handler29
                0x06016cf4                __interrupt_handler70
                0x06016dde                __interrupt_handler109
                0x06016ec8                __interrupt_handler148
                0x06016d84                __interrupt_handler94
                0x06017090                __interrupt_handler224
                0x06016dba                __interrupt_handler103
                0x06016c28                __interrupt_handler36
                0x06016e44                __interrupt_handler126
                0x06017114                __interrupt_handler246
                0x06016c9a                __interrupt_handler55
                0x06016b98                __interrupt_handler12
                0x06016c88                __interrupt_handler52
                0x06016fb2                __interrupt_handler187
                0x06016eb0                __interrupt_handler144
                0x06016e0e                __interrupt_handler117
                0x06016bbc                __interrupt_handler18
                0x06016fee                __interrupt_handler197
                0x06016ee0                __interrupt_handler152
                0x06016e14                __interrupt_handler118
                0x06016f4c                __interrupt_handler170
                0x06017006                __interrupt_handler201
                0x06016d96                __interrupt_handler97
                0x06016f22                __interrupt_handler163
                0x06016f88                __interrupt_handler180
                0x06016fd0                __interrupt_handler192
                0x060170f0                __interrupt_handler240
                0x06016e32                __interrupt_handler123
                0x06017054                __interrupt_handler214
                0x06016c0a                __interrupt_handler31
                0x06016bf8                __interrupt_handler28
                0x06016ce2                __interrupt_handler67
                0x06016ce8                __interrupt_handler68
                0x06016bd4                __interrupt_handler22
                0x06016bda                __interrupt_handler23
                0x06016f70                __interrupt_handler176
                0x06016b7a                __interrupt_handler7
                0x0601707e                __interrupt_handler221
                0x06017066                __interrupt_handler217
                0x060170ae                __interrupt_handler229
                0x06016c76                __interrupt_handler49
                0x06016b68                __interrupt_handler4
                0x06016c40                __interrupt_handler40
                0x06016e02                __interrupt_handler115
                0x060170d2                __interrupt_handler235
                0x06016d72                __interrupt_handler91
                0x06017024                __interrupt_handler206
                0x06016f76                __interrupt_handler177
                0x06016ec2                __interrupt_handler147
                0x06016c2e                __interrupt_handler37
                0x0601712c                __interrupt_handler250
                0x06016b56                __interrupt_handler1
                0x06017072                __interrupt_handler219
                0x06016d18                __interrupt_handler76
                0x06016da8                __interrupt_handler100
                0x06016cac                __interrupt_handler58
                0x06016baa                __interrupt_handler15
                0x06017048                __interrupt_handler212
                0x060170f6                __interrupt_handler241
                0x0601700c                __interrupt_handler202
                0x06016fd6                __interrupt_handler193
                0x06016d24                __interrupt_handler78
                0x06016c7c                __interrupt_handler50
                0x06016c16                __interrupt_handler33
                0x06016f34                __interrupt_handler166
                0x06016e8c                __interrupt_handler138
                0x06016e7a                __interrupt_handler135
                0x06016c04                __interrupt_handler30
                0x06016fa0                __interrupt_handler184
                0x06016e9e                __interrupt_handler141
                0x060170b4                __interrupt_handler230
                0x060170d8                __interrupt_handler236
                0x06016e1a                __interrupt_handler119
                0x06016d54                __interrupt_handler86
                0x06016dc6                __interrupt_handler105
                0x06016d36                __interrupt_handler81
                0x06016e20                __interrupt_handler120
                0x06016e50                __interrupt_handler128
                0x06016c94                __interrupt_handler54
                0x06016b92                __interrupt_handler11
                0x06016ffa                __interrupt_handler199
                0x06016eec                __interrupt_handler154
                0x06016c5e                __interrupt_handler45
                0x06017060                __interrupt_handler216
                0x06017012                __interrupt_handler203
                0x06016dae                __interrupt_handler101
                0x06016d48                __interrupt_handler84
                0x06016fa6                __interrupt_handler185
                0x06016ea4                __interrupt_handler142
                0x06016bec                __interrupt_handler26
                0x06016cd0                __interrupt_handler64
                0x06017000                __interrupt_handler200
                0x0601702a                __interrupt_handler207
                0x06016fdc                __interrupt_handler194
                0x06016d78                __interrupt_handler92
                0x06016ef2                __interrupt_handler155
                0x06017042                __interrupt_handler211
                0x06016e6e                __interrupt_handler133
                0x06016b6e                __interrupt_handler5
                0x06016d06                __interrupt_handler73
                0x06016bb0                __interrupt_handler16
                0x060170ea                __interrupt_handler239
                0x060170cc                __interrupt_handler234
                0x06016c22                __interrupt_handler35
                0x06016cb2                __interrupt_handler59
                0x06016f46                __interrupt_handler169
                0x06016d9c                __interrupt_handler98
                0x06016cfa                __interrupt_handler71
                0x06016c82                __interrupt_handler51
                0x06016f0a                __interrupt_handler159
                0x0601709c                __interrupt_handler226
                0x06016d90                __interrupt_handler96
                0x06016fc4                __interrupt_handler190
                0x06017078                __interrupt_handler220
                0x06016b80                __interrupt_handler8
                0x06016f82                __interrupt_handler179
                0x06017138                __interrupt_handler252
 *fill*         0x06017174        0xc 00
 .text          0x06017180     0x12a0 ../sbl6/segalib/lib/sega_spr.a(spr_2c.o)
                0x060183e0                SlaveFlushDrawPrtyBlock
                0x06017180                SPR_2Initial
                0x060179c4                SPR_2SysClip
                0x06017964                SPR_2LocalCoord
                0x0601825c                SPR_2FlushDrawPrtyBlock
                0x06017f48                SPR_2DistSpr
                0x0601794c                SPR_2FlushDrawPrty
                0x0601806c                SPR_2Cmd
                0x06017648                SPR_2GourTblNoToVram
                0x060176a8                SPR_2GetAreaSizeInfo
                0x06017410                SPR_2SetGourTbl
                0x06017bfc                SPR_2Polygon
                0x06017684                SPR_2CharNoToVram
                0x06017390                SPR_2SetTvMode
                0x060177ec                SPR_2CloseCommand
                0x060173cc                SPR_2FrameEraseData
                0x060171a8                SPR_2Initial2
                0x06017ddc                SPR_2ScaleSpr
                0x06017a6c                SPR_2Line
                0x06017738                SPR_2OpenCommand
                0x060173ac                SPR_2FrameChgIntr
                0x06017cb8                SPR_2NormSpr
                0x06017440                SPR_2SetLookupTbl
                0x06017474                SPR_2SetChar
                0x0601766c                SPR_2LookupTblNoToVram
                0x06017b40                SPR_2PolyLine
                0x060175e0                SPR_2ClrAllChar
                0x06017594                SPR_2ClrChar
                0x06017a10                SPR_2UserClip
 .text          0x06018420      0x1e6 ../sbl6/segalib/lib/sega_spr.a(spr_slv.o)
                0x06018584                SPR_WaitEndSlaveSH
                0x06018420                SPR_SMPC_SSHON
                0x06018560                SPR_RunSlaveSH
                0x06018424                SPR_InitSlaveSH
                0x060184ec                SPR_SlaveSHmain
                0x06018421                SPR_SMPC_SSHOFF
 *fill*         0x06018606        0xa 00
 .text          0x06018610      0x36a ../sbl6/segalib/lib/sega_spr.a(spr_1c.o)
                0x060188c4                SPR_WaitDrawEnd
                0x060188dc                SPR_SetEosMode
                0x060187f4                SPR_SetEraseData
                0x06018610                SPR_Initial
                0x060186e8                SPR_SetTvMode
                0x06018780                SPR_GetStatus
 *fill*         0x0601897a        0x6 00
 .text          0x06018980      0x244 ../sbl6/segalib/lib/sega_spr.a(spr_2a.o)
                0x06018992                sprMemCpyW
                0x060189f0                flushDrawPrtyBlock
                0x06018980                sprMemCpyL
                0x060189a4                SPR_2SetDrawPrty
 *fill*         0x06018bc4        0xc 00
 .text          0x06018bd0      0x2fc ../sbl6/segalib/lib/sega_scl.a(scl_vblv.o)
                0x06018c8c                SCL_DisplayFrame
                0x06018bd0                SCL_SetFrameInterval
                0x06018cc0                SCL_VblInit
                0x06018d10                SCL_VblankStart
                0x06018d54                SCL_VblankEnd
 *fill*         0x06018ecc        0x4 00
 .text          0x06018ed0      0xb9c ../sbl6/segalib/lib/sega_scl.a(scl_func.o)
                0x060198ac                SCL_Vdp2_SGLInit
                0x060197bc                SCL_PriIntProc
                0x06019734                SCL_Memcpyw
                0x06019a4c                SCL_SglOff
                0x06019a2c                SCL_SglOn
                0x060196a0                SCL_ScrollShow
                0x06019148                SCL_Close
                0x06019440                SCL_Scale
                0x06018ed0                SCL_Vdp2Init
                0x060192b4                SCL_Move
                0x0601957c                SCL_CopyReg
                0x06019124                SCL_Open
                0x06018f54                SCL_ParametersInit
                0x06019164                SCL_MoveTo
                0x0601975c                SCL_SetColRamMode
 *fill*         0x06019a6c        0x4 00
 .text          0x06019a70      0x138 ../sbl6/segalib/lib/sega_scl.a(scl_pr03.o)
                0x06019a70                SCL_FreeColRam
                0x06019aa8                SCL_AllocColRam
 *fill*         0x06019ba8        0x8 00
 .text          0x06019bb0       0x9c ../sbl6/segalib/lib/sega_scl.a(scl_pr02.o)
                0x06019bb0                SCL_SetColRam
 *fill*         0x06019c4c        0x4 00
 .text          0x06019c50       0x84 ../sbl6/segalib/lib/sega_scl.a(scl_back.o)
                0x06019c50                SCL_SetBack
 *fill*         0x06019cd4        0xc 00
 .text          0x06019ce0      0x94c ../sbl6/segalib/lib/sega_scl.a(scl_fu03.o)
                0x06019d3c                SCL_SetConfig
                0x06019ce0                SCL_InitConfigTb
 *fill*         0x0601a62c        0x4 00
 .text          0x0601a630      0x4f4 ../sbl6/segalib/lib/sega_scl.a(scl_fu02.o)
                0x0601a668                SCL_SetVramConfig
                0x0601a630                SCL_InitVramConfigTb
 *fill*         0x0601ab24        0xc 00
 .text          0x0601ab30       0x28 ../sbl6/segalib/lib/sega_scl.a(scl_fu04.o)
                0x0601ab30                SCL_SetCycleTable
 *fill*         0x0601ab58        0x8 00
 .text          0x0601ab60      0x214 ../sbl6/segalib/lib/sega_scl.a(scl_pr07.o)
                0x0601ab60                SCL_SetPriority
 *fill*         0x0601ad74        0xc 00
 .text          0x0601ad80       0x58 ../sbl6/segalib/lib/sega_scl.a(scl_pr01.o)
                0x0601ad80                SCL_SetSpriteMode
 *fill*         0x0601add8        0x8 00
 .text          0x0601ade0     0x10a4 ../sbl6/segalib/lib/sega_scl.a(scl_pri.o)
                0x0601ae74                SCL_AbortAutoVe
                0x0601bd24                SCL_SetShadowBit
                0x0601b2ec                SCL_AutoExec
                0x0601ade0                SCL_PriorityInit
                0x0601b800                SCL_IncColOffset
                0x0601ae88                SCL_SetColMixRate
                0x0601ae58                SCL_GetColRamMode
 *fill*         0x0601be84        0xc 00
 .text          0x0601be90     0x1394 ../sbl6/segalib/lib/sega_scl.a(scl_ro00.o)
                0x0601d07c                SCL_RotateZD
                0x0601c344                SCL_Rotate
                0x0601c018                SCL_InitRotateTable
 *fill*         0x0601d224        0xc 00
 .text          0x0601d230      0x1b4 ../sbl6/segalib/lib/sega_scl.a(scl_pr06.o)
                0x0601d230                SCL_SetColRamOffset
 *fill*         0x0601d3e4        0xc 00
 .text          0x0601d3f0       0xac ../sbl6/segalib/lib/sega_scl.a(scl_pr05.o)
                0x0601d3f0                SCL_GetColRamOffset
 *fill*         0x0601d49c        0x4 00
 .text          0x0601d4a0       0xa4 ../sbl6/segalib/lib/sega_mth.a(mth_fixd.o)
                0x0601d4f0                MTH_FixedToInt
                0x0601d4e0                MTH_IntToFixed
                0x0601d4a0                MTH_Mul
                0x0601d500                MTH_Product
                0x0601d4c0                MTH_Div
 *fill*         0x0601d544        0xc 00
 .text          0x0601d550      0x600 ../sbl6/segalib/lib/sega_mth.a(mth_tri.o)
                0x0601d5ec                fcos
                0x0601d5f2                fsin
                0x0601d59c                MTH_Cos
                0x0601d550                MTH_Sin
                0x0601d790                MTH_Atan
 .text          0x0601db50      0xf50 ../sbl6/segalib/lib/sega_per.a(per_prt.o)
                0x0601df70                PER_IntFunc
                0x0601dd68                PER_LGetPer
                0x0601db50                PER_LInit
 .text          0x0601eaa0      0x1f4 ../sbl6/segalib/lib/sega_sat.a(DMA_SCU1.o)
                0x0601ebfc                DMA_ScuResult
                0x0601eaa0                DMA_ScuInit
                0x0601eaf0                DMA_ScuMemCopy
 *fill*         0x0601ec94        0xc 00
 .text          0x0601eca0      0x308 ../sbl6/segalib/lib/sega_sat.a(DMA_SCU0.o)
                0x0601ed24                DMA_ScuStart
                0x0601ee58                DMA_ScuIntFunc0
                0x0601eec8                DMA_ScuIntFunc1
                0x0601ef38                DMA_ScuIntFunc2
                0x0601ee18                DMA_ScuGetStatus
                0x0601eca0                DMA_ScuSetPrm
 *fill*         0x0601efa8        0x8 00
 .text          0x0601efb0       0xe8 ../sbl6/segalib/lib/sega_sat.a(csh_main.o)
                0x0601efb0                CSH_Init
                0x0601f018                CSH_AllClr
                0x0601f064                CSH_Purge
 *fill*         0x0601f098        0x8 00
 .text          0x0601f0a0       0xa0 c:/saturn/SH_COFF/sh-coff/bin/../lib/gcc/sh-coff/3.4-GNUSH_v0501\libgcc.a(__main.o)
                0x0601f114                __main
                0x0601f0a0                __do_global_dtors
                0x0601f0d4                __do_global_ctors
 .text          0x0601f140       0x70 c:/saturn/SH_COFF/sh-coff/bin/../lib/gcc/sh-coff/3.4-GNUSH_v0501\libgcc.a(_udivsi3.o)
                0x0601f162                __udivsi3
 .text          0x0601f1b0       0x90 c:/saturn/SH_COFF/sh-coff/bin/../lib/gcc/sh-coff/3.4-GNUSH_v0501\libgcc.a(_ashiftlt.o)
                0x0601f1b0                __ashlsi3
 .text          0x0601f240       0x60 c:/saturn/SH_COFF/sh-coff/bin/../lib/gcc/sh-coff/3.4-GNUSH_v0501\libgcc.a(_ashiftrt.o)
                0x0601f24c                __ashiftrt_r4_27
                0x0601f280                __ashiftrt_r4_6
                0x0601f270                __ashiftrt_r4_14
                0x0601f262                __ashiftrt_r4_19
                0x0601f27a                __ashiftrt_r4_9
                0x0601f28e                __ashiftrt_r4_0
                0x0601f240                __ashiftrt_r4_31
                0x0601f24e                __ashiftrt_r4_26
                0x0601f25c                __ashiftrt_r4_22
                0x0601f268                __ashiftrt_r4_16
                0x0601f274                __ashiftrt_r4_12
                0x0601f248                __ashiftrt_r4_29
                0x0601f266                __ashiftrt_r4_17
                0x0601f246                __ashiftrt_r4_30
                0x0601f282                __ashiftrt_r4_5
                0x0601f27c                __ashiftrt_r4_8
                0x0601f240                __ashiftrt_r4_32
                0x0601f250                __ashiftrt_r4_25
                0x0601f288                __ashiftrt_r4_2
                0x0601f252                __ashiftrt_r4_24
                0x0601f26e                __ashiftrt_r4_15
                0x0601f278                __ashiftrt_r4_10
                0x0601f28a                __ashiftrt_r4_1
                0x0601f24a                __ashiftrt_r4_28
                0x0601f260                __ashiftrt_r4_20
                0x0601f27e                __ashiftrt_r4_7
                0x0601f272                __ashiftrt_r4_13
                0x0601f276                __ashiftrt_r4_11
                0x0601f284                __ashiftrt_r4_4
                0x0601f25a                __ashiftrt_r4_23
                0x0601f264                __ashiftrt_r4_18
                0x0601f25e                __ashiftrt_r4_21
                0x0601f286                __ashiftrt_r4_3
 .text          0x0601f2a0       0xb0 c:/saturn/SH_COFF/sh-coff/bin/../lib/gcc/sh-coff/3.4-GNUSH_v0501\libgcc.a(_si_to_df.o)
                0x0601f2a0                __floatsidf
 .text          0x0601f350      0x2e0 c:/saturn/SH_COFF/sh-coff/bin/../lib/gcc/sh-coff/3.4-GNUSH_v0501\libgcc.a(_mul_df.o)
                0x0601f360                __muldf3
 .text          0x0601f630       0x80 c:/saturn/SH_COFF/sh-coff/bin/../lib/gcc/sh-coff/3.4-GNUSH_v0501\libgcc.a(_df_to_si.o)
                0x0601f630                __fixdfsi
 .text          0x0601f6b0      0x220 c:/saturn/SH_COFF/sh-coff/bin/../lib/gcc/sh-coff/3.4-GNUSH_v0501\libgcc.a(_pack_df.o)
                0x0601f6c0                __pack_d
 .text          0x0601f8d0      0x120 c:/saturn/SH_COFF/sh-coff/bin/../lib/gcc/sh-coff/3.4-GNUSH_v0501\libgcc.a(_unpack_df.o)
                0x0601f8e0                __unpack_d
 .text          0x0601f9f0       0x20 c:/saturn/SH_COFF/sh-coff/bin/../lib/gcc/sh-coff/3.4-GNUSH_v0501\libgcc.a(_thenan_df.o)
                0x0601f9f0                __thenan_df
 .text          0x0601fa10       0xd0 c:/saturn/SH_COFF/sh-coff/bin/../lib/gcc/sh-coff/3.4-GNUSH_v0501\libgcc.a(_muldi3.o)
                0x0601fa10                __muldi3
 .text          0x0601fae0       0x80 c:/saturn/SH_COFF/sh-coff/bin/../lib/gcc/sh-coff/3.4-GNUSH_v0501\libgcc.a(_lshrdi3.o)
                0x0601fae0                __lshrdi3
 .text          0x0601fb60       0x80 c:/saturn/SH_COFF/sh-coff/bin/../lib/gcc/sh-coff/3.4-GNUSH_v0501\libgcc.a(_ashldi3.o)
                0x0601fb60                __ashldi3
 .text          0x0601fbe0       0x30 c:/saturn/SH_COFF/sh-coff/bin/../lib/gcc/sh-coff/3.4-GNUSH_v0501\libgcc.a(_mulsi3.o)
                0x0601fbe0                __mulsi3
 .text          0x0601fc10       0x90 c:/saturn/SH_COFF/sh-coff/bin/../lib/gcc/sh-coff/3.4-GNUSH_v0501\libgcc.a(_lshiftrt.o)
                0x0601fc10                __lshrsi3
 .text          0x0601fca0       0xa0 c:/saturn/SH_COFF/sh-coff/bin/../lib/gcc/sh-coff/3.4-GNUSH_v0501/../../../../sh-coff/lib\libc.a(memcpy.o)
                0x0601fca0                memcpy
 .text          0x0601fd40       0x40 c:/saturn/SH_COFF/sh-coff/bin/../lib/gcc/sh-coff/3.4-GNUSH_v0501/../../../../sh-coff/lib\libc.a(memset.o)
                0x0601fd40                memset
 .text          0x0601fd80       0x90 c:/saturn/SH_COFF/sh-coff/bin/../lib/gcc/sh-coff/3.4-GNUSH_v0501/../../../../sh-coff/lib\libc.a(atexit.o)
                0x0601fd80                atexit
 .text          0x0601fe10       0x10 c:/saturn/SH_COFF/sh-coff/bin/../lib/gcc/sh-coff/3.4-GNUSH_v0501/../../../../sh-coff/lib\libc.a(impure.o)
                0x0601fe10                _global_impure_ptr
 .text          0x0601fe20       0x40 c:/saturn/SH_COFF/sh-coff/bin/../lib/gcc/sh-coff/3.4-GNUSH_v0501/../../../../sh-coff/lib\libc.a(malloc.o)
                0x0601fe3c                free
                0x0601fe20                malloc
 .text          0x0601fe60      0x5b0 c:/saturn/SH_COFF/sh-coff/bin/../lib/gcc/sh-coff/3.4-GNUSH_v0501/../../../../sh-coff/lib\libc.a(mallocr.o)
                0x0601fe60                _malloc_r
 .text          0x06020410      0x340 c:/saturn/SH_COFF/sh-coff/bin/../lib/gcc/sh-coff/3.4-GNUSH_v0501/../../../../sh-coff/lib\libc.a(freer.o)
                0x06020410                _malloc_trim_r
                0x06020504                _free_r
 .text          0x06020750       0x20 c:/saturn/SH_COFF/sh-coff/bin/../lib/gcc/sh-coff/3.4-GNUSH_v0501/../../../../sh-coff/lib\libc.a(mlock.o)
                0x06020750                __malloc_lock
                0x0602075c                __malloc_unlock
 .text          0x06020770       0x50 c:/saturn/SH_COFF/sh-coff/bin/../lib/gcc/sh-coff/3.4-GNUSH_v0501/../../../../sh-coff/lib\libc.a(sbrkr.o)
                0x06020770                _sbrk_r
 .text          0x060207c0      0x380 c:/saturn/SH_COFF/sh-coff/bin/../lib/gcc/sh-coff/3.4-GNUSH_v0501/../../../../sh-coff/lib\libc.a(syscalls.o)
                0x0602092c                _exit
                0x06020960                _getpid
                0x060209c8                _utime
                0x060207f8                _write
                0x060207c0                _read
                0x06020914                _unlink
                0x060208dc                _open
                0x06020978                _stat
                0x06020920                isatty
                0x060209f8                _wait
                0x06020944                _kill
                0x06020994                _chmod
                0x06020a28                _execv
                0x06020a0c                _execve
                0x06020b04                __setup_argv_and_call_main
                0x06020a60                _gettimeofday
                0x0602082c                _link
                0x0602096c                _raise
                0x060208f8                _creat
                0x06020a40                _pipe
                0x060209ac                _chown
                0x060207dc                _lseek
                0x06020814                _close
                0x06020a54                _times
                0x060208c8                _fstat
                0x060209e4                _fork
                0x06020854                _sbrk
 .text          0x06020b40       0x20 c:/saturn/SH_COFF/sh-coff/bin/../lib/gcc/sh-coff/3.4-GNUSH_v0501/../../../../sh-coff/lib\libc.a(trap.o)
                0x06020b40                __trap34
 .text          0x06020b60       0x20 c:/saturn/SH_COFF/sh-coff/bin/../lib/gcc/sh-coff/3.4-GNUSH_v0501/../../../../sh-coff/lib\libc.a(abort.o)
                0x06020b60                abort
 .text          0x06020b80      0x270 c:/saturn/SH_COFF/sh-coff/bin/../lib/gcc/sh-coff/3.4-GNUSH_v0501/../../../../sh-coff/lib\libc.a(signal.o)
                0x06020c40                _raise_r
                0x06020dc8                __sigtramp
                0x06020d74                raise
                0x06020db0                _init_signal
                0x06020d00                __sigtramp_r
                0x06020d90                signal
                0x06020bcc                _signal_r
                0x06020b80                _init_signal_r
 .text          0x06020df0       0x60 c:/saturn/SH_COFF/sh-coff/bin/../lib/gcc/sh-coff/3.4-GNUSH_v0501/../../../../sh-coff/lib\libc.a(signalr.o)
                0x06020e38                _getpid_r
                0x06020df0                _kill_r
 *(.strings)

.tors           0x06020e50        0x0
                0x06020e50                ___ctors = .
 *(.ctors)
                0x06020e50                ___ctors_end = .
                0x06020e50                ___dtors = .
 *(.dtors)
                0x06020e50                ___dtors_end = .

.data           0x06020e50     0x10c0
                0x06020e50                STARTOF_R = .
 *(.data)
 .data          0x06020e50      0x400 ../sbl6/segasmp/per/smpclib/per_x1.o
 .data          0x06021250       0x10 graphics.o
                0x06021250                tiles
 .data          0x06021260       0x10 scroll.o
                0x06021260                CycleTb
 .data          0x06021270       0x30 main.o
 .data          0x060212a0      0x400 ../sbl6/segalib/lib/sega_int.a(int.o)
 .data          0x060216a0       0x1c ../sbl6/segalib/lib/sega_spr.a(spr_slv.o)
                0x060216a8                SPR_SlaveParam
                0x060216b8                SPR_SMPC_SF
                0x060216b0                SPR_SMPC_COM
                0x060216ac                SPR_SlaveSHEntry
                0x060216a4                SPR_SlaveState
                0x060216a0                SPR_SlaveCommand
                0x060216b4                SPR_SMPC_RET
 *fill*         0x060216bc        0x4 00
 .data          0x060216c0       0x34 ../sbl6/segalib/lib/sega_spr.a(spr_1c.o)
                0x060216c0                SpInitialFlag
 *fill*         0x060216f4        0xc 00
 .data          0x06021700       0x1c ../sbl6/segalib/lib/sega_scl.a(scl_vblv.o)
                0x06021708                VBInterval
                0x06021710                ReqDisplayFlag
                0x06021700                SpFrameChgMode
                0x0602170c                VBIntervalCounter
                0x06021704                SpFrameEraseMode
 *fill*         0x0602171c        0x4 00
 .data          0x06021720       0x36 ../sbl6/segalib/lib/sega_scl.a(scl_func.o)
                0x06021730                SclRotregBuff
                0x0602172c                SclDisplayY
                0x06021734                SclRotateTableMode
                0x06021728                SclProcess
                0x06021724                SclCurSclNum
                0x06021720                SclLengthLsTbl
                0x0602172a                SclDisplayX
                0x06021722                SclLengthCsTbl
 *fill*         0x06021756        0xa 00
 .data          0x06021760       0x18 ../sbl6/segalib/lib/sega_scl.a(scl_pri.o)
                0x06021764                SclRealSpPriNum
                0x06021774                SclRealColOffset
                0x06021770                SclRealBgColMix
                0x0602176c                SclRealSpColMix
                0x06021768                SclRealBgPriNum
                0x06021760                SclRealOtherPri
 *fill*         0x06021778        0x8 00
 .data          0x06021780      0x380 c:/saturn/SH_COFF/sh-coff/bin/../lib/gcc/sh-coff/3.4-GNUSH_v0501/../../../../sh-coff/lib\libc.a(impure.o)
                0x06021afc                _impure_ptr
 .data          0x06021b00      0x410 c:/saturn/SH_COFF/sh-coff/bin/../lib/gcc/sh-coff/3.4-GNUSH_v0501/../../../../sh-coff/lib\libc.a(mallocr.o)
                0x06021b08                __malloc_av_
                0x06021b04                __malloc_trim_threshold
                0x06021b00                __malloc_sbrk_base
                0x06021f10                SIZEOF_R = (. - STARTOF_R)
                0x06021f10                ENDOF_R = .

.bss            0x06021f10     0x50f4
                0x06021f10                STARTOF_B = .
 *(.bss)
 .bss           0x06021f10       0x10 vblank.o
                0x06021f14                PadData2E
                0x06021f1a                PadData1
                0x06021f16                PadData2
                0x06021f18                PadData1E
                0x06021f10                __port
 .bss           0x06021f20       0xd0 ../sbl6/segasmp/per/smpclib/per_x2.o
 .bss           0x06021ff0       0x20 scroll.o
                0x06021ff0                copy_mode
                0x06021ff4                map_tile_y
                0x06021ff8                map_tile_x
 .bss           0x06022010     0x3390 main.o
 .bss           0x060253a0       0x6e ../sbl6/segalib/lib/sega_spr.a(spr_2c.o)
 *fill*         0x0602540e        0x2 00
 .bss           0x06025410        0x4 ../sbl6/segalib/lib/sega_scl.a(scl_vblv.o)
 *fill*         0x06025414        0xc 00
 .bss           0x06025420        0x4 ../sbl6/segalib/lib/sega_scl.a(scl_func.o)
 *fill*         0x06025424        0xc 00
 .bss           0x06025430       0x48 ../sbl6/segalib/lib/sega_scl.a(scl_ro00.o)
 *fill*         0x06025478        0x8 00
 .bss           0x06025480       0x9c ../sbl6/segalib/lib/sega_per.a(per_prt.o)
 *fill*         0x0602551c        0x4 00
 .bss           0x06025520        0xc ../sbl6/segalib/lib/sega_sat.a(DMA_SCU1.o)
 *fill*         0x0602552c        0x4 00
 .bss           0x06025530       0x20 ../sbl6/segalib/lib/sega_sat.a(DMA_SCU0.o)
 .bss           0x06025550       0x10 c:/saturn/SH_COFF/sh-coff/bin/../lib/gcc/sh-coff/3.4-GNUSH_v0501\libgcc.a(__main.o)
 .bss           0x06025560       0x10 c:/saturn/SH_COFF/sh-coff/bin/../lib/gcc/sh-coff/3.4-GNUSH_v0501/../../../../sh-coff/lib\libc.a(atexit.o)
 .bss           0x06025570       0x40 c:/saturn/SH_COFF/sh-coff/bin/../lib/gcc/sh-coff/3.4-GNUSH_v0501/../../../../sh-coff/lib\libc.a(mallocr.o)
                0x060255a0                __malloc_top_pad
                0x06025570                __malloc_current_mallinfo
                0x0602559c                __malloc_max_sbrked_mem
                0x06025598                __malloc_max_total_mem
 .bss           0x060255b0       0x10 c:/saturn/SH_COFF/sh-coff/bin/../lib/gcc/sh-coff/3.4-GNUSH_v0501/../../../../sh-coff/lib\libc.a(syscalls.o)
 *(COMMON)
 COMMON         0x060255c0      0x400 ../sbl6/segalib/lib/sega_int.a(int.o)
                                  0x0 (size before relaxing)
                0x060255c0                __interrupt_vector
 COMMON         0x060259c0       0x50 ../sbl6/segalib/lib/sega_spr.a(spr_2c.o)
                                  0x0 (size before relaxing)
                0x060259c0                SpMstCmd
                0x060259c4                Sp2OpenFlag
                0x060259c8                SpGourTblMax
                0x060259cc                SpDrawPrtyBlk
                0x060259d0                SpLCoordX
                0x060259d4                SpMstDrawPrtyBlk
                0x060259d8                SpGourTbl
                0x060259dc                SpLookupTblR
                0x060259e0                SpCmdTbl
                0x060259e4                SpCharMax
                0x060259e8                SpDrawPrtyProcFlag
                0x060259ec                SpCmdNo
                0x060259f0                SpDrawPrtyBlkMax
                0x060259f4                SpSlvCmdPos
                0x060259f8                SpSlvDrawPrtyBlk
                0x060259fc                SpCharTbl
                0x06025a00                SpCmdTblR
                0x06025a04                SpMstCmdPos
                0x06025a08                SpSlvCmd
                0x06025a0c                SpLCoordY
 COMMON         0x06025a10       0x10 ../sbl6/segalib/lib/sega_spr.a(spr_1c.o)
                                  0x0 (size before relaxing)
                0x06025a10                SpScreenY
                0x06025a14                SpFbcrMode
                0x06025a16                SpDil
                0x06025a18                SpDie
                0x06025a1a                SpTvMode
                0x06025a1c                SpScreenX
 COMMON         0x06025a20      0xf00 ../sbl6/segalib/lib/sega_scl.a(scl_func.o)
                                  0x0 (size before relaxing)
                0x06025a20                SclRbgKtbAddr
                0x06025a28                SclRb
                0x06025a2a                Scl_flag
                0x06025a30                SclK_TableBuff
                0x06026700                SclAddrCsTbl
                0x06026710                Scl_s_reg
                0x06026738                SclRotateXy
                0x06026740                Scl_d_reg
                0x06026788                SclRotateDisp
                0x06026790                SclRotateMoveZ
                0x06026798                SclRotXySw
                0x060267a0                Scl_r_reg
                0x060267b0                SclRPMD
                0x060267b8                SclRbgKtbOffset
                0x060267c0                _SclRotregBuff
                0x06026890                SclRa
                0x06026898                SclRotateZ
                0x060268a0                SclAddrLsTbl
                0x060268a8                SclK_TableNum
                0x060268b0                SclRotateTableAddress
                0x060268b4                SclK_TableFlag
                0x060268c0                Scl_w_reg
                0x060268e0                Scl_n_reg
 COMMON         0x06026920      0x6b0 ../sbl6/segalib/lib/sega_scl.a(scl_pri.o)
                                  0x0 (size before relaxing)
                0x06026920                SclAutoEndBlue2
                0x06026930                SclColOffset
                0x06026940                SclPriBuffDirty
                0x06026942                SclAutoEndRed
                0x06026944                SclAutoSurface
                0x06026948                SclAutoGreen
                0x0602694a                SclAutoEndGreen
                0x0602694c                SclAutoCount
                0x06026950                SclColRamAlloc256
                0x06026970                SclAutoCurRate
                0x06026971                SclAutoPlusFlag
                0x06026978                SclSpColMix
                0x06026980                SclAutoMax
                0x06026984                SclLineColRamOffset
                0x06026988                SclColRamAlloc2048
                0x0602698c                SclBgPriNum
                0x06026992                SclAutoEndBlue
                0x06026994                SclAutoEndGreen2
                0x06026996                SclAutoVeFlag
                0x06026998                SclBgColMix
                0x060269a0                SclAutoIndex
                0x060269a4                SclAutoEndRate
                0x060269a6                SclAutoBlue
                0x060269a8                SclAutoRed
                0x060269ac                SclAutoInterval
                0x060269b0                SclOtherPri
                0x060269c0                SclAutoRGB
                0x06026fc0                SclAutoEndRed2
                0x06026fc8                SclSpPriNum
 COMMON         0x06026fd0       0x10 ../sbl6/segalib/lib/sega_scl.a(scl_ro00.o)
                                  0x0 (size before relaxing)
                0x06026fd0                SclCsx
                0x06026fd8                SclCsy
 COMMON         0x06026fe0       0x15 ../sbl6/segalib/lib/sega_per.a(per_prt.o)
                                  0x0 (size before relaxing)
                0x06026fe0                per_get_time_flg
                0x06026fe1                per_hot_res
                0x06026fe2                per_set_sys_flg
                0x06026fe4                per_get_time_adr
                0x06026fe8                per_get_sys_data
                0x06026ff4                per_time_out_flg
 *fill*         0x06026ff5        0xb 00
 COMMON         0x06027000        0x4 c:/saturn/SH_COFF/sh-coff/bin/../lib/gcc/sh-coff/3.4-GNUSH_v0501/../../../../sh-coff/lib\libc.a(syscalls.o)
                                  0x0 (size before relaxing)
                0x06027000                errno
                0x06027004                SIZEOF_B = (. - STARTOF_B)
                0x06027004                ENDOF_B = .
                0x06027004                _end = .
OUTPUT(main.cof coff-sh)

.comment        0x06027010      0x3a0
 .comment       0x06027010       0x20 ../sbl6/segasmp/lib/strt2_g.o
 .comment       0x06027030       0x20 vblank.o
 .comment       0x06027050       0x20 ../sbl6/segasmp/per/smpclib/per_x1.o
 .comment       0x06027070       0x20 ../sbl6/segasmp/per/smpclib/per_x2.o
 .comment       0x06027090       0x20 graphics.o
 .comment       0x060270b0       0x20 sprite.o
 .comment       0x060270d0       0x20 scroll.o
 .comment       0x060270f0       0x20 main.o
 .comment       0x06027110       0x20 c:/saturn/SH_COFF/sh-coff/bin/../lib/gcc/sh-coff/3.4-GNUSH_v0501\libgcc.a(__main.o)
 .comment       0x06027130       0x20 c:/saturn/SH_COFF/sh-coff/bin/../lib/gcc/sh-coff/3.4-GNUSH_v0501\libgcc.a(_si_to_df.o)
 .comment       0x06027150       0x20 c:/saturn/SH_COFF/sh-coff/bin/../lib/gcc/sh-coff/3.4-GNUSH_v0501\libgcc.a(_mul_df.o)
 .comment       0x06027170       0x20 c:/saturn/SH_COFF/sh-coff/bin/../lib/gcc/sh-coff/3.4-GNUSH_v0501\libgcc.a(_df_to_si.o)
 .comment       0x06027190       0x20 c:/saturn/SH_COFF/sh-coff/bin/../lib/gcc/sh-coff/3.4-GNUSH_v0501\libgcc.a(_pack_df.o)
 .comment       0x060271b0       0x20 c:/saturn/SH_COFF/sh-coff/bin/../lib/gcc/sh-coff/3.4-GNUSH_v0501\libgcc.a(_unpack_df.o)
 .comment       0x060271d0       0x20 c:/saturn/SH_COFF/sh-coff/bin/../lib/gcc/sh-coff/3.4-GNUSH_v0501\libgcc.a(_thenan_df.o)
 .comment       0x060271f0       0x20 c:/saturn/SH_COFF/sh-coff/bin/../lib/gcc/sh-coff/3.4-GNUSH_v0501\libgcc.a(_muldi3.o)
 .comment       0x06027210       0x20 c:/saturn/SH_COFF/sh-coff/bin/../lib/gcc/sh-coff/3.4-GNUSH_v0501\libgcc.a(_lshrdi3.o)
 .comment       0x06027230       0x20 c:/saturn/SH_COFF/sh-coff/bin/../lib/gcc/sh-coff/3.4-GNUSH_v0501\libgcc.a(_ashldi3.o)
 .comment       0x06027250       0x20 c:/saturn/SH_COFF/sh-coff/bin/../lib/gcc/sh-coff/3.4-GNUSH_v0501/../../../../sh-coff/lib\libc.a(atexit.o)
 .comment       0x06027270       0x20 c:/saturn/SH_COFF/sh-coff/bin/../lib/gcc/sh-coff/3.4-GNUSH_v0501/../../../../sh-coff/lib\libc.a(impure.o)
 .comment       0x06027290       0x20 c:/saturn/SH_COFF/sh-coff/bin/../lib/gcc/sh-coff/3.4-GNUSH_v0501/../../../../sh-coff/lib\libc.a(malloc.o)
 .comment       0x060272b0       0x20 c:/saturn/SH_COFF/sh-coff/bin/../lib/gcc/sh-coff/3.4-GNUSH_v0501/../../../../sh-coff/lib\libc.a(mallocr.o)
 .comment       0x060272d0       0x20 c:/saturn/SH_COFF/sh-coff/bin/../lib/gcc/sh-coff/3.4-GNUSH_v0501/../../../../sh-coff/lib\libc.a(freer.o)
 .comment       0x060272f0       0x20 c:/saturn/SH_COFF/sh-coff/bin/../lib/gcc/sh-coff/3.4-GNUSH_v0501/../../../../sh-coff/lib\libc.a(mlock.o)
 .comment       0x06027310       0x20 c:/saturn/SH_COFF/sh-coff/bin/../lib/gcc/sh-coff/3.4-GNUSH_v0501/../../../../sh-coff/lib\libc.a(sbrkr.o)
 .comment       0x06027330       0x20 c:/saturn/SH_COFF/sh-coff/bin/../lib/gcc/sh-coff/3.4-GNUSH_v0501/../../../../sh-coff/lib\libc.a(syscalls.o)
 .comment       0x06027350       0x20 c:/saturn/SH_COFF/sh-coff/bin/../lib/gcc/sh-coff/3.4-GNUSH_v0501/../../../../sh-coff/lib\libc.a(abort.o)
 .comment       0x06027370       0x20 c:/saturn/SH_COFF/sh-coff/bin/../lib/gcc/sh-coff/3.4-GNUSH_v0501/../../../../sh-coff/lib\libc.a(signal.o)
 .comment       0x06027390       0x20 c:/saturn/SH_COFF/sh-coff/bin/../lib/gcc/sh-coff/3.4-GNUSH_v0501/../../../../sh-coff/lib\libc.a(signalr.o)
