Archive member included because of file (symbol)

../sbl6/segalib/lib/sega_int.a(int.o)
                              vblank.o (INT_SetScuFunc)
../sbl6/segalib/lib/sega_int.a(int_trmp.o)
                              ../sbl6/segalib/lib/sega_int.a(int.o) (__interrupt_handler0)
../sbl6/segalib/lib/sega_spr.a(spr_2c.o)
                              main.o (SPR_2Initial)
../sbl6/segalib/lib/sega_spr.a(spr_slv.o)
                              ../sbl6/segalib/lib/sega_spr.a(spr_2c.o) (SPR_InitSlaveSH)
../sbl6/segalib/lib/sega_spr.a(spr_1c.o)
                              ../sbl6/segalib/lib/sega_spr.a(spr_2c.o) (SPR_Initial)
../sbl6/segalib/lib/sega_spr.a(spr_2a.o)
                              ../sbl6/segalib/lib/sega_spr.a(spr_2c.o) (SPR_2SetDrawPrty)
../sbl6/segalib/lib/sega_scl.a(scl_vblv.o)
                              ../sbl6/segalib/lib/sega_spr.a(spr_1c.o) (SpFrameChgMode)
../sbl6/segalib/lib/sega_scl.a(scl_func.o)
                              main.o (SCL_Vdp2Init)
../sbl6/segalib/lib/sega_scl.a(scl_pr03.o)
                              scroll.o (SCL_AllocColRam)
../sbl6/segalib/lib/sega_scl.a(scl_pr02.o)
                              scroll.o (SCL_SetColRam)
../sbl6/segalib/lib/sega_scl.a(scl_back.o)
                              scroll.o (SCL_SetBack)
../sbl6/segalib/lib/sega_scl.a(scl_fu03.o)
                              scroll.o (SCL_InitConfigTb)
../sbl6/segalib/lib/sega_scl.a(scl_fu02.o)
                              scroll.o (SCL_InitVramConfigTb)
../sbl6/segalib/lib/sega_scl.a(scl_fu04.o)
                              scroll.o (SCL_SetCycleTable)
../sbl6/segalib/lib/sega_scl.a(scl_pr07.o)
                              main.o (SCL_SetPriority)
../sbl6/segalib/lib/sega_scl.a(scl_pr01.o)
                              main.o (SCL_SetSpriteMode)
../sbl6/segalib/lib/sega_scl.a(scl_pri.o)
                              ../sbl6/segalib/lib/sega_scl.a(scl_func.o) (SclRealOtherPri)
../sbl6/segalib/lib/sega_scl.a(scl_ro00.o)
                              ../sbl6/segalib/lib/sega_scl.a(scl_func.o) (SCL_Rotate)
../sbl6/segalib/lib/sega_scl.a(scl_pr06.o)
                              ../sbl6/segalib/lib/sega_scl.a(scl_pr03.o) (SCL_SetColRamOffset)
../sbl6/segalib/lib/sega_scl.a(scl_pr05.o)
                              ../sbl6/segalib/lib/sega_scl.a(scl_pr02.o) (SCL_GetColRamOffset)
../sbl6/segalib/lib/sega_mth.a(mth_fixd.o)
                              sprite.o (MTH_Mul)
../sbl6/segalib/lib/sega_mth.a(mth_tri.o)
                              sprite.o (MTH_Sin)
../sbl6/segalib/lib/sega_per.a(per_prt.o)
                              ../sbl6/segasmp/per/smpclib/per_x2.o (PER_LInit)
../sbl6/segalib/lib/sega_sat.a(DMA_SCU1.o)
                              ../sbl6/segalib/lib/sega_spr.a(spr_2c.o) (DMA_ScuMemCopy)
../sbl6/segalib/lib/sega_sat.a(DMA_SCU0.o)
                              ../sbl6/segalib/lib/sega_sat.a(DMA_SCU1.o) (DMA_ScuSetPrm)
../sbl6/segalib/lib/sega_sat.a(csh_main.o)
                              ../sbl6/segalib/lib/sega_sat.a(DMA_SCU1.o) (CSH_Purge)
c:/saturn/SH_COFF/sh-coff/bin/../lib/gcc/sh-coff/3.4-GNUSH_v0501\libgcc.a(_ashiftlt.o)
                              scroll.o (__ashlsi3)
c:/saturn/SH_COFF/sh-coff/bin/../lib/gcc/sh-coff/3.4-GNUSH_v0501\libgcc.a(__main.o)
                              main.o (__main)
c:/saturn/SH_COFF/sh-coff/bin/../lib/gcc/sh-coff/3.4-GNUSH_v0501\libgcc.a(_udivsi3.o)
                              ../sbl6/segalib/lib/sega_scl.a(scl_fu03.o) (__udivsi3)
c:/saturn/SH_COFF/sh-coff/bin/../lib/gcc/sh-coff/3.4-GNUSH_v0501\libgcc.a(_ashiftrt.o)
                              ../sbl6/segalib/lib/sega_scl.a(scl_ro00.o) (__ashiftrt_r4_6)
c:/saturn/SH_COFF/sh-coff/bin/../lib/gcc/sh-coff/3.4-GNUSH_v0501\libgcc.a(_si_to_df.o)
                              ../sbl6/segalib/lib/sega_scl.a(scl_ro00.o) (__floatsidf)
c:/saturn/SH_COFF/sh-coff/bin/../lib/gcc/sh-coff/3.4-GNUSH_v0501\libgcc.a(_mul_df.o)
                              ../sbl6/segalib/lib/sega_scl.a(scl_ro00.o) (__muldf3)
c:/saturn/SH_COFF/sh-coff/bin/../lib/gcc/sh-coff/3.4-GNUSH_v0501\libgcc.a(_df_to_si.o)
                              ../sbl6/segalib/lib/sega_scl.a(scl_ro00.o) (__fixdfsi)
c:/saturn/SH_COFF/sh-coff/bin/../lib/gcc/sh-coff/3.4-GNUSH_v0501\libgcc.a(_pack_df.o)
                              c:/saturn/SH_COFF/sh-coff/bin/../lib/gcc/sh-coff/3.4-GNUSH_v0501\libgcc.a(_si_to_df.o) (__pack_d)
c:/saturn/SH_COFF/sh-coff/bin/../lib/gcc/sh-coff/3.4-GNUSH_v0501\libgcc.a(_unpack_df.o)
                              c:/saturn/SH_COFF/sh-coff/bin/../lib/gcc/sh-coff/3.4-GNUSH_v0501\libgcc.a(_mul_df.o) (__unpack_d)
c:/saturn/SH_COFF/sh-coff/bin/../lib/gcc/sh-coff/3.4-GNUSH_v0501\libgcc.a(_thenan_df.o)
                              c:/saturn/SH_COFF/sh-coff/bin/../lib/gcc/sh-coff/3.4-GNUSH_v0501\libgcc.a(_mul_df.o) (__thenan_df)
c:/saturn/SH_COFF/sh-coff/bin/../lib/gcc/sh-coff/3.4-GNUSH_v0501\libgcc.a(_muldi3.o)
                              c:/saturn/SH_COFF/sh-coff/bin/../lib/gcc/sh-coff/3.4-GNUSH_v0501\libgcc.a(_mul_df.o) (__muldi3)
c:/saturn/SH_COFF/sh-coff/bin/../lib/gcc/sh-coff/3.4-GNUSH_v0501\libgcc.a(_lshrdi3.o)
                              c:/saturn/SH_COFF/sh-coff/bin/../lib/gcc/sh-coff/3.4-GNUSH_v0501\libgcc.a(_df_to_si.o) (__lshrdi3)
c:/saturn/SH_COFF/sh-coff/bin/../lib/gcc/sh-coff/3.4-GNUSH_v0501\libgcc.a(_ashldi3.o)
                              c:/saturn/SH_COFF/sh-coff/bin/../lib/gcc/sh-coff/3.4-GNUSH_v0501\libgcc.a(_pack_df.o) (__ashldi3)
c:/saturn/SH_COFF/sh-coff/bin/../lib/gcc/sh-coff/3.4-GNUSH_v0501\libgcc.a(_mulsi3.o)
                              c:/saturn/SH_COFF/sh-coff/bin/../lib/gcc/sh-coff/3.4-GNUSH_v0501\libgcc.a(_muldi3.o) (__mulsi3)
c:/saturn/SH_COFF/sh-coff/bin/../lib/gcc/sh-coff/3.4-GNUSH_v0501\libgcc.a(_lshiftrt.o)
                              c:/saturn/SH_COFF/sh-coff/bin/../lib/gcc/sh-coff/3.4-GNUSH_v0501\libgcc.a(_lshrdi3.o) (__lshrsi3)
c:/saturn/SH_COFF/sh-coff/bin/../lib/gcc/sh-coff/3.4-GNUSH_v0501/../../../../sh-coff/lib\libc.a(memcpy.o)
                              scroll.o (memcpy)
c:/saturn/SH_COFF/sh-coff/bin/../lib/gcc/sh-coff/3.4-GNUSH_v0501/../../../../sh-coff/lib\libc.a(memset.o)
                              ../sbl6/segalib/lib/sega_spr.a(spr_2c.o) (memset)
c:/saturn/SH_COFF/sh-coff/bin/../lib/gcc/sh-coff/3.4-GNUSH_v0501/../../../../sh-coff/lib\libc.a(atexit.o)
                              c:/saturn/SH_COFF/sh-coff/bin/../lib/gcc/sh-coff/3.4-GNUSH_v0501\libgcc.a(__main.o) (atexit)
c:/saturn/SH_COFF/sh-coff/bin/../lib/gcc/sh-coff/3.4-GNUSH_v0501/../../../../sh-coff/lib\libc.a(impure.o)
                              c:/saturn/SH_COFF/sh-coff/bin/../lib/gcc/sh-coff/3.4-GNUSH_v0501/../../../../sh-coff/lib\libc.a(atexit.o) (_impure_ptr)
c:/saturn/SH_COFF/sh-coff/bin/../lib/gcc/sh-coff/3.4-GNUSH_v0501/../../../../sh-coff/lib\libc.a(malloc.o)
                              c:/saturn/SH_COFF/sh-coff/bin/../lib/gcc/sh-coff/3.4-GNUSH_v0501/../../../../sh-coff/lib\libc.a(atexit.o) (malloc)
c:/saturn/SH_COFF/sh-coff/bin/../lib/gcc/sh-coff/3.4-GNUSH_v0501/../../../../sh-coff/lib\libc.a(mallocr.o)
                              c:/saturn/SH_COFF/sh-coff/bin/../lib/gcc/sh-coff/3.4-GNUSH_v0501/../../../../sh-coff/lib\libc.a(malloc.o) (_malloc_r)
c:/saturn/SH_COFF/sh-coff/bin/../lib/gcc/sh-coff/3.4-GNUSH_v0501/../../../../sh-coff/lib\libc.a(freer.o)
                              c:/saturn/SH_COFF/sh-coff/bin/../lib/gcc/sh-coff/3.4-GNUSH_v0501/../../../../sh-coff/lib\libc.a(malloc.o) (_free_r)
c:/saturn/SH_COFF/sh-coff/bin/../lib/gcc/sh-coff/3.4-GNUSH_v0501/../../../../sh-coff/lib\libc.a(mlock.o)
                              c:/saturn/SH_COFF/sh-coff/bin/../lib/gcc/sh-coff/3.4-GNUSH_v0501/../../../../sh-coff/lib\libc.a(mallocr.o) (__malloc_lock)
c:/saturn/SH_COFF/sh-coff/bin/../lib/gcc/sh-coff/3.4-GNUSH_v0501/../../../../sh-coff/lib\libc.a(sbrkr.o)
                              c:/saturn/SH_COFF/sh-coff/bin/../lib/gcc/sh-coff/3.4-GNUSH_v0501/../../../../sh-coff/lib\libc.a(mallocr.o) (_sbrk_r)
c:/saturn/SH_COFF/sh-coff/bin/../lib/gcc/sh-coff/3.4-GNUSH_v0501/../../../../sh-coff/lib\libc.a(syscalls.o)
                              c:/saturn/SH_COFF/sh-coff/bin/../lib/gcc/sh-coff/3.4-GNUSH_v0501/../../../../sh-coff/lib\libc.a(sbrkr.o) (_sbrk)
c:/saturn/SH_COFF/sh-coff/bin/../lib/gcc/sh-coff/3.4-GNUSH_v0501/../../../../sh-coff/lib\libc.a(trap.o)
                              c:/saturn/SH_COFF/sh-coff/bin/../lib/gcc/sh-coff/3.4-GNUSH_v0501/../../../../sh-coff/lib\libc.a(syscalls.o) (__trap34)
c:/saturn/SH_COFF/sh-coff/bin/../lib/gcc/sh-coff/3.4-GNUSH_v0501/../../../../sh-coff/lib\libc.a(abort.o)
                              c:/saturn/SH_COFF/sh-coff/bin/../lib/gcc/sh-coff/3.4-GNUSH_v0501/../../../../sh-coff/lib\libc.a(syscalls.o) (abort)
c:/saturn/SH_COFF/sh-coff/bin/../lib/gcc/sh-coff/3.4-GNUSH_v0501/../../../../sh-coff/lib\libc.a(signal.o)
                              c:/saturn/SH_COFF/sh-coff/bin/../lib/gcc/sh-coff/3.4-GNUSH_v0501/../../../../sh-coff/lib\libc.a(abort.o) (raise)
c:/saturn/SH_COFF/sh-coff/bin/../lib/gcc/sh-coff/3.4-GNUSH_v0501/../../../../sh-coff/lib\libc.a(signalr.o)
                              c:/saturn/SH_COFF/sh-coff/bin/../lib/gcc/sh-coff/3.4-GNUSH_v0501/../../../../sh-coff/lib\libc.a(signal.o) (_kill_r)

Allocating common symbols
Common symbol       size              file

SclRbgKtbAddr       0x8               ../sbl6/segalib/lib/sega_scl.a(scl_func.o)
sprites             0x1900            sprite.o
SpMstCmd            0x4               ../sbl6/segalib/lib/sega_spr.a(spr_2c.o)
SclRb               0x1               ../sbl6/segalib/lib/sega_scl.a(scl_func.o)
Scl_flag            0x2               ../sbl6/segalib/lib/sega_scl.a(scl_func.o)
per_get_time_flg    0x1               ../sbl6/segalib/lib/sega_per.a(per_prt.o)
SpScreenY           0x4               ../sbl6/segalib/lib/sega_spr.a(spr_1c.o)
SclK_TableBuff      0xcd0             ../sbl6/segalib/lib/sega_scl.a(scl_func.o)
SclAutoEndBlue2     0x2               ../sbl6/segalib/lib/sega_scl.a(scl_pri.o)
SpFbcrMode          0x2               ../sbl6/segalib/lib/sega_spr.a(spr_1c.o)
Sp2OpenFlag         0x4               ../sbl6/segalib/lib/sega_spr.a(spr_2c.o)
SclColOffset        0x10              ../sbl6/segalib/lib/sega_scl.a(scl_pri.o)
SclAddrCsTbl        0x8               ../sbl6/segalib/lib/sega_scl.a(scl_func.o)
SclPriBuffDirty     0x1               ../sbl6/segalib/lib/sega_scl.a(scl_pri.o)
SclAutoEndRed       0x2               ../sbl6/segalib/lib/sega_scl.a(scl_pri.o)
player              0x20              player.o
SclAutoSurface      0x4               ../sbl6/segalib/lib/sega_scl.a(scl_pri.o)
__interrupt_vector  0x400             ../sbl6/segalib/lib/sega_int.a(int.o)
per_hot_res         0x1               ../sbl6/segalib/lib/sega_per.a(per_prt.o)
SclCsx              0x8               ../sbl6/segalib/lib/sega_scl.a(scl_ro00.o)
Scl_s_reg           0x28              ../sbl6/segalib/lib/sega_scl.a(scl_func.o)
SclAutoGreen        0x2               ../sbl6/segalib/lib/sega_scl.a(scl_pri.o)
SclAutoEndGreen     0x2               ../sbl6/segalib/lib/sega_scl.a(scl_pri.o)
SclAutoCount        0x4               ../sbl6/segalib/lib/sega_scl.a(scl_pri.o)
SpGourTblMax        0x4               ../sbl6/segalib/lib/sega_spr.a(spr_2c.o)
SclColRamAlloc256   0x20              ../sbl6/segalib/lib/sega_scl.a(scl_pri.o)
SclRotateXy         0x8               ../sbl6/segalib/lib/sega_scl.a(scl_func.o)
SpDrawPrtyBlk       0x4               ../sbl6/segalib/lib/sega_spr.a(spr_2c.o)
SclAutoCurRate      0x1               ../sbl6/segalib/lib/sega_scl.a(scl_pri.o)
SpLCoordX           0x4               ../sbl6/segalib/lib/sega_spr.a(spr_2c.o)
maps                0xc               scroll.o
SpMstDrawPrtyBlk    0x4               ../sbl6/segalib/lib/sega_spr.a(spr_2c.o)
SclAutoPlusFlag     0x1               ../sbl6/segalib/lib/sega_scl.a(scl_pri.o)
per_set_sys_flg     0x1               ../sbl6/segalib/lib/sega_per.a(per_prt.o)
Scl_d_reg           0x48              ../sbl6/segalib/lib/sega_scl.a(scl_func.o)
SclRotateDisp       0x8               ../sbl6/segalib/lib/sega_scl.a(scl_func.o)
SpGourTbl           0x4               ../sbl6/segalib/lib/sega_spr.a(spr_2c.o)
SclSpColMix         0x8               ../sbl6/segalib/lib/sega_scl.a(scl_pri.o)
SpDil               0x2               ../sbl6/segalib/lib/sega_spr.a(spr_1c.o)
SpLookupTblR        0x2               ../sbl6/segalib/lib/sega_spr.a(spr_2c.o)
SclAutoMax          0x4               ../sbl6/segalib/lib/sega_scl.a(scl_pri.o)
SpCmdTbl            0x4               ../sbl6/segalib/lib/sega_spr.a(spr_2c.o)
SclRotateMoveZ      0x8               ../sbl6/segalib/lib/sega_scl.a(scl_func.o)
SclLineColRamOffset
                    0x4               ../sbl6/segalib/lib/sega_scl.a(scl_pri.o)
SclRotXySw          0x4               ../sbl6/segalib/lib/sega_scl.a(scl_func.o)
per_get_time_adr    0x4               ../sbl6/segalib/lib/sega_per.a(per_prt.o)
SclColRamAlloc2048  0x4               ../sbl6/segalib/lib/sega_scl.a(scl_pri.o)
SclBgPriNum         0x6               ../sbl6/segalib/lib/sega_scl.a(scl_pri.o)
SpCharMax           0x4               ../sbl6/segalib/lib/sega_spr.a(spr_2c.o)
SpDrawPrtyProcFlag  0x4               ../sbl6/segalib/lib/sega_spr.a(spr_2c.o)
SclAutoEndBlue      0x2               ../sbl6/segalib/lib/sega_scl.a(scl_pri.o)
SpCmdNo             0x4               ../sbl6/segalib/lib/sega_spr.a(spr_2c.o)
SclAutoEndGreen2    0x2               ../sbl6/segalib/lib/sega_scl.a(scl_pri.o)
Scl_r_reg           0x10              ../sbl6/segalib/lib/sega_scl.a(scl_func.o)
SclRPMD             0x2               ../sbl6/segalib/lib/sega_scl.a(scl_func.o)
SpDrawPrtyBlkMax    0x4               ../sbl6/segalib/lib/sega_spr.a(spr_2c.o)
SpDie               0x2               ../sbl6/segalib/lib/sega_spr.a(spr_1c.o)
SclAutoVeFlag       0x1               ../sbl6/segalib/lib/sega_scl.a(scl_pri.o)
SclBgColMix         0x8               ../sbl6/segalib/lib/sega_scl.a(scl_pri.o)
text                0x460             print.o
SpSlvCmdPos         0x4               ../sbl6/segalib/lib/sega_spr.a(spr_2c.o)
per_get_sys_data    0xc               ../sbl6/segalib/lib/sega_per.a(per_prt.o)
SclRbgKtbOffset     0x8               ../sbl6/segalib/lib/sega_scl.a(scl_func.o)
SclAutoIndex        0x4               ../sbl6/segalib/lib/sega_scl.a(scl_pri.o)
SclAutoEndRate      0x1               ../sbl6/segalib/lib/sega_scl.a(scl_pri.o)
SpSlvDrawPrtyBlk    0x4               ../sbl6/segalib/lib/sega_spr.a(spr_2c.o)
_SclRotregBuff      0xd0              ../sbl6/segalib/lib/sega_scl.a(scl_func.o)
SclAutoBlue         0x2               ../sbl6/segalib/lib/sega_scl.a(scl_pri.o)
SpTvMode            0x2               ../sbl6/segalib/lib/sega_spr.a(spr_1c.o)
SpScreenX           0x4               ../sbl6/segalib/lib/sega_spr.a(spr_1c.o)
SclRa               0x1               ../sbl6/segalib/lib/sega_scl.a(scl_func.o)
SclRotateZ          0x8               ../sbl6/segalib/lib/sega_scl.a(scl_func.o)
SpCharTbl           0x4               ../sbl6/segalib/lib/sega_spr.a(spr_2c.o)
SclAddrLsTbl        0x8               ../sbl6/segalib/lib/sega_scl.a(scl_func.o)
SclK_TableNum       0x8               ../sbl6/segalib/lib/sega_scl.a(scl_func.o)
SclAutoRed          0x2               ../sbl6/segalib/lib/sega_scl.a(scl_pri.o)
SpCmdTblR           0x2               ../sbl6/segalib/lib/sega_spr.a(spr_2c.o)
SclAutoInterval     0x4               ../sbl6/segalib/lib/sega_scl.a(scl_pri.o)
SclOtherPri         0x10              ../sbl6/segalib/lib/sega_scl.a(scl_pri.o)
per_time_out_flg    0x1               ../sbl6/segalib/lib/sega_per.a(per_prt.o)
SclRotateTableAddress
                    0x4               ../sbl6/segalib/lib/sega_scl.a(scl_func.o)
SpMstCmdPos         0x4               ../sbl6/segalib/lib/sega_spr.a(spr_2c.o)
SpSlvCmd            0x4               ../sbl6/segalib/lib/sega_spr.a(spr_2c.o)
SclAutoRGB          0x600             ../sbl6/segalib/lib/sega_scl.a(scl_pri.o)
errno               0x4               c:/saturn/SH_COFF/sh-coff/bin/../lib/gcc/sh-coff/3.4-GNUSH_v0501/../../../../sh-coff/lib\libc.a(syscalls.o)
SclK_TableFlag      0x4               ../sbl6/segalib/lib/sega_scl.a(scl_func.o)
SclAutoEndRed2      0x2               ../sbl6/segalib/lib/sega_scl.a(scl_pri.o)
SclCsy              0x8               ../sbl6/segalib/lib/sega_scl.a(scl_ro00.o)
SclSpPriNum         0x8               ../sbl6/segalib/lib/sega_scl.a(scl_pri.o)
Scl_w_reg           0x20              ../sbl6/segalib/lib/sega_scl.a(scl_func.o)
SpLCoordY           0x4               ../sbl6/segalib/lib/sega_spr.a(spr_2c.o)
Scl_n_reg           0x40              ../sbl6/segalib/lib/sega_scl.a(scl_func.o)

Memory Configuration

Name             Origin             Length             Attributes
*default*        0x00000000         0xffffffff

Linker script and memory map

LOAD ../sbl6/segasmp/lib/strt1_g.o
LOAD ../sbl6/segasmp/lib/strt2_g.o
LOAD vblank.o
LOAD ../sbl6/segasmp/per/smpclib/per_x1.o
LOAD ../sbl6/segasmp/per/smpclib/per_x2.o
LOAD ../sbl6/segasmp/per/smpclib/per_x3.o
LOAD graphics.o
LOAD sprite.o
LOAD scroll.o
LOAD player.o
LOAD print.o
LOAD main.o
LOAD ../sbl6/segalib/lib/sega_int.a
LOAD ../sbl6/segalib/lib/sega_spr.a
LOAD ../sbl6/segalib/lib/sega_scl.a
LOAD ../sbl6/segalib/lib/sega_mth.a
LOAD ../sbl6/segalib/lib/sega_cdc.a
LOAD ../sbl6/segalib/lib/sega_adp.a
LOAD ../sbl6/segalib/lib/sega_per.a
LOAD ../sbl6/segalib/lib/sega_sat.a
LOAD c:/saturn/SH_COFF/sh-coff/bin/../lib/gcc/sh-coff/3.4-GNUSH_v0501\libgcc.a
LOAD c:/saturn/SH_COFF/sh-coff/bin/../lib/gcc/sh-coff/3.4-GNUSH_v0501/../../../../sh-coff/lib\libc.a
LOAD c:/saturn/SH_COFF/sh-coff/bin/../lib/gcc/sh-coff/3.4-GNUSH_v0501\libgcc.a

.text           0x06010000    0x16380
 *(.text)
 .text          0x06010000       0x30 ../sbl6/segasmp/lib/strt1_g.o
                0x06010024                _D_END
                0x06010020                _D_BGN
                0x0601002c                _B_END
                0x06010028                _B_BGN
                0x06010000                START
 .text          0x06010030       0x60 ../sbl6/segasmp/lib/strt2_g.o
                0x06010050                _INITSCT
                0x06010030                _INIT
 .text          0x06010090      0x4b0 vblank.o
                0x06010090                SetVblank
                0x06010440                UsrVblankOut
                0x060100f0                UsrVblankIn
 .text          0x06010540      0x430 ../sbl6/segasmp/per/smpclib/per_x1.o
                0x060108d4                PER_GetAnalogXYZ
                0x06010564                PER_GetTriggerHandler
                0x060107fe                PER_GetEdge
                0x0601077c                PER_GetTrigger
                0x06010828                PER_GetPressEdge
                0x0601087c                PER_GetReleaseEdge
                0x06010540                PER_SetTriggerHandler
 .text          0x06010970      0x200 ../sbl6/segasmp/per/smpclib/per_x2.o
                0x06010a74                PER_GetDeviceA
                0x06010970                PER_OpenPort
                0x060109a8                PER_GetPort
                0x06010aee                PER_GetDeviceR
 .text          0x06010b70       0x20 ../sbl6/segasmp/per/smpclib/per_x3.o
                0x06010b70                PER_DisguiseTrigger
 .text          0x06010b90     0x9e50 graphics.o
                0x0601a5dc                font3
                0x0601a8dc                font0
                0x060197dc                guy0
                0x06019fdc                font9
                0x060177dc                guyback1
                0x06010b90                map1
                0x06017fdc                guyback0
                0x0601a4dc                font4
                0x0601a2dc                font6
                0x0601a7dc                font1
                0x06018fdc                guy1
                0x06012b90                wood_chr
                0x060167dc                guyside0
                0x06015390                wood_pal
                0x0601a1dc                font7
                0x06016fdc                guyback2
                0x06015fdc                guyside1
                0x060157dc                guyside2
                0x0601a6dc                font2
                0x0601a3dc                font5
                0x060187dc                guy2
                0x06015790                dimensions
                0x0601a0dc                font8
 .text          0x0601a9e0      0x380 sprite.o
                0x0601a9e0                draw_sprite
                0x0601acd0                next_sprite
                0x0601ac80                make_sprite
                0x0601ad30                delete_sprite
 .text          0x0601ad60      0x360 scroll.o
                0x0601b080                get_map_val
                0x0601b050                set_scroll
                0x0601aee0                move_scroll
                0x0601ad60                init_scroll
 .text          0x0601b0c0      0xd10 player.o
                0x0601b124                player_side
                0x0601b134                player_down
                0x0601b0c0                floor_tiles
                0x0601b12c                player_up
                0x0601b13c                states
                0x0601b290                player_input
                0x0601b160                player_init
                0x0601b1b0                player_animate
 .text          0x0601bdd0      0x130 print.o
                0x0601be60                print_display
                0x0601be10                print_num
                0x0601bdd0                print_init
 .text          0x0601bf00      0x140 main.o
                0x0601bf00                main
 .text          0x0601c040       0x40 ../sbl6/segalib/lib/sega_int.a(int.o)
                0x0601c06c                INT_GetScuFunc
                0x0601c040                INT_SetScuFunc
 .text          0x0601c080      0x624 ../sbl6/segalib/lib/sega_int.a(int_trmp.o)
                0x0601c1e8                __interrupt_handler60
                0x0601c398                __interrupt_handler132
                0x0601c54e                __interrupt_handler205
                0x0601c3b6                __interrupt_handler137
                0x0601c2e4                __interrupt_handler102
                0x0601c122                __interrupt_handler27
                0x0601c524                __interrupt_handler198
                0x0601c416                __interrupt_handler153
                0x0601c0fe                __interrupt_handler21
                0x0601c20c                __interrupt_handler66
                0x0601c2fc                __interrupt_handler106
                0x0601c446                __interrupt_handler161
                0x0601c290                __interrupt_handler88
                0x0601c45e                __interrupt_handler165
                0x0601c36e                __interrupt_handler125
                0x0601c0a4                __interrupt_handler6
                0x0601c140                __interrupt_handler32
                0x0601c4fa                __interrupt_handler191
                0x0601c614                __interrupt_handler238
                0x0601c62c                __interrupt_handler242
                0x0601c434                __interrupt_handler158
                0x0601c29c                __interrupt_handler90
                0x0601c458                __interrupt_handler164
                0x0601c17c                __interrupt_handler42
                0x0601c4be                __interrupt_handler181
                0x0601c5c6                __interrupt_handler225
                0x0601c66e                __interrupt_handler253
                0x0601c482                __interrupt_handler171
                0x0601c23c                __interrupt_handler74
                0x0601c092                __interrupt_handler3
                0x0601c1d6                __interrupt_handler57
                0x0601c0d4                __interrupt_handler14
                0x0601c56c                __interrupt_handler210
                0x0601c59c                __interrupt_handler218
                0x0601c560                __interrupt_handler208
                0x0601c164                __interrupt_handler38
                0x0601c080                __interrupt_handler0
                0x0601c2f0                __interrupt_handler104
                0x0601c42e                __interrupt_handler157
                0x0601c57e                __interrupt_handler213
                0x0601c470                __interrupt_handler168
                0x0601c27e                __interrupt_handler85
                0x0601c31a                __interrupt_handler111
                0x0601c32c                __interrupt_handler114
                0x0601c19a                __interrupt_handler47
                0x0601c5f0                __interrupt_handler232
                0x0601c5ba                __interrupt_handler223
                0x0601c60e                __interrupt_handler237
                0x0601c1fa                __interrupt_handler63
                0x0601c188                __interrupt_handler44
                0x0601c49a                __interrupt_handler175
                0x0601c4c4                __interrupt_handler182
                0x0601c4dc                __interrupt_handler186
                0x0601c3da                __interrupt_handler143
                0x0601c302                __interrupt_handler107
                0x0601c368                __interrupt_handler124
                0x0601c488                __interrupt_handler172
                0x0601c63e                __interrupt_handler245
                0x0601c2ba                __interrupt_handler95
                0x0601c392                __interrupt_handler131
                0x0601c3a4                __interrupt_handler134
                0x0601c3c2                __interrupt_handler139
                0x0601c230                __interrupt_handler72
                0x0601c5ea                __interrupt_handler231
                0x0601c440                __interrupt_handler160
                0x0601c386                __interrupt_handler129
                0x0601c0f8                __interrupt_handler20
                0x0601c206                __interrupt_handler65
                0x0601c1d0                __interrupt_handler56
                0x0601c0ce                __interrupt_handler13
                0x0601c566                __interrupt_handler209
                0x0601c320                __interrupt_handler112
                0x0601c0f2                __interrupt_handler19
                0x0601c2ae                __interrupt_handler93
                0x0601c518                __interrupt_handler196
                0x0601c40a                __interrupt_handler151
                0x0601c46a                __interrupt_handler167
                0x0601c680                __trampoline
                0x0601c0e6                __interrupt_handler17
                0x0601c5d8                __interrupt_handler228
                0x0601c67a                __interrupt_handler255
                0x0601c638                __interrupt_handler244
                0x0601c2d2                __interrupt_handler99
                0x0601c4ca                __interrupt_handler183
                0x0601c3c8                __interrupt_handler140
                0x0601c4ee                __interrupt_handler189
                0x0601c3ec                __interrupt_handler146
                0x0601c5b4                __interrupt_handler222
                0x0601c428                __interrupt_handler156
                0x0601c35c                __interrupt_handler122
                0x0601c650                __interrupt_handler248
                0x0601c1a0                __interrupt_handler48
                0x0601c21e                __interrupt_handler69
                0x0601c110                __interrupt_handler24
                0x0601c296                __interrupt_handler89
                0x0601c58a                __interrupt_handler215
                0x0601c674                __interrupt_handler254
                0x0601c28a                __interrupt_handler87
                0x0601c1ee                __interrupt_handler61
                0x0601c512                __interrupt_handler195
                0x0601c404                __interrupt_handler150
                0x0601c176                __interrupt_handler41
                0x0601c314                __interrupt_handler110
                0x0601c37a                __interrupt_handler127
                0x0601c308                __interrupt_handler108
                0x0601c326                __interrupt_handler113
                0x0601c338                __interrupt_handler116
                0x0601c356                __interrupt_handler121
                0x0601c24e                __interrupt_handler77
                0x0601c16a                __interrupt_handler39
                0x0601c182                __interrupt_handler43
                0x0601c656                __interrupt_handler249
                0x0601c494                __interrupt_handler174
                0x0601c3b0                __interrupt_handler136
                0x0601c4e8                __interrupt_handler188
                0x0601c3e6                __interrupt_handler145
                0x0601c0b6                __interrupt_handler9
                0x0601c25a                __interrupt_handler79
                0x0601c5d2                __interrupt_handler227
                0x0601c14c                __interrupt_handler34
                0x0601c38c                __interrupt_handler130
                0x0601c64a                __interrupt_handler247
                0x0601c242                __interrupt_handler75
                0x0601c48e                __interrupt_handler173
                0x0601c1be                __interrupt_handler53
                0x0601c3fe                __interrupt_handler149
                0x0601c662                __interrupt_handler251
                0x0601c5f6                __interrupt_handler233
                0x0601c0bc                __interrupt_handler10
                0x0601c548                __interrupt_handler204
                0x0601c26c                __interrupt_handler82
                0x0601c272                __interrupt_handler83
                0x0601c116                __interrupt_handler25
                0x0601c632                __interrupt_handler243
                0x0601c44c                __interrupt_handler162
                0x0601c194                __interrupt_handler46
                0x0601c4ac                __interrupt_handler178
                0x0601c260                __interrupt_handler80
                0x0601c1f4                __interrupt_handler62
                0x0601c08c                __interrupt_handler2
                0x0601c12e                __interrupt_handler29
                0x0601c224                __interrupt_handler70
                0x0601c30e                __interrupt_handler109
                0x0601c3f8                __interrupt_handler148
                0x0601c2b4                __interrupt_handler94
                0x0601c5c0                __interrupt_handler224
                0x0601c2ea                __interrupt_handler103
                0x0601c158                __interrupt_handler36
                0x0601c374                __interrupt_handler126
                0x0601c644                __interrupt_handler246
                0x0601c1ca                __interrupt_handler55
                0x0601c0c8                __interrupt_handler12
                0x0601c1b8                __interrupt_handler52
                0x0601c4e2                __interrupt_handler187
                0x0601c3e0                __interrupt_handler144
                0x0601c33e                __interrupt_handler117
                0x0601c0ec                __interrupt_handler18
                0x0601c51e                __interrupt_handler197
                0x0601c410                __interrupt_handler152
                0x0601c344                __interrupt_handler118
                0x0601c47c                __interrupt_handler170
                0x0601c536                __interrupt_handler201
                0x0601c2c6                __interrupt_handler97
                0x0601c452                __interrupt_handler163
                0x0601c4b8                __interrupt_handler180
                0x0601c500                __interrupt_handler192
                0x0601c620                __interrupt_handler240
                0x0601c362                __interrupt_handler123
                0x0601c584                __interrupt_handler214
                0x0601c13a                __interrupt_handler31
                0x0601c128                __interrupt_handler28
                0x0601c212                __interrupt_handler67
                0x0601c218                __interrupt_handler68
                0x0601c104                __interrupt_handler22
                0x0601c10a                __interrupt_handler23
                0x0601c4a0                __interrupt_handler176
                0x0601c0aa                __interrupt_handler7
                0x0601c5ae                __interrupt_handler221
                0x0601c596                __interrupt_handler217
                0x0601c5de                __interrupt_handler229
                0x0601c1a6                __interrupt_handler49
                0x0601c098                __interrupt_handler4
                0x0601c170                __interrupt_handler40
                0x0601c332                __interrupt_handler115
                0x0601c602                __interrupt_handler235
                0x0601c2a2                __interrupt_handler91
                0x0601c554                __interrupt_handler206
                0x0601c4a6                __interrupt_handler177
                0x0601c3f2                __interrupt_handler147
                0x0601c15e                __interrupt_handler37
                0x0601c65c                __interrupt_handler250
                0x0601c086                __interrupt_handler1
                0x0601c5a2                __interrupt_handler219
                0x0601c248                __interrupt_handler76
                0x0601c2d8                __interrupt_handler100
                0x0601c1dc                __interrupt_handler58
                0x0601c0da                __interrupt_handler15
                0x0601c578                __interrupt_handler212
                0x0601c626                __interrupt_handler241
                0x0601c53c                __interrupt_handler202
                0x0601c506                __interrupt_handler193
                0x0601c254                __interrupt_handler78
                0x0601c1ac                __interrupt_handler50
                0x0601c146                __interrupt_handler33
                0x0601c464                __interrupt_handler166
                0x0601c3bc                __interrupt_handler138
                0x0601c3aa                __interrupt_handler135
                0x0601c134                __interrupt_handler30
                0x0601c4d0                __interrupt_handler184
                0x0601c3ce                __interrupt_handler141
                0x0601c5e4                __interrupt_handler230
                0x0601c608                __interrupt_handler236
                0x0601c34a                __interrupt_handler119
                0x0601c284                __interrupt_handler86
                0x0601c2f6                __interrupt_handler105
                0x0601c266                __interrupt_handler81
                0x0601c350                __interrupt_handler120
                0x0601c380                __interrupt_handler128
                0x0601c1c4                __interrupt_handler54
                0x0601c0c2                __interrupt_handler11
                0x0601c52a                __interrupt_handler199
                0x0601c41c                __interrupt_handler154
                0x0601c18e                __interrupt_handler45
                0x0601c590                __interrupt_handler216
                0x0601c542                __interrupt_handler203
                0x0601c2de                __interrupt_handler101
                0x0601c278                __interrupt_handler84
                0x0601c4d6                __interrupt_handler185
                0x0601c3d4                __interrupt_handler142
                0x0601c11c                __interrupt_handler26
                0x0601c200                __interrupt_handler64
                0x0601c530                __interrupt_handler200
                0x0601c55a                __interrupt_handler207
                0x0601c50c                __interrupt_handler194
                0x0601c2a8                __interrupt_handler92
                0x0601c422                __interrupt_handler155
                0x0601c572                __interrupt_handler211
                0x0601c39e                __interrupt_handler133
                0x0601c09e                __interrupt_handler5
                0x0601c236                __interrupt_handler73
                0x0601c0e0                __interrupt_handler16
                0x0601c61a                __interrupt_handler239
                0x0601c5fc                __interrupt_handler234
                0x0601c152                __interrupt_handler35
                0x0601c1e2                __interrupt_handler59
                0x0601c476                __interrupt_handler169
                0x0601c2cc                __interrupt_handler98
                0x0601c22a                __interrupt_handler71
                0x0601c1b2                __interrupt_handler51
                0x0601c43a                __interrupt_handler159
                0x0601c5cc                __interrupt_handler226
                0x0601c2c0                __interrupt_handler96
                0x0601c4f4                __interrupt_handler190
                0x0601c5a8                __interrupt_handler220
                0x0601c0b0                __interrupt_handler8
                0x0601c4b2                __interrupt_handler179
                0x0601c668                __interrupt_handler252
 *fill*         0x0601c6a4        0xc 00
 .text          0x0601c6b0     0x12a0 ../sbl6/segalib/lib/sega_spr.a(spr_2c.o)
                0x0601d910                SlaveFlushDrawPrtyBlock
                0x0601c6b0                SPR_2Initial
                0x0601cef4                SPR_2SysClip
                0x0601ce94                SPR_2LocalCoord
                0x0601d78c                SPR_2FlushDrawPrtyBlock
                0x0601d478                SPR_2DistSpr
                0x0601ce7c                SPR_2FlushDrawPrty
                0x0601d59c                SPR_2Cmd
                0x0601cb78                SPR_2GourTblNoToVram
                0x0601cbd8                SPR_2GetAreaSizeInfo
                0x0601c940                SPR_2SetGourTbl
                0x0601d12c                SPR_2Polygon
                0x0601cbb4                SPR_2CharNoToVram
                0x0601c8c0                SPR_2SetTvMode
                0x0601cd1c                SPR_2CloseCommand
                0x0601c8fc                SPR_2FrameEraseData
                0x0601c6d8                SPR_2Initial2
                0x0601d30c                SPR_2ScaleSpr
                0x0601cf9c                SPR_2Line
                0x0601cc68                SPR_2OpenCommand
                0x0601c8dc                SPR_2FrameChgIntr
                0x0601d1e8                SPR_2NormSpr
                0x0601c970                SPR_2SetLookupTbl
                0x0601c9a4                SPR_2SetChar
                0x0601cb9c                SPR_2LookupTblNoToVram
                0x0601d070                SPR_2PolyLine
                0x0601cb10                SPR_2ClrAllChar
                0x0601cac4                SPR_2ClrChar
                0x0601cf40                SPR_2UserClip
 .text          0x0601d950      0x1e6 ../sbl6/segalib/lib/sega_spr.a(spr_slv.o)
                0x0601dab4                SPR_WaitEndSlaveSH
                0x0601d950                SPR_SMPC_SSHON
                0x0601da90                SPR_RunSlaveSH
                0x0601d954                SPR_InitSlaveSH
                0x0601da1c                SPR_SlaveSHmain
                0x0601d951                SPR_SMPC_SSHOFF
 *fill*         0x0601db36        0xa 00
 .text          0x0601db40      0x36a ../sbl6/segalib/lib/sega_spr.a(spr_1c.o)
                0x0601ddf4                SPR_WaitDrawEnd
                0x0601de0c                SPR_SetEosMode
                0x0601dd24                SPR_SetEraseData
                0x0601db40                SPR_Initial
                0x0601dc18                SPR_SetTvMode
                0x0601dcb0                SPR_GetStatus
 *fill*         0x0601deaa        0x6 00
 .text          0x0601deb0      0x244 ../sbl6/segalib/lib/sega_spr.a(spr_2a.o)
                0x0601dec2                sprMemCpyW
                0x0601df20                flushDrawPrtyBlock
                0x0601deb0                sprMemCpyL
                0x0601ded4                SPR_2SetDrawPrty
 *fill*         0x0601e0f4        0xc 00
 .text          0x0601e100      0x2fc ../sbl6/segalib/lib/sega_scl.a(scl_vblv.o)
                0x0601e1bc                SCL_DisplayFrame
                0x0601e100                SCL_SetFrameInterval
                0x0601e1f0                SCL_VblInit
                0x0601e240                SCL_VblankStart
                0x0601e284                SCL_VblankEnd
 *fill*         0x0601e3fc        0x4 00
 .text          0x0601e400      0xb9c ../sbl6/segalib/lib/sega_scl.a(scl_func.o)
                0x0601eddc                SCL_Vdp2_SGLInit
                0x0601ecec                SCL_PriIntProc
                0x0601ec64                SCL_Memcpyw
                0x0601ef7c                SCL_SglOff
                0x0601ef5c                SCL_SglOn
                0x0601ebd0                SCL_ScrollShow
                0x0601e678                SCL_Close
                0x0601e970                SCL_Scale
                0x0601e400                SCL_Vdp2Init
                0x0601e7e4                SCL_Move
                0x0601eaac                SCL_CopyReg
                0x0601e654                SCL_Open
                0x0601e484                SCL_ParametersInit
                0x0601e694                SCL_MoveTo
                0x0601ec8c                SCL_SetColRamMode
 *fill*         0x0601ef9c        0x4 00
 .text          0x0601efa0      0x138 ../sbl6/segalib/lib/sega_scl.a(scl_pr03.o)
                0x0601efa0                SCL_FreeColRam
                0x0601efd8                SCL_AllocColRam
 *fill*         0x0601f0d8        0x8 00
 .text          0x0601f0e0       0x9c ../sbl6/segalib/lib/sega_scl.a(scl_pr02.o)
                0x0601f0e0                SCL_SetColRam
 *fill*         0x0601f17c        0x4 00
 .text          0x0601f180       0x84 ../sbl6/segalib/lib/sega_scl.a(scl_back.o)
                0x0601f180                SCL_SetBack
 *fill*         0x0601f204        0xc 00
 .text          0x0601f210      0x94c ../sbl6/segalib/lib/sega_scl.a(scl_fu03.o)
                0x0601f26c                SCL_SetConfig
                0x0601f210                SCL_InitConfigTb
 *fill*         0x0601fb5c        0x4 00
 .text          0x0601fb60      0x4f4 ../sbl6/segalib/lib/sega_scl.a(scl_fu02.o)
                0x0601fb98                SCL_SetVramConfig
                0x0601fb60                SCL_InitVramConfigTb
 *fill*         0x06020054        0xc 00
 .text          0x06020060       0x28 ../sbl6/segalib/lib/sega_scl.a(scl_fu04.o)
                0x06020060                SCL_SetCycleTable
 *fill*         0x06020088        0x8 00
 .text          0x06020090      0x214 ../sbl6/segalib/lib/sega_scl.a(scl_pr07.o)
                0x06020090                SCL_SetPriority
 *fill*         0x060202a4        0xc 00
 .text          0x060202b0       0x58 ../sbl6/segalib/lib/sega_scl.a(scl_pr01.o)
                0x060202b0                SCL_SetSpriteMode
 *fill*         0x06020308        0x8 00
 .text          0x06020310     0x10a4 ../sbl6/segalib/lib/sega_scl.a(scl_pri.o)
                0x060203a4                SCL_AbortAutoVe
                0x06021254                SCL_SetShadowBit
                0x0602081c                SCL_AutoExec
                0x06020310                SCL_PriorityInit
                0x06020d30                SCL_IncColOffset
                0x060203b8                SCL_SetColMixRate
                0x06020388                SCL_GetColRamMode
 *fill*         0x060213b4        0xc 00
 .text          0x060213c0     0x1394 ../sbl6/segalib/lib/sega_scl.a(scl_ro00.o)
                0x060225ac                SCL_RotateZD
                0x06021874                SCL_Rotate
                0x06021548                SCL_InitRotateTable
 *fill*         0x06022754        0xc 00
 .text          0x06022760      0x1b4 ../sbl6/segalib/lib/sega_scl.a(scl_pr06.o)
                0x06022760                SCL_SetColRamOffset
 *fill*         0x06022914        0xc 00
 .text          0x06022920       0xac ../sbl6/segalib/lib/sega_scl.a(scl_pr05.o)
                0x06022920                SCL_GetColRamOffset
 *fill*         0x060229cc        0x4 00
 .text          0x060229d0       0xa4 ../sbl6/segalib/lib/sega_mth.a(mth_fixd.o)
                0x06022a20                MTH_FixedToInt
                0x06022a10                MTH_IntToFixed
                0x060229d0                MTH_Mul
                0x06022a30                MTH_Product
                0x060229f0                MTH_Div
 *fill*         0x06022a74        0xc 00
 .text          0x06022a80      0x600 ../sbl6/segalib/lib/sega_mth.a(mth_tri.o)
                0x06022b1c                fcos
                0x06022b22                fsin
                0x06022acc                MTH_Cos
                0x06022a80                MTH_Sin
                0x06022cc0                MTH_Atan
 .text          0x06023080      0xf50 ../sbl6/segalib/lib/sega_per.a(per_prt.o)
                0x060234a0                PER_IntFunc
                0x06023298                PER_LGetPer
                0x06023080                PER_LInit
 .text          0x06023fd0      0x1f4 ../sbl6/segalib/lib/sega_sat.a(DMA_SCU1.o)
                0x0602412c                DMA_ScuResult
                0x06023fd0                DMA_ScuInit
                0x06024020                DMA_ScuMemCopy
 *fill*         0x060241c4        0xc 00
 .text          0x060241d0      0x308 ../sbl6/segalib/lib/sega_sat.a(DMA_SCU0.o)
                0x06024254                DMA_ScuStart
                0x06024388                DMA_ScuIntFunc0
                0x060243f8                DMA_ScuIntFunc1
                0x06024468                DMA_ScuIntFunc2
                0x06024348                DMA_ScuGetStatus
                0x060241d0                DMA_ScuSetPrm
 *fill*         0x060244d8        0x8 00
 .text          0x060244e0       0xe8 ../sbl6/segalib/lib/sega_sat.a(csh_main.o)
                0x060244e0                CSH_Init
                0x06024548                CSH_AllClr
                0x06024594                CSH_Purge
 *fill*         0x060245c8        0x8 00
 .text          0x060245d0       0x90 c:/saturn/SH_COFF/sh-coff/bin/../lib/gcc/sh-coff/3.4-GNUSH_v0501\libgcc.a(_ashiftlt.o)
                0x060245d0                __ashlsi3
 .text          0x06024660       0xa0 c:/saturn/SH_COFF/sh-coff/bin/../lib/gcc/sh-coff/3.4-GNUSH_v0501\libgcc.a(__main.o)
                0x060246d4                __main
                0x06024660                __do_global_dtors
                0x06024694                __do_global_ctors
 .text          0x06024700       0x70 c:/saturn/SH_COFF/sh-coff/bin/../lib/gcc/sh-coff/3.4-GNUSH_v0501\libgcc.a(_udivsi3.o)
                0x06024722                __udivsi3
 .text          0x06024770       0x60 c:/saturn/SH_COFF/sh-coff/bin/../lib/gcc/sh-coff/3.4-GNUSH_v0501\libgcc.a(_ashiftrt.o)
                0x0602477c                __ashiftrt_r4_27
                0x060247b0                __ashiftrt_r4_6
                0x060247a0                __ashiftrt_r4_14
                0x06024792                __ashiftrt_r4_19
                0x060247aa                __ashiftrt_r4_9
                0x060247be                __ashiftrt_r4_0
                0x06024770                __ashiftrt_r4_31
                0x0602477e                __ashiftrt_r4_26
                0x0602478c                __ashiftrt_r4_22
                0x06024798                __ashiftrt_r4_16
                0x060247a4                __ashiftrt_r4_12
                0x06024778                __ashiftrt_r4_29
                0x06024796                __ashiftrt_r4_17
                0x06024776                __ashiftrt_r4_30
                0x060247b2                __ashiftrt_r4_5
                0x060247ac                __ashiftrt_r4_8
                0x06024770                __ashiftrt_r4_32
                0x06024780                __ashiftrt_r4_25
                0x060247b8                __ashiftrt_r4_2
                0x06024782                __ashiftrt_r4_24
                0x0602479e                __ashiftrt_r4_15
                0x060247a8                __ashiftrt_r4_10
                0x060247ba                __ashiftrt_r4_1
                0x0602477a                __ashiftrt_r4_28
                0x06024790                __ashiftrt_r4_20
                0x060247ae                __ashiftrt_r4_7
                0x060247a2                __ashiftrt_r4_13
                0x060247a6                __ashiftrt_r4_11
                0x060247b4                __ashiftrt_r4_4
                0x0602478a                __ashiftrt_r4_23
                0x06024794                __ashiftrt_r4_18
                0x0602478e                __ashiftrt_r4_21
                0x060247b6                __ashiftrt_r4_3
 .text          0x060247d0       0xb0 c:/saturn/SH_COFF/sh-coff/bin/../lib/gcc/sh-coff/3.4-GNUSH_v0501\libgcc.a(_si_to_df.o)
                0x060247d0                __floatsidf
 .text          0x06024880      0x2e0 c:/saturn/SH_COFF/sh-coff/bin/../lib/gcc/sh-coff/3.4-GNUSH_v0501\libgcc.a(_mul_df.o)
                0x06024890                __muldf3
 .text          0x06024b60       0x80 c:/saturn/SH_COFF/sh-coff/bin/../lib/gcc/sh-coff/3.4-GNUSH_v0501\libgcc.a(_df_to_si.o)
                0x06024b60                __fixdfsi
 .text          0x06024be0      0x220 c:/saturn/SH_COFF/sh-coff/bin/../lib/gcc/sh-coff/3.4-GNUSH_v0501\libgcc.a(_pack_df.o)
                0x06024bf0                __pack_d
 .text          0x06024e00      0x120 c:/saturn/SH_COFF/sh-coff/bin/../lib/gcc/sh-coff/3.4-GNUSH_v0501\libgcc.a(_unpack_df.o)
                0x06024e10                __unpack_d
 .text          0x06024f20       0x20 c:/saturn/SH_COFF/sh-coff/bin/../lib/gcc/sh-coff/3.4-GNUSH_v0501\libgcc.a(_thenan_df.o)
                0x06024f20                __thenan_df
 .text          0x06024f40       0xd0 c:/saturn/SH_COFF/sh-coff/bin/../lib/gcc/sh-coff/3.4-GNUSH_v0501\libgcc.a(_muldi3.o)
                0x06024f40                __muldi3
 .text          0x06025010       0x80 c:/saturn/SH_COFF/sh-coff/bin/../lib/gcc/sh-coff/3.4-GNUSH_v0501\libgcc.a(_lshrdi3.o)
                0x06025010                __lshrdi3
 .text          0x06025090       0x80 c:/saturn/SH_COFF/sh-coff/bin/../lib/gcc/sh-coff/3.4-GNUSH_v0501\libgcc.a(_ashldi3.o)
                0x06025090                __ashldi3
 .text          0x06025110       0x30 c:/saturn/SH_COFF/sh-coff/bin/../lib/gcc/sh-coff/3.4-GNUSH_v0501\libgcc.a(_mulsi3.o)
                0x06025110                __mulsi3
 .text          0x06025140       0x90 c:/saturn/SH_COFF/sh-coff/bin/../lib/gcc/sh-coff/3.4-GNUSH_v0501\libgcc.a(_lshiftrt.o)
                0x06025140                __lshrsi3
 .text          0x060251d0       0xa0 c:/saturn/SH_COFF/sh-coff/bin/../lib/gcc/sh-coff/3.4-GNUSH_v0501/../../../../sh-coff/lib\libc.a(memcpy.o)
                0x060251d0                memcpy
 .text          0x06025270       0x40 c:/saturn/SH_COFF/sh-coff/bin/../lib/gcc/sh-coff/3.4-GNUSH_v0501/../../../../sh-coff/lib\libc.a(memset.o)
                0x06025270                memset
 .text          0x060252b0       0x90 c:/saturn/SH_COFF/sh-coff/bin/../lib/gcc/sh-coff/3.4-GNUSH_v0501/../../../../sh-coff/lib\libc.a(atexit.o)
                0x060252b0                atexit
 .text          0x06025340       0x10 c:/saturn/SH_COFF/sh-coff/bin/../lib/gcc/sh-coff/3.4-GNUSH_v0501/../../../../sh-coff/lib\libc.a(impure.o)
                0x06025340                _global_impure_ptr
 .text          0x06025350       0x40 c:/saturn/SH_COFF/sh-coff/bin/../lib/gcc/sh-coff/3.4-GNUSH_v0501/../../../../sh-coff/lib\libc.a(malloc.o)
                0x0602536c                free
                0x06025350                malloc
 .text          0x06025390      0x5b0 c:/saturn/SH_COFF/sh-coff/bin/../lib/gcc/sh-coff/3.4-GNUSH_v0501/../../../../sh-coff/lib\libc.a(mallocr.o)
                0x06025390                _malloc_r
 .text          0x06025940      0x340 c:/saturn/SH_COFF/sh-coff/bin/../lib/gcc/sh-coff/3.4-GNUSH_v0501/../../../../sh-coff/lib\libc.a(freer.o)
                0x06025940                _malloc_trim_r
                0x06025a34                _free_r
 .text          0x06025c80       0x20 c:/saturn/SH_COFF/sh-coff/bin/../lib/gcc/sh-coff/3.4-GNUSH_v0501/../../../../sh-coff/lib\libc.a(mlock.o)
                0x06025c80                __malloc_lock
                0x06025c8c                __malloc_unlock
 .text          0x06025ca0       0x50 c:/saturn/SH_COFF/sh-coff/bin/../lib/gcc/sh-coff/3.4-GNUSH_v0501/../../../../sh-coff/lib\libc.a(sbrkr.o)
                0x06025ca0                _sbrk_r
 .text          0x06025cf0      0x380 c:/saturn/SH_COFF/sh-coff/bin/../lib/gcc/sh-coff/3.4-GNUSH_v0501/../../../../sh-coff/lib\libc.a(syscalls.o)
                0x06025e5c                _exit
                0x06025e90                _getpid
                0x06025ef8                _utime
                0x06025d28                _write
                0x06025cf0                _read
                0x06025e44                _unlink
                0x06025e0c                _open
                0x06025ea8                _stat
                0x06025e50                isatty
                0x06025f28                _wait
                0x06025e74                _kill
                0x06025ec4                _chmod
                0x06025f58                _execv
                0x06025f3c                _execve
                0x06026034                __setup_argv_and_call_main
                0x06025f90                _gettimeofday
                0x06025d5c                _link
                0x06025e9c                _raise
                0x06025e28                _creat
                0x06025f70                _pipe
                0x06025edc                _chown
                0x06025d0c                _lseek
                0x06025d44                _close
                0x06025f84                _times
                0x06025df8                _fstat
                0x06025f14                _fork
                0x06025d84                _sbrk
 .text          0x06026070       0x20 c:/saturn/SH_COFF/sh-coff/bin/../lib/gcc/sh-coff/3.4-GNUSH_v0501/../../../../sh-coff/lib\libc.a(trap.o)
                0x06026070                __trap34
 .text          0x06026090       0x20 c:/saturn/SH_COFF/sh-coff/bin/../lib/gcc/sh-coff/3.4-GNUSH_v0501/../../../../sh-coff/lib\libc.a(abort.o)
                0x06026090                abort
 .text          0x060260b0      0x270 c:/saturn/SH_COFF/sh-coff/bin/../lib/gcc/sh-coff/3.4-GNUSH_v0501/../../../../sh-coff/lib\libc.a(signal.o)
                0x06026170                _raise_r
                0x060262f8                __sigtramp
                0x060262a4                raise
                0x060262e0                _init_signal
                0x06026230                __sigtramp_r
                0x060262c0                signal
                0x060260fc                _signal_r
                0x060260b0                _init_signal_r
 .text          0x06026320       0x60 c:/saturn/SH_COFF/sh-coff/bin/../lib/gcc/sh-coff/3.4-GNUSH_v0501/../../../../sh-coff/lib\libc.a(signalr.o)
                0x06026368                _getpid_r
                0x06026320                _kill_r
 *(.strings)

.tors           0x06026380        0x0
                0x06026380                ___ctors = .
 *(.ctors)
                0x06026380                ___ctors_end = .
                0x06026380                ___dtors = .
 *(.dtors)
                0x06026380                ___dtors_end = .

.data           0x06026380     0x1100
                0x06026380                STARTOF_R = .
 *(.data)
 .data          0x06026380      0x400 ../sbl6/segasmp/per/smpclib/per_x1.o
 .data          0x06026780       0x50 graphics.o
                0x06026780                tiles
 .data          0x060267d0       0x10 scroll.o
                0x060267d0                CycleTb
 .data          0x060267e0       0x30 main.o
 .data          0x06026810      0x400 ../sbl6/segalib/lib/sega_int.a(int.o)
 .data          0x06026c10       0x1c ../sbl6/segalib/lib/sega_spr.a(spr_slv.o)
                0x06026c18                SPR_SlaveParam
                0x06026c28                SPR_SMPC_SF
                0x06026c20                SPR_SMPC_COM
                0x06026c1c                SPR_SlaveSHEntry
                0x06026c14                SPR_SlaveState
                0x06026c10                SPR_SlaveCommand
                0x06026c24                SPR_SMPC_RET
 *fill*         0x06026c2c        0x4 00
 .data          0x06026c30       0x34 ../sbl6/segalib/lib/sega_spr.a(spr_1c.o)
                0x06026c30                SpInitialFlag
 *fill*         0x06026c64        0xc 00
 .data          0x06026c70       0x1c ../sbl6/segalib/lib/sega_scl.a(scl_vblv.o)
                0x06026c78                VBInterval
                0x06026c80                ReqDisplayFlag
                0x06026c70                SpFrameChgMode
                0x06026c7c                VBIntervalCounter
                0x06026c74                SpFrameEraseMode
 *fill*         0x06026c8c        0x4 00
 .data          0x06026c90       0x36 ../sbl6/segalib/lib/sega_scl.a(scl_func.o)
                0x06026ca0                SclRotregBuff
                0x06026c9c                SclDisplayY
                0x06026ca4                SclRotateTableMode
                0x06026c98                SclProcess
                0x06026c94                SclCurSclNum
                0x06026c90                SclLengthLsTbl
                0x06026c9a                SclDisplayX
                0x06026c92                SclLengthCsTbl
 *fill*         0x06026cc6        0xa 00
 .data          0x06026cd0       0x18 ../sbl6/segalib/lib/sega_scl.a(scl_pri.o)
                0x06026cd4                SclRealSpPriNum
                0x06026ce4                SclRealColOffset
                0x06026ce0                SclRealBgColMix
                0x06026cdc                SclRealSpColMix
                0x06026cd8                SclRealBgPriNum
                0x06026cd0                SclRealOtherPri
 *fill*         0x06026ce8        0x8 00
 .data          0x06026cf0      0x380 c:/saturn/SH_COFF/sh-coff/bin/../lib/gcc/sh-coff/3.4-GNUSH_v0501/../../../../sh-coff/lib\libc.a(impure.o)
                0x0602706c                _impure_ptr
 .data          0x06027070      0x410 c:/saturn/SH_COFF/sh-coff/bin/../lib/gcc/sh-coff/3.4-GNUSH_v0501/../../../../sh-coff/lib\libc.a(mallocr.o)
                0x06027078                __malloc_av_
                0x06027074                __malloc_trim_threshold
                0x06027070                __malloc_sbrk_base
                0x06027480                SIZEOF_R = (. - STARTOF_R)
                0x06027480                ENDOF_R = .

.bss            0x06027480     0x6f54
                0x06027480                STARTOF_B = .
 *(.bss)
 .bss           0x06027480       0x10 vblank.o
                0x06027484                PadData2E
                0x0602748a                PadData1
                0x06027486                PadData2
                0x06027488                PadData1E
                0x06027480                __port
 .bss           0x06027490       0xd0 ../sbl6/segasmp/per/smpclib/per_x2.o
 .bss           0x06027560       0x10 sprite.o
                0x06027560                num_sprites
 .bss           0x06027570       0x30 scroll.o
                0x06027570                copy_mode
                0x06027574                map_tile_y
                0x0602757c                scrolls_y
                0x06027578                map_tile_x
                0x0602758c                scrolls_x
 .bss           0x060275a0       0x10 player.o
                0x060275a0                anim_cursor
 .bss           0x060275b0     0x3430 main.o
 .bss           0x0602a9e0       0x6e ../sbl6/segalib/lib/sega_spr.a(spr_2c.o)
 *fill*         0x0602aa4e        0x2 00
 .bss           0x0602aa50        0x4 ../sbl6/segalib/lib/sega_scl.a(scl_vblv.o)
 *fill*         0x0602aa54        0xc 00
 .bss           0x0602aa60        0x4 ../sbl6/segalib/lib/sega_scl.a(scl_func.o)
 *fill*         0x0602aa64        0xc 00
 .bss           0x0602aa70       0x48 ../sbl6/segalib/lib/sega_scl.a(scl_ro00.o)
 *fill*         0x0602aab8        0x8 00
 .bss           0x0602aac0       0x9c ../sbl6/segalib/lib/sega_per.a(per_prt.o)
 *fill*         0x0602ab5c        0x4 00
 .bss           0x0602ab60        0xc ../sbl6/segalib/lib/sega_sat.a(DMA_SCU1.o)
 *fill*         0x0602ab6c        0x4 00
 .bss           0x0602ab70       0x20 ../sbl6/segalib/lib/sega_sat.a(DMA_SCU0.o)
 .bss           0x0602ab90       0x10 c:/saturn/SH_COFF/sh-coff/bin/../lib/gcc/sh-coff/3.4-GNUSH_v0501\libgcc.a(__main.o)
 .bss           0x0602aba0       0x10 c:/saturn/SH_COFF/sh-coff/bin/../lib/gcc/sh-coff/3.4-GNUSH_v0501/../../../../sh-coff/lib\libc.a(atexit.o)
 .bss           0x0602abb0       0x40 c:/saturn/SH_COFF/sh-coff/bin/../lib/gcc/sh-coff/3.4-GNUSH_v0501/../../../../sh-coff/lib\libc.a(mallocr.o)
                0x0602abe0                __malloc_top_pad
                0x0602abb0                __malloc_current_mallinfo
                0x0602abdc                __malloc_max_sbrked_mem
                0x0602abd8                __malloc_max_total_mem
 .bss           0x0602abf0       0x10 c:/saturn/SH_COFF/sh-coff/bin/../lib/gcc/sh-coff/3.4-GNUSH_v0501/../../../../sh-coff/lib\libc.a(syscalls.o)
 *(COMMON)
 COMMON         0x0602ac00     0x1900 sprite.o
                                  0x0 (size before relaxing)
                0x0602ac00                sprites
 COMMON         0x0602c500        0xc scroll.o
                                  0x0 (size before relaxing)
                0x0602c500                maps
 *fill*         0x0602c50c        0x4 00
 COMMON         0x0602c510       0x20 player.o
                                  0x0 (size before relaxing)
                0x0602c510                player
 COMMON         0x0602c530      0x460 print.o
                                  0x0 (size before relaxing)
                0x0602c530                text
 COMMON         0x0602c990      0x400 ../sbl6/segalib/lib/sega_int.a(int.o)
                                  0x0 (size before relaxing)
                0x0602c990                __interrupt_vector
 COMMON         0x0602cd90       0x50 ../sbl6/segalib/lib/sega_spr.a(spr_2c.o)
                                  0x0 (size before relaxing)
                0x0602cd90                SpMstCmd
                0x0602cd94                Sp2OpenFlag
                0x0602cd98                SpGourTblMax
                0x0602cd9c                SpDrawPrtyBlk
                0x0602cda0                SpLCoordX
                0x0602cda4                SpMstDrawPrtyBlk
                0x0602cda8                SpGourTbl
                0x0602cdac                SpLookupTblR
                0x0602cdb0                SpCmdTbl
                0x0602cdb4                SpCharMax
                0x0602cdb8                SpDrawPrtyProcFlag
                0x0602cdbc                SpCmdNo
                0x0602cdc0                SpDrawPrtyBlkMax
                0x0602cdc4                SpSlvCmdPos
                0x0602cdc8                SpSlvDrawPrtyBlk
                0x0602cdcc                SpCharTbl
                0x0602cdd0                SpCmdTblR
                0x0602cdd4                SpMstCmdPos
                0x0602cdd8                SpSlvCmd
                0x0602cddc                SpLCoordY
 COMMON         0x0602cde0       0x10 ../sbl6/segalib/lib/sega_spr.a(spr_1c.o)
                                  0x0 (size before relaxing)
                0x0602cde0                SpScreenY
                0x0602cde4                SpFbcrMode
                0x0602cde6                SpDil
                0x0602cde8                SpDie
                0x0602cdea                SpTvMode
                0x0602cdec                SpScreenX
 COMMON         0x0602cdf0      0xf00 ../sbl6/segalib/lib/sega_scl.a(scl_func.o)
                                  0x0 (size before relaxing)
                0x0602cdf0                SclRbgKtbAddr
                0x0602cdf8                SclRb
                0x0602cdfa                Scl_flag
                0x0602ce00                SclK_TableBuff
                0x0602dad0                SclAddrCsTbl
                0x0602dae0                Scl_s_reg
                0x0602db08                SclRotateXy
                0x0602db10                Scl_d_reg
                0x0602db58                SclRotateDisp
                0x0602db60                SclRotateMoveZ
                0x0602db68                SclRotXySw
                0x0602db70                Scl_r_reg
                0x0602db80                SclRPMD
                0x0602db88                SclRbgKtbOffset
                0x0602db90                _SclRotregBuff
                0x0602dc60                SclRa
                0x0602dc68                SclRotateZ
                0x0602dc70                SclAddrLsTbl
                0x0602dc78                SclK_TableNum
                0x0602dc80                SclRotateTableAddress
                0x0602dc84                SclK_TableFlag
                0x0602dc90                Scl_w_reg
                0x0602dcb0                Scl_n_reg
 COMMON         0x0602dcf0      0x6b0 ../sbl6/segalib/lib/sega_scl.a(scl_pri.o)
                                  0x0 (size before relaxing)
                0x0602dcf0                SclAutoEndBlue2
                0x0602dd00                SclColOffset
                0x0602dd10                SclPriBuffDirty
                0x0602dd12                SclAutoEndRed
                0x0602dd14                SclAutoSurface
                0x0602dd18                SclAutoGreen
                0x0602dd1a                SclAutoEndGreen
                0x0602dd1c                SclAutoCount
                0x0602dd20                SclColRamAlloc256
                0x0602dd40                SclAutoCurRate
                0x0602dd41                SclAutoPlusFlag
                0x0602dd48                SclSpColMix
                0x0602dd50                SclAutoMax
                0x0602dd54                SclLineColRamOffset
                0x0602dd58                SclColRamAlloc2048
                0x0602dd5c                SclBgPriNum
                0x0602dd62                SclAutoEndBlue
                0x0602dd64                SclAutoEndGreen2
                0x0602dd66                SclAutoVeFlag
                0x0602dd68                SclBgColMix
                0x0602dd70                SclAutoIndex
                0x0602dd74                SclAutoEndRate
                0x0602dd76                SclAutoBlue
                0x0602dd78                SclAutoRed
                0x0602dd7c                SclAutoInterval
                0x0602dd80                SclOtherPri
                0x0602dd90                SclAutoRGB
                0x0602e390                SclAutoEndRed2
                0x0602e398                SclSpPriNum
 COMMON         0x0602e3a0       0x10 ../sbl6/segalib/lib/sega_scl.a(scl_ro00.o)
                                  0x0 (size before relaxing)
                0x0602e3a0                SclCsx
                0x0602e3a8                SclCsy
 COMMON         0x0602e3b0       0x15 ../sbl6/segalib/lib/sega_per.a(per_prt.o)
                                  0x0 (size before relaxing)
                0x0602e3b0                per_get_time_flg
                0x0602e3b1                per_hot_res
                0x0602e3b2                per_set_sys_flg
                0x0602e3b4                per_get_time_adr
                0x0602e3b8                per_get_sys_data
                0x0602e3c4                per_time_out_flg
 *fill*         0x0602e3c5        0xb 00
 COMMON         0x0602e3d0        0x4 c:/saturn/SH_COFF/sh-coff/bin/../lib/gcc/sh-coff/3.4-GNUSH_v0501/../../../../sh-coff/lib\libc.a(syscalls.o)
                                  0x0 (size before relaxing)
                0x0602e3d0                errno
                0x0602e3d4                SIZEOF_B = (. - STARTOF_B)
                0x0602e3d4                ENDOF_B = .
                0x0602e3d4                _end = .
OUTPUT(main.cof coff-sh)

.comment        0x0602e3e0      0x3e0
 .comment       0x0602e3e0       0x20 ../sbl6/segasmp/lib/strt2_g.o
 .comment       0x0602e400       0x20 vblank.o
 .comment       0x0602e420       0x20 ../sbl6/segasmp/per/smpclib/per_x1.o
 .comment       0x0602e440       0x20 ../sbl6/segasmp/per/smpclib/per_x2.o
 .comment       0x0602e460       0x20 graphics.o
 .comment       0x0602e480       0x20 sprite.o
 .comment       0x0602e4a0       0x20 scroll.o
 .comment       0x0602e4c0       0x20 player.o
 .comment       0x0602e4e0       0x20 print.o
 .comment       0x0602e500       0x20 main.o
 .comment       0x0602e520       0x20 c:/saturn/SH_COFF/sh-coff/bin/../lib/gcc/sh-coff/3.4-GNUSH_v0501\libgcc.a(__main.o)
 .comment       0x0602e540       0x20 c:/saturn/SH_COFF/sh-coff/bin/../lib/gcc/sh-coff/3.4-GNUSH_v0501\libgcc.a(_si_to_df.o)
 .comment       0x0602e560       0x20 c:/saturn/SH_COFF/sh-coff/bin/../lib/gcc/sh-coff/3.4-GNUSH_v0501\libgcc.a(_mul_df.o)
 .comment       0x0602e580       0x20 c:/saturn/SH_COFF/sh-coff/bin/../lib/gcc/sh-coff/3.4-GNUSH_v0501\libgcc.a(_df_to_si.o)
 .comment       0x0602e5a0       0x20 c:/saturn/SH_COFF/sh-coff/bin/../lib/gcc/sh-coff/3.4-GNUSH_v0501\libgcc.a(_pack_df.o)
 .comment       0x0602e5c0       0x20 c:/saturn/SH_COFF/sh-coff/bin/../lib/gcc/sh-coff/3.4-GNUSH_v0501\libgcc.a(_unpack_df.o)
 .comment       0x0602e5e0       0x20 c:/saturn/SH_COFF/sh-coff/bin/../lib/gcc/sh-coff/3.4-GNUSH_v0501\libgcc.a(_thenan_df.o)
 .comment       0x0602e600       0x20 c:/saturn/SH_COFF/sh-coff/bin/../lib/gcc/sh-coff/3.4-GNUSH_v0501\libgcc.a(_muldi3.o)
 .comment       0x0602e620       0x20 c:/saturn/SH_COFF/sh-coff/bin/../lib/gcc/sh-coff/3.4-GNUSH_v0501\libgcc.a(_lshrdi3.o)
 .comment       0x0602e640       0x20 c:/saturn/SH_COFF/sh-coff/bin/../lib/gcc/sh-coff/3.4-GNUSH_v0501\libgcc.a(_ashldi3.o)
 .comment       0x0602e660       0x20 c:/saturn/SH_COFF/sh-coff/bin/../lib/gcc/sh-coff/3.4-GNUSH_v0501/../../../../sh-coff/lib\libc.a(atexit.o)
 .comment       0x0602e680       0x20 c:/saturn/SH_COFF/sh-coff/bin/../lib/gcc/sh-coff/3.4-GNUSH_v0501/../../../../sh-coff/lib\libc.a(impure.o)
 .comment       0x0602e6a0       0x20 c:/saturn/SH_COFF/sh-coff/bin/../lib/gcc/sh-coff/3.4-GNUSH_v0501/../../../../sh-coff/lib\libc.a(malloc.o)
 .comment       0x0602e6c0       0x20 c:/saturn/SH_COFF/sh-coff/bin/../lib/gcc/sh-coff/3.4-GNUSH_v0501/../../../../sh-coff/lib\libc.a(mallocr.o)
 .comment       0x0602e6e0       0x20 c:/saturn/SH_COFF/sh-coff/bin/../lib/gcc/sh-coff/3.4-GNUSH_v0501/../../../../sh-coff/lib\libc.a(freer.o)
 .comment       0x0602e700       0x20 c:/saturn/SH_COFF/sh-coff/bin/../lib/gcc/sh-coff/3.4-GNUSH_v0501/../../../../sh-coff/lib\libc.a(mlock.o)
 .comment       0x0602e720       0x20 c:/saturn/SH_COFF/sh-coff/bin/../lib/gcc/sh-coff/3.4-GNUSH_v0501/../../../../sh-coff/lib\libc.a(sbrkr.o)
 .comment       0x0602e740       0x20 c:/saturn/SH_COFF/sh-coff/bin/../lib/gcc/sh-coff/3.4-GNUSH_v0501/../../../../sh-coff/lib\libc.a(syscalls.o)
 .comment       0x0602e760       0x20 c:/saturn/SH_COFF/sh-coff/bin/../lib/gcc/sh-coff/3.4-GNUSH_v0501/../../../../sh-coff/lib\libc.a(abort.o)
 .comment       0x0602e780       0x20 c:/saturn/SH_COFF/sh-coff/bin/../lib/gcc/sh-coff/3.4-GNUSH_v0501/../../../../sh-coff/lib\libc.a(signal.o)
 .comment       0x0602e7a0       0x20 c:/saturn/SH_COFF/sh-coff/bin/../lib/gcc/sh-coff/3.4-GNUSH_v0501/../../../../sh-coff/lib\libc.a(signalr.o)
