Archive member included because of file (symbol)

../sbl6/segalib/lib/sega_int.a(int.o)
                              vblank.o (INT_SetScuFunc)
../sbl6/segalib/lib/sega_int.a(int_trmp.o)
                              ../sbl6/segalib/lib/sega_int.a(int.o) (__interrupt_handler0)
../sbl6/segalib/lib/sega_spr.a(spr_2c.o)
                              sprite.o (SPR_2Initial)
../sbl6/segalib/lib/sega_spr.a(spr_slv.o)
                              ../sbl6/segalib/lib/sega_spr.a(spr_2c.o) (SPR_InitSlaveSH)
../sbl6/segalib/lib/sega_spr.a(spr_1c.o)
                              ../sbl6/segalib/lib/sega_spr.a(spr_2c.o) (SPR_Initial)
../sbl6/segalib/lib/sega_spr.a(spr_2a.o)
                              ../sbl6/segalib/lib/sega_spr.a(spr_2c.o) (SPR_2SetDrawPrty)
../sbl6/segalib/lib/sega_scl.a(scl_vblv.o)
                              ../sbl6/segalib/lib/sega_spr.a(spr_1c.o) (SpFrameChgMode)
../sbl6/segalib/lib/sega_scl.a(scl_func.o)
                              sprite.o (SCL_Vdp2Init)
../sbl6/segalib/lib/sega_scl.a(scl_pr03.o)
                              sprite.o (SCL_AllocColRam)
../sbl6/segalib/lib/sega_scl.a(scl_pr02.o)
                              sprite.o (SCL_SetColRam)
../sbl6/segalib/lib/sega_scl.a(scl_back.o)
                              scroll.o (SCL_SetBack)
../sbl6/segalib/lib/sega_scl.a(scl_fu05.o)
                              scroll.o (SCL_InitLineParamTb)
../sbl6/segalib/lib/sega_scl.a(scl_fu03.o)
                              scroll.o (SCL_InitConfigTb)
../sbl6/segalib/lib/sega_scl.a(scl_fu02.o)
                              scroll.o (SCL_InitVramConfigTb)
../sbl6/segalib/lib/sega_scl.a(scl_fu04.o)
                              scroll.o (SCL_SetCycleTable)
../sbl6/segalib/lib/sega_scl.a(scl_pr07.o)
                              scroll.o (SCL_SetPriority)
../sbl6/segalib/lib/sega_scl.a(scl_pr01.o)
                              main.o (SCL_SetSpriteMode)
../sbl6/segalib/lib/sega_scl.a(scl_pri.o)
                              ../sbl6/segalib/lib/sega_scl.a(scl_func.o) (SclRealOtherPri)
../sbl6/segalib/lib/sega_scl.a(scl_ro00.o)
                              ../sbl6/segalib/lib/sega_scl.a(scl_func.o) (SCL_Rotate)
../sbl6/segalib/lib/sega_scl.a(scl_pr06.o)
                              ../sbl6/segalib/lib/sega_scl.a(scl_pr03.o) (SCL_SetColRamOffset)
../sbl6/segalib/lib/sega_scl.a(scl_pr05.o)
                              ../sbl6/segalib/lib/sega_scl.a(scl_pr02.o) (SCL_GetColRamOffset)
../sbl6/segalib/lib/sega_mth.a(mth_fixd.o)
                              sprite.o (MTH_Mul)
../sbl6/segalib/lib/sega_mth.a(mth_tri.o)
                              sprite.o (MTH_Sin)
../sbl6/segalib/lib/sega_per.a(per_prt.o)
                              ../sbl6/segasmp/per/smpclib/per_x2.o (PER_LInit)
../sbl6/segalib/lib/sega_sat.a(gfs.o)
                              cd.o (GFS_Init)
../sbl6/segalib/lib/sega_sat.a(DMA_SCU1.o)
                              ../sbl6/segalib/lib/sega_spr.a(spr_2c.o) (DMA_ScuMemCopy)
../sbl6/segalib/lib/sega_sat.a(gfs_cdf.o)
                              ../sbl6/segalib/lib/sega_sat.a(gfs.o) (GFCF_Init)
../sbl6/segalib/lib/sega_sat.a(gfs_dir.o)
                              ../sbl6/segalib/lib/sega_sat.a(gfs.o) (GFDR_SetupDirTbl)
../sbl6/segalib/lib/sega_sat.a(gfs_trn.o)
                              ../sbl6/segalib/lib/sega_sat.a(gfs.o) (GFTR_Setup)
../sbl6/segalib/lib/sega_sat.a(gfs_buf.o)
                              ../sbl6/segalib/lib/sega_sat.a(gfs.o) (GFBF_GetNumData)
../sbl6/segalib/lib/sega_sat.a(gfs_cdb.o)
                              ../sbl6/segalib/lib/sega_sat.a(gfs_cdf.o) (GFCB_Setup)
../sbl6/segalib/lib/sega_sat.a(gfs_cdc.o)
                              ../sbl6/segalib/lib/sega_sat.a(gfs.o) (GFCD_SetCdbfs)
../sbl6/segalib/lib/sega_sat.a(DMA_SCU0.o)
                              ../sbl6/segalib/lib/sega_sat.a(DMA_SCU1.o) (DMA_ScuSetPrm)
../sbl6/segalib/lib/sega_sat.a(csh_main.o)
                              ../sbl6/segalib/lib/sega_sat.a(DMA_SCU1.o) (CSH_Purge)
../sbl6/segalib/lib/sega_sat.a(DMA_CPU0.o)
                              ../sbl6/segalib/lib/sega_sat.a(gfs_trn.o) (DMA_CpuSetComPrm)
../sbl6/segalib/lib/sega_sat.a(cdc_reg.o)
                              ../sbl6/segalib/lib/sega_sat.a(gfs_cdb.o) (CDC_GetDataPtr)
../sbl6/segalib/lib/sega_sat.a(cdc_cfs.o)
                              ../sbl6/segalib/lib/sega_sat.a(gfs_cdc.o) (CDC_ChgDir)
../sbl6/segalib/lib/sega_sat.a(cdc_cmn.o)
                              ../sbl6/segalib/lib/sega_sat.a(gfs_cdc.o) (CDC_GetCurStat)
../sbl6/segalib/lib/sega_sat.a(cdc_bio.o)
                              ../sbl6/segalib/lib/sega_sat.a(gfs_cdc.o) (CDC_SetSctLen)
../sbl6/segalib/lib/sega_sat.a(cdc_sel.o)
                              ../sbl6/segalib/lib/sega_sat.a(gfs_cdc.o) (CDC_SetFiltRange)
../sbl6/segalib/lib/sega_sat.a(cdc_drv.o)
                              ../sbl6/segalib/lib/sega_sat.a(gfs_cdc.o) (CDC_CdPlay)
../sbl6/segalib/lib/sega_sat.a(cdc_bif.o)
[...]
Memory Configuration

Name             Origin             Length             Attributes
*default*        0x00000000         0xffffffff

Linker script and memory map

LOAD ../sbl6/segasmp/lib/strt1_g.o
LOAD ../sbl6/segasmp/lib/strt2_g.o
LOAD vblank.o
LOAD ../sbl6/segasmp/per/smpclib/per_x1.o
LOAD ../sbl6/segasmp/per/smpclib/per_x2.o
LOAD ../sbl6/segasmp/per/smpclib/per_x3.o
LOAD blocks.o
LOAD cd.o
LOAD collision.o
LOAD enemylist.o
LOAD graphics.o
LOAD player.o
LOAD print.o
LOAD sprite.o
LOAD spritecode/explosion.o
LOAD spritecode/float.o
LOAD scroll.o
LOAD main.o
LOAD ../sbl6/segalib/lib/sega_int.a
LOAD ../sbl6/segalib/lib/sega_spr.a
LOAD ../sbl6/segalib/lib/sega_scl.a
LOAD ../sbl6/segalib/lib/sega_mth.a
LOAD ../sbl6/segalib/lib/sega_cdc.a
LOAD ../sbl6/segalib/lib/sega_adp.a
LOAD ../sbl6/segalib/lib/sega_per.a
LOAD ../sbl6/segalib/lib/sega_sat.a
LOAD C:/saturn/SH_COFF/sh-coff/bin/../lib/gcc/sh-coff/3.4-GNUSH_v0501\libgcc.a
LOAD C:/saturn/SH_COFF/sh-coff/bin/../lib/gcc/sh-coff/3.4-GNUSH_v0501/../../../../sh-coff/lib\libc.a
LOAD C:/saturn/SH_COFF/sh-coff/bin/../lib/gcc/sh-coff/3.4-GNUSH_v0501\libgcc.a

.text           0x06010000    0x14550
 *(.text)
 .text          0x06010000       0x30 ../sbl6/segasmp/lib/strt1_g.o
                0x06010024                _D_END
                0x06010020                _D_BGN
                0x0601002c                _B_END
                0x06010028                _B_BGN
                0x06010000                START
 .text          0x06010030       0x60 ../sbl6/segasmp/lib/strt2_g.o
                0x06010050                _INITSCT
                0x06010030                _INIT
 .text          0x06010090      0x180 vblank.o
                0x06010090                SetVblank
                0x06010110                UsrVblankOut
                0x060100f0                UsrVblankIn
 .text          0x06010210      0x430 ../sbl6/segasmp/per/smpclib/per_x1.o
                0x060105a4                PER_GetAnalogXYZ
                0x06010234                PER_GetTriggerHandler
                0x060104ce                PER_GetEdge
                0x0601044c                PER_GetTrigger
                0x060104f8                PER_GetPressEdge
                0x0601054c                PER_GetReleaseEdge
                0x06010210                PER_SetTriggerHandler
 .text          0x06010640      0x200 ../sbl6/segasmp/per/smpclib/per_x2.o
                0x06010744                PER_GetDeviceA
                0x06010640                PER_OpenPort
                0x06010678                PER_GetPort
                0x060107be                PER_GetDeviceR
 .text          0x06010840       0x20 ../sbl6/segasmp/per/smpclib/per_x3.o
                0x06010840                PER_DisguiseTrigger
 .text          0x06010860       0xd0 blocks.o
                0x06010860                block_get
                0x060108c0                block_check
                0x060108f0                block_spike
 .text          0x06010930       0xa0 cd.o
                0x06010930                cd_init
                0x06010960                cd_load
 .text          0x060109d0      0x9d0 collision.o
                0x060109d0                collision_check_up
                0x06011200                collision_eject_horiz
                0x06011360                collision_player
                0x06010fe0                collision_eject_vert
                0x06010d00                collision_check
                0x06010bc0                collision_check_left
                0x06010c50                collision_check_right
                0x06010f30                collision_spikes
                0x06010b00                collision_check_below
                0x06010a40                collision_check_down
 .text          0x060113a0       0x80 enemylist.o
                0x060113a0                enemylist_spawn
 .text          0x06011420      0x690 player.o
                0x060114b0                player_killenemy
                0x06011420                player_frames
                0x06011620                player_input
                0x06011430                player_init
                0x060114d0                player_die
                0x060119c0                player_draw
                0x06011480                player_cankill
                0x06011520                player_animate
 .text          0x06011ab0      0x170 print.o
                0x06011b80                print_display
                0x06011af0                print_num
                0x06011ab0                print_init
                0x06011b40                print_string
 .text          0x06011c20      0x6e0 sprite.o
                0x06011c50                sprite_init
                0x06012140                sprite_make
                0x06012270                sprite_next
                0x060122d0                sprite_delete
                0x06012180                sprite_draw_all
                0x06011c20                sprite_deleteall
                0x06011ef0                sprite_draw
 .text          0x06012300       0xe0 spritecode/explosion.o
                0x06012370                explosion_move
                0x06012300                explosion_make
 .text          0x060123e0      0x180 spritecode/float.o
                0x060123e0                float_make
                0x06012450                float_move
 .text          0x06012560      0x8c0 scroll.o
                0x06012560                scroll_move
                0x06012b70                scroll_get
                0x06012bd0                scroll_copy
                0x060126b0                scroll_set
                0x06012d00                scroll_reset
                0x06012d60                scroll_linescroll4
                0x060127c0                scroll_init
                0x060126e0                scroll_scale
 .text          0x06012e20      0x1a0 main.o
                0x06012e20                main
 .text          0x06012fc0       0x40 ../sbl6/segalib/lib/sega_int.a(int.o)
                0x06012fec                INT_GetScuFunc
                0x06012fc0                INT_SetScuFunc
 .text          0x06013000      0x624 ../sbl6/segalib/lib/sega_int.a(int_trmp.o)
                0x06013168                __interrupt_handler60
                0x06013318                __interrupt_handler132
                0x060134ce                __interrupt_handler205
                0x06013336                __interrupt_handler137
                0x06013264                __interrupt_handler102
                0x060130a2                __interrupt_handler27
                0x060134a4                __interrupt_handler198
                0x06013396                __interrupt_handler153
                0x0601307e                __interrupt_handler21
                0x0601318c                __interrupt_handler66
                0x0601327c                __interrupt_handler106
                0x060133c6                __interrupt_handler161
                0x06013210                __interrupt_handler88
                0x060133de                __interrupt_handler165
                0x060132ee                __interrupt_handler125
                0x06013024                __interrupt_handler6
                0x060130c0                __interrupt_handler32
                0x0601347a                __interrupt_handler191
                0x06013594                __interrupt_handler238
                0x060135ac                __interrupt_handler242
                0x060133b4                __interrupt_handler158
                0x0601321c                __interrupt_handler90
                0x060133d8                __interrupt_handler164
                0x060130fc                __interrupt_handler42
                0x0601343e                __interrupt_handler181
                0x06013546                __interrupt_handler225
                0x060135ee                __interrupt_handler253
                0x06013402                __interrupt_handler171
                0x060131bc                __interrupt_handler74
                0x06013012                __interrupt_handler3
                0x06013156                __interrupt_handler57
                0x06013054                __interrupt_handler14
                0x060134ec                __interrupt_handler210
                0x0601351c                __interrupt_handler218
                0x060134e0                __interrupt_handler208
                0x060130e4                __interrupt_handler38
                0x06013000                __interrupt_handler0
                0x06013270                __interrupt_handler104
                0x060133ae                __interrupt_handler157
                0x060134fe                __interrupt_handler213
                0x060133f0                __interrupt_handler168
                0x060131fe                __interrupt_handler85
                0x0601329a                __interrupt_handler111
                0x060132ac                __interrupt_handler114
                0x0601311a                __interrupt_handler47
                0x06013570                __interrupt_handler232
                0x0601353a                __interrupt_handler223
                0x0601358e                __interrupt_handler237
                0x0601317a                __interrupt_handler63
                0x06013108                __interrupt_handler44
                0x0601341a                __interrupt_handler175
                0x06013444                __interrupt_handler182
                0x0601345c                __interrupt_handler186
                0x0601335a                __interrupt_handler143
                0x06013282                __interrupt_handler107
                0x060132e8                __interrupt_handler124
                0x06013408                __interrupt_handler172
                0x060135be                __interrupt_handler245
                0x0601323a                __interrupt_handler95
                0x06013312                __interrupt_handler131
                0x06013324                __interrupt_handler134
                0x06013342                __interrupt_handler139
                0x060131b0                __interrupt_handler72
                0x0601356a                __interrupt_handler231
                0x060133c0                __interrupt_handler160
                0x06013306                __interrupt_handler129
                0x06013078                __interrupt_handler20
                0x06013186                __interrupt_handler65
                0x06013150                __interrupt_handler56
                0x0601304e                __interrupt_handler13
                0x060134e6                __interrupt_handler209
                0x060132a0                __interrupt_handler112
                0x06013072                __interrupt_handler19
                0x0601322e                __interrupt_handler93
                0x06013498                __interrupt_handler196
                0x0601338a                __interrupt_handler151
                0x060133ea                __interrupt_handler167
                0x06013600                __trampoline
                0x06013066                __interrupt_handler17
                0x06013558                __interrupt_handler228
                0x060135fa                __interrupt_handler255
                0x060135b8                __interrupt_handler244
                0x06013252                __interrupt_handler99
                0x0601344a                __interrupt_handler183
                0x06013348                __interrupt_handler140
                0x0601346e                __interrupt_handler189
                0x0601336c                __interrupt_handler146
                0x06013534                __interrupt_handler222
                0x060133a8                __interrupt_handler156
                0x060132dc                __interrupt_handler122
                0x060135d0                __interrupt_handler248
                0x06013120                __interrupt_handler48
                0x0601319e                __interrupt_handler69
                0x06013090                __interrupt_handler24
                0x06013216                __interrupt_handler89
                0x0601350a                __interrupt_handler215
                0x060135f4                __interrupt_handler254
                0x0601320a                __interrupt_handler87
                0x0601316e                __interrupt_handler61
                0x06013492                __interrupt_handler195
                0x06013384                __interrupt_handler150
                0x060130f6                __interrupt_handler41
                0x06013294                __interrupt_handler110
                0x060132fa                __interrupt_handler127
                0x06013288                __interrupt_handler108
                0x060132a6                __interrupt_handler113
                0x060132b8                __interrupt_handler116
                0x060132d6                __interrupt_handler121
                0x060131ce                __interrupt_handler77
                0x060130ea                __interrupt_handler39
                0x06013102                __interrupt_handler43
                0x060135d6                __interrupt_handler249
                0x06013414                __interrupt_handler174
                0x06013330                __interrupt_handler136
                0x06013468                __interrupt_handler188
                0x06013366                __interrupt_handler145
                0x06013036                __interrupt_handler9
                0x060131da                __interrupt_handler79
                0x06013552                __interrupt_handler227
                0x060130cc                __interrupt_handler34
                0x0601330c                __interrupt_handler130
                0x060135ca                __interrupt_handler247
                0x060131c2                __interrupt_handler75
                0x0601340e                __interrupt_handler173
                0x0601313e                __interrupt_handler53
                0x0601337e                __interrupt_handler149
                0x060135e2                __interrupt_handler251
                0x06013576                __interrupt_handler233
                0x0601303c                __interrupt_handler10
                0x060134c8                __interrupt_handler204
                0x060131ec                __interrupt_handler82
                0x060131f2                __interrupt_handler83
                0x06013096                __interrupt_handler25
                0x060135b2                __interrupt_handler243
                0x060133cc                __interrupt_handler162
                0x06013114                __interrupt_handler46
                0x0601342c                __interrupt_handler178
                0x060131e0                __interrupt_handler80
                0x06013174                __interrupt_handler62
                0x0601300c                __interrupt_handler2
                0x060130ae                __interrupt_handler29
                0x060131a4                __interrupt_handler70
                0x0601328e                __interrupt_handler109
                0x06013378                __interrupt_handler148
                0x06013234                __interrupt_handler94
                0x06013540                __interrupt_handler224
                0x0601326a                __interrupt_handler103
                0x060130d8                __interrupt_handler36
                0x060132f4                __interrupt_handler126
                0x060135c4                __interrupt_handler246
                0x0601314a                __interrupt_handler55
                0x06013048                __interrupt_handler12
                0x06013138                __interrupt_handler52
                0x06013462                __interrupt_handler187
                0x06013360                __interrupt_handler144
                0x060132be                __interrupt_handler117
                0x0601306c                __interrupt_handler18
                0x0601349e                __interrupt_handler197
                0x06013390                __interrupt_handler152
                0x060132c4                __interrupt_handler118
                0x060133fc                __interrupt_handler170
                0x060134b6                __interrupt_handler201
                0x06013246                __interrupt_handler97
                0x060133d2                __interrupt_handler163
                0x06013438                __interrupt_handler180
                0x06013480                __interrupt_handler192
                0x060135a0                __interrupt_handler240
                0x060132e2                __interrupt_handler123
                0x06013504                __interrupt_handler214
                0x060130ba                __interrupt_handler31
                0x060130a8                __interrupt_handler28
                0x06013192                __interrupt_handler67
                0x06013198                __interrupt_handler68
                0x06013084                __interrupt_handler22
                0x0601308a                __interrupt_handler23
                0x06013420                __interrupt_handler176
                0x0601302a                __interrupt_handler7
                0x0601352e                __interrupt_handler221
                0x06013516                __interrupt_handler217
                0x0601355e                __interrupt_handler229
                0x06013126                __interrupt_handler49
                0x06013018                __interrupt_handler4
                0x060130f0                __interrupt_handler40
                0x060132b2                __interrupt_handler115
                0x06013582                __interrupt_handler235
                0x06013222                __interrupt_handler91
                0x060134d4                __interrupt_handler206
                0x06013426                __interrupt_handler177
                0x06013372                __interrupt_handler147
                0x060130de                __interrupt_handler37
                0x060135dc                __interrupt_handler250
                0x06013006                __interrupt_handler1
                0x06013522                __interrupt_handler219
                0x060131c8                __interrupt_handler76
                0x06013258                __interrupt_handler100
                0x0601315c                __interrupt_handler58
                0x0601305a                __interrupt_handler15
                0x060134f8                __interrupt_handler212
                0x060135a6                __interrupt_handler241
                0x060134bc                __interrupt_handler202
                0x06013486                __interrupt_handler193
                0x060131d4                __interrupt_handler78
                0x0601312c                __interrupt_handler50
                0x060130c6                __interrupt_handler33
                0x060133e4                __interrupt_handler166
                0x0601333c                __interrupt_handler138
                0x0601332a                __interrupt_handler135
                0x060130b4                __interrupt_handler30
                0x06013450                __interrupt_handler184
                0x0601334e                __interrupt_handler141
                0x06013564                __interrupt_handler230
                0x06013588                __interrupt_handler236
                0x060132ca                __interrupt_handler119
                0x06013204                __interrupt_handler86
                0x06013276                __interrupt_handler105
                0x060131e6                __interrupt_handler81
                0x060132d0                __interrupt_handler120
                0x06013300                __interrupt_handler128
                0x06013144                __interrupt_handler54
                0x06013042                __interrupt_handler11
                0x060134aa                __interrupt_handler199
                0x0601339c                __interrupt_handler154
                0x0601310e                __interrupt_handler45
                0x06013510                __interrupt_handler216
                0x060134c2                __interrupt_handler203
                0x0601325e                __interrupt_handler101
                0x060131f8                __interrupt_handler84
                0x06013456                __interrupt_handler185
                0x06013354                __interrupt_handler142
                0x0601309c                __interrupt_handler26
                0x06013180                __interrupt_handler64
                0x060134b0                __interrupt_handler200
                0x060134da                __interrupt_handler207
                0x0601348c                __interrupt_handler194
                0x06013228                __interrupt_handler92
                0x060133a2                __interrupt_handler155
                0x060134f2                __interrupt_handler211
                0x0601331e                __interrupt_handler133
                0x0601301e                __interrupt_handler5
                0x060131b6                __interrupt_handler73
                0x06013060                __interrupt_handler16
                0x0601359a                __interrupt_handler239
                0x0601357c                __interrupt_handler234
                0x060130d2                __interrupt_handler35
                0x06013162                __interrupt_handler59
                0x060133f6                __interrupt_handler169
                0x0601324c                __interrupt_handler98
                0x060131aa                __interrupt_handler71
                0x06013132                __interrupt_handler51
                0x060133ba                __interrupt_handler159
                0x0601354c                __interrupt_handler226
                0x06013240                __interrupt_handler96
                0x06013474                __interrupt_handler190
                0x06013528                __interrupt_handler220
                0x06013030                __interrupt_handler8
                0x06013432                __interrupt_handler179
                0x060135e8                __interrupt_handler252
 *fill*         0x06013624        0xc 00
 .text          0x06013630     0x12a0 ../sbl6/segalib/lib/sega_spr.a(spr_2c.o)
                0x06014890                SlaveFlushDrawPrtyBlock
                0x06013630                SPR_2Initial
                0x06013e74                SPR_2SysClip
                0x06013e14                SPR_2LocalCoord
                0x0601470c                SPR_2FlushDrawPrtyBlock
                0x060143f8                SPR_2DistSpr
                0x06013dfc                SPR_2FlushDrawPrty
                0x0601451c                SPR_2Cmd
                0x06013af8                SPR_2GourTblNoToVram
                0x06013b58                SPR_2GetAreaSizeInfo
                0x060138c0                SPR_2SetGourTbl
                0x060140ac                SPR_2Polygon
                0x06013b34                SPR_2CharNoToVram
                0x06013840                SPR_2SetTvMode
                0x06013c9c                SPR_2CloseCommand
                0x0601387c                SPR_2FrameEraseData
                0x06013658                SPR_2Initial2
                0x0601428c                SPR_2ScaleSpr
                0x06013f1c                SPR_2Line
                0x06013be8                SPR_2OpenCommand
                0x0601385c                SPR_2FrameChgIntr
                0x06014168                SPR_2NormSpr
                0x060138f0                SPR_2SetLookupTbl
                0x06013924                SPR_2SetChar
                0x06013b1c                SPR_2LookupTblNoToVram
                0x06013ff0                SPR_2PolyLine
                0x06013a90                SPR_2ClrAllChar
                0x06013a44                SPR_2ClrChar
                0x06013ec0                SPR_2UserClip
 .text          0x060148d0      0x1e6 ../sbl6/segalib/lib/sega_spr.a(spr_slv.o)
                0x06014a34                SPR_WaitEndSlaveSH
                0x060148d0                SPR_SMPC_SSHON
                0x06014a10                SPR_RunSlaveSH
                0x060148d4                SPR_InitSlaveSH
                0x0601499c                SPR_SlaveSHmain
                0x060148d1                SPR_SMPC_SSHOFF
 *fill*         0x06014ab6        0xa 00
 .text          0x06014ac0      0x36a ../sbl6/segalib/lib/sega_spr.a(spr_1c.o)
                0x06014d74                SPR_WaitDrawEnd
                0x06014d8c                SPR_SetEosMode
                0x06014ca4                SPR_SetEraseData
                0x06014ac0                SPR_Initial
                0x06014b98                SPR_SetTvMode
                0x06014c30                SPR_GetStatus
 *fill*         0x06014e2a        0x6 00
 .text          0x06014e30      0x244 ../sbl6/segalib/lib/sega_spr.a(spr_2a.o)
                0x06014e42                sprMemCpyW
                0x06014ea0                flushDrawPrtyBlock
                0x06014e30                sprMemCpyL
                0x06014e54                SPR_2SetDrawPrty
 *fill*         0x06015074        0xc 00
 .text          0x06015080      0x2fc ../sbl6/segalib/lib/sega_scl.a(scl_vblv.o)
                0x0601513c                SCL_DisplayFrame
                0x06015080                SCL_SetFrameInterval
                0x06015170                SCL_VblInit
                0x060151c0                SCL_VblankStart
                0x06015204                SCL_VblankEnd
 *fill*         0x0601537c        0x4 00
 .text          0x06015380      0xb9c ../sbl6/segalib/lib/sega_scl.a(scl_func.o)
                0x06015d5c                SCL_Vdp2_SGLInit
                0x06015c6c                SCL_PriIntProc
                0x06015be4                SCL_Memcpyw
                0x06015efc                SCL_SglOff
                0x06015edc                SCL_SglOn
                0x06015b50                SCL_ScrollShow
                0x060155f8                SCL_Close
                0x060158f0                SCL_Scale
                0x06015380                SCL_Vdp2Init
                0x06015764                SCL_Move
                0x06015a2c                SCL_CopyReg
                0x060155d4                SCL_Open
                0x06015404                SCL_ParametersInit
                0x06015614                SCL_MoveTo
                0x06015c0c                SCL_SetColRamMode
 *fill*         0x06015f1c        0x4 00
 .text          0x06015f20      0x138 ../sbl6/segalib/lib/sega_scl.a(scl_pr03.o)
                0x06015f20                SCL_FreeColRam
                0x06015f58                SCL_AllocColRam
 *fill*         0x06016058        0x8 00
 .text          0x06016060       0x9c ../sbl6/segalib/lib/sega_scl.a(scl_pr02.o)
                0x06016060                SCL_SetColRam
 *fill*         0x060160fc        0x4 00
 .text          0x06016100       0x84 ../sbl6/segalib/lib/sega_scl.a(scl_back.o)
                0x06016100                SCL_SetBack
 *fill*         0x06016184        0xc 00
 .text          0x06016190      0x278 ../sbl6/segalib/lib/sega_scl.a(scl_fu05.o)
                0x0601624c                SCL_SetLineParam
                0x06016198                SCL_InitLineParamTb
 *fill*         0x06016408        0x8 00
 .text          0x06016410      0x94c ../sbl6/segalib/lib/sega_scl.a(scl_fu03.o)
                0x0601646c                SCL_SetConfig
                0x06016410                SCL_InitConfigTb
 *fill*         0x06016d5c        0x4 00
 .text          0x06016d60      0x4f4 ../sbl6/segalib/lib/sega_scl.a(scl_fu02.o)
                0x06016d98                SCL_SetVramConfig
                0x06016d60                SCL_InitVramConfigTb
 *fill*         0x06017254        0xc 00
 .text          0x06017260       0x28 ../sbl6/segalib/lib/sega_scl.a(scl_fu04.o)
                0x06017260                SCL_SetCycleTable
 *fill*         0x06017288        0x8 00
 .text          0x06017290      0x214 ../sbl6/segalib/lib/sega_scl.a(scl_pr07.o)
                0x06017290                SCL_SetPriority
 *fill*         0x060174a4        0xc 00
 .text          0x060174b0       0x58 ../sbl6/segalib/lib/sega_scl.a(scl_pr01.o)
                0x060174b0                SCL_SetSpriteMode
 *fill*         0x06017508        0x8 00
 .text          0x06017510     0x10a4 ../sbl6/segalib/lib/sega_scl.a(scl_pri.o)
                0x060175a4                SCL_AbortAutoVe
                0x06018454                SCL_SetShadowBit
                0x06017a1c                SCL_AutoExec
                0x06017510                SCL_PriorityInit
                0x06017f30                SCL_IncColOffset
                0x060175b8                SCL_SetColMixRate
                0x06017588                SCL_GetColRamMode
 *fill*         0x060185b4        0xc 00
 .text          0x060185c0     0x1394 ../sbl6/segalib/lib/sega_scl.a(scl_ro00.o)
                0x060197ac                SCL_RotateZD
                0x06018a74                SCL_Rotate
                0x06018748                SCL_InitRotateTable
 *fill*         0x06019954        0xc 00
 .text          0x06019960      0x1b4 ../sbl6/segalib/lib/sega_scl.a(scl_pr06.o)
                0x06019960                SCL_SetColRamOffset
 *fill*         0x06019b14        0xc 00
 .text          0x06019b20       0xac ../sbl6/segalib/lib/sega_scl.a(scl_pr05.o)
                0x06019b20                SCL_GetColRamOffset
 *fill*         0x06019bcc        0x4 00
 .text          0x06019bd0       0xa4 ../sbl6/segalib/lib/sega_mth.a(mth_fixd.o)
                0x06019c20                MTH_FixedToInt
                0x06019c10                MTH_IntToFixed
                0x06019bd0                MTH_Mul
                0x06019c30                MTH_Product
                0x06019bf0                MTH_Div
 *fill*         0x06019c74        0xc 00
 .text          0x06019c80      0x600 ../sbl6/segalib/lib/sega_mth.a(mth_tri.o)
                0x06019d1c                fcos
                0x06019d22                fsin
                0x06019ccc                MTH_Cos
                0x06019c80                MTH_Sin
                0x06019ec0                MTH_Atan
 .text          0x0601a280      0xf50 ../sbl6/segalib/lib/sega_per.a(per_prt.o)
                0x0601a6a0                PER_IntFunc
                0x0601a498                PER_LGetPer
                0x0601a280                PER_LInit
 .text          0x0601b1d0     0x1b04 ../sbl6/segalib/lib/sega_sat.a(gfs.o)
                0x0601b1d0                gfs_version
                0x0601c444                gfs_mngGetNumFile
                0x0601cbc4                gfs_closeSub
                0x0601bf60                GFS_SetGmode
                0x0601c21c                GFS_SetErrFunc
                0x0601c36c                gfs_mngSetupFuncTbl
                0x0601b528                GFS_Reset
                0x0601c294                gfs_chgRoot
                0x0601c360                gfs_aborttrans
                0x0601c644                gfs_svrAddHndl
                0x0601c4f4                gfs_mngFreeGrp
                0x0601c26c                GFS_ConvTno
                0x0601c7f8                gfs_getRootDir
                0x0601c248                GFS_GetErrStat
                0x0601b698                GFS_Seek
                0x0601bd04                GFS_NwStop
                0x0601c500                gfs_mngTermAccess
                0x0601b5ac                GFS_Open
                0x0601c4ac                GFS_mngAllocGrp
                0x0601cc0c                gfs_isTaskDone
                0x0601ba04                GFS_Fread
                0x0601c164                GFS_StartTrans
                0x0601cb60                gfs_GetFinfo
                0x0601c3a0                gfs_mngInitWork
                0x0601b7f0                GFS_ByteToSct
                0x0601c604                gfs_svrSearchHndl
                0x0601c8f4                gfs_loadRootDir
                0x0601b44c                GFS_IdToName
                0x0601bb48                GFS_NwFread
                0x0601c094                GFS_SetTransPara
                0x0601bc54                GFS_NwCdRead
                0x0601c734                gfs_loadVol
                0x0601c030                GFS_SetReadPara
                0x0601b74c                GFS_Tell
                0x0601bfc4                GFS_SetTmode
                0x0601cac8                GFS_GetFad
                0x0601c100                GFS_SetTrFunc
                0x0601c1b0                GFS_CdMovePickup
                0x0601b3e8                GFS_NameToId
                0x0601be1c                GFS_NwExecOne
                0x0601c97c                gfs_flowIn
                0x0601b8a4                GFS_GetFileInfo
                0x0601ca24                gfs_transData
                0x0601c680                gfs_svrRemoveHndl
                0x0601bccc                GFS_NwIsComplete
                0x0601cc00                gfs_getGmode
                0x0601bd70                GFS_NwGetStat
                0x0601c6dc                GFS_OpenSub
                0x0601b380                GFS_SetDir
                0x0601b84c                GFS_GetFileSize
                0x0601b918                GFS_GetNumCdbuf
                0x0601cc60                gfs_convFinStat
                0x0601b940                GFS_Load
                0x0601baa0                gfs_waitRead
                0x0601b2d8                GFS_LoadDir
                0x0601b4b8                GFS_GetDirInfo
                0x0601b660                GFS_Close
                0x0601b1f0                GFS_Init
                0x0601bdec                gfs_recovRdErr
                0x0601c584                gfs_mngSetErrCode
                0x0601bedc                GFS_NwExecServer
                0x0601b79c                GFS_IsEof
                0x0601cb20                gfs_SetSct
 *fill*         0x0601ccd4        0xc 00
 .text          0x0601cce0      0x1f4 ../sbl6/segalib/lib/sega_sat.a(DMA_SCU1.o)
                0x0601ce3c                DMA_ScuResult
                0x0601cce0                DMA_ScuInit
                0x0601cd30                DMA_ScuMemCopy
 *fill*         0x0601ced4        0xc 00
 .text          0x0601cee0      0x8d4 ../sbl6/segalib/lib/sega_sat.a(gfs_cdf.o)
                0x0601d3d4                GFCF_Seek
                0x0601d4dc                GFCF_GetStat
                0x0601d3bc                GFCF_Tell
                0x0601cf80                GFCF_Setup
                0x0601d488                GFCF_cnvIntlvOfs
                0x0601cee0                GFCF_Init
                0x0601d374                GFCF_Recover
                0x0601d0c8                GFCF_SetSct
                0x0601d3ec                GFCF_MovePickup
                0x0601d5b0                gfcf_isCdOk
                0x0601d180                GFCF_FlowInBuf
                0x0601d10c                GFCF_GetFileInfo
                0x0601d2d4                GFCF_StopInBuf
                0x0601d574                gfcf_getSctSize
                0x0601d670                gfcf_getPlayRange
 *fill*         0x0601d7b4        0xc 00
 .text          0x0601d7c0      0x928 ../sbl6/segalib/lib/sega_sat.a(gfs_dir.o)
                0x0601dcb0                gfdr_setNextRec
                0x0601e0ac                gfdr_setDirrecCd
                0x0601daa8                gfdr_open
                0x0601d8bc                GFDR_GetAtrDirId
                0x0601db90                gfdr_readByte
                0x0601d7c0                GFDR_SetupDirTbl
                0x0601dc88                gfdr_readLongNM
                0x0601dd34                gfdr_readDirEnt
                0x0601d8ec                GFDR_ChgRoot
                0x0601d834                GFDR_NameToId
                0x0601d978                gfdr_setupDirIdTbl
                0x0601d8d4                GFDR_GetAtrDirName
                0x0601d894                GFDR_GetInfoDirId
                0x0601dc3c                gfdr_readLongNB
                0x0601dad0                gfdr_read
                0x0601dbbc                gfdr_readWord
                0x0601d9fc                gfdr_setupDirNameTbl
                0x0601d8a8                GFDR_GetInfoDirName
                0x0601d904                GFDR_ChgDir
                0x0601dbe8                gfdr_readWordNB
 *fill*         0x0601e0e8        0x8 00
 .text          0x0601e0f0      0xa46 ../sbl6/segalib/lib/sega_sat.a(gfs_trn.o)
                0x0601e1d0                GFTR_SetTransMax
                0x0601e5a0                gftr_execScu
                0x0601eb24                GFTR_SetTransFunc
                0x0601e9ec                gftr_remTrn
                0x0601eb10                GFTR_SetData
                0x0601e810                gftr_execSdma1
                0x0601ea60                gftr_copyFrac
                0x0601e1c4                GFTR_GetNumTrans
                0x0601e164                GFTR_SetMode
                0x0601e7e0                gftr_remDma0
                0x0601ea88                GFTR_GetLenData
                0x0601e594                gftr_reqScu
                0x0601e7f8                gftr_reqDma1
                0x0601e4b0                gftr_getSrcPack
                0x0601eae0                GFTR_RtnDstPk
                0x0601e67c                gfdma_exec
                0x0601e914                gftr_execTrn
                0x0601e3a8                GFTR_ExecSvr
                0x0601e8a4                gftr_reqTrn
                0x0601e76c                gfdma_getBytecnt
                0x0601e84c                gftr_reqCpu
                0x0601eaac                GFTR_GetDstPack
                0x0601e7a4                gftr_reqDma0
                0x0601e330                GFTR_Idle
                0x0601e1e8                GFTR_Pause
                0x0601e1b8                GFTR_GetTransPara
                0x0601e898                gftr_remCpu
                0x0601e184                GFTR_SetTransPara
                0x0601e834                gftr_remDma1
                0x0601e1f4                GFTR_Stop
                0x0601e7bc                gftr_execSdma0
                0x0601e120                GFTR_Setup
                0x0601e63c                gftr_remScu
                0x0601e538                gftr_getDstPack
                0x0601e670                gfdma_canUse
                0x0601e2ac                GFTR_Exec
                0x0601eafc                GFTR_GetData
                0x0601e1dc                GFTR_Start
                0x0601e178                GFTR_SetUnit
                0x0601e858                gftr_execCpu
                0x0601ea94                GFTR_GetLenRoom
 *fill*         0x0601eb36        0xa 00
 .text          0x0601eb40      0x106 ../sbl6/segalib/lib/sega_sat.a(gfs_buf.o)
                0x0601eb98                GFBF_GetNumData
                0x0601ec14                GFBF_RtnPk
                0x0601ebc8                GFBF_GetSrcPk
                0x0601ec3c                gfbf_getSctDt
                0x0601eb70                GFBF_GetTranData
                0x0601ebf0                GFBF_GetSctData
 *fill*         0x0601ec46        0xa 00
 .text          0x0601ec50      0x600 ../sbl6/segalib/lib/sega_sat.a(gfs_cdb.o)
                0x0601f1f8                GFCB_GetPickup
                0x0601ed70                GFCB_Close
                0x0601f03c                GFCB_GetSrcPack
                0x0601f1c4                GFCB_SetCon
                0x0601ee44                GFCB_GetLenRoom
                0x0601f1a8                GFCB_MovePickup
                0x0601f11c                GFCB_GetSctData
                0x0601ee50                GFCB_SetFilt
                0x0601ed98                GFCB_GetLenData
                0x0601f238                GFCB_UngetPickup
                0x0601ec50                GFCB_Setup
                0x0601eee0                GFCB_Tell
                0x0601f220                GFCB_IsPuOwner
                0x0601ef40                GFCB_Seek
                0x0601eeb8                GFCB_DeleteAllData
                0x0601f154                GFCB_GetDstPack
                0x0601eef0                gfcb_getSctNum
                0x0601f160                GFCB_RtnPk
 .text          0x0601f250     0x1a04 ../sbl6/segalib/lib/sega_sat.a(gfs_cdc.o)
                0x0601f4ec                GFCD_AllocBuf
                0x060202c8                gfcd_doGetLenDataTsk
                0x06020b64                GFCD_SetCsctFunc
                0x0601f5c4                GFCD_GetBaseFad
                0x0601f740                GFCD_GetFilt
                0x06020754                gfcd_doChgDirTsk
                0x06020a94                gfcd_checkEflag
                0x0601fa88                GFCD_MovePickup
                0x0601fb6c                GFCD_GetSctInfo
                0x0602041c                gfcd_doReqDataTsk
                0x0601fbb4                GFCD_ChgDir
                0x0601f8a8                GFCD_ReqData
                0x06020b80                GFCD_ChkScdqFlag
                0x06020038                GFCD_WaitServer
                0x0601f94c                GFCD_DelSctData
                0x0601fe24                GFCD_ExecServer
                0x06020238                gfcd_doSetConTsk
                0x0601f480                GFCD_AllocFilt
                0x0601f67c                GFCD_SetFilt
                0x06020074                gfcd_doSetFiltTsk
                0x06020ba4                GFCD_ClrScdqFlag
                0x060204bc                gfcd_doDelSctDataTsk
                0x0601ff80                gfcd_doTask
                0x0601f5f8                GFCD_GetPickup
                0x0601fb48                GFCD_CheckMove
                0x06020bc0                GFCD_WaitScdqFlag
                0x0601f7e0                GFCD_Play
                0x060205f0                gfcd_doMoveSctTsk
                0x0601f788                GFCD_SetCon
                0x0601fc28                GFCD_SetFiltCon
                0x06020c04                GFCD_WaitPause
                0x0601fdec                GFCD_GetBufSiz
                0x0601f62c                GFCD_UngetPickup
                0x0601fd10                GFCD_GetFileInfo
                0x0601f904                GFCD_EndData
                0x0601f520                GFCD_FreeBuf
                0x0601f840                GFCD_GetLenData
                0x0601f4bc                GFCD_FreeFilt
                0x0601fef8                gfcd_isIdleTask
                0x0601f27c                GFCD_Init
                0x06020950                gfcd_doSetFiltConTsk
                0x0601f9d4                GFCD_GetStat
                0x0601fad4                GFCD_MoveSctData
                0x0601f658                GFCD_IsPuOwner
                0x06020ab8                gfcd_initCdbMng
                0x0601f250                GFCD_SetCdbfs
                0x06020024                GFCD_SetTimer
                0x06020b38                gfcd_setStat
                0x0601f9a4                GFCD_CheckDelSctData
 *fill*         0x06020c54        0xc 00
 .text          0x06020c60      0x308 ../sbl6/segalib/lib/sega_sat.a(DMA_SCU0.o)
                0x06020ce4                DMA_ScuStart
                0x06020e18                DMA_ScuIntFunc0
                0x06020e88                DMA_ScuIntFunc1
                0x06020ef8                DMA_ScuIntFunc2
                0x06020dd8                DMA_ScuGetStatus
                0x06020c60                DMA_ScuSetPrm
 *fill*         0x06020f68        0x8 00
 .text          0x06020f70       0xe8 ../sbl6/segalib/lib/sega_sat.a(csh_main.o)
                0x06020f70                CSH_Init
                0x06020fd8                CSH_AllClr
                0x06021024                CSH_Purge
 *fill*         0x06021058        0x8 00
 .text          0x06021060      0x1b6 ../sbl6/segalib/lib/sega_sat.a(DMA_CPU0.o)
                0x060210a8                DMA_CpuSetPrm
                0x060211ac                DMA_CpuStart
                0x06021204                DMA_CpuGetStatus
                0x060211d8                DMA_CpuAllStop
                0x060211ec                DMA_CpuGetComStatus
                0x06021060                DMA_CpuSetComPrm
                0x060211c0                DMA_CpuStop
 *fill*         0x06021216        0xa 00
 .text          0x06021220      0x2dc ../sbl6/segalib/lib/sega_sat.a(cdc_reg.o)
                0x06021274                CDREG_ClrHirqReq
                0x06021244                CDC_ClrHirqReq
                0x060212f4                CDREG_TgetData
                0x060212e4                CDC_GetMpegPtr
                0x060212c0                CDC_GetHirqMsk
                0x06021220                CDC_GetDataPtr
                0x06021230                CDC_GetHirqReq
                0x06021450                CDREG_WaitHirq
                0x060212d4                CDC_SetHirqMsk
                0x06021350                CDREG_CmdRsp
                0x06021284                CDREG_InitHirqReq
                0x060212ac                CDREG_SetHirqFlag
                0x060214c0                CDREG_ReadRsp
 *fill*         0x060214fc        0x4 00
 .text          0x06021500      0x194 ../sbl6/segalib/lib/sega_sat.a(cdc_cfs.o)
                0x06021500                CDC_ChgDir
                0x06021534                CDC_ReadDir
                0x06021658                CDC_AbortFile
                0x06021568                CDC_GetFileScope
                0x060215c8                CDC_TgetFileInfo
                0x06021624                CDC_ReadFile
 *fill*         0x06021694        0xc 00
 .text          0x060216a0      0x3a0 ../sbl6/segalib/lib/sega_sat.a(cdc_cmn.o)
                0x06021844                CDC_TgetToc
                0x060219e8                CDC_DataEnd
                0x06021708                CDC_GetPeriStat
                0x0602197c                CDC_DataReady
                0x06021954                CDC_CdOpen
                0x060218d0                CDC_CdInit
                0x06021894                CDC_GetSes
                0x060216f0                CDC_GetLastStat
                0x060216a0                CDC_GetCurStat
                0x060217dc                CDC_GetHwInfo
 .text          0x06021a40      0x1e4 ../sbl6/segalib/lib/sega_sat.a(cdc_bio.o)
                0x06021aec                CDC_GetdelSctData
                0x06021a74                CDC_GetSctData
                0x06021b28                CDC_PutSctData
                0x06021ba4                CDC_MoveSctData
                0x06021be8                CDC_GetCopyErr
                0x06021ab0                CDC_DelSctData
                0x06021a40                CDC_SetSctLen
                0x06021b60                CDC_CopySctData
 *fill*         0x06021c24        0xc 00
 .text          0x06021c30      0x2b8 ../sbl6/segalib/lib/sega_sat.a(cdc_sel.o)
                0x06021e60                CDC_GetFiltCon
                0x06021ddc                CDC_GetFiltMode
                0x06021eb4                CDC_ResetSelector
                0x06021c30                CDC_SetFiltRange
                0x06021cbc                CDC_SetFiltSubh
                0x06021d2c                CDC_GetFiltSubh
                0x06021c64                CDC_GetFiltRange
                0x06021da8                CDC_SetFiltMode
                0x06021e20                CDC_SetFiltCon
 *fill*         0x06021ee8        0x8 00
 .text          0x06021ef0      0x130 ../sbl6/segalib/lib/sega_sat.a(cdc_drv.o)
                0x06021ef0                CDC_CdPlay
                0x06021fbc                CDC_CdSeek
                0x06021ff0                CDC_CdScan
 .text          0x06022020      0x270 ../sbl6/segalib/lib/sega_sat.a(cdc_bif.o)
                0x0602207c                CDC_GetSctNum
                0x060221fc                CDC_ExeFadSearch
                0x0602217c                CDC_GetSctInfo
                0x060220c0                CDC_CalActSiz
                0x06022020                CDC_GetBufSiz
                0x060220fc                CDC_GetActSiz
                0x06022234                CDC_GetFadSearch
 .text          0x06022290       0xa8 ../sbl6/segalib/lib/sega_sat.a(cdc_dev.o)
                0x060222fc                CDC_CdGetLastBuf
                0x06022290                CDC_CdSetCon
                0x060222c0                CDC_CdGetCon
 *fill*         0x06022338        0x8 00
 .text          0x06022340      0x152 ../sbl6/segalib/lib/sega_sat.a(cdc_sub.o)
                0x060223e8                CDSUB_GetCdstat
                0x06022358                CDSUB_UpdCdstat
                0x06022428                CDSUB_RspToCdstat
                0x06022470                CDSUB_SoftTimer
                0x06022340                CDSUB_UpdStatus
                0x06022378                CDSUB_CdCmd
 *fill*         0x06022492        0xe 00
 .text          0x060224a0       0x60 C:/saturn/SH_COFF/sh-coff/bin/../lib/gcc/sh-coff/3.4-GNUSH_v0501\libgcc.a(_ashiftrt.o)
                0x060224ac                __ashiftrt_r4_27
                0x060224e0                __ashiftrt_r4_6
                0x060224d0                __ashiftrt_r4_14
                0x060224c2                __ashiftrt_r4_19
                0x060224da                __ashiftrt_r4_9
                0x060224ee                __ashiftrt_r4_0
                0x060224a0                __ashiftrt_r4_31
                0x060224ae                __ashiftrt_r4_26
                0x060224bc                __ashiftrt_r4_22
                0x060224c8                __ashiftrt_r4_16
                0x060224d4                __ashiftrt_r4_12
                0x060224a8                __ashiftrt_r4_29
                0x060224c6                __ashiftrt_r4_17
                0x060224a6                __ashiftrt_r4_30
                0x060224e2                __ashiftrt_r4_5
                0x060224dc                __ashiftrt_r4_8
                0x060224a0                __ashiftrt_r4_32
                0x060224b0                __ashiftrt_r4_25
                0x060224e8                __ashiftrt_r4_2
                0x060224b2                __ashiftrt_r4_24
                0x060224ce                __ashiftrt_r4_15
                0x060224d8                __ashiftrt_r4_10
                0x060224ea                __ashiftrt_r4_1
                0x060224aa                __ashiftrt_r4_28
                0x060224c0                __ashiftrt_r4_20
                0x060224de                __ashiftrt_r4_7
                0x060224d2                __ashiftrt_r4_13
                0x060224d6                __ashiftrt_r4_11
                0x060224e4                __ashiftrt_r4_4
                0x060224ba                __ashiftrt_r4_23
                0x060224c4                __ashiftrt_r4_18
                0x060224be                __ashiftrt_r4_21
                0x060224e6                __ashiftrt_r4_3
 .text          0x06022500       0x90 C:/saturn/SH_COFF/sh-coff/bin/../lib/gcc/sh-coff/3.4-GNUSH_v0501\libgcc.a(_ashiftlt.o)
                0x06022500                __ashlsi3
 .text          0x06022590       0xb0 C:/saturn/SH_COFF/sh-coff/bin/../lib/gcc/sh-coff/3.4-GNUSH_v0501\libgcc.a(_movstr.o)
                0x060225d0                __movstrSI16
                0x060225a4                __movstrSI60
                0x060225b0                __movstrSI48
                0x060225ac                __movstrSI52
                0x060225a0                __movstrSI64
                0x060225b4                __movstrSI44
                0x060225b8                __movstrSI40
                0x060225bc                __movstrSI36
                0x060225f0                __movstr
                0x060225a8                __movstrSI56
                0x060225c4                __movstrSI28
                0x060225c0                __movstrSI32
                0x060225d4                __movstrSI12
                0x060225d8                __movstrSI8
                0x060225e0                __movstrSI0
                0x060225c8                __movstrSI24
                0x060225cc                __movstrSI20
                0x060225dc                __movstrSI4
 .text          0x06022640       0xa0 C:/saturn/SH_COFF/sh-coff/bin/../lib/gcc/sh-coff/3.4-GNUSH_v0501\libgcc.a(__main.o)
                0x060226b4                __main
                0x06022640                __do_global_dtors
                0x06022674                __do_global_ctors
 .text          0x060226e0      0x2e0 C:/saturn/SH_COFF/sh-coff/bin/../lib/gcc/sh-coff/3.4-GNUSH_v0501\libgcc.a(_mul_df.o)
                0x060226f0                __muldf3
 .text          0x060229c0       0xb0 C:/saturn/SH_COFF/sh-coff/bin/../lib/gcc/sh-coff/3.4-GNUSH_v0501\libgcc.a(_si_to_df.o)
                0x060229c0                __floatsidf
 .text          0x06022a70       0x80 C:/saturn/SH_COFF/sh-coff/bin/../lib/gcc/sh-coff/3.4-GNUSH_v0501\libgcc.a(_df_to_si.o)
                0x06022a70                __fixdfsi
 .text          0x06022af0       0x70 C:/saturn/SH_COFF/sh-coff/bin/../lib/gcc/sh-coff/3.4-GNUSH_v0501\libgcc.a(_udivsi3.o)
                0x06022b12                __udivsi3
 .text          0x06022b60       0xa0 C:/saturn/SH_COFF/sh-coff/bin/../lib/gcc/sh-coff/3.4-GNUSH_v0501\libgcc.a(_sdivsi3.o)
                0x06022b60                __sdivsi3
 .text          0x06022c00      0x120 C:/saturn/SH_COFF/sh-coff/bin/../lib/gcc/sh-coff/3.4-GNUSH_v0501\libgcc.a(_unpack_df.o)
                0x06022c10                __unpack_d
 .text          0x06022d20      0x220 C:/saturn/SH_COFF/sh-coff/bin/../lib/gcc/sh-coff/3.4-GNUSH_v0501\libgcc.a(_pack_df.o)
                0x06022d30                __pack_d
 .text          0x06022f40       0x20 C:/saturn/SH_COFF/sh-coff/bin/../lib/gcc/sh-coff/3.4-GNUSH_v0501\libgcc.a(_thenan_df.o)
                0x06022f40                __thenan_df
 .text          0x06022f60       0xd0 C:/saturn/SH_COFF/sh-coff/bin/../lib/gcc/sh-coff/3.4-GNUSH_v0501\libgcc.a(_muldi3.o)
                0x06022f60                __muldi3
 .text          0x06023030       0x80 C:/saturn/SH_COFF/sh-coff/bin/../lib/gcc/sh-coff/3.4-GNUSH_v0501\libgcc.a(_lshrdi3.o)
                0x06023030                __lshrdi3
 .text          0x060230b0       0x80 C:/saturn/SH_COFF/sh-coff/bin/../lib/gcc/sh-coff/3.4-GNUSH_v0501\libgcc.a(_ashldi3.o)
                0x060230b0                __ashldi3
 .text          0x06023130       0x30 C:/saturn/SH_COFF/sh-coff/bin/../lib/gcc/sh-coff/3.4-GNUSH_v0501\libgcc.a(_mulsi3.o)
                0x06023130                __mulsi3
 .text          0x06023160       0x90 C:/saturn/SH_COFF/sh-coff/bin/../lib/gcc/sh-coff/3.4-GNUSH_v0501\libgcc.a(_lshiftrt.o)
                0x06023160                __lshrsi3
 .text          0x060231f0       0xa0 C:/saturn/SH_COFF/sh-coff/bin/../lib/gcc/sh-coff/3.4-GNUSH_v0501/../../../../sh-coff/lib\libc.a(memcpy.o)
                0x060231f0                memcpy
 .text          0x06023290       0x40 C:/saturn/SH_COFF/sh-coff/bin/../lib/gcc/sh-coff/3.4-GNUSH_v0501/../../../../sh-coff/lib\libc.a(memset.o)
                0x06023290                memset
 .text          0x060232d0       0x60 C:/saturn/SH_COFF/sh-coff/bin/../lib/gcc/sh-coff/3.4-GNUSH_v0501/../../../../sh-coff/lib\libc.a(memcmp.o)
                0x060232d0                memcmp
 .text          0x06023330       0xb0 C:/saturn/SH_COFF/sh-coff/bin/../lib/gcc/sh-coff/3.4-GNUSH_v0501/../../../../sh-coff/lib\libc.a(strncmp.o)
                0x06023330                strncmp
 .text          0x060233e0       0xa0 C:/saturn/SH_COFF/sh-coff/bin/../lib/gcc/sh-coff/3.4-GNUSH_v0501/../../../../sh-coff/lib\libc.a(strncpy.o)
                0x060233e0                strncpy
 .text          0x06023480       0x90 C:/saturn/SH_COFF/sh-coff/bin/../lib/gcc/sh-coff/3.4-GNUSH_v0501/../../../../sh-coff/lib\libc.a(atexit.o)
                0x06023480                atexit
 .text          0x06023510       0x10 C:/saturn/SH_COFF/sh-coff/bin/../lib/gcc/sh-coff/3.4-GNUSH_v0501/../../../../sh-coff/lib\libc.a(impure.o)
                0x06023510                _global_impure_ptr
 .text          0x06023520       0x40 C:/saturn/SH_COFF/sh-coff/bin/../lib/gcc/sh-coff/3.4-GNUSH_v0501/../../../../sh-coff/lib\libc.a(malloc.o)
                0x0602353c                free
                0x06023520                malloc
 .text          0x06023560      0x5b0 C:/saturn/SH_COFF/sh-coff/bin/../lib/gcc/sh-coff/3.4-GNUSH_v0501/../../../../sh-coff/lib\libc.a(mallocr.o)
                0x06023560                _malloc_r
 .text          0x06023b10      0x340 C:/saturn/SH_COFF/sh-coff/bin/../lib/gcc/sh-coff/3.4-GNUSH_v0501/../../../../sh-coff/lib\libc.a(freer.o)
                0x06023b10                _malloc_trim_r
                0x06023c04                _free_r
 .text          0x06023e50       0x20 C:/saturn/SH_COFF/sh-coff/bin/../lib/gcc/sh-coff/3.4-GNUSH_v0501/../../../../sh-coff/lib\libc.a(mlock.o)
                0x06023e50                __malloc_lock
                0x06023e5c                __malloc_unlock
 .text          0x06023e70       0x50 C:/saturn/SH_COFF/sh-coff/bin/../lib/gcc/sh-coff/3.4-GNUSH_v0501/../../../../sh-coff/lib\libc.a(sbrkr.o)
                0x06023e70                _sbrk_r
 .text          0x06023ec0      0x380 C:/saturn/SH_COFF/sh-coff/bin/../lib/gcc/sh-coff/3.4-GNUSH_v0501/../../../../sh-coff/lib\libc.a(syscalls.o)
                0x0602402c                _exit
                0x06024060                _getpid
                0x060240c8                _utime
                0x06023ef8                _write
                0x06023ec0                _read
                0x06024014                _unlink
                0x06023fdc                _open
                0x06024078                _stat
                0x06024020                isatty
                0x060240f8                _wait
                0x06024044                _kill
                0x06024094                _chmod
                0x06024128                _execv
                0x0602410c                _execve
                0x06024204                __setup_argv_and_call_main
                0x06024160                _gettimeofday
                0x06023f2c                _link
                0x0602406c                _raise
                0x06023ff8                _creat
                0x06024140                _pipe
                0x060240ac                _chown
                0x06023edc                _lseek
                0x06023f14                _close
                0x06024154                _times
                0x06023fc8                _fstat
                0x060240e4                _fork
                0x06023f54                _sbrk
 .text          0x06024240       0x20 C:/saturn/SH_COFF/sh-coff/bin/../lib/gcc/sh-coff/3.4-GNUSH_v0501/../../../../sh-coff/lib\libc.a(trap.o)
                0x06024240                __trap34
 .text          0x06024260       0x20 C:/saturn/SH_COFF/sh-coff/bin/../lib/gcc/sh-coff/3.4-GNUSH_v0501/../../../../sh-coff/lib\libc.a(abort.o)
                0x06024260                abort
 .text          0x06024280      0x270 C:/saturn/SH_COFF/sh-coff/bin/../lib/gcc/sh-coff/3.4-GNUSH_v0501/../../../../sh-coff/lib\libc.a(signal.o)
                0x06024340                _raise_r
                0x060244c8                __sigtramp
                0x06024474                raise
                0x060244b0                _init_signal
                0x06024400                __sigtramp_r
                0x06024490                signal
                0x060242cc                _signal_r
                0x06024280                _init_signal_r
 .text          0x060244f0       0x60 C:/saturn/SH_COFF/sh-coff/bin/../lib/gcc/sh-coff/3.4-GNUSH_v0501/../../../../sh-coff/lib\libc.a(signalr.o)
                0x06024538                _getpid_r
                0x060244f0                _kill_r
 *(.strings)

.tors           0x06024550        0x0
                0x06024550                ___ctors = .
 *(.ctors)
                0x06024550                ___ctors_end = .
                0x06024550                ___dtors = .
 *(.dtors)
                0x06024550                ___dtors_end = .

.data           0x06024550     0x1780
                0x06024550                STARTOF_R = .
 *(.data)
 .data          0x06024550      0x400 ../sbl6/segasmp/per/smpclib/per_x1.o
 .data          0x06024950       0x60 blocks.o
                0x060249a0                tile2_slope
                0x06024980                tile4_slope
                0x06024950                block_slopes
                0x06024990                tile3_slope
 .data          0x060249b0       0x20 enemylist.o
                0x060249b0                enemy_lists
                0x060249b4                level0_enemies
                0x060249c4                enemy_arr
 .data          0x060249d0      0x630 graphics.o
                0x060249d0                cloudmap_name
                0x06024afe                guy_num
                0x06024ff4                bg_num
                0x060249e0                cloudmap_width
                0x06024b54                cloud_pal
                0x06024ba0                hills_pal
                0x06024be0                hills_name
                0x060249de                cloudmap_height
                0x06024a04                explosion_pal
                0x06024bec                bg_pal
                0x06024bea                hills_num
                0x06024a44                explosion_name
                0x06024af0                guy_name
                0x060249f4                hill_map_width
                0x06024ab0                guy_pal
                0x06024b9e                cloud_num
                0x06024b4a                font_height
                0x06024a02                map_width
                0x06024a00                map_height
                0x06024afa                guy_width
                0x06024aaa                float_size
                0x06024a54                explosion_width
                0x060249f8                map_name
                0x06024b40                font_name
                0x06024fec                bg_name
                0x060249f2                hill_map_height
                0x06024b4c                font_width
                0x06024af8                guy_height
                0x060249e4                hill_map_name
                0x06024b94                cloud_name
                0x06024b50                font_num
                0x06024b00                font_pal
                0x06024a58                explosion_num
                0x06024aa6                float_height
                0x06024afc                guy_size
                0x06024b4e                font_size
                0x06024a9c                float_name
                0x06024a5c                float_pal
                0x06024a56                explosion_size
                0x06024aa8                float_width
                0x06024aac                float_num
                0x06024a52                explosion_height
 .data          0x06025000       0x10 player.o
                0x06025000                lives
 .data          0x06025010       0x30 sprite.o
 .data          0x06025040       0x20 scroll.o
                0x06025040                CycleTb
                0x06025050                vram
 .data          0x06025060      0x400 ../sbl6/segalib/lib/sega_int.a(int.o)
 .data          0x06025460       0x1c ../sbl6/segalib/lib/sega_spr.a(spr_slv.o)
                0x06025468                SPR_SlaveParam
                0x06025478                SPR_SMPC_SF
                0x06025470                SPR_SMPC_COM
                0x0602546c                SPR_SlaveSHEntry
                0x06025464                SPR_SlaveState
                0x06025460                SPR_SlaveCommand
                0x06025474                SPR_SMPC_RET
 *fill*         0x0602547c        0x4 00
 .data          0x06025480       0x34 ../sbl6/segalib/lib/sega_spr.a(spr_1c.o)
                0x06025480                SpInitialFlag
 *fill*         0x060254b4        0xc 00
 .data          0x060254c0       0x1c ../sbl6/segalib/lib/sega_scl.a(scl_vblv.o)
                0x060254c8                VBInterval
                0x060254d0                ReqDisplayFlag
                0x060254c0                SpFrameChgMode
                0x060254cc                VBIntervalCounter
                0x060254c4                SpFrameEraseMode
 *fill*         0x060254dc        0x4 00
 .data          0x060254e0       0x36 ../sbl6/segalib/lib/sega_scl.a(scl_func.o)
                0x060254f0                SclRotregBuff
                0x060254ec                SclDisplayY
                0x060254f4                SclRotateTableMode
                0x060254e8                SclProcess
                0x060254e4                SclCurSclNum
                0x060254e0                SclLengthLsTbl
                0x060254ea                SclDisplayX
                0x060254e2                SclLengthCsTbl
 *fill*         0x06025516        0xa 00
 .data          0x06025520       0x18 ../sbl6/segalib/lib/sega_scl.a(scl_pri.o)
                0x06025524                SclRealSpPriNum
                0x06025534                SclRealColOffset
                0x06025530                SclRealBgColMix
                0x0602552c                SclRealSpColMix
                0x06025528                SclRealBgPriNum
                0x06025520                SclRealOtherPri
 *fill*         0x06025538        0x8 00
 .data          0x06025540      0x380 C:/saturn/SH_COFF/sh-coff/bin/../lib/gcc/sh-coff/3.4-GNUSH_v0501/../../../../sh-coff/lib\libc.a(impure.o)
                0x060258bc                _impure_ptr
 .data          0x060258c0      0x410 C:/saturn/SH_COFF/sh-coff/bin/../lib/gcc/sh-coff/3.4-GNUSH_v0501/../../../../sh-coff/lib\libc.a(mallocr.o)
                0x060258c8                __malloc_av_
                0x060258c4                __malloc_trim_threshold
                0x060258c0                __malloc_sbrk_base
                0x06025cd0                SIZEOF_R = (. - STARTOF_R)
                0x06025cd0                ENDOF_R = .

.bss            0x06025cd0     0xf084
                0x06025cd0                STARTOF_B = .
 *(.bss)
 .bss           0x06025cd0       0x10 vblank.o
                0x06025cd4                PadData2E
                0x06025cda                PadData1
                0x06025cd6                PadData2
                0x06025cd8                PadData1E
                0x06025cd0                __port
 .bss           0x06025ce0       0xd0 ../sbl6/segasmp/per/smpclib/per_x2.o
 .bss           0x06025db0       0x10 player.o
                0x06025db1                boost
                0x06025db0                jumps
 .bss           0x06025dc0     0x3800 sprite.o
                0x06025dc0                num_sprites
 .bss           0x060295c0       0x50 scroll.o
                0x060295dc                map_tiles_x
                0x060295e4                scrolls_y
                0x060295c0                scroll_transition_state
                0x060295c4                scroll_ysize
                0x060295d4                map_tiles_y
                0x060295cc                copy_modes
                0x060295f4                scrolls_x
                0x060295c8                scroll_xsize
 .bss           0x06029610       0x10 main.o
                0x06029610                frame
 .bss           0x06029620       0x6e ../sbl6/segalib/lib/sega_spr.a(spr_2c.o)
 *fill*         0x0602968e        0x2 00
 .bss           0x06029690        0x4 ../sbl6/segalib/lib/sega_scl.a(scl_vblv.o)
 *fill*         0x06029694        0xc 00
 .bss           0x060296a0        0x4 ../sbl6/segalib/lib/sega_scl.a(scl_func.o)
 *fill*         0x060296a4        0xc 00
 .bss           0x060296b0     0x1900 ../sbl6/segalib/lib/sega_scl.a(scl_fu05.o)
 .bss           0x0602afb0       0x48 ../sbl6/segalib/lib/sega_scl.a(scl_ro00.o)
 *fill*         0x0602aff8        0x8 00
 .bss           0x0602b000       0x9c ../sbl6/segalib/lib/sega_per.a(per_prt.o)
 *fill*         0x0602b09c        0x4 00
 .bss           0x0602b0a0        0xc ../sbl6/segalib/lib/sega_sat.a(DMA_SCU1.o)
 *fill*         0x0602b0ac        0x4 00
 .bss           0x0602b0b0        0xc ../sbl6/segalib/lib/sega_sat.a(gfs_trn.o)
 *fill*         0x0602b0bc        0x4 00
 .bss           0x0602b0c0       0x20 ../sbl6/segalib/lib/sega_sat.a(DMA_SCU0.o)
 .bss           0x0602b0e0        0x2 ../sbl6/segalib/lib/sega_sat.a(cdc_reg.o)
 *fill*         0x0602b0e2        0xe 00
 .bss           0x0602b0f0        0xc ../sbl6/segalib/lib/sega_sat.a(cdc_sub.o)
 *fill*         0x0602b0fc        0x4 00
 .bss           0x0602b100       0x10 C:/saturn/SH_COFF/sh-coff/bin/../lib/gcc/sh-coff/3.4-GNUSH_v0501\libgcc.a(__main.o)
 .bss           0x0602b110       0x10 C:/saturn/SH_COFF/sh-coff/bin/../lib/gcc/sh-coff/3.4-GNUSH_v0501/../../../../sh-coff/lib\libc.a(atexit.o)
 .bss           0x0602b120       0x40 C:/saturn/SH_COFF/sh-coff/bin/../lib/gcc/sh-coff/3.4-GNUSH_v0501/../../../../sh-coff/lib\libc.a(mallocr.o)
                0x0602b150                __malloc_top_pad
                0x0602b120                __malloc_current_mallinfo
                0x0602b14c                __malloc_max_sbrked_mem
                0x0602b148                __malloc_max_total_mem
 .bss           0x0602b160       0x10 C:/saturn/SH_COFF/sh-coff/bin/../lib/gcc/sh-coff/3.4-GNUSH_v0501/../../../../sh-coff/lib\libc.a(syscalls.o)
 *(COMMON)
 COMMON         0x0602b170     0x1674 cd.o
                                  0x0 (size before relaxing)
                0x0602b170                dirname
                0x0602bad0                lib_work
                0x0602c7d8                directory_table
 *fill*         0x0602c7e4        0xc 00
 COMMON         0x0602c7f0     0x1960 player.o
                                  0x0 (size before relaxing)
                0x0602c7f0                curr_level
                0x0602c800                player
                0x0602c840                lp
 COMMON         0x0602e150      0x8c0 print.o
                                  0x0 (size before relaxing)
                0x0602e150                text
 COMMON         0x0602ea10     0x1460 sprite.o
                                  0x0 (size before relaxing)
                0x0602ea10                sprites
                0x0602ee70                image_buf
 COMMON         0x0602fe70     0x346c scroll.o
                                  0x0 (size before relaxing)
                0x0602fe70                line_param0
                0x06031780                scfg3
                0x06031810                scfg0
                0x060318a0                maps
                0x060318b0                scfg2
                0x06031940                line_param1
                0x06033250                scfg1
 *fill*         0x060332dc        0x4 00
 COMMON         0x060332e0      0x400 ../sbl6/segalib/lib/sega_int.a(int.o)
                                  0x0 (size before relaxing)
                0x060332e0                __interrupt_vector
 COMMON         0x060336e0       0x50 ../sbl6/segalib/lib/sega_spr.a(spr_2c.o)
                                  0x0 (size before relaxing)
                0x060336e0                SpMstCmd
                0x060336e4                Sp2OpenFlag
                0x060336e8                SpGourTblMax
                0x060336ec                SpDrawPrtyBlk
                0x060336f0                SpLCoordX
                0x060336f4                SpMstDrawPrtyBlk
                0x060336f8                SpGourTbl
                0x060336fc                SpLookupTblR
                0x06033700                SpCmdTbl
                0x06033704                SpCharMax
                0x06033708                SpDrawPrtyProcFlag
                0x0603370c                SpCmdNo
                0x06033710                SpDrawPrtyBlkMax
                0x06033714                SpSlvCmdPos
                0x06033718                SpSlvDrawPrtyBlk
                0x0603371c                SpCharTbl
                0x06033720                SpCmdTblR
                0x06033724                SpMstCmdPos
                0x06033728                SpSlvCmd
                0x0603372c                SpLCoordY
 COMMON         0x06033730       0x10 ../sbl6/segalib/lib/sega_spr.a(spr_1c.o)
                                  0x0 (size before relaxing)
                0x06033730                SpScreenY
                0x06033734                SpFbcrMode
                0x06033736                SpDil
                0x06033738                SpDie
                0x0603373a                SpTvMode
                0x0603373c                SpScreenX
 COMMON         0x06033740      0xf00 ../sbl6/segalib/lib/sega_scl.a(scl_func.o)
                                  0x0 (size before relaxing)
                0x06033740                SclRbgKtbAddr
                0x06033748                SclRb
                0x0603374a                Scl_flag
                0x06033750                SclK_TableBuff
                0x06034420                SclAddrCsTbl
                0x06034430                Scl_s_reg
                0x06034458                SclRotateXy
                0x06034460                Scl_d_reg
                0x060344a8                SclRotateDisp
                0x060344b0                SclRotateMoveZ
                0x060344b8                SclRotXySw
                0x060344c0                Scl_r_reg
                0x060344d0                SclRPMD
                0x060344d8                SclRbgKtbOffset
                0x060344e0                _SclRotregBuff
                0x060345b0                SclRa
                0x060345b8                SclRotateZ
                0x060345c0                SclAddrLsTbl
                0x060345c8                SclK_TableNum
                0x060345d0                SclRotateTableAddress
                0x060345d4                SclK_TableFlag
                0x060345e0                Scl_w_reg
                0x06034600                Scl_n_reg
 COMMON         0x06034640      0x6b0 ../sbl6/segalib/lib/sega_scl.a(scl_pri.o)
                                  0x0 (size before relaxing)
                0x06034640                SclAutoEndBlue2
                0x06034650                SclColOffset
                0x06034660                SclPriBuffDirty
                0x06034662                SclAutoEndRed
                0x06034664                SclAutoSurface
                0x06034668                SclAutoGreen
                0x0603466a                SclAutoEndGreen
                0x0603466c                SclAutoCount
                0x06034670                SclColRamAlloc256
                0x06034690                SclAutoCurRate
                0x06034691                SclAutoPlusFlag
                0x06034698                SclSpColMix
                0x060346a0                SclAutoMax
                0x060346a4                SclLineColRamOffset
                0x060346a8                SclColRamAlloc2048
                0x060346ac                SclBgPriNum
                0x060346b2                SclAutoEndBlue
                0x060346b4                SclAutoEndGreen2
                0x060346b6                SclAutoVeFlag
                0x060346b8                SclBgColMix
                0x060346c0                SclAutoIndex
                0x060346c4                SclAutoEndRate
                0x060346c6                SclAutoBlue
                0x060346c8                SclAutoRed
                0x060346cc                SclAutoInterval
                0x060346d0                SclOtherPri
                0x060346e0                SclAutoRGB
                0x06034ce0                SclAutoEndRed2
                0x06034ce8                SclSpPriNum
 COMMON         0x06034cf0       0x10 ../sbl6/segalib/lib/sega_scl.a(scl_ro00.o)
                                  0x0 (size before relaxing)
                0x06034cf0                SclCsx
                0x06034cf8                SclCsy
 COMMON         0x06034d00       0x15 ../sbl6/segalib/lib/sega_per.a(per_prt.o)
                                  0x0 (size before relaxing)
                0x06034d00                per_get_time_flg
                0x06034d01                per_hot_res
                0x06034d02                per_set_sys_flg
                0x06034d04                per_get_time_adr
                0x06034d08                per_get_sys_data
                0x06034d14                per_time_out_flg
 *fill*         0x06034d15        0xb 00
 COMMON         0x06034d20        0xc ../sbl6/segalib/lib/sega_sat.a(gfs.o)
                                  0x0 (size before relaxing)
                0x06034d20                GFMC_base
                0x06034d24                gfs_mng_ptr
                0x06034d28                gfs_use_scudma
 *fill*         0x06034d2c        0x4 00
 COMMON         0x06034d30        0x8 ../sbl6/segalib/lib/sega_sat.a(gfs_cdf.o)
                                  0x0 (size before relaxing)
                0x06034d30                gfcf_fad
                0x06034d34                gfcf_stat
 *fill*         0x06034d38        0x8 00
 COMMON         0x06034d40        0xc ../sbl6/segalib/lib/sega_sat.a(gfs_cdc.o)
                                  0x0 (size before relaxing)
                0x06034d40                gfcd_fatal_err
                0x06034d44                gfcd_work
                0x06034d48                gfcd_playflag
 *fill*         0x06034d4c        0x4 00
 COMMON         0x06034d50        0x4 C:/saturn/SH_COFF/sh-coff/bin/../lib/gcc/sh-coff/3.4-GNUSH_v0501/../../../../sh-coff/lib\libc.a(syscalls.o)
                                  0x0 (size before relaxing)
                0x06034d50                errno
                0x06034d54                SIZEOF_B = (. - STARTOF_B)
                0x06034d54                ENDOF_B = .
                0x06034d54                _end = .
OUTPUT(main.cof coff-sh)

.comment        0x06034d60      0x500
 .comment       0x06034d60       0x20 ../sbl6/segasmp/lib/strt2_g.o
 .comment       0x06034d80       0x20 vblank.o
 .comment       0x06034da0       0x20 ../sbl6/segasmp/per/smpclib/per_x1.o
 .comment       0x06034dc0       0x20 ../sbl6/segasmp/per/smpclib/per_x2.o
 .comment       0x06034de0       0x20 blocks.o
 .comment       0x06034e00       0x20 cd.o
 .comment       0x06034e20       0x20 collision.o
 .comment       0x06034e40       0x20 enemylist.o
 .comment       0x06034e60       0x20 graphics.o
 .comment       0x06034e80       0x20 player.o
 .comment       0x06034ea0       0x20 print.o
 .comment       0x06034ec0       0x20 sprite.o
 .comment       0x06034ee0       0x20 spritecode/explosion.o
 .comment       0x06034f00       0x20 spritecode/float.o
 .comment       0x06034f20       0x20 scroll.o
 .comment       0x06034f40       0x20 main.o
 .comment       0x06034f60       0x20 C:/saturn/SH_COFF/sh-coff/bin/../lib/gcc/sh-coff/3.4-GNUSH_v0501\libgcc.a(__main.o)
 .comment       0x06034f80       0x20 C:/saturn/SH_COFF/sh-coff/bin/../lib/gcc/sh-coff/3.4-GNUSH_v0501\libgcc.a(_mul_df.o)
 .comment       0x06034fa0       0x20 C:/saturn/SH_COFF/sh-coff/bin/../lib/gcc/sh-coff/3.4-GNUSH_v0501\libgcc.a(_si_to_df.o)
 .comment       0x06034fc0       0x20 C:/saturn/SH_COFF/sh-coff/bin/../lib/gcc/sh-coff/3.4-GNUSH_v0501\libgcc.a(_df_to_si.o)
 .comment       0x06034fe0       0x20 C:/saturn/SH_COFF/sh-coff/bin/../lib/gcc/sh-coff/3.4-GNUSH_v0501\libgcc.a(_unpack_df.o)
 .comment       0x06035000       0x20 C:/saturn/SH_COFF/sh-coff/bin/../lib/gcc/sh-coff/3.4-GNUSH_v0501\libgcc.a(_pack_df.o)
 .comment       0x06035020       0x20 C:/saturn/SH_COFF/sh-coff/bin/../lib/gcc/sh-coff/3.4-GNUSH_v0501\libgcc.a(_thenan_df.o)
 .comment       0x06035040       0x20 C:/saturn/SH_COFF/sh-coff/bin/../lib/gcc/sh-coff/3.4-GNUSH_v0501\libgcc.a(_muldi3.o)
 .comment       0x06035060       0x20 C:/saturn/SH_COFF/sh-coff/bin/../lib/gcc/sh-coff/3.4-GNUSH_v0501\libgcc.a(_lshrdi3.o)
 .comment       0x06035080       0x20 C:/saturn/SH_COFF/sh-coff/bin/../lib/gcc/sh-coff/3.4-GNUSH_v0501\libgcc.a(_ashldi3.o)
 .comment       0x060350a0       0x20 C:/saturn/SH_COFF/sh-coff/bin/../lib/gcc/sh-coff/3.4-GNUSH_v0501/../../../../sh-coff/lib\libc.a(memcmp.o)
 .comment       0x060350c0       0x20 C:/saturn/SH_COFF/sh-coff/bin/../lib/gcc/sh-coff/3.4-GNUSH_v0501/../../../../sh-coff/lib\libc.a(strncmp.o)
 .comment       0x060350e0       0x20 C:/saturn/SH_COFF/sh-coff/bin/../lib/gcc/sh-coff/3.4-GNUSH_v0501/../../../../sh-coff/lib\libc.a(strncpy.o)
 .comment       0x06035100       0x20 C:/saturn/SH_COFF/sh-coff/bin/../lib/gcc/sh-coff/3.4-GNUSH_v0501/../../../../sh-coff/lib\libc.a(atexit.o)
 .comment       0x06035120       0x20 C:/saturn/SH_COFF/sh-coff/bin/../lib/gcc/sh-coff/3.4-GNUSH_v0501/../../../../sh-coff/lib\libc.a(impure.o)
 .comment       0x06035140       0x20 C:/saturn/SH_COFF/sh-coff/bin/../lib/gcc/sh-coff/3.4-GNUSH_v0501/../../../../sh-coff/lib\libc.a(malloc.o)
 .comment       0x06035160       0x20 C:/saturn/SH_COFF/sh-coff/bin/../lib/gcc/sh-coff/3.4-GNUSH_v0501/../../../../sh-coff/lib\libc.a(mallocr.o)
 .comment       0x06035180       0x20 C:/saturn/SH_COFF/sh-coff/bin/../lib/gcc/sh-coff/3.4-GNUSH_v0501/../../../../sh-coff/lib\libc.a(freer.o)
 .comment       0x060351a0       0x20 C:/saturn/SH_COFF/sh-coff/bin/../lib/gcc/sh-coff/3.4-GNUSH_v0501/../../../../sh-coff/lib\libc.a(mlock.o)
 .comment       0x060351c0       0x20 C:/saturn/SH_COFF/sh-coff/bin/../lib/gcc/sh-coff/3.4-GNUSH_v0501/../../../../sh-coff/lib\libc.a(sbrkr.o)
 .comment       0x060351e0       0x20 C:/saturn/SH_COFF/sh-coff/bin/../lib/gcc/sh-coff/3.4-GNUSH_v0501/../../../../sh-coff/lib\libc.a(syscalls.o)
 .comment       0x06035200       0x20 C:/saturn/SH_COFF/sh-coff/bin/../lib/gcc/sh-coff/3.4-GNUSH_v0501/../../../../sh-coff/lib\libc.a(abort.o)
 .comment       0x06035220       0x20 C:/saturn/SH_COFF/sh-coff/bin/../lib/gcc/sh-coff/3.4-GNUSH_v0501/../../../../sh-coff/lib\libc.a(signal.o)
 .comment       0x06035240       0x20 C:/saturn/SH_COFF/sh-coff/bin/../lib/gcc/sh-coff/3.4-GNUSH_v0501/../../../../sh-coff/lib\libc.a(signalr.o)
