Archive member included because of file (symbol)

../sbl6/segalib/lib/sega_int.a(int.o)
                              vblank.o (INT_SetScuFunc)
../sbl6/segalib/lib/sega_int.a(int_trmp.o)
                              ../sbl6/segalib/lib/sega_int.a(int.o) (__interrupt_handler0)
../sbl6/segalib/lib/sega_spr.a(spr_2c.o)
                              sprite.o (SPR_2Initial)
../sbl6/segalib/lib/sega_spr.a(spr_slv.o)
                              ../sbl6/segalib/lib/sega_spr.a(spr_2c.o) (SPR_InitSlaveSH)
../sbl6/segalib/lib/sega_spr.a(spr_1c.o)
                              ../sbl6/segalib/lib/sega_spr.a(spr_2c.o) (SPR_Initial)
../sbl6/segalib/lib/sega_spr.a(spr_2a.o)
                              ../sbl6/segalib/lib/sega_spr.a(spr_2c.o) (SPR_2SetDrawPrty)
../sbl6/segalib/lib/sega_scl.a(scl_vblv.o)
                              ../sbl6/segalib/lib/sega_spr.a(spr_1c.o) (SpFrameChgMode)
../sbl6/segalib/lib/sega_scl.a(scl_func.o)
                              sprite.o (SCL_Vdp2Init)
../sbl6/segalib/lib/sega_scl.a(scl_pr03.o)
                              sprite.o (SCL_AllocColRam)
../sbl6/segalib/lib/sega_scl.a(scl_pr02.o)
                              sprite.o (SCL_SetColRam)
../sbl6/segalib/lib/sega_scl.a(scl_back.o)
                              scroll.o (SCL_SetBack)
../sbl6/segalib/lib/sega_scl.a(scl_fu05.o)
                              scroll.o (SCL_InitLineParamTb)
../sbl6/segalib/lib/sega_scl.a(scl_fu03.o)
                              scroll.o (SCL_InitConfigTb)
../sbl6/segalib/lib/sega_scl.a(scl_fu02.o)
                              scroll.o (SCL_InitVramConfigTb)
../sbl6/segalib/lib/sega_scl.a(scl_fu04.o)
                              scroll.o (SCL_SetCycleTable)
../sbl6/segalib/lib/sega_scl.a(scl_pr07.o)
                              scroll.o (SCL_SetPriority)
../sbl6/segalib/lib/sega_scl.a(scl_pr01.o)
                              main.o (SCL_SetSpriteMode)
../sbl6/segalib/lib/sega_scl.a(scl_pri.o)
                              ../sbl6/segalib/lib/sega_scl.a(scl_func.o) (SclRealOtherPri)
../sbl6/segalib/lib/sega_scl.a(scl_ro00.o)
                              ../sbl6/segalib/lib/sega_scl.a(scl_func.o) (SCL_Rotate)
../sbl6/segalib/lib/sega_scl.a(scl_pr06.o)
                              ../sbl6/segalib/lib/sega_scl.a(scl_pr03.o) (SCL_SetColRamOffset)
../sbl6/segalib/lib/sega_scl.a(scl_pr05.o)
                              ../sbl6/segalib/lib/sega_scl.a(scl_pr02.o) (SCL_GetColRamOffset)
../sbl6/segalib/lib/sega_mth.a(mth_fixd.o)
                              sprite.o (MTH_Mul)
../sbl6/segalib/lib/sega_mth.a(mth_tri.o)
                              sprite.o (MTH_Sin)
../sbl6/segalib/lib/sega_per.a(per_prt.o)
                              ../sbl6/segasmp/per/smpclib/per_x2.o (PER_LInit)
../sbl6/segalib/lib/sega_sat.a(gfs.o)
                              cd.o (GFS_Init)
../sbl6/segalib/lib/sega_sat.a(DMA_SCU1.o)
                              ../sbl6/segalib/lib/sega_spr.a(spr_2c.o) (DMA_ScuMemCopy)
../sbl6/segalib/lib/sega_sat.a(gfs_cdf.o)
                              ../sbl6/segalib/lib/sega_sat.a(gfs.o) (GFCF_Init)
../sbl6/segalib/lib/sega_sat.a(gfs_dir.o)
                              ../sbl6/segalib/lib/sega_sat.a(gfs.o) (GFDR_SetupDirTbl)
../sbl6/segalib/lib/sega_sat.a(gfs_trn.o)
                              ../sbl6/segalib/lib/sega_sat.a(gfs.o) (GFTR_Setup)
../sbl6/segalib/lib/sega_sat.a(gfs_buf.o)
                              ../sbl6/segalib/lib/sega_sat.a(gfs.o) (GFBF_GetNumData)
../sbl6/segalib/lib/sega_sat.a(gfs_cdb.o)
                              ../sbl6/segalib/lib/sega_sat.a(gfs_cdf.o) (GFCB_Setup)
../sbl6/segalib/lib/sega_sat.a(gfs_cdc.o)
                              ../sbl6/segalib/lib/sega_sat.a(gfs.o) (GFCD_SetCdbfs)
../sbl6/segalib/lib/sega_sat.a(DMA_SCU0.o)
                              ../sbl6/segalib/lib/sega_sat.a(DMA_SCU1.o) (DMA_ScuSetPrm)
../sbl6/segalib/lib/sega_sat.a(csh_main.o)
                              ../sbl6/segalib/lib/sega_sat.a(DMA_SCU1.o) (CSH_Purge)
../sbl6/segalib/lib/sega_sat.a(DMA_CPU0.o)
                              ../sbl6/segalib/lib/sega_sat.a(gfs_trn.o) (DMA_CpuSetComPrm)
../sbl6/segalib/lib/sega_sat.a(cdc_reg.o)
                              ../sbl6/segalib/lib/sega_sat.a(gfs_cdb.o) (CDC_GetDataPtr)
../sbl6/segalib/lib/sega_sat.a(cdc_cfs.o)
                              ../sbl6/segalib/lib/sega_sat.a(gfs_cdc.o) (CDC_ChgDir)
../sbl6/segalib/lib/sega_sat.a(cdc_cmn.o)
                              ../sbl6/segalib/lib/sega_sat.a(gfs_cdc.o) (CDC_GetCurStat)
../sbl6/segalib/lib/sega_sat.a(cdc_bio.o)
                              ../sbl6/segalib/lib/sega_sat.a(gfs_cdc.o) (CDC_SetSctLen)
../sbl6/segalib/lib/sega_sat.a(cdc_sel.o)
                              ../sbl6/segalib/lib/sega_sat.a(gfs_cdc.o) (CDC_SetFiltRange)
../sbl6/segalib/lib/sega_sat.a(cdc_drv.o)
                              ../sbl6/segalib/lib/sega_sat.a(gfs_cdc.o) (CDC_CdPlay)
../sbl6/segalib/lib/sega_sat.a(cdc_bif.o)
[...]
Memory Configuration

Name             Origin             Length             Attributes
*default*        0x00000000         0xffffffff

Linker script and memory map

LOAD ../sbl6/segasmp/lib/strt1_g.o
LOAD ../sbl6/segasmp/lib/strt2_g.o
LOAD vblank.o
LOAD ../sbl6/segasmp/per/smpclib/per_x1.o
LOAD ../sbl6/segasmp/per/smpclib/per_x2.o
LOAD ../sbl6/segasmp/per/smpclib/per_x3.o
LOAD blocks.o
LOAD cd.o
LOAD collision.o
LOAD enemylist.o
LOAD graphics.o
LOAD player.o
LOAD print.o
LOAD sprite.o
LOAD spritecode/explosion.o
LOAD spritecode/float.o
LOAD scroll.o
LOAD main.o
LOAD ../sbl6/segalib/lib/sega_int.a
LOAD ../sbl6/segalib/lib/sega_spr.a
LOAD ../sbl6/segalib/lib/sega_scl.a
LOAD ../sbl6/segalib/lib/sega_mth.a
LOAD ../sbl6/segalib/lib/sega_cdc.a
LOAD ../sbl6/segalib/lib/sega_adp.a
LOAD ../sbl6/segalib/lib/sega_per.a
LOAD ../sbl6/segalib/lib/sega_sat.a
LOAD C:/saturn/SH_COFF/sh-coff/bin/../lib/gcc/sh-coff/3.4-GNUSH_v0501\libgcc.a
LOAD C:/saturn/SH_COFF/sh-coff/bin/../lib/gcc/sh-coff/3.4-GNUSH_v0501/../../../../sh-coff/lib\libc.a
LOAD C:/saturn/SH_COFF/sh-coff/bin/../lib/gcc/sh-coff/3.4-GNUSH_v0501\libgcc.a

.text           0x06010000    0x14560
 *(.text)
 .text          0x06010000       0x30 ../sbl6/segasmp/lib/strt1_g.o
                0x06010024                _D_END
                0x06010020                _D_BGN
                0x0601002c                _B_END
                0x06010028                _B_BGN
                0x06010000                START
 .text          0x06010030       0x60 ../sbl6/segasmp/lib/strt2_g.o
                0x06010050                _INITSCT
                0x06010030                _INIT
 .text          0x06010090      0x180 vblank.o
                0x06010090                SetVblank
                0x06010110                UsrVblankOut
                0x060100f0                UsrVblankIn
 .text          0x06010210      0x430 ../sbl6/segasmp/per/smpclib/per_x1.o
                0x060105a4                PER_GetAnalogXYZ
                0x06010234                PER_GetTriggerHandler
                0x060104ce                PER_GetEdge
                0x0601044c                PER_GetTrigger
                0x060104f8                PER_GetPressEdge
                0x0601054c                PER_GetReleaseEdge
                0x06010210                PER_SetTriggerHandler
 .text          0x06010640      0x200 ../sbl6/segasmp/per/smpclib/per_x2.o
                0x06010744                PER_GetDeviceA
                0x06010640                PER_OpenPort
                0x06010678                PER_GetPort
                0x060107be                PER_GetDeviceR
 .text          0x06010840       0x20 ../sbl6/segasmp/per/smpclib/per_x3.o
                0x06010840                PER_DisguiseTrigger
 .text          0x06010860       0xd0 blocks.o
                0x06010860                block_get
                0x060108c0                block_check
                0x060108f0                block_spike
 .text          0x06010930       0xa0 cd.o
                0x06010930                cd_init
                0x06010960                cd_load
 .text          0x060109d0      0x9d0 collision.o
                0x060109d0                collision_check_up
                0x06011200                collision_eject_horiz
                0x06011360                collision_player
                0x06010fe0                collision_eject_vert
                0x06010d00                collision_check
                0x06010bc0                collision_check_left
                0x06010c50                collision_check_right
                0x06010f30                collision_spikes
                0x06010b00                collision_check_below
                0x06010a40                collision_check_down
 .text          0x060113a0       0x80 enemylist.o
                0x060113a0                enemylist_spawn
 .text          0x06011420      0x6a0 player.o
                0x060114b0                player_killenemy
                0x06011420                player_frames
                0x06011630                player_input
                0x06011430                player_init
                0x060114d0                player_die
                0x060119d0                player_draw
                0x06011480                player_cankill
                0x06011530                player_animate
 .text          0x06011ac0      0x170 print.o
                0x06011b90                print_display
                0x06011b00                print_num
                0x06011ac0                print_init
                0x06011b50                print_string
 .text          0x06011c30      0x6e0 sprite.o
                0x06011c60                sprite_init
                0x06012150                sprite_make
                0x06012280                sprite_next
                0x060122e0                sprite_delete
                0x06012190                sprite_draw_all
                0x06011c30                sprite_deleteall
                0x06011f00                sprite_draw
 .text          0x06012310       0xe0 spritecode/explosion.o
                0x06012380                explosion_move
                0x06012310                explosion_make
 .text          0x060123f0      0x180 spritecode/float.o
                0x060123f0                float_make
                0x06012460                float_move
 .text          0x06012570      0x8c0 scroll.o
                0x06012570                scroll_move
                0x06012b80                scroll_get
                0x06012be0                scroll_copy
                0x060126c0                scroll_set
                0x06012d10                scroll_reset
                0x06012d70                scroll_linescroll4
                0x060127d0                scroll_init
                0x060126f0                scroll_scale
 .text          0x06012e30      0x1a0 main.o
                0x06012e30                main
 .text          0x06012fd0       0x40 ../sbl6/segalib/lib/sega_int.a(int.o)
                0x06012ffc                INT_GetScuFunc
                0x06012fd0                INT_SetScuFunc
 .text          0x06013010      0x624 ../sbl6/segalib/lib/sega_int.a(int_trmp.o)
                0x06013178                __interrupt_handler60
                0x06013328                __interrupt_handler132
                0x060134de                __interrupt_handler205
                0x06013346                __interrupt_handler137
                0x06013274                __interrupt_handler102
                0x060130b2                __interrupt_handler27
                0x060134b4                __interrupt_handler198
                0x060133a6                __interrupt_handler153
                0x0601308e                __interrupt_handler21
                0x0601319c                __interrupt_handler66
                0x0601328c                __interrupt_handler106
                0x060133d6                __interrupt_handler161
                0x06013220                __interrupt_handler88
                0x060133ee                __interrupt_handler165
                0x060132fe                __interrupt_handler125
                0x06013034                __interrupt_handler6
                0x060130d0                __interrupt_handler32
                0x0601348a                __interrupt_handler191
                0x060135a4                __interrupt_handler238
                0x060135bc                __interrupt_handler242
                0x060133c4                __interrupt_handler158
                0x0601322c                __interrupt_handler90
                0x060133e8                __interrupt_handler164
                0x0601310c                __interrupt_handler42
                0x0601344e                __interrupt_handler181
                0x06013556                __interrupt_handler225
                0x060135fe                __interrupt_handler253
                0x06013412                __interrupt_handler171
                0x060131cc                __interrupt_handler74
                0x06013022                __interrupt_handler3
                0x06013166                __interrupt_handler57
                0x06013064                __interrupt_handler14
                0x060134fc                __interrupt_handler210
                0x0601352c                __interrupt_handler218
                0x060134f0                __interrupt_handler208
                0x060130f4                __interrupt_handler38
                0x06013010                __interrupt_handler0
                0x06013280                __interrupt_handler104
                0x060133be                __interrupt_handler157
                0x0601350e                __interrupt_handler213
                0x06013400                __interrupt_handler168
                0x0601320e                __interrupt_handler85
                0x060132aa                __interrupt_handler111
                0x060132bc                __interrupt_handler114
                0x0601312a                __interrupt_handler47
                0x06013580                __interrupt_handler232
                0x0601354a                __interrupt_handler223
                0x0601359e                __interrupt_handler237
                0x0601318a                __interrupt_handler63
                0x06013118                __interrupt_handler44
                0x0601342a                __interrupt_handler175
                0x06013454                __interrupt_handler182
                0x0601346c                __interrupt_handler186
                0x0601336a                __interrupt_handler143
                0x06013292                __interrupt_handler107
                0x060132f8                __interrupt_handler124
                0x06013418                __interrupt_handler172
                0x060135ce                __interrupt_handler245
                0x0601324a                __interrupt_handler95
                0x06013322                __interrupt_handler131
                0x06013334                __interrupt_handler134
                0x06013352                __interrupt_handler139
                0x060131c0                __interrupt_handler72
                0x0601357a                __interrupt_handler231
                0x060133d0                __interrupt_handler160
                0x06013316                __interrupt_handler129
                0x06013088                __interrupt_handler20
                0x06013196                __interrupt_handler65
                0x06013160                __interrupt_handler56
                0x0601305e                __interrupt_handler13
                0x060134f6                __interrupt_handler209
                0x060132b0                __interrupt_handler112
                0x06013082                __interrupt_handler19
                0x0601323e                __interrupt_handler93
                0x060134a8                __interrupt_handler196
                0x0601339a                __interrupt_handler151
                0x060133fa                __interrupt_handler167
                0x06013610                __trampoline
                0x06013076                __interrupt_handler17
                0x06013568                __interrupt_handler228
                0x0601360a                __interrupt_handler255
                0x060135c8                __interrupt_handler244
                0x06013262                __interrupt_handler99
                0x0601345a                __interrupt_handler183
                0x06013358                __interrupt_handler140
                0x0601347e                __interrupt_handler189
                0x0601337c                __interrupt_handler146
                0x06013544                __interrupt_handler222
                0x060133b8                __interrupt_handler156
                0x060132ec                __interrupt_handler122
                0x060135e0                __interrupt_handler248
                0x06013130                __interrupt_handler48
                0x060131ae                __interrupt_handler69
                0x060130a0                __interrupt_handler24
                0x06013226                __interrupt_handler89
                0x0601351a                __interrupt_handler215
                0x06013604                __interrupt_handler254
                0x0601321a                __interrupt_handler87
                0x0601317e                __interrupt_handler61
                0x060134a2                __interrupt_handler195
                0x06013394                __interrupt_handler150
                0x06013106                __interrupt_handler41
                0x060132a4                __interrupt_handler110
                0x0601330a                __interrupt_handler127
                0x06013298                __interrupt_handler108
                0x060132b6                __interrupt_handler113
                0x060132c8                __interrupt_handler116
                0x060132e6                __interrupt_handler121
                0x060131de                __interrupt_handler77
                0x060130fa                __interrupt_handler39
                0x06013112                __interrupt_handler43
                0x060135e6                __interrupt_handler249
                0x06013424                __interrupt_handler174
                0x06013340                __interrupt_handler136
                0x06013478                __interrupt_handler188
                0x06013376                __interrupt_handler145
                0x06013046                __interrupt_handler9
                0x060131ea                __interrupt_handler79
                0x06013562                __interrupt_handler227
                0x060130dc                __interrupt_handler34
                0x0601331c                __interrupt_handler130
                0x060135da                __interrupt_handler247
                0x060131d2                __interrupt_handler75
                0x0601341e                __interrupt_handler173
                0x0601314e                __interrupt_handler53
                0x0601338e                __interrupt_handler149
                0x060135f2                __interrupt_handler251
                0x06013586                __interrupt_handler233
                0x0601304c                __interrupt_handler10
                0x060134d8                __interrupt_handler204
                0x060131fc                __interrupt_handler82
                0x06013202                __interrupt_handler83
                0x060130a6                __interrupt_handler25
                0x060135c2                __interrupt_handler243
                0x060133dc                __interrupt_handler162
                0x06013124                __interrupt_handler46
                0x0601343c                __interrupt_handler178
                0x060131f0                __interrupt_handler80
                0x06013184                __interrupt_handler62
                0x0601301c                __interrupt_handler2
                0x060130be                __interrupt_handler29
                0x060131b4                __interrupt_handler70
                0x0601329e                __interrupt_handler109
                0x06013388                __interrupt_handler148
                0x06013244                __interrupt_handler94
                0x06013550                __interrupt_handler224
                0x0601327a                __interrupt_handler103
                0x060130e8                __interrupt_handler36
                0x06013304                __interrupt_handler126
                0x060135d4                __interrupt_handler246
                0x0601315a                __interrupt_handler55
                0x06013058                __interrupt_handler12
                0x06013148                __interrupt_handler52
                0x06013472                __interrupt_handler187
                0x06013370                __interrupt_handler144
                0x060132ce                __interrupt_handler117
                0x0601307c                __interrupt_handler18
                0x060134ae                __interrupt_handler197
                0x060133a0                __interrupt_handler152
                0x060132d4                __interrupt_handler118
                0x0601340c                __interrupt_handler170
                0x060134c6                __interrupt_handler201
                0x06013256                __interrupt_handler97
                0x060133e2                __interrupt_handler163
                0x06013448                __interrupt_handler180
                0x06013490                __interrupt_handler192
                0x060135b0                __interrupt_handler240
                0x060132f2                __interrupt_handler123
                0x06013514                __interrupt_handler214
                0x060130ca                __interrupt_handler31
                0x060130b8                __interrupt_handler28
                0x060131a2                __interrupt_handler67
                0x060131a8                __interrupt_handler68
                0x06013094                __interrupt_handler22
                0x0601309a                __interrupt_handler23
                0x06013430                __interrupt_handler176
                0x0601303a                __interrupt_handler7
                0x0601353e                __interrupt_handler221
                0x06013526                __interrupt_handler217
                0x0601356e                __interrupt_handler229
                0x06013136                __interrupt_handler49
                0x06013028                __interrupt_handler4
                0x06013100                __interrupt_handler40
                0x060132c2                __interrupt_handler115
                0x06013592                __interrupt_handler235
                0x06013232                __interrupt_handler91
                0x060134e4                __interrupt_handler206
                0x06013436                __interrupt_handler177
                0x06013382                __interrupt_handler147
                0x060130ee                __interrupt_handler37
                0x060135ec                __interrupt_handler250
                0x06013016                __interrupt_handler1
                0x06013532                __interrupt_handler219
                0x060131d8                __interrupt_handler76
                0x06013268                __interrupt_handler100
                0x0601316c                __interrupt_handler58
                0x0601306a                __interrupt_handler15
                0x06013508                __interrupt_handler212
                0x060135b6                __interrupt_handler241
                0x060134cc                __interrupt_handler202
                0x06013496                __interrupt_handler193
                0x060131e4                __interrupt_handler78
                0x0601313c                __interrupt_handler50
                0x060130d6                __interrupt_handler33
                0x060133f4                __interrupt_handler166
                0x0601334c                __interrupt_handler138
                0x0601333a                __interrupt_handler135
                0x060130c4                __interrupt_handler30
                0x06013460                __interrupt_handler184
                0x0601335e                __interrupt_handler141
                0x06013574                __interrupt_handler230
                0x06013598                __interrupt_handler236
                0x060132da                __interrupt_handler119
                0x06013214                __interrupt_handler86
                0x06013286                __interrupt_handler105
                0x060131f6                __interrupt_handler81
                0x060132e0                __interrupt_handler120
                0x06013310                __interrupt_handler128
                0x06013154                __interrupt_handler54
                0x06013052                __interrupt_handler11
                0x060134ba                __interrupt_handler199
                0x060133ac                __interrupt_handler154
                0x0601311e                __interrupt_handler45
                0x06013520                __interrupt_handler216
                0x060134d2                __interrupt_handler203
                0x0601326e                __interrupt_handler101
                0x06013208                __interrupt_handler84
                0x06013466                __interrupt_handler185
                0x06013364                __interrupt_handler142
                0x060130ac                __interrupt_handler26
                0x06013190                __interrupt_handler64
                0x060134c0                __interrupt_handler200
                0x060134ea                __interrupt_handler207
                0x0601349c                __interrupt_handler194
                0x06013238                __interrupt_handler92
                0x060133b2                __interrupt_handler155
                0x06013502                __interrupt_handler211
                0x0601332e                __interrupt_handler133
                0x0601302e                __interrupt_handler5
                0x060131c6                __interrupt_handler73
                0x06013070                __interrupt_handler16
                0x060135aa                __interrupt_handler239
                0x0601358c                __interrupt_handler234
                0x060130e2                __interrupt_handler35
                0x06013172                __interrupt_handler59
                0x06013406                __interrupt_handler169
                0x0601325c                __interrupt_handler98
                0x060131ba                __interrupt_handler71
                0x06013142                __interrupt_handler51
                0x060133ca                __interrupt_handler159
                0x0601355c                __interrupt_handler226
                0x06013250                __interrupt_handler96
                0x06013484                __interrupt_handler190
                0x06013538                __interrupt_handler220
                0x06013040                __interrupt_handler8
                0x06013442                __interrupt_handler179
                0x060135f8                __interrupt_handler252
 *fill*         0x06013634        0xc 00
 .text          0x06013640     0x12a0 ../sbl6/segalib/lib/sega_spr.a(spr_2c.o)
                0x060148a0                SlaveFlushDrawPrtyBlock
                0x06013640                SPR_2Initial
                0x06013e84                SPR_2SysClip
                0x06013e24                SPR_2LocalCoord
                0x0601471c                SPR_2FlushDrawPrtyBlock
                0x06014408                SPR_2DistSpr
                0x06013e0c                SPR_2FlushDrawPrty
                0x0601452c                SPR_2Cmd
                0x06013b08                SPR_2GourTblNoToVram
                0x06013b68                SPR_2GetAreaSizeInfo
                0x060138d0                SPR_2SetGourTbl
                0x060140bc                SPR_2Polygon
                0x06013b44                SPR_2CharNoToVram
                0x06013850                SPR_2SetTvMode
                0x06013cac                SPR_2CloseCommand
                0x0601388c                SPR_2FrameEraseData
                0x06013668                SPR_2Initial2
                0x0601429c                SPR_2ScaleSpr
                0x06013f2c                SPR_2Line
                0x06013bf8                SPR_2OpenCommand
                0x0601386c                SPR_2FrameChgIntr
                0x06014178                SPR_2NormSpr
                0x06013900                SPR_2SetLookupTbl
                0x06013934                SPR_2SetChar
                0x06013b2c                SPR_2LookupTblNoToVram
                0x06014000                SPR_2PolyLine
                0x06013aa0                SPR_2ClrAllChar
                0x06013a54                SPR_2ClrChar
                0x06013ed0                SPR_2UserClip
 .text          0x060148e0      0x1e6 ../sbl6/segalib/lib/sega_spr.a(spr_slv.o)
                0x06014a44                SPR_WaitEndSlaveSH
                0x060148e0                SPR_SMPC_SSHON
                0x06014a20                SPR_RunSlaveSH
                0x060148e4                SPR_InitSlaveSH
                0x060149ac                SPR_SlaveSHmain
                0x060148e1                SPR_SMPC_SSHOFF
 *fill*         0x06014ac6        0xa 00
 .text          0x06014ad0      0x36a ../sbl6/segalib/lib/sega_spr.a(spr_1c.o)
                0x06014d84                SPR_WaitDrawEnd
                0x06014d9c                SPR_SetEosMode
                0x06014cb4                SPR_SetEraseData
                0x06014ad0                SPR_Initial
                0x06014ba8                SPR_SetTvMode
                0x06014c40                SPR_GetStatus
 *fill*         0x06014e3a        0x6 00
 .text          0x06014e40      0x244 ../sbl6/segalib/lib/sega_spr.a(spr_2a.o)
                0x06014e52                sprMemCpyW
                0x06014eb0                flushDrawPrtyBlock
                0x06014e40                sprMemCpyL
                0x06014e64                SPR_2SetDrawPrty
 *fill*         0x06015084        0xc 00
 .text          0x06015090      0x2fc ../sbl6/segalib/lib/sega_scl.a(scl_vblv.o)
                0x0601514c                SCL_DisplayFrame
                0x06015090                SCL_SetFrameInterval
                0x06015180                SCL_VblInit
                0x060151d0                SCL_VblankStart
                0x06015214                SCL_VblankEnd
 *fill*         0x0601538c        0x4 00
 .text          0x06015390      0xb9c ../sbl6/segalib/lib/sega_scl.a(scl_func.o)
                0x06015d6c                SCL_Vdp2_SGLInit
                0x06015c7c                SCL_PriIntProc
                0x06015bf4                SCL_Memcpyw
                0x06015f0c                SCL_SglOff
                0x06015eec                SCL_SglOn
                0x06015b60                SCL_ScrollShow
                0x06015608                SCL_Close
                0x06015900                SCL_Scale
                0x06015390                SCL_Vdp2Init
                0x06015774                SCL_Move
                0x06015a3c                SCL_CopyReg
                0x060155e4                SCL_Open
                0x06015414                SCL_ParametersInit
                0x06015624                SCL_MoveTo
                0x06015c1c                SCL_SetColRamMode
 *fill*         0x06015f2c        0x4 00
 .text          0x06015f30      0x138 ../sbl6/segalib/lib/sega_scl.a(scl_pr03.o)
                0x06015f30                SCL_FreeColRam
                0x06015f68                SCL_AllocColRam
 *fill*         0x06016068        0x8 00
 .text          0x06016070       0x9c ../sbl6/segalib/lib/sega_scl.a(scl_pr02.o)
                0x06016070                SCL_SetColRam
 *fill*         0x0601610c        0x4 00
 .text          0x06016110       0x84 ../sbl6/segalib/lib/sega_scl.a(scl_back.o)
                0x06016110                SCL_SetBack
 *fill*         0x06016194        0xc 00
 .text          0x060161a0      0x278 ../sbl6/segalib/lib/sega_scl.a(scl_fu05.o)
                0x0601625c                SCL_SetLineParam
                0x060161a8                SCL_InitLineParamTb
 *fill*         0x06016418        0x8 00
 .text          0x06016420      0x94c ../sbl6/segalib/lib/sega_scl.a(scl_fu03.o)
                0x0601647c                SCL_SetConfig
                0x06016420                SCL_InitConfigTb
 *fill*         0x06016d6c        0x4 00
 .text          0x06016d70      0x4f4 ../sbl6/segalib/lib/sega_scl.a(scl_fu02.o)
                0x06016da8                SCL_SetVramConfig
                0x06016d70                SCL_InitVramConfigTb
 *fill*         0x06017264        0xc 00
 .text          0x06017270       0x28 ../sbl6/segalib/lib/sega_scl.a(scl_fu04.o)
                0x06017270                SCL_SetCycleTable
 *fill*         0x06017298        0x8 00
 .text          0x060172a0      0x214 ../sbl6/segalib/lib/sega_scl.a(scl_pr07.o)
                0x060172a0                SCL_SetPriority
 *fill*         0x060174b4        0xc 00
 .text          0x060174c0       0x58 ../sbl6/segalib/lib/sega_scl.a(scl_pr01.o)
                0x060174c0                SCL_SetSpriteMode
 *fill*         0x06017518        0x8 00
 .text          0x06017520     0x10a4 ../sbl6/segalib/lib/sega_scl.a(scl_pri.o)
                0x060175b4                SCL_AbortAutoVe
                0x06018464                SCL_SetShadowBit
                0x06017a2c                SCL_AutoExec
                0x06017520                SCL_PriorityInit
                0x06017f40                SCL_IncColOffset
                0x060175c8                SCL_SetColMixRate
                0x06017598                SCL_GetColRamMode
 *fill*         0x060185c4        0xc 00
 .text          0x060185d0     0x1394 ../sbl6/segalib/lib/sega_scl.a(scl_ro00.o)
                0x060197bc                SCL_RotateZD
                0x06018a84                SCL_Rotate
                0x06018758                SCL_InitRotateTable
 *fill*         0x06019964        0xc 00
 .text          0x06019970      0x1b4 ../sbl6/segalib/lib/sega_scl.a(scl_pr06.o)
                0x06019970                SCL_SetColRamOffset
 *fill*         0x06019b24        0xc 00
 .text          0x06019b30       0xac ../sbl6/segalib/lib/sega_scl.a(scl_pr05.o)
                0x06019b30                SCL_GetColRamOffset
 *fill*         0x06019bdc        0x4 00
 .text          0x06019be0       0xa4 ../sbl6/segalib/lib/sega_mth.a(mth_fixd.o)
                0x06019c30                MTH_FixedToInt
                0x06019c20                MTH_IntToFixed
                0x06019be0                MTH_Mul
                0x06019c40                MTH_Product
                0x06019c00                MTH_Div
 *fill*         0x06019c84        0xc 00
 .text          0x06019c90      0x600 ../sbl6/segalib/lib/sega_mth.a(mth_tri.o)
                0x06019d2c                fcos
                0x06019d32                fsin
                0x06019cdc                MTH_Cos
                0x06019c90                MTH_Sin
                0x06019ed0                MTH_Atan
 .text          0x0601a290      0xf50 ../sbl6/segalib/lib/sega_per.a(per_prt.o)
                0x0601a6b0                PER_IntFunc
                0x0601a4a8                PER_LGetPer
                0x0601a290                PER_LInit
 .text          0x0601b1e0     0x1b04 ../sbl6/segalib/lib/sega_sat.a(gfs.o)
                0x0601b1e0                gfs_version
                0x0601c454                gfs_mngGetNumFile
                0x0601cbd4                gfs_closeSub
                0x0601bf70                GFS_SetGmode
                0x0601c22c                GFS_SetErrFunc
                0x0601c37c                gfs_mngSetupFuncTbl
                0x0601b538                GFS_Reset
                0x0601c2a4                gfs_chgRoot
                0x0601c370                gfs_aborttrans
                0x0601c654                gfs_svrAddHndl
                0x0601c504                gfs_mngFreeGrp
                0x0601c27c                GFS_ConvTno
                0x0601c808                gfs_getRootDir
                0x0601c258                GFS_GetErrStat
                0x0601b6a8                GFS_Seek
                0x0601bd14                GFS_NwStop
                0x0601c510                gfs_mngTermAccess
                0x0601b5bc                GFS_Open
                0x0601c4bc                GFS_mngAllocGrp
                0x0601cc1c                gfs_isTaskDone
                0x0601ba14                GFS_Fread
                0x0601c174                GFS_StartTrans
                0x0601cb70                gfs_GetFinfo
                0x0601c3b0                gfs_mngInitWork
                0x0601b800                GFS_ByteToSct
                0x0601c614                gfs_svrSearchHndl
                0x0601c904                gfs_loadRootDir
                0x0601b45c                GFS_IdToName
                0x0601bb58                GFS_NwFread
                0x0601c0a4                GFS_SetTransPara
                0x0601bc64                GFS_NwCdRead
                0x0601c744                gfs_loadVol
                0x0601c040                GFS_SetReadPara
                0x0601b75c                GFS_Tell
                0x0601bfd4                GFS_SetTmode
                0x0601cad8                GFS_GetFad
                0x0601c110                GFS_SetTrFunc
                0x0601c1c0                GFS_CdMovePickup
                0x0601b3f8                GFS_NameToId
                0x0601be2c                GFS_NwExecOne
                0x0601c98c                gfs_flowIn
                0x0601b8b4                GFS_GetFileInfo
                0x0601ca34                gfs_transData
                0x0601c690                gfs_svrRemoveHndl
                0x0601bcdc                GFS_NwIsComplete
                0x0601cc10                gfs_getGmode
                0x0601bd80                GFS_NwGetStat
                0x0601c6ec                GFS_OpenSub
                0x0601b390                GFS_SetDir
                0x0601b85c                GFS_GetFileSize
                0x0601b928                GFS_GetNumCdbuf
                0x0601cc70                gfs_convFinStat
                0x0601b950                GFS_Load
                0x0601bab0                gfs_waitRead
                0x0601b2e8                GFS_LoadDir
                0x0601b4c8                GFS_GetDirInfo
                0x0601b670                GFS_Close
                0x0601b200                GFS_Init
                0x0601bdfc                gfs_recovRdErr
                0x0601c594                gfs_mngSetErrCode
                0x0601beec                GFS_NwExecServer
                0x0601b7ac                GFS_IsEof
                0x0601cb30                gfs_SetSct
 *fill*         0x0601cce4        0xc 00
 .text          0x0601ccf0      0x1f4 ../sbl6/segalib/lib/sega_sat.a(DMA_SCU1.o)
                0x0601ce4c                DMA_ScuResult
                0x0601ccf0                DMA_ScuInit
                0x0601cd40                DMA_ScuMemCopy
 *fill*         0x0601cee4        0xc 00
 .text          0x0601cef0      0x8d4 ../sbl6/segalib/lib/sega_sat.a(gfs_cdf.o)
                0x0601d3e4                GFCF_Seek
                0x0601d4ec                GFCF_GetStat
                0x0601d3cc                GFCF_Tell
                0x0601cf90                GFCF_Setup
                0x0601d498                GFCF_cnvIntlvOfs
                0x0601cef0                GFCF_Init
                0x0601d384                GFCF_Recover
                0x0601d0d8                GFCF_SetSct
                0x0601d3fc                GFCF_MovePickup
                0x0601d5c0                gfcf_isCdOk
                0x0601d190                GFCF_FlowInBuf
                0x0601d11c                GFCF_GetFileInfo
                0x0601d2e4                GFCF_StopInBuf
                0x0601d584                gfcf_getSctSize
                0x0601d680                gfcf_getPlayRange
 *fill*         0x0601d7c4        0xc 00
 .text          0x0601d7d0      0x928 ../sbl6/segalib/lib/sega_sat.a(gfs_dir.o)
                0x0601dcc0                gfdr_setNextRec
                0x0601e0bc                gfdr_setDirrecCd
                0x0601dab8                gfdr_open
                0x0601d8cc                GFDR_GetAtrDirId
                0x0601dba0                gfdr_readByte
                0x0601d7d0                GFDR_SetupDirTbl
                0x0601dc98                gfdr_readLongNM
                0x0601dd44                gfdr_readDirEnt
                0x0601d8fc                GFDR_ChgRoot
                0x0601d844                GFDR_NameToId
                0x0601d988                gfdr_setupDirIdTbl
                0x0601d8e4                GFDR_GetAtrDirName
                0x0601d8a4                GFDR_GetInfoDirId
                0x0601dc4c                gfdr_readLongNB
                0x0601dae0                gfdr_read
                0x0601dbcc                gfdr_readWord
                0x0601da0c                gfdr_setupDirNameTbl
                0x0601d8b8                GFDR_GetInfoDirName
                0x0601d914                GFDR_ChgDir
                0x0601dbf8                gfdr_readWordNB
 *fill*         0x0601e0f8        0x8 00
 .text          0x0601e100      0xa46 ../sbl6/segalib/lib/sega_sat.a(gfs_trn.o)
                0x0601e1e0                GFTR_SetTransMax
                0x0601e5b0                gftr_execScu
                0x0601eb34                GFTR_SetTransFunc
                0x0601e9fc                gftr_remTrn
                0x0601eb20                GFTR_SetData
                0x0601e820                gftr_execSdma1
                0x0601ea70                gftr_copyFrac
                0x0601e1d4                GFTR_GetNumTrans
                0x0601e174                GFTR_SetMode
                0x0601e7f0                gftr_remDma0
                0x0601ea98                GFTR_GetLenData
                0x0601e5a4                gftr_reqScu
                0x0601e808                gftr_reqDma1
                0x0601e4c0                gftr_getSrcPack
                0x0601eaf0                GFTR_RtnDstPk
                0x0601e68c                gfdma_exec
                0x0601e924                gftr_execTrn
                0x0601e3b8                GFTR_ExecSvr
                0x0601e8b4                gftr_reqTrn
                0x0601e77c                gfdma_getBytecnt
                0x0601e85c                gftr_reqCpu
                0x0601eabc                GFTR_GetDstPack
                0x0601e7b4                gftr_reqDma0
                0x0601e340                GFTR_Idle
                0x0601e1f8                GFTR_Pause
                0x0601e1c8                GFTR_GetTransPara
                0x0601e8a8                gftr_remCpu
                0x0601e194                GFTR_SetTransPara
                0x0601e844                gftr_remDma1
                0x0601e204                GFTR_Stop
                0x0601e7cc                gftr_execSdma0
                0x0601e130                GFTR_Setup
                0x0601e64c                gftr_remScu
                0x0601e548                gftr_getDstPack
                0x0601e680                gfdma_canUse
                0x0601e2bc                GFTR_Exec
                0x0601eb0c                GFTR_GetData
                0x0601e1ec                GFTR_Start
                0x0601e188                GFTR_SetUnit
                0x0601e868                gftr_execCpu
                0x0601eaa4                GFTR_GetLenRoom
 *fill*         0x0601eb46        0xa 00
 .text          0x0601eb50      0x106 ../sbl6/segalib/lib/sega_sat.a(gfs_buf.o)
                0x0601eba8                GFBF_GetNumData
                0x0601ec24                GFBF_RtnPk
                0x0601ebd8                GFBF_GetSrcPk
                0x0601ec4c                gfbf_getSctDt
                0x0601eb80                GFBF_GetTranData
                0x0601ec00                GFBF_GetSctData
 *fill*         0x0601ec56        0xa 00
 .text          0x0601ec60      0x600 ../sbl6/segalib/lib/sega_sat.a(gfs_cdb.o)
                0x0601f208                GFCB_GetPickup
                0x0601ed80                GFCB_Close
                0x0601f04c                GFCB_GetSrcPack
                0x0601f1d4                GFCB_SetCon
                0x0601ee54                GFCB_GetLenRoom
                0x0601f1b8                GFCB_MovePickup
                0x0601f12c                GFCB_GetSctData
                0x0601ee60                GFCB_SetFilt
                0x0601eda8                GFCB_GetLenData
                0x0601f248                GFCB_UngetPickup
                0x0601ec60                GFCB_Setup
                0x0601eef0                GFCB_Tell
                0x0601f230                GFCB_IsPuOwner
                0x0601ef50                GFCB_Seek
                0x0601eec8                GFCB_DeleteAllData
                0x0601f164                GFCB_GetDstPack
                0x0601ef00                gfcb_getSctNum
                0x0601f170                GFCB_RtnPk
 .text          0x0601f260     0x1a04 ../sbl6/segalib/lib/sega_sat.a(gfs_cdc.o)
                0x0601f4fc                GFCD_AllocBuf
                0x060202d8                gfcd_doGetLenDataTsk
                0x06020b74                GFCD_SetCsctFunc
                0x0601f5d4                GFCD_GetBaseFad
                0x0601f750                GFCD_GetFilt
                0x06020764                gfcd_doChgDirTsk
                0x06020aa4                gfcd_checkEflag
                0x0601fa98                GFCD_MovePickup
                0x0601fb7c                GFCD_GetSctInfo
                0x0602042c                gfcd_doReqDataTsk
                0x0601fbc4                GFCD_ChgDir
                0x0601f8b8                GFCD_ReqData
                0x06020b90                GFCD_ChkScdqFlag
                0x06020048                GFCD_WaitServer
                0x0601f95c                GFCD_DelSctData
                0x0601fe34                GFCD_ExecServer
                0x06020248                gfcd_doSetConTsk
                0x0601f490                GFCD_AllocFilt
                0x0601f68c                GFCD_SetFilt
                0x06020084                gfcd_doSetFiltTsk
                0x06020bb4                GFCD_ClrScdqFlag
                0x060204cc                gfcd_doDelSctDataTsk
                0x0601ff90                gfcd_doTask
                0x0601f608                GFCD_GetPickup
                0x0601fb58                GFCD_CheckMove
                0x06020bd0                GFCD_WaitScdqFlag
                0x0601f7f0                GFCD_Play
                0x06020600                gfcd_doMoveSctTsk
                0x0601f798                GFCD_SetCon
                0x0601fc38                GFCD_SetFiltCon
                0x06020c14                GFCD_WaitPause
                0x0601fdfc                GFCD_GetBufSiz
                0x0601f63c                GFCD_UngetPickup
                0x0601fd20                GFCD_GetFileInfo
                0x0601f914                GFCD_EndData
                0x0601f530                GFCD_FreeBuf
                0x0601f850                GFCD_GetLenData
                0x0601f4cc                GFCD_FreeFilt
                0x0601ff08                gfcd_isIdleTask
                0x0601f28c                GFCD_Init
                0x06020960                gfcd_doSetFiltConTsk
                0x0601f9e4                GFCD_GetStat
                0x0601fae4                GFCD_MoveSctData
                0x0601f668                GFCD_IsPuOwner
                0x06020ac8                gfcd_initCdbMng
                0x0601f260                GFCD_SetCdbfs
                0x06020034                GFCD_SetTimer
                0x06020b48                gfcd_setStat
                0x0601f9b4                GFCD_CheckDelSctData
 *fill*         0x06020c64        0xc 00
 .text          0x06020c70      0x308 ../sbl6/segalib/lib/sega_sat.a(DMA_SCU0.o)
                0x06020cf4                DMA_ScuStart
                0x06020e28                DMA_ScuIntFunc0
                0x06020e98                DMA_ScuIntFunc1
                0x06020f08                DMA_ScuIntFunc2
                0x06020de8                DMA_ScuGetStatus
                0x06020c70                DMA_ScuSetPrm
 *fill*         0x06020f78        0x8 00
 .text          0x06020f80       0xe8 ../sbl6/segalib/lib/sega_sat.a(csh_main.o)
                0x06020f80                CSH_Init
                0x06020fe8                CSH_AllClr
                0x06021034                CSH_Purge
 *fill*         0x06021068        0x8 00
 .text          0x06021070      0x1b6 ../sbl6/segalib/lib/sega_sat.a(DMA_CPU0.o)
                0x060210b8                DMA_CpuSetPrm
                0x060211bc                DMA_CpuStart
                0x06021214                DMA_CpuGetStatus
                0x060211e8                DMA_CpuAllStop
                0x060211fc                DMA_CpuGetComStatus
                0x06021070                DMA_CpuSetComPrm
                0x060211d0                DMA_CpuStop
 *fill*         0x06021226        0xa 00
 .text          0x06021230      0x2dc ../sbl6/segalib/lib/sega_sat.a(cdc_reg.o)
                0x06021284                CDREG_ClrHirqReq
                0x06021254                CDC_ClrHirqReq
                0x06021304                CDREG_TgetData
                0x060212f4                CDC_GetMpegPtr
                0x060212d0                CDC_GetHirqMsk
                0x06021230                CDC_GetDataPtr
                0x06021240                CDC_GetHirqReq
                0x06021460                CDREG_WaitHirq
                0x060212e4                CDC_SetHirqMsk
                0x06021360                CDREG_CmdRsp
                0x06021294                CDREG_InitHirqReq
                0x060212bc                CDREG_SetHirqFlag
                0x060214d0                CDREG_ReadRsp
 *fill*         0x0602150c        0x4 00
 .text          0x06021510      0x194 ../sbl6/segalib/lib/sega_sat.a(cdc_cfs.o)
                0x06021510                CDC_ChgDir
                0x06021544                CDC_ReadDir
                0x06021668                CDC_AbortFile
                0x06021578                CDC_GetFileScope
                0x060215d8                CDC_TgetFileInfo
                0x06021634                CDC_ReadFile
 *fill*         0x060216a4        0xc 00
 .text          0x060216b0      0x3a0 ../sbl6/segalib/lib/sega_sat.a(cdc_cmn.o)
                0x06021854                CDC_TgetToc
                0x060219f8                CDC_DataEnd
                0x06021718                CDC_GetPeriStat
                0x0602198c                CDC_DataReady
                0x06021964                CDC_CdOpen
                0x060218e0                CDC_CdInit
                0x060218a4                CDC_GetSes
                0x06021700                CDC_GetLastStat
                0x060216b0                CDC_GetCurStat
                0x060217ec                CDC_GetHwInfo
 .text          0x06021a50      0x1e4 ../sbl6/segalib/lib/sega_sat.a(cdc_bio.o)
                0x06021afc                CDC_GetdelSctData
                0x06021a84                CDC_GetSctData
                0x06021b38                CDC_PutSctData
                0x06021bb4                CDC_MoveSctData
                0x06021bf8                CDC_GetCopyErr
                0x06021ac0                CDC_DelSctData
                0x06021a50                CDC_SetSctLen
                0x06021b70                CDC_CopySctData
 *fill*         0x06021c34        0xc 00
 .text          0x06021c40      0x2b8 ../sbl6/segalib/lib/sega_sat.a(cdc_sel.o)
                0x06021e70                CDC_GetFiltCon
                0x06021dec                CDC_GetFiltMode
                0x06021ec4                CDC_ResetSelector
                0x06021c40                CDC_SetFiltRange
                0x06021ccc                CDC_SetFiltSubh
                0x06021d3c                CDC_GetFiltSubh
                0x06021c74                CDC_GetFiltRange
                0x06021db8                CDC_SetFiltMode
                0x06021e30                CDC_SetFiltCon
 *fill*         0x06021ef8        0x8 00
 .text          0x06021f00      0x130 ../sbl6/segalib/lib/sega_sat.a(cdc_drv.o)
                0x06021f00                CDC_CdPlay
                0x06021fcc                CDC_CdSeek
                0x06022000                CDC_CdScan
 .text          0x06022030      0x270 ../sbl6/segalib/lib/sega_sat.a(cdc_bif.o)
                0x0602208c                CDC_GetSctNum
                0x0602220c                CDC_ExeFadSearch
                0x0602218c                CDC_GetSctInfo
                0x060220d0                CDC_CalActSiz
                0x06022030                CDC_GetBufSiz
                0x0602210c                CDC_GetActSiz
                0x06022244                CDC_GetFadSearch
 .text          0x060222a0       0xa8 ../sbl6/segalib/lib/sega_sat.a(cdc_dev.o)
                0x0602230c                CDC_CdGetLastBuf
                0x060222a0                CDC_CdSetCon
                0x060222d0                CDC_CdGetCon
 *fill*         0x06022348        0x8 00
 .text          0x06022350      0x152 ../sbl6/segalib/lib/sega_sat.a(cdc_sub.o)
                0x060223f8                CDSUB_GetCdstat
                0x06022368                CDSUB_UpdCdstat
                0x06022438                CDSUB_RspToCdstat
                0x06022480                CDSUB_SoftTimer
                0x06022350                CDSUB_UpdStatus
                0x06022388                CDSUB_CdCmd
 *fill*         0x060224a2        0xe 00
 .text          0x060224b0       0x60 C:/saturn/SH_COFF/sh-coff/bin/../lib/gcc/sh-coff/3.4-GNUSH_v0501\libgcc.a(_ashiftrt.o)
                0x060224bc                __ashiftrt_r4_27
                0x060224f0                __ashiftrt_r4_6
                0x060224e0                __ashiftrt_r4_14
                0x060224d2                __ashiftrt_r4_19
                0x060224ea                __ashiftrt_r4_9
                0x060224fe                __ashiftrt_r4_0
                0x060224b0                __ashiftrt_r4_31
                0x060224be                __ashiftrt_r4_26
                0x060224cc                __ashiftrt_r4_22
                0x060224d8                __ashiftrt_r4_16
                0x060224e4                __ashiftrt_r4_12
                0x060224b8                __ashiftrt_r4_29
                0x060224d6                __ashiftrt_r4_17
                0x060224b6                __ashiftrt_r4_30
                0x060224f2                __ashiftrt_r4_5
                0x060224ec                __ashiftrt_r4_8
                0x060224b0                __ashiftrt_r4_32
                0x060224c0                __ashiftrt_r4_25
                0x060224f8                __ashiftrt_r4_2
                0x060224c2                __ashiftrt_r4_24
                0x060224de                __ashiftrt_r4_15
                0x060224e8                __ashiftrt_r4_10
                0x060224fa                __ashiftrt_r4_1
                0x060224ba                __ashiftrt_r4_28
                0x060224d0                __ashiftrt_r4_20
                0x060224ee                __ashiftrt_r4_7
                0x060224e2                __ashiftrt_r4_13
                0x060224e6                __ashiftrt_r4_11
                0x060224f4                __ashiftrt_r4_4
                0x060224ca                __ashiftrt_r4_23
                0x060224d4                __ashiftrt_r4_18
                0x060224ce                __ashiftrt_r4_21
                0x060224f6                __ashiftrt_r4_3
 .text          0x06022510       0x90 C:/saturn/SH_COFF/sh-coff/bin/../lib/gcc/sh-coff/3.4-GNUSH_v0501\libgcc.a(_ashiftlt.o)
                0x06022510                __ashlsi3
 .text          0x060225a0       0xb0 C:/saturn/SH_COFF/sh-coff/bin/../lib/gcc/sh-coff/3.4-GNUSH_v0501\libgcc.a(_movstr.o)
                0x060225e0                __movstrSI16
                0x060225b4                __movstrSI60
                0x060225c0                __movstrSI48
                0x060225bc                __movstrSI52
                0x060225b0                __movstrSI64
                0x060225c4                __movstrSI44
                0x060225c8                __movstrSI40
                0x060225cc                __movstrSI36
                0x06022600                __movstr
                0x060225b8                __movstrSI56
                0x060225d4                __movstrSI28
                0x060225d0                __movstrSI32
                0x060225e4                __movstrSI12
                0x060225e8                __movstrSI8
                0x060225f0                __movstrSI0
                0x060225d8                __movstrSI24
                0x060225dc                __movstrSI20
                0x060225ec                __movstrSI4
 .text          0x06022650       0xa0 C:/saturn/SH_COFF/sh-coff/bin/../lib/gcc/sh-coff/3.4-GNUSH_v0501\libgcc.a(__main.o)
                0x060226c4                __main
                0x06022650                __do_global_dtors
                0x06022684                __do_global_ctors
 .text          0x060226f0      0x2e0 C:/saturn/SH_COFF/sh-coff/bin/../lib/gcc/sh-coff/3.4-GNUSH_v0501\libgcc.a(_mul_df.o)
                0x06022700                __muldf3
 .text          0x060229d0       0xb0 C:/saturn/SH_COFF/sh-coff/bin/../lib/gcc/sh-coff/3.4-GNUSH_v0501\libgcc.a(_si_to_df.o)
                0x060229d0                __floatsidf
 .text          0x06022a80       0x80 C:/saturn/SH_COFF/sh-coff/bin/../lib/gcc/sh-coff/3.4-GNUSH_v0501\libgcc.a(_df_to_si.o)
                0x06022a80                __fixdfsi
 .text          0x06022b00       0x70 C:/saturn/SH_COFF/sh-coff/bin/../lib/gcc/sh-coff/3.4-GNUSH_v0501\libgcc.a(_udivsi3.o)
                0x06022b22                __udivsi3
 .text          0x06022b70       0xa0 C:/saturn/SH_COFF/sh-coff/bin/../lib/gcc/sh-coff/3.4-GNUSH_v0501\libgcc.a(_sdivsi3.o)
                0x06022b70                __sdivsi3
 .text          0x06022c10      0x120 C:/saturn/SH_COFF/sh-coff/bin/../lib/gcc/sh-coff/3.4-GNUSH_v0501\libgcc.a(_unpack_df.o)
                0x06022c20                __unpack_d
 .text          0x06022d30      0x220 C:/saturn/SH_COFF/sh-coff/bin/../lib/gcc/sh-coff/3.4-GNUSH_v0501\libgcc.a(_pack_df.o)
                0x06022d40                __pack_d
 .text          0x06022f50       0x20 C:/saturn/SH_COFF/sh-coff/bin/../lib/gcc/sh-coff/3.4-GNUSH_v0501\libgcc.a(_thenan_df.o)
                0x06022f50                __thenan_df
 .text          0x06022f70       0xd0 C:/saturn/SH_COFF/sh-coff/bin/../lib/gcc/sh-coff/3.4-GNUSH_v0501\libgcc.a(_muldi3.o)
                0x06022f70                __muldi3
 .text          0x06023040       0x80 C:/saturn/SH_COFF/sh-coff/bin/../lib/gcc/sh-coff/3.4-GNUSH_v0501\libgcc.a(_lshrdi3.o)
                0x06023040                __lshrdi3
 .text          0x060230c0       0x80 C:/saturn/SH_COFF/sh-coff/bin/../lib/gcc/sh-coff/3.4-GNUSH_v0501\libgcc.a(_ashldi3.o)
                0x060230c0                __ashldi3
 .text          0x06023140       0x30 C:/saturn/SH_COFF/sh-coff/bin/../lib/gcc/sh-coff/3.4-GNUSH_v0501\libgcc.a(_mulsi3.o)
                0x06023140                __mulsi3
 .text          0x06023170       0x90 C:/saturn/SH_COFF/sh-coff/bin/../lib/gcc/sh-coff/3.4-GNUSH_v0501\libgcc.a(_lshiftrt.o)
                0x06023170                __lshrsi3
 .text          0x06023200       0xa0 C:/saturn/SH_COFF/sh-coff/bin/../lib/gcc/sh-coff/3.4-GNUSH_v0501/../../../../sh-coff/lib\libc.a(memcpy.o)
                0x06023200                memcpy
 .text          0x060232a0       0x40 C:/saturn/SH_COFF/sh-coff/bin/../lib/gcc/sh-coff/3.4-GNUSH_v0501/../../../../sh-coff/lib\libc.a(memset.o)
                0x060232a0                memset
 .text          0x060232e0       0x60 C:/saturn/SH_COFF/sh-coff/bin/../lib/gcc/sh-coff/3.4-GNUSH_v0501/../../../../sh-coff/lib\libc.a(memcmp.o)
                0x060232e0                memcmp
 .text          0x06023340       0xb0 C:/saturn/SH_COFF/sh-coff/bin/../lib/gcc/sh-coff/3.4-GNUSH_v0501/../../../../sh-coff/lib\libc.a(strncmp.o)
                0x06023340                strncmp
 .text          0x060233f0       0xa0 C:/saturn/SH_COFF/sh-coff/bin/../lib/gcc/sh-coff/3.4-GNUSH_v0501/../../../../sh-coff/lib\libc.a(strncpy.o)
                0x060233f0                strncpy
 .text          0x06023490       0x90 C:/saturn/SH_COFF/sh-coff/bin/../lib/gcc/sh-coff/3.4-GNUSH_v0501/../../../../sh-coff/lib\libc.a(atexit.o)
                0x06023490                atexit
 .text          0x06023520       0x10 C:/saturn/SH_COFF/sh-coff/bin/../lib/gcc/sh-coff/3.4-GNUSH_v0501/../../../../sh-coff/lib\libc.a(impure.o)
                0x06023520                _global_impure_ptr
 .text          0x06023530       0x40 C:/saturn/SH_COFF/sh-coff/bin/../lib/gcc/sh-coff/3.4-GNUSH_v0501/../../../../sh-coff/lib\libc.a(malloc.o)
                0x0602354c                free
                0x06023530                malloc
 .text          0x06023570      0x5b0 C:/saturn/SH_COFF/sh-coff/bin/../lib/gcc/sh-coff/3.4-GNUSH_v0501/../../../../sh-coff/lib\libc.a(mallocr.o)
                0x06023570                _malloc_r
 .text          0x06023b20      0x340 C:/saturn/SH_COFF/sh-coff/bin/../lib/gcc/sh-coff/3.4-GNUSH_v0501/../../../../sh-coff/lib\libc.a(freer.o)
                0x06023b20                _malloc_trim_r
                0x06023c14                _free_r
 .text          0x06023e60       0x20 C:/saturn/SH_COFF/sh-coff/bin/../lib/gcc/sh-coff/3.4-GNUSH_v0501/../../../../sh-coff/lib\libc.a(mlock.o)
                0x06023e60                __malloc_lock
                0x06023e6c                __malloc_unlock
 .text          0x06023e80       0x50 C:/saturn/SH_COFF/sh-coff/bin/../lib/gcc/sh-coff/3.4-GNUSH_v0501/../../../../sh-coff/lib\libc.a(sbrkr.o)
                0x06023e80                _sbrk_r
 .text          0x06023ed0      0x380 C:/saturn/SH_COFF/sh-coff/bin/../lib/gcc/sh-coff/3.4-GNUSH_v0501/../../../../sh-coff/lib\libc.a(syscalls.o)
                0x0602403c                _exit
                0x06024070                _getpid
                0x060240d8                _utime
                0x06023f08                _write
                0x06023ed0                _read
                0x06024024                _unlink
                0x06023fec                _open
                0x06024088                _stat
                0x06024030                isatty
                0x06024108                _wait
                0x06024054                _kill
                0x060240a4                _chmod
                0x06024138                _execv
                0x0602411c                _execve
                0x06024214                __setup_argv_and_call_main
                0x06024170                _gettimeofday
                0x06023f3c                _link
                0x0602407c                _raise
                0x06024008                _creat
                0x06024150                _pipe
                0x060240bc                _chown
                0x06023eec                _lseek
                0x06023f24                _close
                0x06024164                _times
                0x06023fd8                _fstat
                0x060240f4                _fork
                0x06023f64                _sbrk
 .text          0x06024250       0x20 C:/saturn/SH_COFF/sh-coff/bin/../lib/gcc/sh-coff/3.4-GNUSH_v0501/../../../../sh-coff/lib\libc.a(trap.o)
                0x06024250                __trap34
 .text          0x06024270       0x20 C:/saturn/SH_COFF/sh-coff/bin/../lib/gcc/sh-coff/3.4-GNUSH_v0501/../../../../sh-coff/lib\libc.a(abort.o)
                0x06024270                abort
 .text          0x06024290      0x270 C:/saturn/SH_COFF/sh-coff/bin/../lib/gcc/sh-coff/3.4-GNUSH_v0501/../../../../sh-coff/lib\libc.a(signal.o)
                0x06024350                _raise_r
                0x060244d8                __sigtramp
                0x06024484                raise
                0x060244c0                _init_signal
                0x06024410                __sigtramp_r
                0x060244a0                signal
                0x060242dc                _signal_r
                0x06024290                _init_signal_r
 .text          0x06024500       0x60 C:/saturn/SH_COFF/sh-coff/bin/../lib/gcc/sh-coff/3.4-GNUSH_v0501/../../../../sh-coff/lib\libc.a(signalr.o)
                0x06024548                _getpid_r
                0x06024500                _kill_r
 *(.strings)

.tors           0x06024560        0x0
                0x06024560                ___ctors = .
 *(.ctors)
                0x06024560                ___ctors_end = .
                0x06024560                ___dtors = .
 *(.dtors)
                0x06024560                ___dtors_end = .

.data           0x06024560     0x1780
                0x06024560                STARTOF_R = .
 *(.data)
 .data          0x06024560      0x400 ../sbl6/segasmp/per/smpclib/per_x1.o
 .data          0x06024960       0x60 blocks.o
                0x060249b0                tile2_slope
                0x06024990                tile4_slope
                0x06024960                block_slopes
                0x060249a0                tile3_slope
 .data          0x060249c0       0x20 enemylist.o
                0x060249c0                enemy_lists
                0x060249c4                level0_enemies
                0x060249d8                enemy_arr
 .data          0x060249e0      0x630 graphics.o
                0x060249e0                cloudmap_name
                0x06024b12                guy_num
                0x06025008                bg_num
                0x060249f0                cloudmap_width
                0x06024a10                map_heights
                0x06024b68                cloud_pal
                0x06024bb4                hills_pal
                0x06024bf4                hills_name
                0x060249ee                cloudmap_height
                0x06024a18                explosion_pal
                0x06024c00                bg_pal
                0x06024bfe                hills_num
                0x06024a58                explosion_name
                0x06024b04                guy_name
                0x06024a04                hill_map_width
                0x06024ac4                guy_pal
                0x06024bb2                cloud_num
                0x06024b5e                font_height
                0x06024b0e                guy_width
                0x06024abe                float_size
                0x06024a68                explosion_width
                0x06024a08                map_name
                0x06024b54                font_name
                0x06025000                bg_name
                0x06024a02                hill_map_height
                0x06024b60                font_width
                0x06024b0c                guy_height
                0x060249f4                hill_map_name
                0x06024ba8                cloud_name
                0x06024b64                font_num
                0x06024b14                font_pal
                0x06024a6c                explosion_num
                0x06024a14                map_widths
                0x06024aba                float_height
                0x06024b10                guy_size
                0x06024b62                font_size
                0x06024ab0                float_name
                0x06024a70                float_pal
                0x06024a6a                explosion_size
                0x06024abc                float_width
                0x06024ac0                float_num
                0x06024a66                explosion_height
 .data          0x06025010       0x10 player.o
                0x06025010                lives
 .data          0x06025020       0x30 sprite.o
 .data          0x06025050       0x20 scroll.o
                0x06025050                CycleTb
                0x06025060                vram
 .data          0x06025070      0x400 ../sbl6/segalib/lib/sega_int.a(int.o)
 .data          0x06025470       0x1c ../sbl6/segalib/lib/sega_spr.a(spr_slv.o)
                0x06025478                SPR_SlaveParam
                0x06025488                SPR_SMPC_SF
                0x06025480                SPR_SMPC_COM
                0x0602547c                SPR_SlaveSHEntry
                0x06025474                SPR_SlaveState
                0x06025470                SPR_SlaveCommand
                0x06025484                SPR_SMPC_RET
 *fill*         0x0602548c        0x4 00
 .data          0x06025490       0x34 ../sbl6/segalib/lib/sega_spr.a(spr_1c.o)
                0x06025490                SpInitialFlag
 *fill*         0x060254c4        0xc 00
 .data          0x060254d0       0x1c ../sbl6/segalib/lib/sega_scl.a(scl_vblv.o)
                0x060254d8                VBInterval
                0x060254e0                ReqDisplayFlag
                0x060254d0                SpFrameChgMode
                0x060254dc                VBIntervalCounter
                0x060254d4                SpFrameEraseMode
 *fill*         0x060254ec        0x4 00
 .data          0x060254f0       0x36 ../sbl6/segalib/lib/sega_scl.a(scl_func.o)
                0x06025500                SclRotregBuff
                0x060254fc                SclDisplayY
                0x06025504                SclRotateTableMode
                0x060254f8                SclProcess
                0x060254f4                SclCurSclNum
                0x060254f0                SclLengthLsTbl
                0x060254fa                SclDisplayX
                0x060254f2                SclLengthCsTbl
 *fill*         0x06025526        0xa 00
 .data          0x06025530       0x18 ../sbl6/segalib/lib/sega_scl.a(scl_pri.o)
                0x06025534                SclRealSpPriNum
                0x06025544                SclRealColOffset
                0x06025540                SclRealBgColMix
                0x0602553c                SclRealSpColMix
                0x06025538                SclRealBgPriNum
                0x06025530                SclRealOtherPri
 *fill*         0x06025548        0x8 00
 .data          0x06025550      0x380 C:/saturn/SH_COFF/sh-coff/bin/../lib/gcc/sh-coff/3.4-GNUSH_v0501/../../../../sh-coff/lib\libc.a(impure.o)
                0x060258cc                _impure_ptr
 .data          0x060258d0      0x410 C:/saturn/SH_COFF/sh-coff/bin/../lib/gcc/sh-coff/3.4-GNUSH_v0501/../../../../sh-coff/lib\libc.a(mallocr.o)
                0x060258d8                __malloc_av_
                0x060258d4                __malloc_trim_threshold
                0x060258d0                __malloc_sbrk_base
                0x06025ce0                SIZEOF_R = (. - STARTOF_R)
                0x06025ce0                ENDOF_R = .

.bss            0x06025ce0     0xf084
                0x06025ce0                STARTOF_B = .
 *(.bss)
 .bss           0x06025ce0       0x10 vblank.o
                0x06025ce4                PadData2E
                0x06025cea                PadData1
                0x06025ce6                PadData2
                0x06025ce8                PadData1E
                0x06025ce0                __port
 .bss           0x06025cf0       0xd0 ../sbl6/segasmp/per/smpclib/per_x2.o
 .bss           0x06025dc0       0x10 player.o
                0x06025dc1                boost
                0x06025dc0                jumps
 .bss           0x06025dd0     0x3800 sprite.o
                0x06025dd0                num_sprites
 .bss           0x060295d0       0x50 scroll.o
                0x060295ec                map_tiles_x
                0x060295f4                scrolls_y
                0x060295d0                scroll_transition_state
                0x060295d4                scroll_ysize
                0x060295e4                map_tiles_y
                0x060295dc                copy_modes
                0x06029604                scrolls_x
                0x060295d8                scroll_xsize
 .bss           0x06029620       0x10 main.o
                0x06029620                frame
 .bss           0x06029630       0x6e ../sbl6/segalib/lib/sega_spr.a(spr_2c.o)
 *fill*         0x0602969e        0x2 00
 .bss           0x060296a0        0x4 ../sbl6/segalib/lib/sega_scl.a(scl_vblv.o)
 *fill*         0x060296a4        0xc 00
 .bss           0x060296b0        0x4 ../sbl6/segalib/lib/sega_scl.a(scl_func.o)
 *fill*         0x060296b4        0xc 00
 .bss           0x060296c0     0x1900 ../sbl6/segalib/lib/sega_scl.a(scl_fu05.o)
 .bss           0x0602afc0       0x48 ../sbl6/segalib/lib/sega_scl.a(scl_ro00.o)
 *fill*         0x0602b008        0x8 00
 .bss           0x0602b010       0x9c ../sbl6/segalib/lib/sega_per.a(per_prt.o)
 *fill*         0x0602b0ac        0x4 00
 .bss           0x0602b0b0        0xc ../sbl6/segalib/lib/sega_sat.a(DMA_SCU1.o)
 *fill*         0x0602b0bc        0x4 00
 .bss           0x0602b0c0        0xc ../sbl6/segalib/lib/sega_sat.a(gfs_trn.o)
 *fill*         0x0602b0cc        0x4 00
 .bss           0x0602b0d0       0x20 ../sbl6/segalib/lib/sega_sat.a(DMA_SCU0.o)
 .bss           0x0602b0f0        0x2 ../sbl6/segalib/lib/sega_sat.a(cdc_reg.o)
 *fill*         0x0602b0f2        0xe 00
 .bss           0x0602b100        0xc ../sbl6/segalib/lib/sega_sat.a(cdc_sub.o)
 *fill*         0x0602b10c        0x4 00
 .bss           0x0602b110       0x10 C:/saturn/SH_COFF/sh-coff/bin/../lib/gcc/sh-coff/3.4-GNUSH_v0501\libgcc.a(__main.o)
 .bss           0x0602b120       0x10 C:/saturn/SH_COFF/sh-coff/bin/../lib/gcc/sh-coff/3.4-GNUSH_v0501/../../../../sh-coff/lib\libc.a(atexit.o)
 .bss           0x0602b130       0x40 C:/saturn/SH_COFF/sh-coff/bin/../lib/gcc/sh-coff/3.4-GNUSH_v0501/../../../../sh-coff/lib\libc.a(mallocr.o)
                0x0602b160                __malloc_top_pad
                0x0602b130                __malloc_current_mallinfo
                0x0602b15c                __malloc_max_sbrked_mem
                0x0602b158                __malloc_max_total_mem
 .bss           0x0602b170       0x10 C:/saturn/SH_COFF/sh-coff/bin/../lib/gcc/sh-coff/3.4-GNUSH_v0501/../../../../sh-coff/lib\libc.a(syscalls.o)
 *(COMMON)
 COMMON         0x0602b180     0x1674 cd.o
                                  0x0 (size before relaxing)
                0x0602b180                dirname
                0x0602bae0                lib_work
                0x0602c7e8                directory_table
 *fill*         0x0602c7f4        0xc 00
 COMMON         0x0602c800     0x1960 player.o
                                  0x0 (size before relaxing)
                0x0602c800                curr_level
                0x0602c810                player
                0x0602c850                lp
 COMMON         0x0602e160      0x8c0 print.o
                                  0x0 (size before relaxing)
                0x0602e160                text
 COMMON         0x0602ea20     0x1460 sprite.o
                                  0x0 (size before relaxing)
                0x0602ea20                sprites
                0x0602ee80                image_buf
 COMMON         0x0602fe80     0x346c scroll.o
                                  0x0 (size before relaxing)
                0x0602fe80                line_param0
                0x06031790                scfg3
                0x06031820                scfg0
                0x060318b0                maps
                0x060318c0                scfg2
                0x06031950                line_param1
                0x06033260                scfg1
 *fill*         0x060332ec        0x4 00
 COMMON         0x060332f0      0x400 ../sbl6/segalib/lib/sega_int.a(int.o)
                                  0x0 (size before relaxing)
                0x060332f0                __interrupt_vector
 COMMON         0x060336f0       0x50 ../sbl6/segalib/lib/sega_spr.a(spr_2c.o)
                                  0x0 (size before relaxing)
                0x060336f0                SpMstCmd
                0x060336f4                Sp2OpenFlag
                0x060336f8                SpGourTblMax
                0x060336fc                SpDrawPrtyBlk
                0x06033700                SpLCoordX
                0x06033704                SpMstDrawPrtyBlk
                0x06033708                SpGourTbl
                0x0603370c                SpLookupTblR
                0x06033710                SpCmdTbl
                0x06033714                SpCharMax
                0x06033718                SpDrawPrtyProcFlag
                0x0603371c                SpCmdNo
                0x06033720                SpDrawPrtyBlkMax
                0x06033724                SpSlvCmdPos
                0x06033728                SpSlvDrawPrtyBlk
                0x0603372c                SpCharTbl
                0x06033730                SpCmdTblR
                0x06033734                SpMstCmdPos
                0x06033738                SpSlvCmd
                0x0603373c                SpLCoordY
 COMMON         0x06033740       0x10 ../sbl6/segalib/lib/sega_spr.a(spr_1c.o)
                                  0x0 (size before relaxing)
                0x06033740                SpScreenY
                0x06033744                SpFbcrMode
                0x06033746                SpDil
                0x06033748                SpDie
                0x0603374a                SpTvMode
                0x0603374c                SpScreenX
 COMMON         0x06033750      0xf00 ../sbl6/segalib/lib/sega_scl.a(scl_func.o)
                                  0x0 (size before relaxing)
                0x06033750                SclRbgKtbAddr
                0x06033758                SclRb
                0x0603375a                Scl_flag
                0x06033760                SclK_TableBuff
                0x06034430                SclAddrCsTbl
                0x06034440                Scl_s_reg
                0x06034468                SclRotateXy
                0x06034470                Scl_d_reg
                0x060344b8                SclRotateDisp
                0x060344c0                SclRotateMoveZ
                0x060344c8                SclRotXySw
                0x060344d0                Scl_r_reg
                0x060344e0                SclRPMD
                0x060344e8                SclRbgKtbOffset
                0x060344f0                _SclRotregBuff
                0x060345c0                SclRa
                0x060345c8                SclRotateZ
                0x060345d0                SclAddrLsTbl
                0x060345d8                SclK_TableNum
                0x060345e0                SclRotateTableAddress
                0x060345e4                SclK_TableFlag
                0x060345f0                Scl_w_reg
                0x06034610                Scl_n_reg
 COMMON         0x06034650      0x6b0 ../sbl6/segalib/lib/sega_scl.a(scl_pri.o)
                                  0x0 (size before relaxing)
                0x06034650                SclAutoEndBlue2
                0x06034660                SclColOffset
                0x06034670                SclPriBuffDirty
                0x06034672                SclAutoEndRed
                0x06034674                SclAutoSurface
                0x06034678                SclAutoGreen
                0x0603467a                SclAutoEndGreen
                0x0603467c                SclAutoCount
                0x06034680                SclColRamAlloc256
                0x060346a0                SclAutoCurRate
                0x060346a1                SclAutoPlusFlag
                0x060346a8                SclSpColMix
                0x060346b0                SclAutoMax
                0x060346b4                SclLineColRamOffset
                0x060346b8                SclColRamAlloc2048
                0x060346bc                SclBgPriNum
                0x060346c2                SclAutoEndBlue
                0x060346c4                SclAutoEndGreen2
                0x060346c6                SclAutoVeFlag
                0x060346c8                SclBgColMix
                0x060346d0                SclAutoIndex
                0x060346d4                SclAutoEndRate
                0x060346d6                SclAutoBlue
                0x060346d8                SclAutoRed
                0x060346dc                SclAutoInterval
                0x060346e0                SclOtherPri
                0x060346f0                SclAutoRGB
                0x06034cf0                SclAutoEndRed2
                0x06034cf8                SclSpPriNum
 COMMON         0x06034d00       0x10 ../sbl6/segalib/lib/sega_scl.a(scl_ro00.o)
                                  0x0 (size before relaxing)
                0x06034d00                SclCsx
                0x06034d08                SclCsy
 COMMON         0x06034d10       0x15 ../sbl6/segalib/lib/sega_per.a(per_prt.o)
                                  0x0 (size before relaxing)
                0x06034d10                per_get_time_flg
                0x06034d11                per_hot_res
                0x06034d12                per_set_sys_flg
                0x06034d14                per_get_time_adr
                0x06034d18                per_get_sys_data
                0x06034d24                per_time_out_flg
 *fill*         0x06034d25        0xb 00
 COMMON         0x06034d30        0xc ../sbl6/segalib/lib/sega_sat.a(gfs.o)
                                  0x0 (size before relaxing)
                0x06034d30                GFMC_base
                0x06034d34                gfs_mng_ptr
                0x06034d38                gfs_use_scudma
 *fill*         0x06034d3c        0x4 00
 COMMON         0x06034d40        0x8 ../sbl6/segalib/lib/sega_sat.a(gfs_cdf.o)
                                  0x0 (size before relaxing)
                0x06034d40                gfcf_fad
                0x06034d44                gfcf_stat
 *fill*         0x06034d48        0x8 00
 COMMON         0x06034d50        0xc ../sbl6/segalib/lib/sega_sat.a(gfs_cdc.o)
                                  0x0 (size before relaxing)
                0x06034d50                gfcd_fatal_err
                0x06034d54                gfcd_work
                0x06034d58                gfcd_playflag
 *fill*         0x06034d5c        0x4 00
 COMMON         0x06034d60        0x4 C:/saturn/SH_COFF/sh-coff/bin/../lib/gcc/sh-coff/3.4-GNUSH_v0501/../../../../sh-coff/lib\libc.a(syscalls.o)
                                  0x0 (size before relaxing)
                0x06034d60                errno
                0x06034d64                SIZEOF_B = (. - STARTOF_B)
                0x06034d64                ENDOF_B = .
                0x06034d64                _end = .
OUTPUT(main.cof coff-sh)

.comment        0x06034d70      0x500
 .comment       0x06034d70       0x20 ../sbl6/segasmp/lib/strt2_g.o
 .comment       0x06034d90       0x20 vblank.o
 .comment       0x06034db0       0x20 ../sbl6/segasmp/per/smpclib/per_x1.o
 .comment       0x06034dd0       0x20 ../sbl6/segasmp/per/smpclib/per_x2.o
 .comment       0x06034df0       0x20 blocks.o
 .comment       0x06034e10       0x20 cd.o
 .comment       0x06034e30       0x20 collision.o
 .comment       0x06034e50       0x20 enemylist.o
 .comment       0x06034e70       0x20 graphics.o
 .comment       0x06034e90       0x20 player.o
 .comment       0x06034eb0       0x20 print.o
 .comment       0x06034ed0       0x20 sprite.o
 .comment       0x06034ef0       0x20 spritecode/explosion.o
 .comment       0x06034f10       0x20 spritecode/float.o
 .comment       0x06034f30       0x20 scroll.o
 .comment       0x06034f50       0x20 main.o
 .comment       0x06034f70       0x20 C:/saturn/SH_COFF/sh-coff/bin/../lib/gcc/sh-coff/3.4-GNUSH_v0501\libgcc.a(__main.o)
 .comment       0x06034f90       0x20 C:/saturn/SH_COFF/sh-coff/bin/../lib/gcc/sh-coff/3.4-GNUSH_v0501\libgcc.a(_mul_df.o)
 .comment       0x06034fb0       0x20 C:/saturn/SH_COFF/sh-coff/bin/../lib/gcc/sh-coff/3.4-GNUSH_v0501\libgcc.a(_si_to_df.o)
 .comment       0x06034fd0       0x20 C:/saturn/SH_COFF/sh-coff/bin/../lib/gcc/sh-coff/3.4-GNUSH_v0501\libgcc.a(_df_to_si.o)
 .comment       0x06034ff0       0x20 C:/saturn/SH_COFF/sh-coff/bin/../lib/gcc/sh-coff/3.4-GNUSH_v0501\libgcc.a(_unpack_df.o)
 .comment       0x06035010       0x20 C:/saturn/SH_COFF/sh-coff/bin/../lib/gcc/sh-coff/3.4-GNUSH_v0501\libgcc.a(_pack_df.o)
 .comment       0x06035030       0x20 C:/saturn/SH_COFF/sh-coff/bin/../lib/gcc/sh-coff/3.4-GNUSH_v0501\libgcc.a(_thenan_df.o)
 .comment       0x06035050       0x20 C:/saturn/SH_COFF/sh-coff/bin/../lib/gcc/sh-coff/3.4-GNUSH_v0501\libgcc.a(_muldi3.o)
 .comment       0x06035070       0x20 C:/saturn/SH_COFF/sh-coff/bin/../lib/gcc/sh-coff/3.4-GNUSH_v0501\libgcc.a(_lshrdi3.o)
 .comment       0x06035090       0x20 C:/saturn/SH_COFF/sh-coff/bin/../lib/gcc/sh-coff/3.4-GNUSH_v0501\libgcc.a(_ashldi3.o)
 .comment       0x060350b0       0x20 C:/saturn/SH_COFF/sh-coff/bin/../lib/gcc/sh-coff/3.4-GNUSH_v0501/../../../../sh-coff/lib\libc.a(memcmp.o)
 .comment       0x060350d0       0x20 C:/saturn/SH_COFF/sh-coff/bin/../lib/gcc/sh-coff/3.4-GNUSH_v0501/../../../../sh-coff/lib\libc.a(strncmp.o)
 .comment       0x060350f0       0x20 C:/saturn/SH_COFF/sh-coff/bin/../lib/gcc/sh-coff/3.4-GNUSH_v0501/../../../../sh-coff/lib\libc.a(strncpy.o)
 .comment       0x06035110       0x20 C:/saturn/SH_COFF/sh-coff/bin/../lib/gcc/sh-coff/3.4-GNUSH_v0501/../../../../sh-coff/lib\libc.a(atexit.o)
 .comment       0x06035130       0x20 C:/saturn/SH_COFF/sh-coff/bin/../lib/gcc/sh-coff/3.4-GNUSH_v0501/../../../../sh-coff/lib\libc.a(impure.o)
 .comment       0x06035150       0x20 C:/saturn/SH_COFF/sh-coff/bin/../lib/gcc/sh-coff/3.4-GNUSH_v0501/../../../../sh-coff/lib\libc.a(malloc.o)
 .comment       0x06035170       0x20 C:/saturn/SH_COFF/sh-coff/bin/../lib/gcc/sh-coff/3.4-GNUSH_v0501/../../../../sh-coff/lib\libc.a(mallocr.o)
 .comment       0x06035190       0x20 C:/saturn/SH_COFF/sh-coff/bin/../lib/gcc/sh-coff/3.4-GNUSH_v0501/../../../../sh-coff/lib\libc.a(freer.o)
 .comment       0x060351b0       0x20 C:/saturn/SH_COFF/sh-coff/bin/../lib/gcc/sh-coff/3.4-GNUSH_v0501/../../../../sh-coff/lib\libc.a(mlock.o)
 .comment       0x060351d0       0x20 C:/saturn/SH_COFF/sh-coff/bin/../lib/gcc/sh-coff/3.4-GNUSH_v0501/../../../../sh-coff/lib\libc.a(sbrkr.o)
 .comment       0x060351f0       0x20 C:/saturn/SH_COFF/sh-coff/bin/../lib/gcc/sh-coff/3.4-GNUSH_v0501/../../../../sh-coff/lib\libc.a(syscalls.o)
 .comment       0x06035210       0x20 C:/saturn/SH_COFF/sh-coff/bin/../lib/gcc/sh-coff/3.4-GNUSH_v0501/../../../../sh-coff/lib\libc.a(abort.o)
 .comment       0x06035230       0x20 C:/saturn/SH_COFF/sh-coff/bin/../lib/gcc/sh-coff/3.4-GNUSH_v0501/../../../../sh-coff/lib\libc.a(signal.o)
 .comment       0x06035250       0x20 C:/saturn/SH_COFF/sh-coff/bin/../lib/gcc/sh-coff/3.4-GNUSH_v0501/../../../../sh-coff/lib\libc.a(signalr.o)
