Archive member included because of file (symbol)

../sbl6/segalib/lib/sega_int.a(int.o)
                              vblank.o (INT_SetScuFunc)
../sbl6/segalib/lib/sega_int.a(int_trmp.o)
                              ../sbl6/segalib/lib/sega_int.a(int.o) (__interrupt_handler0)
../sbl6/segalib/lib/sega_spr.a(spr_2c.o)
                              sprite.o (SPR_2Initial)
../sbl6/segalib/lib/sega_spr.a(spr_slv.o)
                              ../sbl6/segalib/lib/sega_spr.a(spr_2c.o) (SPR_InitSlaveSH)
../sbl6/segalib/lib/sega_spr.a(spr_1c.o)
                              ../sbl6/segalib/lib/sega_spr.a(spr_2c.o) (SPR_Initial)
../sbl6/segalib/lib/sega_spr.a(spr_2a.o)
                              ../sbl6/segalib/lib/sega_spr.a(spr_2c.o) (SPR_2SetDrawPrty)
../sbl6/segalib/lib/sega_scl.a(scl_vblv.o)
                              ../sbl6/segalib/lib/sega_spr.a(spr_1c.o) (SpFrameChgMode)
../sbl6/segalib/lib/sega_scl.a(scl_func.o)
                              sprite.o (SCL_Vdp2Init)
../sbl6/segalib/lib/sega_scl.a(scl_pr03.o)
                              scroll.o (SCL_AllocColRam)
../sbl6/segalib/lib/sega_scl.a(scl_pr02.o)
                              scroll.o (SCL_SetColRam)
../sbl6/segalib/lib/sega_scl.a(scl_back.o)
                              scroll.o (SCL_SetBack)
../sbl6/segalib/lib/sega_scl.a(scl_fu05.o)
                              scroll.o (SCL_InitLineParamTb)
../sbl6/segalib/lib/sega_scl.a(scl_fu03.o)
                              scroll.o (SCL_InitConfigTb)
../sbl6/segalib/lib/sega_scl.a(scl_fu02.o)
                              scroll.o (SCL_InitVramConfigTb)
../sbl6/segalib/lib/sega_scl.a(scl_fu04.o)
                              scroll.o (SCL_SetCycleTable)
../sbl6/segalib/lib/sega_scl.a(scl_pr07.o)
                              scroll.o (SCL_SetPriority)
../sbl6/segalib/lib/sega_scl.a(scl_pr09.o)
                              scroll.o (SCL_SetColMixMode)
../sbl6/segalib/lib/sega_scl.a(scl_pri.o)
                              ../sbl6/segalib/lib/sega_scl.a(scl_func.o) (SclRealOtherPri)
../sbl6/segalib/lib/sega_scl.a(scl_pr01.o)
                              main.o (SCL_SetSpriteMode)
../sbl6/segalib/lib/sega_scl.a(scl_ro00.o)
                              ../sbl6/segalib/lib/sega_scl.a(scl_func.o) (SCL_Rotate)
../sbl6/segalib/lib/sega_scl.a(scl_pr06.o)
                              ../sbl6/segalib/lib/sega_scl.a(scl_pr03.o) (SCL_SetColRamOffset)
../sbl6/segalib/lib/sega_scl.a(scl_pr05.o)
                              ../sbl6/segalib/lib/sega_scl.a(scl_pr02.o) (SCL_GetColRamOffset)
../sbl6/segalib/lib/sega_mth.a(mth_fixd.o)
                              sprite.o (MTH_Mul)
../sbl6/segalib/lib/sega_mth.a(mth_tri.o)
                              sprite.o (MTH_Sin)
../sbl6/segalib/lib/sega_cdc.a(cdc_drv.o)
                              sound.o (CDC_CdPlay)
../sbl6/segalib/lib/sega_cdc.a(cdc_cmn.o)
                              main.o (CDC_GetPeriStat)
../sbl6/segalib/lib/sega_cdc.a(cdc_sub.o)
                              ../sbl6/segalib/lib/sega_cdc.a(cdc_cmn.o) (CDSUB_UpdStatus)
../sbl6/segalib/lib/sega_cdc.a(cdc_reg.o)
                              ../sbl6/segalib/lib/sega_cdc.a(cdc_cmn.o) (CDREG_ClrHirqReq)
../sbl6/segalib/lib/sega_per.a(per_prt.o)
                              ../sbl6/segasmp/per/smpclib/per_x2.o (PER_LInit)
../sbl6/segalib/lib/sega_sat.a(gfs.o)
                              cd.o (GFS_Init)
../sbl6/segalib/lib/sega_sat.a(DMA_CPU1.o)
                              pcmsys.o (DMA_CpuMemCopy1)
../sbl6/segalib/lib/sega_sat.a(DMA_CPU5.o)
                              pcmsys.o (DMA_CpuResult)
../sbl6/segalib/lib/sega_sat.a(DMA_SCU1.o)
                              ../sbl6/segalib/lib/sega_spr.a(spr_2c.o) (DMA_ScuMemCopy)
../sbl6/segalib/lib/sega_sat.a(gfs_cdf.o)
                              ../sbl6/segalib/lib/sega_sat.a(gfs.o) (GFCF_Init)
../sbl6/segalib/lib/sega_sat.a(gfs_dir.o)
                              ../sbl6/segalib/lib/sega_sat.a(gfs.o) (GFDR_SetupDirTbl)
../sbl6/segalib/lib/sega_sat.a(gfs_trn.o)
                              ../sbl6/segalib/lib/sega_sat.a(gfs.o) (GFTR_Setup)
../sbl6/segalib/lib/sega_sat.a(gfs_buf.o)
                              ../sbl6/segalib/lib/sega_sat.a(gfs.o) (GFBF_GetNumData)
../sbl6/segalib/lib/sega_sat.a(gfs_cdb.o)
                              ../sbl6/segalib/lib/sega_sat.a(gfs_cdf.o) (GFCB_Setup)
../sbl6/segalib/lib/sega_sat.a(gfs_cdc.o)
                              ../sbl6/segalib/lib/sega_sat.a(gfs.o) (GFCD_SetCdbfs)
../sbl6/segalib/lib/sega_sat.a(DMA_CPU0.o)
                              ../sbl6/segalib/lib/sega_sat.a(DMA_CPU1.o) (DMA_CpuSetComPrm)
../sbl6/segalib/lib/sega_sat.a(csh_main.o)
                              ../sbl6/segalib/lib/sega_sat.a(DMA_CPU5.o) (CSH_Purge)
../sbl6/segalib/lib/sega_sat.a(DMA_SCU0.o)
                              ../sbl6/segalib/lib/sega_sat.a(DMA_SCU1.o) (DMA_ScuSetPrm)
../sbl6/segalib/lib/sega_sat.a(cdc_cfs.o)
                              ../sbl6/segalib/lib/sega_sat.a(gfs_cdc.o) (CDC_ChgDir)
[...]
Memory Configuration

Name             Origin             Length             Attributes
*default*        0x00000000         0xffffffff

Linker script and memory map

LOAD ../sbl6/segasmp/lib/strt1_g.o
LOAD ../sbl6/segasmp/lib/strt2_g.o
LOAD vblank.o
LOAD ../sbl6/segasmp/per/smpclib/per_x1.o
LOAD ../sbl6/segasmp/per/smpclib/per_x2.o
LOAD ../sbl6/segasmp/per/smpclib/per_x3.o
LOAD blocks.o
LOAD cd.o
LOAD collision.o
LOAD enemylist.o
LOAD graphics.o
LOAD pcmsys.o
LOAD player.o
LOAD print.o
LOAD scroll.o
LOAD sound.o
LOAD sprite.o
LOAD spritecode/explosion.o
LOAD spritecode/float.o
LOAD spritecode/missile.o
LOAD spritecode/cannon.o
LOAD main.o
LOAD ../sbl6/segalib/lib/sega_int.a
LOAD ../sbl6/segalib/lib/sega_spr.a
LOAD ../sbl6/segalib/lib/sega_scl.a
LOAD ../sbl6/segalib/lib/sega_mth.a
LOAD ../sbl6/segalib/lib/sega_cdc.a
LOAD ../sbl6/segalib/lib/sega_adp.a
LOAD ../sbl6/segalib/lib/sega_per.a
LOAD ../sbl6/segalib/lib/sega_sat.a
LOAD c:/saturn/SH_COFF/sh-coff/bin/../lib/gcc/sh-coff/3.4-GNUSH_v0501\libgcc.a
LOAD c:/saturn/SH_COFF/sh-coff/bin/../lib/gcc/sh-coff/3.4-GNUSH_v0501/../../../../sh-coff/lib\libc.a
LOAD c:/saturn/SH_COFF/sh-coff/bin/../lib/gcc/sh-coff/3.4-GNUSH_v0501\libgcc.a

.text           0x06010000    0x15810
 *(.text)
 .text          0x06010000       0x30 ../sbl6/segasmp/lib/strt1_g.o
                0x06010024                _D_END
                0x06010020                _D_BGN
                0x0601002c                _B_END
                0x06010028                _B_BGN
                0x06010000                START
 .text          0x06010030       0x60 ../sbl6/segasmp/lib/strt2_g.o
                0x06010050                _INITSCT
                0x06010030                _INIT
 .text          0x06010090      0x190 vblank.o
                0x06010090                SetVblank
                0x06010120                UsrVblankOut
                0x060100f0                UsrVblankIn
 .text          0x06010220      0x430 ../sbl6/segasmp/per/smpclib/per_x1.o
                0x060105b4                PER_GetAnalogXYZ
                0x06010244                PER_GetTriggerHandler
                0x060104de                PER_GetEdge
                0x0601045c                PER_GetTrigger
                0x06010508                PER_GetPressEdge
                0x0601055c                PER_GetReleaseEdge
                0x06010220                PER_SetTriggerHandler
 .text          0x06010650      0x200 ../sbl6/segasmp/per/smpclib/per_x2.o
                0x06010754                PER_GetDeviceA
                0x06010650                PER_OpenPort
                0x06010688                PER_GetPort
                0x060107ce                PER_GetDeviceR
 .text          0x06010850       0x20 ../sbl6/segasmp/per/smpclib/per_x3.o
                0x06010850                PER_DisguiseTrigger
 .text          0x06010870       0xd0 blocks.o
                0x06010870                block_get
                0x060108d0                block_check
                0x06010900                block_spike
 .text          0x06010940      0x120 cd.o
                0x060109e0                cd_load_nosize
                0x06010940                cd_init
                0x06010970                cd_load
 .text          0x06010a60      0x9a0 collision.o
                0x06010a90                collision_check_up
                0x06011260                collision_eject_horiz
                0x060113c0                collision_player
                0x06011090                collision_eject_vert
                0x06010dc0                collision_check
                0x06010c80                collision_check_left
                0x06010a60                collision_check_point
                0x06010d10                collision_check_right
                0x06010ff0                collision_spikes
                0x06010bc0                collision_check_below
                0x06010b00                collision_check_down
 .text          0x06011400       0x80 enemylist.o
                0x06011400                enemylist_spawn
 .text          0x06011480      0x8a0 pcmsys.o
                0x06011b30                load_8bit_pcm
                0x060118a0                smpc_issue_command
                0x06011950                load_drv
                0x06011cb0                pcm_parameter_change
                0x06011880                smpc_wait_till_ready
                0x060118c0                load_driver_binary
                0x06011c70                pcm_play
                0x06011ce0                pcm_cease
                0x060119a0                calculate_bytes_per_blank
                0x060119e0                load_16bit_pcm
 .text          0x06011d20      0x790 player.o
                0x06011db0                player_killenemy
                0x06011d20                player_frames
                0x06011f40                player_input
                0x06011d30                player_init
                0x06011dd0                player_die
                0x06012360                player_draw
                0x06011d80                player_cankill
                0x06011e30                player_animate
 .text          0x060124b0      0x170 print.o
                0x06012580                print_display
                0x060124f0                print_num
                0x060124b0                print_init
                0x06012540                print_string
 .text          0x06012620      0x9b0 scroll.o
                0x06012620                scroll_move
                0x06012860                scroll_get
                0x06012d70                scroll_copy
                0x06012750                scroll_set
                0x06012eb0                scroll_reset
                0x06012f10                scroll_linescroll4
                0x06012980                scroll_init
                0x06012780                scroll_scale
                0x060128c0                scroll_changescreen
 .text          0x06012fd0      0x180 sound.o
                0x06013130                sound_play
                0x06013000                sound_init
                0x060130f0                sound_cdda
 .text          0x06013150      0x810 sprite.o
                0x06013180                sprite_init
                0x06013770                sprite_make
                0x060138d0                sprite_next
                0x06013930                sprite_delete
                0x060137c0                sprite_draw_all
                0x06013150                sprite_deleteall
                0x06013520                sprite_draw
 .text          0x06013960       0xe0 spritecode/explosion.o
                0x060139d0                explosion_move
                0x06013960                explosion_make
 .text          0x06013a40      0x180 spritecode/float.o
                0x06013a40                float_make
                0x06013ab0                float_move
 .text          0x06013bc0      0x240 spritecode/missile.o
                0x06013bc0                missile_make
                0x06013c70                missile_move
 .text          0x06013e00       0xf0 spritecode/cannon.o
                0x06013e00                cannon_make
                0x06013e80                cannon_move
 .text          0x06013ef0      0x1e0 main.o
                0x06013ef0                main
 .text          0x060140d0       0x40 ../sbl6/segalib/lib/sega_int.a(int.o)
                0x060140fc                INT_GetScuFunc
                0x060140d0                INT_SetScuFunc
 .text          0x06014110      0x624 ../sbl6/segalib/lib/sega_int.a(int_trmp.o)
                0x06014278                __interrupt_handler60
                0x06014428                __interrupt_handler132
                0x060145de                __interrupt_handler205
                0x06014446                __interrupt_handler137
                0x06014374                __interrupt_handler102
                0x060141b2                __interrupt_handler27
                0x060145b4                __interrupt_handler198
                0x060144a6                __interrupt_handler153
                0x0601418e                __interrupt_handler21
                0x0601429c                __interrupt_handler66
                0x0601438c                __interrupt_handler106
                0x060144d6                __interrupt_handler161
                0x06014320                __interrupt_handler88
                0x060144ee                __interrupt_handler165
                0x060143fe                __interrupt_handler125
                0x06014134                __interrupt_handler6
                0x060141d0                __interrupt_handler32
                0x0601458a                __interrupt_handler191
                0x060146a4                __interrupt_handler238
                0x060146bc                __interrupt_handler242
                0x060144c4                __interrupt_handler158
                0x0601432c                __interrupt_handler90
                0x060144e8                __interrupt_handler164
                0x0601420c                __interrupt_handler42
                0x0601454e                __interrupt_handler181
                0x06014656                __interrupt_handler225
                0x060146fe                __interrupt_handler253
                0x06014512                __interrupt_handler171
                0x060142cc                __interrupt_handler74
                0x06014122                __interrupt_handler3
                0x06014266                __interrupt_handler57
                0x06014164                __interrupt_handler14
                0x060145fc                __interrupt_handler210
                0x0601462c                __interrupt_handler218
                0x060145f0                __interrupt_handler208
                0x060141f4                __interrupt_handler38
                0x06014110                __interrupt_handler0
                0x06014380                __interrupt_handler104
                0x060144be                __interrupt_handler157
                0x0601460e                __interrupt_handler213
                0x06014500                __interrupt_handler168
                0x0601430e                __interrupt_handler85
                0x060143aa                __interrupt_handler111
                0x060143bc                __interrupt_handler114
                0x0601422a                __interrupt_handler47
                0x06014680                __interrupt_handler232
                0x0601464a                __interrupt_handler223
                0x0601469e                __interrupt_handler237
                0x0601428a                __interrupt_handler63
                0x06014218                __interrupt_handler44
                0x0601452a                __interrupt_handler175
                0x06014554                __interrupt_handler182
                0x0601456c                __interrupt_handler186
                0x0601446a                __interrupt_handler143
                0x06014392                __interrupt_handler107
                0x060143f8                __interrupt_handler124
                0x06014518                __interrupt_handler172
                0x060146ce                __interrupt_handler245
                0x0601434a                __interrupt_handler95
                0x06014422                __interrupt_handler131
                0x06014434                __interrupt_handler134
                0x06014452                __interrupt_handler139
                0x060142c0                __interrupt_handler72
                0x0601467a                __interrupt_handler231
                0x060144d0                __interrupt_handler160
                0x06014416                __interrupt_handler129
                0x06014188                __interrupt_handler20
                0x06014296                __interrupt_handler65
                0x06014260                __interrupt_handler56
                0x0601415e                __interrupt_handler13
                0x060145f6                __interrupt_handler209
                0x060143b0                __interrupt_handler112
                0x06014182                __interrupt_handler19
                0x0601433e                __interrupt_handler93
                0x060145a8                __interrupt_handler196
                0x0601449a                __interrupt_handler151
                0x060144fa                __interrupt_handler167
                0x06014710                __trampoline
                0x06014176                __interrupt_handler17
                0x06014668                __interrupt_handler228
                0x0601470a                __interrupt_handler255
                0x060146c8                __interrupt_handler244
                0x06014362                __interrupt_handler99
                0x0601455a                __interrupt_handler183
                0x06014458                __interrupt_handler140
                0x0601457e                __interrupt_handler189
                0x0601447c                __interrupt_handler146
                0x06014644                __interrupt_handler222
                0x060144b8                __interrupt_handler156
                0x060143ec                __interrupt_handler122
                0x060146e0                __interrupt_handler248
                0x06014230                __interrupt_handler48
                0x060142ae                __interrupt_handler69
                0x060141a0                __interrupt_handler24
                0x06014326                __interrupt_handler89
                0x0601461a                __interrupt_handler215
                0x06014704                __interrupt_handler254
                0x0601431a                __interrupt_handler87
                0x0601427e                __interrupt_handler61
                0x060145a2                __interrupt_handler195
                0x06014494                __interrupt_handler150
                0x06014206                __interrupt_handler41
                0x060143a4                __interrupt_handler110
                0x0601440a                __interrupt_handler127
                0x06014398                __interrupt_handler108
                0x060143b6                __interrupt_handler113
                0x060143c8                __interrupt_handler116
                0x060143e6                __interrupt_handler121
                0x060142de                __interrupt_handler77
                0x060141fa                __interrupt_handler39
                0x06014212                __interrupt_handler43
                0x060146e6                __interrupt_handler249
                0x06014524                __interrupt_handler174
                0x06014440                __interrupt_handler136
                0x06014578                __interrupt_handler188
                0x06014476                __interrupt_handler145
                0x06014146                __interrupt_handler9
                0x060142ea                __interrupt_handler79
                0x06014662                __interrupt_handler227
                0x060141dc                __interrupt_handler34
                0x0601441c                __interrupt_handler130
                0x060146da                __interrupt_handler247
                0x060142d2                __interrupt_handler75
                0x0601451e                __interrupt_handler173
                0x0601424e                __interrupt_handler53
                0x0601448e                __interrupt_handler149
                0x060146f2                __interrupt_handler251
                0x06014686                __interrupt_handler233
                0x0601414c                __interrupt_handler10
                0x060145d8                __interrupt_handler204
                0x060142fc                __interrupt_handler82
                0x06014302                __interrupt_handler83
                0x060141a6                __interrupt_handler25
                0x060146c2                __interrupt_handler243
                0x060144dc                __interrupt_handler162
                0x06014224                __interrupt_handler46
                0x0601453c                __interrupt_handler178
                0x060142f0                __interrupt_handler80
                0x06014284                __interrupt_handler62
                0x0601411c                __interrupt_handler2
                0x060141be                __interrupt_handler29
                0x060142b4                __interrupt_handler70
                0x0601439e                __interrupt_handler109
                0x06014488                __interrupt_handler148
                0x06014344                __interrupt_handler94
                0x06014650                __interrupt_handler224
                0x0601437a                __interrupt_handler103
                0x060141e8                __interrupt_handler36
                0x06014404                __interrupt_handler126
                0x060146d4                __interrupt_handler246
                0x0601425a                __interrupt_handler55
                0x06014158                __interrupt_handler12
                0x06014248                __interrupt_handler52
                0x06014572                __interrupt_handler187
                0x06014470                __interrupt_handler144
                0x060143ce                __interrupt_handler117
                0x0601417c                __interrupt_handler18
                0x060145ae                __interrupt_handler197
                0x060144a0                __interrupt_handler152
                0x060143d4                __interrupt_handler118
                0x0601450c                __interrupt_handler170
                0x060145c6                __interrupt_handler201
                0x06014356                __interrupt_handler97
                0x060144e2                __interrupt_handler163
                0x06014548                __interrupt_handler180
                0x06014590                __interrupt_handler192
                0x060146b0                __interrupt_handler240
                0x060143f2                __interrupt_handler123
                0x06014614                __interrupt_handler214
                0x060141ca                __interrupt_handler31
                0x060141b8                __interrupt_handler28
                0x060142a2                __interrupt_handler67
                0x060142a8                __interrupt_handler68
                0x06014194                __interrupt_handler22
                0x0601419a                __interrupt_handler23
                0x06014530                __interrupt_handler176
                0x0601413a                __interrupt_handler7
                0x0601463e                __interrupt_handler221
                0x06014626                __interrupt_handler217
                0x0601466e                __interrupt_handler229
                0x06014236                __interrupt_handler49
                0x06014128                __interrupt_handler4
                0x06014200                __interrupt_handler40
                0x060143c2                __interrupt_handler115
                0x06014692                __interrupt_handler235
                0x06014332                __interrupt_handler91
                0x060145e4                __interrupt_handler206
                0x06014536                __interrupt_handler177
                0x06014482                __interrupt_handler147
                0x060141ee                __interrupt_handler37
                0x060146ec                __interrupt_handler250
                0x06014116                __interrupt_handler1
                0x06014632                __interrupt_handler219
                0x060142d8                __interrupt_handler76
                0x06014368                __interrupt_handler100
                0x0601426c                __interrupt_handler58
                0x0601416a                __interrupt_handler15
                0x06014608                __interrupt_handler212
                0x060146b6                __interrupt_handler241
                0x060145cc                __interrupt_handler202
                0x06014596                __interrupt_handler193
                0x060142e4                __interrupt_handler78
                0x0601423c                __interrupt_handler50
                0x060141d6                __interrupt_handler33
                0x060144f4                __interrupt_handler166
                0x0601444c                __interrupt_handler138
                0x0601443a                __interrupt_handler135
                0x060141c4                __interrupt_handler30
                0x06014560                __interrupt_handler184
                0x0601445e                __interrupt_handler141
                0x06014674                __interrupt_handler230
                0x06014698                __interrupt_handler236
                0x060143da                __interrupt_handler119
                0x06014314                __interrupt_handler86
                0x06014386                __interrupt_handler105
                0x060142f6                __interrupt_handler81
                0x060143e0                __interrupt_handler120
                0x06014410                __interrupt_handler128
                0x06014254                __interrupt_handler54
                0x06014152                __interrupt_handler11
                0x060145ba                __interrupt_handler199
                0x060144ac                __interrupt_handler154
                0x0601421e                __interrupt_handler45
                0x06014620                __interrupt_handler216
                0x060145d2                __interrupt_handler203
                0x0601436e                __interrupt_handler101
                0x06014308                __interrupt_handler84
                0x06014566                __interrupt_handler185
                0x06014464                __interrupt_handler142
                0x060141ac                __interrupt_handler26
                0x06014290                __interrupt_handler64
                0x060145c0                __interrupt_handler200
                0x060145ea                __interrupt_handler207
                0x0601459c                __interrupt_handler194
                0x06014338                __interrupt_handler92
                0x060144b2                __interrupt_handler155
                0x06014602                __interrupt_handler211
                0x0601442e                __interrupt_handler133
                0x0601412e                __interrupt_handler5
                0x060142c6                __interrupt_handler73
                0x06014170                __interrupt_handler16
                0x060146aa                __interrupt_handler239
                0x0601468c                __interrupt_handler234
                0x060141e2                __interrupt_handler35
                0x06014272                __interrupt_handler59
                0x06014506                __interrupt_handler169
                0x0601435c                __interrupt_handler98
                0x060142ba                __interrupt_handler71
                0x06014242                __interrupt_handler51
                0x060144ca                __interrupt_handler159
                0x0601465c                __interrupt_handler226
                0x06014350                __interrupt_handler96
                0x06014584                __interrupt_handler190
                0x06014638                __interrupt_handler220
                0x06014140                __interrupt_handler8
                0x06014542                __interrupt_handler179
                0x060146f8                __interrupt_handler252
 *fill*         0x06014734        0xc 00
 .text          0x06014740     0x12a0 ../sbl6/segalib/lib/sega_spr.a(spr_2c.o)
                0x060159a0                SlaveFlushDrawPrtyBlock
                0x06014740                SPR_2Initial
                0x06014f84                SPR_2SysClip
                0x06014f24                SPR_2LocalCoord
                0x0601581c                SPR_2FlushDrawPrtyBlock
                0x06015508                SPR_2DistSpr
                0x06014f0c                SPR_2FlushDrawPrty
                0x0601562c                SPR_2Cmd
                0x06014c08                SPR_2GourTblNoToVram
                0x06014c68                SPR_2GetAreaSizeInfo
                0x060149d0                SPR_2SetGourTbl
                0x060151bc                SPR_2Polygon
                0x06014c44                SPR_2CharNoToVram
                0x06014950                SPR_2SetTvMode
                0x06014dac                SPR_2CloseCommand
                0x0601498c                SPR_2FrameEraseData
                0x06014768                SPR_2Initial2
                0x0601539c                SPR_2ScaleSpr
                0x0601502c                SPR_2Line
                0x06014cf8                SPR_2OpenCommand
                0x0601496c                SPR_2FrameChgIntr
                0x06015278                SPR_2NormSpr
                0x06014a00                SPR_2SetLookupTbl
                0x06014a34                SPR_2SetChar
                0x06014c2c                SPR_2LookupTblNoToVram
                0x06015100                SPR_2PolyLine
                0x06014ba0                SPR_2ClrAllChar
                0x06014b54                SPR_2ClrChar
                0x06014fd0                SPR_2UserClip
 .text          0x060159e0      0x1e6 ../sbl6/segalib/lib/sega_spr.a(spr_slv.o)
                0x06015b44                SPR_WaitEndSlaveSH
                0x060159e0                SPR_SMPC_SSHON
                0x06015b20                SPR_RunSlaveSH
                0x060159e4                SPR_InitSlaveSH
                0x06015aac                SPR_SlaveSHmain
                0x060159e1                SPR_SMPC_SSHOFF
 *fill*         0x06015bc6        0xa 00
 .text          0x06015bd0      0x36a ../sbl6/segalib/lib/sega_spr.a(spr_1c.o)
                0x06015e84                SPR_WaitDrawEnd
                0x06015e9c                SPR_SetEosMode
                0x06015db4                SPR_SetEraseData
                0x06015bd0                SPR_Initial
                0x06015ca8                SPR_SetTvMode
                0x06015d40                SPR_GetStatus
 *fill*         0x06015f3a        0x6 00
 .text          0x06015f40      0x244 ../sbl6/segalib/lib/sega_spr.a(spr_2a.o)
                0x06015f52                sprMemCpyW
                0x06015fb0                flushDrawPrtyBlock
                0x06015f40                sprMemCpyL
                0x06015f64                SPR_2SetDrawPrty
 *fill*         0x06016184        0xc 00
 .text          0x06016190      0x2fc ../sbl6/segalib/lib/sega_scl.a(scl_vblv.o)
                0x0601624c                SCL_DisplayFrame
                0x06016190                SCL_SetFrameInterval
                0x06016280                SCL_VblInit
                0x060162d0                SCL_VblankStart
                0x06016314                SCL_VblankEnd
 *fill*         0x0601648c        0x4 00
 .text          0x06016490      0xb9c ../sbl6/segalib/lib/sega_scl.a(scl_func.o)
                0x06016e6c                SCL_Vdp2_SGLInit
                0x06016d7c                SCL_PriIntProc
                0x06016cf4                SCL_Memcpyw
                0x0601700c                SCL_SglOff
                0x06016fec                SCL_SglOn
                0x06016c60                SCL_ScrollShow
                0x06016708                SCL_Close
                0x06016a00                SCL_Scale
                0x06016490                SCL_Vdp2Init
                0x06016874                SCL_Move
                0x06016b3c                SCL_CopyReg
                0x060166e4                SCL_Open
                0x06016514                SCL_ParametersInit
                0x06016724                SCL_MoveTo
                0x06016d1c                SCL_SetColRamMode
 *fill*         0x0601702c        0x4 00
 .text          0x06017030      0x138 ../sbl6/segalib/lib/sega_scl.a(scl_pr03.o)
                0x06017030                SCL_FreeColRam
                0x06017068                SCL_AllocColRam
 *fill*         0x06017168        0x8 00
 .text          0x06017170       0x9c ../sbl6/segalib/lib/sega_scl.a(scl_pr02.o)
                0x06017170                SCL_SetColRam
 *fill*         0x0601720c        0x4 00
 .text          0x06017210       0x84 ../sbl6/segalib/lib/sega_scl.a(scl_back.o)
                0x06017210                SCL_SetBack
 *fill*         0x06017294        0xc 00
 .text          0x060172a0      0x278 ../sbl6/segalib/lib/sega_scl.a(scl_fu05.o)
                0x0601735c                SCL_SetLineParam
                0x060172a8                SCL_InitLineParamTb
 *fill*         0x06017518        0x8 00
 .text          0x06017520      0x94c ../sbl6/segalib/lib/sega_scl.a(scl_fu03.o)
                0x0601757c                SCL_SetConfig
                0x06017520                SCL_InitConfigTb
 *fill*         0x06017e6c        0x4 00
 .text          0x06017e70      0x4f4 ../sbl6/segalib/lib/sega_scl.a(scl_fu02.o)
                0x06017ea8                SCL_SetVramConfig
                0x06017e70                SCL_InitVramConfigTb
 *fill*         0x06018364        0xc 00
 .text          0x06018370       0x28 ../sbl6/segalib/lib/sega_scl.a(scl_fu04.o)
                0x06018370                SCL_SetCycleTable
 *fill*         0x06018398        0x8 00
 .text          0x060183a0      0x214 ../sbl6/segalib/lib/sega_scl.a(scl_pr07.o)
                0x060183a0                SCL_SetPriority
 *fill*         0x060185b4        0xc 00
 .text          0x060185c0       0x40 ../sbl6/segalib/lib/sega_scl.a(scl_pr09.o)
                0x060185c0                SCL_SetColMixMode
 .text          0x06018600     0x10a4 ../sbl6/segalib/lib/sega_scl.a(scl_pri.o)
                0x06018694                SCL_AbortAutoVe
                0x06019544                SCL_SetShadowBit
                0x06018b0c                SCL_AutoExec
                0x06018600                SCL_PriorityInit
                0x06019020                SCL_IncColOffset
                0x060186a8                SCL_SetColMixRate
                0x06018678                SCL_GetColRamMode
 *fill*         0x060196a4        0xc 00
 .text          0x060196b0       0x58 ../sbl6/segalib/lib/sega_scl.a(scl_pr01.o)
                0x060196b0                SCL_SetSpriteMode
 *fill*         0x06019708        0x8 00
 .text          0x06019710     0x1394 ../sbl6/segalib/lib/sega_scl.a(scl_ro00.o)
                0x0601a8fc                SCL_RotateZD
                0x06019bc4                SCL_Rotate
                0x06019898                SCL_InitRotateTable
 *fill*         0x0601aaa4        0xc 00
 .text          0x0601aab0      0x1b4 ../sbl6/segalib/lib/sega_scl.a(scl_pr06.o)
                0x0601aab0                SCL_SetColRamOffset
 *fill*         0x0601ac64        0xc 00
 .text          0x0601ac70       0xac ../sbl6/segalib/lib/sega_scl.a(scl_pr05.o)
                0x0601ac70                SCL_GetColRamOffset
 *fill*         0x0601ad1c        0x4 00
 .text          0x0601ad20       0xa4 ../sbl6/segalib/lib/sega_mth.a(mth_fixd.o)
                0x0601ad70                MTH_FixedToInt
                0x0601ad60                MTH_IntToFixed
                0x0601ad20                MTH_Mul
                0x0601ad80                MTH_Product
                0x0601ad40                MTH_Div
 *fill*         0x0601adc4        0xc 00
 .text          0x0601add0      0x600 ../sbl6/segalib/lib/sega_mth.a(mth_tri.o)
                0x0601ae6c                fcos
                0x0601ae72                fsin
                0x0601ae1c                MTH_Cos
                0x0601add0                MTH_Sin
                0x0601b010                MTH_Atan
 .text          0x0601b3d0      0x130 ../sbl6/segalib/lib/sega_cdc.a(cdc_drv.o)
                0x0601b3d0                CDC_CdPlay
                0x0601b49c                CDC_CdSeek
                0x0601b4d0                CDC_CdScan
 .text          0x0601b500      0x3a0 ../sbl6/segalib/lib/sega_cdc.a(cdc_cmn.o)
                0x0601b6a4                CDC_TgetToc
                0x0601b848                CDC_DataEnd
                0x0601b568                CDC_GetPeriStat
                0x0601b7dc                CDC_DataReady
                0x0601b7b4                CDC_CdOpen
                0x0601b730                CDC_CdInit
                0x0601b6f4                CDC_GetSes
                0x0601b550                CDC_GetLastStat
                0x0601b500                CDC_GetCurStat
                0x0601b63c                CDC_GetHwInfo
 .text          0x0601b8a0      0x152 ../sbl6/segalib/lib/sega_cdc.a(cdc_sub.o)
                0x0601b948                CDSUB_GetCdstat
                0x0601b8b8                CDSUB_UpdCdstat
                0x0601b988                CDSUB_RspToCdstat
                0x0601b9d0                CDSUB_SoftTimer
                0x0601b8a0                CDSUB_UpdStatus
                0x0601b8d8                CDSUB_CdCmd
 *fill*         0x0601b9f2        0xe 00
 .text          0x0601ba00      0x2dc ../sbl6/segalib/lib/sega_cdc.a(cdc_reg.o)
                0x0601ba54                CDREG_ClrHirqReq
                0x0601ba24                CDC_ClrHirqReq
                0x0601bad4                CDREG_TgetData
                0x0601bac4                CDC_GetMpegPtr
                0x0601baa0                CDC_GetHirqMsk
                0x0601ba00                CDC_GetDataPtr
                0x0601ba10                CDC_GetHirqReq
                0x0601bc30                CDREG_WaitHirq
                0x0601bab4                CDC_SetHirqMsk
                0x0601bb30                CDREG_CmdRsp
                0x0601ba64                CDREG_InitHirqReq
                0x0601ba8c                CDREG_SetHirqFlag
                0x0601bca0                CDREG_ReadRsp
 *fill*         0x0601bcdc        0x4 00
 .text          0x0601bce0      0xf50 ../sbl6/segalib/lib/sega_per.a(per_prt.o)
                0x0601c100                PER_IntFunc
                0x0601bef8                PER_LGetPer
                0x0601bce0                PER_LInit
 .text          0x0601cc30     0x1b04 ../sbl6/segalib/lib/sega_sat.a(gfs.o)
                0x0601cc30                gfs_version
                0x0601dea4                gfs_mngGetNumFile
                0x0601e624                gfs_closeSub
                0x0601d9c0                GFS_SetGmode
                0x0601dc7c                GFS_SetErrFunc
                0x0601ddcc                gfs_mngSetupFuncTbl
                0x0601cf88                GFS_Reset
                0x0601dcf4                gfs_chgRoot
                0x0601ddc0                gfs_aborttrans
                0x0601e0a4                gfs_svrAddHndl
                0x0601df54                gfs_mngFreeGrp
                0x0601dccc                GFS_ConvTno
                0x0601e258                gfs_getRootDir
                0x0601dca8                GFS_GetErrStat
                0x0601d0f8                GFS_Seek
                0x0601d764                GFS_NwStop
                0x0601df60                gfs_mngTermAccess
                0x0601d00c                GFS_Open
                0x0601df0c                GFS_mngAllocGrp
                0x0601e66c                gfs_isTaskDone
                0x0601d464                GFS_Fread
                0x0601dbc4                GFS_StartTrans
                0x0601e5c0                gfs_GetFinfo
                0x0601de00                gfs_mngInitWork
                0x0601d250                GFS_ByteToSct
                0x0601e064                gfs_svrSearchHndl
                0x0601e354                gfs_loadRootDir
                0x0601ceac                GFS_IdToName
                0x0601d5a8                GFS_NwFread
                0x0601daf4                GFS_SetTransPara
                0x0601d6b4                GFS_NwCdRead
                0x0601e194                gfs_loadVol
                0x0601da90                GFS_SetReadPara
                0x0601d1ac                GFS_Tell
                0x0601da24                GFS_SetTmode
                0x0601e528                GFS_GetFad
                0x0601db60                GFS_SetTrFunc
                0x0601dc10                GFS_CdMovePickup
                0x0601ce48                GFS_NameToId
                0x0601d87c                GFS_NwExecOne
                0x0601e3dc                gfs_flowIn
                0x0601d304                GFS_GetFileInfo
                0x0601e484                gfs_transData
                0x0601e0e0                gfs_svrRemoveHndl
                0x0601d72c                GFS_NwIsComplete
                0x0601e660                gfs_getGmode
                0x0601d7d0                GFS_NwGetStat
                0x0601e13c                GFS_OpenSub
                0x0601cde0                GFS_SetDir
                0x0601d2ac                GFS_GetFileSize
                0x0601d378                GFS_GetNumCdbuf
                0x0601e6c0                gfs_convFinStat
                0x0601d3a0                GFS_Load
                0x0601d500                gfs_waitRead
                0x0601cd38                GFS_LoadDir
                0x0601cf18                GFS_GetDirInfo
                0x0601d0c0                GFS_Close
                0x0601cc50                GFS_Init
                0x0601d84c                gfs_recovRdErr
                0x0601dfe4                gfs_mngSetErrCode
                0x0601d93c                GFS_NwExecServer
                0x0601d1fc                GFS_IsEof
                0x0601e580                gfs_SetSct
 *fill*         0x0601e734        0xc 00
 .text          0x0601e740       0x90 ../sbl6/segalib/lib/sega_sat.a(DMA_CPU1.o)
                0x0601e740                DMA_CpuMemCopy1
 .text          0x0601e7d0       0x50 ../sbl6/segalib/lib/sega_sat.a(DMA_CPU5.o)
                0x0601e7d0                DMA_CpuResult
 .text          0x0601e820      0x1f4 ../sbl6/segalib/lib/sega_sat.a(DMA_SCU1.o)
                0x0601e97c                DMA_ScuResult
                0x0601e820                DMA_ScuInit
                0x0601e870                DMA_ScuMemCopy
 *fill*         0x0601ea14        0xc 00
 .text          0x0601ea20      0x8d4 ../sbl6/segalib/lib/sega_sat.a(gfs_cdf.o)
                0x0601ef14                GFCF_Seek
                0x0601f01c                GFCF_GetStat
                0x0601eefc                GFCF_Tell
                0x0601eac0                GFCF_Setup
                0x0601efc8                GFCF_cnvIntlvOfs
                0x0601ea20                GFCF_Init
                0x0601eeb4                GFCF_Recover
                0x0601ec08                GFCF_SetSct
                0x0601ef2c                GFCF_MovePickup
                0x0601f0f0                gfcf_isCdOk
                0x0601ecc0                GFCF_FlowInBuf
                0x0601ec4c                GFCF_GetFileInfo
                0x0601ee14                GFCF_StopInBuf
                0x0601f0b4                gfcf_getSctSize
                0x0601f1b0                gfcf_getPlayRange
 *fill*         0x0601f2f4        0xc 00
 .text          0x0601f300      0x928 ../sbl6/segalib/lib/sega_sat.a(gfs_dir.o)
                0x0601f7f0                gfdr_setNextRec
                0x0601fbec                gfdr_setDirrecCd
                0x0601f5e8                gfdr_open
                0x0601f3fc                GFDR_GetAtrDirId
                0x0601f6d0                gfdr_readByte
                0x0601f300                GFDR_SetupDirTbl
                0x0601f7c8                gfdr_readLongNM
                0x0601f874                gfdr_readDirEnt
                0x0601f42c                GFDR_ChgRoot
                0x0601f374                GFDR_NameToId
                0x0601f4b8                gfdr_setupDirIdTbl
                0x0601f414                GFDR_GetAtrDirName
                0x0601f3d4                GFDR_GetInfoDirId
                0x0601f77c                gfdr_readLongNB
                0x0601f610                gfdr_read
                0x0601f6fc                gfdr_readWord
                0x0601f53c                gfdr_setupDirNameTbl
                0x0601f3e8                GFDR_GetInfoDirName
                0x0601f444                GFDR_ChgDir
                0x0601f728                gfdr_readWordNB
 *fill*         0x0601fc28        0x8 00
 .text          0x0601fc30      0xa46 ../sbl6/segalib/lib/sega_sat.a(gfs_trn.o)
                0x0601fd10                GFTR_SetTransMax
                0x060200e0                gftr_execScu
                0x06020664                GFTR_SetTransFunc
                0x0602052c                gftr_remTrn
                0x06020650                GFTR_SetData
                0x06020350                gftr_execSdma1
                0x060205a0                gftr_copyFrac
                0x0601fd04                GFTR_GetNumTrans
                0x0601fca4                GFTR_SetMode
                0x06020320                gftr_remDma0
                0x060205c8                GFTR_GetLenData
                0x060200d4                gftr_reqScu
                0x06020338                gftr_reqDma1
                0x0601fff0                gftr_getSrcPack
                0x06020620                GFTR_RtnDstPk
                0x060201bc                gfdma_exec
                0x06020454                gftr_execTrn
                0x0601fee8                GFTR_ExecSvr
                0x060203e4                gftr_reqTrn
                0x060202ac                gfdma_getBytecnt
                0x0602038c                gftr_reqCpu
                0x060205ec                GFTR_GetDstPack
                0x060202e4                gftr_reqDma0
                0x0601fe70                GFTR_Idle
                0x0601fd28                GFTR_Pause
                0x0601fcf8                GFTR_GetTransPara
                0x060203d8                gftr_remCpu
                0x0601fcc4                GFTR_SetTransPara
                0x06020374                gftr_remDma1
                0x0601fd34                GFTR_Stop
                0x060202fc                gftr_execSdma0
                0x0601fc60                GFTR_Setup
                0x0602017c                gftr_remScu
                0x06020078                gftr_getDstPack
                0x060201b0                gfdma_canUse
                0x0601fdec                GFTR_Exec
                0x0602063c                GFTR_GetData
                0x0601fd1c                GFTR_Start
                0x0601fcb8                GFTR_SetUnit
                0x06020398                gftr_execCpu
                0x060205d4                GFTR_GetLenRoom
 *fill*         0x06020676        0xa 00
 .text          0x06020680      0x106 ../sbl6/segalib/lib/sega_sat.a(gfs_buf.o)
                0x060206d8                GFBF_GetNumData
                0x06020754                GFBF_RtnPk
                0x06020708                GFBF_GetSrcPk
                0x0602077c                gfbf_getSctDt
                0x060206b0                GFBF_GetTranData
                0x06020730                GFBF_GetSctData
 *fill*         0x06020786        0xa 00
 .text          0x06020790      0x600 ../sbl6/segalib/lib/sega_sat.a(gfs_cdb.o)
                0x06020d38                GFCB_GetPickup
                0x060208b0                GFCB_Close
                0x06020b7c                GFCB_GetSrcPack
                0x06020d04                GFCB_SetCon
                0x06020984                GFCB_GetLenRoom
                0x06020ce8                GFCB_MovePickup
                0x06020c5c                GFCB_GetSctData
                0x06020990                GFCB_SetFilt
                0x060208d8                GFCB_GetLenData
                0x06020d78                GFCB_UngetPickup
                0x06020790                GFCB_Setup
                0x06020a20                GFCB_Tell
                0x06020d60                GFCB_IsPuOwner
                0x06020a80                GFCB_Seek
                0x060209f8                GFCB_DeleteAllData
                0x06020c94                GFCB_GetDstPack
                0x06020a30                gfcb_getSctNum
                0x06020ca0                GFCB_RtnPk
 .text          0x06020d90     0x1a04 ../sbl6/segalib/lib/sega_sat.a(gfs_cdc.o)
                0x0602102c                GFCD_AllocBuf
                0x06021e08                gfcd_doGetLenDataTsk
                0x060226a4                GFCD_SetCsctFunc
                0x06021104                GFCD_GetBaseFad
                0x06021280                GFCD_GetFilt
                0x06022294                gfcd_doChgDirTsk
                0x060225d4                gfcd_checkEflag
                0x060215c8                GFCD_MovePickup
                0x060216ac                GFCD_GetSctInfo
                0x06021f5c                gfcd_doReqDataTsk
                0x060216f4                GFCD_ChgDir
                0x060213e8                GFCD_ReqData
                0x060226c0                GFCD_ChkScdqFlag
                0x06021b78                GFCD_WaitServer
                0x0602148c                GFCD_DelSctData
                0x06021964                GFCD_ExecServer
                0x06021d78                gfcd_doSetConTsk
                0x06020fc0                GFCD_AllocFilt
                0x060211bc                GFCD_SetFilt
                0x06021bb4                gfcd_doSetFiltTsk
                0x060226e4                GFCD_ClrScdqFlag
                0x06021ffc                gfcd_doDelSctDataTsk
                0x06021ac0                gfcd_doTask
                0x06021138                GFCD_GetPickup
                0x06021688                GFCD_CheckMove
                0x06022700                GFCD_WaitScdqFlag
                0x06021320                GFCD_Play
                0x06022130                gfcd_doMoveSctTsk
                0x060212c8                GFCD_SetCon
                0x06021768                GFCD_SetFiltCon
                0x06022744                GFCD_WaitPause
                0x0602192c                GFCD_GetBufSiz
                0x0602116c                GFCD_UngetPickup
                0x06021850                GFCD_GetFileInfo
                0x06021444                GFCD_EndData
                0x06021060                GFCD_FreeBuf
                0x06021380                GFCD_GetLenData
                0x06020ffc                GFCD_FreeFilt
                0x06021a38                gfcd_isIdleTask
                0x06020dbc                GFCD_Init
                0x06022490                gfcd_doSetFiltConTsk
                0x06021514                GFCD_GetStat
                0x06021614                GFCD_MoveSctData
                0x06021198                GFCD_IsPuOwner
                0x060225f8                gfcd_initCdbMng
                0x06020d90                GFCD_SetCdbfs
                0x06021b64                GFCD_SetTimer
                0x06022678                gfcd_setStat
                0x060214e4                GFCD_CheckDelSctData
 *fill*         0x06022794        0xc 00
 .text          0x060227a0      0x1b6 ../sbl6/segalib/lib/sega_sat.a(DMA_CPU0.o)
                0x060227e8                DMA_CpuSetPrm
                0x060228ec                DMA_CpuStart
                0x06022944                DMA_CpuGetStatus
                0x06022918                DMA_CpuAllStop
                0x0602292c                DMA_CpuGetComStatus
                0x060227a0                DMA_CpuSetComPrm
                0x06022900                DMA_CpuStop
 *fill*         0x06022956        0xa 00
 .text          0x06022960       0xe8 ../sbl6/segalib/lib/sega_sat.a(csh_main.o)
                0x06022960                CSH_Init
                0x060229c8                CSH_AllClr
                0x06022a14                CSH_Purge
 *fill*         0x06022a48        0x8 00
 .text          0x06022a50      0x308 ../sbl6/segalib/lib/sega_sat.a(DMA_SCU0.o)
                0x06022ad4                DMA_ScuStart
                0x06022c08                DMA_ScuIntFunc0
                0x06022c78                DMA_ScuIntFunc1
                0x06022ce8                DMA_ScuIntFunc2
                0x06022bc8                DMA_ScuGetStatus
                0x06022a50                DMA_ScuSetPrm
 *fill*         0x06022d58        0x8 00
 .text          0x06022d60      0x194 ../sbl6/segalib/lib/sega_sat.a(cdc_cfs.o)
                0x06022d60                CDC_ChgDir
                0x06022d94                CDC_ReadDir
                0x06022eb8                CDC_AbortFile
                0x06022dc8                CDC_GetFileScope
                0x06022e28                CDC_TgetFileInfo
                0x06022e84                CDC_ReadFile
 *fill*         0x06022ef4        0xc 00
 .text          0x06022f00      0x1e4 ../sbl6/segalib/lib/sega_sat.a(cdc_bio.o)
                0x06022fac                CDC_GetdelSctData
                0x06022f34                CDC_GetSctData
                0x06022fe8                CDC_PutSctData
                0x06023064                CDC_MoveSctData
                0x060230a8                CDC_GetCopyErr
                0x06022f70                CDC_DelSctData
                0x06022f00                CDC_SetSctLen
                0x06023020                CDC_CopySctData
 *fill*         0x060230e4        0xc 00
 .text          0x060230f0      0x2b8 ../sbl6/segalib/lib/sega_sat.a(cdc_sel.o)
                0x06023320                CDC_GetFiltCon
                0x0602329c                CDC_GetFiltMode
                0x06023374                CDC_ResetSelector
                0x060230f0                CDC_SetFiltRange
                0x0602317c                CDC_SetFiltSubh
                0x060231ec                CDC_GetFiltSubh
                0x06023124                CDC_GetFiltRange
                0x06023268                CDC_SetFiltMode
                0x060232e0                CDC_SetFiltCon
 *fill*         0x060233a8        0x8 00
 .text          0x060233b0      0x270 ../sbl6/segalib/lib/sega_sat.a(cdc_bif.o)
                0x0602340c                CDC_GetSctNum
                0x0602358c                CDC_ExeFadSearch
                0x0602350c                CDC_GetSctInfo
                0x06023450                CDC_CalActSiz
                0x060233b0                CDC_GetBufSiz
                0x0602348c                CDC_GetActSiz
                0x060235c4                CDC_GetFadSearch
 .text          0x06023620       0xa8 ../sbl6/segalib/lib/sega_sat.a(cdc_dev.o)
                0x0602368c                CDC_CdGetLastBuf
                0x06023620                CDC_CdSetCon
                0x06023650                CDC_CdGetCon
 *fill*         0x060236c8        0x8 00
 .text          0x060236d0       0x60 c:/saturn/SH_COFF/sh-coff/bin/../lib/gcc/sh-coff/3.4-GNUSH_v0501\libgcc.a(_ashiftrt.o)
                0x060236dc                __ashiftrt_r4_27
                0x06023710                __ashiftrt_r4_6
                0x06023700                __ashiftrt_r4_14
                0x060236f2                __ashiftrt_r4_19
                0x0602370a                __ashiftrt_r4_9
                0x0602371e                __ashiftrt_r4_0
                0x060236d0                __ashiftrt_r4_31
                0x060236de                __ashiftrt_r4_26
                0x060236ec                __ashiftrt_r4_22
                0x060236f8                __ashiftrt_r4_16
                0x06023704                __ashiftrt_r4_12
                0x060236d8                __ashiftrt_r4_29
                0x060236f6                __ashiftrt_r4_17
                0x060236d6                __ashiftrt_r4_30
                0x06023712                __ashiftrt_r4_5
                0x0602370c                __ashiftrt_r4_8
                0x060236d0                __ashiftrt_r4_32
                0x060236e0                __ashiftrt_r4_25
                0x06023718                __ashiftrt_r4_2
                0x060236e2                __ashiftrt_r4_24
                0x060236fe                __ashiftrt_r4_15
                0x06023708                __ashiftrt_r4_10
                0x0602371a                __ashiftrt_r4_1
                0x060236da                __ashiftrt_r4_28
                0x060236f0                __ashiftrt_r4_20
                0x0602370e                __ashiftrt_r4_7
                0x06023702                __ashiftrt_r4_13
                0x06023706                __ashiftrt_r4_11
                0x06023714                __ashiftrt_r4_4
                0x060236ea                __ashiftrt_r4_23
                0x060236f4                __ashiftrt_r4_18
                0x060236ee                __ashiftrt_r4_21
                0x06023716                __ashiftrt_r4_3
 .text          0x06023730       0xa0 c:/saturn/SH_COFF/sh-coff/bin/../lib/gcc/sh-coff/3.4-GNUSH_v0501\libgcc.a(_sdivsi3.o)
                0x06023730                __sdivsi3
 .text          0x060237d0       0x90 c:/saturn/SH_COFF/sh-coff/bin/../lib/gcc/sh-coff/3.4-GNUSH_v0501\libgcc.a(_ashiftrt_n.o)
                0x060237d0                __ashrsi3
 .text          0x06023860       0x90 c:/saturn/SH_COFF/sh-coff/bin/../lib/gcc/sh-coff/3.4-GNUSH_v0501\libgcc.a(_ashiftlt.o)
                0x06023860                __ashlsi3
 .text          0x060238f0       0xb0 c:/saturn/SH_COFF/sh-coff/bin/../lib/gcc/sh-coff/3.4-GNUSH_v0501\libgcc.a(_movstr.o)
                0x06023930                __movstrSI16
                0x06023904                __movstrSI60
                0x06023910                __movstrSI48
                0x0602390c                __movstrSI52
                0x06023900                __movstrSI64
                0x06023914                __movstrSI44
                0x06023918                __movstrSI40
                0x0602391c                __movstrSI36
                0x06023950                __movstr
                0x06023908                __movstrSI56
                0x06023924                __movstrSI28
                0x06023920                __movstrSI32
                0x06023934                __movstrSI12
                0x06023938                __movstrSI8
                0x06023940                __movstrSI0
                0x06023928                __movstrSI24
                0x0602392c                __movstrSI20
                0x0602393c                __movstrSI4
 .text          0x060239a0       0xa0 c:/saturn/SH_COFF/sh-coff/bin/../lib/gcc/sh-coff/3.4-GNUSH_v0501\libgcc.a(__main.o)
                0x06023a14                __main
                0x060239a0                __do_global_dtors
                0x060239d4                __do_global_ctors
 .text          0x06023a40      0x2e0 c:/saturn/SH_COFF/sh-coff/bin/../lib/gcc/sh-coff/3.4-GNUSH_v0501\libgcc.a(_mul_df.o)
                0x06023a50                __muldf3
 .text          0x06023d20       0xb0 c:/saturn/SH_COFF/sh-coff/bin/../lib/gcc/sh-coff/3.4-GNUSH_v0501\libgcc.a(_si_to_df.o)
                0x06023d20                __floatsidf
 .text          0x06023dd0       0x80 c:/saturn/SH_COFF/sh-coff/bin/../lib/gcc/sh-coff/3.4-GNUSH_v0501\libgcc.a(_df_to_si.o)
                0x06023dd0                __fixdfsi
 .text          0x06023e50       0x70 c:/saturn/SH_COFF/sh-coff/bin/../lib/gcc/sh-coff/3.4-GNUSH_v0501\libgcc.a(_udivsi3.o)
                0x06023e72                __udivsi3
 .text          0x06023ec0      0x120 c:/saturn/SH_COFF/sh-coff/bin/../lib/gcc/sh-coff/3.4-GNUSH_v0501\libgcc.a(_unpack_df.o)
                0x06023ed0                __unpack_d
 .text          0x06023fe0      0x220 c:/saturn/SH_COFF/sh-coff/bin/../lib/gcc/sh-coff/3.4-GNUSH_v0501\libgcc.a(_pack_df.o)
                0x06023ff0                __pack_d
 .text          0x06024200       0x20 c:/saturn/SH_COFF/sh-coff/bin/../lib/gcc/sh-coff/3.4-GNUSH_v0501\libgcc.a(_thenan_df.o)
                0x06024200                __thenan_df
 .text          0x06024220       0xd0 c:/saturn/SH_COFF/sh-coff/bin/../lib/gcc/sh-coff/3.4-GNUSH_v0501\libgcc.a(_muldi3.o)
                0x06024220                __muldi3
 .text          0x060242f0       0x80 c:/saturn/SH_COFF/sh-coff/bin/../lib/gcc/sh-coff/3.4-GNUSH_v0501\libgcc.a(_lshrdi3.o)
                0x060242f0                __lshrdi3
 .text          0x06024370       0x80 c:/saturn/SH_COFF/sh-coff/bin/../lib/gcc/sh-coff/3.4-GNUSH_v0501\libgcc.a(_ashldi3.o)
                0x06024370                __ashldi3
 .text          0x060243f0       0x30 c:/saturn/SH_COFF/sh-coff/bin/../lib/gcc/sh-coff/3.4-GNUSH_v0501\libgcc.a(_mulsi3.o)
                0x060243f0                __mulsi3
 .text          0x06024420       0x90 c:/saturn/SH_COFF/sh-coff/bin/../lib/gcc/sh-coff/3.4-GNUSH_v0501\libgcc.a(_lshiftrt.o)
                0x06024420                __lshrsi3
 .text          0x060244b0       0xa0 c:/saturn/SH_COFF/sh-coff/bin/../lib/gcc/sh-coff/3.4-GNUSH_v0501/../../../../sh-coff/lib\libc.a(memcpy.o)
                0x060244b0                memcpy
 .text          0x06024550       0x40 c:/saturn/SH_COFF/sh-coff/bin/../lib/gcc/sh-coff/3.4-GNUSH_v0501/../../../../sh-coff/lib\libc.a(memset.o)
                0x06024550                memset
 .text          0x06024590       0x60 c:/saturn/SH_COFF/sh-coff/bin/../lib/gcc/sh-coff/3.4-GNUSH_v0501/../../../../sh-coff/lib\libc.a(memcmp.o)
                0x06024590                memcmp
 .text          0x060245f0       0xb0 c:/saturn/SH_COFF/sh-coff/bin/../lib/gcc/sh-coff/3.4-GNUSH_v0501/../../../../sh-coff/lib\libc.a(strncmp.o)
                0x060245f0                strncmp
 .text          0x060246a0       0xa0 c:/saturn/SH_COFF/sh-coff/bin/../lib/gcc/sh-coff/3.4-GNUSH_v0501/../../../../sh-coff/lib\libc.a(strncpy.o)
                0x060246a0                strncpy
 .text          0x06024740       0x90 c:/saturn/SH_COFF/sh-coff/bin/../lib/gcc/sh-coff/3.4-GNUSH_v0501/../../../../sh-coff/lib\libc.a(atexit.o)
                0x06024740                atexit
 .text          0x060247d0       0x10 c:/saturn/SH_COFF/sh-coff/bin/../lib/gcc/sh-coff/3.4-GNUSH_v0501/../../../../sh-coff/lib\libc.a(impure.o)
                0x060247d0                _global_impure_ptr
 .text          0x060247e0       0x40 c:/saturn/SH_COFF/sh-coff/bin/../lib/gcc/sh-coff/3.4-GNUSH_v0501/../../../../sh-coff/lib\libc.a(malloc.o)
                0x060247fc                free
                0x060247e0                malloc
 .text          0x06024820      0x5b0 c:/saturn/SH_COFF/sh-coff/bin/../lib/gcc/sh-coff/3.4-GNUSH_v0501/../../../../sh-coff/lib\libc.a(mallocr.o)
                0x06024820                _malloc_r
 .text          0x06024dd0      0x340 c:/saturn/SH_COFF/sh-coff/bin/../lib/gcc/sh-coff/3.4-GNUSH_v0501/../../../../sh-coff/lib\libc.a(freer.o)
                0x06024dd0                _malloc_trim_r
                0x06024ec4                _free_r
 .text          0x06025110       0x20 c:/saturn/SH_COFF/sh-coff/bin/../lib/gcc/sh-coff/3.4-GNUSH_v0501/../../../../sh-coff/lib\libc.a(mlock.o)
                0x06025110                __malloc_lock
                0x0602511c                __malloc_unlock
 .text          0x06025130       0x50 c:/saturn/SH_COFF/sh-coff/bin/../lib/gcc/sh-coff/3.4-GNUSH_v0501/../../../../sh-coff/lib\libc.a(sbrkr.o)
                0x06025130                _sbrk_r
 .text          0x06025180      0x380 c:/saturn/SH_COFF/sh-coff/bin/../lib/gcc/sh-coff/3.4-GNUSH_v0501/../../../../sh-coff/lib\libc.a(syscalls.o)
                0x060252ec                _exit
                0x06025320                _getpid
                0x06025388                _utime
                0x060251b8                _write
                0x06025180                _read
                0x060252d4                _unlink
                0x0602529c                _open
                0x06025338                _stat
                0x060252e0                isatty
                0x060253b8                _wait
                0x06025304                _kill
                0x06025354                _chmod
                0x060253e8                _execv
                0x060253cc                _execve
                0x060254c4                __setup_argv_and_call_main
                0x06025420                _gettimeofday
                0x060251ec                _link
                0x0602532c                _raise
                0x060252b8                _creat
                0x06025400                _pipe
                0x0602536c                _chown
                0x0602519c                _lseek
                0x060251d4                _close
                0x06025414                _times
                0x06025288                _fstat
                0x060253a4                _fork
                0x06025214                _sbrk
 .text          0x06025500       0x20 c:/saturn/SH_COFF/sh-coff/bin/../lib/gcc/sh-coff/3.4-GNUSH_v0501/../../../../sh-coff/lib\libc.a(trap.o)
                0x06025500                __trap34
 .text          0x06025520       0x20 c:/saturn/SH_COFF/sh-coff/bin/../lib/gcc/sh-coff/3.4-GNUSH_v0501/../../../../sh-coff/lib\libc.a(abort.o)
                0x06025520                abort
 .text          0x06025540      0x270 c:/saturn/SH_COFF/sh-coff/bin/../lib/gcc/sh-coff/3.4-GNUSH_v0501/../../../../sh-coff/lib\libc.a(signal.o)
                0x06025600                _raise_r
                0x06025788                __sigtramp
                0x06025734                raise
                0x06025770                _init_signal
                0x060256c0                __sigtramp_r
                0x06025750                signal
                0x0602558c                _signal_r
                0x06025540                _init_signal_r
 .text          0x060257b0       0x60 c:/saturn/SH_COFF/sh-coff/bin/../lib/gcc/sh-coff/3.4-GNUSH_v0501/../../../../sh-coff/lib\libc.a(signalr.o)
                0x060257f8                _getpid_r
                0x060257b0                _kill_r
 *(.strings)

.tors           0x06025810        0x0
                0x06025810                ___ctors = .
 *(.ctors)
                0x06025810                ___ctors_end = .
                0x06025810                ___dtors = .
 *(.dtors)
                0x06025810                ___dtors_end = .

.data           0x06025810     0x1860
                0x06025810                STARTOF_R = .
 *(.data)
 .data          0x06025810      0x400 ../sbl6/segasmp/per/smpclib/per_x1.o
 .data          0x06025c10       0x60 blocks.o
                0x06025c60                tile2_slope
                0x06025c40                tile4_slope
                0x06025c10                block_slopes
                0x06025c50                tile3_slope
 .data          0x06025c70       0x40 enemylist.o
                0x06025c70                enemy_lists
                0x06025c74                level0_enemies
                0x06025c9c                enemy_arr
 .data          0x06025cb0      0x6e0 graphics.o
                0x06025cb0                cloudmap_name
                0x06025e8a                guy_num
                0x06025cd8                map0_name
                0x06026380                bg_num
                0x06025cc0                cloudmap_width
                0x06025ee0                cloud_pal
                0x06025f2c                hills_pal
                0x06025d38                cannon_size
                0x06025f6c                hills_name
                0x06025cbe                cloudmap_height
                0x06025d90                explosion_pal
                0x06025f78                bg_pal
                0x06025f76                hills_num
                0x06025d34                cannon_height
                0x06025dd0                explosion_name
                0x06025d3c                missile_pal
                0x06025e7c                guy_name
                0x06025cd4                hill_map_width
                0x06025e3c                guy_pal
                0x06025f2a                cloud_num
                0x06025ed6                font_height
                0x06025d8c                missile_size
                0x06025d7c                missile_name
                0x06025e86                guy_width
                0x06025e36                float_size
                0x06025de0                explosion_width
                0x06025d36                cannon_width
                0x06025ecc                font_name
                0x06025d8a                missile_width
                0x06026378                bg_name
                0x06025ce2                map0_height
                0x06025d88                missile_height
                0x06025cd2                hill_map_height
                0x06025ed8                font_width
                0x06025e84                guy_height
                0x06025d28                cannon_name
                0x06025cc4                hill_map_name
                0x06025f20                cloud_name
                0x06025edc                font_num
                0x06025e8c                font_pal
                0x06025ce4                map0_width
                0x06025de4                explosion_num
                0x06025e32                float_height
                0x06025e88                guy_size
                0x06025eda                font_size
                0x06025d3a                cannon_num
                0x06025e28                float_name
                0x06025de8                float_pal
                0x06025d8e                missile_num
                0x06025de2                explosion_size
                0x06025e34                float_width
                0x06025ce8                cannon_pal
                0x06025e38                float_num
                0x06025dde                explosion_height
 .data          0x06026390       0x10 pcmsys.o
                0x06026394                scsp_load
                0x06026398                m68k_com
                0x06026390                master_volume
 .data          0x060263a0       0x10 player.o
                0x060263a0                lives
 .data          0x060263b0       0x20 scroll.o
                0x060263b0                CycleTb
                0x060263c0                vram
 .data          0x060263d0       0x30 sprite.o
 .data          0x06026400      0x400 ../sbl6/segalib/lib/sega_int.a(int.o)
 .data          0x06026800       0x1c ../sbl6/segalib/lib/sega_spr.a(spr_slv.o)
                0x06026808                SPR_SlaveParam
                0x06026818                SPR_SMPC_SF
                0x06026810                SPR_SMPC_COM
                0x0602680c                SPR_SlaveSHEntry
                0x06026804                SPR_SlaveState
                0x06026800                SPR_SlaveCommand
                0x06026814                SPR_SMPC_RET
 *fill*         0x0602681c        0x4 00
 .data          0x06026820       0x34 ../sbl6/segalib/lib/sega_spr.a(spr_1c.o)
                0x06026820                SpInitialFlag
 *fill*         0x06026854        0xc 00
 .data          0x06026860       0x1c ../sbl6/segalib/lib/sega_scl.a(scl_vblv.o)
                0x06026868                VBInterval
                0x06026870                ReqDisplayFlag
                0x06026860                SpFrameChgMode
                0x0602686c                VBIntervalCounter
                0x06026864                SpFrameEraseMode
 *fill*         0x0602687c        0x4 00
 .data          0x06026880       0x36 ../sbl6/segalib/lib/sega_scl.a(scl_func.o)
                0x06026890                SclRotregBuff
                0x0602688c                SclDisplayY
                0x06026894                SclRotateTableMode
                0x06026888                SclProcess
                0x06026884                SclCurSclNum
                0x06026880                SclLengthLsTbl
                0x0602688a                SclDisplayX
                0x06026882                SclLengthCsTbl
 *fill*         0x060268b6        0xa 00
 .data          0x060268c0       0x18 ../sbl6/segalib/lib/sega_scl.a(scl_pri.o)
                0x060268c4                SclRealSpPriNum
                0x060268d4                SclRealColOffset
                0x060268d0                SclRealBgColMix
                0x060268cc                SclRealSpColMix
                0x060268c8                SclRealBgPriNum
                0x060268c0                SclRealOtherPri
 *fill*         0x060268d8        0x8 00
 .data          0x060268e0      0x380 c:/saturn/SH_COFF/sh-coff/bin/../lib/gcc/sh-coff/3.4-GNUSH_v0501/../../../../sh-coff/lib\libc.a(impure.o)
                0x06026c5c                _impure_ptr
 .data          0x06026c60      0x410 c:/saturn/SH_COFF/sh-coff/bin/../lib/gcc/sh-coff/3.4-GNUSH_v0501/../../../../sh-coff/lib\libc.a(mallocr.o)
                0x06026c68                __malloc_av_
                0x06026c64                __malloc_trim_threshold
                0x06026c60                __malloc_sbrk_base
                0x06027070                SIZEOF_R = (. - STARTOF_R)
                0x06027070                ENDOF_R = .

.bss            0x06027070     0xf0a4
                0x06027070                STARTOF_B = .
 *(.bss)
 .bss           0x06027070       0x10 vblank.o
                0x06027074                PadData2E
                0x0602707a                PadData1
                0x06027076                PadData2
                0x06027078                PadData1E
                0x06027070                __port
 .bss           0x06027080       0xd0 ../sbl6/segasmp/per/smpclib/per_x2.o
 .bss           0x06027150       0x10 pcmsys.o
                0x06027150                numberPCMs
 .bss           0x06027160       0x10 player.o
                0x06027161                boost
                0x06027160                jumps
 .bss           0x06027170       0x50 scroll.o
                0x0602718c                map_tiles_x
                0x06027194                scrolls_y
                0x06027170                scroll_transition_state
                0x06027174                scroll_ysize
                0x06027184                map_tiles_y
                0x0602717c                copy_modes
                0x060271a4                scrolls_x
                0x06027178                scroll_xsize
 .bss           0x060271c0     0x3800 sprite.o
                0x060271c0                num_sprites
 .bss           0x0602a9c0       0x10 main.o
                0x0602a9c0                frame
 .bss           0x0602a9d0       0x6e ../sbl6/segalib/lib/sega_spr.a(spr_2c.o)
 *fill*         0x0602aa3e        0x2 00
 .bss           0x0602aa40        0x4 ../sbl6/segalib/lib/sega_scl.a(scl_vblv.o)
 *fill*         0x0602aa44        0xc 00
 .bss           0x0602aa50        0x4 ../sbl6/segalib/lib/sega_scl.a(scl_func.o)
 *fill*         0x0602aa54        0xc 00
 .bss           0x0602aa60     0x1900 ../sbl6/segalib/lib/sega_scl.a(scl_fu05.o)
 .bss           0x0602c360       0x48 ../sbl6/segalib/lib/sega_scl.a(scl_ro00.o)
 *fill*         0x0602c3a8        0x8 00
 .bss           0x0602c3b0        0xc ../sbl6/segalib/lib/sega_cdc.a(cdc_sub.o)
 *fill*         0x0602c3bc        0x4 00
 .bss           0x0602c3c0        0x2 ../sbl6/segalib/lib/sega_cdc.a(cdc_reg.o)
 *fill*         0x0602c3c2        0xe 00
 .bss           0x0602c3d0       0x9c ../sbl6/segalib/lib/sega_per.a(per_prt.o)
 *fill*         0x0602c46c        0x4 00
 .bss           0x0602c470        0xc ../sbl6/segalib/lib/sega_sat.a(DMA_SCU1.o)
 *fill*         0x0602c47c        0x4 00
 .bss           0x0602c480        0xc ../sbl6/segalib/lib/sega_sat.a(gfs_trn.o)
 *fill*         0x0602c48c        0x4 00
 .bss           0x0602c490       0x20 ../sbl6/segalib/lib/sega_sat.a(DMA_SCU0.o)
 .bss           0x0602c4b0       0x10 c:/saturn/SH_COFF/sh-coff/bin/../lib/gcc/sh-coff/3.4-GNUSH_v0501\libgcc.a(__main.o)
 .bss           0x0602c4c0       0x10 c:/saturn/SH_COFF/sh-coff/bin/../lib/gcc/sh-coff/3.4-GNUSH_v0501/../../../../sh-coff/lib\libc.a(atexit.o)
 .bss           0x0602c4d0       0x40 c:/saturn/SH_COFF/sh-coff/bin/../lib/gcc/sh-coff/3.4-GNUSH_v0501/../../../../sh-coff/lib\libc.a(mallocr.o)
                0x0602c500                __malloc_top_pad
                0x0602c4d0                __malloc_current_mallinfo
                0x0602c4fc                __malloc_max_sbrked_mem
                0x0602c4f8                __malloc_max_total_mem
 .bss           0x0602c510       0x10 c:/saturn/SH_COFF/sh-coff/bin/../lib/gcc/sh-coff/3.4-GNUSH_v0501/../../../../sh-coff/lib\libc.a(syscalls.o)
 *(COMMON)
 COMMON         0x0602c520     0x1674 cd.o
                                  0x0 (size before relaxing)
                0x0602c520                dirname
                0x0602ce80                lib_work
                0x0602db88                directory_table
 *fill*         0x0602db94        0xc 00
 COMMON         0x0602dba0     0x1960 player.o
                                  0x0 (size before relaxing)
                0x0602dba0                curr_level
                0x0602dbb0                player
                0x0602dbf0                lp
 COMMON         0x0602f500      0x8c0 print.o
                                  0x0 (size before relaxing)
                0x0602f500                text
 COMMON         0x0602fdc0     0x346c scroll.o
                                  0x0 (size before relaxing)
                0x0602fdc0                line_param0
                0x060316d0                scfg3
                0x06031760                scfg0
                0x060317f0                maps
                0x06031800                scfg2
                0x06031890                line_param1
                0x060331a0                scfg1
 *fill*         0x0603322c        0x4 00
 COMMON         0x06033230     0x1460 sprite.o
                                  0x0 (size before relaxing)
                0x06033230                sprites
                0x06033690                image_buf
 COMMON         0x06034690      0x400 ../sbl6/segalib/lib/sega_int.a(int.o)
                                  0x0 (size before relaxing)
                0x06034690                __interrupt_vector
 COMMON         0x06034a90       0x50 ../sbl6/segalib/lib/sega_spr.a(spr_2c.o)
                                  0x0 (size before relaxing)
                0x06034a90                SpMstCmd
                0x06034a94                Sp2OpenFlag
                0x06034a98                SpGourTblMax
                0x06034a9c                SpDrawPrtyBlk
                0x06034aa0                SpLCoordX
                0x06034aa4                SpMstDrawPrtyBlk
                0x06034aa8                SpGourTbl
                0x06034aac                SpLookupTblR
                0x06034ab0                SpCmdTbl
                0x06034ab4                SpCharMax
                0x06034ab8                SpDrawPrtyProcFlag
                0x06034abc                SpCmdNo
                0x06034ac0                SpDrawPrtyBlkMax
                0x06034ac4                SpSlvCmdPos
                0x06034ac8                SpSlvDrawPrtyBlk
                0x06034acc                SpCharTbl
                0x06034ad0                SpCmdTblR
                0x06034ad4                SpMstCmdPos
                0x06034ad8                SpSlvCmd
                0x06034adc                SpLCoordY
 COMMON         0x06034ae0       0x10 ../sbl6/segalib/lib/sega_spr.a(spr_1c.o)
                                  0x0 (size before relaxing)
                0x06034ae0                SpScreenY
                0x06034ae4                SpFbcrMode
                0x06034ae6                SpDil
                0x06034ae8                SpDie
                0x06034aea                SpTvMode
                0x06034aec                SpScreenX
 COMMON         0x06034af0      0xf00 ../sbl6/segalib/lib/sega_scl.a(scl_func.o)
                                  0x0 (size before relaxing)
                0x06034af0                SclRbgKtbAddr
                0x06034af8                SclRb
                0x06034afa                Scl_flag
                0x06034b00                SclK_TableBuff
                0x060357d0                SclAddrCsTbl
                0x060357e0                Scl_s_reg
                0x06035808                SclRotateXy
                0x06035810                Scl_d_reg
                0x06035858                SclRotateDisp
                0x06035860                SclRotateMoveZ
                0x06035868                SclRotXySw
                0x06035870                Scl_r_reg
                0x06035880                SclRPMD
                0x06035888                SclRbgKtbOffset
                0x06035890                _SclRotregBuff
                0x06035960                SclRa
                0x06035968                SclRotateZ
                0x06035970                SclAddrLsTbl
                0x06035978                SclK_TableNum
                0x06035980                SclRotateTableAddress
                0x06035984                SclK_TableFlag
                0x06035990                Scl_w_reg
                0x060359b0                Scl_n_reg
 COMMON         0x060359f0      0x6b0 ../sbl6/segalib/lib/sega_scl.a(scl_pri.o)
                                  0x0 (size before relaxing)
                0x060359f0                SclAutoEndBlue2
                0x06035a00                SclColOffset
                0x06035a10                SclPriBuffDirty
                0x06035a12                SclAutoEndRed
                0x06035a14                SclAutoSurface
                0x06035a18                SclAutoGreen
                0x06035a1a                SclAutoEndGreen
                0x06035a1c                SclAutoCount
                0x06035a20                SclColRamAlloc256
                0x06035a40                SclAutoCurRate
                0x06035a41                SclAutoPlusFlag
                0x06035a48                SclSpColMix
                0x06035a50                SclAutoMax
                0x06035a54                SclLineColRamOffset
                0x06035a58                SclColRamAlloc2048
                0x06035a5c                SclBgPriNum
                0x06035a62                SclAutoEndBlue
                0x06035a64                SclAutoEndGreen2
                0x06035a66                SclAutoVeFlag
                0x06035a68                SclBgColMix
                0x06035a70                SclAutoIndex
                0x06035a74                SclAutoEndRate
                0x06035a76                SclAutoBlue
                0x06035a78                SclAutoRed
                0x06035a7c                SclAutoInterval
                0x06035a80                SclOtherPri
                0x06035a90                SclAutoRGB
                0x06036090                SclAutoEndRed2
                0x06036098                SclSpPriNum
 COMMON         0x060360a0       0x10 ../sbl6/segalib/lib/sega_scl.a(scl_ro00.o)
                                  0x0 (size before relaxing)
                0x060360a0                SclCsx
                0x060360a8                SclCsy
 COMMON         0x060360b0       0x15 ../sbl6/segalib/lib/sega_per.a(per_prt.o)
                                  0x0 (size before relaxing)
                0x060360b0                per_get_time_flg
                0x060360b1                per_hot_res
                0x060360b2                per_set_sys_flg
                0x060360b4                per_get_time_adr
                0x060360b8                per_get_sys_data
                0x060360c4                per_time_out_flg
 *fill*         0x060360c5        0xb 00
 COMMON         0x060360d0        0xc ../sbl6/segalib/lib/sega_sat.a(gfs.o)
                                  0x0 (size before relaxing)
                0x060360d0                GFMC_base
                0x060360d4                gfs_mng_ptr
                0x060360d8                gfs_use_scudma
 *fill*         0x060360dc        0x4 00
 COMMON         0x060360e0        0x8 ../sbl6/segalib/lib/sega_sat.a(DMA_CPU5.o)
                                  0x0 (size before relaxing)
                0x060360e0                dma_cpu_cnt
                0x060360e4                dma_cpu_dis_adr
 *fill*         0x060360e8        0x8 00
 COMMON         0x060360f0        0x8 ../sbl6/segalib/lib/sega_sat.a(gfs_cdf.o)
                                  0x0 (size before relaxing)
                0x060360f0                gfcf_fad
                0x060360f4                gfcf_stat
 *fill*         0x060360f8        0x8 00
 COMMON         0x06036100        0xc ../sbl6/segalib/lib/sega_sat.a(gfs_cdc.o)
                                  0x0 (size before relaxing)
                0x06036100                gfcd_fatal_err
                0x06036104                gfcd_work
                0x06036108                gfcd_playflag
 *fill*         0x0603610c        0x4 00
 COMMON         0x06036110        0x4 c:/saturn/SH_COFF/sh-coff/bin/../lib/gcc/sh-coff/3.4-GNUSH_v0501/../../../../sh-coff/lib\libc.a(syscalls.o)
                                  0x0 (size before relaxing)
                0x06036110                errno
                0x06036114                SIZEOF_B = (. - STARTOF_B)
                0x06036114                ENDOF_B = .
                0x06036114                _end = .
OUTPUT(main.cof coff-sh)

.comment        0x06036120      0x580
 .comment       0x06036120       0x20 ../sbl6/segasmp/lib/strt2_g.o
 .comment       0x06036140       0x20 vblank.o
 .comment       0x06036160       0x20 ../sbl6/segasmp/per/smpclib/per_x1.o
 .comment       0x06036180       0x20 ../sbl6/segasmp/per/smpclib/per_x2.o
 .comment       0x060361a0       0x20 blocks.o
 .comment       0x060361c0       0x20 cd.o
 .comment       0x060361e0       0x20 collision.o
 .comment       0x06036200       0x20 enemylist.o
 .comment       0x06036220       0x20 graphics.o
 .comment       0x06036240       0x20 pcmsys.o
 .comment       0x06036260       0x20 player.o
 .comment       0x06036280       0x20 print.o
 .comment       0x060362a0       0x20 scroll.o
 .comment       0x060362c0       0x20 sound.o
 .comment       0x060362e0       0x20 sprite.o
 .comment       0x06036300       0x20 spritecode/explosion.o
 .comment       0x06036320       0x20 spritecode/float.o
 .comment       0x06036340       0x20 spritecode/missile.o
 .comment       0x06036360       0x20 spritecode/cannon.o
 .comment       0x06036380       0x20 main.o
 .comment       0x060363a0       0x20 c:/saturn/SH_COFF/sh-coff/bin/../lib/gcc/sh-coff/3.4-GNUSH_v0501\libgcc.a(__main.o)
 .comment       0x060363c0       0x20 c:/saturn/SH_COFF/sh-coff/bin/../lib/gcc/sh-coff/3.4-GNUSH_v0501\libgcc.a(_mul_df.o)
 .comment       0x060363e0       0x20 c:/saturn/SH_COFF/sh-coff/bin/../lib/gcc/sh-coff/3.4-GNUSH_v0501\libgcc.a(_si_to_df.o)
 .comment       0x06036400       0x20 c:/saturn/SH_COFF/sh-coff/bin/../lib/gcc/sh-coff/3.4-GNUSH_v0501\libgcc.a(_df_to_si.o)
 .comment       0x06036420       0x20 c:/saturn/SH_COFF/sh-coff/bin/../lib/gcc/sh-coff/3.4-GNUSH_v0501\libgcc.a(_unpack_df.o)
 .comment       0x06036440       0x20 c:/saturn/SH_COFF/sh-coff/bin/../lib/gcc/sh-coff/3.4-GNUSH_v0501\libgcc.a(_pack_df.o)
 .comment       0x06036460       0x20 c:/saturn/SH_COFF/sh-coff/bin/../lib/gcc/sh-coff/3.4-GNUSH_v0501\libgcc.a(_thenan_df.o)
 .comment       0x06036480       0x20 c:/saturn/SH_COFF/sh-coff/bin/../lib/gcc/sh-coff/3.4-GNUSH_v0501\libgcc.a(_muldi3.o)
 .comment       0x060364a0       0x20 c:/saturn/SH_COFF/sh-coff/bin/../lib/gcc/sh-coff/3.4-GNUSH_v0501\libgcc.a(_lshrdi3.o)
 .comment       0x060364c0       0x20 c:/saturn/SH_COFF/sh-coff/bin/../lib/gcc/sh-coff/3.4-GNUSH_v0501\libgcc.a(_ashldi3.o)
 .comment       0x060364e0       0x20 c:/saturn/SH_COFF/sh-coff/bin/../lib/gcc/sh-coff/3.4-GNUSH_v0501/../../../../sh-coff/lib\libc.a(memcmp.o)
 .comment       0x06036500       0x20 c:/saturn/SH_COFF/sh-coff/bin/../lib/gcc/sh-coff/3.4-GNUSH_v0501/../../../../sh-coff/lib\libc.a(strncmp.o)
 .comment       0x06036520       0x20 c:/saturn/SH_COFF/sh-coff/bin/../lib/gcc/sh-coff/3.4-GNUSH_v0501/../../../../sh-coff/lib\libc.a(strncpy.o)
 .comment       0x06036540       0x20 c:/saturn/SH_COFF/sh-coff/bin/../lib/gcc/sh-coff/3.4-GNUSH_v0501/../../../../sh-coff/lib\libc.a(atexit.o)
 .comment       0x06036560       0x20 c:/saturn/SH_COFF/sh-coff/bin/../lib/gcc/sh-coff/3.4-GNUSH_v0501/../../../../sh-coff/lib\libc.a(impure.o)
 .comment       0x06036580       0x20 c:/saturn/SH_COFF/sh-coff/bin/../lib/gcc/sh-coff/3.4-GNUSH_v0501/../../../../sh-coff/lib\libc.a(malloc.o)
 .comment       0x060365a0       0x20 c:/saturn/SH_COFF/sh-coff/bin/../lib/gcc/sh-coff/3.4-GNUSH_v0501/../../../../sh-coff/lib\libc.a(mallocr.o)
 .comment       0x060365c0       0x20 c:/saturn/SH_COFF/sh-coff/bin/../lib/gcc/sh-coff/3.4-GNUSH_v0501/../../../../sh-coff/lib\libc.a(freer.o)
 .comment       0x060365e0       0x20 c:/saturn/SH_COFF/sh-coff/bin/../lib/gcc/sh-coff/3.4-GNUSH_v0501/../../../../sh-coff/lib\libc.a(mlock.o)
 .comment       0x06036600       0x20 c:/saturn/SH_COFF/sh-coff/bin/../lib/gcc/sh-coff/3.4-GNUSH_v0501/../../../../sh-coff/lib\libc.a(sbrkr.o)
 .comment       0x06036620       0x20 c:/saturn/SH_COFF/sh-coff/bin/../lib/gcc/sh-coff/3.4-GNUSH_v0501/../../../../sh-coff/lib\libc.a(syscalls.o)
 .comment       0x06036640       0x20 c:/saturn/SH_COFF/sh-coff/bin/../lib/gcc/sh-coff/3.4-GNUSH_v0501/../../../../sh-coff/lib\libc.a(abort.o)
 .comment       0x06036660       0x20 c:/saturn/SH_COFF/sh-coff/bin/../lib/gcc/sh-coff/3.4-GNUSH_v0501/../../../../sh-coff/lib\libc.a(signal.o)
 .comment       0x06036680       0x20 c:/saturn/SH_COFF/sh-coff/bin/../lib/gcc/sh-coff/3.4-GNUSH_v0501/../../../../sh-coff/lib\libc.a(signalr.o)
