Archive member included because of file (symbol)

../sbl6/segalib/lib/sega_int.a(int.o)
                              vblank.o (INT_SetScuFunc)
../sbl6/segalib/lib/sega_int.a(int_trmp.o)
                              ../sbl6/segalib/lib/sega_int.a(int.o) (__interrupt_handler0)
../sbl6/segalib/lib/sega_spr.a(spr_2c.o)
                              main.o (SPR_2Initial)
../sbl6/segalib/lib/sega_spr.a(spr_slv.o)
                              ../sbl6/segalib/lib/sega_spr.a(spr_2c.o) (SPR_InitSlaveSH)
../sbl6/segalib/lib/sega_spr.a(spr_1c.o)
                              ../sbl6/segalib/lib/sega_spr.a(spr_2c.o) (SPR_Initial)
../sbl6/segalib/lib/sega_spr.a(spr_2a.o)
                              ../sbl6/segalib/lib/sega_spr.a(spr_2c.o) (SPR_2SetDrawPrty)
../sbl6/segalib/lib/sega_scl.a(scl_vblv.o)
                              ../sbl6/segalib/lib/sega_spr.a(spr_1c.o) (SpFrameChgMode)
../sbl6/segalib/lib/sega_scl.a(scl_func.o)
                              main.o (SCL_Vdp2Init)
../sbl6/segalib/lib/sega_scl.a(scl_pr03.o)
                              scroll.o (SCL_AllocColRam)
../sbl6/segalib/lib/sega_scl.a(scl_pr02.o)
                              scroll.o (SCL_SetColRam)
../sbl6/segalib/lib/sega_scl.a(scl_back.o)
                              scroll.o (SCL_SetBack)
../sbl6/segalib/lib/sega_scl.a(scl_fu03.o)
                              scroll.o (SCL_InitConfigTb)
../sbl6/segalib/lib/sega_scl.a(scl_fu02.o)
                              scroll.o (SCL_InitVramConfigTb)
../sbl6/segalib/lib/sega_scl.a(scl_fu04.o)
                              scroll.o (SCL_SetCycleTable)
../sbl6/segalib/lib/sega_scl.a(scl_pr07.o)
                              main.o (SCL_SetPriority)
../sbl6/segalib/lib/sega_scl.a(scl_pr01.o)
                              main.o (SCL_SetSpriteMode)
../sbl6/segalib/lib/sega_scl.a(scl_pri.o)
                              ../sbl6/segalib/lib/sega_scl.a(scl_func.o) (SclRealOtherPri)
../sbl6/segalib/lib/sega_scl.a(scl_ro00.o)
                              ../sbl6/segalib/lib/sega_scl.a(scl_func.o) (SCL_Rotate)
../sbl6/segalib/lib/sega_scl.a(scl_pr06.o)
                              ../sbl6/segalib/lib/sega_scl.a(scl_pr03.o) (SCL_SetColRamOffset)
../sbl6/segalib/lib/sega_scl.a(scl_pr05.o)
                              ../sbl6/segalib/lib/sega_scl.a(scl_pr02.o) (SCL_GetColRamOffset)
../sbl6/segalib/lib/sega_mth.a(mth_fixd.o)
                              sprite.o (MTH_Mul)
../sbl6/segalib/lib/sega_mth.a(mth_tri.o)
                              sprite.o (MTH_Sin)
../sbl6/segalib/lib/sega_per.a(per_prt.o)
                              ../sbl6/segasmp/per/smpclib/per_x2.o (PER_LInit)
../sbl6/segalib/lib/sega_sat.a(DMA_SCU1.o)
                              ../sbl6/segalib/lib/sega_spr.a(spr_2c.o) (DMA_ScuMemCopy)
../sbl6/segalib/lib/sega_sat.a(DMA_SCU0.o)
                              ../sbl6/segalib/lib/sega_sat.a(DMA_SCU1.o) (DMA_ScuSetPrm)
../sbl6/segalib/lib/sega_sat.a(csh_main.o)
                              ../sbl6/segalib/lib/sega_sat.a(DMA_SCU1.o) (CSH_Purge)
c:/saturn/SH_COFF/sh-coff/bin/../lib/gcc/sh-coff/3.4-GNUSH_v0501\libgcc.a(_ashiftlt.o)
                              scroll.o (__ashlsi3)
c:/saturn/SH_COFF/sh-coff/bin/../lib/gcc/sh-coff/3.4-GNUSH_v0501\libgcc.a(__main.o)
                              main.o (__main)
c:/saturn/SH_COFF/sh-coff/bin/../lib/gcc/sh-coff/3.4-GNUSH_v0501\libgcc.a(_udivsi3.o)
                              ../sbl6/segalib/lib/sega_scl.a(scl_fu03.o) (__udivsi3)
c:/saturn/SH_COFF/sh-coff/bin/../lib/gcc/sh-coff/3.4-GNUSH_v0501\libgcc.a(_ashiftrt.o)
                              ../sbl6/segalib/lib/sega_scl.a(scl_ro00.o) (__ashiftrt_r4_6)
c:/saturn/SH_COFF/sh-coff/bin/../lib/gcc/sh-coff/3.4-GNUSH_v0501\libgcc.a(_si_to_df.o)
                              ../sbl6/segalib/lib/sega_scl.a(scl_ro00.o) (__floatsidf)
c:/saturn/SH_COFF/sh-coff/bin/../lib/gcc/sh-coff/3.4-GNUSH_v0501\libgcc.a(_mul_df.o)
                              ../sbl6/segalib/lib/sega_scl.a(scl_ro00.o) (__muldf3)
c:/saturn/SH_COFF/sh-coff/bin/../lib/gcc/sh-coff/3.4-GNUSH_v0501\libgcc.a(_df_to_si.o)
                              ../sbl6/segalib/lib/sega_scl.a(scl_ro00.o) (__fixdfsi)
c:/saturn/SH_COFF/sh-coff/bin/../lib/gcc/sh-coff/3.4-GNUSH_v0501\libgcc.a(_pack_df.o)
                              c:/saturn/SH_COFF/sh-coff/bin/../lib/gcc/sh-coff/3.4-GNUSH_v0501\libgcc.a(_si_to_df.o) (__pack_d)
c:/saturn/SH_COFF/sh-coff/bin/../lib/gcc/sh-coff/3.4-GNUSH_v0501\libgcc.a(_unpack_df.o)
                              c:/saturn/SH_COFF/sh-coff/bin/../lib/gcc/sh-coff/3.4-GNUSH_v0501\libgcc.a(_mul_df.o) (__unpack_d)
c:/saturn/SH_COFF/sh-coff/bin/../lib/gcc/sh-coff/3.4-GNUSH_v0501\libgcc.a(_thenan_df.o)
                              c:/saturn/SH_COFF/sh-coff/bin/../lib/gcc/sh-coff/3.4-GNUSH_v0501\libgcc.a(_mul_df.o) (__thenan_df)
c:/saturn/SH_COFF/sh-coff/bin/../lib/gcc/sh-coff/3.4-GNUSH_v0501\libgcc.a(_muldi3.o)
                              c:/saturn/SH_COFF/sh-coff/bin/../lib/gcc/sh-coff/3.4-GNUSH_v0501\libgcc.a(_mul_df.o) (__muldi3)
c:/saturn/SH_COFF/sh-coff/bin/../lib/gcc/sh-coff/3.4-GNUSH_v0501\libgcc.a(_lshrdi3.o)
                              c:/saturn/SH_COFF/sh-coff/bin/../lib/gcc/sh-coff/3.4-GNUSH_v0501\libgcc.a(_df_to_si.o) (__lshrdi3)
c:/saturn/SH_COFF/sh-coff/bin/../lib/gcc/sh-coff/3.4-GNUSH_v0501\libgcc.a(_ashldi3.o)
                              c:/saturn/SH_COFF/sh-coff/bin/../lib/gcc/sh-coff/3.4-GNUSH_v0501\libgcc.a(_pack_df.o) (__ashldi3)
c:/saturn/SH_COFF/sh-coff/bin/../lib/gcc/sh-coff/3.4-GNUSH_v0501\libgcc.a(_mulsi3.o)
                              c:/saturn/SH_COFF/sh-coff/bin/../lib/gcc/sh-coff/3.4-GNUSH_v0501\libgcc.a(_muldi3.o) (__mulsi3)
c:/saturn/SH_COFF/sh-coff/bin/../lib/gcc/sh-coff/3.4-GNUSH_v0501\libgcc.a(_lshiftrt.o)
                              c:/saturn/SH_COFF/sh-coff/bin/../lib/gcc/sh-coff/3.4-GNUSH_v0501\libgcc.a(_lshrdi3.o) (__lshrsi3)
c:/saturn/SH_COFF/sh-coff/bin/../lib/gcc/sh-coff/3.4-GNUSH_v0501/../../../../sh-coff/lib\libc.a(memcpy.o)
                              scroll.o (memcpy)
c:/saturn/SH_COFF/sh-coff/bin/../lib/gcc/sh-coff/3.4-GNUSH_v0501/../../../../sh-coff/lib\libc.a(memset.o)
                              ../sbl6/segalib/lib/sega_spr.a(spr_2c.o) (memset)
c:/saturn/SH_COFF/sh-coff/bin/../lib/gcc/sh-coff/3.4-GNUSH_v0501/../../../../sh-coff/lib\libc.a(atexit.o)
                              c:/saturn/SH_COFF/sh-coff/bin/../lib/gcc/sh-coff/3.4-GNUSH_v0501\libgcc.a(__main.o) (atexit)
c:/saturn/SH_COFF/sh-coff/bin/../lib/gcc/sh-coff/3.4-GNUSH_v0501/../../../../sh-coff/lib\libc.a(impure.o)
                              c:/saturn/SH_COFF/sh-coff/bin/../lib/gcc/sh-coff/3.4-GNUSH_v0501/../../../../sh-coff/lib\libc.a(atexit.o) (_impure_ptr)
c:/saturn/SH_COFF/sh-coff/bin/../lib/gcc/sh-coff/3.4-GNUSH_v0501/../../../../sh-coff/lib\libc.a(malloc.o)
                              c:/saturn/SH_COFF/sh-coff/bin/../lib/gcc/sh-coff/3.4-GNUSH_v0501/../../../../sh-coff/lib\libc.a(atexit.o) (malloc)
c:/saturn/SH_COFF/sh-coff/bin/../lib/gcc/sh-coff/3.4-GNUSH_v0501/../../../../sh-coff/lib\libc.a(mallocr.o)
                              c:/saturn/SH_COFF/sh-coff/bin/../lib/gcc/sh-coff/3.4-GNUSH_v0501/../../../../sh-coff/lib\libc.a(malloc.o) (_malloc_r)
c:/saturn/SH_COFF/sh-coff/bin/../lib/gcc/sh-coff/3.4-GNUSH_v0501/../../../../sh-coff/lib\libc.a(freer.o)
                              c:/saturn/SH_COFF/sh-coff/bin/../lib/gcc/sh-coff/3.4-GNUSH_v0501/../../../../sh-coff/lib\libc.a(malloc.o) (_free_r)
c:/saturn/SH_COFF/sh-coff/bin/../lib/gcc/sh-coff/3.4-GNUSH_v0501/../../../../sh-coff/lib\libc.a(mlock.o)
                              c:/saturn/SH_COFF/sh-coff/bin/../lib/gcc/sh-coff/3.4-GNUSH_v0501/../../../../sh-coff/lib\libc.a(mallocr.o) (__malloc_lock)
c:/saturn/SH_COFF/sh-coff/bin/../lib/gcc/sh-coff/3.4-GNUSH_v0501/../../../../sh-coff/lib\libc.a(sbrkr.o)
                              c:/saturn/SH_COFF/sh-coff/bin/../lib/gcc/sh-coff/3.4-GNUSH_v0501/../../../../sh-coff/lib\libc.a(mallocr.o) (_sbrk_r)
c:/saturn/SH_COFF/sh-coff/bin/../lib/gcc/sh-coff/3.4-GNUSH_v0501/../../../../sh-coff/lib\libc.a(syscalls.o)
                              c:/saturn/SH_COFF/sh-coff/bin/../lib/gcc/sh-coff/3.4-GNUSH_v0501/../../../../sh-coff/lib\libc.a(sbrkr.o) (_sbrk)
c:/saturn/SH_COFF/sh-coff/bin/../lib/gcc/sh-coff/3.4-GNUSH_v0501/../../../../sh-coff/lib\libc.a(trap.o)
                              c:/saturn/SH_COFF/sh-coff/bin/../lib/gcc/sh-coff/3.4-GNUSH_v0501/../../../../sh-coff/lib\libc.a(syscalls.o) (__trap34)
c:/saturn/SH_COFF/sh-coff/bin/../lib/gcc/sh-coff/3.4-GNUSH_v0501/../../../../sh-coff/lib\libc.a(abort.o)
                              c:/saturn/SH_COFF/sh-coff/bin/../lib/gcc/sh-coff/3.4-GNUSH_v0501/../../../../sh-coff/lib\libc.a(syscalls.o) (abort)
c:/saturn/SH_COFF/sh-coff/bin/../lib/gcc/sh-coff/3.4-GNUSH_v0501/../../../../sh-coff/lib\libc.a(signal.o)
                              c:/saturn/SH_COFF/sh-coff/bin/../lib/gcc/sh-coff/3.4-GNUSH_v0501/../../../../sh-coff/lib\libc.a(abort.o) (raise)
c:/saturn/SH_COFF/sh-coff/bin/../lib/gcc/sh-coff/3.4-GNUSH_v0501/../../../../sh-coff/lib\libc.a(signalr.o)
                              c:/saturn/SH_COFF/sh-coff/bin/../lib/gcc/sh-coff/3.4-GNUSH_v0501/../../../../sh-coff/lib\libc.a(signal.o) (_kill_r)

Allocating common symbols
Common symbol       size              file

SclRbgKtbAddr       0x8               ../sbl6/segalib/lib/sega_scl.a(scl_func.o)
sprites             0x1900            sprite.o
SpMstCmd            0x4               ../sbl6/segalib/lib/sega_spr.a(spr_2c.o)
SclRb               0x1               ../sbl6/segalib/lib/sega_scl.a(scl_func.o)
Scl_flag            0x2               ../sbl6/segalib/lib/sega_scl.a(scl_func.o)
per_get_time_flg    0x1               ../sbl6/segalib/lib/sega_per.a(per_prt.o)
SpScreenY           0x4               ../sbl6/segalib/lib/sega_spr.a(spr_1c.o)
SclK_TableBuff      0xcd0             ../sbl6/segalib/lib/sega_scl.a(scl_func.o)
SclAutoEndBlue2     0x2               ../sbl6/segalib/lib/sega_scl.a(scl_pri.o)
SpFbcrMode          0x2               ../sbl6/segalib/lib/sega_spr.a(spr_1c.o)
Sp2OpenFlag         0x4               ../sbl6/segalib/lib/sega_spr.a(spr_2c.o)
SclColOffset        0x10              ../sbl6/segalib/lib/sega_scl.a(scl_pri.o)
SclAddrCsTbl        0x8               ../sbl6/segalib/lib/sega_scl.a(scl_func.o)
SclPriBuffDirty     0x1               ../sbl6/segalib/lib/sega_scl.a(scl_pri.o)
SclAutoEndRed       0x2               ../sbl6/segalib/lib/sega_scl.a(scl_pri.o)
player              0x20              player.o
SclAutoSurface      0x4               ../sbl6/segalib/lib/sega_scl.a(scl_pri.o)
__interrupt_vector  0x400             ../sbl6/segalib/lib/sega_int.a(int.o)
per_hot_res         0x1               ../sbl6/segalib/lib/sega_per.a(per_prt.o)
SclCsx              0x8               ../sbl6/segalib/lib/sega_scl.a(scl_ro00.o)
Scl_s_reg           0x28              ../sbl6/segalib/lib/sega_scl.a(scl_func.o)
SclAutoGreen        0x2               ../sbl6/segalib/lib/sega_scl.a(scl_pri.o)
SclAutoEndGreen     0x2               ../sbl6/segalib/lib/sega_scl.a(scl_pri.o)
SclAutoCount        0x4               ../sbl6/segalib/lib/sega_scl.a(scl_pri.o)
SpGourTblMax        0x4               ../sbl6/segalib/lib/sega_spr.a(spr_2c.o)
SclColRamAlloc256   0x20              ../sbl6/segalib/lib/sega_scl.a(scl_pri.o)
SclRotateXy         0x8               ../sbl6/segalib/lib/sega_scl.a(scl_func.o)
SpDrawPrtyBlk       0x4               ../sbl6/segalib/lib/sega_spr.a(spr_2c.o)
SclAutoCurRate      0x1               ../sbl6/segalib/lib/sega_scl.a(scl_pri.o)
SpLCoordX           0x4               ../sbl6/segalib/lib/sega_spr.a(spr_2c.o)
maps                0xc               scroll.o
SpMstDrawPrtyBlk    0x4               ../sbl6/segalib/lib/sega_spr.a(spr_2c.o)
SclAutoPlusFlag     0x1               ../sbl6/segalib/lib/sega_scl.a(scl_pri.o)
per_set_sys_flg     0x1               ../sbl6/segalib/lib/sega_per.a(per_prt.o)
Scl_d_reg           0x48              ../sbl6/segalib/lib/sega_scl.a(scl_func.o)
SclRotateDisp       0x8               ../sbl6/segalib/lib/sega_scl.a(scl_func.o)
SpGourTbl           0x4               ../sbl6/segalib/lib/sega_spr.a(spr_2c.o)
SclSpColMix         0x8               ../sbl6/segalib/lib/sega_scl.a(scl_pri.o)
SpDil               0x2               ../sbl6/segalib/lib/sega_spr.a(spr_1c.o)
SpLookupTblR        0x2               ../sbl6/segalib/lib/sega_spr.a(spr_2c.o)
SclAutoMax          0x4               ../sbl6/segalib/lib/sega_scl.a(scl_pri.o)
SpCmdTbl            0x4               ../sbl6/segalib/lib/sega_spr.a(spr_2c.o)
SclRotateMoveZ      0x8               ../sbl6/segalib/lib/sega_scl.a(scl_func.o)
SclLineColRamOffset
                    0x4               ../sbl6/segalib/lib/sega_scl.a(scl_pri.o)
SclRotXySw          0x4               ../sbl6/segalib/lib/sega_scl.a(scl_func.o)
per_get_time_adr    0x4               ../sbl6/segalib/lib/sega_per.a(per_prt.o)
SclColRamAlloc2048  0x4               ../sbl6/segalib/lib/sega_scl.a(scl_pri.o)
SclBgPriNum         0x6               ../sbl6/segalib/lib/sega_scl.a(scl_pri.o)
SpCharMax           0x4               ../sbl6/segalib/lib/sega_spr.a(spr_2c.o)
SpDrawPrtyProcFlag  0x4               ../sbl6/segalib/lib/sega_spr.a(spr_2c.o)
SclAutoEndBlue      0x2               ../sbl6/segalib/lib/sega_scl.a(scl_pri.o)
SpCmdNo             0x4               ../sbl6/segalib/lib/sega_spr.a(spr_2c.o)
SclAutoEndGreen2    0x2               ../sbl6/segalib/lib/sega_scl.a(scl_pri.o)
Scl_r_reg           0x10              ../sbl6/segalib/lib/sega_scl.a(scl_func.o)
SclRPMD             0x2               ../sbl6/segalib/lib/sega_scl.a(scl_func.o)
SpDrawPrtyBlkMax    0x4               ../sbl6/segalib/lib/sega_spr.a(spr_2c.o)
SpDie               0x2               ../sbl6/segalib/lib/sega_spr.a(spr_1c.o)
SclAutoVeFlag       0x1               ../sbl6/segalib/lib/sega_scl.a(scl_pri.o)
SclBgColMix         0x8               ../sbl6/segalib/lib/sega_scl.a(scl_pri.o)
text                0x460             print.o
SpSlvCmdPos         0x4               ../sbl6/segalib/lib/sega_spr.a(spr_2c.o)
per_get_sys_data    0xc               ../sbl6/segalib/lib/sega_per.a(per_prt.o)
SclRbgKtbOffset     0x8               ../sbl6/segalib/lib/sega_scl.a(scl_func.o)
SclAutoIndex        0x4               ../sbl6/segalib/lib/sega_scl.a(scl_pri.o)
SclAutoEndRate      0x1               ../sbl6/segalib/lib/sega_scl.a(scl_pri.o)
SpSlvDrawPrtyBlk    0x4               ../sbl6/segalib/lib/sega_spr.a(spr_2c.o)
_SclRotregBuff      0xd0              ../sbl6/segalib/lib/sega_scl.a(scl_func.o)
SclAutoBlue         0x2               ../sbl6/segalib/lib/sega_scl.a(scl_pri.o)
SpTvMode            0x2               ../sbl6/segalib/lib/sega_spr.a(spr_1c.o)
SpScreenX           0x4               ../sbl6/segalib/lib/sega_spr.a(spr_1c.o)
SclRa               0x1               ../sbl6/segalib/lib/sega_scl.a(scl_func.o)
SclRotateZ          0x8               ../sbl6/segalib/lib/sega_scl.a(scl_func.o)
SpCharTbl           0x4               ../sbl6/segalib/lib/sega_spr.a(spr_2c.o)
SclAddrLsTbl        0x8               ../sbl6/segalib/lib/sega_scl.a(scl_func.o)
SclK_TableNum       0x8               ../sbl6/segalib/lib/sega_scl.a(scl_func.o)
SclAutoRed          0x2               ../sbl6/segalib/lib/sega_scl.a(scl_pri.o)
SpCmdTblR           0x2               ../sbl6/segalib/lib/sega_spr.a(spr_2c.o)
SclAutoInterval     0x4               ../sbl6/segalib/lib/sega_scl.a(scl_pri.o)
SclOtherPri         0x10              ../sbl6/segalib/lib/sega_scl.a(scl_pri.o)
per_time_out_flg    0x1               ../sbl6/segalib/lib/sega_per.a(per_prt.o)
SclRotateTableAddress
                    0x4               ../sbl6/segalib/lib/sega_scl.a(scl_func.o)
SpMstCmdPos         0x4               ../sbl6/segalib/lib/sega_spr.a(spr_2c.o)
SpSlvCmd            0x4               ../sbl6/segalib/lib/sega_spr.a(spr_2c.o)
SclAutoRGB          0x600             ../sbl6/segalib/lib/sega_scl.a(scl_pri.o)
errno               0x4               c:/saturn/SH_COFF/sh-coff/bin/../lib/gcc/sh-coff/3.4-GNUSH_v0501/../../../../sh-coff/lib\libc.a(syscalls.o)
SclK_TableFlag      0x4               ../sbl6/segalib/lib/sega_scl.a(scl_func.o)
SclAutoEndRed2      0x2               ../sbl6/segalib/lib/sega_scl.a(scl_pri.o)
SclCsy              0x8               ../sbl6/segalib/lib/sega_scl.a(scl_ro00.o)
SclSpPriNum         0x8               ../sbl6/segalib/lib/sega_scl.a(scl_pri.o)
Scl_w_reg           0x20              ../sbl6/segalib/lib/sega_scl.a(scl_func.o)
SpLCoordY           0x4               ../sbl6/segalib/lib/sega_spr.a(spr_2c.o)
Scl_n_reg           0x40              ../sbl6/segalib/lib/sega_scl.a(scl_func.o)

Memory Configuration

Name             Origin             Length             Attributes
*default*        0x00000000         0xffffffff

Linker script and memory map

LOAD ../sbl6/segasmp/lib/strt1_g.o
LOAD ../sbl6/segasmp/lib/strt2_g.o
LOAD vblank.o
LOAD ../sbl6/segasmp/per/smpclib/per_x1.o
LOAD ../sbl6/segasmp/per/smpclib/per_x2.o
LOAD ../sbl6/segasmp/per/smpclib/per_x3.o
LOAD graphics.o
LOAD sprite.o
LOAD scroll.o
LOAD player.o
LOAD print.o
LOAD main.o
LOAD ../sbl6/segalib/lib/sega_int.a
LOAD ../sbl6/segalib/lib/sega_spr.a
LOAD ../sbl6/segalib/lib/sega_scl.a
LOAD ../sbl6/segalib/lib/sega_mth.a
LOAD ../sbl6/segalib/lib/sega_cdc.a
LOAD ../sbl6/segalib/lib/sega_adp.a
LOAD ../sbl6/segalib/lib/sega_per.a
LOAD ../sbl6/segalib/lib/sega_sat.a
LOAD c:/saturn/SH_COFF/sh-coff/bin/../lib/gcc/sh-coff/3.4-GNUSH_v0501\libgcc.a
LOAD c:/saturn/SH_COFF/sh-coff/bin/../lib/gcc/sh-coff/3.4-GNUSH_v0501/../../../../sh-coff/lib\libc.a
LOAD c:/saturn/SH_COFF/sh-coff/bin/../lib/gcc/sh-coff/3.4-GNUSH_v0501\libgcc.a

.text           0x06010000    0x16720
 *(.text)
 .text          0x06010000       0x30 ../sbl6/segasmp/lib/strt1_g.o
                0x06010024                _D_END
                0x06010020                _D_BGN
                0x0601002c                _B_END
                0x06010028                _B_BGN
                0x06010000                START
 .text          0x06010030       0x60 ../sbl6/segasmp/lib/strt2_g.o
                0x06010050                _INITSCT
                0x06010030                _INIT
 .text          0x06010090      0x4b0 vblank.o
                0x06010090                SetVblank
                0x06010440                UsrVblankOut
                0x060100f0                UsrVblankIn
 .text          0x06010540      0x430 ../sbl6/segasmp/per/smpclib/per_x1.o
                0x060108d4                PER_GetAnalogXYZ
                0x06010564                PER_GetTriggerHandler
                0x060107fe                PER_GetEdge
                0x0601077c                PER_GetTrigger
                0x06010828                PER_GetPressEdge
                0x0601087c                PER_GetReleaseEdge
                0x06010540                PER_SetTriggerHandler
 .text          0x06010970      0x200 ../sbl6/segasmp/per/smpclib/per_x2.o
                0x06010a74                PER_GetDeviceA
                0x06010970                PER_OpenPort
                0x060109a8                PER_GetPort
                0x06010aee                PER_GetDeviceR
 .text          0x06010b70       0x20 ../sbl6/segasmp/per/smpclib/per_x3.o
                0x06010b70                PER_DisguiseTrigger
 .text          0x06010b90     0x9e50 graphics.o
                0x0601a5dc                font3
                0x0601a8dc                font0
                0x060197dc                guy0
                0x06019fdc                font9
                0x060177dc                guyback1
                0x06010b90                map1
                0x06017fdc                guyback0
                0x0601a4dc                font4
                0x0601a2dc                font6
                0x0601a7dc                font1
                0x06018fdc                guy1
                0x06012b90                wood_chr
                0x060167dc                guyside0
                0x06015390                wood_pal
                0x0601a1dc                font7
                0x06016fdc                guyback2
                0x06015fdc                guyside1
                0x060157dc                guyside2
                0x0601a6dc                font2
                0x0601a3dc                font5
                0x060187dc                guy2
                0x06015790                dimensions
                0x0601a0dc                font8
 .text          0x0601a9e0      0x380 sprite.o
                0x0601a9e0                draw_sprite
                0x0601acd0                next_sprite
                0x0601ac80                make_sprite
                0x0601ad30                delete_sprite
 .text          0x0601ad60      0x360 scroll.o
                0x0601b080                get_map_val
                0x0601b050                set_scroll
                0x0601aee0                move_scroll
                0x0601ad60                init_scroll
 .text          0x0601b0c0     0x10b0 player.o
                0x0601b124                player_side
                0x0601b134                player_down
                0x0601b0c0                floor_tiles
                0x0601b12c                player_up
                0x0601b13c                states
                0x0601be30                player_input
                0x0601b160                player_init
                0x0601bd50                player_animate
 .text          0x0601c170      0x130 print.o
                0x0601c200                print_display
                0x0601c1b0                print_num
                0x0601c170                print_init
 .text          0x0601c2a0      0x140 main.o
                0x0601c2a0                main
 .text          0x0601c3e0       0x40 ../sbl6/segalib/lib/sega_int.a(int.o)
                0x0601c40c                INT_GetScuFunc
                0x0601c3e0                INT_SetScuFunc
 .text          0x0601c420      0x624 ../sbl6/segalib/lib/sega_int.a(int_trmp.o)
                0x0601c588                __interrupt_handler60
                0x0601c738                __interrupt_handler132
                0x0601c8ee                __interrupt_handler205
                0x0601c756                __interrupt_handler137
                0x0601c684                __interrupt_handler102
                0x0601c4c2                __interrupt_handler27
                0x0601c8c4                __interrupt_handler198
                0x0601c7b6                __interrupt_handler153
                0x0601c49e                __interrupt_handler21
                0x0601c5ac                __interrupt_handler66
                0x0601c69c                __interrupt_handler106
                0x0601c7e6                __interrupt_handler161
                0x0601c630                __interrupt_handler88
                0x0601c7fe                __interrupt_handler165
                0x0601c70e                __interrupt_handler125
                0x0601c444                __interrupt_handler6
                0x0601c4e0                __interrupt_handler32
                0x0601c89a                __interrupt_handler191
                0x0601c9b4                __interrupt_handler238
                0x0601c9cc                __interrupt_handler242
                0x0601c7d4                __interrupt_handler158
                0x0601c63c                __interrupt_handler90
                0x0601c7f8                __interrupt_handler164
                0x0601c51c                __interrupt_handler42
                0x0601c85e                __interrupt_handler181
                0x0601c966                __interrupt_handler225
                0x0601ca0e                __interrupt_handler253
                0x0601c822                __interrupt_handler171
                0x0601c5dc                __interrupt_handler74
                0x0601c432                __interrupt_handler3
                0x0601c576                __interrupt_handler57
                0x0601c474                __interrupt_handler14
                0x0601c90c                __interrupt_handler210
                0x0601c93c                __interrupt_handler218
                0x0601c900                __interrupt_handler208
                0x0601c504                __interrupt_handler38
                0x0601c420                __interrupt_handler0
                0x0601c690                __interrupt_handler104
                0x0601c7ce                __interrupt_handler157
                0x0601c91e                __interrupt_handler213
                0x0601c810                __interrupt_handler168
                0x0601c61e                __interrupt_handler85
                0x0601c6ba                __interrupt_handler111
                0x0601c6cc                __interrupt_handler114
                0x0601c53a                __interrupt_handler47
                0x0601c990                __interrupt_handler232
                0x0601c95a                __interrupt_handler223
                0x0601c9ae                __interrupt_handler237
                0x0601c59a                __interrupt_handler63
                0x0601c528                __interrupt_handler44
                0x0601c83a                __interrupt_handler175
                0x0601c864                __interrupt_handler182
                0x0601c87c                __interrupt_handler186
                0x0601c77a                __interrupt_handler143
                0x0601c6a2                __interrupt_handler107
                0x0601c708                __interrupt_handler124
                0x0601c828                __interrupt_handler172
                0x0601c9de                __interrupt_handler245
                0x0601c65a                __interrupt_handler95
                0x0601c732                __interrupt_handler131
                0x0601c744                __interrupt_handler134
                0x0601c762                __interrupt_handler139
                0x0601c5d0                __interrupt_handler72
                0x0601c98a                __interrupt_handler231
                0x0601c7e0                __interrupt_handler160
                0x0601c726                __interrupt_handler129
                0x0601c498                __interrupt_handler20
                0x0601c5a6                __interrupt_handler65
                0x0601c570                __interrupt_handler56
                0x0601c46e                __interrupt_handler13
                0x0601c906                __interrupt_handler209
                0x0601c6c0                __interrupt_handler112
                0x0601c492                __interrupt_handler19
                0x0601c64e                __interrupt_handler93
                0x0601c8b8                __interrupt_handler196
                0x0601c7aa                __interrupt_handler151
                0x0601c80a                __interrupt_handler167
                0x0601ca20                __trampoline
                0x0601c486                __interrupt_handler17
                0x0601c978                __interrupt_handler228
                0x0601ca1a                __interrupt_handler255
                0x0601c9d8                __interrupt_handler244
                0x0601c672                __interrupt_handler99
                0x0601c86a                __interrupt_handler183
                0x0601c768                __interrupt_handler140
                0x0601c88e                __interrupt_handler189
                0x0601c78c                __interrupt_handler146
                0x0601c954                __interrupt_handler222
                0x0601c7c8                __interrupt_handler156
                0x0601c6fc                __interrupt_handler122
                0x0601c9f0                __interrupt_handler248
                0x0601c540                __interrupt_handler48
                0x0601c5be                __interrupt_handler69
                0x0601c4b0                __interrupt_handler24
                0x0601c636                __interrupt_handler89
                0x0601c92a                __interrupt_handler215
                0x0601ca14                __interrupt_handler254
                0x0601c62a                __interrupt_handler87
                0x0601c58e                __interrupt_handler61
                0x0601c8b2                __interrupt_handler195
                0x0601c7a4                __interrupt_handler150
                0x0601c516                __interrupt_handler41
                0x0601c6b4                __interrupt_handler110
                0x0601c71a                __interrupt_handler127
                0x0601c6a8                __interrupt_handler108
                0x0601c6c6                __interrupt_handler113
                0x0601c6d8                __interrupt_handler116
                0x0601c6f6                __interrupt_handler121
                0x0601c5ee                __interrupt_handler77
                0x0601c50a                __interrupt_handler39
                0x0601c522                __interrupt_handler43
                0x0601c9f6                __interrupt_handler249
                0x0601c834                __interrupt_handler174
                0x0601c750                __interrupt_handler136
                0x0601c888                __interrupt_handler188
                0x0601c786                __interrupt_handler145
                0x0601c456                __interrupt_handler9
                0x0601c5fa                __interrupt_handler79
                0x0601c972                __interrupt_handler227
                0x0601c4ec                __interrupt_handler34
                0x0601c72c                __interrupt_handler130
                0x0601c9ea                __interrupt_handler247
                0x0601c5e2                __interrupt_handler75
                0x0601c82e                __interrupt_handler173
                0x0601c55e                __interrupt_handler53
                0x0601c79e                __interrupt_handler149
                0x0601ca02                __interrupt_handler251
                0x0601c996                __interrupt_handler233
                0x0601c45c                __interrupt_handler10
                0x0601c8e8                __interrupt_handler204
                0x0601c60c                __interrupt_handler82
                0x0601c612                __interrupt_handler83
                0x0601c4b6                __interrupt_handler25
                0x0601c9d2                __interrupt_handler243
                0x0601c7ec                __interrupt_handler162
                0x0601c534                __interrupt_handler46
                0x0601c84c                __interrupt_handler178
                0x0601c600                __interrupt_handler80
                0x0601c594                __interrupt_handler62
                0x0601c42c                __interrupt_handler2
                0x0601c4ce                __interrupt_handler29
                0x0601c5c4                __interrupt_handler70
                0x0601c6ae                __interrupt_handler109
                0x0601c798                __interrupt_handler148
                0x0601c654                __interrupt_handler94
                0x0601c960                __interrupt_handler224
                0x0601c68a                __interrupt_handler103
                0x0601c4f8                __interrupt_handler36
                0x0601c714                __interrupt_handler126
                0x0601c9e4                __interrupt_handler246
                0x0601c56a                __interrupt_handler55
                0x0601c468                __interrupt_handler12
                0x0601c558                __interrupt_handler52
                0x0601c882                __interrupt_handler187
                0x0601c780                __interrupt_handler144
                0x0601c6de                __interrupt_handler117
                0x0601c48c                __interrupt_handler18
                0x0601c8be                __interrupt_handler197
                0x0601c7b0                __interrupt_handler152
                0x0601c6e4                __interrupt_handler118
                0x0601c81c                __interrupt_handler170
                0x0601c8d6                __interrupt_handler201
                0x0601c666                __interrupt_handler97
                0x0601c7f2                __interrupt_handler163
                0x0601c858                __interrupt_handler180
                0x0601c8a0                __interrupt_handler192
                0x0601c9c0                __interrupt_handler240
                0x0601c702                __interrupt_handler123
                0x0601c924                __interrupt_handler214
                0x0601c4da                __interrupt_handler31
                0x0601c4c8                __interrupt_handler28
                0x0601c5b2                __interrupt_handler67
                0x0601c5b8                __interrupt_handler68
                0x0601c4a4                __interrupt_handler22
                0x0601c4aa                __interrupt_handler23
                0x0601c840                __interrupt_handler176
                0x0601c44a                __interrupt_handler7
                0x0601c94e                __interrupt_handler221
                0x0601c936                __interrupt_handler217
                0x0601c97e                __interrupt_handler229
                0x0601c546                __interrupt_handler49
                0x0601c438                __interrupt_handler4
                0x0601c510                __interrupt_handler40
                0x0601c6d2                __interrupt_handler115
                0x0601c9a2                __interrupt_handler235
                0x0601c642                __interrupt_handler91
                0x0601c8f4                __interrupt_handler206
                0x0601c846                __interrupt_handler177
                0x0601c792                __interrupt_handler147
                0x0601c4fe                __interrupt_handler37
                0x0601c9fc                __interrupt_handler250
                0x0601c426                __interrupt_handler1
                0x0601c942                __interrupt_handler219
                0x0601c5e8                __interrupt_handler76
                0x0601c678                __interrupt_handler100
                0x0601c57c                __interrupt_handler58
                0x0601c47a                __interrupt_handler15
                0x0601c918                __interrupt_handler212
                0x0601c9c6                __interrupt_handler241
                0x0601c8dc                __interrupt_handler202
                0x0601c8a6                __interrupt_handler193
                0x0601c5f4                __interrupt_handler78
                0x0601c54c                __interrupt_handler50
                0x0601c4e6                __interrupt_handler33
                0x0601c804                __interrupt_handler166
                0x0601c75c                __interrupt_handler138
                0x0601c74a                __interrupt_handler135
                0x0601c4d4                __interrupt_handler30
                0x0601c870                __interrupt_handler184
                0x0601c76e                __interrupt_handler141
                0x0601c984                __interrupt_handler230
                0x0601c9a8                __interrupt_handler236
                0x0601c6ea                __interrupt_handler119
                0x0601c624                __interrupt_handler86
                0x0601c696                __interrupt_handler105
                0x0601c606                __interrupt_handler81
                0x0601c6f0                __interrupt_handler120
                0x0601c720                __interrupt_handler128
                0x0601c564                __interrupt_handler54
                0x0601c462                __interrupt_handler11
                0x0601c8ca                __interrupt_handler199
                0x0601c7bc                __interrupt_handler154
                0x0601c52e                __interrupt_handler45
                0x0601c930                __interrupt_handler216
                0x0601c8e2                __interrupt_handler203
                0x0601c67e                __interrupt_handler101
                0x0601c618                __interrupt_handler84
                0x0601c876                __interrupt_handler185
                0x0601c774                __interrupt_handler142
                0x0601c4bc                __interrupt_handler26
                0x0601c5a0                __interrupt_handler64
                0x0601c8d0                __interrupt_handler200
                0x0601c8fa                __interrupt_handler207
                0x0601c8ac                __interrupt_handler194
                0x0601c648                __interrupt_handler92
                0x0601c7c2                __interrupt_handler155
                0x0601c912                __interrupt_handler211
                0x0601c73e                __interrupt_handler133
                0x0601c43e                __interrupt_handler5
                0x0601c5d6                __interrupt_handler73
                0x0601c480                __interrupt_handler16
                0x0601c9ba                __interrupt_handler239
                0x0601c99c                __interrupt_handler234
                0x0601c4f2                __interrupt_handler35
                0x0601c582                __interrupt_handler59
                0x0601c816                __interrupt_handler169
                0x0601c66c                __interrupt_handler98
                0x0601c5ca                __interrupt_handler71
                0x0601c552                __interrupt_handler51
                0x0601c7da                __interrupt_handler159
                0x0601c96c                __interrupt_handler226
                0x0601c660                __interrupt_handler96
                0x0601c894                __interrupt_handler190
                0x0601c948                __interrupt_handler220
                0x0601c450                __interrupt_handler8
                0x0601c852                __interrupt_handler179
                0x0601ca08                __interrupt_handler252
 *fill*         0x0601ca44        0xc 00
 .text          0x0601ca50     0x12a0 ../sbl6/segalib/lib/sega_spr.a(spr_2c.o)
                0x0601dcb0                SlaveFlushDrawPrtyBlock
                0x0601ca50                SPR_2Initial
                0x0601d294                SPR_2SysClip
                0x0601d234                SPR_2LocalCoord
                0x0601db2c                SPR_2FlushDrawPrtyBlock
                0x0601d818                SPR_2DistSpr
                0x0601d21c                SPR_2FlushDrawPrty
                0x0601d93c                SPR_2Cmd
                0x0601cf18                SPR_2GourTblNoToVram
                0x0601cf78                SPR_2GetAreaSizeInfo
                0x0601cce0                SPR_2SetGourTbl
                0x0601d4cc                SPR_2Polygon
                0x0601cf54                SPR_2CharNoToVram
                0x0601cc60                SPR_2SetTvMode
                0x0601d0bc                SPR_2CloseCommand
                0x0601cc9c                SPR_2FrameEraseData
                0x0601ca78                SPR_2Initial2
                0x0601d6ac                SPR_2ScaleSpr
                0x0601d33c                SPR_2Line
                0x0601d008                SPR_2OpenCommand
                0x0601cc7c                SPR_2FrameChgIntr
                0x0601d588                SPR_2NormSpr
                0x0601cd10                SPR_2SetLookupTbl
                0x0601cd44                SPR_2SetChar
                0x0601cf3c                SPR_2LookupTblNoToVram
                0x0601d410                SPR_2PolyLine
                0x0601ceb0                SPR_2ClrAllChar
                0x0601ce64                SPR_2ClrChar
                0x0601d2e0                SPR_2UserClip
 .text          0x0601dcf0      0x1e6 ../sbl6/segalib/lib/sega_spr.a(spr_slv.o)
                0x0601de54                SPR_WaitEndSlaveSH
                0x0601dcf0                SPR_SMPC_SSHON
                0x0601de30                SPR_RunSlaveSH
                0x0601dcf4                SPR_InitSlaveSH
                0x0601ddbc                SPR_SlaveSHmain
                0x0601dcf1                SPR_SMPC_SSHOFF
 *fill*         0x0601ded6        0xa 00
 .text          0x0601dee0      0x36a ../sbl6/segalib/lib/sega_spr.a(spr_1c.o)
                0x0601e194                SPR_WaitDrawEnd
                0x0601e1ac                SPR_SetEosMode
                0x0601e0c4                SPR_SetEraseData
                0x0601dee0                SPR_Initial
                0x0601dfb8                SPR_SetTvMode
                0x0601e050                SPR_GetStatus
 *fill*         0x0601e24a        0x6 00
 .text          0x0601e250      0x244 ../sbl6/segalib/lib/sega_spr.a(spr_2a.o)
                0x0601e262                sprMemCpyW
                0x0601e2c0                flushDrawPrtyBlock
                0x0601e250                sprMemCpyL
                0x0601e274                SPR_2SetDrawPrty
 *fill*         0x0601e494        0xc 00
 .text          0x0601e4a0      0x2fc ../sbl6/segalib/lib/sega_scl.a(scl_vblv.o)
                0x0601e55c                SCL_DisplayFrame
                0x0601e4a0                SCL_SetFrameInterval
                0x0601e590                SCL_VblInit
                0x0601e5e0                SCL_VblankStart
                0x0601e624                SCL_VblankEnd
 *fill*         0x0601e79c        0x4 00
 .text          0x0601e7a0      0xb9c ../sbl6/segalib/lib/sega_scl.a(scl_func.o)
                0x0601f17c                SCL_Vdp2_SGLInit
                0x0601f08c                SCL_PriIntProc
                0x0601f004                SCL_Memcpyw
                0x0601f31c                SCL_SglOff
                0x0601f2fc                SCL_SglOn
                0x0601ef70                SCL_ScrollShow
                0x0601ea18                SCL_Close
                0x0601ed10                SCL_Scale
                0x0601e7a0                SCL_Vdp2Init
                0x0601eb84                SCL_Move
                0x0601ee4c                SCL_CopyReg
                0x0601e9f4                SCL_Open
                0x0601e824                SCL_ParametersInit
                0x0601ea34                SCL_MoveTo
                0x0601f02c                SCL_SetColRamMode
 *fill*         0x0601f33c        0x4 00
 .text          0x0601f340      0x138 ../sbl6/segalib/lib/sega_scl.a(scl_pr03.o)
                0x0601f340                SCL_FreeColRam
                0x0601f378                SCL_AllocColRam
 *fill*         0x0601f478        0x8 00
 .text          0x0601f480       0x9c ../sbl6/segalib/lib/sega_scl.a(scl_pr02.o)
                0x0601f480                SCL_SetColRam
 *fill*         0x0601f51c        0x4 00
 .text          0x0601f520       0x84 ../sbl6/segalib/lib/sega_scl.a(scl_back.o)
                0x0601f520                SCL_SetBack
 *fill*         0x0601f5a4        0xc 00
 .text          0x0601f5b0      0x94c ../sbl6/segalib/lib/sega_scl.a(scl_fu03.o)
                0x0601f60c                SCL_SetConfig
                0x0601f5b0                SCL_InitConfigTb
 *fill*         0x0601fefc        0x4 00
 .text          0x0601ff00      0x4f4 ../sbl6/segalib/lib/sega_scl.a(scl_fu02.o)
                0x0601ff38                SCL_SetVramConfig
                0x0601ff00                SCL_InitVramConfigTb
 *fill*         0x060203f4        0xc 00
 .text          0x06020400       0x28 ../sbl6/segalib/lib/sega_scl.a(scl_fu04.o)
                0x06020400                SCL_SetCycleTable
 *fill*         0x06020428        0x8 00
 .text          0x06020430      0x214 ../sbl6/segalib/lib/sega_scl.a(scl_pr07.o)
                0x06020430                SCL_SetPriority
 *fill*         0x06020644        0xc 00
 .text          0x06020650       0x58 ../sbl6/segalib/lib/sega_scl.a(scl_pr01.o)
                0x06020650                SCL_SetSpriteMode
 *fill*         0x060206a8        0x8 00
 .text          0x060206b0     0x10a4 ../sbl6/segalib/lib/sega_scl.a(scl_pri.o)
                0x06020744                SCL_AbortAutoVe
                0x060215f4                SCL_SetShadowBit
                0x06020bbc                SCL_AutoExec
                0x060206b0                SCL_PriorityInit
                0x060210d0                SCL_IncColOffset
                0x06020758                SCL_SetColMixRate
                0x06020728                SCL_GetColRamMode
 *fill*         0x06021754        0xc 00
 .text          0x06021760     0x1394 ../sbl6/segalib/lib/sega_scl.a(scl_ro00.o)
                0x0602294c                SCL_RotateZD
                0x06021c14                SCL_Rotate
                0x060218e8                SCL_InitRotateTable
 *fill*         0x06022af4        0xc 00
 .text          0x06022b00      0x1b4 ../sbl6/segalib/lib/sega_scl.a(scl_pr06.o)
                0x06022b00                SCL_SetColRamOffset
 *fill*         0x06022cb4        0xc 00
 .text          0x06022cc0       0xac ../sbl6/segalib/lib/sega_scl.a(scl_pr05.o)
                0x06022cc0                SCL_GetColRamOffset
 *fill*         0x06022d6c        0x4 00
 .text          0x06022d70       0xa4 ../sbl6/segalib/lib/sega_mth.a(mth_fixd.o)
                0x06022dc0                MTH_FixedToInt
                0x06022db0                MTH_IntToFixed
                0x06022d70                MTH_Mul
                0x06022dd0                MTH_Product
                0x06022d90                MTH_Div
 *fill*         0x06022e14        0xc 00
 .text          0x06022e20      0x600 ../sbl6/segalib/lib/sega_mth.a(mth_tri.o)
                0x06022ebc                fcos
                0x06022ec2                fsin
                0x06022e6c                MTH_Cos
                0x06022e20                MTH_Sin
                0x06023060                MTH_Atan
 .text          0x06023420      0xf50 ../sbl6/segalib/lib/sega_per.a(per_prt.o)
                0x06023840                PER_IntFunc
                0x06023638                PER_LGetPer
                0x06023420                PER_LInit
 .text          0x06024370      0x1f4 ../sbl6/segalib/lib/sega_sat.a(DMA_SCU1.o)
                0x060244cc                DMA_ScuResult
                0x06024370                DMA_ScuInit
                0x060243c0                DMA_ScuMemCopy
 *fill*         0x06024564        0xc 00
 .text          0x06024570      0x308 ../sbl6/segalib/lib/sega_sat.a(DMA_SCU0.o)
                0x060245f4                DMA_ScuStart
                0x06024728                DMA_ScuIntFunc0
                0x06024798                DMA_ScuIntFunc1
                0x06024808                DMA_ScuIntFunc2
                0x060246e8                DMA_ScuGetStatus
                0x06024570                DMA_ScuSetPrm
 *fill*         0x06024878        0x8 00
 .text          0x06024880       0xe8 ../sbl6/segalib/lib/sega_sat.a(csh_main.o)
                0x06024880                CSH_Init
                0x060248e8                CSH_AllClr
                0x06024934                CSH_Purge
 *fill*         0x06024968        0x8 00
 .text          0x06024970       0x90 c:/saturn/SH_COFF/sh-coff/bin/../lib/gcc/sh-coff/3.4-GNUSH_v0501\libgcc.a(_ashiftlt.o)
                0x06024970                __ashlsi3
 .text          0x06024a00       0xa0 c:/saturn/SH_COFF/sh-coff/bin/../lib/gcc/sh-coff/3.4-GNUSH_v0501\libgcc.a(__main.o)
                0x06024a74                __main
                0x06024a00                __do_global_dtors
                0x06024a34                __do_global_ctors
 .text          0x06024aa0       0x70 c:/saturn/SH_COFF/sh-coff/bin/../lib/gcc/sh-coff/3.4-GNUSH_v0501\libgcc.a(_udivsi3.o)
                0x06024ac2                __udivsi3
 .text          0x06024b10       0x60 c:/saturn/SH_COFF/sh-coff/bin/../lib/gcc/sh-coff/3.4-GNUSH_v0501\libgcc.a(_ashiftrt.o)
                0x06024b1c                __ashiftrt_r4_27
                0x06024b50                __ashiftrt_r4_6
                0x06024b40                __ashiftrt_r4_14
                0x06024b32                __ashiftrt_r4_19
                0x06024b4a                __ashiftrt_r4_9
                0x06024b5e                __ashiftrt_r4_0
                0x06024b10                __ashiftrt_r4_31
                0x06024b1e                __ashiftrt_r4_26
                0x06024b2c                __ashiftrt_r4_22
                0x06024b38                __ashiftrt_r4_16
                0x06024b44                __ashiftrt_r4_12
                0x06024b18                __ashiftrt_r4_29
                0x06024b36                __ashiftrt_r4_17
                0x06024b16                __ashiftrt_r4_30
                0x06024b52                __ashiftrt_r4_5
                0x06024b4c                __ashiftrt_r4_8
                0x06024b10                __ashiftrt_r4_32
                0x06024b20                __ashiftrt_r4_25
                0x06024b58                __ashiftrt_r4_2
                0x06024b22                __ashiftrt_r4_24
                0x06024b3e                __ashiftrt_r4_15
                0x06024b48                __ashiftrt_r4_10
                0x06024b5a                __ashiftrt_r4_1
                0x06024b1a                __ashiftrt_r4_28
                0x06024b30                __ashiftrt_r4_20
                0x06024b4e                __ashiftrt_r4_7
                0x06024b42                __ashiftrt_r4_13
                0x06024b46                __ashiftrt_r4_11
                0x06024b54                __ashiftrt_r4_4
                0x06024b2a                __ashiftrt_r4_23
                0x06024b34                __ashiftrt_r4_18
                0x06024b2e                __ashiftrt_r4_21
                0x06024b56                __ashiftrt_r4_3
 .text          0x06024b70       0xb0 c:/saturn/SH_COFF/sh-coff/bin/../lib/gcc/sh-coff/3.4-GNUSH_v0501\libgcc.a(_si_to_df.o)
                0x06024b70                __floatsidf
 .text          0x06024c20      0x2e0 c:/saturn/SH_COFF/sh-coff/bin/../lib/gcc/sh-coff/3.4-GNUSH_v0501\libgcc.a(_mul_df.o)
                0x06024c30                __muldf3
 .text          0x06024f00       0x80 c:/saturn/SH_COFF/sh-coff/bin/../lib/gcc/sh-coff/3.4-GNUSH_v0501\libgcc.a(_df_to_si.o)
                0x06024f00                __fixdfsi
 .text          0x06024f80      0x220 c:/saturn/SH_COFF/sh-coff/bin/../lib/gcc/sh-coff/3.4-GNUSH_v0501\libgcc.a(_pack_df.o)
                0x06024f90                __pack_d
 .text          0x060251a0      0x120 c:/saturn/SH_COFF/sh-coff/bin/../lib/gcc/sh-coff/3.4-GNUSH_v0501\libgcc.a(_unpack_df.o)
                0x060251b0                __unpack_d
 .text          0x060252c0       0x20 c:/saturn/SH_COFF/sh-coff/bin/../lib/gcc/sh-coff/3.4-GNUSH_v0501\libgcc.a(_thenan_df.o)
                0x060252c0                __thenan_df
 .text          0x060252e0       0xd0 c:/saturn/SH_COFF/sh-coff/bin/../lib/gcc/sh-coff/3.4-GNUSH_v0501\libgcc.a(_muldi3.o)
                0x060252e0                __muldi3
 .text          0x060253b0       0x80 c:/saturn/SH_COFF/sh-coff/bin/../lib/gcc/sh-coff/3.4-GNUSH_v0501\libgcc.a(_lshrdi3.o)
                0x060253b0                __lshrdi3
 .text          0x06025430       0x80 c:/saturn/SH_COFF/sh-coff/bin/../lib/gcc/sh-coff/3.4-GNUSH_v0501\libgcc.a(_ashldi3.o)
                0x06025430                __ashldi3
 .text          0x060254b0       0x30 c:/saturn/SH_COFF/sh-coff/bin/../lib/gcc/sh-coff/3.4-GNUSH_v0501\libgcc.a(_mulsi3.o)
                0x060254b0                __mulsi3
 .text          0x060254e0       0x90 c:/saturn/SH_COFF/sh-coff/bin/../lib/gcc/sh-coff/3.4-GNUSH_v0501\libgcc.a(_lshiftrt.o)
                0x060254e0                __lshrsi3
 .text          0x06025570       0xa0 c:/saturn/SH_COFF/sh-coff/bin/../lib/gcc/sh-coff/3.4-GNUSH_v0501/../../../../sh-coff/lib\libc.a(memcpy.o)
                0x06025570                memcpy
 .text          0x06025610       0x40 c:/saturn/SH_COFF/sh-coff/bin/../lib/gcc/sh-coff/3.4-GNUSH_v0501/../../../../sh-coff/lib\libc.a(memset.o)
                0x06025610                memset
 .text          0x06025650       0x90 c:/saturn/SH_COFF/sh-coff/bin/../lib/gcc/sh-coff/3.4-GNUSH_v0501/../../../../sh-coff/lib\libc.a(atexit.o)
                0x06025650                atexit
 .text          0x060256e0       0x10 c:/saturn/SH_COFF/sh-coff/bin/../lib/gcc/sh-coff/3.4-GNUSH_v0501/../../../../sh-coff/lib\libc.a(impure.o)
                0x060256e0                _global_impure_ptr
 .text          0x060256f0       0x40 c:/saturn/SH_COFF/sh-coff/bin/../lib/gcc/sh-coff/3.4-GNUSH_v0501/../../../../sh-coff/lib\libc.a(malloc.o)
                0x0602570c                free
                0x060256f0                malloc
 .text          0x06025730      0x5b0 c:/saturn/SH_COFF/sh-coff/bin/../lib/gcc/sh-coff/3.4-GNUSH_v0501/../../../../sh-coff/lib\libc.a(mallocr.o)
                0x06025730                _malloc_r
 .text          0x06025ce0      0x340 c:/saturn/SH_COFF/sh-coff/bin/../lib/gcc/sh-coff/3.4-GNUSH_v0501/../../../../sh-coff/lib\libc.a(freer.o)
                0x06025ce0                _malloc_trim_r
                0x06025dd4                _free_r
 .text          0x06026020       0x20 c:/saturn/SH_COFF/sh-coff/bin/../lib/gcc/sh-coff/3.4-GNUSH_v0501/../../../../sh-coff/lib\libc.a(mlock.o)
                0x06026020                __malloc_lock
                0x0602602c                __malloc_unlock
 .text          0x06026040       0x50 c:/saturn/SH_COFF/sh-coff/bin/../lib/gcc/sh-coff/3.4-GNUSH_v0501/../../../../sh-coff/lib\libc.a(sbrkr.o)
                0x06026040                _sbrk_r
 .text          0x06026090      0x380 c:/saturn/SH_COFF/sh-coff/bin/../lib/gcc/sh-coff/3.4-GNUSH_v0501/../../../../sh-coff/lib\libc.a(syscalls.o)
                0x060261fc                _exit
                0x06026230                _getpid
                0x06026298                _utime
                0x060260c8                _write
                0x06026090                _read
                0x060261e4                _unlink
                0x060261ac                _open
                0x06026248                _stat
                0x060261f0                isatty
                0x060262c8                _wait
                0x06026214                _kill
                0x06026264                _chmod
                0x060262f8                _execv
                0x060262dc                _execve
                0x060263d4                __setup_argv_and_call_main
                0x06026330                _gettimeofday
                0x060260fc                _link
                0x0602623c                _raise
                0x060261c8                _creat
                0x06026310                _pipe
                0x0602627c                _chown
                0x060260ac                _lseek
                0x060260e4                _close
                0x06026324                _times
                0x06026198                _fstat
                0x060262b4                _fork
                0x06026124                _sbrk
 .text          0x06026410       0x20 c:/saturn/SH_COFF/sh-coff/bin/../lib/gcc/sh-coff/3.4-GNUSH_v0501/../../../../sh-coff/lib\libc.a(trap.o)
                0x06026410                __trap34
 .text          0x06026430       0x20 c:/saturn/SH_COFF/sh-coff/bin/../lib/gcc/sh-coff/3.4-GNUSH_v0501/../../../../sh-coff/lib\libc.a(abort.o)
                0x06026430                abort
 .text          0x06026450      0x270 c:/saturn/SH_COFF/sh-coff/bin/../lib/gcc/sh-coff/3.4-GNUSH_v0501/../../../../sh-coff/lib\libc.a(signal.o)
                0x06026510                _raise_r
                0x06026698                __sigtramp
                0x06026644                raise
                0x06026680                _init_signal
                0x060265d0                __sigtramp_r
                0x06026660                signal
                0x0602649c                _signal_r
                0x06026450                _init_signal_r
 .text          0x060266c0       0x60 c:/saturn/SH_COFF/sh-coff/bin/../lib/gcc/sh-coff/3.4-GNUSH_v0501/../../../../sh-coff/lib\libc.a(signalr.o)
                0x06026708                _getpid_r
                0x060266c0                _kill_r
 *(.strings)

.tors           0x06026720        0x0
                0x06026720                ___ctors = .
 *(.ctors)
                0x06026720                ___ctors_end = .
                0x06026720                ___dtors = .
 *(.dtors)
                0x06026720                ___dtors_end = .

.data           0x06026720     0x1100
                0x06026720                STARTOF_R = .
 *(.data)
 .data          0x06026720      0x400 ../sbl6/segasmp/per/smpclib/per_x1.o
 .data          0x06026b20       0x50 graphics.o
                0x06026b20                tiles
 .data          0x06026b70       0x10 scroll.o
                0x06026b70                CycleTb
 .data          0x06026b80       0x30 main.o
 .data          0x06026bb0      0x400 ../sbl6/segalib/lib/sega_int.a(int.o)
 .data          0x06026fb0       0x1c ../sbl6/segalib/lib/sega_spr.a(spr_slv.o)
                0x06026fb8                SPR_SlaveParam
                0x06026fc8                SPR_SMPC_SF
                0x06026fc0                SPR_SMPC_COM
                0x06026fbc                SPR_SlaveSHEntry
                0x06026fb4                SPR_SlaveState
                0x06026fb0                SPR_SlaveCommand
                0x06026fc4                SPR_SMPC_RET
 *fill*         0x06026fcc        0x4 00
 .data          0x06026fd0       0x34 ../sbl6/segalib/lib/sega_spr.a(spr_1c.o)
                0x06026fd0                SpInitialFlag
 *fill*         0x06027004        0xc 00
 .data          0x06027010       0x1c ../sbl6/segalib/lib/sega_scl.a(scl_vblv.o)
                0x06027018                VBInterval
                0x06027020                ReqDisplayFlag
                0x06027010                SpFrameChgMode
                0x0602701c                VBIntervalCounter
                0x06027014                SpFrameEraseMode
 *fill*         0x0602702c        0x4 00
 .data          0x06027030       0x36 ../sbl6/segalib/lib/sega_scl.a(scl_func.o)
                0x06027040                SclRotregBuff
                0x0602703c                SclDisplayY
                0x06027044                SclRotateTableMode
                0x06027038                SclProcess
                0x06027034                SclCurSclNum
                0x06027030                SclLengthLsTbl
                0x0602703a                SclDisplayX
                0x06027032                SclLengthCsTbl
 *fill*         0x06027066        0xa 00
 .data          0x06027070       0x18 ../sbl6/segalib/lib/sega_scl.a(scl_pri.o)
                0x06027074                SclRealSpPriNum
                0x06027084                SclRealColOffset
                0x06027080                SclRealBgColMix
                0x0602707c                SclRealSpColMix
                0x06027078                SclRealBgPriNum
                0x06027070                SclRealOtherPri
 *fill*         0x06027088        0x8 00
 .data          0x06027090      0x380 c:/saturn/SH_COFF/sh-coff/bin/../lib/gcc/sh-coff/3.4-GNUSH_v0501/../../../../sh-coff/lib\libc.a(impure.o)
                0x0602740c                _impure_ptr
 .data          0x06027410      0x410 c:/saturn/SH_COFF/sh-coff/bin/../lib/gcc/sh-coff/3.4-GNUSH_v0501/../../../../sh-coff/lib\libc.a(mallocr.o)
                0x06027418                __malloc_av_
                0x06027414                __malloc_trim_threshold
                0x06027410                __malloc_sbrk_base
                0x06027820                SIZEOF_R = (. - STARTOF_R)
                0x06027820                ENDOF_R = .

.bss            0x06027820     0x6f54
                0x06027820                STARTOF_B = .
 *(.bss)
 .bss           0x06027820       0x10 vblank.o
                0x06027824                PadData2E
                0x0602782a                PadData1
                0x06027826                PadData2
                0x06027828                PadData1E
                0x06027820                __port
 .bss           0x06027830       0xd0 ../sbl6/segasmp/per/smpclib/per_x2.o
 .bss           0x06027900       0x10 sprite.o
                0x06027900                num_sprites
 .bss           0x06027910       0x30 scroll.o
                0x06027910                copy_mode
                0x06027914                map_tile_y
                0x0602791c                scrolls_y
                0x06027918                map_tile_x
                0x0602792c                scrolls_x
 .bss           0x06027940       0x10 player.o
                0x06027940                anim_cursor
 .bss           0x06027950     0x3430 main.o
 .bss           0x0602ad80       0x6e ../sbl6/segalib/lib/sega_spr.a(spr_2c.o)
 *fill*         0x0602adee        0x2 00
 .bss           0x0602adf0        0x4 ../sbl6/segalib/lib/sega_scl.a(scl_vblv.o)
 *fill*         0x0602adf4        0xc 00
 .bss           0x0602ae00        0x4 ../sbl6/segalib/lib/sega_scl.a(scl_func.o)
 *fill*         0x0602ae04        0xc 00
 .bss           0x0602ae10       0x48 ../sbl6/segalib/lib/sega_scl.a(scl_ro00.o)
 *fill*         0x0602ae58        0x8 00
 .bss           0x0602ae60       0x9c ../sbl6/segalib/lib/sega_per.a(per_prt.o)
 *fill*         0x0602aefc        0x4 00
 .bss           0x0602af00        0xc ../sbl6/segalib/lib/sega_sat.a(DMA_SCU1.o)
 *fill*         0x0602af0c        0x4 00
 .bss           0x0602af10       0x20 ../sbl6/segalib/lib/sega_sat.a(DMA_SCU0.o)
 .bss           0x0602af30       0x10 c:/saturn/SH_COFF/sh-coff/bin/../lib/gcc/sh-coff/3.4-GNUSH_v0501\libgcc.a(__main.o)
 .bss           0x0602af40       0x10 c:/saturn/SH_COFF/sh-coff/bin/../lib/gcc/sh-coff/3.4-GNUSH_v0501/../../../../sh-coff/lib\libc.a(atexit.o)
 .bss           0x0602af50       0x40 c:/saturn/SH_COFF/sh-coff/bin/../lib/gcc/sh-coff/3.4-GNUSH_v0501/../../../../sh-coff/lib\libc.a(mallocr.o)
                0x0602af80                __malloc_top_pad
                0x0602af50                __malloc_current_mallinfo
                0x0602af7c                __malloc_max_sbrked_mem
                0x0602af78                __malloc_max_total_mem
 .bss           0x0602af90       0x10 c:/saturn/SH_COFF/sh-coff/bin/../lib/gcc/sh-coff/3.4-GNUSH_v0501/../../../../sh-coff/lib\libc.a(syscalls.o)
 *(COMMON)
 COMMON         0x0602afa0     0x1900 sprite.o
                                  0x0 (size before relaxing)
                0x0602afa0                sprites
 COMMON         0x0602c8a0        0xc scroll.o
                                  0x0 (size before relaxing)
                0x0602c8a0                maps
 *fill*         0x0602c8ac        0x4 00
 COMMON         0x0602c8b0       0x20 player.o
                                  0x0 (size before relaxing)
                0x0602c8b0                player
 COMMON         0x0602c8d0      0x460 print.o
                                  0x0 (size before relaxing)
                0x0602c8d0                text
 COMMON         0x0602cd30      0x400 ../sbl6/segalib/lib/sega_int.a(int.o)
                                  0x0 (size before relaxing)
                0x0602cd30                __interrupt_vector
 COMMON         0x0602d130       0x50 ../sbl6/segalib/lib/sega_spr.a(spr_2c.o)
                                  0x0 (size before relaxing)
                0x0602d130                SpMstCmd
                0x0602d134                Sp2OpenFlag
                0x0602d138                SpGourTblMax
                0x0602d13c                SpDrawPrtyBlk
                0x0602d140                SpLCoordX
                0x0602d144                SpMstDrawPrtyBlk
                0x0602d148                SpGourTbl
                0x0602d14c                SpLookupTblR
                0x0602d150                SpCmdTbl
                0x0602d154                SpCharMax
                0x0602d158                SpDrawPrtyProcFlag
                0x0602d15c                SpCmdNo
                0x0602d160                SpDrawPrtyBlkMax
                0x0602d164                SpSlvCmdPos
                0x0602d168                SpSlvDrawPrtyBlk
                0x0602d16c                SpCharTbl
                0x0602d170                SpCmdTblR
                0x0602d174                SpMstCmdPos
                0x0602d178                SpSlvCmd
                0x0602d17c                SpLCoordY
 COMMON         0x0602d180       0x10 ../sbl6/segalib/lib/sega_spr.a(spr_1c.o)
                                  0x0 (size before relaxing)
                0x0602d180                SpScreenY
                0x0602d184                SpFbcrMode
                0x0602d186                SpDil
                0x0602d188                SpDie
                0x0602d18a                SpTvMode
                0x0602d18c                SpScreenX
 COMMON         0x0602d190      0xf00 ../sbl6/segalib/lib/sega_scl.a(scl_func.o)
                                  0x0 (size before relaxing)
                0x0602d190                SclRbgKtbAddr
                0x0602d198                SclRb
                0x0602d19a                Scl_flag
                0x0602d1a0                SclK_TableBuff
                0x0602de70                SclAddrCsTbl
                0x0602de80                Scl_s_reg
                0x0602dea8                SclRotateXy
                0x0602deb0                Scl_d_reg
                0x0602def8                SclRotateDisp
                0x0602df00                SclRotateMoveZ
                0x0602df08                SclRotXySw
                0x0602df10                Scl_r_reg
                0x0602df20                SclRPMD
                0x0602df28                SclRbgKtbOffset
                0x0602df30                _SclRotregBuff
                0x0602e000                SclRa
                0x0602e008                SclRotateZ
                0x0602e010                SclAddrLsTbl
                0x0602e018                SclK_TableNum
                0x0602e020                SclRotateTableAddress
                0x0602e024                SclK_TableFlag
                0x0602e030                Scl_w_reg
                0x0602e050                Scl_n_reg
 COMMON         0x0602e090      0x6b0 ../sbl6/segalib/lib/sega_scl.a(scl_pri.o)
                                  0x0 (size before relaxing)
                0x0602e090                SclAutoEndBlue2
                0x0602e0a0                SclColOffset
                0x0602e0b0                SclPriBuffDirty
                0x0602e0b2                SclAutoEndRed
                0x0602e0b4                SclAutoSurface
                0x0602e0b8                SclAutoGreen
                0x0602e0ba                SclAutoEndGreen
                0x0602e0bc                SclAutoCount
                0x0602e0c0                SclColRamAlloc256
                0x0602e0e0                SclAutoCurRate
                0x0602e0e1                SclAutoPlusFlag
                0x0602e0e8                SclSpColMix
                0x0602e0f0                SclAutoMax
                0x0602e0f4                SclLineColRamOffset
                0x0602e0f8                SclColRamAlloc2048
                0x0602e0fc                SclBgPriNum
                0x0602e102                SclAutoEndBlue
                0x0602e104                SclAutoEndGreen2
                0x0602e106                SclAutoVeFlag
                0x0602e108                SclBgColMix
                0x0602e110                SclAutoIndex
                0x0602e114                SclAutoEndRate
                0x0602e116                SclAutoBlue
                0x0602e118                SclAutoRed
                0x0602e11c                SclAutoInterval
                0x0602e120                SclOtherPri
                0x0602e130                SclAutoRGB
                0x0602e730                SclAutoEndRed2
                0x0602e738                SclSpPriNum
 COMMON         0x0602e740       0x10 ../sbl6/segalib/lib/sega_scl.a(scl_ro00.o)
                                  0x0 (size before relaxing)
                0x0602e740                SclCsx
                0x0602e748                SclCsy
 COMMON         0x0602e750       0x15 ../sbl6/segalib/lib/sega_per.a(per_prt.o)
                                  0x0 (size before relaxing)
                0x0602e750                per_get_time_flg
                0x0602e751                per_hot_res
                0x0602e752                per_set_sys_flg
                0x0602e754                per_get_time_adr
                0x0602e758                per_get_sys_data
                0x0602e764                per_time_out_flg
 *fill*         0x0602e765        0xb 00
 COMMON         0x0602e770        0x4 c:/saturn/SH_COFF/sh-coff/bin/../lib/gcc/sh-coff/3.4-GNUSH_v0501/../../../../sh-coff/lib\libc.a(syscalls.o)
                                  0x0 (size before relaxing)
                0x0602e770                errno
                0x0602e774                SIZEOF_B = (. - STARTOF_B)
                0x0602e774                ENDOF_B = .
                0x0602e774                _end = .
OUTPUT(main.cof coff-sh)

.comment        0x0602e780      0x3e0
 .comment       0x0602e780       0x20 ../sbl6/segasmp/lib/strt2_g.o
 .comment       0x0602e7a0       0x20 vblank.o
 .comment       0x0602e7c0       0x20 ../sbl6/segasmp/per/smpclib/per_x1.o
 .comment       0x0602e7e0       0x20 ../sbl6/segasmp/per/smpclib/per_x2.o
 .comment       0x0602e800       0x20 graphics.o
 .comment       0x0602e820       0x20 sprite.o
 .comment       0x0602e840       0x20 scroll.o
 .comment       0x0602e860       0x20 player.o
 .comment       0x0602e880       0x20 print.o
 .comment       0x0602e8a0       0x20 main.o
 .comment       0x0602e8c0       0x20 c:/saturn/SH_COFF/sh-coff/bin/../lib/gcc/sh-coff/3.4-GNUSH_v0501\libgcc.a(__main.o)
 .comment       0x0602e8e0       0x20 c:/saturn/SH_COFF/sh-coff/bin/../lib/gcc/sh-coff/3.4-GNUSH_v0501\libgcc.a(_si_to_df.o)
 .comment       0x0602e900       0x20 c:/saturn/SH_COFF/sh-coff/bin/../lib/gcc/sh-coff/3.4-GNUSH_v0501\libgcc.a(_mul_df.o)
 .comment       0x0602e920       0x20 c:/saturn/SH_COFF/sh-coff/bin/../lib/gcc/sh-coff/3.4-GNUSH_v0501\libgcc.a(_df_to_si.o)
 .comment       0x0602e940       0x20 c:/saturn/SH_COFF/sh-coff/bin/../lib/gcc/sh-coff/3.4-GNUSH_v0501\libgcc.a(_pack_df.o)
 .comment       0x0602e960       0x20 c:/saturn/SH_COFF/sh-coff/bin/../lib/gcc/sh-coff/3.4-GNUSH_v0501\libgcc.a(_unpack_df.o)
 .comment       0x0602e980       0x20 c:/saturn/SH_COFF/sh-coff/bin/../lib/gcc/sh-coff/3.4-GNUSH_v0501\libgcc.a(_thenan_df.o)
 .comment       0x0602e9a0       0x20 c:/saturn/SH_COFF/sh-coff/bin/../lib/gcc/sh-coff/3.4-GNUSH_v0501\libgcc.a(_muldi3.o)
 .comment       0x0602e9c0       0x20 c:/saturn/SH_COFF/sh-coff/bin/../lib/gcc/sh-coff/3.4-GNUSH_v0501\libgcc.a(_lshrdi3.o)
 .comment       0x0602e9e0       0x20 c:/saturn/SH_COFF/sh-coff/bin/../lib/gcc/sh-coff/3.4-GNUSH_v0501\libgcc.a(_ashldi3.o)
 .comment       0x0602ea00       0x20 c:/saturn/SH_COFF/sh-coff/bin/../lib/gcc/sh-coff/3.4-GNUSH_v0501/../../../../sh-coff/lib\libc.a(atexit.o)
 .comment       0x0602ea20       0x20 c:/saturn/SH_COFF/sh-coff/bin/../lib/gcc/sh-coff/3.4-GNUSH_v0501/../../../../sh-coff/lib\libc.a(impure.o)
 .comment       0x0602ea40       0x20 c:/saturn/SH_COFF/sh-coff/bin/../lib/gcc/sh-coff/3.4-GNUSH_v0501/../../../../sh-coff/lib\libc.a(malloc.o)
 .comment       0x0602ea60       0x20 c:/saturn/SH_COFF/sh-coff/bin/../lib/gcc/sh-coff/3.4-GNUSH_v0501/../../../../sh-coff/lib\libc.a(mallocr.o)
 .comment       0x0602ea80       0x20 c:/saturn/SH_COFF/sh-coff/bin/../lib/gcc/sh-coff/3.4-GNUSH_v0501/../../../../sh-coff/lib\libc.a(freer.o)
 .comment       0x0602eaa0       0x20 c:/saturn/SH_COFF/sh-coff/bin/../lib/gcc/sh-coff/3.4-GNUSH_v0501/../../../../sh-coff/lib\libc.a(mlock.o)
 .comment       0x0602eac0       0x20 c:/saturn/SH_COFF/sh-coff/bin/../lib/gcc/sh-coff/3.4-GNUSH_v0501/../../../../sh-coff/lib\libc.a(sbrkr.o)
 .comment       0x0602eae0       0x20 c:/saturn/SH_COFF/sh-coff/bin/../lib/gcc/sh-coff/3.4-GNUSH_v0501/../../../../sh-coff/lib\libc.a(syscalls.o)
 .comment       0x0602eb00       0x20 c:/saturn/SH_COFF/sh-coff/bin/../lib/gcc/sh-coff/3.4-GNUSH_v0501/../../../../sh-coff/lib\libc.a(abort.o)
 .comment       0x0602eb20       0x20 c:/saturn/SH_COFF/sh-coff/bin/../lib/gcc/sh-coff/3.4-GNUSH_v0501/../../../../sh-coff/lib\libc.a(signal.o)
 .comment       0x0602eb40       0x20 c:/saturn/SH_COFF/sh-coff/bin/../lib/gcc/sh-coff/3.4-GNUSH_v0501/../../../../sh-coff/lib\libc.a(signalr.o)
