Archive member included because of file (symbol)

../sbl6/segalib/lib/sega_int.a(int.o)
                              vblank.o (INT_SetScuFunc)
../sbl6/segalib/lib/sega_int.a(int_trmp.o)
                              ../sbl6/segalib/lib/sega_int.a(int.o) (__interrupt_handler0)
../sbl6/segalib/lib/sega_spr.a(spr_2c.o)
                              sprite.o (SPR_2Initial)
../sbl6/segalib/lib/sega_spr.a(spr_slv.o)
                              ../sbl6/segalib/lib/sega_spr.a(spr_2c.o) (SPR_InitSlaveSH)
../sbl6/segalib/lib/sega_spr.a(spr_1c.o)
                              ../sbl6/segalib/lib/sega_spr.a(spr_2c.o) (SPR_Initial)
../sbl6/segalib/lib/sega_spr.a(spr_2a.o)
                              ../sbl6/segalib/lib/sega_spr.a(spr_2c.o) (SPR_2SetDrawPrty)
../sbl6/segalib/lib/sega_scl.a(scl_vblv.o)
                              ../sbl6/segalib/lib/sega_spr.a(spr_1c.o) (SpFrameChgMode)
../sbl6/segalib/lib/sega_scl.a(scl_func.o)
                              sprite.o (SCL_Vdp2Init)
../sbl6/segalib/lib/sega_scl.a(scl_pr03.o)
                              sprite.o (SCL_AllocColRam)
../sbl6/segalib/lib/sega_scl.a(scl_pr02.o)
                              sprite.o (SCL_SetColRam)
../sbl6/segalib/lib/sega_scl.a(scl_back.o)
                              scroll.o (SCL_SetBack)
../sbl6/segalib/lib/sega_scl.a(scl_fu03.o)
                              scroll.o (SCL_InitConfigTb)
../sbl6/segalib/lib/sega_scl.a(scl_fu02.o)
                              scroll.o (SCL_InitVramConfigTb)
../sbl6/segalib/lib/sega_scl.a(scl_fu04.o)
                              scroll.o (SCL_SetCycleTable)
../sbl6/segalib/lib/sega_scl.a(scl_pr07.o)
                              scroll.o (SCL_SetPriority)
../sbl6/segalib/lib/sega_scl.a(scl_pr01.o)
                              main.o (SCL_SetSpriteMode)
../sbl6/segalib/lib/sega_scl.a(scl_pri.o)
                              ../sbl6/segalib/lib/sega_scl.a(scl_func.o) (SclRealOtherPri)
../sbl6/segalib/lib/sega_scl.a(scl_ro00.o)
                              ../sbl6/segalib/lib/sega_scl.a(scl_func.o) (SCL_Rotate)
../sbl6/segalib/lib/sega_scl.a(scl_pr06.o)
                              ../sbl6/segalib/lib/sega_scl.a(scl_pr03.o) (SCL_SetColRamOffset)
../sbl6/segalib/lib/sega_scl.a(scl_pr05.o)
                              ../sbl6/segalib/lib/sega_scl.a(scl_pr02.o) (SCL_GetColRamOffset)
../sbl6/segalib/lib/sega_mth.a(mth_fixd.o)
                              sprite.o (MTH_Mul)
../sbl6/segalib/lib/sega_mth.a(mth_tri.o)
                              sprite.o (MTH_Sin)
../sbl6/segalib/lib/sega_per.a(per_prt.o)
                              ../sbl6/segasmp/per/smpclib/per_x2.o (PER_LInit)
../sbl6/segalib/lib/sega_sat.a(gfs.o)
                              cd.o (GFS_Init)
../sbl6/segalib/lib/sega_sat.a(DMA_SCU1.o)
                              ../sbl6/segalib/lib/sega_spr.a(spr_2c.o) (DMA_ScuMemCopy)
../sbl6/segalib/lib/sega_sat.a(gfs_cdf.o)
                              ../sbl6/segalib/lib/sega_sat.a(gfs.o) (GFCF_Init)
../sbl6/segalib/lib/sega_sat.a(gfs_dir.o)
                              ../sbl6/segalib/lib/sega_sat.a(gfs.o) (GFDR_SetupDirTbl)
../sbl6/segalib/lib/sega_sat.a(gfs_trn.o)
                              ../sbl6/segalib/lib/sega_sat.a(gfs.o) (GFTR_Setup)
../sbl6/segalib/lib/sega_sat.a(gfs_buf.o)
                              ../sbl6/segalib/lib/sega_sat.a(gfs.o) (GFBF_GetNumData)
../sbl6/segalib/lib/sega_sat.a(gfs_cdb.o)
                              ../sbl6/segalib/lib/sega_sat.a(gfs_cdf.o) (GFCB_Setup)
../sbl6/segalib/lib/sega_sat.a(gfs_cdc.o)
                              ../sbl6/segalib/lib/sega_sat.a(gfs.o) (GFCD_SetCdbfs)
../sbl6/segalib/lib/sega_sat.a(DMA_SCU0.o)
                              ../sbl6/segalib/lib/sega_sat.a(DMA_SCU1.o) (DMA_ScuSetPrm)
../sbl6/segalib/lib/sega_sat.a(csh_main.o)
                              ../sbl6/segalib/lib/sega_sat.a(DMA_SCU1.o) (CSH_Purge)
../sbl6/segalib/lib/sega_sat.a(DMA_CPU0.o)
                              ../sbl6/segalib/lib/sega_sat.a(gfs_trn.o) (DMA_CpuSetComPrm)
../sbl6/segalib/lib/sega_sat.a(cdc_reg.o)
                              ../sbl6/segalib/lib/sega_sat.a(gfs_cdb.o) (CDC_GetDataPtr)
../sbl6/segalib/lib/sega_sat.a(cdc_cfs.o)
                              ../sbl6/segalib/lib/sega_sat.a(gfs_cdc.o) (CDC_ChgDir)
../sbl6/segalib/lib/sega_sat.a(cdc_cmn.o)
                              ../sbl6/segalib/lib/sega_sat.a(gfs_cdc.o) (CDC_GetCurStat)
../sbl6/segalib/lib/sega_sat.a(cdc_bio.o)
                              ../sbl6/segalib/lib/sega_sat.a(gfs_cdc.o) (CDC_SetSctLen)
../sbl6/segalib/lib/sega_sat.a(cdc_sel.o)
                              ../sbl6/segalib/lib/sega_sat.a(gfs_cdc.o) (CDC_SetFiltRange)
../sbl6/segalib/lib/sega_sat.a(cdc_drv.o)
                              ../sbl6/segalib/lib/sega_sat.a(gfs_cdc.o) (CDC_CdPlay)
../sbl6/segalib/lib/sega_sat.a(cdc_bif.o)
                              ../sbl6/segalib/lib/sega_sat.a(gfs_cdc.o) (CDC_GetBufSiz)
../sbl6/segalib/lib/sega_sat.a(cdc_dev.o)
[...]
Memory Configuration

Name             Origin             Length             Attributes
*default*        0x00000000         0xffffffff

Linker script and memory map

LOAD ../sbl6/segasmp/lib/strt1_g.o
LOAD ../sbl6/segasmp/lib/strt2_g.o
LOAD vblank.o
LOAD ../sbl6/segasmp/per/smpclib/per_x1.o
LOAD ../sbl6/segasmp/per/smpclib/per_x2.o
LOAD ../sbl6/segasmp/per/smpclib/per_x3.o
LOAD blocks.o
LOAD cd.o
LOAD collision.o
LOAD graphics.o
LOAD player.o
LOAD print.o
LOAD sprite.o
LOAD scroll.o
LOAD main.o
LOAD ../sbl6/segalib/lib/sega_int.a
LOAD ../sbl6/segalib/lib/sega_spr.a
LOAD ../sbl6/segalib/lib/sega_scl.a
LOAD ../sbl6/segalib/lib/sega_mth.a
LOAD ../sbl6/segalib/lib/sega_cdc.a
LOAD ../sbl6/segalib/lib/sega_adp.a
LOAD ../sbl6/segalib/lib/sega_per.a
LOAD ../sbl6/segalib/lib/sega_sat.a
LOAD C:/saturn/SH_COFF/sh-coff/bin/../lib/gcc/sh-coff/3.4-GNUSH_v0501\libgcc.a
LOAD C:/saturn/SH_COFF/sh-coff/bin/../lib/gcc/sh-coff/3.4-GNUSH_v0501/../../../../sh-coff/lib\libc.a
LOAD C:/saturn/SH_COFF/sh-coff/bin/../lib/gcc/sh-coff/3.4-GNUSH_v0501\libgcc.a

.text           0x06010000    0x13be0
 *(.text)
 .text          0x06010000       0x30 ../sbl6/segasmp/lib/strt1_g.o
                0x06010024                _D_END
                0x06010020                _D_BGN
                0x0601002c                _B_END
                0x06010028                _B_BGN
                0x06010000                START
 .text          0x06010030       0x60 ../sbl6/segasmp/lib/strt2_g.o
                0x06010050                _INITSCT
                0x06010030                _INIT
 .text          0x06010090      0x180 vblank.o
                0x06010090                SetVblank
                0x06010110                UsrVblankOut
                0x060100f0                UsrVblankIn
 .text          0x06010210      0x430 ../sbl6/segasmp/per/smpclib/per_x1.o
                0x060105a4                PER_GetAnalogXYZ
                0x06010234                PER_GetTriggerHandler
                0x060104ce                PER_GetEdge
                0x0601044c                PER_GetTrigger
                0x060104f8                PER_GetPressEdge
                0x0601054c                PER_GetReleaseEdge
                0x06010210                PER_SetTriggerHandler
 .text          0x06010640      0x200 ../sbl6/segasmp/per/smpclib/per_x2.o
                0x06010744                PER_GetDeviceA
                0x06010640                PER_OpenPort
                0x06010678                PER_GetPort
                0x060107be                PER_GetDeviceR
 .text          0x06010840       0x20 ../sbl6/segasmp/per/smpclib/per_x3.o
                0x06010840                PER_DisguiseTrigger
 .text          0x06010860       0xe0 blocks.o
                0x06010860                block_get
                0x060108c0                block_check
                0x060108f0                block_spike
 .text          0x06010940       0xa0 cd.o
                0x06010940                cd_init
                0x06010970                cd_load
 .text          0x060109e0      0xa00 collision.o
                0x060109e0                collision_check_up
                0x06011230                collision_eject_horiz
                0x060110a0                collision_eject_vert
                0x06010dc0                collision_check
                0x06010c20                collision_check_left
                0x06010cf0                collision_check_right
                0x06011000                collision_spikes
                0x06010b70                collision_check_below
                0x06010a70                collision_check_down
 .text          0x060113e0      0x590 player.o
                0x060113e0                player_frames
                0x060114f0                player_input
                0x060113f0                player_init
                0x060118d0                player_draw
                0x06011440                player_animate
 .text          0x06011970      0x170 print.o
                0x06011a40                print_display
                0x060119b0                print_num
                0x06011970                print_init
                0x06011a00                print_string
 .text          0x06011ae0      0x5e0 sprite.o
                0x06011b10                sprite_init
                0x06011ef0                sprite_make
                0x06012030                sprite_next
                0x06012090                sprite_delete
                0x06011f30                sprite_draw_all
                0x06011ae0                sprite_deleteall
                0x06011ca0                sprite_draw
 .text          0x060120c0      0x700 scroll.o
                0x060120c0                scroll_move
                0x060125d0                scroll_get
                0x06012630                scroll_copy
                0x06012210                scroll_set
                0x06012760                scroll_reset
                0x06012320                scroll_init
                0x06012240                scroll_scale
 .text          0x060127c0      0x110 main.o
                0x060127c0                main
 .text          0x060128d0       0x40 ../sbl6/segalib/lib/sega_int.a(int.o)
                0x060128fc                INT_GetScuFunc
                0x060128d0                INT_SetScuFunc
 .text          0x06012910      0x624 ../sbl6/segalib/lib/sega_int.a(int_trmp.o)
                0x06012a78                __interrupt_handler60
                0x06012c28                __interrupt_handler132
                0x06012dde                __interrupt_handler205
                0x06012c46                __interrupt_handler137
                0x06012b74                __interrupt_handler102
                0x060129b2                __interrupt_handler27
                0x06012db4                __interrupt_handler198
                0x06012ca6                __interrupt_handler153
                0x0601298e                __interrupt_handler21
                0x06012a9c                __interrupt_handler66
                0x06012b8c                __interrupt_handler106
                0x06012cd6                __interrupt_handler161
                0x06012b20                __interrupt_handler88
                0x06012cee                __interrupt_handler165
                0x06012bfe                __interrupt_handler125
                0x06012934                __interrupt_handler6
                0x060129d0                __interrupt_handler32
                0x06012d8a                __interrupt_handler191
                0x06012ea4                __interrupt_handler238
                0x06012ebc                __interrupt_handler242
                0x06012cc4                __interrupt_handler158
                0x06012b2c                __interrupt_handler90
                0x06012ce8                __interrupt_handler164
                0x06012a0c                __interrupt_handler42
                0x06012d4e                __interrupt_handler181
                0x06012e56                __interrupt_handler225
                0x06012efe                __interrupt_handler253
                0x06012d12                __interrupt_handler171
                0x06012acc                __interrupt_handler74
                0x06012922                __interrupt_handler3
                0x06012a66                __interrupt_handler57
                0x06012964                __interrupt_handler14
                0x06012dfc                __interrupt_handler210
                0x06012e2c                __interrupt_handler218
                0x06012df0                __interrupt_handler208
                0x060129f4                __interrupt_handler38
                0x06012910                __interrupt_handler0
                0x06012b80                __interrupt_handler104
                0x06012cbe                __interrupt_handler157
                0x06012e0e                __interrupt_handler213
                0x06012d00                __interrupt_handler168
                0x06012b0e                __interrupt_handler85
                0x06012baa                __interrupt_handler111
                0x06012bbc                __interrupt_handler114
                0x06012a2a                __interrupt_handler47
                0x06012e80                __interrupt_handler232
                0x06012e4a                __interrupt_handler223
                0x06012e9e                __interrupt_handler237
                0x06012a8a                __interrupt_handler63
                0x06012a18                __interrupt_handler44
                0x06012d2a                __interrupt_handler175
                0x06012d54                __interrupt_handler182
                0x06012d6c                __interrupt_handler186
                0x06012c6a                __interrupt_handler143
                0x06012b92                __interrupt_handler107
                0x06012bf8                __interrupt_handler124
                0x06012d18                __interrupt_handler172
                0x06012ece                __interrupt_handler245
                0x06012b4a                __interrupt_handler95
                0x06012c22                __interrupt_handler131
                0x06012c34                __interrupt_handler134
                0x06012c52                __interrupt_handler139
                0x06012ac0                __interrupt_handler72
                0x06012e7a                __interrupt_handler231
                0x06012cd0                __interrupt_handler160
                0x06012c16                __interrupt_handler129
                0x06012988                __interrupt_handler20
                0x06012a96                __interrupt_handler65
                0x06012a60                __interrupt_handler56
                0x0601295e                __interrupt_handler13
                0x06012df6                __interrupt_handler209
                0x06012bb0                __interrupt_handler112
                0x06012982                __interrupt_handler19
                0x06012b3e                __interrupt_handler93
                0x06012da8                __interrupt_handler196
                0x06012c9a                __interrupt_handler151
                0x06012cfa                __interrupt_handler167
                0x06012f10                __trampoline
                0x06012976                __interrupt_handler17
                0x06012e68                __interrupt_handler228
                0x06012f0a                __interrupt_handler255
                0x06012ec8                __interrupt_handler244
                0x06012b62                __interrupt_handler99
                0x06012d5a                __interrupt_handler183
                0x06012c58                __interrupt_handler140
                0x06012d7e                __interrupt_handler189
                0x06012c7c                __interrupt_handler146
                0x06012e44                __interrupt_handler222
                0x06012cb8                __interrupt_handler156
                0x06012bec                __interrupt_handler122
                0x06012ee0                __interrupt_handler248
                0x06012a30                __interrupt_handler48
                0x06012aae                __interrupt_handler69
                0x060129a0                __interrupt_handler24
                0x06012b26                __interrupt_handler89
                0x06012e1a                __interrupt_handler215
                0x06012f04                __interrupt_handler254
                0x06012b1a                __interrupt_handler87
                0x06012a7e                __interrupt_handler61
                0x06012da2                __interrupt_handler195
                0x06012c94                __interrupt_handler150
                0x06012a06                __interrupt_handler41
                0x06012ba4                __interrupt_handler110
                0x06012c0a                __interrupt_handler127
                0x06012b98                __interrupt_handler108
                0x06012bb6                __interrupt_handler113
                0x06012bc8                __interrupt_handler116
                0x06012be6                __interrupt_handler121
                0x06012ade                __interrupt_handler77
                0x060129fa                __interrupt_handler39
                0x06012a12                __interrupt_handler43
                0x06012ee6                __interrupt_handler249
                0x06012d24                __interrupt_handler174
                0x06012c40                __interrupt_handler136
                0x06012d78                __interrupt_handler188
                0x06012c76                __interrupt_handler145
                0x06012946                __interrupt_handler9
                0x06012aea                __interrupt_handler79
                0x06012e62                __interrupt_handler227
                0x060129dc                __interrupt_handler34
                0x06012c1c                __interrupt_handler130
                0x06012eda                __interrupt_handler247
                0x06012ad2                __interrupt_handler75
                0x06012d1e                __interrupt_handler173
                0x06012a4e                __interrupt_handler53
                0x06012c8e                __interrupt_handler149
                0x06012ef2                __interrupt_handler251
                0x06012e86                __interrupt_handler233
                0x0601294c                __interrupt_handler10
                0x06012dd8                __interrupt_handler204
                0x06012afc                __interrupt_handler82
                0x06012b02                __interrupt_handler83
                0x060129a6                __interrupt_handler25
                0x06012ec2                __interrupt_handler243
                0x06012cdc                __interrupt_handler162
                0x06012a24                __interrupt_handler46
                0x06012d3c                __interrupt_handler178
                0x06012af0                __interrupt_handler80
                0x06012a84                __interrupt_handler62
                0x0601291c                __interrupt_handler2
                0x060129be                __interrupt_handler29
                0x06012ab4                __interrupt_handler70
                0x06012b9e                __interrupt_handler109
                0x06012c88                __interrupt_handler148
                0x06012b44                __interrupt_handler94
                0x06012e50                __interrupt_handler224
                0x06012b7a                __interrupt_handler103
                0x060129e8                __interrupt_handler36
                0x06012c04                __interrupt_handler126
                0x06012ed4                __interrupt_handler246
                0x06012a5a                __interrupt_handler55
                0x06012958                __interrupt_handler12
                0x06012a48                __interrupt_handler52
                0x06012d72                __interrupt_handler187
                0x06012c70                __interrupt_handler144
                0x06012bce                __interrupt_handler117
                0x0601297c                __interrupt_handler18
                0x06012dae                __interrupt_handler197
                0x06012ca0                __interrupt_handler152
                0x06012bd4                __interrupt_handler118
                0x06012d0c                __interrupt_handler170
                0x06012dc6                __interrupt_handler201
                0x06012b56                __interrupt_handler97
                0x06012ce2                __interrupt_handler163
                0x06012d48                __interrupt_handler180
                0x06012d90                __interrupt_handler192
                0x06012eb0                __interrupt_handler240
                0x06012bf2                __interrupt_handler123
                0x06012e14                __interrupt_handler214
                0x060129ca                __interrupt_handler31
                0x060129b8                __interrupt_handler28
                0x06012aa2                __interrupt_handler67
                0x06012aa8                __interrupt_handler68
                0x06012994                __interrupt_handler22
                0x0601299a                __interrupt_handler23
                0x06012d30                __interrupt_handler176
                0x0601293a                __interrupt_handler7
                0x06012e3e                __interrupt_handler221
                0x06012e26                __interrupt_handler217
                0x06012e6e                __interrupt_handler229
                0x06012a36                __interrupt_handler49
                0x06012928                __interrupt_handler4
                0x06012a00                __interrupt_handler40
                0x06012bc2                __interrupt_handler115
                0x06012e92                __interrupt_handler235
                0x06012b32                __interrupt_handler91
                0x06012de4                __interrupt_handler206
                0x06012d36                __interrupt_handler177
                0x06012c82                __interrupt_handler147
                0x060129ee                __interrupt_handler37
                0x06012eec                __interrupt_handler250
                0x06012916                __interrupt_handler1
                0x06012e32                __interrupt_handler219
                0x06012ad8                __interrupt_handler76
                0x06012b68                __interrupt_handler100
                0x06012a6c                __interrupt_handler58
                0x0601296a                __interrupt_handler15
                0x06012e08                __interrupt_handler212
                0x06012eb6                __interrupt_handler241
                0x06012dcc                __interrupt_handler202
                0x06012d96                __interrupt_handler193
                0x06012ae4                __interrupt_handler78
                0x06012a3c                __interrupt_handler50
                0x060129d6                __interrupt_handler33
                0x06012cf4                __interrupt_handler166
                0x06012c4c                __interrupt_handler138
                0x06012c3a                __interrupt_handler135
                0x060129c4                __interrupt_handler30
                0x06012d60                __interrupt_handler184
                0x06012c5e                __interrupt_handler141
                0x06012e74                __interrupt_handler230
                0x06012e98                __interrupt_handler236
                0x06012bda                __interrupt_handler119
                0x06012b14                __interrupt_handler86
                0x06012b86                __interrupt_handler105
                0x06012af6                __interrupt_handler81
                0x06012be0                __interrupt_handler120
                0x06012c10                __interrupt_handler128
                0x06012a54                __interrupt_handler54
                0x06012952                __interrupt_handler11
                0x06012dba                __interrupt_handler199
                0x06012cac                __interrupt_handler154
                0x06012a1e                __interrupt_handler45
                0x06012e20                __interrupt_handler216
                0x06012dd2                __interrupt_handler203
                0x06012b6e                __interrupt_handler101
                0x06012b08                __interrupt_handler84
                0x06012d66                __interrupt_handler185
                0x06012c64                __interrupt_handler142
                0x060129ac                __interrupt_handler26
                0x06012a90                __interrupt_handler64
                0x06012dc0                __interrupt_handler200
                0x06012dea                __interrupt_handler207
                0x06012d9c                __interrupt_handler194
                0x06012b38                __interrupt_handler92
                0x06012cb2                __interrupt_handler155
                0x06012e02                __interrupt_handler211
                0x06012c2e                __interrupt_handler133
                0x0601292e                __interrupt_handler5
                0x06012ac6                __interrupt_handler73
                0x06012970                __interrupt_handler16
                0x06012eaa                __interrupt_handler239
                0x06012e8c                __interrupt_handler234
                0x060129e2                __interrupt_handler35
                0x06012a72                __interrupt_handler59
                0x06012d06                __interrupt_handler169
                0x06012b5c                __interrupt_handler98
                0x06012aba                __interrupt_handler71
                0x06012a42                __interrupt_handler51
                0x06012cca                __interrupt_handler159
                0x06012e5c                __interrupt_handler226
                0x06012b50                __interrupt_handler96
                0x06012d84                __interrupt_handler190
                0x06012e38                __interrupt_handler220
                0x06012940                __interrupt_handler8
                0x06012d42                __interrupt_handler179
                0x06012ef8                __interrupt_handler252
 *fill*         0x06012f34        0xc 00
 .text          0x06012f40     0x12a0 ../sbl6/segalib/lib/sega_spr.a(spr_2c.o)
                0x060141a0                SlaveFlushDrawPrtyBlock
                0x06012f40                SPR_2Initial
                0x06013784                SPR_2SysClip
                0x06013724                SPR_2LocalCoord
                0x0601401c                SPR_2FlushDrawPrtyBlock
                0x06013d08                SPR_2DistSpr
                0x0601370c                SPR_2FlushDrawPrty
                0x06013e2c                SPR_2Cmd
                0x06013408                SPR_2GourTblNoToVram
                0x06013468                SPR_2GetAreaSizeInfo
                0x060131d0                SPR_2SetGourTbl
                0x060139bc                SPR_2Polygon
                0x06013444                SPR_2CharNoToVram
                0x06013150                SPR_2SetTvMode
                0x060135ac                SPR_2CloseCommand
                0x0601318c                SPR_2FrameEraseData
                0x06012f68                SPR_2Initial2
                0x06013b9c                SPR_2ScaleSpr
                0x0601382c                SPR_2Line
                0x060134f8                SPR_2OpenCommand
                0x0601316c                SPR_2FrameChgIntr
                0x06013a78                SPR_2NormSpr
                0x06013200                SPR_2SetLookupTbl
                0x06013234                SPR_2SetChar
                0x0601342c                SPR_2LookupTblNoToVram
                0x06013900                SPR_2PolyLine
                0x060133a0                SPR_2ClrAllChar
                0x06013354                SPR_2ClrChar
                0x060137d0                SPR_2UserClip
 .text          0x060141e0      0x1e6 ../sbl6/segalib/lib/sega_spr.a(spr_slv.o)
                0x06014344                SPR_WaitEndSlaveSH
                0x060141e0                SPR_SMPC_SSHON
                0x06014320                SPR_RunSlaveSH
                0x060141e4                SPR_InitSlaveSH
                0x060142ac                SPR_SlaveSHmain
                0x060141e1                SPR_SMPC_SSHOFF
 *fill*         0x060143c6        0xa 00
 .text          0x060143d0      0x36a ../sbl6/segalib/lib/sega_spr.a(spr_1c.o)
                0x06014684                SPR_WaitDrawEnd
                0x0601469c                SPR_SetEosMode
                0x060145b4                SPR_SetEraseData
                0x060143d0                SPR_Initial
                0x060144a8                SPR_SetTvMode
                0x06014540                SPR_GetStatus
 *fill*         0x0601473a        0x6 00
 .text          0x06014740      0x244 ../sbl6/segalib/lib/sega_spr.a(spr_2a.o)
                0x06014752                sprMemCpyW
                0x060147b0                flushDrawPrtyBlock
                0x06014740                sprMemCpyL
                0x06014764                SPR_2SetDrawPrty
 *fill*         0x06014984        0xc 00
 .text          0x06014990      0x2fc ../sbl6/segalib/lib/sega_scl.a(scl_vblv.o)
                0x06014a4c                SCL_DisplayFrame
                0x06014990                SCL_SetFrameInterval
                0x06014a80                SCL_VblInit
                0x06014ad0                SCL_VblankStart
                0x06014b14                SCL_VblankEnd
 *fill*         0x06014c8c        0x4 00
 .text          0x06014c90      0xb9c ../sbl6/segalib/lib/sega_scl.a(scl_func.o)
                0x0601566c                SCL_Vdp2_SGLInit
                0x0601557c                SCL_PriIntProc
                0x060154f4                SCL_Memcpyw
                0x0601580c                SCL_SglOff
                0x060157ec                SCL_SglOn
                0x06015460                SCL_ScrollShow
                0x06014f08                SCL_Close
                0x06015200                SCL_Scale
                0x06014c90                SCL_Vdp2Init
                0x06015074                SCL_Move
                0x0601533c                SCL_CopyReg
                0x06014ee4                SCL_Open
                0x06014d14                SCL_ParametersInit
                0x06014f24                SCL_MoveTo
                0x0601551c                SCL_SetColRamMode
 *fill*         0x0601582c        0x4 00
 .text          0x06015830      0x138 ../sbl6/segalib/lib/sega_scl.a(scl_pr03.o)
                0x06015830                SCL_FreeColRam
                0x06015868                SCL_AllocColRam
 *fill*         0x06015968        0x8 00
 .text          0x06015970       0x9c ../sbl6/segalib/lib/sega_scl.a(scl_pr02.o)
                0x06015970                SCL_SetColRam
 *fill*         0x06015a0c        0x4 00
 .text          0x06015a10       0x84 ../sbl6/segalib/lib/sega_scl.a(scl_back.o)
                0x06015a10                SCL_SetBack
 *fill*         0x06015a94        0xc 00
 .text          0x06015aa0      0x94c ../sbl6/segalib/lib/sega_scl.a(scl_fu03.o)
                0x06015afc                SCL_SetConfig
                0x06015aa0                SCL_InitConfigTb
 *fill*         0x060163ec        0x4 00
 .text          0x060163f0      0x4f4 ../sbl6/segalib/lib/sega_scl.a(scl_fu02.o)
                0x06016428                SCL_SetVramConfig
                0x060163f0                SCL_InitVramConfigTb
 *fill*         0x060168e4        0xc 00
 .text          0x060168f0       0x28 ../sbl6/segalib/lib/sega_scl.a(scl_fu04.o)
                0x060168f0                SCL_SetCycleTable
 *fill*         0x06016918        0x8 00
 .text          0x06016920      0x214 ../sbl6/segalib/lib/sega_scl.a(scl_pr07.o)
                0x06016920                SCL_SetPriority
 *fill*         0x06016b34        0xc 00
 .text          0x06016b40       0x58 ../sbl6/segalib/lib/sega_scl.a(scl_pr01.o)
                0x06016b40                SCL_SetSpriteMode
 *fill*         0x06016b98        0x8 00
 .text          0x06016ba0     0x10a4 ../sbl6/segalib/lib/sega_scl.a(scl_pri.o)
                0x06016c34                SCL_AbortAutoVe
                0x06017ae4                SCL_SetShadowBit
                0x060170ac                SCL_AutoExec
                0x06016ba0                SCL_PriorityInit
                0x060175c0                SCL_IncColOffset
                0x06016c48                SCL_SetColMixRate
                0x06016c18                SCL_GetColRamMode
 *fill*         0x06017c44        0xc 00
 .text          0x06017c50     0x1394 ../sbl6/segalib/lib/sega_scl.a(scl_ro00.o)
                0x06018e3c                SCL_RotateZD
                0x06018104                SCL_Rotate
                0x06017dd8                SCL_InitRotateTable
 *fill*         0x06018fe4        0xc 00
 .text          0x06018ff0      0x1b4 ../sbl6/segalib/lib/sega_scl.a(scl_pr06.o)
                0x06018ff0                SCL_SetColRamOffset
 *fill*         0x060191a4        0xc 00
 .text          0x060191b0       0xac ../sbl6/segalib/lib/sega_scl.a(scl_pr05.o)
                0x060191b0                SCL_GetColRamOffset
 *fill*         0x0601925c        0x4 00
 .text          0x06019260       0xa4 ../sbl6/segalib/lib/sega_mth.a(mth_fixd.o)
                0x060192b0                MTH_FixedToInt
                0x060192a0                MTH_IntToFixed
                0x06019260                MTH_Mul
                0x060192c0                MTH_Product
                0x06019280                MTH_Div
 *fill*         0x06019304        0xc 00
 .text          0x06019310      0x600 ../sbl6/segalib/lib/sega_mth.a(mth_tri.o)
                0x060193ac                fcos
                0x060193b2                fsin
                0x0601935c                MTH_Cos
                0x06019310                MTH_Sin
                0x06019550                MTH_Atan
 .text          0x06019910      0xf50 ../sbl6/segalib/lib/sega_per.a(per_prt.o)
                0x06019d30                PER_IntFunc
                0x06019b28                PER_LGetPer
                0x06019910                PER_LInit
 .text          0x0601a860     0x1b04 ../sbl6/segalib/lib/sega_sat.a(gfs.o)
                0x0601a860                gfs_version
                0x0601bad4                gfs_mngGetNumFile
                0x0601c254                gfs_closeSub
                0x0601b5f0                GFS_SetGmode
                0x0601b8ac                GFS_SetErrFunc
                0x0601b9fc                gfs_mngSetupFuncTbl
                0x0601abb8                GFS_Reset
                0x0601b924                gfs_chgRoot
                0x0601b9f0                gfs_aborttrans
                0x0601bcd4                gfs_svrAddHndl
                0x0601bb84                gfs_mngFreeGrp
                0x0601b8fc                GFS_ConvTno
                0x0601be88                gfs_getRootDir
                0x0601b8d8                GFS_GetErrStat
                0x0601ad28                GFS_Seek
                0x0601b394                GFS_NwStop
                0x0601bb90                gfs_mngTermAccess
                0x0601ac3c                GFS_Open
                0x0601bb3c                GFS_mngAllocGrp
                0x0601c29c                gfs_isTaskDone
                0x0601b094                GFS_Fread
                0x0601b7f4                GFS_StartTrans
                0x0601c1f0                gfs_GetFinfo
                0x0601ba30                gfs_mngInitWork
                0x0601ae80                GFS_ByteToSct
                0x0601bc94                gfs_svrSearchHndl
                0x0601bf84                gfs_loadRootDir
                0x0601aadc                GFS_IdToName
                0x0601b1d8                GFS_NwFread
                0x0601b724                GFS_SetTransPara
                0x0601b2e4                GFS_NwCdRead
                0x0601bdc4                gfs_loadVol
                0x0601b6c0                GFS_SetReadPara
                0x0601addc                GFS_Tell
                0x0601b654                GFS_SetTmode
                0x0601c158                GFS_GetFad
                0x0601b790                GFS_SetTrFunc
                0x0601b840                GFS_CdMovePickup
                0x0601aa78                GFS_NameToId
                0x0601b4ac                GFS_NwExecOne
                0x0601c00c                gfs_flowIn
                0x0601af34                GFS_GetFileInfo
                0x0601c0b4                gfs_transData
                0x0601bd10                gfs_svrRemoveHndl
                0x0601b35c                GFS_NwIsComplete
                0x0601c290                gfs_getGmode
                0x0601b400                GFS_NwGetStat
                0x0601bd6c                GFS_OpenSub
                0x0601aa10                GFS_SetDir
                0x0601aedc                GFS_GetFileSize
                0x0601afa8                GFS_GetNumCdbuf
                0x0601c2f0                gfs_convFinStat
                0x0601afd0                GFS_Load
                0x0601b130                gfs_waitRead
                0x0601a968                GFS_LoadDir
                0x0601ab48                GFS_GetDirInfo
                0x0601acf0                GFS_Close
                0x0601a880                GFS_Init
                0x0601b47c                gfs_recovRdErr
                0x0601bc14                gfs_mngSetErrCode
                0x0601b56c                GFS_NwExecServer
                0x0601ae2c                GFS_IsEof
                0x0601c1b0                gfs_SetSct
 *fill*         0x0601c364        0xc 00
 .text          0x0601c370      0x1f4 ../sbl6/segalib/lib/sega_sat.a(DMA_SCU1.o)
                0x0601c4cc                DMA_ScuResult
                0x0601c370                DMA_ScuInit
                0x0601c3c0                DMA_ScuMemCopy
 *fill*         0x0601c564        0xc 00
 .text          0x0601c570      0x8d4 ../sbl6/segalib/lib/sega_sat.a(gfs_cdf.o)
                0x0601ca64                GFCF_Seek
                0x0601cb6c                GFCF_GetStat
                0x0601ca4c                GFCF_Tell
                0x0601c610                GFCF_Setup
                0x0601cb18                GFCF_cnvIntlvOfs
                0x0601c570                GFCF_Init
                0x0601ca04                GFCF_Recover
                0x0601c758                GFCF_SetSct
                0x0601ca7c                GFCF_MovePickup
                0x0601cc40                gfcf_isCdOk
                0x0601c810                GFCF_FlowInBuf
                0x0601c79c                GFCF_GetFileInfo
                0x0601c964                GFCF_StopInBuf
                0x0601cc04                gfcf_getSctSize
                0x0601cd00                gfcf_getPlayRange
 *fill*         0x0601ce44        0xc 00
 .text          0x0601ce50      0x928 ../sbl6/segalib/lib/sega_sat.a(gfs_dir.o)
                0x0601d340                gfdr_setNextRec
                0x0601d73c                gfdr_setDirrecCd
                0x0601d138                gfdr_open
                0x0601cf4c                GFDR_GetAtrDirId
                0x0601d220                gfdr_readByte
                0x0601ce50                GFDR_SetupDirTbl
                0x0601d318                gfdr_readLongNM
                0x0601d3c4                gfdr_readDirEnt
                0x0601cf7c                GFDR_ChgRoot
                0x0601cec4                GFDR_NameToId
                0x0601d008                gfdr_setupDirIdTbl
                0x0601cf64                GFDR_GetAtrDirName
                0x0601cf24                GFDR_GetInfoDirId
                0x0601d2cc                gfdr_readLongNB
                0x0601d160                gfdr_read
                0x0601d24c                gfdr_readWord
                0x0601d08c                gfdr_setupDirNameTbl
                0x0601cf38                GFDR_GetInfoDirName
                0x0601cf94                GFDR_ChgDir
                0x0601d278                gfdr_readWordNB
 *fill*         0x0601d778        0x8 00
 .text          0x0601d780      0xa46 ../sbl6/segalib/lib/sega_sat.a(gfs_trn.o)
                0x0601d860                GFTR_SetTransMax
                0x0601dc30                gftr_execScu
                0x0601e1b4                GFTR_SetTransFunc
                0x0601e07c                gftr_remTrn
                0x0601e1a0                GFTR_SetData
                0x0601dea0                gftr_execSdma1
                0x0601e0f0                gftr_copyFrac
                0x0601d854                GFTR_GetNumTrans
                0x0601d7f4                GFTR_SetMode
                0x0601de70                gftr_remDma0
                0x0601e118                GFTR_GetLenData
                0x0601dc24                gftr_reqScu
                0x0601de88                gftr_reqDma1
                0x0601db40                gftr_getSrcPack
                0x0601e170                GFTR_RtnDstPk
                0x0601dd0c                gfdma_exec
                0x0601dfa4                gftr_execTrn
                0x0601da38                GFTR_ExecSvr
                0x0601df34                gftr_reqTrn
                0x0601ddfc                gfdma_getBytecnt
                0x0601dedc                gftr_reqCpu
                0x0601e13c                GFTR_GetDstPack
                0x0601de34                gftr_reqDma0
                0x0601d9c0                GFTR_Idle
                0x0601d878                GFTR_Pause
                0x0601d848                GFTR_GetTransPara
                0x0601df28                gftr_remCpu
                0x0601d814                GFTR_SetTransPara
                0x0601dec4                gftr_remDma1
                0x0601d884                GFTR_Stop
                0x0601de4c                gftr_execSdma0
                0x0601d7b0                GFTR_Setup
                0x0601dccc                gftr_remScu
                0x0601dbc8                gftr_getDstPack
                0x0601dd00                gfdma_canUse
                0x0601d93c                GFTR_Exec
                0x0601e18c                GFTR_GetData
                0x0601d86c                GFTR_Start
                0x0601d808                GFTR_SetUnit
                0x0601dee8                gftr_execCpu
                0x0601e124                GFTR_GetLenRoom
 *fill*         0x0601e1c6        0xa 00
 .text          0x0601e1d0      0x106 ../sbl6/segalib/lib/sega_sat.a(gfs_buf.o)
                0x0601e228                GFBF_GetNumData
                0x0601e2a4                GFBF_RtnPk
                0x0601e258                GFBF_GetSrcPk
                0x0601e2cc                gfbf_getSctDt
                0x0601e200                GFBF_GetTranData
                0x0601e280                GFBF_GetSctData
 *fill*         0x0601e2d6        0xa 00
 .text          0x0601e2e0      0x600 ../sbl6/segalib/lib/sega_sat.a(gfs_cdb.o)
                0x0601e888                GFCB_GetPickup
                0x0601e400                GFCB_Close
                0x0601e6cc                GFCB_GetSrcPack
                0x0601e854                GFCB_SetCon
                0x0601e4d4                GFCB_GetLenRoom
                0x0601e838                GFCB_MovePickup
                0x0601e7ac                GFCB_GetSctData
                0x0601e4e0                GFCB_SetFilt
                0x0601e428                GFCB_GetLenData
                0x0601e8c8                GFCB_UngetPickup
                0x0601e2e0                GFCB_Setup
                0x0601e570                GFCB_Tell
                0x0601e8b0                GFCB_IsPuOwner
                0x0601e5d0                GFCB_Seek
                0x0601e548                GFCB_DeleteAllData
                0x0601e7e4                GFCB_GetDstPack
                0x0601e580                gfcb_getSctNum
                0x0601e7f0                GFCB_RtnPk
 .text          0x0601e8e0     0x1a04 ../sbl6/segalib/lib/sega_sat.a(gfs_cdc.o)
                0x0601eb7c                GFCD_AllocBuf
                0x0601f958                gfcd_doGetLenDataTsk
                0x060201f4                GFCD_SetCsctFunc
                0x0601ec54                GFCD_GetBaseFad
                0x0601edd0                GFCD_GetFilt
                0x0601fde4                gfcd_doChgDirTsk
                0x06020124                gfcd_checkEflag
                0x0601f118                GFCD_MovePickup
                0x0601f1fc                GFCD_GetSctInfo
                0x0601faac                gfcd_doReqDataTsk
                0x0601f244                GFCD_ChgDir
                0x0601ef38                GFCD_ReqData
                0x06020210                GFCD_ChkScdqFlag
                0x0601f6c8                GFCD_WaitServer
                0x0601efdc                GFCD_DelSctData
                0x0601f4b4                GFCD_ExecServer
                0x0601f8c8                gfcd_doSetConTsk
                0x0601eb10                GFCD_AllocFilt
                0x0601ed0c                GFCD_SetFilt
                0x0601f704                gfcd_doSetFiltTsk
                0x06020234                GFCD_ClrScdqFlag
                0x0601fb4c                gfcd_doDelSctDataTsk
                0x0601f610                gfcd_doTask
                0x0601ec88                GFCD_GetPickup
                0x0601f1d8                GFCD_CheckMove
                0x06020250                GFCD_WaitScdqFlag
                0x0601ee70                GFCD_Play
                0x0601fc80                gfcd_doMoveSctTsk
                0x0601ee18                GFCD_SetCon
                0x0601f2b8                GFCD_SetFiltCon
                0x06020294                GFCD_WaitPause
                0x0601f47c                GFCD_GetBufSiz
                0x0601ecbc                GFCD_UngetPickup
                0x0601f3a0                GFCD_GetFileInfo
                0x0601ef94                GFCD_EndData
                0x0601ebb0                GFCD_FreeBuf
                0x0601eed0                GFCD_GetLenData
                0x0601eb4c                GFCD_FreeFilt
                0x0601f588                gfcd_isIdleTask
                0x0601e90c                GFCD_Init
                0x0601ffe0                gfcd_doSetFiltConTsk
                0x0601f064                GFCD_GetStat
                0x0601f164                GFCD_MoveSctData
                0x0601ece8                GFCD_IsPuOwner
                0x06020148                gfcd_initCdbMng
                0x0601e8e0                GFCD_SetCdbfs
                0x0601f6b4                GFCD_SetTimer
                0x060201c8                gfcd_setStat
                0x0601f034                GFCD_CheckDelSctData
 *fill*         0x060202e4        0xc 00
 .text          0x060202f0      0x308 ../sbl6/segalib/lib/sega_sat.a(DMA_SCU0.o)
                0x06020374                DMA_ScuStart
                0x060204a8                DMA_ScuIntFunc0
                0x06020518                DMA_ScuIntFunc1
                0x06020588                DMA_ScuIntFunc2
                0x06020468                DMA_ScuGetStatus
                0x060202f0                DMA_ScuSetPrm
 *fill*         0x060205f8        0x8 00
 .text          0x06020600       0xe8 ../sbl6/segalib/lib/sega_sat.a(csh_main.o)
                0x06020600                CSH_Init
                0x06020668                CSH_AllClr
                0x060206b4                CSH_Purge
 *fill*         0x060206e8        0x8 00
 .text          0x060206f0      0x1b6 ../sbl6/segalib/lib/sega_sat.a(DMA_CPU0.o)
                0x06020738                DMA_CpuSetPrm
                0x0602083c                DMA_CpuStart
                0x06020894                DMA_CpuGetStatus
                0x06020868                DMA_CpuAllStop
                0x0602087c                DMA_CpuGetComStatus
                0x060206f0                DMA_CpuSetComPrm
                0x06020850                DMA_CpuStop
 *fill*         0x060208a6        0xa 00
 .text          0x060208b0      0x2dc ../sbl6/segalib/lib/sega_sat.a(cdc_reg.o)
                0x06020904                CDREG_ClrHirqReq
                0x060208d4                CDC_ClrHirqReq
                0x06020984                CDREG_TgetData
                0x06020974                CDC_GetMpegPtr
                0x06020950                CDC_GetHirqMsk
                0x060208b0                CDC_GetDataPtr
                0x060208c0                CDC_GetHirqReq
                0x06020ae0                CDREG_WaitHirq
                0x06020964                CDC_SetHirqMsk
                0x060209e0                CDREG_CmdRsp
                0x06020914                CDREG_InitHirqReq
                0x0602093c                CDREG_SetHirqFlag
                0x06020b50                CDREG_ReadRsp
 *fill*         0x06020b8c        0x4 00
 .text          0x06020b90      0x194 ../sbl6/segalib/lib/sega_sat.a(cdc_cfs.o)
                0x06020b90                CDC_ChgDir
                0x06020bc4                CDC_ReadDir
                0x06020ce8                CDC_AbortFile
                0x06020bf8                CDC_GetFileScope
                0x06020c58                CDC_TgetFileInfo
                0x06020cb4                CDC_ReadFile
 *fill*         0x06020d24        0xc 00
 .text          0x06020d30      0x3a0 ../sbl6/segalib/lib/sega_sat.a(cdc_cmn.o)
                0x06020ed4                CDC_TgetToc
                0x06021078                CDC_DataEnd
                0x06020d98                CDC_GetPeriStat
                0x0602100c                CDC_DataReady
                0x06020fe4                CDC_CdOpen
                0x06020f60                CDC_CdInit
                0x06020f24                CDC_GetSes
                0x06020d80                CDC_GetLastStat
                0x06020d30                CDC_GetCurStat
                0x06020e6c                CDC_GetHwInfo
 .text          0x060210d0      0x1e4 ../sbl6/segalib/lib/sega_sat.a(cdc_bio.o)
                0x0602117c                CDC_GetdelSctData
                0x06021104                CDC_GetSctData
                0x060211b8                CDC_PutSctData
                0x06021234                CDC_MoveSctData
                0x06021278                CDC_GetCopyErr
                0x06021140                CDC_DelSctData
                0x060210d0                CDC_SetSctLen
                0x060211f0                CDC_CopySctData
 *fill*         0x060212b4        0xc 00
 .text          0x060212c0      0x2b8 ../sbl6/segalib/lib/sega_sat.a(cdc_sel.o)
                0x060214f0                CDC_GetFiltCon
                0x0602146c                CDC_GetFiltMode
                0x06021544                CDC_ResetSelector
                0x060212c0                CDC_SetFiltRange
                0x0602134c                CDC_SetFiltSubh
                0x060213bc                CDC_GetFiltSubh
                0x060212f4                CDC_GetFiltRange
                0x06021438                CDC_SetFiltMode
                0x060214b0                CDC_SetFiltCon
 *fill*         0x06021578        0x8 00
 .text          0x06021580      0x130 ../sbl6/segalib/lib/sega_sat.a(cdc_drv.o)
                0x06021580                CDC_CdPlay
                0x0602164c                CDC_CdSeek
                0x06021680                CDC_CdScan
 .text          0x060216b0      0x270 ../sbl6/segalib/lib/sega_sat.a(cdc_bif.o)
                0x0602170c                CDC_GetSctNum
                0x0602188c                CDC_ExeFadSearch
                0x0602180c                CDC_GetSctInfo
                0x06021750                CDC_CalActSiz
                0x060216b0                CDC_GetBufSiz
                0x0602178c                CDC_GetActSiz
                0x060218c4                CDC_GetFadSearch
 .text          0x06021920       0xa8 ../sbl6/segalib/lib/sega_sat.a(cdc_dev.o)
                0x0602198c                CDC_CdGetLastBuf
                0x06021920                CDC_CdSetCon
                0x06021950                CDC_CdGetCon
 *fill*         0x060219c8        0x8 00
 .text          0x060219d0      0x152 ../sbl6/segalib/lib/sega_sat.a(cdc_sub.o)
                0x06021a78                CDSUB_GetCdstat
                0x060219e8                CDSUB_UpdCdstat
                0x06021ab8                CDSUB_RspToCdstat
                0x06021b00                CDSUB_SoftTimer
                0x060219d0                CDSUB_UpdStatus
                0x06021a08                CDSUB_CdCmd
 *fill*         0x06021b22        0xe 00
 .text          0x06021b30       0x60 C:/saturn/SH_COFF/sh-coff/bin/../lib/gcc/sh-coff/3.4-GNUSH_v0501\libgcc.a(_ashiftrt.o)
                0x06021b3c                __ashiftrt_r4_27
                0x06021b70                __ashiftrt_r4_6
                0x06021b60                __ashiftrt_r4_14
                0x06021b52                __ashiftrt_r4_19
                0x06021b6a                __ashiftrt_r4_9
                0x06021b7e                __ashiftrt_r4_0
                0x06021b30                __ashiftrt_r4_31
                0x06021b3e                __ashiftrt_r4_26
                0x06021b4c                __ashiftrt_r4_22
                0x06021b58                __ashiftrt_r4_16
                0x06021b64                __ashiftrt_r4_12
                0x06021b38                __ashiftrt_r4_29
                0x06021b56                __ashiftrt_r4_17
                0x06021b36                __ashiftrt_r4_30
                0x06021b72                __ashiftrt_r4_5
                0x06021b6c                __ashiftrt_r4_8
                0x06021b30                __ashiftrt_r4_32
                0x06021b40                __ashiftrt_r4_25
                0x06021b78                __ashiftrt_r4_2
                0x06021b42                __ashiftrt_r4_24
                0x06021b5e                __ashiftrt_r4_15
                0x06021b68                __ashiftrt_r4_10
                0x06021b7a                __ashiftrt_r4_1
                0x06021b3a                __ashiftrt_r4_28
                0x06021b50                __ashiftrt_r4_20
                0x06021b6e                __ashiftrt_r4_7
                0x06021b62                __ashiftrt_r4_13
                0x06021b66                __ashiftrt_r4_11
                0x06021b74                __ashiftrt_r4_4
                0x06021b4a                __ashiftrt_r4_23
                0x06021b54                __ashiftrt_r4_18
                0x06021b4e                __ashiftrt_r4_21
                0x06021b76                __ashiftrt_r4_3
 .text          0x06021b90       0x90 C:/saturn/SH_COFF/sh-coff/bin/../lib/gcc/sh-coff/3.4-GNUSH_v0501\libgcc.a(_ashiftlt.o)
                0x06021b90                __ashlsi3
 .text          0x06021c20       0xb0 C:/saturn/SH_COFF/sh-coff/bin/../lib/gcc/sh-coff/3.4-GNUSH_v0501\libgcc.a(_movstr.o)
                0x06021c60                __movstrSI16
                0x06021c34                __movstrSI60
                0x06021c40                __movstrSI48
                0x06021c3c                __movstrSI52
                0x06021c30                __movstrSI64
                0x06021c44                __movstrSI44
                0x06021c48                __movstrSI40
                0x06021c4c                __movstrSI36
                0x06021c80                __movstr
                0x06021c38                __movstrSI56
                0x06021c54                __movstrSI28
                0x06021c50                __movstrSI32
                0x06021c64                __movstrSI12
                0x06021c68                __movstrSI8
                0x06021c70                __movstrSI0
                0x06021c58                __movstrSI24
                0x06021c5c                __movstrSI20
                0x06021c6c                __movstrSI4
 .text          0x06021cd0       0xa0 C:/saturn/SH_COFF/sh-coff/bin/../lib/gcc/sh-coff/3.4-GNUSH_v0501\libgcc.a(__main.o)
                0x06021d44                __main
                0x06021cd0                __do_global_dtors
                0x06021d04                __do_global_ctors
 .text          0x06021d70       0x70 C:/saturn/SH_COFF/sh-coff/bin/../lib/gcc/sh-coff/3.4-GNUSH_v0501\libgcc.a(_udivsi3.o)
                0x06021d92                __udivsi3
 .text          0x06021de0       0xb0 C:/saturn/SH_COFF/sh-coff/bin/../lib/gcc/sh-coff/3.4-GNUSH_v0501\libgcc.a(_si_to_df.o)
                0x06021de0                __floatsidf
 .text          0x06021e90      0x2e0 C:/saturn/SH_COFF/sh-coff/bin/../lib/gcc/sh-coff/3.4-GNUSH_v0501\libgcc.a(_mul_df.o)
                0x06021ea0                __muldf3
 .text          0x06022170       0x80 C:/saturn/SH_COFF/sh-coff/bin/../lib/gcc/sh-coff/3.4-GNUSH_v0501\libgcc.a(_df_to_si.o)
                0x06022170                __fixdfsi
 .text          0x060221f0       0xa0 C:/saturn/SH_COFF/sh-coff/bin/../lib/gcc/sh-coff/3.4-GNUSH_v0501\libgcc.a(_sdivsi3.o)
                0x060221f0                __sdivsi3
 .text          0x06022290      0x220 C:/saturn/SH_COFF/sh-coff/bin/../lib/gcc/sh-coff/3.4-GNUSH_v0501\libgcc.a(_pack_df.o)
                0x060222a0                __pack_d
 .text          0x060224b0      0x120 C:/saturn/SH_COFF/sh-coff/bin/../lib/gcc/sh-coff/3.4-GNUSH_v0501\libgcc.a(_unpack_df.o)
                0x060224c0                __unpack_d
 .text          0x060225d0       0x20 C:/saturn/SH_COFF/sh-coff/bin/../lib/gcc/sh-coff/3.4-GNUSH_v0501\libgcc.a(_thenan_df.o)
                0x060225d0                __thenan_df
 .text          0x060225f0       0xd0 C:/saturn/SH_COFF/sh-coff/bin/../lib/gcc/sh-coff/3.4-GNUSH_v0501\libgcc.a(_muldi3.o)
                0x060225f0                __muldi3
 .text          0x060226c0       0x80 C:/saturn/SH_COFF/sh-coff/bin/../lib/gcc/sh-coff/3.4-GNUSH_v0501\libgcc.a(_lshrdi3.o)
                0x060226c0                __lshrdi3
 .text          0x06022740       0x80 C:/saturn/SH_COFF/sh-coff/bin/../lib/gcc/sh-coff/3.4-GNUSH_v0501\libgcc.a(_ashldi3.o)
                0x06022740                __ashldi3
 .text          0x060227c0       0x30 C:/saturn/SH_COFF/sh-coff/bin/../lib/gcc/sh-coff/3.4-GNUSH_v0501\libgcc.a(_mulsi3.o)
                0x060227c0                __mulsi3
 .text          0x060227f0       0x90 C:/saturn/SH_COFF/sh-coff/bin/../lib/gcc/sh-coff/3.4-GNUSH_v0501\libgcc.a(_lshiftrt.o)
                0x060227f0                __lshrsi3
 .text          0x06022880       0xa0 C:/saturn/SH_COFF/sh-coff/bin/../lib/gcc/sh-coff/3.4-GNUSH_v0501/../../../../sh-coff/lib\libc.a(memcpy.o)
                0x06022880                memcpy
 .text          0x06022920       0x40 C:/saturn/SH_COFF/sh-coff/bin/../lib/gcc/sh-coff/3.4-GNUSH_v0501/../../../../sh-coff/lib\libc.a(memset.o)
                0x06022920                memset
 .text          0x06022960       0x60 C:/saturn/SH_COFF/sh-coff/bin/../lib/gcc/sh-coff/3.4-GNUSH_v0501/../../../../sh-coff/lib\libc.a(memcmp.o)
                0x06022960                memcmp
 .text          0x060229c0       0xb0 C:/saturn/SH_COFF/sh-coff/bin/../lib/gcc/sh-coff/3.4-GNUSH_v0501/../../../../sh-coff/lib\libc.a(strncmp.o)
                0x060229c0                strncmp
 .text          0x06022a70       0xa0 C:/saturn/SH_COFF/sh-coff/bin/../lib/gcc/sh-coff/3.4-GNUSH_v0501/../../../../sh-coff/lib\libc.a(strncpy.o)
                0x06022a70                strncpy
 .text          0x06022b10       0x90 C:/saturn/SH_COFF/sh-coff/bin/../lib/gcc/sh-coff/3.4-GNUSH_v0501/../../../../sh-coff/lib\libc.a(atexit.o)
                0x06022b10                atexit
 .text          0x06022ba0       0x10 C:/saturn/SH_COFF/sh-coff/bin/../lib/gcc/sh-coff/3.4-GNUSH_v0501/../../../../sh-coff/lib\libc.a(impure.o)
                0x06022ba0                _global_impure_ptr
 .text          0x06022bb0       0x40 C:/saturn/SH_COFF/sh-coff/bin/../lib/gcc/sh-coff/3.4-GNUSH_v0501/../../../../sh-coff/lib\libc.a(malloc.o)
                0x06022bcc                free
                0x06022bb0                malloc
 .text          0x06022bf0      0x5b0 C:/saturn/SH_COFF/sh-coff/bin/../lib/gcc/sh-coff/3.4-GNUSH_v0501/../../../../sh-coff/lib\libc.a(mallocr.o)
                0x06022bf0                _malloc_r
 .text          0x060231a0      0x340 C:/saturn/SH_COFF/sh-coff/bin/../lib/gcc/sh-coff/3.4-GNUSH_v0501/../../../../sh-coff/lib\libc.a(freer.o)
                0x060231a0                _malloc_trim_r
                0x06023294                _free_r
 .text          0x060234e0       0x20 C:/saturn/SH_COFF/sh-coff/bin/../lib/gcc/sh-coff/3.4-GNUSH_v0501/../../../../sh-coff/lib\libc.a(mlock.o)
                0x060234e0                __malloc_lock
                0x060234ec                __malloc_unlock
 .text          0x06023500       0x50 C:/saturn/SH_COFF/sh-coff/bin/../lib/gcc/sh-coff/3.4-GNUSH_v0501/../../../../sh-coff/lib\libc.a(sbrkr.o)
                0x06023500                _sbrk_r
 .text          0x06023550      0x380 C:/saturn/SH_COFF/sh-coff/bin/../lib/gcc/sh-coff/3.4-GNUSH_v0501/../../../../sh-coff/lib\libc.a(syscalls.o)
                0x060236bc                _exit
                0x060236f0                _getpid
                0x06023758                _utime
                0x06023588                _write
                0x06023550                _read
                0x060236a4                _unlink
                0x0602366c                _open
                0x06023708                _stat
                0x060236b0                isatty
                0x06023788                _wait
                0x060236d4                _kill
                0x06023724                _chmod
                0x060237b8                _execv
                0x0602379c                _execve
                0x06023894                __setup_argv_and_call_main
                0x060237f0                _gettimeofday
                0x060235bc                _link
                0x060236fc                _raise
                0x06023688                _creat
                0x060237d0                _pipe
                0x0602373c                _chown
                0x0602356c                _lseek
                0x060235a4                _close
                0x060237e4                _times
                0x06023658                _fstat
                0x06023774                _fork
                0x060235e4                _sbrk
 .text          0x060238d0       0x20 C:/saturn/SH_COFF/sh-coff/bin/../lib/gcc/sh-coff/3.4-GNUSH_v0501/../../../../sh-coff/lib\libc.a(trap.o)
                0x060238d0                __trap34
 .text          0x060238f0       0x20 C:/saturn/SH_COFF/sh-coff/bin/../lib/gcc/sh-coff/3.4-GNUSH_v0501/../../../../sh-coff/lib\libc.a(abort.o)
                0x060238f0                abort
 .text          0x06023910      0x270 C:/saturn/SH_COFF/sh-coff/bin/../lib/gcc/sh-coff/3.4-GNUSH_v0501/../../../../sh-coff/lib\libc.a(signal.o)
                0x060239d0                _raise_r
                0x06023b58                __sigtramp
                0x06023b04                raise
                0x06023b40                _init_signal
                0x06023a90                __sigtramp_r
                0x06023b20                signal
                0x0602395c                _signal_r
                0x06023910                _init_signal_r
 .text          0x06023b80       0x60 C:/saturn/SH_COFF/sh-coff/bin/../lib/gcc/sh-coff/3.4-GNUSH_v0501/../../../../sh-coff/lib\libc.a(signalr.o)
                0x06023bc8                _getpid_r
                0x06023b80                _kill_r
 *(.strings)

.tors           0x06023be0        0x0
                0x06023be0                ___ctors = .
 *(.ctors)
                0x06023be0                ___ctors_end = .
                0x06023be0                ___dtors = .
 *(.dtors)
                0x06023be0                ___dtors_end = .

.data           0x06023be0     0x15e0
                0x06023be0                STARTOF_R = .
 *(.data)
 .data          0x06023be0      0x400 ../sbl6/segasmp/per/smpclib/per_x1.o
 .data          0x06023fe0       0x50 blocks.o
                0x06024018                tile2_slope
                0x06023ff8                tile4_slope
                0x06023fe0                block_slopes
                0x06024008                tile3_slope
 .data          0x06024030      0x4c0 graphics.o
                0x0602408a                guy_num
                0x060244e8                bg_num
                0x060240e0                bg_pal
                0x0602407c                guy_name
                0x0602403c                guy_pal
                0x060240d6                font_height
                0x0602403a                map_width
                0x06024038                map_height
                0x06024086                guy_width
                0x06024030                map_name
                0x060240cc                font_name
                0x060244e0                bg_name
                0x060240d8                font_width
                0x06024084                guy_height
                0x060240dc                font_num
                0x0602408c                font_pal
                0x06024088                guy_size
                0x060240da                font_size
 .data          0x060244f0       0x10 player.o
                0x060244f0                lives
 .data          0x06024500       0x30 sprite.o
 .data          0x06024530       0x20 scroll.o
                0x06024530                CycleTb
                0x06024540                vram
 .data          0x06024550      0x400 ../sbl6/segalib/lib/sega_int.a(int.o)
 .data          0x06024950       0x1c ../sbl6/segalib/lib/sega_spr.a(spr_slv.o)
                0x06024958                SPR_SlaveParam
                0x06024968                SPR_SMPC_SF
                0x06024960                SPR_SMPC_COM
                0x0602495c                SPR_SlaveSHEntry
                0x06024954                SPR_SlaveState
                0x06024950                SPR_SlaveCommand
                0x06024964                SPR_SMPC_RET
 *fill*         0x0602496c        0x4 00
 .data          0x06024970       0x34 ../sbl6/segalib/lib/sega_spr.a(spr_1c.o)
                0x06024970                SpInitialFlag
 *fill*         0x060249a4        0xc 00
 .data          0x060249b0       0x1c ../sbl6/segalib/lib/sega_scl.a(scl_vblv.o)
                0x060249b8                VBInterval
                0x060249c0                ReqDisplayFlag
                0x060249b0                SpFrameChgMode
                0x060249bc                VBIntervalCounter
                0x060249b4                SpFrameEraseMode
 *fill*         0x060249cc        0x4 00
 .data          0x060249d0       0x36 ../sbl6/segalib/lib/sega_scl.a(scl_func.o)
                0x060249e0                SclRotregBuff
                0x060249dc                SclDisplayY
                0x060249e4                SclRotateTableMode
                0x060249d8                SclProcess
                0x060249d4                SclCurSclNum
                0x060249d0                SclLengthLsTbl
                0x060249da                SclDisplayX
                0x060249d2                SclLengthCsTbl
 *fill*         0x06024a06        0xa 00
 .data          0x06024a10       0x18 ../sbl6/segalib/lib/sega_scl.a(scl_pri.o)
                0x06024a14                SclRealSpPriNum
                0x06024a24                SclRealColOffset
                0x06024a20                SclRealBgColMix
                0x06024a1c                SclRealSpColMix
                0x06024a18                SclRealBgPriNum
                0x06024a10                SclRealOtherPri
 *fill*         0x06024a28        0x8 00
 .data          0x06024a30      0x380 C:/saturn/SH_COFF/sh-coff/bin/../lib/gcc/sh-coff/3.4-GNUSH_v0501/../../../../sh-coff/lib\libc.a(impure.o)
                0x06024dac                _impure_ptr
 .data          0x06024db0      0x410 C:/saturn/SH_COFF/sh-coff/bin/../lib/gcc/sh-coff/3.4-GNUSH_v0501/../../../../sh-coff/lib\libc.a(mallocr.o)
                0x06024db8                __malloc_av_
                0x06024db4                __malloc_trim_threshold
                0x06024db0                __malloc_sbrk_base
                0x060251c0                SIZEOF_R = (. - STARTOF_R)
                0x060251c0                ENDOF_R = .

.bss            0x060251c0     0x8c54
                0x060251c0                STARTOF_B = .
 *(.bss)
 .bss           0x060251c0       0x10 vblank.o
                0x060251c4                PadData2E
                0x060251ca                PadData1
                0x060251c6                PadData2
                0x060251c8                PadData1E
                0x060251c0                __port
 .bss           0x060251d0       0xd0 ../sbl6/segasmp/per/smpclib/per_x2.o
 .bss           0x060252a0       0x10 player.o
                0x060252a1                boost
                0x060252a0                jumps
 .bss           0x060252b0     0x3800 sprite.o
                0x060252b0                num_sprites
 .bss           0x06028ab0       0x50 scroll.o
                0x06028acc                map_tiles_x
                0x06028ad4                scrolls_y
                0x06028ab0                scroll_transition_state
                0x06028ab4                scroll_ysize
                0x06028ac4                map_tiles_y
                0x06028abc                copy_modes
                0x06028ae4                scrolls_x
                0x06028ab8                scroll_xsize
 .bss           0x06028b00       0x10 main.o
                0x06028b00                frame
 .bss           0x06028b10       0x6e ../sbl6/segalib/lib/sega_spr.a(spr_2c.o)
 *fill*         0x06028b7e        0x2 00
 .bss           0x06028b80        0x4 ../sbl6/segalib/lib/sega_scl.a(scl_vblv.o)
 *fill*         0x06028b84        0xc 00
 .bss           0x06028b90        0x4 ../sbl6/segalib/lib/sega_scl.a(scl_func.o)
 *fill*         0x06028b94        0xc 00
 .bss           0x06028ba0       0x48 ../sbl6/segalib/lib/sega_scl.a(scl_ro00.o)
 *fill*         0x06028be8        0x8 00
 .bss           0x06028bf0       0x9c ../sbl6/segalib/lib/sega_per.a(per_prt.o)
 *fill*         0x06028c8c        0x4 00
 .bss           0x06028c90        0xc ../sbl6/segalib/lib/sega_sat.a(DMA_SCU1.o)
 *fill*         0x06028c9c        0x4 00
 .bss           0x06028ca0        0xc ../sbl6/segalib/lib/sega_sat.a(gfs_trn.o)
 *fill*         0x06028cac        0x4 00
 .bss           0x06028cb0       0x20 ../sbl6/segalib/lib/sega_sat.a(DMA_SCU0.o)
 .bss           0x06028cd0        0x2 ../sbl6/segalib/lib/sega_sat.a(cdc_reg.o)
 *fill*         0x06028cd2        0xe 00
 .bss           0x06028ce0        0xc ../sbl6/segalib/lib/sega_sat.a(cdc_sub.o)
 *fill*         0x06028cec        0x4 00
 .bss           0x06028cf0       0x10 C:/saturn/SH_COFF/sh-coff/bin/../lib/gcc/sh-coff/3.4-GNUSH_v0501\libgcc.a(__main.o)
 .bss           0x06028d00       0x10 C:/saturn/SH_COFF/sh-coff/bin/../lib/gcc/sh-coff/3.4-GNUSH_v0501/../../../../sh-coff/lib\libc.a(atexit.o)
 .bss           0x06028d10       0x40 C:/saturn/SH_COFF/sh-coff/bin/../lib/gcc/sh-coff/3.4-GNUSH_v0501/../../../../sh-coff/lib\libc.a(mallocr.o)
                0x06028d40                __malloc_top_pad
                0x06028d10                __malloc_current_mallinfo
                0x06028d3c                __malloc_max_sbrked_mem
                0x06028d38                __malloc_max_total_mem
 .bss           0x06028d50       0x10 C:/saturn/SH_COFF/sh-coff/bin/../lib/gcc/sh-coff/3.4-GNUSH_v0501/../../../../sh-coff/lib\libc.a(syscalls.o)
 *(COMMON)
 COMMON         0x06028d60     0x1674 cd.o
                                  0x0 (size before relaxing)
                0x06028d60                dirname
                0x060296c0                lib_work
                0x0602a3c8                directory_table
 *fill*         0x0602a3d4        0xc 00
 COMMON         0x0602a3e0       0x48 player.o
                                  0x0 (size before relaxing)
                0x0602a3e0                curr_level
                0x0602a3f0                player
 *fill*         0x0602a428        0x8 00
 COMMON         0x0602a430      0x8c0 print.o
                                  0x0 (size before relaxing)
                0x0602a430                text
 COMMON         0x0602acf0     0x1460 sprite.o
                                  0x0 (size before relaxing)
                0x0602acf0                sprites
                0x0602b150                image_buf
 COMMON         0x0602c150      0x24c scroll.o
                                  0x0 (size before relaxing)
                0x0602c150                scfg3
                0x0602c1e0                scfg0
                0x0602c270                maps
                0x0602c280                scfg2
                0x0602c310                scfg1
 *fill*         0x0602c39c        0x4 00
 COMMON         0x0602c3a0      0x400 ../sbl6/segalib/lib/sega_int.a(int.o)
                                  0x0 (size before relaxing)
                0x0602c3a0                __interrupt_vector
 COMMON         0x0602c7a0       0x50 ../sbl6/segalib/lib/sega_spr.a(spr_2c.o)
                                  0x0 (size before relaxing)
                0x0602c7a0                SpMstCmd
                0x0602c7a4                Sp2OpenFlag
                0x0602c7a8                SpGourTblMax
                0x0602c7ac                SpDrawPrtyBlk
                0x0602c7b0                SpLCoordX
                0x0602c7b4                SpMstDrawPrtyBlk
                0x0602c7b8                SpGourTbl
                0x0602c7bc                SpLookupTblR
                0x0602c7c0                SpCmdTbl
                0x0602c7c4                SpCharMax
                0x0602c7c8                SpDrawPrtyProcFlag
                0x0602c7cc                SpCmdNo
                0x0602c7d0                SpDrawPrtyBlkMax
                0x0602c7d4                SpSlvCmdPos
                0x0602c7d8                SpSlvDrawPrtyBlk
                0x0602c7dc                SpCharTbl
                0x0602c7e0                SpCmdTblR
                0x0602c7e4                SpMstCmdPos
                0x0602c7e8                SpSlvCmd
                0x0602c7ec                SpLCoordY
 COMMON         0x0602c7f0       0x10 ../sbl6/segalib/lib/sega_spr.a(spr_1c.o)
                                  0x0 (size before relaxing)
                0x0602c7f0                SpScreenY
                0x0602c7f4                SpFbcrMode
                0x0602c7f6                SpDil
                0x0602c7f8                SpDie
                0x0602c7fa                SpTvMode
                0x0602c7fc                SpScreenX
 COMMON         0x0602c800      0xf00 ../sbl6/segalib/lib/sega_scl.a(scl_func.o)
                                  0x0 (size before relaxing)
                0x0602c800                SclRbgKtbAddr
                0x0602c808                SclRb
                0x0602c80a                Scl_flag
                0x0602c810                SclK_TableBuff
                0x0602d4e0                SclAddrCsTbl
                0x0602d4f0                Scl_s_reg
                0x0602d518                SclRotateXy
                0x0602d520                Scl_d_reg
                0x0602d568                SclRotateDisp
                0x0602d570                SclRotateMoveZ
                0x0602d578                SclRotXySw
                0x0602d580                Scl_r_reg
                0x0602d590                SclRPMD
                0x0602d598                SclRbgKtbOffset
                0x0602d5a0                _SclRotregBuff
                0x0602d670                SclRa
                0x0602d678                SclRotateZ
                0x0602d680                SclAddrLsTbl
                0x0602d688                SclK_TableNum
                0x0602d690                SclRotateTableAddress
                0x0602d694                SclK_TableFlag
                0x0602d6a0                Scl_w_reg
                0x0602d6c0                Scl_n_reg
 COMMON         0x0602d700      0x6b0 ../sbl6/segalib/lib/sega_scl.a(scl_pri.o)
                                  0x0 (size before relaxing)
                0x0602d700                SclAutoEndBlue2
                0x0602d710                SclColOffset
                0x0602d720                SclPriBuffDirty
                0x0602d722                SclAutoEndRed
                0x0602d724                SclAutoSurface
                0x0602d728                SclAutoGreen
                0x0602d72a                SclAutoEndGreen
                0x0602d72c                SclAutoCount
                0x0602d730                SclColRamAlloc256
                0x0602d750                SclAutoCurRate
                0x0602d751                SclAutoPlusFlag
                0x0602d758                SclSpColMix
                0x0602d760                SclAutoMax
                0x0602d764                SclLineColRamOffset
                0x0602d768                SclColRamAlloc2048
                0x0602d76c                SclBgPriNum
                0x0602d772                SclAutoEndBlue
                0x0602d774                SclAutoEndGreen2
                0x0602d776                SclAutoVeFlag
                0x0602d778                SclBgColMix
                0x0602d780                SclAutoIndex
                0x0602d784                SclAutoEndRate
                0x0602d786                SclAutoBlue
                0x0602d788                SclAutoRed
                0x0602d78c                SclAutoInterval
                0x0602d790                SclOtherPri
                0x0602d7a0                SclAutoRGB
                0x0602dda0                SclAutoEndRed2
                0x0602dda8                SclSpPriNum
 COMMON         0x0602ddb0       0x10 ../sbl6/segalib/lib/sega_scl.a(scl_ro00.o)
                                  0x0 (size before relaxing)
                0x0602ddb0                SclCsx
                0x0602ddb8                SclCsy
 COMMON         0x0602ddc0       0x15 ../sbl6/segalib/lib/sega_per.a(per_prt.o)
                                  0x0 (size before relaxing)
                0x0602ddc0                per_get_time_flg
                0x0602ddc1                per_hot_res
                0x0602ddc2                per_set_sys_flg
                0x0602ddc4                per_get_time_adr
                0x0602ddc8                per_get_sys_data
                0x0602ddd4                per_time_out_flg
 *fill*         0x0602ddd5        0xb 00
 COMMON         0x0602dde0        0xc ../sbl6/segalib/lib/sega_sat.a(gfs.o)
                                  0x0 (size before relaxing)
                0x0602dde0                GFMC_base
                0x0602dde4                gfs_mng_ptr
                0x0602dde8                gfs_use_scudma
 *fill*         0x0602ddec        0x4 00
 COMMON         0x0602ddf0        0x8 ../sbl6/segalib/lib/sega_sat.a(gfs_cdf.o)
                                  0x0 (size before relaxing)
                0x0602ddf0                gfcf_fad
                0x0602ddf4                gfcf_stat
 *fill*         0x0602ddf8        0x8 00
 COMMON         0x0602de00        0xc ../sbl6/segalib/lib/sega_sat.a(gfs_cdc.o)
                                  0x0 (size before relaxing)
                0x0602de00                gfcd_fatal_err
                0x0602de04                gfcd_work
                0x0602de08                gfcd_playflag
 *fill*         0x0602de0c        0x4 00
 COMMON         0x0602de10        0x4 C:/saturn/SH_COFF/sh-coff/bin/../lib/gcc/sh-coff/3.4-GNUSH_v0501/../../../../sh-coff/lib\libc.a(syscalls.o)
                                  0x0 (size before relaxing)
                0x0602de10                errno
                0x0602de14                SIZEOF_B = (. - STARTOF_B)
                0x0602de14                ENDOF_B = .
                0x0602de14                _end = .
OUTPUT(main.cof coff-sh)

.comment        0x0602de20      0x4a0
 .comment       0x0602de20       0x20 ../sbl6/segasmp/lib/strt2_g.o
 .comment       0x0602de40       0x20 vblank.o
 .comment       0x0602de60       0x20 ../sbl6/segasmp/per/smpclib/per_x1.o
 .comment       0x0602de80       0x20 ../sbl6/segasmp/per/smpclib/per_x2.o
 .comment       0x0602dea0       0x20 blocks.o
 .comment       0x0602dec0       0x20 cd.o
 .comment       0x0602dee0       0x20 collision.o
 .comment       0x0602df00       0x20 graphics.o
 .comment       0x0602df20       0x20 player.o
 .comment       0x0602df40       0x20 print.o
 .comment       0x0602df60       0x20 sprite.o
 .comment       0x0602df80       0x20 scroll.o
 .comment       0x0602dfa0       0x20 main.o
 .comment       0x0602dfc0       0x20 C:/saturn/SH_COFF/sh-coff/bin/../lib/gcc/sh-coff/3.4-GNUSH_v0501\libgcc.a(__main.o)
 .comment       0x0602dfe0       0x20 C:/saturn/SH_COFF/sh-coff/bin/../lib/gcc/sh-coff/3.4-GNUSH_v0501\libgcc.a(_si_to_df.o)
 .comment       0x0602e000       0x20 C:/saturn/SH_COFF/sh-coff/bin/../lib/gcc/sh-coff/3.4-GNUSH_v0501\libgcc.a(_mul_df.o)
 .comment       0x0602e020       0x20 C:/saturn/SH_COFF/sh-coff/bin/../lib/gcc/sh-coff/3.4-GNUSH_v0501\libgcc.a(_df_to_si.o)
 .comment       0x0602e040       0x20 C:/saturn/SH_COFF/sh-coff/bin/../lib/gcc/sh-coff/3.4-GNUSH_v0501\libgcc.a(_pack_df.o)
 .comment       0x0602e060       0x20 C:/saturn/SH_COFF/sh-coff/bin/../lib/gcc/sh-coff/3.4-GNUSH_v0501\libgcc.a(_unpack_df.o)
 .comment       0x0602e080       0x20 C:/saturn/SH_COFF/sh-coff/bin/../lib/gcc/sh-coff/3.4-GNUSH_v0501\libgcc.a(_thenan_df.o)
 .comment       0x0602e0a0       0x20 C:/saturn/SH_COFF/sh-coff/bin/../lib/gcc/sh-coff/3.4-GNUSH_v0501\libgcc.a(_muldi3.o)
 .comment       0x0602e0c0       0x20 C:/saturn/SH_COFF/sh-coff/bin/../lib/gcc/sh-coff/3.4-GNUSH_v0501\libgcc.a(_lshrdi3.o)
 .comment       0x0602e0e0       0x20 C:/saturn/SH_COFF/sh-coff/bin/../lib/gcc/sh-coff/3.4-GNUSH_v0501\libgcc.a(_ashldi3.o)
 .comment       0x0602e100       0x20 C:/saturn/SH_COFF/sh-coff/bin/../lib/gcc/sh-coff/3.4-GNUSH_v0501/../../../../sh-coff/lib\libc.a(memcmp.o)
 .comment       0x0602e120       0x20 C:/saturn/SH_COFF/sh-coff/bin/../lib/gcc/sh-coff/3.4-GNUSH_v0501/../../../../sh-coff/lib\libc.a(strncmp.o)
 .comment       0x0602e140       0x20 C:/saturn/SH_COFF/sh-coff/bin/../lib/gcc/sh-coff/3.4-GNUSH_v0501/../../../../sh-coff/lib\libc.a(strncpy.o)
 .comment       0x0602e160       0x20 C:/saturn/SH_COFF/sh-coff/bin/../lib/gcc/sh-coff/3.4-GNUSH_v0501/../../../../sh-coff/lib\libc.a(atexit.o)
 .comment       0x0602e180       0x20 C:/saturn/SH_COFF/sh-coff/bin/../lib/gcc/sh-coff/3.4-GNUSH_v0501/../../../../sh-coff/lib\libc.a(impure.o)
 .comment       0x0602e1a0       0x20 C:/saturn/SH_COFF/sh-coff/bin/../lib/gcc/sh-coff/3.4-GNUSH_v0501/../../../../sh-coff/lib\libc.a(malloc.o)
 .comment       0x0602e1c0       0x20 C:/saturn/SH_COFF/sh-coff/bin/../lib/gcc/sh-coff/3.4-GNUSH_v0501/../../../../sh-coff/lib\libc.a(mallocr.o)
 .comment       0x0602e1e0       0x20 C:/saturn/SH_COFF/sh-coff/bin/../lib/gcc/sh-coff/3.4-GNUSH_v0501/../../../../sh-coff/lib\libc.a(freer.o)
 .comment       0x0602e200       0x20 C:/saturn/SH_COFF/sh-coff/bin/../lib/gcc/sh-coff/3.4-GNUSH_v0501/../../../../sh-coff/lib\libc.a(mlock.o)
 .comment       0x0602e220       0x20 C:/saturn/SH_COFF/sh-coff/bin/../lib/gcc/sh-coff/3.4-GNUSH_v0501/../../../../sh-coff/lib\libc.a(sbrkr.o)
 .comment       0x0602e240       0x20 C:/saturn/SH_COFF/sh-coff/bin/../lib/gcc/sh-coff/3.4-GNUSH_v0501/../../../../sh-coff/lib\libc.a(syscalls.o)
 .comment       0x0602e260       0x20 C:/saturn/SH_COFF/sh-coff/bin/../lib/gcc/sh-coff/3.4-GNUSH_v0501/../../../../sh-coff/lib\libc.a(abort.o)
 .comment       0x0602e280       0x20 C:/saturn/SH_COFF/sh-coff/bin/../lib/gcc/sh-coff/3.4-GNUSH_v0501/../../../../sh-coff/lib\libc.a(signal.o)
 .comment       0x0602e2a0       0x20 C:/saturn/SH_COFF/sh-coff/bin/../lib/gcc/sh-coff/3.4-GNUSH_v0501/../../../../sh-coff/lib\libc.a(signalr.o)
