Archive member included because of file (symbol)

../sbl6/segalib/lib/sega_int.a(int.o)
                              ../sbl6/segasmp/v_blank/set_vb.o (INT_SetScuFunc)
../sbl6/segalib/lib/sega_int.a(int_trmp.o)
                              ../sbl6/segalib/lib/sega_int.a(int.o) (__interrupt_handler0)
../sbl6/segalib/lib/sega_spr.a(spr_2c.o)
                              main.o (SPR_2Initial)
../sbl6/segalib/lib/sega_spr.a(spr_slv.o)
                              ../sbl6/segalib/lib/sega_spr.a(spr_2c.o) (SPR_InitSlaveSH)
../sbl6/segalib/lib/sega_spr.a(spr_1c.o)
                              ../sbl6/segalib/lib/sega_spr.a(spr_2c.o) (SPR_Initial)
../sbl6/segalib/lib/sega_spr.a(spr_2a.o)
                              ../sbl6/segalib/lib/sega_spr.a(spr_2c.o) (SPR_2SetDrawPrty)
../sbl6/segalib/lib/sega_scl.a(scl_vblv.o)
                              ../sbl6/segalib/lib/sega_spr.a(spr_1c.o) (SpFrameChgMode)
../sbl6/segalib/lib/sega_scl.a(scl_func.o)
                              main.o (SCL_Vdp2Init)
../sbl6/segalib/lib/sega_scl.a(scl_back.o)
                              main.o (SCL_SetBack)
../sbl6/segalib/lib/sega_scl.a(scl_pr03.o)
                              main.o (SCL_AllocColRam)
../sbl6/segalib/lib/sega_scl.a(scl_pr02.o)
                              main.o (SCL_SetColRam)
../sbl6/segalib/lib/sega_scl.a(scl_fu03.o)
                              main.o (SCL_InitConfigTb)
../sbl6/segalib/lib/sega_scl.a(scl_fu04.o)
                              main.o (SCL_SetCycleTable)
../sbl6/segalib/lib/sega_scl.a(scl_pr07.o)
                              main.o (SCL_SetPriority)
../sbl6/segalib/lib/sega_scl.a(scl_pr01.o)
                              main.o (SCL_SetSpriteMode)
../sbl6/segalib/lib/sega_scl.a(scl_pri.o)
                              ../sbl6/segalib/lib/sega_scl.a(scl_func.o) (SclRealOtherPri)
../sbl6/segalib/lib/sega_scl.a(scl_ro00.o)
                              ../sbl6/segalib/lib/sega_scl.a(scl_func.o) (SCL_Rotate)
../sbl6/segalib/lib/sega_scl.a(scl_pr06.o)
                              ../sbl6/segalib/lib/sega_scl.a(scl_pr03.o) (SCL_SetColRamOffset)
../sbl6/segalib/lib/sega_scl.a(scl_pr05.o)
                              ../sbl6/segalib/lib/sega_scl.a(scl_pr02.o) (SCL_GetColRamOffset)
../sbl6/segalib/lib/sega_mth.a(mth_fixd.o)
                              sprite.o (MTH_Mul)
../sbl6/segalib/lib/sega_mth.a(mth_tri.o)
                              sprite.o (MTH_Sin)
../sbl6/segalib/lib/sega_per.a(per_prt.o)
                              ../sbl6/segasmp/per/smpclib/per_x2.o (PER_LInit)
../sbl6/segalib/lib/sega_sat.a(DMA_SCU1.o)
                              ../sbl6/segalib/lib/sega_spr.a(spr_2c.o) (DMA_ScuMemCopy)
../sbl6/segalib/lib/sega_sat.a(DMA_SCU0.o)
                              ../sbl6/segalib/lib/sega_sat.a(DMA_SCU1.o) (DMA_ScuSetPrm)
../sbl6/segalib/lib/sega_sat.a(csh_main.o)
                              ../sbl6/segalib/lib/sega_sat.a(DMA_SCU1.o) (CSH_Purge)
c:/saturn/SH_COFF/sh-coff/bin/../lib/gcc/sh-coff/3.4-GNUSH_v0501\libgcc.a(__main.o)
                              main.o (__main)
c:/saturn/SH_COFF/sh-coff/bin/../lib/gcc/sh-coff/3.4-GNUSH_v0501\libgcc.a(_udivsi3.o)
                              ../sbl6/segalib/lib/sega_scl.a(scl_fu03.o) (__udivsi3)
c:/saturn/SH_COFF/sh-coff/bin/../lib/gcc/sh-coff/3.4-GNUSH_v0501\libgcc.a(_ashiftlt.o)
                              ../sbl6/segalib/lib/sega_scl.a(scl_fu03.o) (__ashlsi3)
c:/saturn/SH_COFF/sh-coff/bin/../lib/gcc/sh-coff/3.4-GNUSH_v0501\libgcc.a(_ashiftrt.o)
                              ../sbl6/segalib/lib/sega_scl.a(scl_ro00.o) (__ashiftrt_r4_6)
c:/saturn/SH_COFF/sh-coff/bin/../lib/gcc/sh-coff/3.4-GNUSH_v0501\libgcc.a(_si_to_df.o)
                              ../sbl6/segalib/lib/sega_scl.a(scl_ro00.o) (__floatsidf)
c:/saturn/SH_COFF/sh-coff/bin/../lib/gcc/sh-coff/3.4-GNUSH_v0501\libgcc.a(_mul_df.o)
                              ../sbl6/segalib/lib/sega_scl.a(scl_ro00.o) (__muldf3)
c:/saturn/SH_COFF/sh-coff/bin/../lib/gcc/sh-coff/3.4-GNUSH_v0501\libgcc.a(_df_to_si.o)
                              ../sbl6/segalib/lib/sega_scl.a(scl_ro00.o) (__fixdfsi)
c:/saturn/SH_COFF/sh-coff/bin/../lib/gcc/sh-coff/3.4-GNUSH_v0501\libgcc.a(_pack_df.o)
                              c:/saturn/SH_COFF/sh-coff/bin/../lib/gcc/sh-coff/3.4-GNUSH_v0501\libgcc.a(_si_to_df.o) (__pack_d)
c:/saturn/SH_COFF/sh-coff/bin/../lib/gcc/sh-coff/3.4-GNUSH_v0501\libgcc.a(_unpack_df.o)
                              c:/saturn/SH_COFF/sh-coff/bin/../lib/gcc/sh-coff/3.4-GNUSH_v0501\libgcc.a(_mul_df.o) (__unpack_d)
c:/saturn/SH_COFF/sh-coff/bin/../lib/gcc/sh-coff/3.4-GNUSH_v0501\libgcc.a(_thenan_df.o)
                              c:/saturn/SH_COFF/sh-coff/bin/../lib/gcc/sh-coff/3.4-GNUSH_v0501\libgcc.a(_mul_df.o) (__thenan_df)
c:/saturn/SH_COFF/sh-coff/bin/../lib/gcc/sh-coff/3.4-GNUSH_v0501\libgcc.a(_muldi3.o)
                              c:/saturn/SH_COFF/sh-coff/bin/../lib/gcc/sh-coff/3.4-GNUSH_v0501\libgcc.a(_mul_df.o) (__muldi3)
c:/saturn/SH_COFF/sh-coff/bin/../lib/gcc/sh-coff/3.4-GNUSH_v0501\libgcc.a(_lshrdi3.o)
                              c:/saturn/SH_COFF/sh-coff/bin/../lib/gcc/sh-coff/3.4-GNUSH_v0501\libgcc.a(_df_to_si.o) (__lshrdi3)
c:/saturn/SH_COFF/sh-coff/bin/../lib/gcc/sh-coff/3.4-GNUSH_v0501\libgcc.a(_ashldi3.o)
                              c:/saturn/SH_COFF/sh-coff/bin/../lib/gcc/sh-coff/3.4-GNUSH_v0501\libgcc.a(_pack_df.o) (__ashldi3)
c:/saturn/SH_COFF/sh-coff/bin/../lib/gcc/sh-coff/3.4-GNUSH_v0501\libgcc.a(_mulsi3.o)
                              c:/saturn/SH_COFF/sh-coff/bin/../lib/gcc/sh-coff/3.4-GNUSH_v0501\libgcc.a(_muldi3.o) (__mulsi3)
c:/saturn/SH_COFF/sh-coff/bin/../lib/gcc/sh-coff/3.4-GNUSH_v0501\libgcc.a(_lshiftrt.o)
                              c:/saturn/SH_COFF/sh-coff/bin/../lib/gcc/sh-coff/3.4-GNUSH_v0501\libgcc.a(_lshrdi3.o) (__lshrsi3)
c:/saturn/SH_COFF/sh-coff/bin/../lib/gcc/sh-coff/3.4-GNUSH_v0501/../../../../sh-coff/lib\libc.a(memcpy.o)
                              main.o (memcpy)
c:/saturn/SH_COFF/sh-coff/bin/../lib/gcc/sh-coff/3.4-GNUSH_v0501/../../../../sh-coff/lib\libc.a(memset.o)
                              ../sbl6/segalib/lib/sega_spr.a(spr_2c.o) (memset)
c:/saturn/SH_COFF/sh-coff/bin/../lib/gcc/sh-coff/3.4-GNUSH_v0501/../../../../sh-coff/lib\libc.a(atexit.o)
                              c:/saturn/SH_COFF/sh-coff/bin/../lib/gcc/sh-coff/3.4-GNUSH_v0501\libgcc.a(__main.o) (atexit)
c:/saturn/SH_COFF/sh-coff/bin/../lib/gcc/sh-coff/3.4-GNUSH_v0501/../../../../sh-coff/lib\libc.a(impure.o)
                              c:/saturn/SH_COFF/sh-coff/bin/../lib/gcc/sh-coff/3.4-GNUSH_v0501/../../../../sh-coff/lib\libc.a(atexit.o) (_impure_ptr)
c:/saturn/SH_COFF/sh-coff/bin/../lib/gcc/sh-coff/3.4-GNUSH_v0501/../../../../sh-coff/lib\libc.a(malloc.o)
                              c:/saturn/SH_COFF/sh-coff/bin/../lib/gcc/sh-coff/3.4-GNUSH_v0501/../../../../sh-coff/lib\libc.a(atexit.o) (malloc)
c:/saturn/SH_COFF/sh-coff/bin/../lib/gcc/sh-coff/3.4-GNUSH_v0501/../../../../sh-coff/lib\libc.a(mallocr.o)
                              c:/saturn/SH_COFF/sh-coff/bin/../lib/gcc/sh-coff/3.4-GNUSH_v0501/../../../../sh-coff/lib\libc.a(malloc.o) (_malloc_r)
c:/saturn/SH_COFF/sh-coff/bin/../lib/gcc/sh-coff/3.4-GNUSH_v0501/../../../../sh-coff/lib\libc.a(freer.o)
                              c:/saturn/SH_COFF/sh-coff/bin/../lib/gcc/sh-coff/3.4-GNUSH_v0501/../../../../sh-coff/lib\libc.a(malloc.o) (_free_r)
c:/saturn/SH_COFF/sh-coff/bin/../lib/gcc/sh-coff/3.4-GNUSH_v0501/../../../../sh-coff/lib\libc.a(mlock.o)
                              c:/saturn/SH_COFF/sh-coff/bin/../lib/gcc/sh-coff/3.4-GNUSH_v0501/../../../../sh-coff/lib\libc.a(mallocr.o) (__malloc_lock)
c:/saturn/SH_COFF/sh-coff/bin/../lib/gcc/sh-coff/3.4-GNUSH_v0501/../../../../sh-coff/lib\libc.a(sbrkr.o)
                              c:/saturn/SH_COFF/sh-coff/bin/../lib/gcc/sh-coff/3.4-GNUSH_v0501/../../../../sh-coff/lib\libc.a(mallocr.o) (_sbrk_r)
c:/saturn/SH_COFF/sh-coff/bin/../lib/gcc/sh-coff/3.4-GNUSH_v0501/../../../../sh-coff/lib\libc.a(syscalls.o)
                              c:/saturn/SH_COFF/sh-coff/bin/../lib/gcc/sh-coff/3.4-GNUSH_v0501/../../../../sh-coff/lib\libc.a(sbrkr.o) (_sbrk)
c:/saturn/SH_COFF/sh-coff/bin/../lib/gcc/sh-coff/3.4-GNUSH_v0501/../../../../sh-coff/lib\libc.a(trap.o)
                              c:/saturn/SH_COFF/sh-coff/bin/../lib/gcc/sh-coff/3.4-GNUSH_v0501/../../../../sh-coff/lib\libc.a(syscalls.o) (__trap34)
c:/saturn/SH_COFF/sh-coff/bin/../lib/gcc/sh-coff/3.4-GNUSH_v0501/../../../../sh-coff/lib\libc.a(abort.o)
                              c:/saturn/SH_COFF/sh-coff/bin/../lib/gcc/sh-coff/3.4-GNUSH_v0501/../../../../sh-coff/lib\libc.a(syscalls.o) (abort)
c:/saturn/SH_COFF/sh-coff/bin/../lib/gcc/sh-coff/3.4-GNUSH_v0501/../../../../sh-coff/lib\libc.a(signal.o)
                              c:/saturn/SH_COFF/sh-coff/bin/../lib/gcc/sh-coff/3.4-GNUSH_v0501/../../../../sh-coff/lib\libc.a(abort.o) (raise)
c:/saturn/SH_COFF/sh-coff/bin/../lib/gcc/sh-coff/3.4-GNUSH_v0501/../../../../sh-coff/lib\libc.a(signalr.o)
                              c:/saturn/SH_COFF/sh-coff/bin/../lib/gcc/sh-coff/3.4-GNUSH_v0501/../../../../sh-coff/lib\libc.a(signal.o) (_kill_r)

Allocating common symbols
Common symbol       size              file

SclRbgKtbAddr       0x8               ../sbl6/segalib/lib/sega_scl.a(scl_func.o)
SpMstCmd            0x4               ../sbl6/segalib/lib/sega_spr.a(spr_2c.o)
SclRb               0x1               ../sbl6/segalib/lib/sega_scl.a(scl_func.o)
Scl_flag            0x2               ../sbl6/segalib/lib/sega_scl.a(scl_func.o)
per_get_time_flg    0x1               ../sbl6/segalib/lib/sega_per.a(per_prt.o)
SpScreenY           0x4               ../sbl6/segalib/lib/sega_spr.a(spr_1c.o)
SclK_TableBuff      0xcd0             ../sbl6/segalib/lib/sega_scl.a(scl_func.o)
SclAutoEndBlue2     0x2               ../sbl6/segalib/lib/sega_scl.a(scl_pri.o)
SpFbcrMode          0x2               ../sbl6/segalib/lib/sega_spr.a(spr_1c.o)
Sp2OpenFlag         0x4               ../sbl6/segalib/lib/sega_spr.a(spr_2c.o)
SclColOffset        0x10              ../sbl6/segalib/lib/sega_scl.a(scl_pri.o)
SclAddrCsTbl        0x8               ../sbl6/segalib/lib/sega_scl.a(scl_func.o)
SclPriBuffDirty     0x1               ../sbl6/segalib/lib/sega_scl.a(scl_pri.o)
SclAutoEndRed       0x2               ../sbl6/segalib/lib/sega_scl.a(scl_pri.o)
SclAutoSurface      0x4               ../sbl6/segalib/lib/sega_scl.a(scl_pri.o)
__interrupt_vector  0x400             ../sbl6/segalib/lib/sega_int.a(int.o)
per_hot_res         0x1               ../sbl6/segalib/lib/sega_per.a(per_prt.o)
SclCsx              0x8               ../sbl6/segalib/lib/sega_scl.a(scl_ro00.o)
Scl_s_reg           0x28              ../sbl6/segalib/lib/sega_scl.a(scl_func.o)
SclAutoGreen        0x2               ../sbl6/segalib/lib/sega_scl.a(scl_pri.o)
SclAutoEndGreen     0x2               ../sbl6/segalib/lib/sega_scl.a(scl_pri.o)
SclAutoCount        0x4               ../sbl6/segalib/lib/sega_scl.a(scl_pri.o)
SpGourTblMax        0x4               ../sbl6/segalib/lib/sega_spr.a(spr_2c.o)
SclColRamAlloc256   0x20              ../sbl6/segalib/lib/sega_scl.a(scl_pri.o)
SclRotateXy         0x8               ../sbl6/segalib/lib/sega_scl.a(scl_func.o)
SpDrawPrtyBlk       0x4               ../sbl6/segalib/lib/sega_spr.a(spr_2c.o)
SclAutoCurRate      0x1               ../sbl6/segalib/lib/sega_scl.a(scl_pri.o)
SpLCoordX           0x4               ../sbl6/segalib/lib/sega_spr.a(spr_2c.o)
SpMstDrawPrtyBlk    0x4               ../sbl6/segalib/lib/sega_spr.a(spr_2c.o)
SclAutoPlusFlag     0x1               ../sbl6/segalib/lib/sega_scl.a(scl_pri.o)
per_set_sys_flg     0x1               ../sbl6/segalib/lib/sega_per.a(per_prt.o)
Scl_d_reg           0x48              ../sbl6/segalib/lib/sega_scl.a(scl_func.o)
SclRotateDisp       0x8               ../sbl6/segalib/lib/sega_scl.a(scl_func.o)
SpGourTbl           0x4               ../sbl6/segalib/lib/sega_spr.a(spr_2c.o)
SclSpColMix         0x8               ../sbl6/segalib/lib/sega_scl.a(scl_pri.o)
SpDil               0x2               ../sbl6/segalib/lib/sega_spr.a(spr_1c.o)
SpLookupTblR        0x2               ../sbl6/segalib/lib/sega_spr.a(spr_2c.o)
SclAutoMax          0x4               ../sbl6/segalib/lib/sega_scl.a(scl_pri.o)
SpCmdTbl            0x4               ../sbl6/segalib/lib/sega_spr.a(spr_2c.o)
SclRotateMoveZ      0x8               ../sbl6/segalib/lib/sega_scl.a(scl_func.o)
SclLineColRamOffset
                    0x4               ../sbl6/segalib/lib/sega_scl.a(scl_pri.o)
SclRotXySw          0x4               ../sbl6/segalib/lib/sega_scl.a(scl_func.o)
per_get_time_adr    0x4               ../sbl6/segalib/lib/sega_per.a(per_prt.o)
SclColRamAlloc2048  0x4               ../sbl6/segalib/lib/sega_scl.a(scl_pri.o)
SclBgPriNum         0x6               ../sbl6/segalib/lib/sega_scl.a(scl_pri.o)
SpCharMax           0x4               ../sbl6/segalib/lib/sega_spr.a(spr_2c.o)
SpDrawPrtyProcFlag  0x4               ../sbl6/segalib/lib/sega_spr.a(spr_2c.o)
SclAutoEndBlue      0x2               ../sbl6/segalib/lib/sega_scl.a(scl_pri.o)
SpCmdNo             0x4               ../sbl6/segalib/lib/sega_spr.a(spr_2c.o)
SclAutoEndGreen2    0x2               ../sbl6/segalib/lib/sega_scl.a(scl_pri.o)
Scl_r_reg           0x10              ../sbl6/segalib/lib/sega_scl.a(scl_func.o)
SclRPMD             0x2               ../sbl6/segalib/lib/sega_scl.a(scl_func.o)
SpDrawPrtyBlkMax    0x4               ../sbl6/segalib/lib/sega_spr.a(spr_2c.o)
SpDie               0x2               ../sbl6/segalib/lib/sega_spr.a(spr_1c.o)
SclAutoVeFlag       0x1               ../sbl6/segalib/lib/sega_scl.a(scl_pri.o)
SclBgColMix         0x8               ../sbl6/segalib/lib/sega_scl.a(scl_pri.o)
SpSlvCmdPos         0x4               ../sbl6/segalib/lib/sega_spr.a(spr_2c.o)
per_get_sys_data    0xc               ../sbl6/segalib/lib/sega_per.a(per_prt.o)
SclRbgKtbOffset     0x8               ../sbl6/segalib/lib/sega_scl.a(scl_func.o)
SclAutoIndex        0x4               ../sbl6/segalib/lib/sega_scl.a(scl_pri.o)
SclAutoEndRate      0x1               ../sbl6/segalib/lib/sega_scl.a(scl_pri.o)
SpSlvDrawPrtyBlk    0x4               ../sbl6/segalib/lib/sega_spr.a(spr_2c.o)
_SclRotregBuff      0xd0              ../sbl6/segalib/lib/sega_scl.a(scl_func.o)
SclAutoBlue         0x2               ../sbl6/segalib/lib/sega_scl.a(scl_pri.o)
SpTvMode            0x2               ../sbl6/segalib/lib/sega_spr.a(spr_1c.o)
SpScreenX           0x4               ../sbl6/segalib/lib/sega_spr.a(spr_1c.o)
SclRa               0x1               ../sbl6/segalib/lib/sega_scl.a(scl_func.o)
SclRotateZ          0x8               ../sbl6/segalib/lib/sega_scl.a(scl_func.o)
SpCharTbl           0x4               ../sbl6/segalib/lib/sega_spr.a(spr_2c.o)
SclAddrLsTbl        0x8               ../sbl6/segalib/lib/sega_scl.a(scl_func.o)
SclK_TableNum       0x8               ../sbl6/segalib/lib/sega_scl.a(scl_func.o)
SclAutoRed          0x2               ../sbl6/segalib/lib/sega_scl.a(scl_pri.o)
SpCmdTblR           0x2               ../sbl6/segalib/lib/sega_spr.a(spr_2c.o)
SclAutoInterval     0x4               ../sbl6/segalib/lib/sega_scl.a(scl_pri.o)
SclOtherPri         0x10              ../sbl6/segalib/lib/sega_scl.a(scl_pri.o)
per_time_out_flg    0x1               ../sbl6/segalib/lib/sega_per.a(per_prt.o)
SclRotateTableAddress
                    0x4               ../sbl6/segalib/lib/sega_scl.a(scl_func.o)
SpMstCmdPos         0x4               ../sbl6/segalib/lib/sega_spr.a(spr_2c.o)
SpSlvCmd            0x4               ../sbl6/segalib/lib/sega_spr.a(spr_2c.o)
SclAutoRGB          0x600             ../sbl6/segalib/lib/sega_scl.a(scl_pri.o)
errno               0x4               c:/saturn/SH_COFF/sh-coff/bin/../lib/gcc/sh-coff/3.4-GNUSH_v0501/../../../../sh-coff/lib\libc.a(syscalls.o)
SclK_TableFlag      0x4               ../sbl6/segalib/lib/sega_scl.a(scl_func.o)
SclAutoEndRed2      0x2               ../sbl6/segalib/lib/sega_scl.a(scl_pri.o)
SclCsy              0x8               ../sbl6/segalib/lib/sega_scl.a(scl_ro00.o)
SclSpPriNum         0x8               ../sbl6/segalib/lib/sega_scl.a(scl_pri.o)
Scl_w_reg           0x20              ../sbl6/segalib/lib/sega_scl.a(scl_func.o)
SpLCoordY           0x4               ../sbl6/segalib/lib/sega_spr.a(spr_2c.o)
Scl_n_reg           0x40              ../sbl6/segalib/lib/sega_scl.a(scl_func.o)

Memory Configuration

Name             Origin             Length             Attributes
*default*        0x00000000         0xffffffff

Linker script and memory map

LOAD ../sbl6/segasmp/lib/strt1_g.o
LOAD ../sbl6/segasmp/lib/strt2_g.o
LOAD ../sbl6/segasmp/v_blank/set_vb.o
LOAD ../sbl6/segasmp/v_blank/v_blank.o
LOAD ../sbl6/segasmp/per/smpclib/per_x1.o
LOAD ../sbl6/segasmp/per/smpclib/per_x2.o
LOAD ../sbl6/segasmp/per/smpclib/per_x3.o
LOAD sprite.o
LOAD main.o
LOAD ../sbl6/segalib/lib/sega_int.a
LOAD ../sbl6/segalib/lib/sega_spr.a
LOAD ../sbl6/segalib/lib/sega_scl.a
LOAD ../sbl6/segalib/lib/sega_mth.a
LOAD ../sbl6/segalib/lib/sega_cdc.a
LOAD ../sbl6/segalib/lib/sega_adp.a
LOAD ../sbl6/segalib/lib/sega_per.a
LOAD ../sbl6/segalib/lib/sega_sat.a
LOAD c:/saturn/SH_COFF/sh-coff/bin/../lib/gcc/sh-coff/3.4-GNUSH_v0501\libgcc.a
LOAD c:/saturn/SH_COFF/sh-coff/bin/../lib/gcc/sh-coff/3.4-GNUSH_v0501/../../../../sh-coff/lib\libc.a
LOAD c:/saturn/SH_COFF/sh-coff/bin/../lib/gcc/sh-coff/3.4-GNUSH_v0501\libgcc.a

.text           0x06010000    0x1d610
 *(.text)
 .text          0x06010000       0x30 ../sbl6/segasmp/lib/strt1_g.o
                0x06010024                _D_END
                0x06010020                _D_BGN
                0x0601002c                _B_END
                0x06010028                _B_BGN
                0x06010000                START
 .text          0x06010030       0x60 ../sbl6/segasmp/lib/strt2_g.o
                0x06010050                _INITSCT
                0x06010030                _INIT
 .text          0x06010090       0x70 ../sbl6/segasmp/v_blank/set_vb.o
                0x06010090                SetVblank
 .text          0x06010100      0x140 ../sbl6/segasmp/v_blank/v_blank.o
                0x0601011c                UsrVblankOut
                0x06010100                UsrVblankIn
 .text          0x06010240      0x430 ../sbl6/segasmp/per/smpclib/per_x1.o
                0x060105d4                PER_GetAnalogXYZ
                0x06010264                PER_GetTriggerHandler
                0x060104fe                PER_GetEdge
                0x0601047c                PER_GetTrigger
                0x06010528                PER_GetPressEdge
                0x0601057c                PER_GetReleaseEdge
                0x06010240                PER_SetTriggerHandler
 .text          0x06010670      0x200 ../sbl6/segasmp/per/smpclib/per_x2.o
                0x06010774                PER_GetDeviceA
                0x06010670                PER_OpenPort
                0x060106a8                PER_GetPort
                0x060107ee                PER_GetDeviceR
 .text          0x06010870       0x20 ../sbl6/segasmp/per/smpclib/per_x3.o
                0x06010870                PER_DisguiseTrigger
 .text          0x06010890      0x320 sprite.o
                0x06010890                drawSprite
 .text          0x06010bb0    0x12c20 main.o
                0x06022370                cosmo2u_col
                0x06022fe0                face
                0x06022720                cosmo2u_map
                0x06010bb0                cosmo2u_char
                0x060231e0                main
 .text          0x060237d0       0x40 ../sbl6/segalib/lib/sega_int.a(int.o)
                0x060237fc                INT_GetScuFunc
                0x060237d0                INT_SetScuFunc
 .text          0x06023810      0x624 ../sbl6/segalib/lib/sega_int.a(int_trmp.o)
                0x06023978                __interrupt_handler60
                0x06023b28                __interrupt_handler132
                0x06023cde                __interrupt_handler205
                0x06023b46                __interrupt_handler137
                0x06023a74                __interrupt_handler102
                0x060238b2                __interrupt_handler27
                0x06023cb4                __interrupt_handler198
                0x06023ba6                __interrupt_handler153
                0x0602388e                __interrupt_handler21
                0x0602399c                __interrupt_handler66
                0x06023a8c                __interrupt_handler106
                0x06023bd6                __interrupt_handler161
                0x06023a20                __interrupt_handler88
                0x06023bee                __interrupt_handler165
                0x06023afe                __interrupt_handler125
                0x06023834                __interrupt_handler6
                0x060238d0                __interrupt_handler32
                0x06023c8a                __interrupt_handler191
                0x06023da4                __interrupt_handler238
                0x06023dbc                __interrupt_handler242
                0x06023bc4                __interrupt_handler158
                0x06023a2c                __interrupt_handler90
                0x06023be8                __interrupt_handler164
                0x0602390c                __interrupt_handler42
                0x06023c4e                __interrupt_handler181
                0x06023d56                __interrupt_handler225
                0x06023dfe                __interrupt_handler253
                0x06023c12                __interrupt_handler171
                0x060239cc                __interrupt_handler74
                0x06023822                __interrupt_handler3
                0x06023966                __interrupt_handler57
                0x06023864                __interrupt_handler14
                0x06023cfc                __interrupt_handler210
                0x06023d2c                __interrupt_handler218
                0x06023cf0                __interrupt_handler208
                0x060238f4                __interrupt_handler38
                0x06023810                __interrupt_handler0
                0x06023a80                __interrupt_handler104
                0x06023bbe                __interrupt_handler157
                0x06023d0e                __interrupt_handler213
                0x06023c00                __interrupt_handler168
                0x06023a0e                __interrupt_handler85
                0x06023aaa                __interrupt_handler111
                0x06023abc                __interrupt_handler114
                0x0602392a                __interrupt_handler47
                0x06023d80                __interrupt_handler232
                0x06023d4a                __interrupt_handler223
                0x06023d9e                __interrupt_handler237
                0x0602398a                __interrupt_handler63
                0x06023918                __interrupt_handler44
                0x06023c2a                __interrupt_handler175
                0x06023c54                __interrupt_handler182
                0x06023c6c                __interrupt_handler186
                0x06023b6a                __interrupt_handler143
                0x06023a92                __interrupt_handler107
                0x06023af8                __interrupt_handler124
                0x06023c18                __interrupt_handler172
                0x06023dce                __interrupt_handler245
                0x06023a4a                __interrupt_handler95
                0x06023b22                __interrupt_handler131
                0x06023b34                __interrupt_handler134
                0x06023b52                __interrupt_handler139
                0x060239c0                __interrupt_handler72
                0x06023d7a                __interrupt_handler231
                0x06023bd0                __interrupt_handler160
                0x06023b16                __interrupt_handler129
                0x06023888                __interrupt_handler20
                0x06023996                __interrupt_handler65
                0x06023960                __interrupt_handler56
                0x0602385e                __interrupt_handler13
                0x06023cf6                __interrupt_handler209
                0x06023ab0                __interrupt_handler112
                0x06023882                __interrupt_handler19
                0x06023a3e                __interrupt_handler93
                0x06023ca8                __interrupt_handler196
                0x06023b9a                __interrupt_handler151
                0x06023bfa                __interrupt_handler167
                0x06023e10                __trampoline
                0x06023876                __interrupt_handler17
                0x06023d68                __interrupt_handler228
                0x06023e0a                __interrupt_handler255
                0x06023dc8                __interrupt_handler244
                0x06023a62                __interrupt_handler99
                0x06023c5a                __interrupt_handler183
                0x06023b58                __interrupt_handler140
                0x06023c7e                __interrupt_handler189
                0x06023b7c                __interrupt_handler146
                0x06023d44                __interrupt_handler222
                0x06023bb8                __interrupt_handler156
                0x06023aec                __interrupt_handler122
                0x06023de0                __interrupt_handler248
                0x06023930                __interrupt_handler48
                0x060239ae                __interrupt_handler69
                0x060238a0                __interrupt_handler24
                0x06023a26                __interrupt_handler89
                0x06023d1a                __interrupt_handler215
                0x06023e04                __interrupt_handler254
                0x06023a1a                __interrupt_handler87
                0x0602397e                __interrupt_handler61
                0x06023ca2                __interrupt_handler195
                0x06023b94                __interrupt_handler150
                0x06023906                __interrupt_handler41
                0x06023aa4                __interrupt_handler110
                0x06023b0a                __interrupt_handler127
                0x06023a98                __interrupt_handler108
                0x06023ab6                __interrupt_handler113
                0x06023ac8                __interrupt_handler116
                0x06023ae6                __interrupt_handler121
                0x060239de                __interrupt_handler77
                0x060238fa                __interrupt_handler39
                0x06023912                __interrupt_handler43
                0x06023de6                __interrupt_handler249
                0x06023c24                __interrupt_handler174
                0x06023b40                __interrupt_handler136
                0x06023c78                __interrupt_handler188
                0x06023b76                __interrupt_handler145
                0x06023846                __interrupt_handler9
                0x060239ea                __interrupt_handler79
                0x06023d62                __interrupt_handler227
                0x060238dc                __interrupt_handler34
                0x06023b1c                __interrupt_handler130
                0x06023dda                __interrupt_handler247
                0x060239d2                __interrupt_handler75
                0x06023c1e                __interrupt_handler173
                0x0602394e                __interrupt_handler53
                0x06023b8e                __interrupt_handler149
                0x06023df2                __interrupt_handler251
                0x06023d86                __interrupt_handler233
                0x0602384c                __interrupt_handler10
                0x06023cd8                __interrupt_handler204
                0x060239fc                __interrupt_handler82
                0x06023a02                __interrupt_handler83
                0x060238a6                __interrupt_handler25
                0x06023dc2                __interrupt_handler243
                0x06023bdc                __interrupt_handler162
                0x06023924                __interrupt_handler46
                0x06023c3c                __interrupt_handler178
                0x060239f0                __interrupt_handler80
                0x06023984                __interrupt_handler62
                0x0602381c                __interrupt_handler2
                0x060238be                __interrupt_handler29
                0x060239b4                __interrupt_handler70
                0x06023a9e                __interrupt_handler109
                0x06023b88                __interrupt_handler148
                0x06023a44                __interrupt_handler94
                0x06023d50                __interrupt_handler224
                0x06023a7a                __interrupt_handler103
                0x060238e8                __interrupt_handler36
                0x06023b04                __interrupt_handler126
                0x06023dd4                __interrupt_handler246
                0x0602395a                __interrupt_handler55
                0x06023858                __interrupt_handler12
                0x06023948                __interrupt_handler52
                0x06023c72                __interrupt_handler187
                0x06023b70                __interrupt_handler144
                0x06023ace                __interrupt_handler117
                0x0602387c                __interrupt_handler18
                0x06023cae                __interrupt_handler197
                0x06023ba0                __interrupt_handler152
                0x06023ad4                __interrupt_handler118
                0x06023c0c                __interrupt_handler170
                0x06023cc6                __interrupt_handler201
                0x06023a56                __interrupt_handler97
                0x06023be2                __interrupt_handler163
                0x06023c48                __interrupt_handler180
                0x06023c90                __interrupt_handler192
                0x06023db0                __interrupt_handler240
                0x06023af2                __interrupt_handler123
                0x06023d14                __interrupt_handler214
                0x060238ca                __interrupt_handler31
                0x060238b8                __interrupt_handler28
                0x060239a2                __interrupt_handler67
                0x060239a8                __interrupt_handler68
                0x06023894                __interrupt_handler22
                0x0602389a                __interrupt_handler23
                0x06023c30                __interrupt_handler176
                0x0602383a                __interrupt_handler7
                0x06023d3e                __interrupt_handler221
                0x06023d26                __interrupt_handler217
                0x06023d6e                __interrupt_handler229
                0x06023936                __interrupt_handler49
                0x06023828                __interrupt_handler4
                0x06023900                __interrupt_handler40
                0x06023ac2                __interrupt_handler115
                0x06023d92                __interrupt_handler235
                0x06023a32                __interrupt_handler91
                0x06023ce4                __interrupt_handler206
                0x06023c36                __interrupt_handler177
                0x06023b82                __interrupt_handler147
                0x060238ee                __interrupt_handler37
                0x06023dec                __interrupt_handler250
                0x06023816                __interrupt_handler1
                0x06023d32                __interrupt_handler219
                0x060239d8                __interrupt_handler76
                0x06023a68                __interrupt_handler100
                0x0602396c                __interrupt_handler58
                0x0602386a                __interrupt_handler15
                0x06023d08                __interrupt_handler212
                0x06023db6                __interrupt_handler241
                0x06023ccc                __interrupt_handler202
                0x06023c96                __interrupt_handler193
                0x060239e4                __interrupt_handler78
                0x0602393c                __interrupt_handler50
                0x060238d6                __interrupt_handler33
                0x06023bf4                __interrupt_handler166
                0x06023b4c                __interrupt_handler138
                0x06023b3a                __interrupt_handler135
                0x060238c4                __interrupt_handler30
                0x06023c60                __interrupt_handler184
                0x06023b5e                __interrupt_handler141
                0x06023d74                __interrupt_handler230
                0x06023d98                __interrupt_handler236
                0x06023ada                __interrupt_handler119
                0x06023a14                __interrupt_handler86
                0x06023a86                __interrupt_handler105
                0x060239f6                __interrupt_handler81
                0x06023ae0                __interrupt_handler120
                0x06023b10                __interrupt_handler128
                0x06023954                __interrupt_handler54
                0x06023852                __interrupt_handler11
                0x06023cba                __interrupt_handler199
                0x06023bac                __interrupt_handler154
                0x0602391e                __interrupt_handler45
                0x06023d20                __interrupt_handler216
                0x06023cd2                __interrupt_handler203
                0x06023a6e                __interrupt_handler101
                0x06023a08                __interrupt_handler84
                0x06023c66                __interrupt_handler185
                0x06023b64                __interrupt_handler142
                0x060238ac                __interrupt_handler26
                0x06023990                __interrupt_handler64
                0x06023cc0                __interrupt_handler200
                0x06023cea                __interrupt_handler207
                0x06023c9c                __interrupt_handler194
                0x06023a38                __interrupt_handler92
                0x06023bb2                __interrupt_handler155
                0x06023d02                __interrupt_handler211
                0x06023b2e                __interrupt_handler133
                0x0602382e                __interrupt_handler5
                0x060239c6                __interrupt_handler73
                0x06023870                __interrupt_handler16
                0x06023daa                __interrupt_handler239
                0x06023d8c                __interrupt_handler234
                0x060238e2                __interrupt_handler35
                0x06023972                __interrupt_handler59
                0x06023c06                __interrupt_handler169
                0x06023a5c                __interrupt_handler98
                0x060239ba                __interrupt_handler71
                0x06023942                __interrupt_handler51
                0x06023bca                __interrupt_handler159
                0x06023d5c                __interrupt_handler226
                0x06023a50                __interrupt_handler96
                0x06023c84                __interrupt_handler190
                0x06023d38                __interrupt_handler220
                0x06023840                __interrupt_handler8
                0x06023c42                __interrupt_handler179
                0x06023df8                __interrupt_handler252
 *fill*         0x06023e34        0xc 00
 .text          0x06023e40     0x12a0 ../sbl6/segalib/lib/sega_spr.a(spr_2c.o)
                0x060250a0                SlaveFlushDrawPrtyBlock
                0x06023e40                SPR_2Initial
                0x06024684                SPR_2SysClip
                0x06024624                SPR_2LocalCoord
                0x06024f1c                SPR_2FlushDrawPrtyBlock
                0x06024c08                SPR_2DistSpr
                0x0602460c                SPR_2FlushDrawPrty
                0x06024d2c                SPR_2Cmd
                0x06024308                SPR_2GourTblNoToVram
                0x06024368                SPR_2GetAreaSizeInfo
                0x060240d0                SPR_2SetGourTbl
                0x060248bc                SPR_2Polygon
                0x06024344                SPR_2CharNoToVram
                0x06024050                SPR_2SetTvMode
                0x060244ac                SPR_2CloseCommand
                0x0602408c                SPR_2FrameEraseData
                0x06023e68                SPR_2Initial2
                0x06024a9c                SPR_2ScaleSpr
                0x0602472c                SPR_2Line
                0x060243f8                SPR_2OpenCommand
                0x0602406c                SPR_2FrameChgIntr
                0x06024978                SPR_2NormSpr
                0x06024100                SPR_2SetLookupTbl
                0x06024134                SPR_2SetChar
                0x0602432c                SPR_2LookupTblNoToVram
                0x06024800                SPR_2PolyLine
                0x060242a0                SPR_2ClrAllChar
                0x06024254                SPR_2ClrChar
                0x060246d0                SPR_2UserClip
 .text          0x060250e0      0x1e6 ../sbl6/segalib/lib/sega_spr.a(spr_slv.o)
                0x06025244                SPR_WaitEndSlaveSH
                0x060250e0                SPR_SMPC_SSHON
                0x06025220                SPR_RunSlaveSH
                0x060250e4                SPR_InitSlaveSH
                0x060251ac                SPR_SlaveSHmain
                0x060250e1                SPR_SMPC_SSHOFF
 *fill*         0x060252c6        0xa 00
 .text          0x060252d0      0x36a ../sbl6/segalib/lib/sega_spr.a(spr_1c.o)
                0x06025584                SPR_WaitDrawEnd
                0x0602559c                SPR_SetEosMode
                0x060254b4                SPR_SetEraseData
                0x060252d0                SPR_Initial
                0x060253a8                SPR_SetTvMode
                0x06025440                SPR_GetStatus
 *fill*         0x0602563a        0x6 00
 .text          0x06025640      0x244 ../sbl6/segalib/lib/sega_spr.a(spr_2a.o)
                0x06025652                sprMemCpyW
                0x060256b0                flushDrawPrtyBlock
                0x06025640                sprMemCpyL
                0x06025664                SPR_2SetDrawPrty
 *fill*         0x06025884        0xc 00
 .text          0x06025890      0x2fc ../sbl6/segalib/lib/sega_scl.a(scl_vblv.o)
                0x0602594c                SCL_DisplayFrame
                0x06025890                SCL_SetFrameInterval
                0x06025980                SCL_VblInit
                0x060259d0                SCL_VblankStart
                0x06025a14                SCL_VblankEnd
 *fill*         0x06025b8c        0x4 00
 .text          0x06025b90      0xb9c ../sbl6/segalib/lib/sega_scl.a(scl_func.o)
                0x0602656c                SCL_Vdp2_SGLInit
                0x0602647c                SCL_PriIntProc
                0x060263f4                SCL_Memcpyw
                0x0602670c                SCL_SglOff
                0x060266ec                SCL_SglOn
                0x06026360                SCL_ScrollShow
                0x06025e08                SCL_Close
                0x06026100                SCL_Scale
                0x06025b90                SCL_Vdp2Init
                0x06025f74                SCL_Move
                0x0602623c                SCL_CopyReg
                0x06025de4                SCL_Open
                0x06025c14                SCL_ParametersInit
                0x06025e24                SCL_MoveTo
                0x0602641c                SCL_SetColRamMode
 *fill*         0x0602672c        0x4 00
 .text          0x06026730       0x84 ../sbl6/segalib/lib/sega_scl.a(scl_back.o)
                0x06026730                SCL_SetBack
 *fill*         0x060267b4        0xc 00
 .text          0x060267c0      0x138 ../sbl6/segalib/lib/sega_scl.a(scl_pr03.o)
                0x060267c0                SCL_FreeColRam
                0x060267f8                SCL_AllocColRam
 *fill*         0x060268f8        0x8 00
 .text          0x06026900       0x9c ../sbl6/segalib/lib/sega_scl.a(scl_pr02.o)
                0x06026900                SCL_SetColRam
 *fill*         0x0602699c        0x4 00
 .text          0x060269a0      0x94c ../sbl6/segalib/lib/sega_scl.a(scl_fu03.o)
                0x060269fc                SCL_SetConfig
                0x060269a0                SCL_InitConfigTb
 *fill*         0x060272ec        0x4 00
 .text          0x060272f0       0x28 ../sbl6/segalib/lib/sega_scl.a(scl_fu04.o)
                0x060272f0                SCL_SetCycleTable
 *fill*         0x06027318        0x8 00
 .text          0x06027320      0x214 ../sbl6/segalib/lib/sega_scl.a(scl_pr07.o)
                0x06027320                SCL_SetPriority
 *fill*         0x06027534        0xc 00
 .text          0x06027540       0x58 ../sbl6/segalib/lib/sega_scl.a(scl_pr01.o)
                0x06027540                SCL_SetSpriteMode
 *fill*         0x06027598        0x8 00
 .text          0x060275a0     0x10a4 ../sbl6/segalib/lib/sega_scl.a(scl_pri.o)
                0x06027634                SCL_AbortAutoVe
                0x060284e4                SCL_SetShadowBit
                0x06027aac                SCL_AutoExec
                0x060275a0                SCL_PriorityInit
                0x06027fc0                SCL_IncColOffset
                0x06027648                SCL_SetColMixRate
                0x06027618                SCL_GetColRamMode
 *fill*         0x06028644        0xc 00
 .text          0x06028650     0x1394 ../sbl6/segalib/lib/sega_scl.a(scl_ro00.o)
                0x0602983c                SCL_RotateZD
                0x06028b04                SCL_Rotate
                0x060287d8                SCL_InitRotateTable
 *fill*         0x060299e4        0xc 00
 .text          0x060299f0      0x1b4 ../sbl6/segalib/lib/sega_scl.a(scl_pr06.o)
                0x060299f0                SCL_SetColRamOffset
 *fill*         0x06029ba4        0xc 00
 .text          0x06029bb0       0xac ../sbl6/segalib/lib/sega_scl.a(scl_pr05.o)
                0x06029bb0                SCL_GetColRamOffset
 *fill*         0x06029c5c        0x4 00
 .text          0x06029c60       0xa4 ../sbl6/segalib/lib/sega_mth.a(mth_fixd.o)
                0x06029cb0                MTH_FixedToInt
                0x06029ca0                MTH_IntToFixed
                0x06029c60                MTH_Mul
                0x06029cc0                MTH_Product
                0x06029c80                MTH_Div
 *fill*         0x06029d04        0xc 00
 .text          0x06029d10      0x600 ../sbl6/segalib/lib/sega_mth.a(mth_tri.o)
                0x06029dac                fcos
                0x06029db2                fsin
                0x06029d5c                MTH_Cos
                0x06029d10                MTH_Sin
                0x06029f50                MTH_Atan
 .text          0x0602a310      0xf50 ../sbl6/segalib/lib/sega_per.a(per_prt.o)
                0x0602a730                PER_IntFunc
                0x0602a528                PER_LGetPer
                0x0602a310                PER_LInit
 .text          0x0602b260      0x1f4 ../sbl6/segalib/lib/sega_sat.a(DMA_SCU1.o)
                0x0602b3bc                DMA_ScuResult
                0x0602b260                DMA_ScuInit
                0x0602b2b0                DMA_ScuMemCopy
 *fill*         0x0602b454        0xc 00
 .text          0x0602b460      0x308 ../sbl6/segalib/lib/sega_sat.a(DMA_SCU0.o)
                0x0602b4e4                DMA_ScuStart
                0x0602b618                DMA_ScuIntFunc0
                0x0602b688                DMA_ScuIntFunc1
                0x0602b6f8                DMA_ScuIntFunc2
                0x0602b5d8                DMA_ScuGetStatus
                0x0602b460                DMA_ScuSetPrm
 *fill*         0x0602b768        0x8 00
 .text          0x0602b770       0xe8 ../sbl6/segalib/lib/sega_sat.a(csh_main.o)
                0x0602b770                CSH_Init
                0x0602b7d8                CSH_AllClr
                0x0602b824                CSH_Purge
 *fill*         0x0602b858        0x8 00
 .text          0x0602b860       0xa0 c:/saturn/SH_COFF/sh-coff/bin/../lib/gcc/sh-coff/3.4-GNUSH_v0501\libgcc.a(__main.o)
                0x0602b8d4                __main
                0x0602b860                __do_global_dtors
                0x0602b894                __do_global_ctors
 .text          0x0602b900       0x70 c:/saturn/SH_COFF/sh-coff/bin/../lib/gcc/sh-coff/3.4-GNUSH_v0501\libgcc.a(_udivsi3.o)
                0x0602b922                __udivsi3
 .text          0x0602b970       0x90 c:/saturn/SH_COFF/sh-coff/bin/../lib/gcc/sh-coff/3.4-GNUSH_v0501\libgcc.a(_ashiftlt.o)
                0x0602b970                __ashlsi3
 .text          0x0602ba00       0x60 c:/saturn/SH_COFF/sh-coff/bin/../lib/gcc/sh-coff/3.4-GNUSH_v0501\libgcc.a(_ashiftrt.o)
                0x0602ba0c                __ashiftrt_r4_27
                0x0602ba40                __ashiftrt_r4_6
                0x0602ba30                __ashiftrt_r4_14
                0x0602ba22                __ashiftrt_r4_19
                0x0602ba3a                __ashiftrt_r4_9
                0x0602ba4e                __ashiftrt_r4_0
                0x0602ba00                __ashiftrt_r4_31
                0x0602ba0e                __ashiftrt_r4_26
                0x0602ba1c                __ashiftrt_r4_22
                0x0602ba28                __ashiftrt_r4_16
                0x0602ba34                __ashiftrt_r4_12
                0x0602ba08                __ashiftrt_r4_29
                0x0602ba26                __ashiftrt_r4_17
                0x0602ba06                __ashiftrt_r4_30
                0x0602ba42                __ashiftrt_r4_5
                0x0602ba3c                __ashiftrt_r4_8
                0x0602ba00                __ashiftrt_r4_32
                0x0602ba10                __ashiftrt_r4_25
                0x0602ba48                __ashiftrt_r4_2
                0x0602ba12                __ashiftrt_r4_24
                0x0602ba2e                __ashiftrt_r4_15
                0x0602ba38                __ashiftrt_r4_10
                0x0602ba4a                __ashiftrt_r4_1
                0x0602ba0a                __ashiftrt_r4_28
                0x0602ba20                __ashiftrt_r4_20
                0x0602ba3e                __ashiftrt_r4_7
                0x0602ba32                __ashiftrt_r4_13
                0x0602ba36                __ashiftrt_r4_11
                0x0602ba44                __ashiftrt_r4_4
                0x0602ba1a                __ashiftrt_r4_23
                0x0602ba24                __ashiftrt_r4_18
                0x0602ba1e                __ashiftrt_r4_21
                0x0602ba46                __ashiftrt_r4_3
 .text          0x0602ba60       0xb0 c:/saturn/SH_COFF/sh-coff/bin/../lib/gcc/sh-coff/3.4-GNUSH_v0501\libgcc.a(_si_to_df.o)
                0x0602ba60                __floatsidf
 .text          0x0602bb10      0x2e0 c:/saturn/SH_COFF/sh-coff/bin/../lib/gcc/sh-coff/3.4-GNUSH_v0501\libgcc.a(_mul_df.o)
                0x0602bb20                __muldf3
 .text          0x0602bdf0       0x80 c:/saturn/SH_COFF/sh-coff/bin/../lib/gcc/sh-coff/3.4-GNUSH_v0501\libgcc.a(_df_to_si.o)
                0x0602bdf0                __fixdfsi
 .text          0x0602be70      0x220 c:/saturn/SH_COFF/sh-coff/bin/../lib/gcc/sh-coff/3.4-GNUSH_v0501\libgcc.a(_pack_df.o)
                0x0602be80                __pack_d
 .text          0x0602c090      0x120 c:/saturn/SH_COFF/sh-coff/bin/../lib/gcc/sh-coff/3.4-GNUSH_v0501\libgcc.a(_unpack_df.o)
                0x0602c0a0                __unpack_d
 .text          0x0602c1b0       0x20 c:/saturn/SH_COFF/sh-coff/bin/../lib/gcc/sh-coff/3.4-GNUSH_v0501\libgcc.a(_thenan_df.o)
                0x0602c1b0                __thenan_df
 .text          0x0602c1d0       0xd0 c:/saturn/SH_COFF/sh-coff/bin/../lib/gcc/sh-coff/3.4-GNUSH_v0501\libgcc.a(_muldi3.o)
                0x0602c1d0                __muldi3
 .text          0x0602c2a0       0x80 c:/saturn/SH_COFF/sh-coff/bin/../lib/gcc/sh-coff/3.4-GNUSH_v0501\libgcc.a(_lshrdi3.o)
                0x0602c2a0                __lshrdi3
 .text          0x0602c320       0x80 c:/saturn/SH_COFF/sh-coff/bin/../lib/gcc/sh-coff/3.4-GNUSH_v0501\libgcc.a(_ashldi3.o)
                0x0602c320                __ashldi3
 .text          0x0602c3a0       0x30 c:/saturn/SH_COFF/sh-coff/bin/../lib/gcc/sh-coff/3.4-GNUSH_v0501\libgcc.a(_mulsi3.o)
                0x0602c3a0                __mulsi3
 .text          0x0602c3d0       0x90 c:/saturn/SH_COFF/sh-coff/bin/../lib/gcc/sh-coff/3.4-GNUSH_v0501\libgcc.a(_lshiftrt.o)
                0x0602c3d0                __lshrsi3
 .text          0x0602c460       0xa0 c:/saturn/SH_COFF/sh-coff/bin/../lib/gcc/sh-coff/3.4-GNUSH_v0501/../../../../sh-coff/lib\libc.a(memcpy.o)
                0x0602c460                memcpy
 .text          0x0602c500       0x40 c:/saturn/SH_COFF/sh-coff/bin/../lib/gcc/sh-coff/3.4-GNUSH_v0501/../../../../sh-coff/lib\libc.a(memset.o)
                0x0602c500                memset
 .text          0x0602c540       0x90 c:/saturn/SH_COFF/sh-coff/bin/../lib/gcc/sh-coff/3.4-GNUSH_v0501/../../../../sh-coff/lib\libc.a(atexit.o)
                0x0602c540                atexit
 .text          0x0602c5d0       0x10 c:/saturn/SH_COFF/sh-coff/bin/../lib/gcc/sh-coff/3.4-GNUSH_v0501/../../../../sh-coff/lib\libc.a(impure.o)
                0x0602c5d0                _global_impure_ptr
 .text          0x0602c5e0       0x40 c:/saturn/SH_COFF/sh-coff/bin/../lib/gcc/sh-coff/3.4-GNUSH_v0501/../../../../sh-coff/lib\libc.a(malloc.o)
                0x0602c5fc                free
                0x0602c5e0                malloc
 .text          0x0602c620      0x5b0 c:/saturn/SH_COFF/sh-coff/bin/../lib/gcc/sh-coff/3.4-GNUSH_v0501/../../../../sh-coff/lib\libc.a(mallocr.o)
                0x0602c620                _malloc_r
 .text          0x0602cbd0      0x340 c:/saturn/SH_COFF/sh-coff/bin/../lib/gcc/sh-coff/3.4-GNUSH_v0501/../../../../sh-coff/lib\libc.a(freer.o)
                0x0602cbd0                _malloc_trim_r
                0x0602ccc4                _free_r
 .text          0x0602cf10       0x20 c:/saturn/SH_COFF/sh-coff/bin/../lib/gcc/sh-coff/3.4-GNUSH_v0501/../../../../sh-coff/lib\libc.a(mlock.o)
                0x0602cf10                __malloc_lock
                0x0602cf1c                __malloc_unlock
 .text          0x0602cf30       0x50 c:/saturn/SH_COFF/sh-coff/bin/../lib/gcc/sh-coff/3.4-GNUSH_v0501/../../../../sh-coff/lib\libc.a(sbrkr.o)
                0x0602cf30                _sbrk_r
 .text          0x0602cf80      0x380 c:/saturn/SH_COFF/sh-coff/bin/../lib/gcc/sh-coff/3.4-GNUSH_v0501/../../../../sh-coff/lib\libc.a(syscalls.o)
                0x0602d0ec                _exit
                0x0602d120                _getpid
                0x0602d188                _utime
                0x0602cfb8                _write
                0x0602cf80                _read
                0x0602d0d4                _unlink
                0x0602d09c                _open
                0x0602d138                _stat
                0x0602d0e0                isatty
                0x0602d1b8                _wait
                0x0602d104                _kill
                0x0602d154                _chmod
                0x0602d1e8                _execv
                0x0602d1cc                _execve
                0x0602d2c4                __setup_argv_and_call_main
                0x0602d220                _gettimeofday
                0x0602cfec                _link
                0x0602d12c                _raise
                0x0602d0b8                _creat
                0x0602d200                _pipe
                0x0602d16c                _chown
                0x0602cf9c                _lseek
                0x0602cfd4                _close
                0x0602d214                _times
                0x0602d088                _fstat
                0x0602d1a4                _fork
                0x0602d014                _sbrk
 .text          0x0602d300       0x20 c:/saturn/SH_COFF/sh-coff/bin/../lib/gcc/sh-coff/3.4-GNUSH_v0501/../../../../sh-coff/lib\libc.a(trap.o)
                0x0602d300                __trap34
 .text          0x0602d320       0x20 c:/saturn/SH_COFF/sh-coff/bin/../lib/gcc/sh-coff/3.4-GNUSH_v0501/../../../../sh-coff/lib\libc.a(abort.o)
                0x0602d320                abort
 .text          0x0602d340      0x270 c:/saturn/SH_COFF/sh-coff/bin/../lib/gcc/sh-coff/3.4-GNUSH_v0501/../../../../sh-coff/lib\libc.a(signal.o)
                0x0602d400                _raise_r
                0x0602d588                __sigtramp
                0x0602d534                raise
                0x0602d570                _init_signal
                0x0602d4c0                __sigtramp_r
                0x0602d550                signal
                0x0602d38c                _signal_r
                0x0602d340                _init_signal_r
 .text          0x0602d5b0       0x60 c:/saturn/SH_COFF/sh-coff/bin/../lib/gcc/sh-coff/3.4-GNUSH_v0501/../../../../sh-coff/lib\libc.a(signalr.o)
                0x0602d5f8                _getpid_r
                0x0602d5b0                _kill_r
 *(.strings)

.tors           0x0602d610        0x0
                0x0602d610                ___ctors = .
 *(.ctors)
                0x0602d610                ___ctors_end = .
                0x0602d610                ___dtors = .
 *(.dtors)
                0x0602d610                ___dtors_end = .

.data           0x0602d610     0x10b0
                0x0602d610                STARTOF_R = .
 *(.data)
 .data          0x0602d610      0x400 ../sbl6/segasmp/per/smpclib/per_x1.o
 .data          0x0602da10       0x40 main.o
                0x0602da10                CycleTb
 .data          0x0602da50      0x400 ../sbl6/segalib/lib/sega_int.a(int.o)
 .data          0x0602de50       0x1c ../sbl6/segalib/lib/sega_spr.a(spr_slv.o)
                0x0602de58                SPR_SlaveParam
                0x0602de68                SPR_SMPC_SF
                0x0602de60                SPR_SMPC_COM
                0x0602de5c                SPR_SlaveSHEntry
                0x0602de54                SPR_SlaveState
                0x0602de50                SPR_SlaveCommand
                0x0602de64                SPR_SMPC_RET
 *fill*         0x0602de6c        0x4 00
 .data          0x0602de70       0x34 ../sbl6/segalib/lib/sega_spr.a(spr_1c.o)
                0x0602de70                SpInitialFlag
 *fill*         0x0602dea4        0xc 00
 .data          0x0602deb0       0x1c ../sbl6/segalib/lib/sega_scl.a(scl_vblv.o)
                0x0602deb8                VBInterval
                0x0602dec0                ReqDisplayFlag
                0x0602deb0                SpFrameChgMode
                0x0602debc                VBIntervalCounter
                0x0602deb4                SpFrameEraseMode
 *fill*         0x0602decc        0x4 00
 .data          0x0602ded0       0x36 ../sbl6/segalib/lib/sega_scl.a(scl_func.o)
                0x0602dee0                SclRotregBuff
                0x0602dedc                SclDisplayY
                0x0602dee4                SclRotateTableMode
                0x0602ded8                SclProcess
                0x0602ded4                SclCurSclNum
                0x0602ded0                SclLengthLsTbl
                0x0602deda                SclDisplayX
                0x0602ded2                SclLengthCsTbl
 *fill*         0x0602df06        0xa 00
 .data          0x0602df10       0x18 ../sbl6/segalib/lib/sega_scl.a(scl_pri.o)
                0x0602df14                SclRealSpPriNum
                0x0602df24                SclRealColOffset
                0x0602df20                SclRealBgColMix
                0x0602df1c                SclRealSpColMix
                0x0602df18                SclRealBgPriNum
                0x0602df10                SclRealOtherPri
 *fill*         0x0602df28        0x8 00
 .data          0x0602df30      0x380 c:/saturn/SH_COFF/sh-coff/bin/../lib/gcc/sh-coff/3.4-GNUSH_v0501/../../../../sh-coff/lib\libc.a(impure.o)
                0x0602e2ac                _impure_ptr
 .data          0x0602e2b0      0x410 c:/saturn/SH_COFF/sh-coff/bin/../lib/gcc/sh-coff/3.4-GNUSH_v0501/../../../../sh-coff/lib\libc.a(mallocr.o)
                0x0602e2b8                __malloc_av_
                0x0602e2b4                __malloc_trim_threshold
                0x0602e2b0                __malloc_sbrk_base
                0x0602e6c0                SIZEOF_R = (. - STARTOF_R)
                0x0602e6c0                ENDOF_R = .

.bss            0x0602e6c0     0x50d4
                0x0602e6c0                STARTOF_B = .
 *(.bss)
 .bss           0x0602e6c0       0x10 ../sbl6/segasmp/v_blank/v_blank.o
                0x0602e6c6                PadData2E
                0x0602e6c0                PadData1
                0x0602e6c4                PadData2
                0x0602e6c2                PadData1E
                0x0602e6c8                __port
 .bss           0x0602e6d0       0xd0 ../sbl6/segasmp/per/smpclib/per_x2.o
 .bss           0x0602e7a0     0x3390 main.o
 .bss           0x06031b30       0x6e ../sbl6/segalib/lib/sega_spr.a(spr_2c.o)
 *fill*         0x06031b9e        0x2 00
 .bss           0x06031ba0        0x4 ../sbl6/segalib/lib/sega_scl.a(scl_vblv.o)
 *fill*         0x06031ba4        0xc 00
 .bss           0x06031bb0        0x4 ../sbl6/segalib/lib/sega_scl.a(scl_func.o)
 *fill*         0x06031bb4        0xc 00
 .bss           0x06031bc0       0x48 ../sbl6/segalib/lib/sega_scl.a(scl_ro00.o)
 *fill*         0x06031c08        0x8 00
 .bss           0x06031c10       0x9c ../sbl6/segalib/lib/sega_per.a(per_prt.o)
 *fill*         0x06031cac        0x4 00
 .bss           0x06031cb0        0xc ../sbl6/segalib/lib/sega_sat.a(DMA_SCU1.o)
 *fill*         0x06031cbc        0x4 00
 .bss           0x06031cc0       0x20 ../sbl6/segalib/lib/sega_sat.a(DMA_SCU0.o)
 .bss           0x06031ce0       0x10 c:/saturn/SH_COFF/sh-coff/bin/../lib/gcc/sh-coff/3.4-GNUSH_v0501\libgcc.a(__main.o)
 .bss           0x06031cf0       0x10 c:/saturn/SH_COFF/sh-coff/bin/../lib/gcc/sh-coff/3.4-GNUSH_v0501/../../../../sh-coff/lib\libc.a(atexit.o)
 .bss           0x06031d00       0x40 c:/saturn/SH_COFF/sh-coff/bin/../lib/gcc/sh-coff/3.4-GNUSH_v0501/../../../../sh-coff/lib\libc.a(mallocr.o)
                0x06031d30                __malloc_top_pad
                0x06031d00                __malloc_current_mallinfo
                0x06031d2c                __malloc_max_sbrked_mem
                0x06031d28                __malloc_max_total_mem
 .bss           0x06031d40       0x10 c:/saturn/SH_COFF/sh-coff/bin/../lib/gcc/sh-coff/3.4-GNUSH_v0501/../../../../sh-coff/lib\libc.a(syscalls.o)
 *(COMMON)
 COMMON         0x06031d50      0x400 ../sbl6/segalib/lib/sega_int.a(int.o)
                                  0x0 (size before relaxing)
                0x06031d50                __interrupt_vector
 COMMON         0x06032150       0x50 ../sbl6/segalib/lib/sega_spr.a(spr_2c.o)
                                  0x0 (size before relaxing)
                0x06032150                SpMstCmd
                0x06032154                Sp2OpenFlag
                0x06032158                SpGourTblMax
                0x0603215c                SpDrawPrtyBlk
                0x06032160                SpLCoordX
                0x06032164                SpMstDrawPrtyBlk
                0x06032168                SpGourTbl
                0x0603216c                SpLookupTblR
                0x06032170                SpCmdTbl
                0x06032174                SpCharMax
                0x06032178                SpDrawPrtyProcFlag
                0x0603217c                SpCmdNo
                0x06032180                SpDrawPrtyBlkMax
                0x06032184                SpSlvCmdPos
                0x06032188                SpSlvDrawPrtyBlk
                0x0603218c                SpCharTbl
                0x06032190                SpCmdTblR
                0x06032194                SpMstCmdPos
                0x06032198                SpSlvCmd
                0x0603219c                SpLCoordY
 COMMON         0x060321a0       0x10 ../sbl6/segalib/lib/sega_spr.a(spr_1c.o)
                                  0x0 (size before relaxing)
                0x060321a0                SpScreenY
                0x060321a4                SpFbcrMode
                0x060321a6                SpDil
                0x060321a8                SpDie
                0x060321aa                SpTvMode
                0x060321ac                SpScreenX
 COMMON         0x060321b0      0xf00 ../sbl6/segalib/lib/sega_scl.a(scl_func.o)
                                  0x0 (size before relaxing)
                0x060321b0                SclRbgKtbAddr
                0x060321b8                SclRb
                0x060321ba                Scl_flag
                0x060321c0                SclK_TableBuff
                0x06032e90                SclAddrCsTbl
                0x06032ea0                Scl_s_reg
                0x06032ec8                SclRotateXy
                0x06032ed0                Scl_d_reg
                0x06032f18                SclRotateDisp
                0x06032f20                SclRotateMoveZ
                0x06032f28                SclRotXySw
                0x06032f30                Scl_r_reg
                0x06032f40                SclRPMD
                0x06032f48                SclRbgKtbOffset
                0x06032f50                _SclRotregBuff
                0x06033020                SclRa
                0x06033028                SclRotateZ
                0x06033030                SclAddrLsTbl
                0x06033038                SclK_TableNum
                0x06033040                SclRotateTableAddress
                0x06033044                SclK_TableFlag
                0x06033050                Scl_w_reg
                0x06033070                Scl_n_reg
 COMMON         0x060330b0      0x6b0 ../sbl6/segalib/lib/sega_scl.a(scl_pri.o)
                                  0x0 (size before relaxing)
                0x060330b0                SclAutoEndBlue2
                0x060330c0                SclColOffset
                0x060330d0                SclPriBuffDirty
                0x060330d2                SclAutoEndRed
                0x060330d4                SclAutoSurface
                0x060330d8                SclAutoGreen
                0x060330da                SclAutoEndGreen
                0x060330dc                SclAutoCount
                0x060330e0                SclColRamAlloc256
                0x06033100                SclAutoCurRate
                0x06033101                SclAutoPlusFlag
                0x06033108                SclSpColMix
                0x06033110                SclAutoMax
                0x06033114                SclLineColRamOffset
                0x06033118                SclColRamAlloc2048
                0x0603311c                SclBgPriNum
                0x06033122                SclAutoEndBlue
                0x06033124                SclAutoEndGreen2
                0x06033126                SclAutoVeFlag
                0x06033128                SclBgColMix
                0x06033130                SclAutoIndex
                0x06033134                SclAutoEndRate
                0x06033136                SclAutoBlue
                0x06033138                SclAutoRed
                0x0603313c                SclAutoInterval
                0x06033140                SclOtherPri
                0x06033150                SclAutoRGB
                0x06033750                SclAutoEndRed2
                0x06033758                SclSpPriNum
 COMMON         0x06033760       0x10 ../sbl6/segalib/lib/sega_scl.a(scl_ro00.o)
                                  0x0 (size before relaxing)
                0x06033760                SclCsx
                0x06033768                SclCsy
 COMMON         0x06033770       0x15 ../sbl6/segalib/lib/sega_per.a(per_prt.o)
                                  0x0 (size before relaxing)
                0x06033770                per_get_time_flg
                0x06033771                per_hot_res
                0x06033772                per_set_sys_flg
                0x06033774                per_get_time_adr
                0x06033778                per_get_sys_data
                0x06033784                per_time_out_flg
 *fill*         0x06033785        0xb 00
 COMMON         0x06033790        0x4 c:/saturn/SH_COFF/sh-coff/bin/../lib/gcc/sh-coff/3.4-GNUSH_v0501/../../../../sh-coff/lib\libc.a(syscalls.o)
                                  0x0 (size before relaxing)
                0x06033790                errno
                0x06033794                SIZEOF_B = (. - STARTOF_B)
                0x06033794                ENDOF_B = .
                0x06033794                _end = .
OUTPUT(main.cof coff-sh)

.comment        0x060337a0      0x380
 .comment       0x060337a0       0x20 ../sbl6/segasmp/lib/strt2_g.o
 .comment       0x060337c0       0x20 ../sbl6/segasmp/v_blank/set_vb.o
 .comment       0x060337e0       0x20 ../sbl6/segasmp/v_blank/v_blank.o
 .comment       0x06033800       0x20 ../sbl6/segasmp/per/smpclib/per_x1.o
 .comment       0x06033820       0x20 ../sbl6/segasmp/per/smpclib/per_x2.o
 .comment       0x06033840       0x20 sprite.o
 .comment       0x06033860       0x20 main.o
 .comment       0x06033880       0x20 c:/saturn/SH_COFF/sh-coff/bin/../lib/gcc/sh-coff/3.4-GNUSH_v0501\libgcc.a(__main.o)
 .comment       0x060338a0       0x20 c:/saturn/SH_COFF/sh-coff/bin/../lib/gcc/sh-coff/3.4-GNUSH_v0501\libgcc.a(_si_to_df.o)
 .comment       0x060338c0       0x20 c:/saturn/SH_COFF/sh-coff/bin/../lib/gcc/sh-coff/3.4-GNUSH_v0501\libgcc.a(_mul_df.o)
 .comment       0x060338e0       0x20 c:/saturn/SH_COFF/sh-coff/bin/../lib/gcc/sh-coff/3.4-GNUSH_v0501\libgcc.a(_df_to_si.o)
 .comment       0x06033900       0x20 c:/saturn/SH_COFF/sh-coff/bin/../lib/gcc/sh-coff/3.4-GNUSH_v0501\libgcc.a(_pack_df.o)
 .comment       0x06033920       0x20 c:/saturn/SH_COFF/sh-coff/bin/../lib/gcc/sh-coff/3.4-GNUSH_v0501\libgcc.a(_unpack_df.o)
 .comment       0x06033940       0x20 c:/saturn/SH_COFF/sh-coff/bin/../lib/gcc/sh-coff/3.4-GNUSH_v0501\libgcc.a(_thenan_df.o)
 .comment       0x06033960       0x20 c:/saturn/SH_COFF/sh-coff/bin/../lib/gcc/sh-coff/3.4-GNUSH_v0501\libgcc.a(_muldi3.o)
 .comment       0x06033980       0x20 c:/saturn/SH_COFF/sh-coff/bin/../lib/gcc/sh-coff/3.4-GNUSH_v0501\libgcc.a(_lshrdi3.o)
 .comment       0x060339a0       0x20 c:/saturn/SH_COFF/sh-coff/bin/../lib/gcc/sh-coff/3.4-GNUSH_v0501\libgcc.a(_ashldi3.o)
 .comment       0x060339c0       0x20 c:/saturn/SH_COFF/sh-coff/bin/../lib/gcc/sh-coff/3.4-GNUSH_v0501/../../../../sh-coff/lib\libc.a(atexit.o)
 .comment       0x060339e0       0x20 c:/saturn/SH_COFF/sh-coff/bin/../lib/gcc/sh-coff/3.4-GNUSH_v0501/../../../../sh-coff/lib\libc.a(impure.o)
 .comment       0x06033a00       0x20 c:/saturn/SH_COFF/sh-coff/bin/../lib/gcc/sh-coff/3.4-GNUSH_v0501/../../../../sh-coff/lib\libc.a(malloc.o)
 .comment       0x06033a20       0x20 c:/saturn/SH_COFF/sh-coff/bin/../lib/gcc/sh-coff/3.4-GNUSH_v0501/../../../../sh-coff/lib\libc.a(mallocr.o)
 .comment       0x06033a40       0x20 c:/saturn/SH_COFF/sh-coff/bin/../lib/gcc/sh-coff/3.4-GNUSH_v0501/../../../../sh-coff/lib\libc.a(freer.o)
 .comment       0x06033a60       0x20 c:/saturn/SH_COFF/sh-coff/bin/../lib/gcc/sh-coff/3.4-GNUSH_v0501/../../../../sh-coff/lib\libc.a(mlock.o)
 .comment       0x06033a80       0x20 c:/saturn/SH_COFF/sh-coff/bin/../lib/gcc/sh-coff/3.4-GNUSH_v0501/../../../../sh-coff/lib\libc.a(sbrkr.o)
 .comment       0x06033aa0       0x20 c:/saturn/SH_COFF/sh-coff/bin/../lib/gcc/sh-coff/3.4-GNUSH_v0501/../../../../sh-coff/lib\libc.a(syscalls.o)
 .comment       0x06033ac0       0x20 c:/saturn/SH_COFF/sh-coff/bin/../lib/gcc/sh-coff/3.4-GNUSH_v0501/../../../../sh-coff/lib\libc.a(abort.o)
 .comment       0x06033ae0       0x20 c:/saturn/SH_COFF/sh-coff/bin/../lib/gcc/sh-coff/3.4-GNUSH_v0501/../../../../sh-coff/lib\libc.a(signal.o)
 .comment       0x06033b00       0x20 c:/saturn/SH_COFF/sh-coff/bin/../lib/gcc/sh-coff/3.4-GNUSH_v0501/../../../../sh-coff/lib\libc.a(signalr.o)
