Archive member included because of file (symbol)

../sbl6/segalib/lib/sega_int.a(int.o)
                              vblank.o (INT_SetScuFunc)
../sbl6/segalib/lib/sega_int.a(int_trmp.o)
                              ../sbl6/segalib/lib/sega_int.a(int.o) (__interrupt_handler0)
../sbl6/segalib/lib/sega_spr.a(spr_2c.o)
                              sprite.o (SPR_2Initial)
../sbl6/segalib/lib/sega_spr.a(spr_slv.o)
                              ../sbl6/segalib/lib/sega_spr.a(spr_2c.o) (SPR_InitSlaveSH)
../sbl6/segalib/lib/sega_spr.a(spr_1c.o)
                              ../sbl6/segalib/lib/sega_spr.a(spr_2c.o) (SPR_Initial)
../sbl6/segalib/lib/sega_spr.a(spr_2a.o)
                              ../sbl6/segalib/lib/sega_spr.a(spr_2c.o) (SPR_2SetDrawPrty)
../sbl6/segalib/lib/sega_scl.a(scl_vblv.o)
                              ../sbl6/segalib/lib/sega_spr.a(spr_1c.o) (SpFrameChgMode)
../sbl6/segalib/lib/sega_scl.a(scl_func.o)
                              sprite.o (SCL_Vdp2Init)
../sbl6/segalib/lib/sega_scl.a(scl_pr03.o)
                              sprite.o (SCL_AllocColRam)
../sbl6/segalib/lib/sega_scl.a(scl_pr02.o)
                              sprite.o (SCL_SetColRam)
../sbl6/segalib/lib/sega_scl.a(scl_back.o)
                              scroll.o (SCL_SetBack)
../sbl6/segalib/lib/sega_scl.a(scl_fu03.o)
                              scroll.o (SCL_InitConfigTb)
../sbl6/segalib/lib/sega_scl.a(scl_fu02.o)
                              scroll.o (SCL_InitVramConfigTb)
../sbl6/segalib/lib/sega_scl.a(scl_fu04.o)
                              scroll.o (SCL_SetCycleTable)
../sbl6/segalib/lib/sega_scl.a(scl_pr07.o)
                              scroll.o (SCL_SetPriority)
../sbl6/segalib/lib/sega_scl.a(scl_pr01.o)
                              main.o (SCL_SetSpriteMode)
../sbl6/segalib/lib/sega_scl.a(scl_pri.o)
                              ../sbl6/segalib/lib/sega_scl.a(scl_func.o) (SclRealOtherPri)
../sbl6/segalib/lib/sega_scl.a(scl_ro00.o)
                              ../sbl6/segalib/lib/sega_scl.a(scl_func.o) (SCL_Rotate)
../sbl6/segalib/lib/sega_scl.a(scl_pr06.o)
                              ../sbl6/segalib/lib/sega_scl.a(scl_pr03.o) (SCL_SetColRamOffset)
../sbl6/segalib/lib/sega_scl.a(scl_pr05.o)
                              ../sbl6/segalib/lib/sega_scl.a(scl_pr02.o) (SCL_GetColRamOffset)
../sbl6/segalib/lib/sega_mth.a(mth_fixd.o)
                              sprite.o (MTH_Mul)
../sbl6/segalib/lib/sega_mth.a(mth_tri.o)
                              sprite.o (MTH_Sin)
../sbl6/segalib/lib/sega_per.a(per_prt.o)
                              ../sbl6/segasmp/per/smpclib/per_x2.o (PER_LInit)
../sbl6/segalib/lib/sega_sat.a(gfs.o)
                              cd.o (GFS_Init)
../sbl6/segalib/lib/sega_sat.a(DMA_SCU1.o)
                              ../sbl6/segalib/lib/sega_spr.a(spr_2c.o) (DMA_ScuMemCopy)
../sbl6/segalib/lib/sega_sat.a(gfs_cdf.o)
                              ../sbl6/segalib/lib/sega_sat.a(gfs.o) (GFCF_Init)
../sbl6/segalib/lib/sega_sat.a(gfs_dir.o)
                              ../sbl6/segalib/lib/sega_sat.a(gfs.o) (GFDR_SetupDirTbl)
../sbl6/segalib/lib/sega_sat.a(gfs_trn.o)
                              ../sbl6/segalib/lib/sega_sat.a(gfs.o) (GFTR_Setup)
../sbl6/segalib/lib/sega_sat.a(gfs_buf.o)
                              ../sbl6/segalib/lib/sega_sat.a(gfs.o) (GFBF_GetNumData)
../sbl6/segalib/lib/sega_sat.a(gfs_cdb.o)
                              ../sbl6/segalib/lib/sega_sat.a(gfs_cdf.o) (GFCB_Setup)
../sbl6/segalib/lib/sega_sat.a(gfs_cdc.o)
                              ../sbl6/segalib/lib/sega_sat.a(gfs.o) (GFCD_SetCdbfs)
../sbl6/segalib/lib/sega_sat.a(DMA_SCU0.o)
                              ../sbl6/segalib/lib/sega_sat.a(DMA_SCU1.o) (DMA_ScuSetPrm)
../sbl6/segalib/lib/sega_sat.a(csh_main.o)
                              ../sbl6/segalib/lib/sega_sat.a(DMA_SCU1.o) (CSH_Purge)
../sbl6/segalib/lib/sega_sat.a(DMA_CPU0.o)
                              ../sbl6/segalib/lib/sega_sat.a(gfs_trn.o) (DMA_CpuSetComPrm)
../sbl6/segalib/lib/sega_sat.a(cdc_reg.o)
                              ../sbl6/segalib/lib/sega_sat.a(gfs_cdb.o) (CDC_GetDataPtr)
../sbl6/segalib/lib/sega_sat.a(cdc_cfs.o)
                              ../sbl6/segalib/lib/sega_sat.a(gfs_cdc.o) (CDC_ChgDir)
../sbl6/segalib/lib/sega_sat.a(cdc_cmn.o)
                              ../sbl6/segalib/lib/sega_sat.a(gfs_cdc.o) (CDC_GetCurStat)
../sbl6/segalib/lib/sega_sat.a(cdc_bio.o)
                              ../sbl6/segalib/lib/sega_sat.a(gfs_cdc.o) (CDC_SetSctLen)
../sbl6/segalib/lib/sega_sat.a(cdc_sel.o)
                              ../sbl6/segalib/lib/sega_sat.a(gfs_cdc.o) (CDC_SetFiltRange)
../sbl6/segalib/lib/sega_sat.a(cdc_drv.o)
                              ../sbl6/segalib/lib/sega_sat.a(gfs_cdc.o) (CDC_CdPlay)
../sbl6/segalib/lib/sega_sat.a(cdc_bif.o)
                              ../sbl6/segalib/lib/sega_sat.a(gfs_cdc.o) (CDC_GetBufSiz)
../sbl6/segalib/lib/sega_sat.a(cdc_dev.o)
[...]
Memory Configuration

Name             Origin             Length             Attributes
*default*        0x00000000         0xffffffff

Linker script and memory map

LOAD ../sbl6/segasmp/lib/strt1_g.o
LOAD ../sbl6/segasmp/lib/strt2_g.o
LOAD vblank.o
LOAD ../sbl6/segasmp/per/smpclib/per_x1.o
LOAD ../sbl6/segasmp/per/smpclib/per_x2.o
LOAD ../sbl6/segasmp/per/smpclib/per_x3.o
LOAD cd.o
LOAD collision.o
LOAD graphics.o
LOAD player.o
LOAD print.o
LOAD sprite.o
LOAD scroll.o
LOAD main.o
LOAD ../sbl6/segalib/lib/sega_int.a
LOAD ../sbl6/segalib/lib/sega_spr.a
LOAD ../sbl6/segalib/lib/sega_scl.a
LOAD ../sbl6/segalib/lib/sega_mth.a
LOAD ../sbl6/segalib/lib/sega_cdc.a
LOAD ../sbl6/segalib/lib/sega_adp.a
LOAD ../sbl6/segalib/lib/sega_per.a
LOAD ../sbl6/segalib/lib/sega_sat.a
LOAD C:/saturn/SH_COFF/sh-coff/bin/../lib/gcc/sh-coff/3.4-GNUSH_v0501\libgcc.a
LOAD C:/saturn/SH_COFF/sh-coff/bin/../lib/gcc/sh-coff/3.4-GNUSH_v0501/../../../../sh-coff/lib\libc.a
LOAD C:/saturn/SH_COFF/sh-coff/bin/../lib/gcc/sh-coff/3.4-GNUSH_v0501\libgcc.a

.text           0x06010000    0x134d0
 *(.text)
 .text          0x06010000       0x30 ../sbl6/segasmp/lib/strt1_g.o
                0x06010024                _D_END
                0x06010020                _D_BGN
                0x0601002c                _B_END
                0x06010028                _B_BGN
                0x06010000                START
 .text          0x06010030       0x60 ../sbl6/segasmp/lib/strt2_g.o
                0x06010050                _INITSCT
                0x06010030                _INIT
 .text          0x06010090      0x180 vblank.o
                0x06010090                SetVblank
                0x06010110                UsrVblankOut
                0x060100f0                UsrVblankIn
 .text          0x06010210      0x430 ../sbl6/segasmp/per/smpclib/per_x1.o
                0x060105a4                PER_GetAnalogXYZ
                0x06010234                PER_GetTriggerHandler
                0x060104ce                PER_GetEdge
                0x0601044c                PER_GetTrigger
                0x060104f8                PER_GetPressEdge
                0x0601054c                PER_GetReleaseEdge
                0x06010210                PER_SetTriggerHandler
 .text          0x06010640      0x200 ../sbl6/segasmp/per/smpclib/per_x2.o
                0x06010744                PER_GetDeviceA
                0x06010640                PER_OpenPort
                0x06010678                PER_GetPort
                0x060107be                PER_GetDeviceR
 .text          0x06010840       0x20 ../sbl6/segasmp/per/smpclib/per_x3.o
                0x06010840                PER_DisguiseTrigger
 .text          0x06010860       0xa0 cd.o
                0x06010860                cd_init
                0x06010890                cd_load
 .text          0x06010900      0x620 collision.o
                0x06010900                collision_check_up
                0x06010e20                collision_eject_horiz
                0x06010d20                collision_eject_vert
                0x06010ba0                collision_check
                0x06010a90                collision_check_left
                0x06010b10                collision_check_right
                0x06010a00                collision_check_below
                0x06010970                collision_check_down
 .text          0x06010f20      0x390 player.o
                0x06010f20                player_frames
                0x06011000                player_input
                0x06010f30                player_init
                0x06011220                player_draw
                0x06010f70                player_animate
 .text          0x060112b0      0x170 print.o
                0x06011380                print_display
                0x060112f0                print_num
                0x060112b0                print_init
                0x06011340                print_string
 .text          0x06011420      0x5e0 sprite.o
                0x06011450                sprite_init
                0x06011830                sprite_make
                0x06011970                sprite_next
                0x060119d0                sprite_delete
                0x06011870                sprite_draw_all
                0x06011420                sprite_deleteall
                0x060115e0                sprite_draw
 .text          0x06011a00      0x6b0 scroll.o
                0x06011a00                scroll_move
                0x06011f20                scroll_get
                0x06011f80                scroll_copy
                0x06011b50                scroll_set
                0x06011c60                scroll_init
                0x06011b80                scroll_scale
 .text          0x060120b0      0x110 main.o
                0x060120e0                main
 .text          0x060121c0       0x40 ../sbl6/segalib/lib/sega_int.a(int.o)
                0x060121ec                INT_GetScuFunc
                0x060121c0                INT_SetScuFunc
 .text          0x06012200      0x624 ../sbl6/segalib/lib/sega_int.a(int_trmp.o)
                0x06012368                __interrupt_handler60
                0x06012518                __interrupt_handler132
                0x060126ce                __interrupt_handler205
                0x06012536                __interrupt_handler137
                0x06012464                __interrupt_handler102
                0x060122a2                __interrupt_handler27
                0x060126a4                __interrupt_handler198
                0x06012596                __interrupt_handler153
                0x0601227e                __interrupt_handler21
                0x0601238c                __interrupt_handler66
                0x0601247c                __interrupt_handler106
                0x060125c6                __interrupt_handler161
                0x06012410                __interrupt_handler88
                0x060125de                __interrupt_handler165
                0x060124ee                __interrupt_handler125
                0x06012224                __interrupt_handler6
                0x060122c0                __interrupt_handler32
                0x0601267a                __interrupt_handler191
                0x06012794                __interrupt_handler238
                0x060127ac                __interrupt_handler242
                0x060125b4                __interrupt_handler158
                0x0601241c                __interrupt_handler90
                0x060125d8                __interrupt_handler164
                0x060122fc                __interrupt_handler42
                0x0601263e                __interrupt_handler181
                0x06012746                __interrupt_handler225
                0x060127ee                __interrupt_handler253
                0x06012602                __interrupt_handler171
                0x060123bc                __interrupt_handler74
                0x06012212                __interrupt_handler3
                0x06012356                __interrupt_handler57
                0x06012254                __interrupt_handler14
                0x060126ec                __interrupt_handler210
                0x0601271c                __interrupt_handler218
                0x060126e0                __interrupt_handler208
                0x060122e4                __interrupt_handler38
                0x06012200                __interrupt_handler0
                0x06012470                __interrupt_handler104
                0x060125ae                __interrupt_handler157
                0x060126fe                __interrupt_handler213
                0x060125f0                __interrupt_handler168
                0x060123fe                __interrupt_handler85
                0x0601249a                __interrupt_handler111
                0x060124ac                __interrupt_handler114
                0x0601231a                __interrupt_handler47
                0x06012770                __interrupt_handler232
                0x0601273a                __interrupt_handler223
                0x0601278e                __interrupt_handler237
                0x0601237a                __interrupt_handler63
                0x06012308                __interrupt_handler44
                0x0601261a                __interrupt_handler175
                0x06012644                __interrupt_handler182
                0x0601265c                __interrupt_handler186
                0x0601255a                __interrupt_handler143
                0x06012482                __interrupt_handler107
                0x060124e8                __interrupt_handler124
                0x06012608                __interrupt_handler172
                0x060127be                __interrupt_handler245
                0x0601243a                __interrupt_handler95
                0x06012512                __interrupt_handler131
                0x06012524                __interrupt_handler134
                0x06012542                __interrupt_handler139
                0x060123b0                __interrupt_handler72
                0x0601276a                __interrupt_handler231
                0x060125c0                __interrupt_handler160
                0x06012506                __interrupt_handler129
                0x06012278                __interrupt_handler20
                0x06012386                __interrupt_handler65
                0x06012350                __interrupt_handler56
                0x0601224e                __interrupt_handler13
                0x060126e6                __interrupt_handler209
                0x060124a0                __interrupt_handler112
                0x06012272                __interrupt_handler19
                0x0601242e                __interrupt_handler93
                0x06012698                __interrupt_handler196
                0x0601258a                __interrupt_handler151
                0x060125ea                __interrupt_handler167
                0x06012800                __trampoline
                0x06012266                __interrupt_handler17
                0x06012758                __interrupt_handler228
                0x060127fa                __interrupt_handler255
                0x060127b8                __interrupt_handler244
                0x06012452                __interrupt_handler99
                0x0601264a                __interrupt_handler183
                0x06012548                __interrupt_handler140
                0x0601266e                __interrupt_handler189
                0x0601256c                __interrupt_handler146
                0x06012734                __interrupt_handler222
                0x060125a8                __interrupt_handler156
                0x060124dc                __interrupt_handler122
                0x060127d0                __interrupt_handler248
                0x06012320                __interrupt_handler48
                0x0601239e                __interrupt_handler69
                0x06012290                __interrupt_handler24
                0x06012416                __interrupt_handler89
                0x0601270a                __interrupt_handler215
                0x060127f4                __interrupt_handler254
                0x0601240a                __interrupt_handler87
                0x0601236e                __interrupt_handler61
                0x06012692                __interrupt_handler195
                0x06012584                __interrupt_handler150
                0x060122f6                __interrupt_handler41
                0x06012494                __interrupt_handler110
                0x060124fa                __interrupt_handler127
                0x06012488                __interrupt_handler108
                0x060124a6                __interrupt_handler113
                0x060124b8                __interrupt_handler116
                0x060124d6                __interrupt_handler121
                0x060123ce                __interrupt_handler77
                0x060122ea                __interrupt_handler39
                0x06012302                __interrupt_handler43
                0x060127d6                __interrupt_handler249
                0x06012614                __interrupt_handler174
                0x06012530                __interrupt_handler136
                0x06012668                __interrupt_handler188
                0x06012566                __interrupt_handler145
                0x06012236                __interrupt_handler9
                0x060123da                __interrupt_handler79
                0x06012752                __interrupt_handler227
                0x060122cc                __interrupt_handler34
                0x0601250c                __interrupt_handler130
                0x060127ca                __interrupt_handler247
                0x060123c2                __interrupt_handler75
                0x0601260e                __interrupt_handler173
                0x0601233e                __interrupt_handler53
                0x0601257e                __interrupt_handler149
                0x060127e2                __interrupt_handler251
                0x06012776                __interrupt_handler233
                0x0601223c                __interrupt_handler10
                0x060126c8                __interrupt_handler204
                0x060123ec                __interrupt_handler82
                0x060123f2                __interrupt_handler83
                0x06012296                __interrupt_handler25
                0x060127b2                __interrupt_handler243
                0x060125cc                __interrupt_handler162
                0x06012314                __interrupt_handler46
                0x0601262c                __interrupt_handler178
                0x060123e0                __interrupt_handler80
                0x06012374                __interrupt_handler62
                0x0601220c                __interrupt_handler2
                0x060122ae                __interrupt_handler29
                0x060123a4                __interrupt_handler70
                0x0601248e                __interrupt_handler109
                0x06012578                __interrupt_handler148
                0x06012434                __interrupt_handler94
                0x06012740                __interrupt_handler224
                0x0601246a                __interrupt_handler103
                0x060122d8                __interrupt_handler36
                0x060124f4                __interrupt_handler126
                0x060127c4                __interrupt_handler246
                0x0601234a                __interrupt_handler55
                0x06012248                __interrupt_handler12
                0x06012338                __interrupt_handler52
                0x06012662                __interrupt_handler187
                0x06012560                __interrupt_handler144
                0x060124be                __interrupt_handler117
                0x0601226c                __interrupt_handler18
                0x0601269e                __interrupt_handler197
                0x06012590                __interrupt_handler152
                0x060124c4                __interrupt_handler118
                0x060125fc                __interrupt_handler170
                0x060126b6                __interrupt_handler201
                0x06012446                __interrupt_handler97
                0x060125d2                __interrupt_handler163
                0x06012638                __interrupt_handler180
                0x06012680                __interrupt_handler192
                0x060127a0                __interrupt_handler240
                0x060124e2                __interrupt_handler123
                0x06012704                __interrupt_handler214
                0x060122ba                __interrupt_handler31
                0x060122a8                __interrupt_handler28
                0x06012392                __interrupt_handler67
                0x06012398                __interrupt_handler68
                0x06012284                __interrupt_handler22
                0x0601228a                __interrupt_handler23
                0x06012620                __interrupt_handler176
                0x0601222a                __interrupt_handler7
                0x0601272e                __interrupt_handler221
                0x06012716                __interrupt_handler217
                0x0601275e                __interrupt_handler229
                0x06012326                __interrupt_handler49
                0x06012218                __interrupt_handler4
                0x060122f0                __interrupt_handler40
                0x060124b2                __interrupt_handler115
                0x06012782                __interrupt_handler235
                0x06012422                __interrupt_handler91
                0x060126d4                __interrupt_handler206
                0x06012626                __interrupt_handler177
                0x06012572                __interrupt_handler147
                0x060122de                __interrupt_handler37
                0x060127dc                __interrupt_handler250
                0x06012206                __interrupt_handler1
                0x06012722                __interrupt_handler219
                0x060123c8                __interrupt_handler76
                0x06012458                __interrupt_handler100
                0x0601235c                __interrupt_handler58
                0x0601225a                __interrupt_handler15
                0x060126f8                __interrupt_handler212
                0x060127a6                __interrupt_handler241
                0x060126bc                __interrupt_handler202
                0x06012686                __interrupt_handler193
                0x060123d4                __interrupt_handler78
                0x0601232c                __interrupt_handler50
                0x060122c6                __interrupt_handler33
                0x060125e4                __interrupt_handler166
                0x0601253c                __interrupt_handler138
                0x0601252a                __interrupt_handler135
                0x060122b4                __interrupt_handler30
                0x06012650                __interrupt_handler184
                0x0601254e                __interrupt_handler141
                0x06012764                __interrupt_handler230
                0x06012788                __interrupt_handler236
                0x060124ca                __interrupt_handler119
                0x06012404                __interrupt_handler86
                0x06012476                __interrupt_handler105
                0x060123e6                __interrupt_handler81
                0x060124d0                __interrupt_handler120
                0x06012500                __interrupt_handler128
                0x06012344                __interrupt_handler54
                0x06012242                __interrupt_handler11
                0x060126aa                __interrupt_handler199
                0x0601259c                __interrupt_handler154
                0x0601230e                __interrupt_handler45
                0x06012710                __interrupt_handler216
                0x060126c2                __interrupt_handler203
                0x0601245e                __interrupt_handler101
                0x060123f8                __interrupt_handler84
                0x06012656                __interrupt_handler185
                0x06012554                __interrupt_handler142
                0x0601229c                __interrupt_handler26
                0x06012380                __interrupt_handler64
                0x060126b0                __interrupt_handler200
                0x060126da                __interrupt_handler207
                0x0601268c                __interrupt_handler194
                0x06012428                __interrupt_handler92
                0x060125a2                __interrupt_handler155
                0x060126f2                __interrupt_handler211
                0x0601251e                __interrupt_handler133
                0x0601221e                __interrupt_handler5
                0x060123b6                __interrupt_handler73
                0x06012260                __interrupt_handler16
                0x0601279a                __interrupt_handler239
                0x0601277c                __interrupt_handler234
                0x060122d2                __interrupt_handler35
                0x06012362                __interrupt_handler59
                0x060125f6                __interrupt_handler169
                0x0601244c                __interrupt_handler98
                0x060123aa                __interrupt_handler71
                0x06012332                __interrupt_handler51
                0x060125ba                __interrupt_handler159
                0x0601274c                __interrupt_handler226
                0x06012440                __interrupt_handler96
                0x06012674                __interrupt_handler190
                0x06012728                __interrupt_handler220
                0x06012230                __interrupt_handler8
                0x06012632                __interrupt_handler179
                0x060127e8                __interrupt_handler252
 *fill*         0x06012824        0xc 00
 .text          0x06012830     0x12a0 ../sbl6/segalib/lib/sega_spr.a(spr_2c.o)
                0x06013a90                SlaveFlushDrawPrtyBlock
                0x06012830                SPR_2Initial
                0x06013074                SPR_2SysClip
                0x06013014                SPR_2LocalCoord
                0x0601390c                SPR_2FlushDrawPrtyBlock
                0x060135f8                SPR_2DistSpr
                0x06012ffc                SPR_2FlushDrawPrty
                0x0601371c                SPR_2Cmd
                0x06012cf8                SPR_2GourTblNoToVram
                0x06012d58                SPR_2GetAreaSizeInfo
                0x06012ac0                SPR_2SetGourTbl
                0x060132ac                SPR_2Polygon
                0x06012d34                SPR_2CharNoToVram
                0x06012a40                SPR_2SetTvMode
                0x06012e9c                SPR_2CloseCommand
                0x06012a7c                SPR_2FrameEraseData
                0x06012858                SPR_2Initial2
                0x0601348c                SPR_2ScaleSpr
                0x0601311c                SPR_2Line
                0x06012de8                SPR_2OpenCommand
                0x06012a5c                SPR_2FrameChgIntr
                0x06013368                SPR_2NormSpr
                0x06012af0                SPR_2SetLookupTbl
                0x06012b24                SPR_2SetChar
                0x06012d1c                SPR_2LookupTblNoToVram
                0x060131f0                SPR_2PolyLine
                0x06012c90                SPR_2ClrAllChar
                0x06012c44                SPR_2ClrChar
                0x060130c0                SPR_2UserClip
 .text          0x06013ad0      0x1e6 ../sbl6/segalib/lib/sega_spr.a(spr_slv.o)
                0x06013c34                SPR_WaitEndSlaveSH
                0x06013ad0                SPR_SMPC_SSHON
                0x06013c10                SPR_RunSlaveSH
                0x06013ad4                SPR_InitSlaveSH
                0x06013b9c                SPR_SlaveSHmain
                0x06013ad1                SPR_SMPC_SSHOFF
 *fill*         0x06013cb6        0xa 00
 .text          0x06013cc0      0x36a ../sbl6/segalib/lib/sega_spr.a(spr_1c.o)
                0x06013f74                SPR_WaitDrawEnd
                0x06013f8c                SPR_SetEosMode
                0x06013ea4                SPR_SetEraseData
                0x06013cc0                SPR_Initial
                0x06013d98                SPR_SetTvMode
                0x06013e30                SPR_GetStatus
 *fill*         0x0601402a        0x6 00
 .text          0x06014030      0x244 ../sbl6/segalib/lib/sega_spr.a(spr_2a.o)
                0x06014042                sprMemCpyW
                0x060140a0                flushDrawPrtyBlock
                0x06014030                sprMemCpyL
                0x06014054                SPR_2SetDrawPrty
 *fill*         0x06014274        0xc 00
 .text          0x06014280      0x2fc ../sbl6/segalib/lib/sega_scl.a(scl_vblv.o)
                0x0601433c                SCL_DisplayFrame
                0x06014280                SCL_SetFrameInterval
                0x06014370                SCL_VblInit
                0x060143c0                SCL_VblankStart
                0x06014404                SCL_VblankEnd
 *fill*         0x0601457c        0x4 00
 .text          0x06014580      0xb9c ../sbl6/segalib/lib/sega_scl.a(scl_func.o)
                0x06014f5c                SCL_Vdp2_SGLInit
                0x06014e6c                SCL_PriIntProc
                0x06014de4                SCL_Memcpyw
                0x060150fc                SCL_SglOff
                0x060150dc                SCL_SglOn
                0x06014d50                SCL_ScrollShow
                0x060147f8                SCL_Close
                0x06014af0                SCL_Scale
                0x06014580                SCL_Vdp2Init
                0x06014964                SCL_Move
                0x06014c2c                SCL_CopyReg
                0x060147d4                SCL_Open
                0x06014604                SCL_ParametersInit
                0x06014814                SCL_MoveTo
                0x06014e0c                SCL_SetColRamMode
 *fill*         0x0601511c        0x4 00
 .text          0x06015120      0x138 ../sbl6/segalib/lib/sega_scl.a(scl_pr03.o)
                0x06015120                SCL_FreeColRam
                0x06015158                SCL_AllocColRam
 *fill*         0x06015258        0x8 00
 .text          0x06015260       0x9c ../sbl6/segalib/lib/sega_scl.a(scl_pr02.o)
                0x06015260                SCL_SetColRam
 *fill*         0x060152fc        0x4 00
 .text          0x06015300       0x84 ../sbl6/segalib/lib/sega_scl.a(scl_back.o)
                0x06015300                SCL_SetBack
 *fill*         0x06015384        0xc 00
 .text          0x06015390      0x94c ../sbl6/segalib/lib/sega_scl.a(scl_fu03.o)
                0x060153ec                SCL_SetConfig
                0x06015390                SCL_InitConfigTb
 *fill*         0x06015cdc        0x4 00
 .text          0x06015ce0      0x4f4 ../sbl6/segalib/lib/sega_scl.a(scl_fu02.o)
                0x06015d18                SCL_SetVramConfig
                0x06015ce0                SCL_InitVramConfigTb
 *fill*         0x060161d4        0xc 00
 .text          0x060161e0       0x28 ../sbl6/segalib/lib/sega_scl.a(scl_fu04.o)
                0x060161e0                SCL_SetCycleTable
 *fill*         0x06016208        0x8 00
 .text          0x06016210      0x214 ../sbl6/segalib/lib/sega_scl.a(scl_pr07.o)
                0x06016210                SCL_SetPriority
 *fill*         0x06016424        0xc 00
 .text          0x06016430       0x58 ../sbl6/segalib/lib/sega_scl.a(scl_pr01.o)
                0x06016430                SCL_SetSpriteMode
 *fill*         0x06016488        0x8 00
 .text          0x06016490     0x10a4 ../sbl6/segalib/lib/sega_scl.a(scl_pri.o)
                0x06016524                SCL_AbortAutoVe
                0x060173d4                SCL_SetShadowBit
                0x0601699c                SCL_AutoExec
                0x06016490                SCL_PriorityInit
                0x06016eb0                SCL_IncColOffset
                0x06016538                SCL_SetColMixRate
                0x06016508                SCL_GetColRamMode
 *fill*         0x06017534        0xc 00
 .text          0x06017540     0x1394 ../sbl6/segalib/lib/sega_scl.a(scl_ro00.o)
                0x0601872c                SCL_RotateZD
                0x060179f4                SCL_Rotate
                0x060176c8                SCL_InitRotateTable
 *fill*         0x060188d4        0xc 00
 .text          0x060188e0      0x1b4 ../sbl6/segalib/lib/sega_scl.a(scl_pr06.o)
                0x060188e0                SCL_SetColRamOffset
 *fill*         0x06018a94        0xc 00
 .text          0x06018aa0       0xac ../sbl6/segalib/lib/sega_scl.a(scl_pr05.o)
                0x06018aa0                SCL_GetColRamOffset
 *fill*         0x06018b4c        0x4 00
 .text          0x06018b50       0xa4 ../sbl6/segalib/lib/sega_mth.a(mth_fixd.o)
                0x06018ba0                MTH_FixedToInt
                0x06018b90                MTH_IntToFixed
                0x06018b50                MTH_Mul
                0x06018bb0                MTH_Product
                0x06018b70                MTH_Div
 *fill*         0x06018bf4        0xc 00
 .text          0x06018c00      0x600 ../sbl6/segalib/lib/sega_mth.a(mth_tri.o)
                0x06018c9c                fcos
                0x06018ca2                fsin
                0x06018c4c                MTH_Cos
                0x06018c00                MTH_Sin
                0x06018e40                MTH_Atan
 .text          0x06019200      0xf50 ../sbl6/segalib/lib/sega_per.a(per_prt.o)
                0x06019620                PER_IntFunc
                0x06019418                PER_LGetPer
                0x06019200                PER_LInit
 .text          0x0601a150     0x1b04 ../sbl6/segalib/lib/sega_sat.a(gfs.o)
                0x0601a150                gfs_version
                0x0601b3c4                gfs_mngGetNumFile
                0x0601bb44                gfs_closeSub
                0x0601aee0                GFS_SetGmode
                0x0601b19c                GFS_SetErrFunc
                0x0601b2ec                gfs_mngSetupFuncTbl
                0x0601a4a8                GFS_Reset
                0x0601b214                gfs_chgRoot
                0x0601b2e0                gfs_aborttrans
                0x0601b5c4                gfs_svrAddHndl
                0x0601b474                gfs_mngFreeGrp
                0x0601b1ec                GFS_ConvTno
                0x0601b778                gfs_getRootDir
                0x0601b1c8                GFS_GetErrStat
                0x0601a618                GFS_Seek
                0x0601ac84                GFS_NwStop
                0x0601b480                gfs_mngTermAccess
                0x0601a52c                GFS_Open
                0x0601b42c                GFS_mngAllocGrp
                0x0601bb8c                gfs_isTaskDone
                0x0601a984                GFS_Fread
                0x0601b0e4                GFS_StartTrans
                0x0601bae0                gfs_GetFinfo
                0x0601b320                gfs_mngInitWork
                0x0601a770                GFS_ByteToSct
                0x0601b584                gfs_svrSearchHndl
                0x0601b874                gfs_loadRootDir
                0x0601a3cc                GFS_IdToName
                0x0601aac8                GFS_NwFread
                0x0601b014                GFS_SetTransPara
                0x0601abd4                GFS_NwCdRead
                0x0601b6b4                gfs_loadVol
                0x0601afb0                GFS_SetReadPara
                0x0601a6cc                GFS_Tell
                0x0601af44                GFS_SetTmode
                0x0601ba48                GFS_GetFad
                0x0601b080                GFS_SetTrFunc
                0x0601b130                GFS_CdMovePickup
                0x0601a368                GFS_NameToId
                0x0601ad9c                GFS_NwExecOne
                0x0601b8fc                gfs_flowIn
                0x0601a824                GFS_GetFileInfo
                0x0601b9a4                gfs_transData
                0x0601b600                gfs_svrRemoveHndl
                0x0601ac4c                GFS_NwIsComplete
                0x0601bb80                gfs_getGmode
                0x0601acf0                GFS_NwGetStat
                0x0601b65c                GFS_OpenSub
                0x0601a300                GFS_SetDir
                0x0601a7cc                GFS_GetFileSize
                0x0601a898                GFS_GetNumCdbuf
                0x0601bbe0                gfs_convFinStat
                0x0601a8c0                GFS_Load
                0x0601aa20                gfs_waitRead
                0x0601a258                GFS_LoadDir
                0x0601a438                GFS_GetDirInfo
                0x0601a5e0                GFS_Close
                0x0601a170                GFS_Init
                0x0601ad6c                gfs_recovRdErr
                0x0601b504                gfs_mngSetErrCode
                0x0601ae5c                GFS_NwExecServer
                0x0601a71c                GFS_IsEof
                0x0601baa0                gfs_SetSct
 *fill*         0x0601bc54        0xc 00
 .text          0x0601bc60      0x1f4 ../sbl6/segalib/lib/sega_sat.a(DMA_SCU1.o)
                0x0601bdbc                DMA_ScuResult
                0x0601bc60                DMA_ScuInit
                0x0601bcb0                DMA_ScuMemCopy
 *fill*         0x0601be54        0xc 00
 .text          0x0601be60      0x8d4 ../sbl6/segalib/lib/sega_sat.a(gfs_cdf.o)
                0x0601c354                GFCF_Seek
                0x0601c45c                GFCF_GetStat
                0x0601c33c                GFCF_Tell
                0x0601bf00                GFCF_Setup
                0x0601c408                GFCF_cnvIntlvOfs
                0x0601be60                GFCF_Init
                0x0601c2f4                GFCF_Recover
                0x0601c048                GFCF_SetSct
                0x0601c36c                GFCF_MovePickup
                0x0601c530                gfcf_isCdOk
                0x0601c100                GFCF_FlowInBuf
                0x0601c08c                GFCF_GetFileInfo
                0x0601c254                GFCF_StopInBuf
                0x0601c4f4                gfcf_getSctSize
                0x0601c5f0                gfcf_getPlayRange
 *fill*         0x0601c734        0xc 00
 .text          0x0601c740      0x928 ../sbl6/segalib/lib/sega_sat.a(gfs_dir.o)
                0x0601cc30                gfdr_setNextRec
                0x0601d02c                gfdr_setDirrecCd
                0x0601ca28                gfdr_open
                0x0601c83c                GFDR_GetAtrDirId
                0x0601cb10                gfdr_readByte
                0x0601c740                GFDR_SetupDirTbl
                0x0601cc08                gfdr_readLongNM
                0x0601ccb4                gfdr_readDirEnt
                0x0601c86c                GFDR_ChgRoot
                0x0601c7b4                GFDR_NameToId
                0x0601c8f8                gfdr_setupDirIdTbl
                0x0601c854                GFDR_GetAtrDirName
                0x0601c814                GFDR_GetInfoDirId
                0x0601cbbc                gfdr_readLongNB
                0x0601ca50                gfdr_read
                0x0601cb3c                gfdr_readWord
                0x0601c97c                gfdr_setupDirNameTbl
                0x0601c828                GFDR_GetInfoDirName
                0x0601c884                GFDR_ChgDir
                0x0601cb68                gfdr_readWordNB
 *fill*         0x0601d068        0x8 00
 .text          0x0601d070      0xa46 ../sbl6/segalib/lib/sega_sat.a(gfs_trn.o)
                0x0601d150                GFTR_SetTransMax
                0x0601d520                gftr_execScu
                0x0601daa4                GFTR_SetTransFunc
                0x0601d96c                gftr_remTrn
                0x0601da90                GFTR_SetData
                0x0601d790                gftr_execSdma1
                0x0601d9e0                gftr_copyFrac
                0x0601d144                GFTR_GetNumTrans
                0x0601d0e4                GFTR_SetMode
                0x0601d760                gftr_remDma0
                0x0601da08                GFTR_GetLenData
                0x0601d514                gftr_reqScu
                0x0601d778                gftr_reqDma1
                0x0601d430                gftr_getSrcPack
                0x0601da60                GFTR_RtnDstPk
                0x0601d5fc                gfdma_exec
                0x0601d894                gftr_execTrn
                0x0601d328                GFTR_ExecSvr
                0x0601d824                gftr_reqTrn
                0x0601d6ec                gfdma_getBytecnt
                0x0601d7cc                gftr_reqCpu
                0x0601da2c                GFTR_GetDstPack
                0x0601d724                gftr_reqDma0
                0x0601d2b0                GFTR_Idle
                0x0601d168                GFTR_Pause
                0x0601d138                GFTR_GetTransPara
                0x0601d818                gftr_remCpu
                0x0601d104                GFTR_SetTransPara
                0x0601d7b4                gftr_remDma1
                0x0601d174                GFTR_Stop
                0x0601d73c                gftr_execSdma0
                0x0601d0a0                GFTR_Setup
                0x0601d5bc                gftr_remScu
                0x0601d4b8                gftr_getDstPack
                0x0601d5f0                gfdma_canUse
                0x0601d22c                GFTR_Exec
                0x0601da7c                GFTR_GetData
                0x0601d15c                GFTR_Start
                0x0601d0f8                GFTR_SetUnit
                0x0601d7d8                gftr_execCpu
                0x0601da14                GFTR_GetLenRoom
 *fill*         0x0601dab6        0xa 00
 .text          0x0601dac0      0x106 ../sbl6/segalib/lib/sega_sat.a(gfs_buf.o)
                0x0601db18                GFBF_GetNumData
                0x0601db94                GFBF_RtnPk
                0x0601db48                GFBF_GetSrcPk
                0x0601dbbc                gfbf_getSctDt
                0x0601daf0                GFBF_GetTranData
                0x0601db70                GFBF_GetSctData
 *fill*         0x0601dbc6        0xa 00
 .text          0x0601dbd0      0x600 ../sbl6/segalib/lib/sega_sat.a(gfs_cdb.o)
                0x0601e178                GFCB_GetPickup
                0x0601dcf0                GFCB_Close
                0x0601dfbc                GFCB_GetSrcPack
                0x0601e144                GFCB_SetCon
                0x0601ddc4                GFCB_GetLenRoom
                0x0601e128                GFCB_MovePickup
                0x0601e09c                GFCB_GetSctData
                0x0601ddd0                GFCB_SetFilt
                0x0601dd18                GFCB_GetLenData
                0x0601e1b8                GFCB_UngetPickup
                0x0601dbd0                GFCB_Setup
                0x0601de60                GFCB_Tell
                0x0601e1a0                GFCB_IsPuOwner
                0x0601dec0                GFCB_Seek
                0x0601de38                GFCB_DeleteAllData
                0x0601e0d4                GFCB_GetDstPack
                0x0601de70                gfcb_getSctNum
                0x0601e0e0                GFCB_RtnPk
 .text          0x0601e1d0     0x1a04 ../sbl6/segalib/lib/sega_sat.a(gfs_cdc.o)
                0x0601e46c                GFCD_AllocBuf
                0x0601f248                gfcd_doGetLenDataTsk
                0x0601fae4                GFCD_SetCsctFunc
                0x0601e544                GFCD_GetBaseFad
                0x0601e6c0                GFCD_GetFilt
                0x0601f6d4                gfcd_doChgDirTsk
                0x0601fa14                gfcd_checkEflag
                0x0601ea08                GFCD_MovePickup
                0x0601eaec                GFCD_GetSctInfo
                0x0601f39c                gfcd_doReqDataTsk
                0x0601eb34                GFCD_ChgDir
                0x0601e828                GFCD_ReqData
                0x0601fb00                GFCD_ChkScdqFlag
                0x0601efb8                GFCD_WaitServer
                0x0601e8cc                GFCD_DelSctData
                0x0601eda4                GFCD_ExecServer
                0x0601f1b8                gfcd_doSetConTsk
                0x0601e400                GFCD_AllocFilt
                0x0601e5fc                GFCD_SetFilt
                0x0601eff4                gfcd_doSetFiltTsk
                0x0601fb24                GFCD_ClrScdqFlag
                0x0601f43c                gfcd_doDelSctDataTsk
                0x0601ef00                gfcd_doTask
                0x0601e578                GFCD_GetPickup
                0x0601eac8                GFCD_CheckMove
                0x0601fb40                GFCD_WaitScdqFlag
                0x0601e760                GFCD_Play
                0x0601f570                gfcd_doMoveSctTsk
                0x0601e708                GFCD_SetCon
                0x0601eba8                GFCD_SetFiltCon
                0x0601fb84                GFCD_WaitPause
                0x0601ed6c                GFCD_GetBufSiz
                0x0601e5ac                GFCD_UngetPickup
                0x0601ec90                GFCD_GetFileInfo
                0x0601e884                GFCD_EndData
                0x0601e4a0                GFCD_FreeBuf
                0x0601e7c0                GFCD_GetLenData
                0x0601e43c                GFCD_FreeFilt
                0x0601ee78                gfcd_isIdleTask
                0x0601e1fc                GFCD_Init
                0x0601f8d0                gfcd_doSetFiltConTsk
                0x0601e954                GFCD_GetStat
                0x0601ea54                GFCD_MoveSctData
                0x0601e5d8                GFCD_IsPuOwner
                0x0601fa38                gfcd_initCdbMng
                0x0601e1d0                GFCD_SetCdbfs
                0x0601efa4                GFCD_SetTimer
                0x0601fab8                gfcd_setStat
                0x0601e924                GFCD_CheckDelSctData
 *fill*         0x0601fbd4        0xc 00
 .text          0x0601fbe0      0x308 ../sbl6/segalib/lib/sega_sat.a(DMA_SCU0.o)
                0x0601fc64                DMA_ScuStart
                0x0601fd98                DMA_ScuIntFunc0
                0x0601fe08                DMA_ScuIntFunc1
                0x0601fe78                DMA_ScuIntFunc2
                0x0601fd58                DMA_ScuGetStatus
                0x0601fbe0                DMA_ScuSetPrm
 *fill*         0x0601fee8        0x8 00
 .text          0x0601fef0       0xe8 ../sbl6/segalib/lib/sega_sat.a(csh_main.o)
                0x0601fef0                CSH_Init
                0x0601ff58                CSH_AllClr
                0x0601ffa4                CSH_Purge
 *fill*         0x0601ffd8        0x8 00
 .text          0x0601ffe0      0x1b6 ../sbl6/segalib/lib/sega_sat.a(DMA_CPU0.o)
                0x06020028                DMA_CpuSetPrm
                0x0602012c                DMA_CpuStart
                0x06020184                DMA_CpuGetStatus
                0x06020158                DMA_CpuAllStop
                0x0602016c                DMA_CpuGetComStatus
                0x0601ffe0                DMA_CpuSetComPrm
                0x06020140                DMA_CpuStop
 *fill*         0x06020196        0xa 00
 .text          0x060201a0      0x2dc ../sbl6/segalib/lib/sega_sat.a(cdc_reg.o)
                0x060201f4                CDREG_ClrHirqReq
                0x060201c4                CDC_ClrHirqReq
                0x06020274                CDREG_TgetData
                0x06020264                CDC_GetMpegPtr
                0x06020240                CDC_GetHirqMsk
                0x060201a0                CDC_GetDataPtr
                0x060201b0                CDC_GetHirqReq
                0x060203d0                CDREG_WaitHirq
                0x06020254                CDC_SetHirqMsk
                0x060202d0                CDREG_CmdRsp
                0x06020204                CDREG_InitHirqReq
                0x0602022c                CDREG_SetHirqFlag
                0x06020440                CDREG_ReadRsp
 *fill*         0x0602047c        0x4 00
 .text          0x06020480      0x194 ../sbl6/segalib/lib/sega_sat.a(cdc_cfs.o)
                0x06020480                CDC_ChgDir
                0x060204b4                CDC_ReadDir
                0x060205d8                CDC_AbortFile
                0x060204e8                CDC_GetFileScope
                0x06020548                CDC_TgetFileInfo
                0x060205a4                CDC_ReadFile
 *fill*         0x06020614        0xc 00
 .text          0x06020620      0x3a0 ../sbl6/segalib/lib/sega_sat.a(cdc_cmn.o)
                0x060207c4                CDC_TgetToc
                0x06020968                CDC_DataEnd
                0x06020688                CDC_GetPeriStat
                0x060208fc                CDC_DataReady
                0x060208d4                CDC_CdOpen
                0x06020850                CDC_CdInit
                0x06020814                CDC_GetSes
                0x06020670                CDC_GetLastStat
                0x06020620                CDC_GetCurStat
                0x0602075c                CDC_GetHwInfo
 .text          0x060209c0      0x1e4 ../sbl6/segalib/lib/sega_sat.a(cdc_bio.o)
                0x06020a6c                CDC_GetdelSctData
                0x060209f4                CDC_GetSctData
                0x06020aa8                CDC_PutSctData
                0x06020b24                CDC_MoveSctData
                0x06020b68                CDC_GetCopyErr
                0x06020a30                CDC_DelSctData
                0x060209c0                CDC_SetSctLen
                0x06020ae0                CDC_CopySctData
 *fill*         0x06020ba4        0xc 00
 .text          0x06020bb0      0x2b8 ../sbl6/segalib/lib/sega_sat.a(cdc_sel.o)
                0x06020de0                CDC_GetFiltCon
                0x06020d5c                CDC_GetFiltMode
                0x06020e34                CDC_ResetSelector
                0x06020bb0                CDC_SetFiltRange
                0x06020c3c                CDC_SetFiltSubh
                0x06020cac                CDC_GetFiltSubh
                0x06020be4                CDC_GetFiltRange
                0x06020d28                CDC_SetFiltMode
                0x06020da0                CDC_SetFiltCon
 *fill*         0x06020e68        0x8 00
 .text          0x06020e70      0x130 ../sbl6/segalib/lib/sega_sat.a(cdc_drv.o)
                0x06020e70                CDC_CdPlay
                0x06020f3c                CDC_CdSeek
                0x06020f70                CDC_CdScan
 .text          0x06020fa0      0x270 ../sbl6/segalib/lib/sega_sat.a(cdc_bif.o)
                0x06020ffc                CDC_GetSctNum
                0x0602117c                CDC_ExeFadSearch
                0x060210fc                CDC_GetSctInfo
                0x06021040                CDC_CalActSiz
                0x06020fa0                CDC_GetBufSiz
                0x0602107c                CDC_GetActSiz
                0x060211b4                CDC_GetFadSearch
 .text          0x06021210       0xa8 ../sbl6/segalib/lib/sega_sat.a(cdc_dev.o)
                0x0602127c                CDC_CdGetLastBuf
                0x06021210                CDC_CdSetCon
                0x06021240                CDC_CdGetCon
 *fill*         0x060212b8        0x8 00
 .text          0x060212c0      0x152 ../sbl6/segalib/lib/sega_sat.a(cdc_sub.o)
                0x06021368                CDSUB_GetCdstat
                0x060212d8                CDSUB_UpdCdstat
                0x060213a8                CDSUB_RspToCdstat
                0x060213f0                CDSUB_SoftTimer
                0x060212c0                CDSUB_UpdStatus
                0x060212f8                CDSUB_CdCmd
 *fill*         0x06021412        0xe 00
 .text          0x06021420       0x60 C:/saturn/SH_COFF/sh-coff/bin/../lib/gcc/sh-coff/3.4-GNUSH_v0501\libgcc.a(_ashiftrt.o)
                0x0602142c                __ashiftrt_r4_27
                0x06021460                __ashiftrt_r4_6
                0x06021450                __ashiftrt_r4_14
                0x06021442                __ashiftrt_r4_19
                0x0602145a                __ashiftrt_r4_9
                0x0602146e                __ashiftrt_r4_0
                0x06021420                __ashiftrt_r4_31
                0x0602142e                __ashiftrt_r4_26
                0x0602143c                __ashiftrt_r4_22
                0x06021448                __ashiftrt_r4_16
                0x06021454                __ashiftrt_r4_12
                0x06021428                __ashiftrt_r4_29
                0x06021446                __ashiftrt_r4_17
                0x06021426                __ashiftrt_r4_30
                0x06021462                __ashiftrt_r4_5
                0x0602145c                __ashiftrt_r4_8
                0x06021420                __ashiftrt_r4_32
                0x06021430                __ashiftrt_r4_25
                0x06021468                __ashiftrt_r4_2
                0x06021432                __ashiftrt_r4_24
                0x0602144e                __ashiftrt_r4_15
                0x06021458                __ashiftrt_r4_10
                0x0602146a                __ashiftrt_r4_1
                0x0602142a                __ashiftrt_r4_28
                0x06021440                __ashiftrt_r4_20
                0x0602145e                __ashiftrt_r4_7
                0x06021452                __ashiftrt_r4_13
                0x06021456                __ashiftrt_r4_11
                0x06021464                __ashiftrt_r4_4
                0x0602143a                __ashiftrt_r4_23
                0x06021444                __ashiftrt_r4_18
                0x0602143e                __ashiftrt_r4_21
                0x06021466                __ashiftrt_r4_3
 .text          0x06021480       0x90 C:/saturn/SH_COFF/sh-coff/bin/../lib/gcc/sh-coff/3.4-GNUSH_v0501\libgcc.a(_ashiftlt.o)
                0x06021480                __ashlsi3
 .text          0x06021510       0xb0 C:/saturn/SH_COFF/sh-coff/bin/../lib/gcc/sh-coff/3.4-GNUSH_v0501\libgcc.a(_movstr.o)
                0x06021550                __movstrSI16
                0x06021524                __movstrSI60
                0x06021530                __movstrSI48
                0x0602152c                __movstrSI52
                0x06021520                __movstrSI64
                0x06021534                __movstrSI44
                0x06021538                __movstrSI40
                0x0602153c                __movstrSI36
                0x06021570                __movstr
                0x06021528                __movstrSI56
                0x06021544                __movstrSI28
                0x06021540                __movstrSI32
                0x06021554                __movstrSI12
                0x06021558                __movstrSI8
                0x06021560                __movstrSI0
                0x06021548                __movstrSI24
                0x0602154c                __movstrSI20
                0x0602155c                __movstrSI4
 .text          0x060215c0       0xa0 C:/saturn/SH_COFF/sh-coff/bin/../lib/gcc/sh-coff/3.4-GNUSH_v0501\libgcc.a(__main.o)
                0x06021634                __main
                0x060215c0                __do_global_dtors
                0x060215f4                __do_global_ctors
 .text          0x06021660       0x70 C:/saturn/SH_COFF/sh-coff/bin/../lib/gcc/sh-coff/3.4-GNUSH_v0501\libgcc.a(_udivsi3.o)
                0x06021682                __udivsi3
 .text          0x060216d0       0xb0 C:/saturn/SH_COFF/sh-coff/bin/../lib/gcc/sh-coff/3.4-GNUSH_v0501\libgcc.a(_si_to_df.o)
                0x060216d0                __floatsidf
 .text          0x06021780      0x2e0 C:/saturn/SH_COFF/sh-coff/bin/../lib/gcc/sh-coff/3.4-GNUSH_v0501\libgcc.a(_mul_df.o)
                0x06021790                __muldf3
 .text          0x06021a60       0x80 C:/saturn/SH_COFF/sh-coff/bin/../lib/gcc/sh-coff/3.4-GNUSH_v0501\libgcc.a(_df_to_si.o)
                0x06021a60                __fixdfsi
 .text          0x06021ae0       0xa0 C:/saturn/SH_COFF/sh-coff/bin/../lib/gcc/sh-coff/3.4-GNUSH_v0501\libgcc.a(_sdivsi3.o)
                0x06021ae0                __sdivsi3
 .text          0x06021b80      0x220 C:/saturn/SH_COFF/sh-coff/bin/../lib/gcc/sh-coff/3.4-GNUSH_v0501\libgcc.a(_pack_df.o)
                0x06021b90                __pack_d
 .text          0x06021da0      0x120 C:/saturn/SH_COFF/sh-coff/bin/../lib/gcc/sh-coff/3.4-GNUSH_v0501\libgcc.a(_unpack_df.o)
                0x06021db0                __unpack_d
 .text          0x06021ec0       0x20 C:/saturn/SH_COFF/sh-coff/bin/../lib/gcc/sh-coff/3.4-GNUSH_v0501\libgcc.a(_thenan_df.o)
                0x06021ec0                __thenan_df
 .text          0x06021ee0       0xd0 C:/saturn/SH_COFF/sh-coff/bin/../lib/gcc/sh-coff/3.4-GNUSH_v0501\libgcc.a(_muldi3.o)
                0x06021ee0                __muldi3
 .text          0x06021fb0       0x80 C:/saturn/SH_COFF/sh-coff/bin/../lib/gcc/sh-coff/3.4-GNUSH_v0501\libgcc.a(_lshrdi3.o)
                0x06021fb0                __lshrdi3
 .text          0x06022030       0x80 C:/saturn/SH_COFF/sh-coff/bin/../lib/gcc/sh-coff/3.4-GNUSH_v0501\libgcc.a(_ashldi3.o)
                0x06022030                __ashldi3
 .text          0x060220b0       0x30 C:/saturn/SH_COFF/sh-coff/bin/../lib/gcc/sh-coff/3.4-GNUSH_v0501\libgcc.a(_mulsi3.o)
                0x060220b0                __mulsi3
 .text          0x060220e0       0x90 C:/saturn/SH_COFF/sh-coff/bin/../lib/gcc/sh-coff/3.4-GNUSH_v0501\libgcc.a(_lshiftrt.o)
                0x060220e0                __lshrsi3
 .text          0x06022170       0xa0 C:/saturn/SH_COFF/sh-coff/bin/../lib/gcc/sh-coff/3.4-GNUSH_v0501/../../../../sh-coff/lib\libc.a(memcpy.o)
                0x06022170                memcpy
 .text          0x06022210       0x40 C:/saturn/SH_COFF/sh-coff/bin/../lib/gcc/sh-coff/3.4-GNUSH_v0501/../../../../sh-coff/lib\libc.a(memset.o)
                0x06022210                memset
 .text          0x06022250       0x60 C:/saturn/SH_COFF/sh-coff/bin/../lib/gcc/sh-coff/3.4-GNUSH_v0501/../../../../sh-coff/lib\libc.a(memcmp.o)
                0x06022250                memcmp
 .text          0x060222b0       0xb0 C:/saturn/SH_COFF/sh-coff/bin/../lib/gcc/sh-coff/3.4-GNUSH_v0501/../../../../sh-coff/lib\libc.a(strncmp.o)
                0x060222b0                strncmp
 .text          0x06022360       0xa0 C:/saturn/SH_COFF/sh-coff/bin/../lib/gcc/sh-coff/3.4-GNUSH_v0501/../../../../sh-coff/lib\libc.a(strncpy.o)
                0x06022360                strncpy
 .text          0x06022400       0x90 C:/saturn/SH_COFF/sh-coff/bin/../lib/gcc/sh-coff/3.4-GNUSH_v0501/../../../../sh-coff/lib\libc.a(atexit.o)
                0x06022400                atexit
 .text          0x06022490       0x10 C:/saturn/SH_COFF/sh-coff/bin/../lib/gcc/sh-coff/3.4-GNUSH_v0501/../../../../sh-coff/lib\libc.a(impure.o)
                0x06022490                _global_impure_ptr
 .text          0x060224a0       0x40 C:/saturn/SH_COFF/sh-coff/bin/../lib/gcc/sh-coff/3.4-GNUSH_v0501/../../../../sh-coff/lib\libc.a(malloc.o)
                0x060224bc                free
                0x060224a0                malloc
 .text          0x060224e0      0x5b0 C:/saturn/SH_COFF/sh-coff/bin/../lib/gcc/sh-coff/3.4-GNUSH_v0501/../../../../sh-coff/lib\libc.a(mallocr.o)
                0x060224e0                _malloc_r
 .text          0x06022a90      0x340 C:/saturn/SH_COFF/sh-coff/bin/../lib/gcc/sh-coff/3.4-GNUSH_v0501/../../../../sh-coff/lib\libc.a(freer.o)
                0x06022a90                _malloc_trim_r
                0x06022b84                _free_r
 .text          0x06022dd0       0x20 C:/saturn/SH_COFF/sh-coff/bin/../lib/gcc/sh-coff/3.4-GNUSH_v0501/../../../../sh-coff/lib\libc.a(mlock.o)
                0x06022dd0                __malloc_lock
                0x06022ddc                __malloc_unlock
 .text          0x06022df0       0x50 C:/saturn/SH_COFF/sh-coff/bin/../lib/gcc/sh-coff/3.4-GNUSH_v0501/../../../../sh-coff/lib\libc.a(sbrkr.o)
                0x06022df0                _sbrk_r
 .text          0x06022e40      0x380 C:/saturn/SH_COFF/sh-coff/bin/../lib/gcc/sh-coff/3.4-GNUSH_v0501/../../../../sh-coff/lib\libc.a(syscalls.o)
                0x06022fac                _exit
                0x06022fe0                _getpid
                0x06023048                _utime
                0x06022e78                _write
                0x06022e40                _read
                0x06022f94                _unlink
                0x06022f5c                _open
                0x06022ff8                _stat
                0x06022fa0                isatty
                0x06023078                _wait
                0x06022fc4                _kill
                0x06023014                _chmod
                0x060230a8                _execv
                0x0602308c                _execve
                0x06023184                __setup_argv_and_call_main
                0x060230e0                _gettimeofday
                0x06022eac                _link
                0x06022fec                _raise
                0x06022f78                _creat
                0x060230c0                _pipe
                0x0602302c                _chown
                0x06022e5c                _lseek
                0x06022e94                _close
                0x060230d4                _times
                0x06022f48                _fstat
                0x06023064                _fork
                0x06022ed4                _sbrk
 .text          0x060231c0       0x20 C:/saturn/SH_COFF/sh-coff/bin/../lib/gcc/sh-coff/3.4-GNUSH_v0501/../../../../sh-coff/lib\libc.a(trap.o)
                0x060231c0                __trap34
 .text          0x060231e0       0x20 C:/saturn/SH_COFF/sh-coff/bin/../lib/gcc/sh-coff/3.4-GNUSH_v0501/../../../../sh-coff/lib\libc.a(abort.o)
                0x060231e0                abort
 .text          0x06023200      0x270 C:/saturn/SH_COFF/sh-coff/bin/../lib/gcc/sh-coff/3.4-GNUSH_v0501/../../../../sh-coff/lib\libc.a(signal.o)
                0x060232c0                _raise_r
                0x06023448                __sigtramp
                0x060233f4                raise
                0x06023430                _init_signal
                0x06023380                __sigtramp_r
                0x06023410                signal
                0x0602324c                _signal_r
                0x06023200                _init_signal_r
 .text          0x06023470       0x60 C:/saturn/SH_COFF/sh-coff/bin/../lib/gcc/sh-coff/3.4-GNUSH_v0501/../../../../sh-coff/lib\libc.a(signalr.o)
                0x060234b8                _getpid_r
                0x06023470                _kill_r
 *(.strings)

.tors           0x060234d0        0x0
                0x060234d0                ___ctors = .
 *(.ctors)
                0x060234d0                ___ctors_end = .
                0x060234d0                ___dtors = .
 *(.dtors)
                0x060234d0                ___dtors_end = .

.data           0x060234d0     0x1580
                0x060234d0                STARTOF_R = .
 *(.data)
 .data          0x060234d0      0x400 ../sbl6/segasmp/per/smpclib/per_x1.o
 .data          0x060238d0      0x4c0 graphics.o
                0x0602392a                guy_num
                0x06023d88                bg_num
                0x06023980                bg_pal
                0x0602391c                guy_name
                0x060238dc                guy_pal
                0x06023976                font_height
                0x060238da                map_width
                0x060238d8                map_height
                0x06023926                guy_width
                0x060238d0                map_name
                0x0602396c                font_name
                0x06023d80                bg_name
                0x06023978                font_width
                0x06023924                guy_height
                0x0602397c                font_num
                0x0602392c                font_pal
                0x06023928                guy_size
                0x0602397a                font_size
 .data          0x06023d90       0x30 sprite.o
 .data          0x06023dc0       0x20 scroll.o
                0x06023dc0                CycleTb
                0x06023dd0                vram
 .data          0x06023de0      0x400 ../sbl6/segalib/lib/sega_int.a(int.o)
 .data          0x060241e0       0x1c ../sbl6/segalib/lib/sega_spr.a(spr_slv.o)
                0x060241e8                SPR_SlaveParam
                0x060241f8                SPR_SMPC_SF
                0x060241f0                SPR_SMPC_COM
                0x060241ec                SPR_SlaveSHEntry
                0x060241e4                SPR_SlaveState
                0x060241e0                SPR_SlaveCommand
                0x060241f4                SPR_SMPC_RET
 *fill*         0x060241fc        0x4 00
 .data          0x06024200       0x34 ../sbl6/segalib/lib/sega_spr.a(spr_1c.o)
                0x06024200                SpInitialFlag
 *fill*         0x06024234        0xc 00
 .data          0x06024240       0x1c ../sbl6/segalib/lib/sega_scl.a(scl_vblv.o)
                0x06024248                VBInterval
                0x06024250                ReqDisplayFlag
                0x06024240                SpFrameChgMode
                0x0602424c                VBIntervalCounter
                0x06024244                SpFrameEraseMode
 *fill*         0x0602425c        0x4 00
 .data          0x06024260       0x36 ../sbl6/segalib/lib/sega_scl.a(scl_func.o)
                0x06024270                SclRotregBuff
                0x0602426c                SclDisplayY
                0x06024274                SclRotateTableMode
                0x06024268                SclProcess
                0x06024264                SclCurSclNum
                0x06024260                SclLengthLsTbl
                0x0602426a                SclDisplayX
                0x06024262                SclLengthCsTbl
 *fill*         0x06024296        0xa 00
 .data          0x060242a0       0x18 ../sbl6/segalib/lib/sega_scl.a(scl_pri.o)
                0x060242a4                SclRealSpPriNum
                0x060242b4                SclRealColOffset
                0x060242b0                SclRealBgColMix
                0x060242ac                SclRealSpColMix
                0x060242a8                SclRealBgPriNum
                0x060242a0                SclRealOtherPri
 *fill*         0x060242b8        0x8 00
 .data          0x060242c0      0x380 C:/saturn/SH_COFF/sh-coff/bin/../lib/gcc/sh-coff/3.4-GNUSH_v0501/../../../../sh-coff/lib\libc.a(impure.o)
                0x0602463c                _impure_ptr
 .data          0x06024640      0x410 C:/saturn/SH_COFF/sh-coff/bin/../lib/gcc/sh-coff/3.4-GNUSH_v0501/../../../../sh-coff/lib\libc.a(mallocr.o)
                0x06024648                __malloc_av_
                0x06024644                __malloc_trim_threshold
                0x06024640                __malloc_sbrk_base
                0x06024a50                SIZEOF_R = (. - STARTOF_R)
                0x06024a50                ENDOF_R = .

.bss            0x06024a50     0x8c44
                0x06024a50                STARTOF_B = .
 *(.bss)
 .bss           0x06024a50       0x10 vblank.o
                0x06024a54                PadData2E
                0x06024a5a                PadData1
                0x06024a56                PadData2
                0x06024a58                PadData1E
                0x06024a50                __port
 .bss           0x06024a60       0xd0 ../sbl6/segasmp/per/smpclib/per_x2.o
 .bss           0x06024b30     0x3800 sprite.o
                0x06024b30                num_sprites
 .bss           0x06028330       0x50 scroll.o
                0x0602834c                map_tiles_x
                0x06028354                scrolls_y
                0x06028330                scroll_transition_state
                0x06028334                scroll_ysize
                0x06028344                map_tiles_y
                0x0602833c                copy_modes
                0x06028364                scrolls_x
                0x06028338                scroll_xsize
 .bss           0x06028380       0x10 main.o
                0x06028380                frame
 .bss           0x06028390       0x6e ../sbl6/segalib/lib/sega_spr.a(spr_2c.o)
 *fill*         0x060283fe        0x2 00
 .bss           0x06028400        0x4 ../sbl6/segalib/lib/sega_scl.a(scl_vblv.o)
 *fill*         0x06028404        0xc 00
 .bss           0x06028410        0x4 ../sbl6/segalib/lib/sega_scl.a(scl_func.o)
 *fill*         0x06028414        0xc 00
 .bss           0x06028420       0x48 ../sbl6/segalib/lib/sega_scl.a(scl_ro00.o)
 *fill*         0x06028468        0x8 00
 .bss           0x06028470       0x9c ../sbl6/segalib/lib/sega_per.a(per_prt.o)
 *fill*         0x0602850c        0x4 00
 .bss           0x06028510        0xc ../sbl6/segalib/lib/sega_sat.a(DMA_SCU1.o)
 *fill*         0x0602851c        0x4 00
 .bss           0x06028520        0xc ../sbl6/segalib/lib/sega_sat.a(gfs_trn.o)
 *fill*         0x0602852c        0x4 00
 .bss           0x06028530       0x20 ../sbl6/segalib/lib/sega_sat.a(DMA_SCU0.o)
 .bss           0x06028550        0x2 ../sbl6/segalib/lib/sega_sat.a(cdc_reg.o)
 *fill*         0x06028552        0xe 00
 .bss           0x06028560        0xc ../sbl6/segalib/lib/sega_sat.a(cdc_sub.o)
 *fill*         0x0602856c        0x4 00
 .bss           0x06028570       0x10 C:/saturn/SH_COFF/sh-coff/bin/../lib/gcc/sh-coff/3.4-GNUSH_v0501\libgcc.a(__main.o)
 .bss           0x06028580       0x10 C:/saturn/SH_COFF/sh-coff/bin/../lib/gcc/sh-coff/3.4-GNUSH_v0501/../../../../sh-coff/lib\libc.a(atexit.o)
 .bss           0x06028590       0x40 C:/saturn/SH_COFF/sh-coff/bin/../lib/gcc/sh-coff/3.4-GNUSH_v0501/../../../../sh-coff/lib\libc.a(mallocr.o)
                0x060285c0                __malloc_top_pad
                0x06028590                __malloc_current_mallinfo
                0x060285bc                __malloc_max_sbrked_mem
                0x060285b8                __malloc_max_total_mem
 .bss           0x060285d0       0x10 C:/saturn/SH_COFF/sh-coff/bin/../lib/gcc/sh-coff/3.4-GNUSH_v0501/../../../../sh-coff/lib\libc.a(syscalls.o)
 *(COMMON)
 COMMON         0x060285e0     0x1674 cd.o
                                  0x0 (size before relaxing)
                0x060285e0                dirname
                0x06028f40                lib_work
                0x06029c48                directory_table
 *fill*         0x06029c54        0xc 00
 COMMON         0x06029c60       0x38 player.o
                                  0x0 (size before relaxing)
                0x06029c60                player
 *fill*         0x06029c98        0x8 00
 COMMON         0x06029ca0      0x8c0 print.o
                                  0x0 (size before relaxing)
                0x06029ca0                text
 COMMON         0x0602a560     0x1460 sprite.o
                                  0x0 (size before relaxing)
                0x0602a560                sprites
                0x0602a9c0                image_buf
 COMMON         0x0602b9c0      0x24c scroll.o
                                  0x0 (size before relaxing)
                0x0602b9c0                scfg3
                0x0602ba50                scfg0
                0x0602bae0                maps
                0x0602baf0                scfg2
                0x0602bb80                scfg1
 *fill*         0x0602bc0c        0x4 00
 COMMON         0x0602bc10        0x8 main.o
                                  0x0 (size before relaxing)
                0x0602bc10                buf
 *fill*         0x0602bc18        0x8 00
 COMMON         0x0602bc20      0x400 ../sbl6/segalib/lib/sega_int.a(int.o)
                                  0x0 (size before relaxing)
                0x0602bc20                __interrupt_vector
 COMMON         0x0602c020       0x50 ../sbl6/segalib/lib/sega_spr.a(spr_2c.o)
                                  0x0 (size before relaxing)
                0x0602c020                SpMstCmd
                0x0602c024                Sp2OpenFlag
                0x0602c028                SpGourTblMax
                0x0602c02c                SpDrawPrtyBlk
                0x0602c030                SpLCoordX
                0x0602c034                SpMstDrawPrtyBlk
                0x0602c038                SpGourTbl
                0x0602c03c                SpLookupTblR
                0x0602c040                SpCmdTbl
                0x0602c044                SpCharMax
                0x0602c048                SpDrawPrtyProcFlag
                0x0602c04c                SpCmdNo
                0x0602c050                SpDrawPrtyBlkMax
                0x0602c054                SpSlvCmdPos
                0x0602c058                SpSlvDrawPrtyBlk
                0x0602c05c                SpCharTbl
                0x0602c060                SpCmdTblR
                0x0602c064                SpMstCmdPos
                0x0602c068                SpSlvCmd
                0x0602c06c                SpLCoordY
 COMMON         0x0602c070       0x10 ../sbl6/segalib/lib/sega_spr.a(spr_1c.o)
                                  0x0 (size before relaxing)
                0x0602c070                SpScreenY
                0x0602c074                SpFbcrMode
                0x0602c076                SpDil
                0x0602c078                SpDie
                0x0602c07a                SpTvMode
                0x0602c07c                SpScreenX
 COMMON         0x0602c080      0xf00 ../sbl6/segalib/lib/sega_scl.a(scl_func.o)
                                  0x0 (size before relaxing)
                0x0602c080                SclRbgKtbAddr
                0x0602c088                SclRb
                0x0602c08a                Scl_flag
                0x0602c090                SclK_TableBuff
                0x0602cd60                SclAddrCsTbl
                0x0602cd70                Scl_s_reg
                0x0602cd98                SclRotateXy
                0x0602cda0                Scl_d_reg
                0x0602cde8                SclRotateDisp
                0x0602cdf0                SclRotateMoveZ
                0x0602cdf8                SclRotXySw
                0x0602ce00                Scl_r_reg
                0x0602ce10                SclRPMD
                0x0602ce18                SclRbgKtbOffset
                0x0602ce20                _SclRotregBuff
                0x0602cef0                SclRa
                0x0602cef8                SclRotateZ
                0x0602cf00                SclAddrLsTbl
                0x0602cf08                SclK_TableNum
                0x0602cf10                SclRotateTableAddress
                0x0602cf14                SclK_TableFlag
                0x0602cf20                Scl_w_reg
                0x0602cf40                Scl_n_reg
 COMMON         0x0602cf80      0x6b0 ../sbl6/segalib/lib/sega_scl.a(scl_pri.o)
                                  0x0 (size before relaxing)
                0x0602cf80                SclAutoEndBlue2
                0x0602cf90                SclColOffset
                0x0602cfa0                SclPriBuffDirty
                0x0602cfa2                SclAutoEndRed
                0x0602cfa4                SclAutoSurface
                0x0602cfa8                SclAutoGreen
                0x0602cfaa                SclAutoEndGreen
                0x0602cfac                SclAutoCount
                0x0602cfb0                SclColRamAlloc256
                0x0602cfd0                SclAutoCurRate
                0x0602cfd1                SclAutoPlusFlag
                0x0602cfd8                SclSpColMix
                0x0602cfe0                SclAutoMax
                0x0602cfe4                SclLineColRamOffset
                0x0602cfe8                SclColRamAlloc2048
                0x0602cfec                SclBgPriNum
                0x0602cff2                SclAutoEndBlue
                0x0602cff4                SclAutoEndGreen2
                0x0602cff6                SclAutoVeFlag
                0x0602cff8                SclBgColMix
                0x0602d000                SclAutoIndex
                0x0602d004                SclAutoEndRate
                0x0602d006                SclAutoBlue
                0x0602d008                SclAutoRed
                0x0602d00c                SclAutoInterval
                0x0602d010                SclOtherPri
                0x0602d020                SclAutoRGB
                0x0602d620                SclAutoEndRed2
                0x0602d628                SclSpPriNum
 COMMON         0x0602d630       0x10 ../sbl6/segalib/lib/sega_scl.a(scl_ro00.o)
                                  0x0 (size before relaxing)
                0x0602d630                SclCsx
                0x0602d638                SclCsy
 COMMON         0x0602d640       0x15 ../sbl6/segalib/lib/sega_per.a(per_prt.o)
                                  0x0 (size before relaxing)
                0x0602d640                per_get_time_flg
                0x0602d641                per_hot_res
                0x0602d642                per_set_sys_flg
                0x0602d644                per_get_time_adr
                0x0602d648                per_get_sys_data
                0x0602d654                per_time_out_flg
 *fill*         0x0602d655        0xb 00
 COMMON         0x0602d660        0xc ../sbl6/segalib/lib/sega_sat.a(gfs.o)
                                  0x0 (size before relaxing)
                0x0602d660                GFMC_base
                0x0602d664                gfs_mng_ptr
                0x0602d668                gfs_use_scudma
 *fill*         0x0602d66c        0x4 00
 COMMON         0x0602d670        0x8 ../sbl6/segalib/lib/sega_sat.a(gfs_cdf.o)
                                  0x0 (size before relaxing)
                0x0602d670                gfcf_fad
                0x0602d674                gfcf_stat
 *fill*         0x0602d678        0x8 00
 COMMON         0x0602d680        0xc ../sbl6/segalib/lib/sega_sat.a(gfs_cdc.o)
                                  0x0 (size before relaxing)
                0x0602d680                gfcd_fatal_err
                0x0602d684                gfcd_work
                0x0602d688                gfcd_playflag
 *fill*         0x0602d68c        0x4 00
 COMMON         0x0602d690        0x4 C:/saturn/SH_COFF/sh-coff/bin/../lib/gcc/sh-coff/3.4-GNUSH_v0501/../../../../sh-coff/lib\libc.a(syscalls.o)
                                  0x0 (size before relaxing)
                0x0602d690                errno
                0x0602d694                SIZEOF_B = (. - STARTOF_B)
                0x0602d694                ENDOF_B = .
                0x0602d694                _end = .
OUTPUT(main.cof coff-sh)

.comment        0x0602d6a0      0x480
 .comment       0x0602d6a0       0x20 ../sbl6/segasmp/lib/strt2_g.o
 .comment       0x0602d6c0       0x20 vblank.o
 .comment       0x0602d6e0       0x20 ../sbl6/segasmp/per/smpclib/per_x1.o
 .comment       0x0602d700       0x20 ../sbl6/segasmp/per/smpclib/per_x2.o
 .comment       0x0602d720       0x20 cd.o
 .comment       0x0602d740       0x20 collision.o
 .comment       0x0602d760       0x20 graphics.o
 .comment       0x0602d780       0x20 player.o
 .comment       0x0602d7a0       0x20 print.o
 .comment       0x0602d7c0       0x20 sprite.o
 .comment       0x0602d7e0       0x20 scroll.o
 .comment       0x0602d800       0x20 main.o
 .comment       0x0602d820       0x20 C:/saturn/SH_COFF/sh-coff/bin/../lib/gcc/sh-coff/3.4-GNUSH_v0501\libgcc.a(__main.o)
 .comment       0x0602d840       0x20 C:/saturn/SH_COFF/sh-coff/bin/../lib/gcc/sh-coff/3.4-GNUSH_v0501\libgcc.a(_si_to_df.o)
 .comment       0x0602d860       0x20 C:/saturn/SH_COFF/sh-coff/bin/../lib/gcc/sh-coff/3.4-GNUSH_v0501\libgcc.a(_mul_df.o)
 .comment       0x0602d880       0x20 C:/saturn/SH_COFF/sh-coff/bin/../lib/gcc/sh-coff/3.4-GNUSH_v0501\libgcc.a(_df_to_si.o)
 .comment       0x0602d8a0       0x20 C:/saturn/SH_COFF/sh-coff/bin/../lib/gcc/sh-coff/3.4-GNUSH_v0501\libgcc.a(_pack_df.o)
 .comment       0x0602d8c0       0x20 C:/saturn/SH_COFF/sh-coff/bin/../lib/gcc/sh-coff/3.4-GNUSH_v0501\libgcc.a(_unpack_df.o)
 .comment       0x0602d8e0       0x20 C:/saturn/SH_COFF/sh-coff/bin/../lib/gcc/sh-coff/3.4-GNUSH_v0501\libgcc.a(_thenan_df.o)
 .comment       0x0602d900       0x20 C:/saturn/SH_COFF/sh-coff/bin/../lib/gcc/sh-coff/3.4-GNUSH_v0501\libgcc.a(_muldi3.o)
 .comment       0x0602d920       0x20 C:/saturn/SH_COFF/sh-coff/bin/../lib/gcc/sh-coff/3.4-GNUSH_v0501\libgcc.a(_lshrdi3.o)
 .comment       0x0602d940       0x20 C:/saturn/SH_COFF/sh-coff/bin/../lib/gcc/sh-coff/3.4-GNUSH_v0501\libgcc.a(_ashldi3.o)
 .comment       0x0602d960       0x20 C:/saturn/SH_COFF/sh-coff/bin/../lib/gcc/sh-coff/3.4-GNUSH_v0501/../../../../sh-coff/lib\libc.a(memcmp.o)
 .comment       0x0602d980       0x20 C:/saturn/SH_COFF/sh-coff/bin/../lib/gcc/sh-coff/3.4-GNUSH_v0501/../../../../sh-coff/lib\libc.a(strncmp.o)
 .comment       0x0602d9a0       0x20 C:/saturn/SH_COFF/sh-coff/bin/../lib/gcc/sh-coff/3.4-GNUSH_v0501/../../../../sh-coff/lib\libc.a(strncpy.o)
 .comment       0x0602d9c0       0x20 C:/saturn/SH_COFF/sh-coff/bin/../lib/gcc/sh-coff/3.4-GNUSH_v0501/../../../../sh-coff/lib\libc.a(atexit.o)
 .comment       0x0602d9e0       0x20 C:/saturn/SH_COFF/sh-coff/bin/../lib/gcc/sh-coff/3.4-GNUSH_v0501/../../../../sh-coff/lib\libc.a(impure.o)
 .comment       0x0602da00       0x20 C:/saturn/SH_COFF/sh-coff/bin/../lib/gcc/sh-coff/3.4-GNUSH_v0501/../../../../sh-coff/lib\libc.a(malloc.o)
 .comment       0x0602da20       0x20 C:/saturn/SH_COFF/sh-coff/bin/../lib/gcc/sh-coff/3.4-GNUSH_v0501/../../../../sh-coff/lib\libc.a(mallocr.o)
 .comment       0x0602da40       0x20 C:/saturn/SH_COFF/sh-coff/bin/../lib/gcc/sh-coff/3.4-GNUSH_v0501/../../../../sh-coff/lib\libc.a(freer.o)
 .comment       0x0602da60       0x20 C:/saturn/SH_COFF/sh-coff/bin/../lib/gcc/sh-coff/3.4-GNUSH_v0501/../../../../sh-coff/lib\libc.a(mlock.o)
 .comment       0x0602da80       0x20 C:/saturn/SH_COFF/sh-coff/bin/../lib/gcc/sh-coff/3.4-GNUSH_v0501/../../../../sh-coff/lib\libc.a(sbrkr.o)
 .comment       0x0602daa0       0x20 C:/saturn/SH_COFF/sh-coff/bin/../lib/gcc/sh-coff/3.4-GNUSH_v0501/../../../../sh-coff/lib\libc.a(syscalls.o)
 .comment       0x0602dac0       0x20 C:/saturn/SH_COFF/sh-coff/bin/../lib/gcc/sh-coff/3.4-GNUSH_v0501/../../../../sh-coff/lib\libc.a(abort.o)
 .comment       0x0602dae0       0x20 C:/saturn/SH_COFF/sh-coff/bin/../lib/gcc/sh-coff/3.4-GNUSH_v0501/../../../../sh-coff/lib\libc.a(signal.o)
 .comment       0x0602db00       0x20 C:/saturn/SH_COFF/sh-coff/bin/../lib/gcc/sh-coff/3.4-GNUSH_v0501/../../../../sh-coff/lib\libc.a(signalr.o)
