Archive member included because of file (symbol)

../sbl6/segalib/lib/sega_int.a(int.o)
                              vblank.o (INT_SetScuFunc)
../sbl6/segalib/lib/sega_int.a(int_trmp.o)
                              ../sbl6/segalib/lib/sega_int.a(int.o) (__interrupt_handler0)
../sbl6/segalib/lib/sega_spr.a(spr_2c.o)
                              sprite.o (SPR_2Initial)
../sbl6/segalib/lib/sega_spr.a(spr_slv.o)
                              ../sbl6/segalib/lib/sega_spr.a(spr_2c.o) (SPR_InitSlaveSH)
../sbl6/segalib/lib/sega_spr.a(spr_1c.o)
                              ../sbl6/segalib/lib/sega_spr.a(spr_2c.o) (SPR_Initial)
../sbl6/segalib/lib/sega_spr.a(spr_2a.o)
                              ../sbl6/segalib/lib/sega_spr.a(spr_2c.o) (SPR_2SetDrawPrty)
../sbl6/segalib/lib/sega_scl.a(scl_vblv.o)
                              ../sbl6/segalib/lib/sega_spr.a(spr_1c.o) (SpFrameChgMode)
../sbl6/segalib/lib/sega_scl.a(scl_func.o)
                              sprite.o (SCL_Vdp2Init)
../sbl6/segalib/lib/sega_scl.a(scl_pr03.o)
                              sprite.o (SCL_AllocColRam)
../sbl6/segalib/lib/sega_scl.a(scl_pr02.o)
                              sprite.o (SCL_SetColRam)
../sbl6/segalib/lib/sega_scl.a(scl_back.o)
                              scroll.o (SCL_SetBack)
../sbl6/segalib/lib/sega_scl.a(scl_fu05.o)
                              scroll.o (SCL_InitLineParamTb)
../sbl6/segalib/lib/sega_scl.a(scl_fu03.o)
                              scroll.o (SCL_InitConfigTb)
../sbl6/segalib/lib/sega_scl.a(scl_fu02.o)
                              scroll.o (SCL_InitVramConfigTb)
../sbl6/segalib/lib/sega_scl.a(scl_fu04.o)
                              scroll.o (SCL_SetCycleTable)
../sbl6/segalib/lib/sega_scl.a(scl_pr07.o)
                              scroll.o (SCL_SetPriority)
../sbl6/segalib/lib/sega_scl.a(scl_pr01.o)
                              main.o (SCL_SetSpriteMode)
../sbl6/segalib/lib/sega_scl.a(scl_pri.o)
                              ../sbl6/segalib/lib/sega_scl.a(scl_func.o) (SclRealOtherPri)
../sbl6/segalib/lib/sega_scl.a(scl_ro00.o)
                              ../sbl6/segalib/lib/sega_scl.a(scl_func.o) (SCL_Rotate)
../sbl6/segalib/lib/sega_scl.a(scl_pr06.o)
                              ../sbl6/segalib/lib/sega_scl.a(scl_pr03.o) (SCL_SetColRamOffset)
../sbl6/segalib/lib/sega_scl.a(scl_pr05.o)
                              ../sbl6/segalib/lib/sega_scl.a(scl_pr02.o) (SCL_GetColRamOffset)
../sbl6/segalib/lib/sega_mth.a(mth_fixd.o)
                              sprite.o (MTH_Mul)
../sbl6/segalib/lib/sega_mth.a(mth_tri.o)
                              sprite.o (MTH_Sin)
../sbl6/segalib/lib/sega_per.a(per_prt.o)
                              ../sbl6/segasmp/per/smpclib/per_x2.o (PER_LInit)
../sbl6/segalib/lib/sega_sat.a(gfs.o)
                              cd.o (GFS_Init)
../sbl6/segalib/lib/sega_sat.a(DMA_SCU1.o)
                              ../sbl6/segalib/lib/sega_spr.a(spr_2c.o) (DMA_ScuMemCopy)
../sbl6/segalib/lib/sega_sat.a(gfs_cdf.o)
                              ../sbl6/segalib/lib/sega_sat.a(gfs.o) (GFCF_Init)
../sbl6/segalib/lib/sega_sat.a(gfs_dir.o)
                              ../sbl6/segalib/lib/sega_sat.a(gfs.o) (GFDR_SetupDirTbl)
../sbl6/segalib/lib/sega_sat.a(gfs_trn.o)
                              ../sbl6/segalib/lib/sega_sat.a(gfs.o) (GFTR_Setup)
../sbl6/segalib/lib/sega_sat.a(gfs_buf.o)
                              ../sbl6/segalib/lib/sega_sat.a(gfs.o) (GFBF_GetNumData)
../sbl6/segalib/lib/sega_sat.a(gfs_cdb.o)
                              ../sbl6/segalib/lib/sega_sat.a(gfs_cdf.o) (GFCB_Setup)
../sbl6/segalib/lib/sega_sat.a(gfs_cdc.o)
                              ../sbl6/segalib/lib/sega_sat.a(gfs.o) (GFCD_SetCdbfs)
../sbl6/segalib/lib/sega_sat.a(DMA_SCU0.o)
                              ../sbl6/segalib/lib/sega_sat.a(DMA_SCU1.o) (DMA_ScuSetPrm)
../sbl6/segalib/lib/sega_sat.a(csh_main.o)
                              ../sbl6/segalib/lib/sega_sat.a(DMA_SCU1.o) (CSH_Purge)
../sbl6/segalib/lib/sega_sat.a(DMA_CPU0.o)
                              ../sbl6/segalib/lib/sega_sat.a(gfs_trn.o) (DMA_CpuSetComPrm)
../sbl6/segalib/lib/sega_sat.a(cdc_reg.o)
                              ../sbl6/segalib/lib/sega_sat.a(gfs_cdb.o) (CDC_GetDataPtr)
../sbl6/segalib/lib/sega_sat.a(cdc_cfs.o)
                              ../sbl6/segalib/lib/sega_sat.a(gfs_cdc.o) (CDC_ChgDir)
../sbl6/segalib/lib/sega_sat.a(cdc_cmn.o)
                              ../sbl6/segalib/lib/sega_sat.a(gfs_cdc.o) (CDC_GetCurStat)
../sbl6/segalib/lib/sega_sat.a(cdc_bio.o)
                              ../sbl6/segalib/lib/sega_sat.a(gfs_cdc.o) (CDC_SetSctLen)
../sbl6/segalib/lib/sega_sat.a(cdc_sel.o)
                              ../sbl6/segalib/lib/sega_sat.a(gfs_cdc.o) (CDC_SetFiltRange)
../sbl6/segalib/lib/sega_sat.a(cdc_drv.o)
                              ../sbl6/segalib/lib/sega_sat.a(gfs_cdc.o) (CDC_CdPlay)
../sbl6/segalib/lib/sega_sat.a(cdc_bif.o)
[...]
Memory Configuration

Name             Origin             Length             Attributes
*default*        0x00000000         0xffffffff

Linker script and memory map

LOAD ../sbl6/segasmp/lib/strt1_g.o
LOAD ../sbl6/segasmp/lib/strt2_g.o
LOAD vblank.o
LOAD ../sbl6/segasmp/per/smpclib/per_x1.o
LOAD ../sbl6/segasmp/per/smpclib/per_x2.o
LOAD ../sbl6/segasmp/per/smpclib/per_x3.o
LOAD blocks.o
LOAD cd.o
LOAD collision.o
LOAD enemylist.o
LOAD graphics.o
LOAD player.o
LOAD print.o
LOAD sprite.o
LOAD spritecode/explosion.o
LOAD spritecode/float.o
LOAD scroll.o
LOAD main.o
LOAD ../sbl6/segalib/lib/sega_int.a
LOAD ../sbl6/segalib/lib/sega_spr.a
LOAD ../sbl6/segalib/lib/sega_scl.a
LOAD ../sbl6/segalib/lib/sega_mth.a
LOAD ../sbl6/segalib/lib/sega_cdc.a
LOAD ../sbl6/segalib/lib/sega_adp.a
LOAD ../sbl6/segalib/lib/sega_per.a
LOAD ../sbl6/segalib/lib/sega_sat.a
LOAD C:/saturn/SH_COFF/sh-coff/bin/../lib/gcc/sh-coff/3.4-GNUSH_v0501\libgcc.a
LOAD C:/saturn/SH_COFF/sh-coff/bin/../lib/gcc/sh-coff/3.4-GNUSH_v0501/../../../../sh-coff/lib\libc.a
LOAD C:/saturn/SH_COFF/sh-coff/bin/../lib/gcc/sh-coff/3.4-GNUSH_v0501\libgcc.a

.text           0x06010000    0x146b0
 *(.text)
 .text          0x06010000       0x30 ../sbl6/segasmp/lib/strt1_g.o
                0x06010024                _D_END
                0x06010020                _D_BGN
                0x0601002c                _B_END
                0x06010028                _B_BGN
                0x06010000                START
 .text          0x06010030       0x60 ../sbl6/segasmp/lib/strt2_g.o
                0x06010050                _INITSCT
                0x06010030                _INIT
 .text          0x06010090      0x180 vblank.o
                0x06010090                SetVblank
                0x06010110                UsrVblankOut
                0x060100f0                UsrVblankIn
 .text          0x06010210      0x430 ../sbl6/segasmp/per/smpclib/per_x1.o
                0x060105a4                PER_GetAnalogXYZ
                0x06010234                PER_GetTriggerHandler
                0x060104ce                PER_GetEdge
                0x0601044c                PER_GetTrigger
                0x060104f8                PER_GetPressEdge
                0x0601054c                PER_GetReleaseEdge
                0x06010210                PER_SetTriggerHandler
 .text          0x06010640      0x200 ../sbl6/segasmp/per/smpclib/per_x2.o
                0x06010744                PER_GetDeviceA
                0x06010640                PER_OpenPort
                0x06010678                PER_GetPort
                0x060107be                PER_GetDeviceR
 .text          0x06010840       0x20 ../sbl6/segasmp/per/smpclib/per_x3.o
                0x06010840                PER_DisguiseTrigger
 .text          0x06010860       0xd0 blocks.o
                0x06010860                block_get
                0x060108c0                block_check
                0x060108f0                block_spike
 .text          0x06010930       0xa0 cd.o
                0x06010930                cd_init
                0x06010960                cd_load
 .text          0x060109d0      0x9d0 collision.o
                0x060109d0                collision_check_up
                0x06011200                collision_eject_horiz
                0x06011360                collision_player
                0x06010fe0                collision_eject_vert
                0x06010d00                collision_check
                0x06010bc0                collision_check_left
                0x06010c50                collision_check_right
                0x06010f30                collision_spikes
                0x06010b00                collision_check_below
                0x06010a40                collision_check_down
 .text          0x060113a0       0x80 enemylist.o
                0x060113a0                enemylist_spawn
 .text          0x06011420      0x6e0 player.o
                0x060114b0                player_killenemy
                0x06011420                player_frames
                0x06011630                player_input
                0x06011430                player_init
                0x060114d0                player_die
                0x06011a10                player_draw
                0x06011480                player_cankill
                0x06011530                player_animate
 .text          0x06011b00      0x170 print.o
                0x06011bd0                print_display
                0x06011b40                print_num
                0x06011b00                print_init
                0x06011b90                print_string
 .text          0x06011c70      0x6e0 sprite.o
                0x06011ca0                sprite_init
                0x06012190                sprite_make
                0x060122c0                sprite_next
                0x06012320                sprite_delete
                0x060121d0                sprite_draw_all
                0x06011c70                sprite_deleteall
                0x06011f40                sprite_draw
 .text          0x06012350       0xe0 spritecode/explosion.o
                0x060123c0                explosion_move
                0x06012350                explosion_make
 .text          0x06012430      0x180 spritecode/float.o
                0x06012430                float_make
                0x060124a0                float_move
 .text          0x060125b0      0x9c0 scroll.o
                0x060125b0                scroll_move
                0x06012bd0                scroll_get
                0x06012c30                scroll_copy
                0x06012700                scroll_set
                0x06012d60                scroll_reset
                0x06012dc0                scroll_linescroll4
                0x06012810                scroll_init
                0x06012e80                scroll_loadplayfield
                0x06012730                scroll_scale
 .text          0x06012f70      0x1b0 main.o
                0x06012f70                main
 .text          0x06013120       0x40 ../sbl6/segalib/lib/sega_int.a(int.o)
                0x0601314c                INT_GetScuFunc
                0x06013120                INT_SetScuFunc
 .text          0x06013160      0x624 ../sbl6/segalib/lib/sega_int.a(int_trmp.o)
                0x060132c8                __interrupt_handler60
                0x06013478                __interrupt_handler132
                0x0601362e                __interrupt_handler205
                0x06013496                __interrupt_handler137
                0x060133c4                __interrupt_handler102
                0x06013202                __interrupt_handler27
                0x06013604                __interrupt_handler198
                0x060134f6                __interrupt_handler153
                0x060131de                __interrupt_handler21
                0x060132ec                __interrupt_handler66
                0x060133dc                __interrupt_handler106
                0x06013526                __interrupt_handler161
                0x06013370                __interrupt_handler88
                0x0601353e                __interrupt_handler165
                0x0601344e                __interrupt_handler125
                0x06013184                __interrupt_handler6
                0x06013220                __interrupt_handler32
                0x060135da                __interrupt_handler191
                0x060136f4                __interrupt_handler238
                0x0601370c                __interrupt_handler242
                0x06013514                __interrupt_handler158
                0x0601337c                __interrupt_handler90
                0x06013538                __interrupt_handler164
                0x0601325c                __interrupt_handler42
                0x0601359e                __interrupt_handler181
                0x060136a6                __interrupt_handler225
                0x0601374e                __interrupt_handler253
                0x06013562                __interrupt_handler171
                0x0601331c                __interrupt_handler74
                0x06013172                __interrupt_handler3
                0x060132b6                __interrupt_handler57
                0x060131b4                __interrupt_handler14
                0x0601364c                __interrupt_handler210
                0x0601367c                __interrupt_handler218
                0x06013640                __interrupt_handler208
                0x06013244                __interrupt_handler38
                0x06013160                __interrupt_handler0
                0x060133d0                __interrupt_handler104
                0x0601350e                __interrupt_handler157
                0x0601365e                __interrupt_handler213
                0x06013550                __interrupt_handler168
                0x0601335e                __interrupt_handler85
                0x060133fa                __interrupt_handler111
                0x0601340c                __interrupt_handler114
                0x0601327a                __interrupt_handler47
                0x060136d0                __interrupt_handler232
                0x0601369a                __interrupt_handler223
                0x060136ee                __interrupt_handler237
                0x060132da                __interrupt_handler63
                0x06013268                __interrupt_handler44
                0x0601357a                __interrupt_handler175
                0x060135a4                __interrupt_handler182
                0x060135bc                __interrupt_handler186
                0x060134ba                __interrupt_handler143
                0x060133e2                __interrupt_handler107
                0x06013448                __interrupt_handler124
                0x06013568                __interrupt_handler172
                0x0601371e                __interrupt_handler245
                0x0601339a                __interrupt_handler95
                0x06013472                __interrupt_handler131
                0x06013484                __interrupt_handler134
                0x060134a2                __interrupt_handler139
                0x06013310                __interrupt_handler72
                0x060136ca                __interrupt_handler231
                0x06013520                __interrupt_handler160
                0x06013466                __interrupt_handler129
                0x060131d8                __interrupt_handler20
                0x060132e6                __interrupt_handler65
                0x060132b0                __interrupt_handler56
                0x060131ae                __interrupt_handler13
                0x06013646                __interrupt_handler209
                0x06013400                __interrupt_handler112
                0x060131d2                __interrupt_handler19
                0x0601338e                __interrupt_handler93
                0x060135f8                __interrupt_handler196
                0x060134ea                __interrupt_handler151
                0x0601354a                __interrupt_handler167
                0x06013760                __trampoline
                0x060131c6                __interrupt_handler17
                0x060136b8                __interrupt_handler228
                0x0601375a                __interrupt_handler255
                0x06013718                __interrupt_handler244
                0x060133b2                __interrupt_handler99
                0x060135aa                __interrupt_handler183
                0x060134a8                __interrupt_handler140
                0x060135ce                __interrupt_handler189
                0x060134cc                __interrupt_handler146
                0x06013694                __interrupt_handler222
                0x06013508                __interrupt_handler156
                0x0601343c                __interrupt_handler122
                0x06013730                __interrupt_handler248
                0x06013280                __interrupt_handler48
                0x060132fe                __interrupt_handler69
                0x060131f0                __interrupt_handler24
                0x06013376                __interrupt_handler89
                0x0601366a                __interrupt_handler215
                0x06013754                __interrupt_handler254
                0x0601336a                __interrupt_handler87
                0x060132ce                __interrupt_handler61
                0x060135f2                __interrupt_handler195
                0x060134e4                __interrupt_handler150
                0x06013256                __interrupt_handler41
                0x060133f4                __interrupt_handler110
                0x0601345a                __interrupt_handler127
                0x060133e8                __interrupt_handler108
                0x06013406                __interrupt_handler113
                0x06013418                __interrupt_handler116
                0x06013436                __interrupt_handler121
                0x0601332e                __interrupt_handler77
                0x0601324a                __interrupt_handler39
                0x06013262                __interrupt_handler43
                0x06013736                __interrupt_handler249
                0x06013574                __interrupt_handler174
                0x06013490                __interrupt_handler136
                0x060135c8                __interrupt_handler188
                0x060134c6                __interrupt_handler145
                0x06013196                __interrupt_handler9
                0x0601333a                __interrupt_handler79
                0x060136b2                __interrupt_handler227
                0x0601322c                __interrupt_handler34
                0x0601346c                __interrupt_handler130
                0x0601372a                __interrupt_handler247
                0x06013322                __interrupt_handler75
                0x0601356e                __interrupt_handler173
                0x0601329e                __interrupt_handler53
                0x060134de                __interrupt_handler149
                0x06013742                __interrupt_handler251
                0x060136d6                __interrupt_handler233
                0x0601319c                __interrupt_handler10
                0x06013628                __interrupt_handler204
                0x0601334c                __interrupt_handler82
                0x06013352                __interrupt_handler83
                0x060131f6                __interrupt_handler25
                0x06013712                __interrupt_handler243
                0x0601352c                __interrupt_handler162
                0x06013274                __interrupt_handler46
                0x0601358c                __interrupt_handler178
                0x06013340                __interrupt_handler80
                0x060132d4                __interrupt_handler62
                0x0601316c                __interrupt_handler2
                0x0601320e                __interrupt_handler29
                0x06013304                __interrupt_handler70
                0x060133ee                __interrupt_handler109
                0x060134d8                __interrupt_handler148
                0x06013394                __interrupt_handler94
                0x060136a0                __interrupt_handler224
                0x060133ca                __interrupt_handler103
                0x06013238                __interrupt_handler36
                0x06013454                __interrupt_handler126
                0x06013724                __interrupt_handler246
                0x060132aa                __interrupt_handler55
                0x060131a8                __interrupt_handler12
                0x06013298                __interrupt_handler52
                0x060135c2                __interrupt_handler187
                0x060134c0                __interrupt_handler144
                0x0601341e                __interrupt_handler117
                0x060131cc                __interrupt_handler18
                0x060135fe                __interrupt_handler197
                0x060134f0                __interrupt_handler152
                0x06013424                __interrupt_handler118
                0x0601355c                __interrupt_handler170
                0x06013616                __interrupt_handler201
                0x060133a6                __interrupt_handler97
                0x06013532                __interrupt_handler163
                0x06013598                __interrupt_handler180
                0x060135e0                __interrupt_handler192
                0x06013700                __interrupt_handler240
                0x06013442                __interrupt_handler123
                0x06013664                __interrupt_handler214
                0x0601321a                __interrupt_handler31
                0x06013208                __interrupt_handler28
                0x060132f2                __interrupt_handler67
                0x060132f8                __interrupt_handler68
                0x060131e4                __interrupt_handler22
                0x060131ea                __interrupt_handler23
                0x06013580                __interrupt_handler176
                0x0601318a                __interrupt_handler7
                0x0601368e                __interrupt_handler221
                0x06013676                __interrupt_handler217
                0x060136be                __interrupt_handler229
                0x06013286                __interrupt_handler49
                0x06013178                __interrupt_handler4
                0x06013250                __interrupt_handler40
                0x06013412                __interrupt_handler115
                0x060136e2                __interrupt_handler235
                0x06013382                __interrupt_handler91
                0x06013634                __interrupt_handler206
                0x06013586                __interrupt_handler177
                0x060134d2                __interrupt_handler147
                0x0601323e                __interrupt_handler37
                0x0601373c                __interrupt_handler250
                0x06013166                __interrupt_handler1
                0x06013682                __interrupt_handler219
                0x06013328                __interrupt_handler76
                0x060133b8                __interrupt_handler100
                0x060132bc                __interrupt_handler58
                0x060131ba                __interrupt_handler15
                0x06013658                __interrupt_handler212
                0x06013706                __interrupt_handler241
                0x0601361c                __interrupt_handler202
                0x060135e6                __interrupt_handler193
                0x06013334                __interrupt_handler78
                0x0601328c                __interrupt_handler50
                0x06013226                __interrupt_handler33
                0x06013544                __interrupt_handler166
                0x0601349c                __interrupt_handler138
                0x0601348a                __interrupt_handler135
                0x06013214                __interrupt_handler30
                0x060135b0                __interrupt_handler184
                0x060134ae                __interrupt_handler141
                0x060136c4                __interrupt_handler230
                0x060136e8                __interrupt_handler236
                0x0601342a                __interrupt_handler119
                0x06013364                __interrupt_handler86
                0x060133d6                __interrupt_handler105
                0x06013346                __interrupt_handler81
                0x06013430                __interrupt_handler120
                0x06013460                __interrupt_handler128
                0x060132a4                __interrupt_handler54
                0x060131a2                __interrupt_handler11
                0x0601360a                __interrupt_handler199
                0x060134fc                __interrupt_handler154
                0x0601326e                __interrupt_handler45
                0x06013670                __interrupt_handler216
                0x06013622                __interrupt_handler203
                0x060133be                __interrupt_handler101
                0x06013358                __interrupt_handler84
                0x060135b6                __interrupt_handler185
                0x060134b4                __interrupt_handler142
                0x060131fc                __interrupt_handler26
                0x060132e0                __interrupt_handler64
                0x06013610                __interrupt_handler200
                0x0601363a                __interrupt_handler207
                0x060135ec                __interrupt_handler194
                0x06013388                __interrupt_handler92
                0x06013502                __interrupt_handler155
                0x06013652                __interrupt_handler211
                0x0601347e                __interrupt_handler133
                0x0601317e                __interrupt_handler5
                0x06013316                __interrupt_handler73
                0x060131c0                __interrupt_handler16
                0x060136fa                __interrupt_handler239
                0x060136dc                __interrupt_handler234
                0x06013232                __interrupt_handler35
                0x060132c2                __interrupt_handler59
                0x06013556                __interrupt_handler169
                0x060133ac                __interrupt_handler98
                0x0601330a                __interrupt_handler71
                0x06013292                __interrupt_handler51
                0x0601351a                __interrupt_handler159
                0x060136ac                __interrupt_handler226
                0x060133a0                __interrupt_handler96
                0x060135d4                __interrupt_handler190
                0x06013688                __interrupt_handler220
                0x06013190                __interrupt_handler8
                0x06013592                __interrupt_handler179
                0x06013748                __interrupt_handler252
 *fill*         0x06013784        0xc 00
 .text          0x06013790     0x12a0 ../sbl6/segalib/lib/sega_spr.a(spr_2c.o)
                0x060149f0                SlaveFlushDrawPrtyBlock
                0x06013790                SPR_2Initial
                0x06013fd4                SPR_2SysClip
                0x06013f74                SPR_2LocalCoord
                0x0601486c                SPR_2FlushDrawPrtyBlock
                0x06014558                SPR_2DistSpr
                0x06013f5c                SPR_2FlushDrawPrty
                0x0601467c                SPR_2Cmd
                0x06013c58                SPR_2GourTblNoToVram
                0x06013cb8                SPR_2GetAreaSizeInfo
                0x06013a20                SPR_2SetGourTbl
                0x0601420c                SPR_2Polygon
                0x06013c94                SPR_2CharNoToVram
                0x060139a0                SPR_2SetTvMode
                0x06013dfc                SPR_2CloseCommand
                0x060139dc                SPR_2FrameEraseData
                0x060137b8                SPR_2Initial2
                0x060143ec                SPR_2ScaleSpr
                0x0601407c                SPR_2Line
                0x06013d48                SPR_2OpenCommand
                0x060139bc                SPR_2FrameChgIntr
                0x060142c8                SPR_2NormSpr
                0x06013a50                SPR_2SetLookupTbl
                0x06013a84                SPR_2SetChar
                0x06013c7c                SPR_2LookupTblNoToVram
                0x06014150                SPR_2PolyLine
                0x06013bf0                SPR_2ClrAllChar
                0x06013ba4                SPR_2ClrChar
                0x06014020                SPR_2UserClip
 .text          0x06014a30      0x1e6 ../sbl6/segalib/lib/sega_spr.a(spr_slv.o)
                0x06014b94                SPR_WaitEndSlaveSH
                0x06014a30                SPR_SMPC_SSHON
                0x06014b70                SPR_RunSlaveSH
                0x06014a34                SPR_InitSlaveSH
                0x06014afc                SPR_SlaveSHmain
                0x06014a31                SPR_SMPC_SSHOFF
 *fill*         0x06014c16        0xa 00
 .text          0x06014c20      0x36a ../sbl6/segalib/lib/sega_spr.a(spr_1c.o)
                0x06014ed4                SPR_WaitDrawEnd
                0x06014eec                SPR_SetEosMode
                0x06014e04                SPR_SetEraseData
                0x06014c20                SPR_Initial
                0x06014cf8                SPR_SetTvMode
                0x06014d90                SPR_GetStatus
 *fill*         0x06014f8a        0x6 00
 .text          0x06014f90      0x244 ../sbl6/segalib/lib/sega_spr.a(spr_2a.o)
                0x06014fa2                sprMemCpyW
                0x06015000                flushDrawPrtyBlock
                0x06014f90                sprMemCpyL
                0x06014fb4                SPR_2SetDrawPrty
 *fill*         0x060151d4        0xc 00
 .text          0x060151e0      0x2fc ../sbl6/segalib/lib/sega_scl.a(scl_vblv.o)
                0x0601529c                SCL_DisplayFrame
                0x060151e0                SCL_SetFrameInterval
                0x060152d0                SCL_VblInit
                0x06015320                SCL_VblankStart
                0x06015364                SCL_VblankEnd
 *fill*         0x060154dc        0x4 00
 .text          0x060154e0      0xb9c ../sbl6/segalib/lib/sega_scl.a(scl_func.o)
                0x06015ebc                SCL_Vdp2_SGLInit
                0x06015dcc                SCL_PriIntProc
                0x06015d44                SCL_Memcpyw
                0x0601605c                SCL_SglOff
                0x0601603c                SCL_SglOn
                0x06015cb0                SCL_ScrollShow
                0x06015758                SCL_Close
                0x06015a50                SCL_Scale
                0x060154e0                SCL_Vdp2Init
                0x060158c4                SCL_Move
                0x06015b8c                SCL_CopyReg
                0x06015734                SCL_Open
                0x06015564                SCL_ParametersInit
                0x06015774                SCL_MoveTo
                0x06015d6c                SCL_SetColRamMode
 *fill*         0x0601607c        0x4 00
 .text          0x06016080      0x138 ../sbl6/segalib/lib/sega_scl.a(scl_pr03.o)
                0x06016080                SCL_FreeColRam
                0x060160b8                SCL_AllocColRam
 *fill*         0x060161b8        0x8 00
 .text          0x060161c0       0x9c ../sbl6/segalib/lib/sega_scl.a(scl_pr02.o)
                0x060161c0                SCL_SetColRam
 *fill*         0x0601625c        0x4 00
 .text          0x06016260       0x84 ../sbl6/segalib/lib/sega_scl.a(scl_back.o)
                0x06016260                SCL_SetBack
 *fill*         0x060162e4        0xc 00
 .text          0x060162f0      0x278 ../sbl6/segalib/lib/sega_scl.a(scl_fu05.o)
                0x060163ac                SCL_SetLineParam
                0x060162f8                SCL_InitLineParamTb
 *fill*         0x06016568        0x8 00
 .text          0x06016570      0x94c ../sbl6/segalib/lib/sega_scl.a(scl_fu03.o)
                0x060165cc                SCL_SetConfig
                0x06016570                SCL_InitConfigTb
 *fill*         0x06016ebc        0x4 00
 .text          0x06016ec0      0x4f4 ../sbl6/segalib/lib/sega_scl.a(scl_fu02.o)
                0x06016ef8                SCL_SetVramConfig
                0x06016ec0                SCL_InitVramConfigTb
 *fill*         0x060173b4        0xc 00
 .text          0x060173c0       0x28 ../sbl6/segalib/lib/sega_scl.a(scl_fu04.o)
                0x060173c0                SCL_SetCycleTable
 *fill*         0x060173e8        0x8 00
 .text          0x060173f0      0x214 ../sbl6/segalib/lib/sega_scl.a(scl_pr07.o)
                0x060173f0                SCL_SetPriority
 *fill*         0x06017604        0xc 00
 .text          0x06017610       0x58 ../sbl6/segalib/lib/sega_scl.a(scl_pr01.o)
                0x06017610                SCL_SetSpriteMode
 *fill*         0x06017668        0x8 00
 .text          0x06017670     0x10a4 ../sbl6/segalib/lib/sega_scl.a(scl_pri.o)
                0x06017704                SCL_AbortAutoVe
                0x060185b4                SCL_SetShadowBit
                0x06017b7c                SCL_AutoExec
                0x06017670                SCL_PriorityInit
                0x06018090                SCL_IncColOffset
                0x06017718                SCL_SetColMixRate
                0x060176e8                SCL_GetColRamMode
 *fill*         0x06018714        0xc 00
 .text          0x06018720     0x1394 ../sbl6/segalib/lib/sega_scl.a(scl_ro00.o)
                0x0601990c                SCL_RotateZD
                0x06018bd4                SCL_Rotate
                0x060188a8                SCL_InitRotateTable
 *fill*         0x06019ab4        0xc 00
 .text          0x06019ac0      0x1b4 ../sbl6/segalib/lib/sega_scl.a(scl_pr06.o)
                0x06019ac0                SCL_SetColRamOffset
 *fill*         0x06019c74        0xc 00
 .text          0x06019c80       0xac ../sbl6/segalib/lib/sega_scl.a(scl_pr05.o)
                0x06019c80                SCL_GetColRamOffset
 *fill*         0x06019d2c        0x4 00
 .text          0x06019d30       0xa4 ../sbl6/segalib/lib/sega_mth.a(mth_fixd.o)
                0x06019d80                MTH_FixedToInt
                0x06019d70                MTH_IntToFixed
                0x06019d30                MTH_Mul
                0x06019d90                MTH_Product
                0x06019d50                MTH_Div
 *fill*         0x06019dd4        0xc 00
 .text          0x06019de0      0x600 ../sbl6/segalib/lib/sega_mth.a(mth_tri.o)
                0x06019e7c                fcos
                0x06019e82                fsin
                0x06019e2c                MTH_Cos
                0x06019de0                MTH_Sin
                0x0601a020                MTH_Atan
 .text          0x0601a3e0      0xf50 ../sbl6/segalib/lib/sega_per.a(per_prt.o)
                0x0601a800                PER_IntFunc
                0x0601a5f8                PER_LGetPer
                0x0601a3e0                PER_LInit
 .text          0x0601b330     0x1b04 ../sbl6/segalib/lib/sega_sat.a(gfs.o)
                0x0601b330                gfs_version
                0x0601c5a4                gfs_mngGetNumFile
                0x0601cd24                gfs_closeSub
                0x0601c0c0                GFS_SetGmode
                0x0601c37c                GFS_SetErrFunc
                0x0601c4cc                gfs_mngSetupFuncTbl
                0x0601b688                GFS_Reset
                0x0601c3f4                gfs_chgRoot
                0x0601c4c0                gfs_aborttrans
                0x0601c7a4                gfs_svrAddHndl
                0x0601c654                gfs_mngFreeGrp
                0x0601c3cc                GFS_ConvTno
                0x0601c958                gfs_getRootDir
                0x0601c3a8                GFS_GetErrStat
                0x0601b7f8                GFS_Seek
                0x0601be64                GFS_NwStop
                0x0601c660                gfs_mngTermAccess
                0x0601b70c                GFS_Open
                0x0601c60c                GFS_mngAllocGrp
                0x0601cd6c                gfs_isTaskDone
                0x0601bb64                GFS_Fread
                0x0601c2c4                GFS_StartTrans
                0x0601ccc0                gfs_GetFinfo
                0x0601c500                gfs_mngInitWork
                0x0601b950                GFS_ByteToSct
                0x0601c764                gfs_svrSearchHndl
                0x0601ca54                gfs_loadRootDir
                0x0601b5ac                GFS_IdToName
                0x0601bca8                GFS_NwFread
                0x0601c1f4                GFS_SetTransPara
                0x0601bdb4                GFS_NwCdRead
                0x0601c894                gfs_loadVol
                0x0601c190                GFS_SetReadPara
                0x0601b8ac                GFS_Tell
                0x0601c124                GFS_SetTmode
                0x0601cc28                GFS_GetFad
                0x0601c260                GFS_SetTrFunc
                0x0601c310                GFS_CdMovePickup
                0x0601b548                GFS_NameToId
                0x0601bf7c                GFS_NwExecOne
                0x0601cadc                gfs_flowIn
                0x0601ba04                GFS_GetFileInfo
                0x0601cb84                gfs_transData
                0x0601c7e0                gfs_svrRemoveHndl
                0x0601be2c                GFS_NwIsComplete
                0x0601cd60                gfs_getGmode
                0x0601bed0                GFS_NwGetStat
                0x0601c83c                GFS_OpenSub
                0x0601b4e0                GFS_SetDir
                0x0601b9ac                GFS_GetFileSize
                0x0601ba78                GFS_GetNumCdbuf
                0x0601cdc0                gfs_convFinStat
                0x0601baa0                GFS_Load
                0x0601bc00                gfs_waitRead
                0x0601b438                GFS_LoadDir
                0x0601b618                GFS_GetDirInfo
                0x0601b7c0                GFS_Close
                0x0601b350                GFS_Init
                0x0601bf4c                gfs_recovRdErr
                0x0601c6e4                gfs_mngSetErrCode
                0x0601c03c                GFS_NwExecServer
                0x0601b8fc                GFS_IsEof
                0x0601cc80                gfs_SetSct
 *fill*         0x0601ce34        0xc 00
 .text          0x0601ce40      0x1f4 ../sbl6/segalib/lib/sega_sat.a(DMA_SCU1.o)
                0x0601cf9c                DMA_ScuResult
                0x0601ce40                DMA_ScuInit
                0x0601ce90                DMA_ScuMemCopy
 *fill*         0x0601d034        0xc 00
 .text          0x0601d040      0x8d4 ../sbl6/segalib/lib/sega_sat.a(gfs_cdf.o)
                0x0601d534                GFCF_Seek
                0x0601d63c                GFCF_GetStat
                0x0601d51c                GFCF_Tell
                0x0601d0e0                GFCF_Setup
                0x0601d5e8                GFCF_cnvIntlvOfs
                0x0601d040                GFCF_Init
                0x0601d4d4                GFCF_Recover
                0x0601d228                GFCF_SetSct
                0x0601d54c                GFCF_MovePickup
                0x0601d710                gfcf_isCdOk
                0x0601d2e0                GFCF_FlowInBuf
                0x0601d26c                GFCF_GetFileInfo
                0x0601d434                GFCF_StopInBuf
                0x0601d6d4                gfcf_getSctSize
                0x0601d7d0                gfcf_getPlayRange
 *fill*         0x0601d914        0xc 00
 .text          0x0601d920      0x928 ../sbl6/segalib/lib/sega_sat.a(gfs_dir.o)
                0x0601de10                gfdr_setNextRec
                0x0601e20c                gfdr_setDirrecCd
                0x0601dc08                gfdr_open
                0x0601da1c                GFDR_GetAtrDirId
                0x0601dcf0                gfdr_readByte
                0x0601d920                GFDR_SetupDirTbl
                0x0601dde8                gfdr_readLongNM
                0x0601de94                gfdr_readDirEnt
                0x0601da4c                GFDR_ChgRoot
                0x0601d994                GFDR_NameToId
                0x0601dad8                gfdr_setupDirIdTbl
                0x0601da34                GFDR_GetAtrDirName
                0x0601d9f4                GFDR_GetInfoDirId
                0x0601dd9c                gfdr_readLongNB
                0x0601dc30                gfdr_read
                0x0601dd1c                gfdr_readWord
                0x0601db5c                gfdr_setupDirNameTbl
                0x0601da08                GFDR_GetInfoDirName
                0x0601da64                GFDR_ChgDir
                0x0601dd48                gfdr_readWordNB
 *fill*         0x0601e248        0x8 00
 .text          0x0601e250      0xa46 ../sbl6/segalib/lib/sega_sat.a(gfs_trn.o)
                0x0601e330                GFTR_SetTransMax
                0x0601e700                gftr_execScu
                0x0601ec84                GFTR_SetTransFunc
                0x0601eb4c                gftr_remTrn
                0x0601ec70                GFTR_SetData
                0x0601e970                gftr_execSdma1
                0x0601ebc0                gftr_copyFrac
                0x0601e324                GFTR_GetNumTrans
                0x0601e2c4                GFTR_SetMode
                0x0601e940                gftr_remDma0
                0x0601ebe8                GFTR_GetLenData
                0x0601e6f4                gftr_reqScu
                0x0601e958                gftr_reqDma1
                0x0601e610                gftr_getSrcPack
                0x0601ec40                GFTR_RtnDstPk
                0x0601e7dc                gfdma_exec
                0x0601ea74                gftr_execTrn
                0x0601e508                GFTR_ExecSvr
                0x0601ea04                gftr_reqTrn
                0x0601e8cc                gfdma_getBytecnt
                0x0601e9ac                gftr_reqCpu
                0x0601ec0c                GFTR_GetDstPack
                0x0601e904                gftr_reqDma0
                0x0601e490                GFTR_Idle
                0x0601e348                GFTR_Pause
                0x0601e318                GFTR_GetTransPara
                0x0601e9f8                gftr_remCpu
                0x0601e2e4                GFTR_SetTransPara
                0x0601e994                gftr_remDma1
                0x0601e354                GFTR_Stop
                0x0601e91c                gftr_execSdma0
                0x0601e280                GFTR_Setup
                0x0601e79c                gftr_remScu
                0x0601e698                gftr_getDstPack
                0x0601e7d0                gfdma_canUse
                0x0601e40c                GFTR_Exec
                0x0601ec5c                GFTR_GetData
                0x0601e33c                GFTR_Start
                0x0601e2d8                GFTR_SetUnit
                0x0601e9b8                gftr_execCpu
                0x0601ebf4                GFTR_GetLenRoom
 *fill*         0x0601ec96        0xa 00
 .text          0x0601eca0      0x106 ../sbl6/segalib/lib/sega_sat.a(gfs_buf.o)
                0x0601ecf8                GFBF_GetNumData
                0x0601ed74                GFBF_RtnPk
                0x0601ed28                GFBF_GetSrcPk
                0x0601ed9c                gfbf_getSctDt
                0x0601ecd0                GFBF_GetTranData
                0x0601ed50                GFBF_GetSctData
 *fill*         0x0601eda6        0xa 00
 .text          0x0601edb0      0x600 ../sbl6/segalib/lib/sega_sat.a(gfs_cdb.o)
                0x0601f358                GFCB_GetPickup
                0x0601eed0                GFCB_Close
                0x0601f19c                GFCB_GetSrcPack
                0x0601f324                GFCB_SetCon
                0x0601efa4                GFCB_GetLenRoom
                0x0601f308                GFCB_MovePickup
                0x0601f27c                GFCB_GetSctData
                0x0601efb0                GFCB_SetFilt
                0x0601eef8                GFCB_GetLenData
                0x0601f398                GFCB_UngetPickup
                0x0601edb0                GFCB_Setup
                0x0601f040                GFCB_Tell
                0x0601f380                GFCB_IsPuOwner
                0x0601f0a0                GFCB_Seek
                0x0601f018                GFCB_DeleteAllData
                0x0601f2b4                GFCB_GetDstPack
                0x0601f050                gfcb_getSctNum
                0x0601f2c0                GFCB_RtnPk
 .text          0x0601f3b0     0x1a04 ../sbl6/segalib/lib/sega_sat.a(gfs_cdc.o)
                0x0601f64c                GFCD_AllocBuf
                0x06020428                gfcd_doGetLenDataTsk
                0x06020cc4                GFCD_SetCsctFunc
                0x0601f724                GFCD_GetBaseFad
                0x0601f8a0                GFCD_GetFilt
                0x060208b4                gfcd_doChgDirTsk
                0x06020bf4                gfcd_checkEflag
                0x0601fbe8                GFCD_MovePickup
                0x0601fccc                GFCD_GetSctInfo
                0x0602057c                gfcd_doReqDataTsk
                0x0601fd14                GFCD_ChgDir
                0x0601fa08                GFCD_ReqData
                0x06020ce0                GFCD_ChkScdqFlag
                0x06020198                GFCD_WaitServer
                0x0601faac                GFCD_DelSctData
                0x0601ff84                GFCD_ExecServer
                0x06020398                gfcd_doSetConTsk
                0x0601f5e0                GFCD_AllocFilt
                0x0601f7dc                GFCD_SetFilt
                0x060201d4                gfcd_doSetFiltTsk
                0x06020d04                GFCD_ClrScdqFlag
                0x0602061c                gfcd_doDelSctDataTsk
                0x060200e0                gfcd_doTask
                0x0601f758                GFCD_GetPickup
                0x0601fca8                GFCD_CheckMove
                0x06020d20                GFCD_WaitScdqFlag
                0x0601f940                GFCD_Play
                0x06020750                gfcd_doMoveSctTsk
                0x0601f8e8                GFCD_SetCon
                0x0601fd88                GFCD_SetFiltCon
                0x06020d64                GFCD_WaitPause
                0x0601ff4c                GFCD_GetBufSiz
                0x0601f78c                GFCD_UngetPickup
                0x0601fe70                GFCD_GetFileInfo
                0x0601fa64                GFCD_EndData
                0x0601f680                GFCD_FreeBuf
                0x0601f9a0                GFCD_GetLenData
                0x0601f61c                GFCD_FreeFilt
                0x06020058                gfcd_isIdleTask
                0x0601f3dc                GFCD_Init
                0x06020ab0                gfcd_doSetFiltConTsk
                0x0601fb34                GFCD_GetStat
                0x0601fc34                GFCD_MoveSctData
                0x0601f7b8                GFCD_IsPuOwner
                0x06020c18                gfcd_initCdbMng
                0x0601f3b0                GFCD_SetCdbfs
                0x06020184                GFCD_SetTimer
                0x06020c98                gfcd_setStat
                0x0601fb04                GFCD_CheckDelSctData
 *fill*         0x06020db4        0xc 00
 .text          0x06020dc0      0x308 ../sbl6/segalib/lib/sega_sat.a(DMA_SCU0.o)
                0x06020e44                DMA_ScuStart
                0x06020f78                DMA_ScuIntFunc0
                0x06020fe8                DMA_ScuIntFunc1
                0x06021058                DMA_ScuIntFunc2
                0x06020f38                DMA_ScuGetStatus
                0x06020dc0                DMA_ScuSetPrm
 *fill*         0x060210c8        0x8 00
 .text          0x060210d0       0xe8 ../sbl6/segalib/lib/sega_sat.a(csh_main.o)
                0x060210d0                CSH_Init
                0x06021138                CSH_AllClr
                0x06021184                CSH_Purge
 *fill*         0x060211b8        0x8 00
 .text          0x060211c0      0x1b6 ../sbl6/segalib/lib/sega_sat.a(DMA_CPU0.o)
                0x06021208                DMA_CpuSetPrm
                0x0602130c                DMA_CpuStart
                0x06021364                DMA_CpuGetStatus
                0x06021338                DMA_CpuAllStop
                0x0602134c                DMA_CpuGetComStatus
                0x060211c0                DMA_CpuSetComPrm
                0x06021320                DMA_CpuStop
 *fill*         0x06021376        0xa 00
 .text          0x06021380      0x2dc ../sbl6/segalib/lib/sega_sat.a(cdc_reg.o)
                0x060213d4                CDREG_ClrHirqReq
                0x060213a4                CDC_ClrHirqReq
                0x06021454                CDREG_TgetData
                0x06021444                CDC_GetMpegPtr
                0x06021420                CDC_GetHirqMsk
                0x06021380                CDC_GetDataPtr
                0x06021390                CDC_GetHirqReq
                0x060215b0                CDREG_WaitHirq
                0x06021434                CDC_SetHirqMsk
                0x060214b0                CDREG_CmdRsp
                0x060213e4                CDREG_InitHirqReq
                0x0602140c                CDREG_SetHirqFlag
                0x06021620                CDREG_ReadRsp
 *fill*         0x0602165c        0x4 00
 .text          0x06021660      0x194 ../sbl6/segalib/lib/sega_sat.a(cdc_cfs.o)
                0x06021660                CDC_ChgDir
                0x06021694                CDC_ReadDir
                0x060217b8                CDC_AbortFile
                0x060216c8                CDC_GetFileScope
                0x06021728                CDC_TgetFileInfo
                0x06021784                CDC_ReadFile
 *fill*         0x060217f4        0xc 00
 .text          0x06021800      0x3a0 ../sbl6/segalib/lib/sega_sat.a(cdc_cmn.o)
                0x060219a4                CDC_TgetToc
                0x06021b48                CDC_DataEnd
                0x06021868                CDC_GetPeriStat
                0x06021adc                CDC_DataReady
                0x06021ab4                CDC_CdOpen
                0x06021a30                CDC_CdInit
                0x060219f4                CDC_GetSes
                0x06021850                CDC_GetLastStat
                0x06021800                CDC_GetCurStat
                0x0602193c                CDC_GetHwInfo
 .text          0x06021ba0      0x1e4 ../sbl6/segalib/lib/sega_sat.a(cdc_bio.o)
                0x06021c4c                CDC_GetdelSctData
                0x06021bd4                CDC_GetSctData
                0x06021c88                CDC_PutSctData
                0x06021d04                CDC_MoveSctData
                0x06021d48                CDC_GetCopyErr
                0x06021c10                CDC_DelSctData
                0x06021ba0                CDC_SetSctLen
                0x06021cc0                CDC_CopySctData
 *fill*         0x06021d84        0xc 00
 .text          0x06021d90      0x2b8 ../sbl6/segalib/lib/sega_sat.a(cdc_sel.o)
                0x06021fc0                CDC_GetFiltCon
                0x06021f3c                CDC_GetFiltMode
                0x06022014                CDC_ResetSelector
                0x06021d90                CDC_SetFiltRange
                0x06021e1c                CDC_SetFiltSubh
                0x06021e8c                CDC_GetFiltSubh
                0x06021dc4                CDC_GetFiltRange
                0x06021f08                CDC_SetFiltMode
                0x06021f80                CDC_SetFiltCon
 *fill*         0x06022048        0x8 00
 .text          0x06022050      0x130 ../sbl6/segalib/lib/sega_sat.a(cdc_drv.o)
                0x06022050                CDC_CdPlay
                0x0602211c                CDC_CdSeek
                0x06022150                CDC_CdScan
 .text          0x06022180      0x270 ../sbl6/segalib/lib/sega_sat.a(cdc_bif.o)
                0x060221dc                CDC_GetSctNum
                0x0602235c                CDC_ExeFadSearch
                0x060222dc                CDC_GetSctInfo
                0x06022220                CDC_CalActSiz
                0x06022180                CDC_GetBufSiz
                0x0602225c                CDC_GetActSiz
                0x06022394                CDC_GetFadSearch
 .text          0x060223f0       0xa8 ../sbl6/segalib/lib/sega_sat.a(cdc_dev.o)
                0x0602245c                CDC_CdGetLastBuf
                0x060223f0                CDC_CdSetCon
                0x06022420                CDC_CdGetCon
 *fill*         0x06022498        0x8 00
 .text          0x060224a0      0x152 ../sbl6/segalib/lib/sega_sat.a(cdc_sub.o)
                0x06022548                CDSUB_GetCdstat
                0x060224b8                CDSUB_UpdCdstat
                0x06022588                CDSUB_RspToCdstat
                0x060225d0                CDSUB_SoftTimer
                0x060224a0                CDSUB_UpdStatus
                0x060224d8                CDSUB_CdCmd
 *fill*         0x060225f2        0xe 00
 .text          0x06022600       0x60 C:/saturn/SH_COFF/sh-coff/bin/../lib/gcc/sh-coff/3.4-GNUSH_v0501\libgcc.a(_ashiftrt.o)
                0x0602260c                __ashiftrt_r4_27
                0x06022640                __ashiftrt_r4_6
                0x06022630                __ashiftrt_r4_14
                0x06022622                __ashiftrt_r4_19
                0x0602263a                __ashiftrt_r4_9
                0x0602264e                __ashiftrt_r4_0
                0x06022600                __ashiftrt_r4_31
                0x0602260e                __ashiftrt_r4_26
                0x0602261c                __ashiftrt_r4_22
                0x06022628                __ashiftrt_r4_16
                0x06022634                __ashiftrt_r4_12
                0x06022608                __ashiftrt_r4_29
                0x06022626                __ashiftrt_r4_17
                0x06022606                __ashiftrt_r4_30
                0x06022642                __ashiftrt_r4_5
                0x0602263c                __ashiftrt_r4_8
                0x06022600                __ashiftrt_r4_32
                0x06022610                __ashiftrt_r4_25
                0x06022648                __ashiftrt_r4_2
                0x06022612                __ashiftrt_r4_24
                0x0602262e                __ashiftrt_r4_15
                0x06022638                __ashiftrt_r4_10
                0x0602264a                __ashiftrt_r4_1
                0x0602260a                __ashiftrt_r4_28
                0x06022620                __ashiftrt_r4_20
                0x0602263e                __ashiftrt_r4_7
                0x06022632                __ashiftrt_r4_13
                0x06022636                __ashiftrt_r4_11
                0x06022644                __ashiftrt_r4_4
                0x0602261a                __ashiftrt_r4_23
                0x06022624                __ashiftrt_r4_18
                0x0602261e                __ashiftrt_r4_21
                0x06022646                __ashiftrt_r4_3
 .text          0x06022660       0x90 C:/saturn/SH_COFF/sh-coff/bin/../lib/gcc/sh-coff/3.4-GNUSH_v0501\libgcc.a(_ashiftlt.o)
                0x06022660                __ashlsi3
 .text          0x060226f0       0xb0 C:/saturn/SH_COFF/sh-coff/bin/../lib/gcc/sh-coff/3.4-GNUSH_v0501\libgcc.a(_movstr.o)
                0x06022730                __movstrSI16
                0x06022704                __movstrSI60
                0x06022710                __movstrSI48
                0x0602270c                __movstrSI52
                0x06022700                __movstrSI64
                0x06022714                __movstrSI44
                0x06022718                __movstrSI40
                0x0602271c                __movstrSI36
                0x06022750                __movstr
                0x06022708                __movstrSI56
                0x06022724                __movstrSI28
                0x06022720                __movstrSI32
                0x06022734                __movstrSI12
                0x06022738                __movstrSI8
                0x06022740                __movstrSI0
                0x06022728                __movstrSI24
                0x0602272c                __movstrSI20
                0x0602273c                __movstrSI4
 .text          0x060227a0       0xa0 C:/saturn/SH_COFF/sh-coff/bin/../lib/gcc/sh-coff/3.4-GNUSH_v0501\libgcc.a(__main.o)
                0x06022814                __main
                0x060227a0                __do_global_dtors
                0x060227d4                __do_global_ctors
 .text          0x06022840      0x2e0 C:/saturn/SH_COFF/sh-coff/bin/../lib/gcc/sh-coff/3.4-GNUSH_v0501\libgcc.a(_mul_df.o)
                0x06022850                __muldf3
 .text          0x06022b20       0xb0 C:/saturn/SH_COFF/sh-coff/bin/../lib/gcc/sh-coff/3.4-GNUSH_v0501\libgcc.a(_si_to_df.o)
                0x06022b20                __floatsidf
 .text          0x06022bd0       0x80 C:/saturn/SH_COFF/sh-coff/bin/../lib/gcc/sh-coff/3.4-GNUSH_v0501\libgcc.a(_df_to_si.o)
                0x06022bd0                __fixdfsi
 .text          0x06022c50       0x70 C:/saturn/SH_COFF/sh-coff/bin/../lib/gcc/sh-coff/3.4-GNUSH_v0501\libgcc.a(_udivsi3.o)
                0x06022c72                __udivsi3
 .text          0x06022cc0       0xa0 C:/saturn/SH_COFF/sh-coff/bin/../lib/gcc/sh-coff/3.4-GNUSH_v0501\libgcc.a(_sdivsi3.o)
                0x06022cc0                __sdivsi3
 .text          0x06022d60      0x120 C:/saturn/SH_COFF/sh-coff/bin/../lib/gcc/sh-coff/3.4-GNUSH_v0501\libgcc.a(_unpack_df.o)
                0x06022d70                __unpack_d
 .text          0x06022e80      0x220 C:/saturn/SH_COFF/sh-coff/bin/../lib/gcc/sh-coff/3.4-GNUSH_v0501\libgcc.a(_pack_df.o)
                0x06022e90                __pack_d
 .text          0x060230a0       0x20 C:/saturn/SH_COFF/sh-coff/bin/../lib/gcc/sh-coff/3.4-GNUSH_v0501\libgcc.a(_thenan_df.o)
                0x060230a0                __thenan_df
 .text          0x060230c0       0xd0 C:/saturn/SH_COFF/sh-coff/bin/../lib/gcc/sh-coff/3.4-GNUSH_v0501\libgcc.a(_muldi3.o)
                0x060230c0                __muldi3
 .text          0x06023190       0x80 C:/saturn/SH_COFF/sh-coff/bin/../lib/gcc/sh-coff/3.4-GNUSH_v0501\libgcc.a(_lshrdi3.o)
                0x06023190                __lshrdi3
 .text          0x06023210       0x80 C:/saturn/SH_COFF/sh-coff/bin/../lib/gcc/sh-coff/3.4-GNUSH_v0501\libgcc.a(_ashldi3.o)
                0x06023210                __ashldi3
 .text          0x06023290       0x30 C:/saturn/SH_COFF/sh-coff/bin/../lib/gcc/sh-coff/3.4-GNUSH_v0501\libgcc.a(_mulsi3.o)
                0x06023290                __mulsi3
 .text          0x060232c0       0x90 C:/saturn/SH_COFF/sh-coff/bin/../lib/gcc/sh-coff/3.4-GNUSH_v0501\libgcc.a(_lshiftrt.o)
                0x060232c0                __lshrsi3
 .text          0x06023350       0xa0 C:/saturn/SH_COFF/sh-coff/bin/../lib/gcc/sh-coff/3.4-GNUSH_v0501/../../../../sh-coff/lib\libc.a(memcpy.o)
                0x06023350                memcpy
 .text          0x060233f0       0x40 C:/saturn/SH_COFF/sh-coff/bin/../lib/gcc/sh-coff/3.4-GNUSH_v0501/../../../../sh-coff/lib\libc.a(memset.o)
                0x060233f0                memset
 .text          0x06023430       0x60 C:/saturn/SH_COFF/sh-coff/bin/../lib/gcc/sh-coff/3.4-GNUSH_v0501/../../../../sh-coff/lib\libc.a(memcmp.o)
                0x06023430                memcmp
 .text          0x06023490       0xb0 C:/saturn/SH_COFF/sh-coff/bin/../lib/gcc/sh-coff/3.4-GNUSH_v0501/../../../../sh-coff/lib\libc.a(strncmp.o)
                0x06023490                strncmp
 .text          0x06023540       0xa0 C:/saturn/SH_COFF/sh-coff/bin/../lib/gcc/sh-coff/3.4-GNUSH_v0501/../../../../sh-coff/lib\libc.a(strncpy.o)
                0x06023540                strncpy
 .text          0x060235e0       0x90 C:/saturn/SH_COFF/sh-coff/bin/../lib/gcc/sh-coff/3.4-GNUSH_v0501/../../../../sh-coff/lib\libc.a(atexit.o)
                0x060235e0                atexit
 .text          0x06023670       0x10 C:/saturn/SH_COFF/sh-coff/bin/../lib/gcc/sh-coff/3.4-GNUSH_v0501/../../../../sh-coff/lib\libc.a(impure.o)
                0x06023670                _global_impure_ptr
 .text          0x06023680       0x40 C:/saturn/SH_COFF/sh-coff/bin/../lib/gcc/sh-coff/3.4-GNUSH_v0501/../../../../sh-coff/lib\libc.a(malloc.o)
                0x0602369c                free
                0x06023680                malloc
 .text          0x060236c0      0x5b0 C:/saturn/SH_COFF/sh-coff/bin/../lib/gcc/sh-coff/3.4-GNUSH_v0501/../../../../sh-coff/lib\libc.a(mallocr.o)
                0x060236c0                _malloc_r
 .text          0x06023c70      0x340 C:/saturn/SH_COFF/sh-coff/bin/../lib/gcc/sh-coff/3.4-GNUSH_v0501/../../../../sh-coff/lib\libc.a(freer.o)
                0x06023c70                _malloc_trim_r
                0x06023d64                _free_r
 .text          0x06023fb0       0x20 C:/saturn/SH_COFF/sh-coff/bin/../lib/gcc/sh-coff/3.4-GNUSH_v0501/../../../../sh-coff/lib\libc.a(mlock.o)
                0x06023fb0                __malloc_lock
                0x06023fbc                __malloc_unlock
 .text          0x06023fd0       0x50 C:/saturn/SH_COFF/sh-coff/bin/../lib/gcc/sh-coff/3.4-GNUSH_v0501/../../../../sh-coff/lib\libc.a(sbrkr.o)
                0x06023fd0                _sbrk_r
 .text          0x06024020      0x380 C:/saturn/SH_COFF/sh-coff/bin/../lib/gcc/sh-coff/3.4-GNUSH_v0501/../../../../sh-coff/lib\libc.a(syscalls.o)
                0x0602418c                _exit
                0x060241c0                _getpid
                0x06024228                _utime
                0x06024058                _write
                0x06024020                _read
                0x06024174                _unlink
                0x0602413c                _open
                0x060241d8                _stat
                0x06024180                isatty
                0x06024258                _wait
                0x060241a4                _kill
                0x060241f4                _chmod
                0x06024288                _execv
                0x0602426c                _execve
                0x06024364                __setup_argv_and_call_main
                0x060242c0                _gettimeofday
                0x0602408c                _link
                0x060241cc                _raise
                0x06024158                _creat
                0x060242a0                _pipe
                0x0602420c                _chown
                0x0602403c                _lseek
                0x06024074                _close
                0x060242b4                _times
                0x06024128                _fstat
                0x06024244                _fork
                0x060240b4                _sbrk
 .text          0x060243a0       0x20 C:/saturn/SH_COFF/sh-coff/bin/../lib/gcc/sh-coff/3.4-GNUSH_v0501/../../../../sh-coff/lib\libc.a(trap.o)
                0x060243a0                __trap34
 .text          0x060243c0       0x20 C:/saturn/SH_COFF/sh-coff/bin/../lib/gcc/sh-coff/3.4-GNUSH_v0501/../../../../sh-coff/lib\libc.a(abort.o)
                0x060243c0                abort
 .text          0x060243e0      0x270 C:/saturn/SH_COFF/sh-coff/bin/../lib/gcc/sh-coff/3.4-GNUSH_v0501/../../../../sh-coff/lib\libc.a(signal.o)
                0x060244a0                _raise_r
                0x06024628                __sigtramp
                0x060245d4                raise
                0x06024610                _init_signal
                0x06024560                __sigtramp_r
                0x060245f0                signal
                0x0602442c                _signal_r
                0x060243e0                _init_signal_r
 .text          0x06024650       0x60 C:/saturn/SH_COFF/sh-coff/bin/../lib/gcc/sh-coff/3.4-GNUSH_v0501/../../../../sh-coff/lib\libc.a(signalr.o)
                0x06024698                _getpid_r
                0x06024650                _kill_r
 *(.strings)

.tors           0x060246b0        0x0
                0x060246b0                ___ctors = .
 *(.ctors)
                0x060246b0                ___ctors_end = .
                0x060246b0                ___dtors = .
 *(.dtors)
                0x060246b0                ___dtors_end = .

.data           0x060246b0     0x1790
                0x060246b0                STARTOF_R = .
 *(.data)
 .data          0x060246b0      0x400 ../sbl6/segasmp/per/smpclib/per_x1.o
 .data          0x06024ab0       0x60 blocks.o
                0x06024b00                tile2_slope
                0x06024ae0                tile4_slope
                0x06024ab0                block_slopes
                0x06024af0                tile3_slope
 .data          0x06024b10       0x20 enemylist.o
                0x06024b10                enemy_lists
                0x06024b14                level0_enemies
                0x06024b28                enemy_arr
 .data          0x06024b30      0x640 graphics.o
                0x06024b30                cloudmap_name
                0x06024c6a                guy_num
                0x06025160                bg_num
                0x06024b40                cloudmap_width
                0x06024b66                map_heights
                0x06024cc0                cloud_pal
                0x06024d0c                hills_pal
                0x06024d4c                hills_name
                0x06024b3e                cloudmap_height
                0x06024b70                explosion_pal
                0x06024d58                bg_pal
                0x06024d56                hills_num
                0x06024bb0                explosion_name
                0x06024c5c                guy_name
                0x06024b54                hill_map_width
                0x06024c1c                guy_pal
                0x06024d0a                cloud_num
                0x06024cb6                font_height
                0x06024c66                guy_width
                0x06024c16                float_size
                0x06024bc0                explosion_width
                0x06024b58                map_name
                0x06024cac                font_name
                0x06025158                bg_name
                0x06024b52                hill_map_height
                0x06024cb8                font_width
                0x06024c64                guy_height
                0x06024b44                hill_map_name
                0x06024d00                cloud_name
                0x06024cbc                font_num
                0x06024c6c                font_pal
                0x06024bc4                explosion_num
                0x06024b6a                map_widths
                0x06024c12                float_height
                0x06024c68                guy_size
                0x06024cba                font_size
                0x06024b64                map_size
                0x06024b60                map_offsets
                0x06024c08                float_name
                0x06024bc8                float_pal
                0x06024bc2                explosion_size
                0x06024c14                float_width
                0x06024c18                float_num
                0x06024bbe                explosion_height
 .data          0x06025170       0x10 player.o
                0x06025170                lives
 .data          0x06025180       0x30 sprite.o
 .data          0x060251b0       0x20 scroll.o
                0x060251b0                CycleTb
                0x060251c0                vram
 .data          0x060251d0      0x400 ../sbl6/segalib/lib/sega_int.a(int.o)
 .data          0x060255d0       0x1c ../sbl6/segalib/lib/sega_spr.a(spr_slv.o)
                0x060255d8                SPR_SlaveParam
                0x060255e8                SPR_SMPC_SF
                0x060255e0                SPR_SMPC_COM
                0x060255dc                SPR_SlaveSHEntry
                0x060255d4                SPR_SlaveState
                0x060255d0                SPR_SlaveCommand
                0x060255e4                SPR_SMPC_RET
 *fill*         0x060255ec        0x4 00
 .data          0x060255f0       0x34 ../sbl6/segalib/lib/sega_spr.a(spr_1c.o)
                0x060255f0                SpInitialFlag
 *fill*         0x06025624        0xc 00
 .data          0x06025630       0x1c ../sbl6/segalib/lib/sega_scl.a(scl_vblv.o)
                0x06025638                VBInterval
                0x06025640                ReqDisplayFlag
                0x06025630                SpFrameChgMode
                0x0602563c                VBIntervalCounter
                0x06025634                SpFrameEraseMode
 *fill*         0x0602564c        0x4 00
 .data          0x06025650       0x36 ../sbl6/segalib/lib/sega_scl.a(scl_func.o)
                0x06025660                SclRotregBuff
                0x0602565c                SclDisplayY
                0x06025664                SclRotateTableMode
                0x06025658                SclProcess
                0x06025654                SclCurSclNum
                0x06025650                SclLengthLsTbl
                0x0602565a                SclDisplayX
                0x06025652                SclLengthCsTbl
 *fill*         0x06025686        0xa 00
 .data          0x06025690       0x18 ../sbl6/segalib/lib/sega_scl.a(scl_pri.o)
                0x06025694                SclRealSpPriNum
                0x060256a4                SclRealColOffset
                0x060256a0                SclRealBgColMix
                0x0602569c                SclRealSpColMix
                0x06025698                SclRealBgPriNum
                0x06025690                SclRealOtherPri
 *fill*         0x060256a8        0x8 00
 .data          0x060256b0      0x380 C:/saturn/SH_COFF/sh-coff/bin/../lib/gcc/sh-coff/3.4-GNUSH_v0501/../../../../sh-coff/lib\libc.a(impure.o)
                0x06025a2c                _impure_ptr
 .data          0x06025a30      0x410 C:/saturn/SH_COFF/sh-coff/bin/../lib/gcc/sh-coff/3.4-GNUSH_v0501/../../../../sh-coff/lib\libc.a(mallocr.o)
                0x06025a38                __malloc_av_
                0x06025a34                __malloc_trim_threshold
                0x06025a30                __malloc_sbrk_base
                0x06025e40                SIZEOF_R = (. - STARTOF_R)
                0x06025e40                ENDOF_R = .

.bss            0x06025e40     0xf084
                0x06025e40                STARTOF_B = .
 *(.bss)
 .bss           0x06025e40       0x10 vblank.o
                0x06025e44                PadData2E
                0x06025e4a                PadData1
                0x06025e46                PadData2
                0x06025e48                PadData1E
                0x06025e40                __port
 .bss           0x06025e50       0xd0 ../sbl6/segasmp/per/smpclib/per_x2.o
 .bss           0x06025f20       0x10 player.o
                0x06025f21                boost
                0x06025f20                jumps
 .bss           0x06025f30     0x3800 sprite.o
                0x06025f30                num_sprites
 .bss           0x06029730       0x50 scroll.o
                0x0602974c                map_tiles_x
                0x06029754                scrolls_y
                0x06029730                scroll_transition_state
                0x06029734                scroll_ysize
                0x06029744                map_tiles_y
                0x0602973c                copy_modes
                0x06029764                scrolls_x
                0x06029738                scroll_xsize
 .bss           0x06029780       0x10 main.o
                0x06029780                frame
 .bss           0x06029790       0x6e ../sbl6/segalib/lib/sega_spr.a(spr_2c.o)
 *fill*         0x060297fe        0x2 00
 .bss           0x06029800        0x4 ../sbl6/segalib/lib/sega_scl.a(scl_vblv.o)
 *fill*         0x06029804        0xc 00
 .bss           0x06029810        0x4 ../sbl6/segalib/lib/sega_scl.a(scl_func.o)
 *fill*         0x06029814        0xc 00
 .bss           0x06029820     0x1900 ../sbl6/segalib/lib/sega_scl.a(scl_fu05.o)
 .bss           0x0602b120       0x48 ../sbl6/segalib/lib/sega_scl.a(scl_ro00.o)
 *fill*         0x0602b168        0x8 00
 .bss           0x0602b170       0x9c ../sbl6/segalib/lib/sega_per.a(per_prt.o)
 *fill*         0x0602b20c        0x4 00
 .bss           0x0602b210        0xc ../sbl6/segalib/lib/sega_sat.a(DMA_SCU1.o)
 *fill*         0x0602b21c        0x4 00
 .bss           0x0602b220        0xc ../sbl6/segalib/lib/sega_sat.a(gfs_trn.o)
 *fill*         0x0602b22c        0x4 00
 .bss           0x0602b230       0x20 ../sbl6/segalib/lib/sega_sat.a(DMA_SCU0.o)
 .bss           0x0602b250        0x2 ../sbl6/segalib/lib/sega_sat.a(cdc_reg.o)
 *fill*         0x0602b252        0xe 00
 .bss           0x0602b260        0xc ../sbl6/segalib/lib/sega_sat.a(cdc_sub.o)
 *fill*         0x0602b26c        0x4 00
 .bss           0x0602b270       0x10 C:/saturn/SH_COFF/sh-coff/bin/../lib/gcc/sh-coff/3.4-GNUSH_v0501\libgcc.a(__main.o)
 .bss           0x0602b280       0x10 C:/saturn/SH_COFF/sh-coff/bin/../lib/gcc/sh-coff/3.4-GNUSH_v0501/../../../../sh-coff/lib\libc.a(atexit.o)
 .bss           0x0602b290       0x40 C:/saturn/SH_COFF/sh-coff/bin/../lib/gcc/sh-coff/3.4-GNUSH_v0501/../../../../sh-coff/lib\libc.a(mallocr.o)
                0x0602b2c0                __malloc_top_pad
                0x0602b290                __malloc_current_mallinfo
                0x0602b2bc                __malloc_max_sbrked_mem
                0x0602b2b8                __malloc_max_total_mem
 .bss           0x0602b2d0       0x10 C:/saturn/SH_COFF/sh-coff/bin/../lib/gcc/sh-coff/3.4-GNUSH_v0501/../../../../sh-coff/lib\libc.a(syscalls.o)
 *(COMMON)
 COMMON         0x0602b2e0     0x1674 cd.o
                                  0x0 (size before relaxing)
                0x0602b2e0                dirname
                0x0602bc40                lib_work
                0x0602c948                directory_table
 *fill*         0x0602c954        0xc 00
 COMMON         0x0602c960     0x1960 player.o
                                  0x0 (size before relaxing)
                0x0602c960                curr_level
                0x0602c970                player
                0x0602c9b0                lp
 COMMON         0x0602e2c0      0x8c0 print.o
                                  0x0 (size before relaxing)
                0x0602e2c0                text
 COMMON         0x0602eb80     0x1460 sprite.o
                                  0x0 (size before relaxing)
                0x0602eb80                sprites
                0x0602efe0                image_buf
 COMMON         0x0602ffe0     0x346c scroll.o
                                  0x0 (size before relaxing)
                0x0602ffe0                line_param0
                0x060318f0                scfg3
                0x06031980                scfg0
                0x06031a10                maps
                0x06031a20                scfg2
                0x06031ab0                line_param1
                0x060333c0                scfg1
 *fill*         0x0603344c        0x4 00
 COMMON         0x06033450      0x400 ../sbl6/segalib/lib/sega_int.a(int.o)
                                  0x0 (size before relaxing)
                0x06033450                __interrupt_vector
 COMMON         0x06033850       0x50 ../sbl6/segalib/lib/sega_spr.a(spr_2c.o)
                                  0x0 (size before relaxing)
                0x06033850                SpMstCmd
                0x06033854                Sp2OpenFlag
                0x06033858                SpGourTblMax
                0x0603385c                SpDrawPrtyBlk
                0x06033860                SpLCoordX
                0x06033864                SpMstDrawPrtyBlk
                0x06033868                SpGourTbl
                0x0603386c                SpLookupTblR
                0x06033870                SpCmdTbl
                0x06033874                SpCharMax
                0x06033878                SpDrawPrtyProcFlag
                0x0603387c                SpCmdNo
                0x06033880                SpDrawPrtyBlkMax
                0x06033884                SpSlvCmdPos
                0x06033888                SpSlvDrawPrtyBlk
                0x0603388c                SpCharTbl
                0x06033890                SpCmdTblR
                0x06033894                SpMstCmdPos
                0x06033898                SpSlvCmd
                0x0603389c                SpLCoordY
 COMMON         0x060338a0       0x10 ../sbl6/segalib/lib/sega_spr.a(spr_1c.o)
                                  0x0 (size before relaxing)
                0x060338a0                SpScreenY
                0x060338a4                SpFbcrMode
                0x060338a6                SpDil
                0x060338a8                SpDie
                0x060338aa                SpTvMode
                0x060338ac                SpScreenX
 COMMON         0x060338b0      0xf00 ../sbl6/segalib/lib/sega_scl.a(scl_func.o)
                                  0x0 (size before relaxing)
                0x060338b0                SclRbgKtbAddr
                0x060338b8                SclRb
                0x060338ba                Scl_flag
                0x060338c0                SclK_TableBuff
                0x06034590                SclAddrCsTbl
                0x060345a0                Scl_s_reg
                0x060345c8                SclRotateXy
                0x060345d0                Scl_d_reg
                0x06034618                SclRotateDisp
                0x06034620                SclRotateMoveZ
                0x06034628                SclRotXySw
                0x06034630                Scl_r_reg
                0x06034640                SclRPMD
                0x06034648                SclRbgKtbOffset
                0x06034650                _SclRotregBuff
                0x06034720                SclRa
                0x06034728                SclRotateZ
                0x06034730                SclAddrLsTbl
                0x06034738                SclK_TableNum
                0x06034740                SclRotateTableAddress
                0x06034744                SclK_TableFlag
                0x06034750                Scl_w_reg
                0x06034770                Scl_n_reg
 COMMON         0x060347b0      0x6b0 ../sbl6/segalib/lib/sega_scl.a(scl_pri.o)
                                  0x0 (size before relaxing)
                0x060347b0                SclAutoEndBlue2
                0x060347c0                SclColOffset
                0x060347d0                SclPriBuffDirty
                0x060347d2                SclAutoEndRed
                0x060347d4                SclAutoSurface
                0x060347d8                SclAutoGreen
                0x060347da                SclAutoEndGreen
                0x060347dc                SclAutoCount
                0x060347e0                SclColRamAlloc256
                0x06034800                SclAutoCurRate
                0x06034801                SclAutoPlusFlag
                0x06034808                SclSpColMix
                0x06034810                SclAutoMax
                0x06034814                SclLineColRamOffset
                0x06034818                SclColRamAlloc2048
                0x0603481c                SclBgPriNum
                0x06034822                SclAutoEndBlue
                0x06034824                SclAutoEndGreen2
                0x06034826                SclAutoVeFlag
                0x06034828                SclBgColMix
                0x06034830                SclAutoIndex
                0x06034834                SclAutoEndRate
                0x06034836                SclAutoBlue
                0x06034838                SclAutoRed
                0x0603483c                SclAutoInterval
                0x06034840                SclOtherPri
                0x06034850                SclAutoRGB
                0x06034e50                SclAutoEndRed2
                0x06034e58                SclSpPriNum
 COMMON         0x06034e60       0x10 ../sbl6/segalib/lib/sega_scl.a(scl_ro00.o)
                                  0x0 (size before relaxing)
                0x06034e60                SclCsx
                0x06034e68                SclCsy
 COMMON         0x06034e70       0x15 ../sbl6/segalib/lib/sega_per.a(per_prt.o)
                                  0x0 (size before relaxing)
                0x06034e70                per_get_time_flg
                0x06034e71                per_hot_res
                0x06034e72                per_set_sys_flg
                0x06034e74                per_get_time_adr
                0x06034e78                per_get_sys_data
                0x06034e84                per_time_out_flg
 *fill*         0x06034e85        0xb 00
 COMMON         0x06034e90        0xc ../sbl6/segalib/lib/sega_sat.a(gfs.o)
                                  0x0 (size before relaxing)
                0x06034e90                GFMC_base
                0x06034e94                gfs_mng_ptr
                0x06034e98                gfs_use_scudma
 *fill*         0x06034e9c        0x4 00
 COMMON         0x06034ea0        0x8 ../sbl6/segalib/lib/sega_sat.a(gfs_cdf.o)
                                  0x0 (size before relaxing)
                0x06034ea0                gfcf_fad
                0x06034ea4                gfcf_stat
 *fill*         0x06034ea8        0x8 00
 COMMON         0x06034eb0        0xc ../sbl6/segalib/lib/sega_sat.a(gfs_cdc.o)
                                  0x0 (size before relaxing)
                0x06034eb0                gfcd_fatal_err
                0x06034eb4                gfcd_work
                0x06034eb8                gfcd_playflag
 *fill*         0x06034ebc        0x4 00
 COMMON         0x06034ec0        0x4 C:/saturn/SH_COFF/sh-coff/bin/../lib/gcc/sh-coff/3.4-GNUSH_v0501/../../../../sh-coff/lib\libc.a(syscalls.o)
                                  0x0 (size before relaxing)
                0x06034ec0                errno
                0x06034ec4                SIZEOF_B = (. - STARTOF_B)
                0x06034ec4                ENDOF_B = .
                0x06034ec4                _end = .
OUTPUT(main.cof coff-sh)

.comment        0x06034ed0      0x500
 .comment       0x06034ed0       0x20 ../sbl6/segasmp/lib/strt2_g.o
 .comment       0x06034ef0       0x20 vblank.o
 .comment       0x06034f10       0x20 ../sbl6/segasmp/per/smpclib/per_x1.o
 .comment       0x06034f30       0x20 ../sbl6/segasmp/per/smpclib/per_x2.o
 .comment       0x06034f50       0x20 blocks.o
 .comment       0x06034f70       0x20 cd.o
 .comment       0x06034f90       0x20 collision.o
 .comment       0x06034fb0       0x20 enemylist.o
 .comment       0x06034fd0       0x20 graphics.o
 .comment       0x06034ff0       0x20 player.o
 .comment       0x06035010       0x20 print.o
 .comment       0x06035030       0x20 sprite.o
 .comment       0x06035050       0x20 spritecode/explosion.o
 .comment       0x06035070       0x20 spritecode/float.o
 .comment       0x06035090       0x20 scroll.o
 .comment       0x060350b0       0x20 main.o
 .comment       0x060350d0       0x20 C:/saturn/SH_COFF/sh-coff/bin/../lib/gcc/sh-coff/3.4-GNUSH_v0501\libgcc.a(__main.o)
 .comment       0x060350f0       0x20 C:/saturn/SH_COFF/sh-coff/bin/../lib/gcc/sh-coff/3.4-GNUSH_v0501\libgcc.a(_mul_df.o)
 .comment       0x06035110       0x20 C:/saturn/SH_COFF/sh-coff/bin/../lib/gcc/sh-coff/3.4-GNUSH_v0501\libgcc.a(_si_to_df.o)
 .comment       0x06035130       0x20 C:/saturn/SH_COFF/sh-coff/bin/../lib/gcc/sh-coff/3.4-GNUSH_v0501\libgcc.a(_df_to_si.o)
 .comment       0x06035150       0x20 C:/saturn/SH_COFF/sh-coff/bin/../lib/gcc/sh-coff/3.4-GNUSH_v0501\libgcc.a(_unpack_df.o)
 .comment       0x06035170       0x20 C:/saturn/SH_COFF/sh-coff/bin/../lib/gcc/sh-coff/3.4-GNUSH_v0501\libgcc.a(_pack_df.o)
 .comment       0x06035190       0x20 C:/saturn/SH_COFF/sh-coff/bin/../lib/gcc/sh-coff/3.4-GNUSH_v0501\libgcc.a(_thenan_df.o)
 .comment       0x060351b0       0x20 C:/saturn/SH_COFF/sh-coff/bin/../lib/gcc/sh-coff/3.4-GNUSH_v0501\libgcc.a(_muldi3.o)
 .comment       0x060351d0       0x20 C:/saturn/SH_COFF/sh-coff/bin/../lib/gcc/sh-coff/3.4-GNUSH_v0501\libgcc.a(_lshrdi3.o)
 .comment       0x060351f0       0x20 C:/saturn/SH_COFF/sh-coff/bin/../lib/gcc/sh-coff/3.4-GNUSH_v0501\libgcc.a(_ashldi3.o)
 .comment       0x06035210       0x20 C:/saturn/SH_COFF/sh-coff/bin/../lib/gcc/sh-coff/3.4-GNUSH_v0501/../../../../sh-coff/lib\libc.a(memcmp.o)
 .comment       0x06035230       0x20 C:/saturn/SH_COFF/sh-coff/bin/../lib/gcc/sh-coff/3.4-GNUSH_v0501/../../../../sh-coff/lib\libc.a(strncmp.o)
 .comment       0x06035250       0x20 C:/saturn/SH_COFF/sh-coff/bin/../lib/gcc/sh-coff/3.4-GNUSH_v0501/../../../../sh-coff/lib\libc.a(strncpy.o)
 .comment       0x06035270       0x20 C:/saturn/SH_COFF/sh-coff/bin/../lib/gcc/sh-coff/3.4-GNUSH_v0501/../../../../sh-coff/lib\libc.a(atexit.o)
 .comment       0x06035290       0x20 C:/saturn/SH_COFF/sh-coff/bin/../lib/gcc/sh-coff/3.4-GNUSH_v0501/../../../../sh-coff/lib\libc.a(impure.o)
 .comment       0x060352b0       0x20 C:/saturn/SH_COFF/sh-coff/bin/../lib/gcc/sh-coff/3.4-GNUSH_v0501/../../../../sh-coff/lib\libc.a(malloc.o)
 .comment       0x060352d0       0x20 C:/saturn/SH_COFF/sh-coff/bin/../lib/gcc/sh-coff/3.4-GNUSH_v0501/../../../../sh-coff/lib\libc.a(mallocr.o)
 .comment       0x060352f0       0x20 C:/saturn/SH_COFF/sh-coff/bin/../lib/gcc/sh-coff/3.4-GNUSH_v0501/../../../../sh-coff/lib\libc.a(freer.o)
 .comment       0x06035310       0x20 C:/saturn/SH_COFF/sh-coff/bin/../lib/gcc/sh-coff/3.4-GNUSH_v0501/../../../../sh-coff/lib\libc.a(mlock.o)
 .comment       0x06035330       0x20 C:/saturn/SH_COFF/sh-coff/bin/../lib/gcc/sh-coff/3.4-GNUSH_v0501/../../../../sh-coff/lib\libc.a(sbrkr.o)
 .comment       0x06035350       0x20 C:/saturn/SH_COFF/sh-coff/bin/../lib/gcc/sh-coff/3.4-GNUSH_v0501/../../../../sh-coff/lib\libc.a(syscalls.o)
 .comment       0x06035370       0x20 C:/saturn/SH_COFF/sh-coff/bin/../lib/gcc/sh-coff/3.4-GNUSH_v0501/../../../../sh-coff/lib\libc.a(abort.o)
 .comment       0x06035390       0x20 C:/saturn/SH_COFF/sh-coff/bin/../lib/gcc/sh-coff/3.4-GNUSH_v0501/../../../../sh-coff/lib\libc.a(signal.o)
 .comment       0x060353b0       0x20 C:/saturn/SH_COFF/sh-coff/bin/../lib/gcc/sh-coff/3.4-GNUSH_v0501/../../../../sh-coff/lib\libc.a(signalr.o)
