Archive member included because of file (symbol)

../sbl6/segalib/lib/sega_int.a(int.o)
                              vblank.o (INT_SetScuFunc)
../sbl6/segalib/lib/sega_int.a(int_trmp.o)
                              ../sbl6/segalib/lib/sega_int.a(int.o) (__interrupt_handler0)
../sbl6/segalib/lib/sega_spr.a(spr_2c.o)
                              sprite.o (SPR_2Initial)
../sbl6/segalib/lib/sega_spr.a(spr_slv.o)
                              ../sbl6/segalib/lib/sega_spr.a(spr_2c.o) (SPR_InitSlaveSH)
../sbl6/segalib/lib/sega_spr.a(spr_1c.o)
                              ../sbl6/segalib/lib/sega_spr.a(spr_2c.o) (SPR_Initial)
../sbl6/segalib/lib/sega_spr.a(spr_2a.o)
                              ../sbl6/segalib/lib/sega_spr.a(spr_2c.o) (SPR_2SetDrawPrty)
../sbl6/segalib/lib/sega_scl.a(scl_vblv.o)
                              ../sbl6/segalib/lib/sega_spr.a(spr_1c.o) (SpFrameChgMode)
../sbl6/segalib/lib/sega_scl.a(scl_func.o)
                              sprite.o (SCL_Vdp2Init)
../sbl6/segalib/lib/sega_scl.a(scl_pr03.o)
                              scroll.o (SCL_AllocColRam)
../sbl6/segalib/lib/sega_scl.a(scl_pr02.o)
                              scroll.o (SCL_SetColRam)
../sbl6/segalib/lib/sega_scl.a(scl_back.o)
                              scroll.o (SCL_SetBack)
../sbl6/segalib/lib/sega_scl.a(scl_fu03.o)
                              scroll.o (SCL_InitConfigTb)
../sbl6/segalib/lib/sega_scl.a(scl_fu02.o)
                              scroll.o (SCL_InitVramConfigTb)
../sbl6/segalib/lib/sega_scl.a(scl_fu04.o)
                              scroll.o (SCL_SetCycleTable)
../sbl6/segalib/lib/sega_scl.a(scl_pr07.o)
                              scroll.o (SCL_SetPriority)
../sbl6/segalib/lib/sega_scl.a(scl_pri.o)
                              ../sbl6/segalib/lib/sega_scl.a(scl_func.o) (SclRealOtherPri)
../sbl6/segalib/lib/sega_scl.a(scl_pr01.o)
                              main.o (SCL_SetSpriteMode)
../sbl6/segalib/lib/sega_scl.a(scl_ro00.o)
                              ../sbl6/segalib/lib/sega_scl.a(scl_func.o) (SCL_Rotate)
../sbl6/segalib/lib/sega_scl.a(scl_pr06.o)
                              ../sbl6/segalib/lib/sega_scl.a(scl_pr03.o) (SCL_SetColRamOffset)
../sbl6/segalib/lib/sega_scl.a(scl_pr05.o)
                              ../sbl6/segalib/lib/sega_scl.a(scl_pr02.o) (SCL_GetColRamOffset)
../sbl6/segalib/lib/sega_mth.a(mth_fixd.o)
                              sprite.o (MTH_Mul)
../sbl6/segalib/lib/sega_mth.a(mth_tri.o)
                              sprite.o (MTH_Sin)
../sbl6/segalib/lib/sega_per.a(per_prt.o)
                              ../sbl6/segasmp/per/smpclib/per_x2.o (PER_LInit)
../sbl6/segalib/lib/sega_sat.a(DMA_SCU1.o)
                              ../sbl6/segalib/lib/sega_spr.a(spr_2c.o) (DMA_ScuMemCopy)
../sbl6/segalib/lib/sega_sat.a(DMA_SCU0.o)
                              ../sbl6/segalib/lib/sega_sat.a(DMA_SCU1.o) (DMA_ScuSetPrm)
../sbl6/segalib/lib/sega_sat.a(csh_main.o)
                              ../sbl6/segalib/lib/sega_sat.a(DMA_SCU1.o) (CSH_Purge)
C:/saturn/SH_COFF/sh-coff/bin/../lib/gcc/sh-coff/3.4-GNUSH_v0501\libgcc.a(_ashiftlt.o)
                              scroll.o (__ashlsi3)
C:/saturn/SH_COFF/sh-coff/bin/../lib/gcc/sh-coff/3.4-GNUSH_v0501\libgcc.a(_movstr.o)
                              scroll.o (__movstr)
C:/saturn/SH_COFF/sh-coff/bin/../lib/gcc/sh-coff/3.4-GNUSH_v0501\libgcc.a(__main.o)
                              main.o (__main)
C:/saturn/SH_COFF/sh-coff/bin/../lib/gcc/sh-coff/3.4-GNUSH_v0501\libgcc.a(_udivsi3.o)
                              ../sbl6/segalib/lib/sega_scl.a(scl_fu03.o) (__udivsi3)
C:/saturn/SH_COFF/sh-coff/bin/../lib/gcc/sh-coff/3.4-GNUSH_v0501\libgcc.a(_ashiftrt.o)
                              ../sbl6/segalib/lib/sega_scl.a(scl_ro00.o) (__ashiftrt_r4_6)
C:/saturn/SH_COFF/sh-coff/bin/../lib/gcc/sh-coff/3.4-GNUSH_v0501\libgcc.a(_si_to_df.o)
                              ../sbl6/segalib/lib/sega_scl.a(scl_ro00.o) (__floatsidf)
C:/saturn/SH_COFF/sh-coff/bin/../lib/gcc/sh-coff/3.4-GNUSH_v0501\libgcc.a(_mul_df.o)
                              ../sbl6/segalib/lib/sega_scl.a(scl_ro00.o) (__muldf3)
C:/saturn/SH_COFF/sh-coff/bin/../lib/gcc/sh-coff/3.4-GNUSH_v0501\libgcc.a(_df_to_si.o)
                              ../sbl6/segalib/lib/sega_scl.a(scl_ro00.o) (__fixdfsi)
C:/saturn/SH_COFF/sh-coff/bin/../lib/gcc/sh-coff/3.4-GNUSH_v0501\libgcc.a(_pack_df.o)
                              C:/saturn/SH_COFF/sh-coff/bin/../lib/gcc/sh-coff/3.4-GNUSH_v0501\libgcc.a(_si_to_df.o) (__pack_d)
C:/saturn/SH_COFF/sh-coff/bin/../lib/gcc/sh-coff/3.4-GNUSH_v0501\libgcc.a(_unpack_df.o)
                              C:/saturn/SH_COFF/sh-coff/bin/../lib/gcc/sh-coff/3.4-GNUSH_v0501\libgcc.a(_mul_df.o) (__unpack_d)
C:/saturn/SH_COFF/sh-coff/bin/../lib/gcc/sh-coff/3.4-GNUSH_v0501\libgcc.a(_thenan_df.o)
                              C:/saturn/SH_COFF/sh-coff/bin/../lib/gcc/sh-coff/3.4-GNUSH_v0501\libgcc.a(_mul_df.o) (__thenan_df)
C:/saturn/SH_COFF/sh-coff/bin/../lib/gcc/sh-coff/3.4-GNUSH_v0501\libgcc.a(_muldi3.o)
                              C:/saturn/SH_COFF/sh-coff/bin/../lib/gcc/sh-coff/3.4-GNUSH_v0501\libgcc.a(_mul_df.o) (__muldi3)
C:/saturn/SH_COFF/sh-coff/bin/../lib/gcc/sh-coff/3.4-GNUSH_v0501\libgcc.a(_lshrdi3.o)
                              C:/saturn/SH_COFF/sh-coff/bin/../lib/gcc/sh-coff/3.4-GNUSH_v0501\libgcc.a(_df_to_si.o) (__lshrdi3)
C:/saturn/SH_COFF/sh-coff/bin/../lib/gcc/sh-coff/3.4-GNUSH_v0501\libgcc.a(_ashldi3.o)
                              C:/saturn/SH_COFF/sh-coff/bin/../lib/gcc/sh-coff/3.4-GNUSH_v0501\libgcc.a(_pack_df.o) (__ashldi3)
C:/saturn/SH_COFF/sh-coff/bin/../lib/gcc/sh-coff/3.4-GNUSH_v0501\libgcc.a(_mulsi3.o)
                              C:/saturn/SH_COFF/sh-coff/bin/../lib/gcc/sh-coff/3.4-GNUSH_v0501\libgcc.a(_muldi3.o) (__mulsi3)
C:/saturn/SH_COFF/sh-coff/bin/../lib/gcc/sh-coff/3.4-GNUSH_v0501\libgcc.a(_lshiftrt.o)
                              C:/saturn/SH_COFF/sh-coff/bin/../lib/gcc/sh-coff/3.4-GNUSH_v0501\libgcc.a(_lshrdi3.o) (__lshrsi3)
C:/saturn/SH_COFF/sh-coff/bin/../lib/gcc/sh-coff/3.4-GNUSH_v0501/../../../../sh-coff/lib\libc.a(memcpy.o)
                              scroll.o (memcpy)
C:/saturn/SH_COFF/sh-coff/bin/../lib/gcc/sh-coff/3.4-GNUSH_v0501/../../../../sh-coff/lib\libc.a(memset.o)
                              scroll.o (memset)
C:/saturn/SH_COFF/sh-coff/bin/../lib/gcc/sh-coff/3.4-GNUSH_v0501/../../../../sh-coff/lib\libc.a(atexit.o)
                              C:/saturn/SH_COFF/sh-coff/bin/../lib/gcc/sh-coff/3.4-GNUSH_v0501\libgcc.a(__main.o) (atexit)
C:/saturn/SH_COFF/sh-coff/bin/../lib/gcc/sh-coff/3.4-GNUSH_v0501/../../../../sh-coff/lib\libc.a(impure.o)
                              C:/saturn/SH_COFF/sh-coff/bin/../lib/gcc/sh-coff/3.4-GNUSH_v0501/../../../../sh-coff/lib\libc.a(atexit.o) (_impure_ptr)
C:/saturn/SH_COFF/sh-coff/bin/../lib/gcc/sh-coff/3.4-GNUSH_v0501/../../../../sh-coff/lib\libc.a(malloc.o)
                              C:/saturn/SH_COFF/sh-coff/bin/../lib/gcc/sh-coff/3.4-GNUSH_v0501/../../../../sh-coff/lib\libc.a(atexit.o) (malloc)
C:/saturn/SH_COFF/sh-coff/bin/../lib/gcc/sh-coff/3.4-GNUSH_v0501/../../../../sh-coff/lib\libc.a(mallocr.o)
                              C:/saturn/SH_COFF/sh-coff/bin/../lib/gcc/sh-coff/3.4-GNUSH_v0501/../../../../sh-coff/lib\libc.a(malloc.o) (_malloc_r)
C:/saturn/SH_COFF/sh-coff/bin/../lib/gcc/sh-coff/3.4-GNUSH_v0501/../../../../sh-coff/lib\libc.a(freer.o)
                              C:/saturn/SH_COFF/sh-coff/bin/../lib/gcc/sh-coff/3.4-GNUSH_v0501/../../../../sh-coff/lib\libc.a(malloc.o) (_free_r)
C:/saturn/SH_COFF/sh-coff/bin/../lib/gcc/sh-coff/3.4-GNUSH_v0501/../../../../sh-coff/lib\libc.a(mlock.o)
                              C:/saturn/SH_COFF/sh-coff/bin/../lib/gcc/sh-coff/3.4-GNUSH_v0501/../../../../sh-coff/lib\libc.a(mallocr.o) (__malloc_lock)
C:/saturn/SH_COFF/sh-coff/bin/../lib/gcc/sh-coff/3.4-GNUSH_v0501/../../../../sh-coff/lib\libc.a(sbrkr.o)
                              C:/saturn/SH_COFF/sh-coff/bin/../lib/gcc/sh-coff/3.4-GNUSH_v0501/../../../../sh-coff/lib\libc.a(mallocr.o) (_sbrk_r)
C:/saturn/SH_COFF/sh-coff/bin/../lib/gcc/sh-coff/3.4-GNUSH_v0501/../../../../sh-coff/lib\libc.a(syscalls.o)
                              C:/saturn/SH_COFF/sh-coff/bin/../lib/gcc/sh-coff/3.4-GNUSH_v0501/../../../../sh-coff/lib\libc.a(sbrkr.o) (_sbrk)
C:/saturn/SH_COFF/sh-coff/bin/../lib/gcc/sh-coff/3.4-GNUSH_v0501/../../../../sh-coff/lib\libc.a(trap.o)
                              C:/saturn/SH_COFF/sh-coff/bin/../lib/gcc/sh-coff/3.4-GNUSH_v0501/../../../../sh-coff/lib\libc.a(syscalls.o) (__trap34)
C:/saturn/SH_COFF/sh-coff/bin/../lib/gcc/sh-coff/3.4-GNUSH_v0501/../../../../sh-coff/lib\libc.a(abort.o)
                              C:/saturn/SH_COFF/sh-coff/bin/../lib/gcc/sh-coff/3.4-GNUSH_v0501/../../../../sh-coff/lib\libc.a(syscalls.o) (abort)
C:/saturn/SH_COFF/sh-coff/bin/../lib/gcc/sh-coff/3.4-GNUSH_v0501/../../../../sh-coff/lib\libc.a(signal.o)
                              C:/saturn/SH_COFF/sh-coff/bin/../lib/gcc/sh-coff/3.4-GNUSH_v0501/../../../../sh-coff/lib\libc.a(abort.o) (raise)
C:/saturn/SH_COFF/sh-coff/bin/../lib/gcc/sh-coff/3.4-GNUSH_v0501/../../../../sh-coff/lib\libc.a(signalr.o)
                              C:/saturn/SH_COFF/sh-coff/bin/../lib/gcc/sh-coff/3.4-GNUSH_v0501/../../../../sh-coff/lib\libc.a(signal.o) (_kill_r)

Allocating common symbols
Common symbol       size              file

SclRbgKtbAddr       0x8               ../sbl6/segalib/lib/sega_scl.a(scl_func.o)
sprites             0x2ee0            sprite.o
SpMstCmd            0x4               ../sbl6/segalib/lib/sega_spr.a(spr_2c.o)
SclRb               0x1               ../sbl6/segalib/lib/sega_scl.a(scl_func.o)
Scl_flag            0x2               ../sbl6/segalib/lib/sega_scl.a(scl_func.o)
per_get_time_flg    0x1               ../sbl6/segalib/lib/sega_per.a(per_prt.o)
SpScreenY           0x4               ../sbl6/segalib/lib/sega_spr.a(spr_1c.o)
SclK_TableBuff      0xcd0             ../sbl6/segalib/lib/sega_scl.a(scl_func.o)
SclAutoEndBlue2     0x2               ../sbl6/segalib/lib/sega_scl.a(scl_pri.o)
SpFbcrMode          0x2               ../sbl6/segalib/lib/sega_spr.a(spr_1c.o)
Sp2OpenFlag         0x4               ../sbl6/segalib/lib/sega_spr.a(spr_2c.o)
scfg3               0x8c              scroll.o
SclColOffset        0x10              ../sbl6/segalib/lib/sega_scl.a(scl_pri.o)
SclAddrCsTbl        0x8               ../sbl6/segalib/lib/sega_scl.a(scl_func.o)
scfg0               0x8c              scroll.o
SclPriBuffDirty     0x1               ../sbl6/segalib/lib/sega_scl.a(scl_pri.o)
SclAutoEndRed       0x2               ../sbl6/segalib/lib/sega_scl.a(scl_pri.o)
player              0x3c              player.o
SclAutoSurface      0x4               ../sbl6/segalib/lib/sega_scl.a(scl_pri.o)
__interrupt_vector  0x400             ../sbl6/segalib/lib/sega_int.a(int.o)
per_hot_res         0x1               ../sbl6/segalib/lib/sega_per.a(per_prt.o)
SclCsx              0x8               ../sbl6/segalib/lib/sega_scl.a(scl_ro00.o)
Scl_s_reg           0x28              ../sbl6/segalib/lib/sega_scl.a(scl_func.o)
SclAutoGreen        0x2               ../sbl6/segalib/lib/sega_scl.a(scl_pri.o)
SclAutoEndGreen     0x2               ../sbl6/segalib/lib/sega_scl.a(scl_pri.o)
SclAutoCount        0x4               ../sbl6/segalib/lib/sega_scl.a(scl_pri.o)
SpGourTblMax        0x4               ../sbl6/segalib/lib/sega_spr.a(spr_2c.o)
SclColRamAlloc256   0x20              ../sbl6/segalib/lib/sega_scl.a(scl_pri.o)
SclRotateXy         0x8               ../sbl6/segalib/lib/sega_scl.a(scl_func.o)
SpDrawPrtyBlk       0x4               ../sbl6/segalib/lib/sega_spr.a(spr_2c.o)
SclAutoCurRate      0x1               ../sbl6/segalib/lib/sega_scl.a(scl_pri.o)
SpLCoordX           0x4               ../sbl6/segalib/lib/sega_spr.a(spr_2c.o)
maps                0x8               scroll.o
SpMstDrawPrtyBlk    0x4               ../sbl6/segalib/lib/sega_spr.a(spr_2c.o)
SclAutoPlusFlag     0x1               ../sbl6/segalib/lib/sega_scl.a(scl_pri.o)
per_set_sys_flg     0x1               ../sbl6/segalib/lib/sega_per.a(per_prt.o)
Scl_d_reg           0x48              ../sbl6/segalib/lib/sega_scl.a(scl_func.o)
SclRotateDisp       0x8               ../sbl6/segalib/lib/sega_scl.a(scl_func.o)
SpGourTbl           0x4               ../sbl6/segalib/lib/sega_spr.a(spr_2c.o)
SclSpColMix         0x8               ../sbl6/segalib/lib/sega_scl.a(scl_pri.o)
SpDil               0x2               ../sbl6/segalib/lib/sega_spr.a(spr_1c.o)
SpLookupTblR        0x2               ../sbl6/segalib/lib/sega_spr.a(spr_2c.o)
SclAutoMax          0x4               ../sbl6/segalib/lib/sega_scl.a(scl_pri.o)
SpCmdTbl            0x4               ../sbl6/segalib/lib/sega_spr.a(spr_2c.o)
SclRotateMoveZ      0x8               ../sbl6/segalib/lib/sega_scl.a(scl_func.o)
scfg2               0x8c              scroll.o
SclLineColRamOffset
                    0x4               ../sbl6/segalib/lib/sega_scl.a(scl_pri.o)
SclRotXySw          0x4               ../sbl6/segalib/lib/sega_scl.a(scl_func.o)
per_get_time_adr    0x4               ../sbl6/segalib/lib/sega_per.a(per_prt.o)
SclColRamAlloc2048  0x4               ../sbl6/segalib/lib/sega_scl.a(scl_pri.o)
SclBgPriNum         0x6               ../sbl6/segalib/lib/sega_scl.a(scl_pri.o)
SpCharMax           0x4               ../sbl6/segalib/lib/sega_spr.a(spr_2c.o)
SpDrawPrtyProcFlag  0x4               ../sbl6/segalib/lib/sega_spr.a(spr_2c.o)
SclAutoEndBlue      0x2               ../sbl6/segalib/lib/sega_scl.a(scl_pri.o)
SpCmdNo             0x4               ../sbl6/segalib/lib/sega_spr.a(spr_2c.o)
SclAutoEndGreen2    0x2               ../sbl6/segalib/lib/sega_scl.a(scl_pri.o)
Scl_r_reg           0x10              ../sbl6/segalib/lib/sega_scl.a(scl_func.o)
SclRPMD             0x2               ../sbl6/segalib/lib/sega_scl.a(scl_func.o)
SpDrawPrtyBlkMax    0x4               ../sbl6/segalib/lib/sega_spr.a(spr_2c.o)
SpDie               0x2               ../sbl6/segalib/lib/sega_spr.a(spr_1c.o)
SclAutoVeFlag       0x1               ../sbl6/segalib/lib/sega_scl.a(scl_pri.o)
SclBgColMix         0x8               ../sbl6/segalib/lib/sega_scl.a(scl_pri.o)
text                0x460             print.o
SpSlvCmdPos         0x4               ../sbl6/segalib/lib/sega_spr.a(spr_2c.o)
per_get_sys_data    0xc               ../sbl6/segalib/lib/sega_per.a(per_prt.o)
SclRbgKtbOffset     0x8               ../sbl6/segalib/lib/sega_scl.a(scl_func.o)
SclAutoIndex        0x4               ../sbl6/segalib/lib/sega_scl.a(scl_pri.o)
SclAutoEndRate      0x1               ../sbl6/segalib/lib/sega_scl.a(scl_pri.o)
SpSlvDrawPrtyBlk    0x4               ../sbl6/segalib/lib/sega_spr.a(spr_2c.o)
_SclRotregBuff      0xd0              ../sbl6/segalib/lib/sega_scl.a(scl_func.o)
SclAutoBlue         0x2               ../sbl6/segalib/lib/sega_scl.a(scl_pri.o)
SpTvMode            0x2               ../sbl6/segalib/lib/sega_spr.a(spr_1c.o)
SpScreenX           0x4               ../sbl6/segalib/lib/sega_spr.a(spr_1c.o)
SclRa               0x1               ../sbl6/segalib/lib/sega_scl.a(scl_func.o)
SclRotateZ          0x8               ../sbl6/segalib/lib/sega_scl.a(scl_func.o)
SpCharTbl           0x4               ../sbl6/segalib/lib/sega_spr.a(spr_2c.o)
SclAddrLsTbl        0x8               ../sbl6/segalib/lib/sega_scl.a(scl_func.o)
SclK_TableNum       0x8               ../sbl6/segalib/lib/sega_scl.a(scl_func.o)
SclAutoRed          0x2               ../sbl6/segalib/lib/sega_scl.a(scl_pri.o)
SpCmdTblR           0x2               ../sbl6/segalib/lib/sega_spr.a(spr_2c.o)
SclAutoInterval     0x4               ../sbl6/segalib/lib/sega_scl.a(scl_pri.o)
SclOtherPri         0x10              ../sbl6/segalib/lib/sega_scl.a(scl_pri.o)
per_time_out_flg    0x1               ../sbl6/segalib/lib/sega_per.a(per_prt.o)
SclRotateTableAddress
                    0x4               ../sbl6/segalib/lib/sega_scl.a(scl_func.o)
SpMstCmdPos         0x4               ../sbl6/segalib/lib/sega_spr.a(spr_2c.o)
SpSlvCmd            0x4               ../sbl6/segalib/lib/sega_spr.a(spr_2c.o)
scfg1               0x8c              scroll.o
SclAutoRGB          0x600             ../sbl6/segalib/lib/sega_scl.a(scl_pri.o)
bullet_direction    0x2               player.o
errno               0x4               C:/saturn/SH_COFF/sh-coff/bin/../lib/gcc/sh-coff/3.4-GNUSH_v0501/../../../../sh-coff/lib\libc.a(syscalls.o)
SclK_TableFlag      0x4               ../sbl6/segalib/lib/sega_scl.a(scl_func.o)
tilemaps            0x4               scroll.o
SclAutoEndRed2      0x2               ../sbl6/segalib/lib/sega_scl.a(scl_pri.o)
SclCsy              0x8               ../sbl6/segalib/lib/sega_scl.a(scl_ro00.o)
SclSpPriNum         0x8               ../sbl6/segalib/lib/sega_scl.a(scl_pri.o)
Scl_w_reg           0x20              ../sbl6/segalib/lib/sega_scl.a(scl_func.o)
SpLCoordY           0x4               ../sbl6/segalib/lib/sega_spr.a(spr_2c.o)
Scl_n_reg           0x40              ../sbl6/segalib/lib/sega_scl.a(scl_func.o)

Memory Configuration

Name             Origin             Length             Attributes
*default*        0x00000000         0xffffffff

Linker script and memory map

LOAD ../sbl6/segasmp/lib/strt1_g.o
LOAD ../sbl6/segasmp/lib/strt2_g.o
LOAD vblank.o
LOAD ../sbl6/segasmp/per/smpclib/per_x1.o
LOAD ../sbl6/segasmp/per/smpclib/per_x2.o
LOAD ../sbl6/segasmp/per/smpclib/per_x3.o
LOAD bullet.o
LOAD collision.o
LOAD enemylist.o
LOAD graphics.o
LOAD player.o
LOAD print.o
LOAD sprite.o
LOAD sprite_code/bomb.o
LOAD sprite_code/bomber.o
LOAD sprite_code/circle.o
LOAD sprite_code/explosion.o
LOAD sprite_code/hurler.o
LOAD sprite_code/missile.o
LOAD scroll.o
LOAD main.o
LOAD ../sbl6/segalib/lib/sega_int.a
LOAD ../sbl6/segalib/lib/sega_spr.a
LOAD ../sbl6/segalib/lib/sega_scl.a
LOAD ../sbl6/segalib/lib/sega_mth.a
LOAD ../sbl6/segalib/lib/sega_cdc.a
LOAD ../sbl6/segalib/lib/sega_adp.a
LOAD ../sbl6/segalib/lib/sega_per.a
LOAD ../sbl6/segalib/lib/sega_sat.a
LOAD C:/saturn/SH_COFF/sh-coff/bin/../lib/gcc/sh-coff/3.4-GNUSH_v0501\libgcc.a
LOAD C:/saturn/SH_COFF/sh-coff/bin/../lib/gcc/sh-coff/3.4-GNUSH_v0501/../../../../sh-coff/lib\libc.a
LOAD C:/saturn/SH_COFF/sh-coff/bin/../lib/gcc/sh-coff/3.4-GNUSH_v0501\libgcc.a

.text           0x06010000    0x278f0
 *(.text)
 .text          0x06010000       0x30 ../sbl6/segasmp/lib/strt1_g.o
                0x06010024                _D_END
                0x06010020                _D_BGN
                0x0601002c                _B_END
                0x06010028                _B_BGN
                0x06010000                START
 .text          0x06010030       0x60 ../sbl6/segasmp/lib/strt2_g.o
                0x06010050                _INITSCT
                0x06010030                _INIT
 .text          0x06010090      0x1b0 vblank.o
                0x06010090                SetVblank
                0x06010140                UsrVblankOut
                0x060100f0                UsrVblankIn
 .text          0x06010240      0x430 ../sbl6/segasmp/per/smpclib/per_x1.o
                0x060105d4                PER_GetAnalogXYZ
                0x06010264                PER_GetTriggerHandler
                0x060104fe                PER_GetEdge
                0x0601047c                PER_GetTrigger
                0x06010528                PER_GetPressEdge
                0x0601057c                PER_GetReleaseEdge
                0x06010240                PER_SetTriggerHandler
 .text          0x06010670      0x200 ../sbl6/segasmp/per/smpclib/per_x2.o
                0x06010774                PER_GetDeviceA
                0x06010670                PER_OpenPort
                0x060106a8                PER_GetPort
                0x060107ee                PER_GetDeviceR
 .text          0x06010870       0x20 ../sbl6/segasmp/per/smpclib/per_x3.o
                0x06010870                PER_DisguiseTrigger
 .text          0x06010890      0x170 bullet.o
                0x06010890                bullet_make
                0x060108f0                bullet_move
 .text          0x06010a00      0xe50 collision.o
                0x06011780                collision_detect_up_right
                0x06010a50                over_air
                0x06010b70                collision_detect_down
                0x06010a00                collision_get_tile
                0x060117b0                collision_detect_down_left
                0x06010e80                collision_detect_left
                0x060117e0                collision_detect_down_right
                0x06011810                collision_point_sprite
                0x06011160                collision_detect_up
                0x06011750                collision_detect_up_left
                0x06011440                collision_detect_right
 .text          0x06011850       0x80 enemylist.o
                0x06011850                enemylist_spawn
 .text          0x060118d0    0x19bc0 graphics.o
                0x0602a58c                fonte
                0x06029c8c                fontn
                0x0602360c                explosion1
                0x0602928c                fontx
                0x0602978c                fonts
                0x0602260c                explosion3
                0x0602b08c                font3
                0x06021c0c                bomb1
                0x0602a68c                fontd
                0x0602b38c                font0
                0x0602480c                bullet
                0x0602a38c                fontg
                0x060178d0                map2
                0x06020e0c                bomber
                0x06023e0c                missile
                0x0602948c                fontv
                0x0602998c                fontq
                0x0602888c                guy0
                0x06029e8c                fontl
                0x0601fe0c                hurler2
                0x060158d0                map3
                0x0601de0c                slashv
                0x0602918c                fonty
                0x06022e0c                explosion2
                0x0601ce0c                slashh
                0x0602aa8c                font9
                0x060128d0                bg0_chr
                0x060118d0                bg0_3map
                0x0602688c                guyback1
                0x0602a48c                fontf
                0x0601ee0c                hurlerh
                0x0602968c                fontt
                0x060198d0                map1
                0x06029b8c                fonto
                0x0602708c                guyback0
                0x0602a18c                fonti
                0x0602af8c                font4
                0x0602ad8c                font6
                0x0602b28c                font1
                0x0602a78c                fontc
                0x0602808c                guy1
                0x0601b8d0                wood_chr
                0x0602a88c                fontb
                0x060120d0                bg0_2map
                0x0602988c                fontr
                0x0602180c                bomb3
                0x0602588c                guyside0
                0x06021e0c                explosion4
                0x0601ccd0                wood_pal
                0x0602ac8c                font7
                0x0602958c                fontu
                0x0602608c                guyback2
                0x06029f8c                fontk
                0x0601f60c                hurler3
                0x0602400c                circle
                0x06029d8c                fontm
                0x0602508c                guyside1
                0x06021a0c                bomb2
                0x0602938c                fontw
                0x0602a08c                fontj
                0x0602488c                guyside2
                0x0602a28c                fonth
                0x0602b18c                font2
                0x0602ae8c                font5
                0x0602908c                fontz
                0x0602788c                guy2
                0x0602160c                bomb4
                0x0602060c                hurler1
                0x0601cd10                dimensions
                0x060154d0                bg0_pal
                0x0602a98c                fonta
                0x0602ab8c                font8
                0x06029a8c                fontp
 .text          0x0602b490      0x540 player.o
                0x0602b490                player_side
                0x0602b4a0                player_down
                0x0602b498                player_up
                0x0602b4a8                states
                0x0602b690                player_input
                0x0602b500                player_init
                0x0602b910                player_draw
                0x0602b580                player_animate
 .text          0x0602b9d0      0x170 print.o
                0x0602baa0                print_display
                0x0602ba10                print_num
                0x0602b9d0                print_init
                0x0602ba60                print_string
 .text          0x0602bb40      0x770 sprite.o
                0x0602bb40                sprite_init
                0x0602be80                sprite_make
                0x0602c000                sprite_next
                0x0602c060                sprite_delete
                0x0602c0c0                sprite_move
                0x0602bf00                sprite_draw_all
                0x0602c090                sprite_deleteall
                0x0602bc10                sprite_draw
 .text          0x0602c2b0       0xc0 sprite_code/bomb.o
                0x0602c300                bomb_move
                0x0602c2b0                bomb_make
 .text          0x0602c370      0x160 sprite_code/bomber.o
                0x0602c3c0                bomber_move
                0x0602c370                bomber_make
 .text          0x0602c4d0       0xb0 sprite_code/circle.o
                0x0602c4d0                circle_make
                0x0602c520                circle_move
 .text          0x0602c580       0x90 sprite_code/explosion.o
                0x0602c5d0                explosion_move
                0x0602c580                explosion_make
 .text          0x0602c610       0xc0 sprite_code/hurler.o
                0x0602c670                hurler_move
                0x0602c620                hurler_make
 .text          0x0602c6d0      0x1b0 sprite_code/missile.o
                0x0602c6d0                missile_make
                0x0602c720                missile_move
 .text          0x0602c880      0xb50 scroll.o
                0x0602d150                scroll_transition
                0x0602c880                scroll_move
                0x0602cdf0                scroll_get
                0x0602ce40                scroll_copy
                0x0602c9d0                scroll_set
                0x0602cae0                scroll_init
                0x0602ca00                scroll_scale
 .text          0x0602d3d0      0x130 main.o
                0x0602d3d0                main
 .text          0x0602d500       0x40 ../sbl6/segalib/lib/sega_int.a(int.o)
                0x0602d52c                INT_GetScuFunc
                0x0602d500                INT_SetScuFunc
 .text          0x0602d540      0x624 ../sbl6/segalib/lib/sega_int.a(int_trmp.o)
                0x0602d6a8                __interrupt_handler60
                0x0602d858                __interrupt_handler132
                0x0602da0e                __interrupt_handler205
                0x0602d876                __interrupt_handler137
                0x0602d7a4                __interrupt_handler102
                0x0602d5e2                __interrupt_handler27
                0x0602d9e4                __interrupt_handler198
                0x0602d8d6                __interrupt_handler153
                0x0602d5be                __interrupt_handler21
                0x0602d6cc                __interrupt_handler66
                0x0602d7bc                __interrupt_handler106
                0x0602d906                __interrupt_handler161
                0x0602d750                __interrupt_handler88
                0x0602d91e                __interrupt_handler165
                0x0602d82e                __interrupt_handler125
                0x0602d564                __interrupt_handler6
                0x0602d600                __interrupt_handler32
                0x0602d9ba                __interrupt_handler191
                0x0602dad4                __interrupt_handler238
                0x0602daec                __interrupt_handler242
                0x0602d8f4                __interrupt_handler158
                0x0602d75c                __interrupt_handler90
                0x0602d918                __interrupt_handler164
                0x0602d63c                __interrupt_handler42
                0x0602d97e                __interrupt_handler181
                0x0602da86                __interrupt_handler225
                0x0602db2e                __interrupt_handler253
                0x0602d942                __interrupt_handler171
                0x0602d6fc                __interrupt_handler74
                0x0602d552                __interrupt_handler3
                0x0602d696                __interrupt_handler57
                0x0602d594                __interrupt_handler14
                0x0602da2c                __interrupt_handler210
                0x0602da5c                __interrupt_handler218
                0x0602da20                __interrupt_handler208
                0x0602d624                __interrupt_handler38
                0x0602d540                __interrupt_handler0
                0x0602d7b0                __interrupt_handler104
                0x0602d8ee                __interrupt_handler157
                0x0602da3e                __interrupt_handler213
                0x0602d930                __interrupt_handler168
                0x0602d73e                __interrupt_handler85
                0x0602d7da                __interrupt_handler111
                0x0602d7ec                __interrupt_handler114
                0x0602d65a                __interrupt_handler47
                0x0602dab0                __interrupt_handler232
                0x0602da7a                __interrupt_handler223
                0x0602dace                __interrupt_handler237
                0x0602d6ba                __interrupt_handler63
                0x0602d648                __interrupt_handler44
                0x0602d95a                __interrupt_handler175
                0x0602d984                __interrupt_handler182
                0x0602d99c                __interrupt_handler186
                0x0602d89a                __interrupt_handler143
                0x0602d7c2                __interrupt_handler107
                0x0602d828                __interrupt_handler124
                0x0602d948                __interrupt_handler172
                0x0602dafe                __interrupt_handler245
                0x0602d77a                __interrupt_handler95
                0x0602d852                __interrupt_handler131
                0x0602d864                __interrupt_handler134
                0x0602d882                __interrupt_handler139
                0x0602d6f0                __interrupt_handler72
                0x0602daaa                __interrupt_handler231
                0x0602d900                __interrupt_handler160
                0x0602d846                __interrupt_handler129
                0x0602d5b8                __interrupt_handler20
                0x0602d6c6                __interrupt_handler65
                0x0602d690                __interrupt_handler56
                0x0602d58e                __interrupt_handler13
                0x0602da26                __interrupt_handler209
                0x0602d7e0                __interrupt_handler112
                0x0602d5b2                __interrupt_handler19
                0x0602d76e                __interrupt_handler93
                0x0602d9d8                __interrupt_handler196
                0x0602d8ca                __interrupt_handler151
                0x0602d92a                __interrupt_handler167
                0x0602db40                __trampoline
                0x0602d5a6                __interrupt_handler17
                0x0602da98                __interrupt_handler228
                0x0602db3a                __interrupt_handler255
                0x0602daf8                __interrupt_handler244
                0x0602d792                __interrupt_handler99
                0x0602d98a                __interrupt_handler183
                0x0602d888                __interrupt_handler140
                0x0602d9ae                __interrupt_handler189
                0x0602d8ac                __interrupt_handler146
                0x0602da74                __interrupt_handler222
                0x0602d8e8                __interrupt_handler156
                0x0602d81c                __interrupt_handler122
                0x0602db10                __interrupt_handler248
                0x0602d660                __interrupt_handler48
                0x0602d6de                __interrupt_handler69
                0x0602d5d0                __interrupt_handler24
                0x0602d756                __interrupt_handler89
                0x0602da4a                __interrupt_handler215
                0x0602db34                __interrupt_handler254
                0x0602d74a                __interrupt_handler87
                0x0602d6ae                __interrupt_handler61
                0x0602d9d2                __interrupt_handler195
                0x0602d8c4                __interrupt_handler150
                0x0602d636                __interrupt_handler41
                0x0602d7d4                __interrupt_handler110
                0x0602d83a                __interrupt_handler127
                0x0602d7c8                __interrupt_handler108
                0x0602d7e6                __interrupt_handler113
                0x0602d7f8                __interrupt_handler116
                0x0602d816                __interrupt_handler121
                0x0602d70e                __interrupt_handler77
                0x0602d62a                __interrupt_handler39
                0x0602d642                __interrupt_handler43
                0x0602db16                __interrupt_handler249
                0x0602d954                __interrupt_handler174
                0x0602d870                __interrupt_handler136
                0x0602d9a8                __interrupt_handler188
                0x0602d8a6                __interrupt_handler145
                0x0602d576                __interrupt_handler9
                0x0602d71a                __interrupt_handler79
                0x0602da92                __interrupt_handler227
                0x0602d60c                __interrupt_handler34
                0x0602d84c                __interrupt_handler130
                0x0602db0a                __interrupt_handler247
                0x0602d702                __interrupt_handler75
                0x0602d94e                __interrupt_handler173
                0x0602d67e                __interrupt_handler53
                0x0602d8be                __interrupt_handler149
                0x0602db22                __interrupt_handler251
                0x0602dab6                __interrupt_handler233
                0x0602d57c                __interrupt_handler10
                0x0602da08                __interrupt_handler204
                0x0602d72c                __interrupt_handler82
                0x0602d732                __interrupt_handler83
                0x0602d5d6                __interrupt_handler25
                0x0602daf2                __interrupt_handler243
                0x0602d90c                __interrupt_handler162
                0x0602d654                __interrupt_handler46
                0x0602d96c                __interrupt_handler178
                0x0602d720                __interrupt_handler80
                0x0602d6b4                __interrupt_handler62
                0x0602d54c                __interrupt_handler2
                0x0602d5ee                __interrupt_handler29
                0x0602d6e4                __interrupt_handler70
                0x0602d7ce                __interrupt_handler109
                0x0602d8b8                __interrupt_handler148
                0x0602d774                __interrupt_handler94
                0x0602da80                __interrupt_handler224
                0x0602d7aa                __interrupt_handler103
                0x0602d618                __interrupt_handler36
                0x0602d834                __interrupt_handler126
                0x0602db04                __interrupt_handler246
                0x0602d68a                __interrupt_handler55
                0x0602d588                __interrupt_handler12
                0x0602d678                __interrupt_handler52
                0x0602d9a2                __interrupt_handler187
                0x0602d8a0                __interrupt_handler144
                0x0602d7fe                __interrupt_handler117
                0x0602d5ac                __interrupt_handler18
                0x0602d9de                __interrupt_handler197
                0x0602d8d0                __interrupt_handler152
                0x0602d804                __interrupt_handler118
                0x0602d93c                __interrupt_handler170
                0x0602d9f6                __interrupt_handler201
                0x0602d786                __interrupt_handler97
                0x0602d912                __interrupt_handler163
                0x0602d978                __interrupt_handler180
                0x0602d9c0                __interrupt_handler192
                0x0602dae0                __interrupt_handler240
                0x0602d822                __interrupt_handler123
                0x0602da44                __interrupt_handler214
                0x0602d5fa                __interrupt_handler31
                0x0602d5e8                __interrupt_handler28
                0x0602d6d2                __interrupt_handler67
                0x0602d6d8                __interrupt_handler68
                0x0602d5c4                __interrupt_handler22
                0x0602d5ca                __interrupt_handler23
                0x0602d960                __interrupt_handler176
                0x0602d56a                __interrupt_handler7
                0x0602da6e                __interrupt_handler221
                0x0602da56                __interrupt_handler217
                0x0602da9e                __interrupt_handler229
                0x0602d666                __interrupt_handler49
                0x0602d558                __interrupt_handler4
                0x0602d630                __interrupt_handler40
                0x0602d7f2                __interrupt_handler115
                0x0602dac2                __interrupt_handler235
                0x0602d762                __interrupt_handler91
                0x0602da14                __interrupt_handler206
                0x0602d966                __interrupt_handler177
                0x0602d8b2                __interrupt_handler147
                0x0602d61e                __interrupt_handler37
                0x0602db1c                __interrupt_handler250
                0x0602d546                __interrupt_handler1
                0x0602da62                __interrupt_handler219
                0x0602d708                __interrupt_handler76
                0x0602d798                __interrupt_handler100
                0x0602d69c                __interrupt_handler58
                0x0602d59a                __interrupt_handler15
                0x0602da38                __interrupt_handler212
                0x0602dae6                __interrupt_handler241
                0x0602d9fc                __interrupt_handler202
                0x0602d9c6                __interrupt_handler193
                0x0602d714                __interrupt_handler78
                0x0602d66c                __interrupt_handler50
                0x0602d606                __interrupt_handler33
                0x0602d924                __interrupt_handler166
                0x0602d87c                __interrupt_handler138
                0x0602d86a                __interrupt_handler135
                0x0602d5f4                __interrupt_handler30
                0x0602d990                __interrupt_handler184
                0x0602d88e                __interrupt_handler141
                0x0602daa4                __interrupt_handler230
                0x0602dac8                __interrupt_handler236
                0x0602d80a                __interrupt_handler119
                0x0602d744                __interrupt_handler86
                0x0602d7b6                __interrupt_handler105
                0x0602d726                __interrupt_handler81
                0x0602d810                __interrupt_handler120
                0x0602d840                __interrupt_handler128
                0x0602d684                __interrupt_handler54
                0x0602d582                __interrupt_handler11
                0x0602d9ea                __interrupt_handler199
                0x0602d8dc                __interrupt_handler154
                0x0602d64e                __interrupt_handler45
                0x0602da50                __interrupt_handler216
                0x0602da02                __interrupt_handler203
                0x0602d79e                __interrupt_handler101
                0x0602d738                __interrupt_handler84
                0x0602d996                __interrupt_handler185
                0x0602d894                __interrupt_handler142
                0x0602d5dc                __interrupt_handler26
                0x0602d6c0                __interrupt_handler64
                0x0602d9f0                __interrupt_handler200
                0x0602da1a                __interrupt_handler207
                0x0602d9cc                __interrupt_handler194
                0x0602d768                __interrupt_handler92
                0x0602d8e2                __interrupt_handler155
                0x0602da32                __interrupt_handler211
                0x0602d85e                __interrupt_handler133
                0x0602d55e                __interrupt_handler5
                0x0602d6f6                __interrupt_handler73
                0x0602d5a0                __interrupt_handler16
                0x0602dada                __interrupt_handler239
                0x0602dabc                __interrupt_handler234
                0x0602d612                __interrupt_handler35
                0x0602d6a2                __interrupt_handler59
                0x0602d936                __interrupt_handler169
                0x0602d78c                __interrupt_handler98
                0x0602d6ea                __interrupt_handler71
                0x0602d672                __interrupt_handler51
                0x0602d8fa                __interrupt_handler159
                0x0602da8c                __interrupt_handler226
                0x0602d780                __interrupt_handler96
                0x0602d9b4                __interrupt_handler190
                0x0602da68                __interrupt_handler220
                0x0602d570                __interrupt_handler8
                0x0602d972                __interrupt_handler179
                0x0602db28                __interrupt_handler252
 *fill*         0x0602db64        0xc 00
 .text          0x0602db70     0x12a0 ../sbl6/segalib/lib/sega_spr.a(spr_2c.o)
                0x0602edd0                SlaveFlushDrawPrtyBlock
                0x0602db70                SPR_2Initial
                0x0602e3b4                SPR_2SysClip
                0x0602e354                SPR_2LocalCoord
                0x0602ec4c                SPR_2FlushDrawPrtyBlock
                0x0602e938                SPR_2DistSpr
                0x0602e33c                SPR_2FlushDrawPrty
                0x0602ea5c                SPR_2Cmd
                0x0602e038                SPR_2GourTblNoToVram
                0x0602e098                SPR_2GetAreaSizeInfo
                0x0602de00                SPR_2SetGourTbl
                0x0602e5ec                SPR_2Polygon
                0x0602e074                SPR_2CharNoToVram
                0x0602dd80                SPR_2SetTvMode
                0x0602e1dc                SPR_2CloseCommand
                0x0602ddbc                SPR_2FrameEraseData
                0x0602db98                SPR_2Initial2
                0x0602e7cc                SPR_2ScaleSpr
                0x0602e45c                SPR_2Line
                0x0602e128                SPR_2OpenCommand
                0x0602dd9c                SPR_2FrameChgIntr
                0x0602e6a8                SPR_2NormSpr
                0x0602de30                SPR_2SetLookupTbl
                0x0602de64                SPR_2SetChar
                0x0602e05c                SPR_2LookupTblNoToVram
                0x0602e530                SPR_2PolyLine
                0x0602dfd0                SPR_2ClrAllChar
                0x0602df84                SPR_2ClrChar
                0x0602e400                SPR_2UserClip
 .text          0x0602ee10      0x1e6 ../sbl6/segalib/lib/sega_spr.a(spr_slv.o)
                0x0602ef74                SPR_WaitEndSlaveSH
                0x0602ee10                SPR_SMPC_SSHON
                0x0602ef50                SPR_RunSlaveSH
                0x0602ee14                SPR_InitSlaveSH
                0x0602eedc                SPR_SlaveSHmain
                0x0602ee11                SPR_SMPC_SSHOFF
 *fill*         0x0602eff6        0xa 00
 .text          0x0602f000      0x36a ../sbl6/segalib/lib/sega_spr.a(spr_1c.o)
                0x0602f2b4                SPR_WaitDrawEnd
                0x0602f2cc                SPR_SetEosMode
                0x0602f1e4                SPR_SetEraseData
                0x0602f000                SPR_Initial
                0x0602f0d8                SPR_SetTvMode
                0x0602f170                SPR_GetStatus
 *fill*         0x0602f36a        0x6 00
 .text          0x0602f370      0x244 ../sbl6/segalib/lib/sega_spr.a(spr_2a.o)
                0x0602f382                sprMemCpyW
                0x0602f3e0                flushDrawPrtyBlock
                0x0602f370                sprMemCpyL
                0x0602f394                SPR_2SetDrawPrty
 *fill*         0x0602f5b4        0xc 00
 .text          0x0602f5c0      0x2fc ../sbl6/segalib/lib/sega_scl.a(scl_vblv.o)
                0x0602f67c                SCL_DisplayFrame
                0x0602f5c0                SCL_SetFrameInterval
                0x0602f6b0                SCL_VblInit
                0x0602f700                SCL_VblankStart
                0x0602f744                SCL_VblankEnd
 *fill*         0x0602f8bc        0x4 00
 .text          0x0602f8c0      0xb9c ../sbl6/segalib/lib/sega_scl.a(scl_func.o)
                0x0603029c                SCL_Vdp2_SGLInit
                0x060301ac                SCL_PriIntProc
                0x06030124                SCL_Memcpyw
                0x0603043c                SCL_SglOff
                0x0603041c                SCL_SglOn
                0x06030090                SCL_ScrollShow
                0x0602fb38                SCL_Close
                0x0602fe30                SCL_Scale
                0x0602f8c0                SCL_Vdp2Init
                0x0602fca4                SCL_Move
                0x0602ff6c                SCL_CopyReg
                0x0602fb14                SCL_Open
                0x0602f944                SCL_ParametersInit
                0x0602fb54                SCL_MoveTo
                0x0603014c                SCL_SetColRamMode
 *fill*         0x0603045c        0x4 00
 .text          0x06030460      0x138 ../sbl6/segalib/lib/sega_scl.a(scl_pr03.o)
                0x06030460                SCL_FreeColRam
                0x06030498                SCL_AllocColRam
 *fill*         0x06030598        0x8 00
 .text          0x060305a0       0x9c ../sbl6/segalib/lib/sega_scl.a(scl_pr02.o)
                0x060305a0                SCL_SetColRam
 *fill*         0x0603063c        0x4 00
 .text          0x06030640       0x84 ../sbl6/segalib/lib/sega_scl.a(scl_back.o)
                0x06030640                SCL_SetBack
 *fill*         0x060306c4        0xc 00
 .text          0x060306d0      0x94c ../sbl6/segalib/lib/sega_scl.a(scl_fu03.o)
                0x0603072c                SCL_SetConfig
                0x060306d0                SCL_InitConfigTb
 *fill*         0x0603101c        0x4 00
 .text          0x06031020      0x4f4 ../sbl6/segalib/lib/sega_scl.a(scl_fu02.o)
                0x06031058                SCL_SetVramConfig
                0x06031020                SCL_InitVramConfigTb
 *fill*         0x06031514        0xc 00
 .text          0x06031520       0x28 ../sbl6/segalib/lib/sega_scl.a(scl_fu04.o)
                0x06031520                SCL_SetCycleTable
 *fill*         0x06031548        0x8 00
 .text          0x06031550      0x214 ../sbl6/segalib/lib/sega_scl.a(scl_pr07.o)
                0x06031550                SCL_SetPriority
 *fill*         0x06031764        0xc 00
 .text          0x06031770     0x10a4 ../sbl6/segalib/lib/sega_scl.a(scl_pri.o)
                0x06031804                SCL_AbortAutoVe
                0x060326b4                SCL_SetShadowBit
                0x06031c7c                SCL_AutoExec
                0x06031770                SCL_PriorityInit
                0x06032190                SCL_IncColOffset
                0x06031818                SCL_SetColMixRate
                0x060317e8                SCL_GetColRamMode
 *fill*         0x06032814        0xc 00
 .text          0x06032820       0x58 ../sbl6/segalib/lib/sega_scl.a(scl_pr01.o)
                0x06032820                SCL_SetSpriteMode
 *fill*         0x06032878        0x8 00
 .text          0x06032880     0x1394 ../sbl6/segalib/lib/sega_scl.a(scl_ro00.o)
                0x06033a6c                SCL_RotateZD
                0x06032d34                SCL_Rotate
                0x06032a08                SCL_InitRotateTable
 *fill*         0x06033c14        0xc 00
 .text          0x06033c20      0x1b4 ../sbl6/segalib/lib/sega_scl.a(scl_pr06.o)
                0x06033c20                SCL_SetColRamOffset
 *fill*         0x06033dd4        0xc 00
 .text          0x06033de0       0xac ../sbl6/segalib/lib/sega_scl.a(scl_pr05.o)
                0x06033de0                SCL_GetColRamOffset
 *fill*         0x06033e8c        0x4 00
 .text          0x06033e90       0xa4 ../sbl6/segalib/lib/sega_mth.a(mth_fixd.o)
                0x06033ee0                MTH_FixedToInt
                0x06033ed0                MTH_IntToFixed
                0x06033e90                MTH_Mul
                0x06033ef0                MTH_Product
                0x06033eb0                MTH_Div
 *fill*         0x06033f34        0xc 00
 .text          0x06033f40      0x600 ../sbl6/segalib/lib/sega_mth.a(mth_tri.o)
                0x06033fdc                fcos
                0x06033fe2                fsin
                0x06033f8c                MTH_Cos
                0x06033f40                MTH_Sin
                0x06034180                MTH_Atan
 .text          0x06034540      0xf50 ../sbl6/segalib/lib/sega_per.a(per_prt.o)
                0x06034960                PER_IntFunc
                0x06034758                PER_LGetPer
                0x06034540                PER_LInit
 .text          0x06035490      0x1f4 ../sbl6/segalib/lib/sega_sat.a(DMA_SCU1.o)
                0x060355ec                DMA_ScuResult
                0x06035490                DMA_ScuInit
                0x060354e0                DMA_ScuMemCopy
 *fill*         0x06035684        0xc 00
 .text          0x06035690      0x308 ../sbl6/segalib/lib/sega_sat.a(DMA_SCU0.o)
                0x06035714                DMA_ScuStart
                0x06035848                DMA_ScuIntFunc0
                0x060358b8                DMA_ScuIntFunc1
                0x06035928                DMA_ScuIntFunc2
                0x06035808                DMA_ScuGetStatus
                0x06035690                DMA_ScuSetPrm
 *fill*         0x06035998        0x8 00
 .text          0x060359a0       0xe8 ../sbl6/segalib/lib/sega_sat.a(csh_main.o)
                0x060359a0                CSH_Init
                0x06035a08                CSH_AllClr
                0x06035a54                CSH_Purge
 *fill*         0x06035a88        0x8 00
 .text          0x06035a90       0x90 C:/saturn/SH_COFF/sh-coff/bin/../lib/gcc/sh-coff/3.4-GNUSH_v0501\libgcc.a(_ashiftlt.o)
                0x06035a90                __ashlsi3
 .text          0x06035b20       0xb0 C:/saturn/SH_COFF/sh-coff/bin/../lib/gcc/sh-coff/3.4-GNUSH_v0501\libgcc.a(_movstr.o)
                0x06035b60                __movstrSI16
                0x06035b34                __movstrSI60
                0x06035b40                __movstrSI48
                0x06035b3c                __movstrSI52
                0x06035b30                __movstrSI64
                0x06035b44                __movstrSI44
                0x06035b48                __movstrSI40
                0x06035b4c                __movstrSI36
                0x06035b80                __movstr
                0x06035b38                __movstrSI56
                0x06035b54                __movstrSI28
                0x06035b50                __movstrSI32
                0x06035b64                __movstrSI12
                0x06035b68                __movstrSI8
                0x06035b70                __movstrSI0
                0x06035b58                __movstrSI24
                0x06035b5c                __movstrSI20
                0x06035b6c                __movstrSI4
 .text          0x06035bd0       0xa0 C:/saturn/SH_COFF/sh-coff/bin/../lib/gcc/sh-coff/3.4-GNUSH_v0501\libgcc.a(__main.o)
                0x06035c44                __main
                0x06035bd0                __do_global_dtors
                0x06035c04                __do_global_ctors
 .text          0x06035c70       0x70 C:/saturn/SH_COFF/sh-coff/bin/../lib/gcc/sh-coff/3.4-GNUSH_v0501\libgcc.a(_udivsi3.o)
                0x06035c92                __udivsi3
 .text          0x06035ce0       0x60 C:/saturn/SH_COFF/sh-coff/bin/../lib/gcc/sh-coff/3.4-GNUSH_v0501\libgcc.a(_ashiftrt.o)
                0x06035cec                __ashiftrt_r4_27
                0x06035d20                __ashiftrt_r4_6
                0x06035d10                __ashiftrt_r4_14
                0x06035d02                __ashiftrt_r4_19
                0x06035d1a                __ashiftrt_r4_9
                0x06035d2e                __ashiftrt_r4_0
                0x06035ce0                __ashiftrt_r4_31
                0x06035cee                __ashiftrt_r4_26
                0x06035cfc                __ashiftrt_r4_22
                0x06035d08                __ashiftrt_r4_16
                0x06035d14                __ashiftrt_r4_12
                0x06035ce8                __ashiftrt_r4_29
                0x06035d06                __ashiftrt_r4_17
                0x06035ce6                __ashiftrt_r4_30
                0x06035d22                __ashiftrt_r4_5
                0x06035d1c                __ashiftrt_r4_8
                0x06035ce0                __ashiftrt_r4_32
                0x06035cf0                __ashiftrt_r4_25
                0x06035d28                __ashiftrt_r4_2
                0x06035cf2                __ashiftrt_r4_24
                0x06035d0e                __ashiftrt_r4_15
                0x06035d18                __ashiftrt_r4_10
                0x06035d2a                __ashiftrt_r4_1
                0x06035cea                __ashiftrt_r4_28
                0x06035d00                __ashiftrt_r4_20
                0x06035d1e                __ashiftrt_r4_7
                0x06035d12                __ashiftrt_r4_13
                0x06035d16                __ashiftrt_r4_11
                0x06035d24                __ashiftrt_r4_4
                0x06035cfa                __ashiftrt_r4_23
                0x06035d04                __ashiftrt_r4_18
                0x06035cfe                __ashiftrt_r4_21
                0x06035d26                __ashiftrt_r4_3
 .text          0x06035d40       0xb0 C:/saturn/SH_COFF/sh-coff/bin/../lib/gcc/sh-coff/3.4-GNUSH_v0501\libgcc.a(_si_to_df.o)
                0x06035d40                __floatsidf
 .text          0x06035df0      0x2e0 C:/saturn/SH_COFF/sh-coff/bin/../lib/gcc/sh-coff/3.4-GNUSH_v0501\libgcc.a(_mul_df.o)
                0x06035e00                __muldf3
 .text          0x060360d0       0x80 C:/saturn/SH_COFF/sh-coff/bin/../lib/gcc/sh-coff/3.4-GNUSH_v0501\libgcc.a(_df_to_si.o)
                0x060360d0                __fixdfsi
 .text          0x06036150      0x220 C:/saturn/SH_COFF/sh-coff/bin/../lib/gcc/sh-coff/3.4-GNUSH_v0501\libgcc.a(_pack_df.o)
                0x06036160                __pack_d
 .text          0x06036370      0x120 C:/saturn/SH_COFF/sh-coff/bin/../lib/gcc/sh-coff/3.4-GNUSH_v0501\libgcc.a(_unpack_df.o)
                0x06036380                __unpack_d
 .text          0x06036490       0x20 C:/saturn/SH_COFF/sh-coff/bin/../lib/gcc/sh-coff/3.4-GNUSH_v0501\libgcc.a(_thenan_df.o)
                0x06036490                __thenan_df
 .text          0x060364b0       0xd0 C:/saturn/SH_COFF/sh-coff/bin/../lib/gcc/sh-coff/3.4-GNUSH_v0501\libgcc.a(_muldi3.o)
                0x060364b0                __muldi3
 .text          0x06036580       0x80 C:/saturn/SH_COFF/sh-coff/bin/../lib/gcc/sh-coff/3.4-GNUSH_v0501\libgcc.a(_lshrdi3.o)
                0x06036580                __lshrdi3
 .text          0x06036600       0x80 C:/saturn/SH_COFF/sh-coff/bin/../lib/gcc/sh-coff/3.4-GNUSH_v0501\libgcc.a(_ashldi3.o)
                0x06036600                __ashldi3
 .text          0x06036680       0x30 C:/saturn/SH_COFF/sh-coff/bin/../lib/gcc/sh-coff/3.4-GNUSH_v0501\libgcc.a(_mulsi3.o)
                0x06036680                __mulsi3
 .text          0x060366b0       0x90 C:/saturn/SH_COFF/sh-coff/bin/../lib/gcc/sh-coff/3.4-GNUSH_v0501\libgcc.a(_lshiftrt.o)
                0x060366b0                __lshrsi3
 .text          0x06036740       0xa0 C:/saturn/SH_COFF/sh-coff/bin/../lib/gcc/sh-coff/3.4-GNUSH_v0501/../../../../sh-coff/lib\libc.a(memcpy.o)
                0x06036740                memcpy
 .text          0x060367e0       0x40 C:/saturn/SH_COFF/sh-coff/bin/../lib/gcc/sh-coff/3.4-GNUSH_v0501/../../../../sh-coff/lib\libc.a(memset.o)
                0x060367e0                memset
 .text          0x06036820       0x90 C:/saturn/SH_COFF/sh-coff/bin/../lib/gcc/sh-coff/3.4-GNUSH_v0501/../../../../sh-coff/lib\libc.a(atexit.o)
                0x06036820                atexit
 .text          0x060368b0       0x10 C:/saturn/SH_COFF/sh-coff/bin/../lib/gcc/sh-coff/3.4-GNUSH_v0501/../../../../sh-coff/lib\libc.a(impure.o)
                0x060368b0                _global_impure_ptr
 .text          0x060368c0       0x40 C:/saturn/SH_COFF/sh-coff/bin/../lib/gcc/sh-coff/3.4-GNUSH_v0501/../../../../sh-coff/lib\libc.a(malloc.o)
                0x060368dc                free
                0x060368c0                malloc
 .text          0x06036900      0x5b0 C:/saturn/SH_COFF/sh-coff/bin/../lib/gcc/sh-coff/3.4-GNUSH_v0501/../../../../sh-coff/lib\libc.a(mallocr.o)
                0x06036900                _malloc_r
 .text          0x06036eb0      0x340 C:/saturn/SH_COFF/sh-coff/bin/../lib/gcc/sh-coff/3.4-GNUSH_v0501/../../../../sh-coff/lib\libc.a(freer.o)
                0x06036eb0                _malloc_trim_r
                0x06036fa4                _free_r
 .text          0x060371f0       0x20 C:/saturn/SH_COFF/sh-coff/bin/../lib/gcc/sh-coff/3.4-GNUSH_v0501/../../../../sh-coff/lib\libc.a(mlock.o)
                0x060371f0                __malloc_lock
                0x060371fc                __malloc_unlock
 .text          0x06037210       0x50 C:/saturn/SH_COFF/sh-coff/bin/../lib/gcc/sh-coff/3.4-GNUSH_v0501/../../../../sh-coff/lib\libc.a(sbrkr.o)
                0x06037210                _sbrk_r
 .text          0x06037260      0x380 C:/saturn/SH_COFF/sh-coff/bin/../lib/gcc/sh-coff/3.4-GNUSH_v0501/../../../../sh-coff/lib\libc.a(syscalls.o)
                0x060373cc                _exit
                0x06037400                _getpid
                0x06037468                _utime
                0x06037298                _write
                0x06037260                _read
                0x060373b4                _unlink
                0x0603737c                _open
                0x06037418                _stat
                0x060373c0                isatty
                0x06037498                _wait
                0x060373e4                _kill
                0x06037434                _chmod
                0x060374c8                _execv
                0x060374ac                _execve
                0x060375a4                __setup_argv_and_call_main
                0x06037500                _gettimeofday
                0x060372cc                _link
                0x0603740c                _raise
                0x06037398                _creat
                0x060374e0                _pipe
                0x0603744c                _chown
                0x0603727c                _lseek
                0x060372b4                _close
                0x060374f4                _times
                0x06037368                _fstat
                0x06037484                _fork
                0x060372f4                _sbrk
 .text          0x060375e0       0x20 C:/saturn/SH_COFF/sh-coff/bin/../lib/gcc/sh-coff/3.4-GNUSH_v0501/../../../../sh-coff/lib\libc.a(trap.o)
                0x060375e0                __trap34
 .text          0x06037600       0x20 C:/saturn/SH_COFF/sh-coff/bin/../lib/gcc/sh-coff/3.4-GNUSH_v0501/../../../../sh-coff/lib\libc.a(abort.o)
                0x06037600                abort
 .text          0x06037620      0x270 C:/saturn/SH_COFF/sh-coff/bin/../lib/gcc/sh-coff/3.4-GNUSH_v0501/../../../../sh-coff/lib\libc.a(signal.o)
                0x060376e0                _raise_r
                0x06037868                __sigtramp
                0x06037814                raise
                0x06037850                _init_signal
                0x060377a0                __sigtramp_r
                0x06037830                signal
                0x0603766c                _signal_r
                0x06037620                _init_signal_r
 .text          0x06037890       0x60 C:/saturn/SH_COFF/sh-coff/bin/../lib/gcc/sh-coff/3.4-GNUSH_v0501/../../../../sh-coff/lib\libc.a(signalr.o)
                0x060378d8                _getpid_r
                0x06037890                _kill_r
 *(.strings)

.tors           0x060378f0        0x0
                0x060378f0                ___ctors = .
 *(.ctors)
                0x060378f0                ___ctors_end = .
                0x060378f0                ___dtors = .
 *(.dtors)
                0x060378f0                ___dtors_end = .

.data           0x060378f0     0x1250
                0x060378f0                STARTOF_R = .
 *(.data)
 .data          0x060378f0      0x400 ../sbl6/segasmp/per/smpclib/per_x1.o
 .data          0x06037cf0       0x40 collision.o
                0x06037cf0                floor_tiles
 .data          0x06037d30       0x40 enemylist.o
                0x06037d4a                floor1_enemies
                0x06037d30                enemy_lists
                0x06037d52                floor0_enemies
                0x06037d5c                enemy_arr
                0x06037d3c                floor2_enemies
 .data          0x06037d70      0x100 graphics.o
                0x06037d70                tiles
 .data          0x06037e70       0x30 sprite.o
 .data          0x06037ea0       0x20 scroll.o
                0x06037ea0                CycleTb
                0x06037eb0                vram
 .data          0x06037ec0       0x10 main.o
                0x06037ec0                levels
 .data          0x06037ed0      0x400 ../sbl6/segalib/lib/sega_int.a(int.o)
 .data          0x060382d0       0x1c ../sbl6/segalib/lib/sega_spr.a(spr_slv.o)
                0x060382d8                SPR_SlaveParam
                0x060382e8                SPR_SMPC_SF
                0x060382e0                SPR_SMPC_COM
                0x060382dc                SPR_SlaveSHEntry
                0x060382d4                SPR_SlaveState
                0x060382d0                SPR_SlaveCommand
                0x060382e4                SPR_SMPC_RET
 *fill*         0x060382ec        0x4 00
 .data          0x060382f0       0x34 ../sbl6/segalib/lib/sega_spr.a(spr_1c.o)
                0x060382f0                SpInitialFlag
 *fill*         0x06038324        0xc 00
 .data          0x06038330       0x1c ../sbl6/segalib/lib/sega_scl.a(scl_vblv.o)
                0x06038338                VBInterval
                0x06038340                ReqDisplayFlag
                0x06038330                SpFrameChgMode
                0x0603833c                VBIntervalCounter
                0x06038334                SpFrameEraseMode
 *fill*         0x0603834c        0x4 00
 .data          0x06038350       0x36 ../sbl6/segalib/lib/sega_scl.a(scl_func.o)
                0x06038360                SclRotregBuff
                0x0603835c                SclDisplayY
                0x06038364                SclRotateTableMode
                0x06038358                SclProcess
                0x06038354                SclCurSclNum
                0x06038350                SclLengthLsTbl
                0x0603835a                SclDisplayX
                0x06038352                SclLengthCsTbl
 *fill*         0x06038386        0xa 00
 .data          0x06038390       0x18 ../sbl6/segalib/lib/sega_scl.a(scl_pri.o)
                0x06038394                SclRealSpPriNum
                0x060383a4                SclRealColOffset
                0x060383a0                SclRealBgColMix
                0x0603839c                SclRealSpColMix
                0x06038398                SclRealBgPriNum
                0x06038390                SclRealOtherPri
 *fill*         0x060383a8        0x8 00
 .data          0x060383b0      0x380 C:/saturn/SH_COFF/sh-coff/bin/../lib/gcc/sh-coff/3.4-GNUSH_v0501/../../../../sh-coff/lib\libc.a(impure.o)
                0x0603872c                _impure_ptr
 .data          0x06038730      0x410 C:/saturn/SH_COFF/sh-coff/bin/../lib/gcc/sh-coff/3.4-GNUSH_v0501/../../../../sh-coff/lib\libc.a(mallocr.o)
                0x06038738                __malloc_av_
                0x06038734                __malloc_trim_threshold
                0x06038730                __malloc_sbrk_base
                0x06038b40                SIZEOF_R = (. - STARTOF_R)
                0x06038b40                ENDOF_R = .

.bss            0x06038b40     0x8b84
                0x06038b40                STARTOF_B = .
 *(.bss)
 .bss           0x06038b40       0x10 vblank.o
                0x06038b44                PadData2E
                0x06038b4a                PadData1
                0x06038b46                PadData2
                0x06038b48                PadData1E
                0x06038b40                __port
 .bss           0x06038b50       0xd0 ../sbl6/segasmp/per/smpclib/per_x2.o
 .bss           0x06038c20       0x10 player.o
                0x06038c24                anim_cursor
                0x06038c20                bullet_lastframe
 .bss           0x06038c30     0x3800 sprite.o
                0x06038c30                num_sprites
 .bss           0x0603c430       0x50 scroll.o
                0x0603c448                map_tiles_x
                0x0603c450                scrolls_y
                0x0603c430                scroll_transition_state
                0x0603c440                map_tiles_y
                0x0603c438                copy_modes
                0x0603c460                scrolls_x
                0x0603c434                curr_map
 .bss           0x0603c480       0x10 main.o
                0x0603c480                frame
 .bss           0x0603c490       0x6e ../sbl6/segalib/lib/sega_spr.a(spr_2c.o)
 *fill*         0x0603c4fe        0x2 00
 .bss           0x0603c500        0x4 ../sbl6/segalib/lib/sega_scl.a(scl_vblv.o)
 *fill*         0x0603c504        0xc 00
 .bss           0x0603c510        0x4 ../sbl6/segalib/lib/sega_scl.a(scl_func.o)
 *fill*         0x0603c514        0xc 00
 .bss           0x0603c520       0x48 ../sbl6/segalib/lib/sega_scl.a(scl_ro00.o)
 *fill*         0x0603c568        0x8 00
 .bss           0x0603c570       0x9c ../sbl6/segalib/lib/sega_per.a(per_prt.o)
 *fill*         0x0603c60c        0x4 00
 .bss           0x0603c610        0xc ../sbl6/segalib/lib/sega_sat.a(DMA_SCU1.o)
 *fill*         0x0603c61c        0x4 00
 .bss           0x0603c620       0x20 ../sbl6/segalib/lib/sega_sat.a(DMA_SCU0.o)
 .bss           0x0603c640       0x10 C:/saturn/SH_COFF/sh-coff/bin/../lib/gcc/sh-coff/3.4-GNUSH_v0501\libgcc.a(__main.o)
 .bss           0x0603c650       0x10 C:/saturn/SH_COFF/sh-coff/bin/../lib/gcc/sh-coff/3.4-GNUSH_v0501/../../../../sh-coff/lib\libc.a(atexit.o)
 .bss           0x0603c660       0x40 C:/saturn/SH_COFF/sh-coff/bin/../lib/gcc/sh-coff/3.4-GNUSH_v0501/../../../../sh-coff/lib\libc.a(mallocr.o)
                0x0603c690                __malloc_top_pad
                0x0603c660                __malloc_current_mallinfo
                0x0603c68c                __malloc_max_sbrked_mem
                0x0603c688                __malloc_max_total_mem
 .bss           0x0603c6a0       0x10 C:/saturn/SH_COFF/sh-coff/bin/../lib/gcc/sh-coff/3.4-GNUSH_v0501/../../../../sh-coff/lib\libc.a(syscalls.o)
 *(COMMON)
 COMMON         0x0603c6b0       0x3e player.o
                                  0x0 (size before relaxing)
                0x0603c6b0                player
                0x0603c6ec                bullet_direction
 *fill*         0x0603c6ee        0x2 00
 COMMON         0x0603c6f0      0x460 print.o
                                  0x0 (size before relaxing)
                0x0603c6f0                text
 COMMON         0x0603cb50     0x2ee0 sprite.o
                                  0x0 (size before relaxing)
                0x0603cb50                sprites
 COMMON         0x0603fa30      0x250 scroll.o
                                  0x0 (size before relaxing)
                0x0603fa30                scfg3
                0x0603fac0                scfg0
                0x0603fb50                maps
                0x0603fb60                scfg2
                0x0603fbf0                scfg1
                0x0603fc7c                tilemaps
 COMMON         0x0603fc80      0x400 ../sbl6/segalib/lib/sega_int.a(int.o)
                                  0x0 (size before relaxing)
                0x0603fc80                __interrupt_vector
 COMMON         0x06040080       0x50 ../sbl6/segalib/lib/sega_spr.a(spr_2c.o)
                                  0x0 (size before relaxing)
                0x06040080                SpMstCmd
                0x06040084                Sp2OpenFlag
                0x06040088                SpGourTblMax
                0x0604008c                SpDrawPrtyBlk
                0x06040090                SpLCoordX
                0x06040094                SpMstDrawPrtyBlk
                0x06040098                SpGourTbl
                0x0604009c                SpLookupTblR
                0x060400a0                SpCmdTbl
                0x060400a4                SpCharMax
                0x060400a8                SpDrawPrtyProcFlag
                0x060400ac                SpCmdNo
                0x060400b0                SpDrawPrtyBlkMax
                0x060400b4                SpSlvCmdPos
                0x060400b8                SpSlvDrawPrtyBlk
                0x060400bc                SpCharTbl
                0x060400c0                SpCmdTblR
                0x060400c4                SpMstCmdPos
                0x060400c8                SpSlvCmd
                0x060400cc                SpLCoordY
 COMMON         0x060400d0       0x10 ../sbl6/segalib/lib/sega_spr.a(spr_1c.o)
                                  0x0 (size before relaxing)
                0x060400d0                SpScreenY
                0x060400d4                SpFbcrMode
                0x060400d6                SpDil
                0x060400d8                SpDie
                0x060400da                SpTvMode
                0x060400dc                SpScreenX
 COMMON         0x060400e0      0xf00 ../sbl6/segalib/lib/sega_scl.a(scl_func.o)
                                  0x0 (size before relaxing)
                0x060400e0                SclRbgKtbAddr
                0x060400e8                SclRb
                0x060400ea                Scl_flag
                0x060400f0                SclK_TableBuff
                0x06040dc0                SclAddrCsTbl
                0x06040dd0                Scl_s_reg
                0x06040df8                SclRotateXy
                0x06040e00                Scl_d_reg
                0x06040e48                SclRotateDisp
                0x06040e50                SclRotateMoveZ
                0x06040e58                SclRotXySw
                0x06040e60                Scl_r_reg
                0x06040e70                SclRPMD
                0x06040e78                SclRbgKtbOffset
                0x06040e80                _SclRotregBuff
                0x06040f50                SclRa
                0x06040f58                SclRotateZ
                0x06040f60                SclAddrLsTbl
                0x06040f68                SclK_TableNum
                0x06040f70                SclRotateTableAddress
                0x06040f74                SclK_TableFlag
                0x06040f80                Scl_w_reg
                0x06040fa0                Scl_n_reg
 COMMON         0x06040fe0      0x6b0 ../sbl6/segalib/lib/sega_scl.a(scl_pri.o)
                                  0x0 (size before relaxing)
                0x06040fe0                SclAutoEndBlue2
                0x06040ff0                SclColOffset
                0x06041000                SclPriBuffDirty
                0x06041002                SclAutoEndRed
                0x06041004                SclAutoSurface
                0x06041008                SclAutoGreen
                0x0604100a                SclAutoEndGreen
                0x0604100c                SclAutoCount
                0x06041010                SclColRamAlloc256
                0x06041030                SclAutoCurRate
                0x06041031                SclAutoPlusFlag
                0x06041038                SclSpColMix
                0x06041040                SclAutoMax
                0x06041044                SclLineColRamOffset
                0x06041048                SclColRamAlloc2048
                0x0604104c                SclBgPriNum
                0x06041052                SclAutoEndBlue
                0x06041054                SclAutoEndGreen2
                0x06041056                SclAutoVeFlag
                0x06041058                SclBgColMix
                0x06041060                SclAutoIndex
                0x06041064                SclAutoEndRate
                0x06041066                SclAutoBlue
                0x06041068                SclAutoRed
                0x0604106c                SclAutoInterval
                0x06041070                SclOtherPri
                0x06041080                SclAutoRGB
                0x06041680                SclAutoEndRed2
                0x06041688                SclSpPriNum
 COMMON         0x06041690       0x10 ../sbl6/segalib/lib/sega_scl.a(scl_ro00.o)
                                  0x0 (size before relaxing)
                0x06041690                SclCsx
                0x06041698                SclCsy
 COMMON         0x060416a0       0x15 ../sbl6/segalib/lib/sega_per.a(per_prt.o)
                                  0x0 (size before relaxing)
                0x060416a0                per_get_time_flg
                0x060416a1                per_hot_res
                0x060416a2                per_set_sys_flg
                0x060416a4                per_get_time_adr
                0x060416a8                per_get_sys_data
                0x060416b4                per_time_out_flg
 *fill*         0x060416b5        0xb 00
 COMMON         0x060416c0        0x4 C:/saturn/SH_COFF/sh-coff/bin/../lib/gcc/sh-coff/3.4-GNUSH_v0501/../../../../sh-coff/lib\libc.a(syscalls.o)
                                  0x0 (size before relaxing)
                0x060416c0                errno
                0x060416c4                SIZEOF_B = (. - STARTOF_B)
                0x060416c4                ENDOF_B = .
                0x060416c4                _end = .
OUTPUT(main.cof coff-sh)

.comment        0x060416d0      0x500
 .comment       0x060416d0       0x20 ../sbl6/segasmp/lib/strt2_g.o
 .comment       0x060416f0       0x20 vblank.o
 .comment       0x06041710       0x20 ../sbl6/segasmp/per/smpclib/per_x1.o
 .comment       0x06041730       0x20 ../sbl6/segasmp/per/smpclib/per_x2.o
 .comment       0x06041750       0x20 bullet.o
 .comment       0x06041770       0x20 collision.o
 .comment       0x06041790       0x20 enemylist.o
 .comment       0x060417b0       0x20 graphics.o
 .comment       0x060417d0       0x20 player.o
 .comment       0x060417f0       0x20 print.o
 .comment       0x06041810       0x20 sprite.o
 .comment       0x06041830       0x20 sprite_code/bomb.o
 .comment       0x06041850       0x20 sprite_code/bomber.o
 .comment       0x06041870       0x20 sprite_code/circle.o
 .comment       0x06041890       0x20 sprite_code/explosion.o
 .comment       0x060418b0       0x20 sprite_code/hurler.o
 .comment       0x060418d0       0x20 sprite_code/missile.o
 .comment       0x060418f0       0x20 scroll.o
 .comment       0x06041910       0x20 main.o
 .comment       0x06041930       0x20 C:/saturn/SH_COFF/sh-coff/bin/../lib/gcc/sh-coff/3.4-GNUSH_v0501\libgcc.a(__main.o)
 .comment       0x06041950       0x20 C:/saturn/SH_COFF/sh-coff/bin/../lib/gcc/sh-coff/3.4-GNUSH_v0501\libgcc.a(_si_to_df.o)
 .comment       0x06041970       0x20 C:/saturn/SH_COFF/sh-coff/bin/../lib/gcc/sh-coff/3.4-GNUSH_v0501\libgcc.a(_mul_df.o)
 .comment       0x06041990       0x20 C:/saturn/SH_COFF/sh-coff/bin/../lib/gcc/sh-coff/3.4-GNUSH_v0501\libgcc.a(_df_to_si.o)
 .comment       0x060419b0       0x20 C:/saturn/SH_COFF/sh-coff/bin/../lib/gcc/sh-coff/3.4-GNUSH_v0501\libgcc.a(_pack_df.o)
 .comment       0x060419d0       0x20 C:/saturn/SH_COFF/sh-coff/bin/../lib/gcc/sh-coff/3.4-GNUSH_v0501\libgcc.a(_unpack_df.o)
 .comment       0x060419f0       0x20 C:/saturn/SH_COFF/sh-coff/bin/../lib/gcc/sh-coff/3.4-GNUSH_v0501\libgcc.a(_thenan_df.o)
 .comment       0x06041a10       0x20 C:/saturn/SH_COFF/sh-coff/bin/../lib/gcc/sh-coff/3.4-GNUSH_v0501\libgcc.a(_muldi3.o)
 .comment       0x06041a30       0x20 C:/saturn/SH_COFF/sh-coff/bin/../lib/gcc/sh-coff/3.4-GNUSH_v0501\libgcc.a(_lshrdi3.o)
 .comment       0x06041a50       0x20 C:/saturn/SH_COFF/sh-coff/bin/../lib/gcc/sh-coff/3.4-GNUSH_v0501\libgcc.a(_ashldi3.o)
 .comment       0x06041a70       0x20 C:/saturn/SH_COFF/sh-coff/bin/../lib/gcc/sh-coff/3.4-GNUSH_v0501/../../../../sh-coff/lib\libc.a(atexit.o)
 .comment       0x06041a90       0x20 C:/saturn/SH_COFF/sh-coff/bin/../lib/gcc/sh-coff/3.4-GNUSH_v0501/../../../../sh-coff/lib\libc.a(impure.o)
 .comment       0x06041ab0       0x20 C:/saturn/SH_COFF/sh-coff/bin/../lib/gcc/sh-coff/3.4-GNUSH_v0501/../../../../sh-coff/lib\libc.a(malloc.o)
 .comment       0x06041ad0       0x20 C:/saturn/SH_COFF/sh-coff/bin/../lib/gcc/sh-coff/3.4-GNUSH_v0501/../../../../sh-coff/lib\libc.a(mallocr.o)
 .comment       0x06041af0       0x20 C:/saturn/SH_COFF/sh-coff/bin/../lib/gcc/sh-coff/3.4-GNUSH_v0501/../../../../sh-coff/lib\libc.a(freer.o)
 .comment       0x06041b10       0x20 C:/saturn/SH_COFF/sh-coff/bin/../lib/gcc/sh-coff/3.4-GNUSH_v0501/../../../../sh-coff/lib\libc.a(mlock.o)
 .comment       0x06041b30       0x20 C:/saturn/SH_COFF/sh-coff/bin/../lib/gcc/sh-coff/3.4-GNUSH_v0501/../../../../sh-coff/lib\libc.a(sbrkr.o)
 .comment       0x06041b50       0x20 C:/saturn/SH_COFF/sh-coff/bin/../lib/gcc/sh-coff/3.4-GNUSH_v0501/../../../../sh-coff/lib\libc.a(syscalls.o)
 .comment       0x06041b70       0x20 C:/saturn/SH_COFF/sh-coff/bin/../lib/gcc/sh-coff/3.4-GNUSH_v0501/../../../../sh-coff/lib\libc.a(abort.o)
 .comment       0x06041b90       0x20 C:/saturn/SH_COFF/sh-coff/bin/../lib/gcc/sh-coff/3.4-GNUSH_v0501/../../../../sh-coff/lib\libc.a(signal.o)
 .comment       0x06041bb0       0x20 C:/saturn/SH_COFF/sh-coff/bin/../lib/gcc/sh-coff/3.4-GNUSH_v0501/../../../../sh-coff/lib\libc.a(signalr.o)
