Archive member included because of file (symbol)

../sbl6/segalib/lib/sega_int.a(int.o)
                              vblank.o (INT_SetScuFunc)
../sbl6/segalib/lib/sega_int.a(int_trmp.o)
                              ../sbl6/segalib/lib/sega_int.a(int.o) (__interrupt_handler0)
../sbl6/segalib/lib/sega_spr.a(spr_2c.o)
                              sprite.o (SPR_2Initial)
../sbl6/segalib/lib/sega_spr.a(spr_slv.o)
                              ../sbl6/segalib/lib/sega_spr.a(spr_2c.o) (SPR_InitSlaveSH)
../sbl6/segalib/lib/sega_spr.a(spr_1c.o)
                              ../sbl6/segalib/lib/sega_spr.a(spr_2c.o) (SPR_Initial)
../sbl6/segalib/lib/sega_spr.a(spr_2a.o)
                              ../sbl6/segalib/lib/sega_spr.a(spr_2c.o) (SPR_2SetDrawPrty)
../sbl6/segalib/lib/sega_scl.a(scl_vblv.o)
                              ../sbl6/segalib/lib/sega_spr.a(spr_1c.o) (SpFrameChgMode)
../sbl6/segalib/lib/sega_scl.a(scl_func.o)
                              sprite.o (SCL_Vdp2Init)
../sbl6/segalib/lib/sega_scl.a(scl_pr03.o)
                              sprite.o (SCL_AllocColRam)
../sbl6/segalib/lib/sega_scl.a(scl_pr02.o)
                              sprite.o (SCL_SetColRam)
../sbl6/segalib/lib/sega_scl.a(scl_back.o)
                              scroll.o (SCL_SetBack)
../sbl6/segalib/lib/sega_scl.a(scl_fu03.o)
                              scroll.o (SCL_InitConfigTb)
../sbl6/segalib/lib/sega_scl.a(scl_fu02.o)
                              scroll.o (SCL_InitVramConfigTb)
../sbl6/segalib/lib/sega_scl.a(scl_fu04.o)
                              scroll.o (SCL_SetCycleTable)
../sbl6/segalib/lib/sega_scl.a(scl_pr07.o)
                              scroll.o (SCL_SetPriority)
../sbl6/segalib/lib/sega_scl.a(scl_pr01.o)
                              main.o (SCL_SetSpriteMode)
../sbl6/segalib/lib/sega_scl.a(scl_pri.o)
                              ../sbl6/segalib/lib/sega_scl.a(scl_func.o) (SclRealOtherPri)
../sbl6/segalib/lib/sega_scl.a(scl_ro00.o)
                              ../sbl6/segalib/lib/sega_scl.a(scl_func.o) (SCL_Rotate)
../sbl6/segalib/lib/sega_scl.a(scl_pr06.o)
                              ../sbl6/segalib/lib/sega_scl.a(scl_pr03.o) (SCL_SetColRamOffset)
../sbl6/segalib/lib/sega_scl.a(scl_pr05.o)
                              ../sbl6/segalib/lib/sega_scl.a(scl_pr02.o) (SCL_GetColRamOffset)
../sbl6/segalib/lib/sega_mth.a(mth_fixd.o)
                              sprite.o (MTH_Mul)
../sbl6/segalib/lib/sega_mth.a(mth_tri.o)
                              sprite.o (MTH_Sin)
../sbl6/segalib/lib/sega_per.a(per_prt.o)
                              ../sbl6/segasmp/per/smpclib/per_x2.o (PER_LInit)
../sbl6/segalib/lib/sega_sat.a(gfs.o)
                              cd.o (GFS_Init)
../sbl6/segalib/lib/sega_sat.a(DMA_SCU1.o)
                              ../sbl6/segalib/lib/sega_spr.a(spr_2c.o) (DMA_ScuMemCopy)
../sbl6/segalib/lib/sega_sat.a(gfs_cdf.o)
                              ../sbl6/segalib/lib/sega_sat.a(gfs.o) (GFCF_Init)
../sbl6/segalib/lib/sega_sat.a(gfs_dir.o)
                              ../sbl6/segalib/lib/sega_sat.a(gfs.o) (GFDR_SetupDirTbl)
../sbl6/segalib/lib/sega_sat.a(gfs_trn.o)
                              ../sbl6/segalib/lib/sega_sat.a(gfs.o) (GFTR_Setup)
../sbl6/segalib/lib/sega_sat.a(gfs_buf.o)
                              ../sbl6/segalib/lib/sega_sat.a(gfs.o) (GFBF_GetNumData)
../sbl6/segalib/lib/sega_sat.a(gfs_cdb.o)
                              ../sbl6/segalib/lib/sega_sat.a(gfs_cdf.o) (GFCB_Setup)
../sbl6/segalib/lib/sega_sat.a(gfs_cdc.o)
                              ../sbl6/segalib/lib/sega_sat.a(gfs.o) (GFCD_SetCdbfs)
../sbl6/segalib/lib/sega_sat.a(DMA_SCU0.o)
                              ../sbl6/segalib/lib/sega_sat.a(DMA_SCU1.o) (DMA_ScuSetPrm)
../sbl6/segalib/lib/sega_sat.a(csh_main.o)
                              ../sbl6/segalib/lib/sega_sat.a(DMA_SCU1.o) (CSH_Purge)
../sbl6/segalib/lib/sega_sat.a(DMA_CPU0.o)
                              ../sbl6/segalib/lib/sega_sat.a(gfs_trn.o) (DMA_CpuSetComPrm)
../sbl6/segalib/lib/sega_sat.a(cdc_reg.o)
                              ../sbl6/segalib/lib/sega_sat.a(gfs_cdb.o) (CDC_GetDataPtr)
../sbl6/segalib/lib/sega_sat.a(cdc_cfs.o)
                              ../sbl6/segalib/lib/sega_sat.a(gfs_cdc.o) (CDC_ChgDir)
../sbl6/segalib/lib/sega_sat.a(cdc_cmn.o)
                              ../sbl6/segalib/lib/sega_sat.a(gfs_cdc.o) (CDC_GetCurStat)
../sbl6/segalib/lib/sega_sat.a(cdc_bio.o)
                              ../sbl6/segalib/lib/sega_sat.a(gfs_cdc.o) (CDC_SetSctLen)
../sbl6/segalib/lib/sega_sat.a(cdc_sel.o)
                              ../sbl6/segalib/lib/sega_sat.a(gfs_cdc.o) (CDC_SetFiltRange)
../sbl6/segalib/lib/sega_sat.a(cdc_drv.o)
                              ../sbl6/segalib/lib/sega_sat.a(gfs_cdc.o) (CDC_CdPlay)
../sbl6/segalib/lib/sega_sat.a(cdc_bif.o)
                              ../sbl6/segalib/lib/sega_sat.a(gfs_cdc.o) (CDC_GetBufSiz)
../sbl6/segalib/lib/sega_sat.a(cdc_dev.o)
[...]
Memory Configuration

Name             Origin             Length             Attributes
*default*        0x00000000         0xffffffff

Linker script and memory map

LOAD ../sbl6/segasmp/lib/strt1_g.o
LOAD ../sbl6/segasmp/lib/strt2_g.o
LOAD vblank.o
LOAD ../sbl6/segasmp/per/smpclib/per_x1.o
LOAD ../sbl6/segasmp/per/smpclib/per_x2.o
LOAD ../sbl6/segasmp/per/smpclib/per_x3.o
LOAD blocks.o
LOAD cd.o
LOAD collision.o
LOAD graphics.o
LOAD player.o
LOAD print.o
LOAD sprite.o
LOAD scroll.o
LOAD main.o
LOAD ../sbl6/segalib/lib/sega_int.a
LOAD ../sbl6/segalib/lib/sega_spr.a
LOAD ../sbl6/segalib/lib/sega_scl.a
LOAD ../sbl6/segalib/lib/sega_mth.a
LOAD ../sbl6/segalib/lib/sega_cdc.a
LOAD ../sbl6/segalib/lib/sega_adp.a
LOAD ../sbl6/segalib/lib/sega_per.a
LOAD ../sbl6/segalib/lib/sega_sat.a
LOAD C:/saturn/SH_COFF/sh-coff/bin/../lib/gcc/sh-coff/3.4-GNUSH_v0501\libgcc.a
LOAD C:/saturn/SH_COFF/sh-coff/bin/../lib/gcc/sh-coff/3.4-GNUSH_v0501/../../../../sh-coff/lib\libc.a
LOAD C:/saturn/SH_COFF/sh-coff/bin/../lib/gcc/sh-coff/3.4-GNUSH_v0501\libgcc.a

.text           0x06010000    0x13470
 *(.text)
 .text          0x06010000       0x30 ../sbl6/segasmp/lib/strt1_g.o
                0x06010024                _D_END
                0x06010020                _D_BGN
                0x0601002c                _B_END
                0x06010028                _B_BGN
                0x06010000                START
 .text          0x06010030       0x60 ../sbl6/segasmp/lib/strt2_g.o
                0x06010050                _INITSCT
                0x06010030                _INIT
 .text          0x06010090      0x180 vblank.o
                0x06010090                SetVblank
                0x06010110                UsrVblankOut
                0x060100f0                UsrVblankIn
 .text          0x06010210      0x430 ../sbl6/segasmp/per/smpclib/per_x1.o
                0x060105a4                PER_GetAnalogXYZ
                0x06010234                PER_GetTriggerHandler
                0x060104ce                PER_GetEdge
                0x0601044c                PER_GetTrigger
                0x060104f8                PER_GetPressEdge
                0x0601054c                PER_GetReleaseEdge
                0x06010210                PER_SetTriggerHandler
 .text          0x06010640      0x200 ../sbl6/segasmp/per/smpclib/per_x2.o
                0x06010744                PER_GetDeviceA
                0x06010640                PER_OpenPort
                0x06010678                PER_GetPort
                0x060107be                PER_GetDeviceR
 .text          0x06010840       0x20 ../sbl6/segasmp/per/smpclib/per_x3.o
                0x06010840                PER_DisguiseTrigger
 .text          0x06010860       0xa0 cd.o
                0x06010860                cd_init
                0x06010890                cd_load
 .text          0x06010900      0x650 collision.o
                0x06010900                collision_check_up
                0x06010e50                collision_eject_horiz
                0x06010d70                collision_eject_vert
                0x06010c40                collision_check
                0x06010af0                collision_check_left
                0x06010b90                collision_check_right
                0x06010a40                collision_check_below
                0x06010990                collision_check_down
 .text          0x06010f50      0x300 player.o
                0x06010f50                player_frames
                0x06011030                player_input
                0x06010f60                player_init
                0x060111b0                player_draw
                0x06010fa0                player_animate
 .text          0x06011250      0x170 print.o
                0x06011320                print_display
                0x06011290                print_num
                0x06011250                print_init
                0x060112e0                print_string
 .text          0x060113c0      0x5e0 sprite.o
                0x060113f0                sprite_init
                0x060117d0                sprite_make
                0x06011910                sprite_next
                0x06011970                sprite_delete
                0x06011810                sprite_draw_all
                0x060113c0                sprite_deleteall
                0x06011580                sprite_draw
 .text          0x060119a0      0x6b0 scroll.o
                0x060119a0                scroll_move
                0x06011ec0                scroll_get
                0x06011f20                scroll_copy
                0x06011af0                scroll_set
                0x06011c00                scroll_init
                0x06011b20                scroll_scale
 .text          0x06012050      0x110 main.o
                0x06012080                main
 .text          0x06012160       0x40 ../sbl6/segalib/lib/sega_int.a(int.o)
                0x0601218c                INT_GetScuFunc
                0x06012160                INT_SetScuFunc
 .text          0x060121a0      0x624 ../sbl6/segalib/lib/sega_int.a(int_trmp.o)
                0x06012308                __interrupt_handler60
                0x060124b8                __interrupt_handler132
                0x0601266e                __interrupt_handler205
                0x060124d6                __interrupt_handler137
                0x06012404                __interrupt_handler102
                0x06012242                __interrupt_handler27
                0x06012644                __interrupt_handler198
                0x06012536                __interrupt_handler153
                0x0601221e                __interrupt_handler21
                0x0601232c                __interrupt_handler66
                0x0601241c                __interrupt_handler106
                0x06012566                __interrupt_handler161
                0x060123b0                __interrupt_handler88
                0x0601257e                __interrupt_handler165
                0x0601248e                __interrupt_handler125
                0x060121c4                __interrupt_handler6
                0x06012260                __interrupt_handler32
                0x0601261a                __interrupt_handler191
                0x06012734                __interrupt_handler238
                0x0601274c                __interrupt_handler242
                0x06012554                __interrupt_handler158
                0x060123bc                __interrupt_handler90
                0x06012578                __interrupt_handler164
                0x0601229c                __interrupt_handler42
                0x060125de                __interrupt_handler181
                0x060126e6                __interrupt_handler225
                0x0601278e                __interrupt_handler253
                0x060125a2                __interrupt_handler171
                0x0601235c                __interrupt_handler74
                0x060121b2                __interrupt_handler3
                0x060122f6                __interrupt_handler57
                0x060121f4                __interrupt_handler14
                0x0601268c                __interrupt_handler210
                0x060126bc                __interrupt_handler218
                0x06012680                __interrupt_handler208
                0x06012284                __interrupt_handler38
                0x060121a0                __interrupt_handler0
                0x06012410                __interrupt_handler104
                0x0601254e                __interrupt_handler157
                0x0601269e                __interrupt_handler213
                0x06012590                __interrupt_handler168
                0x0601239e                __interrupt_handler85
                0x0601243a                __interrupt_handler111
                0x0601244c                __interrupt_handler114
                0x060122ba                __interrupt_handler47
                0x06012710                __interrupt_handler232
                0x060126da                __interrupt_handler223
                0x0601272e                __interrupt_handler237
                0x0601231a                __interrupt_handler63
                0x060122a8                __interrupt_handler44
                0x060125ba                __interrupt_handler175
                0x060125e4                __interrupt_handler182
                0x060125fc                __interrupt_handler186
                0x060124fa                __interrupt_handler143
                0x06012422                __interrupt_handler107
                0x06012488                __interrupt_handler124
                0x060125a8                __interrupt_handler172
                0x0601275e                __interrupt_handler245
                0x060123da                __interrupt_handler95
                0x060124b2                __interrupt_handler131
                0x060124c4                __interrupt_handler134
                0x060124e2                __interrupt_handler139
                0x06012350                __interrupt_handler72
                0x0601270a                __interrupt_handler231
                0x06012560                __interrupt_handler160
                0x060124a6                __interrupt_handler129
                0x06012218                __interrupt_handler20
                0x06012326                __interrupt_handler65
                0x060122f0                __interrupt_handler56
                0x060121ee                __interrupt_handler13
                0x06012686                __interrupt_handler209
                0x06012440                __interrupt_handler112
                0x06012212                __interrupt_handler19
                0x060123ce                __interrupt_handler93
                0x06012638                __interrupt_handler196
                0x0601252a                __interrupt_handler151
                0x0601258a                __interrupt_handler167
                0x060127a0                __trampoline
                0x06012206                __interrupt_handler17
                0x060126f8                __interrupt_handler228
                0x0601279a                __interrupt_handler255
                0x06012758                __interrupt_handler244
                0x060123f2                __interrupt_handler99
                0x060125ea                __interrupt_handler183
                0x060124e8                __interrupt_handler140
                0x0601260e                __interrupt_handler189
                0x0601250c                __interrupt_handler146
                0x060126d4                __interrupt_handler222
                0x06012548                __interrupt_handler156
                0x0601247c                __interrupt_handler122
                0x06012770                __interrupt_handler248
                0x060122c0                __interrupt_handler48
                0x0601233e                __interrupt_handler69
                0x06012230                __interrupt_handler24
                0x060123b6                __interrupt_handler89
                0x060126aa                __interrupt_handler215
                0x06012794                __interrupt_handler254
                0x060123aa                __interrupt_handler87
                0x0601230e                __interrupt_handler61
                0x06012632                __interrupt_handler195
                0x06012524                __interrupt_handler150
                0x06012296                __interrupt_handler41
                0x06012434                __interrupt_handler110
                0x0601249a                __interrupt_handler127
                0x06012428                __interrupt_handler108
                0x06012446                __interrupt_handler113
                0x06012458                __interrupt_handler116
                0x06012476                __interrupt_handler121
                0x0601236e                __interrupt_handler77
                0x0601228a                __interrupt_handler39
                0x060122a2                __interrupt_handler43
                0x06012776                __interrupt_handler249
                0x060125b4                __interrupt_handler174
                0x060124d0                __interrupt_handler136
                0x06012608                __interrupt_handler188
                0x06012506                __interrupt_handler145
                0x060121d6                __interrupt_handler9
                0x0601237a                __interrupt_handler79
                0x060126f2                __interrupt_handler227
                0x0601226c                __interrupt_handler34
                0x060124ac                __interrupt_handler130
                0x0601276a                __interrupt_handler247
                0x06012362                __interrupt_handler75
                0x060125ae                __interrupt_handler173
                0x060122de                __interrupt_handler53
                0x0601251e                __interrupt_handler149
                0x06012782                __interrupt_handler251
                0x06012716                __interrupt_handler233
                0x060121dc                __interrupt_handler10
                0x06012668                __interrupt_handler204
                0x0601238c                __interrupt_handler82
                0x06012392                __interrupt_handler83
                0x06012236                __interrupt_handler25
                0x06012752                __interrupt_handler243
                0x0601256c                __interrupt_handler162
                0x060122b4                __interrupt_handler46
                0x060125cc                __interrupt_handler178
                0x06012380                __interrupt_handler80
                0x06012314                __interrupt_handler62
                0x060121ac                __interrupt_handler2
                0x0601224e                __interrupt_handler29
                0x06012344                __interrupt_handler70
                0x0601242e                __interrupt_handler109
                0x06012518                __interrupt_handler148
                0x060123d4                __interrupt_handler94
                0x060126e0                __interrupt_handler224
                0x0601240a                __interrupt_handler103
                0x06012278                __interrupt_handler36
                0x06012494                __interrupt_handler126
                0x06012764                __interrupt_handler246
                0x060122ea                __interrupt_handler55
                0x060121e8                __interrupt_handler12
                0x060122d8                __interrupt_handler52
                0x06012602                __interrupt_handler187
                0x06012500                __interrupt_handler144
                0x0601245e                __interrupt_handler117
                0x0601220c                __interrupt_handler18
                0x0601263e                __interrupt_handler197
                0x06012530                __interrupt_handler152
                0x06012464                __interrupt_handler118
                0x0601259c                __interrupt_handler170
                0x06012656                __interrupt_handler201
                0x060123e6                __interrupt_handler97
                0x06012572                __interrupt_handler163
                0x060125d8                __interrupt_handler180
                0x06012620                __interrupt_handler192
                0x06012740                __interrupt_handler240
                0x06012482                __interrupt_handler123
                0x060126a4                __interrupt_handler214
                0x0601225a                __interrupt_handler31
                0x06012248                __interrupt_handler28
                0x06012332                __interrupt_handler67
                0x06012338                __interrupt_handler68
                0x06012224                __interrupt_handler22
                0x0601222a                __interrupt_handler23
                0x060125c0                __interrupt_handler176
                0x060121ca                __interrupt_handler7
                0x060126ce                __interrupt_handler221
                0x060126b6                __interrupt_handler217
                0x060126fe                __interrupt_handler229
                0x060122c6                __interrupt_handler49
                0x060121b8                __interrupt_handler4
                0x06012290                __interrupt_handler40
                0x06012452                __interrupt_handler115
                0x06012722                __interrupt_handler235
                0x060123c2                __interrupt_handler91
                0x06012674                __interrupt_handler206
                0x060125c6                __interrupt_handler177
                0x06012512                __interrupt_handler147
                0x0601227e                __interrupt_handler37
                0x0601277c                __interrupt_handler250
                0x060121a6                __interrupt_handler1
                0x060126c2                __interrupt_handler219
                0x06012368                __interrupt_handler76
                0x060123f8                __interrupt_handler100
                0x060122fc                __interrupt_handler58
                0x060121fa                __interrupt_handler15
                0x06012698                __interrupt_handler212
                0x06012746                __interrupt_handler241
                0x0601265c                __interrupt_handler202
                0x06012626                __interrupt_handler193
                0x06012374                __interrupt_handler78
                0x060122cc                __interrupt_handler50
                0x06012266                __interrupt_handler33
                0x06012584                __interrupt_handler166
                0x060124dc                __interrupt_handler138
                0x060124ca                __interrupt_handler135
                0x06012254                __interrupt_handler30
                0x060125f0                __interrupt_handler184
                0x060124ee                __interrupt_handler141
                0x06012704                __interrupt_handler230
                0x06012728                __interrupt_handler236
                0x0601246a                __interrupt_handler119
                0x060123a4                __interrupt_handler86
                0x06012416                __interrupt_handler105
                0x06012386                __interrupt_handler81
                0x06012470                __interrupt_handler120
                0x060124a0                __interrupt_handler128
                0x060122e4                __interrupt_handler54
                0x060121e2                __interrupt_handler11
                0x0601264a                __interrupt_handler199
                0x0601253c                __interrupt_handler154
                0x060122ae                __interrupt_handler45
                0x060126b0                __interrupt_handler216
                0x06012662                __interrupt_handler203
                0x060123fe                __interrupt_handler101
                0x06012398                __interrupt_handler84
                0x060125f6                __interrupt_handler185
                0x060124f4                __interrupt_handler142
                0x0601223c                __interrupt_handler26
                0x06012320                __interrupt_handler64
                0x06012650                __interrupt_handler200
                0x0601267a                __interrupt_handler207
                0x0601262c                __interrupt_handler194
                0x060123c8                __interrupt_handler92
                0x06012542                __interrupt_handler155
                0x06012692                __interrupt_handler211
                0x060124be                __interrupt_handler133
                0x060121be                __interrupt_handler5
                0x06012356                __interrupt_handler73
                0x06012200                __interrupt_handler16
                0x0601273a                __interrupt_handler239
                0x0601271c                __interrupt_handler234
                0x06012272                __interrupt_handler35
                0x06012302                __interrupt_handler59
                0x06012596                __interrupt_handler169
                0x060123ec                __interrupt_handler98
                0x0601234a                __interrupt_handler71
                0x060122d2                __interrupt_handler51
                0x0601255a                __interrupt_handler159
                0x060126ec                __interrupt_handler226
                0x060123e0                __interrupt_handler96
                0x06012614                __interrupt_handler190
                0x060126c8                __interrupt_handler220
                0x060121d0                __interrupt_handler8
                0x060125d2                __interrupt_handler179
                0x06012788                __interrupt_handler252
 *fill*         0x060127c4        0xc 00
 .text          0x060127d0     0x12a0 ../sbl6/segalib/lib/sega_spr.a(spr_2c.o)
                0x06013a30                SlaveFlushDrawPrtyBlock
                0x060127d0                SPR_2Initial
                0x06013014                SPR_2SysClip
                0x06012fb4                SPR_2LocalCoord
                0x060138ac                SPR_2FlushDrawPrtyBlock
                0x06013598                SPR_2DistSpr
                0x06012f9c                SPR_2FlushDrawPrty
                0x060136bc                SPR_2Cmd
                0x06012c98                SPR_2GourTblNoToVram
                0x06012cf8                SPR_2GetAreaSizeInfo
                0x06012a60                SPR_2SetGourTbl
                0x0601324c                SPR_2Polygon
                0x06012cd4                SPR_2CharNoToVram
                0x060129e0                SPR_2SetTvMode
                0x06012e3c                SPR_2CloseCommand
                0x06012a1c                SPR_2FrameEraseData
                0x060127f8                SPR_2Initial2
                0x0601342c                SPR_2ScaleSpr
                0x060130bc                SPR_2Line
                0x06012d88                SPR_2OpenCommand
                0x060129fc                SPR_2FrameChgIntr
                0x06013308                SPR_2NormSpr
                0x06012a90                SPR_2SetLookupTbl
                0x06012ac4                SPR_2SetChar
                0x06012cbc                SPR_2LookupTblNoToVram
                0x06013190                SPR_2PolyLine
                0x06012c30                SPR_2ClrAllChar
                0x06012be4                SPR_2ClrChar
                0x06013060                SPR_2UserClip
 .text          0x06013a70      0x1e6 ../sbl6/segalib/lib/sega_spr.a(spr_slv.o)
                0x06013bd4                SPR_WaitEndSlaveSH
                0x06013a70                SPR_SMPC_SSHON
                0x06013bb0                SPR_RunSlaveSH
                0x06013a74                SPR_InitSlaveSH
                0x06013b3c                SPR_SlaveSHmain
                0x06013a71                SPR_SMPC_SSHOFF
 *fill*         0x06013c56        0xa 00
 .text          0x06013c60      0x36a ../sbl6/segalib/lib/sega_spr.a(spr_1c.o)
                0x06013f14                SPR_WaitDrawEnd
                0x06013f2c                SPR_SetEosMode
                0x06013e44                SPR_SetEraseData
                0x06013c60                SPR_Initial
                0x06013d38                SPR_SetTvMode
                0x06013dd0                SPR_GetStatus
 *fill*         0x06013fca        0x6 00
 .text          0x06013fd0      0x244 ../sbl6/segalib/lib/sega_spr.a(spr_2a.o)
                0x06013fe2                sprMemCpyW
                0x06014040                flushDrawPrtyBlock
                0x06013fd0                sprMemCpyL
                0x06013ff4                SPR_2SetDrawPrty
 *fill*         0x06014214        0xc 00
 .text          0x06014220      0x2fc ../sbl6/segalib/lib/sega_scl.a(scl_vblv.o)
                0x060142dc                SCL_DisplayFrame
                0x06014220                SCL_SetFrameInterval
                0x06014310                SCL_VblInit
                0x06014360                SCL_VblankStart
                0x060143a4                SCL_VblankEnd
 *fill*         0x0601451c        0x4 00
 .text          0x06014520      0xb9c ../sbl6/segalib/lib/sega_scl.a(scl_func.o)
                0x06014efc                SCL_Vdp2_SGLInit
                0x06014e0c                SCL_PriIntProc
                0x06014d84                SCL_Memcpyw
                0x0601509c                SCL_SglOff
                0x0601507c                SCL_SglOn
                0x06014cf0                SCL_ScrollShow
                0x06014798                SCL_Close
                0x06014a90                SCL_Scale
                0x06014520                SCL_Vdp2Init
                0x06014904                SCL_Move
                0x06014bcc                SCL_CopyReg
                0x06014774                SCL_Open
                0x060145a4                SCL_ParametersInit
                0x060147b4                SCL_MoveTo
                0x06014dac                SCL_SetColRamMode
 *fill*         0x060150bc        0x4 00
 .text          0x060150c0      0x138 ../sbl6/segalib/lib/sega_scl.a(scl_pr03.o)
                0x060150c0                SCL_FreeColRam
                0x060150f8                SCL_AllocColRam
 *fill*         0x060151f8        0x8 00
 .text          0x06015200       0x9c ../sbl6/segalib/lib/sega_scl.a(scl_pr02.o)
                0x06015200                SCL_SetColRam
 *fill*         0x0601529c        0x4 00
 .text          0x060152a0       0x84 ../sbl6/segalib/lib/sega_scl.a(scl_back.o)
                0x060152a0                SCL_SetBack
 *fill*         0x06015324        0xc 00
 .text          0x06015330      0x94c ../sbl6/segalib/lib/sega_scl.a(scl_fu03.o)
                0x0601538c                SCL_SetConfig
                0x06015330                SCL_InitConfigTb
 *fill*         0x06015c7c        0x4 00
 .text          0x06015c80      0x4f4 ../sbl6/segalib/lib/sega_scl.a(scl_fu02.o)
                0x06015cb8                SCL_SetVramConfig
                0x06015c80                SCL_InitVramConfigTb
 *fill*         0x06016174        0xc 00
 .text          0x06016180       0x28 ../sbl6/segalib/lib/sega_scl.a(scl_fu04.o)
                0x06016180                SCL_SetCycleTable
 *fill*         0x060161a8        0x8 00
 .text          0x060161b0      0x214 ../sbl6/segalib/lib/sega_scl.a(scl_pr07.o)
                0x060161b0                SCL_SetPriority
 *fill*         0x060163c4        0xc 00
 .text          0x060163d0       0x58 ../sbl6/segalib/lib/sega_scl.a(scl_pr01.o)
                0x060163d0                SCL_SetSpriteMode
 *fill*         0x06016428        0x8 00
 .text          0x06016430     0x10a4 ../sbl6/segalib/lib/sega_scl.a(scl_pri.o)
                0x060164c4                SCL_AbortAutoVe
                0x06017374                SCL_SetShadowBit
                0x0601693c                SCL_AutoExec
                0x06016430                SCL_PriorityInit
                0x06016e50                SCL_IncColOffset
                0x060164d8                SCL_SetColMixRate
                0x060164a8                SCL_GetColRamMode
 *fill*         0x060174d4        0xc 00
 .text          0x060174e0     0x1394 ../sbl6/segalib/lib/sega_scl.a(scl_ro00.o)
                0x060186cc                SCL_RotateZD
                0x06017994                SCL_Rotate
                0x06017668                SCL_InitRotateTable
 *fill*         0x06018874        0xc 00
 .text          0x06018880      0x1b4 ../sbl6/segalib/lib/sega_scl.a(scl_pr06.o)
                0x06018880                SCL_SetColRamOffset
 *fill*         0x06018a34        0xc 00
 .text          0x06018a40       0xac ../sbl6/segalib/lib/sega_scl.a(scl_pr05.o)
                0x06018a40                SCL_GetColRamOffset
 *fill*         0x06018aec        0x4 00
 .text          0x06018af0       0xa4 ../sbl6/segalib/lib/sega_mth.a(mth_fixd.o)
                0x06018b40                MTH_FixedToInt
                0x06018b30                MTH_IntToFixed
                0x06018af0                MTH_Mul
                0x06018b50                MTH_Product
                0x06018b10                MTH_Div
 *fill*         0x06018b94        0xc 00
 .text          0x06018ba0      0x600 ../sbl6/segalib/lib/sega_mth.a(mth_tri.o)
                0x06018c3c                fcos
                0x06018c42                fsin
                0x06018bec                MTH_Cos
                0x06018ba0                MTH_Sin
                0x06018de0                MTH_Atan
 .text          0x060191a0      0xf50 ../sbl6/segalib/lib/sega_per.a(per_prt.o)
                0x060195c0                PER_IntFunc
                0x060193b8                PER_LGetPer
                0x060191a0                PER_LInit
 .text          0x0601a0f0     0x1b04 ../sbl6/segalib/lib/sega_sat.a(gfs.o)
                0x0601a0f0                gfs_version
                0x0601b364                gfs_mngGetNumFile
                0x0601bae4                gfs_closeSub
                0x0601ae80                GFS_SetGmode
                0x0601b13c                GFS_SetErrFunc
                0x0601b28c                gfs_mngSetupFuncTbl
                0x0601a448                GFS_Reset
                0x0601b1b4                gfs_chgRoot
                0x0601b280                gfs_aborttrans
                0x0601b564                gfs_svrAddHndl
                0x0601b414                gfs_mngFreeGrp
                0x0601b18c                GFS_ConvTno
                0x0601b718                gfs_getRootDir
                0x0601b168                GFS_GetErrStat
                0x0601a5b8                GFS_Seek
                0x0601ac24                GFS_NwStop
                0x0601b420                gfs_mngTermAccess
                0x0601a4cc                GFS_Open
                0x0601b3cc                GFS_mngAllocGrp
                0x0601bb2c                gfs_isTaskDone
                0x0601a924                GFS_Fread
                0x0601b084                GFS_StartTrans
                0x0601ba80                gfs_GetFinfo
                0x0601b2c0                gfs_mngInitWork
                0x0601a710                GFS_ByteToSct
                0x0601b524                gfs_svrSearchHndl
                0x0601b814                gfs_loadRootDir
                0x0601a36c                GFS_IdToName
                0x0601aa68                GFS_NwFread
                0x0601afb4                GFS_SetTransPara
                0x0601ab74                GFS_NwCdRead
                0x0601b654                gfs_loadVol
                0x0601af50                GFS_SetReadPara
                0x0601a66c                GFS_Tell
                0x0601aee4                GFS_SetTmode
                0x0601b9e8                GFS_GetFad
                0x0601b020                GFS_SetTrFunc
                0x0601b0d0                GFS_CdMovePickup
                0x0601a308                GFS_NameToId
                0x0601ad3c                GFS_NwExecOne
                0x0601b89c                gfs_flowIn
                0x0601a7c4                GFS_GetFileInfo
                0x0601b944                gfs_transData
                0x0601b5a0                gfs_svrRemoveHndl
                0x0601abec                GFS_NwIsComplete
                0x0601bb20                gfs_getGmode
                0x0601ac90                GFS_NwGetStat
                0x0601b5fc                GFS_OpenSub
                0x0601a2a0                GFS_SetDir
                0x0601a76c                GFS_GetFileSize
                0x0601a838                GFS_GetNumCdbuf
                0x0601bb80                gfs_convFinStat
                0x0601a860                GFS_Load
                0x0601a9c0                gfs_waitRead
                0x0601a1f8                GFS_LoadDir
                0x0601a3d8                GFS_GetDirInfo
                0x0601a580                GFS_Close
                0x0601a110                GFS_Init
                0x0601ad0c                gfs_recovRdErr
                0x0601b4a4                gfs_mngSetErrCode
                0x0601adfc                GFS_NwExecServer
                0x0601a6bc                GFS_IsEof
                0x0601ba40                gfs_SetSct
 *fill*         0x0601bbf4        0xc 00
 .text          0x0601bc00      0x1f4 ../sbl6/segalib/lib/sega_sat.a(DMA_SCU1.o)
                0x0601bd5c                DMA_ScuResult
                0x0601bc00                DMA_ScuInit
                0x0601bc50                DMA_ScuMemCopy
 *fill*         0x0601bdf4        0xc 00
 .text          0x0601be00      0x8d4 ../sbl6/segalib/lib/sega_sat.a(gfs_cdf.o)
                0x0601c2f4                GFCF_Seek
                0x0601c3fc                GFCF_GetStat
                0x0601c2dc                GFCF_Tell
                0x0601bea0                GFCF_Setup
                0x0601c3a8                GFCF_cnvIntlvOfs
                0x0601be00                GFCF_Init
                0x0601c294                GFCF_Recover
                0x0601bfe8                GFCF_SetSct
                0x0601c30c                GFCF_MovePickup
                0x0601c4d0                gfcf_isCdOk
                0x0601c0a0                GFCF_FlowInBuf
                0x0601c02c                GFCF_GetFileInfo
                0x0601c1f4                GFCF_StopInBuf
                0x0601c494                gfcf_getSctSize
                0x0601c590                gfcf_getPlayRange
 *fill*         0x0601c6d4        0xc 00
 .text          0x0601c6e0      0x928 ../sbl6/segalib/lib/sega_sat.a(gfs_dir.o)
                0x0601cbd0                gfdr_setNextRec
                0x0601cfcc                gfdr_setDirrecCd
                0x0601c9c8                gfdr_open
                0x0601c7dc                GFDR_GetAtrDirId
                0x0601cab0                gfdr_readByte
                0x0601c6e0                GFDR_SetupDirTbl
                0x0601cba8                gfdr_readLongNM
                0x0601cc54                gfdr_readDirEnt
                0x0601c80c                GFDR_ChgRoot
                0x0601c754                GFDR_NameToId
                0x0601c898                gfdr_setupDirIdTbl
                0x0601c7f4                GFDR_GetAtrDirName
                0x0601c7b4                GFDR_GetInfoDirId
                0x0601cb5c                gfdr_readLongNB
                0x0601c9f0                gfdr_read
                0x0601cadc                gfdr_readWord
                0x0601c91c                gfdr_setupDirNameTbl
                0x0601c7c8                GFDR_GetInfoDirName
                0x0601c824                GFDR_ChgDir
                0x0601cb08                gfdr_readWordNB
 *fill*         0x0601d008        0x8 00
 .text          0x0601d010      0xa46 ../sbl6/segalib/lib/sega_sat.a(gfs_trn.o)
                0x0601d0f0                GFTR_SetTransMax
                0x0601d4c0                gftr_execScu
                0x0601da44                GFTR_SetTransFunc
                0x0601d90c                gftr_remTrn
                0x0601da30                GFTR_SetData
                0x0601d730                gftr_execSdma1
                0x0601d980                gftr_copyFrac
                0x0601d0e4                GFTR_GetNumTrans
                0x0601d084                GFTR_SetMode
                0x0601d700                gftr_remDma0
                0x0601d9a8                GFTR_GetLenData
                0x0601d4b4                gftr_reqScu
                0x0601d718                gftr_reqDma1
                0x0601d3d0                gftr_getSrcPack
                0x0601da00                GFTR_RtnDstPk
                0x0601d59c                gfdma_exec
                0x0601d834                gftr_execTrn
                0x0601d2c8                GFTR_ExecSvr
                0x0601d7c4                gftr_reqTrn
                0x0601d68c                gfdma_getBytecnt
                0x0601d76c                gftr_reqCpu
                0x0601d9cc                GFTR_GetDstPack
                0x0601d6c4                gftr_reqDma0
                0x0601d250                GFTR_Idle
                0x0601d108                GFTR_Pause
                0x0601d0d8                GFTR_GetTransPara
                0x0601d7b8                gftr_remCpu
                0x0601d0a4                GFTR_SetTransPara
                0x0601d754                gftr_remDma1
                0x0601d114                GFTR_Stop
                0x0601d6dc                gftr_execSdma0
                0x0601d040                GFTR_Setup
                0x0601d55c                gftr_remScu
                0x0601d458                gftr_getDstPack
                0x0601d590                gfdma_canUse
                0x0601d1cc                GFTR_Exec
                0x0601da1c                GFTR_GetData
                0x0601d0fc                GFTR_Start
                0x0601d098                GFTR_SetUnit
                0x0601d778                gftr_execCpu
                0x0601d9b4                GFTR_GetLenRoom
 *fill*         0x0601da56        0xa 00
 .text          0x0601da60      0x106 ../sbl6/segalib/lib/sega_sat.a(gfs_buf.o)
                0x0601dab8                GFBF_GetNumData
                0x0601db34                GFBF_RtnPk
                0x0601dae8                GFBF_GetSrcPk
                0x0601db5c                gfbf_getSctDt
                0x0601da90                GFBF_GetTranData
                0x0601db10                GFBF_GetSctData
 *fill*         0x0601db66        0xa 00
 .text          0x0601db70      0x600 ../sbl6/segalib/lib/sega_sat.a(gfs_cdb.o)
                0x0601e118                GFCB_GetPickup
                0x0601dc90                GFCB_Close
                0x0601df5c                GFCB_GetSrcPack
                0x0601e0e4                GFCB_SetCon
                0x0601dd64                GFCB_GetLenRoom
                0x0601e0c8                GFCB_MovePickup
                0x0601e03c                GFCB_GetSctData
                0x0601dd70                GFCB_SetFilt
                0x0601dcb8                GFCB_GetLenData
                0x0601e158                GFCB_UngetPickup
                0x0601db70                GFCB_Setup
                0x0601de00                GFCB_Tell
                0x0601e140                GFCB_IsPuOwner
                0x0601de60                GFCB_Seek
                0x0601ddd8                GFCB_DeleteAllData
                0x0601e074                GFCB_GetDstPack
                0x0601de10                gfcb_getSctNum
                0x0601e080                GFCB_RtnPk
 .text          0x0601e170     0x1a04 ../sbl6/segalib/lib/sega_sat.a(gfs_cdc.o)
                0x0601e40c                GFCD_AllocBuf
                0x0601f1e8                gfcd_doGetLenDataTsk
                0x0601fa84                GFCD_SetCsctFunc
                0x0601e4e4                GFCD_GetBaseFad
                0x0601e660                GFCD_GetFilt
                0x0601f674                gfcd_doChgDirTsk
                0x0601f9b4                gfcd_checkEflag
                0x0601e9a8                GFCD_MovePickup
                0x0601ea8c                GFCD_GetSctInfo
                0x0601f33c                gfcd_doReqDataTsk
                0x0601ead4                GFCD_ChgDir
                0x0601e7c8                GFCD_ReqData
                0x0601faa0                GFCD_ChkScdqFlag
                0x0601ef58                GFCD_WaitServer
                0x0601e86c                GFCD_DelSctData
                0x0601ed44                GFCD_ExecServer
                0x0601f158                gfcd_doSetConTsk
                0x0601e3a0                GFCD_AllocFilt
                0x0601e59c                GFCD_SetFilt
                0x0601ef94                gfcd_doSetFiltTsk
                0x0601fac4                GFCD_ClrScdqFlag
                0x0601f3dc                gfcd_doDelSctDataTsk
                0x0601eea0                gfcd_doTask
                0x0601e518                GFCD_GetPickup
                0x0601ea68                GFCD_CheckMove
                0x0601fae0                GFCD_WaitScdqFlag
                0x0601e700                GFCD_Play
                0x0601f510                gfcd_doMoveSctTsk
                0x0601e6a8                GFCD_SetCon
                0x0601eb48                GFCD_SetFiltCon
                0x0601fb24                GFCD_WaitPause
                0x0601ed0c                GFCD_GetBufSiz
                0x0601e54c                GFCD_UngetPickup
                0x0601ec30                GFCD_GetFileInfo
                0x0601e824                GFCD_EndData
                0x0601e440                GFCD_FreeBuf
                0x0601e760                GFCD_GetLenData
                0x0601e3dc                GFCD_FreeFilt
                0x0601ee18                gfcd_isIdleTask
                0x0601e19c                GFCD_Init
                0x0601f870                gfcd_doSetFiltConTsk
                0x0601e8f4                GFCD_GetStat
                0x0601e9f4                GFCD_MoveSctData
                0x0601e578                GFCD_IsPuOwner
                0x0601f9d8                gfcd_initCdbMng
                0x0601e170                GFCD_SetCdbfs
                0x0601ef44                GFCD_SetTimer
                0x0601fa58                gfcd_setStat
                0x0601e8c4                GFCD_CheckDelSctData
 *fill*         0x0601fb74        0xc 00
 .text          0x0601fb80      0x308 ../sbl6/segalib/lib/sega_sat.a(DMA_SCU0.o)
                0x0601fc04                DMA_ScuStart
                0x0601fd38                DMA_ScuIntFunc0
                0x0601fda8                DMA_ScuIntFunc1
                0x0601fe18                DMA_ScuIntFunc2
                0x0601fcf8                DMA_ScuGetStatus
                0x0601fb80                DMA_ScuSetPrm
 *fill*         0x0601fe88        0x8 00
 .text          0x0601fe90       0xe8 ../sbl6/segalib/lib/sega_sat.a(csh_main.o)
                0x0601fe90                CSH_Init
                0x0601fef8                CSH_AllClr
                0x0601ff44                CSH_Purge
 *fill*         0x0601ff78        0x8 00
 .text          0x0601ff80      0x1b6 ../sbl6/segalib/lib/sega_sat.a(DMA_CPU0.o)
                0x0601ffc8                DMA_CpuSetPrm
                0x060200cc                DMA_CpuStart
                0x06020124                DMA_CpuGetStatus
                0x060200f8                DMA_CpuAllStop
                0x0602010c                DMA_CpuGetComStatus
                0x0601ff80                DMA_CpuSetComPrm
                0x060200e0                DMA_CpuStop
 *fill*         0x06020136        0xa 00
 .text          0x06020140      0x2dc ../sbl6/segalib/lib/sega_sat.a(cdc_reg.o)
                0x06020194                CDREG_ClrHirqReq
                0x06020164                CDC_ClrHirqReq
                0x06020214                CDREG_TgetData
                0x06020204                CDC_GetMpegPtr
                0x060201e0                CDC_GetHirqMsk
                0x06020140                CDC_GetDataPtr
                0x06020150                CDC_GetHirqReq
                0x06020370                CDREG_WaitHirq
                0x060201f4                CDC_SetHirqMsk
                0x06020270                CDREG_CmdRsp
                0x060201a4                CDREG_InitHirqReq
                0x060201cc                CDREG_SetHirqFlag
                0x060203e0                CDREG_ReadRsp
 *fill*         0x0602041c        0x4 00
 .text          0x06020420      0x194 ../sbl6/segalib/lib/sega_sat.a(cdc_cfs.o)
                0x06020420                CDC_ChgDir
                0x06020454                CDC_ReadDir
                0x06020578                CDC_AbortFile
                0x06020488                CDC_GetFileScope
                0x060204e8                CDC_TgetFileInfo
                0x06020544                CDC_ReadFile
 *fill*         0x060205b4        0xc 00
 .text          0x060205c0      0x3a0 ../sbl6/segalib/lib/sega_sat.a(cdc_cmn.o)
                0x06020764                CDC_TgetToc
                0x06020908                CDC_DataEnd
                0x06020628                CDC_GetPeriStat
                0x0602089c                CDC_DataReady
                0x06020874                CDC_CdOpen
                0x060207f0                CDC_CdInit
                0x060207b4                CDC_GetSes
                0x06020610                CDC_GetLastStat
                0x060205c0                CDC_GetCurStat
                0x060206fc                CDC_GetHwInfo
 .text          0x06020960      0x1e4 ../sbl6/segalib/lib/sega_sat.a(cdc_bio.o)
                0x06020a0c                CDC_GetdelSctData
                0x06020994                CDC_GetSctData
                0x06020a48                CDC_PutSctData
                0x06020ac4                CDC_MoveSctData
                0x06020b08                CDC_GetCopyErr
                0x060209d0                CDC_DelSctData
                0x06020960                CDC_SetSctLen
                0x06020a80                CDC_CopySctData
 *fill*         0x06020b44        0xc 00
 .text          0x06020b50      0x2b8 ../sbl6/segalib/lib/sega_sat.a(cdc_sel.o)
                0x06020d80                CDC_GetFiltCon
                0x06020cfc                CDC_GetFiltMode
                0x06020dd4                CDC_ResetSelector
                0x06020b50                CDC_SetFiltRange
                0x06020bdc                CDC_SetFiltSubh
                0x06020c4c                CDC_GetFiltSubh
                0x06020b84                CDC_GetFiltRange
                0x06020cc8                CDC_SetFiltMode
                0x06020d40                CDC_SetFiltCon
 *fill*         0x06020e08        0x8 00
 .text          0x06020e10      0x130 ../sbl6/segalib/lib/sega_sat.a(cdc_drv.o)
                0x06020e10                CDC_CdPlay
                0x06020edc                CDC_CdSeek
                0x06020f10                CDC_CdScan
 .text          0x06020f40      0x270 ../sbl6/segalib/lib/sega_sat.a(cdc_bif.o)
                0x06020f9c                CDC_GetSctNum
                0x0602111c                CDC_ExeFadSearch
                0x0602109c                CDC_GetSctInfo
                0x06020fe0                CDC_CalActSiz
                0x06020f40                CDC_GetBufSiz
                0x0602101c                CDC_GetActSiz
                0x06021154                CDC_GetFadSearch
 .text          0x060211b0       0xa8 ../sbl6/segalib/lib/sega_sat.a(cdc_dev.o)
                0x0602121c                CDC_CdGetLastBuf
                0x060211b0                CDC_CdSetCon
                0x060211e0                CDC_CdGetCon
 *fill*         0x06021258        0x8 00
 .text          0x06021260      0x152 ../sbl6/segalib/lib/sega_sat.a(cdc_sub.o)
                0x06021308                CDSUB_GetCdstat
                0x06021278                CDSUB_UpdCdstat
                0x06021348                CDSUB_RspToCdstat
                0x06021390                CDSUB_SoftTimer
                0x06021260                CDSUB_UpdStatus
                0x06021298                CDSUB_CdCmd
 *fill*         0x060213b2        0xe 00
 .text          0x060213c0       0x60 C:/saturn/SH_COFF/sh-coff/bin/../lib/gcc/sh-coff/3.4-GNUSH_v0501\libgcc.a(_ashiftrt.o)
                0x060213cc                __ashiftrt_r4_27
                0x06021400                __ashiftrt_r4_6
                0x060213f0                __ashiftrt_r4_14
                0x060213e2                __ashiftrt_r4_19
                0x060213fa                __ashiftrt_r4_9
                0x0602140e                __ashiftrt_r4_0
                0x060213c0                __ashiftrt_r4_31
                0x060213ce                __ashiftrt_r4_26
                0x060213dc                __ashiftrt_r4_22
                0x060213e8                __ashiftrt_r4_16
                0x060213f4                __ashiftrt_r4_12
                0x060213c8                __ashiftrt_r4_29
                0x060213e6                __ashiftrt_r4_17
                0x060213c6                __ashiftrt_r4_30
                0x06021402                __ashiftrt_r4_5
                0x060213fc                __ashiftrt_r4_8
                0x060213c0                __ashiftrt_r4_32
                0x060213d0                __ashiftrt_r4_25
                0x06021408                __ashiftrt_r4_2
                0x060213d2                __ashiftrt_r4_24
                0x060213ee                __ashiftrt_r4_15
                0x060213f8                __ashiftrt_r4_10
                0x0602140a                __ashiftrt_r4_1
                0x060213ca                __ashiftrt_r4_28
                0x060213e0                __ashiftrt_r4_20
                0x060213fe                __ashiftrt_r4_7
                0x060213f2                __ashiftrt_r4_13
                0x060213f6                __ashiftrt_r4_11
                0x06021404                __ashiftrt_r4_4
                0x060213da                __ashiftrt_r4_23
                0x060213e4                __ashiftrt_r4_18
                0x060213de                __ashiftrt_r4_21
                0x06021406                __ashiftrt_r4_3
 .text          0x06021420       0x90 C:/saturn/SH_COFF/sh-coff/bin/../lib/gcc/sh-coff/3.4-GNUSH_v0501\libgcc.a(_ashiftlt.o)
                0x06021420                __ashlsi3
 .text          0x060214b0       0xb0 C:/saturn/SH_COFF/sh-coff/bin/../lib/gcc/sh-coff/3.4-GNUSH_v0501\libgcc.a(_movstr.o)
                0x060214f0                __movstrSI16
                0x060214c4                __movstrSI60
                0x060214d0                __movstrSI48
                0x060214cc                __movstrSI52
                0x060214c0                __movstrSI64
                0x060214d4                __movstrSI44
                0x060214d8                __movstrSI40
                0x060214dc                __movstrSI36
                0x06021510                __movstr
                0x060214c8                __movstrSI56
                0x060214e4                __movstrSI28
                0x060214e0                __movstrSI32
                0x060214f4                __movstrSI12
                0x060214f8                __movstrSI8
                0x06021500                __movstrSI0
                0x060214e8                __movstrSI24
                0x060214ec                __movstrSI20
                0x060214fc                __movstrSI4
 .text          0x06021560       0xa0 C:/saturn/SH_COFF/sh-coff/bin/../lib/gcc/sh-coff/3.4-GNUSH_v0501\libgcc.a(__main.o)
                0x060215d4                __main
                0x06021560                __do_global_dtors
                0x06021594                __do_global_ctors
 .text          0x06021600       0x70 C:/saturn/SH_COFF/sh-coff/bin/../lib/gcc/sh-coff/3.4-GNUSH_v0501\libgcc.a(_udivsi3.o)
                0x06021622                __udivsi3
 .text          0x06021670       0xb0 C:/saturn/SH_COFF/sh-coff/bin/../lib/gcc/sh-coff/3.4-GNUSH_v0501\libgcc.a(_si_to_df.o)
                0x06021670                __floatsidf
 .text          0x06021720      0x2e0 C:/saturn/SH_COFF/sh-coff/bin/../lib/gcc/sh-coff/3.4-GNUSH_v0501\libgcc.a(_mul_df.o)
                0x06021730                __muldf3
 .text          0x06021a00       0x80 C:/saturn/SH_COFF/sh-coff/bin/../lib/gcc/sh-coff/3.4-GNUSH_v0501\libgcc.a(_df_to_si.o)
                0x06021a00                __fixdfsi
 .text          0x06021a80       0xa0 C:/saturn/SH_COFF/sh-coff/bin/../lib/gcc/sh-coff/3.4-GNUSH_v0501\libgcc.a(_sdivsi3.o)
                0x06021a80                __sdivsi3
 .text          0x06021b20      0x220 C:/saturn/SH_COFF/sh-coff/bin/../lib/gcc/sh-coff/3.4-GNUSH_v0501\libgcc.a(_pack_df.o)
                0x06021b30                __pack_d
 .text          0x06021d40      0x120 C:/saturn/SH_COFF/sh-coff/bin/../lib/gcc/sh-coff/3.4-GNUSH_v0501\libgcc.a(_unpack_df.o)
                0x06021d50                __unpack_d
 .text          0x06021e60       0x20 C:/saturn/SH_COFF/sh-coff/bin/../lib/gcc/sh-coff/3.4-GNUSH_v0501\libgcc.a(_thenan_df.o)
                0x06021e60                __thenan_df
 .text          0x06021e80       0xd0 C:/saturn/SH_COFF/sh-coff/bin/../lib/gcc/sh-coff/3.4-GNUSH_v0501\libgcc.a(_muldi3.o)
                0x06021e80                __muldi3
 .text          0x06021f50       0x80 C:/saturn/SH_COFF/sh-coff/bin/../lib/gcc/sh-coff/3.4-GNUSH_v0501\libgcc.a(_lshrdi3.o)
                0x06021f50                __lshrdi3
 .text          0x06021fd0       0x80 C:/saturn/SH_COFF/sh-coff/bin/../lib/gcc/sh-coff/3.4-GNUSH_v0501\libgcc.a(_ashldi3.o)
                0x06021fd0                __ashldi3
 .text          0x06022050       0x30 C:/saturn/SH_COFF/sh-coff/bin/../lib/gcc/sh-coff/3.4-GNUSH_v0501\libgcc.a(_mulsi3.o)
                0x06022050                __mulsi3
 .text          0x06022080       0x90 C:/saturn/SH_COFF/sh-coff/bin/../lib/gcc/sh-coff/3.4-GNUSH_v0501\libgcc.a(_lshiftrt.o)
                0x06022080                __lshrsi3
 .text          0x06022110       0xa0 C:/saturn/SH_COFF/sh-coff/bin/../lib/gcc/sh-coff/3.4-GNUSH_v0501/../../../../sh-coff/lib\libc.a(memcpy.o)
                0x06022110                memcpy
 .text          0x060221b0       0x40 C:/saturn/SH_COFF/sh-coff/bin/../lib/gcc/sh-coff/3.4-GNUSH_v0501/../../../../sh-coff/lib\libc.a(memset.o)
                0x060221b0                memset
 .text          0x060221f0       0x60 C:/saturn/SH_COFF/sh-coff/bin/../lib/gcc/sh-coff/3.4-GNUSH_v0501/../../../../sh-coff/lib\libc.a(memcmp.o)
                0x060221f0                memcmp
 .text          0x06022250       0xb0 C:/saturn/SH_COFF/sh-coff/bin/../lib/gcc/sh-coff/3.4-GNUSH_v0501/../../../../sh-coff/lib\libc.a(strncmp.o)
                0x06022250                strncmp
 .text          0x06022300       0xa0 C:/saturn/SH_COFF/sh-coff/bin/../lib/gcc/sh-coff/3.4-GNUSH_v0501/../../../../sh-coff/lib\libc.a(strncpy.o)
                0x06022300                strncpy
 .text          0x060223a0       0x90 C:/saturn/SH_COFF/sh-coff/bin/../lib/gcc/sh-coff/3.4-GNUSH_v0501/../../../../sh-coff/lib\libc.a(atexit.o)
                0x060223a0                atexit
 .text          0x06022430       0x10 C:/saturn/SH_COFF/sh-coff/bin/../lib/gcc/sh-coff/3.4-GNUSH_v0501/../../../../sh-coff/lib\libc.a(impure.o)
                0x06022430                _global_impure_ptr
 .text          0x06022440       0x40 C:/saturn/SH_COFF/sh-coff/bin/../lib/gcc/sh-coff/3.4-GNUSH_v0501/../../../../sh-coff/lib\libc.a(malloc.o)
                0x0602245c                free
                0x06022440                malloc
 .text          0x06022480      0x5b0 C:/saturn/SH_COFF/sh-coff/bin/../lib/gcc/sh-coff/3.4-GNUSH_v0501/../../../../sh-coff/lib\libc.a(mallocr.o)
                0x06022480                _malloc_r
 .text          0x06022a30      0x340 C:/saturn/SH_COFF/sh-coff/bin/../lib/gcc/sh-coff/3.4-GNUSH_v0501/../../../../sh-coff/lib\libc.a(freer.o)
                0x06022a30                _malloc_trim_r
                0x06022b24                _free_r
 .text          0x06022d70       0x20 C:/saturn/SH_COFF/sh-coff/bin/../lib/gcc/sh-coff/3.4-GNUSH_v0501/../../../../sh-coff/lib\libc.a(mlock.o)
                0x06022d70                __malloc_lock
                0x06022d7c                __malloc_unlock
 .text          0x06022d90       0x50 C:/saturn/SH_COFF/sh-coff/bin/../lib/gcc/sh-coff/3.4-GNUSH_v0501/../../../../sh-coff/lib\libc.a(sbrkr.o)
                0x06022d90                _sbrk_r
 .text          0x06022de0      0x380 C:/saturn/SH_COFF/sh-coff/bin/../lib/gcc/sh-coff/3.4-GNUSH_v0501/../../../../sh-coff/lib\libc.a(syscalls.o)
                0x06022f4c                _exit
                0x06022f80                _getpid
                0x06022fe8                _utime
                0x06022e18                _write
                0x06022de0                _read
                0x06022f34                _unlink
                0x06022efc                _open
                0x06022f98                _stat
                0x06022f40                isatty
                0x06023018                _wait
                0x06022f64                _kill
                0x06022fb4                _chmod
                0x06023048                _execv
                0x0602302c                _execve
                0x06023124                __setup_argv_and_call_main
                0x06023080                _gettimeofday
                0x06022e4c                _link
                0x06022f8c                _raise
                0x06022f18                _creat
                0x06023060                _pipe
                0x06022fcc                _chown
                0x06022dfc                _lseek
                0x06022e34                _close
                0x06023074                _times
                0x06022ee8                _fstat
                0x06023004                _fork
                0x06022e74                _sbrk
 .text          0x06023160       0x20 C:/saturn/SH_COFF/sh-coff/bin/../lib/gcc/sh-coff/3.4-GNUSH_v0501/../../../../sh-coff/lib\libc.a(trap.o)
                0x06023160                __trap34
 .text          0x06023180       0x20 C:/saturn/SH_COFF/sh-coff/bin/../lib/gcc/sh-coff/3.4-GNUSH_v0501/../../../../sh-coff/lib\libc.a(abort.o)
                0x06023180                abort
 .text          0x060231a0      0x270 C:/saturn/SH_COFF/sh-coff/bin/../lib/gcc/sh-coff/3.4-GNUSH_v0501/../../../../sh-coff/lib\libc.a(signal.o)
                0x06023260                _raise_r
                0x060233e8                __sigtramp
                0x06023394                raise
                0x060233d0                _init_signal
                0x06023320                __sigtramp_r
                0x060233b0                signal
                0x060231ec                _signal_r
                0x060231a0                _init_signal_r
 .text          0x06023410       0x60 C:/saturn/SH_COFF/sh-coff/bin/../lib/gcc/sh-coff/3.4-GNUSH_v0501/../../../../sh-coff/lib\libc.a(signalr.o)
                0x06023458                _getpid_r
                0x06023410                _kill_r
 *(.strings)

.tors           0x06023470        0x0
                0x06023470                ___ctors = .
 *(.ctors)
                0x06023470                ___ctors_end = .
                0x06023470                ___dtors = .
 *(.dtors)
                0x06023470                ___dtors_end = .

.data           0x06023470     0x15a0
                0x06023470                STARTOF_R = .
 *(.data)
 .data          0x06023470      0x400 ../sbl6/segasmp/per/smpclib/per_x1.o
 .data          0x06023870       0x20 blocks.o
                0x0602387c                tile2_slope
                0x06023870                block_slopes
 .data          0x06023890      0x4c0 graphics.o
                0x060238ea                guy_num
                0x06023d48                bg_num
                0x06023940                bg_pal
                0x060238dc                guy_name
                0x0602389c                guy_pal
                0x06023936                font_height
                0x0602389a                map_width
                0x06023898                map_height
                0x060238e6                guy_width
                0x06023890                map_name
                0x0602392c                font_name
                0x06023d40                bg_name
                0x06023938                font_width
                0x060238e4                guy_height
                0x0602393c                font_num
                0x060238ec                font_pal
                0x060238e8                guy_size
                0x0602393a                font_size
 .data          0x06023d50       0x30 sprite.o
 .data          0x06023d80       0x20 scroll.o
                0x06023d80                CycleTb
                0x06023d90                vram
 .data          0x06023da0      0x400 ../sbl6/segalib/lib/sega_int.a(int.o)
 .data          0x060241a0       0x1c ../sbl6/segalib/lib/sega_spr.a(spr_slv.o)
                0x060241a8                SPR_SlaveParam
                0x060241b8                SPR_SMPC_SF
                0x060241b0                SPR_SMPC_COM
                0x060241ac                SPR_SlaveSHEntry
                0x060241a4                SPR_SlaveState
                0x060241a0                SPR_SlaveCommand
                0x060241b4                SPR_SMPC_RET
 *fill*         0x060241bc        0x4 00
 .data          0x060241c0       0x34 ../sbl6/segalib/lib/sega_spr.a(spr_1c.o)
                0x060241c0                SpInitialFlag
 *fill*         0x060241f4        0xc 00
 .data          0x06024200       0x1c ../sbl6/segalib/lib/sega_scl.a(scl_vblv.o)
                0x06024208                VBInterval
                0x06024210                ReqDisplayFlag
                0x06024200                SpFrameChgMode
                0x0602420c                VBIntervalCounter
                0x06024204                SpFrameEraseMode
 *fill*         0x0602421c        0x4 00
 .data          0x06024220       0x36 ../sbl6/segalib/lib/sega_scl.a(scl_func.o)
                0x06024230                SclRotregBuff
                0x0602422c                SclDisplayY
                0x06024234                SclRotateTableMode
                0x06024228                SclProcess
                0x06024224                SclCurSclNum
                0x06024220                SclLengthLsTbl
                0x0602422a                SclDisplayX
                0x06024222                SclLengthCsTbl
 *fill*         0x06024256        0xa 00
 .data          0x06024260       0x18 ../sbl6/segalib/lib/sega_scl.a(scl_pri.o)
                0x06024264                SclRealSpPriNum
                0x06024274                SclRealColOffset
                0x06024270                SclRealBgColMix
                0x0602426c                SclRealSpColMix
                0x06024268                SclRealBgPriNum
                0x06024260                SclRealOtherPri
 *fill*         0x06024278        0x8 00
 .data          0x06024280      0x380 C:/saturn/SH_COFF/sh-coff/bin/../lib/gcc/sh-coff/3.4-GNUSH_v0501/../../../../sh-coff/lib\libc.a(impure.o)
                0x060245fc                _impure_ptr
 .data          0x06024600      0x410 C:/saturn/SH_COFF/sh-coff/bin/../lib/gcc/sh-coff/3.4-GNUSH_v0501/../../../../sh-coff/lib\libc.a(mallocr.o)
                0x06024608                __malloc_av_
                0x06024604                __malloc_trim_threshold
                0x06024600                __malloc_sbrk_base
                0x06024a10                SIZEOF_R = (. - STARTOF_R)
                0x06024a10                ENDOF_R = .

.bss            0x06024a10     0x8c44
                0x06024a10                STARTOF_B = .
 *(.bss)
 .bss           0x06024a10       0x10 vblank.o
                0x06024a14                PadData2E
                0x06024a1a                PadData1
                0x06024a16                PadData2
                0x06024a18                PadData1E
                0x06024a10                __port
 .bss           0x06024a20       0xd0 ../sbl6/segasmp/per/smpclib/per_x2.o
 .bss           0x06024af0     0x3800 sprite.o
                0x06024af0                num_sprites
 .bss           0x060282f0       0x50 scroll.o
                0x0602830c                map_tiles_x
                0x06028314                scrolls_y
                0x060282f0                scroll_transition_state
                0x060282f4                scroll_ysize
                0x06028304                map_tiles_y
                0x060282fc                copy_modes
                0x06028324                scrolls_x
                0x060282f8                scroll_xsize
 .bss           0x06028340       0x10 main.o
                0x06028340                frame
 .bss           0x06028350       0x6e ../sbl6/segalib/lib/sega_spr.a(spr_2c.o)
 *fill*         0x060283be        0x2 00
 .bss           0x060283c0        0x4 ../sbl6/segalib/lib/sega_scl.a(scl_vblv.o)
 *fill*         0x060283c4        0xc 00
 .bss           0x060283d0        0x4 ../sbl6/segalib/lib/sega_scl.a(scl_func.o)
 *fill*         0x060283d4        0xc 00
 .bss           0x060283e0       0x48 ../sbl6/segalib/lib/sega_scl.a(scl_ro00.o)
 *fill*         0x06028428        0x8 00
 .bss           0x06028430       0x9c ../sbl6/segalib/lib/sega_per.a(per_prt.o)
 *fill*         0x060284cc        0x4 00
 .bss           0x060284d0        0xc ../sbl6/segalib/lib/sega_sat.a(DMA_SCU1.o)
 *fill*         0x060284dc        0x4 00
 .bss           0x060284e0        0xc ../sbl6/segalib/lib/sega_sat.a(gfs_trn.o)
 *fill*         0x060284ec        0x4 00
 .bss           0x060284f0       0x20 ../sbl6/segalib/lib/sega_sat.a(DMA_SCU0.o)
 .bss           0x06028510        0x2 ../sbl6/segalib/lib/sega_sat.a(cdc_reg.o)
 *fill*         0x06028512        0xe 00
 .bss           0x06028520        0xc ../sbl6/segalib/lib/sega_sat.a(cdc_sub.o)
 *fill*         0x0602852c        0x4 00
 .bss           0x06028530       0x10 C:/saturn/SH_COFF/sh-coff/bin/../lib/gcc/sh-coff/3.4-GNUSH_v0501\libgcc.a(__main.o)
 .bss           0x06028540       0x10 C:/saturn/SH_COFF/sh-coff/bin/../lib/gcc/sh-coff/3.4-GNUSH_v0501/../../../../sh-coff/lib\libc.a(atexit.o)
 .bss           0x06028550       0x40 C:/saturn/SH_COFF/sh-coff/bin/../lib/gcc/sh-coff/3.4-GNUSH_v0501/../../../../sh-coff/lib\libc.a(mallocr.o)
                0x06028580                __malloc_top_pad
                0x06028550                __malloc_current_mallinfo
                0x0602857c                __malloc_max_sbrked_mem
                0x06028578                __malloc_max_total_mem
 .bss           0x06028590       0x10 C:/saturn/SH_COFF/sh-coff/bin/../lib/gcc/sh-coff/3.4-GNUSH_v0501/../../../../sh-coff/lib\libc.a(syscalls.o)
 *(COMMON)
 COMMON         0x060285a0     0x1674 cd.o
                                  0x0 (size before relaxing)
                0x060285a0                dirname
                0x06028f00                lib_work
                0x06029c08                directory_table
 *fill*         0x06029c14        0xc 00
 COMMON         0x06029c20       0x38 player.o
                                  0x0 (size before relaxing)
                0x06029c20                player
 *fill*         0x06029c58        0x8 00
 COMMON         0x06029c60      0x8c0 print.o
                                  0x0 (size before relaxing)
                0x06029c60                text
 COMMON         0x0602a520     0x1460 sprite.o
                                  0x0 (size before relaxing)
                0x0602a520                sprites
                0x0602a980                image_buf
 COMMON         0x0602b980      0x24c scroll.o
                                  0x0 (size before relaxing)
                0x0602b980                scfg3
                0x0602ba10                scfg0
                0x0602baa0                maps
                0x0602bab0                scfg2
                0x0602bb40                scfg1
 *fill*         0x0602bbcc        0x4 00
 COMMON         0x0602bbd0        0x8 main.o
                                  0x0 (size before relaxing)
                0x0602bbd0                buf
 *fill*         0x0602bbd8        0x8 00
 COMMON         0x0602bbe0      0x400 ../sbl6/segalib/lib/sega_int.a(int.o)
                                  0x0 (size before relaxing)
                0x0602bbe0                __interrupt_vector
 COMMON         0x0602bfe0       0x50 ../sbl6/segalib/lib/sega_spr.a(spr_2c.o)
                                  0x0 (size before relaxing)
                0x0602bfe0                SpMstCmd
                0x0602bfe4                Sp2OpenFlag
                0x0602bfe8                SpGourTblMax
                0x0602bfec                SpDrawPrtyBlk
                0x0602bff0                SpLCoordX
                0x0602bff4                SpMstDrawPrtyBlk
                0x0602bff8                SpGourTbl
                0x0602bffc                SpLookupTblR
                0x0602c000                SpCmdTbl
                0x0602c004                SpCharMax
                0x0602c008                SpDrawPrtyProcFlag
                0x0602c00c                SpCmdNo
                0x0602c010                SpDrawPrtyBlkMax
                0x0602c014                SpSlvCmdPos
                0x0602c018                SpSlvDrawPrtyBlk
                0x0602c01c                SpCharTbl
                0x0602c020                SpCmdTblR
                0x0602c024                SpMstCmdPos
                0x0602c028                SpSlvCmd
                0x0602c02c                SpLCoordY
 COMMON         0x0602c030       0x10 ../sbl6/segalib/lib/sega_spr.a(spr_1c.o)
                                  0x0 (size before relaxing)
                0x0602c030                SpScreenY
                0x0602c034                SpFbcrMode
                0x0602c036                SpDil
                0x0602c038                SpDie
                0x0602c03a                SpTvMode
                0x0602c03c                SpScreenX
 COMMON         0x0602c040      0xf00 ../sbl6/segalib/lib/sega_scl.a(scl_func.o)
                                  0x0 (size before relaxing)
                0x0602c040                SclRbgKtbAddr
                0x0602c048                SclRb
                0x0602c04a                Scl_flag
                0x0602c050                SclK_TableBuff
                0x0602cd20                SclAddrCsTbl
                0x0602cd30                Scl_s_reg
                0x0602cd58                SclRotateXy
                0x0602cd60                Scl_d_reg
                0x0602cda8                SclRotateDisp
                0x0602cdb0                SclRotateMoveZ
                0x0602cdb8                SclRotXySw
                0x0602cdc0                Scl_r_reg
                0x0602cdd0                SclRPMD
                0x0602cdd8                SclRbgKtbOffset
                0x0602cde0                _SclRotregBuff
                0x0602ceb0                SclRa
                0x0602ceb8                SclRotateZ
                0x0602cec0                SclAddrLsTbl
                0x0602cec8                SclK_TableNum
                0x0602ced0                SclRotateTableAddress
                0x0602ced4                SclK_TableFlag
                0x0602cee0                Scl_w_reg
                0x0602cf00                Scl_n_reg
 COMMON         0x0602cf40      0x6b0 ../sbl6/segalib/lib/sega_scl.a(scl_pri.o)
                                  0x0 (size before relaxing)
                0x0602cf40                SclAutoEndBlue2
                0x0602cf50                SclColOffset
                0x0602cf60                SclPriBuffDirty
                0x0602cf62                SclAutoEndRed
                0x0602cf64                SclAutoSurface
                0x0602cf68                SclAutoGreen
                0x0602cf6a                SclAutoEndGreen
                0x0602cf6c                SclAutoCount
                0x0602cf70                SclColRamAlloc256
                0x0602cf90                SclAutoCurRate
                0x0602cf91                SclAutoPlusFlag
                0x0602cf98                SclSpColMix
                0x0602cfa0                SclAutoMax
                0x0602cfa4                SclLineColRamOffset
                0x0602cfa8                SclColRamAlloc2048
                0x0602cfac                SclBgPriNum
                0x0602cfb2                SclAutoEndBlue
                0x0602cfb4                SclAutoEndGreen2
                0x0602cfb6                SclAutoVeFlag
                0x0602cfb8                SclBgColMix
                0x0602cfc0                SclAutoIndex
                0x0602cfc4                SclAutoEndRate
                0x0602cfc6                SclAutoBlue
                0x0602cfc8                SclAutoRed
                0x0602cfcc                SclAutoInterval
                0x0602cfd0                SclOtherPri
                0x0602cfe0                SclAutoRGB
                0x0602d5e0                SclAutoEndRed2
                0x0602d5e8                SclSpPriNum
 COMMON         0x0602d5f0       0x10 ../sbl6/segalib/lib/sega_scl.a(scl_ro00.o)
                                  0x0 (size before relaxing)
                0x0602d5f0                SclCsx
                0x0602d5f8                SclCsy
 COMMON         0x0602d600       0x15 ../sbl6/segalib/lib/sega_per.a(per_prt.o)
                                  0x0 (size before relaxing)
                0x0602d600                per_get_time_flg
                0x0602d601                per_hot_res
                0x0602d602                per_set_sys_flg
                0x0602d604                per_get_time_adr
                0x0602d608                per_get_sys_data
                0x0602d614                per_time_out_flg
 *fill*         0x0602d615        0xb 00
 COMMON         0x0602d620        0xc ../sbl6/segalib/lib/sega_sat.a(gfs.o)
                                  0x0 (size before relaxing)
                0x0602d620                GFMC_base
                0x0602d624                gfs_mng_ptr
                0x0602d628                gfs_use_scudma
 *fill*         0x0602d62c        0x4 00
 COMMON         0x0602d630        0x8 ../sbl6/segalib/lib/sega_sat.a(gfs_cdf.o)
                                  0x0 (size before relaxing)
                0x0602d630                gfcf_fad
                0x0602d634                gfcf_stat
 *fill*         0x0602d638        0x8 00
 COMMON         0x0602d640        0xc ../sbl6/segalib/lib/sega_sat.a(gfs_cdc.o)
                                  0x0 (size before relaxing)
                0x0602d640                gfcd_fatal_err
                0x0602d644                gfcd_work
                0x0602d648                gfcd_playflag
 *fill*         0x0602d64c        0x4 00
 COMMON         0x0602d650        0x4 C:/saturn/SH_COFF/sh-coff/bin/../lib/gcc/sh-coff/3.4-GNUSH_v0501/../../../../sh-coff/lib\libc.a(syscalls.o)
                                  0x0 (size before relaxing)
                0x0602d650                errno
                0x0602d654                SIZEOF_B = (. - STARTOF_B)
                0x0602d654                ENDOF_B = .
                0x0602d654                _end = .
OUTPUT(main.cof coff-sh)

.comment        0x0602d660      0x4a0
 .comment       0x0602d660       0x20 ../sbl6/segasmp/lib/strt2_g.o
 .comment       0x0602d680       0x20 vblank.o
 .comment       0x0602d6a0       0x20 ../sbl6/segasmp/per/smpclib/per_x1.o
 .comment       0x0602d6c0       0x20 ../sbl6/segasmp/per/smpclib/per_x2.o
 .comment       0x0602d6e0       0x20 blocks.o
 .comment       0x0602d700       0x20 cd.o
 .comment       0x0602d720       0x20 collision.o
 .comment       0x0602d740       0x20 graphics.o
 .comment       0x0602d760       0x20 player.o
 .comment       0x0602d780       0x20 print.o
 .comment       0x0602d7a0       0x20 sprite.o
 .comment       0x0602d7c0       0x20 scroll.o
 .comment       0x0602d7e0       0x20 main.o
 .comment       0x0602d800       0x20 C:/saturn/SH_COFF/sh-coff/bin/../lib/gcc/sh-coff/3.4-GNUSH_v0501\libgcc.a(__main.o)
 .comment       0x0602d820       0x20 C:/saturn/SH_COFF/sh-coff/bin/../lib/gcc/sh-coff/3.4-GNUSH_v0501\libgcc.a(_si_to_df.o)
 .comment       0x0602d840       0x20 C:/saturn/SH_COFF/sh-coff/bin/../lib/gcc/sh-coff/3.4-GNUSH_v0501\libgcc.a(_mul_df.o)
 .comment       0x0602d860       0x20 C:/saturn/SH_COFF/sh-coff/bin/../lib/gcc/sh-coff/3.4-GNUSH_v0501\libgcc.a(_df_to_si.o)
 .comment       0x0602d880       0x20 C:/saturn/SH_COFF/sh-coff/bin/../lib/gcc/sh-coff/3.4-GNUSH_v0501\libgcc.a(_pack_df.o)
 .comment       0x0602d8a0       0x20 C:/saturn/SH_COFF/sh-coff/bin/../lib/gcc/sh-coff/3.4-GNUSH_v0501\libgcc.a(_unpack_df.o)
 .comment       0x0602d8c0       0x20 C:/saturn/SH_COFF/sh-coff/bin/../lib/gcc/sh-coff/3.4-GNUSH_v0501\libgcc.a(_thenan_df.o)
 .comment       0x0602d8e0       0x20 C:/saturn/SH_COFF/sh-coff/bin/../lib/gcc/sh-coff/3.4-GNUSH_v0501\libgcc.a(_muldi3.o)
 .comment       0x0602d900       0x20 C:/saturn/SH_COFF/sh-coff/bin/../lib/gcc/sh-coff/3.4-GNUSH_v0501\libgcc.a(_lshrdi3.o)
 .comment       0x0602d920       0x20 C:/saturn/SH_COFF/sh-coff/bin/../lib/gcc/sh-coff/3.4-GNUSH_v0501\libgcc.a(_ashldi3.o)
 .comment       0x0602d940       0x20 C:/saturn/SH_COFF/sh-coff/bin/../lib/gcc/sh-coff/3.4-GNUSH_v0501/../../../../sh-coff/lib\libc.a(memcmp.o)
 .comment       0x0602d960       0x20 C:/saturn/SH_COFF/sh-coff/bin/../lib/gcc/sh-coff/3.4-GNUSH_v0501/../../../../sh-coff/lib\libc.a(strncmp.o)
 .comment       0x0602d980       0x20 C:/saturn/SH_COFF/sh-coff/bin/../lib/gcc/sh-coff/3.4-GNUSH_v0501/../../../../sh-coff/lib\libc.a(strncpy.o)
 .comment       0x0602d9a0       0x20 C:/saturn/SH_COFF/sh-coff/bin/../lib/gcc/sh-coff/3.4-GNUSH_v0501/../../../../sh-coff/lib\libc.a(atexit.o)
 .comment       0x0602d9c0       0x20 C:/saturn/SH_COFF/sh-coff/bin/../lib/gcc/sh-coff/3.4-GNUSH_v0501/../../../../sh-coff/lib\libc.a(impure.o)
 .comment       0x0602d9e0       0x20 C:/saturn/SH_COFF/sh-coff/bin/../lib/gcc/sh-coff/3.4-GNUSH_v0501/../../../../sh-coff/lib\libc.a(malloc.o)
 .comment       0x0602da00       0x20 C:/saturn/SH_COFF/sh-coff/bin/../lib/gcc/sh-coff/3.4-GNUSH_v0501/../../../../sh-coff/lib\libc.a(mallocr.o)
 .comment       0x0602da20       0x20 C:/saturn/SH_COFF/sh-coff/bin/../lib/gcc/sh-coff/3.4-GNUSH_v0501/../../../../sh-coff/lib\libc.a(freer.o)
 .comment       0x0602da40       0x20 C:/saturn/SH_COFF/sh-coff/bin/../lib/gcc/sh-coff/3.4-GNUSH_v0501/../../../../sh-coff/lib\libc.a(mlock.o)
 .comment       0x0602da60       0x20 C:/saturn/SH_COFF/sh-coff/bin/../lib/gcc/sh-coff/3.4-GNUSH_v0501/../../../../sh-coff/lib\libc.a(sbrkr.o)
 .comment       0x0602da80       0x20 C:/saturn/SH_COFF/sh-coff/bin/../lib/gcc/sh-coff/3.4-GNUSH_v0501/../../../../sh-coff/lib\libc.a(syscalls.o)
 .comment       0x0602daa0       0x20 C:/saturn/SH_COFF/sh-coff/bin/../lib/gcc/sh-coff/3.4-GNUSH_v0501/../../../../sh-coff/lib\libc.a(abort.o)
 .comment       0x0602dac0       0x20 C:/saturn/SH_COFF/sh-coff/bin/../lib/gcc/sh-coff/3.4-GNUSH_v0501/../../../../sh-coff/lib\libc.a(signal.o)
 .comment       0x0602dae0       0x20 C:/saturn/SH_COFF/sh-coff/bin/../lib/gcc/sh-coff/3.4-GNUSH_v0501/../../../../sh-coff/lib\libc.a(signalr.o)
