Archive member included because of file (symbol)

../sbl6/segalib/lib/sega_int.a(int.o)
                              ../sbl6/segasmp/v_blank/set_vb.o (INT_SetScuFunc)
../sbl6/segalib/lib/sega_int.a(int_trmp.o)
                              ../sbl6/segalib/lib/sega_int.a(int.o) (__interrupt_handler0)
../sbl6/segalib/lib/sega_spr.a(spr_2c.o)
                              main.o (SPR_2Initial)
../sbl6/segalib/lib/sega_spr.a(spr_slv.o)
                              ../sbl6/segalib/lib/sega_spr.a(spr_2c.o) (SPR_InitSlaveSH)
../sbl6/segalib/lib/sega_spr.a(spr_1c.o)
                              ../sbl6/segalib/lib/sega_spr.a(spr_2c.o) (SPR_Initial)
../sbl6/segalib/lib/sega_spr.a(spr_2a.o)
                              ../sbl6/segalib/lib/sega_spr.a(spr_2c.o) (SPR_2SetDrawPrty)
../sbl6/segalib/lib/sega_scl.a(scl_vblv.o)
                              ../sbl6/segalib/lib/sega_spr.a(spr_1c.o) (SpFrameChgMode)
../sbl6/segalib/lib/sega_scl.a(scl_func.o)
                              main.o (SCL_Vdp2Init)
../sbl6/segalib/lib/sega_scl.a(scl_back.o)
                              main.o (SCL_SetBack)
../sbl6/segalib/lib/sega_scl.a(scl_pr03.o)
                              main.o (SCL_AllocColRam)
../sbl6/segalib/lib/sega_scl.a(scl_pr02.o)
                              main.o (SCL_SetColRam)
../sbl6/segalib/lib/sega_scl.a(scl_fu03.o)
                              main.o (SCL_InitConfigTb)
../sbl6/segalib/lib/sega_scl.a(scl_fu04.o)
                              main.o (SCL_SetCycleTable)
../sbl6/segalib/lib/sega_scl.a(scl_pr07.o)
                              main.o (SCL_SetPriority)
../sbl6/segalib/lib/sega_scl.a(scl_pr01.o)
                              main.o (SCL_SetSpriteMode)
../sbl6/segalib/lib/sega_scl.a(scl_pri.o)
                              ../sbl6/segalib/lib/sega_scl.a(scl_func.o) (SclRealOtherPri)
../sbl6/segalib/lib/sega_scl.a(scl_ro00.o)
                              ../sbl6/segalib/lib/sega_scl.a(scl_func.o) (SCL_Rotate)
../sbl6/segalib/lib/sega_scl.a(scl_pr06.o)
                              ../sbl6/segalib/lib/sega_scl.a(scl_pr03.o) (SCL_SetColRamOffset)
../sbl6/segalib/lib/sega_scl.a(scl_pr05.o)
                              ../sbl6/segalib/lib/sega_scl.a(scl_pr02.o) (SCL_GetColRamOffset)
../sbl6/segalib/lib/sega_mth.a(mth_fixd.o)
                              sprite.o (MTH_Mul)
../sbl6/segalib/lib/sega_mth.a(mth_tri.o)
                              sprite.o (MTH_Sin)
../sbl6/segalib/lib/sega_per.a(per_prt.o)
                              ../sbl6/segasmp/per/smpclib/per_x2.o (PER_LInit)
../sbl6/segalib/lib/sega_sat.a(DMA_SCU1.o)
                              ../sbl6/segalib/lib/sega_spr.a(spr_2c.o) (DMA_ScuMemCopy)
../sbl6/segalib/lib/sega_sat.a(DMA_SCU0.o)
                              ../sbl6/segalib/lib/sega_sat.a(DMA_SCU1.o) (DMA_ScuSetPrm)
../sbl6/segalib/lib/sega_sat.a(csh_main.o)
                              ../sbl6/segalib/lib/sega_sat.a(DMA_SCU1.o) (CSH_Purge)
c:/saturn/SH_COFF/sh-coff/bin/../lib/gcc/sh-coff/3.4-GNUSH_v0501\libgcc.a(__main.o)
                              main.o (__main)
c:/saturn/SH_COFF/sh-coff/bin/../lib/gcc/sh-coff/3.4-GNUSH_v0501\libgcc.a(_udivsi3.o)
                              ../sbl6/segalib/lib/sega_scl.a(scl_fu03.o) (__udivsi3)
c:/saturn/SH_COFF/sh-coff/bin/../lib/gcc/sh-coff/3.4-GNUSH_v0501\libgcc.a(_ashiftlt.o)
                              ../sbl6/segalib/lib/sega_scl.a(scl_fu03.o) (__ashlsi3)
c:/saturn/SH_COFF/sh-coff/bin/../lib/gcc/sh-coff/3.4-GNUSH_v0501\libgcc.a(_ashiftrt.o)
                              ../sbl6/segalib/lib/sega_scl.a(scl_ro00.o) (__ashiftrt_r4_6)
c:/saturn/SH_COFF/sh-coff/bin/../lib/gcc/sh-coff/3.4-GNUSH_v0501\libgcc.a(_si_to_df.o)
                              ../sbl6/segalib/lib/sega_scl.a(scl_ro00.o) (__floatsidf)
c:/saturn/SH_COFF/sh-coff/bin/../lib/gcc/sh-coff/3.4-GNUSH_v0501\libgcc.a(_mul_df.o)
                              ../sbl6/segalib/lib/sega_scl.a(scl_ro00.o) (__muldf3)
c:/saturn/SH_COFF/sh-coff/bin/../lib/gcc/sh-coff/3.4-GNUSH_v0501\libgcc.a(_df_to_si.o)
                              ../sbl6/segalib/lib/sega_scl.a(scl_ro00.o) (__fixdfsi)
c:/saturn/SH_COFF/sh-coff/bin/../lib/gcc/sh-coff/3.4-GNUSH_v0501\libgcc.a(_pack_df.o)
                              c:/saturn/SH_COFF/sh-coff/bin/../lib/gcc/sh-coff/3.4-GNUSH_v0501\libgcc.a(_si_to_df.o) (__pack_d)
c:/saturn/SH_COFF/sh-coff/bin/../lib/gcc/sh-coff/3.4-GNUSH_v0501\libgcc.a(_unpack_df.o)
                              c:/saturn/SH_COFF/sh-coff/bin/../lib/gcc/sh-coff/3.4-GNUSH_v0501\libgcc.a(_mul_df.o) (__unpack_d)
c:/saturn/SH_COFF/sh-coff/bin/../lib/gcc/sh-coff/3.4-GNUSH_v0501\libgcc.a(_thenan_df.o)
                              c:/saturn/SH_COFF/sh-coff/bin/../lib/gcc/sh-coff/3.4-GNUSH_v0501\libgcc.a(_mul_df.o) (__thenan_df)
c:/saturn/SH_COFF/sh-coff/bin/../lib/gcc/sh-coff/3.4-GNUSH_v0501\libgcc.a(_muldi3.o)
                              c:/saturn/SH_COFF/sh-coff/bin/../lib/gcc/sh-coff/3.4-GNUSH_v0501\libgcc.a(_mul_df.o) (__muldi3)
c:/saturn/SH_COFF/sh-coff/bin/../lib/gcc/sh-coff/3.4-GNUSH_v0501\libgcc.a(_lshrdi3.o)
                              c:/saturn/SH_COFF/sh-coff/bin/../lib/gcc/sh-coff/3.4-GNUSH_v0501\libgcc.a(_df_to_si.o) (__lshrdi3)
c:/saturn/SH_COFF/sh-coff/bin/../lib/gcc/sh-coff/3.4-GNUSH_v0501\libgcc.a(_ashldi3.o)
                              c:/saturn/SH_COFF/sh-coff/bin/../lib/gcc/sh-coff/3.4-GNUSH_v0501\libgcc.a(_pack_df.o) (__ashldi3)
c:/saturn/SH_COFF/sh-coff/bin/../lib/gcc/sh-coff/3.4-GNUSH_v0501\libgcc.a(_mulsi3.o)
                              c:/saturn/SH_COFF/sh-coff/bin/../lib/gcc/sh-coff/3.4-GNUSH_v0501\libgcc.a(_muldi3.o) (__mulsi3)
c:/saturn/SH_COFF/sh-coff/bin/../lib/gcc/sh-coff/3.4-GNUSH_v0501\libgcc.a(_lshiftrt.o)
                              c:/saturn/SH_COFF/sh-coff/bin/../lib/gcc/sh-coff/3.4-GNUSH_v0501\libgcc.a(_lshrdi3.o) (__lshrsi3)
c:/saturn/SH_COFF/sh-coff/bin/../lib/gcc/sh-coff/3.4-GNUSH_v0501/../../../../sh-coff/lib\libc.a(memcpy.o)
                              main.o (memcpy)
c:/saturn/SH_COFF/sh-coff/bin/../lib/gcc/sh-coff/3.4-GNUSH_v0501/../../../../sh-coff/lib\libc.a(memset.o)
                              ../sbl6/segalib/lib/sega_spr.a(spr_2c.o) (memset)
c:/saturn/SH_COFF/sh-coff/bin/../lib/gcc/sh-coff/3.4-GNUSH_v0501/../../../../sh-coff/lib\libc.a(atexit.o)
                              c:/saturn/SH_COFF/sh-coff/bin/../lib/gcc/sh-coff/3.4-GNUSH_v0501\libgcc.a(__main.o) (atexit)
c:/saturn/SH_COFF/sh-coff/bin/../lib/gcc/sh-coff/3.4-GNUSH_v0501/../../../../sh-coff/lib\libc.a(impure.o)
                              c:/saturn/SH_COFF/sh-coff/bin/../lib/gcc/sh-coff/3.4-GNUSH_v0501/../../../../sh-coff/lib\libc.a(atexit.o) (_impure_ptr)
c:/saturn/SH_COFF/sh-coff/bin/../lib/gcc/sh-coff/3.4-GNUSH_v0501/../../../../sh-coff/lib\libc.a(malloc.o)
                              c:/saturn/SH_COFF/sh-coff/bin/../lib/gcc/sh-coff/3.4-GNUSH_v0501/../../../../sh-coff/lib\libc.a(atexit.o) (malloc)
c:/saturn/SH_COFF/sh-coff/bin/../lib/gcc/sh-coff/3.4-GNUSH_v0501/../../../../sh-coff/lib\libc.a(mallocr.o)
                              c:/saturn/SH_COFF/sh-coff/bin/../lib/gcc/sh-coff/3.4-GNUSH_v0501/../../../../sh-coff/lib\libc.a(malloc.o) (_malloc_r)
c:/saturn/SH_COFF/sh-coff/bin/../lib/gcc/sh-coff/3.4-GNUSH_v0501/../../../../sh-coff/lib\libc.a(freer.o)
                              c:/saturn/SH_COFF/sh-coff/bin/../lib/gcc/sh-coff/3.4-GNUSH_v0501/../../../../sh-coff/lib\libc.a(malloc.o) (_free_r)
c:/saturn/SH_COFF/sh-coff/bin/../lib/gcc/sh-coff/3.4-GNUSH_v0501/../../../../sh-coff/lib\libc.a(mlock.o)
                              c:/saturn/SH_COFF/sh-coff/bin/../lib/gcc/sh-coff/3.4-GNUSH_v0501/../../../../sh-coff/lib\libc.a(mallocr.o) (__malloc_lock)
c:/saturn/SH_COFF/sh-coff/bin/../lib/gcc/sh-coff/3.4-GNUSH_v0501/../../../../sh-coff/lib\libc.a(sbrkr.o)
                              c:/saturn/SH_COFF/sh-coff/bin/../lib/gcc/sh-coff/3.4-GNUSH_v0501/../../../../sh-coff/lib\libc.a(mallocr.o) (_sbrk_r)
c:/saturn/SH_COFF/sh-coff/bin/../lib/gcc/sh-coff/3.4-GNUSH_v0501/../../../../sh-coff/lib\libc.a(syscalls.o)
                              c:/saturn/SH_COFF/sh-coff/bin/../lib/gcc/sh-coff/3.4-GNUSH_v0501/../../../../sh-coff/lib\libc.a(sbrkr.o) (_sbrk)
c:/saturn/SH_COFF/sh-coff/bin/../lib/gcc/sh-coff/3.4-GNUSH_v0501/../../../../sh-coff/lib\libc.a(trap.o)
                              c:/saturn/SH_COFF/sh-coff/bin/../lib/gcc/sh-coff/3.4-GNUSH_v0501/../../../../sh-coff/lib\libc.a(syscalls.o) (__trap34)
c:/saturn/SH_COFF/sh-coff/bin/../lib/gcc/sh-coff/3.4-GNUSH_v0501/../../../../sh-coff/lib\libc.a(abort.o)
                              c:/saturn/SH_COFF/sh-coff/bin/../lib/gcc/sh-coff/3.4-GNUSH_v0501/../../../../sh-coff/lib\libc.a(syscalls.o) (abort)
c:/saturn/SH_COFF/sh-coff/bin/../lib/gcc/sh-coff/3.4-GNUSH_v0501/../../../../sh-coff/lib\libc.a(signal.o)
                              c:/saturn/SH_COFF/sh-coff/bin/../lib/gcc/sh-coff/3.4-GNUSH_v0501/../../../../sh-coff/lib\libc.a(abort.o) (raise)
c:/saturn/SH_COFF/sh-coff/bin/../lib/gcc/sh-coff/3.4-GNUSH_v0501/../../../../sh-coff/lib\libc.a(signalr.o)
                              c:/saturn/SH_COFF/sh-coff/bin/../lib/gcc/sh-coff/3.4-GNUSH_v0501/../../../../sh-coff/lib\libc.a(signal.o) (_kill_r)

Allocating common symbols
Common symbol       size              file

SclRbgKtbAddr       0x8               ../sbl6/segalib/lib/sega_scl.a(scl_func.o)
SpMstCmd            0x4               ../sbl6/segalib/lib/sega_spr.a(spr_2c.o)
SclRb               0x1               ../sbl6/segalib/lib/sega_scl.a(scl_func.o)
Scl_flag            0x2               ../sbl6/segalib/lib/sega_scl.a(scl_func.o)
per_get_time_flg    0x1               ../sbl6/segalib/lib/sega_per.a(per_prt.o)
SpScreenY           0x4               ../sbl6/segalib/lib/sega_spr.a(spr_1c.o)
SclK_TableBuff      0xcd0             ../sbl6/segalib/lib/sega_scl.a(scl_func.o)
SclAutoEndBlue2     0x2               ../sbl6/segalib/lib/sega_scl.a(scl_pri.o)
SpFbcrMode          0x2               ../sbl6/segalib/lib/sega_spr.a(spr_1c.o)
Sp2OpenFlag         0x4               ../sbl6/segalib/lib/sega_spr.a(spr_2c.o)
SclColOffset        0x10              ../sbl6/segalib/lib/sega_scl.a(scl_pri.o)
SclAddrCsTbl        0x8               ../sbl6/segalib/lib/sega_scl.a(scl_func.o)
SclPriBuffDirty     0x1               ../sbl6/segalib/lib/sega_scl.a(scl_pri.o)
SclAutoEndRed       0x2               ../sbl6/segalib/lib/sega_scl.a(scl_pri.o)
SclAutoSurface      0x4               ../sbl6/segalib/lib/sega_scl.a(scl_pri.o)
__interrupt_vector  0x400             ../sbl6/segalib/lib/sega_int.a(int.o)
per_hot_res         0x1               ../sbl6/segalib/lib/sega_per.a(per_prt.o)
SclCsx              0x8               ../sbl6/segalib/lib/sega_scl.a(scl_ro00.o)
Scl_s_reg           0x28              ../sbl6/segalib/lib/sega_scl.a(scl_func.o)
SclAutoGreen        0x2               ../sbl6/segalib/lib/sega_scl.a(scl_pri.o)
SclAutoEndGreen     0x2               ../sbl6/segalib/lib/sega_scl.a(scl_pri.o)
SclAutoCount        0x4               ../sbl6/segalib/lib/sega_scl.a(scl_pri.o)
SpGourTblMax        0x4               ../sbl6/segalib/lib/sega_spr.a(spr_2c.o)
SclColRamAlloc256   0x20              ../sbl6/segalib/lib/sega_scl.a(scl_pri.o)
SclRotateXy         0x8               ../sbl6/segalib/lib/sega_scl.a(scl_func.o)
SpDrawPrtyBlk       0x4               ../sbl6/segalib/lib/sega_spr.a(spr_2c.o)
SclAutoCurRate      0x1               ../sbl6/segalib/lib/sega_scl.a(scl_pri.o)
SpLCoordX           0x4               ../sbl6/segalib/lib/sega_spr.a(spr_2c.o)
SpMstDrawPrtyBlk    0x4               ../sbl6/segalib/lib/sega_spr.a(spr_2c.o)
SclAutoPlusFlag     0x1               ../sbl6/segalib/lib/sega_scl.a(scl_pri.o)
per_set_sys_flg     0x1               ../sbl6/segalib/lib/sega_per.a(per_prt.o)
Scl_d_reg           0x48              ../sbl6/segalib/lib/sega_scl.a(scl_func.o)
SclRotateDisp       0x8               ../sbl6/segalib/lib/sega_scl.a(scl_func.o)
SpGourTbl           0x4               ../sbl6/segalib/lib/sega_spr.a(spr_2c.o)
SclSpColMix         0x8               ../sbl6/segalib/lib/sega_scl.a(scl_pri.o)
SpDil               0x2               ../sbl6/segalib/lib/sega_spr.a(spr_1c.o)
SpLookupTblR        0x2               ../sbl6/segalib/lib/sega_spr.a(spr_2c.o)
SclAutoMax          0x4               ../sbl6/segalib/lib/sega_scl.a(scl_pri.o)
SpCmdTbl            0x4               ../sbl6/segalib/lib/sega_spr.a(spr_2c.o)
SclRotateMoveZ      0x8               ../sbl6/segalib/lib/sega_scl.a(scl_func.o)
SclLineColRamOffset
                    0x4               ../sbl6/segalib/lib/sega_scl.a(scl_pri.o)
SclRotXySw          0x4               ../sbl6/segalib/lib/sega_scl.a(scl_func.o)
per_get_time_adr    0x4               ../sbl6/segalib/lib/sega_per.a(per_prt.o)
SclColRamAlloc2048  0x4               ../sbl6/segalib/lib/sega_scl.a(scl_pri.o)
SclBgPriNum         0x6               ../sbl6/segalib/lib/sega_scl.a(scl_pri.o)
SpCharMax           0x4               ../sbl6/segalib/lib/sega_spr.a(spr_2c.o)
SpDrawPrtyProcFlag  0x4               ../sbl6/segalib/lib/sega_spr.a(spr_2c.o)
SclAutoEndBlue      0x2               ../sbl6/segalib/lib/sega_scl.a(scl_pri.o)
SpCmdNo             0x4               ../sbl6/segalib/lib/sega_spr.a(spr_2c.o)
SclAutoEndGreen2    0x2               ../sbl6/segalib/lib/sega_scl.a(scl_pri.o)
Scl_r_reg           0x10              ../sbl6/segalib/lib/sega_scl.a(scl_func.o)
SclRPMD             0x2               ../sbl6/segalib/lib/sega_scl.a(scl_func.o)
SpDrawPrtyBlkMax    0x4               ../sbl6/segalib/lib/sega_spr.a(spr_2c.o)
SpDie               0x2               ../sbl6/segalib/lib/sega_spr.a(spr_1c.o)
SclAutoVeFlag       0x1               ../sbl6/segalib/lib/sega_scl.a(scl_pri.o)
SclBgColMix         0x8               ../sbl6/segalib/lib/sega_scl.a(scl_pri.o)
SpSlvCmdPos         0x4               ../sbl6/segalib/lib/sega_spr.a(spr_2c.o)
per_get_sys_data    0xc               ../sbl6/segalib/lib/sega_per.a(per_prt.o)
SclRbgKtbOffset     0x8               ../sbl6/segalib/lib/sega_scl.a(scl_func.o)
SclAutoIndex        0x4               ../sbl6/segalib/lib/sega_scl.a(scl_pri.o)
SclAutoEndRate      0x1               ../sbl6/segalib/lib/sega_scl.a(scl_pri.o)
SpSlvDrawPrtyBlk    0x4               ../sbl6/segalib/lib/sega_spr.a(spr_2c.o)
_SclRotregBuff      0xd0              ../sbl6/segalib/lib/sega_scl.a(scl_func.o)
SclAutoBlue         0x2               ../sbl6/segalib/lib/sega_scl.a(scl_pri.o)
SpTvMode            0x2               ../sbl6/segalib/lib/sega_spr.a(spr_1c.o)
SpScreenX           0x4               ../sbl6/segalib/lib/sega_spr.a(spr_1c.o)
SclRa               0x1               ../sbl6/segalib/lib/sega_scl.a(scl_func.o)
SclRotateZ          0x8               ../sbl6/segalib/lib/sega_scl.a(scl_func.o)
SpCharTbl           0x4               ../sbl6/segalib/lib/sega_spr.a(spr_2c.o)
SclAddrLsTbl        0x8               ../sbl6/segalib/lib/sega_scl.a(scl_func.o)
SclK_TableNum       0x8               ../sbl6/segalib/lib/sega_scl.a(scl_func.o)
SclAutoRed          0x2               ../sbl6/segalib/lib/sega_scl.a(scl_pri.o)
SpCmdTblR           0x2               ../sbl6/segalib/lib/sega_spr.a(spr_2c.o)
SclAutoInterval     0x4               ../sbl6/segalib/lib/sega_scl.a(scl_pri.o)
SclOtherPri         0x10              ../sbl6/segalib/lib/sega_scl.a(scl_pri.o)
per_time_out_flg    0x1               ../sbl6/segalib/lib/sega_per.a(per_prt.o)
SclRotateTableAddress
                    0x4               ../sbl6/segalib/lib/sega_scl.a(scl_func.o)
SpMstCmdPos         0x4               ../sbl6/segalib/lib/sega_spr.a(spr_2c.o)
SpSlvCmd            0x4               ../sbl6/segalib/lib/sega_spr.a(spr_2c.o)
SclAutoRGB          0x600             ../sbl6/segalib/lib/sega_scl.a(scl_pri.o)
errno               0x4               c:/saturn/SH_COFF/sh-coff/bin/../lib/gcc/sh-coff/3.4-GNUSH_v0501/../../../../sh-coff/lib\libc.a(syscalls.o)
SclK_TableFlag      0x4               ../sbl6/segalib/lib/sega_scl.a(scl_func.o)
SclAutoEndRed2      0x2               ../sbl6/segalib/lib/sega_scl.a(scl_pri.o)
SclCsy              0x8               ../sbl6/segalib/lib/sega_scl.a(scl_ro00.o)
SclSpPriNum         0x8               ../sbl6/segalib/lib/sega_scl.a(scl_pri.o)
Scl_w_reg           0x20              ../sbl6/segalib/lib/sega_scl.a(scl_func.o)
SpLCoordY           0x4               ../sbl6/segalib/lib/sega_spr.a(spr_2c.o)
Scl_n_reg           0x40              ../sbl6/segalib/lib/sega_scl.a(scl_func.o)

Memory Configuration

Name             Origin             Length             Attributes
*default*        0x00000000         0xffffffff

Linker script and memory map

LOAD ../sbl6/segasmp/lib/strt1_g.o
LOAD ../sbl6/segasmp/lib/strt2_g.o
LOAD ../sbl6/segasmp/v_blank/set_vb.o
LOAD ../sbl6/segasmp/v_blank/v_blank.o
LOAD ../sbl6/segasmp/per/smpclib/per_x1.o
LOAD ../sbl6/segasmp/per/smpclib/per_x2.o
LOAD ../sbl6/segasmp/per/smpclib/per_x3.o
LOAD graphics.o
LOAD sprite.o
LOAD main.o
LOAD ../sbl6/segalib/lib/sega_int.a
LOAD ../sbl6/segalib/lib/sega_spr.a
LOAD ../sbl6/segalib/lib/sega_scl.a
LOAD ../sbl6/segalib/lib/sega_mth.a
LOAD ../sbl6/segalib/lib/sega_cdc.a
LOAD ../sbl6/segalib/lib/sega_adp.a
LOAD ../sbl6/segalib/lib/sega_per.a
LOAD ../sbl6/segalib/lib/sega_sat.a
LOAD c:/saturn/SH_COFF/sh-coff/bin/../lib/gcc/sh-coff/3.4-GNUSH_v0501\libgcc.a
LOAD c:/saturn/SH_COFF/sh-coff/bin/../lib/gcc/sh-coff/3.4-GNUSH_v0501/../../../../sh-coff/lib\libc.a
LOAD c:/saturn/SH_COFF/sh-coff/bin/../lib/gcc/sh-coff/3.4-GNUSH_v0501\libgcc.a

.text           0x06010000     0xe7d0
 *(.text)
 .text          0x06010000       0x30 ../sbl6/segasmp/lib/strt1_g.o
                0x06010024                _D_END
                0x06010020                _D_BGN
                0x0601002c                _B_END
                0x06010028                _B_BGN
                0x06010000                START
 .text          0x06010030       0x60 ../sbl6/segasmp/lib/strt2_g.o
                0x06010050                _INITSCT
                0x06010030                _INIT
 .text          0x06010090       0x70 ../sbl6/segasmp/v_blank/set_vb.o
                0x06010090                SetVblank
 .text          0x06010100      0x140 ../sbl6/segasmp/v_blank/v_blank.o
                0x0601011c                UsrVblankOut
                0x06010100                UsrVblankIn
 .text          0x06010240      0x430 ../sbl6/segasmp/per/smpclib/per_x1.o
                0x060105d4                PER_GetAnalogXYZ
                0x06010264                PER_GetTriggerHandler
                0x060104fe                PER_GetEdge
                0x0601047c                PER_GetTrigger
                0x06010528                PER_GetPressEdge
                0x0601057c                PER_GetReleaseEdge
                0x06010240                PER_SetTriggerHandler
 .text          0x06010670      0x200 ../sbl6/segasmp/per/smpclib/per_x2.o
                0x06010774                PER_GetDeviceA
                0x06010670                PER_OpenPort
                0x060106a8                PER_GetPort
                0x060107ee                PER_GetDeviceR
 .text          0x06010870       0x20 ../sbl6/segasmp/per/smpclib/per_x3.o
                0x06010870                PER_DisguiseTrigger
 .text          0x06010890     0x2f90 graphics.o
                0x06012418                test_pal
                0x06012210                test
                0x06012818                test_chr
                0x06010890                bunny
                0x06012410                dimensions
 .text          0x06013820      0x390 sprite.o
                0x06013b40                makeSprite
                0x06013820                drawSprite
 .text          0x06013bb0      0xde0 main.o
                0x06013bb0                cosmo2u_map
                0x060143b0                main
 .text          0x06014990       0x40 ../sbl6/segalib/lib/sega_int.a(int.o)
                0x060149bc                INT_GetScuFunc
                0x06014990                INT_SetScuFunc
 .text          0x060149d0      0x624 ../sbl6/segalib/lib/sega_int.a(int_trmp.o)
                0x06014b38                __interrupt_handler60
                0x06014ce8                __interrupt_handler132
                0x06014e9e                __interrupt_handler205
                0x06014d06                __interrupt_handler137
                0x06014c34                __interrupt_handler102
                0x06014a72                __interrupt_handler27
                0x06014e74                __interrupt_handler198
                0x06014d66                __interrupt_handler153
                0x06014a4e                __interrupt_handler21
                0x06014b5c                __interrupt_handler66
                0x06014c4c                __interrupt_handler106
                0x06014d96                __interrupt_handler161
                0x06014be0                __interrupt_handler88
                0x06014dae                __interrupt_handler165
                0x06014cbe                __interrupt_handler125
                0x060149f4                __interrupt_handler6
                0x06014a90                __interrupt_handler32
                0x06014e4a                __interrupt_handler191
                0x06014f64                __interrupt_handler238
                0x06014f7c                __interrupt_handler242
                0x06014d84                __interrupt_handler158
                0x06014bec                __interrupt_handler90
                0x06014da8                __interrupt_handler164
                0x06014acc                __interrupt_handler42
                0x06014e0e                __interrupt_handler181
                0x06014f16                __interrupt_handler225
                0x06014fbe                __interrupt_handler253
                0x06014dd2                __interrupt_handler171
                0x06014b8c                __interrupt_handler74
                0x060149e2                __interrupt_handler3
                0x06014b26                __interrupt_handler57
                0x06014a24                __interrupt_handler14
                0x06014ebc                __interrupt_handler210
                0x06014eec                __interrupt_handler218
                0x06014eb0                __interrupt_handler208
                0x06014ab4                __interrupt_handler38
                0x060149d0                __interrupt_handler0
                0x06014c40                __interrupt_handler104
                0x06014d7e                __interrupt_handler157
                0x06014ece                __interrupt_handler213
                0x06014dc0                __interrupt_handler168
                0x06014bce                __interrupt_handler85
                0x06014c6a                __interrupt_handler111
                0x06014c7c                __interrupt_handler114
                0x06014aea                __interrupt_handler47
                0x06014f40                __interrupt_handler232
                0x06014f0a                __interrupt_handler223
                0x06014f5e                __interrupt_handler237
                0x06014b4a                __interrupt_handler63
                0x06014ad8                __interrupt_handler44
                0x06014dea                __interrupt_handler175
                0x06014e14                __interrupt_handler182
                0x06014e2c                __interrupt_handler186
                0x06014d2a                __interrupt_handler143
                0x06014c52                __interrupt_handler107
                0x06014cb8                __interrupt_handler124
                0x06014dd8                __interrupt_handler172
                0x06014f8e                __interrupt_handler245
                0x06014c0a                __interrupt_handler95
                0x06014ce2                __interrupt_handler131
                0x06014cf4                __interrupt_handler134
                0x06014d12                __interrupt_handler139
                0x06014b80                __interrupt_handler72
                0x06014f3a                __interrupt_handler231
                0x06014d90                __interrupt_handler160
                0x06014cd6                __interrupt_handler129
                0x06014a48                __interrupt_handler20
                0x06014b56                __interrupt_handler65
                0x06014b20                __interrupt_handler56
                0x06014a1e                __interrupt_handler13
                0x06014eb6                __interrupt_handler209
                0x06014c70                __interrupt_handler112
                0x06014a42                __interrupt_handler19
                0x06014bfe                __interrupt_handler93
                0x06014e68                __interrupt_handler196
                0x06014d5a                __interrupt_handler151
                0x06014dba                __interrupt_handler167
                0x06014fd0                __trampoline
                0x06014a36                __interrupt_handler17
                0x06014f28                __interrupt_handler228
                0x06014fca                __interrupt_handler255
                0x06014f88                __interrupt_handler244
                0x06014c22                __interrupt_handler99
                0x06014e1a                __interrupt_handler183
                0x06014d18                __interrupt_handler140
                0x06014e3e                __interrupt_handler189
                0x06014d3c                __interrupt_handler146
                0x06014f04                __interrupt_handler222
                0x06014d78                __interrupt_handler156
                0x06014cac                __interrupt_handler122
                0x06014fa0                __interrupt_handler248
                0x06014af0                __interrupt_handler48
                0x06014b6e                __interrupt_handler69
                0x06014a60                __interrupt_handler24
                0x06014be6                __interrupt_handler89
                0x06014eda                __interrupt_handler215
                0x06014fc4                __interrupt_handler254
                0x06014bda                __interrupt_handler87
                0x06014b3e                __interrupt_handler61
                0x06014e62                __interrupt_handler195
                0x06014d54                __interrupt_handler150
                0x06014ac6                __interrupt_handler41
                0x06014c64                __interrupt_handler110
                0x06014cca                __interrupt_handler127
                0x06014c58                __interrupt_handler108
                0x06014c76                __interrupt_handler113
                0x06014c88                __interrupt_handler116
                0x06014ca6                __interrupt_handler121
                0x06014b9e                __interrupt_handler77
                0x06014aba                __interrupt_handler39
                0x06014ad2                __interrupt_handler43
                0x06014fa6                __interrupt_handler249
                0x06014de4                __interrupt_handler174
                0x06014d00                __interrupt_handler136
                0x06014e38                __interrupt_handler188
                0x06014d36                __interrupt_handler145
                0x06014a06                __interrupt_handler9
                0x06014baa                __interrupt_handler79
                0x06014f22                __interrupt_handler227
                0x06014a9c                __interrupt_handler34
                0x06014cdc                __interrupt_handler130
                0x06014f9a                __interrupt_handler247
                0x06014b92                __interrupt_handler75
                0x06014dde                __interrupt_handler173
                0x06014b0e                __interrupt_handler53
                0x06014d4e                __interrupt_handler149
                0x06014fb2                __interrupt_handler251
                0x06014f46                __interrupt_handler233
                0x06014a0c                __interrupt_handler10
                0x06014e98                __interrupt_handler204
                0x06014bbc                __interrupt_handler82
                0x06014bc2                __interrupt_handler83
                0x06014a66                __interrupt_handler25
                0x06014f82                __interrupt_handler243
                0x06014d9c                __interrupt_handler162
                0x06014ae4                __interrupt_handler46
                0x06014dfc                __interrupt_handler178
                0x06014bb0                __interrupt_handler80
                0x06014b44                __interrupt_handler62
                0x060149dc                __interrupt_handler2
                0x06014a7e                __interrupt_handler29
                0x06014b74                __interrupt_handler70
                0x06014c5e                __interrupt_handler109
                0x06014d48                __interrupt_handler148
                0x06014c04                __interrupt_handler94
                0x06014f10                __interrupt_handler224
                0x06014c3a                __interrupt_handler103
                0x06014aa8                __interrupt_handler36
                0x06014cc4                __interrupt_handler126
                0x06014f94                __interrupt_handler246
                0x06014b1a                __interrupt_handler55
                0x06014a18                __interrupt_handler12
                0x06014b08                __interrupt_handler52
                0x06014e32                __interrupt_handler187
                0x06014d30                __interrupt_handler144
                0x06014c8e                __interrupt_handler117
                0x06014a3c                __interrupt_handler18
                0x06014e6e                __interrupt_handler197
                0x06014d60                __interrupt_handler152
                0x06014c94                __interrupt_handler118
                0x06014dcc                __interrupt_handler170
                0x06014e86                __interrupt_handler201
                0x06014c16                __interrupt_handler97
                0x06014da2                __interrupt_handler163
                0x06014e08                __interrupt_handler180
                0x06014e50                __interrupt_handler192
                0x06014f70                __interrupt_handler240
                0x06014cb2                __interrupt_handler123
                0x06014ed4                __interrupt_handler214
                0x06014a8a                __interrupt_handler31
                0x06014a78                __interrupt_handler28
                0x06014b62                __interrupt_handler67
                0x06014b68                __interrupt_handler68
                0x06014a54                __interrupt_handler22
                0x06014a5a                __interrupt_handler23
                0x06014df0                __interrupt_handler176
                0x060149fa                __interrupt_handler7
                0x06014efe                __interrupt_handler221
                0x06014ee6                __interrupt_handler217
                0x06014f2e                __interrupt_handler229
                0x06014af6                __interrupt_handler49
                0x060149e8                __interrupt_handler4
                0x06014ac0                __interrupt_handler40
                0x06014c82                __interrupt_handler115
                0x06014f52                __interrupt_handler235
                0x06014bf2                __interrupt_handler91
                0x06014ea4                __interrupt_handler206
                0x06014df6                __interrupt_handler177
                0x06014d42                __interrupt_handler147
                0x06014aae                __interrupt_handler37
                0x06014fac                __interrupt_handler250
                0x060149d6                __interrupt_handler1
                0x06014ef2                __interrupt_handler219
                0x06014b98                __interrupt_handler76
                0x06014c28                __interrupt_handler100
                0x06014b2c                __interrupt_handler58
                0x06014a2a                __interrupt_handler15
                0x06014ec8                __interrupt_handler212
                0x06014f76                __interrupt_handler241
                0x06014e8c                __interrupt_handler202
                0x06014e56                __interrupt_handler193
                0x06014ba4                __interrupt_handler78
                0x06014afc                __interrupt_handler50
                0x06014a96                __interrupt_handler33
                0x06014db4                __interrupt_handler166
                0x06014d0c                __interrupt_handler138
                0x06014cfa                __interrupt_handler135
                0x06014a84                __interrupt_handler30
                0x06014e20                __interrupt_handler184
                0x06014d1e                __interrupt_handler141
                0x06014f34                __interrupt_handler230
                0x06014f58                __interrupt_handler236
                0x06014c9a                __interrupt_handler119
                0x06014bd4                __interrupt_handler86
                0x06014c46                __interrupt_handler105
                0x06014bb6                __interrupt_handler81
                0x06014ca0                __interrupt_handler120
                0x06014cd0                __interrupt_handler128
                0x06014b14                __interrupt_handler54
                0x06014a12                __interrupt_handler11
                0x06014e7a                __interrupt_handler199
                0x06014d6c                __interrupt_handler154
                0x06014ade                __interrupt_handler45
                0x06014ee0                __interrupt_handler216
                0x06014e92                __interrupt_handler203
                0x06014c2e                __interrupt_handler101
                0x06014bc8                __interrupt_handler84
                0x06014e26                __interrupt_handler185
                0x06014d24                __interrupt_handler142
                0x06014a6c                __interrupt_handler26
                0x06014b50                __interrupt_handler64
                0x06014e80                __interrupt_handler200
                0x06014eaa                __interrupt_handler207
                0x06014e5c                __interrupt_handler194
                0x06014bf8                __interrupt_handler92
                0x06014d72                __interrupt_handler155
                0x06014ec2                __interrupt_handler211
                0x06014cee                __interrupt_handler133
                0x060149ee                __interrupt_handler5
                0x06014b86                __interrupt_handler73
                0x06014a30                __interrupt_handler16
                0x06014f6a                __interrupt_handler239
                0x06014f4c                __interrupt_handler234
                0x06014aa2                __interrupt_handler35
                0x06014b32                __interrupt_handler59
                0x06014dc6                __interrupt_handler169
                0x06014c1c                __interrupt_handler98
                0x06014b7a                __interrupt_handler71
                0x06014b02                __interrupt_handler51
                0x06014d8a                __interrupt_handler159
                0x06014f1c                __interrupt_handler226
                0x06014c10                __interrupt_handler96
                0x06014e44                __interrupt_handler190
                0x06014ef8                __interrupt_handler220
                0x06014a00                __interrupt_handler8
                0x06014e02                __interrupt_handler179
                0x06014fb8                __interrupt_handler252
 *fill*         0x06014ff4        0xc 00
 .text          0x06015000     0x12a0 ../sbl6/segalib/lib/sega_spr.a(spr_2c.o)
                0x06016260                SlaveFlushDrawPrtyBlock
                0x06015000                SPR_2Initial
                0x06015844                SPR_2SysClip
                0x060157e4                SPR_2LocalCoord
                0x060160dc                SPR_2FlushDrawPrtyBlock
                0x06015dc8                SPR_2DistSpr
                0x060157cc                SPR_2FlushDrawPrty
                0x06015eec                SPR_2Cmd
                0x060154c8                SPR_2GourTblNoToVram
                0x06015528                SPR_2GetAreaSizeInfo
                0x06015290                SPR_2SetGourTbl
                0x06015a7c                SPR_2Polygon
                0x06015504                SPR_2CharNoToVram
                0x06015210                SPR_2SetTvMode
                0x0601566c                SPR_2CloseCommand
                0x0601524c                SPR_2FrameEraseData
                0x06015028                SPR_2Initial2
                0x06015c5c                SPR_2ScaleSpr
                0x060158ec                SPR_2Line
                0x060155b8                SPR_2OpenCommand
                0x0601522c                SPR_2FrameChgIntr
                0x06015b38                SPR_2NormSpr
                0x060152c0                SPR_2SetLookupTbl
                0x060152f4                SPR_2SetChar
                0x060154ec                SPR_2LookupTblNoToVram
                0x060159c0                SPR_2PolyLine
                0x06015460                SPR_2ClrAllChar
                0x06015414                SPR_2ClrChar
                0x06015890                SPR_2UserClip
 .text          0x060162a0      0x1e6 ../sbl6/segalib/lib/sega_spr.a(spr_slv.o)
                0x06016404                SPR_WaitEndSlaveSH
                0x060162a0                SPR_SMPC_SSHON
                0x060163e0                SPR_RunSlaveSH
                0x060162a4                SPR_InitSlaveSH
                0x0601636c                SPR_SlaveSHmain
                0x060162a1                SPR_SMPC_SSHOFF
 *fill*         0x06016486        0xa 00
 .text          0x06016490      0x36a ../sbl6/segalib/lib/sega_spr.a(spr_1c.o)
                0x06016744                SPR_WaitDrawEnd
                0x0601675c                SPR_SetEosMode
                0x06016674                SPR_SetEraseData
                0x06016490                SPR_Initial
                0x06016568                SPR_SetTvMode
                0x06016600                SPR_GetStatus
 *fill*         0x060167fa        0x6 00
 .text          0x06016800      0x244 ../sbl6/segalib/lib/sega_spr.a(spr_2a.o)
                0x06016812                sprMemCpyW
                0x06016870                flushDrawPrtyBlock
                0x06016800                sprMemCpyL
                0x06016824                SPR_2SetDrawPrty
 *fill*         0x06016a44        0xc 00
 .text          0x06016a50      0x2fc ../sbl6/segalib/lib/sega_scl.a(scl_vblv.o)
                0x06016b0c                SCL_DisplayFrame
                0x06016a50                SCL_SetFrameInterval
                0x06016b40                SCL_VblInit
                0x06016b90                SCL_VblankStart
                0x06016bd4                SCL_VblankEnd
 *fill*         0x06016d4c        0x4 00
 .text          0x06016d50      0xb9c ../sbl6/segalib/lib/sega_scl.a(scl_func.o)
                0x0601772c                SCL_Vdp2_SGLInit
                0x0601763c                SCL_PriIntProc
                0x060175b4                SCL_Memcpyw
                0x060178cc                SCL_SglOff
                0x060178ac                SCL_SglOn
                0x06017520                SCL_ScrollShow
                0x06016fc8                SCL_Close
                0x060172c0                SCL_Scale
                0x06016d50                SCL_Vdp2Init
                0x06017134                SCL_Move
                0x060173fc                SCL_CopyReg
                0x06016fa4                SCL_Open
                0x06016dd4                SCL_ParametersInit
                0x06016fe4                SCL_MoveTo
                0x060175dc                SCL_SetColRamMode
 *fill*         0x060178ec        0x4 00
 .text          0x060178f0       0x84 ../sbl6/segalib/lib/sega_scl.a(scl_back.o)
                0x060178f0                SCL_SetBack
 *fill*         0x06017974        0xc 00
 .text          0x06017980      0x138 ../sbl6/segalib/lib/sega_scl.a(scl_pr03.o)
                0x06017980                SCL_FreeColRam
                0x060179b8                SCL_AllocColRam
 *fill*         0x06017ab8        0x8 00
 .text          0x06017ac0       0x9c ../sbl6/segalib/lib/sega_scl.a(scl_pr02.o)
                0x06017ac0                SCL_SetColRam
 *fill*         0x06017b5c        0x4 00
 .text          0x06017b60      0x94c ../sbl6/segalib/lib/sega_scl.a(scl_fu03.o)
                0x06017bbc                SCL_SetConfig
                0x06017b60                SCL_InitConfigTb
 *fill*         0x060184ac        0x4 00
 .text          0x060184b0       0x28 ../sbl6/segalib/lib/sega_scl.a(scl_fu04.o)
                0x060184b0                SCL_SetCycleTable
 *fill*         0x060184d8        0x8 00
 .text          0x060184e0      0x214 ../sbl6/segalib/lib/sega_scl.a(scl_pr07.o)
                0x060184e0                SCL_SetPriority
 *fill*         0x060186f4        0xc 00
 .text          0x06018700       0x58 ../sbl6/segalib/lib/sega_scl.a(scl_pr01.o)
                0x06018700                SCL_SetSpriteMode
 *fill*         0x06018758        0x8 00
 .text          0x06018760     0x10a4 ../sbl6/segalib/lib/sega_scl.a(scl_pri.o)
                0x060187f4                SCL_AbortAutoVe
                0x060196a4                SCL_SetShadowBit
                0x06018c6c                SCL_AutoExec
                0x06018760                SCL_PriorityInit
                0x06019180                SCL_IncColOffset
                0x06018808                SCL_SetColMixRate
                0x060187d8                SCL_GetColRamMode
 *fill*         0x06019804        0xc 00
 .text          0x06019810     0x1394 ../sbl6/segalib/lib/sega_scl.a(scl_ro00.o)
                0x0601a9fc                SCL_RotateZD
                0x06019cc4                SCL_Rotate
                0x06019998                SCL_InitRotateTable
 *fill*         0x0601aba4        0xc 00
 .text          0x0601abb0      0x1b4 ../sbl6/segalib/lib/sega_scl.a(scl_pr06.o)
                0x0601abb0                SCL_SetColRamOffset
 *fill*         0x0601ad64        0xc 00
 .text          0x0601ad70       0xac ../sbl6/segalib/lib/sega_scl.a(scl_pr05.o)
                0x0601ad70                SCL_GetColRamOffset
 *fill*         0x0601ae1c        0x4 00
 .text          0x0601ae20       0xa4 ../sbl6/segalib/lib/sega_mth.a(mth_fixd.o)
                0x0601ae70                MTH_FixedToInt
                0x0601ae60                MTH_IntToFixed
                0x0601ae20                MTH_Mul
                0x0601ae80                MTH_Product
                0x0601ae40                MTH_Div
 *fill*         0x0601aec4        0xc 00
 .text          0x0601aed0      0x600 ../sbl6/segalib/lib/sega_mth.a(mth_tri.o)
                0x0601af6c                fcos
                0x0601af72                fsin
                0x0601af1c                MTH_Cos
                0x0601aed0                MTH_Sin
                0x0601b110                MTH_Atan
 .text          0x0601b4d0      0xf50 ../sbl6/segalib/lib/sega_per.a(per_prt.o)
                0x0601b8f0                PER_IntFunc
                0x0601b6e8                PER_LGetPer
                0x0601b4d0                PER_LInit
 .text          0x0601c420      0x1f4 ../sbl6/segalib/lib/sega_sat.a(DMA_SCU1.o)
                0x0601c57c                DMA_ScuResult
                0x0601c420                DMA_ScuInit
                0x0601c470                DMA_ScuMemCopy
 *fill*         0x0601c614        0xc 00
 .text          0x0601c620      0x308 ../sbl6/segalib/lib/sega_sat.a(DMA_SCU0.o)
                0x0601c6a4                DMA_ScuStart
                0x0601c7d8                DMA_ScuIntFunc0
                0x0601c848                DMA_ScuIntFunc1
                0x0601c8b8                DMA_ScuIntFunc2
                0x0601c798                DMA_ScuGetStatus
                0x0601c620                DMA_ScuSetPrm
 *fill*         0x0601c928        0x8 00
 .text          0x0601c930       0xe8 ../sbl6/segalib/lib/sega_sat.a(csh_main.o)
                0x0601c930                CSH_Init
                0x0601c998                CSH_AllClr
                0x0601c9e4                CSH_Purge
 *fill*         0x0601ca18        0x8 00
 .text          0x0601ca20       0xa0 c:/saturn/SH_COFF/sh-coff/bin/../lib/gcc/sh-coff/3.4-GNUSH_v0501\libgcc.a(__main.o)
                0x0601ca94                __main
                0x0601ca20                __do_global_dtors
                0x0601ca54                __do_global_ctors
 .text          0x0601cac0       0x70 c:/saturn/SH_COFF/sh-coff/bin/../lib/gcc/sh-coff/3.4-GNUSH_v0501\libgcc.a(_udivsi3.o)
                0x0601cae2                __udivsi3
 .text          0x0601cb30       0x90 c:/saturn/SH_COFF/sh-coff/bin/../lib/gcc/sh-coff/3.4-GNUSH_v0501\libgcc.a(_ashiftlt.o)
                0x0601cb30                __ashlsi3
 .text          0x0601cbc0       0x60 c:/saturn/SH_COFF/sh-coff/bin/../lib/gcc/sh-coff/3.4-GNUSH_v0501\libgcc.a(_ashiftrt.o)
                0x0601cbcc                __ashiftrt_r4_27
                0x0601cc00                __ashiftrt_r4_6
                0x0601cbf0                __ashiftrt_r4_14
                0x0601cbe2                __ashiftrt_r4_19
                0x0601cbfa                __ashiftrt_r4_9
                0x0601cc0e                __ashiftrt_r4_0
                0x0601cbc0                __ashiftrt_r4_31
                0x0601cbce                __ashiftrt_r4_26
                0x0601cbdc                __ashiftrt_r4_22
                0x0601cbe8                __ashiftrt_r4_16
                0x0601cbf4                __ashiftrt_r4_12
                0x0601cbc8                __ashiftrt_r4_29
                0x0601cbe6                __ashiftrt_r4_17
                0x0601cbc6                __ashiftrt_r4_30
                0x0601cc02                __ashiftrt_r4_5
                0x0601cbfc                __ashiftrt_r4_8
                0x0601cbc0                __ashiftrt_r4_32
                0x0601cbd0                __ashiftrt_r4_25
                0x0601cc08                __ashiftrt_r4_2
                0x0601cbd2                __ashiftrt_r4_24
                0x0601cbee                __ashiftrt_r4_15
                0x0601cbf8                __ashiftrt_r4_10
                0x0601cc0a                __ashiftrt_r4_1
                0x0601cbca                __ashiftrt_r4_28
                0x0601cbe0                __ashiftrt_r4_20
                0x0601cbfe                __ashiftrt_r4_7
                0x0601cbf2                __ashiftrt_r4_13
                0x0601cbf6                __ashiftrt_r4_11
                0x0601cc04                __ashiftrt_r4_4
                0x0601cbda                __ashiftrt_r4_23
                0x0601cbe4                __ashiftrt_r4_18
                0x0601cbde                __ashiftrt_r4_21
                0x0601cc06                __ashiftrt_r4_3
 .text          0x0601cc20       0xb0 c:/saturn/SH_COFF/sh-coff/bin/../lib/gcc/sh-coff/3.4-GNUSH_v0501\libgcc.a(_si_to_df.o)
                0x0601cc20                __floatsidf
 .text          0x0601ccd0      0x2e0 c:/saturn/SH_COFF/sh-coff/bin/../lib/gcc/sh-coff/3.4-GNUSH_v0501\libgcc.a(_mul_df.o)
                0x0601cce0                __muldf3
 .text          0x0601cfb0       0x80 c:/saturn/SH_COFF/sh-coff/bin/../lib/gcc/sh-coff/3.4-GNUSH_v0501\libgcc.a(_df_to_si.o)
                0x0601cfb0                __fixdfsi
 .text          0x0601d030      0x220 c:/saturn/SH_COFF/sh-coff/bin/../lib/gcc/sh-coff/3.4-GNUSH_v0501\libgcc.a(_pack_df.o)
                0x0601d040                __pack_d
 .text          0x0601d250      0x120 c:/saturn/SH_COFF/sh-coff/bin/../lib/gcc/sh-coff/3.4-GNUSH_v0501\libgcc.a(_unpack_df.o)
                0x0601d260                __unpack_d
 .text          0x0601d370       0x20 c:/saturn/SH_COFF/sh-coff/bin/../lib/gcc/sh-coff/3.4-GNUSH_v0501\libgcc.a(_thenan_df.o)
                0x0601d370                __thenan_df
 .text          0x0601d390       0xd0 c:/saturn/SH_COFF/sh-coff/bin/../lib/gcc/sh-coff/3.4-GNUSH_v0501\libgcc.a(_muldi3.o)
                0x0601d390                __muldi3
 .text          0x0601d460       0x80 c:/saturn/SH_COFF/sh-coff/bin/../lib/gcc/sh-coff/3.4-GNUSH_v0501\libgcc.a(_lshrdi3.o)
                0x0601d460                __lshrdi3
 .text          0x0601d4e0       0x80 c:/saturn/SH_COFF/sh-coff/bin/../lib/gcc/sh-coff/3.4-GNUSH_v0501\libgcc.a(_ashldi3.o)
                0x0601d4e0                __ashldi3
 .text          0x0601d560       0x30 c:/saturn/SH_COFF/sh-coff/bin/../lib/gcc/sh-coff/3.4-GNUSH_v0501\libgcc.a(_mulsi3.o)
                0x0601d560                __mulsi3
 .text          0x0601d590       0x90 c:/saturn/SH_COFF/sh-coff/bin/../lib/gcc/sh-coff/3.4-GNUSH_v0501\libgcc.a(_lshiftrt.o)
                0x0601d590                __lshrsi3
 .text          0x0601d620       0xa0 c:/saturn/SH_COFF/sh-coff/bin/../lib/gcc/sh-coff/3.4-GNUSH_v0501/../../../../sh-coff/lib\libc.a(memcpy.o)
                0x0601d620                memcpy
 .text          0x0601d6c0       0x40 c:/saturn/SH_COFF/sh-coff/bin/../lib/gcc/sh-coff/3.4-GNUSH_v0501/../../../../sh-coff/lib\libc.a(memset.o)
                0x0601d6c0                memset
 .text          0x0601d700       0x90 c:/saturn/SH_COFF/sh-coff/bin/../lib/gcc/sh-coff/3.4-GNUSH_v0501/../../../../sh-coff/lib\libc.a(atexit.o)
                0x0601d700                atexit
 .text          0x0601d790       0x10 c:/saturn/SH_COFF/sh-coff/bin/../lib/gcc/sh-coff/3.4-GNUSH_v0501/../../../../sh-coff/lib\libc.a(impure.o)
                0x0601d790                _global_impure_ptr
 .text          0x0601d7a0       0x40 c:/saturn/SH_COFF/sh-coff/bin/../lib/gcc/sh-coff/3.4-GNUSH_v0501/../../../../sh-coff/lib\libc.a(malloc.o)
                0x0601d7bc                free
                0x0601d7a0                malloc
 .text          0x0601d7e0      0x5b0 c:/saturn/SH_COFF/sh-coff/bin/../lib/gcc/sh-coff/3.4-GNUSH_v0501/../../../../sh-coff/lib\libc.a(mallocr.o)
                0x0601d7e0                _malloc_r
 .text          0x0601dd90      0x340 c:/saturn/SH_COFF/sh-coff/bin/../lib/gcc/sh-coff/3.4-GNUSH_v0501/../../../../sh-coff/lib\libc.a(freer.o)
                0x0601dd90                _malloc_trim_r
                0x0601de84                _free_r
 .text          0x0601e0d0       0x20 c:/saturn/SH_COFF/sh-coff/bin/../lib/gcc/sh-coff/3.4-GNUSH_v0501/../../../../sh-coff/lib\libc.a(mlock.o)
                0x0601e0d0                __malloc_lock
                0x0601e0dc                __malloc_unlock
 .text          0x0601e0f0       0x50 c:/saturn/SH_COFF/sh-coff/bin/../lib/gcc/sh-coff/3.4-GNUSH_v0501/../../../../sh-coff/lib\libc.a(sbrkr.o)
                0x0601e0f0                _sbrk_r
 .text          0x0601e140      0x380 c:/saturn/SH_COFF/sh-coff/bin/../lib/gcc/sh-coff/3.4-GNUSH_v0501/../../../../sh-coff/lib\libc.a(syscalls.o)
                0x0601e2ac                _exit
                0x0601e2e0                _getpid
                0x0601e348                _utime
                0x0601e178                _write
                0x0601e140                _read
                0x0601e294                _unlink
                0x0601e25c                _open
                0x0601e2f8                _stat
                0x0601e2a0                isatty
                0x0601e378                _wait
                0x0601e2c4                _kill
                0x0601e314                _chmod
                0x0601e3a8                _execv
                0x0601e38c                _execve
                0x0601e484                __setup_argv_and_call_main
                0x0601e3e0                _gettimeofday
                0x0601e1ac                _link
                0x0601e2ec                _raise
                0x0601e278                _creat
                0x0601e3c0                _pipe
                0x0601e32c                _chown
                0x0601e15c                _lseek
                0x0601e194                _close
                0x0601e3d4                _times
                0x0601e248                _fstat
                0x0601e364                _fork
                0x0601e1d4                _sbrk
 .text          0x0601e4c0       0x20 c:/saturn/SH_COFF/sh-coff/bin/../lib/gcc/sh-coff/3.4-GNUSH_v0501/../../../../sh-coff/lib\libc.a(trap.o)
                0x0601e4c0                __trap34
 .text          0x0601e4e0       0x20 c:/saturn/SH_COFF/sh-coff/bin/../lib/gcc/sh-coff/3.4-GNUSH_v0501/../../../../sh-coff/lib\libc.a(abort.o)
                0x0601e4e0                abort
 .text          0x0601e500      0x270 c:/saturn/SH_COFF/sh-coff/bin/../lib/gcc/sh-coff/3.4-GNUSH_v0501/../../../../sh-coff/lib\libc.a(signal.o)
                0x0601e5c0                _raise_r
                0x0601e748                __sigtramp
                0x0601e6f4                raise
                0x0601e730                _init_signal
                0x0601e680                __sigtramp_r
                0x0601e710                signal
                0x0601e54c                _signal_r
                0x0601e500                _init_signal_r
 .text          0x0601e770       0x60 c:/saturn/SH_COFF/sh-coff/bin/../lib/gcc/sh-coff/3.4-GNUSH_v0501/../../../../sh-coff/lib\libc.a(signalr.o)
                0x0601e7b8                _getpid_r
                0x0601e770                _kill_r
 *(.strings)

.tors           0x0601e7d0        0x0
                0x0601e7d0                ___ctors = .
 *(.ctors)
                0x0601e7d0                ___ctors_end = .
                0x0601e7d0                ___dtors = .
 *(.dtors)
                0x0601e7d0                ___dtors_end = .

.data           0x0601e7d0     0x10c0
                0x0601e7d0                STARTOF_R = .
 *(.data)
 .data          0x0601e7d0      0x400 ../sbl6/segasmp/per/smpclib/per_x1.o
 .data          0x0601ebd0       0x10 graphics.o
                0x0601ebd0                tiles
 .data          0x0601ebe0       0x40 main.o
                0x0601ebe0                CycleTb
 .data          0x0601ec20      0x400 ../sbl6/segalib/lib/sega_int.a(int.o)
 .data          0x0601f020       0x1c ../sbl6/segalib/lib/sega_spr.a(spr_slv.o)
                0x0601f028                SPR_SlaveParam
                0x0601f038                SPR_SMPC_SF
                0x0601f030                SPR_SMPC_COM
                0x0601f02c                SPR_SlaveSHEntry
                0x0601f024                SPR_SlaveState
                0x0601f020                SPR_SlaveCommand
                0x0601f034                SPR_SMPC_RET
 *fill*         0x0601f03c        0x4 00
 .data          0x0601f040       0x34 ../sbl6/segalib/lib/sega_spr.a(spr_1c.o)
                0x0601f040                SpInitialFlag
 *fill*         0x0601f074        0xc 00
 .data          0x0601f080       0x1c ../sbl6/segalib/lib/sega_scl.a(scl_vblv.o)
                0x0601f088                VBInterval
                0x0601f090                ReqDisplayFlag
                0x0601f080                SpFrameChgMode
                0x0601f08c                VBIntervalCounter
                0x0601f084                SpFrameEraseMode
 *fill*         0x0601f09c        0x4 00
 .data          0x0601f0a0       0x36 ../sbl6/segalib/lib/sega_scl.a(scl_func.o)
                0x0601f0b0                SclRotregBuff
                0x0601f0ac                SclDisplayY
                0x0601f0b4                SclRotateTableMode
                0x0601f0a8                SclProcess
                0x0601f0a4                SclCurSclNum
                0x0601f0a0                SclLengthLsTbl
                0x0601f0aa                SclDisplayX
                0x0601f0a2                SclLengthCsTbl
 *fill*         0x0601f0d6        0xa 00
 .data          0x0601f0e0       0x18 ../sbl6/segalib/lib/sega_scl.a(scl_pri.o)
                0x0601f0e4                SclRealSpPriNum
                0x0601f0f4                SclRealColOffset
                0x0601f0f0                SclRealBgColMix
                0x0601f0ec                SclRealSpColMix
                0x0601f0e8                SclRealBgPriNum
                0x0601f0e0                SclRealOtherPri
 *fill*         0x0601f0f8        0x8 00
 .data          0x0601f100      0x380 c:/saturn/SH_COFF/sh-coff/bin/../lib/gcc/sh-coff/3.4-GNUSH_v0501/../../../../sh-coff/lib\libc.a(impure.o)
                0x0601f47c                _impure_ptr
 .data          0x0601f480      0x410 c:/saturn/SH_COFF/sh-coff/bin/../lib/gcc/sh-coff/3.4-GNUSH_v0501/../../../../sh-coff/lib\libc.a(mallocr.o)
                0x0601f488                __malloc_av_
                0x0601f484                __malloc_trim_threshold
                0x0601f480                __malloc_sbrk_base
                0x0601f890                SIZEOF_R = (. - STARTOF_R)
                0x0601f890                ENDOF_R = .

.bss            0x0601f890     0x50d4
                0x0601f890                STARTOF_B = .
 *(.bss)
 .bss           0x0601f890       0x10 ../sbl6/segasmp/v_blank/v_blank.o
                0x0601f896                PadData2E
                0x0601f890                PadData1
                0x0601f894                PadData2
                0x0601f892                PadData1E
                0x0601f898                __port
 .bss           0x0601f8a0       0xd0 ../sbl6/segasmp/per/smpclib/per_x2.o
 .bss           0x0601f970     0x3390 main.o
 .bss           0x06022d00       0x6e ../sbl6/segalib/lib/sega_spr.a(spr_2c.o)
 *fill*         0x06022d6e        0x2 00
 .bss           0x06022d70        0x4 ../sbl6/segalib/lib/sega_scl.a(scl_vblv.o)
 *fill*         0x06022d74        0xc 00
 .bss           0x06022d80        0x4 ../sbl6/segalib/lib/sega_scl.a(scl_func.o)
 *fill*         0x06022d84        0xc 00
 .bss           0x06022d90       0x48 ../sbl6/segalib/lib/sega_scl.a(scl_ro00.o)
 *fill*         0x06022dd8        0x8 00
 .bss           0x06022de0       0x9c ../sbl6/segalib/lib/sega_per.a(per_prt.o)
 *fill*         0x06022e7c        0x4 00
 .bss           0x06022e80        0xc ../sbl6/segalib/lib/sega_sat.a(DMA_SCU1.o)
 *fill*         0x06022e8c        0x4 00
 .bss           0x06022e90       0x20 ../sbl6/segalib/lib/sega_sat.a(DMA_SCU0.o)
 .bss           0x06022eb0       0x10 c:/saturn/SH_COFF/sh-coff/bin/../lib/gcc/sh-coff/3.4-GNUSH_v0501\libgcc.a(__main.o)
 .bss           0x06022ec0       0x10 c:/saturn/SH_COFF/sh-coff/bin/../lib/gcc/sh-coff/3.4-GNUSH_v0501/../../../../sh-coff/lib\libc.a(atexit.o)
 .bss           0x06022ed0       0x40 c:/saturn/SH_COFF/sh-coff/bin/../lib/gcc/sh-coff/3.4-GNUSH_v0501/../../../../sh-coff/lib\libc.a(mallocr.o)
                0x06022f00                __malloc_top_pad
                0x06022ed0                __malloc_current_mallinfo
                0x06022efc                __malloc_max_sbrked_mem
                0x06022ef8                __malloc_max_total_mem
 .bss           0x06022f10       0x10 c:/saturn/SH_COFF/sh-coff/bin/../lib/gcc/sh-coff/3.4-GNUSH_v0501/../../../../sh-coff/lib\libc.a(syscalls.o)
 *(COMMON)
 COMMON         0x06022f20      0x400 ../sbl6/segalib/lib/sega_int.a(int.o)
                                  0x0 (size before relaxing)
                0x06022f20                __interrupt_vector
 COMMON         0x06023320       0x50 ../sbl6/segalib/lib/sega_spr.a(spr_2c.o)
                                  0x0 (size before relaxing)
                0x06023320                SpMstCmd
                0x06023324                Sp2OpenFlag
                0x06023328                SpGourTblMax
                0x0602332c                SpDrawPrtyBlk
                0x06023330                SpLCoordX
                0x06023334                SpMstDrawPrtyBlk
                0x06023338                SpGourTbl
                0x0602333c                SpLookupTblR
                0x06023340                SpCmdTbl
                0x06023344                SpCharMax
                0x06023348                SpDrawPrtyProcFlag
                0x0602334c                SpCmdNo
                0x06023350                SpDrawPrtyBlkMax
                0x06023354                SpSlvCmdPos
                0x06023358                SpSlvDrawPrtyBlk
                0x0602335c                SpCharTbl
                0x06023360                SpCmdTblR
                0x06023364                SpMstCmdPos
                0x06023368                SpSlvCmd
                0x0602336c                SpLCoordY
 COMMON         0x06023370       0x10 ../sbl6/segalib/lib/sega_spr.a(spr_1c.o)
                                  0x0 (size before relaxing)
                0x06023370                SpScreenY
                0x06023374                SpFbcrMode
                0x06023376                SpDil
                0x06023378                SpDie
                0x0602337a                SpTvMode
                0x0602337c                SpScreenX
 COMMON         0x06023380      0xf00 ../sbl6/segalib/lib/sega_scl.a(scl_func.o)
                                  0x0 (size before relaxing)
                0x06023380                SclRbgKtbAddr
                0x06023388                SclRb
                0x0602338a                Scl_flag
                0x06023390                SclK_TableBuff
                0x06024060                SclAddrCsTbl
                0x06024070                Scl_s_reg
                0x06024098                SclRotateXy
                0x060240a0                Scl_d_reg
                0x060240e8                SclRotateDisp
                0x060240f0                SclRotateMoveZ
                0x060240f8                SclRotXySw
                0x06024100                Scl_r_reg
                0x06024110                SclRPMD
                0x06024118                SclRbgKtbOffset
                0x06024120                _SclRotregBuff
                0x060241f0                SclRa
                0x060241f8                SclRotateZ
                0x06024200                SclAddrLsTbl
                0x06024208                SclK_TableNum
                0x06024210                SclRotateTableAddress
                0x06024214                SclK_TableFlag
                0x06024220                Scl_w_reg
                0x06024240                Scl_n_reg
 COMMON         0x06024280      0x6b0 ../sbl6/segalib/lib/sega_scl.a(scl_pri.o)
                                  0x0 (size before relaxing)
                0x06024280                SclAutoEndBlue2
                0x06024290                SclColOffset
                0x060242a0                SclPriBuffDirty
                0x060242a2                SclAutoEndRed
                0x060242a4                SclAutoSurface
                0x060242a8                SclAutoGreen
                0x060242aa                SclAutoEndGreen
                0x060242ac                SclAutoCount
                0x060242b0                SclColRamAlloc256
                0x060242d0                SclAutoCurRate
                0x060242d1                SclAutoPlusFlag
                0x060242d8                SclSpColMix
                0x060242e0                SclAutoMax
                0x060242e4                SclLineColRamOffset
                0x060242e8                SclColRamAlloc2048
                0x060242ec                SclBgPriNum
                0x060242f2                SclAutoEndBlue
                0x060242f4                SclAutoEndGreen2
                0x060242f6                SclAutoVeFlag
                0x060242f8                SclBgColMix
                0x06024300                SclAutoIndex
                0x06024304                SclAutoEndRate
                0x06024306                SclAutoBlue
                0x06024308                SclAutoRed
                0x0602430c                SclAutoInterval
                0x06024310                SclOtherPri
                0x06024320                SclAutoRGB
                0x06024920                SclAutoEndRed2
                0x06024928                SclSpPriNum
 COMMON         0x06024930       0x10 ../sbl6/segalib/lib/sega_scl.a(scl_ro00.o)
                                  0x0 (size before relaxing)
                0x06024930                SclCsx
                0x06024938                SclCsy
 COMMON         0x06024940       0x15 ../sbl6/segalib/lib/sega_per.a(per_prt.o)
                                  0x0 (size before relaxing)
                0x06024940                per_get_time_flg
                0x06024941                per_hot_res
                0x06024942                per_set_sys_flg
                0x06024944                per_get_time_adr
                0x06024948                per_get_sys_data
                0x06024954                per_time_out_flg
 *fill*         0x06024955        0xb 00
 COMMON         0x06024960        0x4 c:/saturn/SH_COFF/sh-coff/bin/../lib/gcc/sh-coff/3.4-GNUSH_v0501/../../../../sh-coff/lib\libc.a(syscalls.o)
                                  0x0 (size before relaxing)
                0x06024960                errno
                0x06024964                SIZEOF_B = (. - STARTOF_B)
                0x06024964                ENDOF_B = .
                0x06024964                _end = .
OUTPUT(main.cof coff-sh)

.comment        0x06024970      0x3a0
 .comment       0x06024970       0x20 ../sbl6/segasmp/lib/strt2_g.o
 .comment       0x06024990       0x20 ../sbl6/segasmp/v_blank/set_vb.o
 .comment       0x060249b0       0x20 ../sbl6/segasmp/v_blank/v_blank.o
 .comment       0x060249d0       0x20 ../sbl6/segasmp/per/smpclib/per_x1.o
 .comment       0x060249f0       0x20 ../sbl6/segasmp/per/smpclib/per_x2.o
 .comment       0x06024a10       0x20 graphics.o
 .comment       0x06024a30       0x20 sprite.o
 .comment       0x06024a50       0x20 main.o
 .comment       0x06024a70       0x20 c:/saturn/SH_COFF/sh-coff/bin/../lib/gcc/sh-coff/3.4-GNUSH_v0501\libgcc.a(__main.o)
 .comment       0x06024a90       0x20 c:/saturn/SH_COFF/sh-coff/bin/../lib/gcc/sh-coff/3.4-GNUSH_v0501\libgcc.a(_si_to_df.o)
 .comment       0x06024ab0       0x20 c:/saturn/SH_COFF/sh-coff/bin/../lib/gcc/sh-coff/3.4-GNUSH_v0501\libgcc.a(_mul_df.o)
 .comment       0x06024ad0       0x20 c:/saturn/SH_COFF/sh-coff/bin/../lib/gcc/sh-coff/3.4-GNUSH_v0501\libgcc.a(_df_to_si.o)
 .comment       0x06024af0       0x20 c:/saturn/SH_COFF/sh-coff/bin/../lib/gcc/sh-coff/3.4-GNUSH_v0501\libgcc.a(_pack_df.o)
 .comment       0x06024b10       0x20 c:/saturn/SH_COFF/sh-coff/bin/../lib/gcc/sh-coff/3.4-GNUSH_v0501\libgcc.a(_unpack_df.o)
 .comment       0x06024b30       0x20 c:/saturn/SH_COFF/sh-coff/bin/../lib/gcc/sh-coff/3.4-GNUSH_v0501\libgcc.a(_thenan_df.o)
 .comment       0x06024b50       0x20 c:/saturn/SH_COFF/sh-coff/bin/../lib/gcc/sh-coff/3.4-GNUSH_v0501\libgcc.a(_muldi3.o)
 .comment       0x06024b70       0x20 c:/saturn/SH_COFF/sh-coff/bin/../lib/gcc/sh-coff/3.4-GNUSH_v0501\libgcc.a(_lshrdi3.o)
 .comment       0x06024b90       0x20 c:/saturn/SH_COFF/sh-coff/bin/../lib/gcc/sh-coff/3.4-GNUSH_v0501\libgcc.a(_ashldi3.o)
 .comment       0x06024bb0       0x20 c:/saturn/SH_COFF/sh-coff/bin/../lib/gcc/sh-coff/3.4-GNUSH_v0501/../../../../sh-coff/lib\libc.a(atexit.o)
 .comment       0x06024bd0       0x20 c:/saturn/SH_COFF/sh-coff/bin/../lib/gcc/sh-coff/3.4-GNUSH_v0501/../../../../sh-coff/lib\libc.a(impure.o)
 .comment       0x06024bf0       0x20 c:/saturn/SH_COFF/sh-coff/bin/../lib/gcc/sh-coff/3.4-GNUSH_v0501/../../../../sh-coff/lib\libc.a(malloc.o)
 .comment       0x06024c10       0x20 c:/saturn/SH_COFF/sh-coff/bin/../lib/gcc/sh-coff/3.4-GNUSH_v0501/../../../../sh-coff/lib\libc.a(mallocr.o)
 .comment       0x06024c30       0x20 c:/saturn/SH_COFF/sh-coff/bin/../lib/gcc/sh-coff/3.4-GNUSH_v0501/../../../../sh-coff/lib\libc.a(freer.o)
 .comment       0x06024c50       0x20 c:/saturn/SH_COFF/sh-coff/bin/../lib/gcc/sh-coff/3.4-GNUSH_v0501/../../../../sh-coff/lib\libc.a(mlock.o)
 .comment       0x06024c70       0x20 c:/saturn/SH_COFF/sh-coff/bin/../lib/gcc/sh-coff/3.4-GNUSH_v0501/../../../../sh-coff/lib\libc.a(sbrkr.o)
 .comment       0x06024c90       0x20 c:/saturn/SH_COFF/sh-coff/bin/../lib/gcc/sh-coff/3.4-GNUSH_v0501/../../../../sh-coff/lib\libc.a(syscalls.o)
 .comment       0x06024cb0       0x20 c:/saturn/SH_COFF/sh-coff/bin/../lib/gcc/sh-coff/3.4-GNUSH_v0501/../../../../sh-coff/lib\libc.a(abort.o)
 .comment       0x06024cd0       0x20 c:/saturn/SH_COFF/sh-coff/bin/../lib/gcc/sh-coff/3.4-GNUSH_v0501/../../../../sh-coff/lib\libc.a(signal.o)
 .comment       0x06024cf0       0x20 c:/saturn/SH_COFF/sh-coff/bin/../lib/gcc/sh-coff/3.4-GNUSH_v0501/../../../../sh-coff/lib\libc.a(signalr.o)
