Archive member included because of file (symbol)

../sbl6/segalib/lib/sega_int.a(int.o)
                              vblank.o (INT_SetScuFunc)
../sbl6/segalib/lib/sega_int.a(int_trmp.o)
                              ../sbl6/segalib/lib/sega_int.a(int.o) (__interrupt_handler0)
../sbl6/segalib/lib/sega_spr.a(spr_2c.o)
                              sprite.o (SPR_2Initial)
../sbl6/segalib/lib/sega_spr.a(spr_slv.o)
                              ../sbl6/segalib/lib/sega_spr.a(spr_2c.o) (SPR_InitSlaveSH)
../sbl6/segalib/lib/sega_spr.a(spr_1c.o)
                              ../sbl6/segalib/lib/sega_spr.a(spr_2c.o) (SPR_Initial)
../sbl6/segalib/lib/sega_spr.a(spr_2a.o)
                              ../sbl6/segalib/lib/sega_spr.a(spr_2c.o) (SPR_2SetDrawPrty)
../sbl6/segalib/lib/sega_scl.a(scl_vblv.o)
                              ../sbl6/segalib/lib/sega_spr.a(spr_1c.o) (SpFrameChgMode)
../sbl6/segalib/lib/sega_scl.a(scl_func.o)
                              sprite.o (SCL_Vdp2Init)
../sbl6/segalib/lib/sega_scl.a(scl_pr03.o)
                              sprite.o (SCL_AllocColRam)
../sbl6/segalib/lib/sega_scl.a(scl_pr02.o)
                              sprite.o (SCL_SetColRam)
../sbl6/segalib/lib/sega_scl.a(scl_back.o)
                              scroll.o (SCL_SetBack)
../sbl6/segalib/lib/sega_scl.a(scl_fu05.o)
                              scroll.o (SCL_InitLineParamTb)
../sbl6/segalib/lib/sega_scl.a(scl_fu03.o)
                              scroll.o (SCL_InitConfigTb)
../sbl6/segalib/lib/sega_scl.a(scl_fu02.o)
                              scroll.o (SCL_InitVramConfigTb)
../sbl6/segalib/lib/sega_scl.a(scl_fu04.o)
                              scroll.o (SCL_SetCycleTable)
../sbl6/segalib/lib/sega_scl.a(scl_pr07.o)
                              scroll.o (SCL_SetPriority)
../sbl6/segalib/lib/sega_scl.a(scl_pr01.o)
                              main.o (SCL_SetSpriteMode)
../sbl6/segalib/lib/sega_scl.a(scl_pri.o)
                              ../sbl6/segalib/lib/sega_scl.a(scl_func.o) (SclRealOtherPri)
../sbl6/segalib/lib/sega_scl.a(scl_ro00.o)
                              ../sbl6/segalib/lib/sega_scl.a(scl_func.o) (SCL_Rotate)
../sbl6/segalib/lib/sega_scl.a(scl_pr06.o)
                              ../sbl6/segalib/lib/sega_scl.a(scl_pr03.o) (SCL_SetColRamOffset)
../sbl6/segalib/lib/sega_scl.a(scl_pr05.o)
                              ../sbl6/segalib/lib/sega_scl.a(scl_pr02.o) (SCL_GetColRamOffset)
../sbl6/segalib/lib/sega_mth.a(mth_fixd.o)
                              sprite.o (MTH_Mul)
../sbl6/segalib/lib/sega_mth.a(mth_tri.o)
                              sprite.o (MTH_Sin)
../sbl6/segalib/lib/sega_per.a(per_prt.o)
                              ../sbl6/segasmp/per/smpclib/per_x2.o (PER_LInit)
../sbl6/segalib/lib/sega_sat.a(gfs.o)
                              cd.o (GFS_Init)
../sbl6/segalib/lib/sega_sat.a(DMA_SCU1.o)
                              ../sbl6/segalib/lib/sega_spr.a(spr_2c.o) (DMA_ScuMemCopy)
../sbl6/segalib/lib/sega_sat.a(gfs_cdf.o)
                              ../sbl6/segalib/lib/sega_sat.a(gfs.o) (GFCF_Init)
../sbl6/segalib/lib/sega_sat.a(gfs_dir.o)
                              ../sbl6/segalib/lib/sega_sat.a(gfs.o) (GFDR_SetupDirTbl)
../sbl6/segalib/lib/sega_sat.a(gfs_trn.o)
                              ../sbl6/segalib/lib/sega_sat.a(gfs.o) (GFTR_Setup)
../sbl6/segalib/lib/sega_sat.a(gfs_buf.o)
                              ../sbl6/segalib/lib/sega_sat.a(gfs.o) (GFBF_GetNumData)
../sbl6/segalib/lib/sega_sat.a(gfs_cdb.o)
                              ../sbl6/segalib/lib/sega_sat.a(gfs_cdf.o) (GFCB_Setup)
../sbl6/segalib/lib/sega_sat.a(gfs_cdc.o)
                              ../sbl6/segalib/lib/sega_sat.a(gfs.o) (GFCD_SetCdbfs)
../sbl6/segalib/lib/sega_sat.a(DMA_SCU0.o)
                              ../sbl6/segalib/lib/sega_sat.a(DMA_SCU1.o) (DMA_ScuSetPrm)
../sbl6/segalib/lib/sega_sat.a(csh_main.o)
                              ../sbl6/segalib/lib/sega_sat.a(DMA_SCU1.o) (CSH_Purge)
../sbl6/segalib/lib/sega_sat.a(DMA_CPU0.o)
                              ../sbl6/segalib/lib/sega_sat.a(gfs_trn.o) (DMA_CpuSetComPrm)
../sbl6/segalib/lib/sega_sat.a(cdc_reg.o)
                              ../sbl6/segalib/lib/sega_sat.a(gfs_cdb.o) (CDC_GetDataPtr)
../sbl6/segalib/lib/sega_sat.a(cdc_cfs.o)
                              ../sbl6/segalib/lib/sega_sat.a(gfs_cdc.o) (CDC_ChgDir)
../sbl6/segalib/lib/sega_sat.a(cdc_cmn.o)
                              ../sbl6/segalib/lib/sega_sat.a(gfs_cdc.o) (CDC_GetCurStat)
../sbl6/segalib/lib/sega_sat.a(cdc_bio.o)
                              ../sbl6/segalib/lib/sega_sat.a(gfs_cdc.o) (CDC_SetSctLen)
../sbl6/segalib/lib/sega_sat.a(cdc_sel.o)
                              ../sbl6/segalib/lib/sega_sat.a(gfs_cdc.o) (CDC_SetFiltRange)
../sbl6/segalib/lib/sega_sat.a(cdc_drv.o)
                              ../sbl6/segalib/lib/sega_sat.a(gfs_cdc.o) (CDC_CdPlay)
../sbl6/segalib/lib/sega_sat.a(cdc_bif.o)
[...]
Memory Configuration

Name             Origin             Length             Attributes
*default*        0x00000000         0xffffffff

Linker script and memory map

LOAD ../sbl6/segasmp/lib/strt1_g.o
LOAD ../sbl6/segasmp/lib/strt2_g.o
LOAD vblank.o
LOAD ../sbl6/segasmp/per/smpclib/per_x1.o
LOAD ../sbl6/segasmp/per/smpclib/per_x2.o
LOAD ../sbl6/segasmp/per/smpclib/per_x3.o
LOAD blocks.o
LOAD cd.o
LOAD collision.o
LOAD enemylist.o
LOAD graphics.o
LOAD player.o
LOAD print.o
LOAD sprite.o
LOAD spritecode/explosion.o
LOAD spritecode/float.o
LOAD scroll.o
LOAD main.o
LOAD ../sbl6/segalib/lib/sega_int.a
LOAD ../sbl6/segalib/lib/sega_spr.a
LOAD ../sbl6/segalib/lib/sega_scl.a
LOAD ../sbl6/segalib/lib/sega_mth.a
LOAD ../sbl6/segalib/lib/sega_cdc.a
LOAD ../sbl6/segalib/lib/sega_adp.a
LOAD ../sbl6/segalib/lib/sega_per.a
LOAD ../sbl6/segalib/lib/sega_sat.a
LOAD C:/saturn/SH_COFF/sh-coff/bin/../lib/gcc/sh-coff/3.4-GNUSH_v0501\libgcc.a
LOAD C:/saturn/SH_COFF/sh-coff/bin/../lib/gcc/sh-coff/3.4-GNUSH_v0501/../../../../sh-coff/lib\libc.a
LOAD C:/saturn/SH_COFF/sh-coff/bin/../lib/gcc/sh-coff/3.4-GNUSH_v0501\libgcc.a

.text           0x06010000    0x14510
 *(.text)
 .text          0x06010000       0x30 ../sbl6/segasmp/lib/strt1_g.o
                0x06010024                _D_END
                0x06010020                _D_BGN
                0x0601002c                _B_END
                0x06010028                _B_BGN
                0x06010000                START
 .text          0x06010030       0x60 ../sbl6/segasmp/lib/strt2_g.o
                0x06010050                _INITSCT
                0x06010030                _INIT
 .text          0x06010090      0x180 vblank.o
                0x06010090                SetVblank
                0x06010110                UsrVblankOut
                0x060100f0                UsrVblankIn
 .text          0x06010210      0x430 ../sbl6/segasmp/per/smpclib/per_x1.o
                0x060105a4                PER_GetAnalogXYZ
                0x06010234                PER_GetTriggerHandler
                0x060104ce                PER_GetEdge
                0x0601044c                PER_GetTrigger
                0x060104f8                PER_GetPressEdge
                0x0601054c                PER_GetReleaseEdge
                0x06010210                PER_SetTriggerHandler
 .text          0x06010640      0x200 ../sbl6/segasmp/per/smpclib/per_x2.o
                0x06010744                PER_GetDeviceA
                0x06010640                PER_OpenPort
                0x06010678                PER_GetPort
                0x060107be                PER_GetDeviceR
 .text          0x06010840       0x20 ../sbl6/segasmp/per/smpclib/per_x3.o
                0x06010840                PER_DisguiseTrigger
 .text          0x06010860       0xd0 blocks.o
                0x06010860                block_get
                0x060108c0                block_check
                0x060108f0                block_spike
 .text          0x06010930       0xa0 cd.o
                0x06010930                cd_init
                0x06010960                cd_load
 .text          0x060109d0      0x9d0 collision.o
                0x060109d0                collision_check_up
                0x06011200                collision_eject_horiz
                0x06011360                collision_player
                0x06010fe0                collision_eject_vert
                0x06010d00                collision_check
                0x06010bc0                collision_check_left
                0x06010c50                collision_check_right
                0x06010f30                collision_spikes
                0x06010b00                collision_check_below
                0x06010a40                collision_check_down
 .text          0x060113a0       0x80 enemylist.o
                0x060113a0                enemylist_spawn
 .text          0x06011420      0x690 player.o
                0x060114b0                player_killenemy
                0x06011420                player_frames
                0x06011620                player_input
                0x06011430                player_init
                0x060114d0                player_die
                0x060119c0                player_draw
                0x06011480                player_cankill
                0x06011520                player_animate
 .text          0x06011ab0      0x170 print.o
                0x06011b80                print_display
                0x06011af0                print_num
                0x06011ab0                print_init
                0x06011b40                print_string
 .text          0x06011c20      0x6e0 sprite.o
                0x06011c50                sprite_init
                0x06012140                sprite_make
                0x06012270                sprite_next
                0x060122d0                sprite_delete
                0x06012180                sprite_draw_all
                0x06011c20                sprite_deleteall
                0x06011ef0                sprite_draw
 .text          0x06012300       0xe0 spritecode/explosion.o
                0x06012370                explosion_move
                0x06012300                explosion_make
 .text          0x060123e0      0x140 spritecode/float.o
                0x060123e0                float_make
                0x06012450                float_move
 .text          0x06012520      0x8c0 scroll.o
                0x06012520                scroll_move
                0x06012b30                scroll_get
                0x06012b90                scroll_copy
                0x06012670                scroll_set
                0x06012cc0                scroll_reset
                0x06012d20                scroll_linescroll4
                0x06012780                scroll_init
                0x060126a0                scroll_scale
 .text          0x06012de0      0x1a0 main.o
                0x06012de0                main
 .text          0x06012f80       0x40 ../sbl6/segalib/lib/sega_int.a(int.o)
                0x06012fac                INT_GetScuFunc
                0x06012f80                INT_SetScuFunc
 .text          0x06012fc0      0x624 ../sbl6/segalib/lib/sega_int.a(int_trmp.o)
                0x06013128                __interrupt_handler60
                0x060132d8                __interrupt_handler132
                0x0601348e                __interrupt_handler205
                0x060132f6                __interrupt_handler137
                0x06013224                __interrupt_handler102
                0x06013062                __interrupt_handler27
                0x06013464                __interrupt_handler198
                0x06013356                __interrupt_handler153
                0x0601303e                __interrupt_handler21
                0x0601314c                __interrupt_handler66
                0x0601323c                __interrupt_handler106
                0x06013386                __interrupt_handler161
                0x060131d0                __interrupt_handler88
                0x0601339e                __interrupt_handler165
                0x060132ae                __interrupt_handler125
                0x06012fe4                __interrupt_handler6
                0x06013080                __interrupt_handler32
                0x0601343a                __interrupt_handler191
                0x06013554                __interrupt_handler238
                0x0601356c                __interrupt_handler242
                0x06013374                __interrupt_handler158
                0x060131dc                __interrupt_handler90
                0x06013398                __interrupt_handler164
                0x060130bc                __interrupt_handler42
                0x060133fe                __interrupt_handler181
                0x06013506                __interrupt_handler225
                0x060135ae                __interrupt_handler253
                0x060133c2                __interrupt_handler171
                0x0601317c                __interrupt_handler74
                0x06012fd2                __interrupt_handler3
                0x06013116                __interrupt_handler57
                0x06013014                __interrupt_handler14
                0x060134ac                __interrupt_handler210
                0x060134dc                __interrupt_handler218
                0x060134a0                __interrupt_handler208
                0x060130a4                __interrupt_handler38
                0x06012fc0                __interrupt_handler0
                0x06013230                __interrupt_handler104
                0x0601336e                __interrupt_handler157
                0x060134be                __interrupt_handler213
                0x060133b0                __interrupt_handler168
                0x060131be                __interrupt_handler85
                0x0601325a                __interrupt_handler111
                0x0601326c                __interrupt_handler114
                0x060130da                __interrupt_handler47
                0x06013530                __interrupt_handler232
                0x060134fa                __interrupt_handler223
                0x0601354e                __interrupt_handler237
                0x0601313a                __interrupt_handler63
                0x060130c8                __interrupt_handler44
                0x060133da                __interrupt_handler175
                0x06013404                __interrupt_handler182
                0x0601341c                __interrupt_handler186
                0x0601331a                __interrupt_handler143
                0x06013242                __interrupt_handler107
                0x060132a8                __interrupt_handler124
                0x060133c8                __interrupt_handler172
                0x0601357e                __interrupt_handler245
                0x060131fa                __interrupt_handler95
                0x060132d2                __interrupt_handler131
                0x060132e4                __interrupt_handler134
                0x06013302                __interrupt_handler139
                0x06013170                __interrupt_handler72
                0x0601352a                __interrupt_handler231
                0x06013380                __interrupt_handler160
                0x060132c6                __interrupt_handler129
                0x06013038                __interrupt_handler20
                0x06013146                __interrupt_handler65
                0x06013110                __interrupt_handler56
                0x0601300e                __interrupt_handler13
                0x060134a6                __interrupt_handler209
                0x06013260                __interrupt_handler112
                0x06013032                __interrupt_handler19
                0x060131ee                __interrupt_handler93
                0x06013458                __interrupt_handler196
                0x0601334a                __interrupt_handler151
                0x060133aa                __interrupt_handler167
                0x060135c0                __trampoline
                0x06013026                __interrupt_handler17
                0x06013518                __interrupt_handler228
                0x060135ba                __interrupt_handler255
                0x06013578                __interrupt_handler244
                0x06013212                __interrupt_handler99
                0x0601340a                __interrupt_handler183
                0x06013308                __interrupt_handler140
                0x0601342e                __interrupt_handler189
                0x0601332c                __interrupt_handler146
                0x060134f4                __interrupt_handler222
                0x06013368                __interrupt_handler156
                0x0601329c                __interrupt_handler122
                0x06013590                __interrupt_handler248
                0x060130e0                __interrupt_handler48
                0x0601315e                __interrupt_handler69
                0x06013050                __interrupt_handler24
                0x060131d6                __interrupt_handler89
                0x060134ca                __interrupt_handler215
                0x060135b4                __interrupt_handler254
                0x060131ca                __interrupt_handler87
                0x0601312e                __interrupt_handler61
                0x06013452                __interrupt_handler195
                0x06013344                __interrupt_handler150
                0x060130b6                __interrupt_handler41
                0x06013254                __interrupt_handler110
                0x060132ba                __interrupt_handler127
                0x06013248                __interrupt_handler108
                0x06013266                __interrupt_handler113
                0x06013278                __interrupt_handler116
                0x06013296                __interrupt_handler121
                0x0601318e                __interrupt_handler77
                0x060130aa                __interrupt_handler39
                0x060130c2                __interrupt_handler43
                0x06013596                __interrupt_handler249
                0x060133d4                __interrupt_handler174
                0x060132f0                __interrupt_handler136
                0x06013428                __interrupt_handler188
                0x06013326                __interrupt_handler145
                0x06012ff6                __interrupt_handler9
                0x0601319a                __interrupt_handler79
                0x06013512                __interrupt_handler227
                0x0601308c                __interrupt_handler34
                0x060132cc                __interrupt_handler130
                0x0601358a                __interrupt_handler247
                0x06013182                __interrupt_handler75
                0x060133ce                __interrupt_handler173
                0x060130fe                __interrupt_handler53
                0x0601333e                __interrupt_handler149
                0x060135a2                __interrupt_handler251
                0x06013536                __interrupt_handler233
                0x06012ffc                __interrupt_handler10
                0x06013488                __interrupt_handler204
                0x060131ac                __interrupt_handler82
                0x060131b2                __interrupt_handler83
                0x06013056                __interrupt_handler25
                0x06013572                __interrupt_handler243
                0x0601338c                __interrupt_handler162
                0x060130d4                __interrupt_handler46
                0x060133ec                __interrupt_handler178
                0x060131a0                __interrupt_handler80
                0x06013134                __interrupt_handler62
                0x06012fcc                __interrupt_handler2
                0x0601306e                __interrupt_handler29
                0x06013164                __interrupt_handler70
                0x0601324e                __interrupt_handler109
                0x06013338                __interrupt_handler148
                0x060131f4                __interrupt_handler94
                0x06013500                __interrupt_handler224
                0x0601322a                __interrupt_handler103
                0x06013098                __interrupt_handler36
                0x060132b4                __interrupt_handler126
                0x06013584                __interrupt_handler246
                0x0601310a                __interrupt_handler55
                0x06013008                __interrupt_handler12
                0x060130f8                __interrupt_handler52
                0x06013422                __interrupt_handler187
                0x06013320                __interrupt_handler144
                0x0601327e                __interrupt_handler117
                0x0601302c                __interrupt_handler18
                0x0601345e                __interrupt_handler197
                0x06013350                __interrupt_handler152
                0x06013284                __interrupt_handler118
                0x060133bc                __interrupt_handler170
                0x06013476                __interrupt_handler201
                0x06013206                __interrupt_handler97
                0x06013392                __interrupt_handler163
                0x060133f8                __interrupt_handler180
                0x06013440                __interrupt_handler192
                0x06013560                __interrupt_handler240
                0x060132a2                __interrupt_handler123
                0x060134c4                __interrupt_handler214
                0x0601307a                __interrupt_handler31
                0x06013068                __interrupt_handler28
                0x06013152                __interrupt_handler67
                0x06013158                __interrupt_handler68
                0x06013044                __interrupt_handler22
                0x0601304a                __interrupt_handler23
                0x060133e0                __interrupt_handler176
                0x06012fea                __interrupt_handler7
                0x060134ee                __interrupt_handler221
                0x060134d6                __interrupt_handler217
                0x0601351e                __interrupt_handler229
                0x060130e6                __interrupt_handler49
                0x06012fd8                __interrupt_handler4
                0x060130b0                __interrupt_handler40
                0x06013272                __interrupt_handler115
                0x06013542                __interrupt_handler235
                0x060131e2                __interrupt_handler91
                0x06013494                __interrupt_handler206
                0x060133e6                __interrupt_handler177
                0x06013332                __interrupt_handler147
                0x0601309e                __interrupt_handler37
                0x0601359c                __interrupt_handler250
                0x06012fc6                __interrupt_handler1
                0x060134e2                __interrupt_handler219
                0x06013188                __interrupt_handler76
                0x06013218                __interrupt_handler100
                0x0601311c                __interrupt_handler58
                0x0601301a                __interrupt_handler15
                0x060134b8                __interrupt_handler212
                0x06013566                __interrupt_handler241
                0x0601347c                __interrupt_handler202
                0x06013446                __interrupt_handler193
                0x06013194                __interrupt_handler78
                0x060130ec                __interrupt_handler50
                0x06013086                __interrupt_handler33
                0x060133a4                __interrupt_handler166
                0x060132fc                __interrupt_handler138
                0x060132ea                __interrupt_handler135
                0x06013074                __interrupt_handler30
                0x06013410                __interrupt_handler184
                0x0601330e                __interrupt_handler141
                0x06013524                __interrupt_handler230
                0x06013548                __interrupt_handler236
                0x0601328a                __interrupt_handler119
                0x060131c4                __interrupt_handler86
                0x06013236                __interrupt_handler105
                0x060131a6                __interrupt_handler81
                0x06013290                __interrupt_handler120
                0x060132c0                __interrupt_handler128
                0x06013104                __interrupt_handler54
                0x06013002                __interrupt_handler11
                0x0601346a                __interrupt_handler199
                0x0601335c                __interrupt_handler154
                0x060130ce                __interrupt_handler45
                0x060134d0                __interrupt_handler216
                0x06013482                __interrupt_handler203
                0x0601321e                __interrupt_handler101
                0x060131b8                __interrupt_handler84
                0x06013416                __interrupt_handler185
                0x06013314                __interrupt_handler142
                0x0601305c                __interrupt_handler26
                0x06013140                __interrupt_handler64
                0x06013470                __interrupt_handler200
                0x0601349a                __interrupt_handler207
                0x0601344c                __interrupt_handler194
                0x060131e8                __interrupt_handler92
                0x06013362                __interrupt_handler155
                0x060134b2                __interrupt_handler211
                0x060132de                __interrupt_handler133
                0x06012fde                __interrupt_handler5
                0x06013176                __interrupt_handler73
                0x06013020                __interrupt_handler16
                0x0601355a                __interrupt_handler239
                0x0601353c                __interrupt_handler234
                0x06013092                __interrupt_handler35
                0x06013122                __interrupt_handler59
                0x060133b6                __interrupt_handler169
                0x0601320c                __interrupt_handler98
                0x0601316a                __interrupt_handler71
                0x060130f2                __interrupt_handler51
                0x0601337a                __interrupt_handler159
                0x0601350c                __interrupt_handler226
                0x06013200                __interrupt_handler96
                0x06013434                __interrupt_handler190
                0x060134e8                __interrupt_handler220
                0x06012ff0                __interrupt_handler8
                0x060133f2                __interrupt_handler179
                0x060135a8                __interrupt_handler252
 *fill*         0x060135e4        0xc 00
 .text          0x060135f0     0x12a0 ../sbl6/segalib/lib/sega_spr.a(spr_2c.o)
                0x06014850                SlaveFlushDrawPrtyBlock
                0x060135f0                SPR_2Initial
                0x06013e34                SPR_2SysClip
                0x06013dd4                SPR_2LocalCoord
                0x060146cc                SPR_2FlushDrawPrtyBlock
                0x060143b8                SPR_2DistSpr
                0x06013dbc                SPR_2FlushDrawPrty
                0x060144dc                SPR_2Cmd
                0x06013ab8                SPR_2GourTblNoToVram
                0x06013b18                SPR_2GetAreaSizeInfo
                0x06013880                SPR_2SetGourTbl
                0x0601406c                SPR_2Polygon
                0x06013af4                SPR_2CharNoToVram
                0x06013800                SPR_2SetTvMode
                0x06013c5c                SPR_2CloseCommand
                0x0601383c                SPR_2FrameEraseData
                0x06013618                SPR_2Initial2
                0x0601424c                SPR_2ScaleSpr
                0x06013edc                SPR_2Line
                0x06013ba8                SPR_2OpenCommand
                0x0601381c                SPR_2FrameChgIntr
                0x06014128                SPR_2NormSpr
                0x060138b0                SPR_2SetLookupTbl
                0x060138e4                SPR_2SetChar
                0x06013adc                SPR_2LookupTblNoToVram
                0x06013fb0                SPR_2PolyLine
                0x06013a50                SPR_2ClrAllChar
                0x06013a04                SPR_2ClrChar
                0x06013e80                SPR_2UserClip
 .text          0x06014890      0x1e6 ../sbl6/segalib/lib/sega_spr.a(spr_slv.o)
                0x060149f4                SPR_WaitEndSlaveSH
                0x06014890                SPR_SMPC_SSHON
                0x060149d0                SPR_RunSlaveSH
                0x06014894                SPR_InitSlaveSH
                0x0601495c                SPR_SlaveSHmain
                0x06014891                SPR_SMPC_SSHOFF
 *fill*         0x06014a76        0xa 00
 .text          0x06014a80      0x36a ../sbl6/segalib/lib/sega_spr.a(spr_1c.o)
                0x06014d34                SPR_WaitDrawEnd
                0x06014d4c                SPR_SetEosMode
                0x06014c64                SPR_SetEraseData
                0x06014a80                SPR_Initial
                0x06014b58                SPR_SetTvMode
                0x06014bf0                SPR_GetStatus
 *fill*         0x06014dea        0x6 00
 .text          0x06014df0      0x244 ../sbl6/segalib/lib/sega_spr.a(spr_2a.o)
                0x06014e02                sprMemCpyW
                0x06014e60                flushDrawPrtyBlock
                0x06014df0                sprMemCpyL
                0x06014e14                SPR_2SetDrawPrty
 *fill*         0x06015034        0xc 00
 .text          0x06015040      0x2fc ../sbl6/segalib/lib/sega_scl.a(scl_vblv.o)
                0x060150fc                SCL_DisplayFrame
                0x06015040                SCL_SetFrameInterval
                0x06015130                SCL_VblInit
                0x06015180                SCL_VblankStart
                0x060151c4                SCL_VblankEnd
 *fill*         0x0601533c        0x4 00
 .text          0x06015340      0xb9c ../sbl6/segalib/lib/sega_scl.a(scl_func.o)
                0x06015d1c                SCL_Vdp2_SGLInit
                0x06015c2c                SCL_PriIntProc
                0x06015ba4                SCL_Memcpyw
                0x06015ebc                SCL_SglOff
                0x06015e9c                SCL_SglOn
                0x06015b10                SCL_ScrollShow
                0x060155b8                SCL_Close
                0x060158b0                SCL_Scale
                0x06015340                SCL_Vdp2Init
                0x06015724                SCL_Move
                0x060159ec                SCL_CopyReg
                0x06015594                SCL_Open
                0x060153c4                SCL_ParametersInit
                0x060155d4                SCL_MoveTo
                0x06015bcc                SCL_SetColRamMode
 *fill*         0x06015edc        0x4 00
 .text          0x06015ee0      0x138 ../sbl6/segalib/lib/sega_scl.a(scl_pr03.o)
                0x06015ee0                SCL_FreeColRam
                0x06015f18                SCL_AllocColRam
 *fill*         0x06016018        0x8 00
 .text          0x06016020       0x9c ../sbl6/segalib/lib/sega_scl.a(scl_pr02.o)
                0x06016020                SCL_SetColRam
 *fill*         0x060160bc        0x4 00
 .text          0x060160c0       0x84 ../sbl6/segalib/lib/sega_scl.a(scl_back.o)
                0x060160c0                SCL_SetBack
 *fill*         0x06016144        0xc 00
 .text          0x06016150      0x278 ../sbl6/segalib/lib/sega_scl.a(scl_fu05.o)
                0x0601620c                SCL_SetLineParam
                0x06016158                SCL_InitLineParamTb
 *fill*         0x060163c8        0x8 00
 .text          0x060163d0      0x94c ../sbl6/segalib/lib/sega_scl.a(scl_fu03.o)
                0x0601642c                SCL_SetConfig
                0x060163d0                SCL_InitConfigTb
 *fill*         0x06016d1c        0x4 00
 .text          0x06016d20      0x4f4 ../sbl6/segalib/lib/sega_scl.a(scl_fu02.o)
                0x06016d58                SCL_SetVramConfig
                0x06016d20                SCL_InitVramConfigTb
 *fill*         0x06017214        0xc 00
 .text          0x06017220       0x28 ../sbl6/segalib/lib/sega_scl.a(scl_fu04.o)
                0x06017220                SCL_SetCycleTable
 *fill*         0x06017248        0x8 00
 .text          0x06017250      0x214 ../sbl6/segalib/lib/sega_scl.a(scl_pr07.o)
                0x06017250                SCL_SetPriority
 *fill*         0x06017464        0xc 00
 .text          0x06017470       0x58 ../sbl6/segalib/lib/sega_scl.a(scl_pr01.o)
                0x06017470                SCL_SetSpriteMode
 *fill*         0x060174c8        0x8 00
 .text          0x060174d0     0x10a4 ../sbl6/segalib/lib/sega_scl.a(scl_pri.o)
                0x06017564                SCL_AbortAutoVe
                0x06018414                SCL_SetShadowBit
                0x060179dc                SCL_AutoExec
                0x060174d0                SCL_PriorityInit
                0x06017ef0                SCL_IncColOffset
                0x06017578                SCL_SetColMixRate
                0x06017548                SCL_GetColRamMode
 *fill*         0x06018574        0xc 00
 .text          0x06018580     0x1394 ../sbl6/segalib/lib/sega_scl.a(scl_ro00.o)
                0x0601976c                SCL_RotateZD
                0x06018a34                SCL_Rotate
                0x06018708                SCL_InitRotateTable
 *fill*         0x06019914        0xc 00
 .text          0x06019920      0x1b4 ../sbl6/segalib/lib/sega_scl.a(scl_pr06.o)
                0x06019920                SCL_SetColRamOffset
 *fill*         0x06019ad4        0xc 00
 .text          0x06019ae0       0xac ../sbl6/segalib/lib/sega_scl.a(scl_pr05.o)
                0x06019ae0                SCL_GetColRamOffset
 *fill*         0x06019b8c        0x4 00
 .text          0x06019b90       0xa4 ../sbl6/segalib/lib/sega_mth.a(mth_fixd.o)
                0x06019be0                MTH_FixedToInt
                0x06019bd0                MTH_IntToFixed
                0x06019b90                MTH_Mul
                0x06019bf0                MTH_Product
                0x06019bb0                MTH_Div
 *fill*         0x06019c34        0xc 00
 .text          0x06019c40      0x600 ../sbl6/segalib/lib/sega_mth.a(mth_tri.o)
                0x06019cdc                fcos
                0x06019ce2                fsin
                0x06019c8c                MTH_Cos
                0x06019c40                MTH_Sin
                0x06019e80                MTH_Atan
 .text          0x0601a240      0xf50 ../sbl6/segalib/lib/sega_per.a(per_prt.o)
                0x0601a660                PER_IntFunc
                0x0601a458                PER_LGetPer
                0x0601a240                PER_LInit
 .text          0x0601b190     0x1b04 ../sbl6/segalib/lib/sega_sat.a(gfs.o)
                0x0601b190                gfs_version
                0x0601c404                gfs_mngGetNumFile
                0x0601cb84                gfs_closeSub
                0x0601bf20                GFS_SetGmode
                0x0601c1dc                GFS_SetErrFunc
                0x0601c32c                gfs_mngSetupFuncTbl
                0x0601b4e8                GFS_Reset
                0x0601c254                gfs_chgRoot
                0x0601c320                gfs_aborttrans
                0x0601c604                gfs_svrAddHndl
                0x0601c4b4                gfs_mngFreeGrp
                0x0601c22c                GFS_ConvTno
                0x0601c7b8                gfs_getRootDir
                0x0601c208                GFS_GetErrStat
                0x0601b658                GFS_Seek
                0x0601bcc4                GFS_NwStop
                0x0601c4c0                gfs_mngTermAccess
                0x0601b56c                GFS_Open
                0x0601c46c                GFS_mngAllocGrp
                0x0601cbcc                gfs_isTaskDone
                0x0601b9c4                GFS_Fread
                0x0601c124                GFS_StartTrans
                0x0601cb20                gfs_GetFinfo
                0x0601c360                gfs_mngInitWork
                0x0601b7b0                GFS_ByteToSct
                0x0601c5c4                gfs_svrSearchHndl
                0x0601c8b4                gfs_loadRootDir
                0x0601b40c                GFS_IdToName
                0x0601bb08                GFS_NwFread
                0x0601c054                GFS_SetTransPara
                0x0601bc14                GFS_NwCdRead
                0x0601c6f4                gfs_loadVol
                0x0601bff0                GFS_SetReadPara
                0x0601b70c                GFS_Tell
                0x0601bf84                GFS_SetTmode
                0x0601ca88                GFS_GetFad
                0x0601c0c0                GFS_SetTrFunc
                0x0601c170                GFS_CdMovePickup
                0x0601b3a8                GFS_NameToId
                0x0601bddc                GFS_NwExecOne
                0x0601c93c                gfs_flowIn
                0x0601b864                GFS_GetFileInfo
                0x0601c9e4                gfs_transData
                0x0601c640                gfs_svrRemoveHndl
                0x0601bc8c                GFS_NwIsComplete
                0x0601cbc0                gfs_getGmode
                0x0601bd30                GFS_NwGetStat
                0x0601c69c                GFS_OpenSub
                0x0601b340                GFS_SetDir
                0x0601b80c                GFS_GetFileSize
                0x0601b8d8                GFS_GetNumCdbuf
                0x0601cc20                gfs_convFinStat
                0x0601b900                GFS_Load
                0x0601ba60                gfs_waitRead
                0x0601b298                GFS_LoadDir
                0x0601b478                GFS_GetDirInfo
                0x0601b620                GFS_Close
                0x0601b1b0                GFS_Init
                0x0601bdac                gfs_recovRdErr
                0x0601c544                gfs_mngSetErrCode
                0x0601be9c                GFS_NwExecServer
                0x0601b75c                GFS_IsEof
                0x0601cae0                gfs_SetSct
 *fill*         0x0601cc94        0xc 00
 .text          0x0601cca0      0x1f4 ../sbl6/segalib/lib/sega_sat.a(DMA_SCU1.o)
                0x0601cdfc                DMA_ScuResult
                0x0601cca0                DMA_ScuInit
                0x0601ccf0                DMA_ScuMemCopy
 *fill*         0x0601ce94        0xc 00
 .text          0x0601cea0      0x8d4 ../sbl6/segalib/lib/sega_sat.a(gfs_cdf.o)
                0x0601d394                GFCF_Seek
                0x0601d49c                GFCF_GetStat
                0x0601d37c                GFCF_Tell
                0x0601cf40                GFCF_Setup
                0x0601d448                GFCF_cnvIntlvOfs
                0x0601cea0                GFCF_Init
                0x0601d334                GFCF_Recover
                0x0601d088                GFCF_SetSct
                0x0601d3ac                GFCF_MovePickup
                0x0601d570                gfcf_isCdOk
                0x0601d140                GFCF_FlowInBuf
                0x0601d0cc                GFCF_GetFileInfo
                0x0601d294                GFCF_StopInBuf
                0x0601d534                gfcf_getSctSize
                0x0601d630                gfcf_getPlayRange
 *fill*         0x0601d774        0xc 00
 .text          0x0601d780      0x928 ../sbl6/segalib/lib/sega_sat.a(gfs_dir.o)
                0x0601dc70                gfdr_setNextRec
                0x0601e06c                gfdr_setDirrecCd
                0x0601da68                gfdr_open
                0x0601d87c                GFDR_GetAtrDirId
                0x0601db50                gfdr_readByte
                0x0601d780                GFDR_SetupDirTbl
                0x0601dc48                gfdr_readLongNM
                0x0601dcf4                gfdr_readDirEnt
                0x0601d8ac                GFDR_ChgRoot
                0x0601d7f4                GFDR_NameToId
                0x0601d938                gfdr_setupDirIdTbl
                0x0601d894                GFDR_GetAtrDirName
                0x0601d854                GFDR_GetInfoDirId
                0x0601dbfc                gfdr_readLongNB
                0x0601da90                gfdr_read
                0x0601db7c                gfdr_readWord
                0x0601d9bc                gfdr_setupDirNameTbl
                0x0601d868                GFDR_GetInfoDirName
                0x0601d8c4                GFDR_ChgDir
                0x0601dba8                gfdr_readWordNB
 *fill*         0x0601e0a8        0x8 00
 .text          0x0601e0b0      0xa46 ../sbl6/segalib/lib/sega_sat.a(gfs_trn.o)
                0x0601e190                GFTR_SetTransMax
                0x0601e560                gftr_execScu
                0x0601eae4                GFTR_SetTransFunc
                0x0601e9ac                gftr_remTrn
                0x0601ead0                GFTR_SetData
                0x0601e7d0                gftr_execSdma1
                0x0601ea20                gftr_copyFrac
                0x0601e184                GFTR_GetNumTrans
                0x0601e124                GFTR_SetMode
                0x0601e7a0                gftr_remDma0
                0x0601ea48                GFTR_GetLenData
                0x0601e554                gftr_reqScu
                0x0601e7b8                gftr_reqDma1
                0x0601e470                gftr_getSrcPack
                0x0601eaa0                GFTR_RtnDstPk
                0x0601e63c                gfdma_exec
                0x0601e8d4                gftr_execTrn
                0x0601e368                GFTR_ExecSvr
                0x0601e864                gftr_reqTrn
                0x0601e72c                gfdma_getBytecnt
                0x0601e80c                gftr_reqCpu
                0x0601ea6c                GFTR_GetDstPack
                0x0601e764                gftr_reqDma0
                0x0601e2f0                GFTR_Idle
                0x0601e1a8                GFTR_Pause
                0x0601e178                GFTR_GetTransPara
                0x0601e858                gftr_remCpu
                0x0601e144                GFTR_SetTransPara
                0x0601e7f4                gftr_remDma1
                0x0601e1b4                GFTR_Stop
                0x0601e77c                gftr_execSdma0
                0x0601e0e0                GFTR_Setup
                0x0601e5fc                gftr_remScu
                0x0601e4f8                gftr_getDstPack
                0x0601e630                gfdma_canUse
                0x0601e26c                GFTR_Exec
                0x0601eabc                GFTR_GetData
                0x0601e19c                GFTR_Start
                0x0601e138                GFTR_SetUnit
                0x0601e818                gftr_execCpu
                0x0601ea54                GFTR_GetLenRoom
 *fill*         0x0601eaf6        0xa 00
 .text          0x0601eb00      0x106 ../sbl6/segalib/lib/sega_sat.a(gfs_buf.o)
                0x0601eb58                GFBF_GetNumData
                0x0601ebd4                GFBF_RtnPk
                0x0601eb88                GFBF_GetSrcPk
                0x0601ebfc                gfbf_getSctDt
                0x0601eb30                GFBF_GetTranData
                0x0601ebb0                GFBF_GetSctData
 *fill*         0x0601ec06        0xa 00
 .text          0x0601ec10      0x600 ../sbl6/segalib/lib/sega_sat.a(gfs_cdb.o)
                0x0601f1b8                GFCB_GetPickup
                0x0601ed30                GFCB_Close
                0x0601effc                GFCB_GetSrcPack
                0x0601f184                GFCB_SetCon
                0x0601ee04                GFCB_GetLenRoom
                0x0601f168                GFCB_MovePickup
                0x0601f0dc                GFCB_GetSctData
                0x0601ee10                GFCB_SetFilt
                0x0601ed58                GFCB_GetLenData
                0x0601f1f8                GFCB_UngetPickup
                0x0601ec10                GFCB_Setup
                0x0601eea0                GFCB_Tell
                0x0601f1e0                GFCB_IsPuOwner
                0x0601ef00                GFCB_Seek
                0x0601ee78                GFCB_DeleteAllData
                0x0601f114                GFCB_GetDstPack
                0x0601eeb0                gfcb_getSctNum
                0x0601f120                GFCB_RtnPk
 .text          0x0601f210     0x1a04 ../sbl6/segalib/lib/sega_sat.a(gfs_cdc.o)
                0x0601f4ac                GFCD_AllocBuf
                0x06020288                gfcd_doGetLenDataTsk
                0x06020b24                GFCD_SetCsctFunc
                0x0601f584                GFCD_GetBaseFad
                0x0601f700                GFCD_GetFilt
                0x06020714                gfcd_doChgDirTsk
                0x06020a54                gfcd_checkEflag
                0x0601fa48                GFCD_MovePickup
                0x0601fb2c                GFCD_GetSctInfo
                0x060203dc                gfcd_doReqDataTsk
                0x0601fb74                GFCD_ChgDir
                0x0601f868                GFCD_ReqData
                0x06020b40                GFCD_ChkScdqFlag
                0x0601fff8                GFCD_WaitServer
                0x0601f90c                GFCD_DelSctData
                0x0601fde4                GFCD_ExecServer
                0x060201f8                gfcd_doSetConTsk
                0x0601f440                GFCD_AllocFilt
                0x0601f63c                GFCD_SetFilt
                0x06020034                gfcd_doSetFiltTsk
                0x06020b64                GFCD_ClrScdqFlag
                0x0602047c                gfcd_doDelSctDataTsk
                0x0601ff40                gfcd_doTask
                0x0601f5b8                GFCD_GetPickup
                0x0601fb08                GFCD_CheckMove
                0x06020b80                GFCD_WaitScdqFlag
                0x0601f7a0                GFCD_Play
                0x060205b0                gfcd_doMoveSctTsk
                0x0601f748                GFCD_SetCon
                0x0601fbe8                GFCD_SetFiltCon
                0x06020bc4                GFCD_WaitPause
                0x0601fdac                GFCD_GetBufSiz
                0x0601f5ec                GFCD_UngetPickup
                0x0601fcd0                GFCD_GetFileInfo
                0x0601f8c4                GFCD_EndData
                0x0601f4e0                GFCD_FreeBuf
                0x0601f800                GFCD_GetLenData
                0x0601f47c                GFCD_FreeFilt
                0x0601feb8                gfcd_isIdleTask
                0x0601f23c                GFCD_Init
                0x06020910                gfcd_doSetFiltConTsk
                0x0601f994                GFCD_GetStat
                0x0601fa94                GFCD_MoveSctData
                0x0601f618                GFCD_IsPuOwner
                0x06020a78                gfcd_initCdbMng
                0x0601f210                GFCD_SetCdbfs
                0x0601ffe4                GFCD_SetTimer
                0x06020af8                gfcd_setStat
                0x0601f964                GFCD_CheckDelSctData
 *fill*         0x06020c14        0xc 00
 .text          0x06020c20      0x308 ../sbl6/segalib/lib/sega_sat.a(DMA_SCU0.o)
                0x06020ca4                DMA_ScuStart
                0x06020dd8                DMA_ScuIntFunc0
                0x06020e48                DMA_ScuIntFunc1
                0x06020eb8                DMA_ScuIntFunc2
                0x06020d98                DMA_ScuGetStatus
                0x06020c20                DMA_ScuSetPrm
 *fill*         0x06020f28        0x8 00
 .text          0x06020f30       0xe8 ../sbl6/segalib/lib/sega_sat.a(csh_main.o)
                0x06020f30                CSH_Init
                0x06020f98                CSH_AllClr
                0x06020fe4                CSH_Purge
 *fill*         0x06021018        0x8 00
 .text          0x06021020      0x1b6 ../sbl6/segalib/lib/sega_sat.a(DMA_CPU0.o)
                0x06021068                DMA_CpuSetPrm
                0x0602116c                DMA_CpuStart
                0x060211c4                DMA_CpuGetStatus
                0x06021198                DMA_CpuAllStop
                0x060211ac                DMA_CpuGetComStatus
                0x06021020                DMA_CpuSetComPrm
                0x06021180                DMA_CpuStop
 *fill*         0x060211d6        0xa 00
 .text          0x060211e0      0x2dc ../sbl6/segalib/lib/sega_sat.a(cdc_reg.o)
                0x06021234                CDREG_ClrHirqReq
                0x06021204                CDC_ClrHirqReq
                0x060212b4                CDREG_TgetData
                0x060212a4                CDC_GetMpegPtr
                0x06021280                CDC_GetHirqMsk
                0x060211e0                CDC_GetDataPtr
                0x060211f0                CDC_GetHirqReq
                0x06021410                CDREG_WaitHirq
                0x06021294                CDC_SetHirqMsk
                0x06021310                CDREG_CmdRsp
                0x06021244                CDREG_InitHirqReq
                0x0602126c                CDREG_SetHirqFlag
                0x06021480                CDREG_ReadRsp
 *fill*         0x060214bc        0x4 00
 .text          0x060214c0      0x194 ../sbl6/segalib/lib/sega_sat.a(cdc_cfs.o)
                0x060214c0                CDC_ChgDir
                0x060214f4                CDC_ReadDir
                0x06021618                CDC_AbortFile
                0x06021528                CDC_GetFileScope
                0x06021588                CDC_TgetFileInfo
                0x060215e4                CDC_ReadFile
 *fill*         0x06021654        0xc 00
 .text          0x06021660      0x3a0 ../sbl6/segalib/lib/sega_sat.a(cdc_cmn.o)
                0x06021804                CDC_TgetToc
                0x060219a8                CDC_DataEnd
                0x060216c8                CDC_GetPeriStat
                0x0602193c                CDC_DataReady
                0x06021914                CDC_CdOpen
                0x06021890                CDC_CdInit
                0x06021854                CDC_GetSes
                0x060216b0                CDC_GetLastStat
                0x06021660                CDC_GetCurStat
                0x0602179c                CDC_GetHwInfo
 .text          0x06021a00      0x1e4 ../sbl6/segalib/lib/sega_sat.a(cdc_bio.o)
                0x06021aac                CDC_GetdelSctData
                0x06021a34                CDC_GetSctData
                0x06021ae8                CDC_PutSctData
                0x06021b64                CDC_MoveSctData
                0x06021ba8                CDC_GetCopyErr
                0x06021a70                CDC_DelSctData
                0x06021a00                CDC_SetSctLen
                0x06021b20                CDC_CopySctData
 *fill*         0x06021be4        0xc 00
 .text          0x06021bf0      0x2b8 ../sbl6/segalib/lib/sega_sat.a(cdc_sel.o)
                0x06021e20                CDC_GetFiltCon
                0x06021d9c                CDC_GetFiltMode
                0x06021e74                CDC_ResetSelector
                0x06021bf0                CDC_SetFiltRange
                0x06021c7c                CDC_SetFiltSubh
                0x06021cec                CDC_GetFiltSubh
                0x06021c24                CDC_GetFiltRange
                0x06021d68                CDC_SetFiltMode
                0x06021de0                CDC_SetFiltCon
 *fill*         0x06021ea8        0x8 00
 .text          0x06021eb0      0x130 ../sbl6/segalib/lib/sega_sat.a(cdc_drv.o)
                0x06021eb0                CDC_CdPlay
                0x06021f7c                CDC_CdSeek
                0x06021fb0                CDC_CdScan
 .text          0x06021fe0      0x270 ../sbl6/segalib/lib/sega_sat.a(cdc_bif.o)
                0x0602203c                CDC_GetSctNum
                0x060221bc                CDC_ExeFadSearch
                0x0602213c                CDC_GetSctInfo
                0x06022080                CDC_CalActSiz
                0x06021fe0                CDC_GetBufSiz
                0x060220bc                CDC_GetActSiz
                0x060221f4                CDC_GetFadSearch
 .text          0x06022250       0xa8 ../sbl6/segalib/lib/sega_sat.a(cdc_dev.o)
                0x060222bc                CDC_CdGetLastBuf
                0x06022250                CDC_CdSetCon
                0x06022280                CDC_CdGetCon
 *fill*         0x060222f8        0x8 00
 .text          0x06022300      0x152 ../sbl6/segalib/lib/sega_sat.a(cdc_sub.o)
                0x060223a8                CDSUB_GetCdstat
                0x06022318                CDSUB_UpdCdstat
                0x060223e8                CDSUB_RspToCdstat
                0x06022430                CDSUB_SoftTimer
                0x06022300                CDSUB_UpdStatus
                0x06022338                CDSUB_CdCmd
 *fill*         0x06022452        0xe 00
 .text          0x06022460       0x60 C:/saturn/SH_COFF/sh-coff/bin/../lib/gcc/sh-coff/3.4-GNUSH_v0501\libgcc.a(_ashiftrt.o)
                0x0602246c                __ashiftrt_r4_27
                0x060224a0                __ashiftrt_r4_6
                0x06022490                __ashiftrt_r4_14
                0x06022482                __ashiftrt_r4_19
                0x0602249a                __ashiftrt_r4_9
                0x060224ae                __ashiftrt_r4_0
                0x06022460                __ashiftrt_r4_31
                0x0602246e                __ashiftrt_r4_26
                0x0602247c                __ashiftrt_r4_22
                0x06022488                __ashiftrt_r4_16
                0x06022494                __ashiftrt_r4_12
                0x06022468                __ashiftrt_r4_29
                0x06022486                __ashiftrt_r4_17
                0x06022466                __ashiftrt_r4_30
                0x060224a2                __ashiftrt_r4_5
                0x0602249c                __ashiftrt_r4_8
                0x06022460                __ashiftrt_r4_32
                0x06022470                __ashiftrt_r4_25
                0x060224a8                __ashiftrt_r4_2
                0x06022472                __ashiftrt_r4_24
                0x0602248e                __ashiftrt_r4_15
                0x06022498                __ashiftrt_r4_10
                0x060224aa                __ashiftrt_r4_1
                0x0602246a                __ashiftrt_r4_28
                0x06022480                __ashiftrt_r4_20
                0x0602249e                __ashiftrt_r4_7
                0x06022492                __ashiftrt_r4_13
                0x06022496                __ashiftrt_r4_11
                0x060224a4                __ashiftrt_r4_4
                0x0602247a                __ashiftrt_r4_23
                0x06022484                __ashiftrt_r4_18
                0x0602247e                __ashiftrt_r4_21
                0x060224a6                __ashiftrt_r4_3
 .text          0x060224c0       0x90 C:/saturn/SH_COFF/sh-coff/bin/../lib/gcc/sh-coff/3.4-GNUSH_v0501\libgcc.a(_ashiftlt.o)
                0x060224c0                __ashlsi3
 .text          0x06022550       0xb0 C:/saturn/SH_COFF/sh-coff/bin/../lib/gcc/sh-coff/3.4-GNUSH_v0501\libgcc.a(_movstr.o)
                0x06022590                __movstrSI16
                0x06022564                __movstrSI60
                0x06022570                __movstrSI48
                0x0602256c                __movstrSI52
                0x06022560                __movstrSI64
                0x06022574                __movstrSI44
                0x06022578                __movstrSI40
                0x0602257c                __movstrSI36
                0x060225b0                __movstr
                0x06022568                __movstrSI56
                0x06022584                __movstrSI28
                0x06022580                __movstrSI32
                0x06022594                __movstrSI12
                0x06022598                __movstrSI8
                0x060225a0                __movstrSI0
                0x06022588                __movstrSI24
                0x0602258c                __movstrSI20
                0x0602259c                __movstrSI4
 .text          0x06022600       0xa0 C:/saturn/SH_COFF/sh-coff/bin/../lib/gcc/sh-coff/3.4-GNUSH_v0501\libgcc.a(__main.o)
                0x06022674                __main
                0x06022600                __do_global_dtors
                0x06022634                __do_global_ctors
 .text          0x060226a0      0x2e0 C:/saturn/SH_COFF/sh-coff/bin/../lib/gcc/sh-coff/3.4-GNUSH_v0501\libgcc.a(_mul_df.o)
                0x060226b0                __muldf3
 .text          0x06022980       0xb0 C:/saturn/SH_COFF/sh-coff/bin/../lib/gcc/sh-coff/3.4-GNUSH_v0501\libgcc.a(_si_to_df.o)
                0x06022980                __floatsidf
 .text          0x06022a30       0x80 C:/saturn/SH_COFF/sh-coff/bin/../lib/gcc/sh-coff/3.4-GNUSH_v0501\libgcc.a(_df_to_si.o)
                0x06022a30                __fixdfsi
 .text          0x06022ab0       0x70 C:/saturn/SH_COFF/sh-coff/bin/../lib/gcc/sh-coff/3.4-GNUSH_v0501\libgcc.a(_udivsi3.o)
                0x06022ad2                __udivsi3
 .text          0x06022b20       0xa0 C:/saturn/SH_COFF/sh-coff/bin/../lib/gcc/sh-coff/3.4-GNUSH_v0501\libgcc.a(_sdivsi3.o)
                0x06022b20                __sdivsi3
 .text          0x06022bc0      0x120 C:/saturn/SH_COFF/sh-coff/bin/../lib/gcc/sh-coff/3.4-GNUSH_v0501\libgcc.a(_unpack_df.o)
                0x06022bd0                __unpack_d
 .text          0x06022ce0      0x220 C:/saturn/SH_COFF/sh-coff/bin/../lib/gcc/sh-coff/3.4-GNUSH_v0501\libgcc.a(_pack_df.o)
                0x06022cf0                __pack_d
 .text          0x06022f00       0x20 C:/saturn/SH_COFF/sh-coff/bin/../lib/gcc/sh-coff/3.4-GNUSH_v0501\libgcc.a(_thenan_df.o)
                0x06022f00                __thenan_df
 .text          0x06022f20       0xd0 C:/saturn/SH_COFF/sh-coff/bin/../lib/gcc/sh-coff/3.4-GNUSH_v0501\libgcc.a(_muldi3.o)
                0x06022f20                __muldi3
 .text          0x06022ff0       0x80 C:/saturn/SH_COFF/sh-coff/bin/../lib/gcc/sh-coff/3.4-GNUSH_v0501\libgcc.a(_lshrdi3.o)
                0x06022ff0                __lshrdi3
 .text          0x06023070       0x80 C:/saturn/SH_COFF/sh-coff/bin/../lib/gcc/sh-coff/3.4-GNUSH_v0501\libgcc.a(_ashldi3.o)
                0x06023070                __ashldi3
 .text          0x060230f0       0x30 C:/saturn/SH_COFF/sh-coff/bin/../lib/gcc/sh-coff/3.4-GNUSH_v0501\libgcc.a(_mulsi3.o)
                0x060230f0                __mulsi3
 .text          0x06023120       0x90 C:/saturn/SH_COFF/sh-coff/bin/../lib/gcc/sh-coff/3.4-GNUSH_v0501\libgcc.a(_lshiftrt.o)
                0x06023120                __lshrsi3
 .text          0x060231b0       0xa0 C:/saturn/SH_COFF/sh-coff/bin/../lib/gcc/sh-coff/3.4-GNUSH_v0501/../../../../sh-coff/lib\libc.a(memcpy.o)
                0x060231b0                memcpy
 .text          0x06023250       0x40 C:/saturn/SH_COFF/sh-coff/bin/../lib/gcc/sh-coff/3.4-GNUSH_v0501/../../../../sh-coff/lib\libc.a(memset.o)
                0x06023250                memset
 .text          0x06023290       0x60 C:/saturn/SH_COFF/sh-coff/bin/../lib/gcc/sh-coff/3.4-GNUSH_v0501/../../../../sh-coff/lib\libc.a(memcmp.o)
                0x06023290                memcmp
 .text          0x060232f0       0xb0 C:/saturn/SH_COFF/sh-coff/bin/../lib/gcc/sh-coff/3.4-GNUSH_v0501/../../../../sh-coff/lib\libc.a(strncmp.o)
                0x060232f0                strncmp
 .text          0x060233a0       0xa0 C:/saturn/SH_COFF/sh-coff/bin/../lib/gcc/sh-coff/3.4-GNUSH_v0501/../../../../sh-coff/lib\libc.a(strncpy.o)
                0x060233a0                strncpy
 .text          0x06023440       0x90 C:/saturn/SH_COFF/sh-coff/bin/../lib/gcc/sh-coff/3.4-GNUSH_v0501/../../../../sh-coff/lib\libc.a(atexit.o)
                0x06023440                atexit
 .text          0x060234d0       0x10 C:/saturn/SH_COFF/sh-coff/bin/../lib/gcc/sh-coff/3.4-GNUSH_v0501/../../../../sh-coff/lib\libc.a(impure.o)
                0x060234d0                _global_impure_ptr
 .text          0x060234e0       0x40 C:/saturn/SH_COFF/sh-coff/bin/../lib/gcc/sh-coff/3.4-GNUSH_v0501/../../../../sh-coff/lib\libc.a(malloc.o)
                0x060234fc                free
                0x060234e0                malloc
 .text          0x06023520      0x5b0 C:/saturn/SH_COFF/sh-coff/bin/../lib/gcc/sh-coff/3.4-GNUSH_v0501/../../../../sh-coff/lib\libc.a(mallocr.o)
                0x06023520                _malloc_r
 .text          0x06023ad0      0x340 C:/saturn/SH_COFF/sh-coff/bin/../lib/gcc/sh-coff/3.4-GNUSH_v0501/../../../../sh-coff/lib\libc.a(freer.o)
                0x06023ad0                _malloc_trim_r
                0x06023bc4                _free_r
 .text          0x06023e10       0x20 C:/saturn/SH_COFF/sh-coff/bin/../lib/gcc/sh-coff/3.4-GNUSH_v0501/../../../../sh-coff/lib\libc.a(mlock.o)
                0x06023e10                __malloc_lock
                0x06023e1c                __malloc_unlock
 .text          0x06023e30       0x50 C:/saturn/SH_COFF/sh-coff/bin/../lib/gcc/sh-coff/3.4-GNUSH_v0501/../../../../sh-coff/lib\libc.a(sbrkr.o)
                0x06023e30                _sbrk_r
 .text          0x06023e80      0x380 C:/saturn/SH_COFF/sh-coff/bin/../lib/gcc/sh-coff/3.4-GNUSH_v0501/../../../../sh-coff/lib\libc.a(syscalls.o)
                0x06023fec                _exit
                0x06024020                _getpid
                0x06024088                _utime
                0x06023eb8                _write
                0x06023e80                _read
                0x06023fd4                _unlink
                0x06023f9c                _open
                0x06024038                _stat
                0x06023fe0                isatty
                0x060240b8                _wait
                0x06024004                _kill
                0x06024054                _chmod
                0x060240e8                _execv
                0x060240cc                _execve
                0x060241c4                __setup_argv_and_call_main
                0x06024120                _gettimeofday
                0x06023eec                _link
                0x0602402c                _raise
                0x06023fb8                _creat
                0x06024100                _pipe
                0x0602406c                _chown
                0x06023e9c                _lseek
                0x06023ed4                _close
                0x06024114                _times
                0x06023f88                _fstat
                0x060240a4                _fork
                0x06023f14                _sbrk
 .text          0x06024200       0x20 C:/saturn/SH_COFF/sh-coff/bin/../lib/gcc/sh-coff/3.4-GNUSH_v0501/../../../../sh-coff/lib\libc.a(trap.o)
                0x06024200                __trap34
 .text          0x06024220       0x20 C:/saturn/SH_COFF/sh-coff/bin/../lib/gcc/sh-coff/3.4-GNUSH_v0501/../../../../sh-coff/lib\libc.a(abort.o)
                0x06024220                abort
 .text          0x06024240      0x270 C:/saturn/SH_COFF/sh-coff/bin/../lib/gcc/sh-coff/3.4-GNUSH_v0501/../../../../sh-coff/lib\libc.a(signal.o)
                0x06024300                _raise_r
                0x06024488                __sigtramp
                0x06024434                raise
                0x06024470                _init_signal
                0x060243c0                __sigtramp_r
                0x06024450                signal
                0x0602428c                _signal_r
                0x06024240                _init_signal_r
 .text          0x060244b0       0x60 C:/saturn/SH_COFF/sh-coff/bin/../lib/gcc/sh-coff/3.4-GNUSH_v0501/../../../../sh-coff/lib\libc.a(signalr.o)
                0x060244f8                _getpid_r
                0x060244b0                _kill_r
 *(.strings)

.tors           0x06024510        0x0
                0x06024510                ___ctors = .
 *(.ctors)
                0x06024510                ___ctors_end = .
                0x06024510                ___dtors = .
 *(.dtors)
                0x06024510                ___dtors_end = .

.data           0x06024510     0x1780
                0x06024510                STARTOF_R = .
 *(.data)
 .data          0x06024510      0x400 ../sbl6/segasmp/per/smpclib/per_x1.o
 .data          0x06024910       0x60 blocks.o
                0x06024960                tile2_slope
                0x06024940                tile4_slope
                0x06024910                block_slopes
                0x06024950                tile3_slope
 .data          0x06024970       0x20 enemylist.o
                0x06024970                enemy_lists
                0x06024974                level0_enemies
                0x06024984                enemy_arr
 .data          0x06024990      0x630 graphics.o
                0x06024990                cloudmap_name
                0x06024abe                guy_num
                0x06024fb4                bg_num
                0x060249a0                cloudmap_width
                0x06024b14                cloud_pal
                0x06024b60                hills_pal
                0x06024ba0                hills_name
                0x0602499e                cloudmap_height
                0x060249c4                explosion_pal
                0x06024bac                bg_pal
                0x06024baa                hills_num
                0x06024a04                explosion_name
                0x06024ab0                guy_name
                0x060249b4                hill_map_width
                0x06024a70                guy_pal
                0x06024b5e                cloud_num
                0x06024b0a                font_height
                0x060249c2                map_width
                0x060249c0                map_height
                0x06024aba                guy_width
                0x06024a6a                float_size
                0x06024a14                explosion_width
                0x060249b8                map_name
                0x06024b00                font_name
                0x06024fac                bg_name
                0x060249b2                hill_map_height
                0x06024b0c                font_width
                0x06024ab8                guy_height
                0x060249a4                hill_map_name
                0x06024b54                cloud_name
                0x06024b10                font_num
                0x06024ac0                font_pal
                0x06024a18                explosion_num
                0x06024a66                float_height
                0x06024abc                guy_size
                0x06024b0e                font_size
                0x06024a5c                float_name
                0x06024a1c                float_pal
                0x06024a16                explosion_size
                0x06024a68                float_width
                0x06024a6c                float_num
                0x06024a12                explosion_height
 .data          0x06024fc0       0x10 player.o
                0x06024fc0                lives
 .data          0x06024fd0       0x30 sprite.o
 .data          0x06025000       0x20 scroll.o
                0x06025000                CycleTb
                0x06025010                vram
 .data          0x06025020      0x400 ../sbl6/segalib/lib/sega_int.a(int.o)
 .data          0x06025420       0x1c ../sbl6/segalib/lib/sega_spr.a(spr_slv.o)
                0x06025428                SPR_SlaveParam
                0x06025438                SPR_SMPC_SF
                0x06025430                SPR_SMPC_COM
                0x0602542c                SPR_SlaveSHEntry
                0x06025424                SPR_SlaveState
                0x06025420                SPR_SlaveCommand
                0x06025434                SPR_SMPC_RET
 *fill*         0x0602543c        0x4 00
 .data          0x06025440       0x34 ../sbl6/segalib/lib/sega_spr.a(spr_1c.o)
                0x06025440                SpInitialFlag
 *fill*         0x06025474        0xc 00
 .data          0x06025480       0x1c ../sbl6/segalib/lib/sega_scl.a(scl_vblv.o)
                0x06025488                VBInterval
                0x06025490                ReqDisplayFlag
                0x06025480                SpFrameChgMode
                0x0602548c                VBIntervalCounter
                0x06025484                SpFrameEraseMode
 *fill*         0x0602549c        0x4 00
 .data          0x060254a0       0x36 ../sbl6/segalib/lib/sega_scl.a(scl_func.o)
                0x060254b0                SclRotregBuff
                0x060254ac                SclDisplayY
                0x060254b4                SclRotateTableMode
                0x060254a8                SclProcess
                0x060254a4                SclCurSclNum
                0x060254a0                SclLengthLsTbl
                0x060254aa                SclDisplayX
                0x060254a2                SclLengthCsTbl
 *fill*         0x060254d6        0xa 00
 .data          0x060254e0       0x18 ../sbl6/segalib/lib/sega_scl.a(scl_pri.o)
                0x060254e4                SclRealSpPriNum
                0x060254f4                SclRealColOffset
                0x060254f0                SclRealBgColMix
                0x060254ec                SclRealSpColMix
                0x060254e8                SclRealBgPriNum
                0x060254e0                SclRealOtherPri
 *fill*         0x060254f8        0x8 00
 .data          0x06025500      0x380 C:/saturn/SH_COFF/sh-coff/bin/../lib/gcc/sh-coff/3.4-GNUSH_v0501/../../../../sh-coff/lib\libc.a(impure.o)
                0x0602587c                _impure_ptr
 .data          0x06025880      0x410 C:/saturn/SH_COFF/sh-coff/bin/../lib/gcc/sh-coff/3.4-GNUSH_v0501/../../../../sh-coff/lib\libc.a(mallocr.o)
                0x06025888                __malloc_av_
                0x06025884                __malloc_trim_threshold
                0x06025880                __malloc_sbrk_base
                0x06025c90                SIZEOF_R = (. - STARTOF_R)
                0x06025c90                ENDOF_R = .

.bss            0x06025c90     0xf084
                0x06025c90                STARTOF_B = .
 *(.bss)
 .bss           0x06025c90       0x10 vblank.o
                0x06025c94                PadData2E
                0x06025c9a                PadData1
                0x06025c96                PadData2
                0x06025c98                PadData1E
                0x06025c90                __port
 .bss           0x06025ca0       0xd0 ../sbl6/segasmp/per/smpclib/per_x2.o
 .bss           0x06025d70       0x10 player.o
                0x06025d71                boost
                0x06025d70                jumps
 .bss           0x06025d80     0x3800 sprite.o
                0x06025d80                num_sprites
 .bss           0x06029580       0x50 scroll.o
                0x0602959c                map_tiles_x
                0x060295a4                scrolls_y
                0x06029580                scroll_transition_state
                0x06029584                scroll_ysize
                0x06029594                map_tiles_y
                0x0602958c                copy_modes
                0x060295b4                scrolls_x
                0x06029588                scroll_xsize
 .bss           0x060295d0       0x10 main.o
                0x060295d0                frame
 .bss           0x060295e0       0x6e ../sbl6/segalib/lib/sega_spr.a(spr_2c.o)
 *fill*         0x0602964e        0x2 00
 .bss           0x06029650        0x4 ../sbl6/segalib/lib/sega_scl.a(scl_vblv.o)
 *fill*         0x06029654        0xc 00
 .bss           0x06029660        0x4 ../sbl6/segalib/lib/sega_scl.a(scl_func.o)
 *fill*         0x06029664        0xc 00
 .bss           0x06029670     0x1900 ../sbl6/segalib/lib/sega_scl.a(scl_fu05.o)
 .bss           0x0602af70       0x48 ../sbl6/segalib/lib/sega_scl.a(scl_ro00.o)
 *fill*         0x0602afb8        0x8 00
 .bss           0x0602afc0       0x9c ../sbl6/segalib/lib/sega_per.a(per_prt.o)
 *fill*         0x0602b05c        0x4 00
 .bss           0x0602b060        0xc ../sbl6/segalib/lib/sega_sat.a(DMA_SCU1.o)
 *fill*         0x0602b06c        0x4 00
 .bss           0x0602b070        0xc ../sbl6/segalib/lib/sega_sat.a(gfs_trn.o)
 *fill*         0x0602b07c        0x4 00
 .bss           0x0602b080       0x20 ../sbl6/segalib/lib/sega_sat.a(DMA_SCU0.o)
 .bss           0x0602b0a0        0x2 ../sbl6/segalib/lib/sega_sat.a(cdc_reg.o)
 *fill*         0x0602b0a2        0xe 00
 .bss           0x0602b0b0        0xc ../sbl6/segalib/lib/sega_sat.a(cdc_sub.o)
 *fill*         0x0602b0bc        0x4 00
 .bss           0x0602b0c0       0x10 C:/saturn/SH_COFF/sh-coff/bin/../lib/gcc/sh-coff/3.4-GNUSH_v0501\libgcc.a(__main.o)
 .bss           0x0602b0d0       0x10 C:/saturn/SH_COFF/sh-coff/bin/../lib/gcc/sh-coff/3.4-GNUSH_v0501/../../../../sh-coff/lib\libc.a(atexit.o)
 .bss           0x0602b0e0       0x40 C:/saturn/SH_COFF/sh-coff/bin/../lib/gcc/sh-coff/3.4-GNUSH_v0501/../../../../sh-coff/lib\libc.a(mallocr.o)
                0x0602b110                __malloc_top_pad
                0x0602b0e0                __malloc_current_mallinfo
                0x0602b10c                __malloc_max_sbrked_mem
                0x0602b108                __malloc_max_total_mem
 .bss           0x0602b120       0x10 C:/saturn/SH_COFF/sh-coff/bin/../lib/gcc/sh-coff/3.4-GNUSH_v0501/../../../../sh-coff/lib\libc.a(syscalls.o)
 *(COMMON)
 COMMON         0x0602b130     0x1674 cd.o
                                  0x0 (size before relaxing)
                0x0602b130                dirname
                0x0602ba90                lib_work
                0x0602c798                directory_table
 *fill*         0x0602c7a4        0xc 00
 COMMON         0x0602c7b0     0x1960 player.o
                                  0x0 (size before relaxing)
                0x0602c7b0                curr_level
                0x0602c7c0                player
                0x0602c800                lp
 COMMON         0x0602e110      0x8c0 print.o
                                  0x0 (size before relaxing)
                0x0602e110                text
 COMMON         0x0602e9d0     0x1460 sprite.o
                                  0x0 (size before relaxing)
                0x0602e9d0                sprites
                0x0602ee30                image_buf
 COMMON         0x0602fe30     0x346c scroll.o
                                  0x0 (size before relaxing)
                0x0602fe30                line_param0
                0x06031740                scfg3
                0x060317d0                scfg0
                0x06031860                maps
                0x06031870                scfg2
                0x06031900                line_param1
                0x06033210                scfg1
 *fill*         0x0603329c        0x4 00
 COMMON         0x060332a0      0x400 ../sbl6/segalib/lib/sega_int.a(int.o)
                                  0x0 (size before relaxing)
                0x060332a0                __interrupt_vector
 COMMON         0x060336a0       0x50 ../sbl6/segalib/lib/sega_spr.a(spr_2c.o)
                                  0x0 (size before relaxing)
                0x060336a0                SpMstCmd
                0x060336a4                Sp2OpenFlag
                0x060336a8                SpGourTblMax
                0x060336ac                SpDrawPrtyBlk
                0x060336b0                SpLCoordX
                0x060336b4                SpMstDrawPrtyBlk
                0x060336b8                SpGourTbl
                0x060336bc                SpLookupTblR
                0x060336c0                SpCmdTbl
                0x060336c4                SpCharMax
                0x060336c8                SpDrawPrtyProcFlag
                0x060336cc                SpCmdNo
                0x060336d0                SpDrawPrtyBlkMax
                0x060336d4                SpSlvCmdPos
                0x060336d8                SpSlvDrawPrtyBlk
                0x060336dc                SpCharTbl
                0x060336e0                SpCmdTblR
                0x060336e4                SpMstCmdPos
                0x060336e8                SpSlvCmd
                0x060336ec                SpLCoordY
 COMMON         0x060336f0       0x10 ../sbl6/segalib/lib/sega_spr.a(spr_1c.o)
                                  0x0 (size before relaxing)
                0x060336f0                SpScreenY
                0x060336f4                SpFbcrMode
                0x060336f6                SpDil
                0x060336f8                SpDie
                0x060336fa                SpTvMode
                0x060336fc                SpScreenX
 COMMON         0x06033700      0xf00 ../sbl6/segalib/lib/sega_scl.a(scl_func.o)
                                  0x0 (size before relaxing)
                0x06033700                SclRbgKtbAddr
                0x06033708                SclRb
                0x0603370a                Scl_flag
                0x06033710                SclK_TableBuff
                0x060343e0                SclAddrCsTbl
                0x060343f0                Scl_s_reg
                0x06034418                SclRotateXy
                0x06034420                Scl_d_reg
                0x06034468                SclRotateDisp
                0x06034470                SclRotateMoveZ
                0x06034478                SclRotXySw
                0x06034480                Scl_r_reg
                0x06034490                SclRPMD
                0x06034498                SclRbgKtbOffset
                0x060344a0                _SclRotregBuff
                0x06034570                SclRa
                0x06034578                SclRotateZ
                0x06034580                SclAddrLsTbl
                0x06034588                SclK_TableNum
                0x06034590                SclRotateTableAddress
                0x06034594                SclK_TableFlag
                0x060345a0                Scl_w_reg
                0x060345c0                Scl_n_reg
 COMMON         0x06034600      0x6b0 ../sbl6/segalib/lib/sega_scl.a(scl_pri.o)
                                  0x0 (size before relaxing)
                0x06034600                SclAutoEndBlue2
                0x06034610                SclColOffset
                0x06034620                SclPriBuffDirty
                0x06034622                SclAutoEndRed
                0x06034624                SclAutoSurface
                0x06034628                SclAutoGreen
                0x0603462a                SclAutoEndGreen
                0x0603462c                SclAutoCount
                0x06034630                SclColRamAlloc256
                0x06034650                SclAutoCurRate
                0x06034651                SclAutoPlusFlag
                0x06034658                SclSpColMix
                0x06034660                SclAutoMax
                0x06034664                SclLineColRamOffset
                0x06034668                SclColRamAlloc2048
                0x0603466c                SclBgPriNum
                0x06034672                SclAutoEndBlue
                0x06034674                SclAutoEndGreen2
                0x06034676                SclAutoVeFlag
                0x06034678                SclBgColMix
                0x06034680                SclAutoIndex
                0x06034684                SclAutoEndRate
                0x06034686                SclAutoBlue
                0x06034688                SclAutoRed
                0x0603468c                SclAutoInterval
                0x06034690                SclOtherPri
                0x060346a0                SclAutoRGB
                0x06034ca0                SclAutoEndRed2
                0x06034ca8                SclSpPriNum
 COMMON         0x06034cb0       0x10 ../sbl6/segalib/lib/sega_scl.a(scl_ro00.o)
                                  0x0 (size before relaxing)
                0x06034cb0                SclCsx
                0x06034cb8                SclCsy
 COMMON         0x06034cc0       0x15 ../sbl6/segalib/lib/sega_per.a(per_prt.o)
                                  0x0 (size before relaxing)
                0x06034cc0                per_get_time_flg
                0x06034cc1                per_hot_res
                0x06034cc2                per_set_sys_flg
                0x06034cc4                per_get_time_adr
                0x06034cc8                per_get_sys_data
                0x06034cd4                per_time_out_flg
 *fill*         0x06034cd5        0xb 00
 COMMON         0x06034ce0        0xc ../sbl6/segalib/lib/sega_sat.a(gfs.o)
                                  0x0 (size before relaxing)
                0x06034ce0                GFMC_base
                0x06034ce4                gfs_mng_ptr
                0x06034ce8                gfs_use_scudma
 *fill*         0x06034cec        0x4 00
 COMMON         0x06034cf0        0x8 ../sbl6/segalib/lib/sega_sat.a(gfs_cdf.o)
                                  0x0 (size before relaxing)
                0x06034cf0                gfcf_fad
                0x06034cf4                gfcf_stat
 *fill*         0x06034cf8        0x8 00
 COMMON         0x06034d00        0xc ../sbl6/segalib/lib/sega_sat.a(gfs_cdc.o)
                                  0x0 (size before relaxing)
                0x06034d00                gfcd_fatal_err
                0x06034d04                gfcd_work
                0x06034d08                gfcd_playflag
 *fill*         0x06034d0c        0x4 00
 COMMON         0x06034d10        0x4 C:/saturn/SH_COFF/sh-coff/bin/../lib/gcc/sh-coff/3.4-GNUSH_v0501/../../../../sh-coff/lib\libc.a(syscalls.o)
                                  0x0 (size before relaxing)
                0x06034d10                errno
                0x06034d14                SIZEOF_B = (. - STARTOF_B)
                0x06034d14                ENDOF_B = .
                0x06034d14                _end = .
OUTPUT(main.cof coff-sh)

.comment        0x06034d20      0x500
 .comment       0x06034d20       0x20 ../sbl6/segasmp/lib/strt2_g.o
 .comment       0x06034d40       0x20 vblank.o
 .comment       0x06034d60       0x20 ../sbl6/segasmp/per/smpclib/per_x1.o
 .comment       0x06034d80       0x20 ../sbl6/segasmp/per/smpclib/per_x2.o
 .comment       0x06034da0       0x20 blocks.o
 .comment       0x06034dc0       0x20 cd.o
 .comment       0x06034de0       0x20 collision.o
 .comment       0x06034e00       0x20 enemylist.o
 .comment       0x06034e20       0x20 graphics.o
 .comment       0x06034e40       0x20 player.o
 .comment       0x06034e60       0x20 print.o
 .comment       0x06034e80       0x20 sprite.o
 .comment       0x06034ea0       0x20 spritecode/explosion.o
 .comment       0x06034ec0       0x20 spritecode/float.o
 .comment       0x06034ee0       0x20 scroll.o
 .comment       0x06034f00       0x20 main.o
 .comment       0x06034f20       0x20 C:/saturn/SH_COFF/sh-coff/bin/../lib/gcc/sh-coff/3.4-GNUSH_v0501\libgcc.a(__main.o)
 .comment       0x06034f40       0x20 C:/saturn/SH_COFF/sh-coff/bin/../lib/gcc/sh-coff/3.4-GNUSH_v0501\libgcc.a(_mul_df.o)
 .comment       0x06034f60       0x20 C:/saturn/SH_COFF/sh-coff/bin/../lib/gcc/sh-coff/3.4-GNUSH_v0501\libgcc.a(_si_to_df.o)
 .comment       0x06034f80       0x20 C:/saturn/SH_COFF/sh-coff/bin/../lib/gcc/sh-coff/3.4-GNUSH_v0501\libgcc.a(_df_to_si.o)
 .comment       0x06034fa0       0x20 C:/saturn/SH_COFF/sh-coff/bin/../lib/gcc/sh-coff/3.4-GNUSH_v0501\libgcc.a(_unpack_df.o)
 .comment       0x06034fc0       0x20 C:/saturn/SH_COFF/sh-coff/bin/../lib/gcc/sh-coff/3.4-GNUSH_v0501\libgcc.a(_pack_df.o)
 .comment       0x06034fe0       0x20 C:/saturn/SH_COFF/sh-coff/bin/../lib/gcc/sh-coff/3.4-GNUSH_v0501\libgcc.a(_thenan_df.o)
 .comment       0x06035000       0x20 C:/saturn/SH_COFF/sh-coff/bin/../lib/gcc/sh-coff/3.4-GNUSH_v0501\libgcc.a(_muldi3.o)
 .comment       0x06035020       0x20 C:/saturn/SH_COFF/sh-coff/bin/../lib/gcc/sh-coff/3.4-GNUSH_v0501\libgcc.a(_lshrdi3.o)
 .comment       0x06035040       0x20 C:/saturn/SH_COFF/sh-coff/bin/../lib/gcc/sh-coff/3.4-GNUSH_v0501\libgcc.a(_ashldi3.o)
 .comment       0x06035060       0x20 C:/saturn/SH_COFF/sh-coff/bin/../lib/gcc/sh-coff/3.4-GNUSH_v0501/../../../../sh-coff/lib\libc.a(memcmp.o)
 .comment       0x06035080       0x20 C:/saturn/SH_COFF/sh-coff/bin/../lib/gcc/sh-coff/3.4-GNUSH_v0501/../../../../sh-coff/lib\libc.a(strncmp.o)
 .comment       0x060350a0       0x20 C:/saturn/SH_COFF/sh-coff/bin/../lib/gcc/sh-coff/3.4-GNUSH_v0501/../../../../sh-coff/lib\libc.a(strncpy.o)
 .comment       0x060350c0       0x20 C:/saturn/SH_COFF/sh-coff/bin/../lib/gcc/sh-coff/3.4-GNUSH_v0501/../../../../sh-coff/lib\libc.a(atexit.o)
 .comment       0x060350e0       0x20 C:/saturn/SH_COFF/sh-coff/bin/../lib/gcc/sh-coff/3.4-GNUSH_v0501/../../../../sh-coff/lib\libc.a(impure.o)
 .comment       0x06035100       0x20 C:/saturn/SH_COFF/sh-coff/bin/../lib/gcc/sh-coff/3.4-GNUSH_v0501/../../../../sh-coff/lib\libc.a(malloc.o)
 .comment       0x06035120       0x20 C:/saturn/SH_COFF/sh-coff/bin/../lib/gcc/sh-coff/3.4-GNUSH_v0501/../../../../sh-coff/lib\libc.a(mallocr.o)
 .comment       0x06035140       0x20 C:/saturn/SH_COFF/sh-coff/bin/../lib/gcc/sh-coff/3.4-GNUSH_v0501/../../../../sh-coff/lib\libc.a(freer.o)
 .comment       0x06035160       0x20 C:/saturn/SH_COFF/sh-coff/bin/../lib/gcc/sh-coff/3.4-GNUSH_v0501/../../../../sh-coff/lib\libc.a(mlock.o)
 .comment       0x06035180       0x20 C:/saturn/SH_COFF/sh-coff/bin/../lib/gcc/sh-coff/3.4-GNUSH_v0501/../../../../sh-coff/lib\libc.a(sbrkr.o)
 .comment       0x060351a0       0x20 C:/saturn/SH_COFF/sh-coff/bin/../lib/gcc/sh-coff/3.4-GNUSH_v0501/../../../../sh-coff/lib\libc.a(syscalls.o)
 .comment       0x060351c0       0x20 C:/saturn/SH_COFF/sh-coff/bin/../lib/gcc/sh-coff/3.4-GNUSH_v0501/../../../../sh-coff/lib\libc.a(abort.o)
 .comment       0x060351e0       0x20 C:/saturn/SH_COFF/sh-coff/bin/../lib/gcc/sh-coff/3.4-GNUSH_v0501/../../../../sh-coff/lib\libc.a(signal.o)
 .comment       0x06035200       0x20 C:/saturn/SH_COFF/sh-coff/bin/../lib/gcc/sh-coff/3.4-GNUSH_v0501/../../../../sh-coff/lib\libc.a(signalr.o)
