Archive member included because of file (symbol)

../sbl6/segalib/lib/sega_int.a(int.o)
                              vblank.o (INT_SetScuFunc)
../sbl6/segalib/lib/sega_int.a(int_trmp.o)
                              ../sbl6/segalib/lib/sega_int.a(int.o) (__interrupt_handler0)
../sbl6/segalib/lib/sega_spr.a(spr_2c.o)
                              main.o (SPR_2Initial)
../sbl6/segalib/lib/sega_spr.a(spr_slv.o)
                              ../sbl6/segalib/lib/sega_spr.a(spr_2c.o) (SPR_InitSlaveSH)
../sbl6/segalib/lib/sega_spr.a(spr_1c.o)
                              ../sbl6/segalib/lib/sega_spr.a(spr_2c.o) (SPR_Initial)
../sbl6/segalib/lib/sega_spr.a(spr_2a.o)
                              ../sbl6/segalib/lib/sega_spr.a(spr_2c.o) (SPR_2SetDrawPrty)
../sbl6/segalib/lib/sega_scl.a(scl_vblv.o)
                              ../sbl6/segalib/lib/sega_spr.a(spr_1c.o) (SpFrameChgMode)
../sbl6/segalib/lib/sega_scl.a(scl_func.o)
                              main.o (SCL_Vdp2Init)
../sbl6/segalib/lib/sega_scl.a(scl_pr03.o)
                              scroll.o (SCL_AllocColRam)
../sbl6/segalib/lib/sega_scl.a(scl_pr02.o)
                              scroll.o (SCL_SetColRam)
../sbl6/segalib/lib/sega_scl.a(scl_back.o)
                              scroll.o (SCL_SetBack)
../sbl6/segalib/lib/sega_scl.a(scl_fu03.o)
                              scroll.o (SCL_InitConfigTb)
../sbl6/segalib/lib/sega_scl.a(scl_fu02.o)
                              scroll.o (SCL_InitVramConfigTb)
../sbl6/segalib/lib/sega_scl.a(scl_fu04.o)
                              scroll.o (SCL_SetCycleTable)
../sbl6/segalib/lib/sega_scl.a(scl_pr07.o)
                              main.o (SCL_SetPriority)
../sbl6/segalib/lib/sega_scl.a(scl_pr01.o)
                              main.o (SCL_SetSpriteMode)
../sbl6/segalib/lib/sega_scl.a(scl_pri.o)
                              ../sbl6/segalib/lib/sega_scl.a(scl_func.o) (SclRealOtherPri)
../sbl6/segalib/lib/sega_scl.a(scl_ro00.o)
                              ../sbl6/segalib/lib/sega_scl.a(scl_func.o) (SCL_Rotate)
../sbl6/segalib/lib/sega_scl.a(scl_pr06.o)
                              ../sbl6/segalib/lib/sega_scl.a(scl_pr03.o) (SCL_SetColRamOffset)
../sbl6/segalib/lib/sega_scl.a(scl_pr05.o)
                              ../sbl6/segalib/lib/sega_scl.a(scl_pr02.o) (SCL_GetColRamOffset)
../sbl6/segalib/lib/sega_mth.a(mth_fixd.o)
                              player.o (MTH_Mul)
../sbl6/segalib/lib/sega_mth.a(mth_tri.o)
                              sprite.o (MTH_Sin)
../sbl6/segalib/lib/sega_per.a(per_prt.o)
                              ../sbl6/segasmp/per/smpclib/per_x2.o (PER_LInit)
../sbl6/segalib/lib/sega_sat.a(DMA_SCU1.o)
                              ../sbl6/segalib/lib/sega_spr.a(spr_2c.o) (DMA_ScuMemCopy)
../sbl6/segalib/lib/sega_sat.a(DMA_SCU0.o)
                              ../sbl6/segalib/lib/sega_sat.a(DMA_SCU1.o) (DMA_ScuSetPrm)
../sbl6/segalib/lib/sega_sat.a(csh_main.o)
                              ../sbl6/segalib/lib/sega_sat.a(DMA_SCU1.o) (CSH_Purge)
c:/saturn/SH_COFF/sh-coff/bin/../lib/gcc/sh-coff/3.4-GNUSH_v0501\libgcc.a(_movstr.o)
                              scroll.o (__movstr)
c:/saturn/SH_COFF/sh-coff/bin/../lib/gcc/sh-coff/3.4-GNUSH_v0501\libgcc.a(_ashiftlt.o)
                              scroll.o (__ashlsi3)
c:/saturn/SH_COFF/sh-coff/bin/../lib/gcc/sh-coff/3.4-GNUSH_v0501\libgcc.a(__main.o)
                              main.o (__main)
c:/saturn/SH_COFF/sh-coff/bin/../lib/gcc/sh-coff/3.4-GNUSH_v0501\libgcc.a(_udivsi3.o)
                              ../sbl6/segalib/lib/sega_scl.a(scl_fu03.o) (__udivsi3)
c:/saturn/SH_COFF/sh-coff/bin/../lib/gcc/sh-coff/3.4-GNUSH_v0501\libgcc.a(_ashiftrt.o)
                              ../sbl6/segalib/lib/sega_scl.a(scl_ro00.o) (__ashiftrt_r4_6)
c:/saturn/SH_COFF/sh-coff/bin/../lib/gcc/sh-coff/3.4-GNUSH_v0501\libgcc.a(_si_to_df.o)
                              ../sbl6/segalib/lib/sega_scl.a(scl_ro00.o) (__floatsidf)
c:/saturn/SH_COFF/sh-coff/bin/../lib/gcc/sh-coff/3.4-GNUSH_v0501\libgcc.a(_mul_df.o)
                              ../sbl6/segalib/lib/sega_scl.a(scl_ro00.o) (__muldf3)
c:/saturn/SH_COFF/sh-coff/bin/../lib/gcc/sh-coff/3.4-GNUSH_v0501\libgcc.a(_df_to_si.o)
                              ../sbl6/segalib/lib/sega_scl.a(scl_ro00.o) (__fixdfsi)
c:/saturn/SH_COFF/sh-coff/bin/../lib/gcc/sh-coff/3.4-GNUSH_v0501\libgcc.a(_pack_df.o)
                              c:/saturn/SH_COFF/sh-coff/bin/../lib/gcc/sh-coff/3.4-GNUSH_v0501\libgcc.a(_si_to_df.o) (__pack_d)
c:/saturn/SH_COFF/sh-coff/bin/../lib/gcc/sh-coff/3.4-GNUSH_v0501\libgcc.a(_unpack_df.o)
                              c:/saturn/SH_COFF/sh-coff/bin/../lib/gcc/sh-coff/3.4-GNUSH_v0501\libgcc.a(_mul_df.o) (__unpack_d)
c:/saturn/SH_COFF/sh-coff/bin/../lib/gcc/sh-coff/3.4-GNUSH_v0501\libgcc.a(_thenan_df.o)
                              c:/saturn/SH_COFF/sh-coff/bin/../lib/gcc/sh-coff/3.4-GNUSH_v0501\libgcc.a(_mul_df.o) (__thenan_df)
c:/saturn/SH_COFF/sh-coff/bin/../lib/gcc/sh-coff/3.4-GNUSH_v0501\libgcc.a(_muldi3.o)
                              c:/saturn/SH_COFF/sh-coff/bin/../lib/gcc/sh-coff/3.4-GNUSH_v0501\libgcc.a(_mul_df.o) (__muldi3)
c:/saturn/SH_COFF/sh-coff/bin/../lib/gcc/sh-coff/3.4-GNUSH_v0501\libgcc.a(_lshrdi3.o)
                              c:/saturn/SH_COFF/sh-coff/bin/../lib/gcc/sh-coff/3.4-GNUSH_v0501\libgcc.a(_df_to_si.o) (__lshrdi3)
c:/saturn/SH_COFF/sh-coff/bin/../lib/gcc/sh-coff/3.4-GNUSH_v0501\libgcc.a(_ashldi3.o)
                              c:/saturn/SH_COFF/sh-coff/bin/../lib/gcc/sh-coff/3.4-GNUSH_v0501\libgcc.a(_pack_df.o) (__ashldi3)
c:/saturn/SH_COFF/sh-coff/bin/../lib/gcc/sh-coff/3.4-GNUSH_v0501\libgcc.a(_mulsi3.o)
                              c:/saturn/SH_COFF/sh-coff/bin/../lib/gcc/sh-coff/3.4-GNUSH_v0501\libgcc.a(_muldi3.o) (__mulsi3)
c:/saturn/SH_COFF/sh-coff/bin/../lib/gcc/sh-coff/3.4-GNUSH_v0501\libgcc.a(_lshiftrt.o)
                              c:/saturn/SH_COFF/sh-coff/bin/../lib/gcc/sh-coff/3.4-GNUSH_v0501\libgcc.a(_lshrdi3.o) (__lshrsi3)
c:/saturn/SH_COFF/sh-coff/bin/../lib/gcc/sh-coff/3.4-GNUSH_v0501/../../../../sh-coff/lib\libc.a(memcpy.o)
                              scroll.o (memcpy)
c:/saturn/SH_COFF/sh-coff/bin/../lib/gcc/sh-coff/3.4-GNUSH_v0501/../../../../sh-coff/lib\libc.a(memset.o)
                              ../sbl6/segalib/lib/sega_spr.a(spr_2c.o) (memset)
c:/saturn/SH_COFF/sh-coff/bin/../lib/gcc/sh-coff/3.4-GNUSH_v0501/../../../../sh-coff/lib\libc.a(atexit.o)
                              c:/saturn/SH_COFF/sh-coff/bin/../lib/gcc/sh-coff/3.4-GNUSH_v0501\libgcc.a(__main.o) (atexit)
c:/saturn/SH_COFF/sh-coff/bin/../lib/gcc/sh-coff/3.4-GNUSH_v0501/../../../../sh-coff/lib\libc.a(impure.o)
                              c:/saturn/SH_COFF/sh-coff/bin/../lib/gcc/sh-coff/3.4-GNUSH_v0501/../../../../sh-coff/lib\libc.a(atexit.o) (_impure_ptr)
c:/saturn/SH_COFF/sh-coff/bin/../lib/gcc/sh-coff/3.4-GNUSH_v0501/../../../../sh-coff/lib\libc.a(malloc.o)
                              c:/saturn/SH_COFF/sh-coff/bin/../lib/gcc/sh-coff/3.4-GNUSH_v0501/../../../../sh-coff/lib\libc.a(atexit.o) (malloc)
c:/saturn/SH_COFF/sh-coff/bin/../lib/gcc/sh-coff/3.4-GNUSH_v0501/../../../../sh-coff/lib\libc.a(mallocr.o)
                              c:/saturn/SH_COFF/sh-coff/bin/../lib/gcc/sh-coff/3.4-GNUSH_v0501/../../../../sh-coff/lib\libc.a(malloc.o) (_malloc_r)
c:/saturn/SH_COFF/sh-coff/bin/../lib/gcc/sh-coff/3.4-GNUSH_v0501/../../../../sh-coff/lib\libc.a(freer.o)
                              c:/saturn/SH_COFF/sh-coff/bin/../lib/gcc/sh-coff/3.4-GNUSH_v0501/../../../../sh-coff/lib\libc.a(malloc.o) (_free_r)
c:/saturn/SH_COFF/sh-coff/bin/../lib/gcc/sh-coff/3.4-GNUSH_v0501/../../../../sh-coff/lib\libc.a(mlock.o)
                              c:/saturn/SH_COFF/sh-coff/bin/../lib/gcc/sh-coff/3.4-GNUSH_v0501/../../../../sh-coff/lib\libc.a(mallocr.o) (__malloc_lock)
c:/saturn/SH_COFF/sh-coff/bin/../lib/gcc/sh-coff/3.4-GNUSH_v0501/../../../../sh-coff/lib\libc.a(sbrkr.o)
                              c:/saturn/SH_COFF/sh-coff/bin/../lib/gcc/sh-coff/3.4-GNUSH_v0501/../../../../sh-coff/lib\libc.a(mallocr.o) (_sbrk_r)
c:/saturn/SH_COFF/sh-coff/bin/../lib/gcc/sh-coff/3.4-GNUSH_v0501/../../../../sh-coff/lib\libc.a(syscalls.o)
                              c:/saturn/SH_COFF/sh-coff/bin/../lib/gcc/sh-coff/3.4-GNUSH_v0501/../../../../sh-coff/lib\libc.a(sbrkr.o) (_sbrk)
c:/saturn/SH_COFF/sh-coff/bin/../lib/gcc/sh-coff/3.4-GNUSH_v0501/../../../../sh-coff/lib\libc.a(trap.o)
                              c:/saturn/SH_COFF/sh-coff/bin/../lib/gcc/sh-coff/3.4-GNUSH_v0501/../../../../sh-coff/lib\libc.a(syscalls.o) (__trap34)
c:/saturn/SH_COFF/sh-coff/bin/../lib/gcc/sh-coff/3.4-GNUSH_v0501/../../../../sh-coff/lib\libc.a(abort.o)
                              c:/saturn/SH_COFF/sh-coff/bin/../lib/gcc/sh-coff/3.4-GNUSH_v0501/../../../../sh-coff/lib\libc.a(syscalls.o) (abort)
c:/saturn/SH_COFF/sh-coff/bin/../lib/gcc/sh-coff/3.4-GNUSH_v0501/../../../../sh-coff/lib\libc.a(signal.o)
                              c:/saturn/SH_COFF/sh-coff/bin/../lib/gcc/sh-coff/3.4-GNUSH_v0501/../../../../sh-coff/lib\libc.a(abort.o) (raise)
c:/saturn/SH_COFF/sh-coff/bin/../lib/gcc/sh-coff/3.4-GNUSH_v0501/../../../../sh-coff/lib\libc.a(signalr.o)
                              c:/saturn/SH_COFF/sh-coff/bin/../lib/gcc/sh-coff/3.4-GNUSH_v0501/../../../../sh-coff/lib\libc.a(signal.o) (_kill_r)

Allocating common symbols
Common symbol       size              file

SclRbgKtbAddr       0x8               ../sbl6/segalib/lib/sega_scl.a(scl_func.o)
sprites             0x1c20            collision.o
SpMstCmd            0x4               ../sbl6/segalib/lib/sega_spr.a(spr_2c.o)
SclRb               0x1               ../sbl6/segalib/lib/sega_scl.a(scl_func.o)
Scl_flag            0x2               ../sbl6/segalib/lib/sega_scl.a(scl_func.o)
per_get_time_flg    0x1               ../sbl6/segalib/lib/sega_per.a(per_prt.o)
SpScreenY           0x4               ../sbl6/segalib/lib/sega_spr.a(spr_1c.o)
SclK_TableBuff      0xcd0             ../sbl6/segalib/lib/sega_scl.a(scl_func.o)
SclAutoEndBlue2     0x2               ../sbl6/segalib/lib/sega_scl.a(scl_pri.o)
SpFbcrMode          0x2               ../sbl6/segalib/lib/sega_spr.a(spr_1c.o)
Sp2OpenFlag         0x4               ../sbl6/segalib/lib/sega_spr.a(spr_2c.o)
SclColOffset        0x10              ../sbl6/segalib/lib/sega_scl.a(scl_pri.o)
SclAddrCsTbl        0x8               ../sbl6/segalib/lib/sega_scl.a(scl_func.o)
scfg0               0x8c              scroll.o
SclPriBuffDirty     0x1               ../sbl6/segalib/lib/sega_scl.a(scl_pri.o)
SclAutoEndRed       0x2               ../sbl6/segalib/lib/sega_scl.a(scl_pri.o)
player              0x24              player.o
SclAutoSurface      0x4               ../sbl6/segalib/lib/sega_scl.a(scl_pri.o)
__interrupt_vector  0x400             ../sbl6/segalib/lib/sega_int.a(int.o)
per_hot_res         0x1               ../sbl6/segalib/lib/sega_per.a(per_prt.o)
SclCsx              0x8               ../sbl6/segalib/lib/sega_scl.a(scl_ro00.o)
Scl_s_reg           0x28              ../sbl6/segalib/lib/sega_scl.a(scl_func.o)
SclAutoGreen        0x2               ../sbl6/segalib/lib/sega_scl.a(scl_pri.o)
SclAutoEndGreen     0x2               ../sbl6/segalib/lib/sega_scl.a(scl_pri.o)
SclAutoCount        0x4               ../sbl6/segalib/lib/sega_scl.a(scl_pri.o)
SpGourTblMax        0x4               ../sbl6/segalib/lib/sega_spr.a(spr_2c.o)
SclColRamAlloc256   0x20              ../sbl6/segalib/lib/sega_scl.a(scl_pri.o)
SclRotateXy         0x8               ../sbl6/segalib/lib/sega_scl.a(scl_func.o)
SpDrawPrtyBlk       0x4               ../sbl6/segalib/lib/sega_spr.a(spr_2c.o)
SclAutoCurRate      0x1               ../sbl6/segalib/lib/sega_scl.a(scl_pri.o)
SpLCoordX           0x4               ../sbl6/segalib/lib/sega_spr.a(spr_2c.o)
maps                0x10              scroll.o
SpMstDrawPrtyBlk    0x4               ../sbl6/segalib/lib/sega_spr.a(spr_2c.o)
SclAutoPlusFlag     0x1               ../sbl6/segalib/lib/sega_scl.a(scl_pri.o)
per_set_sys_flg     0x1               ../sbl6/segalib/lib/sega_per.a(per_prt.o)
Scl_d_reg           0x48              ../sbl6/segalib/lib/sega_scl.a(scl_func.o)
SclRotateDisp       0x8               ../sbl6/segalib/lib/sega_scl.a(scl_func.o)
SpGourTbl           0x4               ../sbl6/segalib/lib/sega_spr.a(spr_2c.o)
SclSpColMix         0x8               ../sbl6/segalib/lib/sega_scl.a(scl_pri.o)
SpDil               0x2               ../sbl6/segalib/lib/sega_spr.a(spr_1c.o)
SpLookupTblR        0x2               ../sbl6/segalib/lib/sega_spr.a(spr_2c.o)
SclAutoMax          0x4               ../sbl6/segalib/lib/sega_scl.a(scl_pri.o)
SpCmdTbl            0x4               ../sbl6/segalib/lib/sega_spr.a(spr_2c.o)
SclRotateMoveZ      0x8               ../sbl6/segalib/lib/sega_scl.a(scl_func.o)
SclLineColRamOffset
                    0x4               ../sbl6/segalib/lib/sega_scl.a(scl_pri.o)
SclRotXySw          0x4               ../sbl6/segalib/lib/sega_scl.a(scl_func.o)
per_get_time_adr    0x4               ../sbl6/segalib/lib/sega_per.a(per_prt.o)
SclColRamAlloc2048  0x4               ../sbl6/segalib/lib/sega_scl.a(scl_pri.o)
SclBgPriNum         0x6               ../sbl6/segalib/lib/sega_scl.a(scl_pri.o)
SpCharMax           0x4               ../sbl6/segalib/lib/sega_spr.a(spr_2c.o)
SpDrawPrtyProcFlag  0x4               ../sbl6/segalib/lib/sega_spr.a(spr_2c.o)
SclAutoEndBlue      0x2               ../sbl6/segalib/lib/sega_scl.a(scl_pri.o)
SpCmdNo             0x4               ../sbl6/segalib/lib/sega_spr.a(spr_2c.o)
SclAutoEndGreen2    0x2               ../sbl6/segalib/lib/sega_scl.a(scl_pri.o)
Scl_r_reg           0x10              ../sbl6/segalib/lib/sega_scl.a(scl_func.o)
SclRPMD             0x2               ../sbl6/segalib/lib/sega_scl.a(scl_func.o)
SpDrawPrtyBlkMax    0x4               ../sbl6/segalib/lib/sega_spr.a(spr_2c.o)
SpDie               0x2               ../sbl6/segalib/lib/sega_spr.a(spr_1c.o)
SclAutoVeFlag       0x1               ../sbl6/segalib/lib/sega_scl.a(scl_pri.o)
SclBgColMix         0x8               ../sbl6/segalib/lib/sega_scl.a(scl_pri.o)
text                0x460             print.o
SpSlvCmdPos         0x4               ../sbl6/segalib/lib/sega_spr.a(spr_2c.o)
per_get_sys_data    0xc               ../sbl6/segalib/lib/sega_per.a(per_prt.o)
SclRbgKtbOffset     0x8               ../sbl6/segalib/lib/sega_scl.a(scl_func.o)
SclAutoIndex        0x4               ../sbl6/segalib/lib/sega_scl.a(scl_pri.o)
SclAutoEndRate      0x1               ../sbl6/segalib/lib/sega_scl.a(scl_pri.o)
SpSlvDrawPrtyBlk    0x4               ../sbl6/segalib/lib/sega_spr.a(spr_2c.o)
_SclRotregBuff      0xd0              ../sbl6/segalib/lib/sega_scl.a(scl_func.o)
SclAutoBlue         0x2               ../sbl6/segalib/lib/sega_scl.a(scl_pri.o)
SpTvMode            0x2               ../sbl6/segalib/lib/sega_spr.a(spr_1c.o)
SpScreenX           0x4               ../sbl6/segalib/lib/sega_spr.a(spr_1c.o)
SclRa               0x1               ../sbl6/segalib/lib/sega_scl.a(scl_func.o)
SclRotateZ          0x8               ../sbl6/segalib/lib/sega_scl.a(scl_func.o)
SpCharTbl           0x4               ../sbl6/segalib/lib/sega_spr.a(spr_2c.o)
SclAddrLsTbl        0x8               ../sbl6/segalib/lib/sega_scl.a(scl_func.o)
SclK_TableNum       0x8               ../sbl6/segalib/lib/sega_scl.a(scl_func.o)
SclAutoRed          0x2               ../sbl6/segalib/lib/sega_scl.a(scl_pri.o)
SpCmdTblR           0x2               ../sbl6/segalib/lib/sega_spr.a(spr_2c.o)
SclAutoInterval     0x4               ../sbl6/segalib/lib/sega_scl.a(scl_pri.o)
SclOtherPri         0x10              ../sbl6/segalib/lib/sega_scl.a(scl_pri.o)
per_time_out_flg    0x1               ../sbl6/segalib/lib/sega_per.a(per_prt.o)
SclRotateTableAddress
                    0x4               ../sbl6/segalib/lib/sega_scl.a(scl_func.o)
SpMstCmdPos         0x4               ../sbl6/segalib/lib/sega_spr.a(spr_2c.o)
SpSlvCmd            0x4               ../sbl6/segalib/lib/sega_spr.a(spr_2c.o)
scfg1               0x8c              scroll.o
SclAutoRGB          0x600             ../sbl6/segalib/lib/sega_scl.a(scl_pri.o)
errno               0x4               c:/saturn/SH_COFF/sh-coff/bin/../lib/gcc/sh-coff/3.4-GNUSH_v0501/../../../../sh-coff/lib\libc.a(syscalls.o)
SclK_TableFlag      0x4               ../sbl6/segalib/lib/sega_scl.a(scl_func.o)
SclAutoEndRed2      0x2               ../sbl6/segalib/lib/sega_scl.a(scl_pri.o)
SclCsy              0x8               ../sbl6/segalib/lib/sega_scl.a(scl_ro00.o)
SclSpPriNum         0x8               ../sbl6/segalib/lib/sega_scl.a(scl_pri.o)
Scl_w_reg           0x20              ../sbl6/segalib/lib/sega_scl.a(scl_func.o)
SpLCoordY           0x4               ../sbl6/segalib/lib/sega_spr.a(spr_2c.o)
Scl_n_reg           0x40              ../sbl6/segalib/lib/sega_scl.a(scl_func.o)

Memory Configuration

Name             Origin             Length             Attributes
*default*        0x00000000         0xffffffff

Linker script and memory map

LOAD ../sbl6/segasmp/lib/strt1_g.o
LOAD ../sbl6/segasmp/lib/strt2_g.o
LOAD vblank.o
LOAD ../sbl6/segasmp/per/smpclib/per_x1.o
LOAD ../sbl6/segasmp/per/smpclib/per_x2.o
LOAD ../sbl6/segasmp/per/smpclib/per_x3.o
LOAD collision.o
LOAD graphics.o
LOAD player.o
LOAD print.o
LOAD sprite.o
LOAD scroll.o
LOAD main.o
LOAD ../sbl6/segalib/lib/sega_int.a
LOAD ../sbl6/segalib/lib/sega_spr.a
LOAD ../sbl6/segalib/lib/sega_scl.a
LOAD ../sbl6/segalib/lib/sega_mth.a
LOAD ../sbl6/segalib/lib/sega_cdc.a
LOAD ../sbl6/segalib/lib/sega_adp.a
LOAD ../sbl6/segalib/lib/sega_per.a
LOAD ../sbl6/segalib/lib/sega_sat.a
LOAD c:/saturn/SH_COFF/sh-coff/bin/../lib/gcc/sh-coff/3.4-GNUSH_v0501\libgcc.a
LOAD c:/saturn/SH_COFF/sh-coff/bin/../lib/gcc/sh-coff/3.4-GNUSH_v0501/../../../../sh-coff/lib\libc.a
LOAD c:/saturn/SH_COFF/sh-coff/bin/../lib/gcc/sh-coff/3.4-GNUSH_v0501\libgcc.a

.text           0x06010000    0x1aac0
 *(.text)
 .text          0x06010000       0x30 ../sbl6/segasmp/lib/strt1_g.o
                0x06010024                _D_END
                0x06010020                _D_BGN
                0x0601002c                _B_END
                0x06010028                _B_BGN
                0x06010000                START
 .text          0x06010030       0x60 ../sbl6/segasmp/lib/strt2_g.o
                0x06010050                _INITSCT
                0x06010030                _INIT
 .text          0x06010090      0x190 vblank.o
                0x06010090                SetVblank
                0x06010120                UsrVblankOut
                0x060100f0                UsrVblankIn
 .text          0x06010220      0x430 ../sbl6/segasmp/per/smpclib/per_x1.o
                0x060105b4                PER_GetAnalogXYZ
                0x06010244                PER_GetTriggerHandler
                0x060104de                PER_GetEdge
                0x0601045c                PER_GetTrigger
                0x06010508                PER_GetPressEdge
                0x0601055c                PER_GetReleaseEdge
                0x06010220                PER_SetTriggerHandler
 .text          0x06010650      0x200 ../sbl6/segasmp/per/smpclib/per_x2.o
                0x06010754                PER_GetDeviceA
                0x06010650                PER_OpenPort
                0x06010688                PER_GetPort
                0x060107ce                PER_GetDeviceR
 .text          0x06010850       0x20 ../sbl6/segasmp/per/smpclib/per_x3.o
                0x06010850                PER_DisguiseTrigger
 .text          0x06010870      0xd30 collision.o
                0x06011510                collision_detect_up_right
                0x060108e0                collision_detect_down
                0x06011540                collision_detect_down_left
                0x06010bf0                collision_detect_left
                0x06011570                collision_detect_down_right
                0x06010870                floor_tiles
                0x06010ee0                collision_detect_up
                0x060114e0                collision_detect_up_left
                0x060111d0                collision_detect_right
 .text          0x060115a0     0xde50 graphics.o
                0x0601efec                font3
                0x0601f2ec                font0
                0x060135a0                map2
                0x0601e1ec                guy0
                0x060115a0                map3
                0x0601e9ec                font9
                0x0601c1ec                guyback1
                0x060155a0                map1
                0x0601c9ec                guyback0
                0x0601eeec                font4
                0x0601ecec                font6
                0x0601f1ec                font1
                0x0601d9ec                guy1
                0x060175a0                wood_chr
                0x0601b1ec                guyside0
                0x06019da0                wood_pal
                0x0601ebec                font7
                0x0601b9ec                guyback2
                0x0601a9ec                guyside1
                0x0601a1ec                guyside2
                0x0601f0ec                font2
                0x0601edec                font5
                0x0601d1ec                guy2
                0x0601a1a0                dimensions
                0x0601eaec                font8
 .text          0x0601f3f0      0x460 player.o
                0x0601f3f0                player_side
                0x0601f400                player_down
                0x0601f3f8                player_up
                0x0601f408                states
                0x0601f550                player_input
                0x0601f430                player_init
                0x0601f7c0                player_draw
                0x0601f470                player_animate
 .text          0x0601f850      0x130 print.o
                0x0601f8e0                print_display
                0x0601f890                print_num
                0x0601f850                print_init
 .text          0x0601f980      0x360 sprite.o
                0x0601fbe0                sprite_make
                0x0601fc50                sprite_next
                0x0601fcb0                sprite_delete
                0x0601f980                sprite_draw
 .text          0x0601fce0      0x890 scroll.o
                0x06020400                scroll_transition
                0x0601fef0                scroll_move
                0x06020070                scroll_get
                0x060200b0                scroll_copy
                0x06020000                scroll_set
                0x0601fce0                scroll_init
                0x06020030                scroll_scale
 .text          0x06020570      0x160 main.o
                0x06020570                main
 .text          0x060206d0       0x40 ../sbl6/segalib/lib/sega_int.a(int.o)
                0x060206fc                INT_GetScuFunc
                0x060206d0                INT_SetScuFunc
 .text          0x06020710      0x624 ../sbl6/segalib/lib/sega_int.a(int_trmp.o)
                0x06020878                __interrupt_handler60
                0x06020a28                __interrupt_handler132
                0x06020bde                __interrupt_handler205
                0x06020a46                __interrupt_handler137
                0x06020974                __interrupt_handler102
                0x060207b2                __interrupt_handler27
                0x06020bb4                __interrupt_handler198
                0x06020aa6                __interrupt_handler153
                0x0602078e                __interrupt_handler21
                0x0602089c                __interrupt_handler66
                0x0602098c                __interrupt_handler106
                0x06020ad6                __interrupt_handler161
                0x06020920                __interrupt_handler88
                0x06020aee                __interrupt_handler165
                0x060209fe                __interrupt_handler125
                0x06020734                __interrupt_handler6
                0x060207d0                __interrupt_handler32
                0x06020b8a                __interrupt_handler191
                0x06020ca4                __interrupt_handler238
                0x06020cbc                __interrupt_handler242
                0x06020ac4                __interrupt_handler158
                0x0602092c                __interrupt_handler90
                0x06020ae8                __interrupt_handler164
                0x0602080c                __interrupt_handler42
                0x06020b4e                __interrupt_handler181
                0x06020c56                __interrupt_handler225
                0x06020cfe                __interrupt_handler253
                0x06020b12                __interrupt_handler171
                0x060208cc                __interrupt_handler74
                0x06020722                __interrupt_handler3
                0x06020866                __interrupt_handler57
                0x06020764                __interrupt_handler14
                0x06020bfc                __interrupt_handler210
                0x06020c2c                __interrupt_handler218
                0x06020bf0                __interrupt_handler208
                0x060207f4                __interrupt_handler38
                0x06020710                __interrupt_handler0
                0x06020980                __interrupt_handler104
                0x06020abe                __interrupt_handler157
                0x06020c0e                __interrupt_handler213
                0x06020b00                __interrupt_handler168
                0x0602090e                __interrupt_handler85
                0x060209aa                __interrupt_handler111
                0x060209bc                __interrupt_handler114
                0x0602082a                __interrupt_handler47
                0x06020c80                __interrupt_handler232
                0x06020c4a                __interrupt_handler223
                0x06020c9e                __interrupt_handler237
                0x0602088a                __interrupt_handler63
                0x06020818                __interrupt_handler44
                0x06020b2a                __interrupt_handler175
                0x06020b54                __interrupt_handler182
                0x06020b6c                __interrupt_handler186
                0x06020a6a                __interrupt_handler143
                0x06020992                __interrupt_handler107
                0x060209f8                __interrupt_handler124
                0x06020b18                __interrupt_handler172
                0x06020cce                __interrupt_handler245
                0x0602094a                __interrupt_handler95
                0x06020a22                __interrupt_handler131
                0x06020a34                __interrupt_handler134
                0x06020a52                __interrupt_handler139
                0x060208c0                __interrupt_handler72
                0x06020c7a                __interrupt_handler231
                0x06020ad0                __interrupt_handler160
                0x06020a16                __interrupt_handler129
                0x06020788                __interrupt_handler20
                0x06020896                __interrupt_handler65
                0x06020860                __interrupt_handler56
                0x0602075e                __interrupt_handler13
                0x06020bf6                __interrupt_handler209
                0x060209b0                __interrupt_handler112
                0x06020782                __interrupt_handler19
                0x0602093e                __interrupt_handler93
                0x06020ba8                __interrupt_handler196
                0x06020a9a                __interrupt_handler151
                0x06020afa                __interrupt_handler167
                0x06020d10                __trampoline
                0x06020776                __interrupt_handler17
                0x06020c68                __interrupt_handler228
                0x06020d0a                __interrupt_handler255
                0x06020cc8                __interrupt_handler244
                0x06020962                __interrupt_handler99
                0x06020b5a                __interrupt_handler183
                0x06020a58                __interrupt_handler140
                0x06020b7e                __interrupt_handler189
                0x06020a7c                __interrupt_handler146
                0x06020c44                __interrupt_handler222
                0x06020ab8                __interrupt_handler156
                0x060209ec                __interrupt_handler122
                0x06020ce0                __interrupt_handler248
                0x06020830                __interrupt_handler48
                0x060208ae                __interrupt_handler69
                0x060207a0                __interrupt_handler24
                0x06020926                __interrupt_handler89
                0x06020c1a                __interrupt_handler215
                0x06020d04                __interrupt_handler254
                0x0602091a                __interrupt_handler87
                0x0602087e                __interrupt_handler61
                0x06020ba2                __interrupt_handler195
                0x06020a94                __interrupt_handler150
                0x06020806                __interrupt_handler41
                0x060209a4                __interrupt_handler110
                0x06020a0a                __interrupt_handler127
                0x06020998                __interrupt_handler108
                0x060209b6                __interrupt_handler113
                0x060209c8                __interrupt_handler116
                0x060209e6                __interrupt_handler121
                0x060208de                __interrupt_handler77
                0x060207fa                __interrupt_handler39
                0x06020812                __interrupt_handler43
                0x06020ce6                __interrupt_handler249
                0x06020b24                __interrupt_handler174
                0x06020a40                __interrupt_handler136
                0x06020b78                __interrupt_handler188
                0x06020a76                __interrupt_handler145
                0x06020746                __interrupt_handler9
                0x060208ea                __interrupt_handler79
                0x06020c62                __interrupt_handler227
                0x060207dc                __interrupt_handler34
                0x06020a1c                __interrupt_handler130
                0x06020cda                __interrupt_handler247
                0x060208d2                __interrupt_handler75
                0x06020b1e                __interrupt_handler173
                0x0602084e                __interrupt_handler53
                0x06020a8e                __interrupt_handler149
                0x06020cf2                __interrupt_handler251
                0x06020c86                __interrupt_handler233
                0x0602074c                __interrupt_handler10
                0x06020bd8                __interrupt_handler204
                0x060208fc                __interrupt_handler82
                0x06020902                __interrupt_handler83
                0x060207a6                __interrupt_handler25
                0x06020cc2                __interrupt_handler243
                0x06020adc                __interrupt_handler162
                0x06020824                __interrupt_handler46
                0x06020b3c                __interrupt_handler178
                0x060208f0                __interrupt_handler80
                0x06020884                __interrupt_handler62
                0x0602071c                __interrupt_handler2
                0x060207be                __interrupt_handler29
                0x060208b4                __interrupt_handler70
                0x0602099e                __interrupt_handler109
                0x06020a88                __interrupt_handler148
                0x06020944                __interrupt_handler94
                0x06020c50                __interrupt_handler224
                0x0602097a                __interrupt_handler103
                0x060207e8                __interrupt_handler36
                0x06020a04                __interrupt_handler126
                0x06020cd4                __interrupt_handler246
                0x0602085a                __interrupt_handler55
                0x06020758                __interrupt_handler12
                0x06020848                __interrupt_handler52
                0x06020b72                __interrupt_handler187
                0x06020a70                __interrupt_handler144
                0x060209ce                __interrupt_handler117
                0x0602077c                __interrupt_handler18
                0x06020bae                __interrupt_handler197
                0x06020aa0                __interrupt_handler152
                0x060209d4                __interrupt_handler118
                0x06020b0c                __interrupt_handler170
                0x06020bc6                __interrupt_handler201
                0x06020956                __interrupt_handler97
                0x06020ae2                __interrupt_handler163
                0x06020b48                __interrupt_handler180
                0x06020b90                __interrupt_handler192
                0x06020cb0                __interrupt_handler240
                0x060209f2                __interrupt_handler123
                0x06020c14                __interrupt_handler214
                0x060207ca                __interrupt_handler31
                0x060207b8                __interrupt_handler28
                0x060208a2                __interrupt_handler67
                0x060208a8                __interrupt_handler68
                0x06020794                __interrupt_handler22
                0x0602079a                __interrupt_handler23
                0x06020b30                __interrupt_handler176
                0x0602073a                __interrupt_handler7
                0x06020c3e                __interrupt_handler221
                0x06020c26                __interrupt_handler217
                0x06020c6e                __interrupt_handler229
                0x06020836                __interrupt_handler49
                0x06020728                __interrupt_handler4
                0x06020800                __interrupt_handler40
                0x060209c2                __interrupt_handler115
                0x06020c92                __interrupt_handler235
                0x06020932                __interrupt_handler91
                0x06020be4                __interrupt_handler206
                0x06020b36                __interrupt_handler177
                0x06020a82                __interrupt_handler147
                0x060207ee                __interrupt_handler37
                0x06020cec                __interrupt_handler250
                0x06020716                __interrupt_handler1
                0x06020c32                __interrupt_handler219
                0x060208d8                __interrupt_handler76
                0x06020968                __interrupt_handler100
                0x0602086c                __interrupt_handler58
                0x0602076a                __interrupt_handler15
                0x06020c08                __interrupt_handler212
                0x06020cb6                __interrupt_handler241
                0x06020bcc                __interrupt_handler202
                0x06020b96                __interrupt_handler193
                0x060208e4                __interrupt_handler78
                0x0602083c                __interrupt_handler50
                0x060207d6                __interrupt_handler33
                0x06020af4                __interrupt_handler166
                0x06020a4c                __interrupt_handler138
                0x06020a3a                __interrupt_handler135
                0x060207c4                __interrupt_handler30
                0x06020b60                __interrupt_handler184
                0x06020a5e                __interrupt_handler141
                0x06020c74                __interrupt_handler230
                0x06020c98                __interrupt_handler236
                0x060209da                __interrupt_handler119
                0x06020914                __interrupt_handler86
                0x06020986                __interrupt_handler105
                0x060208f6                __interrupt_handler81
                0x060209e0                __interrupt_handler120
                0x06020a10                __interrupt_handler128
                0x06020854                __interrupt_handler54
                0x06020752                __interrupt_handler11
                0x06020bba                __interrupt_handler199
                0x06020aac                __interrupt_handler154
                0x0602081e                __interrupt_handler45
                0x06020c20                __interrupt_handler216
                0x06020bd2                __interrupt_handler203
                0x0602096e                __interrupt_handler101
                0x06020908                __interrupt_handler84
                0x06020b66                __interrupt_handler185
                0x06020a64                __interrupt_handler142
                0x060207ac                __interrupt_handler26
                0x06020890                __interrupt_handler64
                0x06020bc0                __interrupt_handler200
                0x06020bea                __interrupt_handler207
                0x06020b9c                __interrupt_handler194
                0x06020938                __interrupt_handler92
                0x06020ab2                __interrupt_handler155
                0x06020c02                __interrupt_handler211
                0x06020a2e                __interrupt_handler133
                0x0602072e                __interrupt_handler5
                0x060208c6                __interrupt_handler73
                0x06020770                __interrupt_handler16
                0x06020caa                __interrupt_handler239
                0x06020c8c                __interrupt_handler234
                0x060207e2                __interrupt_handler35
                0x06020872                __interrupt_handler59
                0x06020b06                __interrupt_handler169
                0x0602095c                __interrupt_handler98
                0x060208ba                __interrupt_handler71
                0x06020842                __interrupt_handler51
                0x06020aca                __interrupt_handler159
                0x06020c5c                __interrupt_handler226
                0x06020950                __interrupt_handler96
                0x06020b84                __interrupt_handler190
                0x06020c38                __interrupt_handler220
                0x06020740                __interrupt_handler8
                0x06020b42                __interrupt_handler179
                0x06020cf8                __interrupt_handler252
 *fill*         0x06020d34        0xc 00
 .text          0x06020d40     0x12a0 ../sbl6/segalib/lib/sega_spr.a(spr_2c.o)
                0x06021fa0                SlaveFlushDrawPrtyBlock
                0x06020d40                SPR_2Initial
                0x06021584                SPR_2SysClip
                0x06021524                SPR_2LocalCoord
                0x06021e1c                SPR_2FlushDrawPrtyBlock
                0x06021b08                SPR_2DistSpr
                0x0602150c                SPR_2FlushDrawPrty
                0x06021c2c                SPR_2Cmd
                0x06021208                SPR_2GourTblNoToVram
                0x06021268                SPR_2GetAreaSizeInfo
                0x06020fd0                SPR_2SetGourTbl
                0x060217bc                SPR_2Polygon
                0x06021244                SPR_2CharNoToVram
                0x06020f50                SPR_2SetTvMode
                0x060213ac                SPR_2CloseCommand
                0x06020f8c                SPR_2FrameEraseData
                0x06020d68                SPR_2Initial2
                0x0602199c                SPR_2ScaleSpr
                0x0602162c                SPR_2Line
                0x060212f8                SPR_2OpenCommand
                0x06020f6c                SPR_2FrameChgIntr
                0x06021878                SPR_2NormSpr
                0x06021000                SPR_2SetLookupTbl
                0x06021034                SPR_2SetChar
                0x0602122c                SPR_2LookupTblNoToVram
                0x06021700                SPR_2PolyLine
                0x060211a0                SPR_2ClrAllChar
                0x06021154                SPR_2ClrChar
                0x060215d0                SPR_2UserClip
 .text          0x06021fe0      0x1e6 ../sbl6/segalib/lib/sega_spr.a(spr_slv.o)
                0x06022144                SPR_WaitEndSlaveSH
                0x06021fe0                SPR_SMPC_SSHON
                0x06022120                SPR_RunSlaveSH
                0x06021fe4                SPR_InitSlaveSH
                0x060220ac                SPR_SlaveSHmain
                0x06021fe1                SPR_SMPC_SSHOFF
 *fill*         0x060221c6        0xa 00
 .text          0x060221d0      0x36a ../sbl6/segalib/lib/sega_spr.a(spr_1c.o)
                0x06022484                SPR_WaitDrawEnd
                0x0602249c                SPR_SetEosMode
                0x060223b4                SPR_SetEraseData
                0x060221d0                SPR_Initial
                0x060222a8                SPR_SetTvMode
                0x06022340                SPR_GetStatus
 *fill*         0x0602253a        0x6 00
 .text          0x06022540      0x244 ../sbl6/segalib/lib/sega_spr.a(spr_2a.o)
                0x06022552                sprMemCpyW
                0x060225b0                flushDrawPrtyBlock
                0x06022540                sprMemCpyL
                0x06022564                SPR_2SetDrawPrty
 *fill*         0x06022784        0xc 00
 .text          0x06022790      0x2fc ../sbl6/segalib/lib/sega_scl.a(scl_vblv.o)
                0x0602284c                SCL_DisplayFrame
                0x06022790                SCL_SetFrameInterval
                0x06022880                SCL_VblInit
                0x060228d0                SCL_VblankStart
                0x06022914                SCL_VblankEnd
 *fill*         0x06022a8c        0x4 00
 .text          0x06022a90      0xb9c ../sbl6/segalib/lib/sega_scl.a(scl_func.o)
                0x0602346c                SCL_Vdp2_SGLInit
                0x0602337c                SCL_PriIntProc
                0x060232f4                SCL_Memcpyw
                0x0602360c                SCL_SglOff
                0x060235ec                SCL_SglOn
                0x06023260                SCL_ScrollShow
                0x06022d08                SCL_Close
                0x06023000                SCL_Scale
                0x06022a90                SCL_Vdp2Init
                0x06022e74                SCL_Move
                0x0602313c                SCL_CopyReg
                0x06022ce4                SCL_Open
                0x06022b14                SCL_ParametersInit
                0x06022d24                SCL_MoveTo
                0x0602331c                SCL_SetColRamMode
 *fill*         0x0602362c        0x4 00
 .text          0x06023630      0x138 ../sbl6/segalib/lib/sega_scl.a(scl_pr03.o)
                0x06023630                SCL_FreeColRam
                0x06023668                SCL_AllocColRam
 *fill*         0x06023768        0x8 00
 .text          0x06023770       0x9c ../sbl6/segalib/lib/sega_scl.a(scl_pr02.o)
                0x06023770                SCL_SetColRam
 *fill*         0x0602380c        0x4 00
 .text          0x06023810       0x84 ../sbl6/segalib/lib/sega_scl.a(scl_back.o)
                0x06023810                SCL_SetBack
 *fill*         0x06023894        0xc 00
 .text          0x060238a0      0x94c ../sbl6/segalib/lib/sega_scl.a(scl_fu03.o)
                0x060238fc                SCL_SetConfig
                0x060238a0                SCL_InitConfigTb
 *fill*         0x060241ec        0x4 00
 .text          0x060241f0      0x4f4 ../sbl6/segalib/lib/sega_scl.a(scl_fu02.o)
                0x06024228                SCL_SetVramConfig
                0x060241f0                SCL_InitVramConfigTb
 *fill*         0x060246e4        0xc 00
 .text          0x060246f0       0x28 ../sbl6/segalib/lib/sega_scl.a(scl_fu04.o)
                0x060246f0                SCL_SetCycleTable
 *fill*         0x06024718        0x8 00
 .text          0x06024720      0x214 ../sbl6/segalib/lib/sega_scl.a(scl_pr07.o)
                0x06024720                SCL_SetPriority
 *fill*         0x06024934        0xc 00
 .text          0x06024940       0x58 ../sbl6/segalib/lib/sega_scl.a(scl_pr01.o)
                0x06024940                SCL_SetSpriteMode
 *fill*         0x06024998        0x8 00
 .text          0x060249a0     0x10a4 ../sbl6/segalib/lib/sega_scl.a(scl_pri.o)
                0x06024a34                SCL_AbortAutoVe
                0x060258e4                SCL_SetShadowBit
                0x06024eac                SCL_AutoExec
                0x060249a0                SCL_PriorityInit
                0x060253c0                SCL_IncColOffset
                0x06024a48                SCL_SetColMixRate
                0x06024a18                SCL_GetColRamMode
 *fill*         0x06025a44        0xc 00
 .text          0x06025a50     0x1394 ../sbl6/segalib/lib/sega_scl.a(scl_ro00.o)
                0x06026c3c                SCL_RotateZD
                0x06025f04                SCL_Rotate
                0x06025bd8                SCL_InitRotateTable
 *fill*         0x06026de4        0xc 00
 .text          0x06026df0      0x1b4 ../sbl6/segalib/lib/sega_scl.a(scl_pr06.o)
                0x06026df0                SCL_SetColRamOffset
 *fill*         0x06026fa4        0xc 00
 .text          0x06026fb0       0xac ../sbl6/segalib/lib/sega_scl.a(scl_pr05.o)
                0x06026fb0                SCL_GetColRamOffset
 *fill*         0x0602705c        0x4 00
 .text          0x06027060       0xa4 ../sbl6/segalib/lib/sega_mth.a(mth_fixd.o)
                0x060270b0                MTH_FixedToInt
                0x060270a0                MTH_IntToFixed
                0x06027060                MTH_Mul
                0x060270c0                MTH_Product
                0x06027080                MTH_Div
 *fill*         0x06027104        0xc 00
 .text          0x06027110      0x600 ../sbl6/segalib/lib/sega_mth.a(mth_tri.o)
                0x060271ac                fcos
                0x060271b2                fsin
                0x0602715c                MTH_Cos
                0x06027110                MTH_Sin
                0x06027350                MTH_Atan
 .text          0x06027710      0xf50 ../sbl6/segalib/lib/sega_per.a(per_prt.o)
                0x06027b30                PER_IntFunc
                0x06027928                PER_LGetPer
                0x06027710                PER_LInit
 .text          0x06028660      0x1f4 ../sbl6/segalib/lib/sega_sat.a(DMA_SCU1.o)
                0x060287bc                DMA_ScuResult
                0x06028660                DMA_ScuInit
                0x060286b0                DMA_ScuMemCopy
 *fill*         0x06028854        0xc 00
 .text          0x06028860      0x308 ../sbl6/segalib/lib/sega_sat.a(DMA_SCU0.o)
                0x060288e4                DMA_ScuStart
                0x06028a18                DMA_ScuIntFunc0
                0x06028a88                DMA_ScuIntFunc1
                0x06028af8                DMA_ScuIntFunc2
                0x060289d8                DMA_ScuGetStatus
                0x06028860                DMA_ScuSetPrm
 *fill*         0x06028b68        0x8 00
 .text          0x06028b70       0xe8 ../sbl6/segalib/lib/sega_sat.a(csh_main.o)
                0x06028b70                CSH_Init
                0x06028bd8                CSH_AllClr
                0x06028c24                CSH_Purge
 *fill*         0x06028c58        0x8 00
 .text          0x06028c60       0xb0 c:/saturn/SH_COFF/sh-coff/bin/../lib/gcc/sh-coff/3.4-GNUSH_v0501\libgcc.a(_movstr.o)
                0x06028ca0                __movstrSI16
                0x06028c74                __movstrSI60
                0x06028c80                __movstrSI48
                0x06028c7c                __movstrSI52
                0x06028c70                __movstrSI64
                0x06028c84                __movstrSI44
                0x06028c88                __movstrSI40
                0x06028c8c                __movstrSI36
                0x06028cc0                __movstr
                0x06028c78                __movstrSI56
                0x06028c94                __movstrSI28
                0x06028c90                __movstrSI32
                0x06028ca4                __movstrSI12
                0x06028ca8                __movstrSI8
                0x06028cb0                __movstrSI0
                0x06028c98                __movstrSI24
                0x06028c9c                __movstrSI20
                0x06028cac                __movstrSI4
 .text          0x06028d10       0x90 c:/saturn/SH_COFF/sh-coff/bin/../lib/gcc/sh-coff/3.4-GNUSH_v0501\libgcc.a(_ashiftlt.o)
                0x06028d10                __ashlsi3
 .text          0x06028da0       0xa0 c:/saturn/SH_COFF/sh-coff/bin/../lib/gcc/sh-coff/3.4-GNUSH_v0501\libgcc.a(__main.o)
                0x06028e14                __main
                0x06028da0                __do_global_dtors
                0x06028dd4                __do_global_ctors
 .text          0x06028e40       0x70 c:/saturn/SH_COFF/sh-coff/bin/../lib/gcc/sh-coff/3.4-GNUSH_v0501\libgcc.a(_udivsi3.o)
                0x06028e62                __udivsi3
 .text          0x06028eb0       0x60 c:/saturn/SH_COFF/sh-coff/bin/../lib/gcc/sh-coff/3.4-GNUSH_v0501\libgcc.a(_ashiftrt.o)
                0x06028ebc                __ashiftrt_r4_27
                0x06028ef0                __ashiftrt_r4_6
                0x06028ee0                __ashiftrt_r4_14
                0x06028ed2                __ashiftrt_r4_19
                0x06028eea                __ashiftrt_r4_9
                0x06028efe                __ashiftrt_r4_0
                0x06028eb0                __ashiftrt_r4_31
                0x06028ebe                __ashiftrt_r4_26
                0x06028ecc                __ashiftrt_r4_22
                0x06028ed8                __ashiftrt_r4_16
                0x06028ee4                __ashiftrt_r4_12
                0x06028eb8                __ashiftrt_r4_29
                0x06028ed6                __ashiftrt_r4_17
                0x06028eb6                __ashiftrt_r4_30
                0x06028ef2                __ashiftrt_r4_5
                0x06028eec                __ashiftrt_r4_8
                0x06028eb0                __ashiftrt_r4_32
                0x06028ec0                __ashiftrt_r4_25
                0x06028ef8                __ashiftrt_r4_2
                0x06028ec2                __ashiftrt_r4_24
                0x06028ede                __ashiftrt_r4_15
                0x06028ee8                __ashiftrt_r4_10
                0x06028efa                __ashiftrt_r4_1
                0x06028eba                __ashiftrt_r4_28
                0x06028ed0                __ashiftrt_r4_20
                0x06028eee                __ashiftrt_r4_7
                0x06028ee2                __ashiftrt_r4_13
                0x06028ee6                __ashiftrt_r4_11
                0x06028ef4                __ashiftrt_r4_4
                0x06028eca                __ashiftrt_r4_23
                0x06028ed4                __ashiftrt_r4_18
                0x06028ece                __ashiftrt_r4_21
                0x06028ef6                __ashiftrt_r4_3
 .text          0x06028f10       0xb0 c:/saturn/SH_COFF/sh-coff/bin/../lib/gcc/sh-coff/3.4-GNUSH_v0501\libgcc.a(_si_to_df.o)
                0x06028f10                __floatsidf
 .text          0x06028fc0      0x2e0 c:/saturn/SH_COFF/sh-coff/bin/../lib/gcc/sh-coff/3.4-GNUSH_v0501\libgcc.a(_mul_df.o)
                0x06028fd0                __muldf3
 .text          0x060292a0       0x80 c:/saturn/SH_COFF/sh-coff/bin/../lib/gcc/sh-coff/3.4-GNUSH_v0501\libgcc.a(_df_to_si.o)
                0x060292a0                __fixdfsi
 .text          0x06029320      0x220 c:/saturn/SH_COFF/sh-coff/bin/../lib/gcc/sh-coff/3.4-GNUSH_v0501\libgcc.a(_pack_df.o)
                0x06029330                __pack_d
 .text          0x06029540      0x120 c:/saturn/SH_COFF/sh-coff/bin/../lib/gcc/sh-coff/3.4-GNUSH_v0501\libgcc.a(_unpack_df.o)
                0x06029550                __unpack_d
 .text          0x06029660       0x20 c:/saturn/SH_COFF/sh-coff/bin/../lib/gcc/sh-coff/3.4-GNUSH_v0501\libgcc.a(_thenan_df.o)
                0x06029660                __thenan_df
 .text          0x06029680       0xd0 c:/saturn/SH_COFF/sh-coff/bin/../lib/gcc/sh-coff/3.4-GNUSH_v0501\libgcc.a(_muldi3.o)
                0x06029680                __muldi3
 .text          0x06029750       0x80 c:/saturn/SH_COFF/sh-coff/bin/../lib/gcc/sh-coff/3.4-GNUSH_v0501\libgcc.a(_lshrdi3.o)
                0x06029750                __lshrdi3
 .text          0x060297d0       0x80 c:/saturn/SH_COFF/sh-coff/bin/../lib/gcc/sh-coff/3.4-GNUSH_v0501\libgcc.a(_ashldi3.o)
                0x060297d0                __ashldi3
 .text          0x06029850       0x30 c:/saturn/SH_COFF/sh-coff/bin/../lib/gcc/sh-coff/3.4-GNUSH_v0501\libgcc.a(_mulsi3.o)
                0x06029850                __mulsi3
 .text          0x06029880       0x90 c:/saturn/SH_COFF/sh-coff/bin/../lib/gcc/sh-coff/3.4-GNUSH_v0501\libgcc.a(_lshiftrt.o)
                0x06029880                __lshrsi3
 .text          0x06029910       0xa0 c:/saturn/SH_COFF/sh-coff/bin/../lib/gcc/sh-coff/3.4-GNUSH_v0501/../../../../sh-coff/lib\libc.a(memcpy.o)
                0x06029910                memcpy
 .text          0x060299b0       0x40 c:/saturn/SH_COFF/sh-coff/bin/../lib/gcc/sh-coff/3.4-GNUSH_v0501/../../../../sh-coff/lib\libc.a(memset.o)
                0x060299b0                memset
 .text          0x060299f0       0x90 c:/saturn/SH_COFF/sh-coff/bin/../lib/gcc/sh-coff/3.4-GNUSH_v0501/../../../../sh-coff/lib\libc.a(atexit.o)
                0x060299f0                atexit
 .text          0x06029a80       0x10 c:/saturn/SH_COFF/sh-coff/bin/../lib/gcc/sh-coff/3.4-GNUSH_v0501/../../../../sh-coff/lib\libc.a(impure.o)
                0x06029a80                _global_impure_ptr
 .text          0x06029a90       0x40 c:/saturn/SH_COFF/sh-coff/bin/../lib/gcc/sh-coff/3.4-GNUSH_v0501/../../../../sh-coff/lib\libc.a(malloc.o)
                0x06029aac                free
                0x06029a90                malloc
 .text          0x06029ad0      0x5b0 c:/saturn/SH_COFF/sh-coff/bin/../lib/gcc/sh-coff/3.4-GNUSH_v0501/../../../../sh-coff/lib\libc.a(mallocr.o)
                0x06029ad0                _malloc_r
 .text          0x0602a080      0x340 c:/saturn/SH_COFF/sh-coff/bin/../lib/gcc/sh-coff/3.4-GNUSH_v0501/../../../../sh-coff/lib\libc.a(freer.o)
                0x0602a080                _malloc_trim_r
                0x0602a174                _free_r
 .text          0x0602a3c0       0x20 c:/saturn/SH_COFF/sh-coff/bin/../lib/gcc/sh-coff/3.4-GNUSH_v0501/../../../../sh-coff/lib\libc.a(mlock.o)
                0x0602a3c0                __malloc_lock
                0x0602a3cc                __malloc_unlock
 .text          0x0602a3e0       0x50 c:/saturn/SH_COFF/sh-coff/bin/../lib/gcc/sh-coff/3.4-GNUSH_v0501/../../../../sh-coff/lib\libc.a(sbrkr.o)
                0x0602a3e0                _sbrk_r
 .text          0x0602a430      0x380 c:/saturn/SH_COFF/sh-coff/bin/../lib/gcc/sh-coff/3.4-GNUSH_v0501/../../../../sh-coff/lib\libc.a(syscalls.o)
                0x0602a59c                _exit
                0x0602a5d0                _getpid
                0x0602a638                _utime
                0x0602a468                _write
                0x0602a430                _read
                0x0602a584                _unlink
                0x0602a54c                _open
                0x0602a5e8                _stat
                0x0602a590                isatty
                0x0602a668                _wait
                0x0602a5b4                _kill
                0x0602a604                _chmod
                0x0602a698                _execv
                0x0602a67c                _execve
                0x0602a774                __setup_argv_and_call_main
                0x0602a6d0                _gettimeofday
                0x0602a49c                _link
                0x0602a5dc                _raise
                0x0602a568                _creat
                0x0602a6b0                _pipe
                0x0602a61c                _chown
                0x0602a44c                _lseek
                0x0602a484                _close
                0x0602a6c4                _times
                0x0602a538                _fstat
                0x0602a654                _fork
                0x0602a4c4                _sbrk
 .text          0x0602a7b0       0x20 c:/saturn/SH_COFF/sh-coff/bin/../lib/gcc/sh-coff/3.4-GNUSH_v0501/../../../../sh-coff/lib\libc.a(trap.o)
                0x0602a7b0                __trap34
 .text          0x0602a7d0       0x20 c:/saturn/SH_COFF/sh-coff/bin/../lib/gcc/sh-coff/3.4-GNUSH_v0501/../../../../sh-coff/lib\libc.a(abort.o)
                0x0602a7d0                abort
 .text          0x0602a7f0      0x270 c:/saturn/SH_COFF/sh-coff/bin/../lib/gcc/sh-coff/3.4-GNUSH_v0501/../../../../sh-coff/lib\libc.a(signal.o)
                0x0602a8b0                _raise_r
                0x0602aa38                __sigtramp
                0x0602a9e4                raise
                0x0602aa20                _init_signal
                0x0602a970                __sigtramp_r
                0x0602aa00                signal
                0x0602a83c                _signal_r
                0x0602a7f0                _init_signal_r
 .text          0x0602aa60       0x60 c:/saturn/SH_COFF/sh-coff/bin/../lib/gcc/sh-coff/3.4-GNUSH_v0501/../../../../sh-coff/lib\libc.a(signalr.o)
                0x0602aaa8                _getpid_r
                0x0602aa60                _kill_r
 *(.strings)

.tors           0x0602aac0        0x0
                0x0602aac0                ___ctors = .
 *(.ctors)
                0x0602aac0                ___ctors_end = .
                0x0602aac0                ___dtors = .
 *(.dtors)
                0x0602aac0                ___dtors_end = .

.data           0x0602aac0     0x1120
                0x0602aac0                STARTOF_R = .
 *(.data)
 .data          0x0602aac0      0x400 ../sbl6/segasmp/per/smpclib/per_x1.o
 .data          0x0602aec0       0x50 graphics.o
                0x0602aec0                tiles
 .data          0x0602af10       0x30 scroll.o
                0x0602af10                CycleTb
                0x0602af20                vram
                0x0602af30                tilemaps
 .data          0x0602af40       0x30 main.o
 .data          0x0602af70      0x400 ../sbl6/segalib/lib/sega_int.a(int.o)
 .data          0x0602b370       0x1c ../sbl6/segalib/lib/sega_spr.a(spr_slv.o)
                0x0602b378                SPR_SlaveParam
                0x0602b388                SPR_SMPC_SF
                0x0602b380                SPR_SMPC_COM
                0x0602b37c                SPR_SlaveSHEntry
                0x0602b374                SPR_SlaveState
                0x0602b370                SPR_SlaveCommand
                0x0602b384                SPR_SMPC_RET
 *fill*         0x0602b38c        0x4 00
 .data          0x0602b390       0x34 ../sbl6/segalib/lib/sega_spr.a(spr_1c.o)
                0x0602b390                SpInitialFlag
 *fill*         0x0602b3c4        0xc 00
 .data          0x0602b3d0       0x1c ../sbl6/segalib/lib/sega_scl.a(scl_vblv.o)
                0x0602b3d8                VBInterval
                0x0602b3e0                ReqDisplayFlag
                0x0602b3d0                SpFrameChgMode
                0x0602b3dc                VBIntervalCounter
                0x0602b3d4                SpFrameEraseMode
 *fill*         0x0602b3ec        0x4 00
 .data          0x0602b3f0       0x36 ../sbl6/segalib/lib/sega_scl.a(scl_func.o)
                0x0602b400                SclRotregBuff
                0x0602b3fc                SclDisplayY
                0x0602b404                SclRotateTableMode
                0x0602b3f8                SclProcess
                0x0602b3f4                SclCurSclNum
                0x0602b3f0                SclLengthLsTbl
                0x0602b3fa                SclDisplayX
                0x0602b3f2                SclLengthCsTbl
 *fill*         0x0602b426        0xa 00
 .data          0x0602b430       0x18 ../sbl6/segalib/lib/sega_scl.a(scl_pri.o)
                0x0602b434                SclRealSpPriNum
                0x0602b444                SclRealColOffset
                0x0602b440                SclRealBgColMix
                0x0602b43c                SclRealSpColMix
                0x0602b438                SclRealBgPriNum
                0x0602b430                SclRealOtherPri
 *fill*         0x0602b448        0x8 00
 .data          0x0602b450      0x380 c:/saturn/SH_COFF/sh-coff/bin/../lib/gcc/sh-coff/3.4-GNUSH_v0501/../../../../sh-coff/lib\libc.a(impure.o)
                0x0602b7cc                _impure_ptr
 .data          0x0602b7d0      0x410 c:/saturn/SH_COFF/sh-coff/bin/../lib/gcc/sh-coff/3.4-GNUSH_v0501/../../../../sh-coff/lib\libc.a(mallocr.o)
                0x0602b7d8                __malloc_av_
                0x0602b7d4                __malloc_trim_threshold
                0x0602b7d0                __malloc_sbrk_base
                0x0602bbe0                SIZEOF_R = (. - STARTOF_R)
                0x0602bbe0                ENDOF_R = .

.bss            0x0602bbe0     0x73e4
                0x0602bbe0                STARTOF_B = .
 *(.bss)
 .bss           0x0602bbe0       0x10 vblank.o
                0x0602bbe4                PadData2E
                0x0602bbea                PadData1
                0x0602bbe6                PadData2
                0x0602bbe8                PadData1E
                0x0602bbe0                __port
 .bss           0x0602bbf0       0xd0 ../sbl6/segasmp/per/smpclib/per_x2.o
 .bss           0x0602bcc0       0x10 player.o
                0x0602bcc0                anim_cursor
 .bss           0x0602bcd0       0x10 sprite.o
                0x0602bcd0                num_sprites
 .bss           0x0602bce0       0x70 scroll.o
                0x0602bce0                transition_state
                0x0602bd08                map_tiles_x
                0x0602bd18                scrolls_y
                0x0602bcf8                map_tiles_y
                0x0602bce8                copy_modes
                0x0602bd28                scrolls_x
                0x0602bce4                curr_map
 .bss           0x0602bd50     0x3430 main.o
 .bss           0x0602f180       0x6e ../sbl6/segalib/lib/sega_spr.a(spr_2c.o)
 *fill*         0x0602f1ee        0x2 00
 .bss           0x0602f1f0        0x4 ../sbl6/segalib/lib/sega_scl.a(scl_vblv.o)
 *fill*         0x0602f1f4        0xc 00
 .bss           0x0602f200        0x4 ../sbl6/segalib/lib/sega_scl.a(scl_func.o)
 *fill*         0x0602f204        0xc 00
 .bss           0x0602f210       0x48 ../sbl6/segalib/lib/sega_scl.a(scl_ro00.o)
 *fill*         0x0602f258        0x8 00
 .bss           0x0602f260       0x9c ../sbl6/segalib/lib/sega_per.a(per_prt.o)
 *fill*         0x0602f2fc        0x4 00
 .bss           0x0602f300        0xc ../sbl6/segalib/lib/sega_sat.a(DMA_SCU1.o)
 *fill*         0x0602f30c        0x4 00
 .bss           0x0602f310       0x20 ../sbl6/segalib/lib/sega_sat.a(DMA_SCU0.o)
 .bss           0x0602f330       0x10 c:/saturn/SH_COFF/sh-coff/bin/../lib/gcc/sh-coff/3.4-GNUSH_v0501\libgcc.a(__main.o)
 .bss           0x0602f340       0x10 c:/saturn/SH_COFF/sh-coff/bin/../lib/gcc/sh-coff/3.4-GNUSH_v0501/../../../../sh-coff/lib\libc.a(atexit.o)
 .bss           0x0602f350       0x40 c:/saturn/SH_COFF/sh-coff/bin/../lib/gcc/sh-coff/3.4-GNUSH_v0501/../../../../sh-coff/lib\libc.a(mallocr.o)
                0x0602f380                __malloc_top_pad
                0x0602f350                __malloc_current_mallinfo
                0x0602f37c                __malloc_max_sbrked_mem
                0x0602f378                __malloc_max_total_mem
 .bss           0x0602f390       0x10 c:/saturn/SH_COFF/sh-coff/bin/../lib/gcc/sh-coff/3.4-GNUSH_v0501/../../../../sh-coff/lib\libc.a(syscalls.o)
 *(COMMON)
 COMMON         0x0602f3a0     0x1c20 collision.o
                                  0x0 (size before relaxing)
                0x0602f3a0                sprites
 COMMON         0x06030fc0       0x24 player.o
                                  0x0 (size before relaxing)
                0x06030fc0                player
 *fill*         0x06030fe4        0xc 00
 COMMON         0x06030ff0      0x460 print.o
                                  0x0 (size before relaxing)
                0x06030ff0                text
 COMMON         0x06031450      0x12c scroll.o
                                  0x0 (size before relaxing)
                0x06031450                scfg0
                0x060314e0                maps
                0x060314f0                scfg1
 *fill*         0x0603157c        0x4 00
 COMMON         0x06031580      0x400 ../sbl6/segalib/lib/sega_int.a(int.o)
                                  0x0 (size before relaxing)
                0x06031580                __interrupt_vector
 COMMON         0x06031980       0x50 ../sbl6/segalib/lib/sega_spr.a(spr_2c.o)
                                  0x0 (size before relaxing)
                0x06031980                SpMstCmd
                0x06031984                Sp2OpenFlag
                0x06031988                SpGourTblMax
                0x0603198c                SpDrawPrtyBlk
                0x06031990                SpLCoordX
                0x06031994                SpMstDrawPrtyBlk
                0x06031998                SpGourTbl
                0x0603199c                SpLookupTblR
                0x060319a0                SpCmdTbl
                0x060319a4                SpCharMax
                0x060319a8                SpDrawPrtyProcFlag
                0x060319ac                SpCmdNo
                0x060319b0                SpDrawPrtyBlkMax
                0x060319b4                SpSlvCmdPos
                0x060319b8                SpSlvDrawPrtyBlk
                0x060319bc                SpCharTbl
                0x060319c0                SpCmdTblR
                0x060319c4                SpMstCmdPos
                0x060319c8                SpSlvCmd
                0x060319cc                SpLCoordY
 COMMON         0x060319d0       0x10 ../sbl6/segalib/lib/sega_spr.a(spr_1c.o)
                                  0x0 (size before relaxing)
                0x060319d0                SpScreenY
                0x060319d4                SpFbcrMode
                0x060319d6                SpDil
                0x060319d8                SpDie
                0x060319da                SpTvMode
                0x060319dc                SpScreenX
 COMMON         0x060319e0      0xf00 ../sbl6/segalib/lib/sega_scl.a(scl_func.o)
                                  0x0 (size before relaxing)
                0x060319e0                SclRbgKtbAddr
                0x060319e8                SclRb
                0x060319ea                Scl_flag
                0x060319f0                SclK_TableBuff
                0x060326c0                SclAddrCsTbl
                0x060326d0                Scl_s_reg
                0x060326f8                SclRotateXy
                0x06032700                Scl_d_reg
                0x06032748                SclRotateDisp
                0x06032750                SclRotateMoveZ
                0x06032758                SclRotXySw
                0x06032760                Scl_r_reg
                0x06032770                SclRPMD
                0x06032778                SclRbgKtbOffset
                0x06032780                _SclRotregBuff
                0x06032850                SclRa
                0x06032858                SclRotateZ
                0x06032860                SclAddrLsTbl
                0x06032868                SclK_TableNum
                0x06032870                SclRotateTableAddress
                0x06032874                SclK_TableFlag
                0x06032880                Scl_w_reg
                0x060328a0                Scl_n_reg
 COMMON         0x060328e0      0x6b0 ../sbl6/segalib/lib/sega_scl.a(scl_pri.o)
                                  0x0 (size before relaxing)
                0x060328e0                SclAutoEndBlue2
                0x060328f0                SclColOffset
                0x06032900                SclPriBuffDirty
                0x06032902                SclAutoEndRed
                0x06032904                SclAutoSurface
                0x06032908                SclAutoGreen
                0x0603290a                SclAutoEndGreen
                0x0603290c                SclAutoCount
                0x06032910                SclColRamAlloc256
                0x06032930                SclAutoCurRate
                0x06032931                SclAutoPlusFlag
                0x06032938                SclSpColMix
                0x06032940                SclAutoMax
                0x06032944                SclLineColRamOffset
                0x06032948                SclColRamAlloc2048
                0x0603294c                SclBgPriNum
                0x06032952                SclAutoEndBlue
                0x06032954                SclAutoEndGreen2
                0x06032956                SclAutoVeFlag
                0x06032958                SclBgColMix
                0x06032960                SclAutoIndex
                0x06032964                SclAutoEndRate
                0x06032966                SclAutoBlue
                0x06032968                SclAutoRed
                0x0603296c                SclAutoInterval
                0x06032970                SclOtherPri
                0x06032980                SclAutoRGB
                0x06032f80                SclAutoEndRed2
                0x06032f88                SclSpPriNum
 COMMON         0x06032f90       0x10 ../sbl6/segalib/lib/sega_scl.a(scl_ro00.o)
                                  0x0 (size before relaxing)
                0x06032f90                SclCsx
                0x06032f98                SclCsy
 COMMON         0x06032fa0       0x15 ../sbl6/segalib/lib/sega_per.a(per_prt.o)
                                  0x0 (size before relaxing)
                0x06032fa0                per_get_time_flg
                0x06032fa1                per_hot_res
                0x06032fa2                per_set_sys_flg
                0x06032fa4                per_get_time_adr
                0x06032fa8                per_get_sys_data
                0x06032fb4                per_time_out_flg
 *fill*         0x06032fb5        0xb 00
 COMMON         0x06032fc0        0x4 c:/saturn/SH_COFF/sh-coff/bin/../lib/gcc/sh-coff/3.4-GNUSH_v0501/../../../../sh-coff/lib\libc.a(syscalls.o)
                                  0x0 (size before relaxing)
                0x06032fc0                errno
                0x06032fc4                SIZEOF_B = (. - STARTOF_B)
                0x06032fc4                ENDOF_B = .
                0x06032fc4                _end = .
OUTPUT(main.cof coff-sh)

.comment        0x06032fd0      0x400
 .comment       0x06032fd0       0x20 ../sbl6/segasmp/lib/strt2_g.o
 .comment       0x06032ff0       0x20 vblank.o
 .comment       0x06033010       0x20 ../sbl6/segasmp/per/smpclib/per_x1.o
 .comment       0x06033030       0x20 ../sbl6/segasmp/per/smpclib/per_x2.o
 .comment       0x06033050       0x20 collision.o
 .comment       0x06033070       0x20 graphics.o
 .comment       0x06033090       0x20 player.o
 .comment       0x060330b0       0x20 print.o
 .comment       0x060330d0       0x20 sprite.o
 .comment       0x060330f0       0x20 scroll.o
 .comment       0x06033110       0x20 main.o
 .comment       0x06033130       0x20 c:/saturn/SH_COFF/sh-coff/bin/../lib/gcc/sh-coff/3.4-GNUSH_v0501\libgcc.a(__main.o)
 .comment       0x06033150       0x20 c:/saturn/SH_COFF/sh-coff/bin/../lib/gcc/sh-coff/3.4-GNUSH_v0501\libgcc.a(_si_to_df.o)
 .comment       0x06033170       0x20 c:/saturn/SH_COFF/sh-coff/bin/../lib/gcc/sh-coff/3.4-GNUSH_v0501\libgcc.a(_mul_df.o)
 .comment       0x06033190       0x20 c:/saturn/SH_COFF/sh-coff/bin/../lib/gcc/sh-coff/3.4-GNUSH_v0501\libgcc.a(_df_to_si.o)
 .comment       0x060331b0       0x20 c:/saturn/SH_COFF/sh-coff/bin/../lib/gcc/sh-coff/3.4-GNUSH_v0501\libgcc.a(_pack_df.o)
 .comment       0x060331d0       0x20 c:/saturn/SH_COFF/sh-coff/bin/../lib/gcc/sh-coff/3.4-GNUSH_v0501\libgcc.a(_unpack_df.o)
 .comment       0x060331f0       0x20 c:/saturn/SH_COFF/sh-coff/bin/../lib/gcc/sh-coff/3.4-GNUSH_v0501\libgcc.a(_thenan_df.o)
 .comment       0x06033210       0x20 c:/saturn/SH_COFF/sh-coff/bin/../lib/gcc/sh-coff/3.4-GNUSH_v0501\libgcc.a(_muldi3.o)
 .comment       0x06033230       0x20 c:/saturn/SH_COFF/sh-coff/bin/../lib/gcc/sh-coff/3.4-GNUSH_v0501\libgcc.a(_lshrdi3.o)
 .comment       0x06033250       0x20 c:/saturn/SH_COFF/sh-coff/bin/../lib/gcc/sh-coff/3.4-GNUSH_v0501\libgcc.a(_ashldi3.o)
 .comment       0x06033270       0x20 c:/saturn/SH_COFF/sh-coff/bin/../lib/gcc/sh-coff/3.4-GNUSH_v0501/../../../../sh-coff/lib\libc.a(atexit.o)
 .comment       0x06033290       0x20 c:/saturn/SH_COFF/sh-coff/bin/../lib/gcc/sh-coff/3.4-GNUSH_v0501/../../../../sh-coff/lib\libc.a(impure.o)
 .comment       0x060332b0       0x20 c:/saturn/SH_COFF/sh-coff/bin/../lib/gcc/sh-coff/3.4-GNUSH_v0501/../../../../sh-coff/lib\libc.a(malloc.o)
 .comment       0x060332d0       0x20 c:/saturn/SH_COFF/sh-coff/bin/../lib/gcc/sh-coff/3.4-GNUSH_v0501/../../../../sh-coff/lib\libc.a(mallocr.o)
 .comment       0x060332f0       0x20 c:/saturn/SH_COFF/sh-coff/bin/../lib/gcc/sh-coff/3.4-GNUSH_v0501/../../../../sh-coff/lib\libc.a(freer.o)
 .comment       0x06033310       0x20 c:/saturn/SH_COFF/sh-coff/bin/../lib/gcc/sh-coff/3.4-GNUSH_v0501/../../../../sh-coff/lib\libc.a(mlock.o)
 .comment       0x06033330       0x20 c:/saturn/SH_COFF/sh-coff/bin/../lib/gcc/sh-coff/3.4-GNUSH_v0501/../../../../sh-coff/lib\libc.a(sbrkr.o)
 .comment       0x06033350       0x20 c:/saturn/SH_COFF/sh-coff/bin/../lib/gcc/sh-coff/3.4-GNUSH_v0501/../../../../sh-coff/lib\libc.a(syscalls.o)
 .comment       0x06033370       0x20 c:/saturn/SH_COFF/sh-coff/bin/../lib/gcc/sh-coff/3.4-GNUSH_v0501/../../../../sh-coff/lib\libc.a(abort.o)
 .comment       0x06033390       0x20 c:/saturn/SH_COFF/sh-coff/bin/../lib/gcc/sh-coff/3.4-GNUSH_v0501/../../../../sh-coff/lib\libc.a(signal.o)
 .comment       0x060333b0       0x20 c:/saturn/SH_COFF/sh-coff/bin/../lib/gcc/sh-coff/3.4-GNUSH_v0501/../../../../sh-coff/lib\libc.a(signalr.o)
