Archive member included because of file (symbol)

../sbl6/segalib/lib/sega_int.a(int.o)
                              vblank.o (INT_SetScuFunc)
../sbl6/segalib/lib/sega_int.a(int_trmp.o)
                              ../sbl6/segalib/lib/sega_int.a(int.o) (__interrupt_handler0)
../sbl6/segalib/lib/sega_spr.a(spr_2c.o)
                              sprite.o (SPR_2Initial)
../sbl6/segalib/lib/sega_spr.a(spr_slv.o)
                              ../sbl6/segalib/lib/sega_spr.a(spr_2c.o) (SPR_InitSlaveSH)
../sbl6/segalib/lib/sega_spr.a(spr_1c.o)
                              ../sbl6/segalib/lib/sega_spr.a(spr_2c.o) (SPR_Initial)
../sbl6/segalib/lib/sega_spr.a(spr_2a.o)
                              ../sbl6/segalib/lib/sega_spr.a(spr_2c.o) (SPR_2SetDrawPrty)
../sbl6/segalib/lib/sega_scl.a(scl_vblv.o)
                              ../sbl6/segalib/lib/sega_spr.a(spr_1c.o) (SpFrameChgMode)
../sbl6/segalib/lib/sega_scl.a(scl_func.o)
                              sprite.o (SCL_Vdp2Init)
../sbl6/segalib/lib/sega_scl.a(scl_pr03.o)
                              scroll.o (SCL_AllocColRam)
../sbl6/segalib/lib/sega_scl.a(scl_pr02.o)
                              scroll.o (SCL_SetColRam)
../sbl6/segalib/lib/sega_scl.a(scl_back.o)
                              scroll.o (SCL_SetBack)
../sbl6/segalib/lib/sega_scl.a(scl_fu03.o)
                              scroll.o (SCL_InitConfigTb)
../sbl6/segalib/lib/sega_scl.a(scl_fu02.o)
                              scroll.o (SCL_InitVramConfigTb)
../sbl6/segalib/lib/sega_scl.a(scl_fu04.o)
                              scroll.o (SCL_SetCycleTable)
../sbl6/segalib/lib/sega_scl.a(scl_pr07.o)
                              scroll.o (SCL_SetPriority)
../sbl6/segalib/lib/sega_scl.a(scl_pri.o)
                              ../sbl6/segalib/lib/sega_scl.a(scl_func.o) (SclRealOtherPri)
../sbl6/segalib/lib/sega_scl.a(scl_pr01.o)
                              main.o (SCL_SetSpriteMode)
../sbl6/segalib/lib/sega_scl.a(scl_ro00.o)
                              ../sbl6/segalib/lib/sega_scl.a(scl_func.o) (SCL_Rotate)
../sbl6/segalib/lib/sega_scl.a(scl_pr06.o)
                              ../sbl6/segalib/lib/sega_scl.a(scl_pr03.o) (SCL_SetColRamOffset)
../sbl6/segalib/lib/sega_scl.a(scl_pr05.o)
                              ../sbl6/segalib/lib/sega_scl.a(scl_pr02.o) (SCL_GetColRamOffset)
../sbl6/segalib/lib/sega_mth.a(mth_fixd.o)
                              sprite.o (MTH_Mul)
../sbl6/segalib/lib/sega_mth.a(mth_tri.o)
                              sprite.o (MTH_Sin)
../sbl6/segalib/lib/sega_per.a(per_prt.o)
                              ../sbl6/segasmp/per/smpclib/per_x2.o (PER_LInit)
../sbl6/segalib/lib/sega_sat.a(DMA_SCU1.o)
                              ../sbl6/segalib/lib/sega_spr.a(spr_2c.o) (DMA_ScuMemCopy)
../sbl6/segalib/lib/sega_sat.a(DMA_SCU0.o)
                              ../sbl6/segalib/lib/sega_sat.a(DMA_SCU1.o) (DMA_ScuSetPrm)
../sbl6/segalib/lib/sega_sat.a(csh_main.o)
                              ../sbl6/segalib/lib/sega_sat.a(DMA_SCU1.o) (CSH_Purge)
C:/saturn/SH_COFF/sh-coff/bin/../lib/gcc/sh-coff/3.4-GNUSH_v0501\libgcc.a(_ashiftlt.o)
                              scroll.o (__ashlsi3)
C:/saturn/SH_COFF/sh-coff/bin/../lib/gcc/sh-coff/3.4-GNUSH_v0501\libgcc.a(_movstr.o)
                              scroll.o (__movstr)
C:/saturn/SH_COFF/sh-coff/bin/../lib/gcc/sh-coff/3.4-GNUSH_v0501\libgcc.a(__main.o)
                              main.o (__main)
C:/saturn/SH_COFF/sh-coff/bin/../lib/gcc/sh-coff/3.4-GNUSH_v0501\libgcc.a(_udivsi3.o)
                              ../sbl6/segalib/lib/sega_scl.a(scl_fu03.o) (__udivsi3)
C:/saturn/SH_COFF/sh-coff/bin/../lib/gcc/sh-coff/3.4-GNUSH_v0501\libgcc.a(_ashiftrt.o)
                              ../sbl6/segalib/lib/sega_scl.a(scl_ro00.o) (__ashiftrt_r4_6)
C:/saturn/SH_COFF/sh-coff/bin/../lib/gcc/sh-coff/3.4-GNUSH_v0501\libgcc.a(_si_to_df.o)
                              ../sbl6/segalib/lib/sega_scl.a(scl_ro00.o) (__floatsidf)
C:/saturn/SH_COFF/sh-coff/bin/../lib/gcc/sh-coff/3.4-GNUSH_v0501\libgcc.a(_mul_df.o)
                              ../sbl6/segalib/lib/sega_scl.a(scl_ro00.o) (__muldf3)
C:/saturn/SH_COFF/sh-coff/bin/../lib/gcc/sh-coff/3.4-GNUSH_v0501\libgcc.a(_df_to_si.o)
                              ../sbl6/segalib/lib/sega_scl.a(scl_ro00.o) (__fixdfsi)
C:/saturn/SH_COFF/sh-coff/bin/../lib/gcc/sh-coff/3.4-GNUSH_v0501\libgcc.a(_pack_df.o)
                              C:/saturn/SH_COFF/sh-coff/bin/../lib/gcc/sh-coff/3.4-GNUSH_v0501\libgcc.a(_si_to_df.o) (__pack_d)
C:/saturn/SH_COFF/sh-coff/bin/../lib/gcc/sh-coff/3.4-GNUSH_v0501\libgcc.a(_unpack_df.o)
                              C:/saturn/SH_COFF/sh-coff/bin/../lib/gcc/sh-coff/3.4-GNUSH_v0501\libgcc.a(_mul_df.o) (__unpack_d)
C:/saturn/SH_COFF/sh-coff/bin/../lib/gcc/sh-coff/3.4-GNUSH_v0501\libgcc.a(_thenan_df.o)
                              C:/saturn/SH_COFF/sh-coff/bin/../lib/gcc/sh-coff/3.4-GNUSH_v0501\libgcc.a(_mul_df.o) (__thenan_df)
C:/saturn/SH_COFF/sh-coff/bin/../lib/gcc/sh-coff/3.4-GNUSH_v0501\libgcc.a(_muldi3.o)
                              C:/saturn/SH_COFF/sh-coff/bin/../lib/gcc/sh-coff/3.4-GNUSH_v0501\libgcc.a(_mul_df.o) (__muldi3)
C:/saturn/SH_COFF/sh-coff/bin/../lib/gcc/sh-coff/3.4-GNUSH_v0501\libgcc.a(_lshrdi3.o)
                              C:/saturn/SH_COFF/sh-coff/bin/../lib/gcc/sh-coff/3.4-GNUSH_v0501\libgcc.a(_df_to_si.o) (__lshrdi3)
C:/saturn/SH_COFF/sh-coff/bin/../lib/gcc/sh-coff/3.4-GNUSH_v0501\libgcc.a(_ashldi3.o)
                              C:/saturn/SH_COFF/sh-coff/bin/../lib/gcc/sh-coff/3.4-GNUSH_v0501\libgcc.a(_pack_df.o) (__ashldi3)
C:/saturn/SH_COFF/sh-coff/bin/../lib/gcc/sh-coff/3.4-GNUSH_v0501\libgcc.a(_mulsi3.o)
                              C:/saturn/SH_COFF/sh-coff/bin/../lib/gcc/sh-coff/3.4-GNUSH_v0501\libgcc.a(_muldi3.o) (__mulsi3)
C:/saturn/SH_COFF/sh-coff/bin/../lib/gcc/sh-coff/3.4-GNUSH_v0501\libgcc.a(_lshiftrt.o)
                              C:/saturn/SH_COFF/sh-coff/bin/../lib/gcc/sh-coff/3.4-GNUSH_v0501\libgcc.a(_lshrdi3.o) (__lshrsi3)
C:/saturn/SH_COFF/sh-coff/bin/../lib/gcc/sh-coff/3.4-GNUSH_v0501/../../../../sh-coff/lib\libc.a(memcpy.o)
                              scroll.o (memcpy)
C:/saturn/SH_COFF/sh-coff/bin/../lib/gcc/sh-coff/3.4-GNUSH_v0501/../../../../sh-coff/lib\libc.a(memset.o)
                              scroll.o (memset)
C:/saturn/SH_COFF/sh-coff/bin/../lib/gcc/sh-coff/3.4-GNUSH_v0501/../../../../sh-coff/lib\libc.a(atexit.o)
                              C:/saturn/SH_COFF/sh-coff/bin/../lib/gcc/sh-coff/3.4-GNUSH_v0501\libgcc.a(__main.o) (atexit)
C:/saturn/SH_COFF/sh-coff/bin/../lib/gcc/sh-coff/3.4-GNUSH_v0501/../../../../sh-coff/lib\libc.a(impure.o)
                              C:/saturn/SH_COFF/sh-coff/bin/../lib/gcc/sh-coff/3.4-GNUSH_v0501/../../../../sh-coff/lib\libc.a(atexit.o) (_impure_ptr)
C:/saturn/SH_COFF/sh-coff/bin/../lib/gcc/sh-coff/3.4-GNUSH_v0501/../../../../sh-coff/lib\libc.a(malloc.o)
                              C:/saturn/SH_COFF/sh-coff/bin/../lib/gcc/sh-coff/3.4-GNUSH_v0501/../../../../sh-coff/lib\libc.a(atexit.o) (malloc)
C:/saturn/SH_COFF/sh-coff/bin/../lib/gcc/sh-coff/3.4-GNUSH_v0501/../../../../sh-coff/lib\libc.a(mallocr.o)
                              C:/saturn/SH_COFF/sh-coff/bin/../lib/gcc/sh-coff/3.4-GNUSH_v0501/../../../../sh-coff/lib\libc.a(malloc.o) (_malloc_r)
C:/saturn/SH_COFF/sh-coff/bin/../lib/gcc/sh-coff/3.4-GNUSH_v0501/../../../../sh-coff/lib\libc.a(freer.o)
                              C:/saturn/SH_COFF/sh-coff/bin/../lib/gcc/sh-coff/3.4-GNUSH_v0501/../../../../sh-coff/lib\libc.a(malloc.o) (_free_r)
C:/saturn/SH_COFF/sh-coff/bin/../lib/gcc/sh-coff/3.4-GNUSH_v0501/../../../../sh-coff/lib\libc.a(mlock.o)
                              C:/saturn/SH_COFF/sh-coff/bin/../lib/gcc/sh-coff/3.4-GNUSH_v0501/../../../../sh-coff/lib\libc.a(mallocr.o) (__malloc_lock)
C:/saturn/SH_COFF/sh-coff/bin/../lib/gcc/sh-coff/3.4-GNUSH_v0501/../../../../sh-coff/lib\libc.a(sbrkr.o)
                              C:/saturn/SH_COFF/sh-coff/bin/../lib/gcc/sh-coff/3.4-GNUSH_v0501/../../../../sh-coff/lib\libc.a(mallocr.o) (_sbrk_r)
C:/saturn/SH_COFF/sh-coff/bin/../lib/gcc/sh-coff/3.4-GNUSH_v0501/../../../../sh-coff/lib\libc.a(syscalls.o)
                              C:/saturn/SH_COFF/sh-coff/bin/../lib/gcc/sh-coff/3.4-GNUSH_v0501/../../../../sh-coff/lib\libc.a(sbrkr.o) (_sbrk)
C:/saturn/SH_COFF/sh-coff/bin/../lib/gcc/sh-coff/3.4-GNUSH_v0501/../../../../sh-coff/lib\libc.a(trap.o)
                              C:/saturn/SH_COFF/sh-coff/bin/../lib/gcc/sh-coff/3.4-GNUSH_v0501/../../../../sh-coff/lib\libc.a(syscalls.o) (__trap34)
C:/saturn/SH_COFF/sh-coff/bin/../lib/gcc/sh-coff/3.4-GNUSH_v0501/../../../../sh-coff/lib\libc.a(abort.o)
                              C:/saturn/SH_COFF/sh-coff/bin/../lib/gcc/sh-coff/3.4-GNUSH_v0501/../../../../sh-coff/lib\libc.a(syscalls.o) (abort)
C:/saturn/SH_COFF/sh-coff/bin/../lib/gcc/sh-coff/3.4-GNUSH_v0501/../../../../sh-coff/lib\libc.a(signal.o)
                              C:/saturn/SH_COFF/sh-coff/bin/../lib/gcc/sh-coff/3.4-GNUSH_v0501/../../../../sh-coff/lib\libc.a(abort.o) (raise)
C:/saturn/SH_COFF/sh-coff/bin/../lib/gcc/sh-coff/3.4-GNUSH_v0501/../../../../sh-coff/lib\libc.a(signalr.o)
                              C:/saturn/SH_COFF/sh-coff/bin/../lib/gcc/sh-coff/3.4-GNUSH_v0501/../../../../sh-coff/lib\libc.a(signal.o) (_kill_r)

Allocating common symbols
Common symbol       size              file

SclRbgKtbAddr       0x8               ../sbl6/segalib/lib/sega_scl.a(scl_func.o)
sprites             0x2bc0            sprite.o
SpMstCmd            0x4               ../sbl6/segalib/lib/sega_spr.a(spr_2c.o)
SclRb               0x1               ../sbl6/segalib/lib/sega_scl.a(scl_func.o)
Scl_flag            0x2               ../sbl6/segalib/lib/sega_scl.a(scl_func.o)
per_get_time_flg    0x1               ../sbl6/segalib/lib/sega_per.a(per_prt.o)
SpScreenY           0x4               ../sbl6/segalib/lib/sega_spr.a(spr_1c.o)
SclK_TableBuff      0xcd0             ../sbl6/segalib/lib/sega_scl.a(scl_func.o)
SclAutoEndBlue2     0x2               ../sbl6/segalib/lib/sega_scl.a(scl_pri.o)
SpFbcrMode          0x2               ../sbl6/segalib/lib/sega_spr.a(spr_1c.o)
Sp2OpenFlag         0x4               ../sbl6/segalib/lib/sega_spr.a(spr_2c.o)
scfg3               0x8c              scroll.o
SclColOffset        0x10              ../sbl6/segalib/lib/sega_scl.a(scl_pri.o)
SclAddrCsTbl        0x8               ../sbl6/segalib/lib/sega_scl.a(scl_func.o)
scfg0               0x8c              scroll.o
SclPriBuffDirty     0x1               ../sbl6/segalib/lib/sega_scl.a(scl_pri.o)
SclAutoEndRed       0x2               ../sbl6/segalib/lib/sega_scl.a(scl_pri.o)
player              0x38              player.o
SclAutoSurface      0x4               ../sbl6/segalib/lib/sega_scl.a(scl_pri.o)
__interrupt_vector  0x400             ../sbl6/segalib/lib/sega_int.a(int.o)
per_hot_res         0x1               ../sbl6/segalib/lib/sega_per.a(per_prt.o)
SclCsx              0x8               ../sbl6/segalib/lib/sega_scl.a(scl_ro00.o)
Scl_s_reg           0x28              ../sbl6/segalib/lib/sega_scl.a(scl_func.o)
SclAutoGreen        0x2               ../sbl6/segalib/lib/sega_scl.a(scl_pri.o)
SclAutoEndGreen     0x2               ../sbl6/segalib/lib/sega_scl.a(scl_pri.o)
SclAutoCount        0x4               ../sbl6/segalib/lib/sega_scl.a(scl_pri.o)
SpGourTblMax        0x4               ../sbl6/segalib/lib/sega_spr.a(spr_2c.o)
SclColRamAlloc256   0x20              ../sbl6/segalib/lib/sega_scl.a(scl_pri.o)
SclRotateXy         0x8               ../sbl6/segalib/lib/sega_scl.a(scl_func.o)
SpDrawPrtyBlk       0x4               ../sbl6/segalib/lib/sega_spr.a(spr_2c.o)
SclAutoCurRate      0x1               ../sbl6/segalib/lib/sega_scl.a(scl_pri.o)
SpLCoordX           0x4               ../sbl6/segalib/lib/sega_spr.a(spr_2c.o)
maps                0x8               scroll.o
SpMstDrawPrtyBlk    0x4               ../sbl6/segalib/lib/sega_spr.a(spr_2c.o)
SclAutoPlusFlag     0x1               ../sbl6/segalib/lib/sega_scl.a(scl_pri.o)
per_set_sys_flg     0x1               ../sbl6/segalib/lib/sega_per.a(per_prt.o)
Scl_d_reg           0x48              ../sbl6/segalib/lib/sega_scl.a(scl_func.o)
SclRotateDisp       0x8               ../sbl6/segalib/lib/sega_scl.a(scl_func.o)
SpGourTbl           0x4               ../sbl6/segalib/lib/sega_spr.a(spr_2c.o)
SclSpColMix         0x8               ../sbl6/segalib/lib/sega_scl.a(scl_pri.o)
SpDil               0x2               ../sbl6/segalib/lib/sega_spr.a(spr_1c.o)
SpLookupTblR        0x2               ../sbl6/segalib/lib/sega_spr.a(spr_2c.o)
SclAutoMax          0x4               ../sbl6/segalib/lib/sega_scl.a(scl_pri.o)
SpCmdTbl            0x4               ../sbl6/segalib/lib/sega_spr.a(spr_2c.o)
SclRotateMoveZ      0x8               ../sbl6/segalib/lib/sega_scl.a(scl_func.o)
scfg2               0x8c              scroll.o
SclLineColRamOffset
                    0x4               ../sbl6/segalib/lib/sega_scl.a(scl_pri.o)
SclRotXySw          0x4               ../sbl6/segalib/lib/sega_scl.a(scl_func.o)
per_get_time_adr    0x4               ../sbl6/segalib/lib/sega_per.a(per_prt.o)
SclColRamAlloc2048  0x4               ../sbl6/segalib/lib/sega_scl.a(scl_pri.o)
SclBgPriNum         0x6               ../sbl6/segalib/lib/sega_scl.a(scl_pri.o)
SpCharMax           0x4               ../sbl6/segalib/lib/sega_spr.a(spr_2c.o)
SpDrawPrtyProcFlag  0x4               ../sbl6/segalib/lib/sega_spr.a(spr_2c.o)
SclAutoEndBlue      0x2               ../sbl6/segalib/lib/sega_scl.a(scl_pri.o)
SpCmdNo             0x4               ../sbl6/segalib/lib/sega_spr.a(spr_2c.o)
SclAutoEndGreen2    0x2               ../sbl6/segalib/lib/sega_scl.a(scl_pri.o)
Scl_r_reg           0x10              ../sbl6/segalib/lib/sega_scl.a(scl_func.o)
SclRPMD             0x2               ../sbl6/segalib/lib/sega_scl.a(scl_func.o)
SpDrawPrtyBlkMax    0x4               ../sbl6/segalib/lib/sega_spr.a(spr_2c.o)
SpDie               0x2               ../sbl6/segalib/lib/sega_spr.a(spr_1c.o)
SclAutoVeFlag       0x1               ../sbl6/segalib/lib/sega_scl.a(scl_pri.o)
SclBgColMix         0x8               ../sbl6/segalib/lib/sega_scl.a(scl_pri.o)
text                0x460             print.o
SpSlvCmdPos         0x4               ../sbl6/segalib/lib/sega_spr.a(spr_2c.o)
per_get_sys_data    0xc               ../sbl6/segalib/lib/sega_per.a(per_prt.o)
SclRbgKtbOffset     0x8               ../sbl6/segalib/lib/sega_scl.a(scl_func.o)
SclAutoIndex        0x4               ../sbl6/segalib/lib/sega_scl.a(scl_pri.o)
SclAutoEndRate      0x1               ../sbl6/segalib/lib/sega_scl.a(scl_pri.o)
SpSlvDrawPrtyBlk    0x4               ../sbl6/segalib/lib/sega_spr.a(spr_2c.o)
_SclRotregBuff      0xd0              ../sbl6/segalib/lib/sega_scl.a(scl_func.o)
SclAutoBlue         0x2               ../sbl6/segalib/lib/sega_scl.a(scl_pri.o)
SpTvMode            0x2               ../sbl6/segalib/lib/sega_spr.a(spr_1c.o)
SpScreenX           0x4               ../sbl6/segalib/lib/sega_spr.a(spr_1c.o)
SclRa               0x1               ../sbl6/segalib/lib/sega_scl.a(scl_func.o)
SclRotateZ          0x8               ../sbl6/segalib/lib/sega_scl.a(scl_func.o)
SpCharTbl           0x4               ../sbl6/segalib/lib/sega_spr.a(spr_2c.o)
SclAddrLsTbl        0x8               ../sbl6/segalib/lib/sega_scl.a(scl_func.o)
SclK_TableNum       0x8               ../sbl6/segalib/lib/sega_scl.a(scl_func.o)
SclAutoRed          0x2               ../sbl6/segalib/lib/sega_scl.a(scl_pri.o)
SpCmdTblR           0x2               ../sbl6/segalib/lib/sega_spr.a(spr_2c.o)
SclAutoInterval     0x4               ../sbl6/segalib/lib/sega_scl.a(scl_pri.o)
SclOtherPri         0x10              ../sbl6/segalib/lib/sega_scl.a(scl_pri.o)
per_time_out_flg    0x1               ../sbl6/segalib/lib/sega_per.a(per_prt.o)
SclRotateTableAddress
                    0x4               ../sbl6/segalib/lib/sega_scl.a(scl_func.o)
SpMstCmdPos         0x4               ../sbl6/segalib/lib/sega_spr.a(spr_2c.o)
SpSlvCmd            0x4               ../sbl6/segalib/lib/sega_spr.a(spr_2c.o)
scfg1               0x8c              scroll.o
SclAutoRGB          0x600             ../sbl6/segalib/lib/sega_scl.a(scl_pri.o)
bullet_direction    0x2               player.o
errno               0x4               C:/saturn/SH_COFF/sh-coff/bin/../lib/gcc/sh-coff/3.4-GNUSH_v0501/../../../../sh-coff/lib\libc.a(syscalls.o)
SclK_TableFlag      0x4               ../sbl6/segalib/lib/sega_scl.a(scl_func.o)
tilemaps            0x4               scroll.o
SclAutoEndRed2      0x2               ../sbl6/segalib/lib/sega_scl.a(scl_pri.o)
SclCsy              0x8               ../sbl6/segalib/lib/sega_scl.a(scl_ro00.o)
SclSpPriNum         0x8               ../sbl6/segalib/lib/sega_scl.a(scl_pri.o)
Scl_w_reg           0x20              ../sbl6/segalib/lib/sega_scl.a(scl_func.o)
SpLCoordY           0x4               ../sbl6/segalib/lib/sega_spr.a(spr_2c.o)
Scl_n_reg           0x40              ../sbl6/segalib/lib/sega_scl.a(scl_func.o)

Memory Configuration

Name             Origin             Length             Attributes
*default*        0x00000000         0xffffffff

Linker script and memory map

LOAD ../sbl6/segasmp/lib/strt1_g.o
LOAD ../sbl6/segasmp/lib/strt2_g.o
LOAD vblank.o
LOAD ../sbl6/segasmp/per/smpclib/per_x1.o
LOAD ../sbl6/segasmp/per/smpclib/per_x2.o
LOAD ../sbl6/segasmp/per/smpclib/per_x3.o
LOAD bullet.o
LOAD collision.o
LOAD enemylist.o
LOAD graphics.o
LOAD player.o
LOAD print.o
LOAD sprite.o
LOAD sprite_code/bomb.o
LOAD sprite_code/bomber.o
LOAD sprite_code/circle.o
LOAD sprite_code/explosion.o
LOAD sprite_code/missile.o
LOAD scroll.o
LOAD main.o
LOAD ../sbl6/segalib/lib/sega_int.a
LOAD ../sbl6/segalib/lib/sega_spr.a
LOAD ../sbl6/segalib/lib/sega_scl.a
LOAD ../sbl6/segalib/lib/sega_mth.a
LOAD ../sbl6/segalib/lib/sega_cdc.a
LOAD ../sbl6/segalib/lib/sega_adp.a
LOAD ../sbl6/segalib/lib/sega_per.a
LOAD ../sbl6/segalib/lib/sega_sat.a
LOAD C:/saturn/SH_COFF/sh-coff/bin/../lib/gcc/sh-coff/3.4-GNUSH_v0501\libgcc.a
LOAD C:/saturn/SH_COFF/sh-coff/bin/../lib/gcc/sh-coff/3.4-GNUSH_v0501/../../../../sh-coff/lib\libc.a
LOAD C:/saturn/SH_COFF/sh-coff/bin/../lib/gcc/sh-coff/3.4-GNUSH_v0501\libgcc.a

.text           0x06010000    0x23820
 *(.text)
 .text          0x06010000       0x30 ../sbl6/segasmp/lib/strt1_g.o
                0x06010024                _D_END
                0x06010020                _D_BGN
                0x0601002c                _B_END
                0x06010028                _B_BGN
                0x06010000                START
 .text          0x06010030       0x60 ../sbl6/segasmp/lib/strt2_g.o
                0x06010050                _INITSCT
                0x06010030                _INIT
 .text          0x06010090      0x1b0 vblank.o
                0x06010090                SetVblank
                0x06010140                UsrVblankOut
                0x060100f0                UsrVblankIn
 .text          0x06010240      0x430 ../sbl6/segasmp/per/smpclib/per_x1.o
                0x060105d4                PER_GetAnalogXYZ
                0x06010264                PER_GetTriggerHandler
                0x060104fe                PER_GetEdge
                0x0601047c                PER_GetTrigger
                0x06010528                PER_GetPressEdge
                0x0601057c                PER_GetReleaseEdge
                0x06010240                PER_SetTriggerHandler
 .text          0x06010670      0x200 ../sbl6/segasmp/per/smpclib/per_x2.o
                0x06010774                PER_GetDeviceA
                0x06010670                PER_OpenPort
                0x060106a8                PER_GetPort
                0x060107ee                PER_GetDeviceR
 .text          0x06010870       0x20 ../sbl6/segasmp/per/smpclib/per_x3.o
                0x06010870                PER_DisguiseTrigger
 .text          0x06010890      0x170 bullet.o
                0x06010890                bullet_make
                0x060108f0                bullet_move
 .text          0x06010a00      0xe50 collision.o
                0x06011780                collision_detect_up_right
                0x06010a50                over_air
                0x06010b70                collision_detect_down
                0x06010a00                collision_get_tile
                0x060117b0                collision_detect_down_left
                0x06010e80                collision_detect_left
                0x060117e0                collision_detect_down_right
                0x06011810                collision_point_sprite
                0x06011160                collision_detect_up
                0x06011750                collision_detect_up_left
                0x06011440                collision_detect_right
 .text          0x06011850       0x80 enemylist.o
                0x06011850                enemylist_spawn
 .text          0x060118d0    0x15bb0 graphics.o
                0x06026574                fonte
                0x06025c74                fontn
                0x0601f5f4                explosion1
                0x06025274                fontx
                0x06025774                fonts
                0x0601e5f4                explosion3
                0x06027074                font3
                0x0601dbf4                bomb1
                0x06026674                fontd
                0x06027374                font0
                0x060207f4                bullet
                0x06026374                fontg
                0x060178d0                map2
                0x0601cdf4                bomber
                0x0601fdf4                missile
                0x06025474                fontv
                0x06025974                fontq
                0x06024874                guy0
                0x06025e74                fontl
                0x060158d0                map3
                0x06025174                fonty
                0x0601edf4                explosion2
                0x06026a74                font9
                0x060128d0                bg0_chr
                0x060118d0                bg0_3map
                0x06022874                guyback1
                0x06026474                fontf
                0x06025674                fontt
                0x060198d0                map1
                0x06025b74                fonto
                0x06023074                guyback0
                0x06026174                fonti
                0x06026f74                font4
                0x06026d74                font6
                0x06027274                font1
                0x06026774                fontc
                0x06024074                guy1
                0x0601b8d0                wood_chr
                0x06026874                fontb
                0x060120d0                bg0_2map
                0x06025874                fontr
                0x0601d7f4                bomb3
                0x06021874                guyside0
                0x0601ddf4                explosion4
                0x0601ccd0                wood_pal
                0x06026c74                font7
                0x06025574                fontu
                0x06022074                guyback2
                0x06025f74                fontk
                0x0601fff4                circle
                0x06025d74                fontm
                0x06021074                guyside1
                0x0601d9f4                bomb2
                0x06025374                fontw
                0x06026074                fontj
                0x06020874                guyside2
                0x06026274                fonth
                0x06027174                font2
                0x06026e74                font5
                0x06025074                fontz
                0x06023874                guy2
                0x0601d5f4                bomb4
                0x0601cd10                dimensions
                0x060154d0                bg0_pal
                0x06026974                fonta
                0x06026b74                font8
                0x06025a74                fontp
 .text          0x06027480      0x540 player.o
                0x06027480                player_side
                0x06027490                player_down
                0x06027488                player_up
                0x06027498                states
                0x06027680                player_input
                0x060274f0                player_init
                0x06027900                player_draw
                0x06027570                player_animate
 .text          0x060279c0      0x170 print.o
                0x06027a90                print_display
                0x06027a00                print_num
                0x060279c0                print_init
                0x06027a50                print_string
 .text          0x06027b30      0x770 sprite.o
                0x06027b30                sprite_init
                0x06027e70                sprite_make
                0x06027ff0                sprite_next
                0x06028050                sprite_delete
                0x060280b0                sprite_move
                0x06027ef0                sprite_draw_all
                0x06028080                sprite_deleteall
                0x06027c00                sprite_draw
 .text          0x060282a0       0xc0 sprite_code/bomb.o
                0x060282f0                bomb_move
                0x060282a0                bomb_make
 .text          0x06028360      0x160 sprite_code/bomber.o
                0x060283b0                bomber_move
                0x06028360                bomber_make
 .text          0x060284c0       0xb0 sprite_code/circle.o
                0x060284c0                circle_make
                0x06028510                circle_move
 .text          0x06028570       0x90 sprite_code/explosion.o
                0x060285c0                explosion_move
                0x06028570                explosion_make
 .text          0x06028600      0x1b0 sprite_code/missile.o
                0x06028600                missile_make
                0x06028650                missile_move
 .text          0x060287b0      0xb50 scroll.o
                0x06029080                scroll_transition
                0x060287b0                scroll_move
                0x06028d20                scroll_get
                0x06028d70                scroll_copy
                0x06028900                scroll_set
                0x06028a10                scroll_init
                0x06028930                scroll_scale
 .text          0x06029300      0x130 main.o
                0x06029300                main
 .text          0x06029430       0x40 ../sbl6/segalib/lib/sega_int.a(int.o)
                0x0602945c                INT_GetScuFunc
                0x06029430                INT_SetScuFunc
 .text          0x06029470      0x624 ../sbl6/segalib/lib/sega_int.a(int_trmp.o)
                0x060295d8                __interrupt_handler60
                0x06029788                __interrupt_handler132
                0x0602993e                __interrupt_handler205
                0x060297a6                __interrupt_handler137
                0x060296d4                __interrupt_handler102
                0x06029512                __interrupt_handler27
                0x06029914                __interrupt_handler198
                0x06029806                __interrupt_handler153
                0x060294ee                __interrupt_handler21
                0x060295fc                __interrupt_handler66
                0x060296ec                __interrupt_handler106
                0x06029836                __interrupt_handler161
                0x06029680                __interrupt_handler88
                0x0602984e                __interrupt_handler165
                0x0602975e                __interrupt_handler125
                0x06029494                __interrupt_handler6
                0x06029530                __interrupt_handler32
                0x060298ea                __interrupt_handler191
                0x06029a04                __interrupt_handler238
                0x06029a1c                __interrupt_handler242
                0x06029824                __interrupt_handler158
                0x0602968c                __interrupt_handler90
                0x06029848                __interrupt_handler164
                0x0602956c                __interrupt_handler42
                0x060298ae                __interrupt_handler181
                0x060299b6                __interrupt_handler225
                0x06029a5e                __interrupt_handler253
                0x06029872                __interrupt_handler171
                0x0602962c                __interrupt_handler74
                0x06029482                __interrupt_handler3
                0x060295c6                __interrupt_handler57
                0x060294c4                __interrupt_handler14
                0x0602995c                __interrupt_handler210
                0x0602998c                __interrupt_handler218
                0x06029950                __interrupt_handler208
                0x06029554                __interrupt_handler38
                0x06029470                __interrupt_handler0
                0x060296e0                __interrupt_handler104
                0x0602981e                __interrupt_handler157
                0x0602996e                __interrupt_handler213
                0x06029860                __interrupt_handler168
                0x0602966e                __interrupt_handler85
                0x0602970a                __interrupt_handler111
                0x0602971c                __interrupt_handler114
                0x0602958a                __interrupt_handler47
                0x060299e0                __interrupt_handler232
                0x060299aa                __interrupt_handler223
                0x060299fe                __interrupt_handler237
                0x060295ea                __interrupt_handler63
                0x06029578                __interrupt_handler44
                0x0602988a                __interrupt_handler175
                0x060298b4                __interrupt_handler182
                0x060298cc                __interrupt_handler186
                0x060297ca                __interrupt_handler143
                0x060296f2                __interrupt_handler107
                0x06029758                __interrupt_handler124
                0x06029878                __interrupt_handler172
                0x06029a2e                __interrupt_handler245
                0x060296aa                __interrupt_handler95
                0x06029782                __interrupt_handler131
                0x06029794                __interrupt_handler134
                0x060297b2                __interrupt_handler139
                0x06029620                __interrupt_handler72
                0x060299da                __interrupt_handler231
                0x06029830                __interrupt_handler160
                0x06029776                __interrupt_handler129
                0x060294e8                __interrupt_handler20
                0x060295f6                __interrupt_handler65
                0x060295c0                __interrupt_handler56
                0x060294be                __interrupt_handler13
                0x06029956                __interrupt_handler209
                0x06029710                __interrupt_handler112
                0x060294e2                __interrupt_handler19
                0x0602969e                __interrupt_handler93
                0x06029908                __interrupt_handler196
                0x060297fa                __interrupt_handler151
                0x0602985a                __interrupt_handler167
                0x06029a70                __trampoline
                0x060294d6                __interrupt_handler17
                0x060299c8                __interrupt_handler228
                0x06029a6a                __interrupt_handler255
                0x06029a28                __interrupt_handler244
                0x060296c2                __interrupt_handler99
                0x060298ba                __interrupt_handler183
                0x060297b8                __interrupt_handler140
                0x060298de                __interrupt_handler189
                0x060297dc                __interrupt_handler146
                0x060299a4                __interrupt_handler222
                0x06029818                __interrupt_handler156
                0x0602974c                __interrupt_handler122
                0x06029a40                __interrupt_handler248
                0x06029590                __interrupt_handler48
                0x0602960e                __interrupt_handler69
                0x06029500                __interrupt_handler24
                0x06029686                __interrupt_handler89
                0x0602997a                __interrupt_handler215
                0x06029a64                __interrupt_handler254
                0x0602967a                __interrupt_handler87
                0x060295de                __interrupt_handler61
                0x06029902                __interrupt_handler195
                0x060297f4                __interrupt_handler150
                0x06029566                __interrupt_handler41
                0x06029704                __interrupt_handler110
                0x0602976a                __interrupt_handler127
                0x060296f8                __interrupt_handler108
                0x06029716                __interrupt_handler113
                0x06029728                __interrupt_handler116
                0x06029746                __interrupt_handler121
                0x0602963e                __interrupt_handler77
                0x0602955a                __interrupt_handler39
                0x06029572                __interrupt_handler43
                0x06029a46                __interrupt_handler249
                0x06029884                __interrupt_handler174
                0x060297a0                __interrupt_handler136
                0x060298d8                __interrupt_handler188
                0x060297d6                __interrupt_handler145
                0x060294a6                __interrupt_handler9
                0x0602964a                __interrupt_handler79
                0x060299c2                __interrupt_handler227
                0x0602953c                __interrupt_handler34
                0x0602977c                __interrupt_handler130
                0x06029a3a                __interrupt_handler247
                0x06029632                __interrupt_handler75
                0x0602987e                __interrupt_handler173
                0x060295ae                __interrupt_handler53
                0x060297ee                __interrupt_handler149
                0x06029a52                __interrupt_handler251
                0x060299e6                __interrupt_handler233
                0x060294ac                __interrupt_handler10
                0x06029938                __interrupt_handler204
                0x0602965c                __interrupt_handler82
                0x06029662                __interrupt_handler83
                0x06029506                __interrupt_handler25
                0x06029a22                __interrupt_handler243
                0x0602983c                __interrupt_handler162
                0x06029584                __interrupt_handler46
                0x0602989c                __interrupt_handler178
                0x06029650                __interrupt_handler80
                0x060295e4                __interrupt_handler62
                0x0602947c                __interrupt_handler2
                0x0602951e                __interrupt_handler29
                0x06029614                __interrupt_handler70
                0x060296fe                __interrupt_handler109
                0x060297e8                __interrupt_handler148
                0x060296a4                __interrupt_handler94
                0x060299b0                __interrupt_handler224
                0x060296da                __interrupt_handler103
                0x06029548                __interrupt_handler36
                0x06029764                __interrupt_handler126
                0x06029a34                __interrupt_handler246
                0x060295ba                __interrupt_handler55
                0x060294b8                __interrupt_handler12
                0x060295a8                __interrupt_handler52
                0x060298d2                __interrupt_handler187
                0x060297d0                __interrupt_handler144
                0x0602972e                __interrupt_handler117
                0x060294dc                __interrupt_handler18
                0x0602990e                __interrupt_handler197
                0x06029800                __interrupt_handler152
                0x06029734                __interrupt_handler118
                0x0602986c                __interrupt_handler170
                0x06029926                __interrupt_handler201
                0x060296b6                __interrupt_handler97
                0x06029842                __interrupt_handler163
                0x060298a8                __interrupt_handler180
                0x060298f0                __interrupt_handler192
                0x06029a10                __interrupt_handler240
                0x06029752                __interrupt_handler123
                0x06029974                __interrupt_handler214
                0x0602952a                __interrupt_handler31
                0x06029518                __interrupt_handler28
                0x06029602                __interrupt_handler67
                0x06029608                __interrupt_handler68
                0x060294f4                __interrupt_handler22
                0x060294fa                __interrupt_handler23
                0x06029890                __interrupt_handler176
                0x0602949a                __interrupt_handler7
                0x0602999e                __interrupt_handler221
                0x06029986                __interrupt_handler217
                0x060299ce                __interrupt_handler229
                0x06029596                __interrupt_handler49
                0x06029488                __interrupt_handler4
                0x06029560                __interrupt_handler40
                0x06029722                __interrupt_handler115
                0x060299f2                __interrupt_handler235
                0x06029692                __interrupt_handler91
                0x06029944                __interrupt_handler206
                0x06029896                __interrupt_handler177
                0x060297e2                __interrupt_handler147
                0x0602954e                __interrupt_handler37
                0x06029a4c                __interrupt_handler250
                0x06029476                __interrupt_handler1
                0x06029992                __interrupt_handler219
                0x06029638                __interrupt_handler76
                0x060296c8                __interrupt_handler100
                0x060295cc                __interrupt_handler58
                0x060294ca                __interrupt_handler15
                0x06029968                __interrupt_handler212
                0x06029a16                __interrupt_handler241
                0x0602992c                __interrupt_handler202
                0x060298f6                __interrupt_handler193
                0x06029644                __interrupt_handler78
                0x0602959c                __interrupt_handler50
                0x06029536                __interrupt_handler33
                0x06029854                __interrupt_handler166
                0x060297ac                __interrupt_handler138
                0x0602979a                __interrupt_handler135
                0x06029524                __interrupt_handler30
                0x060298c0                __interrupt_handler184
                0x060297be                __interrupt_handler141
                0x060299d4                __interrupt_handler230
                0x060299f8                __interrupt_handler236
                0x0602973a                __interrupt_handler119
                0x06029674                __interrupt_handler86
                0x060296e6                __interrupt_handler105
                0x06029656                __interrupt_handler81
                0x06029740                __interrupt_handler120
                0x06029770                __interrupt_handler128
                0x060295b4                __interrupt_handler54
                0x060294b2                __interrupt_handler11
                0x0602991a                __interrupt_handler199
                0x0602980c                __interrupt_handler154
                0x0602957e                __interrupt_handler45
                0x06029980                __interrupt_handler216
                0x06029932                __interrupt_handler203
                0x060296ce                __interrupt_handler101
                0x06029668                __interrupt_handler84
                0x060298c6                __interrupt_handler185
                0x060297c4                __interrupt_handler142
                0x0602950c                __interrupt_handler26
                0x060295f0                __interrupt_handler64
                0x06029920                __interrupt_handler200
                0x0602994a                __interrupt_handler207
                0x060298fc                __interrupt_handler194
                0x06029698                __interrupt_handler92
                0x06029812                __interrupt_handler155
                0x06029962                __interrupt_handler211
                0x0602978e                __interrupt_handler133
                0x0602948e                __interrupt_handler5
                0x06029626                __interrupt_handler73
                0x060294d0                __interrupt_handler16
                0x06029a0a                __interrupt_handler239
                0x060299ec                __interrupt_handler234
                0x06029542                __interrupt_handler35
                0x060295d2                __interrupt_handler59
                0x06029866                __interrupt_handler169
                0x060296bc                __interrupt_handler98
                0x0602961a                __interrupt_handler71
                0x060295a2                __interrupt_handler51
                0x0602982a                __interrupt_handler159
                0x060299bc                __interrupt_handler226
                0x060296b0                __interrupt_handler96
                0x060298e4                __interrupt_handler190
                0x06029998                __interrupt_handler220
                0x060294a0                __interrupt_handler8
                0x060298a2                __interrupt_handler179
                0x06029a58                __interrupt_handler252
 *fill*         0x06029a94        0xc 00
 .text          0x06029aa0     0x12a0 ../sbl6/segalib/lib/sega_spr.a(spr_2c.o)
                0x0602ad00                SlaveFlushDrawPrtyBlock
                0x06029aa0                SPR_2Initial
                0x0602a2e4                SPR_2SysClip
                0x0602a284                SPR_2LocalCoord
                0x0602ab7c                SPR_2FlushDrawPrtyBlock
                0x0602a868                SPR_2DistSpr
                0x0602a26c                SPR_2FlushDrawPrty
                0x0602a98c                SPR_2Cmd
                0x06029f68                SPR_2GourTblNoToVram
                0x06029fc8                SPR_2GetAreaSizeInfo
                0x06029d30                SPR_2SetGourTbl
                0x0602a51c                SPR_2Polygon
                0x06029fa4                SPR_2CharNoToVram
                0x06029cb0                SPR_2SetTvMode
                0x0602a10c                SPR_2CloseCommand
                0x06029cec                SPR_2FrameEraseData
                0x06029ac8                SPR_2Initial2
                0x0602a6fc                SPR_2ScaleSpr
                0x0602a38c                SPR_2Line
                0x0602a058                SPR_2OpenCommand
                0x06029ccc                SPR_2FrameChgIntr
                0x0602a5d8                SPR_2NormSpr
                0x06029d60                SPR_2SetLookupTbl
                0x06029d94                SPR_2SetChar
                0x06029f8c                SPR_2LookupTblNoToVram
                0x0602a460                SPR_2PolyLine
                0x06029f00                SPR_2ClrAllChar
                0x06029eb4                SPR_2ClrChar
                0x0602a330                SPR_2UserClip
 .text          0x0602ad40      0x1e6 ../sbl6/segalib/lib/sega_spr.a(spr_slv.o)
                0x0602aea4                SPR_WaitEndSlaveSH
                0x0602ad40                SPR_SMPC_SSHON
                0x0602ae80                SPR_RunSlaveSH
                0x0602ad44                SPR_InitSlaveSH
                0x0602ae0c                SPR_SlaveSHmain
                0x0602ad41                SPR_SMPC_SSHOFF
 *fill*         0x0602af26        0xa 00
 .text          0x0602af30      0x36a ../sbl6/segalib/lib/sega_spr.a(spr_1c.o)
                0x0602b1e4                SPR_WaitDrawEnd
                0x0602b1fc                SPR_SetEosMode
                0x0602b114                SPR_SetEraseData
                0x0602af30                SPR_Initial
                0x0602b008                SPR_SetTvMode
                0x0602b0a0                SPR_GetStatus
 *fill*         0x0602b29a        0x6 00
 .text          0x0602b2a0      0x244 ../sbl6/segalib/lib/sega_spr.a(spr_2a.o)
                0x0602b2b2                sprMemCpyW
                0x0602b310                flushDrawPrtyBlock
                0x0602b2a0                sprMemCpyL
                0x0602b2c4                SPR_2SetDrawPrty
 *fill*         0x0602b4e4        0xc 00
 .text          0x0602b4f0      0x2fc ../sbl6/segalib/lib/sega_scl.a(scl_vblv.o)
                0x0602b5ac                SCL_DisplayFrame
                0x0602b4f0                SCL_SetFrameInterval
                0x0602b5e0                SCL_VblInit
                0x0602b630                SCL_VblankStart
                0x0602b674                SCL_VblankEnd
 *fill*         0x0602b7ec        0x4 00
 .text          0x0602b7f0      0xb9c ../sbl6/segalib/lib/sega_scl.a(scl_func.o)
                0x0602c1cc                SCL_Vdp2_SGLInit
                0x0602c0dc                SCL_PriIntProc
                0x0602c054                SCL_Memcpyw
                0x0602c36c                SCL_SglOff
                0x0602c34c                SCL_SglOn
                0x0602bfc0                SCL_ScrollShow
                0x0602ba68                SCL_Close
                0x0602bd60                SCL_Scale
                0x0602b7f0                SCL_Vdp2Init
                0x0602bbd4                SCL_Move
                0x0602be9c                SCL_CopyReg
                0x0602ba44                SCL_Open
                0x0602b874                SCL_ParametersInit
                0x0602ba84                SCL_MoveTo
                0x0602c07c                SCL_SetColRamMode
 *fill*         0x0602c38c        0x4 00
 .text          0x0602c390      0x138 ../sbl6/segalib/lib/sega_scl.a(scl_pr03.o)
                0x0602c390                SCL_FreeColRam
                0x0602c3c8                SCL_AllocColRam
 *fill*         0x0602c4c8        0x8 00
 .text          0x0602c4d0       0x9c ../sbl6/segalib/lib/sega_scl.a(scl_pr02.o)
                0x0602c4d0                SCL_SetColRam
 *fill*         0x0602c56c        0x4 00
 .text          0x0602c570       0x84 ../sbl6/segalib/lib/sega_scl.a(scl_back.o)
                0x0602c570                SCL_SetBack
 *fill*         0x0602c5f4        0xc 00
 .text          0x0602c600      0x94c ../sbl6/segalib/lib/sega_scl.a(scl_fu03.o)
                0x0602c65c                SCL_SetConfig
                0x0602c600                SCL_InitConfigTb
 *fill*         0x0602cf4c        0x4 00
 .text          0x0602cf50      0x4f4 ../sbl6/segalib/lib/sega_scl.a(scl_fu02.o)
                0x0602cf88                SCL_SetVramConfig
                0x0602cf50                SCL_InitVramConfigTb
 *fill*         0x0602d444        0xc 00
 .text          0x0602d450       0x28 ../sbl6/segalib/lib/sega_scl.a(scl_fu04.o)
                0x0602d450                SCL_SetCycleTable
 *fill*         0x0602d478        0x8 00
 .text          0x0602d480      0x214 ../sbl6/segalib/lib/sega_scl.a(scl_pr07.o)
                0x0602d480                SCL_SetPriority
 *fill*         0x0602d694        0xc 00
 .text          0x0602d6a0     0x10a4 ../sbl6/segalib/lib/sega_scl.a(scl_pri.o)
                0x0602d734                SCL_AbortAutoVe
                0x0602e5e4                SCL_SetShadowBit
                0x0602dbac                SCL_AutoExec
                0x0602d6a0                SCL_PriorityInit
                0x0602e0c0                SCL_IncColOffset
                0x0602d748                SCL_SetColMixRate
                0x0602d718                SCL_GetColRamMode
 *fill*         0x0602e744        0xc 00
 .text          0x0602e750       0x58 ../sbl6/segalib/lib/sega_scl.a(scl_pr01.o)
                0x0602e750                SCL_SetSpriteMode
 *fill*         0x0602e7a8        0x8 00
 .text          0x0602e7b0     0x1394 ../sbl6/segalib/lib/sega_scl.a(scl_ro00.o)
                0x0602f99c                SCL_RotateZD
                0x0602ec64                SCL_Rotate
                0x0602e938                SCL_InitRotateTable
 *fill*         0x0602fb44        0xc 00
 .text          0x0602fb50      0x1b4 ../sbl6/segalib/lib/sega_scl.a(scl_pr06.o)
                0x0602fb50                SCL_SetColRamOffset
 *fill*         0x0602fd04        0xc 00
 .text          0x0602fd10       0xac ../sbl6/segalib/lib/sega_scl.a(scl_pr05.o)
                0x0602fd10                SCL_GetColRamOffset
 *fill*         0x0602fdbc        0x4 00
 .text          0x0602fdc0       0xa4 ../sbl6/segalib/lib/sega_mth.a(mth_fixd.o)
                0x0602fe10                MTH_FixedToInt
                0x0602fe00                MTH_IntToFixed
                0x0602fdc0                MTH_Mul
                0x0602fe20                MTH_Product
                0x0602fde0                MTH_Div
 *fill*         0x0602fe64        0xc 00
 .text          0x0602fe70      0x600 ../sbl6/segalib/lib/sega_mth.a(mth_tri.o)
                0x0602ff0c                fcos
                0x0602ff12                fsin
                0x0602febc                MTH_Cos
                0x0602fe70                MTH_Sin
                0x060300b0                MTH_Atan
 .text          0x06030470      0xf50 ../sbl6/segalib/lib/sega_per.a(per_prt.o)
                0x06030890                PER_IntFunc
                0x06030688                PER_LGetPer
                0x06030470                PER_LInit
 .text          0x060313c0      0x1f4 ../sbl6/segalib/lib/sega_sat.a(DMA_SCU1.o)
                0x0603151c                DMA_ScuResult
                0x060313c0                DMA_ScuInit
                0x06031410                DMA_ScuMemCopy
 *fill*         0x060315b4        0xc 00
 .text          0x060315c0      0x308 ../sbl6/segalib/lib/sega_sat.a(DMA_SCU0.o)
                0x06031644                DMA_ScuStart
                0x06031778                DMA_ScuIntFunc0
                0x060317e8                DMA_ScuIntFunc1
                0x06031858                DMA_ScuIntFunc2
                0x06031738                DMA_ScuGetStatus
                0x060315c0                DMA_ScuSetPrm
 *fill*         0x060318c8        0x8 00
 .text          0x060318d0       0xe8 ../sbl6/segalib/lib/sega_sat.a(csh_main.o)
                0x060318d0                CSH_Init
                0x06031938                CSH_AllClr
                0x06031984                CSH_Purge
 *fill*         0x060319b8        0x8 00
 .text          0x060319c0       0x90 C:/saturn/SH_COFF/sh-coff/bin/../lib/gcc/sh-coff/3.4-GNUSH_v0501\libgcc.a(_ashiftlt.o)
                0x060319c0                __ashlsi3
 .text          0x06031a50       0xb0 C:/saturn/SH_COFF/sh-coff/bin/../lib/gcc/sh-coff/3.4-GNUSH_v0501\libgcc.a(_movstr.o)
                0x06031a90                __movstrSI16
                0x06031a64                __movstrSI60
                0x06031a70                __movstrSI48
                0x06031a6c                __movstrSI52
                0x06031a60                __movstrSI64
                0x06031a74                __movstrSI44
                0x06031a78                __movstrSI40
                0x06031a7c                __movstrSI36
                0x06031ab0                __movstr
                0x06031a68                __movstrSI56
                0x06031a84                __movstrSI28
                0x06031a80                __movstrSI32
                0x06031a94                __movstrSI12
                0x06031a98                __movstrSI8
                0x06031aa0                __movstrSI0
                0x06031a88                __movstrSI24
                0x06031a8c                __movstrSI20
                0x06031a9c                __movstrSI4
 .text          0x06031b00       0xa0 C:/saturn/SH_COFF/sh-coff/bin/../lib/gcc/sh-coff/3.4-GNUSH_v0501\libgcc.a(__main.o)
                0x06031b74                __main
                0x06031b00                __do_global_dtors
                0x06031b34                __do_global_ctors
 .text          0x06031ba0       0x70 C:/saturn/SH_COFF/sh-coff/bin/../lib/gcc/sh-coff/3.4-GNUSH_v0501\libgcc.a(_udivsi3.o)
                0x06031bc2                __udivsi3
 .text          0x06031c10       0x60 C:/saturn/SH_COFF/sh-coff/bin/../lib/gcc/sh-coff/3.4-GNUSH_v0501\libgcc.a(_ashiftrt.o)
                0x06031c1c                __ashiftrt_r4_27
                0x06031c50                __ashiftrt_r4_6
                0x06031c40                __ashiftrt_r4_14
                0x06031c32                __ashiftrt_r4_19
                0x06031c4a                __ashiftrt_r4_9
                0x06031c5e                __ashiftrt_r4_0
                0x06031c10                __ashiftrt_r4_31
                0x06031c1e                __ashiftrt_r4_26
                0x06031c2c                __ashiftrt_r4_22
                0x06031c38                __ashiftrt_r4_16
                0x06031c44                __ashiftrt_r4_12
                0x06031c18                __ashiftrt_r4_29
                0x06031c36                __ashiftrt_r4_17
                0x06031c16                __ashiftrt_r4_30
                0x06031c52                __ashiftrt_r4_5
                0x06031c4c                __ashiftrt_r4_8
                0x06031c10                __ashiftrt_r4_32
                0x06031c20                __ashiftrt_r4_25
                0x06031c58                __ashiftrt_r4_2
                0x06031c22                __ashiftrt_r4_24
                0x06031c3e                __ashiftrt_r4_15
                0x06031c48                __ashiftrt_r4_10
                0x06031c5a                __ashiftrt_r4_1
                0x06031c1a                __ashiftrt_r4_28
                0x06031c30                __ashiftrt_r4_20
                0x06031c4e                __ashiftrt_r4_7
                0x06031c42                __ashiftrt_r4_13
                0x06031c46                __ashiftrt_r4_11
                0x06031c54                __ashiftrt_r4_4
                0x06031c2a                __ashiftrt_r4_23
                0x06031c34                __ashiftrt_r4_18
                0x06031c2e                __ashiftrt_r4_21
                0x06031c56                __ashiftrt_r4_3
 .text          0x06031c70       0xb0 C:/saturn/SH_COFF/sh-coff/bin/../lib/gcc/sh-coff/3.4-GNUSH_v0501\libgcc.a(_si_to_df.o)
                0x06031c70                __floatsidf
 .text          0x06031d20      0x2e0 C:/saturn/SH_COFF/sh-coff/bin/../lib/gcc/sh-coff/3.4-GNUSH_v0501\libgcc.a(_mul_df.o)
                0x06031d30                __muldf3
 .text          0x06032000       0x80 C:/saturn/SH_COFF/sh-coff/bin/../lib/gcc/sh-coff/3.4-GNUSH_v0501\libgcc.a(_df_to_si.o)
                0x06032000                __fixdfsi
 .text          0x06032080      0x220 C:/saturn/SH_COFF/sh-coff/bin/../lib/gcc/sh-coff/3.4-GNUSH_v0501\libgcc.a(_pack_df.o)
                0x06032090                __pack_d
 .text          0x060322a0      0x120 C:/saturn/SH_COFF/sh-coff/bin/../lib/gcc/sh-coff/3.4-GNUSH_v0501\libgcc.a(_unpack_df.o)
                0x060322b0                __unpack_d
 .text          0x060323c0       0x20 C:/saturn/SH_COFF/sh-coff/bin/../lib/gcc/sh-coff/3.4-GNUSH_v0501\libgcc.a(_thenan_df.o)
                0x060323c0                __thenan_df
 .text          0x060323e0       0xd0 C:/saturn/SH_COFF/sh-coff/bin/../lib/gcc/sh-coff/3.4-GNUSH_v0501\libgcc.a(_muldi3.o)
                0x060323e0                __muldi3
 .text          0x060324b0       0x80 C:/saturn/SH_COFF/sh-coff/bin/../lib/gcc/sh-coff/3.4-GNUSH_v0501\libgcc.a(_lshrdi3.o)
                0x060324b0                __lshrdi3
 .text          0x06032530       0x80 C:/saturn/SH_COFF/sh-coff/bin/../lib/gcc/sh-coff/3.4-GNUSH_v0501\libgcc.a(_ashldi3.o)
                0x06032530                __ashldi3
 .text          0x060325b0       0x30 C:/saturn/SH_COFF/sh-coff/bin/../lib/gcc/sh-coff/3.4-GNUSH_v0501\libgcc.a(_mulsi3.o)
                0x060325b0                __mulsi3
 .text          0x060325e0       0x90 C:/saturn/SH_COFF/sh-coff/bin/../lib/gcc/sh-coff/3.4-GNUSH_v0501\libgcc.a(_lshiftrt.o)
                0x060325e0                __lshrsi3
 .text          0x06032670       0xa0 C:/saturn/SH_COFF/sh-coff/bin/../lib/gcc/sh-coff/3.4-GNUSH_v0501/../../../../sh-coff/lib\libc.a(memcpy.o)
                0x06032670                memcpy
 .text          0x06032710       0x40 C:/saturn/SH_COFF/sh-coff/bin/../lib/gcc/sh-coff/3.4-GNUSH_v0501/../../../../sh-coff/lib\libc.a(memset.o)
                0x06032710                memset
 .text          0x06032750       0x90 C:/saturn/SH_COFF/sh-coff/bin/../lib/gcc/sh-coff/3.4-GNUSH_v0501/../../../../sh-coff/lib\libc.a(atexit.o)
                0x06032750                atexit
 .text          0x060327e0       0x10 C:/saturn/SH_COFF/sh-coff/bin/../lib/gcc/sh-coff/3.4-GNUSH_v0501/../../../../sh-coff/lib\libc.a(impure.o)
                0x060327e0                _global_impure_ptr
 .text          0x060327f0       0x40 C:/saturn/SH_COFF/sh-coff/bin/../lib/gcc/sh-coff/3.4-GNUSH_v0501/../../../../sh-coff/lib\libc.a(malloc.o)
                0x0603280c                free
                0x060327f0                malloc
 .text          0x06032830      0x5b0 C:/saturn/SH_COFF/sh-coff/bin/../lib/gcc/sh-coff/3.4-GNUSH_v0501/../../../../sh-coff/lib\libc.a(mallocr.o)
                0x06032830                _malloc_r
 .text          0x06032de0      0x340 C:/saturn/SH_COFF/sh-coff/bin/../lib/gcc/sh-coff/3.4-GNUSH_v0501/../../../../sh-coff/lib\libc.a(freer.o)
                0x06032de0                _malloc_trim_r
                0x06032ed4                _free_r
 .text          0x06033120       0x20 C:/saturn/SH_COFF/sh-coff/bin/../lib/gcc/sh-coff/3.4-GNUSH_v0501/../../../../sh-coff/lib\libc.a(mlock.o)
                0x06033120                __malloc_lock
                0x0603312c                __malloc_unlock
 .text          0x06033140       0x50 C:/saturn/SH_COFF/sh-coff/bin/../lib/gcc/sh-coff/3.4-GNUSH_v0501/../../../../sh-coff/lib\libc.a(sbrkr.o)
                0x06033140                _sbrk_r
 .text          0x06033190      0x380 C:/saturn/SH_COFF/sh-coff/bin/../lib/gcc/sh-coff/3.4-GNUSH_v0501/../../../../sh-coff/lib\libc.a(syscalls.o)
                0x060332fc                _exit
                0x06033330                _getpid
                0x06033398                _utime
                0x060331c8                _write
                0x06033190                _read
                0x060332e4                _unlink
                0x060332ac                _open
                0x06033348                _stat
                0x060332f0                isatty
                0x060333c8                _wait
                0x06033314                _kill
                0x06033364                _chmod
                0x060333f8                _execv
                0x060333dc                _execve
                0x060334d4                __setup_argv_and_call_main
                0x06033430                _gettimeofday
                0x060331fc                _link
                0x0603333c                _raise
                0x060332c8                _creat
                0x06033410                _pipe
                0x0603337c                _chown
                0x060331ac                _lseek
                0x060331e4                _close
                0x06033424                _times
                0x06033298                _fstat
                0x060333b4                _fork
                0x06033224                _sbrk
 .text          0x06033510       0x20 C:/saturn/SH_COFF/sh-coff/bin/../lib/gcc/sh-coff/3.4-GNUSH_v0501/../../../../sh-coff/lib\libc.a(trap.o)
                0x06033510                __trap34
 .text          0x06033530       0x20 C:/saturn/SH_COFF/sh-coff/bin/../lib/gcc/sh-coff/3.4-GNUSH_v0501/../../../../sh-coff/lib\libc.a(abort.o)
                0x06033530                abort
 .text          0x06033550      0x270 C:/saturn/SH_COFF/sh-coff/bin/../lib/gcc/sh-coff/3.4-GNUSH_v0501/../../../../sh-coff/lib\libc.a(signal.o)
                0x06033610                _raise_r
                0x06033798                __sigtramp
                0x06033744                raise
                0x06033780                _init_signal
                0x060336d0                __sigtramp_r
                0x06033760                signal
                0x0603359c                _signal_r
                0x06033550                _init_signal_r
 .text          0x060337c0       0x60 C:/saturn/SH_COFF/sh-coff/bin/../lib/gcc/sh-coff/3.4-GNUSH_v0501/../../../../sh-coff/lib\libc.a(signalr.o)
                0x06033808                _getpid_r
                0x060337c0                _kill_r
 *(.strings)

.tors           0x06033820        0x0
                0x06033820                ___ctors = .
 *(.ctors)
                0x06033820                ___ctors_end = .
                0x06033820                ___dtors = .
 *(.dtors)
                0x06033820                ___dtors_end = .

.data           0x06033820     0x1250
                0x06033820                STARTOF_R = .
 *(.data)
 .data          0x06033820      0x400 ../sbl6/segasmp/per/smpclib/per_x1.o
 .data          0x06033c20       0x40 collision.o
                0x06033c20                floor_tiles
 .data          0x06033c60       0x50 enemylist.o
                0x06033c7a                floor1_enemies
                0x06033c60                enemy_lists
                0x06033c82                floor0_enemies
                0x06033c8c                enemy_arr
                0x06033c6c                floor2_enemies
 .data          0x06033cb0       0xf0 graphics.o
                0x06033cb0                tiles
 .data          0x06033da0       0x30 sprite.o
 .data          0x06033dd0       0x20 scroll.o
                0x06033dd0                CycleTb
                0x06033de0                vram
 .data          0x06033df0       0x10 main.o
                0x06033df0                levels
 .data          0x06033e00      0x400 ../sbl6/segalib/lib/sega_int.a(int.o)
 .data          0x06034200       0x1c ../sbl6/segalib/lib/sega_spr.a(spr_slv.o)
                0x06034208                SPR_SlaveParam
                0x06034218                SPR_SMPC_SF
                0x06034210                SPR_SMPC_COM
                0x0603420c                SPR_SlaveSHEntry
                0x06034204                SPR_SlaveState
                0x06034200                SPR_SlaveCommand
                0x06034214                SPR_SMPC_RET
 *fill*         0x0603421c        0x4 00
 .data          0x06034220       0x34 ../sbl6/segalib/lib/sega_spr.a(spr_1c.o)
                0x06034220                SpInitialFlag
 *fill*         0x06034254        0xc 00
 .data          0x06034260       0x1c ../sbl6/segalib/lib/sega_scl.a(scl_vblv.o)
                0x06034268                VBInterval
                0x06034270                ReqDisplayFlag
                0x06034260                SpFrameChgMode
                0x0603426c                VBIntervalCounter
                0x06034264                SpFrameEraseMode
 *fill*         0x0603427c        0x4 00
 .data          0x06034280       0x36 ../sbl6/segalib/lib/sega_scl.a(scl_func.o)
                0x06034290                SclRotregBuff
                0x0603428c                SclDisplayY
                0x06034294                SclRotateTableMode
                0x06034288                SclProcess
                0x06034284                SclCurSclNum
                0x06034280                SclLengthLsTbl
                0x0603428a                SclDisplayX
                0x06034282                SclLengthCsTbl
 *fill*         0x060342b6        0xa 00
 .data          0x060342c0       0x18 ../sbl6/segalib/lib/sega_scl.a(scl_pri.o)
                0x060342c4                SclRealSpPriNum
                0x060342d4                SclRealColOffset
                0x060342d0                SclRealBgColMix
                0x060342cc                SclRealSpColMix
                0x060342c8                SclRealBgPriNum
                0x060342c0                SclRealOtherPri
 *fill*         0x060342d8        0x8 00
 .data          0x060342e0      0x380 C:/saturn/SH_COFF/sh-coff/bin/../lib/gcc/sh-coff/3.4-GNUSH_v0501/../../../../sh-coff/lib\libc.a(impure.o)
                0x0603465c                _impure_ptr
 .data          0x06034660      0x410 C:/saturn/SH_COFF/sh-coff/bin/../lib/gcc/sh-coff/3.4-GNUSH_v0501/../../../../sh-coff/lib\libc.a(mallocr.o)
                0x06034668                __malloc_av_
                0x06034664                __malloc_trim_threshold
                0x06034660                __malloc_sbrk_base
                0x06034a70                SIZEOF_R = (. - STARTOF_R)
                0x06034a70                ENDOF_R = .

.bss            0x06034a70     0x85e4
                0x06034a70                STARTOF_B = .
 *(.bss)
 .bss           0x06034a70       0x10 vblank.o
                0x06034a74                PadData2E
                0x06034a7a                PadData1
                0x06034a76                PadData2
                0x06034a78                PadData1E
                0x06034a70                __port
 .bss           0x06034a80       0xd0 ../sbl6/segasmp/per/smpclib/per_x2.o
 .bss           0x06034b50       0x10 player.o
                0x06034b54                anim_cursor
                0x06034b50                bullet_lastframe
 .bss           0x06034b60     0x3580 sprite.o
                0x06034b60                num_sprites
 .bss           0x060380e0       0x50 scroll.o
                0x060380f8                map_tiles_x
                0x06038100                scrolls_y
                0x060380e0                scroll_transition_state
                0x060380f0                map_tiles_y
                0x060380e8                copy_modes
                0x06038110                scrolls_x
                0x060380e4                curr_map
 .bss           0x06038130       0x10 main.o
                0x06038130                frame
 .bss           0x06038140       0x6e ../sbl6/segalib/lib/sega_spr.a(spr_2c.o)
 *fill*         0x060381ae        0x2 00
 .bss           0x060381b0        0x4 ../sbl6/segalib/lib/sega_scl.a(scl_vblv.o)
 *fill*         0x060381b4        0xc 00
 .bss           0x060381c0        0x4 ../sbl6/segalib/lib/sega_scl.a(scl_func.o)
 *fill*         0x060381c4        0xc 00
 .bss           0x060381d0       0x48 ../sbl6/segalib/lib/sega_scl.a(scl_ro00.o)
 *fill*         0x06038218        0x8 00
 .bss           0x06038220       0x9c ../sbl6/segalib/lib/sega_per.a(per_prt.o)
 *fill*         0x060382bc        0x4 00
 .bss           0x060382c0        0xc ../sbl6/segalib/lib/sega_sat.a(DMA_SCU1.o)
 *fill*         0x060382cc        0x4 00
 .bss           0x060382d0       0x20 ../sbl6/segalib/lib/sega_sat.a(DMA_SCU0.o)
 .bss           0x060382f0       0x10 C:/saturn/SH_COFF/sh-coff/bin/../lib/gcc/sh-coff/3.4-GNUSH_v0501\libgcc.a(__main.o)
 .bss           0x06038300       0x10 C:/saturn/SH_COFF/sh-coff/bin/../lib/gcc/sh-coff/3.4-GNUSH_v0501/../../../../sh-coff/lib\libc.a(atexit.o)
 .bss           0x06038310       0x40 C:/saturn/SH_COFF/sh-coff/bin/../lib/gcc/sh-coff/3.4-GNUSH_v0501/../../../../sh-coff/lib\libc.a(mallocr.o)
                0x06038340                __malloc_top_pad
                0x06038310                __malloc_current_mallinfo
                0x0603833c                __malloc_max_sbrked_mem
                0x06038338                __malloc_max_total_mem
 .bss           0x06038350       0x10 C:/saturn/SH_COFF/sh-coff/bin/../lib/gcc/sh-coff/3.4-GNUSH_v0501/../../../../sh-coff/lib\libc.a(syscalls.o)
 *(COMMON)
 COMMON         0x06038360       0x3a player.o
                                  0x0 (size before relaxing)
                0x06038360                player
                0x06038398                bullet_direction
 *fill*         0x0603839a        0x6 00
 COMMON         0x060383a0      0x460 print.o
                                  0x0 (size before relaxing)
                0x060383a0                text
 COMMON         0x06038800     0x2bc0 sprite.o
                                  0x0 (size before relaxing)
                0x06038800                sprites
 COMMON         0x0603b3c0      0x250 scroll.o
                                  0x0 (size before relaxing)
                0x0603b3c0                scfg3
                0x0603b450                scfg0
                0x0603b4e0                maps
                0x0603b4f0                scfg2
                0x0603b580                scfg1
                0x0603b60c                tilemaps
 COMMON         0x0603b610      0x400 ../sbl6/segalib/lib/sega_int.a(int.o)
                                  0x0 (size before relaxing)
                0x0603b610                __interrupt_vector
 COMMON         0x0603ba10       0x50 ../sbl6/segalib/lib/sega_spr.a(spr_2c.o)
                                  0x0 (size before relaxing)
                0x0603ba10                SpMstCmd
                0x0603ba14                Sp2OpenFlag
                0x0603ba18                SpGourTblMax
                0x0603ba1c                SpDrawPrtyBlk
                0x0603ba20                SpLCoordX
                0x0603ba24                SpMstDrawPrtyBlk
                0x0603ba28                SpGourTbl
                0x0603ba2c                SpLookupTblR
                0x0603ba30                SpCmdTbl
                0x0603ba34                SpCharMax
                0x0603ba38                SpDrawPrtyProcFlag
                0x0603ba3c                SpCmdNo
                0x0603ba40                SpDrawPrtyBlkMax
                0x0603ba44                SpSlvCmdPos
                0x0603ba48                SpSlvDrawPrtyBlk
                0x0603ba4c                SpCharTbl
                0x0603ba50                SpCmdTblR
                0x0603ba54                SpMstCmdPos
                0x0603ba58                SpSlvCmd
                0x0603ba5c                SpLCoordY
 COMMON         0x0603ba60       0x10 ../sbl6/segalib/lib/sega_spr.a(spr_1c.o)
                                  0x0 (size before relaxing)
                0x0603ba60                SpScreenY
                0x0603ba64                SpFbcrMode
                0x0603ba66                SpDil
                0x0603ba68                SpDie
                0x0603ba6a                SpTvMode
                0x0603ba6c                SpScreenX
 COMMON         0x0603ba70      0xf00 ../sbl6/segalib/lib/sega_scl.a(scl_func.o)
                                  0x0 (size before relaxing)
                0x0603ba70                SclRbgKtbAddr
                0x0603ba78                SclRb
                0x0603ba7a                Scl_flag
                0x0603ba80                SclK_TableBuff
                0x0603c750                SclAddrCsTbl
                0x0603c760                Scl_s_reg
                0x0603c788                SclRotateXy
                0x0603c790                Scl_d_reg
                0x0603c7d8                SclRotateDisp
                0x0603c7e0                SclRotateMoveZ
                0x0603c7e8                SclRotXySw
                0x0603c7f0                Scl_r_reg
                0x0603c800                SclRPMD
                0x0603c808                SclRbgKtbOffset
                0x0603c810                _SclRotregBuff
                0x0603c8e0                SclRa
                0x0603c8e8                SclRotateZ
                0x0603c8f0                SclAddrLsTbl
                0x0603c8f8                SclK_TableNum
                0x0603c900                SclRotateTableAddress
                0x0603c904                SclK_TableFlag
                0x0603c910                Scl_w_reg
                0x0603c930                Scl_n_reg
 COMMON         0x0603c970      0x6b0 ../sbl6/segalib/lib/sega_scl.a(scl_pri.o)
                                  0x0 (size before relaxing)
                0x0603c970                SclAutoEndBlue2
                0x0603c980                SclColOffset
                0x0603c990                SclPriBuffDirty
                0x0603c992                SclAutoEndRed
                0x0603c994                SclAutoSurface
                0x0603c998                SclAutoGreen
                0x0603c99a                SclAutoEndGreen
                0x0603c99c                SclAutoCount
                0x0603c9a0                SclColRamAlloc256
                0x0603c9c0                SclAutoCurRate
                0x0603c9c1                SclAutoPlusFlag
                0x0603c9c8                SclSpColMix
                0x0603c9d0                SclAutoMax
                0x0603c9d4                SclLineColRamOffset
                0x0603c9d8                SclColRamAlloc2048
                0x0603c9dc                SclBgPriNum
                0x0603c9e2                SclAutoEndBlue
                0x0603c9e4                SclAutoEndGreen2
                0x0603c9e6                SclAutoVeFlag
                0x0603c9e8                SclBgColMix
                0x0603c9f0                SclAutoIndex
                0x0603c9f4                SclAutoEndRate
                0x0603c9f6                SclAutoBlue
                0x0603c9f8                SclAutoRed
                0x0603c9fc                SclAutoInterval
                0x0603ca00                SclOtherPri
                0x0603ca10                SclAutoRGB
                0x0603d010                SclAutoEndRed2
                0x0603d018                SclSpPriNum
 COMMON         0x0603d020       0x10 ../sbl6/segalib/lib/sega_scl.a(scl_ro00.o)
                                  0x0 (size before relaxing)
                0x0603d020                SclCsx
                0x0603d028                SclCsy
 COMMON         0x0603d030       0x15 ../sbl6/segalib/lib/sega_per.a(per_prt.o)
                                  0x0 (size before relaxing)
                0x0603d030                per_get_time_flg
                0x0603d031                per_hot_res
                0x0603d032                per_set_sys_flg
                0x0603d034                per_get_time_adr
                0x0603d038                per_get_sys_data
                0x0603d044                per_time_out_flg
 *fill*         0x0603d045        0xb 00
 COMMON         0x0603d050        0x4 C:/saturn/SH_COFF/sh-coff/bin/../lib/gcc/sh-coff/3.4-GNUSH_v0501/../../../../sh-coff/lib\libc.a(syscalls.o)
                                  0x0 (size before relaxing)
                0x0603d050                errno
                0x0603d054                SIZEOF_B = (. - STARTOF_B)
                0x0603d054                ENDOF_B = .
                0x0603d054                _end = .
OUTPUT(main.cof coff-sh)

.comment        0x0603d060      0x4e0
 .comment       0x0603d060       0x20 ../sbl6/segasmp/lib/strt2_g.o
 .comment       0x0603d080       0x20 vblank.o
 .comment       0x0603d0a0       0x20 ../sbl6/segasmp/per/smpclib/per_x1.o
 .comment       0x0603d0c0       0x20 ../sbl6/segasmp/per/smpclib/per_x2.o
 .comment       0x0603d0e0       0x20 bullet.o
 .comment       0x0603d100       0x20 collision.o
 .comment       0x0603d120       0x20 enemylist.o
 .comment       0x0603d140       0x20 graphics.o
 .comment       0x0603d160       0x20 player.o
 .comment       0x0603d180       0x20 print.o
 .comment       0x0603d1a0       0x20 sprite.o
 .comment       0x0603d1c0       0x20 sprite_code/bomb.o
 .comment       0x0603d1e0       0x20 sprite_code/bomber.o
 .comment       0x0603d200       0x20 sprite_code/circle.o
 .comment       0x0603d220       0x20 sprite_code/explosion.o
 .comment       0x0603d240       0x20 sprite_code/missile.o
 .comment       0x0603d260       0x20 scroll.o
 .comment       0x0603d280       0x20 main.o
 .comment       0x0603d2a0       0x20 C:/saturn/SH_COFF/sh-coff/bin/../lib/gcc/sh-coff/3.4-GNUSH_v0501\libgcc.a(__main.o)
 .comment       0x0603d2c0       0x20 C:/saturn/SH_COFF/sh-coff/bin/../lib/gcc/sh-coff/3.4-GNUSH_v0501\libgcc.a(_si_to_df.o)
 .comment       0x0603d2e0       0x20 C:/saturn/SH_COFF/sh-coff/bin/../lib/gcc/sh-coff/3.4-GNUSH_v0501\libgcc.a(_mul_df.o)
 .comment       0x0603d300       0x20 C:/saturn/SH_COFF/sh-coff/bin/../lib/gcc/sh-coff/3.4-GNUSH_v0501\libgcc.a(_df_to_si.o)
 .comment       0x0603d320       0x20 C:/saturn/SH_COFF/sh-coff/bin/../lib/gcc/sh-coff/3.4-GNUSH_v0501\libgcc.a(_pack_df.o)
 .comment       0x0603d340       0x20 C:/saturn/SH_COFF/sh-coff/bin/../lib/gcc/sh-coff/3.4-GNUSH_v0501\libgcc.a(_unpack_df.o)
 .comment       0x0603d360       0x20 C:/saturn/SH_COFF/sh-coff/bin/../lib/gcc/sh-coff/3.4-GNUSH_v0501\libgcc.a(_thenan_df.o)
 .comment       0x0603d380       0x20 C:/saturn/SH_COFF/sh-coff/bin/../lib/gcc/sh-coff/3.4-GNUSH_v0501\libgcc.a(_muldi3.o)
 .comment       0x0603d3a0       0x20 C:/saturn/SH_COFF/sh-coff/bin/../lib/gcc/sh-coff/3.4-GNUSH_v0501\libgcc.a(_lshrdi3.o)
 .comment       0x0603d3c0       0x20 C:/saturn/SH_COFF/sh-coff/bin/../lib/gcc/sh-coff/3.4-GNUSH_v0501\libgcc.a(_ashldi3.o)
 .comment       0x0603d3e0       0x20 C:/saturn/SH_COFF/sh-coff/bin/../lib/gcc/sh-coff/3.4-GNUSH_v0501/../../../../sh-coff/lib\libc.a(atexit.o)
 .comment       0x0603d400       0x20 C:/saturn/SH_COFF/sh-coff/bin/../lib/gcc/sh-coff/3.4-GNUSH_v0501/../../../../sh-coff/lib\libc.a(impure.o)
 .comment       0x0603d420       0x20 C:/saturn/SH_COFF/sh-coff/bin/../lib/gcc/sh-coff/3.4-GNUSH_v0501/../../../../sh-coff/lib\libc.a(malloc.o)
 .comment       0x0603d440       0x20 C:/saturn/SH_COFF/sh-coff/bin/../lib/gcc/sh-coff/3.4-GNUSH_v0501/../../../../sh-coff/lib\libc.a(mallocr.o)
 .comment       0x0603d460       0x20 C:/saturn/SH_COFF/sh-coff/bin/../lib/gcc/sh-coff/3.4-GNUSH_v0501/../../../../sh-coff/lib\libc.a(freer.o)
 .comment       0x0603d480       0x20 C:/saturn/SH_COFF/sh-coff/bin/../lib/gcc/sh-coff/3.4-GNUSH_v0501/../../../../sh-coff/lib\libc.a(mlock.o)
 .comment       0x0603d4a0       0x20 C:/saturn/SH_COFF/sh-coff/bin/../lib/gcc/sh-coff/3.4-GNUSH_v0501/../../../../sh-coff/lib\libc.a(sbrkr.o)
 .comment       0x0603d4c0       0x20 C:/saturn/SH_COFF/sh-coff/bin/../lib/gcc/sh-coff/3.4-GNUSH_v0501/../../../../sh-coff/lib\libc.a(syscalls.o)
 .comment       0x0603d4e0       0x20 C:/saturn/SH_COFF/sh-coff/bin/../lib/gcc/sh-coff/3.4-GNUSH_v0501/../../../../sh-coff/lib\libc.a(abort.o)
 .comment       0x0603d500       0x20 C:/saturn/SH_COFF/sh-coff/bin/../lib/gcc/sh-coff/3.4-GNUSH_v0501/../../../../sh-coff/lib\libc.a(signal.o)
 .comment       0x0603d520       0x20 C:/saturn/SH_COFF/sh-coff/bin/../lib/gcc/sh-coff/3.4-GNUSH_v0501/../../../../sh-coff/lib\libc.a(signalr.o)
