Archive member included because of file (symbol)

../sbl6/segalib/lib/sega_int.a(int.o)
                              vblank.o (INT_SetScuFunc)
../sbl6/segalib/lib/sega_int.a(int_trmp.o)
                              ../sbl6/segalib/lib/sega_int.a(int.o) (__interrupt_handler0)
../sbl6/segalib/lib/sega_spr.a(spr_2c.o)
                              main.o (SPR_2Initial)
../sbl6/segalib/lib/sega_spr.a(spr_slv.o)
                              ../sbl6/segalib/lib/sega_spr.a(spr_2c.o) (SPR_InitSlaveSH)
../sbl6/segalib/lib/sega_spr.a(spr_1c.o)
                              ../sbl6/segalib/lib/sega_spr.a(spr_2c.o) (SPR_Initial)
../sbl6/segalib/lib/sega_spr.a(spr_2a.o)
                              ../sbl6/segalib/lib/sega_spr.a(spr_2c.o) (SPR_2SetDrawPrty)
../sbl6/segalib/lib/sega_scl.a(scl_vblv.o)
                              ../sbl6/segalib/lib/sega_spr.a(spr_1c.o) (SpFrameChgMode)
../sbl6/segalib/lib/sega_scl.a(scl_func.o)
                              main.o (SCL_Vdp2Init)
../sbl6/segalib/lib/sega_scl.a(scl_pr03.o)
                              scroll.o (SCL_AllocColRam)
../sbl6/segalib/lib/sega_scl.a(scl_pr02.o)
                              scroll.o (SCL_SetColRam)
../sbl6/segalib/lib/sega_scl.a(scl_back.o)
                              scroll.o (SCL_SetBack)
../sbl6/segalib/lib/sega_scl.a(scl_fu03.o)
                              scroll.o (SCL_InitConfigTb)
../sbl6/segalib/lib/sega_scl.a(scl_fu02.o)
                              scroll.o (SCL_InitVramConfigTb)
../sbl6/segalib/lib/sega_scl.a(scl_fu04.o)
                              scroll.o (SCL_SetCycleTable)
../sbl6/segalib/lib/sega_scl.a(scl_pr07.o)
                              main.o (SCL_SetPriority)
../sbl6/segalib/lib/sega_scl.a(scl_pr01.o)
                              main.o (SCL_SetSpriteMode)
../sbl6/segalib/lib/sega_scl.a(scl_pri.o)
                              ../sbl6/segalib/lib/sega_scl.a(scl_func.o) (SclRealOtherPri)
../sbl6/segalib/lib/sega_scl.a(scl_ro00.o)
                              ../sbl6/segalib/lib/sega_scl.a(scl_func.o) (SCL_Rotate)
../sbl6/segalib/lib/sega_scl.a(scl_pr06.o)
                              ../sbl6/segalib/lib/sega_scl.a(scl_pr03.o) (SCL_SetColRamOffset)
../sbl6/segalib/lib/sega_scl.a(scl_pr05.o)
                              ../sbl6/segalib/lib/sega_scl.a(scl_pr02.o) (SCL_GetColRamOffset)
../sbl6/segalib/lib/sega_mth.a(mth_fixd.o)
                              sprite.o (MTH_Mul)
../sbl6/segalib/lib/sega_mth.a(mth_tri.o)
                              sprite.o (MTH_Sin)
../sbl6/segalib/lib/sega_per.a(per_prt.o)
                              ../sbl6/segasmp/per/smpclib/per_x2.o (PER_LInit)
../sbl6/segalib/lib/sega_sat.a(DMA_SCU1.o)
                              ../sbl6/segalib/lib/sega_spr.a(spr_2c.o) (DMA_ScuMemCopy)
../sbl6/segalib/lib/sega_sat.a(DMA_SCU0.o)
                              ../sbl6/segalib/lib/sega_sat.a(DMA_SCU1.o) (DMA_ScuSetPrm)
../sbl6/segalib/lib/sega_sat.a(csh_main.o)
                              ../sbl6/segalib/lib/sega_sat.a(DMA_SCU1.o) (CSH_Purge)
c:/saturn/SH_COFF/sh-coff/bin/../lib/gcc/sh-coff/3.4-GNUSH_v0501\libgcc.a(_ashiftlt.o)
                              scroll.o (__ashlsi3)
c:/saturn/SH_COFF/sh-coff/bin/../lib/gcc/sh-coff/3.4-GNUSH_v0501\libgcc.a(__main.o)
                              main.o (__main)
c:/saturn/SH_COFF/sh-coff/bin/../lib/gcc/sh-coff/3.4-GNUSH_v0501\libgcc.a(_udivsi3.o)
                              ../sbl6/segalib/lib/sega_scl.a(scl_fu03.o) (__udivsi3)
c:/saturn/SH_COFF/sh-coff/bin/../lib/gcc/sh-coff/3.4-GNUSH_v0501\libgcc.a(_ashiftrt.o)
                              ../sbl6/segalib/lib/sega_scl.a(scl_ro00.o) (__ashiftrt_r4_6)
c:/saturn/SH_COFF/sh-coff/bin/../lib/gcc/sh-coff/3.4-GNUSH_v0501\libgcc.a(_si_to_df.o)
                              ../sbl6/segalib/lib/sega_scl.a(scl_ro00.o) (__floatsidf)
c:/saturn/SH_COFF/sh-coff/bin/../lib/gcc/sh-coff/3.4-GNUSH_v0501\libgcc.a(_mul_df.o)
                              ../sbl6/segalib/lib/sega_scl.a(scl_ro00.o) (__muldf3)
c:/saturn/SH_COFF/sh-coff/bin/../lib/gcc/sh-coff/3.4-GNUSH_v0501\libgcc.a(_df_to_si.o)
                              ../sbl6/segalib/lib/sega_scl.a(scl_ro00.o) (__fixdfsi)
c:/saturn/SH_COFF/sh-coff/bin/../lib/gcc/sh-coff/3.4-GNUSH_v0501\libgcc.a(_pack_df.o)
                              c:/saturn/SH_COFF/sh-coff/bin/../lib/gcc/sh-coff/3.4-GNUSH_v0501\libgcc.a(_si_to_df.o) (__pack_d)
c:/saturn/SH_COFF/sh-coff/bin/../lib/gcc/sh-coff/3.4-GNUSH_v0501\libgcc.a(_unpack_df.o)
                              c:/saturn/SH_COFF/sh-coff/bin/../lib/gcc/sh-coff/3.4-GNUSH_v0501\libgcc.a(_mul_df.o) (__unpack_d)
c:/saturn/SH_COFF/sh-coff/bin/../lib/gcc/sh-coff/3.4-GNUSH_v0501\libgcc.a(_thenan_df.o)
                              c:/saturn/SH_COFF/sh-coff/bin/../lib/gcc/sh-coff/3.4-GNUSH_v0501\libgcc.a(_mul_df.o) (__thenan_df)
c:/saturn/SH_COFF/sh-coff/bin/../lib/gcc/sh-coff/3.4-GNUSH_v0501\libgcc.a(_muldi3.o)
                              c:/saturn/SH_COFF/sh-coff/bin/../lib/gcc/sh-coff/3.4-GNUSH_v0501\libgcc.a(_mul_df.o) (__muldi3)
c:/saturn/SH_COFF/sh-coff/bin/../lib/gcc/sh-coff/3.4-GNUSH_v0501\libgcc.a(_lshrdi3.o)
                              c:/saturn/SH_COFF/sh-coff/bin/../lib/gcc/sh-coff/3.4-GNUSH_v0501\libgcc.a(_df_to_si.o) (__lshrdi3)
c:/saturn/SH_COFF/sh-coff/bin/../lib/gcc/sh-coff/3.4-GNUSH_v0501\libgcc.a(_ashldi3.o)
                              c:/saturn/SH_COFF/sh-coff/bin/../lib/gcc/sh-coff/3.4-GNUSH_v0501\libgcc.a(_pack_df.o) (__ashldi3)
c:/saturn/SH_COFF/sh-coff/bin/../lib/gcc/sh-coff/3.4-GNUSH_v0501\libgcc.a(_mulsi3.o)
                              c:/saturn/SH_COFF/sh-coff/bin/../lib/gcc/sh-coff/3.4-GNUSH_v0501\libgcc.a(_muldi3.o) (__mulsi3)
c:/saturn/SH_COFF/sh-coff/bin/../lib/gcc/sh-coff/3.4-GNUSH_v0501\libgcc.a(_lshiftrt.o)
                              c:/saturn/SH_COFF/sh-coff/bin/../lib/gcc/sh-coff/3.4-GNUSH_v0501\libgcc.a(_lshrdi3.o) (__lshrsi3)
c:/saturn/SH_COFF/sh-coff/bin/../lib/gcc/sh-coff/3.4-GNUSH_v0501/../../../../sh-coff/lib\libc.a(memcpy.o)
                              scroll.o (memcpy)
c:/saturn/SH_COFF/sh-coff/bin/../lib/gcc/sh-coff/3.4-GNUSH_v0501/../../../../sh-coff/lib\libc.a(memset.o)
                              ../sbl6/segalib/lib/sega_spr.a(spr_2c.o) (memset)
c:/saturn/SH_COFF/sh-coff/bin/../lib/gcc/sh-coff/3.4-GNUSH_v0501/../../../../sh-coff/lib\libc.a(atexit.o)
                              c:/saturn/SH_COFF/sh-coff/bin/../lib/gcc/sh-coff/3.4-GNUSH_v0501\libgcc.a(__main.o) (atexit)
c:/saturn/SH_COFF/sh-coff/bin/../lib/gcc/sh-coff/3.4-GNUSH_v0501/../../../../sh-coff/lib\libc.a(impure.o)
                              c:/saturn/SH_COFF/sh-coff/bin/../lib/gcc/sh-coff/3.4-GNUSH_v0501/../../../../sh-coff/lib\libc.a(atexit.o) (_impure_ptr)
c:/saturn/SH_COFF/sh-coff/bin/../lib/gcc/sh-coff/3.4-GNUSH_v0501/../../../../sh-coff/lib\libc.a(malloc.o)
                              c:/saturn/SH_COFF/sh-coff/bin/../lib/gcc/sh-coff/3.4-GNUSH_v0501/../../../../sh-coff/lib\libc.a(atexit.o) (malloc)
c:/saturn/SH_COFF/sh-coff/bin/../lib/gcc/sh-coff/3.4-GNUSH_v0501/../../../../sh-coff/lib\libc.a(mallocr.o)
                              c:/saturn/SH_COFF/sh-coff/bin/../lib/gcc/sh-coff/3.4-GNUSH_v0501/../../../../sh-coff/lib\libc.a(malloc.o) (_malloc_r)
c:/saturn/SH_COFF/sh-coff/bin/../lib/gcc/sh-coff/3.4-GNUSH_v0501/../../../../sh-coff/lib\libc.a(freer.o)
                              c:/saturn/SH_COFF/sh-coff/bin/../lib/gcc/sh-coff/3.4-GNUSH_v0501/../../../../sh-coff/lib\libc.a(malloc.o) (_free_r)
c:/saturn/SH_COFF/sh-coff/bin/../lib/gcc/sh-coff/3.4-GNUSH_v0501/../../../../sh-coff/lib\libc.a(mlock.o)
                              c:/saturn/SH_COFF/sh-coff/bin/../lib/gcc/sh-coff/3.4-GNUSH_v0501/../../../../sh-coff/lib\libc.a(mallocr.o) (__malloc_lock)
c:/saturn/SH_COFF/sh-coff/bin/../lib/gcc/sh-coff/3.4-GNUSH_v0501/../../../../sh-coff/lib\libc.a(sbrkr.o)
                              c:/saturn/SH_COFF/sh-coff/bin/../lib/gcc/sh-coff/3.4-GNUSH_v0501/../../../../sh-coff/lib\libc.a(mallocr.o) (_sbrk_r)
c:/saturn/SH_COFF/sh-coff/bin/../lib/gcc/sh-coff/3.4-GNUSH_v0501/../../../../sh-coff/lib\libc.a(syscalls.o)
                              c:/saturn/SH_COFF/sh-coff/bin/../lib/gcc/sh-coff/3.4-GNUSH_v0501/../../../../sh-coff/lib\libc.a(sbrkr.o) (_sbrk)
c:/saturn/SH_COFF/sh-coff/bin/../lib/gcc/sh-coff/3.4-GNUSH_v0501/../../../../sh-coff/lib\libc.a(trap.o)
                              c:/saturn/SH_COFF/sh-coff/bin/../lib/gcc/sh-coff/3.4-GNUSH_v0501/../../../../sh-coff/lib\libc.a(syscalls.o) (__trap34)
c:/saturn/SH_COFF/sh-coff/bin/../lib/gcc/sh-coff/3.4-GNUSH_v0501/../../../../sh-coff/lib\libc.a(abort.o)
                              c:/saturn/SH_COFF/sh-coff/bin/../lib/gcc/sh-coff/3.4-GNUSH_v0501/../../../../sh-coff/lib\libc.a(syscalls.o) (abort)
c:/saturn/SH_COFF/sh-coff/bin/../lib/gcc/sh-coff/3.4-GNUSH_v0501/../../../../sh-coff/lib\libc.a(signal.o)
                              c:/saturn/SH_COFF/sh-coff/bin/../lib/gcc/sh-coff/3.4-GNUSH_v0501/../../../../sh-coff/lib\libc.a(abort.o) (raise)
c:/saturn/SH_COFF/sh-coff/bin/../lib/gcc/sh-coff/3.4-GNUSH_v0501/../../../../sh-coff/lib\libc.a(signalr.o)
                              c:/saturn/SH_COFF/sh-coff/bin/../lib/gcc/sh-coff/3.4-GNUSH_v0501/../../../../sh-coff/lib\libc.a(signal.o) (_kill_r)

Allocating common symbols
Common symbol       size              file

SclRbgKtbAddr       0x8               ../sbl6/segalib/lib/sega_scl.a(scl_func.o)
sprites             0x1900            sprite.o
SpMstCmd            0x4               ../sbl6/segalib/lib/sega_spr.a(spr_2c.o)
SclRb               0x1               ../sbl6/segalib/lib/sega_scl.a(scl_func.o)
Scl_flag            0x2               ../sbl6/segalib/lib/sega_scl.a(scl_func.o)
per_get_time_flg    0x1               ../sbl6/segalib/lib/sega_per.a(per_prt.o)
SpScreenY           0x4               ../sbl6/segalib/lib/sega_spr.a(spr_1c.o)
SclK_TableBuff      0xcd0             ../sbl6/segalib/lib/sega_scl.a(scl_func.o)
SclAutoEndBlue2     0x2               ../sbl6/segalib/lib/sega_scl.a(scl_pri.o)
SpFbcrMode          0x2               ../sbl6/segalib/lib/sega_spr.a(spr_1c.o)
Sp2OpenFlag         0x4               ../sbl6/segalib/lib/sega_spr.a(spr_2c.o)
SclColOffset        0x10              ../sbl6/segalib/lib/sega_scl.a(scl_pri.o)
SclAddrCsTbl        0x8               ../sbl6/segalib/lib/sega_scl.a(scl_func.o)
SclPriBuffDirty     0x1               ../sbl6/segalib/lib/sega_scl.a(scl_pri.o)
SclAutoEndRed       0x2               ../sbl6/segalib/lib/sega_scl.a(scl_pri.o)
player              0x20              player.o
SclAutoSurface      0x4               ../sbl6/segalib/lib/sega_scl.a(scl_pri.o)
__interrupt_vector  0x400             ../sbl6/segalib/lib/sega_int.a(int.o)
per_hot_res         0x1               ../sbl6/segalib/lib/sega_per.a(per_prt.o)
SclCsx              0x8               ../sbl6/segalib/lib/sega_scl.a(scl_ro00.o)
Scl_s_reg           0x28              ../sbl6/segalib/lib/sega_scl.a(scl_func.o)
SclAutoGreen        0x2               ../sbl6/segalib/lib/sega_scl.a(scl_pri.o)
SclAutoEndGreen     0x2               ../sbl6/segalib/lib/sega_scl.a(scl_pri.o)
SclAutoCount        0x4               ../sbl6/segalib/lib/sega_scl.a(scl_pri.o)
SpGourTblMax        0x4               ../sbl6/segalib/lib/sega_spr.a(spr_2c.o)
SclColRamAlloc256   0x20              ../sbl6/segalib/lib/sega_scl.a(scl_pri.o)
SclRotateXy         0x8               ../sbl6/segalib/lib/sega_scl.a(scl_func.o)
SpDrawPrtyBlk       0x4               ../sbl6/segalib/lib/sega_spr.a(spr_2c.o)
SclAutoCurRate      0x1               ../sbl6/segalib/lib/sega_scl.a(scl_pri.o)
SpLCoordX           0x4               ../sbl6/segalib/lib/sega_spr.a(spr_2c.o)
maps                0xc               scroll.o
SpMstDrawPrtyBlk    0x4               ../sbl6/segalib/lib/sega_spr.a(spr_2c.o)
SclAutoPlusFlag     0x1               ../sbl6/segalib/lib/sega_scl.a(scl_pri.o)
per_set_sys_flg     0x1               ../sbl6/segalib/lib/sega_per.a(per_prt.o)
Scl_d_reg           0x48              ../sbl6/segalib/lib/sega_scl.a(scl_func.o)
SclRotateDisp       0x8               ../sbl6/segalib/lib/sega_scl.a(scl_func.o)
SpGourTbl           0x4               ../sbl6/segalib/lib/sega_spr.a(spr_2c.o)
SclSpColMix         0x8               ../sbl6/segalib/lib/sega_scl.a(scl_pri.o)
SpDil               0x2               ../sbl6/segalib/lib/sega_spr.a(spr_1c.o)
SpLookupTblR        0x2               ../sbl6/segalib/lib/sega_spr.a(spr_2c.o)
SclAutoMax          0x4               ../sbl6/segalib/lib/sega_scl.a(scl_pri.o)
SpCmdTbl            0x4               ../sbl6/segalib/lib/sega_spr.a(spr_2c.o)
SclRotateMoveZ      0x8               ../sbl6/segalib/lib/sega_scl.a(scl_func.o)
SclLineColRamOffset
                    0x4               ../sbl6/segalib/lib/sega_scl.a(scl_pri.o)
SclRotXySw          0x4               ../sbl6/segalib/lib/sega_scl.a(scl_func.o)
per_get_time_adr    0x4               ../sbl6/segalib/lib/sega_per.a(per_prt.o)
SclColRamAlloc2048  0x4               ../sbl6/segalib/lib/sega_scl.a(scl_pri.o)
SclBgPriNum         0x6               ../sbl6/segalib/lib/sega_scl.a(scl_pri.o)
SpCharMax           0x4               ../sbl6/segalib/lib/sega_spr.a(spr_2c.o)
SpDrawPrtyProcFlag  0x4               ../sbl6/segalib/lib/sega_spr.a(spr_2c.o)
SclAutoEndBlue      0x2               ../sbl6/segalib/lib/sega_scl.a(scl_pri.o)
SpCmdNo             0x4               ../sbl6/segalib/lib/sega_spr.a(spr_2c.o)
SclAutoEndGreen2    0x2               ../sbl6/segalib/lib/sega_scl.a(scl_pri.o)
Scl_r_reg           0x10              ../sbl6/segalib/lib/sega_scl.a(scl_func.o)
SclRPMD             0x2               ../sbl6/segalib/lib/sega_scl.a(scl_func.o)
SpDrawPrtyBlkMax    0x4               ../sbl6/segalib/lib/sega_spr.a(spr_2c.o)
SpDie               0x2               ../sbl6/segalib/lib/sega_spr.a(spr_1c.o)
SclAutoVeFlag       0x1               ../sbl6/segalib/lib/sega_scl.a(scl_pri.o)
SclBgColMix         0x8               ../sbl6/segalib/lib/sega_scl.a(scl_pri.o)
text                0x460             print.o
SpSlvCmdPos         0x4               ../sbl6/segalib/lib/sega_spr.a(spr_2c.o)
per_get_sys_data    0xc               ../sbl6/segalib/lib/sega_per.a(per_prt.o)
SclRbgKtbOffset     0x8               ../sbl6/segalib/lib/sega_scl.a(scl_func.o)
SclAutoIndex        0x4               ../sbl6/segalib/lib/sega_scl.a(scl_pri.o)
SclAutoEndRate      0x1               ../sbl6/segalib/lib/sega_scl.a(scl_pri.o)
SpSlvDrawPrtyBlk    0x4               ../sbl6/segalib/lib/sega_spr.a(spr_2c.o)
_SclRotregBuff      0xd0              ../sbl6/segalib/lib/sega_scl.a(scl_func.o)
SclAutoBlue         0x2               ../sbl6/segalib/lib/sega_scl.a(scl_pri.o)
SpTvMode            0x2               ../sbl6/segalib/lib/sega_spr.a(spr_1c.o)
SpScreenX           0x4               ../sbl6/segalib/lib/sega_spr.a(spr_1c.o)
SclRa               0x1               ../sbl6/segalib/lib/sega_scl.a(scl_func.o)
SclRotateZ          0x8               ../sbl6/segalib/lib/sega_scl.a(scl_func.o)
SpCharTbl           0x4               ../sbl6/segalib/lib/sega_spr.a(spr_2c.o)
SclAddrLsTbl        0x8               ../sbl6/segalib/lib/sega_scl.a(scl_func.o)
SclK_TableNum       0x8               ../sbl6/segalib/lib/sega_scl.a(scl_func.o)
SclAutoRed          0x2               ../sbl6/segalib/lib/sega_scl.a(scl_pri.o)
SpCmdTblR           0x2               ../sbl6/segalib/lib/sega_spr.a(spr_2c.o)
SclAutoInterval     0x4               ../sbl6/segalib/lib/sega_scl.a(scl_pri.o)
SclOtherPri         0x10              ../sbl6/segalib/lib/sega_scl.a(scl_pri.o)
per_time_out_flg    0x1               ../sbl6/segalib/lib/sega_per.a(per_prt.o)
SclRotateTableAddress
                    0x4               ../sbl6/segalib/lib/sega_scl.a(scl_func.o)
SpMstCmdPos         0x4               ../sbl6/segalib/lib/sega_spr.a(spr_2c.o)
SpSlvCmd            0x4               ../sbl6/segalib/lib/sega_spr.a(spr_2c.o)
SclAutoRGB          0x600             ../sbl6/segalib/lib/sega_scl.a(scl_pri.o)
errno               0x4               c:/saturn/SH_COFF/sh-coff/bin/../lib/gcc/sh-coff/3.4-GNUSH_v0501/../../../../sh-coff/lib\libc.a(syscalls.o)
SclK_TableFlag      0x4               ../sbl6/segalib/lib/sega_scl.a(scl_func.o)
SclAutoEndRed2      0x2               ../sbl6/segalib/lib/sega_scl.a(scl_pri.o)
SclCsy              0x8               ../sbl6/segalib/lib/sega_scl.a(scl_ro00.o)
SclSpPriNum         0x8               ../sbl6/segalib/lib/sega_scl.a(scl_pri.o)
Scl_w_reg           0x20              ../sbl6/segalib/lib/sega_scl.a(scl_func.o)
SpLCoordY           0x4               ../sbl6/segalib/lib/sega_spr.a(spr_2c.o)
Scl_n_reg           0x40              ../sbl6/segalib/lib/sega_scl.a(scl_func.o)

Memory Configuration

Name             Origin             Length             Attributes
*default*        0x00000000         0xffffffff

Linker script and memory map

LOAD ../sbl6/segasmp/lib/strt1_g.o
LOAD ../sbl6/segasmp/lib/strt2_g.o
LOAD vblank.o
LOAD ../sbl6/segasmp/per/smpclib/per_x1.o
LOAD ../sbl6/segasmp/per/smpclib/per_x2.o
LOAD ../sbl6/segasmp/per/smpclib/per_x3.o
LOAD graphics.o
LOAD sprite.o
LOAD scroll.o
LOAD player.o
LOAD print.o
LOAD main.o
LOAD ../sbl6/segalib/lib/sega_int.a
LOAD ../sbl6/segalib/lib/sega_spr.a
LOAD ../sbl6/segalib/lib/sega_scl.a
LOAD ../sbl6/segalib/lib/sega_mth.a
LOAD ../sbl6/segalib/lib/sega_cdc.a
LOAD ../sbl6/segalib/lib/sega_adp.a
LOAD ../sbl6/segalib/lib/sega_per.a
LOAD ../sbl6/segalib/lib/sega_sat.a
LOAD c:/saturn/SH_COFF/sh-coff/bin/../lib/gcc/sh-coff/3.4-GNUSH_v0501\libgcc.a
LOAD c:/saturn/SH_COFF/sh-coff/bin/../lib/gcc/sh-coff/3.4-GNUSH_v0501/../../../../sh-coff/lib\libc.a
LOAD c:/saturn/SH_COFF/sh-coff/bin/../lib/gcc/sh-coff/3.4-GNUSH_v0501\libgcc.a

.text           0x06010000    0x167d0
 *(.text)
 .text          0x06010000       0x30 ../sbl6/segasmp/lib/strt1_g.o
                0x06010024                _D_END
                0x06010020                _D_BGN
                0x0601002c                _B_END
                0x06010028                _B_BGN
                0x06010000                START
 .text          0x06010030       0x60 ../sbl6/segasmp/lib/strt2_g.o
                0x06010050                _INITSCT
                0x06010030                _INIT
 .text          0x06010090      0x4b0 vblank.o
                0x06010090                SetVblank
                0x06010440                UsrVblankOut
                0x060100f0                UsrVblankIn
 .text          0x06010540      0x430 ../sbl6/segasmp/per/smpclib/per_x1.o
                0x060108d4                PER_GetAnalogXYZ
                0x06010564                PER_GetTriggerHandler
                0x060107fe                PER_GetEdge
                0x0601077c                PER_GetTrigger
                0x06010828                PER_GetPressEdge
                0x0601087c                PER_GetReleaseEdge
                0x06010540                PER_SetTriggerHandler
 .text          0x06010970      0x200 ../sbl6/segasmp/per/smpclib/per_x2.o
                0x06010a74                PER_GetDeviceA
                0x06010970                PER_OpenPort
                0x060109a8                PER_GetPort
                0x06010aee                PER_GetDeviceR
 .text          0x06010b70       0x20 ../sbl6/segasmp/per/smpclib/per_x3.o
                0x06010b70                PER_DisguiseTrigger
 .text          0x06010b90     0x9e50 graphics.o
                0x0601a5dc                font3
                0x0601a8dc                font0
                0x060197dc                guy0
                0x06019fdc                font9
                0x060177dc                guyback1
                0x06010b90                map1
                0x06017fdc                guyback0
                0x0601a4dc                font4
                0x0601a2dc                font6
                0x0601a7dc                font1
                0x06018fdc                guy1
                0x06012b90                wood_chr
                0x060167dc                guyside0
                0x06015390                wood_pal
                0x0601a1dc                font7
                0x06016fdc                guyback2
                0x06015fdc                guyside1
                0x060157dc                guyside2
                0x0601a6dc                font2
                0x0601a3dc                font5
                0x060187dc                guy2
                0x06015790                dimensions
                0x0601a0dc                font8
 .text          0x0601a9e0      0x380 sprite.o
                0x0601a9e0                draw_sprite
                0x0601acd0                next_sprite
                0x0601ac80                make_sprite
                0x0601ad30                delete_sprite
 .text          0x0601ad60      0x360 scroll.o
                0x0601b080                get_map_val
                0x0601b050                set_scroll
                0x0601aee0                move_scroll
                0x0601ad60                init_scroll
 .text          0x0601b0c0     0x1160 player.o
                0x0601b124                player_side
                0x0601b134                player_down
                0x0601b0c0                floor_tiles
                0x0601b12c                player_up
                0x0601b13c                states
                0x0601beb0                player_input
                0x0601b160                player_init
                0x0601bdd0                player_animate
 .text          0x0601c220      0x130 print.o
                0x0601c2b0                print_display
                0x0601c260                print_num
                0x0601c220                print_init
 .text          0x0601c350      0x140 main.o
                0x0601c350                main
 .text          0x0601c490       0x40 ../sbl6/segalib/lib/sega_int.a(int.o)
                0x0601c4bc                INT_GetScuFunc
                0x0601c490                INT_SetScuFunc
 .text          0x0601c4d0      0x624 ../sbl6/segalib/lib/sega_int.a(int_trmp.o)
                0x0601c638                __interrupt_handler60
                0x0601c7e8                __interrupt_handler132
                0x0601c99e                __interrupt_handler205
                0x0601c806                __interrupt_handler137
                0x0601c734                __interrupt_handler102
                0x0601c572                __interrupt_handler27
                0x0601c974                __interrupt_handler198
                0x0601c866                __interrupt_handler153
                0x0601c54e                __interrupt_handler21
                0x0601c65c                __interrupt_handler66
                0x0601c74c                __interrupt_handler106
                0x0601c896                __interrupt_handler161
                0x0601c6e0                __interrupt_handler88
                0x0601c8ae                __interrupt_handler165
                0x0601c7be                __interrupt_handler125
                0x0601c4f4                __interrupt_handler6
                0x0601c590                __interrupt_handler32
                0x0601c94a                __interrupt_handler191
                0x0601ca64                __interrupt_handler238
                0x0601ca7c                __interrupt_handler242
                0x0601c884                __interrupt_handler158
                0x0601c6ec                __interrupt_handler90
                0x0601c8a8                __interrupt_handler164
                0x0601c5cc                __interrupt_handler42
                0x0601c90e                __interrupt_handler181
                0x0601ca16                __interrupt_handler225
                0x0601cabe                __interrupt_handler253
                0x0601c8d2                __interrupt_handler171
                0x0601c68c                __interrupt_handler74
                0x0601c4e2                __interrupt_handler3
                0x0601c626                __interrupt_handler57
                0x0601c524                __interrupt_handler14
                0x0601c9bc                __interrupt_handler210
                0x0601c9ec                __interrupt_handler218
                0x0601c9b0                __interrupt_handler208
                0x0601c5b4                __interrupt_handler38
                0x0601c4d0                __interrupt_handler0
                0x0601c740                __interrupt_handler104
                0x0601c87e                __interrupt_handler157
                0x0601c9ce                __interrupt_handler213
                0x0601c8c0                __interrupt_handler168
                0x0601c6ce                __interrupt_handler85
                0x0601c76a                __interrupt_handler111
                0x0601c77c                __interrupt_handler114
                0x0601c5ea                __interrupt_handler47
                0x0601ca40                __interrupt_handler232
                0x0601ca0a                __interrupt_handler223
                0x0601ca5e                __interrupt_handler237
                0x0601c64a                __interrupt_handler63
                0x0601c5d8                __interrupt_handler44
                0x0601c8ea                __interrupt_handler175
                0x0601c914                __interrupt_handler182
                0x0601c92c                __interrupt_handler186
                0x0601c82a                __interrupt_handler143
                0x0601c752                __interrupt_handler107
                0x0601c7b8                __interrupt_handler124
                0x0601c8d8                __interrupt_handler172
                0x0601ca8e                __interrupt_handler245
                0x0601c70a                __interrupt_handler95
                0x0601c7e2                __interrupt_handler131
                0x0601c7f4                __interrupt_handler134
                0x0601c812                __interrupt_handler139
                0x0601c680                __interrupt_handler72
                0x0601ca3a                __interrupt_handler231
                0x0601c890                __interrupt_handler160
                0x0601c7d6                __interrupt_handler129
                0x0601c548                __interrupt_handler20
                0x0601c656                __interrupt_handler65
                0x0601c620                __interrupt_handler56
                0x0601c51e                __interrupt_handler13
                0x0601c9b6                __interrupt_handler209
                0x0601c770                __interrupt_handler112
                0x0601c542                __interrupt_handler19
                0x0601c6fe                __interrupt_handler93
                0x0601c968                __interrupt_handler196
                0x0601c85a                __interrupt_handler151
                0x0601c8ba                __interrupt_handler167
                0x0601cad0                __trampoline
                0x0601c536                __interrupt_handler17
                0x0601ca28                __interrupt_handler228
                0x0601caca                __interrupt_handler255
                0x0601ca88                __interrupt_handler244
                0x0601c722                __interrupt_handler99
                0x0601c91a                __interrupt_handler183
                0x0601c818                __interrupt_handler140
                0x0601c93e                __interrupt_handler189
                0x0601c83c                __interrupt_handler146
                0x0601ca04                __interrupt_handler222
                0x0601c878                __interrupt_handler156
                0x0601c7ac                __interrupt_handler122
                0x0601caa0                __interrupt_handler248
                0x0601c5f0                __interrupt_handler48
                0x0601c66e                __interrupt_handler69
                0x0601c560                __interrupt_handler24
                0x0601c6e6                __interrupt_handler89
                0x0601c9da                __interrupt_handler215
                0x0601cac4                __interrupt_handler254
                0x0601c6da                __interrupt_handler87
                0x0601c63e                __interrupt_handler61
                0x0601c962                __interrupt_handler195
                0x0601c854                __interrupt_handler150
                0x0601c5c6                __interrupt_handler41
                0x0601c764                __interrupt_handler110
                0x0601c7ca                __interrupt_handler127
                0x0601c758                __interrupt_handler108
                0x0601c776                __interrupt_handler113
                0x0601c788                __interrupt_handler116
                0x0601c7a6                __interrupt_handler121
                0x0601c69e                __interrupt_handler77
                0x0601c5ba                __interrupt_handler39
                0x0601c5d2                __interrupt_handler43
                0x0601caa6                __interrupt_handler249
                0x0601c8e4                __interrupt_handler174
                0x0601c800                __interrupt_handler136
                0x0601c938                __interrupt_handler188
                0x0601c836                __interrupt_handler145
                0x0601c506                __interrupt_handler9
                0x0601c6aa                __interrupt_handler79
                0x0601ca22                __interrupt_handler227
                0x0601c59c                __interrupt_handler34
                0x0601c7dc                __interrupt_handler130
                0x0601ca9a                __interrupt_handler247
                0x0601c692                __interrupt_handler75
                0x0601c8de                __interrupt_handler173
                0x0601c60e                __interrupt_handler53
                0x0601c84e                __interrupt_handler149
                0x0601cab2                __interrupt_handler251
                0x0601ca46                __interrupt_handler233
                0x0601c50c                __interrupt_handler10
                0x0601c998                __interrupt_handler204
                0x0601c6bc                __interrupt_handler82
                0x0601c6c2                __interrupt_handler83
                0x0601c566                __interrupt_handler25
                0x0601ca82                __interrupt_handler243
                0x0601c89c                __interrupt_handler162
                0x0601c5e4                __interrupt_handler46
                0x0601c8fc                __interrupt_handler178
                0x0601c6b0                __interrupt_handler80
                0x0601c644                __interrupt_handler62
                0x0601c4dc                __interrupt_handler2
                0x0601c57e                __interrupt_handler29
                0x0601c674                __interrupt_handler70
                0x0601c75e                __interrupt_handler109
                0x0601c848                __interrupt_handler148
                0x0601c704                __interrupt_handler94
                0x0601ca10                __interrupt_handler224
                0x0601c73a                __interrupt_handler103
                0x0601c5a8                __interrupt_handler36
                0x0601c7c4                __interrupt_handler126
                0x0601ca94                __interrupt_handler246
                0x0601c61a                __interrupt_handler55
                0x0601c518                __interrupt_handler12
                0x0601c608                __interrupt_handler52
                0x0601c932                __interrupt_handler187
                0x0601c830                __interrupt_handler144
                0x0601c78e                __interrupt_handler117
                0x0601c53c                __interrupt_handler18
                0x0601c96e                __interrupt_handler197
                0x0601c860                __interrupt_handler152
                0x0601c794                __interrupt_handler118
                0x0601c8cc                __interrupt_handler170
                0x0601c986                __interrupt_handler201
                0x0601c716                __interrupt_handler97
                0x0601c8a2                __interrupt_handler163
                0x0601c908                __interrupt_handler180
                0x0601c950                __interrupt_handler192
                0x0601ca70                __interrupt_handler240
                0x0601c7b2                __interrupt_handler123
                0x0601c9d4                __interrupt_handler214
                0x0601c58a                __interrupt_handler31
                0x0601c578                __interrupt_handler28
                0x0601c662                __interrupt_handler67
                0x0601c668                __interrupt_handler68
                0x0601c554                __interrupt_handler22
                0x0601c55a                __interrupt_handler23
                0x0601c8f0                __interrupt_handler176
                0x0601c4fa                __interrupt_handler7
                0x0601c9fe                __interrupt_handler221
                0x0601c9e6                __interrupt_handler217
                0x0601ca2e                __interrupt_handler229
                0x0601c5f6                __interrupt_handler49
                0x0601c4e8                __interrupt_handler4
                0x0601c5c0                __interrupt_handler40
                0x0601c782                __interrupt_handler115
                0x0601ca52                __interrupt_handler235
                0x0601c6f2                __interrupt_handler91
                0x0601c9a4                __interrupt_handler206
                0x0601c8f6                __interrupt_handler177
                0x0601c842                __interrupt_handler147
                0x0601c5ae                __interrupt_handler37
                0x0601caac                __interrupt_handler250
                0x0601c4d6                __interrupt_handler1
                0x0601c9f2                __interrupt_handler219
                0x0601c698                __interrupt_handler76
                0x0601c728                __interrupt_handler100
                0x0601c62c                __interrupt_handler58
                0x0601c52a                __interrupt_handler15
                0x0601c9c8                __interrupt_handler212
                0x0601ca76                __interrupt_handler241
                0x0601c98c                __interrupt_handler202
                0x0601c956                __interrupt_handler193
                0x0601c6a4                __interrupt_handler78
                0x0601c5fc                __interrupt_handler50
                0x0601c596                __interrupt_handler33
                0x0601c8b4                __interrupt_handler166
                0x0601c80c                __interrupt_handler138
                0x0601c7fa                __interrupt_handler135
                0x0601c584                __interrupt_handler30
                0x0601c920                __interrupt_handler184
                0x0601c81e                __interrupt_handler141
                0x0601ca34                __interrupt_handler230
                0x0601ca58                __interrupt_handler236
                0x0601c79a                __interrupt_handler119
                0x0601c6d4                __interrupt_handler86
                0x0601c746                __interrupt_handler105
                0x0601c6b6                __interrupt_handler81
                0x0601c7a0                __interrupt_handler120
                0x0601c7d0                __interrupt_handler128
                0x0601c614                __interrupt_handler54
                0x0601c512                __interrupt_handler11
                0x0601c97a                __interrupt_handler199
                0x0601c86c                __interrupt_handler154
                0x0601c5de                __interrupt_handler45
                0x0601c9e0                __interrupt_handler216
                0x0601c992                __interrupt_handler203
                0x0601c72e                __interrupt_handler101
                0x0601c6c8                __interrupt_handler84
                0x0601c926                __interrupt_handler185
                0x0601c824                __interrupt_handler142
                0x0601c56c                __interrupt_handler26
                0x0601c650                __interrupt_handler64
                0x0601c980                __interrupt_handler200
                0x0601c9aa                __interrupt_handler207
                0x0601c95c                __interrupt_handler194
                0x0601c6f8                __interrupt_handler92
                0x0601c872                __interrupt_handler155
                0x0601c9c2                __interrupt_handler211
                0x0601c7ee                __interrupt_handler133
                0x0601c4ee                __interrupt_handler5
                0x0601c686                __interrupt_handler73
                0x0601c530                __interrupt_handler16
                0x0601ca6a                __interrupt_handler239
                0x0601ca4c                __interrupt_handler234
                0x0601c5a2                __interrupt_handler35
                0x0601c632                __interrupt_handler59
                0x0601c8c6                __interrupt_handler169
                0x0601c71c                __interrupt_handler98
                0x0601c67a                __interrupt_handler71
                0x0601c602                __interrupt_handler51
                0x0601c88a                __interrupt_handler159
                0x0601ca1c                __interrupt_handler226
                0x0601c710                __interrupt_handler96
                0x0601c944                __interrupt_handler190
                0x0601c9f8                __interrupt_handler220
                0x0601c500                __interrupt_handler8
                0x0601c902                __interrupt_handler179
                0x0601cab8                __interrupt_handler252
 *fill*         0x0601caf4        0xc 00
 .text          0x0601cb00     0x12a0 ../sbl6/segalib/lib/sega_spr.a(spr_2c.o)
                0x0601dd60                SlaveFlushDrawPrtyBlock
                0x0601cb00                SPR_2Initial
                0x0601d344                SPR_2SysClip
                0x0601d2e4                SPR_2LocalCoord
                0x0601dbdc                SPR_2FlushDrawPrtyBlock
                0x0601d8c8                SPR_2DistSpr
                0x0601d2cc                SPR_2FlushDrawPrty
                0x0601d9ec                SPR_2Cmd
                0x0601cfc8                SPR_2GourTblNoToVram
                0x0601d028                SPR_2GetAreaSizeInfo
                0x0601cd90                SPR_2SetGourTbl
                0x0601d57c                SPR_2Polygon
                0x0601d004                SPR_2CharNoToVram
                0x0601cd10                SPR_2SetTvMode
                0x0601d16c                SPR_2CloseCommand
                0x0601cd4c                SPR_2FrameEraseData
                0x0601cb28                SPR_2Initial2
                0x0601d75c                SPR_2ScaleSpr
                0x0601d3ec                SPR_2Line
                0x0601d0b8                SPR_2OpenCommand
                0x0601cd2c                SPR_2FrameChgIntr
                0x0601d638                SPR_2NormSpr
                0x0601cdc0                SPR_2SetLookupTbl
                0x0601cdf4                SPR_2SetChar
                0x0601cfec                SPR_2LookupTblNoToVram
                0x0601d4c0                SPR_2PolyLine
                0x0601cf60                SPR_2ClrAllChar
                0x0601cf14                SPR_2ClrChar
                0x0601d390                SPR_2UserClip
 .text          0x0601dda0      0x1e6 ../sbl6/segalib/lib/sega_spr.a(spr_slv.o)
                0x0601df04                SPR_WaitEndSlaveSH
                0x0601dda0                SPR_SMPC_SSHON
                0x0601dee0                SPR_RunSlaveSH
                0x0601dda4                SPR_InitSlaveSH
                0x0601de6c                SPR_SlaveSHmain
                0x0601dda1                SPR_SMPC_SSHOFF
 *fill*         0x0601df86        0xa 00
 .text          0x0601df90      0x36a ../sbl6/segalib/lib/sega_spr.a(spr_1c.o)
                0x0601e244                SPR_WaitDrawEnd
                0x0601e25c                SPR_SetEosMode
                0x0601e174                SPR_SetEraseData
                0x0601df90                SPR_Initial
                0x0601e068                SPR_SetTvMode
                0x0601e100                SPR_GetStatus
 *fill*         0x0601e2fa        0x6 00
 .text          0x0601e300      0x244 ../sbl6/segalib/lib/sega_spr.a(spr_2a.o)
                0x0601e312                sprMemCpyW
                0x0601e370                flushDrawPrtyBlock
                0x0601e300                sprMemCpyL
                0x0601e324                SPR_2SetDrawPrty
 *fill*         0x0601e544        0xc 00
 .text          0x0601e550      0x2fc ../sbl6/segalib/lib/sega_scl.a(scl_vblv.o)
                0x0601e60c                SCL_DisplayFrame
                0x0601e550                SCL_SetFrameInterval
                0x0601e640                SCL_VblInit
                0x0601e690                SCL_VblankStart
                0x0601e6d4                SCL_VblankEnd
 *fill*         0x0601e84c        0x4 00
 .text          0x0601e850      0xb9c ../sbl6/segalib/lib/sega_scl.a(scl_func.o)
                0x0601f22c                SCL_Vdp2_SGLInit
                0x0601f13c                SCL_PriIntProc
                0x0601f0b4                SCL_Memcpyw
                0x0601f3cc                SCL_SglOff
                0x0601f3ac                SCL_SglOn
                0x0601f020                SCL_ScrollShow
                0x0601eac8                SCL_Close
                0x0601edc0                SCL_Scale
                0x0601e850                SCL_Vdp2Init
                0x0601ec34                SCL_Move
                0x0601eefc                SCL_CopyReg
                0x0601eaa4                SCL_Open
                0x0601e8d4                SCL_ParametersInit
                0x0601eae4                SCL_MoveTo
                0x0601f0dc                SCL_SetColRamMode
 *fill*         0x0601f3ec        0x4 00
 .text          0x0601f3f0      0x138 ../sbl6/segalib/lib/sega_scl.a(scl_pr03.o)
                0x0601f3f0                SCL_FreeColRam
                0x0601f428                SCL_AllocColRam
 *fill*         0x0601f528        0x8 00
 .text          0x0601f530       0x9c ../sbl6/segalib/lib/sega_scl.a(scl_pr02.o)
                0x0601f530                SCL_SetColRam
 *fill*         0x0601f5cc        0x4 00
 .text          0x0601f5d0       0x84 ../sbl6/segalib/lib/sega_scl.a(scl_back.o)
                0x0601f5d0                SCL_SetBack
 *fill*         0x0601f654        0xc 00
 .text          0x0601f660      0x94c ../sbl6/segalib/lib/sega_scl.a(scl_fu03.o)
                0x0601f6bc                SCL_SetConfig
                0x0601f660                SCL_InitConfigTb
 *fill*         0x0601ffac        0x4 00
 .text          0x0601ffb0      0x4f4 ../sbl6/segalib/lib/sega_scl.a(scl_fu02.o)
                0x0601ffe8                SCL_SetVramConfig
                0x0601ffb0                SCL_InitVramConfigTb
 *fill*         0x060204a4        0xc 00
 .text          0x060204b0       0x28 ../sbl6/segalib/lib/sega_scl.a(scl_fu04.o)
                0x060204b0                SCL_SetCycleTable
 *fill*         0x060204d8        0x8 00
 .text          0x060204e0      0x214 ../sbl6/segalib/lib/sega_scl.a(scl_pr07.o)
                0x060204e0                SCL_SetPriority
 *fill*         0x060206f4        0xc 00
 .text          0x06020700       0x58 ../sbl6/segalib/lib/sega_scl.a(scl_pr01.o)
                0x06020700                SCL_SetSpriteMode
 *fill*         0x06020758        0x8 00
 .text          0x06020760     0x10a4 ../sbl6/segalib/lib/sega_scl.a(scl_pri.o)
                0x060207f4                SCL_AbortAutoVe
                0x060216a4                SCL_SetShadowBit
                0x06020c6c                SCL_AutoExec
                0x06020760                SCL_PriorityInit
                0x06021180                SCL_IncColOffset
                0x06020808                SCL_SetColMixRate
                0x060207d8                SCL_GetColRamMode
 *fill*         0x06021804        0xc 00
 .text          0x06021810     0x1394 ../sbl6/segalib/lib/sega_scl.a(scl_ro00.o)
                0x060229fc                SCL_RotateZD
                0x06021cc4                SCL_Rotate
                0x06021998                SCL_InitRotateTable
 *fill*         0x06022ba4        0xc 00
 .text          0x06022bb0      0x1b4 ../sbl6/segalib/lib/sega_scl.a(scl_pr06.o)
                0x06022bb0                SCL_SetColRamOffset
 *fill*         0x06022d64        0xc 00
 .text          0x06022d70       0xac ../sbl6/segalib/lib/sega_scl.a(scl_pr05.o)
                0x06022d70                SCL_GetColRamOffset
 *fill*         0x06022e1c        0x4 00
 .text          0x06022e20       0xa4 ../sbl6/segalib/lib/sega_mth.a(mth_fixd.o)
                0x06022e70                MTH_FixedToInt
                0x06022e60                MTH_IntToFixed
                0x06022e20                MTH_Mul
                0x06022e80                MTH_Product
                0x06022e40                MTH_Div
 *fill*         0x06022ec4        0xc 00
 .text          0x06022ed0      0x600 ../sbl6/segalib/lib/sega_mth.a(mth_tri.o)
                0x06022f6c                fcos
                0x06022f72                fsin
                0x06022f1c                MTH_Cos
                0x06022ed0                MTH_Sin
                0x06023110                MTH_Atan
 .text          0x060234d0      0xf50 ../sbl6/segalib/lib/sega_per.a(per_prt.o)
                0x060238f0                PER_IntFunc
                0x060236e8                PER_LGetPer
                0x060234d0                PER_LInit
 .text          0x06024420      0x1f4 ../sbl6/segalib/lib/sega_sat.a(DMA_SCU1.o)
                0x0602457c                DMA_ScuResult
                0x06024420                DMA_ScuInit
                0x06024470                DMA_ScuMemCopy
 *fill*         0x06024614        0xc 00
 .text          0x06024620      0x308 ../sbl6/segalib/lib/sega_sat.a(DMA_SCU0.o)
                0x060246a4                DMA_ScuStart
                0x060247d8                DMA_ScuIntFunc0
                0x06024848                DMA_ScuIntFunc1
                0x060248b8                DMA_ScuIntFunc2
                0x06024798                DMA_ScuGetStatus
                0x06024620                DMA_ScuSetPrm
 *fill*         0x06024928        0x8 00
 .text          0x06024930       0xe8 ../sbl6/segalib/lib/sega_sat.a(csh_main.o)
                0x06024930                CSH_Init
                0x06024998                CSH_AllClr
                0x060249e4                CSH_Purge
 *fill*         0x06024a18        0x8 00
 .text          0x06024a20       0x90 c:/saturn/SH_COFF/sh-coff/bin/../lib/gcc/sh-coff/3.4-GNUSH_v0501\libgcc.a(_ashiftlt.o)
                0x06024a20                __ashlsi3
 .text          0x06024ab0       0xa0 c:/saturn/SH_COFF/sh-coff/bin/../lib/gcc/sh-coff/3.4-GNUSH_v0501\libgcc.a(__main.o)
                0x06024b24                __main
                0x06024ab0                __do_global_dtors
                0x06024ae4                __do_global_ctors
 .text          0x06024b50       0x70 c:/saturn/SH_COFF/sh-coff/bin/../lib/gcc/sh-coff/3.4-GNUSH_v0501\libgcc.a(_udivsi3.o)
                0x06024b72                __udivsi3
 .text          0x06024bc0       0x60 c:/saturn/SH_COFF/sh-coff/bin/../lib/gcc/sh-coff/3.4-GNUSH_v0501\libgcc.a(_ashiftrt.o)
                0x06024bcc                __ashiftrt_r4_27
                0x06024c00                __ashiftrt_r4_6
                0x06024bf0                __ashiftrt_r4_14
                0x06024be2                __ashiftrt_r4_19
                0x06024bfa                __ashiftrt_r4_9
                0x06024c0e                __ashiftrt_r4_0
                0x06024bc0                __ashiftrt_r4_31
                0x06024bce                __ashiftrt_r4_26
                0x06024bdc                __ashiftrt_r4_22
                0x06024be8                __ashiftrt_r4_16
                0x06024bf4                __ashiftrt_r4_12
                0x06024bc8                __ashiftrt_r4_29
                0x06024be6                __ashiftrt_r4_17
                0x06024bc6                __ashiftrt_r4_30
                0x06024c02                __ashiftrt_r4_5
                0x06024bfc                __ashiftrt_r4_8
                0x06024bc0                __ashiftrt_r4_32
                0x06024bd0                __ashiftrt_r4_25
                0x06024c08                __ashiftrt_r4_2
                0x06024bd2                __ashiftrt_r4_24
                0x06024bee                __ashiftrt_r4_15
                0x06024bf8                __ashiftrt_r4_10
                0x06024c0a                __ashiftrt_r4_1
                0x06024bca                __ashiftrt_r4_28
                0x06024be0                __ashiftrt_r4_20
                0x06024bfe                __ashiftrt_r4_7
                0x06024bf2                __ashiftrt_r4_13
                0x06024bf6                __ashiftrt_r4_11
                0x06024c04                __ashiftrt_r4_4
                0x06024bda                __ashiftrt_r4_23
                0x06024be4                __ashiftrt_r4_18
                0x06024bde                __ashiftrt_r4_21
                0x06024c06                __ashiftrt_r4_3
 .text          0x06024c20       0xb0 c:/saturn/SH_COFF/sh-coff/bin/../lib/gcc/sh-coff/3.4-GNUSH_v0501\libgcc.a(_si_to_df.o)
                0x06024c20                __floatsidf
 .text          0x06024cd0      0x2e0 c:/saturn/SH_COFF/sh-coff/bin/../lib/gcc/sh-coff/3.4-GNUSH_v0501\libgcc.a(_mul_df.o)
                0x06024ce0                __muldf3
 .text          0x06024fb0       0x80 c:/saturn/SH_COFF/sh-coff/bin/../lib/gcc/sh-coff/3.4-GNUSH_v0501\libgcc.a(_df_to_si.o)
                0x06024fb0                __fixdfsi
 .text          0x06025030      0x220 c:/saturn/SH_COFF/sh-coff/bin/../lib/gcc/sh-coff/3.4-GNUSH_v0501\libgcc.a(_pack_df.o)
                0x06025040                __pack_d
 .text          0x06025250      0x120 c:/saturn/SH_COFF/sh-coff/bin/../lib/gcc/sh-coff/3.4-GNUSH_v0501\libgcc.a(_unpack_df.o)
                0x06025260                __unpack_d
 .text          0x06025370       0x20 c:/saturn/SH_COFF/sh-coff/bin/../lib/gcc/sh-coff/3.4-GNUSH_v0501\libgcc.a(_thenan_df.o)
                0x06025370                __thenan_df
 .text          0x06025390       0xd0 c:/saturn/SH_COFF/sh-coff/bin/../lib/gcc/sh-coff/3.4-GNUSH_v0501\libgcc.a(_muldi3.o)
                0x06025390                __muldi3
 .text          0x06025460       0x80 c:/saturn/SH_COFF/sh-coff/bin/../lib/gcc/sh-coff/3.4-GNUSH_v0501\libgcc.a(_lshrdi3.o)
                0x06025460                __lshrdi3
 .text          0x060254e0       0x80 c:/saturn/SH_COFF/sh-coff/bin/../lib/gcc/sh-coff/3.4-GNUSH_v0501\libgcc.a(_ashldi3.o)
                0x060254e0                __ashldi3
 .text          0x06025560       0x30 c:/saturn/SH_COFF/sh-coff/bin/../lib/gcc/sh-coff/3.4-GNUSH_v0501\libgcc.a(_mulsi3.o)
                0x06025560                __mulsi3
 .text          0x06025590       0x90 c:/saturn/SH_COFF/sh-coff/bin/../lib/gcc/sh-coff/3.4-GNUSH_v0501\libgcc.a(_lshiftrt.o)
                0x06025590                __lshrsi3
 .text          0x06025620       0xa0 c:/saturn/SH_COFF/sh-coff/bin/../lib/gcc/sh-coff/3.4-GNUSH_v0501/../../../../sh-coff/lib\libc.a(memcpy.o)
                0x06025620                memcpy
 .text          0x060256c0       0x40 c:/saturn/SH_COFF/sh-coff/bin/../lib/gcc/sh-coff/3.4-GNUSH_v0501/../../../../sh-coff/lib\libc.a(memset.o)
                0x060256c0                memset
 .text          0x06025700       0x90 c:/saturn/SH_COFF/sh-coff/bin/../lib/gcc/sh-coff/3.4-GNUSH_v0501/../../../../sh-coff/lib\libc.a(atexit.o)
                0x06025700                atexit
 .text          0x06025790       0x10 c:/saturn/SH_COFF/sh-coff/bin/../lib/gcc/sh-coff/3.4-GNUSH_v0501/../../../../sh-coff/lib\libc.a(impure.o)
                0x06025790                _global_impure_ptr
 .text          0x060257a0       0x40 c:/saturn/SH_COFF/sh-coff/bin/../lib/gcc/sh-coff/3.4-GNUSH_v0501/../../../../sh-coff/lib\libc.a(malloc.o)
                0x060257bc                free
                0x060257a0                malloc
 .text          0x060257e0      0x5b0 c:/saturn/SH_COFF/sh-coff/bin/../lib/gcc/sh-coff/3.4-GNUSH_v0501/../../../../sh-coff/lib\libc.a(mallocr.o)
                0x060257e0                _malloc_r
 .text          0x06025d90      0x340 c:/saturn/SH_COFF/sh-coff/bin/../lib/gcc/sh-coff/3.4-GNUSH_v0501/../../../../sh-coff/lib\libc.a(freer.o)
                0x06025d90                _malloc_trim_r
                0x06025e84                _free_r
 .text          0x060260d0       0x20 c:/saturn/SH_COFF/sh-coff/bin/../lib/gcc/sh-coff/3.4-GNUSH_v0501/../../../../sh-coff/lib\libc.a(mlock.o)
                0x060260d0                __malloc_lock
                0x060260dc                __malloc_unlock
 .text          0x060260f0       0x50 c:/saturn/SH_COFF/sh-coff/bin/../lib/gcc/sh-coff/3.4-GNUSH_v0501/../../../../sh-coff/lib\libc.a(sbrkr.o)
                0x060260f0                _sbrk_r
 .text          0x06026140      0x380 c:/saturn/SH_COFF/sh-coff/bin/../lib/gcc/sh-coff/3.4-GNUSH_v0501/../../../../sh-coff/lib\libc.a(syscalls.o)
                0x060262ac                _exit
                0x060262e0                _getpid
                0x06026348                _utime
                0x06026178                _write
                0x06026140                _read
                0x06026294                _unlink
                0x0602625c                _open
                0x060262f8                _stat
                0x060262a0                isatty
                0x06026378                _wait
                0x060262c4                _kill
                0x06026314                _chmod
                0x060263a8                _execv
                0x0602638c                _execve
                0x06026484                __setup_argv_and_call_main
                0x060263e0                _gettimeofday
                0x060261ac                _link
                0x060262ec                _raise
                0x06026278                _creat
                0x060263c0                _pipe
                0x0602632c                _chown
                0x0602615c                _lseek
                0x06026194                _close
                0x060263d4                _times
                0x06026248                _fstat
                0x06026364                _fork
                0x060261d4                _sbrk
 .text          0x060264c0       0x20 c:/saturn/SH_COFF/sh-coff/bin/../lib/gcc/sh-coff/3.4-GNUSH_v0501/../../../../sh-coff/lib\libc.a(trap.o)
                0x060264c0                __trap34
 .text          0x060264e0       0x20 c:/saturn/SH_COFF/sh-coff/bin/../lib/gcc/sh-coff/3.4-GNUSH_v0501/../../../../sh-coff/lib\libc.a(abort.o)
                0x060264e0                abort
 .text          0x06026500      0x270 c:/saturn/SH_COFF/sh-coff/bin/../lib/gcc/sh-coff/3.4-GNUSH_v0501/../../../../sh-coff/lib\libc.a(signal.o)
                0x060265c0                _raise_r
                0x06026748                __sigtramp
                0x060266f4                raise
                0x06026730                _init_signal
                0x06026680                __sigtramp_r
                0x06026710                signal
                0x0602654c                _signal_r
                0x06026500                _init_signal_r
 .text          0x06026770       0x60 c:/saturn/SH_COFF/sh-coff/bin/../lib/gcc/sh-coff/3.4-GNUSH_v0501/../../../../sh-coff/lib\libc.a(signalr.o)
                0x060267b8                _getpid_r
                0x06026770                _kill_r
 *(.strings)

.tors           0x060267d0        0x0
                0x060267d0                ___ctors = .
 *(.ctors)
                0x060267d0                ___ctors_end = .
                0x060267d0                ___dtors = .
 *(.dtors)
                0x060267d0                ___dtors_end = .

.data           0x060267d0     0x1100
                0x060267d0                STARTOF_R = .
 *(.data)
 .data          0x060267d0      0x400 ../sbl6/segasmp/per/smpclib/per_x1.o
 .data          0x06026bd0       0x50 graphics.o
                0x06026bd0                tiles
 .data          0x06026c20       0x10 scroll.o
                0x06026c20                CycleTb
 .data          0x06026c30       0x30 main.o
 .data          0x06026c60      0x400 ../sbl6/segalib/lib/sega_int.a(int.o)
 .data          0x06027060       0x1c ../sbl6/segalib/lib/sega_spr.a(spr_slv.o)
                0x06027068                SPR_SlaveParam
                0x06027078                SPR_SMPC_SF
                0x06027070                SPR_SMPC_COM
                0x0602706c                SPR_SlaveSHEntry
                0x06027064                SPR_SlaveState
                0x06027060                SPR_SlaveCommand
                0x06027074                SPR_SMPC_RET
 *fill*         0x0602707c        0x4 00
 .data          0x06027080       0x34 ../sbl6/segalib/lib/sega_spr.a(spr_1c.o)
                0x06027080                SpInitialFlag
 *fill*         0x060270b4        0xc 00
 .data          0x060270c0       0x1c ../sbl6/segalib/lib/sega_scl.a(scl_vblv.o)
                0x060270c8                VBInterval
                0x060270d0                ReqDisplayFlag
                0x060270c0                SpFrameChgMode
                0x060270cc                VBIntervalCounter
                0x060270c4                SpFrameEraseMode
 *fill*         0x060270dc        0x4 00
 .data          0x060270e0       0x36 ../sbl6/segalib/lib/sega_scl.a(scl_func.o)
                0x060270f0                SclRotregBuff
                0x060270ec                SclDisplayY
                0x060270f4                SclRotateTableMode
                0x060270e8                SclProcess
                0x060270e4                SclCurSclNum
                0x060270e0                SclLengthLsTbl
                0x060270ea                SclDisplayX
                0x060270e2                SclLengthCsTbl
 *fill*         0x06027116        0xa 00
 .data          0x06027120       0x18 ../sbl6/segalib/lib/sega_scl.a(scl_pri.o)
                0x06027124                SclRealSpPriNum
                0x06027134                SclRealColOffset
                0x06027130                SclRealBgColMix
                0x0602712c                SclRealSpColMix
                0x06027128                SclRealBgPriNum
                0x06027120                SclRealOtherPri
 *fill*         0x06027138        0x8 00
 .data          0x06027140      0x380 c:/saturn/SH_COFF/sh-coff/bin/../lib/gcc/sh-coff/3.4-GNUSH_v0501/../../../../sh-coff/lib\libc.a(impure.o)
                0x060274bc                _impure_ptr
 .data          0x060274c0      0x410 c:/saturn/SH_COFF/sh-coff/bin/../lib/gcc/sh-coff/3.4-GNUSH_v0501/../../../../sh-coff/lib\libc.a(mallocr.o)
                0x060274c8                __malloc_av_
                0x060274c4                __malloc_trim_threshold
                0x060274c0                __malloc_sbrk_base
                0x060278d0                SIZEOF_R = (. - STARTOF_R)
                0x060278d0                ENDOF_R = .

.bss            0x060278d0     0x6f54
                0x060278d0                STARTOF_B = .
 *(.bss)
 .bss           0x060278d0       0x10 vblank.o
                0x060278d4                PadData2E
                0x060278da                PadData1
                0x060278d6                PadData2
                0x060278d8                PadData1E
                0x060278d0                __port
 .bss           0x060278e0       0xd0 ../sbl6/segasmp/per/smpclib/per_x2.o
 .bss           0x060279b0       0x10 sprite.o
                0x060279b0                num_sprites
 .bss           0x060279c0       0x30 scroll.o
                0x060279c0                copy_mode
                0x060279c4                map_tile_y
                0x060279cc                scrolls_y
                0x060279c8                map_tile_x
                0x060279dc                scrolls_x
 .bss           0x060279f0       0x10 player.o
                0x060279f0                anim_cursor
 .bss           0x06027a00     0x3430 main.o
 .bss           0x0602ae30       0x6e ../sbl6/segalib/lib/sega_spr.a(spr_2c.o)
 *fill*         0x0602ae9e        0x2 00
 .bss           0x0602aea0        0x4 ../sbl6/segalib/lib/sega_scl.a(scl_vblv.o)
 *fill*         0x0602aea4        0xc 00
 .bss           0x0602aeb0        0x4 ../sbl6/segalib/lib/sega_scl.a(scl_func.o)
 *fill*         0x0602aeb4        0xc 00
 .bss           0x0602aec0       0x48 ../sbl6/segalib/lib/sega_scl.a(scl_ro00.o)
 *fill*         0x0602af08        0x8 00
 .bss           0x0602af10       0x9c ../sbl6/segalib/lib/sega_per.a(per_prt.o)
 *fill*         0x0602afac        0x4 00
 .bss           0x0602afb0        0xc ../sbl6/segalib/lib/sega_sat.a(DMA_SCU1.o)
 *fill*         0x0602afbc        0x4 00
 .bss           0x0602afc0       0x20 ../sbl6/segalib/lib/sega_sat.a(DMA_SCU0.o)
 .bss           0x0602afe0       0x10 c:/saturn/SH_COFF/sh-coff/bin/../lib/gcc/sh-coff/3.4-GNUSH_v0501\libgcc.a(__main.o)
 .bss           0x0602aff0       0x10 c:/saturn/SH_COFF/sh-coff/bin/../lib/gcc/sh-coff/3.4-GNUSH_v0501/../../../../sh-coff/lib\libc.a(atexit.o)
 .bss           0x0602b000       0x40 c:/saturn/SH_COFF/sh-coff/bin/../lib/gcc/sh-coff/3.4-GNUSH_v0501/../../../../sh-coff/lib\libc.a(mallocr.o)
                0x0602b030                __malloc_top_pad
                0x0602b000                __malloc_current_mallinfo
                0x0602b02c                __malloc_max_sbrked_mem
                0x0602b028                __malloc_max_total_mem
 .bss           0x0602b040       0x10 c:/saturn/SH_COFF/sh-coff/bin/../lib/gcc/sh-coff/3.4-GNUSH_v0501/../../../../sh-coff/lib\libc.a(syscalls.o)
 *(COMMON)
 COMMON         0x0602b050     0x1900 sprite.o
                                  0x0 (size before relaxing)
                0x0602b050                sprites
 COMMON         0x0602c950        0xc scroll.o
                                  0x0 (size before relaxing)
                0x0602c950                maps
 *fill*         0x0602c95c        0x4 00
 COMMON         0x0602c960       0x20 player.o
                                  0x0 (size before relaxing)
                0x0602c960                player
 COMMON         0x0602c980      0x460 print.o
                                  0x0 (size before relaxing)
                0x0602c980                text
 COMMON         0x0602cde0      0x400 ../sbl6/segalib/lib/sega_int.a(int.o)
                                  0x0 (size before relaxing)
                0x0602cde0                __interrupt_vector
 COMMON         0x0602d1e0       0x50 ../sbl6/segalib/lib/sega_spr.a(spr_2c.o)
                                  0x0 (size before relaxing)
                0x0602d1e0                SpMstCmd
                0x0602d1e4                Sp2OpenFlag
                0x0602d1e8                SpGourTblMax
                0x0602d1ec                SpDrawPrtyBlk
                0x0602d1f0                SpLCoordX
                0x0602d1f4                SpMstDrawPrtyBlk
                0x0602d1f8                SpGourTbl
                0x0602d1fc                SpLookupTblR
                0x0602d200                SpCmdTbl
                0x0602d204                SpCharMax
                0x0602d208                SpDrawPrtyProcFlag
                0x0602d20c                SpCmdNo
                0x0602d210                SpDrawPrtyBlkMax
                0x0602d214                SpSlvCmdPos
                0x0602d218                SpSlvDrawPrtyBlk
                0x0602d21c                SpCharTbl
                0x0602d220                SpCmdTblR
                0x0602d224                SpMstCmdPos
                0x0602d228                SpSlvCmd
                0x0602d22c                SpLCoordY
 COMMON         0x0602d230       0x10 ../sbl6/segalib/lib/sega_spr.a(spr_1c.o)
                                  0x0 (size before relaxing)
                0x0602d230                SpScreenY
                0x0602d234                SpFbcrMode
                0x0602d236                SpDil
                0x0602d238                SpDie
                0x0602d23a                SpTvMode
                0x0602d23c                SpScreenX
 COMMON         0x0602d240      0xf00 ../sbl6/segalib/lib/sega_scl.a(scl_func.o)
                                  0x0 (size before relaxing)
                0x0602d240                SclRbgKtbAddr
                0x0602d248                SclRb
                0x0602d24a                Scl_flag
                0x0602d250                SclK_TableBuff
                0x0602df20                SclAddrCsTbl
                0x0602df30                Scl_s_reg
                0x0602df58                SclRotateXy
                0x0602df60                Scl_d_reg
                0x0602dfa8                SclRotateDisp
                0x0602dfb0                SclRotateMoveZ
                0x0602dfb8                SclRotXySw
                0x0602dfc0                Scl_r_reg
                0x0602dfd0                SclRPMD
                0x0602dfd8                SclRbgKtbOffset
                0x0602dfe0                _SclRotregBuff
                0x0602e0b0                SclRa
                0x0602e0b8                SclRotateZ
                0x0602e0c0                SclAddrLsTbl
                0x0602e0c8                SclK_TableNum
                0x0602e0d0                SclRotateTableAddress
                0x0602e0d4                SclK_TableFlag
                0x0602e0e0                Scl_w_reg
                0x0602e100                Scl_n_reg
 COMMON         0x0602e140      0x6b0 ../sbl6/segalib/lib/sega_scl.a(scl_pri.o)
                                  0x0 (size before relaxing)
                0x0602e140                SclAutoEndBlue2
                0x0602e150                SclColOffset
                0x0602e160                SclPriBuffDirty
                0x0602e162                SclAutoEndRed
                0x0602e164                SclAutoSurface
                0x0602e168                SclAutoGreen
                0x0602e16a                SclAutoEndGreen
                0x0602e16c                SclAutoCount
                0x0602e170                SclColRamAlloc256
                0x0602e190                SclAutoCurRate
                0x0602e191                SclAutoPlusFlag
                0x0602e198                SclSpColMix
                0x0602e1a0                SclAutoMax
                0x0602e1a4                SclLineColRamOffset
                0x0602e1a8                SclColRamAlloc2048
                0x0602e1ac                SclBgPriNum
                0x0602e1b2                SclAutoEndBlue
                0x0602e1b4                SclAutoEndGreen2
                0x0602e1b6                SclAutoVeFlag
                0x0602e1b8                SclBgColMix
                0x0602e1c0                SclAutoIndex
                0x0602e1c4                SclAutoEndRate
                0x0602e1c6                SclAutoBlue
                0x0602e1c8                SclAutoRed
                0x0602e1cc                SclAutoInterval
                0x0602e1d0                SclOtherPri
                0x0602e1e0                SclAutoRGB
                0x0602e7e0                SclAutoEndRed2
                0x0602e7e8                SclSpPriNum
 COMMON         0x0602e7f0       0x10 ../sbl6/segalib/lib/sega_scl.a(scl_ro00.o)
                                  0x0 (size before relaxing)
                0x0602e7f0                SclCsx
                0x0602e7f8                SclCsy
 COMMON         0x0602e800       0x15 ../sbl6/segalib/lib/sega_per.a(per_prt.o)
                                  0x0 (size before relaxing)
                0x0602e800                per_get_time_flg
                0x0602e801                per_hot_res
                0x0602e802                per_set_sys_flg
                0x0602e804                per_get_time_adr
                0x0602e808                per_get_sys_data
                0x0602e814                per_time_out_flg
 *fill*         0x0602e815        0xb 00
 COMMON         0x0602e820        0x4 c:/saturn/SH_COFF/sh-coff/bin/../lib/gcc/sh-coff/3.4-GNUSH_v0501/../../../../sh-coff/lib\libc.a(syscalls.o)
                                  0x0 (size before relaxing)
                0x0602e820                errno
                0x0602e824                SIZEOF_B = (. - STARTOF_B)
                0x0602e824                ENDOF_B = .
                0x0602e824                _end = .
OUTPUT(main.cof coff-sh)

.comment        0x0602e830      0x3e0
 .comment       0x0602e830       0x20 ../sbl6/segasmp/lib/strt2_g.o
 .comment       0x0602e850       0x20 vblank.o
 .comment       0x0602e870       0x20 ../sbl6/segasmp/per/smpclib/per_x1.o
 .comment       0x0602e890       0x20 ../sbl6/segasmp/per/smpclib/per_x2.o
 .comment       0x0602e8b0       0x20 graphics.o
 .comment       0x0602e8d0       0x20 sprite.o
 .comment       0x0602e8f0       0x20 scroll.o
 .comment       0x0602e910       0x20 player.o
 .comment       0x0602e930       0x20 print.o
 .comment       0x0602e950       0x20 main.o
 .comment       0x0602e970       0x20 c:/saturn/SH_COFF/sh-coff/bin/../lib/gcc/sh-coff/3.4-GNUSH_v0501\libgcc.a(__main.o)
 .comment       0x0602e990       0x20 c:/saturn/SH_COFF/sh-coff/bin/../lib/gcc/sh-coff/3.4-GNUSH_v0501\libgcc.a(_si_to_df.o)
 .comment       0x0602e9b0       0x20 c:/saturn/SH_COFF/sh-coff/bin/../lib/gcc/sh-coff/3.4-GNUSH_v0501\libgcc.a(_mul_df.o)
 .comment       0x0602e9d0       0x20 c:/saturn/SH_COFF/sh-coff/bin/../lib/gcc/sh-coff/3.4-GNUSH_v0501\libgcc.a(_df_to_si.o)
 .comment       0x0602e9f0       0x20 c:/saturn/SH_COFF/sh-coff/bin/../lib/gcc/sh-coff/3.4-GNUSH_v0501\libgcc.a(_pack_df.o)
 .comment       0x0602ea10       0x20 c:/saturn/SH_COFF/sh-coff/bin/../lib/gcc/sh-coff/3.4-GNUSH_v0501\libgcc.a(_unpack_df.o)
 .comment       0x0602ea30       0x20 c:/saturn/SH_COFF/sh-coff/bin/../lib/gcc/sh-coff/3.4-GNUSH_v0501\libgcc.a(_thenan_df.o)
 .comment       0x0602ea50       0x20 c:/saturn/SH_COFF/sh-coff/bin/../lib/gcc/sh-coff/3.4-GNUSH_v0501\libgcc.a(_muldi3.o)
 .comment       0x0602ea70       0x20 c:/saturn/SH_COFF/sh-coff/bin/../lib/gcc/sh-coff/3.4-GNUSH_v0501\libgcc.a(_lshrdi3.o)
 .comment       0x0602ea90       0x20 c:/saturn/SH_COFF/sh-coff/bin/../lib/gcc/sh-coff/3.4-GNUSH_v0501\libgcc.a(_ashldi3.o)
 .comment       0x0602eab0       0x20 c:/saturn/SH_COFF/sh-coff/bin/../lib/gcc/sh-coff/3.4-GNUSH_v0501/../../../../sh-coff/lib\libc.a(atexit.o)
 .comment       0x0602ead0       0x20 c:/saturn/SH_COFF/sh-coff/bin/../lib/gcc/sh-coff/3.4-GNUSH_v0501/../../../../sh-coff/lib\libc.a(impure.o)
 .comment       0x0602eaf0       0x20 c:/saturn/SH_COFF/sh-coff/bin/../lib/gcc/sh-coff/3.4-GNUSH_v0501/../../../../sh-coff/lib\libc.a(malloc.o)
 .comment       0x0602eb10       0x20 c:/saturn/SH_COFF/sh-coff/bin/../lib/gcc/sh-coff/3.4-GNUSH_v0501/../../../../sh-coff/lib\libc.a(mallocr.o)
 .comment       0x0602eb30       0x20 c:/saturn/SH_COFF/sh-coff/bin/../lib/gcc/sh-coff/3.4-GNUSH_v0501/../../../../sh-coff/lib\libc.a(freer.o)
 .comment       0x0602eb50       0x20 c:/saturn/SH_COFF/sh-coff/bin/../lib/gcc/sh-coff/3.4-GNUSH_v0501/../../../../sh-coff/lib\libc.a(mlock.o)
 .comment       0x0602eb70       0x20 c:/saturn/SH_COFF/sh-coff/bin/../lib/gcc/sh-coff/3.4-GNUSH_v0501/../../../../sh-coff/lib\libc.a(sbrkr.o)
 .comment       0x0602eb90       0x20 c:/saturn/SH_COFF/sh-coff/bin/../lib/gcc/sh-coff/3.4-GNUSH_v0501/../../../../sh-coff/lib\libc.a(syscalls.o)
 .comment       0x0602ebb0       0x20 c:/saturn/SH_COFF/sh-coff/bin/../lib/gcc/sh-coff/3.4-GNUSH_v0501/../../../../sh-coff/lib\libc.a(abort.o)
 .comment       0x0602ebd0       0x20 c:/saturn/SH_COFF/sh-coff/bin/../lib/gcc/sh-coff/3.4-GNUSH_v0501/../../../../sh-coff/lib\libc.a(signal.o)
 .comment       0x0602ebf0       0x20 c:/saturn/SH_COFF/sh-coff/bin/../lib/gcc/sh-coff/3.4-GNUSH_v0501/../../../../sh-coff/lib\libc.a(signalr.o)
