Archive member included because of file (symbol)

../sbl6/segalib/lib/sega_int.a(int.o)
                              vblank.o (INT_SetScuFunc)
../sbl6/segalib/lib/sega_int.a(int_trmp.o)
                              ../sbl6/segalib/lib/sega_int.a(int.o) (__interrupt_handler0)
../sbl6/segalib/lib/sega_spr.a(spr_2c.o)
                              main.o (SPR_2Initial)
../sbl6/segalib/lib/sega_spr.a(spr_slv.o)
                              ../sbl6/segalib/lib/sega_spr.a(spr_2c.o) (SPR_InitSlaveSH)
../sbl6/segalib/lib/sega_spr.a(spr_1c.o)
                              ../sbl6/segalib/lib/sega_spr.a(spr_2c.o) (SPR_Initial)
../sbl6/segalib/lib/sega_spr.a(spr_2a.o)
                              ../sbl6/segalib/lib/sega_spr.a(spr_2c.o) (SPR_2SetDrawPrty)
../sbl6/segalib/lib/sega_scl.a(scl_vblv.o)
                              ../sbl6/segalib/lib/sega_spr.a(spr_1c.o) (SpFrameChgMode)
../sbl6/segalib/lib/sega_scl.a(scl_func.o)
                              main.o (SCL_Vdp2Init)
../sbl6/segalib/lib/sega_scl.a(scl_pr03.o)
                              scroll.o (SCL_AllocColRam)
../sbl6/segalib/lib/sega_scl.a(scl_pr02.o)
                              scroll.o (SCL_SetColRam)
../sbl6/segalib/lib/sega_scl.a(scl_back.o)
                              scroll.o (SCL_SetBack)
../sbl6/segalib/lib/sega_scl.a(scl_fu03.o)
                              scroll.o (SCL_InitConfigTb)
../sbl6/segalib/lib/sega_scl.a(scl_fu02.o)
                              scroll.o (SCL_InitVramConfigTb)
../sbl6/segalib/lib/sega_scl.a(scl_fu04.o)
                              scroll.o (SCL_SetCycleTable)
../sbl6/segalib/lib/sega_scl.a(scl_pr07.o)
                              main.o (SCL_SetPriority)
../sbl6/segalib/lib/sega_scl.a(scl_pr01.o)
                              main.o (SCL_SetSpriteMode)
../sbl6/segalib/lib/sega_scl.a(scl_pri.o)
                              ../sbl6/segalib/lib/sega_scl.a(scl_func.o) (SclRealOtherPri)
../sbl6/segalib/lib/sega_scl.a(scl_ro00.o)
                              ../sbl6/segalib/lib/sega_scl.a(scl_func.o) (SCL_Rotate)
../sbl6/segalib/lib/sega_scl.a(scl_pr06.o)
                              ../sbl6/segalib/lib/sega_scl.a(scl_pr03.o) (SCL_SetColRamOffset)
../sbl6/segalib/lib/sega_scl.a(scl_pr05.o)
                              ../sbl6/segalib/lib/sega_scl.a(scl_pr02.o) (SCL_GetColRamOffset)
../sbl6/segalib/lib/sega_mth.a(mth_fixd.o)
                              player.o (MTH_Mul)
../sbl6/segalib/lib/sega_mth.a(mth_tri.o)
                              sprite.o (MTH_Sin)
../sbl6/segalib/lib/sega_per.a(per_prt.o)
                              ../sbl6/segasmp/per/smpclib/per_x2.o (PER_LInit)
../sbl6/segalib/lib/sega_sat.a(DMA_SCU1.o)
                              ../sbl6/segalib/lib/sega_spr.a(spr_2c.o) (DMA_ScuMemCopy)
../sbl6/segalib/lib/sega_sat.a(DMA_SCU0.o)
                              ../sbl6/segalib/lib/sega_sat.a(DMA_SCU1.o) (DMA_ScuSetPrm)
../sbl6/segalib/lib/sega_sat.a(csh_main.o)
                              ../sbl6/segalib/lib/sega_sat.a(DMA_SCU1.o) (CSH_Purge)
c:/saturn/SH_COFF/sh-coff/bin/../lib/gcc/sh-coff/3.4-GNUSH_v0501\libgcc.a(_ashiftlt.o)
                              scroll.o (__ashlsi3)
c:/saturn/SH_COFF/sh-coff/bin/../lib/gcc/sh-coff/3.4-GNUSH_v0501\libgcc.a(__main.o)
                              main.o (__main)
c:/saturn/SH_COFF/sh-coff/bin/../lib/gcc/sh-coff/3.4-GNUSH_v0501\libgcc.a(_udivsi3.o)
                              ../sbl6/segalib/lib/sega_scl.a(scl_fu03.o) (__udivsi3)
c:/saturn/SH_COFF/sh-coff/bin/../lib/gcc/sh-coff/3.4-GNUSH_v0501\libgcc.a(_ashiftrt.o)
                              ../sbl6/segalib/lib/sega_scl.a(scl_ro00.o) (__ashiftrt_r4_6)
c:/saturn/SH_COFF/sh-coff/bin/../lib/gcc/sh-coff/3.4-GNUSH_v0501\libgcc.a(_si_to_df.o)
                              ../sbl6/segalib/lib/sega_scl.a(scl_ro00.o) (__floatsidf)
c:/saturn/SH_COFF/sh-coff/bin/../lib/gcc/sh-coff/3.4-GNUSH_v0501\libgcc.a(_mul_df.o)
                              ../sbl6/segalib/lib/sega_scl.a(scl_ro00.o) (__muldf3)
c:/saturn/SH_COFF/sh-coff/bin/../lib/gcc/sh-coff/3.4-GNUSH_v0501\libgcc.a(_df_to_si.o)
                              ../sbl6/segalib/lib/sega_scl.a(scl_ro00.o) (__fixdfsi)
c:/saturn/SH_COFF/sh-coff/bin/../lib/gcc/sh-coff/3.4-GNUSH_v0501\libgcc.a(_pack_df.o)
                              c:/saturn/SH_COFF/sh-coff/bin/../lib/gcc/sh-coff/3.4-GNUSH_v0501\libgcc.a(_si_to_df.o) (__pack_d)
c:/saturn/SH_COFF/sh-coff/bin/../lib/gcc/sh-coff/3.4-GNUSH_v0501\libgcc.a(_unpack_df.o)
                              c:/saturn/SH_COFF/sh-coff/bin/../lib/gcc/sh-coff/3.4-GNUSH_v0501\libgcc.a(_mul_df.o) (__unpack_d)
c:/saturn/SH_COFF/sh-coff/bin/../lib/gcc/sh-coff/3.4-GNUSH_v0501\libgcc.a(_thenan_df.o)
                              c:/saturn/SH_COFF/sh-coff/bin/../lib/gcc/sh-coff/3.4-GNUSH_v0501\libgcc.a(_mul_df.o) (__thenan_df)
c:/saturn/SH_COFF/sh-coff/bin/../lib/gcc/sh-coff/3.4-GNUSH_v0501\libgcc.a(_muldi3.o)
                              c:/saturn/SH_COFF/sh-coff/bin/../lib/gcc/sh-coff/3.4-GNUSH_v0501\libgcc.a(_mul_df.o) (__muldi3)
c:/saturn/SH_COFF/sh-coff/bin/../lib/gcc/sh-coff/3.4-GNUSH_v0501\libgcc.a(_lshrdi3.o)
                              c:/saturn/SH_COFF/sh-coff/bin/../lib/gcc/sh-coff/3.4-GNUSH_v0501\libgcc.a(_df_to_si.o) (__lshrdi3)
c:/saturn/SH_COFF/sh-coff/bin/../lib/gcc/sh-coff/3.4-GNUSH_v0501\libgcc.a(_ashldi3.o)
                              c:/saturn/SH_COFF/sh-coff/bin/../lib/gcc/sh-coff/3.4-GNUSH_v0501\libgcc.a(_pack_df.o) (__ashldi3)
c:/saturn/SH_COFF/sh-coff/bin/../lib/gcc/sh-coff/3.4-GNUSH_v0501\libgcc.a(_mulsi3.o)
                              c:/saturn/SH_COFF/sh-coff/bin/../lib/gcc/sh-coff/3.4-GNUSH_v0501\libgcc.a(_muldi3.o) (__mulsi3)
c:/saturn/SH_COFF/sh-coff/bin/../lib/gcc/sh-coff/3.4-GNUSH_v0501\libgcc.a(_lshiftrt.o)
                              c:/saturn/SH_COFF/sh-coff/bin/../lib/gcc/sh-coff/3.4-GNUSH_v0501\libgcc.a(_lshrdi3.o) (__lshrsi3)
c:/saturn/SH_COFF/sh-coff/bin/../lib/gcc/sh-coff/3.4-GNUSH_v0501/../../../../sh-coff/lib\libc.a(memcpy.o)
                              scroll.o (memcpy)
c:/saturn/SH_COFF/sh-coff/bin/../lib/gcc/sh-coff/3.4-GNUSH_v0501/../../../../sh-coff/lib\libc.a(memset.o)
                              ../sbl6/segalib/lib/sega_spr.a(spr_2c.o) (memset)
c:/saturn/SH_COFF/sh-coff/bin/../lib/gcc/sh-coff/3.4-GNUSH_v0501/../../../../sh-coff/lib\libc.a(atexit.o)
                              c:/saturn/SH_COFF/sh-coff/bin/../lib/gcc/sh-coff/3.4-GNUSH_v0501\libgcc.a(__main.o) (atexit)
c:/saturn/SH_COFF/sh-coff/bin/../lib/gcc/sh-coff/3.4-GNUSH_v0501/../../../../sh-coff/lib\libc.a(impure.o)
                              c:/saturn/SH_COFF/sh-coff/bin/../lib/gcc/sh-coff/3.4-GNUSH_v0501/../../../../sh-coff/lib\libc.a(atexit.o) (_impure_ptr)
c:/saturn/SH_COFF/sh-coff/bin/../lib/gcc/sh-coff/3.4-GNUSH_v0501/../../../../sh-coff/lib\libc.a(malloc.o)
                              c:/saturn/SH_COFF/sh-coff/bin/../lib/gcc/sh-coff/3.4-GNUSH_v0501/../../../../sh-coff/lib\libc.a(atexit.o) (malloc)
c:/saturn/SH_COFF/sh-coff/bin/../lib/gcc/sh-coff/3.4-GNUSH_v0501/../../../../sh-coff/lib\libc.a(mallocr.o)
                              c:/saturn/SH_COFF/sh-coff/bin/../lib/gcc/sh-coff/3.4-GNUSH_v0501/../../../../sh-coff/lib\libc.a(malloc.o) (_malloc_r)
c:/saturn/SH_COFF/sh-coff/bin/../lib/gcc/sh-coff/3.4-GNUSH_v0501/../../../../sh-coff/lib\libc.a(freer.o)
                              c:/saturn/SH_COFF/sh-coff/bin/../lib/gcc/sh-coff/3.4-GNUSH_v0501/../../../../sh-coff/lib\libc.a(malloc.o) (_free_r)
c:/saturn/SH_COFF/sh-coff/bin/../lib/gcc/sh-coff/3.4-GNUSH_v0501/../../../../sh-coff/lib\libc.a(mlock.o)
                              c:/saturn/SH_COFF/sh-coff/bin/../lib/gcc/sh-coff/3.4-GNUSH_v0501/../../../../sh-coff/lib\libc.a(mallocr.o) (__malloc_lock)
c:/saturn/SH_COFF/sh-coff/bin/../lib/gcc/sh-coff/3.4-GNUSH_v0501/../../../../sh-coff/lib\libc.a(sbrkr.o)
                              c:/saturn/SH_COFF/sh-coff/bin/../lib/gcc/sh-coff/3.4-GNUSH_v0501/../../../../sh-coff/lib\libc.a(mallocr.o) (_sbrk_r)
c:/saturn/SH_COFF/sh-coff/bin/../lib/gcc/sh-coff/3.4-GNUSH_v0501/../../../../sh-coff/lib\libc.a(syscalls.o)
                              c:/saturn/SH_COFF/sh-coff/bin/../lib/gcc/sh-coff/3.4-GNUSH_v0501/../../../../sh-coff/lib\libc.a(sbrkr.o) (_sbrk)
c:/saturn/SH_COFF/sh-coff/bin/../lib/gcc/sh-coff/3.4-GNUSH_v0501/../../../../sh-coff/lib\libc.a(trap.o)
                              c:/saturn/SH_COFF/sh-coff/bin/../lib/gcc/sh-coff/3.4-GNUSH_v0501/../../../../sh-coff/lib\libc.a(syscalls.o) (__trap34)
c:/saturn/SH_COFF/sh-coff/bin/../lib/gcc/sh-coff/3.4-GNUSH_v0501/../../../../sh-coff/lib\libc.a(abort.o)
                              c:/saturn/SH_COFF/sh-coff/bin/../lib/gcc/sh-coff/3.4-GNUSH_v0501/../../../../sh-coff/lib\libc.a(syscalls.o) (abort)
c:/saturn/SH_COFF/sh-coff/bin/../lib/gcc/sh-coff/3.4-GNUSH_v0501/../../../../sh-coff/lib\libc.a(signal.o)
                              c:/saturn/SH_COFF/sh-coff/bin/../lib/gcc/sh-coff/3.4-GNUSH_v0501/../../../../sh-coff/lib\libc.a(abort.o) (raise)
c:/saturn/SH_COFF/sh-coff/bin/../lib/gcc/sh-coff/3.4-GNUSH_v0501/../../../../sh-coff/lib\libc.a(signalr.o)
                              c:/saturn/SH_COFF/sh-coff/bin/../lib/gcc/sh-coff/3.4-GNUSH_v0501/../../../../sh-coff/lib\libc.a(signal.o) (_kill_r)

Allocating common symbols
Common symbol       size              file

SclRbgKtbAddr       0x8               ../sbl6/segalib/lib/sega_scl.a(scl_func.o)
sprites             0x1c20            collision.o
SpMstCmd            0x4               ../sbl6/segalib/lib/sega_spr.a(spr_2c.o)
SclRb               0x1               ../sbl6/segalib/lib/sega_scl.a(scl_func.o)
Scl_flag            0x2               ../sbl6/segalib/lib/sega_scl.a(scl_func.o)
per_get_time_flg    0x1               ../sbl6/segalib/lib/sega_per.a(per_prt.o)
SpScreenY           0x4               ../sbl6/segalib/lib/sega_spr.a(spr_1c.o)
SclK_TableBuff      0xcd0             ../sbl6/segalib/lib/sega_scl.a(scl_func.o)
SclAutoEndBlue2     0x2               ../sbl6/segalib/lib/sega_scl.a(scl_pri.o)
SpFbcrMode          0x2               ../sbl6/segalib/lib/sega_spr.a(spr_1c.o)
Sp2OpenFlag         0x4               ../sbl6/segalib/lib/sega_spr.a(spr_2c.o)
SclColOffset        0x10              ../sbl6/segalib/lib/sega_scl.a(scl_pri.o)
SclAddrCsTbl        0x8               ../sbl6/segalib/lib/sega_scl.a(scl_func.o)
SclPriBuffDirty     0x1               ../sbl6/segalib/lib/sega_scl.a(scl_pri.o)
SclAutoEndRed       0x2               ../sbl6/segalib/lib/sega_scl.a(scl_pri.o)
player              0x24              player.o
SclAutoSurface      0x4               ../sbl6/segalib/lib/sega_scl.a(scl_pri.o)
__interrupt_vector  0x400             ../sbl6/segalib/lib/sega_int.a(int.o)
per_hot_res         0x1               ../sbl6/segalib/lib/sega_per.a(per_prt.o)
SclCsx              0x8               ../sbl6/segalib/lib/sega_scl.a(scl_ro00.o)
Scl_s_reg           0x28              ../sbl6/segalib/lib/sega_scl.a(scl_func.o)
SclAutoGreen        0x2               ../sbl6/segalib/lib/sega_scl.a(scl_pri.o)
SclAutoEndGreen     0x2               ../sbl6/segalib/lib/sega_scl.a(scl_pri.o)
SclAutoCount        0x4               ../sbl6/segalib/lib/sega_scl.a(scl_pri.o)
SpGourTblMax        0x4               ../sbl6/segalib/lib/sega_spr.a(spr_2c.o)
SclColRamAlloc256   0x20              ../sbl6/segalib/lib/sega_scl.a(scl_pri.o)
SclRotateXy         0x8               ../sbl6/segalib/lib/sega_scl.a(scl_func.o)
SpDrawPrtyBlk       0x4               ../sbl6/segalib/lib/sega_spr.a(spr_2c.o)
SclAutoCurRate      0x1               ../sbl6/segalib/lib/sega_scl.a(scl_pri.o)
SpLCoordX           0x4               ../sbl6/segalib/lib/sega_spr.a(spr_2c.o)
maps                0x10              scroll.o
SpMstDrawPrtyBlk    0x4               ../sbl6/segalib/lib/sega_spr.a(spr_2c.o)
SclAutoPlusFlag     0x1               ../sbl6/segalib/lib/sega_scl.a(scl_pri.o)
per_set_sys_flg     0x1               ../sbl6/segalib/lib/sega_per.a(per_prt.o)
Scl_d_reg           0x48              ../sbl6/segalib/lib/sega_scl.a(scl_func.o)
SclRotateDisp       0x8               ../sbl6/segalib/lib/sega_scl.a(scl_func.o)
SpGourTbl           0x4               ../sbl6/segalib/lib/sega_spr.a(spr_2c.o)
SclSpColMix         0x8               ../sbl6/segalib/lib/sega_scl.a(scl_pri.o)
SpDil               0x2               ../sbl6/segalib/lib/sega_spr.a(spr_1c.o)
SpLookupTblR        0x2               ../sbl6/segalib/lib/sega_spr.a(spr_2c.o)
SclAutoMax          0x4               ../sbl6/segalib/lib/sega_scl.a(scl_pri.o)
SpCmdTbl            0x4               ../sbl6/segalib/lib/sega_spr.a(spr_2c.o)
SclRotateMoveZ      0x8               ../sbl6/segalib/lib/sega_scl.a(scl_func.o)
SclLineColRamOffset
                    0x4               ../sbl6/segalib/lib/sega_scl.a(scl_pri.o)
SclRotXySw          0x4               ../sbl6/segalib/lib/sega_scl.a(scl_func.o)
per_get_time_adr    0x4               ../sbl6/segalib/lib/sega_per.a(per_prt.o)
SclColRamAlloc2048  0x4               ../sbl6/segalib/lib/sega_scl.a(scl_pri.o)
SclBgPriNum         0x6               ../sbl6/segalib/lib/sega_scl.a(scl_pri.o)
SpCharMax           0x4               ../sbl6/segalib/lib/sega_spr.a(spr_2c.o)
SpDrawPrtyProcFlag  0x4               ../sbl6/segalib/lib/sega_spr.a(spr_2c.o)
SclAutoEndBlue      0x2               ../sbl6/segalib/lib/sega_scl.a(scl_pri.o)
SpCmdNo             0x4               ../sbl6/segalib/lib/sega_spr.a(spr_2c.o)
SclAutoEndGreen2    0x2               ../sbl6/segalib/lib/sega_scl.a(scl_pri.o)
Scl_r_reg           0x10              ../sbl6/segalib/lib/sega_scl.a(scl_func.o)
SclRPMD             0x2               ../sbl6/segalib/lib/sega_scl.a(scl_func.o)
SpDrawPrtyBlkMax    0x4               ../sbl6/segalib/lib/sega_spr.a(spr_2c.o)
SpDie               0x2               ../sbl6/segalib/lib/sega_spr.a(spr_1c.o)
SclAutoVeFlag       0x1               ../sbl6/segalib/lib/sega_scl.a(scl_pri.o)
SclBgColMix         0x8               ../sbl6/segalib/lib/sega_scl.a(scl_pri.o)
text                0x460             print.o
SpSlvCmdPos         0x4               ../sbl6/segalib/lib/sega_spr.a(spr_2c.o)
per_get_sys_data    0xc               ../sbl6/segalib/lib/sega_per.a(per_prt.o)
SclRbgKtbOffset     0x8               ../sbl6/segalib/lib/sega_scl.a(scl_func.o)
SclAutoIndex        0x4               ../sbl6/segalib/lib/sega_scl.a(scl_pri.o)
SclAutoEndRate      0x1               ../sbl6/segalib/lib/sega_scl.a(scl_pri.o)
SpSlvDrawPrtyBlk    0x4               ../sbl6/segalib/lib/sega_spr.a(spr_2c.o)
_SclRotregBuff      0xd0              ../sbl6/segalib/lib/sega_scl.a(scl_func.o)
SclAutoBlue         0x2               ../sbl6/segalib/lib/sega_scl.a(scl_pri.o)
SpTvMode            0x2               ../sbl6/segalib/lib/sega_spr.a(spr_1c.o)
SpScreenX           0x4               ../sbl6/segalib/lib/sega_spr.a(spr_1c.o)
SclRa               0x1               ../sbl6/segalib/lib/sega_scl.a(scl_func.o)
SclRotateZ          0x8               ../sbl6/segalib/lib/sega_scl.a(scl_func.o)
SpCharTbl           0x4               ../sbl6/segalib/lib/sega_spr.a(spr_2c.o)
SclAddrLsTbl        0x8               ../sbl6/segalib/lib/sega_scl.a(scl_func.o)
SclK_TableNum       0x8               ../sbl6/segalib/lib/sega_scl.a(scl_func.o)
SclAutoRed          0x2               ../sbl6/segalib/lib/sega_scl.a(scl_pri.o)
SpCmdTblR           0x2               ../sbl6/segalib/lib/sega_spr.a(spr_2c.o)
SclAutoInterval     0x4               ../sbl6/segalib/lib/sega_scl.a(scl_pri.o)
SclOtherPri         0x10              ../sbl6/segalib/lib/sega_scl.a(scl_pri.o)
per_time_out_flg    0x1               ../sbl6/segalib/lib/sega_per.a(per_prt.o)
SclRotateTableAddress
                    0x4               ../sbl6/segalib/lib/sega_scl.a(scl_func.o)
SpMstCmdPos         0x4               ../sbl6/segalib/lib/sega_spr.a(spr_2c.o)
SpSlvCmd            0x4               ../sbl6/segalib/lib/sega_spr.a(spr_2c.o)
SclAutoRGB          0x600             ../sbl6/segalib/lib/sega_scl.a(scl_pri.o)
errno               0x4               c:/saturn/SH_COFF/sh-coff/bin/../lib/gcc/sh-coff/3.4-GNUSH_v0501/../../../../sh-coff/lib\libc.a(syscalls.o)
SclK_TableFlag      0x4               ../sbl6/segalib/lib/sega_scl.a(scl_func.o)
SclAutoEndRed2      0x2               ../sbl6/segalib/lib/sega_scl.a(scl_pri.o)
SclCsy              0x8               ../sbl6/segalib/lib/sega_scl.a(scl_ro00.o)
SclSpPriNum         0x8               ../sbl6/segalib/lib/sega_scl.a(scl_pri.o)
Scl_w_reg           0x20              ../sbl6/segalib/lib/sega_scl.a(scl_func.o)
SpLCoordY           0x4               ../sbl6/segalib/lib/sega_spr.a(spr_2c.o)
Scl_n_reg           0x40              ../sbl6/segalib/lib/sega_scl.a(scl_func.o)

Memory Configuration

Name             Origin             Length             Attributes
*default*        0x00000000         0xffffffff

Linker script and memory map

LOAD ../sbl6/segasmp/lib/strt1_g.o
LOAD ../sbl6/segasmp/lib/strt2_g.o
LOAD vblank.o
LOAD ../sbl6/segasmp/per/smpclib/per_x1.o
LOAD ../sbl6/segasmp/per/smpclib/per_x2.o
LOAD ../sbl6/segasmp/per/smpclib/per_x3.o
LOAD collision.o
LOAD graphics.o
LOAD player.o
LOAD print.o
LOAD sprite.o
LOAD scroll.o
LOAD main.o
LOAD ../sbl6/segalib/lib/sega_int.a
LOAD ../sbl6/segalib/lib/sega_spr.a
LOAD ../sbl6/segalib/lib/sega_scl.a
LOAD ../sbl6/segalib/lib/sega_mth.a
LOAD ../sbl6/segalib/lib/sega_cdc.a
LOAD ../sbl6/segalib/lib/sega_adp.a
LOAD ../sbl6/segalib/lib/sega_per.a
LOAD ../sbl6/segalib/lib/sega_sat.a
LOAD c:/saturn/SH_COFF/sh-coff/bin/../lib/gcc/sh-coff/3.4-GNUSH_v0501\libgcc.a
LOAD c:/saturn/SH_COFF/sh-coff/bin/../lib/gcc/sh-coff/3.4-GNUSH_v0501/../../../../sh-coff/lib\libc.a
LOAD c:/saturn/SH_COFF/sh-coff/bin/../lib/gcc/sh-coff/3.4-GNUSH_v0501\libgcc.a

.text           0x06010000    0x18880
 *(.text)
 .text          0x06010000       0x30 ../sbl6/segasmp/lib/strt1_g.o
                0x06010024                _D_END
                0x06010020                _D_BGN
                0x0601002c                _B_END
                0x06010028                _B_BGN
                0x06010000                START
 .text          0x06010030       0x60 ../sbl6/segasmp/lib/strt2_g.o
                0x06010050                _INITSCT
                0x06010030                _INIT
 .text          0x06010090      0x190 vblank.o
                0x06010090                SetVblank
                0x06010120                UsrVblankOut
                0x060100f0                UsrVblankIn
 .text          0x06010220      0x430 ../sbl6/segasmp/per/smpclib/per_x1.o
                0x060105b4                PER_GetAnalogXYZ
                0x06010244                PER_GetTriggerHandler
                0x060104de                PER_GetEdge
                0x0601045c                PER_GetTrigger
                0x06010508                PER_GetPressEdge
                0x0601055c                PER_GetReleaseEdge
                0x06010220                PER_SetTriggerHandler
 .text          0x06010650      0x200 ../sbl6/segasmp/per/smpclib/per_x2.o
                0x06010754                PER_GetDeviceA
                0x06010650                PER_OpenPort
                0x06010688                PER_GetPort
                0x060107ce                PER_GetDeviceR
 .text          0x06010850       0x20 ../sbl6/segasmp/per/smpclib/per_x3.o
                0x06010850                PER_DisguiseTrigger
 .text          0x06010870      0xd30 collision.o
                0x06011510                collision_detect_up_right
                0x060108e0                collision_detect_down
                0x06011540                collision_detect_down_left
                0x06010bf0                collision_detect_left
                0x06011570                collision_detect_down_right
                0x06010870                floor_tiles
                0x06010ee0                collision_detect_up
                0x060114e0                collision_detect_up_left
                0x060111d0                collision_detect_right
 .text          0x060115a0     0xbe50 graphics.o
                0x0601cfec                font3
                0x0601d2ec                font0
                0x060115a0                map2
                0x0601c1ec                guy0
                0x0601c9ec                font9
                0x0601a1ec                guyback1
                0x060135a0                map1
                0x0601a9ec                guyback0
                0x0601ceec                font4
                0x0601ccec                font6
                0x0601d1ec                font1
                0x0601b9ec                guy1
                0x060155a0                wood_chr
                0x060191ec                guyside0
                0x06017da0                wood_pal
                0x0601cbec                font7
                0x060199ec                guyback2
                0x060189ec                guyside1
                0x060181ec                guyside2
                0x0601d0ec                font2
                0x0601cdec                font5
                0x0601b1ec                guy2
                0x060181a0                dimensions
                0x0601caec                font8
 .text          0x0601d3f0      0x470 player.o
                0x0601d3f0                player_side
                0x0601d400                player_down
                0x0601d3f8                player_up
                0x0601d408                states
                0x0601d550                player_input
                0x0601d430                player_init
                0x0601d7d0                player_draw
                0x0601d470                player_animate
 .text          0x0601d860      0x130 print.o
                0x0601d8f0                print_display
                0x0601d8a0                print_num
                0x0601d860                print_init
 .text          0x0601d990      0x360 sprite.o
                0x0601dbf0                sprite_make
                0x0601dc60                sprite_next
                0x0601dcc0                sprite_delete
                0x0601d990                sprite_draw
 .text          0x0601dcf0      0x710 scroll.o
                0x0601def0                scroll_move
                0x0601e070                scroll_get
                0x0601e0b0                scroll_copy
                0x0601e000                scroll_set
                0x0601dcf0                scroll_init
                0x0601e030                scroll_scale
 .text          0x0601e400      0x140 main.o
                0x0601e400                main
 .text          0x0601e540       0x40 ../sbl6/segalib/lib/sega_int.a(int.o)
                0x0601e56c                INT_GetScuFunc
                0x0601e540                INT_SetScuFunc
 .text          0x0601e580      0x624 ../sbl6/segalib/lib/sega_int.a(int_trmp.o)
                0x0601e6e8                __interrupt_handler60
                0x0601e898                __interrupt_handler132
                0x0601ea4e                __interrupt_handler205
                0x0601e8b6                __interrupt_handler137
                0x0601e7e4                __interrupt_handler102
                0x0601e622                __interrupt_handler27
                0x0601ea24                __interrupt_handler198
                0x0601e916                __interrupt_handler153
                0x0601e5fe                __interrupt_handler21
                0x0601e70c                __interrupt_handler66
                0x0601e7fc                __interrupt_handler106
                0x0601e946                __interrupt_handler161
                0x0601e790                __interrupt_handler88
                0x0601e95e                __interrupt_handler165
                0x0601e86e                __interrupt_handler125
                0x0601e5a4                __interrupt_handler6
                0x0601e640                __interrupt_handler32
                0x0601e9fa                __interrupt_handler191
                0x0601eb14                __interrupt_handler238
                0x0601eb2c                __interrupt_handler242
                0x0601e934                __interrupt_handler158
                0x0601e79c                __interrupt_handler90
                0x0601e958                __interrupt_handler164
                0x0601e67c                __interrupt_handler42
                0x0601e9be                __interrupt_handler181
                0x0601eac6                __interrupt_handler225
                0x0601eb6e                __interrupt_handler253
                0x0601e982                __interrupt_handler171
                0x0601e73c                __interrupt_handler74
                0x0601e592                __interrupt_handler3
                0x0601e6d6                __interrupt_handler57
                0x0601e5d4                __interrupt_handler14
                0x0601ea6c                __interrupt_handler210
                0x0601ea9c                __interrupt_handler218
                0x0601ea60                __interrupt_handler208
                0x0601e664                __interrupt_handler38
                0x0601e580                __interrupt_handler0
                0x0601e7f0                __interrupt_handler104
                0x0601e92e                __interrupt_handler157
                0x0601ea7e                __interrupt_handler213
                0x0601e970                __interrupt_handler168
                0x0601e77e                __interrupt_handler85
                0x0601e81a                __interrupt_handler111
                0x0601e82c                __interrupt_handler114
                0x0601e69a                __interrupt_handler47
                0x0601eaf0                __interrupt_handler232
                0x0601eaba                __interrupt_handler223
                0x0601eb0e                __interrupt_handler237
                0x0601e6fa                __interrupt_handler63
                0x0601e688                __interrupt_handler44
                0x0601e99a                __interrupt_handler175
                0x0601e9c4                __interrupt_handler182
                0x0601e9dc                __interrupt_handler186
                0x0601e8da                __interrupt_handler143
                0x0601e802                __interrupt_handler107
                0x0601e868                __interrupt_handler124
                0x0601e988                __interrupt_handler172
                0x0601eb3e                __interrupt_handler245
                0x0601e7ba                __interrupt_handler95
                0x0601e892                __interrupt_handler131
                0x0601e8a4                __interrupt_handler134
                0x0601e8c2                __interrupt_handler139
                0x0601e730                __interrupt_handler72
                0x0601eaea                __interrupt_handler231
                0x0601e940                __interrupt_handler160
                0x0601e886                __interrupt_handler129
                0x0601e5f8                __interrupt_handler20
                0x0601e706                __interrupt_handler65
                0x0601e6d0                __interrupt_handler56
                0x0601e5ce                __interrupt_handler13
                0x0601ea66                __interrupt_handler209
                0x0601e820                __interrupt_handler112
                0x0601e5f2                __interrupt_handler19
                0x0601e7ae                __interrupt_handler93
                0x0601ea18                __interrupt_handler196
                0x0601e90a                __interrupt_handler151
                0x0601e96a                __interrupt_handler167
                0x0601eb80                __trampoline
                0x0601e5e6                __interrupt_handler17
                0x0601ead8                __interrupt_handler228
                0x0601eb7a                __interrupt_handler255
                0x0601eb38                __interrupt_handler244
                0x0601e7d2                __interrupt_handler99
                0x0601e9ca                __interrupt_handler183
                0x0601e8c8                __interrupt_handler140
                0x0601e9ee                __interrupt_handler189
                0x0601e8ec                __interrupt_handler146
                0x0601eab4                __interrupt_handler222
                0x0601e928                __interrupt_handler156
                0x0601e85c                __interrupt_handler122
                0x0601eb50                __interrupt_handler248
                0x0601e6a0                __interrupt_handler48
                0x0601e71e                __interrupt_handler69
                0x0601e610                __interrupt_handler24
                0x0601e796                __interrupt_handler89
                0x0601ea8a                __interrupt_handler215
                0x0601eb74                __interrupt_handler254
                0x0601e78a                __interrupt_handler87
                0x0601e6ee                __interrupt_handler61
                0x0601ea12                __interrupt_handler195
                0x0601e904                __interrupt_handler150
                0x0601e676                __interrupt_handler41
                0x0601e814                __interrupt_handler110
                0x0601e87a                __interrupt_handler127
                0x0601e808                __interrupt_handler108
                0x0601e826                __interrupt_handler113
                0x0601e838                __interrupt_handler116
                0x0601e856                __interrupt_handler121
                0x0601e74e                __interrupt_handler77
                0x0601e66a                __interrupt_handler39
                0x0601e682                __interrupt_handler43
                0x0601eb56                __interrupt_handler249
                0x0601e994                __interrupt_handler174
                0x0601e8b0                __interrupt_handler136
                0x0601e9e8                __interrupt_handler188
                0x0601e8e6                __interrupt_handler145
                0x0601e5b6                __interrupt_handler9
                0x0601e75a                __interrupt_handler79
                0x0601ead2                __interrupt_handler227
                0x0601e64c                __interrupt_handler34
                0x0601e88c                __interrupt_handler130
                0x0601eb4a                __interrupt_handler247
                0x0601e742                __interrupt_handler75
                0x0601e98e                __interrupt_handler173
                0x0601e6be                __interrupt_handler53
                0x0601e8fe                __interrupt_handler149
                0x0601eb62                __interrupt_handler251
                0x0601eaf6                __interrupt_handler233
                0x0601e5bc                __interrupt_handler10
                0x0601ea48                __interrupt_handler204
                0x0601e76c                __interrupt_handler82
                0x0601e772                __interrupt_handler83
                0x0601e616                __interrupt_handler25
                0x0601eb32                __interrupt_handler243
                0x0601e94c                __interrupt_handler162
                0x0601e694                __interrupt_handler46
                0x0601e9ac                __interrupt_handler178
                0x0601e760                __interrupt_handler80
                0x0601e6f4                __interrupt_handler62
                0x0601e58c                __interrupt_handler2
                0x0601e62e                __interrupt_handler29
                0x0601e724                __interrupt_handler70
                0x0601e80e                __interrupt_handler109
                0x0601e8f8                __interrupt_handler148
                0x0601e7b4                __interrupt_handler94
                0x0601eac0                __interrupt_handler224
                0x0601e7ea                __interrupt_handler103
                0x0601e658                __interrupt_handler36
                0x0601e874                __interrupt_handler126
                0x0601eb44                __interrupt_handler246
                0x0601e6ca                __interrupt_handler55
                0x0601e5c8                __interrupt_handler12
                0x0601e6b8                __interrupt_handler52
                0x0601e9e2                __interrupt_handler187
                0x0601e8e0                __interrupt_handler144
                0x0601e83e                __interrupt_handler117
                0x0601e5ec                __interrupt_handler18
                0x0601ea1e                __interrupt_handler197
                0x0601e910                __interrupt_handler152
                0x0601e844                __interrupt_handler118
                0x0601e97c                __interrupt_handler170
                0x0601ea36                __interrupt_handler201
                0x0601e7c6                __interrupt_handler97
                0x0601e952                __interrupt_handler163
                0x0601e9b8                __interrupt_handler180
                0x0601ea00                __interrupt_handler192
                0x0601eb20                __interrupt_handler240
                0x0601e862                __interrupt_handler123
                0x0601ea84                __interrupt_handler214
                0x0601e63a                __interrupt_handler31
                0x0601e628                __interrupt_handler28
                0x0601e712                __interrupt_handler67
                0x0601e718                __interrupt_handler68
                0x0601e604                __interrupt_handler22
                0x0601e60a                __interrupt_handler23
                0x0601e9a0                __interrupt_handler176
                0x0601e5aa                __interrupt_handler7
                0x0601eaae                __interrupt_handler221
                0x0601ea96                __interrupt_handler217
                0x0601eade                __interrupt_handler229
                0x0601e6a6                __interrupt_handler49
                0x0601e598                __interrupt_handler4
                0x0601e670                __interrupt_handler40
                0x0601e832                __interrupt_handler115
                0x0601eb02                __interrupt_handler235
                0x0601e7a2                __interrupt_handler91
                0x0601ea54                __interrupt_handler206
                0x0601e9a6                __interrupt_handler177
                0x0601e8f2                __interrupt_handler147
                0x0601e65e                __interrupt_handler37
                0x0601eb5c                __interrupt_handler250
                0x0601e586                __interrupt_handler1
                0x0601eaa2                __interrupt_handler219
                0x0601e748                __interrupt_handler76
                0x0601e7d8                __interrupt_handler100
                0x0601e6dc                __interrupt_handler58
                0x0601e5da                __interrupt_handler15
                0x0601ea78                __interrupt_handler212
                0x0601eb26                __interrupt_handler241
                0x0601ea3c                __interrupt_handler202
                0x0601ea06                __interrupt_handler193
                0x0601e754                __interrupt_handler78
                0x0601e6ac                __interrupt_handler50
                0x0601e646                __interrupt_handler33
                0x0601e964                __interrupt_handler166
                0x0601e8bc                __interrupt_handler138
                0x0601e8aa                __interrupt_handler135
                0x0601e634                __interrupt_handler30
                0x0601e9d0                __interrupt_handler184
                0x0601e8ce                __interrupt_handler141
                0x0601eae4                __interrupt_handler230
                0x0601eb08                __interrupt_handler236
                0x0601e84a                __interrupt_handler119
                0x0601e784                __interrupt_handler86
                0x0601e7f6                __interrupt_handler105
                0x0601e766                __interrupt_handler81
                0x0601e850                __interrupt_handler120
                0x0601e880                __interrupt_handler128
                0x0601e6c4                __interrupt_handler54
                0x0601e5c2                __interrupt_handler11
                0x0601ea2a                __interrupt_handler199
                0x0601e91c                __interrupt_handler154
                0x0601e68e                __interrupt_handler45
                0x0601ea90                __interrupt_handler216
                0x0601ea42                __interrupt_handler203
                0x0601e7de                __interrupt_handler101
                0x0601e778                __interrupt_handler84
                0x0601e9d6                __interrupt_handler185
                0x0601e8d4                __interrupt_handler142
                0x0601e61c                __interrupt_handler26
                0x0601e700                __interrupt_handler64
                0x0601ea30                __interrupt_handler200
                0x0601ea5a                __interrupt_handler207
                0x0601ea0c                __interrupt_handler194
                0x0601e7a8                __interrupt_handler92
                0x0601e922                __interrupt_handler155
                0x0601ea72                __interrupt_handler211
                0x0601e89e                __interrupt_handler133
                0x0601e59e                __interrupt_handler5
                0x0601e736                __interrupt_handler73
                0x0601e5e0                __interrupt_handler16
                0x0601eb1a                __interrupt_handler239
                0x0601eafc                __interrupt_handler234
                0x0601e652                __interrupt_handler35
                0x0601e6e2                __interrupt_handler59
                0x0601e976                __interrupt_handler169
                0x0601e7cc                __interrupt_handler98
                0x0601e72a                __interrupt_handler71
                0x0601e6b2                __interrupt_handler51
                0x0601e93a                __interrupt_handler159
                0x0601eacc                __interrupt_handler226
                0x0601e7c0                __interrupt_handler96
                0x0601e9f4                __interrupt_handler190
                0x0601eaa8                __interrupt_handler220
                0x0601e5b0                __interrupt_handler8
                0x0601e9b2                __interrupt_handler179
                0x0601eb68                __interrupt_handler252
 *fill*         0x0601eba4        0xc 00
 .text          0x0601ebb0     0x12a0 ../sbl6/segalib/lib/sega_spr.a(spr_2c.o)
                0x0601fe10                SlaveFlushDrawPrtyBlock
                0x0601ebb0                SPR_2Initial
                0x0601f3f4                SPR_2SysClip
                0x0601f394                SPR_2LocalCoord
                0x0601fc8c                SPR_2FlushDrawPrtyBlock
                0x0601f978                SPR_2DistSpr
                0x0601f37c                SPR_2FlushDrawPrty
                0x0601fa9c                SPR_2Cmd
                0x0601f078                SPR_2GourTblNoToVram
                0x0601f0d8                SPR_2GetAreaSizeInfo
                0x0601ee40                SPR_2SetGourTbl
                0x0601f62c                SPR_2Polygon
                0x0601f0b4                SPR_2CharNoToVram
                0x0601edc0                SPR_2SetTvMode
                0x0601f21c                SPR_2CloseCommand
                0x0601edfc                SPR_2FrameEraseData
                0x0601ebd8                SPR_2Initial2
                0x0601f80c                SPR_2ScaleSpr
                0x0601f49c                SPR_2Line
                0x0601f168                SPR_2OpenCommand
                0x0601eddc                SPR_2FrameChgIntr
                0x0601f6e8                SPR_2NormSpr
                0x0601ee70                SPR_2SetLookupTbl
                0x0601eea4                SPR_2SetChar
                0x0601f09c                SPR_2LookupTblNoToVram
                0x0601f570                SPR_2PolyLine
                0x0601f010                SPR_2ClrAllChar
                0x0601efc4                SPR_2ClrChar
                0x0601f440                SPR_2UserClip
 .text          0x0601fe50      0x1e6 ../sbl6/segalib/lib/sega_spr.a(spr_slv.o)
                0x0601ffb4                SPR_WaitEndSlaveSH
                0x0601fe50                SPR_SMPC_SSHON
                0x0601ff90                SPR_RunSlaveSH
                0x0601fe54                SPR_InitSlaveSH
                0x0601ff1c                SPR_SlaveSHmain
                0x0601fe51                SPR_SMPC_SSHOFF
 *fill*         0x06020036        0xa 00
 .text          0x06020040      0x36a ../sbl6/segalib/lib/sega_spr.a(spr_1c.o)
                0x060202f4                SPR_WaitDrawEnd
                0x0602030c                SPR_SetEosMode
                0x06020224                SPR_SetEraseData
                0x06020040                SPR_Initial
                0x06020118                SPR_SetTvMode
                0x060201b0                SPR_GetStatus
 *fill*         0x060203aa        0x6 00
 .text          0x060203b0      0x244 ../sbl6/segalib/lib/sega_spr.a(spr_2a.o)
                0x060203c2                sprMemCpyW
                0x06020420                flushDrawPrtyBlock
                0x060203b0                sprMemCpyL
                0x060203d4                SPR_2SetDrawPrty
 *fill*         0x060205f4        0xc 00
 .text          0x06020600      0x2fc ../sbl6/segalib/lib/sega_scl.a(scl_vblv.o)
                0x060206bc                SCL_DisplayFrame
                0x06020600                SCL_SetFrameInterval
                0x060206f0                SCL_VblInit
                0x06020740                SCL_VblankStart
                0x06020784                SCL_VblankEnd
 *fill*         0x060208fc        0x4 00
 .text          0x06020900      0xb9c ../sbl6/segalib/lib/sega_scl.a(scl_func.o)
                0x060212dc                SCL_Vdp2_SGLInit
                0x060211ec                SCL_PriIntProc
                0x06021164                SCL_Memcpyw
                0x0602147c                SCL_SglOff
                0x0602145c                SCL_SglOn
                0x060210d0                SCL_ScrollShow
                0x06020b78                SCL_Close
                0x06020e70                SCL_Scale
                0x06020900                SCL_Vdp2Init
                0x06020ce4                SCL_Move
                0x06020fac                SCL_CopyReg
                0x06020b54                SCL_Open
                0x06020984                SCL_ParametersInit
                0x06020b94                SCL_MoveTo
                0x0602118c                SCL_SetColRamMode
 *fill*         0x0602149c        0x4 00
 .text          0x060214a0      0x138 ../sbl6/segalib/lib/sega_scl.a(scl_pr03.o)
                0x060214a0                SCL_FreeColRam
                0x060214d8                SCL_AllocColRam
 *fill*         0x060215d8        0x8 00
 .text          0x060215e0       0x9c ../sbl6/segalib/lib/sega_scl.a(scl_pr02.o)
                0x060215e0                SCL_SetColRam
 *fill*         0x0602167c        0x4 00
 .text          0x06021680       0x84 ../sbl6/segalib/lib/sega_scl.a(scl_back.o)
                0x06021680                SCL_SetBack
 *fill*         0x06021704        0xc 00
 .text          0x06021710      0x94c ../sbl6/segalib/lib/sega_scl.a(scl_fu03.o)
                0x0602176c                SCL_SetConfig
                0x06021710                SCL_InitConfigTb
 *fill*         0x0602205c        0x4 00
 .text          0x06022060      0x4f4 ../sbl6/segalib/lib/sega_scl.a(scl_fu02.o)
                0x06022098                SCL_SetVramConfig
                0x06022060                SCL_InitVramConfigTb
 *fill*         0x06022554        0xc 00
 .text          0x06022560       0x28 ../sbl6/segalib/lib/sega_scl.a(scl_fu04.o)
                0x06022560                SCL_SetCycleTable
 *fill*         0x06022588        0x8 00
 .text          0x06022590      0x214 ../sbl6/segalib/lib/sega_scl.a(scl_pr07.o)
                0x06022590                SCL_SetPriority
 *fill*         0x060227a4        0xc 00
 .text          0x060227b0       0x58 ../sbl6/segalib/lib/sega_scl.a(scl_pr01.o)
                0x060227b0                SCL_SetSpriteMode
 *fill*         0x06022808        0x8 00
 .text          0x06022810     0x10a4 ../sbl6/segalib/lib/sega_scl.a(scl_pri.o)
                0x060228a4                SCL_AbortAutoVe
                0x06023754                SCL_SetShadowBit
                0x06022d1c                SCL_AutoExec
                0x06022810                SCL_PriorityInit
                0x06023230                SCL_IncColOffset
                0x060228b8                SCL_SetColMixRate
                0x06022888                SCL_GetColRamMode
 *fill*         0x060238b4        0xc 00
 .text          0x060238c0     0x1394 ../sbl6/segalib/lib/sega_scl.a(scl_ro00.o)
                0x06024aac                SCL_RotateZD
                0x06023d74                SCL_Rotate
                0x06023a48                SCL_InitRotateTable
 *fill*         0x06024c54        0xc 00
 .text          0x06024c60      0x1b4 ../sbl6/segalib/lib/sega_scl.a(scl_pr06.o)
                0x06024c60                SCL_SetColRamOffset
 *fill*         0x06024e14        0xc 00
 .text          0x06024e20       0xac ../sbl6/segalib/lib/sega_scl.a(scl_pr05.o)
                0x06024e20                SCL_GetColRamOffset
 *fill*         0x06024ecc        0x4 00
 .text          0x06024ed0       0xa4 ../sbl6/segalib/lib/sega_mth.a(mth_fixd.o)
                0x06024f20                MTH_FixedToInt
                0x06024f10                MTH_IntToFixed
                0x06024ed0                MTH_Mul
                0x06024f30                MTH_Product
                0x06024ef0                MTH_Div
 *fill*         0x06024f74        0xc 00
 .text          0x06024f80      0x600 ../sbl6/segalib/lib/sega_mth.a(mth_tri.o)
                0x0602501c                fcos
                0x06025022                fsin
                0x06024fcc                MTH_Cos
                0x06024f80                MTH_Sin
                0x060251c0                MTH_Atan
 .text          0x06025580      0xf50 ../sbl6/segalib/lib/sega_per.a(per_prt.o)
                0x060259a0                PER_IntFunc
                0x06025798                PER_LGetPer
                0x06025580                PER_LInit
 .text          0x060264d0      0x1f4 ../sbl6/segalib/lib/sega_sat.a(DMA_SCU1.o)
                0x0602662c                DMA_ScuResult
                0x060264d0                DMA_ScuInit
                0x06026520                DMA_ScuMemCopy
 *fill*         0x060266c4        0xc 00
 .text          0x060266d0      0x308 ../sbl6/segalib/lib/sega_sat.a(DMA_SCU0.o)
                0x06026754                DMA_ScuStart
                0x06026888                DMA_ScuIntFunc0
                0x060268f8                DMA_ScuIntFunc1
                0x06026968                DMA_ScuIntFunc2
                0x06026848                DMA_ScuGetStatus
                0x060266d0                DMA_ScuSetPrm
 *fill*         0x060269d8        0x8 00
 .text          0x060269e0       0xe8 ../sbl6/segalib/lib/sega_sat.a(csh_main.o)
                0x060269e0                CSH_Init
                0x06026a48                CSH_AllClr
                0x06026a94                CSH_Purge
 *fill*         0x06026ac8        0x8 00
 .text          0x06026ad0       0x90 c:/saturn/SH_COFF/sh-coff/bin/../lib/gcc/sh-coff/3.4-GNUSH_v0501\libgcc.a(_ashiftlt.o)
                0x06026ad0                __ashlsi3
 .text          0x06026b60       0xa0 c:/saturn/SH_COFF/sh-coff/bin/../lib/gcc/sh-coff/3.4-GNUSH_v0501\libgcc.a(__main.o)
                0x06026bd4                __main
                0x06026b60                __do_global_dtors
                0x06026b94                __do_global_ctors
 .text          0x06026c00       0x70 c:/saturn/SH_COFF/sh-coff/bin/../lib/gcc/sh-coff/3.4-GNUSH_v0501\libgcc.a(_udivsi3.o)
                0x06026c22                __udivsi3
 .text          0x06026c70       0x60 c:/saturn/SH_COFF/sh-coff/bin/../lib/gcc/sh-coff/3.4-GNUSH_v0501\libgcc.a(_ashiftrt.o)
                0x06026c7c                __ashiftrt_r4_27
                0x06026cb0                __ashiftrt_r4_6
                0x06026ca0                __ashiftrt_r4_14
                0x06026c92                __ashiftrt_r4_19
                0x06026caa                __ashiftrt_r4_9
                0x06026cbe                __ashiftrt_r4_0
                0x06026c70                __ashiftrt_r4_31
                0x06026c7e                __ashiftrt_r4_26
                0x06026c8c                __ashiftrt_r4_22
                0x06026c98                __ashiftrt_r4_16
                0x06026ca4                __ashiftrt_r4_12
                0x06026c78                __ashiftrt_r4_29
                0x06026c96                __ashiftrt_r4_17
                0x06026c76                __ashiftrt_r4_30
                0x06026cb2                __ashiftrt_r4_5
                0x06026cac                __ashiftrt_r4_8
                0x06026c70                __ashiftrt_r4_32
                0x06026c80                __ashiftrt_r4_25
                0x06026cb8                __ashiftrt_r4_2
                0x06026c82                __ashiftrt_r4_24
                0x06026c9e                __ashiftrt_r4_15
                0x06026ca8                __ashiftrt_r4_10
                0x06026cba                __ashiftrt_r4_1
                0x06026c7a                __ashiftrt_r4_28
                0x06026c90                __ashiftrt_r4_20
                0x06026cae                __ashiftrt_r4_7
                0x06026ca2                __ashiftrt_r4_13
                0x06026ca6                __ashiftrt_r4_11
                0x06026cb4                __ashiftrt_r4_4
                0x06026c8a                __ashiftrt_r4_23
                0x06026c94                __ashiftrt_r4_18
                0x06026c8e                __ashiftrt_r4_21
                0x06026cb6                __ashiftrt_r4_3
 .text          0x06026cd0       0xb0 c:/saturn/SH_COFF/sh-coff/bin/../lib/gcc/sh-coff/3.4-GNUSH_v0501\libgcc.a(_si_to_df.o)
                0x06026cd0                __floatsidf
 .text          0x06026d80      0x2e0 c:/saturn/SH_COFF/sh-coff/bin/../lib/gcc/sh-coff/3.4-GNUSH_v0501\libgcc.a(_mul_df.o)
                0x06026d90                __muldf3
 .text          0x06027060       0x80 c:/saturn/SH_COFF/sh-coff/bin/../lib/gcc/sh-coff/3.4-GNUSH_v0501\libgcc.a(_df_to_si.o)
                0x06027060                __fixdfsi
 .text          0x060270e0      0x220 c:/saturn/SH_COFF/sh-coff/bin/../lib/gcc/sh-coff/3.4-GNUSH_v0501\libgcc.a(_pack_df.o)
                0x060270f0                __pack_d
 .text          0x06027300      0x120 c:/saturn/SH_COFF/sh-coff/bin/../lib/gcc/sh-coff/3.4-GNUSH_v0501\libgcc.a(_unpack_df.o)
                0x06027310                __unpack_d
 .text          0x06027420       0x20 c:/saturn/SH_COFF/sh-coff/bin/../lib/gcc/sh-coff/3.4-GNUSH_v0501\libgcc.a(_thenan_df.o)
                0x06027420                __thenan_df
 .text          0x06027440       0xd0 c:/saturn/SH_COFF/sh-coff/bin/../lib/gcc/sh-coff/3.4-GNUSH_v0501\libgcc.a(_muldi3.o)
                0x06027440                __muldi3
 .text          0x06027510       0x80 c:/saturn/SH_COFF/sh-coff/bin/../lib/gcc/sh-coff/3.4-GNUSH_v0501\libgcc.a(_lshrdi3.o)
                0x06027510                __lshrdi3
 .text          0x06027590       0x80 c:/saturn/SH_COFF/sh-coff/bin/../lib/gcc/sh-coff/3.4-GNUSH_v0501\libgcc.a(_ashldi3.o)
                0x06027590                __ashldi3
 .text          0x06027610       0x30 c:/saturn/SH_COFF/sh-coff/bin/../lib/gcc/sh-coff/3.4-GNUSH_v0501\libgcc.a(_mulsi3.o)
                0x06027610                __mulsi3
 .text          0x06027640       0x90 c:/saturn/SH_COFF/sh-coff/bin/../lib/gcc/sh-coff/3.4-GNUSH_v0501\libgcc.a(_lshiftrt.o)
                0x06027640                __lshrsi3
 .text          0x060276d0       0xa0 c:/saturn/SH_COFF/sh-coff/bin/../lib/gcc/sh-coff/3.4-GNUSH_v0501/../../../../sh-coff/lib\libc.a(memcpy.o)
                0x060276d0                memcpy
 .text          0x06027770       0x40 c:/saturn/SH_COFF/sh-coff/bin/../lib/gcc/sh-coff/3.4-GNUSH_v0501/../../../../sh-coff/lib\libc.a(memset.o)
                0x06027770                memset
 .text          0x060277b0       0x90 c:/saturn/SH_COFF/sh-coff/bin/../lib/gcc/sh-coff/3.4-GNUSH_v0501/../../../../sh-coff/lib\libc.a(atexit.o)
                0x060277b0                atexit
 .text          0x06027840       0x10 c:/saturn/SH_COFF/sh-coff/bin/../lib/gcc/sh-coff/3.4-GNUSH_v0501/../../../../sh-coff/lib\libc.a(impure.o)
                0x06027840                _global_impure_ptr
 .text          0x06027850       0x40 c:/saturn/SH_COFF/sh-coff/bin/../lib/gcc/sh-coff/3.4-GNUSH_v0501/../../../../sh-coff/lib\libc.a(malloc.o)
                0x0602786c                free
                0x06027850                malloc
 .text          0x06027890      0x5b0 c:/saturn/SH_COFF/sh-coff/bin/../lib/gcc/sh-coff/3.4-GNUSH_v0501/../../../../sh-coff/lib\libc.a(mallocr.o)
                0x06027890                _malloc_r
 .text          0x06027e40      0x340 c:/saturn/SH_COFF/sh-coff/bin/../lib/gcc/sh-coff/3.4-GNUSH_v0501/../../../../sh-coff/lib\libc.a(freer.o)
                0x06027e40                _malloc_trim_r
                0x06027f34                _free_r
 .text          0x06028180       0x20 c:/saturn/SH_COFF/sh-coff/bin/../lib/gcc/sh-coff/3.4-GNUSH_v0501/../../../../sh-coff/lib\libc.a(mlock.o)
                0x06028180                __malloc_lock
                0x0602818c                __malloc_unlock
 .text          0x060281a0       0x50 c:/saturn/SH_COFF/sh-coff/bin/../lib/gcc/sh-coff/3.4-GNUSH_v0501/../../../../sh-coff/lib\libc.a(sbrkr.o)
                0x060281a0                _sbrk_r
 .text          0x060281f0      0x380 c:/saturn/SH_COFF/sh-coff/bin/../lib/gcc/sh-coff/3.4-GNUSH_v0501/../../../../sh-coff/lib\libc.a(syscalls.o)
                0x0602835c                _exit
                0x06028390                _getpid
                0x060283f8                _utime
                0x06028228                _write
                0x060281f0                _read
                0x06028344                _unlink
                0x0602830c                _open
                0x060283a8                _stat
                0x06028350                isatty
                0x06028428                _wait
                0x06028374                _kill
                0x060283c4                _chmod
                0x06028458                _execv
                0x0602843c                _execve
                0x06028534                __setup_argv_and_call_main
                0x06028490                _gettimeofday
                0x0602825c                _link
                0x0602839c                _raise
                0x06028328                _creat
                0x06028470                _pipe
                0x060283dc                _chown
                0x0602820c                _lseek
                0x06028244                _close
                0x06028484                _times
                0x060282f8                _fstat
                0x06028414                _fork
                0x06028284                _sbrk
 .text          0x06028570       0x20 c:/saturn/SH_COFF/sh-coff/bin/../lib/gcc/sh-coff/3.4-GNUSH_v0501/../../../../sh-coff/lib\libc.a(trap.o)
                0x06028570                __trap34
 .text          0x06028590       0x20 c:/saturn/SH_COFF/sh-coff/bin/../lib/gcc/sh-coff/3.4-GNUSH_v0501/../../../../sh-coff/lib\libc.a(abort.o)
                0x06028590                abort
 .text          0x060285b0      0x270 c:/saturn/SH_COFF/sh-coff/bin/../lib/gcc/sh-coff/3.4-GNUSH_v0501/../../../../sh-coff/lib\libc.a(signal.o)
                0x06028670                _raise_r
                0x060287f8                __sigtramp
                0x060287a4                raise
                0x060287e0                _init_signal
                0x06028730                __sigtramp_r
                0x060287c0                signal
                0x060285fc                _signal_r
                0x060285b0                _init_signal_r
 .text          0x06028820       0x60 c:/saturn/SH_COFF/sh-coff/bin/../lib/gcc/sh-coff/3.4-GNUSH_v0501/../../../../sh-coff/lib\libc.a(signalr.o)
                0x06028868                _getpid_r
                0x06028820                _kill_r
 *(.strings)

.tors           0x06028880        0x0
                0x06028880                ___ctors = .
 *(.ctors)
                0x06028880                ___ctors_end = .
                0x06028880                ___dtors = .
 *(.dtors)
                0x06028880                ___dtors_end = .

.data           0x06028880     0x1120
                0x06028880                STARTOF_R = .
 *(.data)
 .data          0x06028880      0x400 ../sbl6/segasmp/per/smpclib/per_x1.o
 .data          0x06028c80       0x50 graphics.o
                0x06028c80                tiles
 .data          0x06028cd0       0x10 player.o
                0x06028cd0                scale_val
 .data          0x06028ce0       0x20 scroll.o
                0x06028ce0                CycleTb
                0x06028cf0                vram
 .data          0x06028d00       0x30 main.o
 .data          0x06028d30      0x400 ../sbl6/segalib/lib/sega_int.a(int.o)
 .data          0x06029130       0x1c ../sbl6/segalib/lib/sega_spr.a(spr_slv.o)
                0x06029138                SPR_SlaveParam
                0x06029148                SPR_SMPC_SF
                0x06029140                SPR_SMPC_COM
                0x0602913c                SPR_SlaveSHEntry
                0x06029134                SPR_SlaveState
                0x06029130                SPR_SlaveCommand
                0x06029144                SPR_SMPC_RET
 *fill*         0x0602914c        0x4 00
 .data          0x06029150       0x34 ../sbl6/segalib/lib/sega_spr.a(spr_1c.o)
                0x06029150                SpInitialFlag
 *fill*         0x06029184        0xc 00
 .data          0x06029190       0x1c ../sbl6/segalib/lib/sega_scl.a(scl_vblv.o)
                0x06029198                VBInterval
                0x060291a0                ReqDisplayFlag
                0x06029190                SpFrameChgMode
                0x0602919c                VBIntervalCounter
                0x06029194                SpFrameEraseMode
 *fill*         0x060291ac        0x4 00
 .data          0x060291b0       0x36 ../sbl6/segalib/lib/sega_scl.a(scl_func.o)
                0x060291c0                SclRotregBuff
                0x060291bc                SclDisplayY
                0x060291c4                SclRotateTableMode
                0x060291b8                SclProcess
                0x060291b4                SclCurSclNum
                0x060291b0                SclLengthLsTbl
                0x060291ba                SclDisplayX
                0x060291b2                SclLengthCsTbl
 *fill*         0x060291e6        0xa 00
 .data          0x060291f0       0x18 ../sbl6/segalib/lib/sega_scl.a(scl_pri.o)
                0x060291f4                SclRealSpPriNum
                0x06029204                SclRealColOffset
                0x06029200                SclRealBgColMix
                0x060291fc                SclRealSpColMix
                0x060291f8                SclRealBgPriNum
                0x060291f0                SclRealOtherPri
 *fill*         0x06029208        0x8 00
 .data          0x06029210      0x380 c:/saturn/SH_COFF/sh-coff/bin/../lib/gcc/sh-coff/3.4-GNUSH_v0501/../../../../sh-coff/lib\libc.a(impure.o)
                0x0602958c                _impure_ptr
 .data          0x06029590      0x410 c:/saturn/SH_COFF/sh-coff/bin/../lib/gcc/sh-coff/3.4-GNUSH_v0501/../../../../sh-coff/lib\libc.a(mallocr.o)
                0x06029598                __malloc_av_
                0x06029594                __malloc_trim_threshold
                0x06029590                __malloc_sbrk_base
                0x060299a0                SIZEOF_R = (. - STARTOF_R)
                0x060299a0                ENDOF_R = .

.bss            0x060299a0     0x72a4
                0x060299a0                STARTOF_B = .
 *(.bss)
 .bss           0x060299a0       0x10 vblank.o
                0x060299a4                PadData2E
                0x060299aa                PadData1
                0x060299a6                PadData2
                0x060299a8                PadData1E
                0x060299a0                __port
 .bss           0x060299b0       0xd0 ../sbl6/segasmp/per/smpclib/per_x2.o
 .bss           0x06029a80       0x10 player.o
                0x06029a80                anim_cursor
 .bss           0x06029a90       0x10 sprite.o
                0x06029a90                num_sprites
 .bss           0x06029aa0       0x50 scroll.o
                0x06029ac0                map_tiles_x
                0x06029ad0                scrolls_y
                0x06029ab0                map_tiles_y
                0x06029aa0                copy_modes
                0x06029ae0                scrolls_x
 .bss           0x06029af0     0x3430 main.o
 .bss           0x0602cf20       0x6e ../sbl6/segalib/lib/sega_spr.a(spr_2c.o)
 *fill*         0x0602cf8e        0x2 00
 .bss           0x0602cf90        0x4 ../sbl6/segalib/lib/sega_scl.a(scl_vblv.o)
 *fill*         0x0602cf94        0xc 00
 .bss           0x0602cfa0        0x4 ../sbl6/segalib/lib/sega_scl.a(scl_func.o)
 *fill*         0x0602cfa4        0xc 00
 .bss           0x0602cfb0       0x48 ../sbl6/segalib/lib/sega_scl.a(scl_ro00.o)
 *fill*         0x0602cff8        0x8 00
 .bss           0x0602d000       0x9c ../sbl6/segalib/lib/sega_per.a(per_prt.o)
 *fill*         0x0602d09c        0x4 00
 .bss           0x0602d0a0        0xc ../sbl6/segalib/lib/sega_sat.a(DMA_SCU1.o)
 *fill*         0x0602d0ac        0x4 00
 .bss           0x0602d0b0       0x20 ../sbl6/segalib/lib/sega_sat.a(DMA_SCU0.o)
 .bss           0x0602d0d0       0x10 c:/saturn/SH_COFF/sh-coff/bin/../lib/gcc/sh-coff/3.4-GNUSH_v0501\libgcc.a(__main.o)
 .bss           0x0602d0e0       0x10 c:/saturn/SH_COFF/sh-coff/bin/../lib/gcc/sh-coff/3.4-GNUSH_v0501/../../../../sh-coff/lib\libc.a(atexit.o)
 .bss           0x0602d0f0       0x40 c:/saturn/SH_COFF/sh-coff/bin/../lib/gcc/sh-coff/3.4-GNUSH_v0501/../../../../sh-coff/lib\libc.a(mallocr.o)
                0x0602d120                __malloc_top_pad
                0x0602d0f0                __malloc_current_mallinfo
                0x0602d11c                __malloc_max_sbrked_mem
                0x0602d118                __malloc_max_total_mem
 .bss           0x0602d130       0x10 c:/saturn/SH_COFF/sh-coff/bin/../lib/gcc/sh-coff/3.4-GNUSH_v0501/../../../../sh-coff/lib\libc.a(syscalls.o)
 *(COMMON)
 COMMON         0x0602d140     0x1c20 collision.o
                                  0x0 (size before relaxing)
                0x0602d140                sprites
 COMMON         0x0602ed60       0x24 player.o
                                  0x0 (size before relaxing)
                0x0602ed60                player
 *fill*         0x0602ed84        0xc 00
 COMMON         0x0602ed90      0x460 print.o
                                  0x0 (size before relaxing)
                0x0602ed90                text
 COMMON         0x0602f1f0       0x10 scroll.o
                                  0x0 (size before relaxing)
                0x0602f1f0                maps
 COMMON         0x0602f200      0x400 ../sbl6/segalib/lib/sega_int.a(int.o)
                                  0x0 (size before relaxing)
                0x0602f200                __interrupt_vector
 COMMON         0x0602f600       0x50 ../sbl6/segalib/lib/sega_spr.a(spr_2c.o)
                                  0x0 (size before relaxing)
                0x0602f600                SpMstCmd
                0x0602f604                Sp2OpenFlag
                0x0602f608                SpGourTblMax
                0x0602f60c                SpDrawPrtyBlk
                0x0602f610                SpLCoordX
                0x0602f614                SpMstDrawPrtyBlk
                0x0602f618                SpGourTbl
                0x0602f61c                SpLookupTblR
                0x0602f620                SpCmdTbl
                0x0602f624                SpCharMax
                0x0602f628                SpDrawPrtyProcFlag
                0x0602f62c                SpCmdNo
                0x0602f630                SpDrawPrtyBlkMax
                0x0602f634                SpSlvCmdPos
                0x0602f638                SpSlvDrawPrtyBlk
                0x0602f63c                SpCharTbl
                0x0602f640                SpCmdTblR
                0x0602f644                SpMstCmdPos
                0x0602f648                SpSlvCmd
                0x0602f64c                SpLCoordY
 COMMON         0x0602f650       0x10 ../sbl6/segalib/lib/sega_spr.a(spr_1c.o)
                                  0x0 (size before relaxing)
                0x0602f650                SpScreenY
                0x0602f654                SpFbcrMode
                0x0602f656                SpDil
                0x0602f658                SpDie
                0x0602f65a                SpTvMode
                0x0602f65c                SpScreenX
 COMMON         0x0602f660      0xf00 ../sbl6/segalib/lib/sega_scl.a(scl_func.o)
                                  0x0 (size before relaxing)
                0x0602f660                SclRbgKtbAddr
                0x0602f668                SclRb
                0x0602f66a                Scl_flag
                0x0602f670                SclK_TableBuff
                0x06030340                SclAddrCsTbl
                0x06030350                Scl_s_reg
                0x06030378                SclRotateXy
                0x06030380                Scl_d_reg
                0x060303c8                SclRotateDisp
                0x060303d0                SclRotateMoveZ
                0x060303d8                SclRotXySw
                0x060303e0                Scl_r_reg
                0x060303f0                SclRPMD
                0x060303f8                SclRbgKtbOffset
                0x06030400                _SclRotregBuff
                0x060304d0                SclRa
                0x060304d8                SclRotateZ
                0x060304e0                SclAddrLsTbl
                0x060304e8                SclK_TableNum
                0x060304f0                SclRotateTableAddress
                0x060304f4                SclK_TableFlag
                0x06030500                Scl_w_reg
                0x06030520                Scl_n_reg
 COMMON         0x06030560      0x6b0 ../sbl6/segalib/lib/sega_scl.a(scl_pri.o)
                                  0x0 (size before relaxing)
                0x06030560                SclAutoEndBlue2
                0x06030570                SclColOffset
                0x06030580                SclPriBuffDirty
                0x06030582                SclAutoEndRed
                0x06030584                SclAutoSurface
                0x06030588                SclAutoGreen
                0x0603058a                SclAutoEndGreen
                0x0603058c                SclAutoCount
                0x06030590                SclColRamAlloc256
                0x060305b0                SclAutoCurRate
                0x060305b1                SclAutoPlusFlag
                0x060305b8                SclSpColMix
                0x060305c0                SclAutoMax
                0x060305c4                SclLineColRamOffset
                0x060305c8                SclColRamAlloc2048
                0x060305cc                SclBgPriNum
                0x060305d2                SclAutoEndBlue
                0x060305d4                SclAutoEndGreen2
                0x060305d6                SclAutoVeFlag
                0x060305d8                SclBgColMix
                0x060305e0                SclAutoIndex
                0x060305e4                SclAutoEndRate
                0x060305e6                SclAutoBlue
                0x060305e8                SclAutoRed
                0x060305ec                SclAutoInterval
                0x060305f0                SclOtherPri
                0x06030600                SclAutoRGB
                0x06030c00                SclAutoEndRed2
                0x06030c08                SclSpPriNum
 COMMON         0x06030c10       0x10 ../sbl6/segalib/lib/sega_scl.a(scl_ro00.o)
                                  0x0 (size before relaxing)
                0x06030c10                SclCsx
                0x06030c18                SclCsy
 COMMON         0x06030c20       0x15 ../sbl6/segalib/lib/sega_per.a(per_prt.o)
                                  0x0 (size before relaxing)
                0x06030c20                per_get_time_flg
                0x06030c21                per_hot_res
                0x06030c22                per_set_sys_flg
                0x06030c24                per_get_time_adr
                0x06030c28                per_get_sys_data
                0x06030c34                per_time_out_flg
 *fill*         0x06030c35        0xb 00
 COMMON         0x06030c40        0x4 c:/saturn/SH_COFF/sh-coff/bin/../lib/gcc/sh-coff/3.4-GNUSH_v0501/../../../../sh-coff/lib\libc.a(syscalls.o)
                                  0x0 (size before relaxing)
                0x06030c40                errno
                0x06030c44                SIZEOF_B = (. - STARTOF_B)
                0x06030c44                ENDOF_B = .
                0x06030c44                _end = .
OUTPUT(main.cof coff-sh)

.comment        0x06030c50      0x400
 .comment       0x06030c50       0x20 ../sbl6/segasmp/lib/strt2_g.o
 .comment       0x06030c70       0x20 vblank.o
 .comment       0x06030c90       0x20 ../sbl6/segasmp/per/smpclib/per_x1.o
 .comment       0x06030cb0       0x20 ../sbl6/segasmp/per/smpclib/per_x2.o
 .comment       0x06030cd0       0x20 collision.o
 .comment       0x06030cf0       0x20 graphics.o
 .comment       0x06030d10       0x20 player.o
 .comment       0x06030d30       0x20 print.o
 .comment       0x06030d50       0x20 sprite.o
 .comment       0x06030d70       0x20 scroll.o
 .comment       0x06030d90       0x20 main.o
 .comment       0x06030db0       0x20 c:/saturn/SH_COFF/sh-coff/bin/../lib/gcc/sh-coff/3.4-GNUSH_v0501\libgcc.a(__main.o)
 .comment       0x06030dd0       0x20 c:/saturn/SH_COFF/sh-coff/bin/../lib/gcc/sh-coff/3.4-GNUSH_v0501\libgcc.a(_si_to_df.o)
 .comment       0x06030df0       0x20 c:/saturn/SH_COFF/sh-coff/bin/../lib/gcc/sh-coff/3.4-GNUSH_v0501\libgcc.a(_mul_df.o)
 .comment       0x06030e10       0x20 c:/saturn/SH_COFF/sh-coff/bin/../lib/gcc/sh-coff/3.4-GNUSH_v0501\libgcc.a(_df_to_si.o)
 .comment       0x06030e30       0x20 c:/saturn/SH_COFF/sh-coff/bin/../lib/gcc/sh-coff/3.4-GNUSH_v0501\libgcc.a(_pack_df.o)
 .comment       0x06030e50       0x20 c:/saturn/SH_COFF/sh-coff/bin/../lib/gcc/sh-coff/3.4-GNUSH_v0501\libgcc.a(_unpack_df.o)
 .comment       0x06030e70       0x20 c:/saturn/SH_COFF/sh-coff/bin/../lib/gcc/sh-coff/3.4-GNUSH_v0501\libgcc.a(_thenan_df.o)
 .comment       0x06030e90       0x20 c:/saturn/SH_COFF/sh-coff/bin/../lib/gcc/sh-coff/3.4-GNUSH_v0501\libgcc.a(_muldi3.o)
 .comment       0x06030eb0       0x20 c:/saturn/SH_COFF/sh-coff/bin/../lib/gcc/sh-coff/3.4-GNUSH_v0501\libgcc.a(_lshrdi3.o)
 .comment       0x06030ed0       0x20 c:/saturn/SH_COFF/sh-coff/bin/../lib/gcc/sh-coff/3.4-GNUSH_v0501\libgcc.a(_ashldi3.o)
 .comment       0x06030ef0       0x20 c:/saturn/SH_COFF/sh-coff/bin/../lib/gcc/sh-coff/3.4-GNUSH_v0501/../../../../sh-coff/lib\libc.a(atexit.o)
 .comment       0x06030f10       0x20 c:/saturn/SH_COFF/sh-coff/bin/../lib/gcc/sh-coff/3.4-GNUSH_v0501/../../../../sh-coff/lib\libc.a(impure.o)
 .comment       0x06030f30       0x20 c:/saturn/SH_COFF/sh-coff/bin/../lib/gcc/sh-coff/3.4-GNUSH_v0501/../../../../sh-coff/lib\libc.a(malloc.o)
 .comment       0x06030f50       0x20 c:/saturn/SH_COFF/sh-coff/bin/../lib/gcc/sh-coff/3.4-GNUSH_v0501/../../../../sh-coff/lib\libc.a(mallocr.o)
 .comment       0x06030f70       0x20 c:/saturn/SH_COFF/sh-coff/bin/../lib/gcc/sh-coff/3.4-GNUSH_v0501/../../../../sh-coff/lib\libc.a(freer.o)
 .comment       0x06030f90       0x20 c:/saturn/SH_COFF/sh-coff/bin/../lib/gcc/sh-coff/3.4-GNUSH_v0501/../../../../sh-coff/lib\libc.a(mlock.o)
 .comment       0x06030fb0       0x20 c:/saturn/SH_COFF/sh-coff/bin/../lib/gcc/sh-coff/3.4-GNUSH_v0501/../../../../sh-coff/lib\libc.a(sbrkr.o)
 .comment       0x06030fd0       0x20 c:/saturn/SH_COFF/sh-coff/bin/../lib/gcc/sh-coff/3.4-GNUSH_v0501/../../../../sh-coff/lib\libc.a(syscalls.o)
 .comment       0x06030ff0       0x20 c:/saturn/SH_COFF/sh-coff/bin/../lib/gcc/sh-coff/3.4-GNUSH_v0501/../../../../sh-coff/lib\libc.a(abort.o)
 .comment       0x06031010       0x20 c:/saturn/SH_COFF/sh-coff/bin/../lib/gcc/sh-coff/3.4-GNUSH_v0501/../../../../sh-coff/lib\libc.a(signal.o)
 .comment       0x06031030       0x20 c:/saturn/SH_COFF/sh-coff/bin/../lib/gcc/sh-coff/3.4-GNUSH_v0501/../../../../sh-coff/lib\libc.a(signalr.o)
