Archive member included because of file (symbol)

../sbl6/segalib/lib/sega_int.a(int.o)
                              vblank.o (INT_SetScuFunc)
../sbl6/segalib/lib/sega_int.a(int_trmp.o)
                              ../sbl6/segalib/lib/sega_int.a(int.o) (__interrupt_handler0)
../sbl6/segalib/lib/sega_spr.a(spr_2c.o)
                              sprite.o (SPR_2Initial)
../sbl6/segalib/lib/sega_spr.a(spr_slv.o)
                              ../sbl6/segalib/lib/sega_spr.a(spr_2c.o) (SPR_InitSlaveSH)
../sbl6/segalib/lib/sega_spr.a(spr_1c.o)
                              ../sbl6/segalib/lib/sega_spr.a(spr_2c.o) (SPR_Initial)
../sbl6/segalib/lib/sega_spr.a(spr_2a.o)
                              ../sbl6/segalib/lib/sega_spr.a(spr_2c.o) (SPR_2SetDrawPrty)
../sbl6/segalib/lib/sega_scl.a(scl_vblv.o)
                              ../sbl6/segalib/lib/sega_spr.a(spr_1c.o) (SpFrameChgMode)
../sbl6/segalib/lib/sega_scl.a(scl_func.o)
                              sprite.o (SCL_Vdp2Init)
../sbl6/segalib/lib/sega_scl.a(scl_pr03.o)
                              sprite.o (SCL_AllocColRam)
../sbl6/segalib/lib/sega_scl.a(scl_pr02.o)
                              sprite.o (SCL_SetColRam)
../sbl6/segalib/lib/sega_scl.a(scl_back.o)
                              scroll.o (SCL_SetBack)
../sbl6/segalib/lib/sega_scl.a(scl_fu05.o)
                              scroll.o (SCL_InitLineParamTb)
../sbl6/segalib/lib/sega_scl.a(scl_fu03.o)
                              scroll.o (SCL_InitConfigTb)
../sbl6/segalib/lib/sega_scl.a(scl_fu02.o)
                              scroll.o (SCL_InitVramConfigTb)
../sbl6/segalib/lib/sega_scl.a(scl_fu04.o)
                              scroll.o (SCL_SetCycleTable)
../sbl6/segalib/lib/sega_scl.a(scl_pr07.o)
                              scroll.o (SCL_SetPriority)
../sbl6/segalib/lib/sega_scl.a(scl_pr01.o)
                              main.o (SCL_SetSpriteMode)
../sbl6/segalib/lib/sega_scl.a(scl_pri.o)
                              ../sbl6/segalib/lib/sega_scl.a(scl_func.o) (SclRealOtherPri)
../sbl6/segalib/lib/sega_scl.a(scl_ro00.o)
                              ../sbl6/segalib/lib/sega_scl.a(scl_func.o) (SCL_Rotate)
../sbl6/segalib/lib/sega_scl.a(scl_pr06.o)
                              ../sbl6/segalib/lib/sega_scl.a(scl_pr03.o) (SCL_SetColRamOffset)
../sbl6/segalib/lib/sega_scl.a(scl_pr05.o)
                              ../sbl6/segalib/lib/sega_scl.a(scl_pr02.o) (SCL_GetColRamOffset)
../sbl6/segalib/lib/sega_mth.a(mth_fixd.o)
                              sprite.o (MTH_Mul)
../sbl6/segalib/lib/sega_mth.a(mth_tri.o)
                              sprite.o (MTH_Sin)
../sbl6/segalib/lib/sega_per.a(per_prt.o)
                              ../sbl6/segasmp/per/smpclib/per_x2.o (PER_LInit)
../sbl6/segalib/lib/sega_sat.a(gfs.o)
                              cd.o (GFS_Init)
../sbl6/segalib/lib/sega_sat.a(DMA_SCU1.o)
                              ../sbl6/segalib/lib/sega_spr.a(spr_2c.o) (DMA_ScuMemCopy)
../sbl6/segalib/lib/sega_sat.a(gfs_cdf.o)
                              ../sbl6/segalib/lib/sega_sat.a(gfs.o) (GFCF_Init)
../sbl6/segalib/lib/sega_sat.a(gfs_dir.o)
                              ../sbl6/segalib/lib/sega_sat.a(gfs.o) (GFDR_SetupDirTbl)
../sbl6/segalib/lib/sega_sat.a(gfs_trn.o)
                              ../sbl6/segalib/lib/sega_sat.a(gfs.o) (GFTR_Setup)
../sbl6/segalib/lib/sega_sat.a(gfs_buf.o)
                              ../sbl6/segalib/lib/sega_sat.a(gfs.o) (GFBF_GetNumData)
../sbl6/segalib/lib/sega_sat.a(gfs_cdb.o)
                              ../sbl6/segalib/lib/sega_sat.a(gfs_cdf.o) (GFCB_Setup)
../sbl6/segalib/lib/sega_sat.a(gfs_cdc.o)
                              ../sbl6/segalib/lib/sega_sat.a(gfs.o) (GFCD_SetCdbfs)
../sbl6/segalib/lib/sega_sat.a(DMA_SCU0.o)
                              ../sbl6/segalib/lib/sega_sat.a(DMA_SCU1.o) (DMA_ScuSetPrm)
../sbl6/segalib/lib/sega_sat.a(csh_main.o)
                              ../sbl6/segalib/lib/sega_sat.a(DMA_SCU1.o) (CSH_Purge)
../sbl6/segalib/lib/sega_sat.a(DMA_CPU0.o)
                              ../sbl6/segalib/lib/sega_sat.a(gfs_trn.o) (DMA_CpuSetComPrm)
../sbl6/segalib/lib/sega_sat.a(cdc_reg.o)
                              ../sbl6/segalib/lib/sega_sat.a(gfs_cdb.o) (CDC_GetDataPtr)
../sbl6/segalib/lib/sega_sat.a(cdc_cfs.o)
                              ../sbl6/segalib/lib/sega_sat.a(gfs_cdc.o) (CDC_ChgDir)
../sbl6/segalib/lib/sega_sat.a(cdc_cmn.o)
                              ../sbl6/segalib/lib/sega_sat.a(gfs_cdc.o) (CDC_GetCurStat)
../sbl6/segalib/lib/sega_sat.a(cdc_bio.o)
                              ../sbl6/segalib/lib/sega_sat.a(gfs_cdc.o) (CDC_SetSctLen)
../sbl6/segalib/lib/sega_sat.a(cdc_sel.o)
                              ../sbl6/segalib/lib/sega_sat.a(gfs_cdc.o) (CDC_SetFiltRange)
../sbl6/segalib/lib/sega_sat.a(cdc_drv.o)
                              ../sbl6/segalib/lib/sega_sat.a(gfs_cdc.o) (CDC_CdPlay)
../sbl6/segalib/lib/sega_sat.a(cdc_bif.o)
[...]
Memory Configuration

Name             Origin             Length             Attributes
*default*        0x00000000         0xffffffff

Linker script and memory map

LOAD ../sbl6/segasmp/lib/strt1_g.o
LOAD ../sbl6/segasmp/lib/strt2_g.o
LOAD vblank.o
LOAD ../sbl6/segasmp/per/smpclib/per_x1.o
LOAD ../sbl6/segasmp/per/smpclib/per_x2.o
LOAD ../sbl6/segasmp/per/smpclib/per_x3.o
LOAD blocks.o
LOAD cd.o
LOAD collision.o
LOAD graphics.o
LOAD player.o
LOAD print.o
LOAD sprite.o
LOAD scroll.o
LOAD main.o
LOAD ../sbl6/segalib/lib/sega_int.a
LOAD ../sbl6/segalib/lib/sega_spr.a
LOAD ../sbl6/segalib/lib/sega_scl.a
LOAD ../sbl6/segalib/lib/sega_mth.a
LOAD ../sbl6/segalib/lib/sega_cdc.a
LOAD ../sbl6/segalib/lib/sega_adp.a
LOAD ../sbl6/segalib/lib/sega_per.a
LOAD ../sbl6/segalib/lib/sega_sat.a
LOAD C:/saturn/SH_COFF/sh-coff/bin/../lib/gcc/sh-coff/3.4-GNUSH_v0501\libgcc.a
LOAD C:/saturn/SH_COFF/sh-coff/bin/../lib/gcc/sh-coff/3.4-GNUSH_v0501/../../../../sh-coff/lib\libc.a
LOAD C:/saturn/SH_COFF/sh-coff/bin/../lib/gcc/sh-coff/3.4-GNUSH_v0501\libgcc.a

.text           0x06010000    0x14050
 *(.text)
 .text          0x06010000       0x30 ../sbl6/segasmp/lib/strt1_g.o
                0x06010024                _D_END
                0x06010020                _D_BGN
                0x0601002c                _B_END
                0x06010028                _B_BGN
                0x06010000                START
 .text          0x06010030       0x60 ../sbl6/segasmp/lib/strt2_g.o
                0x06010050                _INITSCT
                0x06010030                _INIT
 .text          0x06010090      0x180 vblank.o
                0x06010090                SetVblank
                0x06010110                UsrVblankOut
                0x060100f0                UsrVblankIn
 .text          0x06010210      0x430 ../sbl6/segasmp/per/smpclib/per_x1.o
                0x060105a4                PER_GetAnalogXYZ
                0x06010234                PER_GetTriggerHandler
                0x060104ce                PER_GetEdge
                0x0601044c                PER_GetTrigger
                0x060104f8                PER_GetPressEdge
                0x0601054c                PER_GetReleaseEdge
                0x06010210                PER_SetTriggerHandler
 .text          0x06010640      0x200 ../sbl6/segasmp/per/smpclib/per_x2.o
                0x06010744                PER_GetDeviceA
                0x06010640                PER_OpenPort
                0x06010678                PER_GetPort
                0x060107be                PER_GetDeviceR
 .text          0x06010840       0x20 ../sbl6/segasmp/per/smpclib/per_x3.o
                0x06010840                PER_DisguiseTrigger
 .text          0x06010860       0xe0 blocks.o
                0x06010860                block_get
                0x060108c0                block_check
                0x060108f0                block_spike
 .text          0x06010940       0xa0 cd.o
                0x06010940                cd_init
                0x06010970                cd_load
 .text          0x060109e0      0xaa0 collision.o
                0x060109e0                collision_check_up
                0x060112d0                collision_eject_horiz
                0x06011100                collision_eject_vert
                0x06010e10                collision_check
                0x06010c70                collision_check_left
                0x06010d40                collision_check_right
                0x06011050                collision_spikes
                0x06010b70                collision_check_below
                0x06010a70                collision_check_down
 .text          0x06011480      0x580 player.o
                0x06011480                player_frames
                0x060115e0                player_input
                0x06011490                player_init
                0x06011920                player_draw
                0x060114e0                player_animate
 .text          0x06011a00      0x170 print.o
                0x06011ad0                print_display
                0x06011a40                print_num
                0x06011a00                print_init
                0x06011a90                print_string
 .text          0x06011b70      0x5e0 sprite.o
                0x06011ba0                sprite_init
                0x06011f80                sprite_make
                0x060120c0                sprite_next
                0x06012120                sprite_delete
                0x06011fc0                sprite_draw_all
                0x06011b70                sprite_deleteall
                0x06011d30                sprite_draw
 .text          0x06012150      0x860 scroll.o
                0x06012150                scroll_move
                0x06012700                scroll_get
                0x06012760                scroll_copy
                0x060122a0                scroll_set
                0x06012890                scroll_reset
                0x060128f0                scroll_linescroll4
                0x060123b0                scroll_init
                0x060122d0                scroll_scale
 .text          0x060129b0      0x110 main.o
                0x060129b0                main
 .text          0x06012ac0       0x40 ../sbl6/segalib/lib/sega_int.a(int.o)
                0x06012aec                INT_GetScuFunc
                0x06012ac0                INT_SetScuFunc
 .text          0x06012b00      0x624 ../sbl6/segalib/lib/sega_int.a(int_trmp.o)
                0x06012c68                __interrupt_handler60
                0x06012e18                __interrupt_handler132
                0x06012fce                __interrupt_handler205
                0x06012e36                __interrupt_handler137
                0x06012d64                __interrupt_handler102
                0x06012ba2                __interrupt_handler27
                0x06012fa4                __interrupt_handler198
                0x06012e96                __interrupt_handler153
                0x06012b7e                __interrupt_handler21
                0x06012c8c                __interrupt_handler66
                0x06012d7c                __interrupt_handler106
                0x06012ec6                __interrupt_handler161
                0x06012d10                __interrupt_handler88
                0x06012ede                __interrupt_handler165
                0x06012dee                __interrupt_handler125
                0x06012b24                __interrupt_handler6
                0x06012bc0                __interrupt_handler32
                0x06012f7a                __interrupt_handler191
                0x06013094                __interrupt_handler238
                0x060130ac                __interrupt_handler242
                0x06012eb4                __interrupt_handler158
                0x06012d1c                __interrupt_handler90
                0x06012ed8                __interrupt_handler164
                0x06012bfc                __interrupt_handler42
                0x06012f3e                __interrupt_handler181
                0x06013046                __interrupt_handler225
                0x060130ee                __interrupt_handler253
                0x06012f02                __interrupt_handler171
                0x06012cbc                __interrupt_handler74
                0x06012b12                __interrupt_handler3
                0x06012c56                __interrupt_handler57
                0x06012b54                __interrupt_handler14
                0x06012fec                __interrupt_handler210
                0x0601301c                __interrupt_handler218
                0x06012fe0                __interrupt_handler208
                0x06012be4                __interrupt_handler38
                0x06012b00                __interrupt_handler0
                0x06012d70                __interrupt_handler104
                0x06012eae                __interrupt_handler157
                0x06012ffe                __interrupt_handler213
                0x06012ef0                __interrupt_handler168
                0x06012cfe                __interrupt_handler85
                0x06012d9a                __interrupt_handler111
                0x06012dac                __interrupt_handler114
                0x06012c1a                __interrupt_handler47
                0x06013070                __interrupt_handler232
                0x0601303a                __interrupt_handler223
                0x0601308e                __interrupt_handler237
                0x06012c7a                __interrupt_handler63
                0x06012c08                __interrupt_handler44
                0x06012f1a                __interrupt_handler175
                0x06012f44                __interrupt_handler182
                0x06012f5c                __interrupt_handler186
                0x06012e5a                __interrupt_handler143
                0x06012d82                __interrupt_handler107
                0x06012de8                __interrupt_handler124
                0x06012f08                __interrupt_handler172
                0x060130be                __interrupt_handler245
                0x06012d3a                __interrupt_handler95
                0x06012e12                __interrupt_handler131
                0x06012e24                __interrupt_handler134
                0x06012e42                __interrupt_handler139
                0x06012cb0                __interrupt_handler72
                0x0601306a                __interrupt_handler231
                0x06012ec0                __interrupt_handler160
                0x06012e06                __interrupt_handler129
                0x06012b78                __interrupt_handler20
                0x06012c86                __interrupt_handler65
                0x06012c50                __interrupt_handler56
                0x06012b4e                __interrupt_handler13
                0x06012fe6                __interrupt_handler209
                0x06012da0                __interrupt_handler112
                0x06012b72                __interrupt_handler19
                0x06012d2e                __interrupt_handler93
                0x06012f98                __interrupt_handler196
                0x06012e8a                __interrupt_handler151
                0x06012eea                __interrupt_handler167
                0x06013100                __trampoline
                0x06012b66                __interrupt_handler17
                0x06013058                __interrupt_handler228
                0x060130fa                __interrupt_handler255
                0x060130b8                __interrupt_handler244
                0x06012d52                __interrupt_handler99
                0x06012f4a                __interrupt_handler183
                0x06012e48                __interrupt_handler140
                0x06012f6e                __interrupt_handler189
                0x06012e6c                __interrupt_handler146
                0x06013034                __interrupt_handler222
                0x06012ea8                __interrupt_handler156
                0x06012ddc                __interrupt_handler122
                0x060130d0                __interrupt_handler248
                0x06012c20                __interrupt_handler48
                0x06012c9e                __interrupt_handler69
                0x06012b90                __interrupt_handler24
                0x06012d16                __interrupt_handler89
                0x0601300a                __interrupt_handler215
                0x060130f4                __interrupt_handler254
                0x06012d0a                __interrupt_handler87
                0x06012c6e                __interrupt_handler61
                0x06012f92                __interrupt_handler195
                0x06012e84                __interrupt_handler150
                0x06012bf6                __interrupt_handler41
                0x06012d94                __interrupt_handler110
                0x06012dfa                __interrupt_handler127
                0x06012d88                __interrupt_handler108
                0x06012da6                __interrupt_handler113
                0x06012db8                __interrupt_handler116
                0x06012dd6                __interrupt_handler121
                0x06012cce                __interrupt_handler77
                0x06012bea                __interrupt_handler39
                0x06012c02                __interrupt_handler43
                0x060130d6                __interrupt_handler249
                0x06012f14                __interrupt_handler174
                0x06012e30                __interrupt_handler136
                0x06012f68                __interrupt_handler188
                0x06012e66                __interrupt_handler145
                0x06012b36                __interrupt_handler9
                0x06012cda                __interrupt_handler79
                0x06013052                __interrupt_handler227
                0x06012bcc                __interrupt_handler34
                0x06012e0c                __interrupt_handler130
                0x060130ca                __interrupt_handler247
                0x06012cc2                __interrupt_handler75
                0x06012f0e                __interrupt_handler173
                0x06012c3e                __interrupt_handler53
                0x06012e7e                __interrupt_handler149
                0x060130e2                __interrupt_handler251
                0x06013076                __interrupt_handler233
                0x06012b3c                __interrupt_handler10
                0x06012fc8                __interrupt_handler204
                0x06012cec                __interrupt_handler82
                0x06012cf2                __interrupt_handler83
                0x06012b96                __interrupt_handler25
                0x060130b2                __interrupt_handler243
                0x06012ecc                __interrupt_handler162
                0x06012c14                __interrupt_handler46
                0x06012f2c                __interrupt_handler178
                0x06012ce0                __interrupt_handler80
                0x06012c74                __interrupt_handler62
                0x06012b0c                __interrupt_handler2
                0x06012bae                __interrupt_handler29
                0x06012ca4                __interrupt_handler70
                0x06012d8e                __interrupt_handler109
                0x06012e78                __interrupt_handler148
                0x06012d34                __interrupt_handler94
                0x06013040                __interrupt_handler224
                0x06012d6a                __interrupt_handler103
                0x06012bd8                __interrupt_handler36
                0x06012df4                __interrupt_handler126
                0x060130c4                __interrupt_handler246
                0x06012c4a                __interrupt_handler55
                0x06012b48                __interrupt_handler12
                0x06012c38                __interrupt_handler52
                0x06012f62                __interrupt_handler187
                0x06012e60                __interrupt_handler144
                0x06012dbe                __interrupt_handler117
                0x06012b6c                __interrupt_handler18
                0x06012f9e                __interrupt_handler197
                0x06012e90                __interrupt_handler152
                0x06012dc4                __interrupt_handler118
                0x06012efc                __interrupt_handler170
                0x06012fb6                __interrupt_handler201
                0x06012d46                __interrupt_handler97
                0x06012ed2                __interrupt_handler163
                0x06012f38                __interrupt_handler180
                0x06012f80                __interrupt_handler192
                0x060130a0                __interrupt_handler240
                0x06012de2                __interrupt_handler123
                0x06013004                __interrupt_handler214
                0x06012bba                __interrupt_handler31
                0x06012ba8                __interrupt_handler28
                0x06012c92                __interrupt_handler67
                0x06012c98                __interrupt_handler68
                0x06012b84                __interrupt_handler22
                0x06012b8a                __interrupt_handler23
                0x06012f20                __interrupt_handler176
                0x06012b2a                __interrupt_handler7
                0x0601302e                __interrupt_handler221
                0x06013016                __interrupt_handler217
                0x0601305e                __interrupt_handler229
                0x06012c26                __interrupt_handler49
                0x06012b18                __interrupt_handler4
                0x06012bf0                __interrupt_handler40
                0x06012db2                __interrupt_handler115
                0x06013082                __interrupt_handler235
                0x06012d22                __interrupt_handler91
                0x06012fd4                __interrupt_handler206
                0x06012f26                __interrupt_handler177
                0x06012e72                __interrupt_handler147
                0x06012bde                __interrupt_handler37
                0x060130dc                __interrupt_handler250
                0x06012b06                __interrupt_handler1
                0x06013022                __interrupt_handler219
                0x06012cc8                __interrupt_handler76
                0x06012d58                __interrupt_handler100
                0x06012c5c                __interrupt_handler58
                0x06012b5a                __interrupt_handler15
                0x06012ff8                __interrupt_handler212
                0x060130a6                __interrupt_handler241
                0x06012fbc                __interrupt_handler202
                0x06012f86                __interrupt_handler193
                0x06012cd4                __interrupt_handler78
                0x06012c2c                __interrupt_handler50
                0x06012bc6                __interrupt_handler33
                0x06012ee4                __interrupt_handler166
                0x06012e3c                __interrupt_handler138
                0x06012e2a                __interrupt_handler135
                0x06012bb4                __interrupt_handler30
                0x06012f50                __interrupt_handler184
                0x06012e4e                __interrupt_handler141
                0x06013064                __interrupt_handler230
                0x06013088                __interrupt_handler236
                0x06012dca                __interrupt_handler119
                0x06012d04                __interrupt_handler86
                0x06012d76                __interrupt_handler105
                0x06012ce6                __interrupt_handler81
                0x06012dd0                __interrupt_handler120
                0x06012e00                __interrupt_handler128
                0x06012c44                __interrupt_handler54
                0x06012b42                __interrupt_handler11
                0x06012faa                __interrupt_handler199
                0x06012e9c                __interrupt_handler154
                0x06012c0e                __interrupt_handler45
                0x06013010                __interrupt_handler216
                0x06012fc2                __interrupt_handler203
                0x06012d5e                __interrupt_handler101
                0x06012cf8                __interrupt_handler84
                0x06012f56                __interrupt_handler185
                0x06012e54                __interrupt_handler142
                0x06012b9c                __interrupt_handler26
                0x06012c80                __interrupt_handler64
                0x06012fb0                __interrupt_handler200
                0x06012fda                __interrupt_handler207
                0x06012f8c                __interrupt_handler194
                0x06012d28                __interrupt_handler92
                0x06012ea2                __interrupt_handler155
                0x06012ff2                __interrupt_handler211
                0x06012e1e                __interrupt_handler133
                0x06012b1e                __interrupt_handler5
                0x06012cb6                __interrupt_handler73
                0x06012b60                __interrupt_handler16
                0x0601309a                __interrupt_handler239
                0x0601307c                __interrupt_handler234
                0x06012bd2                __interrupt_handler35
                0x06012c62                __interrupt_handler59
                0x06012ef6                __interrupt_handler169
                0x06012d4c                __interrupt_handler98
                0x06012caa                __interrupt_handler71
                0x06012c32                __interrupt_handler51
                0x06012eba                __interrupt_handler159
                0x0601304c                __interrupt_handler226
                0x06012d40                __interrupt_handler96
                0x06012f74                __interrupt_handler190
                0x06013028                __interrupt_handler220
                0x06012b30                __interrupt_handler8
                0x06012f32                __interrupt_handler179
                0x060130e8                __interrupt_handler252
 *fill*         0x06013124        0xc 00
 .text          0x06013130     0x12a0 ../sbl6/segalib/lib/sega_spr.a(spr_2c.o)
                0x06014390                SlaveFlushDrawPrtyBlock
                0x06013130                SPR_2Initial
                0x06013974                SPR_2SysClip
                0x06013914                SPR_2LocalCoord
                0x0601420c                SPR_2FlushDrawPrtyBlock
                0x06013ef8                SPR_2DistSpr
                0x060138fc                SPR_2FlushDrawPrty
                0x0601401c                SPR_2Cmd
                0x060135f8                SPR_2GourTblNoToVram
                0x06013658                SPR_2GetAreaSizeInfo
                0x060133c0                SPR_2SetGourTbl
                0x06013bac                SPR_2Polygon
                0x06013634                SPR_2CharNoToVram
                0x06013340                SPR_2SetTvMode
                0x0601379c                SPR_2CloseCommand
                0x0601337c                SPR_2FrameEraseData
                0x06013158                SPR_2Initial2
                0x06013d8c                SPR_2ScaleSpr
                0x06013a1c                SPR_2Line
                0x060136e8                SPR_2OpenCommand
                0x0601335c                SPR_2FrameChgIntr
                0x06013c68                SPR_2NormSpr
                0x060133f0                SPR_2SetLookupTbl
                0x06013424                SPR_2SetChar
                0x0601361c                SPR_2LookupTblNoToVram
                0x06013af0                SPR_2PolyLine
                0x06013590                SPR_2ClrAllChar
                0x06013544                SPR_2ClrChar
                0x060139c0                SPR_2UserClip
 .text          0x060143d0      0x1e6 ../sbl6/segalib/lib/sega_spr.a(spr_slv.o)
                0x06014534                SPR_WaitEndSlaveSH
                0x060143d0                SPR_SMPC_SSHON
                0x06014510                SPR_RunSlaveSH
                0x060143d4                SPR_InitSlaveSH
                0x0601449c                SPR_SlaveSHmain
                0x060143d1                SPR_SMPC_SSHOFF
 *fill*         0x060145b6        0xa 00
 .text          0x060145c0      0x36a ../sbl6/segalib/lib/sega_spr.a(spr_1c.o)
                0x06014874                SPR_WaitDrawEnd
                0x0601488c                SPR_SetEosMode
                0x060147a4                SPR_SetEraseData
                0x060145c0                SPR_Initial
                0x06014698                SPR_SetTvMode
                0x06014730                SPR_GetStatus
 *fill*         0x0601492a        0x6 00
 .text          0x06014930      0x244 ../sbl6/segalib/lib/sega_spr.a(spr_2a.o)
                0x06014942                sprMemCpyW
                0x060149a0                flushDrawPrtyBlock
                0x06014930                sprMemCpyL
                0x06014954                SPR_2SetDrawPrty
 *fill*         0x06014b74        0xc 00
 .text          0x06014b80      0x2fc ../sbl6/segalib/lib/sega_scl.a(scl_vblv.o)
                0x06014c3c                SCL_DisplayFrame
                0x06014b80                SCL_SetFrameInterval
                0x06014c70                SCL_VblInit
                0x06014cc0                SCL_VblankStart
                0x06014d04                SCL_VblankEnd
 *fill*         0x06014e7c        0x4 00
 .text          0x06014e80      0xb9c ../sbl6/segalib/lib/sega_scl.a(scl_func.o)
                0x0601585c                SCL_Vdp2_SGLInit
                0x0601576c                SCL_PriIntProc
                0x060156e4                SCL_Memcpyw
                0x060159fc                SCL_SglOff
                0x060159dc                SCL_SglOn
                0x06015650                SCL_ScrollShow
                0x060150f8                SCL_Close
                0x060153f0                SCL_Scale
                0x06014e80                SCL_Vdp2Init
                0x06015264                SCL_Move
                0x0601552c                SCL_CopyReg
                0x060150d4                SCL_Open
                0x06014f04                SCL_ParametersInit
                0x06015114                SCL_MoveTo
                0x0601570c                SCL_SetColRamMode
 *fill*         0x06015a1c        0x4 00
 .text          0x06015a20      0x138 ../sbl6/segalib/lib/sega_scl.a(scl_pr03.o)
                0x06015a20                SCL_FreeColRam
                0x06015a58                SCL_AllocColRam
 *fill*         0x06015b58        0x8 00
 .text          0x06015b60       0x9c ../sbl6/segalib/lib/sega_scl.a(scl_pr02.o)
                0x06015b60                SCL_SetColRam
 *fill*         0x06015bfc        0x4 00
 .text          0x06015c00       0x84 ../sbl6/segalib/lib/sega_scl.a(scl_back.o)
                0x06015c00                SCL_SetBack
 *fill*         0x06015c84        0xc 00
 .text          0x06015c90      0x278 ../sbl6/segalib/lib/sega_scl.a(scl_fu05.o)
                0x06015d4c                SCL_SetLineParam
                0x06015c98                SCL_InitLineParamTb
 *fill*         0x06015f08        0x8 00
 .text          0x06015f10      0x94c ../sbl6/segalib/lib/sega_scl.a(scl_fu03.o)
                0x06015f6c                SCL_SetConfig
                0x06015f10                SCL_InitConfigTb
 *fill*         0x0601685c        0x4 00
 .text          0x06016860      0x4f4 ../sbl6/segalib/lib/sega_scl.a(scl_fu02.o)
                0x06016898                SCL_SetVramConfig
                0x06016860                SCL_InitVramConfigTb
 *fill*         0x06016d54        0xc 00
 .text          0x06016d60       0x28 ../sbl6/segalib/lib/sega_scl.a(scl_fu04.o)
                0x06016d60                SCL_SetCycleTable
 *fill*         0x06016d88        0x8 00
 .text          0x06016d90      0x214 ../sbl6/segalib/lib/sega_scl.a(scl_pr07.o)
                0x06016d90                SCL_SetPriority
 *fill*         0x06016fa4        0xc 00
 .text          0x06016fb0       0x58 ../sbl6/segalib/lib/sega_scl.a(scl_pr01.o)
                0x06016fb0                SCL_SetSpriteMode
 *fill*         0x06017008        0x8 00
 .text          0x06017010     0x10a4 ../sbl6/segalib/lib/sega_scl.a(scl_pri.o)
                0x060170a4                SCL_AbortAutoVe
                0x06017f54                SCL_SetShadowBit
                0x0601751c                SCL_AutoExec
                0x06017010                SCL_PriorityInit
                0x06017a30                SCL_IncColOffset
                0x060170b8                SCL_SetColMixRate
                0x06017088                SCL_GetColRamMode
 *fill*         0x060180b4        0xc 00
 .text          0x060180c0     0x1394 ../sbl6/segalib/lib/sega_scl.a(scl_ro00.o)
                0x060192ac                SCL_RotateZD
                0x06018574                SCL_Rotate
                0x06018248                SCL_InitRotateTable
 *fill*         0x06019454        0xc 00
 .text          0x06019460      0x1b4 ../sbl6/segalib/lib/sega_scl.a(scl_pr06.o)
                0x06019460                SCL_SetColRamOffset
 *fill*         0x06019614        0xc 00
 .text          0x06019620       0xac ../sbl6/segalib/lib/sega_scl.a(scl_pr05.o)
                0x06019620                SCL_GetColRamOffset
 *fill*         0x060196cc        0x4 00
 .text          0x060196d0       0xa4 ../sbl6/segalib/lib/sega_mth.a(mth_fixd.o)
                0x06019720                MTH_FixedToInt
                0x06019710                MTH_IntToFixed
                0x060196d0                MTH_Mul
                0x06019730                MTH_Product
                0x060196f0                MTH_Div
 *fill*         0x06019774        0xc 00
 .text          0x06019780      0x600 ../sbl6/segalib/lib/sega_mth.a(mth_tri.o)
                0x0601981c                fcos
                0x06019822                fsin
                0x060197cc                MTH_Cos
                0x06019780                MTH_Sin
                0x060199c0                MTH_Atan
 .text          0x06019d80      0xf50 ../sbl6/segalib/lib/sega_per.a(per_prt.o)
                0x0601a1a0                PER_IntFunc
                0x06019f98                PER_LGetPer
                0x06019d80                PER_LInit
 .text          0x0601acd0     0x1b04 ../sbl6/segalib/lib/sega_sat.a(gfs.o)
                0x0601acd0                gfs_version
                0x0601bf44                gfs_mngGetNumFile
                0x0601c6c4                gfs_closeSub
                0x0601ba60                GFS_SetGmode
                0x0601bd1c                GFS_SetErrFunc
                0x0601be6c                gfs_mngSetupFuncTbl
                0x0601b028                GFS_Reset
                0x0601bd94                gfs_chgRoot
                0x0601be60                gfs_aborttrans
                0x0601c144                gfs_svrAddHndl
                0x0601bff4                gfs_mngFreeGrp
                0x0601bd6c                GFS_ConvTno
                0x0601c2f8                gfs_getRootDir
                0x0601bd48                GFS_GetErrStat
                0x0601b198                GFS_Seek
                0x0601b804                GFS_NwStop
                0x0601c000                gfs_mngTermAccess
                0x0601b0ac                GFS_Open
                0x0601bfac                GFS_mngAllocGrp
                0x0601c70c                gfs_isTaskDone
                0x0601b504                GFS_Fread
                0x0601bc64                GFS_StartTrans
                0x0601c660                gfs_GetFinfo
                0x0601bea0                gfs_mngInitWork
                0x0601b2f0                GFS_ByteToSct
                0x0601c104                gfs_svrSearchHndl
                0x0601c3f4                gfs_loadRootDir
                0x0601af4c                GFS_IdToName
                0x0601b648                GFS_NwFread
                0x0601bb94                GFS_SetTransPara
                0x0601b754                GFS_NwCdRead
                0x0601c234                gfs_loadVol
                0x0601bb30                GFS_SetReadPara
                0x0601b24c                GFS_Tell
                0x0601bac4                GFS_SetTmode
                0x0601c5c8                GFS_GetFad
                0x0601bc00                GFS_SetTrFunc
                0x0601bcb0                GFS_CdMovePickup
                0x0601aee8                GFS_NameToId
                0x0601b91c                GFS_NwExecOne
                0x0601c47c                gfs_flowIn
                0x0601b3a4                GFS_GetFileInfo
                0x0601c524                gfs_transData
                0x0601c180                gfs_svrRemoveHndl
                0x0601b7cc                GFS_NwIsComplete
                0x0601c700                gfs_getGmode
                0x0601b870                GFS_NwGetStat
                0x0601c1dc                GFS_OpenSub
                0x0601ae80                GFS_SetDir
                0x0601b34c                GFS_GetFileSize
                0x0601b418                GFS_GetNumCdbuf
                0x0601c760                gfs_convFinStat
                0x0601b440                GFS_Load
                0x0601b5a0                gfs_waitRead
                0x0601add8                GFS_LoadDir
                0x0601afb8                GFS_GetDirInfo
                0x0601b160                GFS_Close
                0x0601acf0                GFS_Init
                0x0601b8ec                gfs_recovRdErr
                0x0601c084                gfs_mngSetErrCode
                0x0601b9dc                GFS_NwExecServer
                0x0601b29c                GFS_IsEof
                0x0601c620                gfs_SetSct
 *fill*         0x0601c7d4        0xc 00
 .text          0x0601c7e0      0x1f4 ../sbl6/segalib/lib/sega_sat.a(DMA_SCU1.o)
                0x0601c93c                DMA_ScuResult
                0x0601c7e0                DMA_ScuInit
                0x0601c830                DMA_ScuMemCopy
 *fill*         0x0601c9d4        0xc 00
 .text          0x0601c9e0      0x8d4 ../sbl6/segalib/lib/sega_sat.a(gfs_cdf.o)
                0x0601ced4                GFCF_Seek
                0x0601cfdc                GFCF_GetStat
                0x0601cebc                GFCF_Tell
                0x0601ca80                GFCF_Setup
                0x0601cf88                GFCF_cnvIntlvOfs
                0x0601c9e0                GFCF_Init
                0x0601ce74                GFCF_Recover
                0x0601cbc8                GFCF_SetSct
                0x0601ceec                GFCF_MovePickup
                0x0601d0b0                gfcf_isCdOk
                0x0601cc80                GFCF_FlowInBuf
                0x0601cc0c                GFCF_GetFileInfo
                0x0601cdd4                GFCF_StopInBuf
                0x0601d074                gfcf_getSctSize
                0x0601d170                gfcf_getPlayRange
 *fill*         0x0601d2b4        0xc 00
 .text          0x0601d2c0      0x928 ../sbl6/segalib/lib/sega_sat.a(gfs_dir.o)
                0x0601d7b0                gfdr_setNextRec
                0x0601dbac                gfdr_setDirrecCd
                0x0601d5a8                gfdr_open
                0x0601d3bc                GFDR_GetAtrDirId
                0x0601d690                gfdr_readByte
                0x0601d2c0                GFDR_SetupDirTbl
                0x0601d788                gfdr_readLongNM
                0x0601d834                gfdr_readDirEnt
                0x0601d3ec                GFDR_ChgRoot
                0x0601d334                GFDR_NameToId
                0x0601d478                gfdr_setupDirIdTbl
                0x0601d3d4                GFDR_GetAtrDirName
                0x0601d394                GFDR_GetInfoDirId
                0x0601d73c                gfdr_readLongNB
                0x0601d5d0                gfdr_read
                0x0601d6bc                gfdr_readWord
                0x0601d4fc                gfdr_setupDirNameTbl
                0x0601d3a8                GFDR_GetInfoDirName
                0x0601d404                GFDR_ChgDir
                0x0601d6e8                gfdr_readWordNB
 *fill*         0x0601dbe8        0x8 00
 .text          0x0601dbf0      0xa46 ../sbl6/segalib/lib/sega_sat.a(gfs_trn.o)
                0x0601dcd0                GFTR_SetTransMax
                0x0601e0a0                gftr_execScu
                0x0601e624                GFTR_SetTransFunc
                0x0601e4ec                gftr_remTrn
                0x0601e610                GFTR_SetData
                0x0601e310                gftr_execSdma1
                0x0601e560                gftr_copyFrac
                0x0601dcc4                GFTR_GetNumTrans
                0x0601dc64                GFTR_SetMode
                0x0601e2e0                gftr_remDma0
                0x0601e588                GFTR_GetLenData
                0x0601e094                gftr_reqScu
                0x0601e2f8                gftr_reqDma1
                0x0601dfb0                gftr_getSrcPack
                0x0601e5e0                GFTR_RtnDstPk
                0x0601e17c                gfdma_exec
                0x0601e414                gftr_execTrn
                0x0601dea8                GFTR_ExecSvr
                0x0601e3a4                gftr_reqTrn
                0x0601e26c                gfdma_getBytecnt
                0x0601e34c                gftr_reqCpu
                0x0601e5ac                GFTR_GetDstPack
                0x0601e2a4                gftr_reqDma0
                0x0601de30                GFTR_Idle
                0x0601dce8                GFTR_Pause
                0x0601dcb8                GFTR_GetTransPara
                0x0601e398                gftr_remCpu
                0x0601dc84                GFTR_SetTransPara
                0x0601e334                gftr_remDma1
                0x0601dcf4                GFTR_Stop
                0x0601e2bc                gftr_execSdma0
                0x0601dc20                GFTR_Setup
                0x0601e13c                gftr_remScu
                0x0601e038                gftr_getDstPack
                0x0601e170                gfdma_canUse
                0x0601ddac                GFTR_Exec
                0x0601e5fc                GFTR_GetData
                0x0601dcdc                GFTR_Start
                0x0601dc78                GFTR_SetUnit
                0x0601e358                gftr_execCpu
                0x0601e594                GFTR_GetLenRoom
 *fill*         0x0601e636        0xa 00
 .text          0x0601e640      0x106 ../sbl6/segalib/lib/sega_sat.a(gfs_buf.o)
                0x0601e698                GFBF_GetNumData
                0x0601e714                GFBF_RtnPk
                0x0601e6c8                GFBF_GetSrcPk
                0x0601e73c                gfbf_getSctDt
                0x0601e670                GFBF_GetTranData
                0x0601e6f0                GFBF_GetSctData
 *fill*         0x0601e746        0xa 00
 .text          0x0601e750      0x600 ../sbl6/segalib/lib/sega_sat.a(gfs_cdb.o)
                0x0601ecf8                GFCB_GetPickup
                0x0601e870                GFCB_Close
                0x0601eb3c                GFCB_GetSrcPack
                0x0601ecc4                GFCB_SetCon
                0x0601e944                GFCB_GetLenRoom
                0x0601eca8                GFCB_MovePickup
                0x0601ec1c                GFCB_GetSctData
                0x0601e950                GFCB_SetFilt
                0x0601e898                GFCB_GetLenData
                0x0601ed38                GFCB_UngetPickup
                0x0601e750                GFCB_Setup
                0x0601e9e0                GFCB_Tell
                0x0601ed20                GFCB_IsPuOwner
                0x0601ea40                GFCB_Seek
                0x0601e9b8                GFCB_DeleteAllData
                0x0601ec54                GFCB_GetDstPack
                0x0601e9f0                gfcb_getSctNum
                0x0601ec60                GFCB_RtnPk
 .text          0x0601ed50     0x1a04 ../sbl6/segalib/lib/sega_sat.a(gfs_cdc.o)
                0x0601efec                GFCD_AllocBuf
                0x0601fdc8                gfcd_doGetLenDataTsk
                0x06020664                GFCD_SetCsctFunc
                0x0601f0c4                GFCD_GetBaseFad
                0x0601f240                GFCD_GetFilt
                0x06020254                gfcd_doChgDirTsk
                0x06020594                gfcd_checkEflag
                0x0601f588                GFCD_MovePickup
                0x0601f66c                GFCD_GetSctInfo
                0x0601ff1c                gfcd_doReqDataTsk
                0x0601f6b4                GFCD_ChgDir
                0x0601f3a8                GFCD_ReqData
                0x06020680                GFCD_ChkScdqFlag
                0x0601fb38                GFCD_WaitServer
                0x0601f44c                GFCD_DelSctData
                0x0601f924                GFCD_ExecServer
                0x0601fd38                gfcd_doSetConTsk
                0x0601ef80                GFCD_AllocFilt
                0x0601f17c                GFCD_SetFilt
                0x0601fb74                gfcd_doSetFiltTsk
                0x060206a4                GFCD_ClrScdqFlag
                0x0601ffbc                gfcd_doDelSctDataTsk
                0x0601fa80                gfcd_doTask
                0x0601f0f8                GFCD_GetPickup
                0x0601f648                GFCD_CheckMove
                0x060206c0                GFCD_WaitScdqFlag
                0x0601f2e0                GFCD_Play
                0x060200f0                gfcd_doMoveSctTsk
                0x0601f288                GFCD_SetCon
                0x0601f728                GFCD_SetFiltCon
                0x06020704                GFCD_WaitPause
                0x0601f8ec                GFCD_GetBufSiz
                0x0601f12c                GFCD_UngetPickup
                0x0601f810                GFCD_GetFileInfo
                0x0601f404                GFCD_EndData
                0x0601f020                GFCD_FreeBuf
                0x0601f340                GFCD_GetLenData
                0x0601efbc                GFCD_FreeFilt
                0x0601f9f8                gfcd_isIdleTask
                0x0601ed7c                GFCD_Init
                0x06020450                gfcd_doSetFiltConTsk
                0x0601f4d4                GFCD_GetStat
                0x0601f5d4                GFCD_MoveSctData
                0x0601f158                GFCD_IsPuOwner
                0x060205b8                gfcd_initCdbMng
                0x0601ed50                GFCD_SetCdbfs
                0x0601fb24                GFCD_SetTimer
                0x06020638                gfcd_setStat
                0x0601f4a4                GFCD_CheckDelSctData
 *fill*         0x06020754        0xc 00
 .text          0x06020760      0x308 ../sbl6/segalib/lib/sega_sat.a(DMA_SCU0.o)
                0x060207e4                DMA_ScuStart
                0x06020918                DMA_ScuIntFunc0
                0x06020988                DMA_ScuIntFunc1
                0x060209f8                DMA_ScuIntFunc2
                0x060208d8                DMA_ScuGetStatus
                0x06020760                DMA_ScuSetPrm
 *fill*         0x06020a68        0x8 00
 .text          0x06020a70       0xe8 ../sbl6/segalib/lib/sega_sat.a(csh_main.o)
                0x06020a70                CSH_Init
                0x06020ad8                CSH_AllClr
                0x06020b24                CSH_Purge
 *fill*         0x06020b58        0x8 00
 .text          0x06020b60      0x1b6 ../sbl6/segalib/lib/sega_sat.a(DMA_CPU0.o)
                0x06020ba8                DMA_CpuSetPrm
                0x06020cac                DMA_CpuStart
                0x06020d04                DMA_CpuGetStatus
                0x06020cd8                DMA_CpuAllStop
                0x06020cec                DMA_CpuGetComStatus
                0x06020b60                DMA_CpuSetComPrm
                0x06020cc0                DMA_CpuStop
 *fill*         0x06020d16        0xa 00
 .text          0x06020d20      0x2dc ../sbl6/segalib/lib/sega_sat.a(cdc_reg.o)
                0x06020d74                CDREG_ClrHirqReq
                0x06020d44                CDC_ClrHirqReq
                0x06020df4                CDREG_TgetData
                0x06020de4                CDC_GetMpegPtr
                0x06020dc0                CDC_GetHirqMsk
                0x06020d20                CDC_GetDataPtr
                0x06020d30                CDC_GetHirqReq
                0x06020f50                CDREG_WaitHirq
                0x06020dd4                CDC_SetHirqMsk
                0x06020e50                CDREG_CmdRsp
                0x06020d84                CDREG_InitHirqReq
                0x06020dac                CDREG_SetHirqFlag
                0x06020fc0                CDREG_ReadRsp
 *fill*         0x06020ffc        0x4 00
 .text          0x06021000      0x194 ../sbl6/segalib/lib/sega_sat.a(cdc_cfs.o)
                0x06021000                CDC_ChgDir
                0x06021034                CDC_ReadDir
                0x06021158                CDC_AbortFile
                0x06021068                CDC_GetFileScope
                0x060210c8                CDC_TgetFileInfo
                0x06021124                CDC_ReadFile
 *fill*         0x06021194        0xc 00
 .text          0x060211a0      0x3a0 ../sbl6/segalib/lib/sega_sat.a(cdc_cmn.o)
                0x06021344                CDC_TgetToc
                0x060214e8                CDC_DataEnd
                0x06021208                CDC_GetPeriStat
                0x0602147c                CDC_DataReady
                0x06021454                CDC_CdOpen
                0x060213d0                CDC_CdInit
                0x06021394                CDC_GetSes
                0x060211f0                CDC_GetLastStat
                0x060211a0                CDC_GetCurStat
                0x060212dc                CDC_GetHwInfo
 .text          0x06021540      0x1e4 ../sbl6/segalib/lib/sega_sat.a(cdc_bio.o)
                0x060215ec                CDC_GetdelSctData
                0x06021574                CDC_GetSctData
                0x06021628                CDC_PutSctData
                0x060216a4                CDC_MoveSctData
                0x060216e8                CDC_GetCopyErr
                0x060215b0                CDC_DelSctData
                0x06021540                CDC_SetSctLen
                0x06021660                CDC_CopySctData
 *fill*         0x06021724        0xc 00
 .text          0x06021730      0x2b8 ../sbl6/segalib/lib/sega_sat.a(cdc_sel.o)
                0x06021960                CDC_GetFiltCon
                0x060218dc                CDC_GetFiltMode
                0x060219b4                CDC_ResetSelector
                0x06021730                CDC_SetFiltRange
                0x060217bc                CDC_SetFiltSubh
                0x0602182c                CDC_GetFiltSubh
                0x06021764                CDC_GetFiltRange
                0x060218a8                CDC_SetFiltMode
                0x06021920                CDC_SetFiltCon
 *fill*         0x060219e8        0x8 00
 .text          0x060219f0      0x130 ../sbl6/segalib/lib/sega_sat.a(cdc_drv.o)
                0x060219f0                CDC_CdPlay
                0x06021abc                CDC_CdSeek
                0x06021af0                CDC_CdScan
 .text          0x06021b20      0x270 ../sbl6/segalib/lib/sega_sat.a(cdc_bif.o)
                0x06021b7c                CDC_GetSctNum
                0x06021cfc                CDC_ExeFadSearch
                0x06021c7c                CDC_GetSctInfo
                0x06021bc0                CDC_CalActSiz
                0x06021b20                CDC_GetBufSiz
                0x06021bfc                CDC_GetActSiz
                0x06021d34                CDC_GetFadSearch
 .text          0x06021d90       0xa8 ../sbl6/segalib/lib/sega_sat.a(cdc_dev.o)
                0x06021dfc                CDC_CdGetLastBuf
                0x06021d90                CDC_CdSetCon
                0x06021dc0                CDC_CdGetCon
 *fill*         0x06021e38        0x8 00
 .text          0x06021e40      0x152 ../sbl6/segalib/lib/sega_sat.a(cdc_sub.o)
                0x06021ee8                CDSUB_GetCdstat
                0x06021e58                CDSUB_UpdCdstat
                0x06021f28                CDSUB_RspToCdstat
                0x06021f70                CDSUB_SoftTimer
                0x06021e40                CDSUB_UpdStatus
                0x06021e78                CDSUB_CdCmd
 *fill*         0x06021f92        0xe 00
 .text          0x06021fa0       0x60 C:/saturn/SH_COFF/sh-coff/bin/../lib/gcc/sh-coff/3.4-GNUSH_v0501\libgcc.a(_ashiftrt.o)
                0x06021fac                __ashiftrt_r4_27
                0x06021fe0                __ashiftrt_r4_6
                0x06021fd0                __ashiftrt_r4_14
                0x06021fc2                __ashiftrt_r4_19
                0x06021fda                __ashiftrt_r4_9
                0x06021fee                __ashiftrt_r4_0
                0x06021fa0                __ashiftrt_r4_31
                0x06021fae                __ashiftrt_r4_26
                0x06021fbc                __ashiftrt_r4_22
                0x06021fc8                __ashiftrt_r4_16
                0x06021fd4                __ashiftrt_r4_12
                0x06021fa8                __ashiftrt_r4_29
                0x06021fc6                __ashiftrt_r4_17
                0x06021fa6                __ashiftrt_r4_30
                0x06021fe2                __ashiftrt_r4_5
                0x06021fdc                __ashiftrt_r4_8
                0x06021fa0                __ashiftrt_r4_32
                0x06021fb0                __ashiftrt_r4_25
                0x06021fe8                __ashiftrt_r4_2
                0x06021fb2                __ashiftrt_r4_24
                0x06021fce                __ashiftrt_r4_15
                0x06021fd8                __ashiftrt_r4_10
                0x06021fea                __ashiftrt_r4_1
                0x06021faa                __ashiftrt_r4_28
                0x06021fc0                __ashiftrt_r4_20
                0x06021fde                __ashiftrt_r4_7
                0x06021fd2                __ashiftrt_r4_13
                0x06021fd6                __ashiftrt_r4_11
                0x06021fe4                __ashiftrt_r4_4
                0x06021fba                __ashiftrt_r4_23
                0x06021fc4                __ashiftrt_r4_18
                0x06021fbe                __ashiftrt_r4_21
                0x06021fe6                __ashiftrt_r4_3
 .text          0x06022000       0x90 C:/saturn/SH_COFF/sh-coff/bin/../lib/gcc/sh-coff/3.4-GNUSH_v0501\libgcc.a(_ashiftlt.o)
                0x06022000                __ashlsi3
 .text          0x06022090       0xb0 C:/saturn/SH_COFF/sh-coff/bin/../lib/gcc/sh-coff/3.4-GNUSH_v0501\libgcc.a(_movstr.o)
                0x060220d0                __movstrSI16
                0x060220a4                __movstrSI60
                0x060220b0                __movstrSI48
                0x060220ac                __movstrSI52
                0x060220a0                __movstrSI64
                0x060220b4                __movstrSI44
                0x060220b8                __movstrSI40
                0x060220bc                __movstrSI36
                0x060220f0                __movstr
                0x060220a8                __movstrSI56
                0x060220c4                __movstrSI28
                0x060220c0                __movstrSI32
                0x060220d4                __movstrSI12
                0x060220d8                __movstrSI8
                0x060220e0                __movstrSI0
                0x060220c8                __movstrSI24
                0x060220cc                __movstrSI20
                0x060220dc                __movstrSI4
 .text          0x06022140       0xa0 C:/saturn/SH_COFF/sh-coff/bin/../lib/gcc/sh-coff/3.4-GNUSH_v0501\libgcc.a(__main.o)
                0x060221b4                __main
                0x06022140                __do_global_dtors
                0x06022174                __do_global_ctors
 .text          0x060221e0      0x2e0 C:/saturn/SH_COFF/sh-coff/bin/../lib/gcc/sh-coff/3.4-GNUSH_v0501\libgcc.a(_mul_df.o)
                0x060221f0                __muldf3
 .text          0x060224c0       0xb0 C:/saturn/SH_COFF/sh-coff/bin/../lib/gcc/sh-coff/3.4-GNUSH_v0501\libgcc.a(_si_to_df.o)
                0x060224c0                __floatsidf
 .text          0x06022570       0x80 C:/saturn/SH_COFF/sh-coff/bin/../lib/gcc/sh-coff/3.4-GNUSH_v0501\libgcc.a(_df_to_si.o)
                0x06022570                __fixdfsi
 .text          0x060225f0       0x70 C:/saturn/SH_COFF/sh-coff/bin/../lib/gcc/sh-coff/3.4-GNUSH_v0501\libgcc.a(_udivsi3.o)
                0x06022612                __udivsi3
 .text          0x06022660       0xa0 C:/saturn/SH_COFF/sh-coff/bin/../lib/gcc/sh-coff/3.4-GNUSH_v0501\libgcc.a(_sdivsi3.o)
                0x06022660                __sdivsi3
 .text          0x06022700      0x120 C:/saturn/SH_COFF/sh-coff/bin/../lib/gcc/sh-coff/3.4-GNUSH_v0501\libgcc.a(_unpack_df.o)
                0x06022710                __unpack_d
 .text          0x06022820      0x220 C:/saturn/SH_COFF/sh-coff/bin/../lib/gcc/sh-coff/3.4-GNUSH_v0501\libgcc.a(_pack_df.o)
                0x06022830                __pack_d
 .text          0x06022a40       0x20 C:/saturn/SH_COFF/sh-coff/bin/../lib/gcc/sh-coff/3.4-GNUSH_v0501\libgcc.a(_thenan_df.o)
                0x06022a40                __thenan_df
 .text          0x06022a60       0xd0 C:/saturn/SH_COFF/sh-coff/bin/../lib/gcc/sh-coff/3.4-GNUSH_v0501\libgcc.a(_muldi3.o)
                0x06022a60                __muldi3
 .text          0x06022b30       0x80 C:/saturn/SH_COFF/sh-coff/bin/../lib/gcc/sh-coff/3.4-GNUSH_v0501\libgcc.a(_lshrdi3.o)
                0x06022b30                __lshrdi3
 .text          0x06022bb0       0x80 C:/saturn/SH_COFF/sh-coff/bin/../lib/gcc/sh-coff/3.4-GNUSH_v0501\libgcc.a(_ashldi3.o)
                0x06022bb0                __ashldi3
 .text          0x06022c30       0x30 C:/saturn/SH_COFF/sh-coff/bin/../lib/gcc/sh-coff/3.4-GNUSH_v0501\libgcc.a(_mulsi3.o)
                0x06022c30                __mulsi3
 .text          0x06022c60       0x90 C:/saturn/SH_COFF/sh-coff/bin/../lib/gcc/sh-coff/3.4-GNUSH_v0501\libgcc.a(_lshiftrt.o)
                0x06022c60                __lshrsi3
 .text          0x06022cf0       0xa0 C:/saturn/SH_COFF/sh-coff/bin/../lib/gcc/sh-coff/3.4-GNUSH_v0501/../../../../sh-coff/lib\libc.a(memcpy.o)
                0x06022cf0                memcpy
 .text          0x06022d90       0x40 C:/saturn/SH_COFF/sh-coff/bin/../lib/gcc/sh-coff/3.4-GNUSH_v0501/../../../../sh-coff/lib\libc.a(memset.o)
                0x06022d90                memset
 .text          0x06022dd0       0x60 C:/saturn/SH_COFF/sh-coff/bin/../lib/gcc/sh-coff/3.4-GNUSH_v0501/../../../../sh-coff/lib\libc.a(memcmp.o)
                0x06022dd0                memcmp
 .text          0x06022e30       0xb0 C:/saturn/SH_COFF/sh-coff/bin/../lib/gcc/sh-coff/3.4-GNUSH_v0501/../../../../sh-coff/lib\libc.a(strncmp.o)
                0x06022e30                strncmp
 .text          0x06022ee0       0xa0 C:/saturn/SH_COFF/sh-coff/bin/../lib/gcc/sh-coff/3.4-GNUSH_v0501/../../../../sh-coff/lib\libc.a(strncpy.o)
                0x06022ee0                strncpy
 .text          0x06022f80       0x90 C:/saturn/SH_COFF/sh-coff/bin/../lib/gcc/sh-coff/3.4-GNUSH_v0501/../../../../sh-coff/lib\libc.a(atexit.o)
                0x06022f80                atexit
 .text          0x06023010       0x10 C:/saturn/SH_COFF/sh-coff/bin/../lib/gcc/sh-coff/3.4-GNUSH_v0501/../../../../sh-coff/lib\libc.a(impure.o)
                0x06023010                _global_impure_ptr
 .text          0x06023020       0x40 C:/saturn/SH_COFF/sh-coff/bin/../lib/gcc/sh-coff/3.4-GNUSH_v0501/../../../../sh-coff/lib\libc.a(malloc.o)
                0x0602303c                free
                0x06023020                malloc
 .text          0x06023060      0x5b0 C:/saturn/SH_COFF/sh-coff/bin/../lib/gcc/sh-coff/3.4-GNUSH_v0501/../../../../sh-coff/lib\libc.a(mallocr.o)
                0x06023060                _malloc_r
 .text          0x06023610      0x340 C:/saturn/SH_COFF/sh-coff/bin/../lib/gcc/sh-coff/3.4-GNUSH_v0501/../../../../sh-coff/lib\libc.a(freer.o)
                0x06023610                _malloc_trim_r
                0x06023704                _free_r
 .text          0x06023950       0x20 C:/saturn/SH_COFF/sh-coff/bin/../lib/gcc/sh-coff/3.4-GNUSH_v0501/../../../../sh-coff/lib\libc.a(mlock.o)
                0x06023950                __malloc_lock
                0x0602395c                __malloc_unlock
 .text          0x06023970       0x50 C:/saturn/SH_COFF/sh-coff/bin/../lib/gcc/sh-coff/3.4-GNUSH_v0501/../../../../sh-coff/lib\libc.a(sbrkr.o)
                0x06023970                _sbrk_r
 .text          0x060239c0      0x380 C:/saturn/SH_COFF/sh-coff/bin/../lib/gcc/sh-coff/3.4-GNUSH_v0501/../../../../sh-coff/lib\libc.a(syscalls.o)
                0x06023b2c                _exit
                0x06023b60                _getpid
                0x06023bc8                _utime
                0x060239f8                _write
                0x060239c0                _read
                0x06023b14                _unlink
                0x06023adc                _open
                0x06023b78                _stat
                0x06023b20                isatty
                0x06023bf8                _wait
                0x06023b44                _kill
                0x06023b94                _chmod
                0x06023c28                _execv
                0x06023c0c                _execve
                0x06023d04                __setup_argv_and_call_main
                0x06023c60                _gettimeofday
                0x06023a2c                _link
                0x06023b6c                _raise
                0x06023af8                _creat
                0x06023c40                _pipe
                0x06023bac                _chown
                0x060239dc                _lseek
                0x06023a14                _close
                0x06023c54                _times
                0x06023ac8                _fstat
                0x06023be4                _fork
                0x06023a54                _sbrk
 .text          0x06023d40       0x20 C:/saturn/SH_COFF/sh-coff/bin/../lib/gcc/sh-coff/3.4-GNUSH_v0501/../../../../sh-coff/lib\libc.a(trap.o)
                0x06023d40                __trap34
 .text          0x06023d60       0x20 C:/saturn/SH_COFF/sh-coff/bin/../lib/gcc/sh-coff/3.4-GNUSH_v0501/../../../../sh-coff/lib\libc.a(abort.o)
                0x06023d60                abort
 .text          0x06023d80      0x270 C:/saturn/SH_COFF/sh-coff/bin/../lib/gcc/sh-coff/3.4-GNUSH_v0501/../../../../sh-coff/lib\libc.a(signal.o)
                0x06023e40                _raise_r
                0x06023fc8                __sigtramp
                0x06023f74                raise
                0x06023fb0                _init_signal
                0x06023f00                __sigtramp_r
                0x06023f90                signal
                0x06023dcc                _signal_r
                0x06023d80                _init_signal_r
 .text          0x06023ff0       0x60 C:/saturn/SH_COFF/sh-coff/bin/../lib/gcc/sh-coff/3.4-GNUSH_v0501/../../../../sh-coff/lib\libc.a(signalr.o)
                0x06024038                _getpid_r
                0x06023ff0                _kill_r
 *(.strings)

.tors           0x06024050        0x0
                0x06024050                ___ctors = .
 *(.ctors)
                0x06024050                ___ctors_end = .
                0x06024050                ___dtors = .
 *(.dtors)
                0x06024050                ___dtors_end = .

.data           0x06024050     0x1650
                0x06024050                STARTOF_R = .
 *(.data)
 .data          0x06024050      0x400 ../sbl6/segasmp/per/smpclib/per_x1.o
 .data          0x06024450       0x60 blocks.o
                0x060244a0                tile2_slope
                0x06024480                tile4_slope
                0x06024450                block_slopes
                0x06024490                tile3_slope
 .data          0x060244b0      0x520 graphics.o
                0x0602451e                guy_num
                0x060249c8                bg_num
                0x06024574                hills_pal
                0x060245b4                hills_name
                0x060245c0                bg_pal
                0x060245be                hills_num
                0x06024510                guy_name
                0x060244c0                hill_map_width
                0x060244d0                guy_pal
                0x0602456a                font_height
                0x060244ce                map_width
                0x060244cc                map_height
                0x0602451a                guy_width
                0x060244c4                map_name
                0x06024560                font_name
                0x060249c0                bg_name
                0x060244be                hill_map_height
                0x0602456c                font_width
                0x06024518                guy_height
                0x060244b0                hill_map_name
                0x06024570                font_num
                0x06024520                font_pal
                0x0602451c                guy_size
                0x0602456e                font_size
 .data          0x060249d0       0x10 player.o
                0x060249d0                lives
 .data          0x060249e0       0x30 sprite.o
 .data          0x06024a10       0x20 scroll.o
                0x06024a10                CycleTb
                0x06024a20                vram
 .data          0x06024a30      0x400 ../sbl6/segalib/lib/sega_int.a(int.o)
 .data          0x06024e30       0x1c ../sbl6/segalib/lib/sega_spr.a(spr_slv.o)
                0x06024e38                SPR_SlaveParam
                0x06024e48                SPR_SMPC_SF
                0x06024e40                SPR_SMPC_COM
                0x06024e3c                SPR_SlaveSHEntry
                0x06024e34                SPR_SlaveState
                0x06024e30                SPR_SlaveCommand
                0x06024e44                SPR_SMPC_RET
 *fill*         0x06024e4c        0x4 00
 .data          0x06024e50       0x34 ../sbl6/segalib/lib/sega_spr.a(spr_1c.o)
                0x06024e50                SpInitialFlag
 *fill*         0x06024e84        0xc 00
 .data          0x06024e90       0x1c ../sbl6/segalib/lib/sega_scl.a(scl_vblv.o)
                0x06024e98                VBInterval
                0x06024ea0                ReqDisplayFlag
                0x06024e90                SpFrameChgMode
                0x06024e9c                VBIntervalCounter
                0x06024e94                SpFrameEraseMode
 *fill*         0x06024eac        0x4 00
 .data          0x06024eb0       0x36 ../sbl6/segalib/lib/sega_scl.a(scl_func.o)
                0x06024ec0                SclRotregBuff
                0x06024ebc                SclDisplayY
                0x06024ec4                SclRotateTableMode
                0x06024eb8                SclProcess
                0x06024eb4                SclCurSclNum
                0x06024eb0                SclLengthLsTbl
                0x06024eba                SclDisplayX
                0x06024eb2                SclLengthCsTbl
 *fill*         0x06024ee6        0xa 00
 .data          0x06024ef0       0x18 ../sbl6/segalib/lib/sega_scl.a(scl_pri.o)
                0x06024ef4                SclRealSpPriNum
                0x06024f04                SclRealColOffset
                0x06024f00                SclRealBgColMix
                0x06024efc                SclRealSpColMix
                0x06024ef8                SclRealBgPriNum
                0x06024ef0                SclRealOtherPri
 *fill*         0x06024f08        0x8 00
 .data          0x06024f10      0x380 C:/saturn/SH_COFF/sh-coff/bin/../lib/gcc/sh-coff/3.4-GNUSH_v0501/../../../../sh-coff/lib\libc.a(impure.o)
                0x0602528c                _impure_ptr
 .data          0x06025290      0x410 C:/saturn/SH_COFF/sh-coff/bin/../lib/gcc/sh-coff/3.4-GNUSH_v0501/../../../../sh-coff/lib\libc.a(mallocr.o)
                0x06025298                __malloc_av_
                0x06025294                __malloc_trim_threshold
                0x06025290                __malloc_sbrk_base
                0x060256a0                SIZEOF_R = (. - STARTOF_R)
                0x060256a0                ENDOF_R = .

.bss            0x060256a0     0xf084
                0x060256a0                STARTOF_B = .
 *(.bss)
 .bss           0x060256a0       0x10 vblank.o
                0x060256a4                PadData2E
                0x060256aa                PadData1
                0x060256a6                PadData2
                0x060256a8                PadData1E
                0x060256a0                __port
 .bss           0x060256b0       0xd0 ../sbl6/segasmp/per/smpclib/per_x2.o
 .bss           0x06025780       0x10 player.o
                0x06025781                boost
                0x06025780                jumps
 .bss           0x06025790     0x3800 sprite.o
                0x06025790                num_sprites
 .bss           0x06028f90       0x50 scroll.o
                0x06028fac                map_tiles_x
                0x06028fb4                scrolls_y
                0x06028f90                scroll_transition_state
                0x06028f94                scroll_ysize
                0x06028fa4                map_tiles_y
                0x06028f9c                copy_modes
                0x06028fc4                scrolls_x
                0x06028f98                scroll_xsize
 .bss           0x06028fe0       0x10 main.o
                0x06028fe0                frame
 .bss           0x06028ff0       0x6e ../sbl6/segalib/lib/sega_spr.a(spr_2c.o)
 *fill*         0x0602905e        0x2 00
 .bss           0x06029060        0x4 ../sbl6/segalib/lib/sega_scl.a(scl_vblv.o)
 *fill*         0x06029064        0xc 00
 .bss           0x06029070        0x4 ../sbl6/segalib/lib/sega_scl.a(scl_func.o)
 *fill*         0x06029074        0xc 00
 .bss           0x06029080     0x1900 ../sbl6/segalib/lib/sega_scl.a(scl_fu05.o)
 .bss           0x0602a980       0x48 ../sbl6/segalib/lib/sega_scl.a(scl_ro00.o)
 *fill*         0x0602a9c8        0x8 00
 .bss           0x0602a9d0       0x9c ../sbl6/segalib/lib/sega_per.a(per_prt.o)
 *fill*         0x0602aa6c        0x4 00
 .bss           0x0602aa70        0xc ../sbl6/segalib/lib/sega_sat.a(DMA_SCU1.o)
 *fill*         0x0602aa7c        0x4 00
 .bss           0x0602aa80        0xc ../sbl6/segalib/lib/sega_sat.a(gfs_trn.o)
 *fill*         0x0602aa8c        0x4 00
 .bss           0x0602aa90       0x20 ../sbl6/segalib/lib/sega_sat.a(DMA_SCU0.o)
 .bss           0x0602aab0        0x2 ../sbl6/segalib/lib/sega_sat.a(cdc_reg.o)
 *fill*         0x0602aab2        0xe 00
 .bss           0x0602aac0        0xc ../sbl6/segalib/lib/sega_sat.a(cdc_sub.o)
 *fill*         0x0602aacc        0x4 00
 .bss           0x0602aad0       0x10 C:/saturn/SH_COFF/sh-coff/bin/../lib/gcc/sh-coff/3.4-GNUSH_v0501\libgcc.a(__main.o)
 .bss           0x0602aae0       0x10 C:/saturn/SH_COFF/sh-coff/bin/../lib/gcc/sh-coff/3.4-GNUSH_v0501/../../../../sh-coff/lib\libc.a(atexit.o)
 .bss           0x0602aaf0       0x40 C:/saturn/SH_COFF/sh-coff/bin/../lib/gcc/sh-coff/3.4-GNUSH_v0501/../../../../sh-coff/lib\libc.a(mallocr.o)
                0x0602ab20                __malloc_top_pad
                0x0602aaf0                __malloc_current_mallinfo
                0x0602ab1c                __malloc_max_sbrked_mem
                0x0602ab18                __malloc_max_total_mem
 .bss           0x0602ab30       0x10 C:/saturn/SH_COFF/sh-coff/bin/../lib/gcc/sh-coff/3.4-GNUSH_v0501/../../../../sh-coff/lib\libc.a(syscalls.o)
 *(COMMON)
 COMMON         0x0602ab40     0x1674 cd.o
                                  0x0 (size before relaxing)
                0x0602ab40                dirname
                0x0602b4a0                lib_work
                0x0602c1a8                directory_table
 *fill*         0x0602c1b4        0xc 00
 COMMON         0x0602c1c0     0x1960 player.o
                                  0x0 (size before relaxing)
                0x0602c1c0                curr_level
                0x0602c1d0                player
                0x0602c210                lp
 COMMON         0x0602db20      0x8c0 print.o
                                  0x0 (size before relaxing)
                0x0602db20                text
 COMMON         0x0602e3e0     0x1460 sprite.o
                                  0x0 (size before relaxing)
                0x0602e3e0                sprites
                0x0602e840                image_buf
 COMMON         0x0602f840     0x346c scroll.o
                                  0x0 (size before relaxing)
                0x0602f840                line_param0
                0x06031150                scfg3
                0x060311e0                scfg0
                0x06031270                maps
                0x06031280                scfg2
                0x06031310                line_param1
                0x06032c20                scfg1
 *fill*         0x06032cac        0x4 00
 COMMON         0x06032cb0      0x400 ../sbl6/segalib/lib/sega_int.a(int.o)
                                  0x0 (size before relaxing)
                0x06032cb0                __interrupt_vector
 COMMON         0x060330b0       0x50 ../sbl6/segalib/lib/sega_spr.a(spr_2c.o)
                                  0x0 (size before relaxing)
                0x060330b0                SpMstCmd
                0x060330b4                Sp2OpenFlag
                0x060330b8                SpGourTblMax
                0x060330bc                SpDrawPrtyBlk
                0x060330c0                SpLCoordX
                0x060330c4                SpMstDrawPrtyBlk
                0x060330c8                SpGourTbl
                0x060330cc                SpLookupTblR
                0x060330d0                SpCmdTbl
                0x060330d4                SpCharMax
                0x060330d8                SpDrawPrtyProcFlag
                0x060330dc                SpCmdNo
                0x060330e0                SpDrawPrtyBlkMax
                0x060330e4                SpSlvCmdPos
                0x060330e8                SpSlvDrawPrtyBlk
                0x060330ec                SpCharTbl
                0x060330f0                SpCmdTblR
                0x060330f4                SpMstCmdPos
                0x060330f8                SpSlvCmd
                0x060330fc                SpLCoordY
 COMMON         0x06033100       0x10 ../sbl6/segalib/lib/sega_spr.a(spr_1c.o)
                                  0x0 (size before relaxing)
                0x06033100                SpScreenY
                0x06033104                SpFbcrMode
                0x06033106                SpDil
                0x06033108                SpDie
                0x0603310a                SpTvMode
                0x0603310c                SpScreenX
 COMMON         0x06033110      0xf00 ../sbl6/segalib/lib/sega_scl.a(scl_func.o)
                                  0x0 (size before relaxing)
                0x06033110                SclRbgKtbAddr
                0x06033118                SclRb
                0x0603311a                Scl_flag
                0x06033120                SclK_TableBuff
                0x06033df0                SclAddrCsTbl
                0x06033e00                Scl_s_reg
                0x06033e28                SclRotateXy
                0x06033e30                Scl_d_reg
                0x06033e78                SclRotateDisp
                0x06033e80                SclRotateMoveZ
                0x06033e88                SclRotXySw
                0x06033e90                Scl_r_reg
                0x06033ea0                SclRPMD
                0x06033ea8                SclRbgKtbOffset
                0x06033eb0                _SclRotregBuff
                0x06033f80                SclRa
                0x06033f88                SclRotateZ
                0x06033f90                SclAddrLsTbl
                0x06033f98                SclK_TableNum
                0x06033fa0                SclRotateTableAddress
                0x06033fa4                SclK_TableFlag
                0x06033fb0                Scl_w_reg
                0x06033fd0                Scl_n_reg
 COMMON         0x06034010      0x6b0 ../sbl6/segalib/lib/sega_scl.a(scl_pri.o)
                                  0x0 (size before relaxing)
                0x06034010                SclAutoEndBlue2
                0x06034020                SclColOffset
                0x06034030                SclPriBuffDirty
                0x06034032                SclAutoEndRed
                0x06034034                SclAutoSurface
                0x06034038                SclAutoGreen
                0x0603403a                SclAutoEndGreen
                0x0603403c                SclAutoCount
                0x06034040                SclColRamAlloc256
                0x06034060                SclAutoCurRate
                0x06034061                SclAutoPlusFlag
                0x06034068                SclSpColMix
                0x06034070                SclAutoMax
                0x06034074                SclLineColRamOffset
                0x06034078                SclColRamAlloc2048
                0x0603407c                SclBgPriNum
                0x06034082                SclAutoEndBlue
                0x06034084                SclAutoEndGreen2
                0x06034086                SclAutoVeFlag
                0x06034088                SclBgColMix
                0x06034090                SclAutoIndex
                0x06034094                SclAutoEndRate
                0x06034096                SclAutoBlue
                0x06034098                SclAutoRed
                0x0603409c                SclAutoInterval
                0x060340a0                SclOtherPri
                0x060340b0                SclAutoRGB
                0x060346b0                SclAutoEndRed2
                0x060346b8                SclSpPriNum
 COMMON         0x060346c0       0x10 ../sbl6/segalib/lib/sega_scl.a(scl_ro00.o)
                                  0x0 (size before relaxing)
                0x060346c0                SclCsx
                0x060346c8                SclCsy
 COMMON         0x060346d0       0x15 ../sbl6/segalib/lib/sega_per.a(per_prt.o)
                                  0x0 (size before relaxing)
                0x060346d0                per_get_time_flg
                0x060346d1                per_hot_res
                0x060346d2                per_set_sys_flg
                0x060346d4                per_get_time_adr
                0x060346d8                per_get_sys_data
                0x060346e4                per_time_out_flg
 *fill*         0x060346e5        0xb 00
 COMMON         0x060346f0        0xc ../sbl6/segalib/lib/sega_sat.a(gfs.o)
                                  0x0 (size before relaxing)
                0x060346f0                GFMC_base
                0x060346f4                gfs_mng_ptr
                0x060346f8                gfs_use_scudma
 *fill*         0x060346fc        0x4 00
 COMMON         0x06034700        0x8 ../sbl6/segalib/lib/sega_sat.a(gfs_cdf.o)
                                  0x0 (size before relaxing)
                0x06034700                gfcf_fad
                0x06034704                gfcf_stat
 *fill*         0x06034708        0x8 00
 COMMON         0x06034710        0xc ../sbl6/segalib/lib/sega_sat.a(gfs_cdc.o)
                                  0x0 (size before relaxing)
                0x06034710                gfcd_fatal_err
                0x06034714                gfcd_work
                0x06034718                gfcd_playflag
 *fill*         0x0603471c        0x4 00
 COMMON         0x06034720        0x4 C:/saturn/SH_COFF/sh-coff/bin/../lib/gcc/sh-coff/3.4-GNUSH_v0501/../../../../sh-coff/lib\libc.a(syscalls.o)
                                  0x0 (size before relaxing)
                0x06034720                errno
                0x06034724                SIZEOF_B = (. - STARTOF_B)
                0x06034724                ENDOF_B = .
                0x06034724                _end = .
OUTPUT(main.cof coff-sh)

.comment        0x06034730      0x4a0
 .comment       0x06034730       0x20 ../sbl6/segasmp/lib/strt2_g.o
 .comment       0x06034750       0x20 vblank.o
 .comment       0x06034770       0x20 ../sbl6/segasmp/per/smpclib/per_x1.o
 .comment       0x06034790       0x20 ../sbl6/segasmp/per/smpclib/per_x2.o
 .comment       0x060347b0       0x20 blocks.o
 .comment       0x060347d0       0x20 cd.o
 .comment       0x060347f0       0x20 collision.o
 .comment       0x06034810       0x20 graphics.o
 .comment       0x06034830       0x20 player.o
 .comment       0x06034850       0x20 print.o
 .comment       0x06034870       0x20 sprite.o
 .comment       0x06034890       0x20 scroll.o
 .comment       0x060348b0       0x20 main.o
 .comment       0x060348d0       0x20 C:/saturn/SH_COFF/sh-coff/bin/../lib/gcc/sh-coff/3.4-GNUSH_v0501\libgcc.a(__main.o)
 .comment       0x060348f0       0x20 C:/saturn/SH_COFF/sh-coff/bin/../lib/gcc/sh-coff/3.4-GNUSH_v0501\libgcc.a(_mul_df.o)
 .comment       0x06034910       0x20 C:/saturn/SH_COFF/sh-coff/bin/../lib/gcc/sh-coff/3.4-GNUSH_v0501\libgcc.a(_si_to_df.o)
 .comment       0x06034930       0x20 C:/saturn/SH_COFF/sh-coff/bin/../lib/gcc/sh-coff/3.4-GNUSH_v0501\libgcc.a(_df_to_si.o)
 .comment       0x06034950       0x20 C:/saturn/SH_COFF/sh-coff/bin/../lib/gcc/sh-coff/3.4-GNUSH_v0501\libgcc.a(_unpack_df.o)
 .comment       0x06034970       0x20 C:/saturn/SH_COFF/sh-coff/bin/../lib/gcc/sh-coff/3.4-GNUSH_v0501\libgcc.a(_pack_df.o)
 .comment       0x06034990       0x20 C:/saturn/SH_COFF/sh-coff/bin/../lib/gcc/sh-coff/3.4-GNUSH_v0501\libgcc.a(_thenan_df.o)
 .comment       0x060349b0       0x20 C:/saturn/SH_COFF/sh-coff/bin/../lib/gcc/sh-coff/3.4-GNUSH_v0501\libgcc.a(_muldi3.o)
 .comment       0x060349d0       0x20 C:/saturn/SH_COFF/sh-coff/bin/../lib/gcc/sh-coff/3.4-GNUSH_v0501\libgcc.a(_lshrdi3.o)
 .comment       0x060349f0       0x20 C:/saturn/SH_COFF/sh-coff/bin/../lib/gcc/sh-coff/3.4-GNUSH_v0501\libgcc.a(_ashldi3.o)
 .comment       0x06034a10       0x20 C:/saturn/SH_COFF/sh-coff/bin/../lib/gcc/sh-coff/3.4-GNUSH_v0501/../../../../sh-coff/lib\libc.a(memcmp.o)
 .comment       0x06034a30       0x20 C:/saturn/SH_COFF/sh-coff/bin/../lib/gcc/sh-coff/3.4-GNUSH_v0501/../../../../sh-coff/lib\libc.a(strncmp.o)
 .comment       0x06034a50       0x20 C:/saturn/SH_COFF/sh-coff/bin/../lib/gcc/sh-coff/3.4-GNUSH_v0501/../../../../sh-coff/lib\libc.a(strncpy.o)
 .comment       0x06034a70       0x20 C:/saturn/SH_COFF/sh-coff/bin/../lib/gcc/sh-coff/3.4-GNUSH_v0501/../../../../sh-coff/lib\libc.a(atexit.o)
 .comment       0x06034a90       0x20 C:/saturn/SH_COFF/sh-coff/bin/../lib/gcc/sh-coff/3.4-GNUSH_v0501/../../../../sh-coff/lib\libc.a(impure.o)
 .comment       0x06034ab0       0x20 C:/saturn/SH_COFF/sh-coff/bin/../lib/gcc/sh-coff/3.4-GNUSH_v0501/../../../../sh-coff/lib\libc.a(malloc.o)
 .comment       0x06034ad0       0x20 C:/saturn/SH_COFF/sh-coff/bin/../lib/gcc/sh-coff/3.4-GNUSH_v0501/../../../../sh-coff/lib\libc.a(mallocr.o)
 .comment       0x06034af0       0x20 C:/saturn/SH_COFF/sh-coff/bin/../lib/gcc/sh-coff/3.4-GNUSH_v0501/../../../../sh-coff/lib\libc.a(freer.o)
 .comment       0x06034b10       0x20 C:/saturn/SH_COFF/sh-coff/bin/../lib/gcc/sh-coff/3.4-GNUSH_v0501/../../../../sh-coff/lib\libc.a(mlock.o)
 .comment       0x06034b30       0x20 C:/saturn/SH_COFF/sh-coff/bin/../lib/gcc/sh-coff/3.4-GNUSH_v0501/../../../../sh-coff/lib\libc.a(sbrkr.o)
 .comment       0x06034b50       0x20 C:/saturn/SH_COFF/sh-coff/bin/../lib/gcc/sh-coff/3.4-GNUSH_v0501/../../../../sh-coff/lib\libc.a(syscalls.o)
 .comment       0x06034b70       0x20 C:/saturn/SH_COFF/sh-coff/bin/../lib/gcc/sh-coff/3.4-GNUSH_v0501/../../../../sh-coff/lib\libc.a(abort.o)
 .comment       0x06034b90       0x20 C:/saturn/SH_COFF/sh-coff/bin/../lib/gcc/sh-coff/3.4-GNUSH_v0501/../../../../sh-coff/lib\libc.a(signal.o)
 .comment       0x06034bb0       0x20 C:/saturn/SH_COFF/sh-coff/bin/../lib/gcc/sh-coff/3.4-GNUSH_v0501/../../../../sh-coff/lib\libc.a(signalr.o)
