Archive member included because of file (symbol)

../sbl6/segalib/lib/sega_int.a(int.o)
                              vblank.o (INT_SetScuFunc)
../sbl6/segalib/lib/sega_int.a(int_trmp.o)
                              ../sbl6/segalib/lib/sega_int.a(int.o) (__interrupt_handler0)
../sbl6/segalib/lib/sega_spr.a(spr_2c.o)
                              main.o (SPR_2Initial)
../sbl6/segalib/lib/sega_spr.a(spr_slv.o)
                              ../sbl6/segalib/lib/sega_spr.a(spr_2c.o) (SPR_InitSlaveSH)
../sbl6/segalib/lib/sega_spr.a(spr_1c.o)
                              ../sbl6/segalib/lib/sega_spr.a(spr_2c.o) (SPR_Initial)
../sbl6/segalib/lib/sega_spr.a(spr_2a.o)
                              ../sbl6/segalib/lib/sega_spr.a(spr_2c.o) (SPR_2SetDrawPrty)
../sbl6/segalib/lib/sega_scl.a(scl_vblv.o)
                              ../sbl6/segalib/lib/sega_spr.a(spr_1c.o) (SpFrameChgMode)
../sbl6/segalib/lib/sega_scl.a(scl_func.o)
                              main.o (SCL_Vdp2Init)
../sbl6/segalib/lib/sega_scl.a(scl_pr03.o)
                              scroll.o (SCL_AllocColRam)
../sbl6/segalib/lib/sega_scl.a(scl_pr02.o)
                              scroll.o (SCL_SetColRam)
../sbl6/segalib/lib/sega_scl.a(scl_back.o)
                              scroll.o (SCL_SetBack)
../sbl6/segalib/lib/sega_scl.a(scl_fu03.o)
                              scroll.o (SCL_InitConfigTb)
../sbl6/segalib/lib/sega_scl.a(scl_fu02.o)
                              scroll.o (SCL_InitVramConfigTb)
../sbl6/segalib/lib/sega_scl.a(scl_fu04.o)
                              scroll.o (SCL_SetCycleTable)
../sbl6/segalib/lib/sega_scl.a(scl_pr07.o)
                              main.o (SCL_SetPriority)
../sbl6/segalib/lib/sega_scl.a(scl_pr01.o)
                              main.o (SCL_SetSpriteMode)
../sbl6/segalib/lib/sega_scl.a(scl_pri.o)
                              ../sbl6/segalib/lib/sega_scl.a(scl_func.o) (SclRealOtherPri)
../sbl6/segalib/lib/sega_scl.a(scl_ro00.o)
                              ../sbl6/segalib/lib/sega_scl.a(scl_func.o) (SCL_Rotate)
../sbl6/segalib/lib/sega_scl.a(scl_pr06.o)
                              ../sbl6/segalib/lib/sega_scl.a(scl_pr03.o) (SCL_SetColRamOffset)
../sbl6/segalib/lib/sega_scl.a(scl_pr05.o)
                              ../sbl6/segalib/lib/sega_scl.a(scl_pr02.o) (SCL_GetColRamOffset)
../sbl6/segalib/lib/sega_mth.a(mth_fixd.o)
                              sprite.o (MTH_Mul)
../sbl6/segalib/lib/sega_mth.a(mth_tri.o)
                              sprite.o (MTH_Sin)
../sbl6/segalib/lib/sega_per.a(per_prt.o)
                              ../sbl6/segasmp/per/smpclib/per_x2.o (PER_LInit)
../sbl6/segalib/lib/sega_sat.a(DMA_SCU1.o)
                              ../sbl6/segalib/lib/sega_spr.a(spr_2c.o) (DMA_ScuMemCopy)
../sbl6/segalib/lib/sega_sat.a(DMA_SCU0.o)
                              ../sbl6/segalib/lib/sega_sat.a(DMA_SCU1.o) (DMA_ScuSetPrm)
../sbl6/segalib/lib/sega_sat.a(csh_main.o)
                              ../sbl6/segalib/lib/sega_sat.a(DMA_SCU1.o) (CSH_Purge)
c:/saturn/SH_COFF/sh-coff/bin/../lib/gcc/sh-coff/3.4-GNUSH_v0501\libgcc.a(_ashiftlt.o)
                              scroll.o (__ashlsi3)
c:/saturn/SH_COFF/sh-coff/bin/../lib/gcc/sh-coff/3.4-GNUSH_v0501\libgcc.a(__main.o)
                              main.o (__main)
c:/saturn/SH_COFF/sh-coff/bin/../lib/gcc/sh-coff/3.4-GNUSH_v0501\libgcc.a(_udivsi3.o)
                              ../sbl6/segalib/lib/sega_scl.a(scl_fu03.o) (__udivsi3)
c:/saturn/SH_COFF/sh-coff/bin/../lib/gcc/sh-coff/3.4-GNUSH_v0501\libgcc.a(_ashiftrt.o)
                              ../sbl6/segalib/lib/sega_scl.a(scl_ro00.o) (__ashiftrt_r4_6)
c:/saturn/SH_COFF/sh-coff/bin/../lib/gcc/sh-coff/3.4-GNUSH_v0501\libgcc.a(_si_to_df.o)
                              ../sbl6/segalib/lib/sega_scl.a(scl_ro00.o) (__floatsidf)
c:/saturn/SH_COFF/sh-coff/bin/../lib/gcc/sh-coff/3.4-GNUSH_v0501\libgcc.a(_mul_df.o)
                              ../sbl6/segalib/lib/sega_scl.a(scl_ro00.o) (__muldf3)
c:/saturn/SH_COFF/sh-coff/bin/../lib/gcc/sh-coff/3.4-GNUSH_v0501\libgcc.a(_df_to_si.o)
                              ../sbl6/segalib/lib/sega_scl.a(scl_ro00.o) (__fixdfsi)
c:/saturn/SH_COFF/sh-coff/bin/../lib/gcc/sh-coff/3.4-GNUSH_v0501\libgcc.a(_pack_df.o)
                              c:/saturn/SH_COFF/sh-coff/bin/../lib/gcc/sh-coff/3.4-GNUSH_v0501\libgcc.a(_si_to_df.o) (__pack_d)
c:/saturn/SH_COFF/sh-coff/bin/../lib/gcc/sh-coff/3.4-GNUSH_v0501\libgcc.a(_unpack_df.o)
                              c:/saturn/SH_COFF/sh-coff/bin/../lib/gcc/sh-coff/3.4-GNUSH_v0501\libgcc.a(_mul_df.o) (__unpack_d)
c:/saturn/SH_COFF/sh-coff/bin/../lib/gcc/sh-coff/3.4-GNUSH_v0501\libgcc.a(_thenan_df.o)
                              c:/saturn/SH_COFF/sh-coff/bin/../lib/gcc/sh-coff/3.4-GNUSH_v0501\libgcc.a(_mul_df.o) (__thenan_df)
c:/saturn/SH_COFF/sh-coff/bin/../lib/gcc/sh-coff/3.4-GNUSH_v0501\libgcc.a(_muldi3.o)
                              c:/saturn/SH_COFF/sh-coff/bin/../lib/gcc/sh-coff/3.4-GNUSH_v0501\libgcc.a(_mul_df.o) (__muldi3)
c:/saturn/SH_COFF/sh-coff/bin/../lib/gcc/sh-coff/3.4-GNUSH_v0501\libgcc.a(_lshrdi3.o)
                              c:/saturn/SH_COFF/sh-coff/bin/../lib/gcc/sh-coff/3.4-GNUSH_v0501\libgcc.a(_df_to_si.o) (__lshrdi3)
c:/saturn/SH_COFF/sh-coff/bin/../lib/gcc/sh-coff/3.4-GNUSH_v0501\libgcc.a(_ashldi3.o)
                              c:/saturn/SH_COFF/sh-coff/bin/../lib/gcc/sh-coff/3.4-GNUSH_v0501\libgcc.a(_pack_df.o) (__ashldi3)
c:/saturn/SH_COFF/sh-coff/bin/../lib/gcc/sh-coff/3.4-GNUSH_v0501\libgcc.a(_mulsi3.o)
                              c:/saturn/SH_COFF/sh-coff/bin/../lib/gcc/sh-coff/3.4-GNUSH_v0501\libgcc.a(_muldi3.o) (__mulsi3)
c:/saturn/SH_COFF/sh-coff/bin/../lib/gcc/sh-coff/3.4-GNUSH_v0501\libgcc.a(_lshiftrt.o)
                              c:/saturn/SH_COFF/sh-coff/bin/../lib/gcc/sh-coff/3.4-GNUSH_v0501\libgcc.a(_lshrdi3.o) (__lshrsi3)
c:/saturn/SH_COFF/sh-coff/bin/../lib/gcc/sh-coff/3.4-GNUSH_v0501/../../../../sh-coff/lib\libc.a(memcpy.o)
                              scroll.o (memcpy)
c:/saturn/SH_COFF/sh-coff/bin/../lib/gcc/sh-coff/3.4-GNUSH_v0501/../../../../sh-coff/lib\libc.a(memset.o)
                              ../sbl6/segalib/lib/sega_spr.a(spr_2c.o) (memset)
c:/saturn/SH_COFF/sh-coff/bin/../lib/gcc/sh-coff/3.4-GNUSH_v0501/../../../../sh-coff/lib\libc.a(atexit.o)
                              c:/saturn/SH_COFF/sh-coff/bin/../lib/gcc/sh-coff/3.4-GNUSH_v0501\libgcc.a(__main.o) (atexit)
c:/saturn/SH_COFF/sh-coff/bin/../lib/gcc/sh-coff/3.4-GNUSH_v0501/../../../../sh-coff/lib\libc.a(impure.o)
                              c:/saturn/SH_COFF/sh-coff/bin/../lib/gcc/sh-coff/3.4-GNUSH_v0501/../../../../sh-coff/lib\libc.a(atexit.o) (_impure_ptr)
c:/saturn/SH_COFF/sh-coff/bin/../lib/gcc/sh-coff/3.4-GNUSH_v0501/../../../../sh-coff/lib\libc.a(malloc.o)
                              c:/saturn/SH_COFF/sh-coff/bin/../lib/gcc/sh-coff/3.4-GNUSH_v0501/../../../../sh-coff/lib\libc.a(atexit.o) (malloc)
c:/saturn/SH_COFF/sh-coff/bin/../lib/gcc/sh-coff/3.4-GNUSH_v0501/../../../../sh-coff/lib\libc.a(mallocr.o)
                              c:/saturn/SH_COFF/sh-coff/bin/../lib/gcc/sh-coff/3.4-GNUSH_v0501/../../../../sh-coff/lib\libc.a(malloc.o) (_malloc_r)
c:/saturn/SH_COFF/sh-coff/bin/../lib/gcc/sh-coff/3.4-GNUSH_v0501/../../../../sh-coff/lib\libc.a(freer.o)
                              c:/saturn/SH_COFF/sh-coff/bin/../lib/gcc/sh-coff/3.4-GNUSH_v0501/../../../../sh-coff/lib\libc.a(malloc.o) (_free_r)
c:/saturn/SH_COFF/sh-coff/bin/../lib/gcc/sh-coff/3.4-GNUSH_v0501/../../../../sh-coff/lib\libc.a(mlock.o)
                              c:/saturn/SH_COFF/sh-coff/bin/../lib/gcc/sh-coff/3.4-GNUSH_v0501/../../../../sh-coff/lib\libc.a(mallocr.o) (__malloc_lock)
c:/saturn/SH_COFF/sh-coff/bin/../lib/gcc/sh-coff/3.4-GNUSH_v0501/../../../../sh-coff/lib\libc.a(sbrkr.o)
                              c:/saturn/SH_COFF/sh-coff/bin/../lib/gcc/sh-coff/3.4-GNUSH_v0501/../../../../sh-coff/lib\libc.a(mallocr.o) (_sbrk_r)
c:/saturn/SH_COFF/sh-coff/bin/../lib/gcc/sh-coff/3.4-GNUSH_v0501/../../../../sh-coff/lib\libc.a(syscalls.o)
                              c:/saturn/SH_COFF/sh-coff/bin/../lib/gcc/sh-coff/3.4-GNUSH_v0501/../../../../sh-coff/lib\libc.a(sbrkr.o) (_sbrk)
c:/saturn/SH_COFF/sh-coff/bin/../lib/gcc/sh-coff/3.4-GNUSH_v0501/../../../../sh-coff/lib\libc.a(trap.o)
                              c:/saturn/SH_COFF/sh-coff/bin/../lib/gcc/sh-coff/3.4-GNUSH_v0501/../../../../sh-coff/lib\libc.a(syscalls.o) (__trap34)
c:/saturn/SH_COFF/sh-coff/bin/../lib/gcc/sh-coff/3.4-GNUSH_v0501/../../../../sh-coff/lib\libc.a(abort.o)
                              c:/saturn/SH_COFF/sh-coff/bin/../lib/gcc/sh-coff/3.4-GNUSH_v0501/../../../../sh-coff/lib\libc.a(syscalls.o) (abort)
c:/saturn/SH_COFF/sh-coff/bin/../lib/gcc/sh-coff/3.4-GNUSH_v0501/../../../../sh-coff/lib\libc.a(signal.o)
                              c:/saturn/SH_COFF/sh-coff/bin/../lib/gcc/sh-coff/3.4-GNUSH_v0501/../../../../sh-coff/lib\libc.a(abort.o) (raise)
c:/saturn/SH_COFF/sh-coff/bin/../lib/gcc/sh-coff/3.4-GNUSH_v0501/../../../../sh-coff/lib\libc.a(signalr.o)
                              c:/saturn/SH_COFF/sh-coff/bin/../lib/gcc/sh-coff/3.4-GNUSH_v0501/../../../../sh-coff/lib\libc.a(signal.o) (_kill_r)

Allocating common symbols
Common symbol       size              file

SclRbgKtbAddr       0x8               ../sbl6/segalib/lib/sega_scl.a(scl_func.o)
sprites             0x1900            sprite.o
SpMstCmd            0x4               ../sbl6/segalib/lib/sega_spr.a(spr_2c.o)
SclRb               0x1               ../sbl6/segalib/lib/sega_scl.a(scl_func.o)
Scl_flag            0x2               ../sbl6/segalib/lib/sega_scl.a(scl_func.o)
per_get_time_flg    0x1               ../sbl6/segalib/lib/sega_per.a(per_prt.o)
SpScreenY           0x4               ../sbl6/segalib/lib/sega_spr.a(spr_1c.o)
SclK_TableBuff      0xcd0             ../sbl6/segalib/lib/sega_scl.a(scl_func.o)
SclAutoEndBlue2     0x2               ../sbl6/segalib/lib/sega_scl.a(scl_pri.o)
SpFbcrMode          0x2               ../sbl6/segalib/lib/sega_spr.a(spr_1c.o)
Sp2OpenFlag         0x4               ../sbl6/segalib/lib/sega_spr.a(spr_2c.o)
SclColOffset        0x10              ../sbl6/segalib/lib/sega_scl.a(scl_pri.o)
SclAddrCsTbl        0x8               ../sbl6/segalib/lib/sega_scl.a(scl_func.o)
SclPriBuffDirty     0x1               ../sbl6/segalib/lib/sega_scl.a(scl_pri.o)
SclAutoEndRed       0x2               ../sbl6/segalib/lib/sega_scl.a(scl_pri.o)
player              0x20              player.o
SclAutoSurface      0x4               ../sbl6/segalib/lib/sega_scl.a(scl_pri.o)
__interrupt_vector  0x400             ../sbl6/segalib/lib/sega_int.a(int.o)
per_hot_res         0x1               ../sbl6/segalib/lib/sega_per.a(per_prt.o)
SclCsx              0x8               ../sbl6/segalib/lib/sega_scl.a(scl_ro00.o)
Scl_s_reg           0x28              ../sbl6/segalib/lib/sega_scl.a(scl_func.o)
SclAutoGreen        0x2               ../sbl6/segalib/lib/sega_scl.a(scl_pri.o)
SclAutoEndGreen     0x2               ../sbl6/segalib/lib/sega_scl.a(scl_pri.o)
SclAutoCount        0x4               ../sbl6/segalib/lib/sega_scl.a(scl_pri.o)
SpGourTblMax        0x4               ../sbl6/segalib/lib/sega_spr.a(spr_2c.o)
SclColRamAlloc256   0x20              ../sbl6/segalib/lib/sega_scl.a(scl_pri.o)
SclRotateXy         0x8               ../sbl6/segalib/lib/sega_scl.a(scl_func.o)
SpDrawPrtyBlk       0x4               ../sbl6/segalib/lib/sega_spr.a(spr_2c.o)
SclAutoCurRate      0x1               ../sbl6/segalib/lib/sega_scl.a(scl_pri.o)
SpLCoordX           0x4               ../sbl6/segalib/lib/sega_spr.a(spr_2c.o)
maps                0xc               scroll.o
SpMstDrawPrtyBlk    0x4               ../sbl6/segalib/lib/sega_spr.a(spr_2c.o)
SclAutoPlusFlag     0x1               ../sbl6/segalib/lib/sega_scl.a(scl_pri.o)
per_set_sys_flg     0x1               ../sbl6/segalib/lib/sega_per.a(per_prt.o)
Scl_d_reg           0x48              ../sbl6/segalib/lib/sega_scl.a(scl_func.o)
SclRotateDisp       0x8               ../sbl6/segalib/lib/sega_scl.a(scl_func.o)
SpGourTbl           0x4               ../sbl6/segalib/lib/sega_spr.a(spr_2c.o)
SclSpColMix         0x8               ../sbl6/segalib/lib/sega_scl.a(scl_pri.o)
SpDil               0x2               ../sbl6/segalib/lib/sega_spr.a(spr_1c.o)
SpLookupTblR        0x2               ../sbl6/segalib/lib/sega_spr.a(spr_2c.o)
SclAutoMax          0x4               ../sbl6/segalib/lib/sega_scl.a(scl_pri.o)
SpCmdTbl            0x4               ../sbl6/segalib/lib/sega_spr.a(spr_2c.o)
SclRotateMoveZ      0x8               ../sbl6/segalib/lib/sega_scl.a(scl_func.o)
SclLineColRamOffset
                    0x4               ../sbl6/segalib/lib/sega_scl.a(scl_pri.o)
SclRotXySw          0x4               ../sbl6/segalib/lib/sega_scl.a(scl_func.o)
per_get_time_adr    0x4               ../sbl6/segalib/lib/sega_per.a(per_prt.o)
SclColRamAlloc2048  0x4               ../sbl6/segalib/lib/sega_scl.a(scl_pri.o)
SclBgPriNum         0x6               ../sbl6/segalib/lib/sega_scl.a(scl_pri.o)
SpCharMax           0x4               ../sbl6/segalib/lib/sega_spr.a(spr_2c.o)
SpDrawPrtyProcFlag  0x4               ../sbl6/segalib/lib/sega_spr.a(spr_2c.o)
SclAutoEndBlue      0x2               ../sbl6/segalib/lib/sega_scl.a(scl_pri.o)
SpCmdNo             0x4               ../sbl6/segalib/lib/sega_spr.a(spr_2c.o)
SclAutoEndGreen2    0x2               ../sbl6/segalib/lib/sega_scl.a(scl_pri.o)
Scl_r_reg           0x10              ../sbl6/segalib/lib/sega_scl.a(scl_func.o)
SclRPMD             0x2               ../sbl6/segalib/lib/sega_scl.a(scl_func.o)
SpDrawPrtyBlkMax    0x4               ../sbl6/segalib/lib/sega_spr.a(spr_2c.o)
SpDie               0x2               ../sbl6/segalib/lib/sega_spr.a(spr_1c.o)
SclAutoVeFlag       0x1               ../sbl6/segalib/lib/sega_scl.a(scl_pri.o)
SclBgColMix         0x8               ../sbl6/segalib/lib/sega_scl.a(scl_pri.o)
text                0x460             print.o
SpSlvCmdPos         0x4               ../sbl6/segalib/lib/sega_spr.a(spr_2c.o)
per_get_sys_data    0xc               ../sbl6/segalib/lib/sega_per.a(per_prt.o)
SclRbgKtbOffset     0x8               ../sbl6/segalib/lib/sega_scl.a(scl_func.o)
SclAutoIndex        0x4               ../sbl6/segalib/lib/sega_scl.a(scl_pri.o)
SclAutoEndRate      0x1               ../sbl6/segalib/lib/sega_scl.a(scl_pri.o)
SpSlvDrawPrtyBlk    0x4               ../sbl6/segalib/lib/sega_spr.a(spr_2c.o)
_SclRotregBuff      0xd0              ../sbl6/segalib/lib/sega_scl.a(scl_func.o)
SclAutoBlue         0x2               ../sbl6/segalib/lib/sega_scl.a(scl_pri.o)
SpTvMode            0x2               ../sbl6/segalib/lib/sega_spr.a(spr_1c.o)
SpScreenX           0x4               ../sbl6/segalib/lib/sega_spr.a(spr_1c.o)
SclRa               0x1               ../sbl6/segalib/lib/sega_scl.a(scl_func.o)
SclRotateZ          0x8               ../sbl6/segalib/lib/sega_scl.a(scl_func.o)
SpCharTbl           0x4               ../sbl6/segalib/lib/sega_spr.a(spr_2c.o)
SclAddrLsTbl        0x8               ../sbl6/segalib/lib/sega_scl.a(scl_func.o)
SclK_TableNum       0x8               ../sbl6/segalib/lib/sega_scl.a(scl_func.o)
SclAutoRed          0x2               ../sbl6/segalib/lib/sega_scl.a(scl_pri.o)
SpCmdTblR           0x2               ../sbl6/segalib/lib/sega_spr.a(spr_2c.o)
SclAutoInterval     0x4               ../sbl6/segalib/lib/sega_scl.a(scl_pri.o)
SclOtherPri         0x10              ../sbl6/segalib/lib/sega_scl.a(scl_pri.o)
per_time_out_flg    0x1               ../sbl6/segalib/lib/sega_per.a(per_prt.o)
SclRotateTableAddress
                    0x4               ../sbl6/segalib/lib/sega_scl.a(scl_func.o)
SpMstCmdPos         0x4               ../sbl6/segalib/lib/sega_spr.a(spr_2c.o)
SpSlvCmd            0x4               ../sbl6/segalib/lib/sega_spr.a(spr_2c.o)
SclAutoRGB          0x600             ../sbl6/segalib/lib/sega_scl.a(scl_pri.o)
errno               0x4               c:/saturn/SH_COFF/sh-coff/bin/../lib/gcc/sh-coff/3.4-GNUSH_v0501/../../../../sh-coff/lib\libc.a(syscalls.o)
SclK_TableFlag      0x4               ../sbl6/segalib/lib/sega_scl.a(scl_func.o)
SclAutoEndRed2      0x2               ../sbl6/segalib/lib/sega_scl.a(scl_pri.o)
SclCsy              0x8               ../sbl6/segalib/lib/sega_scl.a(scl_ro00.o)
SclSpPriNum         0x8               ../sbl6/segalib/lib/sega_scl.a(scl_pri.o)
Scl_w_reg           0x20              ../sbl6/segalib/lib/sega_scl.a(scl_func.o)
SpLCoordY           0x4               ../sbl6/segalib/lib/sega_spr.a(spr_2c.o)
Scl_n_reg           0x40              ../sbl6/segalib/lib/sega_scl.a(scl_func.o)

Memory Configuration

Name             Origin             Length             Attributes
*default*        0x00000000         0xffffffff

Linker script and memory map

LOAD ../sbl6/segasmp/lib/strt1_g.o
LOAD ../sbl6/segasmp/lib/strt2_g.o
LOAD vblank.o
LOAD ../sbl6/segasmp/per/smpclib/per_x1.o
LOAD ../sbl6/segasmp/per/smpclib/per_x2.o
LOAD ../sbl6/segasmp/per/smpclib/per_x3.o
LOAD graphics.o
LOAD sprite.o
LOAD scroll.o
LOAD player.o
LOAD print.o
LOAD main.o
LOAD ../sbl6/segalib/lib/sega_int.a
LOAD ../sbl6/segalib/lib/sega_spr.a
LOAD ../sbl6/segalib/lib/sega_scl.a
LOAD ../sbl6/segalib/lib/sega_mth.a
LOAD ../sbl6/segalib/lib/sega_cdc.a
LOAD ../sbl6/segalib/lib/sega_adp.a
LOAD ../sbl6/segalib/lib/sega_per.a
LOAD ../sbl6/segalib/lib/sega_sat.a
LOAD c:/saturn/SH_COFF/sh-coff/bin/../lib/gcc/sh-coff/3.4-GNUSH_v0501\libgcc.a
LOAD c:/saturn/SH_COFF/sh-coff/bin/../lib/gcc/sh-coff/3.4-GNUSH_v0501/../../../../sh-coff/lib\libc.a
LOAD c:/saturn/SH_COFF/sh-coff/bin/../lib/gcc/sh-coff/3.4-GNUSH_v0501\libgcc.a

.text           0x06010000    0x16330
 *(.text)
 .text          0x06010000       0x30 ../sbl6/segasmp/lib/strt1_g.o
                0x06010024                _D_END
                0x06010020                _D_BGN
                0x0601002c                _B_END
                0x06010028                _B_BGN
                0x06010000                START
 .text          0x06010030       0x60 ../sbl6/segasmp/lib/strt2_g.o
                0x06010050                _INITSCT
                0x06010030                _INIT
 .text          0x06010090      0x4b0 vblank.o
                0x06010090                SetVblank
                0x06010440                UsrVblankOut
                0x060100f0                UsrVblankIn
 .text          0x06010540      0x430 ../sbl6/segasmp/per/smpclib/per_x1.o
                0x060108d4                PER_GetAnalogXYZ
                0x06010564                PER_GetTriggerHandler
                0x060107fe                PER_GetEdge
                0x0601077c                PER_GetTrigger
                0x06010828                PER_GetPressEdge
                0x0601087c                PER_GetReleaseEdge
                0x06010540                PER_SetTriggerHandler
 .text          0x06010970      0x200 ../sbl6/segasmp/per/smpclib/per_x2.o
                0x06010a74                PER_GetDeviceA
                0x06010970                PER_OpenPort
                0x060109a8                PER_GetPort
                0x06010aee                PER_GetDeviceR
 .text          0x06010b70       0x20 ../sbl6/segasmp/per/smpclib/per_x3.o
                0x06010b70                PER_DisguiseTrigger
 .text          0x06010b90     0x9e50 graphics.o
                0x0601a5dc                font3
                0x0601a8dc                font0
                0x060197dc                guy0
                0x06019fdc                font9
                0x060177dc                guyback1
                0x06010b90                map1
                0x06017fdc                guyback0
                0x0601a4dc                font4
                0x0601a2dc                font6
                0x0601a7dc                font1
                0x06018fdc                guy1
                0x06012b90                wood_chr
                0x060167dc                guyside0
                0x06015390                wood_pal
                0x0601a1dc                font7
                0x06016fdc                guyback2
                0x06015fdc                guyside1
                0x060157dc                guyside2
                0x0601a6dc                font2
                0x0601a3dc                font5
                0x060187dc                guy2
                0x06015790                dimensions
                0x0601a0dc                font8
 .text          0x0601a9e0      0x380 sprite.o
                0x0601a9e0                draw_sprite
                0x0601acd0                next_sprite
                0x0601ac80                make_sprite
                0x0601ad30                delete_sprite
 .text          0x0601ad60      0x360 scroll.o
                0x0601b080                get_map_val
                0x0601b050                set_scroll
                0x0601aee0                move_scroll
                0x0601ad60                init_scroll
 .text          0x0601b0c0      0xcc0 player.o
                0x0601b124                player_side
                0x0601b134                player_down
                0x0601b0c0                floor_tiles
                0x0601b12c                player_up
                0x0601b13c                states
                0x0601b290                player_input
                0x0601b160                player_init
                0x0601b1b0                player_animate
 .text          0x0601bd80      0x130 print.o
                0x0601be10                print_display
                0x0601bdc0                print_num
                0x0601bd80                print_init
 .text          0x0601beb0      0x140 main.o
                0x0601beb0                main
 .text          0x0601bff0       0x40 ../sbl6/segalib/lib/sega_int.a(int.o)
                0x0601c01c                INT_GetScuFunc
                0x0601bff0                INT_SetScuFunc
 .text          0x0601c030      0x624 ../sbl6/segalib/lib/sega_int.a(int_trmp.o)
                0x0601c198                __interrupt_handler60
                0x0601c348                __interrupt_handler132
                0x0601c4fe                __interrupt_handler205
                0x0601c366                __interrupt_handler137
                0x0601c294                __interrupt_handler102
                0x0601c0d2                __interrupt_handler27
                0x0601c4d4                __interrupt_handler198
                0x0601c3c6                __interrupt_handler153
                0x0601c0ae                __interrupt_handler21
                0x0601c1bc                __interrupt_handler66
                0x0601c2ac                __interrupt_handler106
                0x0601c3f6                __interrupt_handler161
                0x0601c240                __interrupt_handler88
                0x0601c40e                __interrupt_handler165
                0x0601c31e                __interrupt_handler125
                0x0601c054                __interrupt_handler6
                0x0601c0f0                __interrupt_handler32
                0x0601c4aa                __interrupt_handler191
                0x0601c5c4                __interrupt_handler238
                0x0601c5dc                __interrupt_handler242
                0x0601c3e4                __interrupt_handler158
                0x0601c24c                __interrupt_handler90
                0x0601c408                __interrupt_handler164
                0x0601c12c                __interrupt_handler42
                0x0601c46e                __interrupt_handler181
                0x0601c576                __interrupt_handler225
                0x0601c61e                __interrupt_handler253
                0x0601c432                __interrupt_handler171
                0x0601c1ec                __interrupt_handler74
                0x0601c042                __interrupt_handler3
                0x0601c186                __interrupt_handler57
                0x0601c084                __interrupt_handler14
                0x0601c51c                __interrupt_handler210
                0x0601c54c                __interrupt_handler218
                0x0601c510                __interrupt_handler208
                0x0601c114                __interrupt_handler38
                0x0601c030                __interrupt_handler0
                0x0601c2a0                __interrupt_handler104
                0x0601c3de                __interrupt_handler157
                0x0601c52e                __interrupt_handler213
                0x0601c420                __interrupt_handler168
                0x0601c22e                __interrupt_handler85
                0x0601c2ca                __interrupt_handler111
                0x0601c2dc                __interrupt_handler114
                0x0601c14a                __interrupt_handler47
                0x0601c5a0                __interrupt_handler232
                0x0601c56a                __interrupt_handler223
                0x0601c5be                __interrupt_handler237
                0x0601c1aa                __interrupt_handler63
                0x0601c138                __interrupt_handler44
                0x0601c44a                __interrupt_handler175
                0x0601c474                __interrupt_handler182
                0x0601c48c                __interrupt_handler186
                0x0601c38a                __interrupt_handler143
                0x0601c2b2                __interrupt_handler107
                0x0601c318                __interrupt_handler124
                0x0601c438                __interrupt_handler172
                0x0601c5ee                __interrupt_handler245
                0x0601c26a                __interrupt_handler95
                0x0601c342                __interrupt_handler131
                0x0601c354                __interrupt_handler134
                0x0601c372                __interrupt_handler139
                0x0601c1e0                __interrupt_handler72
                0x0601c59a                __interrupt_handler231
                0x0601c3f0                __interrupt_handler160
                0x0601c336                __interrupt_handler129
                0x0601c0a8                __interrupt_handler20
                0x0601c1b6                __interrupt_handler65
                0x0601c180                __interrupt_handler56
                0x0601c07e                __interrupt_handler13
                0x0601c516                __interrupt_handler209
                0x0601c2d0                __interrupt_handler112
                0x0601c0a2                __interrupt_handler19
                0x0601c25e                __interrupt_handler93
                0x0601c4c8                __interrupt_handler196
                0x0601c3ba                __interrupt_handler151
                0x0601c41a                __interrupt_handler167
                0x0601c630                __trampoline
                0x0601c096                __interrupt_handler17
                0x0601c588                __interrupt_handler228
                0x0601c62a                __interrupt_handler255
                0x0601c5e8                __interrupt_handler244
                0x0601c282                __interrupt_handler99
                0x0601c47a                __interrupt_handler183
                0x0601c378                __interrupt_handler140
                0x0601c49e                __interrupt_handler189
                0x0601c39c                __interrupt_handler146
                0x0601c564                __interrupt_handler222
                0x0601c3d8                __interrupt_handler156
                0x0601c30c                __interrupt_handler122
                0x0601c600                __interrupt_handler248
                0x0601c150                __interrupt_handler48
                0x0601c1ce                __interrupt_handler69
                0x0601c0c0                __interrupt_handler24
                0x0601c246                __interrupt_handler89
                0x0601c53a                __interrupt_handler215
                0x0601c624                __interrupt_handler254
                0x0601c23a                __interrupt_handler87
                0x0601c19e                __interrupt_handler61
                0x0601c4c2                __interrupt_handler195
                0x0601c3b4                __interrupt_handler150
                0x0601c126                __interrupt_handler41
                0x0601c2c4                __interrupt_handler110
                0x0601c32a                __interrupt_handler127
                0x0601c2b8                __interrupt_handler108
                0x0601c2d6                __interrupt_handler113
                0x0601c2e8                __interrupt_handler116
                0x0601c306                __interrupt_handler121
                0x0601c1fe                __interrupt_handler77
                0x0601c11a                __interrupt_handler39
                0x0601c132                __interrupt_handler43
                0x0601c606                __interrupt_handler249
                0x0601c444                __interrupt_handler174
                0x0601c360                __interrupt_handler136
                0x0601c498                __interrupt_handler188
                0x0601c396                __interrupt_handler145
                0x0601c066                __interrupt_handler9
                0x0601c20a                __interrupt_handler79
                0x0601c582                __interrupt_handler227
                0x0601c0fc                __interrupt_handler34
                0x0601c33c                __interrupt_handler130
                0x0601c5fa                __interrupt_handler247
                0x0601c1f2                __interrupt_handler75
                0x0601c43e                __interrupt_handler173
                0x0601c16e                __interrupt_handler53
                0x0601c3ae                __interrupt_handler149
                0x0601c612                __interrupt_handler251
                0x0601c5a6                __interrupt_handler233
                0x0601c06c                __interrupt_handler10
                0x0601c4f8                __interrupt_handler204
                0x0601c21c                __interrupt_handler82
                0x0601c222                __interrupt_handler83
                0x0601c0c6                __interrupt_handler25
                0x0601c5e2                __interrupt_handler243
                0x0601c3fc                __interrupt_handler162
                0x0601c144                __interrupt_handler46
                0x0601c45c                __interrupt_handler178
                0x0601c210                __interrupt_handler80
                0x0601c1a4                __interrupt_handler62
                0x0601c03c                __interrupt_handler2
                0x0601c0de                __interrupt_handler29
                0x0601c1d4                __interrupt_handler70
                0x0601c2be                __interrupt_handler109
                0x0601c3a8                __interrupt_handler148
                0x0601c264                __interrupt_handler94
                0x0601c570                __interrupt_handler224
                0x0601c29a                __interrupt_handler103
                0x0601c108                __interrupt_handler36
                0x0601c324                __interrupt_handler126
                0x0601c5f4                __interrupt_handler246
                0x0601c17a                __interrupt_handler55
                0x0601c078                __interrupt_handler12
                0x0601c168                __interrupt_handler52
                0x0601c492                __interrupt_handler187
                0x0601c390                __interrupt_handler144
                0x0601c2ee                __interrupt_handler117
                0x0601c09c                __interrupt_handler18
                0x0601c4ce                __interrupt_handler197
                0x0601c3c0                __interrupt_handler152
                0x0601c2f4                __interrupt_handler118
                0x0601c42c                __interrupt_handler170
                0x0601c4e6                __interrupt_handler201
                0x0601c276                __interrupt_handler97
                0x0601c402                __interrupt_handler163
                0x0601c468                __interrupt_handler180
                0x0601c4b0                __interrupt_handler192
                0x0601c5d0                __interrupt_handler240
                0x0601c312                __interrupt_handler123
                0x0601c534                __interrupt_handler214
                0x0601c0ea                __interrupt_handler31
                0x0601c0d8                __interrupt_handler28
                0x0601c1c2                __interrupt_handler67
                0x0601c1c8                __interrupt_handler68
                0x0601c0b4                __interrupt_handler22
                0x0601c0ba                __interrupt_handler23
                0x0601c450                __interrupt_handler176
                0x0601c05a                __interrupt_handler7
                0x0601c55e                __interrupt_handler221
                0x0601c546                __interrupt_handler217
                0x0601c58e                __interrupt_handler229
                0x0601c156                __interrupt_handler49
                0x0601c048                __interrupt_handler4
                0x0601c120                __interrupt_handler40
                0x0601c2e2                __interrupt_handler115
                0x0601c5b2                __interrupt_handler235
                0x0601c252                __interrupt_handler91
                0x0601c504                __interrupt_handler206
                0x0601c456                __interrupt_handler177
                0x0601c3a2                __interrupt_handler147
                0x0601c10e                __interrupt_handler37
                0x0601c60c                __interrupt_handler250
                0x0601c036                __interrupt_handler1
                0x0601c552                __interrupt_handler219
                0x0601c1f8                __interrupt_handler76
                0x0601c288                __interrupt_handler100
                0x0601c18c                __interrupt_handler58
                0x0601c08a                __interrupt_handler15
                0x0601c528                __interrupt_handler212
                0x0601c5d6                __interrupt_handler241
                0x0601c4ec                __interrupt_handler202
                0x0601c4b6                __interrupt_handler193
                0x0601c204                __interrupt_handler78
                0x0601c15c                __interrupt_handler50
                0x0601c0f6                __interrupt_handler33
                0x0601c414                __interrupt_handler166
                0x0601c36c                __interrupt_handler138
                0x0601c35a                __interrupt_handler135
                0x0601c0e4                __interrupt_handler30
                0x0601c480                __interrupt_handler184
                0x0601c37e                __interrupt_handler141
                0x0601c594                __interrupt_handler230
                0x0601c5b8                __interrupt_handler236
                0x0601c2fa                __interrupt_handler119
                0x0601c234                __interrupt_handler86
                0x0601c2a6                __interrupt_handler105
                0x0601c216                __interrupt_handler81
                0x0601c300                __interrupt_handler120
                0x0601c330                __interrupt_handler128
                0x0601c174                __interrupt_handler54
                0x0601c072                __interrupt_handler11
                0x0601c4da                __interrupt_handler199
                0x0601c3cc                __interrupt_handler154
                0x0601c13e                __interrupt_handler45
                0x0601c540                __interrupt_handler216
                0x0601c4f2                __interrupt_handler203
                0x0601c28e                __interrupt_handler101
                0x0601c228                __interrupt_handler84
                0x0601c486                __interrupt_handler185
                0x0601c384                __interrupt_handler142
                0x0601c0cc                __interrupt_handler26
                0x0601c1b0                __interrupt_handler64
                0x0601c4e0                __interrupt_handler200
                0x0601c50a                __interrupt_handler207
                0x0601c4bc                __interrupt_handler194
                0x0601c258                __interrupt_handler92
                0x0601c3d2                __interrupt_handler155
                0x0601c522                __interrupt_handler211
                0x0601c34e                __interrupt_handler133
                0x0601c04e                __interrupt_handler5
                0x0601c1e6                __interrupt_handler73
                0x0601c090                __interrupt_handler16
                0x0601c5ca                __interrupt_handler239
                0x0601c5ac                __interrupt_handler234
                0x0601c102                __interrupt_handler35
                0x0601c192                __interrupt_handler59
                0x0601c426                __interrupt_handler169
                0x0601c27c                __interrupt_handler98
                0x0601c1da                __interrupt_handler71
                0x0601c162                __interrupt_handler51
                0x0601c3ea                __interrupt_handler159
                0x0601c57c                __interrupt_handler226
                0x0601c270                __interrupt_handler96
                0x0601c4a4                __interrupt_handler190
                0x0601c558                __interrupt_handler220
                0x0601c060                __interrupt_handler8
                0x0601c462                __interrupt_handler179
                0x0601c618                __interrupt_handler252
 *fill*         0x0601c654        0xc 00
 .text          0x0601c660     0x12a0 ../sbl6/segalib/lib/sega_spr.a(spr_2c.o)
                0x0601d8c0                SlaveFlushDrawPrtyBlock
                0x0601c660                SPR_2Initial
                0x0601cea4                SPR_2SysClip
                0x0601ce44                SPR_2LocalCoord
                0x0601d73c                SPR_2FlushDrawPrtyBlock
                0x0601d428                SPR_2DistSpr
                0x0601ce2c                SPR_2FlushDrawPrty
                0x0601d54c                SPR_2Cmd
                0x0601cb28                SPR_2GourTblNoToVram
                0x0601cb88                SPR_2GetAreaSizeInfo
                0x0601c8f0                SPR_2SetGourTbl
                0x0601d0dc                SPR_2Polygon
                0x0601cb64                SPR_2CharNoToVram
                0x0601c870                SPR_2SetTvMode
                0x0601cccc                SPR_2CloseCommand
                0x0601c8ac                SPR_2FrameEraseData
                0x0601c688                SPR_2Initial2
                0x0601d2bc                SPR_2ScaleSpr
                0x0601cf4c                SPR_2Line
                0x0601cc18                SPR_2OpenCommand
                0x0601c88c                SPR_2FrameChgIntr
                0x0601d198                SPR_2NormSpr
                0x0601c920                SPR_2SetLookupTbl
                0x0601c954                SPR_2SetChar
                0x0601cb4c                SPR_2LookupTblNoToVram
                0x0601d020                SPR_2PolyLine
                0x0601cac0                SPR_2ClrAllChar
                0x0601ca74                SPR_2ClrChar
                0x0601cef0                SPR_2UserClip
 .text          0x0601d900      0x1e6 ../sbl6/segalib/lib/sega_spr.a(spr_slv.o)
                0x0601da64                SPR_WaitEndSlaveSH
                0x0601d900                SPR_SMPC_SSHON
                0x0601da40                SPR_RunSlaveSH
                0x0601d904                SPR_InitSlaveSH
                0x0601d9cc                SPR_SlaveSHmain
                0x0601d901                SPR_SMPC_SSHOFF
 *fill*         0x0601dae6        0xa 00
 .text          0x0601daf0      0x36a ../sbl6/segalib/lib/sega_spr.a(spr_1c.o)
                0x0601dda4                SPR_WaitDrawEnd
                0x0601ddbc                SPR_SetEosMode
                0x0601dcd4                SPR_SetEraseData
                0x0601daf0                SPR_Initial
                0x0601dbc8                SPR_SetTvMode
                0x0601dc60                SPR_GetStatus
 *fill*         0x0601de5a        0x6 00
 .text          0x0601de60      0x244 ../sbl6/segalib/lib/sega_spr.a(spr_2a.o)
                0x0601de72                sprMemCpyW
                0x0601ded0                flushDrawPrtyBlock
                0x0601de60                sprMemCpyL
                0x0601de84                SPR_2SetDrawPrty
 *fill*         0x0601e0a4        0xc 00
 .text          0x0601e0b0      0x2fc ../sbl6/segalib/lib/sega_scl.a(scl_vblv.o)
                0x0601e16c                SCL_DisplayFrame
                0x0601e0b0                SCL_SetFrameInterval
                0x0601e1a0                SCL_VblInit
                0x0601e1f0                SCL_VblankStart
                0x0601e234                SCL_VblankEnd
 *fill*         0x0601e3ac        0x4 00
 .text          0x0601e3b0      0xb9c ../sbl6/segalib/lib/sega_scl.a(scl_func.o)
                0x0601ed8c                SCL_Vdp2_SGLInit
                0x0601ec9c                SCL_PriIntProc
                0x0601ec14                SCL_Memcpyw
                0x0601ef2c                SCL_SglOff
                0x0601ef0c                SCL_SglOn
                0x0601eb80                SCL_ScrollShow
                0x0601e628                SCL_Close
                0x0601e920                SCL_Scale
                0x0601e3b0                SCL_Vdp2Init
                0x0601e794                SCL_Move
                0x0601ea5c                SCL_CopyReg
                0x0601e604                SCL_Open
                0x0601e434                SCL_ParametersInit
                0x0601e644                SCL_MoveTo
                0x0601ec3c                SCL_SetColRamMode
 *fill*         0x0601ef4c        0x4 00
 .text          0x0601ef50      0x138 ../sbl6/segalib/lib/sega_scl.a(scl_pr03.o)
                0x0601ef50                SCL_FreeColRam
                0x0601ef88                SCL_AllocColRam
 *fill*         0x0601f088        0x8 00
 .text          0x0601f090       0x9c ../sbl6/segalib/lib/sega_scl.a(scl_pr02.o)
                0x0601f090                SCL_SetColRam
 *fill*         0x0601f12c        0x4 00
 .text          0x0601f130       0x84 ../sbl6/segalib/lib/sega_scl.a(scl_back.o)
                0x0601f130                SCL_SetBack
 *fill*         0x0601f1b4        0xc 00
 .text          0x0601f1c0      0x94c ../sbl6/segalib/lib/sega_scl.a(scl_fu03.o)
                0x0601f21c                SCL_SetConfig
                0x0601f1c0                SCL_InitConfigTb
 *fill*         0x0601fb0c        0x4 00
 .text          0x0601fb10      0x4f4 ../sbl6/segalib/lib/sega_scl.a(scl_fu02.o)
                0x0601fb48                SCL_SetVramConfig
                0x0601fb10                SCL_InitVramConfigTb
 *fill*         0x06020004        0xc 00
 .text          0x06020010       0x28 ../sbl6/segalib/lib/sega_scl.a(scl_fu04.o)
                0x06020010                SCL_SetCycleTable
 *fill*         0x06020038        0x8 00
 .text          0x06020040      0x214 ../sbl6/segalib/lib/sega_scl.a(scl_pr07.o)
                0x06020040                SCL_SetPriority
 *fill*         0x06020254        0xc 00
 .text          0x06020260       0x58 ../sbl6/segalib/lib/sega_scl.a(scl_pr01.o)
                0x06020260                SCL_SetSpriteMode
 *fill*         0x060202b8        0x8 00
 .text          0x060202c0     0x10a4 ../sbl6/segalib/lib/sega_scl.a(scl_pri.o)
                0x06020354                SCL_AbortAutoVe
                0x06021204                SCL_SetShadowBit
                0x060207cc                SCL_AutoExec
                0x060202c0                SCL_PriorityInit
                0x06020ce0                SCL_IncColOffset
                0x06020368                SCL_SetColMixRate
                0x06020338                SCL_GetColRamMode
 *fill*         0x06021364        0xc 00
 .text          0x06021370     0x1394 ../sbl6/segalib/lib/sega_scl.a(scl_ro00.o)
                0x0602255c                SCL_RotateZD
                0x06021824                SCL_Rotate
                0x060214f8                SCL_InitRotateTable
 *fill*         0x06022704        0xc 00
 .text          0x06022710      0x1b4 ../sbl6/segalib/lib/sega_scl.a(scl_pr06.o)
                0x06022710                SCL_SetColRamOffset
 *fill*         0x060228c4        0xc 00
 .text          0x060228d0       0xac ../sbl6/segalib/lib/sega_scl.a(scl_pr05.o)
                0x060228d0                SCL_GetColRamOffset
 *fill*         0x0602297c        0x4 00
 .text          0x06022980       0xa4 ../sbl6/segalib/lib/sega_mth.a(mth_fixd.o)
                0x060229d0                MTH_FixedToInt
                0x060229c0                MTH_IntToFixed
                0x06022980                MTH_Mul
                0x060229e0                MTH_Product
                0x060229a0                MTH_Div
 *fill*         0x06022a24        0xc 00
 .text          0x06022a30      0x600 ../sbl6/segalib/lib/sega_mth.a(mth_tri.o)
                0x06022acc                fcos
                0x06022ad2                fsin
                0x06022a7c                MTH_Cos
                0x06022a30                MTH_Sin
                0x06022c70                MTH_Atan
 .text          0x06023030      0xf50 ../sbl6/segalib/lib/sega_per.a(per_prt.o)
                0x06023450                PER_IntFunc
                0x06023248                PER_LGetPer
                0x06023030                PER_LInit
 .text          0x06023f80      0x1f4 ../sbl6/segalib/lib/sega_sat.a(DMA_SCU1.o)
                0x060240dc                DMA_ScuResult
                0x06023f80                DMA_ScuInit
                0x06023fd0                DMA_ScuMemCopy
 *fill*         0x06024174        0xc 00
 .text          0x06024180      0x308 ../sbl6/segalib/lib/sega_sat.a(DMA_SCU0.o)
                0x06024204                DMA_ScuStart
                0x06024338                DMA_ScuIntFunc0
                0x060243a8                DMA_ScuIntFunc1
                0x06024418                DMA_ScuIntFunc2
                0x060242f8                DMA_ScuGetStatus
                0x06024180                DMA_ScuSetPrm
 *fill*         0x06024488        0x8 00
 .text          0x06024490       0xe8 ../sbl6/segalib/lib/sega_sat.a(csh_main.o)
                0x06024490                CSH_Init
                0x060244f8                CSH_AllClr
                0x06024544                CSH_Purge
 *fill*         0x06024578        0x8 00
 .text          0x06024580       0x90 c:/saturn/SH_COFF/sh-coff/bin/../lib/gcc/sh-coff/3.4-GNUSH_v0501\libgcc.a(_ashiftlt.o)
                0x06024580                __ashlsi3
 .text          0x06024610       0xa0 c:/saturn/SH_COFF/sh-coff/bin/../lib/gcc/sh-coff/3.4-GNUSH_v0501\libgcc.a(__main.o)
                0x06024684                __main
                0x06024610                __do_global_dtors
                0x06024644                __do_global_ctors
 .text          0x060246b0       0x70 c:/saturn/SH_COFF/sh-coff/bin/../lib/gcc/sh-coff/3.4-GNUSH_v0501\libgcc.a(_udivsi3.o)
                0x060246d2                __udivsi3
 .text          0x06024720       0x60 c:/saturn/SH_COFF/sh-coff/bin/../lib/gcc/sh-coff/3.4-GNUSH_v0501\libgcc.a(_ashiftrt.o)
                0x0602472c                __ashiftrt_r4_27
                0x06024760                __ashiftrt_r4_6
                0x06024750                __ashiftrt_r4_14
                0x06024742                __ashiftrt_r4_19
                0x0602475a                __ashiftrt_r4_9
                0x0602476e                __ashiftrt_r4_0
                0x06024720                __ashiftrt_r4_31
                0x0602472e                __ashiftrt_r4_26
                0x0602473c                __ashiftrt_r4_22
                0x06024748                __ashiftrt_r4_16
                0x06024754                __ashiftrt_r4_12
                0x06024728                __ashiftrt_r4_29
                0x06024746                __ashiftrt_r4_17
                0x06024726                __ashiftrt_r4_30
                0x06024762                __ashiftrt_r4_5
                0x0602475c                __ashiftrt_r4_8
                0x06024720                __ashiftrt_r4_32
                0x06024730                __ashiftrt_r4_25
                0x06024768                __ashiftrt_r4_2
                0x06024732                __ashiftrt_r4_24
                0x0602474e                __ashiftrt_r4_15
                0x06024758                __ashiftrt_r4_10
                0x0602476a                __ashiftrt_r4_1
                0x0602472a                __ashiftrt_r4_28
                0x06024740                __ashiftrt_r4_20
                0x0602475e                __ashiftrt_r4_7
                0x06024752                __ashiftrt_r4_13
                0x06024756                __ashiftrt_r4_11
                0x06024764                __ashiftrt_r4_4
                0x0602473a                __ashiftrt_r4_23
                0x06024744                __ashiftrt_r4_18
                0x0602473e                __ashiftrt_r4_21
                0x06024766                __ashiftrt_r4_3
 .text          0x06024780       0xb0 c:/saturn/SH_COFF/sh-coff/bin/../lib/gcc/sh-coff/3.4-GNUSH_v0501\libgcc.a(_si_to_df.o)
                0x06024780                __floatsidf
 .text          0x06024830      0x2e0 c:/saturn/SH_COFF/sh-coff/bin/../lib/gcc/sh-coff/3.4-GNUSH_v0501\libgcc.a(_mul_df.o)
                0x06024840                __muldf3
 .text          0x06024b10       0x80 c:/saturn/SH_COFF/sh-coff/bin/../lib/gcc/sh-coff/3.4-GNUSH_v0501\libgcc.a(_df_to_si.o)
                0x06024b10                __fixdfsi
 .text          0x06024b90      0x220 c:/saturn/SH_COFF/sh-coff/bin/../lib/gcc/sh-coff/3.4-GNUSH_v0501\libgcc.a(_pack_df.o)
                0x06024ba0                __pack_d
 .text          0x06024db0      0x120 c:/saturn/SH_COFF/sh-coff/bin/../lib/gcc/sh-coff/3.4-GNUSH_v0501\libgcc.a(_unpack_df.o)
                0x06024dc0                __unpack_d
 .text          0x06024ed0       0x20 c:/saturn/SH_COFF/sh-coff/bin/../lib/gcc/sh-coff/3.4-GNUSH_v0501\libgcc.a(_thenan_df.o)
                0x06024ed0                __thenan_df
 .text          0x06024ef0       0xd0 c:/saturn/SH_COFF/sh-coff/bin/../lib/gcc/sh-coff/3.4-GNUSH_v0501\libgcc.a(_muldi3.o)
                0x06024ef0                __muldi3
 .text          0x06024fc0       0x80 c:/saturn/SH_COFF/sh-coff/bin/../lib/gcc/sh-coff/3.4-GNUSH_v0501\libgcc.a(_lshrdi3.o)
                0x06024fc0                __lshrdi3
 .text          0x06025040       0x80 c:/saturn/SH_COFF/sh-coff/bin/../lib/gcc/sh-coff/3.4-GNUSH_v0501\libgcc.a(_ashldi3.o)
                0x06025040                __ashldi3
 .text          0x060250c0       0x30 c:/saturn/SH_COFF/sh-coff/bin/../lib/gcc/sh-coff/3.4-GNUSH_v0501\libgcc.a(_mulsi3.o)
                0x060250c0                __mulsi3
 .text          0x060250f0       0x90 c:/saturn/SH_COFF/sh-coff/bin/../lib/gcc/sh-coff/3.4-GNUSH_v0501\libgcc.a(_lshiftrt.o)
                0x060250f0                __lshrsi3
 .text          0x06025180       0xa0 c:/saturn/SH_COFF/sh-coff/bin/../lib/gcc/sh-coff/3.4-GNUSH_v0501/../../../../sh-coff/lib\libc.a(memcpy.o)
                0x06025180                memcpy
 .text          0x06025220       0x40 c:/saturn/SH_COFF/sh-coff/bin/../lib/gcc/sh-coff/3.4-GNUSH_v0501/../../../../sh-coff/lib\libc.a(memset.o)
                0x06025220                memset
 .text          0x06025260       0x90 c:/saturn/SH_COFF/sh-coff/bin/../lib/gcc/sh-coff/3.4-GNUSH_v0501/../../../../sh-coff/lib\libc.a(atexit.o)
                0x06025260                atexit
 .text          0x060252f0       0x10 c:/saturn/SH_COFF/sh-coff/bin/../lib/gcc/sh-coff/3.4-GNUSH_v0501/../../../../sh-coff/lib\libc.a(impure.o)
                0x060252f0                _global_impure_ptr
 .text          0x06025300       0x40 c:/saturn/SH_COFF/sh-coff/bin/../lib/gcc/sh-coff/3.4-GNUSH_v0501/../../../../sh-coff/lib\libc.a(malloc.o)
                0x0602531c                free
                0x06025300                malloc
 .text          0x06025340      0x5b0 c:/saturn/SH_COFF/sh-coff/bin/../lib/gcc/sh-coff/3.4-GNUSH_v0501/../../../../sh-coff/lib\libc.a(mallocr.o)
                0x06025340                _malloc_r
 .text          0x060258f0      0x340 c:/saturn/SH_COFF/sh-coff/bin/../lib/gcc/sh-coff/3.4-GNUSH_v0501/../../../../sh-coff/lib\libc.a(freer.o)
                0x060258f0                _malloc_trim_r
                0x060259e4                _free_r
 .text          0x06025c30       0x20 c:/saturn/SH_COFF/sh-coff/bin/../lib/gcc/sh-coff/3.4-GNUSH_v0501/../../../../sh-coff/lib\libc.a(mlock.o)
                0x06025c30                __malloc_lock
                0x06025c3c                __malloc_unlock
 .text          0x06025c50       0x50 c:/saturn/SH_COFF/sh-coff/bin/../lib/gcc/sh-coff/3.4-GNUSH_v0501/../../../../sh-coff/lib\libc.a(sbrkr.o)
                0x06025c50                _sbrk_r
 .text          0x06025ca0      0x380 c:/saturn/SH_COFF/sh-coff/bin/../lib/gcc/sh-coff/3.4-GNUSH_v0501/../../../../sh-coff/lib\libc.a(syscalls.o)
                0x06025e0c                _exit
                0x06025e40                _getpid
                0x06025ea8                _utime
                0x06025cd8                _write
                0x06025ca0                _read
                0x06025df4                _unlink
                0x06025dbc                _open
                0x06025e58                _stat
                0x06025e00                isatty
                0x06025ed8                _wait
                0x06025e24                _kill
                0x06025e74                _chmod
                0x06025f08                _execv
                0x06025eec                _execve
                0x06025fe4                __setup_argv_and_call_main
                0x06025f40                _gettimeofday
                0x06025d0c                _link
                0x06025e4c                _raise
                0x06025dd8                _creat
                0x06025f20                _pipe
                0x06025e8c                _chown
                0x06025cbc                _lseek
                0x06025cf4                _close
                0x06025f34                _times
                0x06025da8                _fstat
                0x06025ec4                _fork
                0x06025d34                _sbrk
 .text          0x06026020       0x20 c:/saturn/SH_COFF/sh-coff/bin/../lib/gcc/sh-coff/3.4-GNUSH_v0501/../../../../sh-coff/lib\libc.a(trap.o)
                0x06026020                __trap34
 .text          0x06026040       0x20 c:/saturn/SH_COFF/sh-coff/bin/../lib/gcc/sh-coff/3.4-GNUSH_v0501/../../../../sh-coff/lib\libc.a(abort.o)
                0x06026040                abort
 .text          0x06026060      0x270 c:/saturn/SH_COFF/sh-coff/bin/../lib/gcc/sh-coff/3.4-GNUSH_v0501/../../../../sh-coff/lib\libc.a(signal.o)
                0x06026120                _raise_r
                0x060262a8                __sigtramp
                0x06026254                raise
                0x06026290                _init_signal
                0x060261e0                __sigtramp_r
                0x06026270                signal
                0x060260ac                _signal_r
                0x06026060                _init_signal_r
 .text          0x060262d0       0x60 c:/saturn/SH_COFF/sh-coff/bin/../lib/gcc/sh-coff/3.4-GNUSH_v0501/../../../../sh-coff/lib\libc.a(signalr.o)
                0x06026318                _getpid_r
                0x060262d0                _kill_r
 *(.strings)

.tors           0x06026330        0x0
                0x06026330                ___ctors = .
 *(.ctors)
                0x06026330                ___ctors_end = .
                0x06026330                ___dtors = .
 *(.dtors)
                0x06026330                ___dtors_end = .

.data           0x06026330     0x1100
                0x06026330                STARTOF_R = .
 *(.data)
 .data          0x06026330      0x400 ../sbl6/segasmp/per/smpclib/per_x1.o
 .data          0x06026730       0x50 graphics.o
                0x06026730                tiles
 .data          0x06026780       0x10 scroll.o
                0x06026780                CycleTb
 .data          0x06026790       0x30 main.o
 .data          0x060267c0      0x400 ../sbl6/segalib/lib/sega_int.a(int.o)
 .data          0x06026bc0       0x1c ../sbl6/segalib/lib/sega_spr.a(spr_slv.o)
                0x06026bc8                SPR_SlaveParam
                0x06026bd8                SPR_SMPC_SF
                0x06026bd0                SPR_SMPC_COM
                0x06026bcc                SPR_SlaveSHEntry
                0x06026bc4                SPR_SlaveState
                0x06026bc0                SPR_SlaveCommand
                0x06026bd4                SPR_SMPC_RET
 *fill*         0x06026bdc        0x4 00
 .data          0x06026be0       0x34 ../sbl6/segalib/lib/sega_spr.a(spr_1c.o)
                0x06026be0                SpInitialFlag
 *fill*         0x06026c14        0xc 00
 .data          0x06026c20       0x1c ../sbl6/segalib/lib/sega_scl.a(scl_vblv.o)
                0x06026c28                VBInterval
                0x06026c30                ReqDisplayFlag
                0x06026c20                SpFrameChgMode
                0x06026c2c                VBIntervalCounter
                0x06026c24                SpFrameEraseMode
 *fill*         0x06026c3c        0x4 00
 .data          0x06026c40       0x36 ../sbl6/segalib/lib/sega_scl.a(scl_func.o)
                0x06026c50                SclRotregBuff
                0x06026c4c                SclDisplayY
                0x06026c54                SclRotateTableMode
                0x06026c48                SclProcess
                0x06026c44                SclCurSclNum
                0x06026c40                SclLengthLsTbl
                0x06026c4a                SclDisplayX
                0x06026c42                SclLengthCsTbl
 *fill*         0x06026c76        0xa 00
 .data          0x06026c80       0x18 ../sbl6/segalib/lib/sega_scl.a(scl_pri.o)
                0x06026c84                SclRealSpPriNum
                0x06026c94                SclRealColOffset
                0x06026c90                SclRealBgColMix
                0x06026c8c                SclRealSpColMix
                0x06026c88                SclRealBgPriNum
                0x06026c80                SclRealOtherPri
 *fill*         0x06026c98        0x8 00
 .data          0x06026ca0      0x380 c:/saturn/SH_COFF/sh-coff/bin/../lib/gcc/sh-coff/3.4-GNUSH_v0501/../../../../sh-coff/lib\libc.a(impure.o)
                0x0602701c                _impure_ptr
 .data          0x06027020      0x410 c:/saturn/SH_COFF/sh-coff/bin/../lib/gcc/sh-coff/3.4-GNUSH_v0501/../../../../sh-coff/lib\libc.a(mallocr.o)
                0x06027028                __malloc_av_
                0x06027024                __malloc_trim_threshold
                0x06027020                __malloc_sbrk_base
                0x06027430                SIZEOF_R = (. - STARTOF_R)
                0x06027430                ENDOF_R = .

.bss            0x06027430     0x6f54
                0x06027430                STARTOF_B = .
 *(.bss)
 .bss           0x06027430       0x10 vblank.o
                0x06027434                PadData2E
                0x0602743a                PadData1
                0x06027436                PadData2
                0x06027438                PadData1E
                0x06027430                __port
 .bss           0x06027440       0xd0 ../sbl6/segasmp/per/smpclib/per_x2.o
 .bss           0x06027510       0x10 sprite.o
                0x06027510                num_sprites
 .bss           0x06027520       0x30 scroll.o
                0x06027520                copy_mode
                0x06027524                map_tile_y
                0x0602752c                scrolls_y
                0x06027528                map_tile_x
                0x0602753c                scrolls_x
 .bss           0x06027550       0x10 player.o
                0x06027550                anim_cursor
 .bss           0x06027560     0x3430 main.o
 .bss           0x0602a990       0x6e ../sbl6/segalib/lib/sega_spr.a(spr_2c.o)
 *fill*         0x0602a9fe        0x2 00
 .bss           0x0602aa00        0x4 ../sbl6/segalib/lib/sega_scl.a(scl_vblv.o)
 *fill*         0x0602aa04        0xc 00
 .bss           0x0602aa10        0x4 ../sbl6/segalib/lib/sega_scl.a(scl_func.o)
 *fill*         0x0602aa14        0xc 00
 .bss           0x0602aa20       0x48 ../sbl6/segalib/lib/sega_scl.a(scl_ro00.o)
 *fill*         0x0602aa68        0x8 00
 .bss           0x0602aa70       0x9c ../sbl6/segalib/lib/sega_per.a(per_prt.o)
 *fill*         0x0602ab0c        0x4 00
 .bss           0x0602ab10        0xc ../sbl6/segalib/lib/sega_sat.a(DMA_SCU1.o)
 *fill*         0x0602ab1c        0x4 00
 .bss           0x0602ab20       0x20 ../sbl6/segalib/lib/sega_sat.a(DMA_SCU0.o)
 .bss           0x0602ab40       0x10 c:/saturn/SH_COFF/sh-coff/bin/../lib/gcc/sh-coff/3.4-GNUSH_v0501\libgcc.a(__main.o)
 .bss           0x0602ab50       0x10 c:/saturn/SH_COFF/sh-coff/bin/../lib/gcc/sh-coff/3.4-GNUSH_v0501/../../../../sh-coff/lib\libc.a(atexit.o)
 .bss           0x0602ab60       0x40 c:/saturn/SH_COFF/sh-coff/bin/../lib/gcc/sh-coff/3.4-GNUSH_v0501/../../../../sh-coff/lib\libc.a(mallocr.o)
                0x0602ab90                __malloc_top_pad
                0x0602ab60                __malloc_current_mallinfo
                0x0602ab8c                __malloc_max_sbrked_mem
                0x0602ab88                __malloc_max_total_mem
 .bss           0x0602aba0       0x10 c:/saturn/SH_COFF/sh-coff/bin/../lib/gcc/sh-coff/3.4-GNUSH_v0501/../../../../sh-coff/lib\libc.a(syscalls.o)
 *(COMMON)
 COMMON         0x0602abb0     0x1900 sprite.o
                                  0x0 (size before relaxing)
                0x0602abb0                sprites
 COMMON         0x0602c4b0        0xc scroll.o
                                  0x0 (size before relaxing)
                0x0602c4b0                maps
 *fill*         0x0602c4bc        0x4 00
 COMMON         0x0602c4c0       0x20 player.o
                                  0x0 (size before relaxing)
                0x0602c4c0                player
 COMMON         0x0602c4e0      0x460 print.o
                                  0x0 (size before relaxing)
                0x0602c4e0                text
 COMMON         0x0602c940      0x400 ../sbl6/segalib/lib/sega_int.a(int.o)
                                  0x0 (size before relaxing)
                0x0602c940                __interrupt_vector
 COMMON         0x0602cd40       0x50 ../sbl6/segalib/lib/sega_spr.a(spr_2c.o)
                                  0x0 (size before relaxing)
                0x0602cd40                SpMstCmd
                0x0602cd44                Sp2OpenFlag
                0x0602cd48                SpGourTblMax
                0x0602cd4c                SpDrawPrtyBlk
                0x0602cd50                SpLCoordX
                0x0602cd54                SpMstDrawPrtyBlk
                0x0602cd58                SpGourTbl
                0x0602cd5c                SpLookupTblR
                0x0602cd60                SpCmdTbl
                0x0602cd64                SpCharMax
                0x0602cd68                SpDrawPrtyProcFlag
                0x0602cd6c                SpCmdNo
                0x0602cd70                SpDrawPrtyBlkMax
                0x0602cd74                SpSlvCmdPos
                0x0602cd78                SpSlvDrawPrtyBlk
                0x0602cd7c                SpCharTbl
                0x0602cd80                SpCmdTblR
                0x0602cd84                SpMstCmdPos
                0x0602cd88                SpSlvCmd
                0x0602cd8c                SpLCoordY
 COMMON         0x0602cd90       0x10 ../sbl6/segalib/lib/sega_spr.a(spr_1c.o)
                                  0x0 (size before relaxing)
                0x0602cd90                SpScreenY
                0x0602cd94                SpFbcrMode
                0x0602cd96                SpDil
                0x0602cd98                SpDie
                0x0602cd9a                SpTvMode
                0x0602cd9c                SpScreenX
 COMMON         0x0602cda0      0xf00 ../sbl6/segalib/lib/sega_scl.a(scl_func.o)
                                  0x0 (size before relaxing)
                0x0602cda0                SclRbgKtbAddr
                0x0602cda8                SclRb
                0x0602cdaa                Scl_flag
                0x0602cdb0                SclK_TableBuff
                0x0602da80                SclAddrCsTbl
                0x0602da90                Scl_s_reg
                0x0602dab8                SclRotateXy
                0x0602dac0                Scl_d_reg
                0x0602db08                SclRotateDisp
                0x0602db10                SclRotateMoveZ
                0x0602db18                SclRotXySw
                0x0602db20                Scl_r_reg
                0x0602db30                SclRPMD
                0x0602db38                SclRbgKtbOffset
                0x0602db40                _SclRotregBuff
                0x0602dc10                SclRa
                0x0602dc18                SclRotateZ
                0x0602dc20                SclAddrLsTbl
                0x0602dc28                SclK_TableNum
                0x0602dc30                SclRotateTableAddress
                0x0602dc34                SclK_TableFlag
                0x0602dc40                Scl_w_reg
                0x0602dc60                Scl_n_reg
 COMMON         0x0602dca0      0x6b0 ../sbl6/segalib/lib/sega_scl.a(scl_pri.o)
                                  0x0 (size before relaxing)
                0x0602dca0                SclAutoEndBlue2
                0x0602dcb0                SclColOffset
                0x0602dcc0                SclPriBuffDirty
                0x0602dcc2                SclAutoEndRed
                0x0602dcc4                SclAutoSurface
                0x0602dcc8                SclAutoGreen
                0x0602dcca                SclAutoEndGreen
                0x0602dccc                SclAutoCount
                0x0602dcd0                SclColRamAlloc256
                0x0602dcf0                SclAutoCurRate
                0x0602dcf1                SclAutoPlusFlag
                0x0602dcf8                SclSpColMix
                0x0602dd00                SclAutoMax
                0x0602dd04                SclLineColRamOffset
                0x0602dd08                SclColRamAlloc2048
                0x0602dd0c                SclBgPriNum
                0x0602dd12                SclAutoEndBlue
                0x0602dd14                SclAutoEndGreen2
                0x0602dd16                SclAutoVeFlag
                0x0602dd18                SclBgColMix
                0x0602dd20                SclAutoIndex
                0x0602dd24                SclAutoEndRate
                0x0602dd26                SclAutoBlue
                0x0602dd28                SclAutoRed
                0x0602dd2c                SclAutoInterval
                0x0602dd30                SclOtherPri
                0x0602dd40                SclAutoRGB
                0x0602e340                SclAutoEndRed2
                0x0602e348                SclSpPriNum
 COMMON         0x0602e350       0x10 ../sbl6/segalib/lib/sega_scl.a(scl_ro00.o)
                                  0x0 (size before relaxing)
                0x0602e350                SclCsx
                0x0602e358                SclCsy
 COMMON         0x0602e360       0x15 ../sbl6/segalib/lib/sega_per.a(per_prt.o)
                                  0x0 (size before relaxing)
                0x0602e360                per_get_time_flg
                0x0602e361                per_hot_res
                0x0602e362                per_set_sys_flg
                0x0602e364                per_get_time_adr
                0x0602e368                per_get_sys_data
                0x0602e374                per_time_out_flg
 *fill*         0x0602e375        0xb 00
 COMMON         0x0602e380        0x4 c:/saturn/SH_COFF/sh-coff/bin/../lib/gcc/sh-coff/3.4-GNUSH_v0501/../../../../sh-coff/lib\libc.a(syscalls.o)
                                  0x0 (size before relaxing)
                0x0602e380                errno
                0x0602e384                SIZEOF_B = (. - STARTOF_B)
                0x0602e384                ENDOF_B = .
                0x0602e384                _end = .
OUTPUT(main.cof coff-sh)

.comment        0x0602e390      0x3e0
 .comment       0x0602e390       0x20 ../sbl6/segasmp/lib/strt2_g.o
 .comment       0x0602e3b0       0x20 vblank.o
 .comment       0x0602e3d0       0x20 ../sbl6/segasmp/per/smpclib/per_x1.o
 .comment       0x0602e3f0       0x20 ../sbl6/segasmp/per/smpclib/per_x2.o
 .comment       0x0602e410       0x20 graphics.o
 .comment       0x0602e430       0x20 sprite.o
 .comment       0x0602e450       0x20 scroll.o
 .comment       0x0602e470       0x20 player.o
 .comment       0x0602e490       0x20 print.o
 .comment       0x0602e4b0       0x20 main.o
 .comment       0x0602e4d0       0x20 c:/saturn/SH_COFF/sh-coff/bin/../lib/gcc/sh-coff/3.4-GNUSH_v0501\libgcc.a(__main.o)
 .comment       0x0602e4f0       0x20 c:/saturn/SH_COFF/sh-coff/bin/../lib/gcc/sh-coff/3.4-GNUSH_v0501\libgcc.a(_si_to_df.o)
 .comment       0x0602e510       0x20 c:/saturn/SH_COFF/sh-coff/bin/../lib/gcc/sh-coff/3.4-GNUSH_v0501\libgcc.a(_mul_df.o)
 .comment       0x0602e530       0x20 c:/saturn/SH_COFF/sh-coff/bin/../lib/gcc/sh-coff/3.4-GNUSH_v0501\libgcc.a(_df_to_si.o)
 .comment       0x0602e550       0x20 c:/saturn/SH_COFF/sh-coff/bin/../lib/gcc/sh-coff/3.4-GNUSH_v0501\libgcc.a(_pack_df.o)
 .comment       0x0602e570       0x20 c:/saturn/SH_COFF/sh-coff/bin/../lib/gcc/sh-coff/3.4-GNUSH_v0501\libgcc.a(_unpack_df.o)
 .comment       0x0602e590       0x20 c:/saturn/SH_COFF/sh-coff/bin/../lib/gcc/sh-coff/3.4-GNUSH_v0501\libgcc.a(_thenan_df.o)
 .comment       0x0602e5b0       0x20 c:/saturn/SH_COFF/sh-coff/bin/../lib/gcc/sh-coff/3.4-GNUSH_v0501\libgcc.a(_muldi3.o)
 .comment       0x0602e5d0       0x20 c:/saturn/SH_COFF/sh-coff/bin/../lib/gcc/sh-coff/3.4-GNUSH_v0501\libgcc.a(_lshrdi3.o)
 .comment       0x0602e5f0       0x20 c:/saturn/SH_COFF/sh-coff/bin/../lib/gcc/sh-coff/3.4-GNUSH_v0501\libgcc.a(_ashldi3.o)
 .comment       0x0602e610       0x20 c:/saturn/SH_COFF/sh-coff/bin/../lib/gcc/sh-coff/3.4-GNUSH_v0501/../../../../sh-coff/lib\libc.a(atexit.o)
 .comment       0x0602e630       0x20 c:/saturn/SH_COFF/sh-coff/bin/../lib/gcc/sh-coff/3.4-GNUSH_v0501/../../../../sh-coff/lib\libc.a(impure.o)
 .comment       0x0602e650       0x20 c:/saturn/SH_COFF/sh-coff/bin/../lib/gcc/sh-coff/3.4-GNUSH_v0501/../../../../sh-coff/lib\libc.a(malloc.o)
 .comment       0x0602e670       0x20 c:/saturn/SH_COFF/sh-coff/bin/../lib/gcc/sh-coff/3.4-GNUSH_v0501/../../../../sh-coff/lib\libc.a(mallocr.o)
 .comment       0x0602e690       0x20 c:/saturn/SH_COFF/sh-coff/bin/../lib/gcc/sh-coff/3.4-GNUSH_v0501/../../../../sh-coff/lib\libc.a(freer.o)
 .comment       0x0602e6b0       0x20 c:/saturn/SH_COFF/sh-coff/bin/../lib/gcc/sh-coff/3.4-GNUSH_v0501/../../../../sh-coff/lib\libc.a(mlock.o)
 .comment       0x0602e6d0       0x20 c:/saturn/SH_COFF/sh-coff/bin/../lib/gcc/sh-coff/3.4-GNUSH_v0501/../../../../sh-coff/lib\libc.a(sbrkr.o)
 .comment       0x0602e6f0       0x20 c:/saturn/SH_COFF/sh-coff/bin/../lib/gcc/sh-coff/3.4-GNUSH_v0501/../../../../sh-coff/lib\libc.a(syscalls.o)
 .comment       0x0602e710       0x20 c:/saturn/SH_COFF/sh-coff/bin/../lib/gcc/sh-coff/3.4-GNUSH_v0501/../../../../sh-coff/lib\libc.a(abort.o)
 .comment       0x0602e730       0x20 c:/saturn/SH_COFF/sh-coff/bin/../lib/gcc/sh-coff/3.4-GNUSH_v0501/../../../../sh-coff/lib\libc.a(signal.o)
 .comment       0x0602e750       0x20 c:/saturn/SH_COFF/sh-coff/bin/../lib/gcc/sh-coff/3.4-GNUSH_v0501/../../../../sh-coff/lib\libc.a(signalr.o)
