Archive member included because of file (symbol)

../sbl6/segalib/lib/sega_int.a(int.o)
                              ../sbl6/segasmp/v_blank/set_vb.o (INT_SetScuFunc)
../sbl6/segalib/lib/sega_int.a(int_trmp.o)
                              ../sbl6/segalib/lib/sega_int.a(int.o) (__interrupt_handler0)
../sbl6/segalib/lib/sega_spr.a(spr_2c.o)
                              main.o (SPR_2Initial)
../sbl6/segalib/lib/sega_spr.a(spr_slv.o)
                              ../sbl6/segalib/lib/sega_spr.a(spr_2c.o) (SPR_InitSlaveSH)
../sbl6/segalib/lib/sega_spr.a(spr_1c.o)
                              ../sbl6/segalib/lib/sega_spr.a(spr_2c.o) (SPR_Initial)
../sbl6/segalib/lib/sega_spr.a(spr_2a.o)
                              ../sbl6/segalib/lib/sega_spr.a(spr_2c.o) (SPR_2SetDrawPrty)
../sbl6/segalib/lib/sega_scl.a(scl_vblv.o)
                              ../sbl6/segalib/lib/sega_spr.a(spr_1c.o) (SpFrameChgMode)
../sbl6/segalib/lib/sega_scl.a(scl_func.o)
                              main.o (SCL_Vdp2Init)
../sbl6/segalib/lib/sega_scl.a(scl_back.o)
                              main.o (SCL_SetBack)
../sbl6/segalib/lib/sega_scl.a(scl_pr03.o)
                              main.o (SCL_AllocColRam)
../sbl6/segalib/lib/sega_scl.a(scl_pr02.o)
                              main.o (SCL_SetColRam)
../sbl6/segalib/lib/sega_scl.a(scl_fu03.o)
                              main.o (SCL_InitConfigTb)
../sbl6/segalib/lib/sega_scl.a(scl_fu04.o)
                              main.o (SCL_SetCycleTable)
../sbl6/segalib/lib/sega_scl.a(scl_pr07.o)
                              main.o (SCL_SetPriority)
../sbl6/segalib/lib/sega_scl.a(scl_pr01.o)
                              main.o (SCL_SetSpriteMode)
../sbl6/segalib/lib/sega_scl.a(scl_mosa.o)
                              main.o (SCL_SetMosaic)
../sbl6/segalib/lib/sega_scl.a(scl_pri.o)
                              ../sbl6/segalib/lib/sega_scl.a(scl_func.o) (SclRealOtherPri)
../sbl6/segalib/lib/sega_scl.a(scl_ro00.o)
                              ../sbl6/segalib/lib/sega_scl.a(scl_func.o) (SCL_Rotate)
../sbl6/segalib/lib/sega_scl.a(scl_pr06.o)
                              ../sbl6/segalib/lib/sega_scl.a(scl_pr03.o) (SCL_SetColRamOffset)
../sbl6/segalib/lib/sega_scl.a(scl_pr05.o)
                              ../sbl6/segalib/lib/sega_scl.a(scl_pr02.o) (SCL_GetColRamOffset)
../sbl6/segalib/lib/sega_mth.a(mth_fixd.o)
                              sprite.o (MTH_Mul)
../sbl6/segalib/lib/sega_mth.a(mth_tri.o)
                              sprite.o (MTH_Sin)
../sbl6/segalib/lib/sega_per.a(per_prt.o)
                              ../sbl6/segasmp/per/smpclib/per_x2.o (PER_LInit)
../sbl6/segalib/lib/sega_sat.a(DMA_SCU1.o)
                              ../sbl6/segalib/lib/sega_spr.a(spr_2c.o) (DMA_ScuMemCopy)
../sbl6/segalib/lib/sega_sat.a(DMA_SCU0.o)
                              ../sbl6/segalib/lib/sega_sat.a(DMA_SCU1.o) (DMA_ScuSetPrm)
../sbl6/segalib/lib/sega_sat.a(csh_main.o)
                              ../sbl6/segalib/lib/sega_sat.a(DMA_SCU1.o) (CSH_Purge)
c:/saturn/SH_COFF/sh-coff/bin/../lib/gcc/sh-coff/3.4-GNUSH_v0501\libgcc.a(__main.o)
                              main.o (__main)
c:/saturn/SH_COFF/sh-coff/bin/../lib/gcc/sh-coff/3.4-GNUSH_v0501\libgcc.a(_udivsi3.o)
                              ../sbl6/segalib/lib/sega_scl.a(scl_fu03.o) (__udivsi3)
c:/saturn/SH_COFF/sh-coff/bin/../lib/gcc/sh-coff/3.4-GNUSH_v0501\libgcc.a(_ashiftlt.o)
                              ../sbl6/segalib/lib/sega_scl.a(scl_fu03.o) (__ashlsi3)
c:/saturn/SH_COFF/sh-coff/bin/../lib/gcc/sh-coff/3.4-GNUSH_v0501\libgcc.a(_ashiftrt.o)
                              ../sbl6/segalib/lib/sega_scl.a(scl_ro00.o) (__ashiftrt_r4_6)
c:/saturn/SH_COFF/sh-coff/bin/../lib/gcc/sh-coff/3.4-GNUSH_v0501\libgcc.a(_si_to_df.o)
                              ../sbl6/segalib/lib/sega_scl.a(scl_ro00.o) (__floatsidf)
c:/saturn/SH_COFF/sh-coff/bin/../lib/gcc/sh-coff/3.4-GNUSH_v0501\libgcc.a(_mul_df.o)
                              ../sbl6/segalib/lib/sega_scl.a(scl_ro00.o) (__muldf3)
c:/saturn/SH_COFF/sh-coff/bin/../lib/gcc/sh-coff/3.4-GNUSH_v0501\libgcc.a(_df_to_si.o)
                              ../sbl6/segalib/lib/sega_scl.a(scl_ro00.o) (__fixdfsi)
c:/saturn/SH_COFF/sh-coff/bin/../lib/gcc/sh-coff/3.4-GNUSH_v0501\libgcc.a(_pack_df.o)
                              c:/saturn/SH_COFF/sh-coff/bin/../lib/gcc/sh-coff/3.4-GNUSH_v0501\libgcc.a(_si_to_df.o) (__pack_d)
c:/saturn/SH_COFF/sh-coff/bin/../lib/gcc/sh-coff/3.4-GNUSH_v0501\libgcc.a(_unpack_df.o)
                              c:/saturn/SH_COFF/sh-coff/bin/../lib/gcc/sh-coff/3.4-GNUSH_v0501\libgcc.a(_mul_df.o) (__unpack_d)
c:/saturn/SH_COFF/sh-coff/bin/../lib/gcc/sh-coff/3.4-GNUSH_v0501\libgcc.a(_thenan_df.o)
                              c:/saturn/SH_COFF/sh-coff/bin/../lib/gcc/sh-coff/3.4-GNUSH_v0501\libgcc.a(_mul_df.o) (__thenan_df)
c:/saturn/SH_COFF/sh-coff/bin/../lib/gcc/sh-coff/3.4-GNUSH_v0501\libgcc.a(_muldi3.o)
                              c:/saturn/SH_COFF/sh-coff/bin/../lib/gcc/sh-coff/3.4-GNUSH_v0501\libgcc.a(_mul_df.o) (__muldi3)
c:/saturn/SH_COFF/sh-coff/bin/../lib/gcc/sh-coff/3.4-GNUSH_v0501\libgcc.a(_lshrdi3.o)
                              c:/saturn/SH_COFF/sh-coff/bin/../lib/gcc/sh-coff/3.4-GNUSH_v0501\libgcc.a(_df_to_si.o) (__lshrdi3)
c:/saturn/SH_COFF/sh-coff/bin/../lib/gcc/sh-coff/3.4-GNUSH_v0501\libgcc.a(_ashldi3.o)
                              c:/saturn/SH_COFF/sh-coff/bin/../lib/gcc/sh-coff/3.4-GNUSH_v0501\libgcc.a(_pack_df.o) (__ashldi3)
c:/saturn/SH_COFF/sh-coff/bin/../lib/gcc/sh-coff/3.4-GNUSH_v0501\libgcc.a(_mulsi3.o)
                              c:/saturn/SH_COFF/sh-coff/bin/../lib/gcc/sh-coff/3.4-GNUSH_v0501\libgcc.a(_muldi3.o) (__mulsi3)
c:/saturn/SH_COFF/sh-coff/bin/../lib/gcc/sh-coff/3.4-GNUSH_v0501\libgcc.a(_lshiftrt.o)
                              c:/saturn/SH_COFF/sh-coff/bin/../lib/gcc/sh-coff/3.4-GNUSH_v0501\libgcc.a(_lshrdi3.o) (__lshrsi3)
c:/saturn/SH_COFF/sh-coff/bin/../lib/gcc/sh-coff/3.4-GNUSH_v0501/../../../../sh-coff/lib\libc.a(memcpy.o)
                              main.o (memcpy)
c:/saturn/SH_COFF/sh-coff/bin/../lib/gcc/sh-coff/3.4-GNUSH_v0501/../../../../sh-coff/lib\libc.a(memset.o)
                              ../sbl6/segalib/lib/sega_spr.a(spr_2c.o) (memset)
c:/saturn/SH_COFF/sh-coff/bin/../lib/gcc/sh-coff/3.4-GNUSH_v0501/../../../../sh-coff/lib\libc.a(atexit.o)
                              c:/saturn/SH_COFF/sh-coff/bin/../lib/gcc/sh-coff/3.4-GNUSH_v0501\libgcc.a(__main.o) (atexit)
c:/saturn/SH_COFF/sh-coff/bin/../lib/gcc/sh-coff/3.4-GNUSH_v0501/../../../../sh-coff/lib\libc.a(impure.o)
                              c:/saturn/SH_COFF/sh-coff/bin/../lib/gcc/sh-coff/3.4-GNUSH_v0501/../../../../sh-coff/lib\libc.a(atexit.o) (_impure_ptr)
c:/saturn/SH_COFF/sh-coff/bin/../lib/gcc/sh-coff/3.4-GNUSH_v0501/../../../../sh-coff/lib\libc.a(malloc.o)
                              c:/saturn/SH_COFF/sh-coff/bin/../lib/gcc/sh-coff/3.4-GNUSH_v0501/../../../../sh-coff/lib\libc.a(atexit.o) (malloc)
c:/saturn/SH_COFF/sh-coff/bin/../lib/gcc/sh-coff/3.4-GNUSH_v0501/../../../../sh-coff/lib\libc.a(mallocr.o)
                              c:/saturn/SH_COFF/sh-coff/bin/../lib/gcc/sh-coff/3.4-GNUSH_v0501/../../../../sh-coff/lib\libc.a(malloc.o) (_malloc_r)
c:/saturn/SH_COFF/sh-coff/bin/../lib/gcc/sh-coff/3.4-GNUSH_v0501/../../../../sh-coff/lib\libc.a(freer.o)
                              c:/saturn/SH_COFF/sh-coff/bin/../lib/gcc/sh-coff/3.4-GNUSH_v0501/../../../../sh-coff/lib\libc.a(malloc.o) (_free_r)
c:/saturn/SH_COFF/sh-coff/bin/../lib/gcc/sh-coff/3.4-GNUSH_v0501/../../../../sh-coff/lib\libc.a(mlock.o)
                              c:/saturn/SH_COFF/sh-coff/bin/../lib/gcc/sh-coff/3.4-GNUSH_v0501/../../../../sh-coff/lib\libc.a(mallocr.o) (__malloc_lock)
c:/saturn/SH_COFF/sh-coff/bin/../lib/gcc/sh-coff/3.4-GNUSH_v0501/../../../../sh-coff/lib\libc.a(sbrkr.o)
                              c:/saturn/SH_COFF/sh-coff/bin/../lib/gcc/sh-coff/3.4-GNUSH_v0501/../../../../sh-coff/lib\libc.a(mallocr.o) (_sbrk_r)
c:/saturn/SH_COFF/sh-coff/bin/../lib/gcc/sh-coff/3.4-GNUSH_v0501/../../../../sh-coff/lib\libc.a(syscalls.o)
                              c:/saturn/SH_COFF/sh-coff/bin/../lib/gcc/sh-coff/3.4-GNUSH_v0501/../../../../sh-coff/lib\libc.a(sbrkr.o) (_sbrk)
c:/saturn/SH_COFF/sh-coff/bin/../lib/gcc/sh-coff/3.4-GNUSH_v0501/../../../../sh-coff/lib\libc.a(trap.o)
                              c:/saturn/SH_COFF/sh-coff/bin/../lib/gcc/sh-coff/3.4-GNUSH_v0501/../../../../sh-coff/lib\libc.a(syscalls.o) (__trap34)
c:/saturn/SH_COFF/sh-coff/bin/../lib/gcc/sh-coff/3.4-GNUSH_v0501/../../../../sh-coff/lib\libc.a(abort.o)
                              c:/saturn/SH_COFF/sh-coff/bin/../lib/gcc/sh-coff/3.4-GNUSH_v0501/../../../../sh-coff/lib\libc.a(syscalls.o) (abort)
c:/saturn/SH_COFF/sh-coff/bin/../lib/gcc/sh-coff/3.4-GNUSH_v0501/../../../../sh-coff/lib\libc.a(signal.o)
                              c:/saturn/SH_COFF/sh-coff/bin/../lib/gcc/sh-coff/3.4-GNUSH_v0501/../../../../sh-coff/lib\libc.a(abort.o) (raise)
c:/saturn/SH_COFF/sh-coff/bin/../lib/gcc/sh-coff/3.4-GNUSH_v0501/../../../../sh-coff/lib\libc.a(signalr.o)
                              c:/saturn/SH_COFF/sh-coff/bin/../lib/gcc/sh-coff/3.4-GNUSH_v0501/../../../../sh-coff/lib\libc.a(signal.o) (_kill_r)

Allocating common symbols
Common symbol       size              file

SclRbgKtbAddr       0x8               ../sbl6/segalib/lib/sega_scl.a(scl_func.o)
SpMstCmd            0x4               ../sbl6/segalib/lib/sega_spr.a(spr_2c.o)
SclRb               0x1               ../sbl6/segalib/lib/sega_scl.a(scl_func.o)
Scl_flag            0x2               ../sbl6/segalib/lib/sega_scl.a(scl_func.o)
per_get_time_flg    0x1               ../sbl6/segalib/lib/sega_per.a(per_prt.o)
SpScreenY           0x4               ../sbl6/segalib/lib/sega_spr.a(spr_1c.o)
SclK_TableBuff      0xcd0             ../sbl6/segalib/lib/sega_scl.a(scl_func.o)
SclAutoEndBlue2     0x2               ../sbl6/segalib/lib/sega_scl.a(scl_pri.o)
SpFbcrMode          0x2               ../sbl6/segalib/lib/sega_spr.a(spr_1c.o)
Sp2OpenFlag         0x4               ../sbl6/segalib/lib/sega_spr.a(spr_2c.o)
SclColOffset        0x10              ../sbl6/segalib/lib/sega_scl.a(scl_pri.o)
SclAddrCsTbl        0x8               ../sbl6/segalib/lib/sega_scl.a(scl_func.o)
SclPriBuffDirty     0x1               ../sbl6/segalib/lib/sega_scl.a(scl_pri.o)
SclAutoEndRed       0x2               ../sbl6/segalib/lib/sega_scl.a(scl_pri.o)
SclAutoSurface      0x4               ../sbl6/segalib/lib/sega_scl.a(scl_pri.o)
__interrupt_vector  0x400             ../sbl6/segalib/lib/sega_int.a(int.o)
per_hot_res         0x1               ../sbl6/segalib/lib/sega_per.a(per_prt.o)
SclCsx              0x8               ../sbl6/segalib/lib/sega_scl.a(scl_ro00.o)
Scl_s_reg           0x28              ../sbl6/segalib/lib/sega_scl.a(scl_func.o)
SclAutoGreen        0x2               ../sbl6/segalib/lib/sega_scl.a(scl_pri.o)
SclAutoEndGreen     0x2               ../sbl6/segalib/lib/sega_scl.a(scl_pri.o)
SclAutoCount        0x4               ../sbl6/segalib/lib/sega_scl.a(scl_pri.o)
SpGourTblMax        0x4               ../sbl6/segalib/lib/sega_spr.a(spr_2c.o)
SclColRamAlloc256   0x20              ../sbl6/segalib/lib/sega_scl.a(scl_pri.o)
SclRotateXy         0x8               ../sbl6/segalib/lib/sega_scl.a(scl_func.o)
SpDrawPrtyBlk       0x4               ../sbl6/segalib/lib/sega_spr.a(spr_2c.o)
SclAutoCurRate      0x1               ../sbl6/segalib/lib/sega_scl.a(scl_pri.o)
SpLCoordX           0x4               ../sbl6/segalib/lib/sega_spr.a(spr_2c.o)
SpMstDrawPrtyBlk    0x4               ../sbl6/segalib/lib/sega_spr.a(spr_2c.o)
SclAutoPlusFlag     0x1               ../sbl6/segalib/lib/sega_scl.a(scl_pri.o)
per_set_sys_flg     0x1               ../sbl6/segalib/lib/sega_per.a(per_prt.o)
Scl_d_reg           0x48              ../sbl6/segalib/lib/sega_scl.a(scl_func.o)
SclRotateDisp       0x8               ../sbl6/segalib/lib/sega_scl.a(scl_func.o)
SpGourTbl           0x4               ../sbl6/segalib/lib/sega_spr.a(spr_2c.o)
SclSpColMix         0x8               ../sbl6/segalib/lib/sega_scl.a(scl_pri.o)
SpDil               0x2               ../sbl6/segalib/lib/sega_spr.a(spr_1c.o)
SpLookupTblR        0x2               ../sbl6/segalib/lib/sega_spr.a(spr_2c.o)
SclAutoMax          0x4               ../sbl6/segalib/lib/sega_scl.a(scl_pri.o)
SpCmdTbl            0x4               ../sbl6/segalib/lib/sega_spr.a(spr_2c.o)
SclRotateMoveZ      0x8               ../sbl6/segalib/lib/sega_scl.a(scl_func.o)
SclLineColRamOffset
                    0x4               ../sbl6/segalib/lib/sega_scl.a(scl_pri.o)
SclRotXySw          0x4               ../sbl6/segalib/lib/sega_scl.a(scl_func.o)
per_get_time_adr    0x4               ../sbl6/segalib/lib/sega_per.a(per_prt.o)
SclColRamAlloc2048  0x4               ../sbl6/segalib/lib/sega_scl.a(scl_pri.o)
SclBgPriNum         0x6               ../sbl6/segalib/lib/sega_scl.a(scl_pri.o)
SpCharMax           0x4               ../sbl6/segalib/lib/sega_spr.a(spr_2c.o)
SpDrawPrtyProcFlag  0x4               ../sbl6/segalib/lib/sega_spr.a(spr_2c.o)
SclAutoEndBlue      0x2               ../sbl6/segalib/lib/sega_scl.a(scl_pri.o)
SpCmdNo             0x4               ../sbl6/segalib/lib/sega_spr.a(spr_2c.o)
SclAutoEndGreen2    0x2               ../sbl6/segalib/lib/sega_scl.a(scl_pri.o)
Scl_r_reg           0x10              ../sbl6/segalib/lib/sega_scl.a(scl_func.o)
SclRPMD             0x2               ../sbl6/segalib/lib/sega_scl.a(scl_func.o)
SpDrawPrtyBlkMax    0x4               ../sbl6/segalib/lib/sega_spr.a(spr_2c.o)
SpDie               0x2               ../sbl6/segalib/lib/sega_spr.a(spr_1c.o)
SclAutoVeFlag       0x1               ../sbl6/segalib/lib/sega_scl.a(scl_pri.o)
SclBgColMix         0x8               ../sbl6/segalib/lib/sega_scl.a(scl_pri.o)
SpSlvCmdPos         0x4               ../sbl6/segalib/lib/sega_spr.a(spr_2c.o)
per_get_sys_data    0xc               ../sbl6/segalib/lib/sega_per.a(per_prt.o)
SclRbgKtbOffset     0x8               ../sbl6/segalib/lib/sega_scl.a(scl_func.o)
SclAutoIndex        0x4               ../sbl6/segalib/lib/sega_scl.a(scl_pri.o)
SclAutoEndRate      0x1               ../sbl6/segalib/lib/sega_scl.a(scl_pri.o)
SpSlvDrawPrtyBlk    0x4               ../sbl6/segalib/lib/sega_spr.a(spr_2c.o)
_SclRotregBuff      0xd0              ../sbl6/segalib/lib/sega_scl.a(scl_func.o)
SclAutoBlue         0x2               ../sbl6/segalib/lib/sega_scl.a(scl_pri.o)
SpTvMode            0x2               ../sbl6/segalib/lib/sega_spr.a(spr_1c.o)
SpScreenX           0x4               ../sbl6/segalib/lib/sega_spr.a(spr_1c.o)
SclRa               0x1               ../sbl6/segalib/lib/sega_scl.a(scl_func.o)
SclRotateZ          0x8               ../sbl6/segalib/lib/sega_scl.a(scl_func.o)
SpCharTbl           0x4               ../sbl6/segalib/lib/sega_spr.a(spr_2c.o)
SclAddrLsTbl        0x8               ../sbl6/segalib/lib/sega_scl.a(scl_func.o)
SclK_TableNum       0x8               ../sbl6/segalib/lib/sega_scl.a(scl_func.o)
SclAutoRed          0x2               ../sbl6/segalib/lib/sega_scl.a(scl_pri.o)
SpCmdTblR           0x2               ../sbl6/segalib/lib/sega_spr.a(spr_2c.o)
SclAutoInterval     0x4               ../sbl6/segalib/lib/sega_scl.a(scl_pri.o)
SclOtherPri         0x10              ../sbl6/segalib/lib/sega_scl.a(scl_pri.o)
per_time_out_flg    0x1               ../sbl6/segalib/lib/sega_per.a(per_prt.o)
SclRotateTableAddress
                    0x4               ../sbl6/segalib/lib/sega_scl.a(scl_func.o)
SpMstCmdPos         0x4               ../sbl6/segalib/lib/sega_spr.a(spr_2c.o)
SpSlvCmd            0x4               ../sbl6/segalib/lib/sega_spr.a(spr_2c.o)
SclAutoRGB          0x600             ../sbl6/segalib/lib/sega_scl.a(scl_pri.o)
errno               0x4               c:/saturn/SH_COFF/sh-coff/bin/../lib/gcc/sh-coff/3.4-GNUSH_v0501/../../../../sh-coff/lib\libc.a(syscalls.o)
SclK_TableFlag      0x4               ../sbl6/segalib/lib/sega_scl.a(scl_func.o)
SclAutoEndRed2      0x2               ../sbl6/segalib/lib/sega_scl.a(scl_pri.o)
SclCsy              0x8               ../sbl6/segalib/lib/sega_scl.a(scl_ro00.o)
SclSpPriNum         0x8               ../sbl6/segalib/lib/sega_scl.a(scl_pri.o)
Scl_w_reg           0x20              ../sbl6/segalib/lib/sega_scl.a(scl_func.o)
SpLCoordY           0x4               ../sbl6/segalib/lib/sega_spr.a(spr_2c.o)
Scl_n_reg           0x40              ../sbl6/segalib/lib/sega_scl.a(scl_func.o)

Memory Configuration

Name             Origin             Length             Attributes
*default*        0x00000000         0xffffffff

Linker script and memory map

LOAD ../sbl6/segasmp/lib/strt1_g.o
LOAD ../sbl6/segasmp/lib/strt2_g.o
LOAD ../sbl6/segasmp/v_blank/set_vb.o
LOAD ../sbl6/segasmp/v_blank/v_blank.o
LOAD ../sbl6/segasmp/per/smpclib/per_x1.o
LOAD ../sbl6/segasmp/per/smpclib/per_x2.o
LOAD ../sbl6/segasmp/per/smpclib/per_x3.o
LOAD sprite.o
LOAD main.o
LOAD ../sbl6/segalib/lib/sega_int.a
LOAD ../sbl6/segalib/lib/sega_spr.a
LOAD ../sbl6/segalib/lib/sega_scl.a
LOAD ../sbl6/segalib/lib/sega_mth.a
LOAD ../sbl6/segalib/lib/sega_cdc.a
LOAD ../sbl6/segalib/lib/sega_adp.a
LOAD ../sbl6/segalib/lib/sega_per.a
LOAD ../sbl6/segalib/lib/sega_sat.a
LOAD c:/saturn/SH_COFF/sh-coff/bin/../lib/gcc/sh-coff/3.4-GNUSH_v0501\libgcc.a
LOAD c:/saturn/SH_COFF/sh-coff/bin/../lib/gcc/sh-coff/3.4-GNUSH_v0501/../../../../sh-coff/lib\libc.a
LOAD c:/saturn/SH_COFF/sh-coff/bin/../lib/gcc/sh-coff/3.4-GNUSH_v0501\libgcc.a

.text           0x06010000    0x1d680
 *(.text)
 .text          0x06010000       0x30 ../sbl6/segasmp/lib/strt1_g.o
                0x06010024                _D_END
                0x06010020                _D_BGN
                0x0601002c                _B_END
                0x06010028                _B_BGN
                0x06010000                START
 .text          0x06010030       0x60 ../sbl6/segasmp/lib/strt2_g.o
                0x06010050                _INITSCT
                0x06010030                _INIT
 .text          0x06010090       0x70 ../sbl6/segasmp/v_blank/set_vb.o
                0x06010090                SetVblank
 .text          0x06010100      0x140 ../sbl6/segasmp/v_blank/v_blank.o
                0x0601011c                UsrVblankOut
                0x06010100                UsrVblankIn
 .text          0x06010240      0x430 ../sbl6/segasmp/per/smpclib/per_x1.o
                0x060105d4                PER_GetAnalogXYZ
                0x06010264                PER_GetTriggerHandler
                0x060104fe                PER_GetEdge
                0x0601047c                PER_GetTrigger
                0x06010528                PER_GetPressEdge
                0x0601057c                PER_GetReleaseEdge
                0x06010240                PER_SetTriggerHandler
 .text          0x06010670      0x200 ../sbl6/segasmp/per/smpclib/per_x2.o
                0x06010774                PER_GetDeviceA
                0x06010670                PER_OpenPort
                0x060106a8                PER_GetPort
                0x060107ee                PER_GetDeviceR
 .text          0x06010870       0x20 ../sbl6/segasmp/per/smpclib/per_x3.o
                0x06010870                PER_DisguiseTrigger
 .text          0x06010890      0x2f0 sprite.o
                0x06010890                drawSprite
 .text          0x06010b80    0x12c10 main.o
                0x06022340                cosmo2u_col
                0x06022fb0                face
                0x060226f0                cosmo2u_map
                0x06010b80                cosmo2u_char
                0x060231b0                main
 .text          0x06023790       0x40 ../sbl6/segalib/lib/sega_int.a(int.o)
                0x060237bc                INT_GetScuFunc
                0x06023790                INT_SetScuFunc
 .text          0x060237d0      0x624 ../sbl6/segalib/lib/sega_int.a(int_trmp.o)
                0x06023938                __interrupt_handler60
                0x06023ae8                __interrupt_handler132
                0x06023c9e                __interrupt_handler205
                0x06023b06                __interrupt_handler137
                0x06023a34                __interrupt_handler102
                0x06023872                __interrupt_handler27
                0x06023c74                __interrupt_handler198
                0x06023b66                __interrupt_handler153
                0x0602384e                __interrupt_handler21
                0x0602395c                __interrupt_handler66
                0x06023a4c                __interrupt_handler106
                0x06023b96                __interrupt_handler161
                0x060239e0                __interrupt_handler88
                0x06023bae                __interrupt_handler165
                0x06023abe                __interrupt_handler125
                0x060237f4                __interrupt_handler6
                0x06023890                __interrupt_handler32
                0x06023c4a                __interrupt_handler191
                0x06023d64                __interrupt_handler238
                0x06023d7c                __interrupt_handler242
                0x06023b84                __interrupt_handler158
                0x060239ec                __interrupt_handler90
                0x06023ba8                __interrupt_handler164
                0x060238cc                __interrupt_handler42
                0x06023c0e                __interrupt_handler181
                0x06023d16                __interrupt_handler225
                0x06023dbe                __interrupt_handler253
                0x06023bd2                __interrupt_handler171
                0x0602398c                __interrupt_handler74
                0x060237e2                __interrupt_handler3
                0x06023926                __interrupt_handler57
                0x06023824                __interrupt_handler14
                0x06023cbc                __interrupt_handler210
                0x06023cec                __interrupt_handler218
                0x06023cb0                __interrupt_handler208
                0x060238b4                __interrupt_handler38
                0x060237d0                __interrupt_handler0
                0x06023a40                __interrupt_handler104
                0x06023b7e                __interrupt_handler157
                0x06023cce                __interrupt_handler213
                0x06023bc0                __interrupt_handler168
                0x060239ce                __interrupt_handler85
                0x06023a6a                __interrupt_handler111
                0x06023a7c                __interrupt_handler114
                0x060238ea                __interrupt_handler47
                0x06023d40                __interrupt_handler232
                0x06023d0a                __interrupt_handler223
                0x06023d5e                __interrupt_handler237
                0x0602394a                __interrupt_handler63
                0x060238d8                __interrupt_handler44
                0x06023bea                __interrupt_handler175
                0x06023c14                __interrupt_handler182
                0x06023c2c                __interrupt_handler186
                0x06023b2a                __interrupt_handler143
                0x06023a52                __interrupt_handler107
                0x06023ab8                __interrupt_handler124
                0x06023bd8                __interrupt_handler172
                0x06023d8e                __interrupt_handler245
                0x06023a0a                __interrupt_handler95
                0x06023ae2                __interrupt_handler131
                0x06023af4                __interrupt_handler134
                0x06023b12                __interrupt_handler139
                0x06023980                __interrupt_handler72
                0x06023d3a                __interrupt_handler231
                0x06023b90                __interrupt_handler160
                0x06023ad6                __interrupt_handler129
                0x06023848                __interrupt_handler20
                0x06023956                __interrupt_handler65
                0x06023920                __interrupt_handler56
                0x0602381e                __interrupt_handler13
                0x06023cb6                __interrupt_handler209
                0x06023a70                __interrupt_handler112
                0x06023842                __interrupt_handler19
                0x060239fe                __interrupt_handler93
                0x06023c68                __interrupt_handler196
                0x06023b5a                __interrupt_handler151
                0x06023bba                __interrupt_handler167
                0x06023dd0                __trampoline
                0x06023836                __interrupt_handler17
                0x06023d28                __interrupt_handler228
                0x06023dca                __interrupt_handler255
                0x06023d88                __interrupt_handler244
                0x06023a22                __interrupt_handler99
                0x06023c1a                __interrupt_handler183
                0x06023b18                __interrupt_handler140
                0x06023c3e                __interrupt_handler189
                0x06023b3c                __interrupt_handler146
                0x06023d04                __interrupt_handler222
                0x06023b78                __interrupt_handler156
                0x06023aac                __interrupt_handler122
                0x06023da0                __interrupt_handler248
                0x060238f0                __interrupt_handler48
                0x0602396e                __interrupt_handler69
                0x06023860                __interrupt_handler24
                0x060239e6                __interrupt_handler89
                0x06023cda                __interrupt_handler215
                0x06023dc4                __interrupt_handler254
                0x060239da                __interrupt_handler87
                0x0602393e                __interrupt_handler61
                0x06023c62                __interrupt_handler195
                0x06023b54                __interrupt_handler150
                0x060238c6                __interrupt_handler41
                0x06023a64                __interrupt_handler110
                0x06023aca                __interrupt_handler127
                0x06023a58                __interrupt_handler108
                0x06023a76                __interrupt_handler113
                0x06023a88                __interrupt_handler116
                0x06023aa6                __interrupt_handler121
                0x0602399e                __interrupt_handler77
                0x060238ba                __interrupt_handler39
                0x060238d2                __interrupt_handler43
                0x06023da6                __interrupt_handler249
                0x06023be4                __interrupt_handler174
                0x06023b00                __interrupt_handler136
                0x06023c38                __interrupt_handler188
                0x06023b36                __interrupt_handler145
                0x06023806                __interrupt_handler9
                0x060239aa                __interrupt_handler79
                0x06023d22                __interrupt_handler227
                0x0602389c                __interrupt_handler34
                0x06023adc                __interrupt_handler130
                0x06023d9a                __interrupt_handler247
                0x06023992                __interrupt_handler75
                0x06023bde                __interrupt_handler173
                0x0602390e                __interrupt_handler53
                0x06023b4e                __interrupt_handler149
                0x06023db2                __interrupt_handler251
                0x06023d46                __interrupt_handler233
                0x0602380c                __interrupt_handler10
                0x06023c98                __interrupt_handler204
                0x060239bc                __interrupt_handler82
                0x060239c2                __interrupt_handler83
                0x06023866                __interrupt_handler25
                0x06023d82                __interrupt_handler243
                0x06023b9c                __interrupt_handler162
                0x060238e4                __interrupt_handler46
                0x06023bfc                __interrupt_handler178
                0x060239b0                __interrupt_handler80
                0x06023944                __interrupt_handler62
                0x060237dc                __interrupt_handler2
                0x0602387e                __interrupt_handler29
                0x06023974                __interrupt_handler70
                0x06023a5e                __interrupt_handler109
                0x06023b48                __interrupt_handler148
                0x06023a04                __interrupt_handler94
                0x06023d10                __interrupt_handler224
                0x06023a3a                __interrupt_handler103
                0x060238a8                __interrupt_handler36
                0x06023ac4                __interrupt_handler126
                0x06023d94                __interrupt_handler246
                0x0602391a                __interrupt_handler55
                0x06023818                __interrupt_handler12
                0x06023908                __interrupt_handler52
                0x06023c32                __interrupt_handler187
                0x06023b30                __interrupt_handler144
                0x06023a8e                __interrupt_handler117
                0x0602383c                __interrupt_handler18
                0x06023c6e                __interrupt_handler197
                0x06023b60                __interrupt_handler152
                0x06023a94                __interrupt_handler118
                0x06023bcc                __interrupt_handler170
                0x06023c86                __interrupt_handler201
                0x06023a16                __interrupt_handler97
                0x06023ba2                __interrupt_handler163
                0x06023c08                __interrupt_handler180
                0x06023c50                __interrupt_handler192
                0x06023d70                __interrupt_handler240
                0x06023ab2                __interrupt_handler123
                0x06023cd4                __interrupt_handler214
                0x0602388a                __interrupt_handler31
                0x06023878                __interrupt_handler28
                0x06023962                __interrupt_handler67
                0x06023968                __interrupt_handler68
                0x06023854                __interrupt_handler22
                0x0602385a                __interrupt_handler23
                0x06023bf0                __interrupt_handler176
                0x060237fa                __interrupt_handler7
                0x06023cfe                __interrupt_handler221
                0x06023ce6                __interrupt_handler217
                0x06023d2e                __interrupt_handler229
                0x060238f6                __interrupt_handler49
                0x060237e8                __interrupt_handler4
                0x060238c0                __interrupt_handler40
                0x06023a82                __interrupt_handler115
                0x06023d52                __interrupt_handler235
                0x060239f2                __interrupt_handler91
                0x06023ca4                __interrupt_handler206
                0x06023bf6                __interrupt_handler177
                0x06023b42                __interrupt_handler147
                0x060238ae                __interrupt_handler37
                0x06023dac                __interrupt_handler250
                0x060237d6                __interrupt_handler1
                0x06023cf2                __interrupt_handler219
                0x06023998                __interrupt_handler76
                0x06023a28                __interrupt_handler100
                0x0602392c                __interrupt_handler58
                0x0602382a                __interrupt_handler15
                0x06023cc8                __interrupt_handler212
                0x06023d76                __interrupt_handler241
                0x06023c8c                __interrupt_handler202
                0x06023c56                __interrupt_handler193
                0x060239a4                __interrupt_handler78
                0x060238fc                __interrupt_handler50
                0x06023896                __interrupt_handler33
                0x06023bb4                __interrupt_handler166
                0x06023b0c                __interrupt_handler138
                0x06023afa                __interrupt_handler135
                0x06023884                __interrupt_handler30
                0x06023c20                __interrupt_handler184
                0x06023b1e                __interrupt_handler141
                0x06023d34                __interrupt_handler230
                0x06023d58                __interrupt_handler236
                0x06023a9a                __interrupt_handler119
                0x060239d4                __interrupt_handler86
                0x06023a46                __interrupt_handler105
                0x060239b6                __interrupt_handler81
                0x06023aa0                __interrupt_handler120
                0x06023ad0                __interrupt_handler128
                0x06023914                __interrupt_handler54
                0x06023812                __interrupt_handler11
                0x06023c7a                __interrupt_handler199
                0x06023b6c                __interrupt_handler154
                0x060238de                __interrupt_handler45
                0x06023ce0                __interrupt_handler216
                0x06023c92                __interrupt_handler203
                0x06023a2e                __interrupt_handler101
                0x060239c8                __interrupt_handler84
                0x06023c26                __interrupt_handler185
                0x06023b24                __interrupt_handler142
                0x0602386c                __interrupt_handler26
                0x06023950                __interrupt_handler64
                0x06023c80                __interrupt_handler200
                0x06023caa                __interrupt_handler207
                0x06023c5c                __interrupt_handler194
                0x060239f8                __interrupt_handler92
                0x06023b72                __interrupt_handler155
                0x06023cc2                __interrupt_handler211
                0x06023aee                __interrupt_handler133
                0x060237ee                __interrupt_handler5
                0x06023986                __interrupt_handler73
                0x06023830                __interrupt_handler16
                0x06023d6a                __interrupt_handler239
                0x06023d4c                __interrupt_handler234
                0x060238a2                __interrupt_handler35
                0x06023932                __interrupt_handler59
                0x06023bc6                __interrupt_handler169
                0x06023a1c                __interrupt_handler98
                0x0602397a                __interrupt_handler71
                0x06023902                __interrupt_handler51
                0x06023b8a                __interrupt_handler159
                0x06023d1c                __interrupt_handler226
                0x06023a10                __interrupt_handler96
                0x06023c44                __interrupt_handler190
                0x06023cf8                __interrupt_handler220
                0x06023800                __interrupt_handler8
                0x06023c02                __interrupt_handler179
                0x06023db8                __interrupt_handler252
 *fill*         0x06023df4        0xc 00
 .text          0x06023e00     0x12a0 ../sbl6/segalib/lib/sega_spr.a(spr_2c.o)
                0x06025060                SlaveFlushDrawPrtyBlock
                0x06023e00                SPR_2Initial
                0x06024644                SPR_2SysClip
                0x060245e4                SPR_2LocalCoord
                0x06024edc                SPR_2FlushDrawPrtyBlock
                0x06024bc8                SPR_2DistSpr
                0x060245cc                SPR_2FlushDrawPrty
                0x06024cec                SPR_2Cmd
                0x060242c8                SPR_2GourTblNoToVram
                0x06024328                SPR_2GetAreaSizeInfo
                0x06024090                SPR_2SetGourTbl
                0x0602487c                SPR_2Polygon
                0x06024304                SPR_2CharNoToVram
                0x06024010                SPR_2SetTvMode
                0x0602446c                SPR_2CloseCommand
                0x0602404c                SPR_2FrameEraseData
                0x06023e28                SPR_2Initial2
                0x06024a5c                SPR_2ScaleSpr
                0x060246ec                SPR_2Line
                0x060243b8                SPR_2OpenCommand
                0x0602402c                SPR_2FrameChgIntr
                0x06024938                SPR_2NormSpr
                0x060240c0                SPR_2SetLookupTbl
                0x060240f4                SPR_2SetChar
                0x060242ec                SPR_2LookupTblNoToVram
                0x060247c0                SPR_2PolyLine
                0x06024260                SPR_2ClrAllChar
                0x06024214                SPR_2ClrChar
                0x06024690                SPR_2UserClip
 .text          0x060250a0      0x1e6 ../sbl6/segalib/lib/sega_spr.a(spr_slv.o)
                0x06025204                SPR_WaitEndSlaveSH
                0x060250a0                SPR_SMPC_SSHON
                0x060251e0                SPR_RunSlaveSH
                0x060250a4                SPR_InitSlaveSH
                0x0602516c                SPR_SlaveSHmain
                0x060250a1                SPR_SMPC_SSHOFF
 *fill*         0x06025286        0xa 00
 .text          0x06025290      0x36a ../sbl6/segalib/lib/sega_spr.a(spr_1c.o)
                0x06025544                SPR_WaitDrawEnd
                0x0602555c                SPR_SetEosMode
                0x06025474                SPR_SetEraseData
                0x06025290                SPR_Initial
                0x06025368                SPR_SetTvMode
                0x06025400                SPR_GetStatus
 *fill*         0x060255fa        0x6 00
 .text          0x06025600      0x244 ../sbl6/segalib/lib/sega_spr.a(spr_2a.o)
                0x06025612                sprMemCpyW
                0x06025670                flushDrawPrtyBlock
                0x06025600                sprMemCpyL
                0x06025624                SPR_2SetDrawPrty
 *fill*         0x06025844        0xc 00
 .text          0x06025850      0x2fc ../sbl6/segalib/lib/sega_scl.a(scl_vblv.o)
                0x0602590c                SCL_DisplayFrame
                0x06025850                SCL_SetFrameInterval
                0x06025940                SCL_VblInit
                0x06025990                SCL_VblankStart
                0x060259d4                SCL_VblankEnd
 *fill*         0x06025b4c        0x4 00
 .text          0x06025b50      0xb9c ../sbl6/segalib/lib/sega_scl.a(scl_func.o)
                0x0602652c                SCL_Vdp2_SGLInit
                0x0602643c                SCL_PriIntProc
                0x060263b4                SCL_Memcpyw
                0x060266cc                SCL_SglOff
                0x060266ac                SCL_SglOn
                0x06026320                SCL_ScrollShow
                0x06025dc8                SCL_Close
                0x060260c0                SCL_Scale
                0x06025b50                SCL_Vdp2Init
                0x06025f34                SCL_Move
                0x060261fc                SCL_CopyReg
                0x06025da4                SCL_Open
                0x06025bd4                SCL_ParametersInit
                0x06025de4                SCL_MoveTo
                0x060263dc                SCL_SetColRamMode
 *fill*         0x060266ec        0x4 00
 .text          0x060266f0       0x84 ../sbl6/segalib/lib/sega_scl.a(scl_back.o)
                0x060266f0                SCL_SetBack
 *fill*         0x06026774        0xc 00
 .text          0x06026780      0x138 ../sbl6/segalib/lib/sega_scl.a(scl_pr03.o)
                0x06026780                SCL_FreeColRam
                0x060267b8                SCL_AllocColRam
 *fill*         0x060268b8        0x8 00
 .text          0x060268c0       0x9c ../sbl6/segalib/lib/sega_scl.a(scl_pr02.o)
                0x060268c0                SCL_SetColRam
 *fill*         0x0602695c        0x4 00
 .text          0x06026960      0x94c ../sbl6/segalib/lib/sega_scl.a(scl_fu03.o)
                0x060269bc                SCL_SetConfig
                0x06026960                SCL_InitConfigTb
 *fill*         0x060272ac        0x4 00
 .text          0x060272b0       0x28 ../sbl6/segalib/lib/sega_scl.a(scl_fu04.o)
                0x060272b0                SCL_SetCycleTable
 *fill*         0x060272d8        0x8 00
 .text          0x060272e0      0x214 ../sbl6/segalib/lib/sega_scl.a(scl_pr07.o)
                0x060272e0                SCL_SetPriority
 *fill*         0x060274f4        0xc 00
 .text          0x06027500       0x58 ../sbl6/segalib/lib/sega_scl.a(scl_pr01.o)
                0x06027500                SCL_SetSpriteMode
 *fill*         0x06027558        0x8 00
 .text          0x06027560       0xa8 ../sbl6/segalib/lib/sega_scl.a(scl_mosa.o)
                0x06027560                SCL_SetMosaic
 *fill*         0x06027608        0x8 00
 .text          0x06027610     0x10a4 ../sbl6/segalib/lib/sega_scl.a(scl_pri.o)
                0x060276a4                SCL_AbortAutoVe
                0x06028554                SCL_SetShadowBit
                0x06027b1c                SCL_AutoExec
                0x06027610                SCL_PriorityInit
                0x06028030                SCL_IncColOffset
                0x060276b8                SCL_SetColMixRate
                0x06027688                SCL_GetColRamMode
 *fill*         0x060286b4        0xc 00
 .text          0x060286c0     0x1394 ../sbl6/segalib/lib/sega_scl.a(scl_ro00.o)
                0x060298ac                SCL_RotateZD
                0x06028b74                SCL_Rotate
                0x06028848                SCL_InitRotateTable
 *fill*         0x06029a54        0xc 00
 .text          0x06029a60      0x1b4 ../sbl6/segalib/lib/sega_scl.a(scl_pr06.o)
                0x06029a60                SCL_SetColRamOffset
 *fill*         0x06029c14        0xc 00
 .text          0x06029c20       0xac ../sbl6/segalib/lib/sega_scl.a(scl_pr05.o)
                0x06029c20                SCL_GetColRamOffset
 *fill*         0x06029ccc        0x4 00
 .text          0x06029cd0       0xa4 ../sbl6/segalib/lib/sega_mth.a(mth_fixd.o)
                0x06029d20                MTH_FixedToInt
                0x06029d10                MTH_IntToFixed
                0x06029cd0                MTH_Mul
                0x06029d30                MTH_Product
                0x06029cf0                MTH_Div
 *fill*         0x06029d74        0xc 00
 .text          0x06029d80      0x600 ../sbl6/segalib/lib/sega_mth.a(mth_tri.o)
                0x06029e1c                fcos
                0x06029e22                fsin
                0x06029dcc                MTH_Cos
                0x06029d80                MTH_Sin
                0x06029fc0                MTH_Atan
 .text          0x0602a380      0xf50 ../sbl6/segalib/lib/sega_per.a(per_prt.o)
                0x0602a7a0                PER_IntFunc
                0x0602a598                PER_LGetPer
                0x0602a380                PER_LInit
 .text          0x0602b2d0      0x1f4 ../sbl6/segalib/lib/sega_sat.a(DMA_SCU1.o)
                0x0602b42c                DMA_ScuResult
                0x0602b2d0                DMA_ScuInit
                0x0602b320                DMA_ScuMemCopy
 *fill*         0x0602b4c4        0xc 00
 .text          0x0602b4d0      0x308 ../sbl6/segalib/lib/sega_sat.a(DMA_SCU0.o)
                0x0602b554                DMA_ScuStart
                0x0602b688                DMA_ScuIntFunc0
                0x0602b6f8                DMA_ScuIntFunc1
                0x0602b768                DMA_ScuIntFunc2
                0x0602b648                DMA_ScuGetStatus
                0x0602b4d0                DMA_ScuSetPrm
 *fill*         0x0602b7d8        0x8 00
 .text          0x0602b7e0       0xe8 ../sbl6/segalib/lib/sega_sat.a(csh_main.o)
                0x0602b7e0                CSH_Init
                0x0602b848                CSH_AllClr
                0x0602b894                CSH_Purge
 *fill*         0x0602b8c8        0x8 00
 .text          0x0602b8d0       0xa0 c:/saturn/SH_COFF/sh-coff/bin/../lib/gcc/sh-coff/3.4-GNUSH_v0501\libgcc.a(__main.o)
                0x0602b944                __main
                0x0602b8d0                __do_global_dtors
                0x0602b904                __do_global_ctors
 .text          0x0602b970       0x70 c:/saturn/SH_COFF/sh-coff/bin/../lib/gcc/sh-coff/3.4-GNUSH_v0501\libgcc.a(_udivsi3.o)
                0x0602b992                __udivsi3
 .text          0x0602b9e0       0x90 c:/saturn/SH_COFF/sh-coff/bin/../lib/gcc/sh-coff/3.4-GNUSH_v0501\libgcc.a(_ashiftlt.o)
                0x0602b9e0                __ashlsi3
 .text          0x0602ba70       0x60 c:/saturn/SH_COFF/sh-coff/bin/../lib/gcc/sh-coff/3.4-GNUSH_v0501\libgcc.a(_ashiftrt.o)
                0x0602ba7c                __ashiftrt_r4_27
                0x0602bab0                __ashiftrt_r4_6
                0x0602baa0                __ashiftrt_r4_14
                0x0602ba92                __ashiftrt_r4_19
                0x0602baaa                __ashiftrt_r4_9
                0x0602babe                __ashiftrt_r4_0
                0x0602ba70                __ashiftrt_r4_31
                0x0602ba7e                __ashiftrt_r4_26
                0x0602ba8c                __ashiftrt_r4_22
                0x0602ba98                __ashiftrt_r4_16
                0x0602baa4                __ashiftrt_r4_12
                0x0602ba78                __ashiftrt_r4_29
                0x0602ba96                __ashiftrt_r4_17
                0x0602ba76                __ashiftrt_r4_30
                0x0602bab2                __ashiftrt_r4_5
                0x0602baac                __ashiftrt_r4_8
                0x0602ba70                __ashiftrt_r4_32
                0x0602ba80                __ashiftrt_r4_25
                0x0602bab8                __ashiftrt_r4_2
                0x0602ba82                __ashiftrt_r4_24
                0x0602ba9e                __ashiftrt_r4_15
                0x0602baa8                __ashiftrt_r4_10
                0x0602baba                __ashiftrt_r4_1
                0x0602ba7a                __ashiftrt_r4_28
                0x0602ba90                __ashiftrt_r4_20
                0x0602baae                __ashiftrt_r4_7
                0x0602baa2                __ashiftrt_r4_13
                0x0602baa6                __ashiftrt_r4_11
                0x0602bab4                __ashiftrt_r4_4
                0x0602ba8a                __ashiftrt_r4_23
                0x0602ba94                __ashiftrt_r4_18
                0x0602ba8e                __ashiftrt_r4_21
                0x0602bab6                __ashiftrt_r4_3
 .text          0x0602bad0       0xb0 c:/saturn/SH_COFF/sh-coff/bin/../lib/gcc/sh-coff/3.4-GNUSH_v0501\libgcc.a(_si_to_df.o)
                0x0602bad0                __floatsidf
 .text          0x0602bb80      0x2e0 c:/saturn/SH_COFF/sh-coff/bin/../lib/gcc/sh-coff/3.4-GNUSH_v0501\libgcc.a(_mul_df.o)
                0x0602bb90                __muldf3
 .text          0x0602be60       0x80 c:/saturn/SH_COFF/sh-coff/bin/../lib/gcc/sh-coff/3.4-GNUSH_v0501\libgcc.a(_df_to_si.o)
                0x0602be60                __fixdfsi
 .text          0x0602bee0      0x220 c:/saturn/SH_COFF/sh-coff/bin/../lib/gcc/sh-coff/3.4-GNUSH_v0501\libgcc.a(_pack_df.o)
                0x0602bef0                __pack_d
 .text          0x0602c100      0x120 c:/saturn/SH_COFF/sh-coff/bin/../lib/gcc/sh-coff/3.4-GNUSH_v0501\libgcc.a(_unpack_df.o)
                0x0602c110                __unpack_d
 .text          0x0602c220       0x20 c:/saturn/SH_COFF/sh-coff/bin/../lib/gcc/sh-coff/3.4-GNUSH_v0501\libgcc.a(_thenan_df.o)
                0x0602c220                __thenan_df
 .text          0x0602c240       0xd0 c:/saturn/SH_COFF/sh-coff/bin/../lib/gcc/sh-coff/3.4-GNUSH_v0501\libgcc.a(_muldi3.o)
                0x0602c240                __muldi3
 .text          0x0602c310       0x80 c:/saturn/SH_COFF/sh-coff/bin/../lib/gcc/sh-coff/3.4-GNUSH_v0501\libgcc.a(_lshrdi3.o)
                0x0602c310                __lshrdi3
 .text          0x0602c390       0x80 c:/saturn/SH_COFF/sh-coff/bin/../lib/gcc/sh-coff/3.4-GNUSH_v0501\libgcc.a(_ashldi3.o)
                0x0602c390                __ashldi3
 .text          0x0602c410       0x30 c:/saturn/SH_COFF/sh-coff/bin/../lib/gcc/sh-coff/3.4-GNUSH_v0501\libgcc.a(_mulsi3.o)
                0x0602c410                __mulsi3
 .text          0x0602c440       0x90 c:/saturn/SH_COFF/sh-coff/bin/../lib/gcc/sh-coff/3.4-GNUSH_v0501\libgcc.a(_lshiftrt.o)
                0x0602c440                __lshrsi3
 .text          0x0602c4d0       0xa0 c:/saturn/SH_COFF/sh-coff/bin/../lib/gcc/sh-coff/3.4-GNUSH_v0501/../../../../sh-coff/lib\libc.a(memcpy.o)
                0x0602c4d0                memcpy
 .text          0x0602c570       0x40 c:/saturn/SH_COFF/sh-coff/bin/../lib/gcc/sh-coff/3.4-GNUSH_v0501/../../../../sh-coff/lib\libc.a(memset.o)
                0x0602c570                memset
 .text          0x0602c5b0       0x90 c:/saturn/SH_COFF/sh-coff/bin/../lib/gcc/sh-coff/3.4-GNUSH_v0501/../../../../sh-coff/lib\libc.a(atexit.o)
                0x0602c5b0                atexit
 .text          0x0602c640       0x10 c:/saturn/SH_COFF/sh-coff/bin/../lib/gcc/sh-coff/3.4-GNUSH_v0501/../../../../sh-coff/lib\libc.a(impure.o)
                0x0602c640                _global_impure_ptr
 .text          0x0602c650       0x40 c:/saturn/SH_COFF/sh-coff/bin/../lib/gcc/sh-coff/3.4-GNUSH_v0501/../../../../sh-coff/lib\libc.a(malloc.o)
                0x0602c66c                free
                0x0602c650                malloc
 .text          0x0602c690      0x5b0 c:/saturn/SH_COFF/sh-coff/bin/../lib/gcc/sh-coff/3.4-GNUSH_v0501/../../../../sh-coff/lib\libc.a(mallocr.o)
                0x0602c690                _malloc_r
 .text          0x0602cc40      0x340 c:/saturn/SH_COFF/sh-coff/bin/../lib/gcc/sh-coff/3.4-GNUSH_v0501/../../../../sh-coff/lib\libc.a(freer.o)
                0x0602cc40                _malloc_trim_r
                0x0602cd34                _free_r
 .text          0x0602cf80       0x20 c:/saturn/SH_COFF/sh-coff/bin/../lib/gcc/sh-coff/3.4-GNUSH_v0501/../../../../sh-coff/lib\libc.a(mlock.o)
                0x0602cf80                __malloc_lock
                0x0602cf8c                __malloc_unlock
 .text          0x0602cfa0       0x50 c:/saturn/SH_COFF/sh-coff/bin/../lib/gcc/sh-coff/3.4-GNUSH_v0501/../../../../sh-coff/lib\libc.a(sbrkr.o)
                0x0602cfa0                _sbrk_r
 .text          0x0602cff0      0x380 c:/saturn/SH_COFF/sh-coff/bin/../lib/gcc/sh-coff/3.4-GNUSH_v0501/../../../../sh-coff/lib\libc.a(syscalls.o)
                0x0602d15c                _exit
                0x0602d190                _getpid
                0x0602d1f8                _utime
                0x0602d028                _write
                0x0602cff0                _read
                0x0602d144                _unlink
                0x0602d10c                _open
                0x0602d1a8                _stat
                0x0602d150                isatty
                0x0602d228                _wait
                0x0602d174                _kill
                0x0602d1c4                _chmod
                0x0602d258                _execv
                0x0602d23c                _execve
                0x0602d334                __setup_argv_and_call_main
                0x0602d290                _gettimeofday
                0x0602d05c                _link
                0x0602d19c                _raise
                0x0602d128                _creat
                0x0602d270                _pipe
                0x0602d1dc                _chown
                0x0602d00c                _lseek
                0x0602d044                _close
                0x0602d284                _times
                0x0602d0f8                _fstat
                0x0602d214                _fork
                0x0602d084                _sbrk
 .text          0x0602d370       0x20 c:/saturn/SH_COFF/sh-coff/bin/../lib/gcc/sh-coff/3.4-GNUSH_v0501/../../../../sh-coff/lib\libc.a(trap.o)
                0x0602d370                __trap34
 .text          0x0602d390       0x20 c:/saturn/SH_COFF/sh-coff/bin/../lib/gcc/sh-coff/3.4-GNUSH_v0501/../../../../sh-coff/lib\libc.a(abort.o)
                0x0602d390                abort
 .text          0x0602d3b0      0x270 c:/saturn/SH_COFF/sh-coff/bin/../lib/gcc/sh-coff/3.4-GNUSH_v0501/../../../../sh-coff/lib\libc.a(signal.o)
                0x0602d470                _raise_r
                0x0602d5f8                __sigtramp
                0x0602d5a4                raise
                0x0602d5e0                _init_signal
                0x0602d530                __sigtramp_r
                0x0602d5c0                signal
                0x0602d3fc                _signal_r
                0x0602d3b0                _init_signal_r
 .text          0x0602d620       0x60 c:/saturn/SH_COFF/sh-coff/bin/../lib/gcc/sh-coff/3.4-GNUSH_v0501/../../../../sh-coff/lib\libc.a(signalr.o)
                0x0602d668                _getpid_r
                0x0602d620                _kill_r
 *(.strings)

.tors           0x0602d680        0x0
                0x0602d680                ___ctors = .
 *(.ctors)
                0x0602d680                ___ctors_end = .
                0x0602d680                ___dtors = .
 *(.dtors)
                0x0602d680                ___dtors_end = .

.data           0x0602d680     0x10b0
                0x0602d680                STARTOF_R = .
 *(.data)
 .data          0x0602d680      0x400 ../sbl6/segasmp/per/smpclib/per_x1.o
 .data          0x0602da80       0x40 main.o
                0x0602da80                CycleTb
 .data          0x0602dac0      0x400 ../sbl6/segalib/lib/sega_int.a(int.o)
 .data          0x0602dec0       0x1c ../sbl6/segalib/lib/sega_spr.a(spr_slv.o)
                0x0602dec8                SPR_SlaveParam
                0x0602ded8                SPR_SMPC_SF
                0x0602ded0                SPR_SMPC_COM
                0x0602decc                SPR_SlaveSHEntry
                0x0602dec4                SPR_SlaveState
                0x0602dec0                SPR_SlaveCommand
                0x0602ded4                SPR_SMPC_RET
 *fill*         0x0602dedc        0x4 00
 .data          0x0602dee0       0x34 ../sbl6/segalib/lib/sega_spr.a(spr_1c.o)
                0x0602dee0                SpInitialFlag
 *fill*         0x0602df14        0xc 00
 .data          0x0602df20       0x1c ../sbl6/segalib/lib/sega_scl.a(scl_vblv.o)
                0x0602df28                VBInterval
                0x0602df30                ReqDisplayFlag
                0x0602df20                SpFrameChgMode
                0x0602df2c                VBIntervalCounter
                0x0602df24                SpFrameEraseMode
 *fill*         0x0602df3c        0x4 00
 .data          0x0602df40       0x36 ../sbl6/segalib/lib/sega_scl.a(scl_func.o)
                0x0602df50                SclRotregBuff
                0x0602df4c                SclDisplayY
                0x0602df54                SclRotateTableMode
                0x0602df48                SclProcess
                0x0602df44                SclCurSclNum
                0x0602df40                SclLengthLsTbl
                0x0602df4a                SclDisplayX
                0x0602df42                SclLengthCsTbl
 *fill*         0x0602df76        0xa 00
 .data          0x0602df80       0x18 ../sbl6/segalib/lib/sega_scl.a(scl_pri.o)
                0x0602df84                SclRealSpPriNum
                0x0602df94                SclRealColOffset
                0x0602df90                SclRealBgColMix
                0x0602df8c                SclRealSpColMix
                0x0602df88                SclRealBgPriNum
                0x0602df80                SclRealOtherPri
 *fill*         0x0602df98        0x8 00
 .data          0x0602dfa0      0x380 c:/saturn/SH_COFF/sh-coff/bin/../lib/gcc/sh-coff/3.4-GNUSH_v0501/../../../../sh-coff/lib\libc.a(impure.o)
                0x0602e31c                _impure_ptr
 .data          0x0602e320      0x410 c:/saturn/SH_COFF/sh-coff/bin/../lib/gcc/sh-coff/3.4-GNUSH_v0501/../../../../sh-coff/lib\libc.a(mallocr.o)
                0x0602e328                __malloc_av_
                0x0602e324                __malloc_trim_threshold
                0x0602e320                __malloc_sbrk_base
                0x0602e730                SIZEOF_R = (. - STARTOF_R)
                0x0602e730                ENDOF_R = .

.bss            0x0602e730     0x50d4
                0x0602e730                STARTOF_B = .
 *(.bss)
 .bss           0x0602e730       0x10 ../sbl6/segasmp/v_blank/v_blank.o
                0x0602e736                PadData2E
                0x0602e730                PadData1
                0x0602e734                PadData2
                0x0602e732                PadData1E
                0x0602e738                __port
 .bss           0x0602e740       0xd0 ../sbl6/segasmp/per/smpclib/per_x2.o
 .bss           0x0602e810     0x3390 main.o
 .bss           0x06031ba0       0x6e ../sbl6/segalib/lib/sega_spr.a(spr_2c.o)
 *fill*         0x06031c0e        0x2 00
 .bss           0x06031c10        0x4 ../sbl6/segalib/lib/sega_scl.a(scl_vblv.o)
 *fill*         0x06031c14        0xc 00
 .bss           0x06031c20        0x4 ../sbl6/segalib/lib/sega_scl.a(scl_func.o)
 *fill*         0x06031c24        0xc 00
 .bss           0x06031c30       0x48 ../sbl6/segalib/lib/sega_scl.a(scl_ro00.o)
 *fill*         0x06031c78        0x8 00
 .bss           0x06031c80       0x9c ../sbl6/segalib/lib/sega_per.a(per_prt.o)
 *fill*         0x06031d1c        0x4 00
 .bss           0x06031d20        0xc ../sbl6/segalib/lib/sega_sat.a(DMA_SCU1.o)
 *fill*         0x06031d2c        0x4 00
 .bss           0x06031d30       0x20 ../sbl6/segalib/lib/sega_sat.a(DMA_SCU0.o)
 .bss           0x06031d50       0x10 c:/saturn/SH_COFF/sh-coff/bin/../lib/gcc/sh-coff/3.4-GNUSH_v0501\libgcc.a(__main.o)
 .bss           0x06031d60       0x10 c:/saturn/SH_COFF/sh-coff/bin/../lib/gcc/sh-coff/3.4-GNUSH_v0501/../../../../sh-coff/lib\libc.a(atexit.o)
 .bss           0x06031d70       0x40 c:/saturn/SH_COFF/sh-coff/bin/../lib/gcc/sh-coff/3.4-GNUSH_v0501/../../../../sh-coff/lib\libc.a(mallocr.o)
                0x06031da0                __malloc_top_pad
                0x06031d70                __malloc_current_mallinfo
                0x06031d9c                __malloc_max_sbrked_mem
                0x06031d98                __malloc_max_total_mem
 .bss           0x06031db0       0x10 c:/saturn/SH_COFF/sh-coff/bin/../lib/gcc/sh-coff/3.4-GNUSH_v0501/../../../../sh-coff/lib\libc.a(syscalls.o)
 *(COMMON)
 COMMON         0x06031dc0      0x400 ../sbl6/segalib/lib/sega_int.a(int.o)
                                  0x0 (size before relaxing)
                0x06031dc0                __interrupt_vector
 COMMON         0x060321c0       0x50 ../sbl6/segalib/lib/sega_spr.a(spr_2c.o)
                                  0x0 (size before relaxing)
                0x060321c0                SpMstCmd
                0x060321c4                Sp2OpenFlag
                0x060321c8                SpGourTblMax
                0x060321cc                SpDrawPrtyBlk
                0x060321d0                SpLCoordX
                0x060321d4                SpMstDrawPrtyBlk
                0x060321d8                SpGourTbl
                0x060321dc                SpLookupTblR
                0x060321e0                SpCmdTbl
                0x060321e4                SpCharMax
                0x060321e8                SpDrawPrtyProcFlag
                0x060321ec                SpCmdNo
                0x060321f0                SpDrawPrtyBlkMax
                0x060321f4                SpSlvCmdPos
                0x060321f8                SpSlvDrawPrtyBlk
                0x060321fc                SpCharTbl
                0x06032200                SpCmdTblR
                0x06032204                SpMstCmdPos
                0x06032208                SpSlvCmd
                0x0603220c                SpLCoordY
 COMMON         0x06032210       0x10 ../sbl6/segalib/lib/sega_spr.a(spr_1c.o)
                                  0x0 (size before relaxing)
                0x06032210                SpScreenY
                0x06032214                SpFbcrMode
                0x06032216                SpDil
                0x06032218                SpDie
                0x0603221a                SpTvMode
                0x0603221c                SpScreenX
 COMMON         0x06032220      0xf00 ../sbl6/segalib/lib/sega_scl.a(scl_func.o)
                                  0x0 (size before relaxing)
                0x06032220                SclRbgKtbAddr
                0x06032228                SclRb
                0x0603222a                Scl_flag
                0x06032230                SclK_TableBuff
                0x06032f00                SclAddrCsTbl
                0x06032f10                Scl_s_reg
                0x06032f38                SclRotateXy
                0x06032f40                Scl_d_reg
                0x06032f88                SclRotateDisp
                0x06032f90                SclRotateMoveZ
                0x06032f98                SclRotXySw
                0x06032fa0                Scl_r_reg
                0x06032fb0                SclRPMD
                0x06032fb8                SclRbgKtbOffset
                0x06032fc0                _SclRotregBuff
                0x06033090                SclRa
                0x06033098                SclRotateZ
                0x060330a0                SclAddrLsTbl
                0x060330a8                SclK_TableNum
                0x060330b0                SclRotateTableAddress
                0x060330b4                SclK_TableFlag
                0x060330c0                Scl_w_reg
                0x060330e0                Scl_n_reg
 COMMON         0x06033120      0x6b0 ../sbl6/segalib/lib/sega_scl.a(scl_pri.o)
                                  0x0 (size before relaxing)
                0x06033120                SclAutoEndBlue2
                0x06033130                SclColOffset
                0x06033140                SclPriBuffDirty
                0x06033142                SclAutoEndRed
                0x06033144                SclAutoSurface
                0x06033148                SclAutoGreen
                0x0603314a                SclAutoEndGreen
                0x0603314c                SclAutoCount
                0x06033150                SclColRamAlloc256
                0x06033170                SclAutoCurRate
                0x06033171                SclAutoPlusFlag
                0x06033178                SclSpColMix
                0x06033180                SclAutoMax
                0x06033184                SclLineColRamOffset
                0x06033188                SclColRamAlloc2048
                0x0603318c                SclBgPriNum
                0x06033192                SclAutoEndBlue
                0x06033194                SclAutoEndGreen2
                0x06033196                SclAutoVeFlag
                0x06033198                SclBgColMix
                0x060331a0                SclAutoIndex
                0x060331a4                SclAutoEndRate
                0x060331a6                SclAutoBlue
                0x060331a8                SclAutoRed
                0x060331ac                SclAutoInterval
                0x060331b0                SclOtherPri
                0x060331c0                SclAutoRGB
                0x060337c0                SclAutoEndRed2
                0x060337c8                SclSpPriNum
 COMMON         0x060337d0       0x10 ../sbl6/segalib/lib/sega_scl.a(scl_ro00.o)
                                  0x0 (size before relaxing)
                0x060337d0                SclCsx
                0x060337d8                SclCsy
 COMMON         0x060337e0       0x15 ../sbl6/segalib/lib/sega_per.a(per_prt.o)
                                  0x0 (size before relaxing)
                0x060337e0                per_get_time_flg
                0x060337e1                per_hot_res
                0x060337e2                per_set_sys_flg
                0x060337e4                per_get_time_adr
                0x060337e8                per_get_sys_data
                0x060337f4                per_time_out_flg
 *fill*         0x060337f5        0xb 00
 COMMON         0x06033800        0x4 c:/saturn/SH_COFF/sh-coff/bin/../lib/gcc/sh-coff/3.4-GNUSH_v0501/../../../../sh-coff/lib\libc.a(syscalls.o)
                                  0x0 (size before relaxing)
                0x06033800                errno
                0x06033804                SIZEOF_B = (. - STARTOF_B)
                0x06033804                ENDOF_B = .
                0x06033804                _end = .
OUTPUT(main.cof coff-sh)

.comment        0x06033810      0x380
 .comment       0x06033810       0x20 ../sbl6/segasmp/lib/strt2_g.o
 .comment       0x06033830       0x20 ../sbl6/segasmp/v_blank/set_vb.o
 .comment       0x06033850       0x20 ../sbl6/segasmp/v_blank/v_blank.o
 .comment       0x06033870       0x20 ../sbl6/segasmp/per/smpclib/per_x1.o
 .comment       0x06033890       0x20 ../sbl6/segasmp/per/smpclib/per_x2.o
 .comment       0x060338b0       0x20 sprite.o
 .comment       0x060338d0       0x20 main.o
 .comment       0x060338f0       0x20 c:/saturn/SH_COFF/sh-coff/bin/../lib/gcc/sh-coff/3.4-GNUSH_v0501\libgcc.a(__main.o)
 .comment       0x06033910       0x20 c:/saturn/SH_COFF/sh-coff/bin/../lib/gcc/sh-coff/3.4-GNUSH_v0501\libgcc.a(_si_to_df.o)
 .comment       0x06033930       0x20 c:/saturn/SH_COFF/sh-coff/bin/../lib/gcc/sh-coff/3.4-GNUSH_v0501\libgcc.a(_mul_df.o)
 .comment       0x06033950       0x20 c:/saturn/SH_COFF/sh-coff/bin/../lib/gcc/sh-coff/3.4-GNUSH_v0501\libgcc.a(_df_to_si.o)
 .comment       0x06033970       0x20 c:/saturn/SH_COFF/sh-coff/bin/../lib/gcc/sh-coff/3.4-GNUSH_v0501\libgcc.a(_pack_df.o)
 .comment       0x06033990       0x20 c:/saturn/SH_COFF/sh-coff/bin/../lib/gcc/sh-coff/3.4-GNUSH_v0501\libgcc.a(_unpack_df.o)
 .comment       0x060339b0       0x20 c:/saturn/SH_COFF/sh-coff/bin/../lib/gcc/sh-coff/3.4-GNUSH_v0501\libgcc.a(_thenan_df.o)
 .comment       0x060339d0       0x20 c:/saturn/SH_COFF/sh-coff/bin/../lib/gcc/sh-coff/3.4-GNUSH_v0501\libgcc.a(_muldi3.o)
 .comment       0x060339f0       0x20 c:/saturn/SH_COFF/sh-coff/bin/../lib/gcc/sh-coff/3.4-GNUSH_v0501\libgcc.a(_lshrdi3.o)
 .comment       0x06033a10       0x20 c:/saturn/SH_COFF/sh-coff/bin/../lib/gcc/sh-coff/3.4-GNUSH_v0501\libgcc.a(_ashldi3.o)
 .comment       0x06033a30       0x20 c:/saturn/SH_COFF/sh-coff/bin/../lib/gcc/sh-coff/3.4-GNUSH_v0501/../../../../sh-coff/lib\libc.a(atexit.o)
 .comment       0x06033a50       0x20 c:/saturn/SH_COFF/sh-coff/bin/../lib/gcc/sh-coff/3.4-GNUSH_v0501/../../../../sh-coff/lib\libc.a(impure.o)
 .comment       0x06033a70       0x20 c:/saturn/SH_COFF/sh-coff/bin/../lib/gcc/sh-coff/3.4-GNUSH_v0501/../../../../sh-coff/lib\libc.a(malloc.o)
 .comment       0x06033a90       0x20 c:/saturn/SH_COFF/sh-coff/bin/../lib/gcc/sh-coff/3.4-GNUSH_v0501/../../../../sh-coff/lib\libc.a(mallocr.o)
 .comment       0x06033ab0       0x20 c:/saturn/SH_COFF/sh-coff/bin/../lib/gcc/sh-coff/3.4-GNUSH_v0501/../../../../sh-coff/lib\libc.a(freer.o)
 .comment       0x06033ad0       0x20 c:/saturn/SH_COFF/sh-coff/bin/../lib/gcc/sh-coff/3.4-GNUSH_v0501/../../../../sh-coff/lib\libc.a(mlock.o)
 .comment       0x06033af0       0x20 c:/saturn/SH_COFF/sh-coff/bin/../lib/gcc/sh-coff/3.4-GNUSH_v0501/../../../../sh-coff/lib\libc.a(sbrkr.o)
 .comment       0x06033b10       0x20 c:/saturn/SH_COFF/sh-coff/bin/../lib/gcc/sh-coff/3.4-GNUSH_v0501/../../../../sh-coff/lib\libc.a(syscalls.o)
 .comment       0x06033b30       0x20 c:/saturn/SH_COFF/sh-coff/bin/../lib/gcc/sh-coff/3.4-GNUSH_v0501/../../../../sh-coff/lib\libc.a(abort.o)
 .comment       0x06033b50       0x20 c:/saturn/SH_COFF/sh-coff/bin/../lib/gcc/sh-coff/3.4-GNUSH_v0501/../../../../sh-coff/lib\libc.a(signal.o)
 .comment       0x06033b70       0x20 c:/saturn/SH_COFF/sh-coff/bin/../lib/gcc/sh-coff/3.4-GNUSH_v0501/../../../../sh-coff/lib\libc.a(signalr.o)
