Archive member included because of file (symbol)

../sbl6/segalib/lib/sega_int.a(int.o)
                              vblank.o (INT_SetScuFunc)
../sbl6/segalib/lib/sega_int.a(int_trmp.o)
                              ../sbl6/segalib/lib/sega_int.a(int.o) (__interrupt_handler0)
../sbl6/segalib/lib/sega_spr.a(spr_2c.o)
                              sprite.o (SPR_2Initial)
../sbl6/segalib/lib/sega_spr.a(spr_slv.o)
                              ../sbl6/segalib/lib/sega_spr.a(spr_2c.o) (SPR_InitSlaveSH)
../sbl6/segalib/lib/sega_spr.a(spr_1c.o)
                              ../sbl6/segalib/lib/sega_spr.a(spr_2c.o) (SPR_Initial)
../sbl6/segalib/lib/sega_spr.a(spr_2a.o)
                              ../sbl6/segalib/lib/sega_spr.a(spr_2c.o) (SPR_2SetDrawPrty)
../sbl6/segalib/lib/sega_scl.a(scl_vblv.o)
                              ../sbl6/segalib/lib/sega_spr.a(spr_1c.o) (SpFrameChgMode)
../sbl6/segalib/lib/sega_scl.a(scl_func.o)
                              sprite.o (SCL_Vdp2Init)
../sbl6/segalib/lib/sega_scl.a(scl_pr03.o)
                              sprite.o (SCL_AllocColRam)
../sbl6/segalib/lib/sega_scl.a(scl_pr02.o)
                              sprite.o (SCL_SetColRam)
../sbl6/segalib/lib/sega_scl.a(scl_back.o)
                              scroll.o (SCL_SetBack)
../sbl6/segalib/lib/sega_scl.a(scl_fu05.o)
                              scroll.o (SCL_InitLineParamTb)
../sbl6/segalib/lib/sega_scl.a(scl_fu03.o)
                              scroll.o (SCL_InitConfigTb)
../sbl6/segalib/lib/sega_scl.a(scl_fu02.o)
                              scroll.o (SCL_InitVramConfigTb)
../sbl6/segalib/lib/sega_scl.a(scl_fu04.o)
                              scroll.o (SCL_SetCycleTable)
../sbl6/segalib/lib/sega_scl.a(scl_pr07.o)
                              scroll.o (SCL_SetPriority)
../sbl6/segalib/lib/sega_scl.a(scl_pr01.o)
                              main.o (SCL_SetSpriteMode)
../sbl6/segalib/lib/sega_scl.a(scl_pri.o)
                              ../sbl6/segalib/lib/sega_scl.a(scl_func.o) (SclRealOtherPri)
../sbl6/segalib/lib/sega_scl.a(scl_ro00.o)
                              ../sbl6/segalib/lib/sega_scl.a(scl_func.o) (SCL_Rotate)
../sbl6/segalib/lib/sega_scl.a(scl_pr06.o)
                              ../sbl6/segalib/lib/sega_scl.a(scl_pr03.o) (SCL_SetColRamOffset)
../sbl6/segalib/lib/sega_scl.a(scl_pr05.o)
                              ../sbl6/segalib/lib/sega_scl.a(scl_pr02.o) (SCL_GetColRamOffset)
../sbl6/segalib/lib/sega_mth.a(mth_fixd.o)
                              sprite.o (MTH_Mul)
../sbl6/segalib/lib/sega_mth.a(mth_tri.o)
                              sprite.o (MTH_Sin)
../sbl6/segalib/lib/sega_per.a(per_prt.o)
                              ../sbl6/segasmp/per/smpclib/per_x2.o (PER_LInit)
../sbl6/segalib/lib/sega_sat.a(gfs.o)
                              cd.o (GFS_Init)
../sbl6/segalib/lib/sega_sat.a(DMA_SCU1.o)
                              ../sbl6/segalib/lib/sega_spr.a(spr_2c.o) (DMA_ScuMemCopy)
../sbl6/segalib/lib/sega_sat.a(gfs_cdf.o)
                              ../sbl6/segalib/lib/sega_sat.a(gfs.o) (GFCF_Init)
../sbl6/segalib/lib/sega_sat.a(gfs_dir.o)
                              ../sbl6/segalib/lib/sega_sat.a(gfs.o) (GFDR_SetupDirTbl)
../sbl6/segalib/lib/sega_sat.a(gfs_trn.o)
                              ../sbl6/segalib/lib/sega_sat.a(gfs.o) (GFTR_Setup)
../sbl6/segalib/lib/sega_sat.a(gfs_buf.o)
                              ../sbl6/segalib/lib/sega_sat.a(gfs.o) (GFBF_GetNumData)
../sbl6/segalib/lib/sega_sat.a(gfs_cdb.o)
                              ../sbl6/segalib/lib/sega_sat.a(gfs_cdf.o) (GFCB_Setup)
../sbl6/segalib/lib/sega_sat.a(gfs_cdc.o)
                              ../sbl6/segalib/lib/sega_sat.a(gfs.o) (GFCD_SetCdbfs)
../sbl6/segalib/lib/sega_sat.a(DMA_SCU0.o)
                              ../sbl6/segalib/lib/sega_sat.a(DMA_SCU1.o) (DMA_ScuSetPrm)
../sbl6/segalib/lib/sega_sat.a(csh_main.o)
                              ../sbl6/segalib/lib/sega_sat.a(DMA_SCU1.o) (CSH_Purge)
../sbl6/segalib/lib/sega_sat.a(DMA_CPU0.o)
                              ../sbl6/segalib/lib/sega_sat.a(gfs_trn.o) (DMA_CpuSetComPrm)
../sbl6/segalib/lib/sega_sat.a(cdc_reg.o)
                              ../sbl6/segalib/lib/sega_sat.a(gfs_cdb.o) (CDC_GetDataPtr)
../sbl6/segalib/lib/sega_sat.a(cdc_cfs.o)
                              ../sbl6/segalib/lib/sega_sat.a(gfs_cdc.o) (CDC_ChgDir)
../sbl6/segalib/lib/sega_sat.a(cdc_cmn.o)
                              ../sbl6/segalib/lib/sega_sat.a(gfs_cdc.o) (CDC_GetCurStat)
../sbl6/segalib/lib/sega_sat.a(cdc_bio.o)
                              ../sbl6/segalib/lib/sega_sat.a(gfs_cdc.o) (CDC_SetSctLen)
../sbl6/segalib/lib/sega_sat.a(cdc_sel.o)
                              ../sbl6/segalib/lib/sega_sat.a(gfs_cdc.o) (CDC_SetFiltRange)
../sbl6/segalib/lib/sega_sat.a(cdc_drv.o)
                              ../sbl6/segalib/lib/sega_sat.a(gfs_cdc.o) (CDC_CdPlay)
../sbl6/segalib/lib/sega_sat.a(cdc_bif.o)
[...]
Memory Configuration

Name             Origin             Length             Attributes
*default*        0x00000000         0xffffffff

Linker script and memory map

LOAD ../sbl6/segasmp/lib/strt1_g.o
LOAD ../sbl6/segasmp/lib/strt2_g.o
LOAD vblank.o
LOAD ../sbl6/segasmp/per/smpclib/per_x1.o
LOAD ../sbl6/segasmp/per/smpclib/per_x2.o
LOAD ../sbl6/segasmp/per/smpclib/per_x3.o
LOAD blocks.o
LOAD cd.o
LOAD collision.o
LOAD graphics.o
LOAD player.o
LOAD print.o
LOAD sprite.o
LOAD scroll.o
LOAD main.o
LOAD ../sbl6/segalib/lib/sega_int.a
LOAD ../sbl6/segalib/lib/sega_spr.a
LOAD ../sbl6/segalib/lib/sega_scl.a
LOAD ../sbl6/segalib/lib/sega_mth.a
LOAD ../sbl6/segalib/lib/sega_cdc.a
LOAD ../sbl6/segalib/lib/sega_adp.a
LOAD ../sbl6/segalib/lib/sega_per.a
LOAD ../sbl6/segalib/lib/sega_sat.a
LOAD C:/saturn/SH_COFF/sh-coff/bin/../lib/gcc/sh-coff/3.4-GNUSH_v0501\libgcc.a
LOAD C:/saturn/SH_COFF/sh-coff/bin/../lib/gcc/sh-coff/3.4-GNUSH_v0501/../../../../sh-coff/lib\libc.a
LOAD C:/saturn/SH_COFF/sh-coff/bin/../lib/gcc/sh-coff/3.4-GNUSH_v0501\libgcc.a

.text           0x06010000    0x14110
 *(.text)
 .text          0x06010000       0x30 ../sbl6/segasmp/lib/strt1_g.o
                0x06010024                _D_END
                0x06010020                _D_BGN
                0x0601002c                _B_END
                0x06010028                _B_BGN
                0x06010000                START
 .text          0x06010030       0x60 ../sbl6/segasmp/lib/strt2_g.o
                0x06010050                _INITSCT
                0x06010030                _INIT
 .text          0x06010090      0x180 vblank.o
                0x06010090                SetVblank
                0x06010110                UsrVblankOut
                0x060100f0                UsrVblankIn
 .text          0x06010210      0x430 ../sbl6/segasmp/per/smpclib/per_x1.o
                0x060105a4                PER_GetAnalogXYZ
                0x06010234                PER_GetTriggerHandler
                0x060104ce                PER_GetEdge
                0x0601044c                PER_GetTrigger
                0x060104f8                PER_GetPressEdge
                0x0601054c                PER_GetReleaseEdge
                0x06010210                PER_SetTriggerHandler
 .text          0x06010640      0x200 ../sbl6/segasmp/per/smpclib/per_x2.o
                0x06010744                PER_GetDeviceA
                0x06010640                PER_OpenPort
                0x06010678                PER_GetPort
                0x060107be                PER_GetDeviceR
 .text          0x06010840       0x20 ../sbl6/segasmp/per/smpclib/per_x3.o
                0x06010840                PER_DisguiseTrigger
 .text          0x06010860       0xe0 blocks.o
                0x06010860                block_get
                0x060108c0                block_check
                0x060108f0                block_spike
 .text          0x06010940       0xa0 cd.o
                0x06010940                cd_init
                0x06010970                cd_load
 .text          0x060109e0      0xaa0 collision.o
                0x060109e0                collision_check_up
                0x060112d0                collision_eject_horiz
                0x06011100                collision_eject_vert
                0x06010e10                collision_check
                0x06010c70                collision_check_left
                0x06010d40                collision_check_right
                0x06011050                collision_spikes
                0x06010b70                collision_check_below
                0x06010a70                collision_check_down
 .text          0x06011480      0x5b0 player.o
                0x06011480                player_frames
                0x060115e0                player_input
                0x06011490                player_init
                0x06011920                player_draw
                0x060114e0                player_animate
 .text          0x06011a30      0x170 print.o
                0x06011b00                print_display
                0x06011a70                print_num
                0x06011a30                print_init
                0x06011ac0                print_string
 .text          0x06011ba0      0x5e0 sprite.o
                0x06011bd0                sprite_init
                0x06011fb0                sprite_make
                0x060120f0                sprite_next
                0x06012150                sprite_delete
                0x06011ff0                sprite_draw_all
                0x06011ba0                sprite_deleteall
                0x06011d60                sprite_draw
 .text          0x06012180      0x8f0 scroll.o
                0x06012180                scroll_move
                0x060127c0                scroll_get
                0x06012820                scroll_copy
                0x060122d0                scroll_set
                0x06012950                scroll_reset
                0x060129b0                scroll_linescroll4
                0x060123e0                scroll_init
                0x06012300                scroll_scale
 .text          0x06012a70      0x110 main.o
                0x06012a70                main
 .text          0x06012b80       0x40 ../sbl6/segalib/lib/sega_int.a(int.o)
                0x06012bac                INT_GetScuFunc
                0x06012b80                INT_SetScuFunc
 .text          0x06012bc0      0x624 ../sbl6/segalib/lib/sega_int.a(int_trmp.o)
                0x06012d28                __interrupt_handler60
                0x06012ed8                __interrupt_handler132
                0x0601308e                __interrupt_handler205
                0x06012ef6                __interrupt_handler137
                0x06012e24                __interrupt_handler102
                0x06012c62                __interrupt_handler27
                0x06013064                __interrupt_handler198
                0x06012f56                __interrupt_handler153
                0x06012c3e                __interrupt_handler21
                0x06012d4c                __interrupt_handler66
                0x06012e3c                __interrupt_handler106
                0x06012f86                __interrupt_handler161
                0x06012dd0                __interrupt_handler88
                0x06012f9e                __interrupt_handler165
                0x06012eae                __interrupt_handler125
                0x06012be4                __interrupt_handler6
                0x06012c80                __interrupt_handler32
                0x0601303a                __interrupt_handler191
                0x06013154                __interrupt_handler238
                0x0601316c                __interrupt_handler242
                0x06012f74                __interrupt_handler158
                0x06012ddc                __interrupt_handler90
                0x06012f98                __interrupt_handler164
                0x06012cbc                __interrupt_handler42
                0x06012ffe                __interrupt_handler181
                0x06013106                __interrupt_handler225
                0x060131ae                __interrupt_handler253
                0x06012fc2                __interrupt_handler171
                0x06012d7c                __interrupt_handler74
                0x06012bd2                __interrupt_handler3
                0x06012d16                __interrupt_handler57
                0x06012c14                __interrupt_handler14
                0x060130ac                __interrupt_handler210
                0x060130dc                __interrupt_handler218
                0x060130a0                __interrupt_handler208
                0x06012ca4                __interrupt_handler38
                0x06012bc0                __interrupt_handler0
                0x06012e30                __interrupt_handler104
                0x06012f6e                __interrupt_handler157
                0x060130be                __interrupt_handler213
                0x06012fb0                __interrupt_handler168
                0x06012dbe                __interrupt_handler85
                0x06012e5a                __interrupt_handler111
                0x06012e6c                __interrupt_handler114
                0x06012cda                __interrupt_handler47
                0x06013130                __interrupt_handler232
                0x060130fa                __interrupt_handler223
                0x0601314e                __interrupt_handler237
                0x06012d3a                __interrupt_handler63
                0x06012cc8                __interrupt_handler44
                0x06012fda                __interrupt_handler175
                0x06013004                __interrupt_handler182
                0x0601301c                __interrupt_handler186
                0x06012f1a                __interrupt_handler143
                0x06012e42                __interrupt_handler107
                0x06012ea8                __interrupt_handler124
                0x06012fc8                __interrupt_handler172
                0x0601317e                __interrupt_handler245
                0x06012dfa                __interrupt_handler95
                0x06012ed2                __interrupt_handler131
                0x06012ee4                __interrupt_handler134
                0x06012f02                __interrupt_handler139
                0x06012d70                __interrupt_handler72
                0x0601312a                __interrupt_handler231
                0x06012f80                __interrupt_handler160
                0x06012ec6                __interrupt_handler129
                0x06012c38                __interrupt_handler20
                0x06012d46                __interrupt_handler65
                0x06012d10                __interrupt_handler56
                0x06012c0e                __interrupt_handler13
                0x060130a6                __interrupt_handler209
                0x06012e60                __interrupt_handler112
                0x06012c32                __interrupt_handler19
                0x06012dee                __interrupt_handler93
                0x06013058                __interrupt_handler196
                0x06012f4a                __interrupt_handler151
                0x06012faa                __interrupt_handler167
                0x060131c0                __trampoline
                0x06012c26                __interrupt_handler17
                0x06013118                __interrupt_handler228
                0x060131ba                __interrupt_handler255
                0x06013178                __interrupt_handler244
                0x06012e12                __interrupt_handler99
                0x0601300a                __interrupt_handler183
                0x06012f08                __interrupt_handler140
                0x0601302e                __interrupt_handler189
                0x06012f2c                __interrupt_handler146
                0x060130f4                __interrupt_handler222
                0x06012f68                __interrupt_handler156
                0x06012e9c                __interrupt_handler122
                0x06013190                __interrupt_handler248
                0x06012ce0                __interrupt_handler48
                0x06012d5e                __interrupt_handler69
                0x06012c50                __interrupt_handler24
                0x06012dd6                __interrupt_handler89
                0x060130ca                __interrupt_handler215
                0x060131b4                __interrupt_handler254
                0x06012dca                __interrupt_handler87
                0x06012d2e                __interrupt_handler61
                0x06013052                __interrupt_handler195
                0x06012f44                __interrupt_handler150
                0x06012cb6                __interrupt_handler41
                0x06012e54                __interrupt_handler110
                0x06012eba                __interrupt_handler127
                0x06012e48                __interrupt_handler108
                0x06012e66                __interrupt_handler113
                0x06012e78                __interrupt_handler116
                0x06012e96                __interrupt_handler121
                0x06012d8e                __interrupt_handler77
                0x06012caa                __interrupt_handler39
                0x06012cc2                __interrupt_handler43
                0x06013196                __interrupt_handler249
                0x06012fd4                __interrupt_handler174
                0x06012ef0                __interrupt_handler136
                0x06013028                __interrupt_handler188
                0x06012f26                __interrupt_handler145
                0x06012bf6                __interrupt_handler9
                0x06012d9a                __interrupt_handler79
                0x06013112                __interrupt_handler227
                0x06012c8c                __interrupt_handler34
                0x06012ecc                __interrupt_handler130
                0x0601318a                __interrupt_handler247
                0x06012d82                __interrupt_handler75
                0x06012fce                __interrupt_handler173
                0x06012cfe                __interrupt_handler53
                0x06012f3e                __interrupt_handler149
                0x060131a2                __interrupt_handler251
                0x06013136                __interrupt_handler233
                0x06012bfc                __interrupt_handler10
                0x06013088                __interrupt_handler204
                0x06012dac                __interrupt_handler82
                0x06012db2                __interrupt_handler83
                0x06012c56                __interrupt_handler25
                0x06013172                __interrupt_handler243
                0x06012f8c                __interrupt_handler162
                0x06012cd4                __interrupt_handler46
                0x06012fec                __interrupt_handler178
                0x06012da0                __interrupt_handler80
                0x06012d34                __interrupt_handler62
                0x06012bcc                __interrupt_handler2
                0x06012c6e                __interrupt_handler29
                0x06012d64                __interrupt_handler70
                0x06012e4e                __interrupt_handler109
                0x06012f38                __interrupt_handler148
                0x06012df4                __interrupt_handler94
                0x06013100                __interrupt_handler224
                0x06012e2a                __interrupt_handler103
                0x06012c98                __interrupt_handler36
                0x06012eb4                __interrupt_handler126
                0x06013184                __interrupt_handler246
                0x06012d0a                __interrupt_handler55
                0x06012c08                __interrupt_handler12
                0x06012cf8                __interrupt_handler52
                0x06013022                __interrupt_handler187
                0x06012f20                __interrupt_handler144
                0x06012e7e                __interrupt_handler117
                0x06012c2c                __interrupt_handler18
                0x0601305e                __interrupt_handler197
                0x06012f50                __interrupt_handler152
                0x06012e84                __interrupt_handler118
                0x06012fbc                __interrupt_handler170
                0x06013076                __interrupt_handler201
                0x06012e06                __interrupt_handler97
                0x06012f92                __interrupt_handler163
                0x06012ff8                __interrupt_handler180
                0x06013040                __interrupt_handler192
                0x06013160                __interrupt_handler240
                0x06012ea2                __interrupt_handler123
                0x060130c4                __interrupt_handler214
                0x06012c7a                __interrupt_handler31
                0x06012c68                __interrupt_handler28
                0x06012d52                __interrupt_handler67
                0x06012d58                __interrupt_handler68
                0x06012c44                __interrupt_handler22
                0x06012c4a                __interrupt_handler23
                0x06012fe0                __interrupt_handler176
                0x06012bea                __interrupt_handler7
                0x060130ee                __interrupt_handler221
                0x060130d6                __interrupt_handler217
                0x0601311e                __interrupt_handler229
                0x06012ce6                __interrupt_handler49
                0x06012bd8                __interrupt_handler4
                0x06012cb0                __interrupt_handler40
                0x06012e72                __interrupt_handler115
                0x06013142                __interrupt_handler235
                0x06012de2                __interrupt_handler91
                0x06013094                __interrupt_handler206
                0x06012fe6                __interrupt_handler177
                0x06012f32                __interrupt_handler147
                0x06012c9e                __interrupt_handler37
                0x0601319c                __interrupt_handler250
                0x06012bc6                __interrupt_handler1
                0x060130e2                __interrupt_handler219
                0x06012d88                __interrupt_handler76
                0x06012e18                __interrupt_handler100
                0x06012d1c                __interrupt_handler58
                0x06012c1a                __interrupt_handler15
                0x060130b8                __interrupt_handler212
                0x06013166                __interrupt_handler241
                0x0601307c                __interrupt_handler202
                0x06013046                __interrupt_handler193
                0x06012d94                __interrupt_handler78
                0x06012cec                __interrupt_handler50
                0x06012c86                __interrupt_handler33
                0x06012fa4                __interrupt_handler166
                0x06012efc                __interrupt_handler138
                0x06012eea                __interrupt_handler135
                0x06012c74                __interrupt_handler30
                0x06013010                __interrupt_handler184
                0x06012f0e                __interrupt_handler141
                0x06013124                __interrupt_handler230
                0x06013148                __interrupt_handler236
                0x06012e8a                __interrupt_handler119
                0x06012dc4                __interrupt_handler86
                0x06012e36                __interrupt_handler105
                0x06012da6                __interrupt_handler81
                0x06012e90                __interrupt_handler120
                0x06012ec0                __interrupt_handler128
                0x06012d04                __interrupt_handler54
                0x06012c02                __interrupt_handler11
                0x0601306a                __interrupt_handler199
                0x06012f5c                __interrupt_handler154
                0x06012cce                __interrupt_handler45
                0x060130d0                __interrupt_handler216
                0x06013082                __interrupt_handler203
                0x06012e1e                __interrupt_handler101
                0x06012db8                __interrupt_handler84
                0x06013016                __interrupt_handler185
                0x06012f14                __interrupt_handler142
                0x06012c5c                __interrupt_handler26
                0x06012d40                __interrupt_handler64
                0x06013070                __interrupt_handler200
                0x0601309a                __interrupt_handler207
                0x0601304c                __interrupt_handler194
                0x06012de8                __interrupt_handler92
                0x06012f62                __interrupt_handler155
                0x060130b2                __interrupt_handler211
                0x06012ede                __interrupt_handler133
                0x06012bde                __interrupt_handler5
                0x06012d76                __interrupt_handler73
                0x06012c20                __interrupt_handler16
                0x0601315a                __interrupt_handler239
                0x0601313c                __interrupt_handler234
                0x06012c92                __interrupt_handler35
                0x06012d22                __interrupt_handler59
                0x06012fb6                __interrupt_handler169
                0x06012e0c                __interrupt_handler98
                0x06012d6a                __interrupt_handler71
                0x06012cf2                __interrupt_handler51
                0x06012f7a                __interrupt_handler159
                0x0601310c                __interrupt_handler226
                0x06012e00                __interrupt_handler96
                0x06013034                __interrupt_handler190
                0x060130e8                __interrupt_handler220
                0x06012bf0                __interrupt_handler8
                0x06012ff2                __interrupt_handler179
                0x060131a8                __interrupt_handler252
 *fill*         0x060131e4        0xc 00
 .text          0x060131f0     0x12a0 ../sbl6/segalib/lib/sega_spr.a(spr_2c.o)
                0x06014450                SlaveFlushDrawPrtyBlock
                0x060131f0                SPR_2Initial
                0x06013a34                SPR_2SysClip
                0x060139d4                SPR_2LocalCoord
                0x060142cc                SPR_2FlushDrawPrtyBlock
                0x06013fb8                SPR_2DistSpr
                0x060139bc                SPR_2FlushDrawPrty
                0x060140dc                SPR_2Cmd
                0x060136b8                SPR_2GourTblNoToVram
                0x06013718                SPR_2GetAreaSizeInfo
                0x06013480                SPR_2SetGourTbl
                0x06013c6c                SPR_2Polygon
                0x060136f4                SPR_2CharNoToVram
                0x06013400                SPR_2SetTvMode
                0x0601385c                SPR_2CloseCommand
                0x0601343c                SPR_2FrameEraseData
                0x06013218                SPR_2Initial2
                0x06013e4c                SPR_2ScaleSpr
                0x06013adc                SPR_2Line
                0x060137a8                SPR_2OpenCommand
                0x0601341c                SPR_2FrameChgIntr
                0x06013d28                SPR_2NormSpr
                0x060134b0                SPR_2SetLookupTbl
                0x060134e4                SPR_2SetChar
                0x060136dc                SPR_2LookupTblNoToVram
                0x06013bb0                SPR_2PolyLine
                0x06013650                SPR_2ClrAllChar
                0x06013604                SPR_2ClrChar
                0x06013a80                SPR_2UserClip
 .text          0x06014490      0x1e6 ../sbl6/segalib/lib/sega_spr.a(spr_slv.o)
                0x060145f4                SPR_WaitEndSlaveSH
                0x06014490                SPR_SMPC_SSHON
                0x060145d0                SPR_RunSlaveSH
                0x06014494                SPR_InitSlaveSH
                0x0601455c                SPR_SlaveSHmain
                0x06014491                SPR_SMPC_SSHOFF
 *fill*         0x06014676        0xa 00
 .text          0x06014680      0x36a ../sbl6/segalib/lib/sega_spr.a(spr_1c.o)
                0x06014934                SPR_WaitDrawEnd
                0x0601494c                SPR_SetEosMode
                0x06014864                SPR_SetEraseData
                0x06014680                SPR_Initial
                0x06014758                SPR_SetTvMode
                0x060147f0                SPR_GetStatus
 *fill*         0x060149ea        0x6 00
 .text          0x060149f0      0x244 ../sbl6/segalib/lib/sega_spr.a(spr_2a.o)
                0x06014a02                sprMemCpyW
                0x06014a60                flushDrawPrtyBlock
                0x060149f0                sprMemCpyL
                0x06014a14                SPR_2SetDrawPrty
 *fill*         0x06014c34        0xc 00
 .text          0x06014c40      0x2fc ../sbl6/segalib/lib/sega_scl.a(scl_vblv.o)
                0x06014cfc                SCL_DisplayFrame
                0x06014c40                SCL_SetFrameInterval
                0x06014d30                SCL_VblInit
                0x06014d80                SCL_VblankStart
                0x06014dc4                SCL_VblankEnd
 *fill*         0x06014f3c        0x4 00
 .text          0x06014f40      0xb9c ../sbl6/segalib/lib/sega_scl.a(scl_func.o)
                0x0601591c                SCL_Vdp2_SGLInit
                0x0601582c                SCL_PriIntProc
                0x060157a4                SCL_Memcpyw
                0x06015abc                SCL_SglOff
                0x06015a9c                SCL_SglOn
                0x06015710                SCL_ScrollShow
                0x060151b8                SCL_Close
                0x060154b0                SCL_Scale
                0x06014f40                SCL_Vdp2Init
                0x06015324                SCL_Move
                0x060155ec                SCL_CopyReg
                0x06015194                SCL_Open
                0x06014fc4                SCL_ParametersInit
                0x060151d4                SCL_MoveTo
                0x060157cc                SCL_SetColRamMode
 *fill*         0x06015adc        0x4 00
 .text          0x06015ae0      0x138 ../sbl6/segalib/lib/sega_scl.a(scl_pr03.o)
                0x06015ae0                SCL_FreeColRam
                0x06015b18                SCL_AllocColRam
 *fill*         0x06015c18        0x8 00
 .text          0x06015c20       0x9c ../sbl6/segalib/lib/sega_scl.a(scl_pr02.o)
                0x06015c20                SCL_SetColRam
 *fill*         0x06015cbc        0x4 00
 .text          0x06015cc0       0x84 ../sbl6/segalib/lib/sega_scl.a(scl_back.o)
                0x06015cc0                SCL_SetBack
 *fill*         0x06015d44        0xc 00
 .text          0x06015d50      0x278 ../sbl6/segalib/lib/sega_scl.a(scl_fu05.o)
                0x06015e0c                SCL_SetLineParam
                0x06015d58                SCL_InitLineParamTb
 *fill*         0x06015fc8        0x8 00
 .text          0x06015fd0      0x94c ../sbl6/segalib/lib/sega_scl.a(scl_fu03.o)
                0x0601602c                SCL_SetConfig
                0x06015fd0                SCL_InitConfigTb
 *fill*         0x0601691c        0x4 00
 .text          0x06016920      0x4f4 ../sbl6/segalib/lib/sega_scl.a(scl_fu02.o)
                0x06016958                SCL_SetVramConfig
                0x06016920                SCL_InitVramConfigTb
 *fill*         0x06016e14        0xc 00
 .text          0x06016e20       0x28 ../sbl6/segalib/lib/sega_scl.a(scl_fu04.o)
                0x06016e20                SCL_SetCycleTable
 *fill*         0x06016e48        0x8 00
 .text          0x06016e50      0x214 ../sbl6/segalib/lib/sega_scl.a(scl_pr07.o)
                0x06016e50                SCL_SetPriority
 *fill*         0x06017064        0xc 00
 .text          0x06017070       0x58 ../sbl6/segalib/lib/sega_scl.a(scl_pr01.o)
                0x06017070                SCL_SetSpriteMode
 *fill*         0x060170c8        0x8 00
 .text          0x060170d0     0x10a4 ../sbl6/segalib/lib/sega_scl.a(scl_pri.o)
                0x06017164                SCL_AbortAutoVe
                0x06018014                SCL_SetShadowBit
                0x060175dc                SCL_AutoExec
                0x060170d0                SCL_PriorityInit
                0x06017af0                SCL_IncColOffset
                0x06017178                SCL_SetColMixRate
                0x06017148                SCL_GetColRamMode
 *fill*         0x06018174        0xc 00
 .text          0x06018180     0x1394 ../sbl6/segalib/lib/sega_scl.a(scl_ro00.o)
                0x0601936c                SCL_RotateZD
                0x06018634                SCL_Rotate
                0x06018308                SCL_InitRotateTable
 *fill*         0x06019514        0xc 00
 .text          0x06019520      0x1b4 ../sbl6/segalib/lib/sega_scl.a(scl_pr06.o)
                0x06019520                SCL_SetColRamOffset
 *fill*         0x060196d4        0xc 00
 .text          0x060196e0       0xac ../sbl6/segalib/lib/sega_scl.a(scl_pr05.o)
                0x060196e0                SCL_GetColRamOffset
 *fill*         0x0601978c        0x4 00
 .text          0x06019790       0xa4 ../sbl6/segalib/lib/sega_mth.a(mth_fixd.o)
                0x060197e0                MTH_FixedToInt
                0x060197d0                MTH_IntToFixed
                0x06019790                MTH_Mul
                0x060197f0                MTH_Product
                0x060197b0                MTH_Div
 *fill*         0x06019834        0xc 00
 .text          0x06019840      0x600 ../sbl6/segalib/lib/sega_mth.a(mth_tri.o)
                0x060198dc                fcos
                0x060198e2                fsin
                0x0601988c                MTH_Cos
                0x06019840                MTH_Sin
                0x06019a80                MTH_Atan
 .text          0x06019e40      0xf50 ../sbl6/segalib/lib/sega_per.a(per_prt.o)
                0x0601a260                PER_IntFunc
                0x0601a058                PER_LGetPer
                0x06019e40                PER_LInit
 .text          0x0601ad90     0x1b04 ../sbl6/segalib/lib/sega_sat.a(gfs.o)
                0x0601ad90                gfs_version
                0x0601c004                gfs_mngGetNumFile
                0x0601c784                gfs_closeSub
                0x0601bb20                GFS_SetGmode
                0x0601bddc                GFS_SetErrFunc
                0x0601bf2c                gfs_mngSetupFuncTbl
                0x0601b0e8                GFS_Reset
                0x0601be54                gfs_chgRoot
                0x0601bf20                gfs_aborttrans
                0x0601c204                gfs_svrAddHndl
                0x0601c0b4                gfs_mngFreeGrp
                0x0601be2c                GFS_ConvTno
                0x0601c3b8                gfs_getRootDir
                0x0601be08                GFS_GetErrStat
                0x0601b258                GFS_Seek
                0x0601b8c4                GFS_NwStop
                0x0601c0c0                gfs_mngTermAccess
                0x0601b16c                GFS_Open
                0x0601c06c                GFS_mngAllocGrp
                0x0601c7cc                gfs_isTaskDone
                0x0601b5c4                GFS_Fread
                0x0601bd24                GFS_StartTrans
                0x0601c720                gfs_GetFinfo
                0x0601bf60                gfs_mngInitWork
                0x0601b3b0                GFS_ByteToSct
                0x0601c1c4                gfs_svrSearchHndl
                0x0601c4b4                gfs_loadRootDir
                0x0601b00c                GFS_IdToName
                0x0601b708                GFS_NwFread
                0x0601bc54                GFS_SetTransPara
                0x0601b814                GFS_NwCdRead
                0x0601c2f4                gfs_loadVol
                0x0601bbf0                GFS_SetReadPara
                0x0601b30c                GFS_Tell
                0x0601bb84                GFS_SetTmode
                0x0601c688                GFS_GetFad
                0x0601bcc0                GFS_SetTrFunc
                0x0601bd70                GFS_CdMovePickup
                0x0601afa8                GFS_NameToId
                0x0601b9dc                GFS_NwExecOne
                0x0601c53c                gfs_flowIn
                0x0601b464                GFS_GetFileInfo
                0x0601c5e4                gfs_transData
                0x0601c240                gfs_svrRemoveHndl
                0x0601b88c                GFS_NwIsComplete
                0x0601c7c0                gfs_getGmode
                0x0601b930                GFS_NwGetStat
                0x0601c29c                GFS_OpenSub
                0x0601af40                GFS_SetDir
                0x0601b40c                GFS_GetFileSize
                0x0601b4d8                GFS_GetNumCdbuf
                0x0601c820                gfs_convFinStat
                0x0601b500                GFS_Load
                0x0601b660                gfs_waitRead
                0x0601ae98                GFS_LoadDir
                0x0601b078                GFS_GetDirInfo
                0x0601b220                GFS_Close
                0x0601adb0                GFS_Init
                0x0601b9ac                gfs_recovRdErr
                0x0601c144                gfs_mngSetErrCode
                0x0601ba9c                GFS_NwExecServer
                0x0601b35c                GFS_IsEof
                0x0601c6e0                gfs_SetSct
 *fill*         0x0601c894        0xc 00
 .text          0x0601c8a0      0x1f4 ../sbl6/segalib/lib/sega_sat.a(DMA_SCU1.o)
                0x0601c9fc                DMA_ScuResult
                0x0601c8a0                DMA_ScuInit
                0x0601c8f0                DMA_ScuMemCopy
 *fill*         0x0601ca94        0xc 00
 .text          0x0601caa0      0x8d4 ../sbl6/segalib/lib/sega_sat.a(gfs_cdf.o)
                0x0601cf94                GFCF_Seek
                0x0601d09c                GFCF_GetStat
                0x0601cf7c                GFCF_Tell
                0x0601cb40                GFCF_Setup
                0x0601d048                GFCF_cnvIntlvOfs
                0x0601caa0                GFCF_Init
                0x0601cf34                GFCF_Recover
                0x0601cc88                GFCF_SetSct
                0x0601cfac                GFCF_MovePickup
                0x0601d170                gfcf_isCdOk
                0x0601cd40                GFCF_FlowInBuf
                0x0601cccc                GFCF_GetFileInfo
                0x0601ce94                GFCF_StopInBuf
                0x0601d134                gfcf_getSctSize
                0x0601d230                gfcf_getPlayRange
 *fill*         0x0601d374        0xc 00
 .text          0x0601d380      0x928 ../sbl6/segalib/lib/sega_sat.a(gfs_dir.o)
                0x0601d870                gfdr_setNextRec
                0x0601dc6c                gfdr_setDirrecCd
                0x0601d668                gfdr_open
                0x0601d47c                GFDR_GetAtrDirId
                0x0601d750                gfdr_readByte
                0x0601d380                GFDR_SetupDirTbl
                0x0601d848                gfdr_readLongNM
                0x0601d8f4                gfdr_readDirEnt
                0x0601d4ac                GFDR_ChgRoot
                0x0601d3f4                GFDR_NameToId
                0x0601d538                gfdr_setupDirIdTbl
                0x0601d494                GFDR_GetAtrDirName
                0x0601d454                GFDR_GetInfoDirId
                0x0601d7fc                gfdr_readLongNB
                0x0601d690                gfdr_read
                0x0601d77c                gfdr_readWord
                0x0601d5bc                gfdr_setupDirNameTbl
                0x0601d468                GFDR_GetInfoDirName
                0x0601d4c4                GFDR_ChgDir
                0x0601d7a8                gfdr_readWordNB
 *fill*         0x0601dca8        0x8 00
 .text          0x0601dcb0      0xa46 ../sbl6/segalib/lib/sega_sat.a(gfs_trn.o)
                0x0601dd90                GFTR_SetTransMax
                0x0601e160                gftr_execScu
                0x0601e6e4                GFTR_SetTransFunc
                0x0601e5ac                gftr_remTrn
                0x0601e6d0                GFTR_SetData
                0x0601e3d0                gftr_execSdma1
                0x0601e620                gftr_copyFrac
                0x0601dd84                GFTR_GetNumTrans
                0x0601dd24                GFTR_SetMode
                0x0601e3a0                gftr_remDma0
                0x0601e648                GFTR_GetLenData
                0x0601e154                gftr_reqScu
                0x0601e3b8                gftr_reqDma1
                0x0601e070                gftr_getSrcPack
                0x0601e6a0                GFTR_RtnDstPk
                0x0601e23c                gfdma_exec
                0x0601e4d4                gftr_execTrn
                0x0601df68                GFTR_ExecSvr
                0x0601e464                gftr_reqTrn
                0x0601e32c                gfdma_getBytecnt
                0x0601e40c                gftr_reqCpu
                0x0601e66c                GFTR_GetDstPack
                0x0601e364                gftr_reqDma0
                0x0601def0                GFTR_Idle
                0x0601dda8                GFTR_Pause
                0x0601dd78                GFTR_GetTransPara
                0x0601e458                gftr_remCpu
                0x0601dd44                GFTR_SetTransPara
                0x0601e3f4                gftr_remDma1
                0x0601ddb4                GFTR_Stop
                0x0601e37c                gftr_execSdma0
                0x0601dce0                GFTR_Setup
                0x0601e1fc                gftr_remScu
                0x0601e0f8                gftr_getDstPack
                0x0601e230                gfdma_canUse
                0x0601de6c                GFTR_Exec
                0x0601e6bc                GFTR_GetData
                0x0601dd9c                GFTR_Start
                0x0601dd38                GFTR_SetUnit
                0x0601e418                gftr_execCpu
                0x0601e654                GFTR_GetLenRoom
 *fill*         0x0601e6f6        0xa 00
 .text          0x0601e700      0x106 ../sbl6/segalib/lib/sega_sat.a(gfs_buf.o)
                0x0601e758                GFBF_GetNumData
                0x0601e7d4                GFBF_RtnPk
                0x0601e788                GFBF_GetSrcPk
                0x0601e7fc                gfbf_getSctDt
                0x0601e730                GFBF_GetTranData
                0x0601e7b0                GFBF_GetSctData
 *fill*         0x0601e806        0xa 00
 .text          0x0601e810      0x600 ../sbl6/segalib/lib/sega_sat.a(gfs_cdb.o)
                0x0601edb8                GFCB_GetPickup
                0x0601e930                GFCB_Close
                0x0601ebfc                GFCB_GetSrcPack
                0x0601ed84                GFCB_SetCon
                0x0601ea04                GFCB_GetLenRoom
                0x0601ed68                GFCB_MovePickup
                0x0601ecdc                GFCB_GetSctData
                0x0601ea10                GFCB_SetFilt
                0x0601e958                GFCB_GetLenData
                0x0601edf8                GFCB_UngetPickup
                0x0601e810                GFCB_Setup
                0x0601eaa0                GFCB_Tell
                0x0601ede0                GFCB_IsPuOwner
                0x0601eb00                GFCB_Seek
                0x0601ea78                GFCB_DeleteAllData
                0x0601ed14                GFCB_GetDstPack
                0x0601eab0                gfcb_getSctNum
                0x0601ed20                GFCB_RtnPk
 .text          0x0601ee10     0x1a04 ../sbl6/segalib/lib/sega_sat.a(gfs_cdc.o)
                0x0601f0ac                GFCD_AllocBuf
                0x0601fe88                gfcd_doGetLenDataTsk
                0x06020724                GFCD_SetCsctFunc
                0x0601f184                GFCD_GetBaseFad
                0x0601f300                GFCD_GetFilt
                0x06020314                gfcd_doChgDirTsk
                0x06020654                gfcd_checkEflag
                0x0601f648                GFCD_MovePickup
                0x0601f72c                GFCD_GetSctInfo
                0x0601ffdc                gfcd_doReqDataTsk
                0x0601f774                GFCD_ChgDir
                0x0601f468                GFCD_ReqData
                0x06020740                GFCD_ChkScdqFlag
                0x0601fbf8                GFCD_WaitServer
                0x0601f50c                GFCD_DelSctData
                0x0601f9e4                GFCD_ExecServer
                0x0601fdf8                gfcd_doSetConTsk
                0x0601f040                GFCD_AllocFilt
                0x0601f23c                GFCD_SetFilt
                0x0601fc34                gfcd_doSetFiltTsk
                0x06020764                GFCD_ClrScdqFlag
                0x0602007c                gfcd_doDelSctDataTsk
                0x0601fb40                gfcd_doTask
                0x0601f1b8                GFCD_GetPickup
                0x0601f708                GFCD_CheckMove
                0x06020780                GFCD_WaitScdqFlag
                0x0601f3a0                GFCD_Play
                0x060201b0                gfcd_doMoveSctTsk
                0x0601f348                GFCD_SetCon
                0x0601f7e8                GFCD_SetFiltCon
                0x060207c4                GFCD_WaitPause
                0x0601f9ac                GFCD_GetBufSiz
                0x0601f1ec                GFCD_UngetPickup
                0x0601f8d0                GFCD_GetFileInfo
                0x0601f4c4                GFCD_EndData
                0x0601f0e0                GFCD_FreeBuf
                0x0601f400                GFCD_GetLenData
                0x0601f07c                GFCD_FreeFilt
                0x0601fab8                gfcd_isIdleTask
                0x0601ee3c                GFCD_Init
                0x06020510                gfcd_doSetFiltConTsk
                0x0601f594                GFCD_GetStat
                0x0601f694                GFCD_MoveSctData
                0x0601f218                GFCD_IsPuOwner
                0x06020678                gfcd_initCdbMng
                0x0601ee10                GFCD_SetCdbfs
                0x0601fbe4                GFCD_SetTimer
                0x060206f8                gfcd_setStat
                0x0601f564                GFCD_CheckDelSctData
 *fill*         0x06020814        0xc 00
 .text          0x06020820      0x308 ../sbl6/segalib/lib/sega_sat.a(DMA_SCU0.o)
                0x060208a4                DMA_ScuStart
                0x060209d8                DMA_ScuIntFunc0
                0x06020a48                DMA_ScuIntFunc1
                0x06020ab8                DMA_ScuIntFunc2
                0x06020998                DMA_ScuGetStatus
                0x06020820                DMA_ScuSetPrm
 *fill*         0x06020b28        0x8 00
 .text          0x06020b30       0xe8 ../sbl6/segalib/lib/sega_sat.a(csh_main.o)
                0x06020b30                CSH_Init
                0x06020b98                CSH_AllClr
                0x06020be4                CSH_Purge
 *fill*         0x06020c18        0x8 00
 .text          0x06020c20      0x1b6 ../sbl6/segalib/lib/sega_sat.a(DMA_CPU0.o)
                0x06020c68                DMA_CpuSetPrm
                0x06020d6c                DMA_CpuStart
                0x06020dc4                DMA_CpuGetStatus
                0x06020d98                DMA_CpuAllStop
                0x06020dac                DMA_CpuGetComStatus
                0x06020c20                DMA_CpuSetComPrm
                0x06020d80                DMA_CpuStop
 *fill*         0x06020dd6        0xa 00
 .text          0x06020de0      0x2dc ../sbl6/segalib/lib/sega_sat.a(cdc_reg.o)
                0x06020e34                CDREG_ClrHirqReq
                0x06020e04                CDC_ClrHirqReq
                0x06020eb4                CDREG_TgetData
                0x06020ea4                CDC_GetMpegPtr
                0x06020e80                CDC_GetHirqMsk
                0x06020de0                CDC_GetDataPtr
                0x06020df0                CDC_GetHirqReq
                0x06021010                CDREG_WaitHirq
                0x06020e94                CDC_SetHirqMsk
                0x06020f10                CDREG_CmdRsp
                0x06020e44                CDREG_InitHirqReq
                0x06020e6c                CDREG_SetHirqFlag
                0x06021080                CDREG_ReadRsp
 *fill*         0x060210bc        0x4 00
 .text          0x060210c0      0x194 ../sbl6/segalib/lib/sega_sat.a(cdc_cfs.o)
                0x060210c0                CDC_ChgDir
                0x060210f4                CDC_ReadDir
                0x06021218                CDC_AbortFile
                0x06021128                CDC_GetFileScope
                0x06021188                CDC_TgetFileInfo
                0x060211e4                CDC_ReadFile
 *fill*         0x06021254        0xc 00
 .text          0x06021260      0x3a0 ../sbl6/segalib/lib/sega_sat.a(cdc_cmn.o)
                0x06021404                CDC_TgetToc
                0x060215a8                CDC_DataEnd
                0x060212c8                CDC_GetPeriStat
                0x0602153c                CDC_DataReady
                0x06021514                CDC_CdOpen
                0x06021490                CDC_CdInit
                0x06021454                CDC_GetSes
                0x060212b0                CDC_GetLastStat
                0x06021260                CDC_GetCurStat
                0x0602139c                CDC_GetHwInfo
 .text          0x06021600      0x1e4 ../sbl6/segalib/lib/sega_sat.a(cdc_bio.o)
                0x060216ac                CDC_GetdelSctData
                0x06021634                CDC_GetSctData
                0x060216e8                CDC_PutSctData
                0x06021764                CDC_MoveSctData
                0x060217a8                CDC_GetCopyErr
                0x06021670                CDC_DelSctData
                0x06021600                CDC_SetSctLen
                0x06021720                CDC_CopySctData
 *fill*         0x060217e4        0xc 00
 .text          0x060217f0      0x2b8 ../sbl6/segalib/lib/sega_sat.a(cdc_sel.o)
                0x06021a20                CDC_GetFiltCon
                0x0602199c                CDC_GetFiltMode
                0x06021a74                CDC_ResetSelector
                0x060217f0                CDC_SetFiltRange
                0x0602187c                CDC_SetFiltSubh
                0x060218ec                CDC_GetFiltSubh
                0x06021824                CDC_GetFiltRange
                0x06021968                CDC_SetFiltMode
                0x060219e0                CDC_SetFiltCon
 *fill*         0x06021aa8        0x8 00
 .text          0x06021ab0      0x130 ../sbl6/segalib/lib/sega_sat.a(cdc_drv.o)
                0x06021ab0                CDC_CdPlay
                0x06021b7c                CDC_CdSeek
                0x06021bb0                CDC_CdScan
 .text          0x06021be0      0x270 ../sbl6/segalib/lib/sega_sat.a(cdc_bif.o)
                0x06021c3c                CDC_GetSctNum
                0x06021dbc                CDC_ExeFadSearch
                0x06021d3c                CDC_GetSctInfo
                0x06021c80                CDC_CalActSiz
                0x06021be0                CDC_GetBufSiz
                0x06021cbc                CDC_GetActSiz
                0x06021df4                CDC_GetFadSearch
 .text          0x06021e50       0xa8 ../sbl6/segalib/lib/sega_sat.a(cdc_dev.o)
                0x06021ebc                CDC_CdGetLastBuf
                0x06021e50                CDC_CdSetCon
                0x06021e80                CDC_CdGetCon
 *fill*         0x06021ef8        0x8 00
 .text          0x06021f00      0x152 ../sbl6/segalib/lib/sega_sat.a(cdc_sub.o)
                0x06021fa8                CDSUB_GetCdstat
                0x06021f18                CDSUB_UpdCdstat
                0x06021fe8                CDSUB_RspToCdstat
                0x06022030                CDSUB_SoftTimer
                0x06021f00                CDSUB_UpdStatus
                0x06021f38                CDSUB_CdCmd
 *fill*         0x06022052        0xe 00
 .text          0x06022060       0x60 C:/saturn/SH_COFF/sh-coff/bin/../lib/gcc/sh-coff/3.4-GNUSH_v0501\libgcc.a(_ashiftrt.o)
                0x0602206c                __ashiftrt_r4_27
                0x060220a0                __ashiftrt_r4_6
                0x06022090                __ashiftrt_r4_14
                0x06022082                __ashiftrt_r4_19
                0x0602209a                __ashiftrt_r4_9
                0x060220ae                __ashiftrt_r4_0
                0x06022060                __ashiftrt_r4_31
                0x0602206e                __ashiftrt_r4_26
                0x0602207c                __ashiftrt_r4_22
                0x06022088                __ashiftrt_r4_16
                0x06022094                __ashiftrt_r4_12
                0x06022068                __ashiftrt_r4_29
                0x06022086                __ashiftrt_r4_17
                0x06022066                __ashiftrt_r4_30
                0x060220a2                __ashiftrt_r4_5
                0x0602209c                __ashiftrt_r4_8
                0x06022060                __ashiftrt_r4_32
                0x06022070                __ashiftrt_r4_25
                0x060220a8                __ashiftrt_r4_2
                0x06022072                __ashiftrt_r4_24
                0x0602208e                __ashiftrt_r4_15
                0x06022098                __ashiftrt_r4_10
                0x060220aa                __ashiftrt_r4_1
                0x0602206a                __ashiftrt_r4_28
                0x06022080                __ashiftrt_r4_20
                0x0602209e                __ashiftrt_r4_7
                0x06022092                __ashiftrt_r4_13
                0x06022096                __ashiftrt_r4_11
                0x060220a4                __ashiftrt_r4_4
                0x0602207a                __ashiftrt_r4_23
                0x06022084                __ashiftrt_r4_18
                0x0602207e                __ashiftrt_r4_21
                0x060220a6                __ashiftrt_r4_3
 .text          0x060220c0       0x90 C:/saturn/SH_COFF/sh-coff/bin/../lib/gcc/sh-coff/3.4-GNUSH_v0501\libgcc.a(_ashiftlt.o)
                0x060220c0                __ashlsi3
 .text          0x06022150       0xb0 C:/saturn/SH_COFF/sh-coff/bin/../lib/gcc/sh-coff/3.4-GNUSH_v0501\libgcc.a(_movstr.o)
                0x06022190                __movstrSI16
                0x06022164                __movstrSI60
                0x06022170                __movstrSI48
                0x0602216c                __movstrSI52
                0x06022160                __movstrSI64
                0x06022174                __movstrSI44
                0x06022178                __movstrSI40
                0x0602217c                __movstrSI36
                0x060221b0                __movstr
                0x06022168                __movstrSI56
                0x06022184                __movstrSI28
                0x06022180                __movstrSI32
                0x06022194                __movstrSI12
                0x06022198                __movstrSI8
                0x060221a0                __movstrSI0
                0x06022188                __movstrSI24
                0x0602218c                __movstrSI20
                0x0602219c                __movstrSI4
 .text          0x06022200       0xa0 C:/saturn/SH_COFF/sh-coff/bin/../lib/gcc/sh-coff/3.4-GNUSH_v0501\libgcc.a(__main.o)
                0x06022274                __main
                0x06022200                __do_global_dtors
                0x06022234                __do_global_ctors
 .text          0x060222a0      0x2e0 C:/saturn/SH_COFF/sh-coff/bin/../lib/gcc/sh-coff/3.4-GNUSH_v0501\libgcc.a(_mul_df.o)
                0x060222b0                __muldf3
 .text          0x06022580       0xb0 C:/saturn/SH_COFF/sh-coff/bin/../lib/gcc/sh-coff/3.4-GNUSH_v0501\libgcc.a(_si_to_df.o)
                0x06022580                __floatsidf
 .text          0x06022630       0x80 C:/saturn/SH_COFF/sh-coff/bin/../lib/gcc/sh-coff/3.4-GNUSH_v0501\libgcc.a(_df_to_si.o)
                0x06022630                __fixdfsi
 .text          0x060226b0       0x70 C:/saturn/SH_COFF/sh-coff/bin/../lib/gcc/sh-coff/3.4-GNUSH_v0501\libgcc.a(_udivsi3.o)
                0x060226d2                __udivsi3
 .text          0x06022720       0xa0 C:/saturn/SH_COFF/sh-coff/bin/../lib/gcc/sh-coff/3.4-GNUSH_v0501\libgcc.a(_sdivsi3.o)
                0x06022720                __sdivsi3
 .text          0x060227c0      0x120 C:/saturn/SH_COFF/sh-coff/bin/../lib/gcc/sh-coff/3.4-GNUSH_v0501\libgcc.a(_unpack_df.o)
                0x060227d0                __unpack_d
 .text          0x060228e0      0x220 C:/saturn/SH_COFF/sh-coff/bin/../lib/gcc/sh-coff/3.4-GNUSH_v0501\libgcc.a(_pack_df.o)
                0x060228f0                __pack_d
 .text          0x06022b00       0x20 C:/saturn/SH_COFF/sh-coff/bin/../lib/gcc/sh-coff/3.4-GNUSH_v0501\libgcc.a(_thenan_df.o)
                0x06022b00                __thenan_df
 .text          0x06022b20       0xd0 C:/saturn/SH_COFF/sh-coff/bin/../lib/gcc/sh-coff/3.4-GNUSH_v0501\libgcc.a(_muldi3.o)
                0x06022b20                __muldi3
 .text          0x06022bf0       0x80 C:/saturn/SH_COFF/sh-coff/bin/../lib/gcc/sh-coff/3.4-GNUSH_v0501\libgcc.a(_lshrdi3.o)
                0x06022bf0                __lshrdi3
 .text          0x06022c70       0x80 C:/saturn/SH_COFF/sh-coff/bin/../lib/gcc/sh-coff/3.4-GNUSH_v0501\libgcc.a(_ashldi3.o)
                0x06022c70                __ashldi3
 .text          0x06022cf0       0x30 C:/saturn/SH_COFF/sh-coff/bin/../lib/gcc/sh-coff/3.4-GNUSH_v0501\libgcc.a(_mulsi3.o)
                0x06022cf0                __mulsi3
 .text          0x06022d20       0x90 C:/saturn/SH_COFF/sh-coff/bin/../lib/gcc/sh-coff/3.4-GNUSH_v0501\libgcc.a(_lshiftrt.o)
                0x06022d20                __lshrsi3
 .text          0x06022db0       0xa0 C:/saturn/SH_COFF/sh-coff/bin/../lib/gcc/sh-coff/3.4-GNUSH_v0501/../../../../sh-coff/lib\libc.a(memcpy.o)
                0x06022db0                memcpy
 .text          0x06022e50       0x40 C:/saturn/SH_COFF/sh-coff/bin/../lib/gcc/sh-coff/3.4-GNUSH_v0501/../../../../sh-coff/lib\libc.a(memset.o)
                0x06022e50                memset
 .text          0x06022e90       0x60 C:/saturn/SH_COFF/sh-coff/bin/../lib/gcc/sh-coff/3.4-GNUSH_v0501/../../../../sh-coff/lib\libc.a(memcmp.o)
                0x06022e90                memcmp
 .text          0x06022ef0       0xb0 C:/saturn/SH_COFF/sh-coff/bin/../lib/gcc/sh-coff/3.4-GNUSH_v0501/../../../../sh-coff/lib\libc.a(strncmp.o)
                0x06022ef0                strncmp
 .text          0x06022fa0       0xa0 C:/saturn/SH_COFF/sh-coff/bin/../lib/gcc/sh-coff/3.4-GNUSH_v0501/../../../../sh-coff/lib\libc.a(strncpy.o)
                0x06022fa0                strncpy
 .text          0x06023040       0x90 C:/saturn/SH_COFF/sh-coff/bin/../lib/gcc/sh-coff/3.4-GNUSH_v0501/../../../../sh-coff/lib\libc.a(atexit.o)
                0x06023040                atexit
 .text          0x060230d0       0x10 C:/saturn/SH_COFF/sh-coff/bin/../lib/gcc/sh-coff/3.4-GNUSH_v0501/../../../../sh-coff/lib\libc.a(impure.o)
                0x060230d0                _global_impure_ptr
 .text          0x060230e0       0x40 C:/saturn/SH_COFF/sh-coff/bin/../lib/gcc/sh-coff/3.4-GNUSH_v0501/../../../../sh-coff/lib\libc.a(malloc.o)
                0x060230fc                free
                0x060230e0                malloc
 .text          0x06023120      0x5b0 C:/saturn/SH_COFF/sh-coff/bin/../lib/gcc/sh-coff/3.4-GNUSH_v0501/../../../../sh-coff/lib\libc.a(mallocr.o)
                0x06023120                _malloc_r
 .text          0x060236d0      0x340 C:/saturn/SH_COFF/sh-coff/bin/../lib/gcc/sh-coff/3.4-GNUSH_v0501/../../../../sh-coff/lib\libc.a(freer.o)
                0x060236d0                _malloc_trim_r
                0x060237c4                _free_r
 .text          0x06023a10       0x20 C:/saturn/SH_COFF/sh-coff/bin/../lib/gcc/sh-coff/3.4-GNUSH_v0501/../../../../sh-coff/lib\libc.a(mlock.o)
                0x06023a10                __malloc_lock
                0x06023a1c                __malloc_unlock
 .text          0x06023a30       0x50 C:/saturn/SH_COFF/sh-coff/bin/../lib/gcc/sh-coff/3.4-GNUSH_v0501/../../../../sh-coff/lib\libc.a(sbrkr.o)
                0x06023a30                _sbrk_r
 .text          0x06023a80      0x380 C:/saturn/SH_COFF/sh-coff/bin/../lib/gcc/sh-coff/3.4-GNUSH_v0501/../../../../sh-coff/lib\libc.a(syscalls.o)
                0x06023bec                _exit
                0x06023c20                _getpid
                0x06023c88                _utime
                0x06023ab8                _write
                0x06023a80                _read
                0x06023bd4                _unlink
                0x06023b9c                _open
                0x06023c38                _stat
                0x06023be0                isatty
                0x06023cb8                _wait
                0x06023c04                _kill
                0x06023c54                _chmod
                0x06023ce8                _execv
                0x06023ccc                _execve
                0x06023dc4                __setup_argv_and_call_main
                0x06023d20                _gettimeofday
                0x06023aec                _link
                0x06023c2c                _raise
                0x06023bb8                _creat
                0x06023d00                _pipe
                0x06023c6c                _chown
                0x06023a9c                _lseek
                0x06023ad4                _close
                0x06023d14                _times
                0x06023b88                _fstat
                0x06023ca4                _fork
                0x06023b14                _sbrk
 .text          0x06023e00       0x20 C:/saturn/SH_COFF/sh-coff/bin/../lib/gcc/sh-coff/3.4-GNUSH_v0501/../../../../sh-coff/lib\libc.a(trap.o)
                0x06023e00                __trap34
 .text          0x06023e20       0x20 C:/saturn/SH_COFF/sh-coff/bin/../lib/gcc/sh-coff/3.4-GNUSH_v0501/../../../../sh-coff/lib\libc.a(abort.o)
                0x06023e20                abort
 .text          0x06023e40      0x270 C:/saturn/SH_COFF/sh-coff/bin/../lib/gcc/sh-coff/3.4-GNUSH_v0501/../../../../sh-coff/lib\libc.a(signal.o)
                0x06023f00                _raise_r
                0x06024088                __sigtramp
                0x06024034                raise
                0x06024070                _init_signal
                0x06023fc0                __sigtramp_r
                0x06024050                signal
                0x06023e8c                _signal_r
                0x06023e40                _init_signal_r
 .text          0x060240b0       0x60 C:/saturn/SH_COFF/sh-coff/bin/../lib/gcc/sh-coff/3.4-GNUSH_v0501/../../../../sh-coff/lib\libc.a(signalr.o)
                0x060240f8                _getpid_r
                0x060240b0                _kill_r
 *(.strings)

.tors           0x06024110        0x0
                0x06024110                ___ctors = .
 *(.ctors)
                0x06024110                ___ctors_end = .
                0x06024110                ___dtors = .
 *(.dtors)
                0x06024110                ___dtors_end = .

.data           0x06024110     0x16b0
                0x06024110                STARTOF_R = .
 *(.data)
 .data          0x06024110      0x400 ../sbl6/segasmp/per/smpclib/per_x1.o
 .data          0x06024510       0x60 blocks.o
                0x06024560                tile2_slope
                0x06024540                tile4_slope
                0x06024510                block_slopes
                0x06024550                tile3_slope
 .data          0x06024570      0x580 graphics.o
                0x06024570                cloudmap_name
                0x060245f2                guy_num
                0x06024ae8                bg_num
                0x06024580                cloudmap_width
                0x06024648                cloud_pal
                0x06024694                hills_pal
                0x060246d4                hills_name
                0x0602457e                cloudmap_height
                0x060246e0                bg_pal
                0x060246de                hills_num
                0x060245e4                guy_name
                0x06024594                hill_map_width
                0x060245a4                guy_pal
                0x06024692                cloud_num
                0x0602463e                font_height
                0x060245a2                map_width
                0x060245a0                map_height
                0x060245ee                guy_width
                0x06024598                map_name
                0x06024634                font_name
                0x06024ae0                bg_name
                0x06024592                hill_map_height
                0x06024640                font_width
                0x060245ec                guy_height
                0x06024584                hill_map_name
                0x06024688                cloud_name
                0x06024644                font_num
                0x060245f4                font_pal
                0x060245f0                guy_size
                0x06024642                font_size
 .data          0x06024af0       0x10 player.o
                0x06024af0                lives
 .data          0x06024b00       0x30 sprite.o
 .data          0x06024b30       0x20 scroll.o
                0x06024b30                CycleTb
                0x06024b40                vram
 .data          0x06024b50      0x400 ../sbl6/segalib/lib/sega_int.a(int.o)
 .data          0x06024f50       0x1c ../sbl6/segalib/lib/sega_spr.a(spr_slv.o)
                0x06024f58                SPR_SlaveParam
                0x06024f68                SPR_SMPC_SF
                0x06024f60                SPR_SMPC_COM
                0x06024f5c                SPR_SlaveSHEntry
                0x06024f54                SPR_SlaveState
                0x06024f50                SPR_SlaveCommand
                0x06024f64                SPR_SMPC_RET
 *fill*         0x06024f6c        0x4 00
 .data          0x06024f70       0x34 ../sbl6/segalib/lib/sega_spr.a(spr_1c.o)
                0x06024f70                SpInitialFlag
 *fill*         0x06024fa4        0xc 00
 .data          0x06024fb0       0x1c ../sbl6/segalib/lib/sega_scl.a(scl_vblv.o)
                0x06024fb8                VBInterval
                0x06024fc0                ReqDisplayFlag
                0x06024fb0                SpFrameChgMode
                0x06024fbc                VBIntervalCounter
                0x06024fb4                SpFrameEraseMode
 *fill*         0x06024fcc        0x4 00
 .data          0x06024fd0       0x36 ../sbl6/segalib/lib/sega_scl.a(scl_func.o)
                0x06024fe0                SclRotregBuff
                0x06024fdc                SclDisplayY
                0x06024fe4                SclRotateTableMode
                0x06024fd8                SclProcess
                0x06024fd4                SclCurSclNum
                0x06024fd0                SclLengthLsTbl
                0x06024fda                SclDisplayX
                0x06024fd2                SclLengthCsTbl
 *fill*         0x06025006        0xa 00
 .data          0x06025010       0x18 ../sbl6/segalib/lib/sega_scl.a(scl_pri.o)
                0x06025014                SclRealSpPriNum
                0x06025024                SclRealColOffset
                0x06025020                SclRealBgColMix
                0x0602501c                SclRealSpColMix
                0x06025018                SclRealBgPriNum
                0x06025010                SclRealOtherPri
 *fill*         0x06025028        0x8 00
 .data          0x06025030      0x380 C:/saturn/SH_COFF/sh-coff/bin/../lib/gcc/sh-coff/3.4-GNUSH_v0501/../../../../sh-coff/lib\libc.a(impure.o)
                0x060253ac                _impure_ptr
 .data          0x060253b0      0x410 C:/saturn/SH_COFF/sh-coff/bin/../lib/gcc/sh-coff/3.4-GNUSH_v0501/../../../../sh-coff/lib\libc.a(mallocr.o)
                0x060253b8                __malloc_av_
                0x060253b4                __malloc_trim_threshold
                0x060253b0                __malloc_sbrk_base
                0x060257c0                SIZEOF_R = (. - STARTOF_R)
                0x060257c0                ENDOF_R = .

.bss            0x060257c0     0xf084
                0x060257c0                STARTOF_B = .
 *(.bss)
 .bss           0x060257c0       0x10 vblank.o
                0x060257c4                PadData2E
                0x060257ca                PadData1
                0x060257c6                PadData2
                0x060257c8                PadData1E
                0x060257c0                __port
 .bss           0x060257d0       0xd0 ../sbl6/segasmp/per/smpclib/per_x2.o
 .bss           0x060258a0       0x10 player.o
                0x060258a1                boost
                0x060258a0                jumps
 .bss           0x060258b0     0x3800 sprite.o
                0x060258b0                num_sprites
 .bss           0x060290b0       0x50 scroll.o
                0x060290cc                map_tiles_x
                0x060290d4                scrolls_y
                0x060290b0                scroll_transition_state
                0x060290b4                scroll_ysize
                0x060290c4                map_tiles_y
                0x060290bc                copy_modes
                0x060290e4                scrolls_x
                0x060290b8                scroll_xsize
 .bss           0x06029100       0x10 main.o
                0x06029100                frame
 .bss           0x06029110       0x6e ../sbl6/segalib/lib/sega_spr.a(spr_2c.o)
 *fill*         0x0602917e        0x2 00
 .bss           0x06029180        0x4 ../sbl6/segalib/lib/sega_scl.a(scl_vblv.o)
 *fill*         0x06029184        0xc 00
 .bss           0x06029190        0x4 ../sbl6/segalib/lib/sega_scl.a(scl_func.o)
 *fill*         0x06029194        0xc 00
 .bss           0x060291a0     0x1900 ../sbl6/segalib/lib/sega_scl.a(scl_fu05.o)
 .bss           0x0602aaa0       0x48 ../sbl6/segalib/lib/sega_scl.a(scl_ro00.o)
 *fill*         0x0602aae8        0x8 00
 .bss           0x0602aaf0       0x9c ../sbl6/segalib/lib/sega_per.a(per_prt.o)
 *fill*         0x0602ab8c        0x4 00
 .bss           0x0602ab90        0xc ../sbl6/segalib/lib/sega_sat.a(DMA_SCU1.o)
 *fill*         0x0602ab9c        0x4 00
 .bss           0x0602aba0        0xc ../sbl6/segalib/lib/sega_sat.a(gfs_trn.o)
 *fill*         0x0602abac        0x4 00
 .bss           0x0602abb0       0x20 ../sbl6/segalib/lib/sega_sat.a(DMA_SCU0.o)
 .bss           0x0602abd0        0x2 ../sbl6/segalib/lib/sega_sat.a(cdc_reg.o)
 *fill*         0x0602abd2        0xe 00
 .bss           0x0602abe0        0xc ../sbl6/segalib/lib/sega_sat.a(cdc_sub.o)
 *fill*         0x0602abec        0x4 00
 .bss           0x0602abf0       0x10 C:/saturn/SH_COFF/sh-coff/bin/../lib/gcc/sh-coff/3.4-GNUSH_v0501\libgcc.a(__main.o)
 .bss           0x0602ac00       0x10 C:/saturn/SH_COFF/sh-coff/bin/../lib/gcc/sh-coff/3.4-GNUSH_v0501/../../../../sh-coff/lib\libc.a(atexit.o)
 .bss           0x0602ac10       0x40 C:/saturn/SH_COFF/sh-coff/bin/../lib/gcc/sh-coff/3.4-GNUSH_v0501/../../../../sh-coff/lib\libc.a(mallocr.o)
                0x0602ac40                __malloc_top_pad
                0x0602ac10                __malloc_current_mallinfo
                0x0602ac3c                __malloc_max_sbrked_mem
                0x0602ac38                __malloc_max_total_mem
 .bss           0x0602ac50       0x10 C:/saturn/SH_COFF/sh-coff/bin/../lib/gcc/sh-coff/3.4-GNUSH_v0501/../../../../sh-coff/lib\libc.a(syscalls.o)
 *(COMMON)
 COMMON         0x0602ac60     0x1674 cd.o
                                  0x0 (size before relaxing)
                0x0602ac60                dirname
                0x0602b5c0                lib_work
                0x0602c2c8                directory_table
 *fill*         0x0602c2d4        0xc 00
 COMMON         0x0602c2e0     0x1960 player.o
                                  0x0 (size before relaxing)
                0x0602c2e0                curr_level
                0x0602c2f0                player
                0x0602c330                lp
 COMMON         0x0602dc40      0x8c0 print.o
                                  0x0 (size before relaxing)
                0x0602dc40                text
 COMMON         0x0602e500     0x1460 sprite.o
                                  0x0 (size before relaxing)
                0x0602e500                sprites
                0x0602e960                image_buf
 COMMON         0x0602f960     0x346c scroll.o
                                  0x0 (size before relaxing)
                0x0602f960                line_param0
                0x06031270                scfg3
                0x06031300                scfg0
                0x06031390                maps
                0x060313a0                scfg2
                0x06031430                line_param1
                0x06032d40                scfg1
 *fill*         0x06032dcc        0x4 00
 COMMON         0x06032dd0      0x400 ../sbl6/segalib/lib/sega_int.a(int.o)
                                  0x0 (size before relaxing)
                0x06032dd0                __interrupt_vector
 COMMON         0x060331d0       0x50 ../sbl6/segalib/lib/sega_spr.a(spr_2c.o)
                                  0x0 (size before relaxing)
                0x060331d0                SpMstCmd
                0x060331d4                Sp2OpenFlag
                0x060331d8                SpGourTblMax
                0x060331dc                SpDrawPrtyBlk
                0x060331e0                SpLCoordX
                0x060331e4                SpMstDrawPrtyBlk
                0x060331e8                SpGourTbl
                0x060331ec                SpLookupTblR
                0x060331f0                SpCmdTbl
                0x060331f4                SpCharMax
                0x060331f8                SpDrawPrtyProcFlag
                0x060331fc                SpCmdNo
                0x06033200                SpDrawPrtyBlkMax
                0x06033204                SpSlvCmdPos
                0x06033208                SpSlvDrawPrtyBlk
                0x0603320c                SpCharTbl
                0x06033210                SpCmdTblR
                0x06033214                SpMstCmdPos
                0x06033218                SpSlvCmd
                0x0603321c                SpLCoordY
 COMMON         0x06033220       0x10 ../sbl6/segalib/lib/sega_spr.a(spr_1c.o)
                                  0x0 (size before relaxing)
                0x06033220                SpScreenY
                0x06033224                SpFbcrMode
                0x06033226                SpDil
                0x06033228                SpDie
                0x0603322a                SpTvMode
                0x0603322c                SpScreenX
 COMMON         0x06033230      0xf00 ../sbl6/segalib/lib/sega_scl.a(scl_func.o)
                                  0x0 (size before relaxing)
                0x06033230                SclRbgKtbAddr
                0x06033238                SclRb
                0x0603323a                Scl_flag
                0x06033240                SclK_TableBuff
                0x06033f10                SclAddrCsTbl
                0x06033f20                Scl_s_reg
                0x06033f48                SclRotateXy
                0x06033f50                Scl_d_reg
                0x06033f98                SclRotateDisp
                0x06033fa0                SclRotateMoveZ
                0x06033fa8                SclRotXySw
                0x06033fb0                Scl_r_reg
                0x06033fc0                SclRPMD
                0x06033fc8                SclRbgKtbOffset
                0x06033fd0                _SclRotregBuff
                0x060340a0                SclRa
                0x060340a8                SclRotateZ
                0x060340b0                SclAddrLsTbl
                0x060340b8                SclK_TableNum
                0x060340c0                SclRotateTableAddress
                0x060340c4                SclK_TableFlag
                0x060340d0                Scl_w_reg
                0x060340f0                Scl_n_reg
 COMMON         0x06034130      0x6b0 ../sbl6/segalib/lib/sega_scl.a(scl_pri.o)
                                  0x0 (size before relaxing)
                0x06034130                SclAutoEndBlue2
                0x06034140                SclColOffset
                0x06034150                SclPriBuffDirty
                0x06034152                SclAutoEndRed
                0x06034154                SclAutoSurface
                0x06034158                SclAutoGreen
                0x0603415a                SclAutoEndGreen
                0x0603415c                SclAutoCount
                0x06034160                SclColRamAlloc256
                0x06034180                SclAutoCurRate
                0x06034181                SclAutoPlusFlag
                0x06034188                SclSpColMix
                0x06034190                SclAutoMax
                0x06034194                SclLineColRamOffset
                0x06034198                SclColRamAlloc2048
                0x0603419c                SclBgPriNum
                0x060341a2                SclAutoEndBlue
                0x060341a4                SclAutoEndGreen2
                0x060341a6                SclAutoVeFlag
                0x060341a8                SclBgColMix
                0x060341b0                SclAutoIndex
                0x060341b4                SclAutoEndRate
                0x060341b6                SclAutoBlue
                0x060341b8                SclAutoRed
                0x060341bc                SclAutoInterval
                0x060341c0                SclOtherPri
                0x060341d0                SclAutoRGB
                0x060347d0                SclAutoEndRed2
                0x060347d8                SclSpPriNum
 COMMON         0x060347e0       0x10 ../sbl6/segalib/lib/sega_scl.a(scl_ro00.o)
                                  0x0 (size before relaxing)
                0x060347e0                SclCsx
                0x060347e8                SclCsy
 COMMON         0x060347f0       0x15 ../sbl6/segalib/lib/sega_per.a(per_prt.o)
                                  0x0 (size before relaxing)
                0x060347f0                per_get_time_flg
                0x060347f1                per_hot_res
                0x060347f2                per_set_sys_flg
                0x060347f4                per_get_time_adr
                0x060347f8                per_get_sys_data
                0x06034804                per_time_out_flg
 *fill*         0x06034805        0xb 00
 COMMON         0x06034810        0xc ../sbl6/segalib/lib/sega_sat.a(gfs.o)
                                  0x0 (size before relaxing)
                0x06034810                GFMC_base
                0x06034814                gfs_mng_ptr
                0x06034818                gfs_use_scudma
 *fill*         0x0603481c        0x4 00
 COMMON         0x06034820        0x8 ../sbl6/segalib/lib/sega_sat.a(gfs_cdf.o)
                                  0x0 (size before relaxing)
                0x06034820                gfcf_fad
                0x06034824                gfcf_stat
 *fill*         0x06034828        0x8 00
 COMMON         0x06034830        0xc ../sbl6/segalib/lib/sega_sat.a(gfs_cdc.o)
                                  0x0 (size before relaxing)
                0x06034830                gfcd_fatal_err
                0x06034834                gfcd_work
                0x06034838                gfcd_playflag
 *fill*         0x0603483c        0x4 00
 COMMON         0x06034840        0x4 C:/saturn/SH_COFF/sh-coff/bin/../lib/gcc/sh-coff/3.4-GNUSH_v0501/../../../../sh-coff/lib\libc.a(syscalls.o)
                                  0x0 (size before relaxing)
                0x06034840                errno
                0x06034844                SIZEOF_B = (. - STARTOF_B)
                0x06034844                ENDOF_B = .
                0x06034844                _end = .
OUTPUT(main.cof coff-sh)

.comment        0x06034850      0x4a0
 .comment       0x06034850       0x20 ../sbl6/segasmp/lib/strt2_g.o
 .comment       0x06034870       0x20 vblank.o
 .comment       0x06034890       0x20 ../sbl6/segasmp/per/smpclib/per_x1.o
 .comment       0x060348b0       0x20 ../sbl6/segasmp/per/smpclib/per_x2.o
 .comment       0x060348d0       0x20 blocks.o
 .comment       0x060348f0       0x20 cd.o
 .comment       0x06034910       0x20 collision.o
 .comment       0x06034930       0x20 graphics.o
 .comment       0x06034950       0x20 player.o
 .comment       0x06034970       0x20 print.o
 .comment       0x06034990       0x20 sprite.o
 .comment       0x060349b0       0x20 scroll.o
 .comment       0x060349d0       0x20 main.o
 .comment       0x060349f0       0x20 C:/saturn/SH_COFF/sh-coff/bin/../lib/gcc/sh-coff/3.4-GNUSH_v0501\libgcc.a(__main.o)
 .comment       0x06034a10       0x20 C:/saturn/SH_COFF/sh-coff/bin/../lib/gcc/sh-coff/3.4-GNUSH_v0501\libgcc.a(_mul_df.o)
 .comment       0x06034a30       0x20 C:/saturn/SH_COFF/sh-coff/bin/../lib/gcc/sh-coff/3.4-GNUSH_v0501\libgcc.a(_si_to_df.o)
 .comment       0x06034a50       0x20 C:/saturn/SH_COFF/sh-coff/bin/../lib/gcc/sh-coff/3.4-GNUSH_v0501\libgcc.a(_df_to_si.o)
 .comment       0x06034a70       0x20 C:/saturn/SH_COFF/sh-coff/bin/../lib/gcc/sh-coff/3.4-GNUSH_v0501\libgcc.a(_unpack_df.o)
 .comment       0x06034a90       0x20 C:/saturn/SH_COFF/sh-coff/bin/../lib/gcc/sh-coff/3.4-GNUSH_v0501\libgcc.a(_pack_df.o)
 .comment       0x06034ab0       0x20 C:/saturn/SH_COFF/sh-coff/bin/../lib/gcc/sh-coff/3.4-GNUSH_v0501\libgcc.a(_thenan_df.o)
 .comment       0x06034ad0       0x20 C:/saturn/SH_COFF/sh-coff/bin/../lib/gcc/sh-coff/3.4-GNUSH_v0501\libgcc.a(_muldi3.o)
 .comment       0x06034af0       0x20 C:/saturn/SH_COFF/sh-coff/bin/../lib/gcc/sh-coff/3.4-GNUSH_v0501\libgcc.a(_lshrdi3.o)
 .comment       0x06034b10       0x20 C:/saturn/SH_COFF/sh-coff/bin/../lib/gcc/sh-coff/3.4-GNUSH_v0501\libgcc.a(_ashldi3.o)
 .comment       0x06034b30       0x20 C:/saturn/SH_COFF/sh-coff/bin/../lib/gcc/sh-coff/3.4-GNUSH_v0501/../../../../sh-coff/lib\libc.a(memcmp.o)
 .comment       0x06034b50       0x20 C:/saturn/SH_COFF/sh-coff/bin/../lib/gcc/sh-coff/3.4-GNUSH_v0501/../../../../sh-coff/lib\libc.a(strncmp.o)
 .comment       0x06034b70       0x20 C:/saturn/SH_COFF/sh-coff/bin/../lib/gcc/sh-coff/3.4-GNUSH_v0501/../../../../sh-coff/lib\libc.a(strncpy.o)
 .comment       0x06034b90       0x20 C:/saturn/SH_COFF/sh-coff/bin/../lib/gcc/sh-coff/3.4-GNUSH_v0501/../../../../sh-coff/lib\libc.a(atexit.o)
 .comment       0x06034bb0       0x20 C:/saturn/SH_COFF/sh-coff/bin/../lib/gcc/sh-coff/3.4-GNUSH_v0501/../../../../sh-coff/lib\libc.a(impure.o)
 .comment       0x06034bd0       0x20 C:/saturn/SH_COFF/sh-coff/bin/../lib/gcc/sh-coff/3.4-GNUSH_v0501/../../../../sh-coff/lib\libc.a(malloc.o)
 .comment       0x06034bf0       0x20 C:/saturn/SH_COFF/sh-coff/bin/../lib/gcc/sh-coff/3.4-GNUSH_v0501/../../../../sh-coff/lib\libc.a(mallocr.o)
 .comment       0x06034c10       0x20 C:/saturn/SH_COFF/sh-coff/bin/../lib/gcc/sh-coff/3.4-GNUSH_v0501/../../../../sh-coff/lib\libc.a(freer.o)
 .comment       0x06034c30       0x20 C:/saturn/SH_COFF/sh-coff/bin/../lib/gcc/sh-coff/3.4-GNUSH_v0501/../../../../sh-coff/lib\libc.a(mlock.o)
 .comment       0x06034c50       0x20 C:/saturn/SH_COFF/sh-coff/bin/../lib/gcc/sh-coff/3.4-GNUSH_v0501/../../../../sh-coff/lib\libc.a(sbrkr.o)
 .comment       0x06034c70       0x20 C:/saturn/SH_COFF/sh-coff/bin/../lib/gcc/sh-coff/3.4-GNUSH_v0501/../../../../sh-coff/lib\libc.a(syscalls.o)
 .comment       0x06034c90       0x20 C:/saturn/SH_COFF/sh-coff/bin/../lib/gcc/sh-coff/3.4-GNUSH_v0501/../../../../sh-coff/lib\libc.a(abort.o)
 .comment       0x06034cb0       0x20 C:/saturn/SH_COFF/sh-coff/bin/../lib/gcc/sh-coff/3.4-GNUSH_v0501/../../../../sh-coff/lib\libc.a(signal.o)
 .comment       0x06034cd0       0x20 C:/saturn/SH_COFF/sh-coff/bin/../lib/gcc/sh-coff/3.4-GNUSH_v0501/../../../../sh-coff/lib\libc.a(signalr.o)
