Archive member included because of file (symbol)

../sbl6/segalib/lib/sega_int.a(int.o)
                              vblank.o (INT_SetScuFunc)
../sbl6/segalib/lib/sega_int.a(int_trmp.o)
                              ../sbl6/segalib/lib/sega_int.a(int.o) (__interrupt_handler0)
../sbl6/segalib/lib/sega_spr.a(spr_2c.o)
                              sprite.o (SPR_2Initial)
../sbl6/segalib/lib/sega_spr.a(spr_slv.o)
                              ../sbl6/segalib/lib/sega_spr.a(spr_2c.o) (SPR_InitSlaveSH)
../sbl6/segalib/lib/sega_spr.a(spr_1c.o)
                              ../sbl6/segalib/lib/sega_spr.a(spr_2c.o) (SPR_Initial)
../sbl6/segalib/lib/sega_spr.a(spr_2a.o)
                              ../sbl6/segalib/lib/sega_spr.a(spr_2c.o) (SPR_2SetDrawPrty)
../sbl6/segalib/lib/sega_scl.a(scl_vblv.o)
                              ../sbl6/segalib/lib/sega_spr.a(spr_1c.o) (SpFrameChgMode)
../sbl6/segalib/lib/sega_scl.a(scl_func.o)
                              sprite.o (SCL_Vdp2Init)
../sbl6/segalib/lib/sega_scl.a(scl_pr03.o)
                              sprite.o (SCL_AllocColRam)
../sbl6/segalib/lib/sega_scl.a(scl_pr02.o)
                              sprite.o (SCL_SetColRam)
../sbl6/segalib/lib/sega_scl.a(scl_back.o)
                              scroll.o (SCL_SetBack)
../sbl6/segalib/lib/sega_scl.a(scl_fu03.o)
                              scroll.o (SCL_InitConfigTb)
../sbl6/segalib/lib/sega_scl.a(scl_fu02.o)
                              scroll.o (SCL_InitVramConfigTb)
../sbl6/segalib/lib/sega_scl.a(scl_fu04.o)
                              scroll.o (SCL_SetCycleTable)
../sbl6/segalib/lib/sega_scl.a(scl_pr07.o)
                              scroll.o (SCL_SetPriority)
../sbl6/segalib/lib/sega_scl.a(scl_pr01.o)
                              main.o (SCL_SetSpriteMode)
../sbl6/segalib/lib/sega_scl.a(scl_pri.o)
                              ../sbl6/segalib/lib/sega_scl.a(scl_func.o) (SclRealOtherPri)
../sbl6/segalib/lib/sega_scl.a(scl_ro00.o)
                              ../sbl6/segalib/lib/sega_scl.a(scl_func.o) (SCL_Rotate)
../sbl6/segalib/lib/sega_scl.a(scl_pr06.o)
                              ../sbl6/segalib/lib/sega_scl.a(scl_pr03.o) (SCL_SetColRamOffset)
../sbl6/segalib/lib/sega_scl.a(scl_pr05.o)
                              ../sbl6/segalib/lib/sega_scl.a(scl_pr02.o) (SCL_GetColRamOffset)
../sbl6/segalib/lib/sega_mth.a(mth_fixd.o)
                              sprite.o (MTH_Mul)
../sbl6/segalib/lib/sega_mth.a(mth_tri.o)
                              sprite.o (MTH_Sin)
../sbl6/segalib/lib/sega_per.a(per_prt.o)
                              ../sbl6/segasmp/per/smpclib/per_x2.o (PER_LInit)
../sbl6/segalib/lib/sega_sat.a(gfs.o)
                              cd.o (GFS_Init)
../sbl6/segalib/lib/sega_sat.a(DMA_SCU1.o)
                              ../sbl6/segalib/lib/sega_spr.a(spr_2c.o) (DMA_ScuMemCopy)
../sbl6/segalib/lib/sega_sat.a(gfs_cdf.o)
                              ../sbl6/segalib/lib/sega_sat.a(gfs.o) (GFCF_Init)
../sbl6/segalib/lib/sega_sat.a(gfs_dir.o)
                              ../sbl6/segalib/lib/sega_sat.a(gfs.o) (GFDR_SetupDirTbl)
../sbl6/segalib/lib/sega_sat.a(gfs_trn.o)
                              ../sbl6/segalib/lib/sega_sat.a(gfs.o) (GFTR_Setup)
../sbl6/segalib/lib/sega_sat.a(gfs_buf.o)
                              ../sbl6/segalib/lib/sega_sat.a(gfs.o) (GFBF_GetNumData)
../sbl6/segalib/lib/sega_sat.a(gfs_cdb.o)
                              ../sbl6/segalib/lib/sega_sat.a(gfs_cdf.o) (GFCB_Setup)
../sbl6/segalib/lib/sega_sat.a(gfs_cdc.o)
                              ../sbl6/segalib/lib/sega_sat.a(gfs.o) (GFCD_SetCdbfs)
../sbl6/segalib/lib/sega_sat.a(DMA_SCU0.o)
                              ../sbl6/segalib/lib/sega_sat.a(DMA_SCU1.o) (DMA_ScuSetPrm)
../sbl6/segalib/lib/sega_sat.a(csh_main.o)
                              ../sbl6/segalib/lib/sega_sat.a(DMA_SCU1.o) (CSH_Purge)
../sbl6/segalib/lib/sega_sat.a(DMA_CPU0.o)
                              ../sbl6/segalib/lib/sega_sat.a(gfs_trn.o) (DMA_CpuSetComPrm)
../sbl6/segalib/lib/sega_sat.a(cdc_reg.o)
                              ../sbl6/segalib/lib/sega_sat.a(gfs_cdb.o) (CDC_GetDataPtr)
../sbl6/segalib/lib/sega_sat.a(cdc_cfs.o)
                              ../sbl6/segalib/lib/sega_sat.a(gfs_cdc.o) (CDC_ChgDir)
../sbl6/segalib/lib/sega_sat.a(cdc_cmn.o)
                              ../sbl6/segalib/lib/sega_sat.a(gfs_cdc.o) (CDC_GetCurStat)
../sbl6/segalib/lib/sega_sat.a(cdc_bio.o)
                              ../sbl6/segalib/lib/sega_sat.a(gfs_cdc.o) (CDC_SetSctLen)
../sbl6/segalib/lib/sega_sat.a(cdc_sel.o)
                              ../sbl6/segalib/lib/sega_sat.a(gfs_cdc.o) (CDC_SetFiltRange)
../sbl6/segalib/lib/sega_sat.a(cdc_drv.o)
                              ../sbl6/segalib/lib/sega_sat.a(gfs_cdc.o) (CDC_CdPlay)
../sbl6/segalib/lib/sega_sat.a(cdc_bif.o)
                              ../sbl6/segalib/lib/sega_sat.a(gfs_cdc.o) (CDC_GetBufSiz)
../sbl6/segalib/lib/sega_sat.a(cdc_dev.o)
[...]
Memory Configuration

Name             Origin             Length             Attributes
*default*        0x00000000         0xffffffff

Linker script and memory map

LOAD ../sbl6/segasmp/lib/strt1_g.o
LOAD ../sbl6/segasmp/lib/strt2_g.o
LOAD vblank.o
LOAD ../sbl6/segasmp/per/smpclib/per_x1.o
LOAD ../sbl6/segasmp/per/smpclib/per_x2.o
LOAD ../sbl6/segasmp/per/smpclib/per_x3.o
LOAD blocks.o
LOAD cd.o
LOAD collision.o
LOAD graphics.o
LOAD player.o
LOAD print.o
LOAD sprite.o
LOAD scroll.o
LOAD main.o
LOAD ../sbl6/segalib/lib/sega_int.a
LOAD ../sbl6/segalib/lib/sega_spr.a
LOAD ../sbl6/segalib/lib/sega_scl.a
LOAD ../sbl6/segalib/lib/sega_mth.a
LOAD ../sbl6/segalib/lib/sega_cdc.a
LOAD ../sbl6/segalib/lib/sega_adp.a
LOAD ../sbl6/segalib/lib/sega_per.a
LOAD ../sbl6/segalib/lib/sega_sat.a
LOAD C:/saturn/SH_COFF/sh-coff/bin/../lib/gcc/sh-coff/3.4-GNUSH_v0501\libgcc.a
LOAD C:/saturn/SH_COFF/sh-coff/bin/../lib/gcc/sh-coff/3.4-GNUSH_v0501/../../../../sh-coff/lib\libc.a
LOAD C:/saturn/SH_COFF/sh-coff/bin/../lib/gcc/sh-coff/3.4-GNUSH_v0501\libgcc.a

.text           0x06010000    0x13c10
 *(.text)
 .text          0x06010000       0x30 ../sbl6/segasmp/lib/strt1_g.o
                0x06010024                _D_END
                0x06010020                _D_BGN
                0x0601002c                _B_END
                0x06010028                _B_BGN
                0x06010000                START
 .text          0x06010030       0x60 ../sbl6/segasmp/lib/strt2_g.o
                0x06010050                _INITSCT
                0x06010030                _INIT
 .text          0x06010090      0x180 vblank.o
                0x06010090                SetVblank
                0x06010110                UsrVblankOut
                0x060100f0                UsrVblankIn
 .text          0x06010210      0x430 ../sbl6/segasmp/per/smpclib/per_x1.o
                0x060105a4                PER_GetAnalogXYZ
                0x06010234                PER_GetTriggerHandler
                0x060104ce                PER_GetEdge
                0x0601044c                PER_GetTrigger
                0x060104f8                PER_GetPressEdge
                0x0601054c                PER_GetReleaseEdge
                0x06010210                PER_SetTriggerHandler
 .text          0x06010640      0x200 ../sbl6/segasmp/per/smpclib/per_x2.o
                0x06010744                PER_GetDeviceA
                0x06010640                PER_OpenPort
                0x06010678                PER_GetPort
                0x060107be                PER_GetDeviceR
 .text          0x06010840       0x20 ../sbl6/segasmp/per/smpclib/per_x3.o
                0x06010840                PER_DisguiseTrigger
 .text          0x06010860       0xe0 blocks.o
                0x06010860                block_get
                0x060108c0                block_check
                0x060108f0                block_spike
 .text          0x06010940       0xa0 cd.o
                0x06010940                cd_init
                0x06010970                cd_load
 .text          0x060109e0      0xaa0 collision.o
                0x060109e0                collision_check_up
                0x060112d0                collision_eject_horiz
                0x06011100                collision_eject_vert
                0x06010e10                collision_check
                0x06010c70                collision_check_left
                0x06010d40                collision_check_right
                0x06011050                collision_spikes
                0x06010b70                collision_check_below
                0x06010a70                collision_check_down
 .text          0x06011480      0x520 player.o
                0x06011480                player_frames
                0x060115c0                player_input
                0x06011490                player_init
                0x06011900                player_draw
                0x060114e0                player_animate
 .text          0x060119a0      0x170 print.o
                0x06011a70                print_display
                0x060119e0                print_num
                0x060119a0                print_init
                0x06011a30                print_string
 .text          0x06011b10      0x5e0 sprite.o
                0x06011b40                sprite_init
                0x06011f20                sprite_make
                0x06012060                sprite_next
                0x060120c0                sprite_delete
                0x06011f60                sprite_draw_all
                0x06011b10                sprite_deleteall
                0x06011cd0                sprite_draw
 .text          0x060120f0      0x700 scroll.o
                0x060120f0                scroll_move
                0x06012600                scroll_get
                0x06012660                scroll_copy
                0x06012240                scroll_set
                0x06012790                scroll_reset
                0x06012350                scroll_init
                0x06012270                scroll_scale
 .text          0x060127f0      0x110 main.o
                0x060127f0                main
 .text          0x06012900       0x40 ../sbl6/segalib/lib/sega_int.a(int.o)
                0x0601292c                INT_GetScuFunc
                0x06012900                INT_SetScuFunc
 .text          0x06012940      0x624 ../sbl6/segalib/lib/sega_int.a(int_trmp.o)
                0x06012aa8                __interrupt_handler60
                0x06012c58                __interrupt_handler132
                0x06012e0e                __interrupt_handler205
                0x06012c76                __interrupt_handler137
                0x06012ba4                __interrupt_handler102
                0x060129e2                __interrupt_handler27
                0x06012de4                __interrupt_handler198
                0x06012cd6                __interrupt_handler153
                0x060129be                __interrupt_handler21
                0x06012acc                __interrupt_handler66
                0x06012bbc                __interrupt_handler106
                0x06012d06                __interrupt_handler161
                0x06012b50                __interrupt_handler88
                0x06012d1e                __interrupt_handler165
                0x06012c2e                __interrupt_handler125
                0x06012964                __interrupt_handler6
                0x06012a00                __interrupt_handler32
                0x06012dba                __interrupt_handler191
                0x06012ed4                __interrupt_handler238
                0x06012eec                __interrupt_handler242
                0x06012cf4                __interrupt_handler158
                0x06012b5c                __interrupt_handler90
                0x06012d18                __interrupt_handler164
                0x06012a3c                __interrupt_handler42
                0x06012d7e                __interrupt_handler181
                0x06012e86                __interrupt_handler225
                0x06012f2e                __interrupt_handler253
                0x06012d42                __interrupt_handler171
                0x06012afc                __interrupt_handler74
                0x06012952                __interrupt_handler3
                0x06012a96                __interrupt_handler57
                0x06012994                __interrupt_handler14
                0x06012e2c                __interrupt_handler210
                0x06012e5c                __interrupt_handler218
                0x06012e20                __interrupt_handler208
                0x06012a24                __interrupt_handler38
                0x06012940                __interrupt_handler0
                0x06012bb0                __interrupt_handler104
                0x06012cee                __interrupt_handler157
                0x06012e3e                __interrupt_handler213
                0x06012d30                __interrupt_handler168
                0x06012b3e                __interrupt_handler85
                0x06012bda                __interrupt_handler111
                0x06012bec                __interrupt_handler114
                0x06012a5a                __interrupt_handler47
                0x06012eb0                __interrupt_handler232
                0x06012e7a                __interrupt_handler223
                0x06012ece                __interrupt_handler237
                0x06012aba                __interrupt_handler63
                0x06012a48                __interrupt_handler44
                0x06012d5a                __interrupt_handler175
                0x06012d84                __interrupt_handler182
                0x06012d9c                __interrupt_handler186
                0x06012c9a                __interrupt_handler143
                0x06012bc2                __interrupt_handler107
                0x06012c28                __interrupt_handler124
                0x06012d48                __interrupt_handler172
                0x06012efe                __interrupt_handler245
                0x06012b7a                __interrupt_handler95
                0x06012c52                __interrupt_handler131
                0x06012c64                __interrupt_handler134
                0x06012c82                __interrupt_handler139
                0x06012af0                __interrupt_handler72
                0x06012eaa                __interrupt_handler231
                0x06012d00                __interrupt_handler160
                0x06012c46                __interrupt_handler129
                0x060129b8                __interrupt_handler20
                0x06012ac6                __interrupt_handler65
                0x06012a90                __interrupt_handler56
                0x0601298e                __interrupt_handler13
                0x06012e26                __interrupt_handler209
                0x06012be0                __interrupt_handler112
                0x060129b2                __interrupt_handler19
                0x06012b6e                __interrupt_handler93
                0x06012dd8                __interrupt_handler196
                0x06012cca                __interrupt_handler151
                0x06012d2a                __interrupt_handler167
                0x06012f40                __trampoline
                0x060129a6                __interrupt_handler17
                0x06012e98                __interrupt_handler228
                0x06012f3a                __interrupt_handler255
                0x06012ef8                __interrupt_handler244
                0x06012b92                __interrupt_handler99
                0x06012d8a                __interrupt_handler183
                0x06012c88                __interrupt_handler140
                0x06012dae                __interrupt_handler189
                0x06012cac                __interrupt_handler146
                0x06012e74                __interrupt_handler222
                0x06012ce8                __interrupt_handler156
                0x06012c1c                __interrupt_handler122
                0x06012f10                __interrupt_handler248
                0x06012a60                __interrupt_handler48
                0x06012ade                __interrupt_handler69
                0x060129d0                __interrupt_handler24
                0x06012b56                __interrupt_handler89
                0x06012e4a                __interrupt_handler215
                0x06012f34                __interrupt_handler254
                0x06012b4a                __interrupt_handler87
                0x06012aae                __interrupt_handler61
                0x06012dd2                __interrupt_handler195
                0x06012cc4                __interrupt_handler150
                0x06012a36                __interrupt_handler41
                0x06012bd4                __interrupt_handler110
                0x06012c3a                __interrupt_handler127
                0x06012bc8                __interrupt_handler108
                0x06012be6                __interrupt_handler113
                0x06012bf8                __interrupt_handler116
                0x06012c16                __interrupt_handler121
                0x06012b0e                __interrupt_handler77
                0x06012a2a                __interrupt_handler39
                0x06012a42                __interrupt_handler43
                0x06012f16                __interrupt_handler249
                0x06012d54                __interrupt_handler174
                0x06012c70                __interrupt_handler136
                0x06012da8                __interrupt_handler188
                0x06012ca6                __interrupt_handler145
                0x06012976                __interrupt_handler9
                0x06012b1a                __interrupt_handler79
                0x06012e92                __interrupt_handler227
                0x06012a0c                __interrupt_handler34
                0x06012c4c                __interrupt_handler130
                0x06012f0a                __interrupt_handler247
                0x06012b02                __interrupt_handler75
                0x06012d4e                __interrupt_handler173
                0x06012a7e                __interrupt_handler53
                0x06012cbe                __interrupt_handler149
                0x06012f22                __interrupt_handler251
                0x06012eb6                __interrupt_handler233
                0x0601297c                __interrupt_handler10
                0x06012e08                __interrupt_handler204
                0x06012b2c                __interrupt_handler82
                0x06012b32                __interrupt_handler83
                0x060129d6                __interrupt_handler25
                0x06012ef2                __interrupt_handler243
                0x06012d0c                __interrupt_handler162
                0x06012a54                __interrupt_handler46
                0x06012d6c                __interrupt_handler178
                0x06012b20                __interrupt_handler80
                0x06012ab4                __interrupt_handler62
                0x0601294c                __interrupt_handler2
                0x060129ee                __interrupt_handler29
                0x06012ae4                __interrupt_handler70
                0x06012bce                __interrupt_handler109
                0x06012cb8                __interrupt_handler148
                0x06012b74                __interrupt_handler94
                0x06012e80                __interrupt_handler224
                0x06012baa                __interrupt_handler103
                0x06012a18                __interrupt_handler36
                0x06012c34                __interrupt_handler126
                0x06012f04                __interrupt_handler246
                0x06012a8a                __interrupt_handler55
                0x06012988                __interrupt_handler12
                0x06012a78                __interrupt_handler52
                0x06012da2                __interrupt_handler187
                0x06012ca0                __interrupt_handler144
                0x06012bfe                __interrupt_handler117
                0x060129ac                __interrupt_handler18
                0x06012dde                __interrupt_handler197
                0x06012cd0                __interrupt_handler152
                0x06012c04                __interrupt_handler118
                0x06012d3c                __interrupt_handler170
                0x06012df6                __interrupt_handler201
                0x06012b86                __interrupt_handler97
                0x06012d12                __interrupt_handler163
                0x06012d78                __interrupt_handler180
                0x06012dc0                __interrupt_handler192
                0x06012ee0                __interrupt_handler240
                0x06012c22                __interrupt_handler123
                0x06012e44                __interrupt_handler214
                0x060129fa                __interrupt_handler31
                0x060129e8                __interrupt_handler28
                0x06012ad2                __interrupt_handler67
                0x06012ad8                __interrupt_handler68
                0x060129c4                __interrupt_handler22
                0x060129ca                __interrupt_handler23
                0x06012d60                __interrupt_handler176
                0x0601296a                __interrupt_handler7
                0x06012e6e                __interrupt_handler221
                0x06012e56                __interrupt_handler217
                0x06012e9e                __interrupt_handler229
                0x06012a66                __interrupt_handler49
                0x06012958                __interrupt_handler4
                0x06012a30                __interrupt_handler40
                0x06012bf2                __interrupt_handler115
                0x06012ec2                __interrupt_handler235
                0x06012b62                __interrupt_handler91
                0x06012e14                __interrupt_handler206
                0x06012d66                __interrupt_handler177
                0x06012cb2                __interrupt_handler147
                0x06012a1e                __interrupt_handler37
                0x06012f1c                __interrupt_handler250
                0x06012946                __interrupt_handler1
                0x06012e62                __interrupt_handler219
                0x06012b08                __interrupt_handler76
                0x06012b98                __interrupt_handler100
                0x06012a9c                __interrupt_handler58
                0x0601299a                __interrupt_handler15
                0x06012e38                __interrupt_handler212
                0x06012ee6                __interrupt_handler241
                0x06012dfc                __interrupt_handler202
                0x06012dc6                __interrupt_handler193
                0x06012b14                __interrupt_handler78
                0x06012a6c                __interrupt_handler50
                0x06012a06                __interrupt_handler33
                0x06012d24                __interrupt_handler166
                0x06012c7c                __interrupt_handler138
                0x06012c6a                __interrupt_handler135
                0x060129f4                __interrupt_handler30
                0x06012d90                __interrupt_handler184
                0x06012c8e                __interrupt_handler141
                0x06012ea4                __interrupt_handler230
                0x06012ec8                __interrupt_handler236
                0x06012c0a                __interrupt_handler119
                0x06012b44                __interrupt_handler86
                0x06012bb6                __interrupt_handler105
                0x06012b26                __interrupt_handler81
                0x06012c10                __interrupt_handler120
                0x06012c40                __interrupt_handler128
                0x06012a84                __interrupt_handler54
                0x06012982                __interrupt_handler11
                0x06012dea                __interrupt_handler199
                0x06012cdc                __interrupt_handler154
                0x06012a4e                __interrupt_handler45
                0x06012e50                __interrupt_handler216
                0x06012e02                __interrupt_handler203
                0x06012b9e                __interrupt_handler101
                0x06012b38                __interrupt_handler84
                0x06012d96                __interrupt_handler185
                0x06012c94                __interrupt_handler142
                0x060129dc                __interrupt_handler26
                0x06012ac0                __interrupt_handler64
                0x06012df0                __interrupt_handler200
                0x06012e1a                __interrupt_handler207
                0x06012dcc                __interrupt_handler194
                0x06012b68                __interrupt_handler92
                0x06012ce2                __interrupt_handler155
                0x06012e32                __interrupt_handler211
                0x06012c5e                __interrupt_handler133
                0x0601295e                __interrupt_handler5
                0x06012af6                __interrupt_handler73
                0x060129a0                __interrupt_handler16
                0x06012eda                __interrupt_handler239
                0x06012ebc                __interrupt_handler234
                0x06012a12                __interrupt_handler35
                0x06012aa2                __interrupt_handler59
                0x06012d36                __interrupt_handler169
                0x06012b8c                __interrupt_handler98
                0x06012aea                __interrupt_handler71
                0x06012a72                __interrupt_handler51
                0x06012cfa                __interrupt_handler159
                0x06012e8c                __interrupt_handler226
                0x06012b80                __interrupt_handler96
                0x06012db4                __interrupt_handler190
                0x06012e68                __interrupt_handler220
                0x06012970                __interrupt_handler8
                0x06012d72                __interrupt_handler179
                0x06012f28                __interrupt_handler252
 *fill*         0x06012f64        0xc 00
 .text          0x06012f70     0x12a0 ../sbl6/segalib/lib/sega_spr.a(spr_2c.o)
                0x060141d0                SlaveFlushDrawPrtyBlock
                0x06012f70                SPR_2Initial
                0x060137b4                SPR_2SysClip
                0x06013754                SPR_2LocalCoord
                0x0601404c                SPR_2FlushDrawPrtyBlock
                0x06013d38                SPR_2DistSpr
                0x0601373c                SPR_2FlushDrawPrty
                0x06013e5c                SPR_2Cmd
                0x06013438                SPR_2GourTblNoToVram
                0x06013498                SPR_2GetAreaSizeInfo
                0x06013200                SPR_2SetGourTbl
                0x060139ec                SPR_2Polygon
                0x06013474                SPR_2CharNoToVram
                0x06013180                SPR_2SetTvMode
                0x060135dc                SPR_2CloseCommand
                0x060131bc                SPR_2FrameEraseData
                0x06012f98                SPR_2Initial2
                0x06013bcc                SPR_2ScaleSpr
                0x0601385c                SPR_2Line
                0x06013528                SPR_2OpenCommand
                0x0601319c                SPR_2FrameChgIntr
                0x06013aa8                SPR_2NormSpr
                0x06013230                SPR_2SetLookupTbl
                0x06013264                SPR_2SetChar
                0x0601345c                SPR_2LookupTblNoToVram
                0x06013930                SPR_2PolyLine
                0x060133d0                SPR_2ClrAllChar
                0x06013384                SPR_2ClrChar
                0x06013800                SPR_2UserClip
 .text          0x06014210      0x1e6 ../sbl6/segalib/lib/sega_spr.a(spr_slv.o)
                0x06014374                SPR_WaitEndSlaveSH
                0x06014210                SPR_SMPC_SSHON
                0x06014350                SPR_RunSlaveSH
                0x06014214                SPR_InitSlaveSH
                0x060142dc                SPR_SlaveSHmain
                0x06014211                SPR_SMPC_SSHOFF
 *fill*         0x060143f6        0xa 00
 .text          0x06014400      0x36a ../sbl6/segalib/lib/sega_spr.a(spr_1c.o)
                0x060146b4                SPR_WaitDrawEnd
                0x060146cc                SPR_SetEosMode
                0x060145e4                SPR_SetEraseData
                0x06014400                SPR_Initial
                0x060144d8                SPR_SetTvMode
                0x06014570                SPR_GetStatus
 *fill*         0x0601476a        0x6 00
 .text          0x06014770      0x244 ../sbl6/segalib/lib/sega_spr.a(spr_2a.o)
                0x06014782                sprMemCpyW
                0x060147e0                flushDrawPrtyBlock
                0x06014770                sprMemCpyL
                0x06014794                SPR_2SetDrawPrty
 *fill*         0x060149b4        0xc 00
 .text          0x060149c0      0x2fc ../sbl6/segalib/lib/sega_scl.a(scl_vblv.o)
                0x06014a7c                SCL_DisplayFrame
                0x060149c0                SCL_SetFrameInterval
                0x06014ab0                SCL_VblInit
                0x06014b00                SCL_VblankStart
                0x06014b44                SCL_VblankEnd
 *fill*         0x06014cbc        0x4 00
 .text          0x06014cc0      0xb9c ../sbl6/segalib/lib/sega_scl.a(scl_func.o)
                0x0601569c                SCL_Vdp2_SGLInit
                0x060155ac                SCL_PriIntProc
                0x06015524                SCL_Memcpyw
                0x0601583c                SCL_SglOff
                0x0601581c                SCL_SglOn
                0x06015490                SCL_ScrollShow
                0x06014f38                SCL_Close
                0x06015230                SCL_Scale
                0x06014cc0                SCL_Vdp2Init
                0x060150a4                SCL_Move
                0x0601536c                SCL_CopyReg
                0x06014f14                SCL_Open
                0x06014d44                SCL_ParametersInit
                0x06014f54                SCL_MoveTo
                0x0601554c                SCL_SetColRamMode
 *fill*         0x0601585c        0x4 00
 .text          0x06015860      0x138 ../sbl6/segalib/lib/sega_scl.a(scl_pr03.o)
                0x06015860                SCL_FreeColRam
                0x06015898                SCL_AllocColRam
 *fill*         0x06015998        0x8 00
 .text          0x060159a0       0x9c ../sbl6/segalib/lib/sega_scl.a(scl_pr02.o)
                0x060159a0                SCL_SetColRam
 *fill*         0x06015a3c        0x4 00
 .text          0x06015a40       0x84 ../sbl6/segalib/lib/sega_scl.a(scl_back.o)
                0x06015a40                SCL_SetBack
 *fill*         0x06015ac4        0xc 00
 .text          0x06015ad0      0x94c ../sbl6/segalib/lib/sega_scl.a(scl_fu03.o)
                0x06015b2c                SCL_SetConfig
                0x06015ad0                SCL_InitConfigTb
 *fill*         0x0601641c        0x4 00
 .text          0x06016420      0x4f4 ../sbl6/segalib/lib/sega_scl.a(scl_fu02.o)
                0x06016458                SCL_SetVramConfig
                0x06016420                SCL_InitVramConfigTb
 *fill*         0x06016914        0xc 00
 .text          0x06016920       0x28 ../sbl6/segalib/lib/sega_scl.a(scl_fu04.o)
                0x06016920                SCL_SetCycleTable
 *fill*         0x06016948        0x8 00
 .text          0x06016950      0x214 ../sbl6/segalib/lib/sega_scl.a(scl_pr07.o)
                0x06016950                SCL_SetPriority
 *fill*         0x06016b64        0xc 00
 .text          0x06016b70       0x58 ../sbl6/segalib/lib/sega_scl.a(scl_pr01.o)
                0x06016b70                SCL_SetSpriteMode
 *fill*         0x06016bc8        0x8 00
 .text          0x06016bd0     0x10a4 ../sbl6/segalib/lib/sega_scl.a(scl_pri.o)
                0x06016c64                SCL_AbortAutoVe
                0x06017b14                SCL_SetShadowBit
                0x060170dc                SCL_AutoExec
                0x06016bd0                SCL_PriorityInit
                0x060175f0                SCL_IncColOffset
                0x06016c78                SCL_SetColMixRate
                0x06016c48                SCL_GetColRamMode
 *fill*         0x06017c74        0xc 00
 .text          0x06017c80     0x1394 ../sbl6/segalib/lib/sega_scl.a(scl_ro00.o)
                0x06018e6c                SCL_RotateZD
                0x06018134                SCL_Rotate
                0x06017e08                SCL_InitRotateTable
 *fill*         0x06019014        0xc 00
 .text          0x06019020      0x1b4 ../sbl6/segalib/lib/sega_scl.a(scl_pr06.o)
                0x06019020                SCL_SetColRamOffset
 *fill*         0x060191d4        0xc 00
 .text          0x060191e0       0xac ../sbl6/segalib/lib/sega_scl.a(scl_pr05.o)
                0x060191e0                SCL_GetColRamOffset
 *fill*         0x0601928c        0x4 00
 .text          0x06019290       0xa4 ../sbl6/segalib/lib/sega_mth.a(mth_fixd.o)
                0x060192e0                MTH_FixedToInt
                0x060192d0                MTH_IntToFixed
                0x06019290                MTH_Mul
                0x060192f0                MTH_Product
                0x060192b0                MTH_Div
 *fill*         0x06019334        0xc 00
 .text          0x06019340      0x600 ../sbl6/segalib/lib/sega_mth.a(mth_tri.o)
                0x060193dc                fcos
                0x060193e2                fsin
                0x0601938c                MTH_Cos
                0x06019340                MTH_Sin
                0x06019580                MTH_Atan
 .text          0x06019940      0xf50 ../sbl6/segalib/lib/sega_per.a(per_prt.o)
                0x06019d60                PER_IntFunc
                0x06019b58                PER_LGetPer
                0x06019940                PER_LInit
 .text          0x0601a890     0x1b04 ../sbl6/segalib/lib/sega_sat.a(gfs.o)
                0x0601a890                gfs_version
                0x0601bb04                gfs_mngGetNumFile
                0x0601c284                gfs_closeSub
                0x0601b620                GFS_SetGmode
                0x0601b8dc                GFS_SetErrFunc
                0x0601ba2c                gfs_mngSetupFuncTbl
                0x0601abe8                GFS_Reset
                0x0601b954                gfs_chgRoot
                0x0601ba20                gfs_aborttrans
                0x0601bd04                gfs_svrAddHndl
                0x0601bbb4                gfs_mngFreeGrp
                0x0601b92c                GFS_ConvTno
                0x0601beb8                gfs_getRootDir
                0x0601b908                GFS_GetErrStat
                0x0601ad58                GFS_Seek
                0x0601b3c4                GFS_NwStop
                0x0601bbc0                gfs_mngTermAccess
                0x0601ac6c                GFS_Open
                0x0601bb6c                GFS_mngAllocGrp
                0x0601c2cc                gfs_isTaskDone
                0x0601b0c4                GFS_Fread
                0x0601b824                GFS_StartTrans
                0x0601c220                gfs_GetFinfo
                0x0601ba60                gfs_mngInitWork
                0x0601aeb0                GFS_ByteToSct
                0x0601bcc4                gfs_svrSearchHndl
                0x0601bfb4                gfs_loadRootDir
                0x0601ab0c                GFS_IdToName
                0x0601b208                GFS_NwFread
                0x0601b754                GFS_SetTransPara
                0x0601b314                GFS_NwCdRead
                0x0601bdf4                gfs_loadVol
                0x0601b6f0                GFS_SetReadPara
                0x0601ae0c                GFS_Tell
                0x0601b684                GFS_SetTmode
                0x0601c188                GFS_GetFad
                0x0601b7c0                GFS_SetTrFunc
                0x0601b870                GFS_CdMovePickup
                0x0601aaa8                GFS_NameToId
                0x0601b4dc                GFS_NwExecOne
                0x0601c03c                gfs_flowIn
                0x0601af64                GFS_GetFileInfo
                0x0601c0e4                gfs_transData
                0x0601bd40                gfs_svrRemoveHndl
                0x0601b38c                GFS_NwIsComplete
                0x0601c2c0                gfs_getGmode
                0x0601b430                GFS_NwGetStat
                0x0601bd9c                GFS_OpenSub
                0x0601aa40                GFS_SetDir
                0x0601af0c                GFS_GetFileSize
                0x0601afd8                GFS_GetNumCdbuf
                0x0601c320                gfs_convFinStat
                0x0601b000                GFS_Load
                0x0601b160                gfs_waitRead
                0x0601a998                GFS_LoadDir
                0x0601ab78                GFS_GetDirInfo
                0x0601ad20                GFS_Close
                0x0601a8b0                GFS_Init
                0x0601b4ac                gfs_recovRdErr
                0x0601bc44                gfs_mngSetErrCode
                0x0601b59c                GFS_NwExecServer
                0x0601ae5c                GFS_IsEof
                0x0601c1e0                gfs_SetSct
 *fill*         0x0601c394        0xc 00
 .text          0x0601c3a0      0x1f4 ../sbl6/segalib/lib/sega_sat.a(DMA_SCU1.o)
                0x0601c4fc                DMA_ScuResult
                0x0601c3a0                DMA_ScuInit
                0x0601c3f0                DMA_ScuMemCopy
 *fill*         0x0601c594        0xc 00
 .text          0x0601c5a0      0x8d4 ../sbl6/segalib/lib/sega_sat.a(gfs_cdf.o)
                0x0601ca94                GFCF_Seek
                0x0601cb9c                GFCF_GetStat
                0x0601ca7c                GFCF_Tell
                0x0601c640                GFCF_Setup
                0x0601cb48                GFCF_cnvIntlvOfs
                0x0601c5a0                GFCF_Init
                0x0601ca34                GFCF_Recover
                0x0601c788                GFCF_SetSct
                0x0601caac                GFCF_MovePickup
                0x0601cc70                gfcf_isCdOk
                0x0601c840                GFCF_FlowInBuf
                0x0601c7cc                GFCF_GetFileInfo
                0x0601c994                GFCF_StopInBuf
                0x0601cc34                gfcf_getSctSize
                0x0601cd30                gfcf_getPlayRange
 *fill*         0x0601ce74        0xc 00
 .text          0x0601ce80      0x928 ../sbl6/segalib/lib/sega_sat.a(gfs_dir.o)
                0x0601d370                gfdr_setNextRec
                0x0601d76c                gfdr_setDirrecCd
                0x0601d168                gfdr_open
                0x0601cf7c                GFDR_GetAtrDirId
                0x0601d250                gfdr_readByte
                0x0601ce80                GFDR_SetupDirTbl
                0x0601d348                gfdr_readLongNM
                0x0601d3f4                gfdr_readDirEnt
                0x0601cfac                GFDR_ChgRoot
                0x0601cef4                GFDR_NameToId
                0x0601d038                gfdr_setupDirIdTbl
                0x0601cf94                GFDR_GetAtrDirName
                0x0601cf54                GFDR_GetInfoDirId
                0x0601d2fc                gfdr_readLongNB
                0x0601d190                gfdr_read
                0x0601d27c                gfdr_readWord
                0x0601d0bc                gfdr_setupDirNameTbl
                0x0601cf68                GFDR_GetInfoDirName
                0x0601cfc4                GFDR_ChgDir
                0x0601d2a8                gfdr_readWordNB
 *fill*         0x0601d7a8        0x8 00
 .text          0x0601d7b0      0xa46 ../sbl6/segalib/lib/sega_sat.a(gfs_trn.o)
                0x0601d890                GFTR_SetTransMax
                0x0601dc60                gftr_execScu
                0x0601e1e4                GFTR_SetTransFunc
                0x0601e0ac                gftr_remTrn
                0x0601e1d0                GFTR_SetData
                0x0601ded0                gftr_execSdma1
                0x0601e120                gftr_copyFrac
                0x0601d884                GFTR_GetNumTrans
                0x0601d824                GFTR_SetMode
                0x0601dea0                gftr_remDma0
                0x0601e148                GFTR_GetLenData
                0x0601dc54                gftr_reqScu
                0x0601deb8                gftr_reqDma1
                0x0601db70                gftr_getSrcPack
                0x0601e1a0                GFTR_RtnDstPk
                0x0601dd3c                gfdma_exec
                0x0601dfd4                gftr_execTrn
                0x0601da68                GFTR_ExecSvr
                0x0601df64                gftr_reqTrn
                0x0601de2c                gfdma_getBytecnt
                0x0601df0c                gftr_reqCpu
                0x0601e16c                GFTR_GetDstPack
                0x0601de64                gftr_reqDma0
                0x0601d9f0                GFTR_Idle
                0x0601d8a8                GFTR_Pause
                0x0601d878                GFTR_GetTransPara
                0x0601df58                gftr_remCpu
                0x0601d844                GFTR_SetTransPara
                0x0601def4                gftr_remDma1
                0x0601d8b4                GFTR_Stop
                0x0601de7c                gftr_execSdma0
                0x0601d7e0                GFTR_Setup
                0x0601dcfc                gftr_remScu
                0x0601dbf8                gftr_getDstPack
                0x0601dd30                gfdma_canUse
                0x0601d96c                GFTR_Exec
                0x0601e1bc                GFTR_GetData
                0x0601d89c                GFTR_Start
                0x0601d838                GFTR_SetUnit
                0x0601df18                gftr_execCpu
                0x0601e154                GFTR_GetLenRoom
 *fill*         0x0601e1f6        0xa 00
 .text          0x0601e200      0x106 ../sbl6/segalib/lib/sega_sat.a(gfs_buf.o)
                0x0601e258                GFBF_GetNumData
                0x0601e2d4                GFBF_RtnPk
                0x0601e288                GFBF_GetSrcPk
                0x0601e2fc                gfbf_getSctDt
                0x0601e230                GFBF_GetTranData
                0x0601e2b0                GFBF_GetSctData
 *fill*         0x0601e306        0xa 00
 .text          0x0601e310      0x600 ../sbl6/segalib/lib/sega_sat.a(gfs_cdb.o)
                0x0601e8b8                GFCB_GetPickup
                0x0601e430                GFCB_Close
                0x0601e6fc                GFCB_GetSrcPack
                0x0601e884                GFCB_SetCon
                0x0601e504                GFCB_GetLenRoom
                0x0601e868                GFCB_MovePickup
                0x0601e7dc                GFCB_GetSctData
                0x0601e510                GFCB_SetFilt
                0x0601e458                GFCB_GetLenData
                0x0601e8f8                GFCB_UngetPickup
                0x0601e310                GFCB_Setup
                0x0601e5a0                GFCB_Tell
                0x0601e8e0                GFCB_IsPuOwner
                0x0601e600                GFCB_Seek
                0x0601e578                GFCB_DeleteAllData
                0x0601e814                GFCB_GetDstPack
                0x0601e5b0                gfcb_getSctNum
                0x0601e820                GFCB_RtnPk
 .text          0x0601e910     0x1a04 ../sbl6/segalib/lib/sega_sat.a(gfs_cdc.o)
                0x0601ebac                GFCD_AllocBuf
                0x0601f988                gfcd_doGetLenDataTsk
                0x06020224                GFCD_SetCsctFunc
                0x0601ec84                GFCD_GetBaseFad
                0x0601ee00                GFCD_GetFilt
                0x0601fe14                gfcd_doChgDirTsk
                0x06020154                gfcd_checkEflag
                0x0601f148                GFCD_MovePickup
                0x0601f22c                GFCD_GetSctInfo
                0x0601fadc                gfcd_doReqDataTsk
                0x0601f274                GFCD_ChgDir
                0x0601ef68                GFCD_ReqData
                0x06020240                GFCD_ChkScdqFlag
                0x0601f6f8                GFCD_WaitServer
                0x0601f00c                GFCD_DelSctData
                0x0601f4e4                GFCD_ExecServer
                0x0601f8f8                gfcd_doSetConTsk
                0x0601eb40                GFCD_AllocFilt
                0x0601ed3c                GFCD_SetFilt
                0x0601f734                gfcd_doSetFiltTsk
                0x06020264                GFCD_ClrScdqFlag
                0x0601fb7c                gfcd_doDelSctDataTsk
                0x0601f640                gfcd_doTask
                0x0601ecb8                GFCD_GetPickup
                0x0601f208                GFCD_CheckMove
                0x06020280                GFCD_WaitScdqFlag
                0x0601eea0                GFCD_Play
                0x0601fcb0                gfcd_doMoveSctTsk
                0x0601ee48                GFCD_SetCon
                0x0601f2e8                GFCD_SetFiltCon
                0x060202c4                GFCD_WaitPause
                0x0601f4ac                GFCD_GetBufSiz
                0x0601ecec                GFCD_UngetPickup
                0x0601f3d0                GFCD_GetFileInfo
                0x0601efc4                GFCD_EndData
                0x0601ebe0                GFCD_FreeBuf
                0x0601ef00                GFCD_GetLenData
                0x0601eb7c                GFCD_FreeFilt
                0x0601f5b8                gfcd_isIdleTask
                0x0601e93c                GFCD_Init
                0x06020010                gfcd_doSetFiltConTsk
                0x0601f094                GFCD_GetStat
                0x0601f194                GFCD_MoveSctData
                0x0601ed18                GFCD_IsPuOwner
                0x06020178                gfcd_initCdbMng
                0x0601e910                GFCD_SetCdbfs
                0x0601f6e4                GFCD_SetTimer
                0x060201f8                gfcd_setStat
                0x0601f064                GFCD_CheckDelSctData
 *fill*         0x06020314        0xc 00
 .text          0x06020320      0x308 ../sbl6/segalib/lib/sega_sat.a(DMA_SCU0.o)
                0x060203a4                DMA_ScuStart
                0x060204d8                DMA_ScuIntFunc0
                0x06020548                DMA_ScuIntFunc1
                0x060205b8                DMA_ScuIntFunc2
                0x06020498                DMA_ScuGetStatus
                0x06020320                DMA_ScuSetPrm
 *fill*         0x06020628        0x8 00
 .text          0x06020630       0xe8 ../sbl6/segalib/lib/sega_sat.a(csh_main.o)
                0x06020630                CSH_Init
                0x06020698                CSH_AllClr
                0x060206e4                CSH_Purge
 *fill*         0x06020718        0x8 00
 .text          0x06020720      0x1b6 ../sbl6/segalib/lib/sega_sat.a(DMA_CPU0.o)
                0x06020768                DMA_CpuSetPrm
                0x0602086c                DMA_CpuStart
                0x060208c4                DMA_CpuGetStatus
                0x06020898                DMA_CpuAllStop
                0x060208ac                DMA_CpuGetComStatus
                0x06020720                DMA_CpuSetComPrm
                0x06020880                DMA_CpuStop
 *fill*         0x060208d6        0xa 00
 .text          0x060208e0      0x2dc ../sbl6/segalib/lib/sega_sat.a(cdc_reg.o)
                0x06020934                CDREG_ClrHirqReq
                0x06020904                CDC_ClrHirqReq
                0x060209b4                CDREG_TgetData
                0x060209a4                CDC_GetMpegPtr
                0x06020980                CDC_GetHirqMsk
                0x060208e0                CDC_GetDataPtr
                0x060208f0                CDC_GetHirqReq
                0x06020b10                CDREG_WaitHirq
                0x06020994                CDC_SetHirqMsk
                0x06020a10                CDREG_CmdRsp
                0x06020944                CDREG_InitHirqReq
                0x0602096c                CDREG_SetHirqFlag
                0x06020b80                CDREG_ReadRsp
 *fill*         0x06020bbc        0x4 00
 .text          0x06020bc0      0x194 ../sbl6/segalib/lib/sega_sat.a(cdc_cfs.o)
                0x06020bc0                CDC_ChgDir
                0x06020bf4                CDC_ReadDir
                0x06020d18                CDC_AbortFile
                0x06020c28                CDC_GetFileScope
                0x06020c88                CDC_TgetFileInfo
                0x06020ce4                CDC_ReadFile
 *fill*         0x06020d54        0xc 00
 .text          0x06020d60      0x3a0 ../sbl6/segalib/lib/sega_sat.a(cdc_cmn.o)
                0x06020f04                CDC_TgetToc
                0x060210a8                CDC_DataEnd
                0x06020dc8                CDC_GetPeriStat
                0x0602103c                CDC_DataReady
                0x06021014                CDC_CdOpen
                0x06020f90                CDC_CdInit
                0x06020f54                CDC_GetSes
                0x06020db0                CDC_GetLastStat
                0x06020d60                CDC_GetCurStat
                0x06020e9c                CDC_GetHwInfo
 .text          0x06021100      0x1e4 ../sbl6/segalib/lib/sega_sat.a(cdc_bio.o)
                0x060211ac                CDC_GetdelSctData
                0x06021134                CDC_GetSctData
                0x060211e8                CDC_PutSctData
                0x06021264                CDC_MoveSctData
                0x060212a8                CDC_GetCopyErr
                0x06021170                CDC_DelSctData
                0x06021100                CDC_SetSctLen
                0x06021220                CDC_CopySctData
 *fill*         0x060212e4        0xc 00
 .text          0x060212f0      0x2b8 ../sbl6/segalib/lib/sega_sat.a(cdc_sel.o)
                0x06021520                CDC_GetFiltCon
                0x0602149c                CDC_GetFiltMode
                0x06021574                CDC_ResetSelector
                0x060212f0                CDC_SetFiltRange
                0x0602137c                CDC_SetFiltSubh
                0x060213ec                CDC_GetFiltSubh
                0x06021324                CDC_GetFiltRange
                0x06021468                CDC_SetFiltMode
                0x060214e0                CDC_SetFiltCon
 *fill*         0x060215a8        0x8 00
 .text          0x060215b0      0x130 ../sbl6/segalib/lib/sega_sat.a(cdc_drv.o)
                0x060215b0                CDC_CdPlay
                0x0602167c                CDC_CdSeek
                0x060216b0                CDC_CdScan
 .text          0x060216e0      0x270 ../sbl6/segalib/lib/sega_sat.a(cdc_bif.o)
                0x0602173c                CDC_GetSctNum
                0x060218bc                CDC_ExeFadSearch
                0x0602183c                CDC_GetSctInfo
                0x06021780                CDC_CalActSiz
                0x060216e0                CDC_GetBufSiz
                0x060217bc                CDC_GetActSiz
                0x060218f4                CDC_GetFadSearch
 .text          0x06021950       0xa8 ../sbl6/segalib/lib/sega_sat.a(cdc_dev.o)
                0x060219bc                CDC_CdGetLastBuf
                0x06021950                CDC_CdSetCon
                0x06021980                CDC_CdGetCon
 *fill*         0x060219f8        0x8 00
 .text          0x06021a00      0x152 ../sbl6/segalib/lib/sega_sat.a(cdc_sub.o)
                0x06021aa8                CDSUB_GetCdstat
                0x06021a18                CDSUB_UpdCdstat
                0x06021ae8                CDSUB_RspToCdstat
                0x06021b30                CDSUB_SoftTimer
                0x06021a00                CDSUB_UpdStatus
                0x06021a38                CDSUB_CdCmd
 *fill*         0x06021b52        0xe 00
 .text          0x06021b60       0x60 C:/saturn/SH_COFF/sh-coff/bin/../lib/gcc/sh-coff/3.4-GNUSH_v0501\libgcc.a(_ashiftrt.o)
                0x06021b6c                __ashiftrt_r4_27
                0x06021ba0                __ashiftrt_r4_6
                0x06021b90                __ashiftrt_r4_14
                0x06021b82                __ashiftrt_r4_19
                0x06021b9a                __ashiftrt_r4_9
                0x06021bae                __ashiftrt_r4_0
                0x06021b60                __ashiftrt_r4_31
                0x06021b6e                __ashiftrt_r4_26
                0x06021b7c                __ashiftrt_r4_22
                0x06021b88                __ashiftrt_r4_16
                0x06021b94                __ashiftrt_r4_12
                0x06021b68                __ashiftrt_r4_29
                0x06021b86                __ashiftrt_r4_17
                0x06021b66                __ashiftrt_r4_30
                0x06021ba2                __ashiftrt_r4_5
                0x06021b9c                __ashiftrt_r4_8
                0x06021b60                __ashiftrt_r4_32
                0x06021b70                __ashiftrt_r4_25
                0x06021ba8                __ashiftrt_r4_2
                0x06021b72                __ashiftrt_r4_24
                0x06021b8e                __ashiftrt_r4_15
                0x06021b98                __ashiftrt_r4_10
                0x06021baa                __ashiftrt_r4_1
                0x06021b6a                __ashiftrt_r4_28
                0x06021b80                __ashiftrt_r4_20
                0x06021b9e                __ashiftrt_r4_7
                0x06021b92                __ashiftrt_r4_13
                0x06021b96                __ashiftrt_r4_11
                0x06021ba4                __ashiftrt_r4_4
                0x06021b7a                __ashiftrt_r4_23
                0x06021b84                __ashiftrt_r4_18
                0x06021b7e                __ashiftrt_r4_21
                0x06021ba6                __ashiftrt_r4_3
 .text          0x06021bc0       0x90 C:/saturn/SH_COFF/sh-coff/bin/../lib/gcc/sh-coff/3.4-GNUSH_v0501\libgcc.a(_ashiftlt.o)
                0x06021bc0                __ashlsi3
 .text          0x06021c50       0xb0 C:/saturn/SH_COFF/sh-coff/bin/../lib/gcc/sh-coff/3.4-GNUSH_v0501\libgcc.a(_movstr.o)
                0x06021c90                __movstrSI16
                0x06021c64                __movstrSI60
                0x06021c70                __movstrSI48
                0x06021c6c                __movstrSI52
                0x06021c60                __movstrSI64
                0x06021c74                __movstrSI44
                0x06021c78                __movstrSI40
                0x06021c7c                __movstrSI36
                0x06021cb0                __movstr
                0x06021c68                __movstrSI56
                0x06021c84                __movstrSI28
                0x06021c80                __movstrSI32
                0x06021c94                __movstrSI12
                0x06021c98                __movstrSI8
                0x06021ca0                __movstrSI0
                0x06021c88                __movstrSI24
                0x06021c8c                __movstrSI20
                0x06021c9c                __movstrSI4
 .text          0x06021d00       0xa0 C:/saturn/SH_COFF/sh-coff/bin/../lib/gcc/sh-coff/3.4-GNUSH_v0501\libgcc.a(__main.o)
                0x06021d74                __main
                0x06021d00                __do_global_dtors
                0x06021d34                __do_global_ctors
 .text          0x06021da0       0x70 C:/saturn/SH_COFF/sh-coff/bin/../lib/gcc/sh-coff/3.4-GNUSH_v0501\libgcc.a(_udivsi3.o)
                0x06021dc2                __udivsi3
 .text          0x06021e10       0xb0 C:/saturn/SH_COFF/sh-coff/bin/../lib/gcc/sh-coff/3.4-GNUSH_v0501\libgcc.a(_si_to_df.o)
                0x06021e10                __floatsidf
 .text          0x06021ec0      0x2e0 C:/saturn/SH_COFF/sh-coff/bin/../lib/gcc/sh-coff/3.4-GNUSH_v0501\libgcc.a(_mul_df.o)
                0x06021ed0                __muldf3
 .text          0x060221a0       0x80 C:/saturn/SH_COFF/sh-coff/bin/../lib/gcc/sh-coff/3.4-GNUSH_v0501\libgcc.a(_df_to_si.o)
                0x060221a0                __fixdfsi
 .text          0x06022220       0xa0 C:/saturn/SH_COFF/sh-coff/bin/../lib/gcc/sh-coff/3.4-GNUSH_v0501\libgcc.a(_sdivsi3.o)
                0x06022220                __sdivsi3
 .text          0x060222c0      0x220 C:/saturn/SH_COFF/sh-coff/bin/../lib/gcc/sh-coff/3.4-GNUSH_v0501\libgcc.a(_pack_df.o)
                0x060222d0                __pack_d
 .text          0x060224e0      0x120 C:/saturn/SH_COFF/sh-coff/bin/../lib/gcc/sh-coff/3.4-GNUSH_v0501\libgcc.a(_unpack_df.o)
                0x060224f0                __unpack_d
 .text          0x06022600       0x20 C:/saturn/SH_COFF/sh-coff/bin/../lib/gcc/sh-coff/3.4-GNUSH_v0501\libgcc.a(_thenan_df.o)
                0x06022600                __thenan_df
 .text          0x06022620       0xd0 C:/saturn/SH_COFF/sh-coff/bin/../lib/gcc/sh-coff/3.4-GNUSH_v0501\libgcc.a(_muldi3.o)
                0x06022620                __muldi3
 .text          0x060226f0       0x80 C:/saturn/SH_COFF/sh-coff/bin/../lib/gcc/sh-coff/3.4-GNUSH_v0501\libgcc.a(_lshrdi3.o)
                0x060226f0                __lshrdi3
 .text          0x06022770       0x80 C:/saturn/SH_COFF/sh-coff/bin/../lib/gcc/sh-coff/3.4-GNUSH_v0501\libgcc.a(_ashldi3.o)
                0x06022770                __ashldi3
 .text          0x060227f0       0x30 C:/saturn/SH_COFF/sh-coff/bin/../lib/gcc/sh-coff/3.4-GNUSH_v0501\libgcc.a(_mulsi3.o)
                0x060227f0                __mulsi3
 .text          0x06022820       0x90 C:/saturn/SH_COFF/sh-coff/bin/../lib/gcc/sh-coff/3.4-GNUSH_v0501\libgcc.a(_lshiftrt.o)
                0x06022820                __lshrsi3
 .text          0x060228b0       0xa0 C:/saturn/SH_COFF/sh-coff/bin/../lib/gcc/sh-coff/3.4-GNUSH_v0501/../../../../sh-coff/lib\libc.a(memcpy.o)
                0x060228b0                memcpy
 .text          0x06022950       0x40 C:/saturn/SH_COFF/sh-coff/bin/../lib/gcc/sh-coff/3.4-GNUSH_v0501/../../../../sh-coff/lib\libc.a(memset.o)
                0x06022950                memset
 .text          0x06022990       0x60 C:/saturn/SH_COFF/sh-coff/bin/../lib/gcc/sh-coff/3.4-GNUSH_v0501/../../../../sh-coff/lib\libc.a(memcmp.o)
                0x06022990                memcmp
 .text          0x060229f0       0xb0 C:/saturn/SH_COFF/sh-coff/bin/../lib/gcc/sh-coff/3.4-GNUSH_v0501/../../../../sh-coff/lib\libc.a(strncmp.o)
                0x060229f0                strncmp
 .text          0x06022aa0       0xa0 C:/saturn/SH_COFF/sh-coff/bin/../lib/gcc/sh-coff/3.4-GNUSH_v0501/../../../../sh-coff/lib\libc.a(strncpy.o)
                0x06022aa0                strncpy
 .text          0x06022b40       0x90 C:/saturn/SH_COFF/sh-coff/bin/../lib/gcc/sh-coff/3.4-GNUSH_v0501/../../../../sh-coff/lib\libc.a(atexit.o)
                0x06022b40                atexit
 .text          0x06022bd0       0x10 C:/saturn/SH_COFF/sh-coff/bin/../lib/gcc/sh-coff/3.4-GNUSH_v0501/../../../../sh-coff/lib\libc.a(impure.o)
                0x06022bd0                _global_impure_ptr
 .text          0x06022be0       0x40 C:/saturn/SH_COFF/sh-coff/bin/../lib/gcc/sh-coff/3.4-GNUSH_v0501/../../../../sh-coff/lib\libc.a(malloc.o)
                0x06022bfc                free
                0x06022be0                malloc
 .text          0x06022c20      0x5b0 C:/saturn/SH_COFF/sh-coff/bin/../lib/gcc/sh-coff/3.4-GNUSH_v0501/../../../../sh-coff/lib\libc.a(mallocr.o)
                0x06022c20                _malloc_r
 .text          0x060231d0      0x340 C:/saturn/SH_COFF/sh-coff/bin/../lib/gcc/sh-coff/3.4-GNUSH_v0501/../../../../sh-coff/lib\libc.a(freer.o)
                0x060231d0                _malloc_trim_r
                0x060232c4                _free_r
 .text          0x06023510       0x20 C:/saturn/SH_COFF/sh-coff/bin/../lib/gcc/sh-coff/3.4-GNUSH_v0501/../../../../sh-coff/lib\libc.a(mlock.o)
                0x06023510                __malloc_lock
                0x0602351c                __malloc_unlock
 .text          0x06023530       0x50 C:/saturn/SH_COFF/sh-coff/bin/../lib/gcc/sh-coff/3.4-GNUSH_v0501/../../../../sh-coff/lib\libc.a(sbrkr.o)
                0x06023530                _sbrk_r
 .text          0x06023580      0x380 C:/saturn/SH_COFF/sh-coff/bin/../lib/gcc/sh-coff/3.4-GNUSH_v0501/../../../../sh-coff/lib\libc.a(syscalls.o)
                0x060236ec                _exit
                0x06023720                _getpid
                0x06023788                _utime
                0x060235b8                _write
                0x06023580                _read
                0x060236d4                _unlink
                0x0602369c                _open
                0x06023738                _stat
                0x060236e0                isatty
                0x060237b8                _wait
                0x06023704                _kill
                0x06023754                _chmod
                0x060237e8                _execv
                0x060237cc                _execve
                0x060238c4                __setup_argv_and_call_main
                0x06023820                _gettimeofday
                0x060235ec                _link
                0x0602372c                _raise
                0x060236b8                _creat
                0x06023800                _pipe
                0x0602376c                _chown
                0x0602359c                _lseek
                0x060235d4                _close
                0x06023814                _times
                0x06023688                _fstat
                0x060237a4                _fork
                0x06023614                _sbrk
 .text          0x06023900       0x20 C:/saturn/SH_COFF/sh-coff/bin/../lib/gcc/sh-coff/3.4-GNUSH_v0501/../../../../sh-coff/lib\libc.a(trap.o)
                0x06023900                __trap34
 .text          0x06023920       0x20 C:/saturn/SH_COFF/sh-coff/bin/../lib/gcc/sh-coff/3.4-GNUSH_v0501/../../../../sh-coff/lib\libc.a(abort.o)
                0x06023920                abort
 .text          0x06023940      0x270 C:/saturn/SH_COFF/sh-coff/bin/../lib/gcc/sh-coff/3.4-GNUSH_v0501/../../../../sh-coff/lib\libc.a(signal.o)
                0x06023a00                _raise_r
                0x06023b88                __sigtramp
                0x06023b34                raise
                0x06023b70                _init_signal
                0x06023ac0                __sigtramp_r
                0x06023b50                signal
                0x0602398c                _signal_r
                0x06023940                _init_signal_r
 .text          0x06023bb0       0x60 C:/saturn/SH_COFF/sh-coff/bin/../lib/gcc/sh-coff/3.4-GNUSH_v0501/../../../../sh-coff/lib\libc.a(signalr.o)
                0x06023bf8                _getpid_r
                0x06023bb0                _kill_r
 *(.strings)

.tors           0x06023c10        0x0
                0x06023c10                ___ctors = .
 *(.ctors)
                0x06023c10                ___ctors_end = .
                0x06023c10                ___dtors = .
 *(.dtors)
                0x06023c10                ___dtors_end = .

.data           0x06023c10     0x15f0
                0x06023c10                STARTOF_R = .
 *(.data)
 .data          0x06023c10      0x400 ../sbl6/segasmp/per/smpclib/per_x1.o
 .data          0x06024010       0x60 blocks.o
                0x06024060                tile2_slope
                0x06024040                tile4_slope
                0x06024010                block_slopes
                0x06024050                tile3_slope
 .data          0x06024070      0x4c0 graphics.o
                0x060240ca                guy_num
                0x06024528                bg_num
                0x06024120                bg_pal
                0x060240bc                guy_name
                0x0602407c                guy_pal
                0x06024116                font_height
                0x0602407a                map_width
                0x06024078                map_height
                0x060240c6                guy_width
                0x06024070                map_name
                0x0602410c                font_name
                0x06024520                bg_name
                0x06024118                font_width
                0x060240c4                guy_height
                0x0602411c                font_num
                0x060240cc                font_pal
                0x060240c8                guy_size
                0x0602411a                font_size
 .data          0x06024530       0x10 player.o
                0x06024530                lives
 .data          0x06024540       0x30 sprite.o
 .data          0x06024570       0x20 scroll.o
                0x06024570                CycleTb
                0x06024580                vram
 .data          0x06024590      0x400 ../sbl6/segalib/lib/sega_int.a(int.o)
 .data          0x06024990       0x1c ../sbl6/segalib/lib/sega_spr.a(spr_slv.o)
                0x06024998                SPR_SlaveParam
                0x060249a8                SPR_SMPC_SF
                0x060249a0                SPR_SMPC_COM
                0x0602499c                SPR_SlaveSHEntry
                0x06024994                SPR_SlaveState
                0x06024990                SPR_SlaveCommand
                0x060249a4                SPR_SMPC_RET
 *fill*         0x060249ac        0x4 00
 .data          0x060249b0       0x34 ../sbl6/segalib/lib/sega_spr.a(spr_1c.o)
                0x060249b0                SpInitialFlag
 *fill*         0x060249e4        0xc 00
 .data          0x060249f0       0x1c ../sbl6/segalib/lib/sega_scl.a(scl_vblv.o)
                0x060249f8                VBInterval
                0x06024a00                ReqDisplayFlag
                0x060249f0                SpFrameChgMode
                0x060249fc                VBIntervalCounter
                0x060249f4                SpFrameEraseMode
 *fill*         0x06024a0c        0x4 00
 .data          0x06024a10       0x36 ../sbl6/segalib/lib/sega_scl.a(scl_func.o)
                0x06024a20                SclRotregBuff
                0x06024a1c                SclDisplayY
                0x06024a24                SclRotateTableMode
                0x06024a18                SclProcess
                0x06024a14                SclCurSclNum
                0x06024a10                SclLengthLsTbl
                0x06024a1a                SclDisplayX
                0x06024a12                SclLengthCsTbl
 *fill*         0x06024a46        0xa 00
 .data          0x06024a50       0x18 ../sbl6/segalib/lib/sega_scl.a(scl_pri.o)
                0x06024a54                SclRealSpPriNum
                0x06024a64                SclRealColOffset
                0x06024a60                SclRealBgColMix
                0x06024a5c                SclRealSpColMix
                0x06024a58                SclRealBgPriNum
                0x06024a50                SclRealOtherPri
 *fill*         0x06024a68        0x8 00
 .data          0x06024a70      0x380 C:/saturn/SH_COFF/sh-coff/bin/../lib/gcc/sh-coff/3.4-GNUSH_v0501/../../../../sh-coff/lib\libc.a(impure.o)
                0x06024dec                _impure_ptr
 .data          0x06024df0      0x410 C:/saturn/SH_COFF/sh-coff/bin/../lib/gcc/sh-coff/3.4-GNUSH_v0501/../../../../sh-coff/lib\libc.a(mallocr.o)
                0x06024df8                __malloc_av_
                0x06024df4                __malloc_trim_threshold
                0x06024df0                __malloc_sbrk_base
                0x06025200                SIZEOF_R = (. - STARTOF_R)
                0x06025200                ENDOF_R = .

.bss            0x06025200     0x8c54
                0x06025200                STARTOF_B = .
 *(.bss)
 .bss           0x06025200       0x10 vblank.o
                0x06025204                PadData2E
                0x0602520a                PadData1
                0x06025206                PadData2
                0x06025208                PadData1E
                0x06025200                __port
 .bss           0x06025210       0xd0 ../sbl6/segasmp/per/smpclib/per_x2.o
 .bss           0x060252e0       0x10 player.o
                0x060252e1                boost
                0x060252e0                jumps
 .bss           0x060252f0     0x3800 sprite.o
                0x060252f0                num_sprites
 .bss           0x06028af0       0x50 scroll.o
                0x06028b0c                map_tiles_x
                0x06028b14                scrolls_y
                0x06028af0                scroll_transition_state
                0x06028af4                scroll_ysize
                0x06028b04                map_tiles_y
                0x06028afc                copy_modes
                0x06028b24                scrolls_x
                0x06028af8                scroll_xsize
 .bss           0x06028b40       0x10 main.o
                0x06028b40                frame
 .bss           0x06028b50       0x6e ../sbl6/segalib/lib/sega_spr.a(spr_2c.o)
 *fill*         0x06028bbe        0x2 00
 .bss           0x06028bc0        0x4 ../sbl6/segalib/lib/sega_scl.a(scl_vblv.o)
 *fill*         0x06028bc4        0xc 00
 .bss           0x06028bd0        0x4 ../sbl6/segalib/lib/sega_scl.a(scl_func.o)
 *fill*         0x06028bd4        0xc 00
 .bss           0x06028be0       0x48 ../sbl6/segalib/lib/sega_scl.a(scl_ro00.o)
 *fill*         0x06028c28        0x8 00
 .bss           0x06028c30       0x9c ../sbl6/segalib/lib/sega_per.a(per_prt.o)
 *fill*         0x06028ccc        0x4 00
 .bss           0x06028cd0        0xc ../sbl6/segalib/lib/sega_sat.a(DMA_SCU1.o)
 *fill*         0x06028cdc        0x4 00
 .bss           0x06028ce0        0xc ../sbl6/segalib/lib/sega_sat.a(gfs_trn.o)
 *fill*         0x06028cec        0x4 00
 .bss           0x06028cf0       0x20 ../sbl6/segalib/lib/sega_sat.a(DMA_SCU0.o)
 .bss           0x06028d10        0x2 ../sbl6/segalib/lib/sega_sat.a(cdc_reg.o)
 *fill*         0x06028d12        0xe 00
 .bss           0x06028d20        0xc ../sbl6/segalib/lib/sega_sat.a(cdc_sub.o)
 *fill*         0x06028d2c        0x4 00
 .bss           0x06028d30       0x10 C:/saturn/SH_COFF/sh-coff/bin/../lib/gcc/sh-coff/3.4-GNUSH_v0501\libgcc.a(__main.o)
 .bss           0x06028d40       0x10 C:/saturn/SH_COFF/sh-coff/bin/../lib/gcc/sh-coff/3.4-GNUSH_v0501/../../../../sh-coff/lib\libc.a(atexit.o)
 .bss           0x06028d50       0x40 C:/saturn/SH_COFF/sh-coff/bin/../lib/gcc/sh-coff/3.4-GNUSH_v0501/../../../../sh-coff/lib\libc.a(mallocr.o)
                0x06028d80                __malloc_top_pad
                0x06028d50                __malloc_current_mallinfo
                0x06028d7c                __malloc_max_sbrked_mem
                0x06028d78                __malloc_max_total_mem
 .bss           0x06028d90       0x10 C:/saturn/SH_COFF/sh-coff/bin/../lib/gcc/sh-coff/3.4-GNUSH_v0501/../../../../sh-coff/lib\libc.a(syscalls.o)
 *(COMMON)
 COMMON         0x06028da0     0x1674 cd.o
                                  0x0 (size before relaxing)
                0x06028da0                dirname
                0x06029700                lib_work
                0x0602a408                directory_table
 *fill*         0x0602a414        0xc 00
 COMMON         0x0602a420       0x48 player.o
                                  0x0 (size before relaxing)
                0x0602a420                curr_level
                0x0602a430                player
 *fill*         0x0602a468        0x8 00
 COMMON         0x0602a470      0x8c0 print.o
                                  0x0 (size before relaxing)
                0x0602a470                text
 COMMON         0x0602ad30     0x1460 sprite.o
                                  0x0 (size before relaxing)
                0x0602ad30                sprites
                0x0602b190                image_buf
 COMMON         0x0602c190      0x24c scroll.o
                                  0x0 (size before relaxing)
                0x0602c190                scfg3
                0x0602c220                scfg0
                0x0602c2b0                maps
                0x0602c2c0                scfg2
                0x0602c350                scfg1
 *fill*         0x0602c3dc        0x4 00
 COMMON         0x0602c3e0      0x400 ../sbl6/segalib/lib/sega_int.a(int.o)
                                  0x0 (size before relaxing)
                0x0602c3e0                __interrupt_vector
 COMMON         0x0602c7e0       0x50 ../sbl6/segalib/lib/sega_spr.a(spr_2c.o)
                                  0x0 (size before relaxing)
                0x0602c7e0                SpMstCmd
                0x0602c7e4                Sp2OpenFlag
                0x0602c7e8                SpGourTblMax
                0x0602c7ec                SpDrawPrtyBlk
                0x0602c7f0                SpLCoordX
                0x0602c7f4                SpMstDrawPrtyBlk
                0x0602c7f8                SpGourTbl
                0x0602c7fc                SpLookupTblR
                0x0602c800                SpCmdTbl
                0x0602c804                SpCharMax
                0x0602c808                SpDrawPrtyProcFlag
                0x0602c80c                SpCmdNo
                0x0602c810                SpDrawPrtyBlkMax
                0x0602c814                SpSlvCmdPos
                0x0602c818                SpSlvDrawPrtyBlk
                0x0602c81c                SpCharTbl
                0x0602c820                SpCmdTblR
                0x0602c824                SpMstCmdPos
                0x0602c828                SpSlvCmd
                0x0602c82c                SpLCoordY
 COMMON         0x0602c830       0x10 ../sbl6/segalib/lib/sega_spr.a(spr_1c.o)
                                  0x0 (size before relaxing)
                0x0602c830                SpScreenY
                0x0602c834                SpFbcrMode
                0x0602c836                SpDil
                0x0602c838                SpDie
                0x0602c83a                SpTvMode
                0x0602c83c                SpScreenX
 COMMON         0x0602c840      0xf00 ../sbl6/segalib/lib/sega_scl.a(scl_func.o)
                                  0x0 (size before relaxing)
                0x0602c840                SclRbgKtbAddr
                0x0602c848                SclRb
                0x0602c84a                Scl_flag
                0x0602c850                SclK_TableBuff
                0x0602d520                SclAddrCsTbl
                0x0602d530                Scl_s_reg
                0x0602d558                SclRotateXy
                0x0602d560                Scl_d_reg
                0x0602d5a8                SclRotateDisp
                0x0602d5b0                SclRotateMoveZ
                0x0602d5b8                SclRotXySw
                0x0602d5c0                Scl_r_reg
                0x0602d5d0                SclRPMD
                0x0602d5d8                SclRbgKtbOffset
                0x0602d5e0                _SclRotregBuff
                0x0602d6b0                SclRa
                0x0602d6b8                SclRotateZ
                0x0602d6c0                SclAddrLsTbl
                0x0602d6c8                SclK_TableNum
                0x0602d6d0                SclRotateTableAddress
                0x0602d6d4                SclK_TableFlag
                0x0602d6e0                Scl_w_reg
                0x0602d700                Scl_n_reg
 COMMON         0x0602d740      0x6b0 ../sbl6/segalib/lib/sega_scl.a(scl_pri.o)
                                  0x0 (size before relaxing)
                0x0602d740                SclAutoEndBlue2
                0x0602d750                SclColOffset
                0x0602d760                SclPriBuffDirty
                0x0602d762                SclAutoEndRed
                0x0602d764                SclAutoSurface
                0x0602d768                SclAutoGreen
                0x0602d76a                SclAutoEndGreen
                0x0602d76c                SclAutoCount
                0x0602d770                SclColRamAlloc256
                0x0602d790                SclAutoCurRate
                0x0602d791                SclAutoPlusFlag
                0x0602d798                SclSpColMix
                0x0602d7a0                SclAutoMax
                0x0602d7a4                SclLineColRamOffset
                0x0602d7a8                SclColRamAlloc2048
                0x0602d7ac                SclBgPriNum
                0x0602d7b2                SclAutoEndBlue
                0x0602d7b4                SclAutoEndGreen2
                0x0602d7b6                SclAutoVeFlag
                0x0602d7b8                SclBgColMix
                0x0602d7c0                SclAutoIndex
                0x0602d7c4                SclAutoEndRate
                0x0602d7c6                SclAutoBlue
                0x0602d7c8                SclAutoRed
                0x0602d7cc                SclAutoInterval
                0x0602d7d0                SclOtherPri
                0x0602d7e0                SclAutoRGB
                0x0602dde0                SclAutoEndRed2
                0x0602dde8                SclSpPriNum
 COMMON         0x0602ddf0       0x10 ../sbl6/segalib/lib/sega_scl.a(scl_ro00.o)
                                  0x0 (size before relaxing)
                0x0602ddf0                SclCsx
                0x0602ddf8                SclCsy
 COMMON         0x0602de00       0x15 ../sbl6/segalib/lib/sega_per.a(per_prt.o)
                                  0x0 (size before relaxing)
                0x0602de00                per_get_time_flg
                0x0602de01                per_hot_res
                0x0602de02                per_set_sys_flg
                0x0602de04                per_get_time_adr
                0x0602de08                per_get_sys_data
                0x0602de14                per_time_out_flg
 *fill*         0x0602de15        0xb 00
 COMMON         0x0602de20        0xc ../sbl6/segalib/lib/sega_sat.a(gfs.o)
                                  0x0 (size before relaxing)
                0x0602de20                GFMC_base
                0x0602de24                gfs_mng_ptr
                0x0602de28                gfs_use_scudma
 *fill*         0x0602de2c        0x4 00
 COMMON         0x0602de30        0x8 ../sbl6/segalib/lib/sega_sat.a(gfs_cdf.o)
                                  0x0 (size before relaxing)
                0x0602de30                gfcf_fad
                0x0602de34                gfcf_stat
 *fill*         0x0602de38        0x8 00
 COMMON         0x0602de40        0xc ../sbl6/segalib/lib/sega_sat.a(gfs_cdc.o)
                                  0x0 (size before relaxing)
                0x0602de40                gfcd_fatal_err
                0x0602de44                gfcd_work
                0x0602de48                gfcd_playflag
 *fill*         0x0602de4c        0x4 00
 COMMON         0x0602de50        0x4 C:/saturn/SH_COFF/sh-coff/bin/../lib/gcc/sh-coff/3.4-GNUSH_v0501/../../../../sh-coff/lib\libc.a(syscalls.o)
                                  0x0 (size before relaxing)
                0x0602de50                errno
                0x0602de54                SIZEOF_B = (. - STARTOF_B)
                0x0602de54                ENDOF_B = .
                0x0602de54                _end = .
OUTPUT(main.cof coff-sh)

.comment        0x0602de60      0x4a0
 .comment       0x0602de60       0x20 ../sbl6/segasmp/lib/strt2_g.o
 .comment       0x0602de80       0x20 vblank.o
 .comment       0x0602dea0       0x20 ../sbl6/segasmp/per/smpclib/per_x1.o
 .comment       0x0602dec0       0x20 ../sbl6/segasmp/per/smpclib/per_x2.o
 .comment       0x0602dee0       0x20 blocks.o
 .comment       0x0602df00       0x20 cd.o
 .comment       0x0602df20       0x20 collision.o
 .comment       0x0602df40       0x20 graphics.o
 .comment       0x0602df60       0x20 player.o
 .comment       0x0602df80       0x20 print.o
 .comment       0x0602dfa0       0x20 sprite.o
 .comment       0x0602dfc0       0x20 scroll.o
 .comment       0x0602dfe0       0x20 main.o
 .comment       0x0602e000       0x20 C:/saturn/SH_COFF/sh-coff/bin/../lib/gcc/sh-coff/3.4-GNUSH_v0501\libgcc.a(__main.o)
 .comment       0x0602e020       0x20 C:/saturn/SH_COFF/sh-coff/bin/../lib/gcc/sh-coff/3.4-GNUSH_v0501\libgcc.a(_si_to_df.o)
 .comment       0x0602e040       0x20 C:/saturn/SH_COFF/sh-coff/bin/../lib/gcc/sh-coff/3.4-GNUSH_v0501\libgcc.a(_mul_df.o)
 .comment       0x0602e060       0x20 C:/saturn/SH_COFF/sh-coff/bin/../lib/gcc/sh-coff/3.4-GNUSH_v0501\libgcc.a(_df_to_si.o)
 .comment       0x0602e080       0x20 C:/saturn/SH_COFF/sh-coff/bin/../lib/gcc/sh-coff/3.4-GNUSH_v0501\libgcc.a(_pack_df.o)
 .comment       0x0602e0a0       0x20 C:/saturn/SH_COFF/sh-coff/bin/../lib/gcc/sh-coff/3.4-GNUSH_v0501\libgcc.a(_unpack_df.o)
 .comment       0x0602e0c0       0x20 C:/saturn/SH_COFF/sh-coff/bin/../lib/gcc/sh-coff/3.4-GNUSH_v0501\libgcc.a(_thenan_df.o)
 .comment       0x0602e0e0       0x20 C:/saturn/SH_COFF/sh-coff/bin/../lib/gcc/sh-coff/3.4-GNUSH_v0501\libgcc.a(_muldi3.o)
 .comment       0x0602e100       0x20 C:/saturn/SH_COFF/sh-coff/bin/../lib/gcc/sh-coff/3.4-GNUSH_v0501\libgcc.a(_lshrdi3.o)
 .comment       0x0602e120       0x20 C:/saturn/SH_COFF/sh-coff/bin/../lib/gcc/sh-coff/3.4-GNUSH_v0501\libgcc.a(_ashldi3.o)
 .comment       0x0602e140       0x20 C:/saturn/SH_COFF/sh-coff/bin/../lib/gcc/sh-coff/3.4-GNUSH_v0501/../../../../sh-coff/lib\libc.a(memcmp.o)
 .comment       0x0602e160       0x20 C:/saturn/SH_COFF/sh-coff/bin/../lib/gcc/sh-coff/3.4-GNUSH_v0501/../../../../sh-coff/lib\libc.a(strncmp.o)
 .comment       0x0602e180       0x20 C:/saturn/SH_COFF/sh-coff/bin/../lib/gcc/sh-coff/3.4-GNUSH_v0501/../../../../sh-coff/lib\libc.a(strncpy.o)
 .comment       0x0602e1a0       0x20 C:/saturn/SH_COFF/sh-coff/bin/../lib/gcc/sh-coff/3.4-GNUSH_v0501/../../../../sh-coff/lib\libc.a(atexit.o)
 .comment       0x0602e1c0       0x20 C:/saturn/SH_COFF/sh-coff/bin/../lib/gcc/sh-coff/3.4-GNUSH_v0501/../../../../sh-coff/lib\libc.a(impure.o)
 .comment       0x0602e1e0       0x20 C:/saturn/SH_COFF/sh-coff/bin/../lib/gcc/sh-coff/3.4-GNUSH_v0501/../../../../sh-coff/lib\libc.a(malloc.o)
 .comment       0x0602e200       0x20 C:/saturn/SH_COFF/sh-coff/bin/../lib/gcc/sh-coff/3.4-GNUSH_v0501/../../../../sh-coff/lib\libc.a(mallocr.o)
 .comment       0x0602e220       0x20 C:/saturn/SH_COFF/sh-coff/bin/../lib/gcc/sh-coff/3.4-GNUSH_v0501/../../../../sh-coff/lib\libc.a(freer.o)
 .comment       0x0602e240       0x20 C:/saturn/SH_COFF/sh-coff/bin/../lib/gcc/sh-coff/3.4-GNUSH_v0501/../../../../sh-coff/lib\libc.a(mlock.o)
 .comment       0x0602e260       0x20 C:/saturn/SH_COFF/sh-coff/bin/../lib/gcc/sh-coff/3.4-GNUSH_v0501/../../../../sh-coff/lib\libc.a(sbrkr.o)
 .comment       0x0602e280       0x20 C:/saturn/SH_COFF/sh-coff/bin/../lib/gcc/sh-coff/3.4-GNUSH_v0501/../../../../sh-coff/lib\libc.a(syscalls.o)
 .comment       0x0602e2a0       0x20 C:/saturn/SH_COFF/sh-coff/bin/../lib/gcc/sh-coff/3.4-GNUSH_v0501/../../../../sh-coff/lib\libc.a(abort.o)
 .comment       0x0602e2c0       0x20 C:/saturn/SH_COFF/sh-coff/bin/../lib/gcc/sh-coff/3.4-GNUSH_v0501/../../../../sh-coff/lib\libc.a(signal.o)
 .comment       0x0602e2e0       0x20 C:/saturn/SH_COFF/sh-coff/bin/../lib/gcc/sh-coff/3.4-GNUSH_v0501/../../../../sh-coff/lib\libc.a(signalr.o)
