Archive member included because of file (symbol)

../sbl6/segalib/lib/sega_int.a(int.o)
                              vblank.o (INT_SetScuFunc)
../sbl6/segalib/lib/sega_int.a(int_trmp.o)
                              ../sbl6/segalib/lib/sega_int.a(int.o) (__interrupt_handler0)
../sbl6/segalib/lib/sega_spr.a(spr_2c.o)
                              sprite.o (SPR_2Initial)
../sbl6/segalib/lib/sega_spr.a(spr_slv.o)
                              ../sbl6/segalib/lib/sega_spr.a(spr_2c.o) (SPR_InitSlaveSH)
../sbl6/segalib/lib/sega_spr.a(spr_1c.o)
                              ../sbl6/segalib/lib/sega_spr.a(spr_2c.o) (SPR_Initial)
../sbl6/segalib/lib/sega_spr.a(spr_2a.o)
                              ../sbl6/segalib/lib/sega_spr.a(spr_2c.o) (SPR_2SetDrawPrty)
../sbl6/segalib/lib/sega_scl.a(scl_vblv.o)
                              ../sbl6/segalib/lib/sega_spr.a(spr_1c.o) (SpFrameChgMode)
../sbl6/segalib/lib/sega_scl.a(scl_func.o)
                              sprite.o (SCL_Vdp2Init)
../sbl6/segalib/lib/sega_scl.a(scl_pr03.o)
                              sprite.o (SCL_AllocColRam)
../sbl6/segalib/lib/sega_scl.a(scl_pr02.o)
                              sprite.o (SCL_SetColRam)
../sbl6/segalib/lib/sega_scl.a(scl_back.o)
                              scroll.o (SCL_SetBack)
../sbl6/segalib/lib/sega_scl.a(scl_fu03.o)
                              scroll.o (SCL_InitConfigTb)
../sbl6/segalib/lib/sega_scl.a(scl_fu02.o)
                              scroll.o (SCL_InitVramConfigTb)
../sbl6/segalib/lib/sega_scl.a(scl_fu04.o)
                              scroll.o (SCL_SetCycleTable)
../sbl6/segalib/lib/sega_scl.a(scl_pr07.o)
                              scroll.o (SCL_SetPriority)
../sbl6/segalib/lib/sega_scl.a(scl_pr01.o)
                              main.o (SCL_SetSpriteMode)
../sbl6/segalib/lib/sega_scl.a(scl_pri.o)
                              ../sbl6/segalib/lib/sega_scl.a(scl_func.o) (SclRealOtherPri)
../sbl6/segalib/lib/sega_scl.a(scl_ro00.o)
                              ../sbl6/segalib/lib/sega_scl.a(scl_func.o) (SCL_Rotate)
../sbl6/segalib/lib/sega_scl.a(scl_pr06.o)
                              ../sbl6/segalib/lib/sega_scl.a(scl_pr03.o) (SCL_SetColRamOffset)
../sbl6/segalib/lib/sega_scl.a(scl_pr05.o)
                              ../sbl6/segalib/lib/sega_scl.a(scl_pr02.o) (SCL_GetColRamOffset)
../sbl6/segalib/lib/sega_mth.a(mth_fixd.o)
                              sprite.o (MTH_Mul)
../sbl6/segalib/lib/sega_mth.a(mth_tri.o)
                              sprite.o (MTH_Sin)
../sbl6/segalib/lib/sega_per.a(per_prt.o)
                              ../sbl6/segasmp/per/smpclib/per_x2.o (PER_LInit)
../sbl6/segalib/lib/sega_sat.a(gfs.o)
                              cd.o (GFS_Init)
../sbl6/segalib/lib/sega_sat.a(DMA_SCU1.o)
                              ../sbl6/segalib/lib/sega_spr.a(spr_2c.o) (DMA_ScuMemCopy)
../sbl6/segalib/lib/sega_sat.a(gfs_cdf.o)
                              ../sbl6/segalib/lib/sega_sat.a(gfs.o) (GFCF_Init)
../sbl6/segalib/lib/sega_sat.a(gfs_dir.o)
                              ../sbl6/segalib/lib/sega_sat.a(gfs.o) (GFDR_SetupDirTbl)
../sbl6/segalib/lib/sega_sat.a(gfs_trn.o)
                              ../sbl6/segalib/lib/sega_sat.a(gfs.o) (GFTR_Setup)
../sbl6/segalib/lib/sega_sat.a(gfs_buf.o)
                              ../sbl6/segalib/lib/sega_sat.a(gfs.o) (GFBF_GetNumData)
../sbl6/segalib/lib/sega_sat.a(gfs_cdb.o)
                              ../sbl6/segalib/lib/sega_sat.a(gfs_cdf.o) (GFCB_Setup)
../sbl6/segalib/lib/sega_sat.a(gfs_cdc.o)
                              ../sbl6/segalib/lib/sega_sat.a(gfs.o) (GFCD_SetCdbfs)
../sbl6/segalib/lib/sega_sat.a(DMA_SCU0.o)
                              ../sbl6/segalib/lib/sega_sat.a(DMA_SCU1.o) (DMA_ScuSetPrm)
../sbl6/segalib/lib/sega_sat.a(csh_main.o)
                              ../sbl6/segalib/lib/sega_sat.a(DMA_SCU1.o) (CSH_Purge)
../sbl6/segalib/lib/sega_sat.a(DMA_CPU0.o)
                              ../sbl6/segalib/lib/sega_sat.a(gfs_trn.o) (DMA_CpuSetComPrm)
../sbl6/segalib/lib/sega_sat.a(cdc_reg.o)
                              ../sbl6/segalib/lib/sega_sat.a(gfs_cdb.o) (CDC_GetDataPtr)
../sbl6/segalib/lib/sega_sat.a(cdc_cfs.o)
                              ../sbl6/segalib/lib/sega_sat.a(gfs_cdc.o) (CDC_ChgDir)
../sbl6/segalib/lib/sega_sat.a(cdc_cmn.o)
                              ../sbl6/segalib/lib/sega_sat.a(gfs_cdc.o) (CDC_GetCurStat)
../sbl6/segalib/lib/sega_sat.a(cdc_bio.o)
                              ../sbl6/segalib/lib/sega_sat.a(gfs_cdc.o) (CDC_SetSctLen)
../sbl6/segalib/lib/sega_sat.a(cdc_sel.o)
                              ../sbl6/segalib/lib/sega_sat.a(gfs_cdc.o) (CDC_SetFiltRange)
../sbl6/segalib/lib/sega_sat.a(cdc_drv.o)
                              ../sbl6/segalib/lib/sega_sat.a(gfs_cdc.o) (CDC_CdPlay)
../sbl6/segalib/lib/sega_sat.a(cdc_bif.o)
                              ../sbl6/segalib/lib/sega_sat.a(gfs_cdc.o) (CDC_GetBufSiz)
../sbl6/segalib/lib/sega_sat.a(cdc_dev.o)
[...]
Memory Configuration

Name             Origin             Length             Attributes
*default*        0x00000000         0xffffffff

Linker script and memory map

LOAD ../sbl6/segasmp/lib/strt1_g.o
LOAD ../sbl6/segasmp/lib/strt2_g.o
LOAD vblank.o
LOAD ../sbl6/segasmp/per/smpclib/per_x1.o
LOAD ../sbl6/segasmp/per/smpclib/per_x2.o
LOAD ../sbl6/segasmp/per/smpclib/per_x3.o
LOAD cd.o
LOAD graphics.o
LOAD player.o
LOAD print.o
LOAD sprite.o
LOAD scroll.o
LOAD main.o
LOAD ../sbl6/segalib/lib/sega_int.a
LOAD ../sbl6/segalib/lib/sega_spr.a
LOAD ../sbl6/segalib/lib/sega_scl.a
LOAD ../sbl6/segalib/lib/sega_mth.a
LOAD ../sbl6/segalib/lib/sega_cdc.a
LOAD ../sbl6/segalib/lib/sega_adp.a
LOAD ../sbl6/segalib/lib/sega_per.a
LOAD ../sbl6/segalib/lib/sega_sat.a
LOAD C:/saturn/SH_COFF/sh-coff/bin/../lib/gcc/sh-coff/3.4-GNUSH_v0501\libgcc.a
LOAD C:/saturn/SH_COFF/sh-coff/bin/../lib/gcc/sh-coff/3.4-GNUSH_v0501/../../../../sh-coff/lib\libc.a
LOAD C:/saturn/SH_COFF/sh-coff/bin/../lib/gcc/sh-coff/3.4-GNUSH_v0501\libgcc.a

.text           0x06010000    0x12e70
 *(.text)
 .text          0x06010000       0x30 ../sbl6/segasmp/lib/strt1_g.o
                0x06010024                _D_END
                0x06010020                _D_BGN
                0x0601002c                _B_END
                0x06010028                _B_BGN
                0x06010000                START
 .text          0x06010030       0x60 ../sbl6/segasmp/lib/strt2_g.o
                0x06010050                _INITSCT
                0x06010030                _INIT
 .text          0x06010090      0x1b0 vblank.o
                0x06010090                SetVblank
                0x06010140                UsrVblankOut
                0x060100f0                UsrVblankIn
 .text          0x06010240      0x430 ../sbl6/segasmp/per/smpclib/per_x1.o
                0x060105d4                PER_GetAnalogXYZ
                0x06010264                PER_GetTriggerHandler
                0x060104fe                PER_GetEdge
                0x0601047c                PER_GetTrigger
                0x06010528                PER_GetPressEdge
                0x0601057c                PER_GetReleaseEdge
                0x06010240                PER_SetTriggerHandler
 .text          0x06010670      0x200 ../sbl6/segasmp/per/smpclib/per_x2.o
                0x06010774                PER_GetDeviceA
                0x06010670                PER_OpenPort
                0x060106a8                PER_GetPort
                0x060107ee                PER_GetDeviceR
 .text          0x06010870       0x20 ../sbl6/segasmp/per/smpclib/per_x3.o
                0x06010870                PER_DisguiseTrigger
 .text          0x06010890       0xa0 cd.o
                0x06010890                cd_init
                0x060108c0                cd_load
 .text          0x06010930      0x1e0 player.o
                0x06010930                player_frames
                0x06010a00                player_input
                0x06010940                player_init
                0x06010af0                player_draw
                0x06010970                player_animate
 .text          0x06010b10      0x170 print.o
                0x06010be0                print_display
                0x06010b50                print_num
                0x06010b10                print_init
                0x06010ba0                print_string
 .text          0x06010c80      0x5e0 sprite.o
                0x06010cce                guy_num
                0x06010c80                test_pal
                0x06010d00                sprite_init
                0x06011090                sprite_make
                0x06010cc0                test_name
                0x060111d0                sprite_next
                0x06010ccc                test_width
                0x06011230                sprite_delete
                0x060110d0                sprite_draw_all
                0x06010cd0                sprite_deleteall
                0x06010cca                test_height
                0x06010e20                sprite_draw
 .text          0x06011260      0x860 scroll.o
                0x06011260                scroll_move
                0x06011760                scroll_get
                0x060117b0                scroll_copy
                0x060113b0                scroll_set
                0x060114c0                scroll_init
                0x060113e0                scroll_scale
 .text          0x06011ac0       0xa0 main.o
                0x06011ac0                main
 .text          0x06011b60       0x40 ../sbl6/segalib/lib/sega_int.a(int.o)
                0x06011b8c                INT_GetScuFunc
                0x06011b60                INT_SetScuFunc
 .text          0x06011ba0      0x624 ../sbl6/segalib/lib/sega_int.a(int_trmp.o)
                0x06011d08                __interrupt_handler60
                0x06011eb8                __interrupt_handler132
                0x0601206e                __interrupt_handler205
                0x06011ed6                __interrupt_handler137
                0x06011e04                __interrupt_handler102
                0x06011c42                __interrupt_handler27
                0x06012044                __interrupt_handler198
                0x06011f36                __interrupt_handler153
                0x06011c1e                __interrupt_handler21
                0x06011d2c                __interrupt_handler66
                0x06011e1c                __interrupt_handler106
                0x06011f66                __interrupt_handler161
                0x06011db0                __interrupt_handler88
                0x06011f7e                __interrupt_handler165
                0x06011e8e                __interrupt_handler125
                0x06011bc4                __interrupt_handler6
                0x06011c60                __interrupt_handler32
                0x0601201a                __interrupt_handler191
                0x06012134                __interrupt_handler238
                0x0601214c                __interrupt_handler242
                0x06011f54                __interrupt_handler158
                0x06011dbc                __interrupt_handler90
                0x06011f78                __interrupt_handler164
                0x06011c9c                __interrupt_handler42
                0x06011fde                __interrupt_handler181
                0x060120e6                __interrupt_handler225
                0x0601218e                __interrupt_handler253
                0x06011fa2                __interrupt_handler171
                0x06011d5c                __interrupt_handler74
                0x06011bb2                __interrupt_handler3
                0x06011cf6                __interrupt_handler57
                0x06011bf4                __interrupt_handler14
                0x0601208c                __interrupt_handler210
                0x060120bc                __interrupt_handler218
                0x06012080                __interrupt_handler208
                0x06011c84                __interrupt_handler38
                0x06011ba0                __interrupt_handler0
                0x06011e10                __interrupt_handler104
                0x06011f4e                __interrupt_handler157
                0x0601209e                __interrupt_handler213
                0x06011f90                __interrupt_handler168
                0x06011d9e                __interrupt_handler85
                0x06011e3a                __interrupt_handler111
                0x06011e4c                __interrupt_handler114
                0x06011cba                __interrupt_handler47
                0x06012110                __interrupt_handler232
                0x060120da                __interrupt_handler223
                0x0601212e                __interrupt_handler237
                0x06011d1a                __interrupt_handler63
                0x06011ca8                __interrupt_handler44
                0x06011fba                __interrupt_handler175
                0x06011fe4                __interrupt_handler182
                0x06011ffc                __interrupt_handler186
                0x06011efa                __interrupt_handler143
                0x06011e22                __interrupt_handler107
                0x06011e88                __interrupt_handler124
                0x06011fa8                __interrupt_handler172
                0x0601215e                __interrupt_handler245
                0x06011dda                __interrupt_handler95
                0x06011eb2                __interrupt_handler131
                0x06011ec4                __interrupt_handler134
                0x06011ee2                __interrupt_handler139
                0x06011d50                __interrupt_handler72
                0x0601210a                __interrupt_handler231
                0x06011f60                __interrupt_handler160
                0x06011ea6                __interrupt_handler129
                0x06011c18                __interrupt_handler20
                0x06011d26                __interrupt_handler65
                0x06011cf0                __interrupt_handler56
                0x06011bee                __interrupt_handler13
                0x06012086                __interrupt_handler209
                0x06011e40                __interrupt_handler112
                0x06011c12                __interrupt_handler19
                0x06011dce                __interrupt_handler93
                0x06012038                __interrupt_handler196
                0x06011f2a                __interrupt_handler151
                0x06011f8a                __interrupt_handler167
                0x060121a0                __trampoline
                0x06011c06                __interrupt_handler17
                0x060120f8                __interrupt_handler228
                0x0601219a                __interrupt_handler255
                0x06012158                __interrupt_handler244
                0x06011df2                __interrupt_handler99
                0x06011fea                __interrupt_handler183
                0x06011ee8                __interrupt_handler140
                0x0601200e                __interrupt_handler189
                0x06011f0c                __interrupt_handler146
                0x060120d4                __interrupt_handler222
                0x06011f48                __interrupt_handler156
                0x06011e7c                __interrupt_handler122
                0x06012170                __interrupt_handler248
                0x06011cc0                __interrupt_handler48
                0x06011d3e                __interrupt_handler69
                0x06011c30                __interrupt_handler24
                0x06011db6                __interrupt_handler89
                0x060120aa                __interrupt_handler215
                0x06012194                __interrupt_handler254
                0x06011daa                __interrupt_handler87
                0x06011d0e                __interrupt_handler61
                0x06012032                __interrupt_handler195
                0x06011f24                __interrupt_handler150
                0x06011c96                __interrupt_handler41
                0x06011e34                __interrupt_handler110
                0x06011e9a                __interrupt_handler127
                0x06011e28                __interrupt_handler108
                0x06011e46                __interrupt_handler113
                0x06011e58                __interrupt_handler116
                0x06011e76                __interrupt_handler121
                0x06011d6e                __interrupt_handler77
                0x06011c8a                __interrupt_handler39
                0x06011ca2                __interrupt_handler43
                0x06012176                __interrupt_handler249
                0x06011fb4                __interrupt_handler174
                0x06011ed0                __interrupt_handler136
                0x06012008                __interrupt_handler188
                0x06011f06                __interrupt_handler145
                0x06011bd6                __interrupt_handler9
                0x06011d7a                __interrupt_handler79
                0x060120f2                __interrupt_handler227
                0x06011c6c                __interrupt_handler34
                0x06011eac                __interrupt_handler130
                0x0601216a                __interrupt_handler247
                0x06011d62                __interrupt_handler75
                0x06011fae                __interrupt_handler173
                0x06011cde                __interrupt_handler53
                0x06011f1e                __interrupt_handler149
                0x06012182                __interrupt_handler251
                0x06012116                __interrupt_handler233
                0x06011bdc                __interrupt_handler10
                0x06012068                __interrupt_handler204
                0x06011d8c                __interrupt_handler82
                0x06011d92                __interrupt_handler83
                0x06011c36                __interrupt_handler25
                0x06012152                __interrupt_handler243
                0x06011f6c                __interrupt_handler162
                0x06011cb4                __interrupt_handler46
                0x06011fcc                __interrupt_handler178
                0x06011d80                __interrupt_handler80
                0x06011d14                __interrupt_handler62
                0x06011bac                __interrupt_handler2
                0x06011c4e                __interrupt_handler29
                0x06011d44                __interrupt_handler70
                0x06011e2e                __interrupt_handler109
                0x06011f18                __interrupt_handler148
                0x06011dd4                __interrupt_handler94
                0x060120e0                __interrupt_handler224
                0x06011e0a                __interrupt_handler103
                0x06011c78                __interrupt_handler36
                0x06011e94                __interrupt_handler126
                0x06012164                __interrupt_handler246
                0x06011cea                __interrupt_handler55
                0x06011be8                __interrupt_handler12
                0x06011cd8                __interrupt_handler52
                0x06012002                __interrupt_handler187
                0x06011f00                __interrupt_handler144
                0x06011e5e                __interrupt_handler117
                0x06011c0c                __interrupt_handler18
                0x0601203e                __interrupt_handler197
                0x06011f30                __interrupt_handler152
                0x06011e64                __interrupt_handler118
                0x06011f9c                __interrupt_handler170
                0x06012056                __interrupt_handler201
                0x06011de6                __interrupt_handler97
                0x06011f72                __interrupt_handler163
                0x06011fd8                __interrupt_handler180
                0x06012020                __interrupt_handler192
                0x06012140                __interrupt_handler240
                0x06011e82                __interrupt_handler123
                0x060120a4                __interrupt_handler214
                0x06011c5a                __interrupt_handler31
                0x06011c48                __interrupt_handler28
                0x06011d32                __interrupt_handler67
                0x06011d38                __interrupt_handler68
                0x06011c24                __interrupt_handler22
                0x06011c2a                __interrupt_handler23
                0x06011fc0                __interrupt_handler176
                0x06011bca                __interrupt_handler7
                0x060120ce                __interrupt_handler221
                0x060120b6                __interrupt_handler217
                0x060120fe                __interrupt_handler229
                0x06011cc6                __interrupt_handler49
                0x06011bb8                __interrupt_handler4
                0x06011c90                __interrupt_handler40
                0x06011e52                __interrupt_handler115
                0x06012122                __interrupt_handler235
                0x06011dc2                __interrupt_handler91
                0x06012074                __interrupt_handler206
                0x06011fc6                __interrupt_handler177
                0x06011f12                __interrupt_handler147
                0x06011c7e                __interrupt_handler37
                0x0601217c                __interrupt_handler250
                0x06011ba6                __interrupt_handler1
                0x060120c2                __interrupt_handler219
                0x06011d68                __interrupt_handler76
                0x06011df8                __interrupt_handler100
                0x06011cfc                __interrupt_handler58
                0x06011bfa                __interrupt_handler15
                0x06012098                __interrupt_handler212
                0x06012146                __interrupt_handler241
                0x0601205c                __interrupt_handler202
                0x06012026                __interrupt_handler193
                0x06011d74                __interrupt_handler78
                0x06011ccc                __interrupt_handler50
                0x06011c66                __interrupt_handler33
                0x06011f84                __interrupt_handler166
                0x06011edc                __interrupt_handler138
                0x06011eca                __interrupt_handler135
                0x06011c54                __interrupt_handler30
                0x06011ff0                __interrupt_handler184
                0x06011eee                __interrupt_handler141
                0x06012104                __interrupt_handler230
                0x06012128                __interrupt_handler236
                0x06011e6a                __interrupt_handler119
                0x06011da4                __interrupt_handler86
                0x06011e16                __interrupt_handler105
                0x06011d86                __interrupt_handler81
                0x06011e70                __interrupt_handler120
                0x06011ea0                __interrupt_handler128
                0x06011ce4                __interrupt_handler54
                0x06011be2                __interrupt_handler11
                0x0601204a                __interrupt_handler199
                0x06011f3c                __interrupt_handler154
                0x06011cae                __interrupt_handler45
                0x060120b0                __interrupt_handler216
                0x06012062                __interrupt_handler203
                0x06011dfe                __interrupt_handler101
                0x06011d98                __interrupt_handler84
                0x06011ff6                __interrupt_handler185
                0x06011ef4                __interrupt_handler142
                0x06011c3c                __interrupt_handler26
                0x06011d20                __interrupt_handler64
                0x06012050                __interrupt_handler200
                0x0601207a                __interrupt_handler207
                0x0601202c                __interrupt_handler194
                0x06011dc8                __interrupt_handler92
                0x06011f42                __interrupt_handler155
                0x06012092                __interrupt_handler211
                0x06011ebe                __interrupt_handler133
                0x06011bbe                __interrupt_handler5
                0x06011d56                __interrupt_handler73
                0x06011c00                __interrupt_handler16
                0x0601213a                __interrupt_handler239
                0x0601211c                __interrupt_handler234
                0x06011c72                __interrupt_handler35
                0x06011d02                __interrupt_handler59
                0x06011f96                __interrupt_handler169
                0x06011dec                __interrupt_handler98
                0x06011d4a                __interrupt_handler71
                0x06011cd2                __interrupt_handler51
                0x06011f5a                __interrupt_handler159
                0x060120ec                __interrupt_handler226
                0x06011de0                __interrupt_handler96
                0x06012014                __interrupt_handler190
                0x060120c8                __interrupt_handler220
                0x06011bd0                __interrupt_handler8
                0x06011fd2                __interrupt_handler179
                0x06012188                __interrupt_handler252
 *fill*         0x060121c4        0xc 00
 .text          0x060121d0     0x12a0 ../sbl6/segalib/lib/sega_spr.a(spr_2c.o)
                0x06013430                SlaveFlushDrawPrtyBlock
                0x060121d0                SPR_2Initial
                0x06012a14                SPR_2SysClip
                0x060129b4                SPR_2LocalCoord
                0x060132ac                SPR_2FlushDrawPrtyBlock
                0x06012f98                SPR_2DistSpr
                0x0601299c                SPR_2FlushDrawPrty
                0x060130bc                SPR_2Cmd
                0x06012698                SPR_2GourTblNoToVram
                0x060126f8                SPR_2GetAreaSizeInfo
                0x06012460                SPR_2SetGourTbl
                0x06012c4c                SPR_2Polygon
                0x060126d4                SPR_2CharNoToVram
                0x060123e0                SPR_2SetTvMode
                0x0601283c                SPR_2CloseCommand
                0x0601241c                SPR_2FrameEraseData
                0x060121f8                SPR_2Initial2
                0x06012e2c                SPR_2ScaleSpr
                0x06012abc                SPR_2Line
                0x06012788                SPR_2OpenCommand
                0x060123fc                SPR_2FrameChgIntr
                0x06012d08                SPR_2NormSpr
                0x06012490                SPR_2SetLookupTbl
                0x060124c4                SPR_2SetChar
                0x060126bc                SPR_2LookupTblNoToVram
                0x06012b90                SPR_2PolyLine
                0x06012630                SPR_2ClrAllChar
                0x060125e4                SPR_2ClrChar
                0x06012a60                SPR_2UserClip
 .text          0x06013470      0x1e6 ../sbl6/segalib/lib/sega_spr.a(spr_slv.o)
                0x060135d4                SPR_WaitEndSlaveSH
                0x06013470                SPR_SMPC_SSHON
                0x060135b0                SPR_RunSlaveSH
                0x06013474                SPR_InitSlaveSH
                0x0601353c                SPR_SlaveSHmain
                0x06013471                SPR_SMPC_SSHOFF
 *fill*         0x06013656        0xa 00
 .text          0x06013660      0x36a ../sbl6/segalib/lib/sega_spr.a(spr_1c.o)
                0x06013914                SPR_WaitDrawEnd
                0x0601392c                SPR_SetEosMode
                0x06013844                SPR_SetEraseData
                0x06013660                SPR_Initial
                0x06013738                SPR_SetTvMode
                0x060137d0                SPR_GetStatus
 *fill*         0x060139ca        0x6 00
 .text          0x060139d0      0x244 ../sbl6/segalib/lib/sega_spr.a(spr_2a.o)
                0x060139e2                sprMemCpyW
                0x06013a40                flushDrawPrtyBlock
                0x060139d0                sprMemCpyL
                0x060139f4                SPR_2SetDrawPrty
 *fill*         0x06013c14        0xc 00
 .text          0x06013c20      0x2fc ../sbl6/segalib/lib/sega_scl.a(scl_vblv.o)
                0x06013cdc                SCL_DisplayFrame
                0x06013c20                SCL_SetFrameInterval
                0x06013d10                SCL_VblInit
                0x06013d60                SCL_VblankStart
                0x06013da4                SCL_VblankEnd
 *fill*         0x06013f1c        0x4 00
 .text          0x06013f20      0xb9c ../sbl6/segalib/lib/sega_scl.a(scl_func.o)
                0x060148fc                SCL_Vdp2_SGLInit
                0x0601480c                SCL_PriIntProc
                0x06014784                SCL_Memcpyw
                0x06014a9c                SCL_SglOff
                0x06014a7c                SCL_SglOn
                0x060146f0                SCL_ScrollShow
                0x06014198                SCL_Close
                0x06014490                SCL_Scale
                0x06013f20                SCL_Vdp2Init
                0x06014304                SCL_Move
                0x060145cc                SCL_CopyReg
                0x06014174                SCL_Open
                0x06013fa4                SCL_ParametersInit
                0x060141b4                SCL_MoveTo
                0x060147ac                SCL_SetColRamMode
 *fill*         0x06014abc        0x4 00
 .text          0x06014ac0      0x138 ../sbl6/segalib/lib/sega_scl.a(scl_pr03.o)
                0x06014ac0                SCL_FreeColRam
                0x06014af8                SCL_AllocColRam
 *fill*         0x06014bf8        0x8 00
 .text          0x06014c00       0x9c ../sbl6/segalib/lib/sega_scl.a(scl_pr02.o)
                0x06014c00                SCL_SetColRam
 *fill*         0x06014c9c        0x4 00
 .text          0x06014ca0       0x84 ../sbl6/segalib/lib/sega_scl.a(scl_back.o)
                0x06014ca0                SCL_SetBack
 *fill*         0x06014d24        0xc 00
 .text          0x06014d30      0x94c ../sbl6/segalib/lib/sega_scl.a(scl_fu03.o)
                0x06014d8c                SCL_SetConfig
                0x06014d30                SCL_InitConfigTb
 *fill*         0x0601567c        0x4 00
 .text          0x06015680      0x4f4 ../sbl6/segalib/lib/sega_scl.a(scl_fu02.o)
                0x060156b8                SCL_SetVramConfig
                0x06015680                SCL_InitVramConfigTb
 *fill*         0x06015b74        0xc 00
 .text          0x06015b80       0x28 ../sbl6/segalib/lib/sega_scl.a(scl_fu04.o)
                0x06015b80                SCL_SetCycleTable
 *fill*         0x06015ba8        0x8 00
 .text          0x06015bb0      0x214 ../sbl6/segalib/lib/sega_scl.a(scl_pr07.o)
                0x06015bb0                SCL_SetPriority
 *fill*         0x06015dc4        0xc 00
 .text          0x06015dd0       0x58 ../sbl6/segalib/lib/sega_scl.a(scl_pr01.o)
                0x06015dd0                SCL_SetSpriteMode
 *fill*         0x06015e28        0x8 00
 .text          0x06015e30     0x10a4 ../sbl6/segalib/lib/sega_scl.a(scl_pri.o)
                0x06015ec4                SCL_AbortAutoVe
                0x06016d74                SCL_SetShadowBit
                0x0601633c                SCL_AutoExec
                0x06015e30                SCL_PriorityInit
                0x06016850                SCL_IncColOffset
                0x06015ed8                SCL_SetColMixRate
                0x06015ea8                SCL_GetColRamMode
 *fill*         0x06016ed4        0xc 00
 .text          0x06016ee0     0x1394 ../sbl6/segalib/lib/sega_scl.a(scl_ro00.o)
                0x060180cc                SCL_RotateZD
                0x06017394                SCL_Rotate
                0x06017068                SCL_InitRotateTable
 *fill*         0x06018274        0xc 00
 .text          0x06018280      0x1b4 ../sbl6/segalib/lib/sega_scl.a(scl_pr06.o)
                0x06018280                SCL_SetColRamOffset
 *fill*         0x06018434        0xc 00
 .text          0x06018440       0xac ../sbl6/segalib/lib/sega_scl.a(scl_pr05.o)
                0x06018440                SCL_GetColRamOffset
 *fill*         0x060184ec        0x4 00
 .text          0x060184f0       0xa4 ../sbl6/segalib/lib/sega_mth.a(mth_fixd.o)
                0x06018540                MTH_FixedToInt
                0x06018530                MTH_IntToFixed
                0x060184f0                MTH_Mul
                0x06018550                MTH_Product
                0x06018510                MTH_Div
 *fill*         0x06018594        0xc 00
 .text          0x060185a0      0x600 ../sbl6/segalib/lib/sega_mth.a(mth_tri.o)
                0x0601863c                fcos
                0x06018642                fsin
                0x060185ec                MTH_Cos
                0x060185a0                MTH_Sin
                0x060187e0                MTH_Atan
 .text          0x06018ba0      0xf50 ../sbl6/segalib/lib/sega_per.a(per_prt.o)
                0x06018fc0                PER_IntFunc
                0x06018db8                PER_LGetPer
                0x06018ba0                PER_LInit
 .text          0x06019af0     0x1b04 ../sbl6/segalib/lib/sega_sat.a(gfs.o)
                0x06019af0                gfs_version
                0x0601ad64                gfs_mngGetNumFile
                0x0601b4e4                gfs_closeSub
                0x0601a880                GFS_SetGmode
                0x0601ab3c                GFS_SetErrFunc
                0x0601ac8c                gfs_mngSetupFuncTbl
                0x06019e48                GFS_Reset
                0x0601abb4                gfs_chgRoot
                0x0601ac80                gfs_aborttrans
                0x0601af64                gfs_svrAddHndl
                0x0601ae14                gfs_mngFreeGrp
                0x0601ab8c                GFS_ConvTno
                0x0601b118                gfs_getRootDir
                0x0601ab68                GFS_GetErrStat
                0x06019fb8                GFS_Seek
                0x0601a624                GFS_NwStop
                0x0601ae20                gfs_mngTermAccess
                0x06019ecc                GFS_Open
                0x0601adcc                GFS_mngAllocGrp
                0x0601b52c                gfs_isTaskDone
                0x0601a324                GFS_Fread
                0x0601aa84                GFS_StartTrans
                0x0601b480                gfs_GetFinfo
                0x0601acc0                gfs_mngInitWork
                0x0601a110                GFS_ByteToSct
                0x0601af24                gfs_svrSearchHndl
                0x0601b214                gfs_loadRootDir
                0x06019d6c                GFS_IdToName
                0x0601a468                GFS_NwFread
                0x0601a9b4                GFS_SetTransPara
                0x0601a574                GFS_NwCdRead
                0x0601b054                gfs_loadVol
                0x0601a950                GFS_SetReadPara
                0x0601a06c                GFS_Tell
                0x0601a8e4                GFS_SetTmode
                0x0601b3e8                GFS_GetFad
                0x0601aa20                GFS_SetTrFunc
                0x0601aad0                GFS_CdMovePickup
                0x06019d08                GFS_NameToId
                0x0601a73c                GFS_NwExecOne
                0x0601b29c                gfs_flowIn
                0x0601a1c4                GFS_GetFileInfo
                0x0601b344                gfs_transData
                0x0601afa0                gfs_svrRemoveHndl
                0x0601a5ec                GFS_NwIsComplete
                0x0601b520                gfs_getGmode
                0x0601a690                GFS_NwGetStat
                0x0601affc                GFS_OpenSub
                0x06019ca0                GFS_SetDir
                0x0601a16c                GFS_GetFileSize
                0x0601a238                GFS_GetNumCdbuf
                0x0601b580                gfs_convFinStat
                0x0601a260                GFS_Load
                0x0601a3c0                gfs_waitRead
                0x06019bf8                GFS_LoadDir
                0x06019dd8                GFS_GetDirInfo
                0x06019f80                GFS_Close
                0x06019b10                GFS_Init
                0x0601a70c                gfs_recovRdErr
                0x0601aea4                gfs_mngSetErrCode
                0x0601a7fc                GFS_NwExecServer
                0x0601a0bc                GFS_IsEof
                0x0601b440                gfs_SetSct
 *fill*         0x0601b5f4        0xc 00
 .text          0x0601b600      0x1f4 ../sbl6/segalib/lib/sega_sat.a(DMA_SCU1.o)
                0x0601b75c                DMA_ScuResult
                0x0601b600                DMA_ScuInit
                0x0601b650                DMA_ScuMemCopy
 *fill*         0x0601b7f4        0xc 00
 .text          0x0601b800      0x8d4 ../sbl6/segalib/lib/sega_sat.a(gfs_cdf.o)
                0x0601bcf4                GFCF_Seek
                0x0601bdfc                GFCF_GetStat
                0x0601bcdc                GFCF_Tell
                0x0601b8a0                GFCF_Setup
                0x0601bda8                GFCF_cnvIntlvOfs
                0x0601b800                GFCF_Init
                0x0601bc94                GFCF_Recover
                0x0601b9e8                GFCF_SetSct
                0x0601bd0c                GFCF_MovePickup
                0x0601bed0                gfcf_isCdOk
                0x0601baa0                GFCF_FlowInBuf
                0x0601ba2c                GFCF_GetFileInfo
                0x0601bbf4                GFCF_StopInBuf
                0x0601be94                gfcf_getSctSize
                0x0601bf90                gfcf_getPlayRange
 *fill*         0x0601c0d4        0xc 00
 .text          0x0601c0e0      0x928 ../sbl6/segalib/lib/sega_sat.a(gfs_dir.o)
                0x0601c5d0                gfdr_setNextRec
                0x0601c9cc                gfdr_setDirrecCd
                0x0601c3c8                gfdr_open
                0x0601c1dc                GFDR_GetAtrDirId
                0x0601c4b0                gfdr_readByte
                0x0601c0e0                GFDR_SetupDirTbl
                0x0601c5a8                gfdr_readLongNM
                0x0601c654                gfdr_readDirEnt
                0x0601c20c                GFDR_ChgRoot
                0x0601c154                GFDR_NameToId
                0x0601c298                gfdr_setupDirIdTbl
                0x0601c1f4                GFDR_GetAtrDirName
                0x0601c1b4                GFDR_GetInfoDirId
                0x0601c55c                gfdr_readLongNB
                0x0601c3f0                gfdr_read
                0x0601c4dc                gfdr_readWord
                0x0601c31c                gfdr_setupDirNameTbl
                0x0601c1c8                GFDR_GetInfoDirName
                0x0601c224                GFDR_ChgDir
                0x0601c508                gfdr_readWordNB
 *fill*         0x0601ca08        0x8 00
 .text          0x0601ca10      0xa46 ../sbl6/segalib/lib/sega_sat.a(gfs_trn.o)
                0x0601caf0                GFTR_SetTransMax
                0x0601cec0                gftr_execScu
                0x0601d444                GFTR_SetTransFunc
                0x0601d30c                gftr_remTrn
                0x0601d430                GFTR_SetData
                0x0601d130                gftr_execSdma1
                0x0601d380                gftr_copyFrac
                0x0601cae4                GFTR_GetNumTrans
                0x0601ca84                GFTR_SetMode
                0x0601d100                gftr_remDma0
                0x0601d3a8                GFTR_GetLenData
                0x0601ceb4                gftr_reqScu
                0x0601d118                gftr_reqDma1
                0x0601cdd0                gftr_getSrcPack
                0x0601d400                GFTR_RtnDstPk
                0x0601cf9c                gfdma_exec
                0x0601d234                gftr_execTrn
                0x0601ccc8                GFTR_ExecSvr
                0x0601d1c4                gftr_reqTrn
                0x0601d08c                gfdma_getBytecnt
                0x0601d16c                gftr_reqCpu
                0x0601d3cc                GFTR_GetDstPack
                0x0601d0c4                gftr_reqDma0
                0x0601cc50                GFTR_Idle
                0x0601cb08                GFTR_Pause
                0x0601cad8                GFTR_GetTransPara
                0x0601d1b8                gftr_remCpu
                0x0601caa4                GFTR_SetTransPara
                0x0601d154                gftr_remDma1
                0x0601cb14                GFTR_Stop
                0x0601d0dc                gftr_execSdma0
                0x0601ca40                GFTR_Setup
                0x0601cf5c                gftr_remScu
                0x0601ce58                gftr_getDstPack
                0x0601cf90                gfdma_canUse
                0x0601cbcc                GFTR_Exec
                0x0601d41c                GFTR_GetData
                0x0601cafc                GFTR_Start
                0x0601ca98                GFTR_SetUnit
                0x0601d178                gftr_execCpu
                0x0601d3b4                GFTR_GetLenRoom
 *fill*         0x0601d456        0xa 00
 .text          0x0601d460      0x106 ../sbl6/segalib/lib/sega_sat.a(gfs_buf.o)
                0x0601d4b8                GFBF_GetNumData
                0x0601d534                GFBF_RtnPk
                0x0601d4e8                GFBF_GetSrcPk
                0x0601d55c                gfbf_getSctDt
                0x0601d490                GFBF_GetTranData
                0x0601d510                GFBF_GetSctData
 *fill*         0x0601d566        0xa 00
 .text          0x0601d570      0x600 ../sbl6/segalib/lib/sega_sat.a(gfs_cdb.o)
                0x0601db18                GFCB_GetPickup
                0x0601d690                GFCB_Close
                0x0601d95c                GFCB_GetSrcPack
                0x0601dae4                GFCB_SetCon
                0x0601d764                GFCB_GetLenRoom
                0x0601dac8                GFCB_MovePickup
                0x0601da3c                GFCB_GetSctData
                0x0601d770                GFCB_SetFilt
                0x0601d6b8                GFCB_GetLenData
                0x0601db58                GFCB_UngetPickup
                0x0601d570                GFCB_Setup
                0x0601d800                GFCB_Tell
                0x0601db40                GFCB_IsPuOwner
                0x0601d860                GFCB_Seek
                0x0601d7d8                GFCB_DeleteAllData
                0x0601da74                GFCB_GetDstPack
                0x0601d810                gfcb_getSctNum
                0x0601da80                GFCB_RtnPk
 .text          0x0601db70     0x1a04 ../sbl6/segalib/lib/sega_sat.a(gfs_cdc.o)
                0x0601de0c                GFCD_AllocBuf
                0x0601ebe8                gfcd_doGetLenDataTsk
                0x0601f484                GFCD_SetCsctFunc
                0x0601dee4                GFCD_GetBaseFad
                0x0601e060                GFCD_GetFilt
                0x0601f074                gfcd_doChgDirTsk
                0x0601f3b4                gfcd_checkEflag
                0x0601e3a8                GFCD_MovePickup
                0x0601e48c                GFCD_GetSctInfo
                0x0601ed3c                gfcd_doReqDataTsk
                0x0601e4d4                GFCD_ChgDir
                0x0601e1c8                GFCD_ReqData
                0x0601f4a0                GFCD_ChkScdqFlag
                0x0601e958                GFCD_WaitServer
                0x0601e26c                GFCD_DelSctData
                0x0601e744                GFCD_ExecServer
                0x0601eb58                gfcd_doSetConTsk
                0x0601dda0                GFCD_AllocFilt
                0x0601df9c                GFCD_SetFilt
                0x0601e994                gfcd_doSetFiltTsk
                0x0601f4c4                GFCD_ClrScdqFlag
                0x0601eddc                gfcd_doDelSctDataTsk
                0x0601e8a0                gfcd_doTask
                0x0601df18                GFCD_GetPickup
                0x0601e468                GFCD_CheckMove
                0x0601f4e0                GFCD_WaitScdqFlag
                0x0601e100                GFCD_Play
                0x0601ef10                gfcd_doMoveSctTsk
                0x0601e0a8                GFCD_SetCon
                0x0601e548                GFCD_SetFiltCon
                0x0601f524                GFCD_WaitPause
                0x0601e70c                GFCD_GetBufSiz
                0x0601df4c                GFCD_UngetPickup
                0x0601e630                GFCD_GetFileInfo
                0x0601e224                GFCD_EndData
                0x0601de40                GFCD_FreeBuf
                0x0601e160                GFCD_GetLenData
                0x0601dddc                GFCD_FreeFilt
                0x0601e818                gfcd_isIdleTask
                0x0601db9c                GFCD_Init
                0x0601f270                gfcd_doSetFiltConTsk
                0x0601e2f4                GFCD_GetStat
                0x0601e3f4                GFCD_MoveSctData
                0x0601df78                GFCD_IsPuOwner
                0x0601f3d8                gfcd_initCdbMng
                0x0601db70                GFCD_SetCdbfs
                0x0601e944                GFCD_SetTimer
                0x0601f458                gfcd_setStat
                0x0601e2c4                GFCD_CheckDelSctData
 *fill*         0x0601f574        0xc 00
 .text          0x0601f580      0x308 ../sbl6/segalib/lib/sega_sat.a(DMA_SCU0.o)
                0x0601f604                DMA_ScuStart
                0x0601f738                DMA_ScuIntFunc0
                0x0601f7a8                DMA_ScuIntFunc1
                0x0601f818                DMA_ScuIntFunc2
                0x0601f6f8                DMA_ScuGetStatus
                0x0601f580                DMA_ScuSetPrm
 *fill*         0x0601f888        0x8 00
 .text          0x0601f890       0xe8 ../sbl6/segalib/lib/sega_sat.a(csh_main.o)
                0x0601f890                CSH_Init
                0x0601f8f8                CSH_AllClr
                0x0601f944                CSH_Purge
 *fill*         0x0601f978        0x8 00
 .text          0x0601f980      0x1b6 ../sbl6/segalib/lib/sega_sat.a(DMA_CPU0.o)
                0x0601f9c8                DMA_CpuSetPrm
                0x0601facc                DMA_CpuStart
                0x0601fb24                DMA_CpuGetStatus
                0x0601faf8                DMA_CpuAllStop
                0x0601fb0c                DMA_CpuGetComStatus
                0x0601f980                DMA_CpuSetComPrm
                0x0601fae0                DMA_CpuStop
 *fill*         0x0601fb36        0xa 00
 .text          0x0601fb40      0x2dc ../sbl6/segalib/lib/sega_sat.a(cdc_reg.o)
                0x0601fb94                CDREG_ClrHirqReq
                0x0601fb64                CDC_ClrHirqReq
                0x0601fc14                CDREG_TgetData
                0x0601fc04                CDC_GetMpegPtr
                0x0601fbe0                CDC_GetHirqMsk
                0x0601fb40                CDC_GetDataPtr
                0x0601fb50                CDC_GetHirqReq
                0x0601fd70                CDREG_WaitHirq
                0x0601fbf4                CDC_SetHirqMsk
                0x0601fc70                CDREG_CmdRsp
                0x0601fba4                CDREG_InitHirqReq
                0x0601fbcc                CDREG_SetHirqFlag
                0x0601fde0                CDREG_ReadRsp
 *fill*         0x0601fe1c        0x4 00
 .text          0x0601fe20      0x194 ../sbl6/segalib/lib/sega_sat.a(cdc_cfs.o)
                0x0601fe20                CDC_ChgDir
                0x0601fe54                CDC_ReadDir
                0x0601ff78                CDC_AbortFile
                0x0601fe88                CDC_GetFileScope
                0x0601fee8                CDC_TgetFileInfo
                0x0601ff44                CDC_ReadFile
 *fill*         0x0601ffb4        0xc 00
 .text          0x0601ffc0      0x3a0 ../sbl6/segalib/lib/sega_sat.a(cdc_cmn.o)
                0x06020164                CDC_TgetToc
                0x06020308                CDC_DataEnd
                0x06020028                CDC_GetPeriStat
                0x0602029c                CDC_DataReady
                0x06020274                CDC_CdOpen
                0x060201f0                CDC_CdInit
                0x060201b4                CDC_GetSes
                0x06020010                CDC_GetLastStat
                0x0601ffc0                CDC_GetCurStat
                0x060200fc                CDC_GetHwInfo
 .text          0x06020360      0x1e4 ../sbl6/segalib/lib/sega_sat.a(cdc_bio.o)
                0x0602040c                CDC_GetdelSctData
                0x06020394                CDC_GetSctData
                0x06020448                CDC_PutSctData
                0x060204c4                CDC_MoveSctData
                0x06020508                CDC_GetCopyErr
                0x060203d0                CDC_DelSctData
                0x06020360                CDC_SetSctLen
                0x06020480                CDC_CopySctData
 *fill*         0x06020544        0xc 00
 .text          0x06020550      0x2b8 ../sbl6/segalib/lib/sega_sat.a(cdc_sel.o)
                0x06020780                CDC_GetFiltCon
                0x060206fc                CDC_GetFiltMode
                0x060207d4                CDC_ResetSelector
                0x06020550                CDC_SetFiltRange
                0x060205dc                CDC_SetFiltSubh
                0x0602064c                CDC_GetFiltSubh
                0x06020584                CDC_GetFiltRange
                0x060206c8                CDC_SetFiltMode
                0x06020740                CDC_SetFiltCon
 *fill*         0x06020808        0x8 00
 .text          0x06020810      0x130 ../sbl6/segalib/lib/sega_sat.a(cdc_drv.o)
                0x06020810                CDC_CdPlay
                0x060208dc                CDC_CdSeek
                0x06020910                CDC_CdScan
 .text          0x06020940      0x270 ../sbl6/segalib/lib/sega_sat.a(cdc_bif.o)
                0x0602099c                CDC_GetSctNum
                0x06020b1c                CDC_ExeFadSearch
                0x06020a9c                CDC_GetSctInfo
                0x060209e0                CDC_CalActSiz
                0x06020940                CDC_GetBufSiz
                0x06020a1c                CDC_GetActSiz
                0x06020b54                CDC_GetFadSearch
 .text          0x06020bb0       0xa8 ../sbl6/segalib/lib/sega_sat.a(cdc_dev.o)
                0x06020c1c                CDC_CdGetLastBuf
                0x06020bb0                CDC_CdSetCon
                0x06020be0                CDC_CdGetCon
 *fill*         0x06020c58        0x8 00
 .text          0x06020c60      0x152 ../sbl6/segalib/lib/sega_sat.a(cdc_sub.o)
                0x06020d08                CDSUB_GetCdstat
                0x06020c78                CDSUB_UpdCdstat
                0x06020d48                CDSUB_RspToCdstat
                0x06020d90                CDSUB_SoftTimer
                0x06020c60                CDSUB_UpdStatus
                0x06020c98                CDSUB_CdCmd
 *fill*         0x06020db2        0xe 00
 .text          0x06020dc0       0x60 C:/saturn/SH_COFF/sh-coff/bin/../lib/gcc/sh-coff/3.4-GNUSH_v0501\libgcc.a(_ashiftrt.o)
                0x06020dcc                __ashiftrt_r4_27
                0x06020e00                __ashiftrt_r4_6
                0x06020df0                __ashiftrt_r4_14
                0x06020de2                __ashiftrt_r4_19
                0x06020dfa                __ashiftrt_r4_9
                0x06020e0e                __ashiftrt_r4_0
                0x06020dc0                __ashiftrt_r4_31
                0x06020dce                __ashiftrt_r4_26
                0x06020ddc                __ashiftrt_r4_22
                0x06020de8                __ashiftrt_r4_16
                0x06020df4                __ashiftrt_r4_12
                0x06020dc8                __ashiftrt_r4_29
                0x06020de6                __ashiftrt_r4_17
                0x06020dc6                __ashiftrt_r4_30
                0x06020e02                __ashiftrt_r4_5
                0x06020dfc                __ashiftrt_r4_8
                0x06020dc0                __ashiftrt_r4_32
                0x06020dd0                __ashiftrt_r4_25
                0x06020e08                __ashiftrt_r4_2
                0x06020dd2                __ashiftrt_r4_24
                0x06020dee                __ashiftrt_r4_15
                0x06020df8                __ashiftrt_r4_10
                0x06020e0a                __ashiftrt_r4_1
                0x06020dca                __ashiftrt_r4_28
                0x06020de0                __ashiftrt_r4_20
                0x06020dfe                __ashiftrt_r4_7
                0x06020df2                __ashiftrt_r4_13
                0x06020df6                __ashiftrt_r4_11
                0x06020e04                __ashiftrt_r4_4
                0x06020dda                __ashiftrt_r4_23
                0x06020de4                __ashiftrt_r4_18
                0x06020dde                __ashiftrt_r4_21
                0x06020e06                __ashiftrt_r4_3
 .text          0x06020e20       0x90 C:/saturn/SH_COFF/sh-coff/bin/../lib/gcc/sh-coff/3.4-GNUSH_v0501\libgcc.a(_ashiftlt.o)
                0x06020e20                __ashlsi3
 .text          0x06020eb0       0xb0 C:/saturn/SH_COFF/sh-coff/bin/../lib/gcc/sh-coff/3.4-GNUSH_v0501\libgcc.a(_movstr.o)
                0x06020ef0                __movstrSI16
                0x06020ec4                __movstrSI60
                0x06020ed0                __movstrSI48
                0x06020ecc                __movstrSI52
                0x06020ec0                __movstrSI64
                0x06020ed4                __movstrSI44
                0x06020ed8                __movstrSI40
                0x06020edc                __movstrSI36
                0x06020f10                __movstr
                0x06020ec8                __movstrSI56
                0x06020ee4                __movstrSI28
                0x06020ee0                __movstrSI32
                0x06020ef4                __movstrSI12
                0x06020ef8                __movstrSI8
                0x06020f00                __movstrSI0
                0x06020ee8                __movstrSI24
                0x06020eec                __movstrSI20
                0x06020efc                __movstrSI4
 .text          0x06020f60       0xa0 C:/saturn/SH_COFF/sh-coff/bin/../lib/gcc/sh-coff/3.4-GNUSH_v0501\libgcc.a(__main.o)
                0x06020fd4                __main
                0x06020f60                __do_global_dtors
                0x06020f94                __do_global_ctors
 .text          0x06021000       0x70 C:/saturn/SH_COFF/sh-coff/bin/../lib/gcc/sh-coff/3.4-GNUSH_v0501\libgcc.a(_udivsi3.o)
                0x06021022                __udivsi3
 .text          0x06021070       0xb0 C:/saturn/SH_COFF/sh-coff/bin/../lib/gcc/sh-coff/3.4-GNUSH_v0501\libgcc.a(_si_to_df.o)
                0x06021070                __floatsidf
 .text          0x06021120      0x2e0 C:/saturn/SH_COFF/sh-coff/bin/../lib/gcc/sh-coff/3.4-GNUSH_v0501\libgcc.a(_mul_df.o)
                0x06021130                __muldf3
 .text          0x06021400       0x80 C:/saturn/SH_COFF/sh-coff/bin/../lib/gcc/sh-coff/3.4-GNUSH_v0501\libgcc.a(_df_to_si.o)
                0x06021400                __fixdfsi
 .text          0x06021480       0xa0 C:/saturn/SH_COFF/sh-coff/bin/../lib/gcc/sh-coff/3.4-GNUSH_v0501\libgcc.a(_sdivsi3.o)
                0x06021480                __sdivsi3
 .text          0x06021520      0x220 C:/saturn/SH_COFF/sh-coff/bin/../lib/gcc/sh-coff/3.4-GNUSH_v0501\libgcc.a(_pack_df.o)
                0x06021530                __pack_d
 .text          0x06021740      0x120 C:/saturn/SH_COFF/sh-coff/bin/../lib/gcc/sh-coff/3.4-GNUSH_v0501\libgcc.a(_unpack_df.o)
                0x06021750                __unpack_d
 .text          0x06021860       0x20 C:/saturn/SH_COFF/sh-coff/bin/../lib/gcc/sh-coff/3.4-GNUSH_v0501\libgcc.a(_thenan_df.o)
                0x06021860                __thenan_df
 .text          0x06021880       0xd0 C:/saturn/SH_COFF/sh-coff/bin/../lib/gcc/sh-coff/3.4-GNUSH_v0501\libgcc.a(_muldi3.o)
                0x06021880                __muldi3
 .text          0x06021950       0x80 C:/saturn/SH_COFF/sh-coff/bin/../lib/gcc/sh-coff/3.4-GNUSH_v0501\libgcc.a(_lshrdi3.o)
                0x06021950                __lshrdi3
 .text          0x060219d0       0x80 C:/saturn/SH_COFF/sh-coff/bin/../lib/gcc/sh-coff/3.4-GNUSH_v0501\libgcc.a(_ashldi3.o)
                0x060219d0                __ashldi3
 .text          0x06021a50       0x30 C:/saturn/SH_COFF/sh-coff/bin/../lib/gcc/sh-coff/3.4-GNUSH_v0501\libgcc.a(_mulsi3.o)
                0x06021a50                __mulsi3
 .text          0x06021a80       0x90 C:/saturn/SH_COFF/sh-coff/bin/../lib/gcc/sh-coff/3.4-GNUSH_v0501\libgcc.a(_lshiftrt.o)
                0x06021a80                __lshrsi3
 .text          0x06021b10       0xa0 C:/saturn/SH_COFF/sh-coff/bin/../lib/gcc/sh-coff/3.4-GNUSH_v0501/../../../../sh-coff/lib\libc.a(memcpy.o)
                0x06021b10                memcpy
 .text          0x06021bb0       0x40 C:/saturn/SH_COFF/sh-coff/bin/../lib/gcc/sh-coff/3.4-GNUSH_v0501/../../../../sh-coff/lib\libc.a(memset.o)
                0x06021bb0                memset
 .text          0x06021bf0       0x60 C:/saturn/SH_COFF/sh-coff/bin/../lib/gcc/sh-coff/3.4-GNUSH_v0501/../../../../sh-coff/lib\libc.a(memcmp.o)
                0x06021bf0                memcmp
 .text          0x06021c50       0xb0 C:/saturn/SH_COFF/sh-coff/bin/../lib/gcc/sh-coff/3.4-GNUSH_v0501/../../../../sh-coff/lib\libc.a(strncmp.o)
                0x06021c50                strncmp
 .text          0x06021d00       0xa0 C:/saturn/SH_COFF/sh-coff/bin/../lib/gcc/sh-coff/3.4-GNUSH_v0501/../../../../sh-coff/lib\libc.a(strncpy.o)
                0x06021d00                strncpy
 .text          0x06021da0       0x90 C:/saturn/SH_COFF/sh-coff/bin/../lib/gcc/sh-coff/3.4-GNUSH_v0501/../../../../sh-coff/lib\libc.a(atexit.o)
                0x06021da0                atexit
 .text          0x06021e30       0x10 C:/saturn/SH_COFF/sh-coff/bin/../lib/gcc/sh-coff/3.4-GNUSH_v0501/../../../../sh-coff/lib\libc.a(impure.o)
                0x06021e30                _global_impure_ptr
 .text          0x06021e40       0x40 C:/saturn/SH_COFF/sh-coff/bin/../lib/gcc/sh-coff/3.4-GNUSH_v0501/../../../../sh-coff/lib\libc.a(malloc.o)
                0x06021e5c                free
                0x06021e40                malloc
 .text          0x06021e80      0x5b0 C:/saturn/SH_COFF/sh-coff/bin/../lib/gcc/sh-coff/3.4-GNUSH_v0501/../../../../sh-coff/lib\libc.a(mallocr.o)
                0x06021e80                _malloc_r
 .text          0x06022430      0x340 C:/saturn/SH_COFF/sh-coff/bin/../lib/gcc/sh-coff/3.4-GNUSH_v0501/../../../../sh-coff/lib\libc.a(freer.o)
                0x06022430                _malloc_trim_r
                0x06022524                _free_r
 .text          0x06022770       0x20 C:/saturn/SH_COFF/sh-coff/bin/../lib/gcc/sh-coff/3.4-GNUSH_v0501/../../../../sh-coff/lib\libc.a(mlock.o)
                0x06022770                __malloc_lock
                0x0602277c                __malloc_unlock
 .text          0x06022790       0x50 C:/saturn/SH_COFF/sh-coff/bin/../lib/gcc/sh-coff/3.4-GNUSH_v0501/../../../../sh-coff/lib\libc.a(sbrkr.o)
                0x06022790                _sbrk_r
 .text          0x060227e0      0x380 C:/saturn/SH_COFF/sh-coff/bin/../lib/gcc/sh-coff/3.4-GNUSH_v0501/../../../../sh-coff/lib\libc.a(syscalls.o)
                0x0602294c                _exit
                0x06022980                _getpid
                0x060229e8                _utime
                0x06022818                _write
                0x060227e0                _read
                0x06022934                _unlink
                0x060228fc                _open
                0x06022998                _stat
                0x06022940                isatty
                0x06022a18                _wait
                0x06022964                _kill
                0x060229b4                _chmod
                0x06022a48                _execv
                0x06022a2c                _execve
                0x06022b24                __setup_argv_and_call_main
                0x06022a80                _gettimeofday
                0x0602284c                _link
                0x0602298c                _raise
                0x06022918                _creat
                0x06022a60                _pipe
                0x060229cc                _chown
                0x060227fc                _lseek
                0x06022834                _close
                0x06022a74                _times
                0x060228e8                _fstat
                0x06022a04                _fork
                0x06022874                _sbrk
 .text          0x06022b60       0x20 C:/saturn/SH_COFF/sh-coff/bin/../lib/gcc/sh-coff/3.4-GNUSH_v0501/../../../../sh-coff/lib\libc.a(trap.o)
                0x06022b60                __trap34
 .text          0x06022b80       0x20 C:/saturn/SH_COFF/sh-coff/bin/../lib/gcc/sh-coff/3.4-GNUSH_v0501/../../../../sh-coff/lib\libc.a(abort.o)
                0x06022b80                abort
 .text          0x06022ba0      0x270 C:/saturn/SH_COFF/sh-coff/bin/../lib/gcc/sh-coff/3.4-GNUSH_v0501/../../../../sh-coff/lib\libc.a(signal.o)
                0x06022c60                _raise_r
                0x06022de8                __sigtramp
                0x06022d94                raise
                0x06022dd0                _init_signal
                0x06022d20                __sigtramp_r
                0x06022db0                signal
                0x06022bec                _signal_r
                0x06022ba0                _init_signal_r
 .text          0x06022e10       0x60 C:/saturn/SH_COFF/sh-coff/bin/../lib/gcc/sh-coff/3.4-GNUSH_v0501/../../../../sh-coff/lib\libc.a(signalr.o)
                0x06022e58                _getpid_r
                0x06022e10                _kill_r
 *(.strings)

.tors           0x06022e70        0x0
                0x06022e70                ___ctors = .
 *(.ctors)
                0x06022e70                ___ctors_end = .
                0x06022e70                ___dtors = .
 *(.dtors)
                0x06022e70                ___dtors_end = .

.data           0x06022e70     0x1530
                0x06022e70                STARTOF_R = .
 *(.data)
 .data          0x06022e70      0x400 ../sbl6/segasmp/per/smpclib/per_x1.o
 .data          0x06023270      0x420 graphics.o
                0x06023684                bg_num
                0x0602327c                bg_pal
                0x0602327a                map_width
                0x06023278                map_height
                0x06023270                map_name
                0x0602367c                bg_name
 .data          0x06023690       0x80 sprite.o
                0x060236d0                guy_name
                0x06023690                guy_pal
                0x060236da                guy_width
                0x060236d8                guy_height
                0x060236dc                guy_size
 .data          0x06023710       0x20 scroll.o
                0x06023710                CycleTb
                0x06023720                vram
 .data          0x06023730      0x400 ../sbl6/segalib/lib/sega_int.a(int.o)
 .data          0x06023b30       0x1c ../sbl6/segalib/lib/sega_spr.a(spr_slv.o)
                0x06023b38                SPR_SlaveParam
                0x06023b48                SPR_SMPC_SF
                0x06023b40                SPR_SMPC_COM
                0x06023b3c                SPR_SlaveSHEntry
                0x06023b34                SPR_SlaveState
                0x06023b30                SPR_SlaveCommand
                0x06023b44                SPR_SMPC_RET
 *fill*         0x06023b4c        0x4 00
 .data          0x06023b50       0x34 ../sbl6/segalib/lib/sega_spr.a(spr_1c.o)
                0x06023b50                SpInitialFlag
 *fill*         0x06023b84        0xc 00
 .data          0x06023b90       0x1c ../sbl6/segalib/lib/sega_scl.a(scl_vblv.o)
                0x06023b98                VBInterval
                0x06023ba0                ReqDisplayFlag
                0x06023b90                SpFrameChgMode
                0x06023b9c                VBIntervalCounter
                0x06023b94                SpFrameEraseMode
 *fill*         0x06023bac        0x4 00
 .data          0x06023bb0       0x36 ../sbl6/segalib/lib/sega_scl.a(scl_func.o)
                0x06023bc0                SclRotregBuff
                0x06023bbc                SclDisplayY
                0x06023bc4                SclRotateTableMode
                0x06023bb8                SclProcess
                0x06023bb4                SclCurSclNum
                0x06023bb0                SclLengthLsTbl
                0x06023bba                SclDisplayX
                0x06023bb2                SclLengthCsTbl
 *fill*         0x06023be6        0xa 00
 .data          0x06023bf0       0x18 ../sbl6/segalib/lib/sega_scl.a(scl_pri.o)
                0x06023bf4                SclRealSpPriNum
                0x06023c04                SclRealColOffset
                0x06023c00                SclRealBgColMix
                0x06023bfc                SclRealSpColMix
                0x06023bf8                SclRealBgPriNum
                0x06023bf0                SclRealOtherPri
 *fill*         0x06023c08        0x8 00
 .data          0x06023c10      0x380 C:/saturn/SH_COFF/sh-coff/bin/../lib/gcc/sh-coff/3.4-GNUSH_v0501/../../../../sh-coff/lib\libc.a(impure.o)
                0x06023f8c                _impure_ptr
 .data          0x06023f90      0x410 C:/saturn/SH_COFF/sh-coff/bin/../lib/gcc/sh-coff/3.4-GNUSH_v0501/../../../../sh-coff/lib\libc.a(mallocr.o)
                0x06023f98                __malloc_av_
                0x06023f94                __malloc_trim_threshold
                0x06023f90                __malloc_sbrk_base
                0x060243a0                SIZEOF_R = (. - STARTOF_R)
                0x060243a0                ENDOF_R = .

.bss            0x060243a0     0x7f94
                0x060243a0                STARTOF_B = .
 *(.bss)
 .bss           0x060243a0       0x10 vblank.o
                0x060243a4                PadData2E
                0x060243aa                PadData1
                0x060243a6                PadData2
                0x060243a8                PadData1E
                0x060243a0                __port
 .bss           0x060243b0       0xd0 ../sbl6/segasmp/per/smpclib/per_x2.o
 .bss           0x06024480       0x10 player.o
                0x06024484                anim_cursor
                0x06024480                bullet_lastframe
 .bss           0x06024490     0x3800 sprite.o
                0x06024490                num_sprites
 .bss           0x06027c90       0x40 scroll.o
                0x06027ca8                map_tiles_x
                0x06027cb0                scrolls_y
                0x06027c90                scroll_transition_state
                0x06027ca0                map_tiles_y
                0x06027c98                copy_modes
                0x06027cc0                scrolls_x
                0x06027c94                curr_map
 .bss           0x06027cd0       0x10 main.o
                0x06027cd0                frame
 .bss           0x06027ce0       0x6e ../sbl6/segalib/lib/sega_spr.a(spr_2c.o)
 *fill*         0x06027d4e        0x2 00
 .bss           0x06027d50        0x4 ../sbl6/segalib/lib/sega_scl.a(scl_vblv.o)
 *fill*         0x06027d54        0xc 00
 .bss           0x06027d60        0x4 ../sbl6/segalib/lib/sega_scl.a(scl_func.o)
 *fill*         0x06027d64        0xc 00
 .bss           0x06027d70       0x48 ../sbl6/segalib/lib/sega_scl.a(scl_ro00.o)
 *fill*         0x06027db8        0x8 00
 .bss           0x06027dc0       0x9c ../sbl6/segalib/lib/sega_per.a(per_prt.o)
 *fill*         0x06027e5c        0x4 00
 .bss           0x06027e60        0xc ../sbl6/segalib/lib/sega_sat.a(DMA_SCU1.o)
 *fill*         0x06027e6c        0x4 00
 .bss           0x06027e70        0xc ../sbl6/segalib/lib/sega_sat.a(gfs_trn.o)
 *fill*         0x06027e7c        0x4 00
 .bss           0x06027e80       0x20 ../sbl6/segalib/lib/sega_sat.a(DMA_SCU0.o)
 .bss           0x06027ea0        0x2 ../sbl6/segalib/lib/sega_sat.a(cdc_reg.o)
 *fill*         0x06027ea2        0xe 00
 .bss           0x06027eb0        0xc ../sbl6/segalib/lib/sega_sat.a(cdc_sub.o)
 *fill*         0x06027ebc        0x4 00
 .bss           0x06027ec0       0x10 C:/saturn/SH_COFF/sh-coff/bin/../lib/gcc/sh-coff/3.4-GNUSH_v0501\libgcc.a(__main.o)
 .bss           0x06027ed0       0x10 C:/saturn/SH_COFF/sh-coff/bin/../lib/gcc/sh-coff/3.4-GNUSH_v0501/../../../../sh-coff/lib\libc.a(atexit.o)
 .bss           0x06027ee0       0x40 C:/saturn/SH_COFF/sh-coff/bin/../lib/gcc/sh-coff/3.4-GNUSH_v0501/../../../../sh-coff/lib\libc.a(mallocr.o)
                0x06027f10                __malloc_top_pad
                0x06027ee0                __malloc_current_mallinfo
                0x06027f0c                __malloc_max_sbrked_mem
                0x06027f08                __malloc_max_total_mem
 .bss           0x06027f20       0x10 C:/saturn/SH_COFF/sh-coff/bin/../lib/gcc/sh-coff/3.4-GNUSH_v0501/../../../../sh-coff/lib\libc.a(syscalls.o)
 *(COMMON)
 COMMON         0x06027f30     0x1674 cd.o
                                  0x0 (size before relaxing)
                0x06027f30                dirname
                0x06028890                lib_work
                0x06029598                directory_table
 *fill*         0x060295a4        0xc 00
 COMMON         0x060295b0       0x36 player.o
                                  0x0 (size before relaxing)
                0x060295b0                player
                0x060295e4                bullet_direction
 *fill*         0x060295e6        0xa 00
 COMMON         0x060295f0      0x460 print.o
                                  0x0 (size before relaxing)
                0x060295f0                text
 COMMON         0x06029a50      0xc10 sprite.o
                                  0x0 (size before relaxing)
                0x06029a50                sprites
                0x06029e60                image_buf
 COMMON         0x0602a660      0x250 scroll.o
                                  0x0 (size before relaxing)
                0x0602a660                scfg3
                0x0602a6f0                scfg0
                0x0602a780                maps
                0x0602a790                scfg2
                0x0602a820                scfg1
                0x0602a8ac                tilemaps
 COMMON         0x0602a8b0        0x8 main.o
                                  0x0 (size before relaxing)
                0x0602a8b0                buf
 *fill*         0x0602a8b8        0x8 00
 COMMON         0x0602a8c0      0x400 ../sbl6/segalib/lib/sega_int.a(int.o)
                                  0x0 (size before relaxing)
                0x0602a8c0                __interrupt_vector
 COMMON         0x0602acc0       0x50 ../sbl6/segalib/lib/sega_spr.a(spr_2c.o)
                                  0x0 (size before relaxing)
                0x0602acc0                SpMstCmd
                0x0602acc4                Sp2OpenFlag
                0x0602acc8                SpGourTblMax
                0x0602accc                SpDrawPrtyBlk
                0x0602acd0                SpLCoordX
                0x0602acd4                SpMstDrawPrtyBlk
                0x0602acd8                SpGourTbl
                0x0602acdc                SpLookupTblR
                0x0602ace0                SpCmdTbl
                0x0602ace4                SpCharMax
                0x0602ace8                SpDrawPrtyProcFlag
                0x0602acec                SpCmdNo
                0x0602acf0                SpDrawPrtyBlkMax
                0x0602acf4                SpSlvCmdPos
                0x0602acf8                SpSlvDrawPrtyBlk
                0x0602acfc                SpCharTbl
                0x0602ad00                SpCmdTblR
                0x0602ad04                SpMstCmdPos
                0x0602ad08                SpSlvCmd
                0x0602ad0c                SpLCoordY
 COMMON         0x0602ad10       0x10 ../sbl6/segalib/lib/sega_spr.a(spr_1c.o)
                                  0x0 (size before relaxing)
                0x0602ad10                SpScreenY
                0x0602ad14                SpFbcrMode
                0x0602ad16                SpDil
                0x0602ad18                SpDie
                0x0602ad1a                SpTvMode
                0x0602ad1c                SpScreenX
 COMMON         0x0602ad20      0xf00 ../sbl6/segalib/lib/sega_scl.a(scl_func.o)
                                  0x0 (size before relaxing)
                0x0602ad20                SclRbgKtbAddr
                0x0602ad28                SclRb
                0x0602ad2a                Scl_flag
                0x0602ad30                SclK_TableBuff
                0x0602ba00                SclAddrCsTbl
                0x0602ba10                Scl_s_reg
                0x0602ba38                SclRotateXy
                0x0602ba40                Scl_d_reg
                0x0602ba88                SclRotateDisp
                0x0602ba90                SclRotateMoveZ
                0x0602ba98                SclRotXySw
                0x0602baa0                Scl_r_reg
                0x0602bab0                SclRPMD
                0x0602bab8                SclRbgKtbOffset
                0x0602bac0                _SclRotregBuff
                0x0602bb90                SclRa
                0x0602bb98                SclRotateZ
                0x0602bba0                SclAddrLsTbl
                0x0602bba8                SclK_TableNum
                0x0602bbb0                SclRotateTableAddress
                0x0602bbb4                SclK_TableFlag
                0x0602bbc0                Scl_w_reg
                0x0602bbe0                Scl_n_reg
 COMMON         0x0602bc20      0x6b0 ../sbl6/segalib/lib/sega_scl.a(scl_pri.o)
                                  0x0 (size before relaxing)
                0x0602bc20                SclAutoEndBlue2
                0x0602bc30                SclColOffset
                0x0602bc40                SclPriBuffDirty
                0x0602bc42                SclAutoEndRed
                0x0602bc44                SclAutoSurface
                0x0602bc48                SclAutoGreen
                0x0602bc4a                SclAutoEndGreen
                0x0602bc4c                SclAutoCount
                0x0602bc50                SclColRamAlloc256
                0x0602bc70                SclAutoCurRate
                0x0602bc71                SclAutoPlusFlag
                0x0602bc78                SclSpColMix
                0x0602bc80                SclAutoMax
                0x0602bc84                SclLineColRamOffset
                0x0602bc88                SclColRamAlloc2048
                0x0602bc8c                SclBgPriNum
                0x0602bc92                SclAutoEndBlue
                0x0602bc94                SclAutoEndGreen2
                0x0602bc96                SclAutoVeFlag
                0x0602bc98                SclBgColMix
                0x0602bca0                SclAutoIndex
                0x0602bca4                SclAutoEndRate
                0x0602bca6                SclAutoBlue
                0x0602bca8                SclAutoRed
                0x0602bcac                SclAutoInterval
                0x0602bcb0                SclOtherPri
                0x0602bcc0                SclAutoRGB
                0x0602c2c0                SclAutoEndRed2
                0x0602c2c8                SclSpPriNum
 COMMON         0x0602c2d0       0x10 ../sbl6/segalib/lib/sega_scl.a(scl_ro00.o)
                                  0x0 (size before relaxing)
                0x0602c2d0                SclCsx
                0x0602c2d8                SclCsy
 COMMON         0x0602c2e0       0x15 ../sbl6/segalib/lib/sega_per.a(per_prt.o)
                                  0x0 (size before relaxing)
                0x0602c2e0                per_get_time_flg
                0x0602c2e1                per_hot_res
                0x0602c2e2                per_set_sys_flg
                0x0602c2e4                per_get_time_adr
                0x0602c2e8                per_get_sys_data
                0x0602c2f4                per_time_out_flg
 *fill*         0x0602c2f5        0xb 00
 COMMON         0x0602c300        0xc ../sbl6/segalib/lib/sega_sat.a(gfs.o)
                                  0x0 (size before relaxing)
                0x0602c300                GFMC_base
                0x0602c304                gfs_mng_ptr
                0x0602c308                gfs_use_scudma
 *fill*         0x0602c30c        0x4 00
 COMMON         0x0602c310        0x8 ../sbl6/segalib/lib/sega_sat.a(gfs_cdf.o)
                                  0x0 (size before relaxing)
                0x0602c310                gfcf_fad
                0x0602c314                gfcf_stat
 *fill*         0x0602c318        0x8 00
 COMMON         0x0602c320        0xc ../sbl6/segalib/lib/sega_sat.a(gfs_cdc.o)
                                  0x0 (size before relaxing)
                0x0602c320                gfcd_fatal_err
                0x0602c324                gfcd_work
                0x0602c328                gfcd_playflag
 *fill*         0x0602c32c        0x4 00
 COMMON         0x0602c330        0x4 C:/saturn/SH_COFF/sh-coff/bin/../lib/gcc/sh-coff/3.4-GNUSH_v0501/../../../../sh-coff/lib\libc.a(syscalls.o)
                                  0x0 (size before relaxing)
                0x0602c330                errno
                0x0602c334                SIZEOF_B = (. - STARTOF_B)
                0x0602c334                ENDOF_B = .
                0x0602c334                _end = .
OUTPUT(main.cof coff-sh)

.comment        0x0602c340      0x460
 .comment       0x0602c340       0x20 ../sbl6/segasmp/lib/strt2_g.o
 .comment       0x0602c360       0x20 vblank.o
 .comment       0x0602c380       0x20 ../sbl6/segasmp/per/smpclib/per_x1.o
 .comment       0x0602c3a0       0x20 ../sbl6/segasmp/per/smpclib/per_x2.o
 .comment       0x0602c3c0       0x20 cd.o
 .comment       0x0602c3e0       0x20 graphics.o
 .comment       0x0602c400       0x20 player.o
 .comment       0x0602c420       0x20 print.o
 .comment       0x0602c440       0x20 sprite.o
 .comment       0x0602c460       0x20 scroll.o
 .comment       0x0602c480       0x20 main.o
 .comment       0x0602c4a0       0x20 C:/saturn/SH_COFF/sh-coff/bin/../lib/gcc/sh-coff/3.4-GNUSH_v0501\libgcc.a(__main.o)
 .comment       0x0602c4c0       0x20 C:/saturn/SH_COFF/sh-coff/bin/../lib/gcc/sh-coff/3.4-GNUSH_v0501\libgcc.a(_si_to_df.o)
 .comment       0x0602c4e0       0x20 C:/saturn/SH_COFF/sh-coff/bin/../lib/gcc/sh-coff/3.4-GNUSH_v0501\libgcc.a(_mul_df.o)
 .comment       0x0602c500       0x20 C:/saturn/SH_COFF/sh-coff/bin/../lib/gcc/sh-coff/3.4-GNUSH_v0501\libgcc.a(_df_to_si.o)
 .comment       0x0602c520       0x20 C:/saturn/SH_COFF/sh-coff/bin/../lib/gcc/sh-coff/3.4-GNUSH_v0501\libgcc.a(_pack_df.o)
 .comment       0x0602c540       0x20 C:/saturn/SH_COFF/sh-coff/bin/../lib/gcc/sh-coff/3.4-GNUSH_v0501\libgcc.a(_unpack_df.o)
 .comment       0x0602c560       0x20 C:/saturn/SH_COFF/sh-coff/bin/../lib/gcc/sh-coff/3.4-GNUSH_v0501\libgcc.a(_thenan_df.o)
 .comment       0x0602c580       0x20 C:/saturn/SH_COFF/sh-coff/bin/../lib/gcc/sh-coff/3.4-GNUSH_v0501\libgcc.a(_muldi3.o)
 .comment       0x0602c5a0       0x20 C:/saturn/SH_COFF/sh-coff/bin/../lib/gcc/sh-coff/3.4-GNUSH_v0501\libgcc.a(_lshrdi3.o)
 .comment       0x0602c5c0       0x20 C:/saturn/SH_COFF/sh-coff/bin/../lib/gcc/sh-coff/3.4-GNUSH_v0501\libgcc.a(_ashldi3.o)
 .comment       0x0602c5e0       0x20 C:/saturn/SH_COFF/sh-coff/bin/../lib/gcc/sh-coff/3.4-GNUSH_v0501/../../../../sh-coff/lib\libc.a(memcmp.o)
 .comment       0x0602c600       0x20 C:/saturn/SH_COFF/sh-coff/bin/../lib/gcc/sh-coff/3.4-GNUSH_v0501/../../../../sh-coff/lib\libc.a(strncmp.o)
 .comment       0x0602c620       0x20 C:/saturn/SH_COFF/sh-coff/bin/../lib/gcc/sh-coff/3.4-GNUSH_v0501/../../../../sh-coff/lib\libc.a(strncpy.o)
 .comment       0x0602c640       0x20 C:/saturn/SH_COFF/sh-coff/bin/../lib/gcc/sh-coff/3.4-GNUSH_v0501/../../../../sh-coff/lib\libc.a(atexit.o)
 .comment       0x0602c660       0x20 C:/saturn/SH_COFF/sh-coff/bin/../lib/gcc/sh-coff/3.4-GNUSH_v0501/../../../../sh-coff/lib\libc.a(impure.o)
 .comment       0x0602c680       0x20 C:/saturn/SH_COFF/sh-coff/bin/../lib/gcc/sh-coff/3.4-GNUSH_v0501/../../../../sh-coff/lib\libc.a(malloc.o)
 .comment       0x0602c6a0       0x20 C:/saturn/SH_COFF/sh-coff/bin/../lib/gcc/sh-coff/3.4-GNUSH_v0501/../../../../sh-coff/lib\libc.a(mallocr.o)
 .comment       0x0602c6c0       0x20 C:/saturn/SH_COFF/sh-coff/bin/../lib/gcc/sh-coff/3.4-GNUSH_v0501/../../../../sh-coff/lib\libc.a(freer.o)
 .comment       0x0602c6e0       0x20 C:/saturn/SH_COFF/sh-coff/bin/../lib/gcc/sh-coff/3.4-GNUSH_v0501/../../../../sh-coff/lib\libc.a(mlock.o)
 .comment       0x0602c700       0x20 C:/saturn/SH_COFF/sh-coff/bin/../lib/gcc/sh-coff/3.4-GNUSH_v0501/../../../../sh-coff/lib\libc.a(sbrkr.o)
 .comment       0x0602c720       0x20 C:/saturn/SH_COFF/sh-coff/bin/../lib/gcc/sh-coff/3.4-GNUSH_v0501/../../../../sh-coff/lib\libc.a(syscalls.o)
 .comment       0x0602c740       0x20 C:/saturn/SH_COFF/sh-coff/bin/../lib/gcc/sh-coff/3.4-GNUSH_v0501/../../../../sh-coff/lib\libc.a(abort.o)
 .comment       0x0602c760       0x20 C:/saturn/SH_COFF/sh-coff/bin/../lib/gcc/sh-coff/3.4-GNUSH_v0501/../../../../sh-coff/lib\libc.a(signal.o)
 .comment       0x0602c780       0x20 C:/saturn/SH_COFF/sh-coff/bin/../lib/gcc/sh-coff/3.4-GNUSH_v0501/../../../../sh-coff/lib\libc.a(signalr.o)
