Archive member included because of file (symbol)

../sbl6/segalib/lib/sega_int.a(int.o)
                              vblank.o (INT_SetScuFunc)
../sbl6/segalib/lib/sega_int.a(int_trmp.o)
                              ../sbl6/segalib/lib/sega_int.a(int.o) (__interrupt_handler0)
../sbl6/segalib/lib/sega_spr.a(spr_2c.o)
                              main.o (SPR_2Initial)
../sbl6/segalib/lib/sega_spr.a(spr_slv.o)
                              ../sbl6/segalib/lib/sega_spr.a(spr_2c.o) (SPR_InitSlaveSH)
../sbl6/segalib/lib/sega_spr.a(spr_1c.o)
                              ../sbl6/segalib/lib/sega_spr.a(spr_2c.o) (SPR_Initial)
../sbl6/segalib/lib/sega_spr.a(spr_2a.o)
                              ../sbl6/segalib/lib/sega_spr.a(spr_2c.o) (SPR_2SetDrawPrty)
../sbl6/segalib/lib/sega_scl.a(scl_vblv.o)
                              ../sbl6/segalib/lib/sega_spr.a(spr_1c.o) (SpFrameChgMode)
../sbl6/segalib/lib/sega_scl.a(scl_func.o)
                              main.o (SCL_Vdp2Init)
../sbl6/segalib/lib/sega_scl.a(scl_pr03.o)
                              scroll.o (SCL_AllocColRam)
../sbl6/segalib/lib/sega_scl.a(scl_pr02.o)
                              scroll.o (SCL_SetColRam)
../sbl6/segalib/lib/sega_scl.a(scl_back.o)
                              scroll.o (SCL_SetBack)
../sbl6/segalib/lib/sega_scl.a(scl_fu03.o)
                              scroll.o (SCL_InitConfigTb)
../sbl6/segalib/lib/sega_scl.a(scl_fu02.o)
                              scroll.o (SCL_InitVramConfigTb)
../sbl6/segalib/lib/sega_scl.a(scl_fu04.o)
                              scroll.o (SCL_SetCycleTable)
../sbl6/segalib/lib/sega_scl.a(scl_pr07.o)
                              main.o (SCL_SetPriority)
../sbl6/segalib/lib/sega_scl.a(scl_pr01.o)
                              main.o (SCL_SetSpriteMode)
../sbl6/segalib/lib/sega_scl.a(scl_pri.o)
                              ../sbl6/segalib/lib/sega_scl.a(scl_func.o) (SclRealOtherPri)
../sbl6/segalib/lib/sega_scl.a(scl_ro00.o)
                              ../sbl6/segalib/lib/sega_scl.a(scl_func.o) (SCL_Rotate)
../sbl6/segalib/lib/sega_scl.a(scl_pr06.o)
                              ../sbl6/segalib/lib/sega_scl.a(scl_pr03.o) (SCL_SetColRamOffset)
../sbl6/segalib/lib/sega_scl.a(scl_pr05.o)
                              ../sbl6/segalib/lib/sega_scl.a(scl_pr02.o) (SCL_GetColRamOffset)
../sbl6/segalib/lib/sega_mth.a(mth_fixd.o)
                              sprite.o (MTH_Mul)
../sbl6/segalib/lib/sega_mth.a(mth_tri.o)
                              sprite.o (MTH_Sin)
../sbl6/segalib/lib/sega_per.a(per_prt.o)
                              ../sbl6/segasmp/per/smpclib/per_x2.o (PER_LInit)
../sbl6/segalib/lib/sega_sat.a(DMA_SCU1.o)
                              ../sbl6/segalib/lib/sega_spr.a(spr_2c.o) (DMA_ScuMemCopy)
../sbl6/segalib/lib/sega_sat.a(DMA_SCU0.o)
                              ../sbl6/segalib/lib/sega_sat.a(DMA_SCU1.o) (DMA_ScuSetPrm)
../sbl6/segalib/lib/sega_sat.a(csh_main.o)
                              ../sbl6/segalib/lib/sega_sat.a(DMA_SCU1.o) (CSH_Purge)
c:/saturn/SH_COFF/sh-coff/bin/../lib/gcc/sh-coff/3.4-GNUSH_v0501\libgcc.a(_ashiftlt.o)
                              scroll.o (__ashlsi3)
c:/saturn/SH_COFF/sh-coff/bin/../lib/gcc/sh-coff/3.4-GNUSH_v0501\libgcc.a(__main.o)
                              main.o (__main)
c:/saturn/SH_COFF/sh-coff/bin/../lib/gcc/sh-coff/3.4-GNUSH_v0501\libgcc.a(_udivsi3.o)
                              ../sbl6/segalib/lib/sega_scl.a(scl_fu03.o) (__udivsi3)
c:/saturn/SH_COFF/sh-coff/bin/../lib/gcc/sh-coff/3.4-GNUSH_v0501\libgcc.a(_ashiftrt.o)
                              ../sbl6/segalib/lib/sega_scl.a(scl_ro00.o) (__ashiftrt_r4_6)
c:/saturn/SH_COFF/sh-coff/bin/../lib/gcc/sh-coff/3.4-GNUSH_v0501\libgcc.a(_si_to_df.o)
                              ../sbl6/segalib/lib/sega_scl.a(scl_ro00.o) (__floatsidf)
c:/saturn/SH_COFF/sh-coff/bin/../lib/gcc/sh-coff/3.4-GNUSH_v0501\libgcc.a(_mul_df.o)
                              ../sbl6/segalib/lib/sega_scl.a(scl_ro00.o) (__muldf3)
c:/saturn/SH_COFF/sh-coff/bin/../lib/gcc/sh-coff/3.4-GNUSH_v0501\libgcc.a(_df_to_si.o)
                              ../sbl6/segalib/lib/sega_scl.a(scl_ro00.o) (__fixdfsi)
c:/saturn/SH_COFF/sh-coff/bin/../lib/gcc/sh-coff/3.4-GNUSH_v0501\libgcc.a(_pack_df.o)
                              c:/saturn/SH_COFF/sh-coff/bin/../lib/gcc/sh-coff/3.4-GNUSH_v0501\libgcc.a(_si_to_df.o) (__pack_d)
c:/saturn/SH_COFF/sh-coff/bin/../lib/gcc/sh-coff/3.4-GNUSH_v0501\libgcc.a(_unpack_df.o)
                              c:/saturn/SH_COFF/sh-coff/bin/../lib/gcc/sh-coff/3.4-GNUSH_v0501\libgcc.a(_mul_df.o) (__unpack_d)
c:/saturn/SH_COFF/sh-coff/bin/../lib/gcc/sh-coff/3.4-GNUSH_v0501\libgcc.a(_thenan_df.o)
                              c:/saturn/SH_COFF/sh-coff/bin/../lib/gcc/sh-coff/3.4-GNUSH_v0501\libgcc.a(_mul_df.o) (__thenan_df)
c:/saturn/SH_COFF/sh-coff/bin/../lib/gcc/sh-coff/3.4-GNUSH_v0501\libgcc.a(_muldi3.o)
                              c:/saturn/SH_COFF/sh-coff/bin/../lib/gcc/sh-coff/3.4-GNUSH_v0501\libgcc.a(_mul_df.o) (__muldi3)
c:/saturn/SH_COFF/sh-coff/bin/../lib/gcc/sh-coff/3.4-GNUSH_v0501\libgcc.a(_lshrdi3.o)
                              c:/saturn/SH_COFF/sh-coff/bin/../lib/gcc/sh-coff/3.4-GNUSH_v0501\libgcc.a(_df_to_si.o) (__lshrdi3)
c:/saturn/SH_COFF/sh-coff/bin/../lib/gcc/sh-coff/3.4-GNUSH_v0501\libgcc.a(_ashldi3.o)
                              c:/saturn/SH_COFF/sh-coff/bin/../lib/gcc/sh-coff/3.4-GNUSH_v0501\libgcc.a(_pack_df.o) (__ashldi3)
c:/saturn/SH_COFF/sh-coff/bin/../lib/gcc/sh-coff/3.4-GNUSH_v0501\libgcc.a(_mulsi3.o)
                              c:/saturn/SH_COFF/sh-coff/bin/../lib/gcc/sh-coff/3.4-GNUSH_v0501\libgcc.a(_muldi3.o) (__mulsi3)
c:/saturn/SH_COFF/sh-coff/bin/../lib/gcc/sh-coff/3.4-GNUSH_v0501\libgcc.a(_lshiftrt.o)
                              c:/saturn/SH_COFF/sh-coff/bin/../lib/gcc/sh-coff/3.4-GNUSH_v0501\libgcc.a(_lshrdi3.o) (__lshrsi3)
c:/saturn/SH_COFF/sh-coff/bin/../lib/gcc/sh-coff/3.4-GNUSH_v0501/../../../../sh-coff/lib\libc.a(memcpy.o)
                              scroll.o (memcpy)
c:/saturn/SH_COFF/sh-coff/bin/../lib/gcc/sh-coff/3.4-GNUSH_v0501/../../../../sh-coff/lib\libc.a(memset.o)
                              ../sbl6/segalib/lib/sega_spr.a(spr_2c.o) (memset)
c:/saturn/SH_COFF/sh-coff/bin/../lib/gcc/sh-coff/3.4-GNUSH_v0501/../../../../sh-coff/lib\libc.a(atexit.o)
                              c:/saturn/SH_COFF/sh-coff/bin/../lib/gcc/sh-coff/3.4-GNUSH_v0501\libgcc.a(__main.o) (atexit)
c:/saturn/SH_COFF/sh-coff/bin/../lib/gcc/sh-coff/3.4-GNUSH_v0501/../../../../sh-coff/lib\libc.a(impure.o)
                              c:/saturn/SH_COFF/sh-coff/bin/../lib/gcc/sh-coff/3.4-GNUSH_v0501/../../../../sh-coff/lib\libc.a(atexit.o) (_impure_ptr)
c:/saturn/SH_COFF/sh-coff/bin/../lib/gcc/sh-coff/3.4-GNUSH_v0501/../../../../sh-coff/lib\libc.a(malloc.o)
                              c:/saturn/SH_COFF/sh-coff/bin/../lib/gcc/sh-coff/3.4-GNUSH_v0501/../../../../sh-coff/lib\libc.a(atexit.o) (malloc)
c:/saturn/SH_COFF/sh-coff/bin/../lib/gcc/sh-coff/3.4-GNUSH_v0501/../../../../sh-coff/lib\libc.a(mallocr.o)
                              c:/saturn/SH_COFF/sh-coff/bin/../lib/gcc/sh-coff/3.4-GNUSH_v0501/../../../../sh-coff/lib\libc.a(malloc.o) (_malloc_r)
c:/saturn/SH_COFF/sh-coff/bin/../lib/gcc/sh-coff/3.4-GNUSH_v0501/../../../../sh-coff/lib\libc.a(freer.o)
                              c:/saturn/SH_COFF/sh-coff/bin/../lib/gcc/sh-coff/3.4-GNUSH_v0501/../../../../sh-coff/lib\libc.a(malloc.o) (_free_r)
c:/saturn/SH_COFF/sh-coff/bin/../lib/gcc/sh-coff/3.4-GNUSH_v0501/../../../../sh-coff/lib\libc.a(mlock.o)
                              c:/saturn/SH_COFF/sh-coff/bin/../lib/gcc/sh-coff/3.4-GNUSH_v0501/../../../../sh-coff/lib\libc.a(mallocr.o) (__malloc_lock)
c:/saturn/SH_COFF/sh-coff/bin/../lib/gcc/sh-coff/3.4-GNUSH_v0501/../../../../sh-coff/lib\libc.a(sbrkr.o)
                              c:/saturn/SH_COFF/sh-coff/bin/../lib/gcc/sh-coff/3.4-GNUSH_v0501/../../../../sh-coff/lib\libc.a(mallocr.o) (_sbrk_r)
c:/saturn/SH_COFF/sh-coff/bin/../lib/gcc/sh-coff/3.4-GNUSH_v0501/../../../../sh-coff/lib\libc.a(syscalls.o)
                              c:/saturn/SH_COFF/sh-coff/bin/../lib/gcc/sh-coff/3.4-GNUSH_v0501/../../../../sh-coff/lib\libc.a(sbrkr.o) (_sbrk)
c:/saturn/SH_COFF/sh-coff/bin/../lib/gcc/sh-coff/3.4-GNUSH_v0501/../../../../sh-coff/lib\libc.a(trap.o)
                              c:/saturn/SH_COFF/sh-coff/bin/../lib/gcc/sh-coff/3.4-GNUSH_v0501/../../../../sh-coff/lib\libc.a(syscalls.o) (__trap34)
c:/saturn/SH_COFF/sh-coff/bin/../lib/gcc/sh-coff/3.4-GNUSH_v0501/../../../../sh-coff/lib\libc.a(abort.o)
                              c:/saturn/SH_COFF/sh-coff/bin/../lib/gcc/sh-coff/3.4-GNUSH_v0501/../../../../sh-coff/lib\libc.a(syscalls.o) (abort)
c:/saturn/SH_COFF/sh-coff/bin/../lib/gcc/sh-coff/3.4-GNUSH_v0501/../../../../sh-coff/lib\libc.a(signal.o)
                              c:/saturn/SH_COFF/sh-coff/bin/../lib/gcc/sh-coff/3.4-GNUSH_v0501/../../../../sh-coff/lib\libc.a(abort.o) (raise)
c:/saturn/SH_COFF/sh-coff/bin/../lib/gcc/sh-coff/3.4-GNUSH_v0501/../../../../sh-coff/lib\libc.a(signalr.o)
                              c:/saturn/SH_COFF/sh-coff/bin/../lib/gcc/sh-coff/3.4-GNUSH_v0501/../../../../sh-coff/lib\libc.a(signal.o) (_kill_r)

Allocating common symbols
Common symbol       size              file

SclRbgKtbAddr       0x8               ../sbl6/segalib/lib/sega_scl.a(scl_func.o)
sprites             0x1900            sprite.o
SpMstCmd            0x4               ../sbl6/segalib/lib/sega_spr.a(spr_2c.o)
SclRb               0x1               ../sbl6/segalib/lib/sega_scl.a(scl_func.o)
Scl_flag            0x2               ../sbl6/segalib/lib/sega_scl.a(scl_func.o)
per_get_time_flg    0x1               ../sbl6/segalib/lib/sega_per.a(per_prt.o)
SpScreenY           0x4               ../sbl6/segalib/lib/sega_spr.a(spr_1c.o)
SclK_TableBuff      0xcd0             ../sbl6/segalib/lib/sega_scl.a(scl_func.o)
SclAutoEndBlue2     0x2               ../sbl6/segalib/lib/sega_scl.a(scl_pri.o)
SpFbcrMode          0x2               ../sbl6/segalib/lib/sega_spr.a(spr_1c.o)
Sp2OpenFlag         0x4               ../sbl6/segalib/lib/sega_spr.a(spr_2c.o)
SclColOffset        0x10              ../sbl6/segalib/lib/sega_scl.a(scl_pri.o)
SclAddrCsTbl        0x8               ../sbl6/segalib/lib/sega_scl.a(scl_func.o)
SclPriBuffDirty     0x1               ../sbl6/segalib/lib/sega_scl.a(scl_pri.o)
SclAutoEndRed       0x2               ../sbl6/segalib/lib/sega_scl.a(scl_pri.o)
player              0x20              player.o
SclAutoSurface      0x4               ../sbl6/segalib/lib/sega_scl.a(scl_pri.o)
__interrupt_vector  0x400             ../sbl6/segalib/lib/sega_int.a(int.o)
per_hot_res         0x1               ../sbl6/segalib/lib/sega_per.a(per_prt.o)
SclCsx              0x8               ../sbl6/segalib/lib/sega_scl.a(scl_ro00.o)
Scl_s_reg           0x28              ../sbl6/segalib/lib/sega_scl.a(scl_func.o)
SclAutoGreen        0x2               ../sbl6/segalib/lib/sega_scl.a(scl_pri.o)
SclAutoEndGreen     0x2               ../sbl6/segalib/lib/sega_scl.a(scl_pri.o)
SclAutoCount        0x4               ../sbl6/segalib/lib/sega_scl.a(scl_pri.o)
SpGourTblMax        0x4               ../sbl6/segalib/lib/sega_spr.a(spr_2c.o)
SclColRamAlloc256   0x20              ../sbl6/segalib/lib/sega_scl.a(scl_pri.o)
SclRotateXy         0x8               ../sbl6/segalib/lib/sega_scl.a(scl_func.o)
SpDrawPrtyBlk       0x4               ../sbl6/segalib/lib/sega_spr.a(spr_2c.o)
SclAutoCurRate      0x1               ../sbl6/segalib/lib/sega_scl.a(scl_pri.o)
SpLCoordX           0x4               ../sbl6/segalib/lib/sega_spr.a(spr_2c.o)
maps                0xc               scroll.o
SpMstDrawPrtyBlk    0x4               ../sbl6/segalib/lib/sega_spr.a(spr_2c.o)
SclAutoPlusFlag     0x1               ../sbl6/segalib/lib/sega_scl.a(scl_pri.o)
per_set_sys_flg     0x1               ../sbl6/segalib/lib/sega_per.a(per_prt.o)
Scl_d_reg           0x48              ../sbl6/segalib/lib/sega_scl.a(scl_func.o)
SclRotateDisp       0x8               ../sbl6/segalib/lib/sega_scl.a(scl_func.o)
SpGourTbl           0x4               ../sbl6/segalib/lib/sega_spr.a(spr_2c.o)
SclSpColMix         0x8               ../sbl6/segalib/lib/sega_scl.a(scl_pri.o)
SpDil               0x2               ../sbl6/segalib/lib/sega_spr.a(spr_1c.o)
SpLookupTblR        0x2               ../sbl6/segalib/lib/sega_spr.a(spr_2c.o)
SclAutoMax          0x4               ../sbl6/segalib/lib/sega_scl.a(scl_pri.o)
SpCmdTbl            0x4               ../sbl6/segalib/lib/sega_spr.a(spr_2c.o)
SclRotateMoveZ      0x8               ../sbl6/segalib/lib/sega_scl.a(scl_func.o)
SclLineColRamOffset
                    0x4               ../sbl6/segalib/lib/sega_scl.a(scl_pri.o)
SclRotXySw          0x4               ../sbl6/segalib/lib/sega_scl.a(scl_func.o)
per_get_time_adr    0x4               ../sbl6/segalib/lib/sega_per.a(per_prt.o)
SclColRamAlloc2048  0x4               ../sbl6/segalib/lib/sega_scl.a(scl_pri.o)
SclBgPriNum         0x6               ../sbl6/segalib/lib/sega_scl.a(scl_pri.o)
SpCharMax           0x4               ../sbl6/segalib/lib/sega_spr.a(spr_2c.o)
SpDrawPrtyProcFlag  0x4               ../sbl6/segalib/lib/sega_spr.a(spr_2c.o)
SclAutoEndBlue      0x2               ../sbl6/segalib/lib/sega_scl.a(scl_pri.o)
SpCmdNo             0x4               ../sbl6/segalib/lib/sega_spr.a(spr_2c.o)
SclAutoEndGreen2    0x2               ../sbl6/segalib/lib/sega_scl.a(scl_pri.o)
Scl_r_reg           0x10              ../sbl6/segalib/lib/sega_scl.a(scl_func.o)
SclRPMD             0x2               ../sbl6/segalib/lib/sega_scl.a(scl_func.o)
SpDrawPrtyBlkMax    0x4               ../sbl6/segalib/lib/sega_spr.a(spr_2c.o)
SpDie               0x2               ../sbl6/segalib/lib/sega_spr.a(spr_1c.o)
SclAutoVeFlag       0x1               ../sbl6/segalib/lib/sega_scl.a(scl_pri.o)
SclBgColMix         0x8               ../sbl6/segalib/lib/sega_scl.a(scl_pri.o)
text                0x460             print.o
SpSlvCmdPos         0x4               ../sbl6/segalib/lib/sega_spr.a(spr_2c.o)
per_get_sys_data    0xc               ../sbl6/segalib/lib/sega_per.a(per_prt.o)
SclRbgKtbOffset     0x8               ../sbl6/segalib/lib/sega_scl.a(scl_func.o)
SclAutoIndex        0x4               ../sbl6/segalib/lib/sega_scl.a(scl_pri.o)
SclAutoEndRate      0x1               ../sbl6/segalib/lib/sega_scl.a(scl_pri.o)
SpSlvDrawPrtyBlk    0x4               ../sbl6/segalib/lib/sega_spr.a(spr_2c.o)
_SclRotregBuff      0xd0              ../sbl6/segalib/lib/sega_scl.a(scl_func.o)
SclAutoBlue         0x2               ../sbl6/segalib/lib/sega_scl.a(scl_pri.o)
SpTvMode            0x2               ../sbl6/segalib/lib/sega_spr.a(spr_1c.o)
SpScreenX           0x4               ../sbl6/segalib/lib/sega_spr.a(spr_1c.o)
SclRa               0x1               ../sbl6/segalib/lib/sega_scl.a(scl_func.o)
SclRotateZ          0x8               ../sbl6/segalib/lib/sega_scl.a(scl_func.o)
SpCharTbl           0x4               ../sbl6/segalib/lib/sega_spr.a(spr_2c.o)
SclAddrLsTbl        0x8               ../sbl6/segalib/lib/sega_scl.a(scl_func.o)
SclK_TableNum       0x8               ../sbl6/segalib/lib/sega_scl.a(scl_func.o)
SclAutoRed          0x2               ../sbl6/segalib/lib/sega_scl.a(scl_pri.o)
SpCmdTblR           0x2               ../sbl6/segalib/lib/sega_spr.a(spr_2c.o)
SclAutoInterval     0x4               ../sbl6/segalib/lib/sega_scl.a(scl_pri.o)
SclOtherPri         0x10              ../sbl6/segalib/lib/sega_scl.a(scl_pri.o)
per_time_out_flg    0x1               ../sbl6/segalib/lib/sega_per.a(per_prt.o)
SclRotateTableAddress
                    0x4               ../sbl6/segalib/lib/sega_scl.a(scl_func.o)
SpMstCmdPos         0x4               ../sbl6/segalib/lib/sega_spr.a(spr_2c.o)
SpSlvCmd            0x4               ../sbl6/segalib/lib/sega_spr.a(spr_2c.o)
SclAutoRGB          0x600             ../sbl6/segalib/lib/sega_scl.a(scl_pri.o)
errno               0x4               c:/saturn/SH_COFF/sh-coff/bin/../lib/gcc/sh-coff/3.4-GNUSH_v0501/../../../../sh-coff/lib\libc.a(syscalls.o)
SclK_TableFlag      0x4               ../sbl6/segalib/lib/sega_scl.a(scl_func.o)
SclAutoEndRed2      0x2               ../sbl6/segalib/lib/sega_scl.a(scl_pri.o)
SclCsy              0x8               ../sbl6/segalib/lib/sega_scl.a(scl_ro00.o)
SclSpPriNum         0x8               ../sbl6/segalib/lib/sega_scl.a(scl_pri.o)
Scl_w_reg           0x20              ../sbl6/segalib/lib/sega_scl.a(scl_func.o)
SpLCoordY           0x4               ../sbl6/segalib/lib/sega_spr.a(spr_2c.o)
Scl_n_reg           0x40              ../sbl6/segalib/lib/sega_scl.a(scl_func.o)

Memory Configuration

Name             Origin             Length             Attributes
*default*        0x00000000         0xffffffff

Linker script and memory map

LOAD ../sbl6/segasmp/lib/strt1_g.o
LOAD ../sbl6/segasmp/lib/strt2_g.o
LOAD vblank.o
LOAD ../sbl6/segasmp/per/smpclib/per_x1.o
LOAD ../sbl6/segasmp/per/smpclib/per_x2.o
LOAD ../sbl6/segasmp/per/smpclib/per_x3.o
LOAD graphics.o
LOAD sprite.o
LOAD scroll.o
LOAD player.o
LOAD print.o
LOAD main.o
LOAD ../sbl6/segalib/lib/sega_int.a
LOAD ../sbl6/segalib/lib/sega_spr.a
LOAD ../sbl6/segalib/lib/sega_scl.a
LOAD ../sbl6/segalib/lib/sega_mth.a
LOAD ../sbl6/segalib/lib/sega_cdc.a
LOAD ../sbl6/segalib/lib/sega_adp.a
LOAD ../sbl6/segalib/lib/sega_per.a
LOAD ../sbl6/segalib/lib/sega_sat.a
LOAD c:/saturn/SH_COFF/sh-coff/bin/../lib/gcc/sh-coff/3.4-GNUSH_v0501\libgcc.a
LOAD c:/saturn/SH_COFF/sh-coff/bin/../lib/gcc/sh-coff/3.4-GNUSH_v0501/../../../../sh-coff/lib\libc.a
LOAD c:/saturn/SH_COFF/sh-coff/bin/../lib/gcc/sh-coff/3.4-GNUSH_v0501\libgcc.a

.text           0x06010000    0x15a10
 *(.text)
 .text          0x06010000       0x30 ../sbl6/segasmp/lib/strt1_g.o
                0x06010024                _D_END
                0x06010020                _D_BGN
                0x0601002c                _B_END
                0x06010028                _B_BGN
                0x06010000                START
 .text          0x06010030       0x60 ../sbl6/segasmp/lib/strt2_g.o
                0x06010050                _INITSCT
                0x06010030                _INIT
 .text          0x06010090      0x4b0 vblank.o
                0x06010090                SetVblank
                0x06010440                UsrVblankOut
                0x060100f0                UsrVblankIn
 .text          0x06010540      0x430 ../sbl6/segasmp/per/smpclib/per_x1.o
                0x060108d4                PER_GetAnalogXYZ
                0x06010564                PER_GetTriggerHandler
                0x060107fe                PER_GetEdge
                0x0601077c                PER_GetTrigger
                0x06010828                PER_GetPressEdge
                0x0601087c                PER_GetReleaseEdge
                0x06010540                PER_SetTriggerHandler
 .text          0x06010970      0x200 ../sbl6/segasmp/per/smpclib/per_x2.o
                0x06010a74                PER_GetDeviceA
                0x06010970                PER_OpenPort
                0x060109a8                PER_GetPort
                0x06010aee                PER_GetDeviceR
 .text          0x06010b70       0x20 ../sbl6/segasmp/per/smpclib/per_x3.o
                0x06010b70                PER_DisguiseTrigger
 .text          0x06010b90     0x9e50 graphics.o
                0x0601a5dc                font3
                0x0601a8dc                font0
                0x060197dc                guy0
                0x06019fdc                font9
                0x060177dc                guyback1
                0x06010b90                map1
                0x06017fdc                guyback0
                0x0601a4dc                font4
                0x0601a2dc                font6
                0x0601a7dc                font1
                0x06018fdc                guy1
                0x06012b90                wood_chr
                0x060167dc                guyside0
                0x06015390                wood_pal
                0x0601a1dc                font7
                0x06016fdc                guyback2
                0x06015fdc                guyside1
                0x060157dc                guyside2
                0x0601a6dc                font2
                0x0601a3dc                font5
                0x060187dc                guy2
                0x06015790                dimensions
                0x0601a0dc                font8
 .text          0x0601a9e0      0x380 sprite.o
                0x0601a9e0                draw_sprite
                0x0601acd0                next_sprite
                0x0601ac80                make_sprite
                0x0601ad30                delete_sprite
 .text          0x0601ad60      0x390 scroll.o
                0x0601b0b0                get_map_val
                0x0601b050                set_scroll
                0x0601aee0                move_scroll
                0x0601ad60                init_scroll
 .text          0x0601b0f0      0x370 player.o
                0x0601b0f0                player_side
                0x0601b100                player_down
                0x0601b0f8                player_up
                0x0601b148                states
                0x0601b290                player_input
                0x0601b170                player_init
                0x0601b108                diagonals
                0x0601b1c0                player_animate
 .text          0x0601b460      0x130 print.o
                0x0601b4f0                print_display
                0x0601b4a0                print_num
                0x0601b460                print_init
 .text          0x0601b590      0x140 main.o
                0x0601b590                main
 .text          0x0601b6d0       0x40 ../sbl6/segalib/lib/sega_int.a(int.o)
                0x0601b6fc                INT_GetScuFunc
                0x0601b6d0                INT_SetScuFunc
 .text          0x0601b710      0x624 ../sbl6/segalib/lib/sega_int.a(int_trmp.o)
                0x0601b878                __interrupt_handler60
                0x0601ba28                __interrupt_handler132
                0x0601bbde                __interrupt_handler205
                0x0601ba46                __interrupt_handler137
                0x0601b974                __interrupt_handler102
                0x0601b7b2                __interrupt_handler27
                0x0601bbb4                __interrupt_handler198
                0x0601baa6                __interrupt_handler153
                0x0601b78e                __interrupt_handler21
                0x0601b89c                __interrupt_handler66
                0x0601b98c                __interrupt_handler106
                0x0601bad6                __interrupt_handler161
                0x0601b920                __interrupt_handler88
                0x0601baee                __interrupt_handler165
                0x0601b9fe                __interrupt_handler125
                0x0601b734                __interrupt_handler6
                0x0601b7d0                __interrupt_handler32
                0x0601bb8a                __interrupt_handler191
                0x0601bca4                __interrupt_handler238
                0x0601bcbc                __interrupt_handler242
                0x0601bac4                __interrupt_handler158
                0x0601b92c                __interrupt_handler90
                0x0601bae8                __interrupt_handler164
                0x0601b80c                __interrupt_handler42
                0x0601bb4e                __interrupt_handler181
                0x0601bc56                __interrupt_handler225
                0x0601bcfe                __interrupt_handler253
                0x0601bb12                __interrupt_handler171
                0x0601b8cc                __interrupt_handler74
                0x0601b722                __interrupt_handler3
                0x0601b866                __interrupt_handler57
                0x0601b764                __interrupt_handler14
                0x0601bbfc                __interrupt_handler210
                0x0601bc2c                __interrupt_handler218
                0x0601bbf0                __interrupt_handler208
                0x0601b7f4                __interrupt_handler38
                0x0601b710                __interrupt_handler0
                0x0601b980                __interrupt_handler104
                0x0601babe                __interrupt_handler157
                0x0601bc0e                __interrupt_handler213
                0x0601bb00                __interrupt_handler168
                0x0601b90e                __interrupt_handler85
                0x0601b9aa                __interrupt_handler111
                0x0601b9bc                __interrupt_handler114
                0x0601b82a                __interrupt_handler47
                0x0601bc80                __interrupt_handler232
                0x0601bc4a                __interrupt_handler223
                0x0601bc9e                __interrupt_handler237
                0x0601b88a                __interrupt_handler63
                0x0601b818                __interrupt_handler44
                0x0601bb2a                __interrupt_handler175
                0x0601bb54                __interrupt_handler182
                0x0601bb6c                __interrupt_handler186
                0x0601ba6a                __interrupt_handler143
                0x0601b992                __interrupt_handler107
                0x0601b9f8                __interrupt_handler124
                0x0601bb18                __interrupt_handler172
                0x0601bcce                __interrupt_handler245
                0x0601b94a                __interrupt_handler95
                0x0601ba22                __interrupt_handler131
                0x0601ba34                __interrupt_handler134
                0x0601ba52                __interrupt_handler139
                0x0601b8c0                __interrupt_handler72
                0x0601bc7a                __interrupt_handler231
                0x0601bad0                __interrupt_handler160
                0x0601ba16                __interrupt_handler129
                0x0601b788                __interrupt_handler20
                0x0601b896                __interrupt_handler65
                0x0601b860                __interrupt_handler56
                0x0601b75e                __interrupt_handler13
                0x0601bbf6                __interrupt_handler209
                0x0601b9b0                __interrupt_handler112
                0x0601b782                __interrupt_handler19
                0x0601b93e                __interrupt_handler93
                0x0601bba8                __interrupt_handler196
                0x0601ba9a                __interrupt_handler151
                0x0601bafa                __interrupt_handler167
                0x0601bd10                __trampoline
                0x0601b776                __interrupt_handler17
                0x0601bc68                __interrupt_handler228
                0x0601bd0a                __interrupt_handler255
                0x0601bcc8                __interrupt_handler244
                0x0601b962                __interrupt_handler99
                0x0601bb5a                __interrupt_handler183
                0x0601ba58                __interrupt_handler140
                0x0601bb7e                __interrupt_handler189
                0x0601ba7c                __interrupt_handler146
                0x0601bc44                __interrupt_handler222
                0x0601bab8                __interrupt_handler156
                0x0601b9ec                __interrupt_handler122
                0x0601bce0                __interrupt_handler248
                0x0601b830                __interrupt_handler48
                0x0601b8ae                __interrupt_handler69
                0x0601b7a0                __interrupt_handler24
                0x0601b926                __interrupt_handler89
                0x0601bc1a                __interrupt_handler215
                0x0601bd04                __interrupt_handler254
                0x0601b91a                __interrupt_handler87
                0x0601b87e                __interrupt_handler61
                0x0601bba2                __interrupt_handler195
                0x0601ba94                __interrupt_handler150
                0x0601b806                __interrupt_handler41
                0x0601b9a4                __interrupt_handler110
                0x0601ba0a                __interrupt_handler127
                0x0601b998                __interrupt_handler108
                0x0601b9b6                __interrupt_handler113
                0x0601b9c8                __interrupt_handler116
                0x0601b9e6                __interrupt_handler121
                0x0601b8de                __interrupt_handler77
                0x0601b7fa                __interrupt_handler39
                0x0601b812                __interrupt_handler43
                0x0601bce6                __interrupt_handler249
                0x0601bb24                __interrupt_handler174
                0x0601ba40                __interrupt_handler136
                0x0601bb78                __interrupt_handler188
                0x0601ba76                __interrupt_handler145
                0x0601b746                __interrupt_handler9
                0x0601b8ea                __interrupt_handler79
                0x0601bc62                __interrupt_handler227
                0x0601b7dc                __interrupt_handler34
                0x0601ba1c                __interrupt_handler130
                0x0601bcda                __interrupt_handler247
                0x0601b8d2                __interrupt_handler75
                0x0601bb1e                __interrupt_handler173
                0x0601b84e                __interrupt_handler53
                0x0601ba8e                __interrupt_handler149
                0x0601bcf2                __interrupt_handler251
                0x0601bc86                __interrupt_handler233
                0x0601b74c                __interrupt_handler10
                0x0601bbd8                __interrupt_handler204
                0x0601b8fc                __interrupt_handler82
                0x0601b902                __interrupt_handler83
                0x0601b7a6                __interrupt_handler25
                0x0601bcc2                __interrupt_handler243
                0x0601badc                __interrupt_handler162
                0x0601b824                __interrupt_handler46
                0x0601bb3c                __interrupt_handler178
                0x0601b8f0                __interrupt_handler80
                0x0601b884                __interrupt_handler62
                0x0601b71c                __interrupt_handler2
                0x0601b7be                __interrupt_handler29
                0x0601b8b4                __interrupt_handler70
                0x0601b99e                __interrupt_handler109
                0x0601ba88                __interrupt_handler148
                0x0601b944                __interrupt_handler94
                0x0601bc50                __interrupt_handler224
                0x0601b97a                __interrupt_handler103
                0x0601b7e8                __interrupt_handler36
                0x0601ba04                __interrupt_handler126
                0x0601bcd4                __interrupt_handler246
                0x0601b85a                __interrupt_handler55
                0x0601b758                __interrupt_handler12
                0x0601b848                __interrupt_handler52
                0x0601bb72                __interrupt_handler187
                0x0601ba70                __interrupt_handler144
                0x0601b9ce                __interrupt_handler117
                0x0601b77c                __interrupt_handler18
                0x0601bbae                __interrupt_handler197
                0x0601baa0                __interrupt_handler152
                0x0601b9d4                __interrupt_handler118
                0x0601bb0c                __interrupt_handler170
                0x0601bbc6                __interrupt_handler201
                0x0601b956                __interrupt_handler97
                0x0601bae2                __interrupt_handler163
                0x0601bb48                __interrupt_handler180
                0x0601bb90                __interrupt_handler192
                0x0601bcb0                __interrupt_handler240
                0x0601b9f2                __interrupt_handler123
                0x0601bc14                __interrupt_handler214
                0x0601b7ca                __interrupt_handler31
                0x0601b7b8                __interrupt_handler28
                0x0601b8a2                __interrupt_handler67
                0x0601b8a8                __interrupt_handler68
                0x0601b794                __interrupt_handler22
                0x0601b79a                __interrupt_handler23
                0x0601bb30                __interrupt_handler176
                0x0601b73a                __interrupt_handler7
                0x0601bc3e                __interrupt_handler221
                0x0601bc26                __interrupt_handler217
                0x0601bc6e                __interrupt_handler229
                0x0601b836                __interrupt_handler49
                0x0601b728                __interrupt_handler4
                0x0601b800                __interrupt_handler40
                0x0601b9c2                __interrupt_handler115
                0x0601bc92                __interrupt_handler235
                0x0601b932                __interrupt_handler91
                0x0601bbe4                __interrupt_handler206
                0x0601bb36                __interrupt_handler177
                0x0601ba82                __interrupt_handler147
                0x0601b7ee                __interrupt_handler37
                0x0601bcec                __interrupt_handler250
                0x0601b716                __interrupt_handler1
                0x0601bc32                __interrupt_handler219
                0x0601b8d8                __interrupt_handler76
                0x0601b968                __interrupt_handler100
                0x0601b86c                __interrupt_handler58
                0x0601b76a                __interrupt_handler15
                0x0601bc08                __interrupt_handler212
                0x0601bcb6                __interrupt_handler241
                0x0601bbcc                __interrupt_handler202
                0x0601bb96                __interrupt_handler193
                0x0601b8e4                __interrupt_handler78
                0x0601b83c                __interrupt_handler50
                0x0601b7d6                __interrupt_handler33
                0x0601baf4                __interrupt_handler166
                0x0601ba4c                __interrupt_handler138
                0x0601ba3a                __interrupt_handler135
                0x0601b7c4                __interrupt_handler30
                0x0601bb60                __interrupt_handler184
                0x0601ba5e                __interrupt_handler141
                0x0601bc74                __interrupt_handler230
                0x0601bc98                __interrupt_handler236
                0x0601b9da                __interrupt_handler119
                0x0601b914                __interrupt_handler86
                0x0601b986                __interrupt_handler105
                0x0601b8f6                __interrupt_handler81
                0x0601b9e0                __interrupt_handler120
                0x0601ba10                __interrupt_handler128
                0x0601b854                __interrupt_handler54
                0x0601b752                __interrupt_handler11
                0x0601bbba                __interrupt_handler199
                0x0601baac                __interrupt_handler154
                0x0601b81e                __interrupt_handler45
                0x0601bc20                __interrupt_handler216
                0x0601bbd2                __interrupt_handler203
                0x0601b96e                __interrupt_handler101
                0x0601b908                __interrupt_handler84
                0x0601bb66                __interrupt_handler185
                0x0601ba64                __interrupt_handler142
                0x0601b7ac                __interrupt_handler26
                0x0601b890                __interrupt_handler64
                0x0601bbc0                __interrupt_handler200
                0x0601bbea                __interrupt_handler207
                0x0601bb9c                __interrupt_handler194
                0x0601b938                __interrupt_handler92
                0x0601bab2                __interrupt_handler155
                0x0601bc02                __interrupt_handler211
                0x0601ba2e                __interrupt_handler133
                0x0601b72e                __interrupt_handler5
                0x0601b8c6                __interrupt_handler73
                0x0601b770                __interrupt_handler16
                0x0601bcaa                __interrupt_handler239
                0x0601bc8c                __interrupt_handler234
                0x0601b7e2                __interrupt_handler35
                0x0601b872                __interrupt_handler59
                0x0601bb06                __interrupt_handler169
                0x0601b95c                __interrupt_handler98
                0x0601b8ba                __interrupt_handler71
                0x0601b842                __interrupt_handler51
                0x0601baca                __interrupt_handler159
                0x0601bc5c                __interrupt_handler226
                0x0601b950                __interrupt_handler96
                0x0601bb84                __interrupt_handler190
                0x0601bc38                __interrupt_handler220
                0x0601b740                __interrupt_handler8
                0x0601bb42                __interrupt_handler179
                0x0601bcf8                __interrupt_handler252
 *fill*         0x0601bd34        0xc 00
 .text          0x0601bd40     0x12a0 ../sbl6/segalib/lib/sega_spr.a(spr_2c.o)
                0x0601cfa0                SlaveFlushDrawPrtyBlock
                0x0601bd40                SPR_2Initial
                0x0601c584                SPR_2SysClip
                0x0601c524                SPR_2LocalCoord
                0x0601ce1c                SPR_2FlushDrawPrtyBlock
                0x0601cb08                SPR_2DistSpr
                0x0601c50c                SPR_2FlushDrawPrty
                0x0601cc2c                SPR_2Cmd
                0x0601c208                SPR_2GourTblNoToVram
                0x0601c268                SPR_2GetAreaSizeInfo
                0x0601bfd0                SPR_2SetGourTbl
                0x0601c7bc                SPR_2Polygon
                0x0601c244                SPR_2CharNoToVram
                0x0601bf50                SPR_2SetTvMode
                0x0601c3ac                SPR_2CloseCommand
                0x0601bf8c                SPR_2FrameEraseData
                0x0601bd68                SPR_2Initial2
                0x0601c99c                SPR_2ScaleSpr
                0x0601c62c                SPR_2Line
                0x0601c2f8                SPR_2OpenCommand
                0x0601bf6c                SPR_2FrameChgIntr
                0x0601c878                SPR_2NormSpr
                0x0601c000                SPR_2SetLookupTbl
                0x0601c034                SPR_2SetChar
                0x0601c22c                SPR_2LookupTblNoToVram
                0x0601c700                SPR_2PolyLine
                0x0601c1a0                SPR_2ClrAllChar
                0x0601c154                SPR_2ClrChar
                0x0601c5d0                SPR_2UserClip
 .text          0x0601cfe0      0x1e6 ../sbl6/segalib/lib/sega_spr.a(spr_slv.o)
                0x0601d144                SPR_WaitEndSlaveSH
                0x0601cfe0                SPR_SMPC_SSHON
                0x0601d120                SPR_RunSlaveSH
                0x0601cfe4                SPR_InitSlaveSH
                0x0601d0ac                SPR_SlaveSHmain
                0x0601cfe1                SPR_SMPC_SSHOFF
 *fill*         0x0601d1c6        0xa 00
 .text          0x0601d1d0      0x36a ../sbl6/segalib/lib/sega_spr.a(spr_1c.o)
                0x0601d484                SPR_WaitDrawEnd
                0x0601d49c                SPR_SetEosMode
                0x0601d3b4                SPR_SetEraseData
                0x0601d1d0                SPR_Initial
                0x0601d2a8                SPR_SetTvMode
                0x0601d340                SPR_GetStatus
 *fill*         0x0601d53a        0x6 00
 .text          0x0601d540      0x244 ../sbl6/segalib/lib/sega_spr.a(spr_2a.o)
                0x0601d552                sprMemCpyW
                0x0601d5b0                flushDrawPrtyBlock
                0x0601d540                sprMemCpyL
                0x0601d564                SPR_2SetDrawPrty
 *fill*         0x0601d784        0xc 00
 .text          0x0601d790      0x2fc ../sbl6/segalib/lib/sega_scl.a(scl_vblv.o)
                0x0601d84c                SCL_DisplayFrame
                0x0601d790                SCL_SetFrameInterval
                0x0601d880                SCL_VblInit
                0x0601d8d0                SCL_VblankStart
                0x0601d914                SCL_VblankEnd
 *fill*         0x0601da8c        0x4 00
 .text          0x0601da90      0xb9c ../sbl6/segalib/lib/sega_scl.a(scl_func.o)
                0x0601e46c                SCL_Vdp2_SGLInit
                0x0601e37c                SCL_PriIntProc
                0x0601e2f4                SCL_Memcpyw
                0x0601e60c                SCL_SglOff
                0x0601e5ec                SCL_SglOn
                0x0601e260                SCL_ScrollShow
                0x0601dd08                SCL_Close
                0x0601e000                SCL_Scale
                0x0601da90                SCL_Vdp2Init
                0x0601de74                SCL_Move
                0x0601e13c                SCL_CopyReg
                0x0601dce4                SCL_Open
                0x0601db14                SCL_ParametersInit
                0x0601dd24                SCL_MoveTo
                0x0601e31c                SCL_SetColRamMode
 *fill*         0x0601e62c        0x4 00
 .text          0x0601e630      0x138 ../sbl6/segalib/lib/sega_scl.a(scl_pr03.o)
                0x0601e630                SCL_FreeColRam
                0x0601e668                SCL_AllocColRam
 *fill*         0x0601e768        0x8 00
 .text          0x0601e770       0x9c ../sbl6/segalib/lib/sega_scl.a(scl_pr02.o)
                0x0601e770                SCL_SetColRam
 *fill*         0x0601e80c        0x4 00
 .text          0x0601e810       0x84 ../sbl6/segalib/lib/sega_scl.a(scl_back.o)
                0x0601e810                SCL_SetBack
 *fill*         0x0601e894        0xc 00
 .text          0x0601e8a0      0x94c ../sbl6/segalib/lib/sega_scl.a(scl_fu03.o)
                0x0601e8fc                SCL_SetConfig
                0x0601e8a0                SCL_InitConfigTb
 *fill*         0x0601f1ec        0x4 00
 .text          0x0601f1f0      0x4f4 ../sbl6/segalib/lib/sega_scl.a(scl_fu02.o)
                0x0601f228                SCL_SetVramConfig
                0x0601f1f0                SCL_InitVramConfigTb
 *fill*         0x0601f6e4        0xc 00
 .text          0x0601f6f0       0x28 ../sbl6/segalib/lib/sega_scl.a(scl_fu04.o)
                0x0601f6f0                SCL_SetCycleTable
 *fill*         0x0601f718        0x8 00
 .text          0x0601f720      0x214 ../sbl6/segalib/lib/sega_scl.a(scl_pr07.o)
                0x0601f720                SCL_SetPriority
 *fill*         0x0601f934        0xc 00
 .text          0x0601f940       0x58 ../sbl6/segalib/lib/sega_scl.a(scl_pr01.o)
                0x0601f940                SCL_SetSpriteMode
 *fill*         0x0601f998        0x8 00
 .text          0x0601f9a0     0x10a4 ../sbl6/segalib/lib/sega_scl.a(scl_pri.o)
                0x0601fa34                SCL_AbortAutoVe
                0x060208e4                SCL_SetShadowBit
                0x0601feac                SCL_AutoExec
                0x0601f9a0                SCL_PriorityInit
                0x060203c0                SCL_IncColOffset
                0x0601fa48                SCL_SetColMixRate
                0x0601fa18                SCL_GetColRamMode
 *fill*         0x06020a44        0xc 00
 .text          0x06020a50     0x1394 ../sbl6/segalib/lib/sega_scl.a(scl_ro00.o)
                0x06021c3c                SCL_RotateZD
                0x06020f04                SCL_Rotate
                0x06020bd8                SCL_InitRotateTable
 *fill*         0x06021de4        0xc 00
 .text          0x06021df0      0x1b4 ../sbl6/segalib/lib/sega_scl.a(scl_pr06.o)
                0x06021df0                SCL_SetColRamOffset
 *fill*         0x06021fa4        0xc 00
 .text          0x06021fb0       0xac ../sbl6/segalib/lib/sega_scl.a(scl_pr05.o)
                0x06021fb0                SCL_GetColRamOffset
 *fill*         0x0602205c        0x4 00
 .text          0x06022060       0xa4 ../sbl6/segalib/lib/sega_mth.a(mth_fixd.o)
                0x060220b0                MTH_FixedToInt
                0x060220a0                MTH_IntToFixed
                0x06022060                MTH_Mul
                0x060220c0                MTH_Product
                0x06022080                MTH_Div
 *fill*         0x06022104        0xc 00
 .text          0x06022110      0x600 ../sbl6/segalib/lib/sega_mth.a(mth_tri.o)
                0x060221ac                fcos
                0x060221b2                fsin
                0x0602215c                MTH_Cos
                0x06022110                MTH_Sin
                0x06022350                MTH_Atan
 .text          0x06022710      0xf50 ../sbl6/segalib/lib/sega_per.a(per_prt.o)
                0x06022b30                PER_IntFunc
                0x06022928                PER_LGetPer
                0x06022710                PER_LInit
 .text          0x06023660      0x1f4 ../sbl6/segalib/lib/sega_sat.a(DMA_SCU1.o)
                0x060237bc                DMA_ScuResult
                0x06023660                DMA_ScuInit
                0x060236b0                DMA_ScuMemCopy
 *fill*         0x06023854        0xc 00
 .text          0x06023860      0x308 ../sbl6/segalib/lib/sega_sat.a(DMA_SCU0.o)
                0x060238e4                DMA_ScuStart
                0x06023a18                DMA_ScuIntFunc0
                0x06023a88                DMA_ScuIntFunc1
                0x06023af8                DMA_ScuIntFunc2
                0x060239d8                DMA_ScuGetStatus
                0x06023860                DMA_ScuSetPrm
 *fill*         0x06023b68        0x8 00
 .text          0x06023b70       0xe8 ../sbl6/segalib/lib/sega_sat.a(csh_main.o)
                0x06023b70                CSH_Init
                0x06023bd8                CSH_AllClr
                0x06023c24                CSH_Purge
 *fill*         0x06023c58        0x8 00
 .text          0x06023c60       0x90 c:/saturn/SH_COFF/sh-coff/bin/../lib/gcc/sh-coff/3.4-GNUSH_v0501\libgcc.a(_ashiftlt.o)
                0x06023c60                __ashlsi3
 .text          0x06023cf0       0xa0 c:/saturn/SH_COFF/sh-coff/bin/../lib/gcc/sh-coff/3.4-GNUSH_v0501\libgcc.a(__main.o)
                0x06023d64                __main
                0x06023cf0                __do_global_dtors
                0x06023d24                __do_global_ctors
 .text          0x06023d90       0x70 c:/saturn/SH_COFF/sh-coff/bin/../lib/gcc/sh-coff/3.4-GNUSH_v0501\libgcc.a(_udivsi3.o)
                0x06023db2                __udivsi3
 .text          0x06023e00       0x60 c:/saturn/SH_COFF/sh-coff/bin/../lib/gcc/sh-coff/3.4-GNUSH_v0501\libgcc.a(_ashiftrt.o)
                0x06023e0c                __ashiftrt_r4_27
                0x06023e40                __ashiftrt_r4_6
                0x06023e30                __ashiftrt_r4_14
                0x06023e22                __ashiftrt_r4_19
                0x06023e3a                __ashiftrt_r4_9
                0x06023e4e                __ashiftrt_r4_0
                0x06023e00                __ashiftrt_r4_31
                0x06023e0e                __ashiftrt_r4_26
                0x06023e1c                __ashiftrt_r4_22
                0x06023e28                __ashiftrt_r4_16
                0x06023e34                __ashiftrt_r4_12
                0x06023e08                __ashiftrt_r4_29
                0x06023e26                __ashiftrt_r4_17
                0x06023e06                __ashiftrt_r4_30
                0x06023e42                __ashiftrt_r4_5
                0x06023e3c                __ashiftrt_r4_8
                0x06023e00                __ashiftrt_r4_32
                0x06023e10                __ashiftrt_r4_25
                0x06023e48                __ashiftrt_r4_2
                0x06023e12                __ashiftrt_r4_24
                0x06023e2e                __ashiftrt_r4_15
                0x06023e38                __ashiftrt_r4_10
                0x06023e4a                __ashiftrt_r4_1
                0x06023e0a                __ashiftrt_r4_28
                0x06023e20                __ashiftrt_r4_20
                0x06023e3e                __ashiftrt_r4_7
                0x06023e32                __ashiftrt_r4_13
                0x06023e36                __ashiftrt_r4_11
                0x06023e44                __ashiftrt_r4_4
                0x06023e1a                __ashiftrt_r4_23
                0x06023e24                __ashiftrt_r4_18
                0x06023e1e                __ashiftrt_r4_21
                0x06023e46                __ashiftrt_r4_3
 .text          0x06023e60       0xb0 c:/saturn/SH_COFF/sh-coff/bin/../lib/gcc/sh-coff/3.4-GNUSH_v0501\libgcc.a(_si_to_df.o)
                0x06023e60                __floatsidf
 .text          0x06023f10      0x2e0 c:/saturn/SH_COFF/sh-coff/bin/../lib/gcc/sh-coff/3.4-GNUSH_v0501\libgcc.a(_mul_df.o)
                0x06023f20                __muldf3
 .text          0x060241f0       0x80 c:/saturn/SH_COFF/sh-coff/bin/../lib/gcc/sh-coff/3.4-GNUSH_v0501\libgcc.a(_df_to_si.o)
                0x060241f0                __fixdfsi
 .text          0x06024270      0x220 c:/saturn/SH_COFF/sh-coff/bin/../lib/gcc/sh-coff/3.4-GNUSH_v0501\libgcc.a(_pack_df.o)
                0x06024280                __pack_d
 .text          0x06024490      0x120 c:/saturn/SH_COFF/sh-coff/bin/../lib/gcc/sh-coff/3.4-GNUSH_v0501\libgcc.a(_unpack_df.o)
                0x060244a0                __unpack_d
 .text          0x060245b0       0x20 c:/saturn/SH_COFF/sh-coff/bin/../lib/gcc/sh-coff/3.4-GNUSH_v0501\libgcc.a(_thenan_df.o)
                0x060245b0                __thenan_df
 .text          0x060245d0       0xd0 c:/saturn/SH_COFF/sh-coff/bin/../lib/gcc/sh-coff/3.4-GNUSH_v0501\libgcc.a(_muldi3.o)
                0x060245d0                __muldi3
 .text          0x060246a0       0x80 c:/saturn/SH_COFF/sh-coff/bin/../lib/gcc/sh-coff/3.4-GNUSH_v0501\libgcc.a(_lshrdi3.o)
                0x060246a0                __lshrdi3
 .text          0x06024720       0x80 c:/saturn/SH_COFF/sh-coff/bin/../lib/gcc/sh-coff/3.4-GNUSH_v0501\libgcc.a(_ashldi3.o)
                0x06024720                __ashldi3
 .text          0x060247a0       0x30 c:/saturn/SH_COFF/sh-coff/bin/../lib/gcc/sh-coff/3.4-GNUSH_v0501\libgcc.a(_mulsi3.o)
                0x060247a0                __mulsi3
 .text          0x060247d0       0x90 c:/saturn/SH_COFF/sh-coff/bin/../lib/gcc/sh-coff/3.4-GNUSH_v0501\libgcc.a(_lshiftrt.o)
                0x060247d0                __lshrsi3
 .text          0x06024860       0xa0 c:/saturn/SH_COFF/sh-coff/bin/../lib/gcc/sh-coff/3.4-GNUSH_v0501/../../../../sh-coff/lib\libc.a(memcpy.o)
                0x06024860                memcpy
 .text          0x06024900       0x40 c:/saturn/SH_COFF/sh-coff/bin/../lib/gcc/sh-coff/3.4-GNUSH_v0501/../../../../sh-coff/lib\libc.a(memset.o)
                0x06024900                memset
 .text          0x06024940       0x90 c:/saturn/SH_COFF/sh-coff/bin/../lib/gcc/sh-coff/3.4-GNUSH_v0501/../../../../sh-coff/lib\libc.a(atexit.o)
                0x06024940                atexit
 .text          0x060249d0       0x10 c:/saturn/SH_COFF/sh-coff/bin/../lib/gcc/sh-coff/3.4-GNUSH_v0501/../../../../sh-coff/lib\libc.a(impure.o)
                0x060249d0                _global_impure_ptr
 .text          0x060249e0       0x40 c:/saturn/SH_COFF/sh-coff/bin/../lib/gcc/sh-coff/3.4-GNUSH_v0501/../../../../sh-coff/lib\libc.a(malloc.o)
                0x060249fc                free
                0x060249e0                malloc
 .text          0x06024a20      0x5b0 c:/saturn/SH_COFF/sh-coff/bin/../lib/gcc/sh-coff/3.4-GNUSH_v0501/../../../../sh-coff/lib\libc.a(mallocr.o)
                0x06024a20                _malloc_r
 .text          0x06024fd0      0x340 c:/saturn/SH_COFF/sh-coff/bin/../lib/gcc/sh-coff/3.4-GNUSH_v0501/../../../../sh-coff/lib\libc.a(freer.o)
                0x06024fd0                _malloc_trim_r
                0x060250c4                _free_r
 .text          0x06025310       0x20 c:/saturn/SH_COFF/sh-coff/bin/../lib/gcc/sh-coff/3.4-GNUSH_v0501/../../../../sh-coff/lib\libc.a(mlock.o)
                0x06025310                __malloc_lock
                0x0602531c                __malloc_unlock
 .text          0x06025330       0x50 c:/saturn/SH_COFF/sh-coff/bin/../lib/gcc/sh-coff/3.4-GNUSH_v0501/../../../../sh-coff/lib\libc.a(sbrkr.o)
                0x06025330                _sbrk_r
 .text          0x06025380      0x380 c:/saturn/SH_COFF/sh-coff/bin/../lib/gcc/sh-coff/3.4-GNUSH_v0501/../../../../sh-coff/lib\libc.a(syscalls.o)
                0x060254ec                _exit
                0x06025520                _getpid
                0x06025588                _utime
                0x060253b8                _write
                0x06025380                _read
                0x060254d4                _unlink
                0x0602549c                _open
                0x06025538                _stat
                0x060254e0                isatty
                0x060255b8                _wait
                0x06025504                _kill
                0x06025554                _chmod
                0x060255e8                _execv
                0x060255cc                _execve
                0x060256c4                __setup_argv_and_call_main
                0x06025620                _gettimeofday
                0x060253ec                _link
                0x0602552c                _raise
                0x060254b8                _creat
                0x06025600                _pipe
                0x0602556c                _chown
                0x0602539c                _lseek
                0x060253d4                _close
                0x06025614                _times
                0x06025488                _fstat
                0x060255a4                _fork
                0x06025414                _sbrk
 .text          0x06025700       0x20 c:/saturn/SH_COFF/sh-coff/bin/../lib/gcc/sh-coff/3.4-GNUSH_v0501/../../../../sh-coff/lib\libc.a(trap.o)
                0x06025700                __trap34
 .text          0x06025720       0x20 c:/saturn/SH_COFF/sh-coff/bin/../lib/gcc/sh-coff/3.4-GNUSH_v0501/../../../../sh-coff/lib\libc.a(abort.o)
                0x06025720                abort
 .text          0x06025740      0x270 c:/saturn/SH_COFF/sh-coff/bin/../lib/gcc/sh-coff/3.4-GNUSH_v0501/../../../../sh-coff/lib\libc.a(signal.o)
                0x06025800                _raise_r
                0x06025988                __sigtramp
                0x06025934                raise
                0x06025970                _init_signal
                0x060258c0                __sigtramp_r
                0x06025950                signal
                0x0602578c                _signal_r
                0x06025740                _init_signal_r
 .text          0x060259b0       0x60 c:/saturn/SH_COFF/sh-coff/bin/../lib/gcc/sh-coff/3.4-GNUSH_v0501/../../../../sh-coff/lib\libc.a(signalr.o)
                0x060259f8                _getpid_r
                0x060259b0                _kill_r
 *(.strings)

.tors           0x06025a10        0x0
                0x06025a10                ___ctors = .
 *(.ctors)
                0x06025a10                ___ctors_end = .
                0x06025a10                ___dtors = .
 *(.dtors)
                0x06025a10                ___dtors_end = .

.data           0x06025a10     0x1100
                0x06025a10                STARTOF_R = .
 *(.data)
 .data          0x06025a10      0x400 ../sbl6/segasmp/per/smpclib/per_x1.o
 .data          0x06025e10       0x50 graphics.o
                0x06025e10                tiles
 .data          0x06025e60       0x10 scroll.o
                0x06025e60                CycleTb
 .data          0x06025e70       0x30 main.o
 .data          0x06025ea0      0x400 ../sbl6/segalib/lib/sega_int.a(int.o)
 .data          0x060262a0       0x1c ../sbl6/segalib/lib/sega_spr.a(spr_slv.o)
                0x060262a8                SPR_SlaveParam
                0x060262b8                SPR_SMPC_SF
                0x060262b0                SPR_SMPC_COM
                0x060262ac                SPR_SlaveSHEntry
                0x060262a4                SPR_SlaveState
                0x060262a0                SPR_SlaveCommand
                0x060262b4                SPR_SMPC_RET
 *fill*         0x060262bc        0x4 00
 .data          0x060262c0       0x34 ../sbl6/segalib/lib/sega_spr.a(spr_1c.o)
                0x060262c0                SpInitialFlag
 *fill*         0x060262f4        0xc 00
 .data          0x06026300       0x1c ../sbl6/segalib/lib/sega_scl.a(scl_vblv.o)
                0x06026308                VBInterval
                0x06026310                ReqDisplayFlag
                0x06026300                SpFrameChgMode
                0x0602630c                VBIntervalCounter
                0x06026304                SpFrameEraseMode
 *fill*         0x0602631c        0x4 00
 .data          0x06026320       0x36 ../sbl6/segalib/lib/sega_scl.a(scl_func.o)
                0x06026330                SclRotregBuff
                0x0602632c                SclDisplayY
                0x06026334                SclRotateTableMode
                0x06026328                SclProcess
                0x06026324                SclCurSclNum
                0x06026320                SclLengthLsTbl
                0x0602632a                SclDisplayX
                0x06026322                SclLengthCsTbl
 *fill*         0x06026356        0xa 00
 .data          0x06026360       0x18 ../sbl6/segalib/lib/sega_scl.a(scl_pri.o)
                0x06026364                SclRealSpPriNum
                0x06026374                SclRealColOffset
                0x06026370                SclRealBgColMix
                0x0602636c                SclRealSpColMix
                0x06026368                SclRealBgPriNum
                0x06026360                SclRealOtherPri
 *fill*         0x06026378        0x8 00
 .data          0x06026380      0x380 c:/saturn/SH_COFF/sh-coff/bin/../lib/gcc/sh-coff/3.4-GNUSH_v0501/../../../../sh-coff/lib\libc.a(impure.o)
                0x060266fc                _impure_ptr
 .data          0x06026700      0x410 c:/saturn/SH_COFF/sh-coff/bin/../lib/gcc/sh-coff/3.4-GNUSH_v0501/../../../../sh-coff/lib\libc.a(mallocr.o)
                0x06026708                __malloc_av_
                0x06026704                __malloc_trim_threshold
                0x06026700                __malloc_sbrk_base
                0x06026b10                SIZEOF_R = (. - STARTOF_R)
                0x06026b10                ENDOF_R = .

.bss            0x06026b10     0x6f54
                0x06026b10                STARTOF_B = .
 *(.bss)
 .bss           0x06026b10       0x10 vblank.o
                0x06026b14                PadData2E
                0x06026b1a                PadData1
                0x06026b16                PadData2
                0x06026b18                PadData1E
                0x06026b10                __port
 .bss           0x06026b20       0xd0 ../sbl6/segasmp/per/smpclib/per_x2.o
 .bss           0x06026bf0       0x10 sprite.o
                0x06026bf0                num_sprites
 .bss           0x06026c00       0x30 scroll.o
                0x06026c00                copy_mode
                0x06026c04                map_tile_y
                0x06026c0c                scrolls_y
                0x06026c08                map_tile_x
                0x06026c1c                scrolls_x
 .bss           0x06026c30       0x10 player.o
                0x06026c30                anim_cursor
 .bss           0x06026c40     0x3430 main.o
 .bss           0x0602a070       0x6e ../sbl6/segalib/lib/sega_spr.a(spr_2c.o)
 *fill*         0x0602a0de        0x2 00
 .bss           0x0602a0e0        0x4 ../sbl6/segalib/lib/sega_scl.a(scl_vblv.o)
 *fill*         0x0602a0e4        0xc 00
 .bss           0x0602a0f0        0x4 ../sbl6/segalib/lib/sega_scl.a(scl_func.o)
 *fill*         0x0602a0f4        0xc 00
 .bss           0x0602a100       0x48 ../sbl6/segalib/lib/sega_scl.a(scl_ro00.o)
 *fill*         0x0602a148        0x8 00
 .bss           0x0602a150       0x9c ../sbl6/segalib/lib/sega_per.a(per_prt.o)
 *fill*         0x0602a1ec        0x4 00
 .bss           0x0602a1f0        0xc ../sbl6/segalib/lib/sega_sat.a(DMA_SCU1.o)
 *fill*         0x0602a1fc        0x4 00
 .bss           0x0602a200       0x20 ../sbl6/segalib/lib/sega_sat.a(DMA_SCU0.o)
 .bss           0x0602a220       0x10 c:/saturn/SH_COFF/sh-coff/bin/../lib/gcc/sh-coff/3.4-GNUSH_v0501\libgcc.a(__main.o)
 .bss           0x0602a230       0x10 c:/saturn/SH_COFF/sh-coff/bin/../lib/gcc/sh-coff/3.4-GNUSH_v0501/../../../../sh-coff/lib\libc.a(atexit.o)
 .bss           0x0602a240       0x40 c:/saturn/SH_COFF/sh-coff/bin/../lib/gcc/sh-coff/3.4-GNUSH_v0501/../../../../sh-coff/lib\libc.a(mallocr.o)
                0x0602a270                __malloc_top_pad
                0x0602a240                __malloc_current_mallinfo
                0x0602a26c                __malloc_max_sbrked_mem
                0x0602a268                __malloc_max_total_mem
 .bss           0x0602a280       0x10 c:/saturn/SH_COFF/sh-coff/bin/../lib/gcc/sh-coff/3.4-GNUSH_v0501/../../../../sh-coff/lib\libc.a(syscalls.o)
 *(COMMON)
 COMMON         0x0602a290     0x1900 sprite.o
                                  0x0 (size before relaxing)
                0x0602a290                sprites
 COMMON         0x0602bb90        0xc scroll.o
                                  0x0 (size before relaxing)
                0x0602bb90                maps
 *fill*         0x0602bb9c        0x4 00
 COMMON         0x0602bba0       0x20 player.o
                                  0x0 (size before relaxing)
                0x0602bba0                player
 COMMON         0x0602bbc0      0x460 print.o
                                  0x0 (size before relaxing)
                0x0602bbc0                text
 COMMON         0x0602c020      0x400 ../sbl6/segalib/lib/sega_int.a(int.o)
                                  0x0 (size before relaxing)
                0x0602c020                __interrupt_vector
 COMMON         0x0602c420       0x50 ../sbl6/segalib/lib/sega_spr.a(spr_2c.o)
                                  0x0 (size before relaxing)
                0x0602c420                SpMstCmd
                0x0602c424                Sp2OpenFlag
                0x0602c428                SpGourTblMax
                0x0602c42c                SpDrawPrtyBlk
                0x0602c430                SpLCoordX
                0x0602c434                SpMstDrawPrtyBlk
                0x0602c438                SpGourTbl
                0x0602c43c                SpLookupTblR
                0x0602c440                SpCmdTbl
                0x0602c444                SpCharMax
                0x0602c448                SpDrawPrtyProcFlag
                0x0602c44c                SpCmdNo
                0x0602c450                SpDrawPrtyBlkMax
                0x0602c454                SpSlvCmdPos
                0x0602c458                SpSlvDrawPrtyBlk
                0x0602c45c                SpCharTbl
                0x0602c460                SpCmdTblR
                0x0602c464                SpMstCmdPos
                0x0602c468                SpSlvCmd
                0x0602c46c                SpLCoordY
 COMMON         0x0602c470       0x10 ../sbl6/segalib/lib/sega_spr.a(spr_1c.o)
                                  0x0 (size before relaxing)
                0x0602c470                SpScreenY
                0x0602c474                SpFbcrMode
                0x0602c476                SpDil
                0x0602c478                SpDie
                0x0602c47a                SpTvMode
                0x0602c47c                SpScreenX
 COMMON         0x0602c480      0xf00 ../sbl6/segalib/lib/sega_scl.a(scl_func.o)
                                  0x0 (size before relaxing)
                0x0602c480                SclRbgKtbAddr
                0x0602c488                SclRb
                0x0602c48a                Scl_flag
                0x0602c490                SclK_TableBuff
                0x0602d160                SclAddrCsTbl
                0x0602d170                Scl_s_reg
                0x0602d198                SclRotateXy
                0x0602d1a0                Scl_d_reg
                0x0602d1e8                SclRotateDisp
                0x0602d1f0                SclRotateMoveZ
                0x0602d1f8                SclRotXySw
                0x0602d200                Scl_r_reg
                0x0602d210                SclRPMD
                0x0602d218                SclRbgKtbOffset
                0x0602d220                _SclRotregBuff
                0x0602d2f0                SclRa
                0x0602d2f8                SclRotateZ
                0x0602d300                SclAddrLsTbl
                0x0602d308                SclK_TableNum
                0x0602d310                SclRotateTableAddress
                0x0602d314                SclK_TableFlag
                0x0602d320                Scl_w_reg
                0x0602d340                Scl_n_reg
 COMMON         0x0602d380      0x6b0 ../sbl6/segalib/lib/sega_scl.a(scl_pri.o)
                                  0x0 (size before relaxing)
                0x0602d380                SclAutoEndBlue2
                0x0602d390                SclColOffset
                0x0602d3a0                SclPriBuffDirty
                0x0602d3a2                SclAutoEndRed
                0x0602d3a4                SclAutoSurface
                0x0602d3a8                SclAutoGreen
                0x0602d3aa                SclAutoEndGreen
                0x0602d3ac                SclAutoCount
                0x0602d3b0                SclColRamAlloc256
                0x0602d3d0                SclAutoCurRate
                0x0602d3d1                SclAutoPlusFlag
                0x0602d3d8                SclSpColMix
                0x0602d3e0                SclAutoMax
                0x0602d3e4                SclLineColRamOffset
                0x0602d3e8                SclColRamAlloc2048
                0x0602d3ec                SclBgPriNum
                0x0602d3f2                SclAutoEndBlue
                0x0602d3f4                SclAutoEndGreen2
                0x0602d3f6                SclAutoVeFlag
                0x0602d3f8                SclBgColMix
                0x0602d400                SclAutoIndex
                0x0602d404                SclAutoEndRate
                0x0602d406                SclAutoBlue
                0x0602d408                SclAutoRed
                0x0602d40c                SclAutoInterval
                0x0602d410                SclOtherPri
                0x0602d420                SclAutoRGB
                0x0602da20                SclAutoEndRed2
                0x0602da28                SclSpPriNum
 COMMON         0x0602da30       0x10 ../sbl6/segalib/lib/sega_scl.a(scl_ro00.o)
                                  0x0 (size before relaxing)
                0x0602da30                SclCsx
                0x0602da38                SclCsy
 COMMON         0x0602da40       0x15 ../sbl6/segalib/lib/sega_per.a(per_prt.o)
                                  0x0 (size before relaxing)
                0x0602da40                per_get_time_flg
                0x0602da41                per_hot_res
                0x0602da42                per_set_sys_flg
                0x0602da44                per_get_time_adr
                0x0602da48                per_get_sys_data
                0x0602da54                per_time_out_flg
 *fill*         0x0602da55        0xb 00
 COMMON         0x0602da60        0x4 c:/saturn/SH_COFF/sh-coff/bin/../lib/gcc/sh-coff/3.4-GNUSH_v0501/../../../../sh-coff/lib\libc.a(syscalls.o)
                                  0x0 (size before relaxing)
                0x0602da60                errno
                0x0602da64                SIZEOF_B = (. - STARTOF_B)
                0x0602da64                ENDOF_B = .
                0x0602da64                _end = .
OUTPUT(main.cof coff-sh)

.comment        0x0602da70      0x3e0
 .comment       0x0602da70       0x20 ../sbl6/segasmp/lib/strt2_g.o
 .comment       0x0602da90       0x20 vblank.o
 .comment       0x0602dab0       0x20 ../sbl6/segasmp/per/smpclib/per_x1.o
 .comment       0x0602dad0       0x20 ../sbl6/segasmp/per/smpclib/per_x2.o
 .comment       0x0602daf0       0x20 graphics.o
 .comment       0x0602db10       0x20 sprite.o
 .comment       0x0602db30       0x20 scroll.o
 .comment       0x0602db50       0x20 player.o
 .comment       0x0602db70       0x20 print.o
 .comment       0x0602db90       0x20 main.o
 .comment       0x0602dbb0       0x20 c:/saturn/SH_COFF/sh-coff/bin/../lib/gcc/sh-coff/3.4-GNUSH_v0501\libgcc.a(__main.o)
 .comment       0x0602dbd0       0x20 c:/saturn/SH_COFF/sh-coff/bin/../lib/gcc/sh-coff/3.4-GNUSH_v0501\libgcc.a(_si_to_df.o)
 .comment       0x0602dbf0       0x20 c:/saturn/SH_COFF/sh-coff/bin/../lib/gcc/sh-coff/3.4-GNUSH_v0501\libgcc.a(_mul_df.o)
 .comment       0x0602dc10       0x20 c:/saturn/SH_COFF/sh-coff/bin/../lib/gcc/sh-coff/3.4-GNUSH_v0501\libgcc.a(_df_to_si.o)
 .comment       0x0602dc30       0x20 c:/saturn/SH_COFF/sh-coff/bin/../lib/gcc/sh-coff/3.4-GNUSH_v0501\libgcc.a(_pack_df.o)
 .comment       0x0602dc50       0x20 c:/saturn/SH_COFF/sh-coff/bin/../lib/gcc/sh-coff/3.4-GNUSH_v0501\libgcc.a(_unpack_df.o)
 .comment       0x0602dc70       0x20 c:/saturn/SH_COFF/sh-coff/bin/../lib/gcc/sh-coff/3.4-GNUSH_v0501\libgcc.a(_thenan_df.o)
 .comment       0x0602dc90       0x20 c:/saturn/SH_COFF/sh-coff/bin/../lib/gcc/sh-coff/3.4-GNUSH_v0501\libgcc.a(_muldi3.o)
 .comment       0x0602dcb0       0x20 c:/saturn/SH_COFF/sh-coff/bin/../lib/gcc/sh-coff/3.4-GNUSH_v0501\libgcc.a(_lshrdi3.o)
 .comment       0x0602dcd0       0x20 c:/saturn/SH_COFF/sh-coff/bin/../lib/gcc/sh-coff/3.4-GNUSH_v0501\libgcc.a(_ashldi3.o)
 .comment       0x0602dcf0       0x20 c:/saturn/SH_COFF/sh-coff/bin/../lib/gcc/sh-coff/3.4-GNUSH_v0501/../../../../sh-coff/lib\libc.a(atexit.o)
 .comment       0x0602dd10       0x20 c:/saturn/SH_COFF/sh-coff/bin/../lib/gcc/sh-coff/3.4-GNUSH_v0501/../../../../sh-coff/lib\libc.a(impure.o)
 .comment       0x0602dd30       0x20 c:/saturn/SH_COFF/sh-coff/bin/../lib/gcc/sh-coff/3.4-GNUSH_v0501/../../../../sh-coff/lib\libc.a(malloc.o)
 .comment       0x0602dd50       0x20 c:/saturn/SH_COFF/sh-coff/bin/../lib/gcc/sh-coff/3.4-GNUSH_v0501/../../../../sh-coff/lib\libc.a(mallocr.o)
 .comment       0x0602dd70       0x20 c:/saturn/SH_COFF/sh-coff/bin/../lib/gcc/sh-coff/3.4-GNUSH_v0501/../../../../sh-coff/lib\libc.a(freer.o)
 .comment       0x0602dd90       0x20 c:/saturn/SH_COFF/sh-coff/bin/../lib/gcc/sh-coff/3.4-GNUSH_v0501/../../../../sh-coff/lib\libc.a(mlock.o)
 .comment       0x0602ddb0       0x20 c:/saturn/SH_COFF/sh-coff/bin/../lib/gcc/sh-coff/3.4-GNUSH_v0501/../../../../sh-coff/lib\libc.a(sbrkr.o)
 .comment       0x0602ddd0       0x20 c:/saturn/SH_COFF/sh-coff/bin/../lib/gcc/sh-coff/3.4-GNUSH_v0501/../../../../sh-coff/lib\libc.a(syscalls.o)
 .comment       0x0602ddf0       0x20 c:/saturn/SH_COFF/sh-coff/bin/../lib/gcc/sh-coff/3.4-GNUSH_v0501/../../../../sh-coff/lib\libc.a(abort.o)
 .comment       0x0602de10       0x20 c:/saturn/SH_COFF/sh-coff/bin/../lib/gcc/sh-coff/3.4-GNUSH_v0501/../../../../sh-coff/lib\libc.a(signal.o)
 .comment       0x0602de30       0x20 c:/saturn/SH_COFF/sh-coff/bin/../lib/gcc/sh-coff/3.4-GNUSH_v0501/../../../../sh-coff/lib\libc.a(signalr.o)
