Archive member included because of file (symbol)

../sbl6/segalib/lib/sega_int.a(int.o)
                              vblank.o (INT_SetScuFunc)
../sbl6/segalib/lib/sega_int.a(int_trmp.o)
                              ../sbl6/segalib/lib/sega_int.a(int.o) (__interrupt_handler0)
../sbl6/segalib/lib/sega_spr.a(spr_2c.o)
                              sprite.o (SPR_2Initial)
../sbl6/segalib/lib/sega_spr.a(spr_slv.o)
                              ../sbl6/segalib/lib/sega_spr.a(spr_2c.o) (SPR_InitSlaveSH)
../sbl6/segalib/lib/sega_spr.a(spr_1c.o)
                              ../sbl6/segalib/lib/sega_spr.a(spr_2c.o) (SPR_Initial)
../sbl6/segalib/lib/sega_spr.a(spr_2a.o)
                              ../sbl6/segalib/lib/sega_spr.a(spr_2c.o) (SPR_2SetDrawPrty)
../sbl6/segalib/lib/sega_scl.a(scl_vblv.o)
                              ../sbl6/segalib/lib/sega_spr.a(spr_1c.o) (SpFrameChgMode)
../sbl6/segalib/lib/sega_scl.a(scl_func.o)
                              sprite.o (SCL_Vdp2Init)
../sbl6/segalib/lib/sega_scl.a(scl_pr03.o)
                              scroll.o (SCL_AllocColRam)
../sbl6/segalib/lib/sega_scl.a(scl_pr02.o)
                              scroll.o (SCL_SetColRam)
../sbl6/segalib/lib/sega_scl.a(scl_back.o)
                              scroll.o (SCL_SetBack)
../sbl6/segalib/lib/sega_scl.a(scl_fu03.o)
                              scroll.o (SCL_InitConfigTb)
../sbl6/segalib/lib/sega_scl.a(scl_fu02.o)
                              scroll.o (SCL_InitVramConfigTb)
../sbl6/segalib/lib/sega_scl.a(scl_fu04.o)
                              scroll.o (SCL_SetCycleTable)
../sbl6/segalib/lib/sega_scl.a(scl_pr07.o)
                              scroll.o (SCL_SetPriority)
../sbl6/segalib/lib/sega_scl.a(scl_pri.o)
                              ../sbl6/segalib/lib/sega_scl.a(scl_func.o) (SclRealOtherPri)
../sbl6/segalib/lib/sega_scl.a(scl_pr01.o)
                              main.o (SCL_SetSpriteMode)
../sbl6/segalib/lib/sega_scl.a(scl_ro00.o)
                              ../sbl6/segalib/lib/sega_scl.a(scl_func.o) (SCL_Rotate)
../sbl6/segalib/lib/sega_scl.a(scl_pr06.o)
                              ../sbl6/segalib/lib/sega_scl.a(scl_pr03.o) (SCL_SetColRamOffset)
../sbl6/segalib/lib/sega_scl.a(scl_pr05.o)
                              ../sbl6/segalib/lib/sega_scl.a(scl_pr02.o) (SCL_GetColRamOffset)
../sbl6/segalib/lib/sega_mth.a(mth_fixd.o)
                              player.o (MTH_Mul)
../sbl6/segalib/lib/sega_mth.a(mth_tri.o)
                              sprite.o (MTH_Sin)
../sbl6/segalib/lib/sega_per.a(per_prt.o)
                              ../sbl6/segasmp/per/smpclib/per_x2.o (PER_LInit)
../sbl6/segalib/lib/sega_sat.a(DMA_SCU1.o)
                              ../sbl6/segalib/lib/sega_spr.a(spr_2c.o) (DMA_ScuMemCopy)
../sbl6/segalib/lib/sega_sat.a(DMA_SCU0.o)
                              ../sbl6/segalib/lib/sega_sat.a(DMA_SCU1.o) (DMA_ScuSetPrm)
../sbl6/segalib/lib/sega_sat.a(csh_main.o)
                              ../sbl6/segalib/lib/sega_sat.a(DMA_SCU1.o) (CSH_Purge)
c:/saturn/SH_COFF/sh-coff/bin/../lib/gcc/sh-coff/3.4-GNUSH_v0501\libgcc.a(_ashiftlt.o)
                              scroll.o (__ashlsi3)
c:/saturn/SH_COFF/sh-coff/bin/../lib/gcc/sh-coff/3.4-GNUSH_v0501\libgcc.a(_movstr.o)
                              scroll.o (__movstr)
c:/saturn/SH_COFF/sh-coff/bin/../lib/gcc/sh-coff/3.4-GNUSH_v0501\libgcc.a(__main.o)
                              main.o (__main)
c:/saturn/SH_COFF/sh-coff/bin/../lib/gcc/sh-coff/3.4-GNUSH_v0501\libgcc.a(_udivsi3.o)
                              ../sbl6/segalib/lib/sega_scl.a(scl_fu03.o) (__udivsi3)
c:/saturn/SH_COFF/sh-coff/bin/../lib/gcc/sh-coff/3.4-GNUSH_v0501\libgcc.a(_ashiftrt.o)
                              ../sbl6/segalib/lib/sega_scl.a(scl_ro00.o) (__ashiftrt_r4_6)
c:/saturn/SH_COFF/sh-coff/bin/../lib/gcc/sh-coff/3.4-GNUSH_v0501\libgcc.a(_si_to_df.o)
                              ../sbl6/segalib/lib/sega_scl.a(scl_ro00.o) (__floatsidf)
c:/saturn/SH_COFF/sh-coff/bin/../lib/gcc/sh-coff/3.4-GNUSH_v0501\libgcc.a(_mul_df.o)
                              ../sbl6/segalib/lib/sega_scl.a(scl_ro00.o) (__muldf3)
c:/saturn/SH_COFF/sh-coff/bin/../lib/gcc/sh-coff/3.4-GNUSH_v0501\libgcc.a(_df_to_si.o)
                              ../sbl6/segalib/lib/sega_scl.a(scl_ro00.o) (__fixdfsi)
c:/saturn/SH_COFF/sh-coff/bin/../lib/gcc/sh-coff/3.4-GNUSH_v0501\libgcc.a(_pack_df.o)
                              c:/saturn/SH_COFF/sh-coff/bin/../lib/gcc/sh-coff/3.4-GNUSH_v0501\libgcc.a(_si_to_df.o) (__pack_d)
c:/saturn/SH_COFF/sh-coff/bin/../lib/gcc/sh-coff/3.4-GNUSH_v0501\libgcc.a(_unpack_df.o)
                              c:/saturn/SH_COFF/sh-coff/bin/../lib/gcc/sh-coff/3.4-GNUSH_v0501\libgcc.a(_mul_df.o) (__unpack_d)
c:/saturn/SH_COFF/sh-coff/bin/../lib/gcc/sh-coff/3.4-GNUSH_v0501\libgcc.a(_thenan_df.o)
                              c:/saturn/SH_COFF/sh-coff/bin/../lib/gcc/sh-coff/3.4-GNUSH_v0501\libgcc.a(_mul_df.o) (__thenan_df)
c:/saturn/SH_COFF/sh-coff/bin/../lib/gcc/sh-coff/3.4-GNUSH_v0501\libgcc.a(_muldi3.o)
                              c:/saturn/SH_COFF/sh-coff/bin/../lib/gcc/sh-coff/3.4-GNUSH_v0501\libgcc.a(_mul_df.o) (__muldi3)
c:/saturn/SH_COFF/sh-coff/bin/../lib/gcc/sh-coff/3.4-GNUSH_v0501\libgcc.a(_lshrdi3.o)
                              c:/saturn/SH_COFF/sh-coff/bin/../lib/gcc/sh-coff/3.4-GNUSH_v0501\libgcc.a(_df_to_si.o) (__lshrdi3)
c:/saturn/SH_COFF/sh-coff/bin/../lib/gcc/sh-coff/3.4-GNUSH_v0501\libgcc.a(_ashldi3.o)
                              c:/saturn/SH_COFF/sh-coff/bin/../lib/gcc/sh-coff/3.4-GNUSH_v0501\libgcc.a(_pack_df.o) (__ashldi3)
c:/saturn/SH_COFF/sh-coff/bin/../lib/gcc/sh-coff/3.4-GNUSH_v0501\libgcc.a(_mulsi3.o)
                              c:/saturn/SH_COFF/sh-coff/bin/../lib/gcc/sh-coff/3.4-GNUSH_v0501\libgcc.a(_muldi3.o) (__mulsi3)
c:/saturn/SH_COFF/sh-coff/bin/../lib/gcc/sh-coff/3.4-GNUSH_v0501\libgcc.a(_lshiftrt.o)
                              c:/saturn/SH_COFF/sh-coff/bin/../lib/gcc/sh-coff/3.4-GNUSH_v0501\libgcc.a(_lshrdi3.o) (__lshrsi3)
c:/saturn/SH_COFF/sh-coff/bin/../lib/gcc/sh-coff/3.4-GNUSH_v0501/../../../../sh-coff/lib\libc.a(memcpy.o)
                              scroll.o (memcpy)
c:/saturn/SH_COFF/sh-coff/bin/../lib/gcc/sh-coff/3.4-GNUSH_v0501/../../../../sh-coff/lib\libc.a(memset.o)
                              ../sbl6/segalib/lib/sega_spr.a(spr_2c.o) (memset)
c:/saturn/SH_COFF/sh-coff/bin/../lib/gcc/sh-coff/3.4-GNUSH_v0501/../../../../sh-coff/lib\libc.a(atexit.o)
                              c:/saturn/SH_COFF/sh-coff/bin/../lib/gcc/sh-coff/3.4-GNUSH_v0501\libgcc.a(__main.o) (atexit)
c:/saturn/SH_COFF/sh-coff/bin/../lib/gcc/sh-coff/3.4-GNUSH_v0501/../../../../sh-coff/lib\libc.a(impure.o)
                              c:/saturn/SH_COFF/sh-coff/bin/../lib/gcc/sh-coff/3.4-GNUSH_v0501/../../../../sh-coff/lib\libc.a(atexit.o) (_impure_ptr)
c:/saturn/SH_COFF/sh-coff/bin/../lib/gcc/sh-coff/3.4-GNUSH_v0501/../../../../sh-coff/lib\libc.a(malloc.o)
                              c:/saturn/SH_COFF/sh-coff/bin/../lib/gcc/sh-coff/3.4-GNUSH_v0501/../../../../sh-coff/lib\libc.a(atexit.o) (malloc)
c:/saturn/SH_COFF/sh-coff/bin/../lib/gcc/sh-coff/3.4-GNUSH_v0501/../../../../sh-coff/lib\libc.a(mallocr.o)
                              c:/saturn/SH_COFF/sh-coff/bin/../lib/gcc/sh-coff/3.4-GNUSH_v0501/../../../../sh-coff/lib\libc.a(malloc.o) (_malloc_r)
c:/saturn/SH_COFF/sh-coff/bin/../lib/gcc/sh-coff/3.4-GNUSH_v0501/../../../../sh-coff/lib\libc.a(freer.o)
                              c:/saturn/SH_COFF/sh-coff/bin/../lib/gcc/sh-coff/3.4-GNUSH_v0501/../../../../sh-coff/lib\libc.a(malloc.o) (_free_r)
c:/saturn/SH_COFF/sh-coff/bin/../lib/gcc/sh-coff/3.4-GNUSH_v0501/../../../../sh-coff/lib\libc.a(mlock.o)
                              c:/saturn/SH_COFF/sh-coff/bin/../lib/gcc/sh-coff/3.4-GNUSH_v0501/../../../../sh-coff/lib\libc.a(mallocr.o) (__malloc_lock)
c:/saturn/SH_COFF/sh-coff/bin/../lib/gcc/sh-coff/3.4-GNUSH_v0501/../../../../sh-coff/lib\libc.a(sbrkr.o)
                              c:/saturn/SH_COFF/sh-coff/bin/../lib/gcc/sh-coff/3.4-GNUSH_v0501/../../../../sh-coff/lib\libc.a(mallocr.o) (_sbrk_r)
c:/saturn/SH_COFF/sh-coff/bin/../lib/gcc/sh-coff/3.4-GNUSH_v0501/../../../../sh-coff/lib\libc.a(syscalls.o)
                              c:/saturn/SH_COFF/sh-coff/bin/../lib/gcc/sh-coff/3.4-GNUSH_v0501/../../../../sh-coff/lib\libc.a(sbrkr.o) (_sbrk)
c:/saturn/SH_COFF/sh-coff/bin/../lib/gcc/sh-coff/3.4-GNUSH_v0501/../../../../sh-coff/lib\libc.a(trap.o)
                              c:/saturn/SH_COFF/sh-coff/bin/../lib/gcc/sh-coff/3.4-GNUSH_v0501/../../../../sh-coff/lib\libc.a(syscalls.o) (__trap34)
c:/saturn/SH_COFF/sh-coff/bin/../lib/gcc/sh-coff/3.4-GNUSH_v0501/../../../../sh-coff/lib\libc.a(abort.o)
                              c:/saturn/SH_COFF/sh-coff/bin/../lib/gcc/sh-coff/3.4-GNUSH_v0501/../../../../sh-coff/lib\libc.a(syscalls.o) (abort)
c:/saturn/SH_COFF/sh-coff/bin/../lib/gcc/sh-coff/3.4-GNUSH_v0501/../../../../sh-coff/lib\libc.a(signal.o)
                              c:/saturn/SH_COFF/sh-coff/bin/../lib/gcc/sh-coff/3.4-GNUSH_v0501/../../../../sh-coff/lib\libc.a(abort.o) (raise)
c:/saturn/SH_COFF/sh-coff/bin/../lib/gcc/sh-coff/3.4-GNUSH_v0501/../../../../sh-coff/lib\libc.a(signalr.o)
                              c:/saturn/SH_COFF/sh-coff/bin/../lib/gcc/sh-coff/3.4-GNUSH_v0501/../../../../sh-coff/lib\libc.a(signal.o) (_kill_r)

Allocating common symbols
Common symbol       size              file

SclRbgKtbAddr       0x8               ../sbl6/segalib/lib/sega_scl.a(scl_func.o)
sprites             0x1c20            print.o
SpMstCmd            0x4               ../sbl6/segalib/lib/sega_spr.a(spr_2c.o)
SclRb               0x1               ../sbl6/segalib/lib/sega_scl.a(scl_func.o)
Scl_flag            0x2               ../sbl6/segalib/lib/sega_scl.a(scl_func.o)
per_get_time_flg    0x1               ../sbl6/segalib/lib/sega_per.a(per_prt.o)
SpScreenY           0x4               ../sbl6/segalib/lib/sega_spr.a(spr_1c.o)
SclK_TableBuff      0xcd0             ../sbl6/segalib/lib/sega_scl.a(scl_func.o)
SclAutoEndBlue2     0x2               ../sbl6/segalib/lib/sega_scl.a(scl_pri.o)
SpFbcrMode          0x2               ../sbl6/segalib/lib/sega_spr.a(spr_1c.o)
Sp2OpenFlag         0x4               ../sbl6/segalib/lib/sega_spr.a(spr_2c.o)
scfg3               0x8c              scroll.o
SclColOffset        0x10              ../sbl6/segalib/lib/sega_scl.a(scl_pri.o)
SclAddrCsTbl        0x8               ../sbl6/segalib/lib/sega_scl.a(scl_func.o)
scfg0               0x8c              scroll.o
SclPriBuffDirty     0x1               ../sbl6/segalib/lib/sega_scl.a(scl_pri.o)
SclAutoEndRed       0x2               ../sbl6/segalib/lib/sega_scl.a(scl_pri.o)
player              0x24              player.o
SclAutoSurface      0x4               ../sbl6/segalib/lib/sega_scl.a(scl_pri.o)
__interrupt_vector  0x400             ../sbl6/segalib/lib/sega_int.a(int.o)
per_hot_res         0x1               ../sbl6/segalib/lib/sega_per.a(per_prt.o)
SclCsx              0x8               ../sbl6/segalib/lib/sega_scl.a(scl_ro00.o)
Scl_s_reg           0x28              ../sbl6/segalib/lib/sega_scl.a(scl_func.o)
SclAutoGreen        0x2               ../sbl6/segalib/lib/sega_scl.a(scl_pri.o)
SclAutoEndGreen     0x2               ../sbl6/segalib/lib/sega_scl.a(scl_pri.o)
SclAutoCount        0x4               ../sbl6/segalib/lib/sega_scl.a(scl_pri.o)
SpGourTblMax        0x4               ../sbl6/segalib/lib/sega_spr.a(spr_2c.o)
SclColRamAlloc256   0x20              ../sbl6/segalib/lib/sega_scl.a(scl_pri.o)
SclRotateXy         0x8               ../sbl6/segalib/lib/sega_scl.a(scl_func.o)
SpDrawPrtyBlk       0x4               ../sbl6/segalib/lib/sega_spr.a(spr_2c.o)
SclAutoCurRate      0x1               ../sbl6/segalib/lib/sega_scl.a(scl_pri.o)
SpLCoordX           0x4               ../sbl6/segalib/lib/sega_spr.a(spr_2c.o)
maps                0x8               scroll.o
SpMstDrawPrtyBlk    0x4               ../sbl6/segalib/lib/sega_spr.a(spr_2c.o)
SclAutoPlusFlag     0x1               ../sbl6/segalib/lib/sega_scl.a(scl_pri.o)
per_set_sys_flg     0x1               ../sbl6/segalib/lib/sega_per.a(per_prt.o)
Scl_d_reg           0x48              ../sbl6/segalib/lib/sega_scl.a(scl_func.o)
SclRotateDisp       0x8               ../sbl6/segalib/lib/sega_scl.a(scl_func.o)
SpGourTbl           0x4               ../sbl6/segalib/lib/sega_spr.a(spr_2c.o)
SclSpColMix         0x8               ../sbl6/segalib/lib/sega_scl.a(scl_pri.o)
SpDil               0x2               ../sbl6/segalib/lib/sega_spr.a(spr_1c.o)
SpLookupTblR        0x2               ../sbl6/segalib/lib/sega_spr.a(spr_2c.o)
SclAutoMax          0x4               ../sbl6/segalib/lib/sega_scl.a(scl_pri.o)
SpCmdTbl            0x4               ../sbl6/segalib/lib/sega_spr.a(spr_2c.o)
SclRotateMoveZ      0x8               ../sbl6/segalib/lib/sega_scl.a(scl_func.o)
scfg2               0x8c              scroll.o
SclLineColRamOffset
                    0x4               ../sbl6/segalib/lib/sega_scl.a(scl_pri.o)
SclRotXySw          0x4               ../sbl6/segalib/lib/sega_scl.a(scl_func.o)
per_get_time_adr    0x4               ../sbl6/segalib/lib/sega_per.a(per_prt.o)
SclColRamAlloc2048  0x4               ../sbl6/segalib/lib/sega_scl.a(scl_pri.o)
SclBgPriNum         0x6               ../sbl6/segalib/lib/sega_scl.a(scl_pri.o)
SpCharMax           0x4               ../sbl6/segalib/lib/sega_spr.a(spr_2c.o)
SpDrawPrtyProcFlag  0x4               ../sbl6/segalib/lib/sega_spr.a(spr_2c.o)
SclAutoEndBlue      0x2               ../sbl6/segalib/lib/sega_scl.a(scl_pri.o)
SpCmdNo             0x4               ../sbl6/segalib/lib/sega_spr.a(spr_2c.o)
SclAutoEndGreen2    0x2               ../sbl6/segalib/lib/sega_scl.a(scl_pri.o)
Scl_r_reg           0x10              ../sbl6/segalib/lib/sega_scl.a(scl_func.o)
SclRPMD             0x2               ../sbl6/segalib/lib/sega_scl.a(scl_func.o)
SpDrawPrtyBlkMax    0x4               ../sbl6/segalib/lib/sega_spr.a(spr_2c.o)
SpDie               0x2               ../sbl6/segalib/lib/sega_spr.a(spr_1c.o)
SclAutoVeFlag       0x1               ../sbl6/segalib/lib/sega_scl.a(scl_pri.o)
SclBgColMix         0x8               ../sbl6/segalib/lib/sega_scl.a(scl_pri.o)
text                0x460             print.o
SpSlvCmdPos         0x4               ../sbl6/segalib/lib/sega_spr.a(spr_2c.o)
per_get_sys_data    0xc               ../sbl6/segalib/lib/sega_per.a(per_prt.o)
SclRbgKtbOffset     0x8               ../sbl6/segalib/lib/sega_scl.a(scl_func.o)
SclAutoIndex        0x4               ../sbl6/segalib/lib/sega_scl.a(scl_pri.o)
SclAutoEndRate      0x1               ../sbl6/segalib/lib/sega_scl.a(scl_pri.o)
SpSlvDrawPrtyBlk    0x4               ../sbl6/segalib/lib/sega_spr.a(spr_2c.o)
_SclRotregBuff      0xd0              ../sbl6/segalib/lib/sega_scl.a(scl_func.o)
SclAutoBlue         0x2               ../sbl6/segalib/lib/sega_scl.a(scl_pri.o)
SpTvMode            0x2               ../sbl6/segalib/lib/sega_spr.a(spr_1c.o)
SpScreenX           0x4               ../sbl6/segalib/lib/sega_spr.a(spr_1c.o)
SclRa               0x1               ../sbl6/segalib/lib/sega_scl.a(scl_func.o)
SclRotateZ          0x8               ../sbl6/segalib/lib/sega_scl.a(scl_func.o)
SpCharTbl           0x4               ../sbl6/segalib/lib/sega_spr.a(spr_2c.o)
SclAddrLsTbl        0x8               ../sbl6/segalib/lib/sega_scl.a(scl_func.o)
SclK_TableNum       0x8               ../sbl6/segalib/lib/sega_scl.a(scl_func.o)
SclAutoRed          0x2               ../sbl6/segalib/lib/sega_scl.a(scl_pri.o)
SpCmdTblR           0x2               ../sbl6/segalib/lib/sega_spr.a(spr_2c.o)
SclAutoInterval     0x4               ../sbl6/segalib/lib/sega_scl.a(scl_pri.o)
SclOtherPri         0x10              ../sbl6/segalib/lib/sega_scl.a(scl_pri.o)
per_time_out_flg    0x1               ../sbl6/segalib/lib/sega_per.a(per_prt.o)
SclRotateTableAddress
                    0x4               ../sbl6/segalib/lib/sega_scl.a(scl_func.o)
SpMstCmdPos         0x4               ../sbl6/segalib/lib/sega_spr.a(spr_2c.o)
SpSlvCmd            0x4               ../sbl6/segalib/lib/sega_spr.a(spr_2c.o)
scfg1               0x8c              scroll.o
SclAutoRGB          0x600             ../sbl6/segalib/lib/sega_scl.a(scl_pri.o)
errno               0x4               c:/saturn/SH_COFF/sh-coff/bin/../lib/gcc/sh-coff/3.4-GNUSH_v0501/../../../../sh-coff/lib\libc.a(syscalls.o)
SclK_TableFlag      0x4               ../sbl6/segalib/lib/sega_scl.a(scl_func.o)
tilemaps            0x4               scroll.o
SclAutoEndRed2      0x2               ../sbl6/segalib/lib/sega_scl.a(scl_pri.o)
SclCsy              0x8               ../sbl6/segalib/lib/sega_scl.a(scl_ro00.o)
SclSpPriNum         0x8               ../sbl6/segalib/lib/sega_scl.a(scl_pri.o)
Scl_w_reg           0x20              ../sbl6/segalib/lib/sega_scl.a(scl_func.o)
SpLCoordY           0x4               ../sbl6/segalib/lib/sega_spr.a(spr_2c.o)
Scl_n_reg           0x40              ../sbl6/segalib/lib/sega_scl.a(scl_func.o)

Memory Configuration

Name             Origin             Length             Attributes
*default*        0x00000000         0xffffffff

Linker script and memory map

LOAD ../sbl6/segasmp/lib/strt1_g.o
LOAD ../sbl6/segasmp/lib/strt2_g.o
LOAD vblank.o
LOAD ../sbl6/segasmp/per/smpclib/per_x1.o
LOAD ../sbl6/segasmp/per/smpclib/per_x2.o
LOAD ../sbl6/segasmp/per/smpclib/per_x3.o
LOAD collision.o
LOAD graphics.o
LOAD player.o
LOAD print.o
LOAD sprite.o
LOAD scroll.o
LOAD main.o
LOAD ../sbl6/segalib/lib/sega_int.a
LOAD ../sbl6/segalib/lib/sega_spr.a
LOAD ../sbl6/segalib/lib/sega_scl.a
LOAD ../sbl6/segalib/lib/sega_mth.a
LOAD ../sbl6/segalib/lib/sega_cdc.a
LOAD ../sbl6/segalib/lib/sega_adp.a
LOAD ../sbl6/segalib/lib/sega_per.a
LOAD ../sbl6/segalib/lib/sega_sat.a
LOAD c:/saturn/SH_COFF/sh-coff/bin/../lib/gcc/sh-coff/3.4-GNUSH_v0501\libgcc.a
LOAD c:/saturn/SH_COFF/sh-coff/bin/../lib/gcc/sh-coff/3.4-GNUSH_v0501/../../../../sh-coff/lib\libc.a
LOAD c:/saturn/SH_COFF/sh-coff/bin/../lib/gcc/sh-coff/3.4-GNUSH_v0501\libgcc.a

.text           0x06010000    0x1d280
 *(.text)
 .text          0x06010000       0x30 ../sbl6/segasmp/lib/strt1_g.o
                0x06010024                _D_END
                0x06010020                _D_BGN
                0x0601002c                _B_END
                0x06010028                _B_BGN
                0x06010000                START
 .text          0x06010030       0x60 ../sbl6/segasmp/lib/strt2_g.o
                0x06010050                _INITSCT
                0x06010030                _INIT
 .text          0x06010090      0x1b0 vblank.o
                0x06010090                SetVblank
                0x06010140                UsrVblankOut
                0x060100f0                UsrVblankIn
 .text          0x06010240      0x430 ../sbl6/segasmp/per/smpclib/per_x1.o
                0x060105d4                PER_GetAnalogXYZ
                0x06010264                PER_GetTriggerHandler
                0x060104fe                PER_GetEdge
                0x0601047c                PER_GetTrigger
                0x06010528                PER_GetPressEdge
                0x0601057c                PER_GetReleaseEdge
                0x06010240                PER_SetTriggerHandler
 .text          0x06010670      0x200 ../sbl6/segasmp/per/smpclib/per_x2.o
                0x06010774                PER_GetDeviceA
                0x06010670                PER_OpenPort
                0x060106a8                PER_GetPort
                0x060107ee                PER_GetDeviceR
 .text          0x06010870       0x20 ../sbl6/segasmp/per/smpclib/per_x3.o
                0x06010870                PER_DisguiseTrigger
 .text          0x06010890      0xe70 collision.o
                0x06011670                collision_detect_up_right
                0x06010900                over_air
                0x06010a20                collision_detect_down
                0x060116a0                collision_detect_down_left
                0x06010d40                collision_detect_left
                0x060116d0                collision_detect_down_right
                0x06010890                floor_tiles
                0x06011030                collision_detect_up
                0x06011640                collision_detect_up_left
                0x06011320                collision_detect_right
 .text          0x06011700    0x10250 graphics.o
                0x0602154c                font3
                0x06013700                cloud_pal
                0x0602184c                font0
                0x06015b00                map2
                0x0602074c                guy0
                0x06013b00                map3
                0x06020f4c                font9
                0x0601e74c                guyback1
                0x06017b00                map1
                0x0601ef4c                guyback0
                0x0602144c                font4
                0x0602124c                font6
                0x0602174c                font1
                0x0601ff4c                guy1
                0x06019b00                wood_chr
                0x0601d74c                guyside0
                0x0601c300                wood_pal
                0x0602114c                font7
                0x0601df4c                guyback2
                0x0601cf4c                guyside1
                0x0601c74c                guyside2
                0x0602164c                font2
                0x0602134c                font5
                0x0601f74c                guy2
                0x0601c700                dimensions
                0x0602104c                font8
                0x06011f00                cloud_chr
                0x06011700                map_cloud
 .text          0x06021950      0x4b0 player.o
                0x06021950                player_side
                0x06021960                player_down
                0x06021958                player_up
                0x06021968                states
                0x06021ab0                player_input
                0x06021990                player_init
                0x06021d40                player_draw
                0x060219d0                player_animate
 .text          0x06021e00      0x130 print.o
                0x06021e90                print_display
                0x06021e40                print_num
                0x06021e00                print_init
 .text          0x06021f30      0x410 sprite.o
                0x06021f30                sprite_init
                0x06022240                sprite_make
                0x060222b0                sprite_next
                0x06022310                sprite_delete
                0x06021fe0                sprite_draw
 .text          0x06022340      0xa70 scroll.o
                0x06022b60                scroll_transition
                0x06022340                scroll_move
                0x06022800                scroll_get
                0x06022850                scroll_copy
                0x06022450                scroll_set
                0x06022540                scroll_init
                0x06022480                scroll_scale
 .text          0x06022db0       0xe0 main.o
                0x06022db0                main
 .text          0x06022e90       0x40 ../sbl6/segalib/lib/sega_int.a(int.o)
                0x06022ebc                INT_GetScuFunc
                0x06022e90                INT_SetScuFunc
 .text          0x06022ed0      0x624 ../sbl6/segalib/lib/sega_int.a(int_trmp.o)
                0x06023038                __interrupt_handler60
                0x060231e8                __interrupt_handler132
                0x0602339e                __interrupt_handler205
                0x06023206                __interrupt_handler137
                0x06023134                __interrupt_handler102
                0x06022f72                __interrupt_handler27
                0x06023374                __interrupt_handler198
                0x06023266                __interrupt_handler153
                0x06022f4e                __interrupt_handler21
                0x0602305c                __interrupt_handler66
                0x0602314c                __interrupt_handler106
                0x06023296                __interrupt_handler161
                0x060230e0                __interrupt_handler88
                0x060232ae                __interrupt_handler165
                0x060231be                __interrupt_handler125
                0x06022ef4                __interrupt_handler6
                0x06022f90                __interrupt_handler32
                0x0602334a                __interrupt_handler191
                0x06023464                __interrupt_handler238
                0x0602347c                __interrupt_handler242
                0x06023284                __interrupt_handler158
                0x060230ec                __interrupt_handler90
                0x060232a8                __interrupt_handler164
                0x06022fcc                __interrupt_handler42
                0x0602330e                __interrupt_handler181
                0x06023416                __interrupt_handler225
                0x060234be                __interrupt_handler253
                0x060232d2                __interrupt_handler171
                0x0602308c                __interrupt_handler74
                0x06022ee2                __interrupt_handler3
                0x06023026                __interrupt_handler57
                0x06022f24                __interrupt_handler14
                0x060233bc                __interrupt_handler210
                0x060233ec                __interrupt_handler218
                0x060233b0                __interrupt_handler208
                0x06022fb4                __interrupt_handler38
                0x06022ed0                __interrupt_handler0
                0x06023140                __interrupt_handler104
                0x0602327e                __interrupt_handler157
                0x060233ce                __interrupt_handler213
                0x060232c0                __interrupt_handler168
                0x060230ce                __interrupt_handler85
                0x0602316a                __interrupt_handler111
                0x0602317c                __interrupt_handler114
                0x06022fea                __interrupt_handler47
                0x06023440                __interrupt_handler232
                0x0602340a                __interrupt_handler223
                0x0602345e                __interrupt_handler237
                0x0602304a                __interrupt_handler63
                0x06022fd8                __interrupt_handler44
                0x060232ea                __interrupt_handler175
                0x06023314                __interrupt_handler182
                0x0602332c                __interrupt_handler186
                0x0602322a                __interrupt_handler143
                0x06023152                __interrupt_handler107
                0x060231b8                __interrupt_handler124
                0x060232d8                __interrupt_handler172
                0x0602348e                __interrupt_handler245
                0x0602310a                __interrupt_handler95
                0x060231e2                __interrupt_handler131
                0x060231f4                __interrupt_handler134
                0x06023212                __interrupt_handler139
                0x06023080                __interrupt_handler72
                0x0602343a                __interrupt_handler231
                0x06023290                __interrupt_handler160
                0x060231d6                __interrupt_handler129
                0x06022f48                __interrupt_handler20
                0x06023056                __interrupt_handler65
                0x06023020                __interrupt_handler56
                0x06022f1e                __interrupt_handler13
                0x060233b6                __interrupt_handler209
                0x06023170                __interrupt_handler112
                0x06022f42                __interrupt_handler19
                0x060230fe                __interrupt_handler93
                0x06023368                __interrupt_handler196
                0x0602325a                __interrupt_handler151
                0x060232ba                __interrupt_handler167
                0x060234d0                __trampoline
                0x06022f36                __interrupt_handler17
                0x06023428                __interrupt_handler228
                0x060234ca                __interrupt_handler255
                0x06023488                __interrupt_handler244
                0x06023122                __interrupt_handler99
                0x0602331a                __interrupt_handler183
                0x06023218                __interrupt_handler140
                0x0602333e                __interrupt_handler189
                0x0602323c                __interrupt_handler146
                0x06023404                __interrupt_handler222
                0x06023278                __interrupt_handler156
                0x060231ac                __interrupt_handler122
                0x060234a0                __interrupt_handler248
                0x06022ff0                __interrupt_handler48
                0x0602306e                __interrupt_handler69
                0x06022f60                __interrupt_handler24
                0x060230e6                __interrupt_handler89
                0x060233da                __interrupt_handler215
                0x060234c4                __interrupt_handler254
                0x060230da                __interrupt_handler87
                0x0602303e                __interrupt_handler61
                0x06023362                __interrupt_handler195
                0x06023254                __interrupt_handler150
                0x06022fc6                __interrupt_handler41
                0x06023164                __interrupt_handler110
                0x060231ca                __interrupt_handler127
                0x06023158                __interrupt_handler108
                0x06023176                __interrupt_handler113
                0x06023188                __interrupt_handler116
                0x060231a6                __interrupt_handler121
                0x0602309e                __interrupt_handler77
                0x06022fba                __interrupt_handler39
                0x06022fd2                __interrupt_handler43
                0x060234a6                __interrupt_handler249
                0x060232e4                __interrupt_handler174
                0x06023200                __interrupt_handler136
                0x06023338                __interrupt_handler188
                0x06023236                __interrupt_handler145
                0x06022f06                __interrupt_handler9
                0x060230aa                __interrupt_handler79
                0x06023422                __interrupt_handler227
                0x06022f9c                __interrupt_handler34
                0x060231dc                __interrupt_handler130
                0x0602349a                __interrupt_handler247
                0x06023092                __interrupt_handler75
                0x060232de                __interrupt_handler173
                0x0602300e                __interrupt_handler53
                0x0602324e                __interrupt_handler149
                0x060234b2                __interrupt_handler251
                0x06023446                __interrupt_handler233
                0x06022f0c                __interrupt_handler10
                0x06023398                __interrupt_handler204
                0x060230bc                __interrupt_handler82
                0x060230c2                __interrupt_handler83
                0x06022f66                __interrupt_handler25
                0x06023482                __interrupt_handler243
                0x0602329c                __interrupt_handler162
                0x06022fe4                __interrupt_handler46
                0x060232fc                __interrupt_handler178
                0x060230b0                __interrupt_handler80
                0x06023044                __interrupt_handler62
                0x06022edc                __interrupt_handler2
                0x06022f7e                __interrupt_handler29
                0x06023074                __interrupt_handler70
                0x0602315e                __interrupt_handler109
                0x06023248                __interrupt_handler148
                0x06023104                __interrupt_handler94
                0x06023410                __interrupt_handler224
                0x0602313a                __interrupt_handler103
                0x06022fa8                __interrupt_handler36
                0x060231c4                __interrupt_handler126
                0x06023494                __interrupt_handler246
                0x0602301a                __interrupt_handler55
                0x06022f18                __interrupt_handler12
                0x06023008                __interrupt_handler52
                0x06023332                __interrupt_handler187
                0x06023230                __interrupt_handler144
                0x0602318e                __interrupt_handler117
                0x06022f3c                __interrupt_handler18
                0x0602336e                __interrupt_handler197
                0x06023260                __interrupt_handler152
                0x06023194                __interrupt_handler118
                0x060232cc                __interrupt_handler170
                0x06023386                __interrupt_handler201
                0x06023116                __interrupt_handler97
                0x060232a2                __interrupt_handler163
                0x06023308                __interrupt_handler180
                0x06023350                __interrupt_handler192
                0x06023470                __interrupt_handler240
                0x060231b2                __interrupt_handler123
                0x060233d4                __interrupt_handler214
                0x06022f8a                __interrupt_handler31
                0x06022f78                __interrupt_handler28
                0x06023062                __interrupt_handler67
                0x06023068                __interrupt_handler68
                0x06022f54                __interrupt_handler22
                0x06022f5a                __interrupt_handler23
                0x060232f0                __interrupt_handler176
                0x06022efa                __interrupt_handler7
                0x060233fe                __interrupt_handler221
                0x060233e6                __interrupt_handler217
                0x0602342e                __interrupt_handler229
                0x06022ff6                __interrupt_handler49
                0x06022ee8                __interrupt_handler4
                0x06022fc0                __interrupt_handler40
                0x06023182                __interrupt_handler115
                0x06023452                __interrupt_handler235
                0x060230f2                __interrupt_handler91
                0x060233a4                __interrupt_handler206
                0x060232f6                __interrupt_handler177
                0x06023242                __interrupt_handler147
                0x06022fae                __interrupt_handler37
                0x060234ac                __interrupt_handler250
                0x06022ed6                __interrupt_handler1
                0x060233f2                __interrupt_handler219
                0x06023098                __interrupt_handler76
                0x06023128                __interrupt_handler100
                0x0602302c                __interrupt_handler58
                0x06022f2a                __interrupt_handler15
                0x060233c8                __interrupt_handler212
                0x06023476                __interrupt_handler241
                0x0602338c                __interrupt_handler202
                0x06023356                __interrupt_handler193
                0x060230a4                __interrupt_handler78
                0x06022ffc                __interrupt_handler50
                0x06022f96                __interrupt_handler33
                0x060232b4                __interrupt_handler166
                0x0602320c                __interrupt_handler138
                0x060231fa                __interrupt_handler135
                0x06022f84                __interrupt_handler30
                0x06023320                __interrupt_handler184
                0x0602321e                __interrupt_handler141
                0x06023434                __interrupt_handler230
                0x06023458                __interrupt_handler236
                0x0602319a                __interrupt_handler119
                0x060230d4                __interrupt_handler86
                0x06023146                __interrupt_handler105
                0x060230b6                __interrupt_handler81
                0x060231a0                __interrupt_handler120
                0x060231d0                __interrupt_handler128
                0x06023014                __interrupt_handler54
                0x06022f12                __interrupt_handler11
                0x0602337a                __interrupt_handler199
                0x0602326c                __interrupt_handler154
                0x06022fde                __interrupt_handler45
                0x060233e0                __interrupt_handler216
                0x06023392                __interrupt_handler203
                0x0602312e                __interrupt_handler101
                0x060230c8                __interrupt_handler84
                0x06023326                __interrupt_handler185
                0x06023224                __interrupt_handler142
                0x06022f6c                __interrupt_handler26
                0x06023050                __interrupt_handler64
                0x06023380                __interrupt_handler200
                0x060233aa                __interrupt_handler207
                0x0602335c                __interrupt_handler194
                0x060230f8                __interrupt_handler92
                0x06023272                __interrupt_handler155
                0x060233c2                __interrupt_handler211
                0x060231ee                __interrupt_handler133
                0x06022eee                __interrupt_handler5
                0x06023086                __interrupt_handler73
                0x06022f30                __interrupt_handler16
                0x0602346a                __interrupt_handler239
                0x0602344c                __interrupt_handler234
                0x06022fa2                __interrupt_handler35
                0x06023032                __interrupt_handler59
                0x060232c6                __interrupt_handler169
                0x0602311c                __interrupt_handler98
                0x0602307a                __interrupt_handler71
                0x06023002                __interrupt_handler51
                0x0602328a                __interrupt_handler159
                0x0602341c                __interrupt_handler226
                0x06023110                __interrupt_handler96
                0x06023344                __interrupt_handler190
                0x060233f8                __interrupt_handler220
                0x06022f00                __interrupt_handler8
                0x06023302                __interrupt_handler179
                0x060234b8                __interrupt_handler252
 *fill*         0x060234f4        0xc 00
 .text          0x06023500     0x12a0 ../sbl6/segalib/lib/sega_spr.a(spr_2c.o)
                0x06024760                SlaveFlushDrawPrtyBlock
                0x06023500                SPR_2Initial
                0x06023d44                SPR_2SysClip
                0x06023ce4                SPR_2LocalCoord
                0x060245dc                SPR_2FlushDrawPrtyBlock
                0x060242c8                SPR_2DistSpr
                0x06023ccc                SPR_2FlushDrawPrty
                0x060243ec                SPR_2Cmd
                0x060239c8                SPR_2GourTblNoToVram
                0x06023a28                SPR_2GetAreaSizeInfo
                0x06023790                SPR_2SetGourTbl
                0x06023f7c                SPR_2Polygon
                0x06023a04                SPR_2CharNoToVram
                0x06023710                SPR_2SetTvMode
                0x06023b6c                SPR_2CloseCommand
                0x0602374c                SPR_2FrameEraseData
                0x06023528                SPR_2Initial2
                0x0602415c                SPR_2ScaleSpr
                0x06023dec                SPR_2Line
                0x06023ab8                SPR_2OpenCommand
                0x0602372c                SPR_2FrameChgIntr
                0x06024038                SPR_2NormSpr
                0x060237c0                SPR_2SetLookupTbl
                0x060237f4                SPR_2SetChar
                0x060239ec                SPR_2LookupTblNoToVram
                0x06023ec0                SPR_2PolyLine
                0x06023960                SPR_2ClrAllChar
                0x06023914                SPR_2ClrChar
                0x06023d90                SPR_2UserClip
 .text          0x060247a0      0x1e6 ../sbl6/segalib/lib/sega_spr.a(spr_slv.o)
                0x06024904                SPR_WaitEndSlaveSH
                0x060247a0                SPR_SMPC_SSHON
                0x060248e0                SPR_RunSlaveSH
                0x060247a4                SPR_InitSlaveSH
                0x0602486c                SPR_SlaveSHmain
                0x060247a1                SPR_SMPC_SSHOFF
 *fill*         0x06024986        0xa 00
 .text          0x06024990      0x36a ../sbl6/segalib/lib/sega_spr.a(spr_1c.o)
                0x06024c44                SPR_WaitDrawEnd
                0x06024c5c                SPR_SetEosMode
                0x06024b74                SPR_SetEraseData
                0x06024990                SPR_Initial
                0x06024a68                SPR_SetTvMode
                0x06024b00                SPR_GetStatus
 *fill*         0x06024cfa        0x6 00
 .text          0x06024d00      0x244 ../sbl6/segalib/lib/sega_spr.a(spr_2a.o)
                0x06024d12                sprMemCpyW
                0x06024d70                flushDrawPrtyBlock
                0x06024d00                sprMemCpyL
                0x06024d24                SPR_2SetDrawPrty
 *fill*         0x06024f44        0xc 00
 .text          0x06024f50      0x2fc ../sbl6/segalib/lib/sega_scl.a(scl_vblv.o)
                0x0602500c                SCL_DisplayFrame
                0x06024f50                SCL_SetFrameInterval
                0x06025040                SCL_VblInit
                0x06025090                SCL_VblankStart
                0x060250d4                SCL_VblankEnd
 *fill*         0x0602524c        0x4 00
 .text          0x06025250      0xb9c ../sbl6/segalib/lib/sega_scl.a(scl_func.o)
                0x06025c2c                SCL_Vdp2_SGLInit
                0x06025b3c                SCL_PriIntProc
                0x06025ab4                SCL_Memcpyw
                0x06025dcc                SCL_SglOff
                0x06025dac                SCL_SglOn
                0x06025a20                SCL_ScrollShow
                0x060254c8                SCL_Close
                0x060257c0                SCL_Scale
                0x06025250                SCL_Vdp2Init
                0x06025634                SCL_Move
                0x060258fc                SCL_CopyReg
                0x060254a4                SCL_Open
                0x060252d4                SCL_ParametersInit
                0x060254e4                SCL_MoveTo
                0x06025adc                SCL_SetColRamMode
 *fill*         0x06025dec        0x4 00
 .text          0x06025df0      0x138 ../sbl6/segalib/lib/sega_scl.a(scl_pr03.o)
                0x06025df0                SCL_FreeColRam
                0x06025e28                SCL_AllocColRam
 *fill*         0x06025f28        0x8 00
 .text          0x06025f30       0x9c ../sbl6/segalib/lib/sega_scl.a(scl_pr02.o)
                0x06025f30                SCL_SetColRam
 *fill*         0x06025fcc        0x4 00
 .text          0x06025fd0       0x84 ../sbl6/segalib/lib/sega_scl.a(scl_back.o)
                0x06025fd0                SCL_SetBack
 *fill*         0x06026054        0xc 00
 .text          0x06026060      0x94c ../sbl6/segalib/lib/sega_scl.a(scl_fu03.o)
                0x060260bc                SCL_SetConfig
                0x06026060                SCL_InitConfigTb
 *fill*         0x060269ac        0x4 00
 .text          0x060269b0      0x4f4 ../sbl6/segalib/lib/sega_scl.a(scl_fu02.o)
                0x060269e8                SCL_SetVramConfig
                0x060269b0                SCL_InitVramConfigTb
 *fill*         0x06026ea4        0xc 00
 .text          0x06026eb0       0x28 ../sbl6/segalib/lib/sega_scl.a(scl_fu04.o)
                0x06026eb0                SCL_SetCycleTable
 *fill*         0x06026ed8        0x8 00
 .text          0x06026ee0      0x214 ../sbl6/segalib/lib/sega_scl.a(scl_pr07.o)
                0x06026ee0                SCL_SetPriority
 *fill*         0x060270f4        0xc 00
 .text          0x06027100     0x10a4 ../sbl6/segalib/lib/sega_scl.a(scl_pri.o)
                0x06027194                SCL_AbortAutoVe
                0x06028044                SCL_SetShadowBit
                0x0602760c                SCL_AutoExec
                0x06027100                SCL_PriorityInit
                0x06027b20                SCL_IncColOffset
                0x060271a8                SCL_SetColMixRate
                0x06027178                SCL_GetColRamMode
 *fill*         0x060281a4        0xc 00
 .text          0x060281b0       0x58 ../sbl6/segalib/lib/sega_scl.a(scl_pr01.o)
                0x060281b0                SCL_SetSpriteMode
 *fill*         0x06028208        0x8 00
 .text          0x06028210     0x1394 ../sbl6/segalib/lib/sega_scl.a(scl_ro00.o)
                0x060293fc                SCL_RotateZD
                0x060286c4                SCL_Rotate
                0x06028398                SCL_InitRotateTable
 *fill*         0x060295a4        0xc 00
 .text          0x060295b0      0x1b4 ../sbl6/segalib/lib/sega_scl.a(scl_pr06.o)
                0x060295b0                SCL_SetColRamOffset
 *fill*         0x06029764        0xc 00
 .text          0x06029770       0xac ../sbl6/segalib/lib/sega_scl.a(scl_pr05.o)
                0x06029770                SCL_GetColRamOffset
 *fill*         0x0602981c        0x4 00
 .text          0x06029820       0xa4 ../sbl6/segalib/lib/sega_mth.a(mth_fixd.o)
                0x06029870                MTH_FixedToInt
                0x06029860                MTH_IntToFixed
                0x06029820                MTH_Mul
                0x06029880                MTH_Product
                0x06029840                MTH_Div
 *fill*         0x060298c4        0xc 00
 .text          0x060298d0      0x600 ../sbl6/segalib/lib/sega_mth.a(mth_tri.o)
                0x0602996c                fcos
                0x06029972                fsin
                0x0602991c                MTH_Cos
                0x060298d0                MTH_Sin
                0x06029b10                MTH_Atan
 .text          0x06029ed0      0xf50 ../sbl6/segalib/lib/sega_per.a(per_prt.o)
                0x0602a2f0                PER_IntFunc
                0x0602a0e8                PER_LGetPer
                0x06029ed0                PER_LInit
 .text          0x0602ae20      0x1f4 ../sbl6/segalib/lib/sega_sat.a(DMA_SCU1.o)
                0x0602af7c                DMA_ScuResult
                0x0602ae20                DMA_ScuInit
                0x0602ae70                DMA_ScuMemCopy
 *fill*         0x0602b014        0xc 00
 .text          0x0602b020      0x308 ../sbl6/segalib/lib/sega_sat.a(DMA_SCU0.o)
                0x0602b0a4                DMA_ScuStart
                0x0602b1d8                DMA_ScuIntFunc0
                0x0602b248                DMA_ScuIntFunc1
                0x0602b2b8                DMA_ScuIntFunc2
                0x0602b198                DMA_ScuGetStatus
                0x0602b020                DMA_ScuSetPrm
 *fill*         0x0602b328        0x8 00
 .text          0x0602b330       0xe8 ../sbl6/segalib/lib/sega_sat.a(csh_main.o)
                0x0602b330                CSH_Init
                0x0602b398                CSH_AllClr
                0x0602b3e4                CSH_Purge
 *fill*         0x0602b418        0x8 00
 .text          0x0602b420       0x90 c:/saturn/SH_COFF/sh-coff/bin/../lib/gcc/sh-coff/3.4-GNUSH_v0501\libgcc.a(_ashiftlt.o)
                0x0602b420                __ashlsi3
 .text          0x0602b4b0       0xb0 c:/saturn/SH_COFF/sh-coff/bin/../lib/gcc/sh-coff/3.4-GNUSH_v0501\libgcc.a(_movstr.o)
                0x0602b4f0                __movstrSI16
                0x0602b4c4                __movstrSI60
                0x0602b4d0                __movstrSI48
                0x0602b4cc                __movstrSI52
                0x0602b4c0                __movstrSI64
                0x0602b4d4                __movstrSI44
                0x0602b4d8                __movstrSI40
                0x0602b4dc                __movstrSI36
                0x0602b510                __movstr
                0x0602b4c8                __movstrSI56
                0x0602b4e4                __movstrSI28
                0x0602b4e0                __movstrSI32
                0x0602b4f4                __movstrSI12
                0x0602b4f8                __movstrSI8
                0x0602b500                __movstrSI0
                0x0602b4e8                __movstrSI24
                0x0602b4ec                __movstrSI20
                0x0602b4fc                __movstrSI4
 .text          0x0602b560       0xa0 c:/saturn/SH_COFF/sh-coff/bin/../lib/gcc/sh-coff/3.4-GNUSH_v0501\libgcc.a(__main.o)
                0x0602b5d4                __main
                0x0602b560                __do_global_dtors
                0x0602b594                __do_global_ctors
 .text          0x0602b600       0x70 c:/saturn/SH_COFF/sh-coff/bin/../lib/gcc/sh-coff/3.4-GNUSH_v0501\libgcc.a(_udivsi3.o)
                0x0602b622                __udivsi3
 .text          0x0602b670       0x60 c:/saturn/SH_COFF/sh-coff/bin/../lib/gcc/sh-coff/3.4-GNUSH_v0501\libgcc.a(_ashiftrt.o)
                0x0602b67c                __ashiftrt_r4_27
                0x0602b6b0                __ashiftrt_r4_6
                0x0602b6a0                __ashiftrt_r4_14
                0x0602b692                __ashiftrt_r4_19
                0x0602b6aa                __ashiftrt_r4_9
                0x0602b6be                __ashiftrt_r4_0
                0x0602b670                __ashiftrt_r4_31
                0x0602b67e                __ashiftrt_r4_26
                0x0602b68c                __ashiftrt_r4_22
                0x0602b698                __ashiftrt_r4_16
                0x0602b6a4                __ashiftrt_r4_12
                0x0602b678                __ashiftrt_r4_29
                0x0602b696                __ashiftrt_r4_17
                0x0602b676                __ashiftrt_r4_30
                0x0602b6b2                __ashiftrt_r4_5
                0x0602b6ac                __ashiftrt_r4_8
                0x0602b670                __ashiftrt_r4_32
                0x0602b680                __ashiftrt_r4_25
                0x0602b6b8                __ashiftrt_r4_2
                0x0602b682                __ashiftrt_r4_24
                0x0602b69e                __ashiftrt_r4_15
                0x0602b6a8                __ashiftrt_r4_10
                0x0602b6ba                __ashiftrt_r4_1
                0x0602b67a                __ashiftrt_r4_28
                0x0602b690                __ashiftrt_r4_20
                0x0602b6ae                __ashiftrt_r4_7
                0x0602b6a2                __ashiftrt_r4_13
                0x0602b6a6                __ashiftrt_r4_11
                0x0602b6b4                __ashiftrt_r4_4
                0x0602b68a                __ashiftrt_r4_23
                0x0602b694                __ashiftrt_r4_18
                0x0602b68e                __ashiftrt_r4_21
                0x0602b6b6                __ashiftrt_r4_3
 .text          0x0602b6d0       0xb0 c:/saturn/SH_COFF/sh-coff/bin/../lib/gcc/sh-coff/3.4-GNUSH_v0501\libgcc.a(_si_to_df.o)
                0x0602b6d0                __floatsidf
 .text          0x0602b780      0x2e0 c:/saturn/SH_COFF/sh-coff/bin/../lib/gcc/sh-coff/3.4-GNUSH_v0501\libgcc.a(_mul_df.o)
                0x0602b790                __muldf3
 .text          0x0602ba60       0x80 c:/saturn/SH_COFF/sh-coff/bin/../lib/gcc/sh-coff/3.4-GNUSH_v0501\libgcc.a(_df_to_si.o)
                0x0602ba60                __fixdfsi
 .text          0x0602bae0      0x220 c:/saturn/SH_COFF/sh-coff/bin/../lib/gcc/sh-coff/3.4-GNUSH_v0501\libgcc.a(_pack_df.o)
                0x0602baf0                __pack_d
 .text          0x0602bd00      0x120 c:/saturn/SH_COFF/sh-coff/bin/../lib/gcc/sh-coff/3.4-GNUSH_v0501\libgcc.a(_unpack_df.o)
                0x0602bd10                __unpack_d
 .text          0x0602be20       0x20 c:/saturn/SH_COFF/sh-coff/bin/../lib/gcc/sh-coff/3.4-GNUSH_v0501\libgcc.a(_thenan_df.o)
                0x0602be20                __thenan_df
 .text          0x0602be40       0xd0 c:/saturn/SH_COFF/sh-coff/bin/../lib/gcc/sh-coff/3.4-GNUSH_v0501\libgcc.a(_muldi3.o)
                0x0602be40                __muldi3
 .text          0x0602bf10       0x80 c:/saturn/SH_COFF/sh-coff/bin/../lib/gcc/sh-coff/3.4-GNUSH_v0501\libgcc.a(_lshrdi3.o)
                0x0602bf10                __lshrdi3
 .text          0x0602bf90       0x80 c:/saturn/SH_COFF/sh-coff/bin/../lib/gcc/sh-coff/3.4-GNUSH_v0501\libgcc.a(_ashldi3.o)
                0x0602bf90                __ashldi3
 .text          0x0602c010       0x30 c:/saturn/SH_COFF/sh-coff/bin/../lib/gcc/sh-coff/3.4-GNUSH_v0501\libgcc.a(_mulsi3.o)
                0x0602c010                __mulsi3
 .text          0x0602c040       0x90 c:/saturn/SH_COFF/sh-coff/bin/../lib/gcc/sh-coff/3.4-GNUSH_v0501\libgcc.a(_lshiftrt.o)
                0x0602c040                __lshrsi3
 .text          0x0602c0d0       0xa0 c:/saturn/SH_COFF/sh-coff/bin/../lib/gcc/sh-coff/3.4-GNUSH_v0501/../../../../sh-coff/lib\libc.a(memcpy.o)
                0x0602c0d0                memcpy
 .text          0x0602c170       0x40 c:/saturn/SH_COFF/sh-coff/bin/../lib/gcc/sh-coff/3.4-GNUSH_v0501/../../../../sh-coff/lib\libc.a(memset.o)
                0x0602c170                memset
 .text          0x0602c1b0       0x90 c:/saturn/SH_COFF/sh-coff/bin/../lib/gcc/sh-coff/3.4-GNUSH_v0501/../../../../sh-coff/lib\libc.a(atexit.o)
                0x0602c1b0                atexit
 .text          0x0602c240       0x10 c:/saturn/SH_COFF/sh-coff/bin/../lib/gcc/sh-coff/3.4-GNUSH_v0501/../../../../sh-coff/lib\libc.a(impure.o)
                0x0602c240                _global_impure_ptr
 .text          0x0602c250       0x40 c:/saturn/SH_COFF/sh-coff/bin/../lib/gcc/sh-coff/3.4-GNUSH_v0501/../../../../sh-coff/lib\libc.a(malloc.o)
                0x0602c26c                free
                0x0602c250                malloc
 .text          0x0602c290      0x5b0 c:/saturn/SH_COFF/sh-coff/bin/../lib/gcc/sh-coff/3.4-GNUSH_v0501/../../../../sh-coff/lib\libc.a(mallocr.o)
                0x0602c290                _malloc_r
 .text          0x0602c840      0x340 c:/saturn/SH_COFF/sh-coff/bin/../lib/gcc/sh-coff/3.4-GNUSH_v0501/../../../../sh-coff/lib\libc.a(freer.o)
                0x0602c840                _malloc_trim_r
                0x0602c934                _free_r
 .text          0x0602cb80       0x20 c:/saturn/SH_COFF/sh-coff/bin/../lib/gcc/sh-coff/3.4-GNUSH_v0501/../../../../sh-coff/lib\libc.a(mlock.o)
                0x0602cb80                __malloc_lock
                0x0602cb8c                __malloc_unlock
 .text          0x0602cba0       0x50 c:/saturn/SH_COFF/sh-coff/bin/../lib/gcc/sh-coff/3.4-GNUSH_v0501/../../../../sh-coff/lib\libc.a(sbrkr.o)
                0x0602cba0                _sbrk_r
 .text          0x0602cbf0      0x380 c:/saturn/SH_COFF/sh-coff/bin/../lib/gcc/sh-coff/3.4-GNUSH_v0501/../../../../sh-coff/lib\libc.a(syscalls.o)
                0x0602cd5c                _exit
                0x0602cd90                _getpid
                0x0602cdf8                _utime
                0x0602cc28                _write
                0x0602cbf0                _read
                0x0602cd44                _unlink
                0x0602cd0c                _open
                0x0602cda8                _stat
                0x0602cd50                isatty
                0x0602ce28                _wait
                0x0602cd74                _kill
                0x0602cdc4                _chmod
                0x0602ce58                _execv
                0x0602ce3c                _execve
                0x0602cf34                __setup_argv_and_call_main
                0x0602ce90                _gettimeofday
                0x0602cc5c                _link
                0x0602cd9c                _raise
                0x0602cd28                _creat
                0x0602ce70                _pipe
                0x0602cddc                _chown
                0x0602cc0c                _lseek
                0x0602cc44                _close
                0x0602ce84                _times
                0x0602ccf8                _fstat
                0x0602ce14                _fork
                0x0602cc84                _sbrk
 .text          0x0602cf70       0x20 c:/saturn/SH_COFF/sh-coff/bin/../lib/gcc/sh-coff/3.4-GNUSH_v0501/../../../../sh-coff/lib\libc.a(trap.o)
                0x0602cf70                __trap34
 .text          0x0602cf90       0x20 c:/saturn/SH_COFF/sh-coff/bin/../lib/gcc/sh-coff/3.4-GNUSH_v0501/../../../../sh-coff/lib\libc.a(abort.o)
                0x0602cf90                abort
 .text          0x0602cfb0      0x270 c:/saturn/SH_COFF/sh-coff/bin/../lib/gcc/sh-coff/3.4-GNUSH_v0501/../../../../sh-coff/lib\libc.a(signal.o)
                0x0602d070                _raise_r
                0x0602d1f8                __sigtramp
                0x0602d1a4                raise
                0x0602d1e0                _init_signal
                0x0602d130                __sigtramp_r
                0x0602d1c0                signal
                0x0602cffc                _signal_r
                0x0602cfb0                _init_signal_r
 .text          0x0602d220       0x60 c:/saturn/SH_COFF/sh-coff/bin/../lib/gcc/sh-coff/3.4-GNUSH_v0501/../../../../sh-coff/lib\libc.a(signalr.o)
                0x0602d268                _getpid_r
                0x0602d220                _kill_r
 *(.strings)

.tors           0x0602d280        0x0
                0x0602d280                ___ctors = .
 *(.ctors)
                0x0602d280                ___ctors_end = .
                0x0602d280                ___dtors = .
 *(.dtors)
                0x0602d280                ___dtors_end = .

.data           0x0602d280     0x1120
                0x0602d280                STARTOF_R = .
 *(.data)
 .data          0x0602d280      0x400 ../sbl6/segasmp/per/smpclib/per_x1.o
 .data          0x0602d680       0x50 graphics.o
                0x0602d680                tiles
 .data          0x0602d6d0       0x30 sprite.o
 .data          0x0602d700       0x20 scroll.o
                0x0602d700                CycleTb
                0x0602d710                vram
 .data          0x0602d720       0x10 main.o
                0x0602d720                levels
 .data          0x0602d730      0x400 ../sbl6/segalib/lib/sega_int.a(int.o)
 .data          0x0602db30       0x1c ../sbl6/segalib/lib/sega_spr.a(spr_slv.o)
                0x0602db38                SPR_SlaveParam
                0x0602db48                SPR_SMPC_SF
                0x0602db40                SPR_SMPC_COM
                0x0602db3c                SPR_SlaveSHEntry
                0x0602db34                SPR_SlaveState
                0x0602db30                SPR_SlaveCommand
                0x0602db44                SPR_SMPC_RET
 *fill*         0x0602db4c        0x4 00
 .data          0x0602db50       0x34 ../sbl6/segalib/lib/sega_spr.a(spr_1c.o)
                0x0602db50                SpInitialFlag
 *fill*         0x0602db84        0xc 00
 .data          0x0602db90       0x1c ../sbl6/segalib/lib/sega_scl.a(scl_vblv.o)
                0x0602db98                VBInterval
                0x0602dba0                ReqDisplayFlag
                0x0602db90                SpFrameChgMode
                0x0602db9c                VBIntervalCounter
                0x0602db94                SpFrameEraseMode
 *fill*         0x0602dbac        0x4 00
 .data          0x0602dbb0       0x36 ../sbl6/segalib/lib/sega_scl.a(scl_func.o)
                0x0602dbc0                SclRotregBuff
                0x0602dbbc                SclDisplayY
                0x0602dbc4                SclRotateTableMode
                0x0602dbb8                SclProcess
                0x0602dbb4                SclCurSclNum
                0x0602dbb0                SclLengthLsTbl
                0x0602dbba                SclDisplayX
                0x0602dbb2                SclLengthCsTbl
 *fill*         0x0602dbe6        0xa 00
 .data          0x0602dbf0       0x18 ../sbl6/segalib/lib/sega_scl.a(scl_pri.o)
                0x0602dbf4                SclRealSpPriNum
                0x0602dc04                SclRealColOffset
                0x0602dc00                SclRealBgColMix
                0x0602dbfc                SclRealSpColMix
                0x0602dbf8                SclRealBgPriNum
                0x0602dbf0                SclRealOtherPri
 *fill*         0x0602dc08        0x8 00
 .data          0x0602dc10      0x380 c:/saturn/SH_COFF/sh-coff/bin/../lib/gcc/sh-coff/3.4-GNUSH_v0501/../../../../sh-coff/lib\libc.a(impure.o)
                0x0602df8c                _impure_ptr
 .data          0x0602df90      0x410 c:/saturn/SH_COFF/sh-coff/bin/../lib/gcc/sh-coff/3.4-GNUSH_v0501/../../../../sh-coff/lib\libc.a(mallocr.o)
                0x0602df98                __malloc_av_
                0x0602df94                __malloc_trim_threshold
                0x0602df90                __malloc_sbrk_base
                0x0602e3a0                SIZEOF_R = (. - STARTOF_R)
                0x0602e3a0                ENDOF_R = .

.bss            0x0602e3a0     0x74e4
                0x0602e3a0                STARTOF_B = .
 *(.bss)
 .bss           0x0602e3a0       0x10 vblank.o
                0x0602e3a4                PadData2E
                0x0602e3aa                PadData1
                0x0602e3a6                PadData2
                0x0602e3a8                PadData1E
                0x0602e3a0                __port
 .bss           0x0602e3b0       0xd0 ../sbl6/segasmp/per/smpclib/per_x2.o
 .bss           0x0602e480       0x10 player.o
                0x0602e480                anim_cursor
 .bss           0x0602e490     0x3440 sprite.o
                0x0602e490                num_sprites
 .bss           0x060318d0       0x50 scroll.o
                0x060318e8                map_tiles_x
                0x060318f0                scrolls_y
                0x060318d0                scroll_transition_state
                0x060318e0                map_tiles_y
                0x060318d8                copy_modes
                0x06031900                scrolls_x
                0x060318d4                curr_map
 .bss           0x06031920       0x6e ../sbl6/segalib/lib/sega_spr.a(spr_2c.o)
 *fill*         0x0603198e        0x2 00
 .bss           0x06031990        0x4 ../sbl6/segalib/lib/sega_scl.a(scl_vblv.o)
 *fill*         0x06031994        0xc 00
 .bss           0x060319a0        0x4 ../sbl6/segalib/lib/sega_scl.a(scl_func.o)
 *fill*         0x060319a4        0xc 00
 .bss           0x060319b0       0x48 ../sbl6/segalib/lib/sega_scl.a(scl_ro00.o)
 *fill*         0x060319f8        0x8 00
 .bss           0x06031a00       0x9c ../sbl6/segalib/lib/sega_per.a(per_prt.o)
 *fill*         0x06031a9c        0x4 00
 .bss           0x06031aa0        0xc ../sbl6/segalib/lib/sega_sat.a(DMA_SCU1.o)
 *fill*         0x06031aac        0x4 00
 .bss           0x06031ab0       0x20 ../sbl6/segalib/lib/sega_sat.a(DMA_SCU0.o)
 .bss           0x06031ad0       0x10 c:/saturn/SH_COFF/sh-coff/bin/../lib/gcc/sh-coff/3.4-GNUSH_v0501\libgcc.a(__main.o)
 .bss           0x06031ae0       0x10 c:/saturn/SH_COFF/sh-coff/bin/../lib/gcc/sh-coff/3.4-GNUSH_v0501/../../../../sh-coff/lib\libc.a(atexit.o)
 .bss           0x06031af0       0x40 c:/saturn/SH_COFF/sh-coff/bin/../lib/gcc/sh-coff/3.4-GNUSH_v0501/../../../../sh-coff/lib\libc.a(mallocr.o)
                0x06031b20                __malloc_top_pad
                0x06031af0                __malloc_current_mallinfo
                0x06031b1c                __malloc_max_sbrked_mem
                0x06031b18                __malloc_max_total_mem
 .bss           0x06031b30       0x10 c:/saturn/SH_COFF/sh-coff/bin/../lib/gcc/sh-coff/3.4-GNUSH_v0501/../../../../sh-coff/lib\libc.a(syscalls.o)
 *(COMMON)
 COMMON         0x06031b40       0x24 player.o
                                  0x0 (size before relaxing)
                0x06031b40                player
 *fill*         0x06031b64        0xc 00
 COMMON         0x06031b70     0x2080 print.o
                                  0x0 (size before relaxing)
                0x06031b70                sprites
                0x06033790                text
 COMMON         0x06033bf0      0x250 scroll.o
                                  0x0 (size before relaxing)
                0x06033bf0                scfg3
                0x06033c80                scfg0
                0x06033d10                maps
                0x06033d20                scfg2
                0x06033db0                scfg1
                0x06033e3c                tilemaps
 COMMON         0x06033e40      0x400 ../sbl6/segalib/lib/sega_int.a(int.o)
                                  0x0 (size before relaxing)
                0x06033e40                __interrupt_vector
 COMMON         0x06034240       0x50 ../sbl6/segalib/lib/sega_spr.a(spr_2c.o)
                                  0x0 (size before relaxing)
                0x06034240                SpMstCmd
                0x06034244                Sp2OpenFlag
                0x06034248                SpGourTblMax
                0x0603424c                SpDrawPrtyBlk
                0x06034250                SpLCoordX
                0x06034254                SpMstDrawPrtyBlk
                0x06034258                SpGourTbl
                0x0603425c                SpLookupTblR
                0x06034260                SpCmdTbl
                0x06034264                SpCharMax
                0x06034268                SpDrawPrtyProcFlag
                0x0603426c                SpCmdNo
                0x06034270                SpDrawPrtyBlkMax
                0x06034274                SpSlvCmdPos
                0x06034278                SpSlvDrawPrtyBlk
                0x0603427c                SpCharTbl
                0x06034280                SpCmdTblR
                0x06034284                SpMstCmdPos
                0x06034288                SpSlvCmd
                0x0603428c                SpLCoordY
 COMMON         0x06034290       0x10 ../sbl6/segalib/lib/sega_spr.a(spr_1c.o)
                                  0x0 (size before relaxing)
                0x06034290                SpScreenY
                0x06034294                SpFbcrMode
                0x06034296                SpDil
                0x06034298                SpDie
                0x0603429a                SpTvMode
                0x0603429c                SpScreenX
 COMMON         0x060342a0      0xf00 ../sbl6/segalib/lib/sega_scl.a(scl_func.o)
                                  0x0 (size before relaxing)
                0x060342a0                SclRbgKtbAddr
                0x060342a8                SclRb
                0x060342aa                Scl_flag
                0x060342b0                SclK_TableBuff
                0x06034f80                SclAddrCsTbl
                0x06034f90                Scl_s_reg
                0x06034fb8                SclRotateXy
                0x06034fc0                Scl_d_reg
                0x06035008                SclRotateDisp
                0x06035010                SclRotateMoveZ
                0x06035018                SclRotXySw
                0x06035020                Scl_r_reg
                0x06035030                SclRPMD
                0x06035038                SclRbgKtbOffset
                0x06035040                _SclRotregBuff
                0x06035110                SclRa
                0x06035118                SclRotateZ
                0x06035120                SclAddrLsTbl
                0x06035128                SclK_TableNum
                0x06035130                SclRotateTableAddress
                0x06035134                SclK_TableFlag
                0x06035140                Scl_w_reg
                0x06035160                Scl_n_reg
 COMMON         0x060351a0      0x6b0 ../sbl6/segalib/lib/sega_scl.a(scl_pri.o)
                                  0x0 (size before relaxing)
                0x060351a0                SclAutoEndBlue2
                0x060351b0                SclColOffset
                0x060351c0                SclPriBuffDirty
                0x060351c2                SclAutoEndRed
                0x060351c4                SclAutoSurface
                0x060351c8                SclAutoGreen
                0x060351ca                SclAutoEndGreen
                0x060351cc                SclAutoCount
                0x060351d0                SclColRamAlloc256
                0x060351f0                SclAutoCurRate
                0x060351f1                SclAutoPlusFlag
                0x060351f8                SclSpColMix
                0x06035200                SclAutoMax
                0x06035204                SclLineColRamOffset
                0x06035208                SclColRamAlloc2048
                0x0603520c                SclBgPriNum
                0x06035212                SclAutoEndBlue
                0x06035214                SclAutoEndGreen2
                0x06035216                SclAutoVeFlag
                0x06035218                SclBgColMix
                0x06035220                SclAutoIndex
                0x06035224                SclAutoEndRate
                0x06035226                SclAutoBlue
                0x06035228                SclAutoRed
                0x0603522c                SclAutoInterval
                0x06035230                SclOtherPri
                0x06035240                SclAutoRGB
                0x06035840                SclAutoEndRed2
                0x06035848                SclSpPriNum
 COMMON         0x06035850       0x10 ../sbl6/segalib/lib/sega_scl.a(scl_ro00.o)
                                  0x0 (size before relaxing)
                0x06035850                SclCsx
                0x06035858                SclCsy
 COMMON         0x06035860       0x15 ../sbl6/segalib/lib/sega_per.a(per_prt.o)
                                  0x0 (size before relaxing)
                0x06035860                per_get_time_flg
                0x06035861                per_hot_res
                0x06035862                per_set_sys_flg
                0x06035864                per_get_time_adr
                0x06035868                per_get_sys_data
                0x06035874                per_time_out_flg
 *fill*         0x06035875        0xb 00
 COMMON         0x06035880        0x4 c:/saturn/SH_COFF/sh-coff/bin/../lib/gcc/sh-coff/3.4-GNUSH_v0501/../../../../sh-coff/lib\libc.a(syscalls.o)
                                  0x0 (size before relaxing)
                0x06035880                errno
                0x06035884                SIZEOF_B = (. - STARTOF_B)
                0x06035884                ENDOF_B = .
                0x06035884                _end = .
OUTPUT(main.cof coff-sh)

.comment        0x06035890      0x400
 .comment       0x06035890       0x20 ../sbl6/segasmp/lib/strt2_g.o
 .comment       0x060358b0       0x20 vblank.o
 .comment       0x060358d0       0x20 ../sbl6/segasmp/per/smpclib/per_x1.o
 .comment       0x060358f0       0x20 ../sbl6/segasmp/per/smpclib/per_x2.o
 .comment       0x06035910       0x20 collision.o
 .comment       0x06035930       0x20 graphics.o
 .comment       0x06035950       0x20 player.o
 .comment       0x06035970       0x20 print.o
 .comment       0x06035990       0x20 sprite.o
 .comment       0x060359b0       0x20 scroll.o
 .comment       0x060359d0       0x20 main.o
 .comment       0x060359f0       0x20 c:/saturn/SH_COFF/sh-coff/bin/../lib/gcc/sh-coff/3.4-GNUSH_v0501\libgcc.a(__main.o)
 .comment       0x06035a10       0x20 c:/saturn/SH_COFF/sh-coff/bin/../lib/gcc/sh-coff/3.4-GNUSH_v0501\libgcc.a(_si_to_df.o)
 .comment       0x06035a30       0x20 c:/saturn/SH_COFF/sh-coff/bin/../lib/gcc/sh-coff/3.4-GNUSH_v0501\libgcc.a(_mul_df.o)
 .comment       0x06035a50       0x20 c:/saturn/SH_COFF/sh-coff/bin/../lib/gcc/sh-coff/3.4-GNUSH_v0501\libgcc.a(_df_to_si.o)
 .comment       0x06035a70       0x20 c:/saturn/SH_COFF/sh-coff/bin/../lib/gcc/sh-coff/3.4-GNUSH_v0501\libgcc.a(_pack_df.o)
 .comment       0x06035a90       0x20 c:/saturn/SH_COFF/sh-coff/bin/../lib/gcc/sh-coff/3.4-GNUSH_v0501\libgcc.a(_unpack_df.o)
 .comment       0x06035ab0       0x20 c:/saturn/SH_COFF/sh-coff/bin/../lib/gcc/sh-coff/3.4-GNUSH_v0501\libgcc.a(_thenan_df.o)
 .comment       0x06035ad0       0x20 c:/saturn/SH_COFF/sh-coff/bin/../lib/gcc/sh-coff/3.4-GNUSH_v0501\libgcc.a(_muldi3.o)
 .comment       0x06035af0       0x20 c:/saturn/SH_COFF/sh-coff/bin/../lib/gcc/sh-coff/3.4-GNUSH_v0501\libgcc.a(_lshrdi3.o)
 .comment       0x06035b10       0x20 c:/saturn/SH_COFF/sh-coff/bin/../lib/gcc/sh-coff/3.4-GNUSH_v0501\libgcc.a(_ashldi3.o)
 .comment       0x06035b30       0x20 c:/saturn/SH_COFF/sh-coff/bin/../lib/gcc/sh-coff/3.4-GNUSH_v0501/../../../../sh-coff/lib\libc.a(atexit.o)
 .comment       0x06035b50       0x20 c:/saturn/SH_COFF/sh-coff/bin/../lib/gcc/sh-coff/3.4-GNUSH_v0501/../../../../sh-coff/lib\libc.a(impure.o)
 .comment       0x06035b70       0x20 c:/saturn/SH_COFF/sh-coff/bin/../lib/gcc/sh-coff/3.4-GNUSH_v0501/../../../../sh-coff/lib\libc.a(malloc.o)
 .comment       0x06035b90       0x20 c:/saturn/SH_COFF/sh-coff/bin/../lib/gcc/sh-coff/3.4-GNUSH_v0501/../../../../sh-coff/lib\libc.a(mallocr.o)
 .comment       0x06035bb0       0x20 c:/saturn/SH_COFF/sh-coff/bin/../lib/gcc/sh-coff/3.4-GNUSH_v0501/../../../../sh-coff/lib\libc.a(freer.o)
 .comment       0x06035bd0       0x20 c:/saturn/SH_COFF/sh-coff/bin/../lib/gcc/sh-coff/3.4-GNUSH_v0501/../../../../sh-coff/lib\libc.a(mlock.o)
 .comment       0x06035bf0       0x20 c:/saturn/SH_COFF/sh-coff/bin/../lib/gcc/sh-coff/3.4-GNUSH_v0501/../../../../sh-coff/lib\libc.a(sbrkr.o)
 .comment       0x06035c10       0x20 c:/saturn/SH_COFF/sh-coff/bin/../lib/gcc/sh-coff/3.4-GNUSH_v0501/../../../../sh-coff/lib\libc.a(syscalls.o)
 .comment       0x06035c30       0x20 c:/saturn/SH_COFF/sh-coff/bin/../lib/gcc/sh-coff/3.4-GNUSH_v0501/../../../../sh-coff/lib\libc.a(abort.o)
 .comment       0x06035c50       0x20 c:/saturn/SH_COFF/sh-coff/bin/../lib/gcc/sh-coff/3.4-GNUSH_v0501/../../../../sh-coff/lib\libc.a(signal.o)
 .comment       0x06035c70       0x20 c:/saturn/SH_COFF/sh-coff/bin/../lib/gcc/sh-coff/3.4-GNUSH_v0501/../../../../sh-coff/lib\libc.a(signalr.o)
