Archive member included because of file (symbol)

../sbl6/segalib/lib/sega_int.a(int.o)
                              vblank.o (INT_SetScuFunc)
../sbl6/segalib/lib/sega_int.a(int_trmp.o)
                              ../sbl6/segalib/lib/sega_int.a(int.o) (__interrupt_handler0)
../sbl6/segalib/lib/sega_spr.a(spr_2c.o)
                              main.o (SPR_2Initial)
../sbl6/segalib/lib/sega_spr.a(spr_slv.o)
                              ../sbl6/segalib/lib/sega_spr.a(spr_2c.o) (SPR_InitSlaveSH)
../sbl6/segalib/lib/sega_spr.a(spr_1c.o)
                              ../sbl6/segalib/lib/sega_spr.a(spr_2c.o) (SPR_Initial)
../sbl6/segalib/lib/sega_spr.a(spr_2a.o)
                              ../sbl6/segalib/lib/sega_spr.a(spr_2c.o) (SPR_2SetDrawPrty)
../sbl6/segalib/lib/sega_scl.a(scl_vblv.o)
                              ../sbl6/segalib/lib/sega_spr.a(spr_1c.o) (SpFrameChgMode)
../sbl6/segalib/lib/sega_scl.a(scl_func.o)
                              main.o (SCL_Vdp2Init)
../sbl6/segalib/lib/sega_scl.a(scl_pr03.o)
                              scroll.o (SCL_AllocColRam)
../sbl6/segalib/lib/sega_scl.a(scl_pr02.o)
                              scroll.o (SCL_SetColRam)
../sbl6/segalib/lib/sega_scl.a(scl_back.o)
                              scroll.o (SCL_SetBack)
../sbl6/segalib/lib/sega_scl.a(scl_fu03.o)
                              scroll.o (SCL_InitConfigTb)
../sbl6/segalib/lib/sega_scl.a(scl_fu02.o)
                              scroll.o (SCL_InitVramConfigTb)
../sbl6/segalib/lib/sega_scl.a(scl_fu04.o)
                              scroll.o (SCL_SetCycleTable)
../sbl6/segalib/lib/sega_scl.a(scl_pr07.o)
                              main.o (SCL_SetPriority)
../sbl6/segalib/lib/sega_scl.a(scl_pr01.o)
                              main.o (SCL_SetSpriteMode)
../sbl6/segalib/lib/sega_scl.a(scl_pri.o)
                              ../sbl6/segalib/lib/sega_scl.a(scl_func.o) (SclRealOtherPri)
../sbl6/segalib/lib/sega_scl.a(scl_ro00.o)
                              ../sbl6/segalib/lib/sega_scl.a(scl_func.o) (SCL_Rotate)
../sbl6/segalib/lib/sega_scl.a(scl_pr06.o)
                              ../sbl6/segalib/lib/sega_scl.a(scl_pr03.o) (SCL_SetColRamOffset)
../sbl6/segalib/lib/sega_scl.a(scl_pr05.o)
                              ../sbl6/segalib/lib/sega_scl.a(scl_pr02.o) (SCL_GetColRamOffset)
../sbl6/segalib/lib/sega_mth.a(mth_fixd.o)
                              sprite.o (MTH_Mul)
../sbl6/segalib/lib/sega_mth.a(mth_tri.o)
                              sprite.o (MTH_Sin)
../sbl6/segalib/lib/sega_per.a(per_prt.o)
                              ../sbl6/segasmp/per/smpclib/per_x2.o (PER_LInit)
../sbl6/segalib/lib/sega_sat.a(DMA_SCU1.o)
                              ../sbl6/segalib/lib/sega_spr.a(spr_2c.o) (DMA_ScuMemCopy)
../sbl6/segalib/lib/sega_sat.a(DMA_SCU0.o)
                              ../sbl6/segalib/lib/sega_sat.a(DMA_SCU1.o) (DMA_ScuSetPrm)
../sbl6/segalib/lib/sega_sat.a(csh_main.o)
                              ../sbl6/segalib/lib/sega_sat.a(DMA_SCU1.o) (CSH_Purge)
c:/saturn/SH_COFF/sh-coff/bin/../lib/gcc/sh-coff/3.4-GNUSH_v0501\libgcc.a(_ashiftlt.o)
                              scroll.o (__ashlsi3)
c:/saturn/SH_COFF/sh-coff/bin/../lib/gcc/sh-coff/3.4-GNUSH_v0501\libgcc.a(__main.o)
                              main.o (__main)
c:/saturn/SH_COFF/sh-coff/bin/../lib/gcc/sh-coff/3.4-GNUSH_v0501\libgcc.a(_udivsi3.o)
                              ../sbl6/segalib/lib/sega_scl.a(scl_fu03.o) (__udivsi3)
c:/saturn/SH_COFF/sh-coff/bin/../lib/gcc/sh-coff/3.4-GNUSH_v0501\libgcc.a(_ashiftrt.o)
                              ../sbl6/segalib/lib/sega_scl.a(scl_ro00.o) (__ashiftrt_r4_6)
c:/saturn/SH_COFF/sh-coff/bin/../lib/gcc/sh-coff/3.4-GNUSH_v0501\libgcc.a(_si_to_df.o)
                              ../sbl6/segalib/lib/sega_scl.a(scl_ro00.o) (__floatsidf)
c:/saturn/SH_COFF/sh-coff/bin/../lib/gcc/sh-coff/3.4-GNUSH_v0501\libgcc.a(_mul_df.o)
                              ../sbl6/segalib/lib/sega_scl.a(scl_ro00.o) (__muldf3)
c:/saturn/SH_COFF/sh-coff/bin/../lib/gcc/sh-coff/3.4-GNUSH_v0501\libgcc.a(_df_to_si.o)
                              ../sbl6/segalib/lib/sega_scl.a(scl_ro00.o) (__fixdfsi)
c:/saturn/SH_COFF/sh-coff/bin/../lib/gcc/sh-coff/3.4-GNUSH_v0501\libgcc.a(_pack_df.o)
                              c:/saturn/SH_COFF/sh-coff/bin/../lib/gcc/sh-coff/3.4-GNUSH_v0501\libgcc.a(_si_to_df.o) (__pack_d)
c:/saturn/SH_COFF/sh-coff/bin/../lib/gcc/sh-coff/3.4-GNUSH_v0501\libgcc.a(_unpack_df.o)
                              c:/saturn/SH_COFF/sh-coff/bin/../lib/gcc/sh-coff/3.4-GNUSH_v0501\libgcc.a(_mul_df.o) (__unpack_d)
c:/saturn/SH_COFF/sh-coff/bin/../lib/gcc/sh-coff/3.4-GNUSH_v0501\libgcc.a(_thenan_df.o)
                              c:/saturn/SH_COFF/sh-coff/bin/../lib/gcc/sh-coff/3.4-GNUSH_v0501\libgcc.a(_mul_df.o) (__thenan_df)
c:/saturn/SH_COFF/sh-coff/bin/../lib/gcc/sh-coff/3.4-GNUSH_v0501\libgcc.a(_muldi3.o)
                              c:/saturn/SH_COFF/sh-coff/bin/../lib/gcc/sh-coff/3.4-GNUSH_v0501\libgcc.a(_mul_df.o) (__muldi3)
c:/saturn/SH_COFF/sh-coff/bin/../lib/gcc/sh-coff/3.4-GNUSH_v0501\libgcc.a(_lshrdi3.o)
                              c:/saturn/SH_COFF/sh-coff/bin/../lib/gcc/sh-coff/3.4-GNUSH_v0501\libgcc.a(_df_to_si.o) (__lshrdi3)
c:/saturn/SH_COFF/sh-coff/bin/../lib/gcc/sh-coff/3.4-GNUSH_v0501\libgcc.a(_ashldi3.o)
                              c:/saturn/SH_COFF/sh-coff/bin/../lib/gcc/sh-coff/3.4-GNUSH_v0501\libgcc.a(_pack_df.o) (__ashldi3)
c:/saturn/SH_COFF/sh-coff/bin/../lib/gcc/sh-coff/3.4-GNUSH_v0501\libgcc.a(_mulsi3.o)
                              c:/saturn/SH_COFF/sh-coff/bin/../lib/gcc/sh-coff/3.4-GNUSH_v0501\libgcc.a(_muldi3.o) (__mulsi3)
c:/saturn/SH_COFF/sh-coff/bin/../lib/gcc/sh-coff/3.4-GNUSH_v0501\libgcc.a(_lshiftrt.o)
                              c:/saturn/SH_COFF/sh-coff/bin/../lib/gcc/sh-coff/3.4-GNUSH_v0501\libgcc.a(_lshrdi3.o) (__lshrsi3)
c:/saturn/SH_COFF/sh-coff/bin/../lib/gcc/sh-coff/3.4-GNUSH_v0501/../../../../sh-coff/lib\libc.a(memcpy.o)
                              scroll.o (memcpy)
c:/saturn/SH_COFF/sh-coff/bin/../lib/gcc/sh-coff/3.4-GNUSH_v0501/../../../../sh-coff/lib\libc.a(memset.o)
                              ../sbl6/segalib/lib/sega_spr.a(spr_2c.o) (memset)
c:/saturn/SH_COFF/sh-coff/bin/../lib/gcc/sh-coff/3.4-GNUSH_v0501/../../../../sh-coff/lib\libc.a(atexit.o)
                              c:/saturn/SH_COFF/sh-coff/bin/../lib/gcc/sh-coff/3.4-GNUSH_v0501\libgcc.a(__main.o) (atexit)
c:/saturn/SH_COFF/sh-coff/bin/../lib/gcc/sh-coff/3.4-GNUSH_v0501/../../../../sh-coff/lib\libc.a(impure.o)
                              c:/saturn/SH_COFF/sh-coff/bin/../lib/gcc/sh-coff/3.4-GNUSH_v0501/../../../../sh-coff/lib\libc.a(atexit.o) (_impure_ptr)
c:/saturn/SH_COFF/sh-coff/bin/../lib/gcc/sh-coff/3.4-GNUSH_v0501/../../../../sh-coff/lib\libc.a(malloc.o)
                              c:/saturn/SH_COFF/sh-coff/bin/../lib/gcc/sh-coff/3.4-GNUSH_v0501/../../../../sh-coff/lib\libc.a(atexit.o) (malloc)
c:/saturn/SH_COFF/sh-coff/bin/../lib/gcc/sh-coff/3.4-GNUSH_v0501/../../../../sh-coff/lib\libc.a(mallocr.o)
                              c:/saturn/SH_COFF/sh-coff/bin/../lib/gcc/sh-coff/3.4-GNUSH_v0501/../../../../sh-coff/lib\libc.a(malloc.o) (_malloc_r)
c:/saturn/SH_COFF/sh-coff/bin/../lib/gcc/sh-coff/3.4-GNUSH_v0501/../../../../sh-coff/lib\libc.a(freer.o)
                              c:/saturn/SH_COFF/sh-coff/bin/../lib/gcc/sh-coff/3.4-GNUSH_v0501/../../../../sh-coff/lib\libc.a(malloc.o) (_free_r)
c:/saturn/SH_COFF/sh-coff/bin/../lib/gcc/sh-coff/3.4-GNUSH_v0501/../../../../sh-coff/lib\libc.a(mlock.o)
                              c:/saturn/SH_COFF/sh-coff/bin/../lib/gcc/sh-coff/3.4-GNUSH_v0501/../../../../sh-coff/lib\libc.a(mallocr.o) (__malloc_lock)
c:/saturn/SH_COFF/sh-coff/bin/../lib/gcc/sh-coff/3.4-GNUSH_v0501/../../../../sh-coff/lib\libc.a(sbrkr.o)
                              c:/saturn/SH_COFF/sh-coff/bin/../lib/gcc/sh-coff/3.4-GNUSH_v0501/../../../../sh-coff/lib\libc.a(mallocr.o) (_sbrk_r)
c:/saturn/SH_COFF/sh-coff/bin/../lib/gcc/sh-coff/3.4-GNUSH_v0501/../../../../sh-coff/lib\libc.a(syscalls.o)
                              c:/saturn/SH_COFF/sh-coff/bin/../lib/gcc/sh-coff/3.4-GNUSH_v0501/../../../../sh-coff/lib\libc.a(sbrkr.o) (_sbrk)
c:/saturn/SH_COFF/sh-coff/bin/../lib/gcc/sh-coff/3.4-GNUSH_v0501/../../../../sh-coff/lib\libc.a(trap.o)
                              c:/saturn/SH_COFF/sh-coff/bin/../lib/gcc/sh-coff/3.4-GNUSH_v0501/../../../../sh-coff/lib\libc.a(syscalls.o) (__trap34)
c:/saturn/SH_COFF/sh-coff/bin/../lib/gcc/sh-coff/3.4-GNUSH_v0501/../../../../sh-coff/lib\libc.a(abort.o)
                              c:/saturn/SH_COFF/sh-coff/bin/../lib/gcc/sh-coff/3.4-GNUSH_v0501/../../../../sh-coff/lib\libc.a(syscalls.o) (abort)
c:/saturn/SH_COFF/sh-coff/bin/../lib/gcc/sh-coff/3.4-GNUSH_v0501/../../../../sh-coff/lib\libc.a(signal.o)
                              c:/saturn/SH_COFF/sh-coff/bin/../lib/gcc/sh-coff/3.4-GNUSH_v0501/../../../../sh-coff/lib\libc.a(abort.o) (raise)
c:/saturn/SH_COFF/sh-coff/bin/../lib/gcc/sh-coff/3.4-GNUSH_v0501/../../../../sh-coff/lib\libc.a(signalr.o)
                              c:/saturn/SH_COFF/sh-coff/bin/../lib/gcc/sh-coff/3.4-GNUSH_v0501/../../../../sh-coff/lib\libc.a(signal.o) (_kill_r)

Allocating common symbols
Common symbol       size              file

SclRbgKtbAddr       0x8               ../sbl6/segalib/lib/sega_scl.a(scl_func.o)
sprites             0x1900            sprite.o
SpMstCmd            0x4               ../sbl6/segalib/lib/sega_spr.a(spr_2c.o)
SclRb               0x1               ../sbl6/segalib/lib/sega_scl.a(scl_func.o)
Scl_flag            0x2               ../sbl6/segalib/lib/sega_scl.a(scl_func.o)
per_get_time_flg    0x1               ../sbl6/segalib/lib/sega_per.a(per_prt.o)
SpScreenY           0x4               ../sbl6/segalib/lib/sega_spr.a(spr_1c.o)
SclK_TableBuff      0xcd0             ../sbl6/segalib/lib/sega_scl.a(scl_func.o)
SclAutoEndBlue2     0x2               ../sbl6/segalib/lib/sega_scl.a(scl_pri.o)
SpFbcrMode          0x2               ../sbl6/segalib/lib/sega_spr.a(spr_1c.o)
Sp2OpenFlag         0x4               ../sbl6/segalib/lib/sega_spr.a(spr_2c.o)
SclColOffset        0x10              ../sbl6/segalib/lib/sega_scl.a(scl_pri.o)
SclAddrCsTbl        0x8               ../sbl6/segalib/lib/sega_scl.a(scl_func.o)
SclPriBuffDirty     0x1               ../sbl6/segalib/lib/sega_scl.a(scl_pri.o)
SclAutoEndRed       0x2               ../sbl6/segalib/lib/sega_scl.a(scl_pri.o)
player              0x20              player.o
SclAutoSurface      0x4               ../sbl6/segalib/lib/sega_scl.a(scl_pri.o)
__interrupt_vector  0x400             ../sbl6/segalib/lib/sega_int.a(int.o)
per_hot_res         0x1               ../sbl6/segalib/lib/sega_per.a(per_prt.o)
SclCsx              0x8               ../sbl6/segalib/lib/sega_scl.a(scl_ro00.o)
Scl_s_reg           0x28              ../sbl6/segalib/lib/sega_scl.a(scl_func.o)
SclAutoGreen        0x2               ../sbl6/segalib/lib/sega_scl.a(scl_pri.o)
SclAutoEndGreen     0x2               ../sbl6/segalib/lib/sega_scl.a(scl_pri.o)
SclAutoCount        0x4               ../sbl6/segalib/lib/sega_scl.a(scl_pri.o)
SpGourTblMax        0x4               ../sbl6/segalib/lib/sega_spr.a(spr_2c.o)
SclColRamAlloc256   0x20              ../sbl6/segalib/lib/sega_scl.a(scl_pri.o)
SclRotateXy         0x8               ../sbl6/segalib/lib/sega_scl.a(scl_func.o)
SpDrawPrtyBlk       0x4               ../sbl6/segalib/lib/sega_spr.a(spr_2c.o)
SclAutoCurRate      0x1               ../sbl6/segalib/lib/sega_scl.a(scl_pri.o)
SpLCoordX           0x4               ../sbl6/segalib/lib/sega_spr.a(spr_2c.o)
maps                0x10              scroll.o
SpMstDrawPrtyBlk    0x4               ../sbl6/segalib/lib/sega_spr.a(spr_2c.o)
SclAutoPlusFlag     0x1               ../sbl6/segalib/lib/sega_scl.a(scl_pri.o)
per_set_sys_flg     0x1               ../sbl6/segalib/lib/sega_per.a(per_prt.o)
Scl_d_reg           0x48              ../sbl6/segalib/lib/sega_scl.a(scl_func.o)
SclRotateDisp       0x8               ../sbl6/segalib/lib/sega_scl.a(scl_func.o)
SpGourTbl           0x4               ../sbl6/segalib/lib/sega_spr.a(spr_2c.o)
SclSpColMix         0x8               ../sbl6/segalib/lib/sega_scl.a(scl_pri.o)
SpDil               0x2               ../sbl6/segalib/lib/sega_spr.a(spr_1c.o)
SpLookupTblR        0x2               ../sbl6/segalib/lib/sega_spr.a(spr_2c.o)
SclAutoMax          0x4               ../sbl6/segalib/lib/sega_scl.a(scl_pri.o)
SpCmdTbl            0x4               ../sbl6/segalib/lib/sega_spr.a(spr_2c.o)
SclRotateMoveZ      0x8               ../sbl6/segalib/lib/sega_scl.a(scl_func.o)
SclLineColRamOffset
                    0x4               ../sbl6/segalib/lib/sega_scl.a(scl_pri.o)
SclRotXySw          0x4               ../sbl6/segalib/lib/sega_scl.a(scl_func.o)
per_get_time_adr    0x4               ../sbl6/segalib/lib/sega_per.a(per_prt.o)
SclColRamAlloc2048  0x4               ../sbl6/segalib/lib/sega_scl.a(scl_pri.o)
SclBgPriNum         0x6               ../sbl6/segalib/lib/sega_scl.a(scl_pri.o)
SpCharMax           0x4               ../sbl6/segalib/lib/sega_spr.a(spr_2c.o)
SpDrawPrtyProcFlag  0x4               ../sbl6/segalib/lib/sega_spr.a(spr_2c.o)
SclAutoEndBlue      0x2               ../sbl6/segalib/lib/sega_scl.a(scl_pri.o)
SpCmdNo             0x4               ../sbl6/segalib/lib/sega_spr.a(spr_2c.o)
SclAutoEndGreen2    0x2               ../sbl6/segalib/lib/sega_scl.a(scl_pri.o)
Scl_r_reg           0x10              ../sbl6/segalib/lib/sega_scl.a(scl_func.o)
SclRPMD             0x2               ../sbl6/segalib/lib/sega_scl.a(scl_func.o)
SpDrawPrtyBlkMax    0x4               ../sbl6/segalib/lib/sega_spr.a(spr_2c.o)
SpDie               0x2               ../sbl6/segalib/lib/sega_spr.a(spr_1c.o)
SclAutoVeFlag       0x1               ../sbl6/segalib/lib/sega_scl.a(scl_pri.o)
SclBgColMix         0x8               ../sbl6/segalib/lib/sega_scl.a(scl_pri.o)
text                0x460             print.o
SpSlvCmdPos         0x4               ../sbl6/segalib/lib/sega_spr.a(spr_2c.o)
per_get_sys_data    0xc               ../sbl6/segalib/lib/sega_per.a(per_prt.o)
SclRbgKtbOffset     0x8               ../sbl6/segalib/lib/sega_scl.a(scl_func.o)
SclAutoIndex        0x4               ../sbl6/segalib/lib/sega_scl.a(scl_pri.o)
SclAutoEndRate      0x1               ../sbl6/segalib/lib/sega_scl.a(scl_pri.o)
SpSlvDrawPrtyBlk    0x4               ../sbl6/segalib/lib/sega_spr.a(spr_2c.o)
_SclRotregBuff      0xd0              ../sbl6/segalib/lib/sega_scl.a(scl_func.o)
SclAutoBlue         0x2               ../sbl6/segalib/lib/sega_scl.a(scl_pri.o)
SpTvMode            0x2               ../sbl6/segalib/lib/sega_spr.a(spr_1c.o)
SpScreenX           0x4               ../sbl6/segalib/lib/sega_spr.a(spr_1c.o)
SclRa               0x1               ../sbl6/segalib/lib/sega_scl.a(scl_func.o)
SclRotateZ          0x8               ../sbl6/segalib/lib/sega_scl.a(scl_func.o)
SpCharTbl           0x4               ../sbl6/segalib/lib/sega_spr.a(spr_2c.o)
SclAddrLsTbl        0x8               ../sbl6/segalib/lib/sega_scl.a(scl_func.o)
SclK_TableNum       0x8               ../sbl6/segalib/lib/sega_scl.a(scl_func.o)
SclAutoRed          0x2               ../sbl6/segalib/lib/sega_scl.a(scl_pri.o)
SpCmdTblR           0x2               ../sbl6/segalib/lib/sega_spr.a(spr_2c.o)
SclAutoInterval     0x4               ../sbl6/segalib/lib/sega_scl.a(scl_pri.o)
SclOtherPri         0x10              ../sbl6/segalib/lib/sega_scl.a(scl_pri.o)
per_time_out_flg    0x1               ../sbl6/segalib/lib/sega_per.a(per_prt.o)
SclRotateTableAddress
                    0x4               ../sbl6/segalib/lib/sega_scl.a(scl_func.o)
SpMstCmdPos         0x4               ../sbl6/segalib/lib/sega_spr.a(spr_2c.o)
SpSlvCmd            0x4               ../sbl6/segalib/lib/sega_spr.a(spr_2c.o)
SclAutoRGB          0x600             ../sbl6/segalib/lib/sega_scl.a(scl_pri.o)
errno               0x4               c:/saturn/SH_COFF/sh-coff/bin/../lib/gcc/sh-coff/3.4-GNUSH_v0501/../../../../sh-coff/lib\libc.a(syscalls.o)
SclK_TableFlag      0x4               ../sbl6/segalib/lib/sega_scl.a(scl_func.o)
SclAutoEndRed2      0x2               ../sbl6/segalib/lib/sega_scl.a(scl_pri.o)
SclCsy              0x8               ../sbl6/segalib/lib/sega_scl.a(scl_ro00.o)
SclSpPriNum         0x8               ../sbl6/segalib/lib/sega_scl.a(scl_pri.o)
Scl_w_reg           0x20              ../sbl6/segalib/lib/sega_scl.a(scl_func.o)
SpLCoordY           0x4               ../sbl6/segalib/lib/sega_spr.a(spr_2c.o)
Scl_n_reg           0x40              ../sbl6/segalib/lib/sega_scl.a(scl_func.o)

Memory Configuration

Name             Origin             Length             Attributes
*default*        0x00000000         0xffffffff

Linker script and memory map

LOAD ../sbl6/segasmp/lib/strt1_g.o
LOAD ../sbl6/segasmp/lib/strt2_g.o
LOAD vblank.o
LOAD ../sbl6/segasmp/per/smpclib/per_x1.o
LOAD ../sbl6/segasmp/per/smpclib/per_x2.o
LOAD ../sbl6/segasmp/per/smpclib/per_x3.o
LOAD graphics.o
LOAD sprite.o
LOAD scroll.o
LOAD player.o
LOAD print.o
LOAD main.o
LOAD ../sbl6/segalib/lib/sega_int.a
LOAD ../sbl6/segalib/lib/sega_spr.a
LOAD ../sbl6/segalib/lib/sega_scl.a
LOAD ../sbl6/segalib/lib/sega_mth.a
LOAD ../sbl6/segalib/lib/sega_cdc.a
LOAD ../sbl6/segalib/lib/sega_adp.a
LOAD ../sbl6/segalib/lib/sega_per.a
LOAD ../sbl6/segalib/lib/sega_sat.a
LOAD c:/saturn/SH_COFF/sh-coff/bin/../lib/gcc/sh-coff/3.4-GNUSH_v0501\libgcc.a
LOAD c:/saturn/SH_COFF/sh-coff/bin/../lib/gcc/sh-coff/3.4-GNUSH_v0501/../../../../sh-coff/lib\libc.a
LOAD c:/saturn/SH_COFF/sh-coff/bin/../lib/gcc/sh-coff/3.4-GNUSH_v0501\libgcc.a

.text           0x06010000    0x188d0
 *(.text)
 .text          0x06010000       0x30 ../sbl6/segasmp/lib/strt1_g.o
                0x06010024                _D_END
                0x06010020                _D_BGN
                0x0601002c                _B_END
                0x06010028                _B_BGN
                0x06010000                START
 .text          0x06010030       0x60 ../sbl6/segasmp/lib/strt2_g.o
                0x06010050                _INITSCT
                0x06010030                _INIT
 .text          0x06010090      0x4b0 vblank.o
                0x06010090                SetVblank
                0x06010440                UsrVblankOut
                0x060100f0                UsrVblankIn
 .text          0x06010540      0x430 ../sbl6/segasmp/per/smpclib/per_x1.o
                0x060108d4                PER_GetAnalogXYZ
                0x06010564                PER_GetTriggerHandler
                0x060107fe                PER_GetEdge
                0x0601077c                PER_GetTrigger
                0x06010828                PER_GetPressEdge
                0x0601087c                PER_GetReleaseEdge
                0x06010540                PER_SetTriggerHandler
 .text          0x06010970      0x200 ../sbl6/segasmp/per/smpclib/per_x2.o
                0x06010a74                PER_GetDeviceA
                0x06010970                PER_OpenPort
                0x060109a8                PER_GetPort
                0x06010aee                PER_GetDeviceR
 .text          0x06010b70       0x20 ../sbl6/segasmp/per/smpclib/per_x3.o
                0x06010b70                PER_DisguiseTrigger
 .text          0x06010b90     0xbe50 graphics.o
                0x0601c5dc                font3
                0x0601c8dc                font0
                0x06010b90                map2
                0x0601b7dc                guy0
                0x0601bfdc                font9
                0x060197dc                guyback1
                0x06012b90                map1
                0x06019fdc                guyback0
                0x0601c4dc                font4
                0x0601c2dc                font6
                0x0601c7dc                font1
                0x0601afdc                guy1
                0x06014b90                wood_chr
                0x060187dc                guyside0
                0x06017390                wood_pal
                0x0601c1dc                font7
                0x06018fdc                guyback2
                0x06017fdc                guyside1
                0x060177dc                guyside2
                0x0601c6dc                font2
                0x0601c3dc                font5
                0x0601a7dc                guy2
                0x06017790                dimensions
                0x0601c0dc                font8
 .text          0x0601c9e0      0x380 sprite.o
                0x0601c9e0                draw_sprite
                0x0601ccd0                next_sprite
                0x0601cc80                make_sprite
                0x0601cd30                delete_sprite
 .text          0x0601cd60      0x400 scroll.o
                0x0601d120                get_map_val
                0x0601d0f0                set_scroll
                0x0601cf60                move_scroll
                0x0601cd60                init_scroll
 .text          0x0601d160     0x11c0 player.o
                0x0601d1c4                player_side
                0x0601d1d4                player_down
                0x0601d160                floor_tiles
                0x0601d1cc                player_up
                0x0601d1dc                states
                0x0601df50                player_input
                0x0601d200                player_init
                0x0601de70                player_animate
 .text          0x0601e320      0x130 print.o
                0x0601e3b0                print_display
                0x0601e360                print_num
                0x0601e320                print_init
 .text          0x0601e450      0x140 main.o
                0x0601e450                main
 .text          0x0601e590       0x40 ../sbl6/segalib/lib/sega_int.a(int.o)
                0x0601e5bc                INT_GetScuFunc
                0x0601e590                INT_SetScuFunc
 .text          0x0601e5d0      0x624 ../sbl6/segalib/lib/sega_int.a(int_trmp.o)
                0x0601e738                __interrupt_handler60
                0x0601e8e8                __interrupt_handler132
                0x0601ea9e                __interrupt_handler205
                0x0601e906                __interrupt_handler137
                0x0601e834                __interrupt_handler102
                0x0601e672                __interrupt_handler27
                0x0601ea74                __interrupt_handler198
                0x0601e966                __interrupt_handler153
                0x0601e64e                __interrupt_handler21
                0x0601e75c                __interrupt_handler66
                0x0601e84c                __interrupt_handler106
                0x0601e996                __interrupt_handler161
                0x0601e7e0                __interrupt_handler88
                0x0601e9ae                __interrupt_handler165
                0x0601e8be                __interrupt_handler125
                0x0601e5f4                __interrupt_handler6
                0x0601e690                __interrupt_handler32
                0x0601ea4a                __interrupt_handler191
                0x0601eb64                __interrupt_handler238
                0x0601eb7c                __interrupt_handler242
                0x0601e984                __interrupt_handler158
                0x0601e7ec                __interrupt_handler90
                0x0601e9a8                __interrupt_handler164
                0x0601e6cc                __interrupt_handler42
                0x0601ea0e                __interrupt_handler181
                0x0601eb16                __interrupt_handler225
                0x0601ebbe                __interrupt_handler253
                0x0601e9d2                __interrupt_handler171
                0x0601e78c                __interrupt_handler74
                0x0601e5e2                __interrupt_handler3
                0x0601e726                __interrupt_handler57
                0x0601e624                __interrupt_handler14
                0x0601eabc                __interrupt_handler210
                0x0601eaec                __interrupt_handler218
                0x0601eab0                __interrupt_handler208
                0x0601e6b4                __interrupt_handler38
                0x0601e5d0                __interrupt_handler0
                0x0601e840                __interrupt_handler104
                0x0601e97e                __interrupt_handler157
                0x0601eace                __interrupt_handler213
                0x0601e9c0                __interrupt_handler168
                0x0601e7ce                __interrupt_handler85
                0x0601e86a                __interrupt_handler111
                0x0601e87c                __interrupt_handler114
                0x0601e6ea                __interrupt_handler47
                0x0601eb40                __interrupt_handler232
                0x0601eb0a                __interrupt_handler223
                0x0601eb5e                __interrupt_handler237
                0x0601e74a                __interrupt_handler63
                0x0601e6d8                __interrupt_handler44
                0x0601e9ea                __interrupt_handler175
                0x0601ea14                __interrupt_handler182
                0x0601ea2c                __interrupt_handler186
                0x0601e92a                __interrupt_handler143
                0x0601e852                __interrupt_handler107
                0x0601e8b8                __interrupt_handler124
                0x0601e9d8                __interrupt_handler172
                0x0601eb8e                __interrupt_handler245
                0x0601e80a                __interrupt_handler95
                0x0601e8e2                __interrupt_handler131
                0x0601e8f4                __interrupt_handler134
                0x0601e912                __interrupt_handler139
                0x0601e780                __interrupt_handler72
                0x0601eb3a                __interrupt_handler231
                0x0601e990                __interrupt_handler160
                0x0601e8d6                __interrupt_handler129
                0x0601e648                __interrupt_handler20
                0x0601e756                __interrupt_handler65
                0x0601e720                __interrupt_handler56
                0x0601e61e                __interrupt_handler13
                0x0601eab6                __interrupt_handler209
                0x0601e870                __interrupt_handler112
                0x0601e642                __interrupt_handler19
                0x0601e7fe                __interrupt_handler93
                0x0601ea68                __interrupt_handler196
                0x0601e95a                __interrupt_handler151
                0x0601e9ba                __interrupt_handler167
                0x0601ebd0                __trampoline
                0x0601e636                __interrupt_handler17
                0x0601eb28                __interrupt_handler228
                0x0601ebca                __interrupt_handler255
                0x0601eb88                __interrupt_handler244
                0x0601e822                __interrupt_handler99
                0x0601ea1a                __interrupt_handler183
                0x0601e918                __interrupt_handler140
                0x0601ea3e                __interrupt_handler189
                0x0601e93c                __interrupt_handler146
                0x0601eb04                __interrupt_handler222
                0x0601e978                __interrupt_handler156
                0x0601e8ac                __interrupt_handler122
                0x0601eba0                __interrupt_handler248
                0x0601e6f0                __interrupt_handler48
                0x0601e76e                __interrupt_handler69
                0x0601e660                __interrupt_handler24
                0x0601e7e6                __interrupt_handler89
                0x0601eada                __interrupt_handler215
                0x0601ebc4                __interrupt_handler254
                0x0601e7da                __interrupt_handler87
                0x0601e73e                __interrupt_handler61
                0x0601ea62                __interrupt_handler195
                0x0601e954                __interrupt_handler150
                0x0601e6c6                __interrupt_handler41
                0x0601e864                __interrupt_handler110
                0x0601e8ca                __interrupt_handler127
                0x0601e858                __interrupt_handler108
                0x0601e876                __interrupt_handler113
                0x0601e888                __interrupt_handler116
                0x0601e8a6                __interrupt_handler121
                0x0601e79e                __interrupt_handler77
                0x0601e6ba                __interrupt_handler39
                0x0601e6d2                __interrupt_handler43
                0x0601eba6                __interrupt_handler249
                0x0601e9e4                __interrupt_handler174
                0x0601e900                __interrupt_handler136
                0x0601ea38                __interrupt_handler188
                0x0601e936                __interrupt_handler145
                0x0601e606                __interrupt_handler9
                0x0601e7aa                __interrupt_handler79
                0x0601eb22                __interrupt_handler227
                0x0601e69c                __interrupt_handler34
                0x0601e8dc                __interrupt_handler130
                0x0601eb9a                __interrupt_handler247
                0x0601e792                __interrupt_handler75
                0x0601e9de                __interrupt_handler173
                0x0601e70e                __interrupt_handler53
                0x0601e94e                __interrupt_handler149
                0x0601ebb2                __interrupt_handler251
                0x0601eb46                __interrupt_handler233
                0x0601e60c                __interrupt_handler10
                0x0601ea98                __interrupt_handler204
                0x0601e7bc                __interrupt_handler82
                0x0601e7c2                __interrupt_handler83
                0x0601e666                __interrupt_handler25
                0x0601eb82                __interrupt_handler243
                0x0601e99c                __interrupt_handler162
                0x0601e6e4                __interrupt_handler46
                0x0601e9fc                __interrupt_handler178
                0x0601e7b0                __interrupt_handler80
                0x0601e744                __interrupt_handler62
                0x0601e5dc                __interrupt_handler2
                0x0601e67e                __interrupt_handler29
                0x0601e774                __interrupt_handler70
                0x0601e85e                __interrupt_handler109
                0x0601e948                __interrupt_handler148
                0x0601e804                __interrupt_handler94
                0x0601eb10                __interrupt_handler224
                0x0601e83a                __interrupt_handler103
                0x0601e6a8                __interrupt_handler36
                0x0601e8c4                __interrupt_handler126
                0x0601eb94                __interrupt_handler246
                0x0601e71a                __interrupt_handler55
                0x0601e618                __interrupt_handler12
                0x0601e708                __interrupt_handler52
                0x0601ea32                __interrupt_handler187
                0x0601e930                __interrupt_handler144
                0x0601e88e                __interrupt_handler117
                0x0601e63c                __interrupt_handler18
                0x0601ea6e                __interrupt_handler197
                0x0601e960                __interrupt_handler152
                0x0601e894                __interrupt_handler118
                0x0601e9cc                __interrupt_handler170
                0x0601ea86                __interrupt_handler201
                0x0601e816                __interrupt_handler97
                0x0601e9a2                __interrupt_handler163
                0x0601ea08                __interrupt_handler180
                0x0601ea50                __interrupt_handler192
                0x0601eb70                __interrupt_handler240
                0x0601e8b2                __interrupt_handler123
                0x0601ead4                __interrupt_handler214
                0x0601e68a                __interrupt_handler31
                0x0601e678                __interrupt_handler28
                0x0601e762                __interrupt_handler67
                0x0601e768                __interrupt_handler68
                0x0601e654                __interrupt_handler22
                0x0601e65a                __interrupt_handler23
                0x0601e9f0                __interrupt_handler176
                0x0601e5fa                __interrupt_handler7
                0x0601eafe                __interrupt_handler221
                0x0601eae6                __interrupt_handler217
                0x0601eb2e                __interrupt_handler229
                0x0601e6f6                __interrupt_handler49
                0x0601e5e8                __interrupt_handler4
                0x0601e6c0                __interrupt_handler40
                0x0601e882                __interrupt_handler115
                0x0601eb52                __interrupt_handler235
                0x0601e7f2                __interrupt_handler91
                0x0601eaa4                __interrupt_handler206
                0x0601e9f6                __interrupt_handler177
                0x0601e942                __interrupt_handler147
                0x0601e6ae                __interrupt_handler37
                0x0601ebac                __interrupt_handler250
                0x0601e5d6                __interrupt_handler1
                0x0601eaf2                __interrupt_handler219
                0x0601e798                __interrupt_handler76
                0x0601e828                __interrupt_handler100
                0x0601e72c                __interrupt_handler58
                0x0601e62a                __interrupt_handler15
                0x0601eac8                __interrupt_handler212
                0x0601eb76                __interrupt_handler241
                0x0601ea8c                __interrupt_handler202
                0x0601ea56                __interrupt_handler193
                0x0601e7a4                __interrupt_handler78
                0x0601e6fc                __interrupt_handler50
                0x0601e696                __interrupt_handler33
                0x0601e9b4                __interrupt_handler166
                0x0601e90c                __interrupt_handler138
                0x0601e8fa                __interrupt_handler135
                0x0601e684                __interrupt_handler30
                0x0601ea20                __interrupt_handler184
                0x0601e91e                __interrupt_handler141
                0x0601eb34                __interrupt_handler230
                0x0601eb58                __interrupt_handler236
                0x0601e89a                __interrupt_handler119
                0x0601e7d4                __interrupt_handler86
                0x0601e846                __interrupt_handler105
                0x0601e7b6                __interrupt_handler81
                0x0601e8a0                __interrupt_handler120
                0x0601e8d0                __interrupt_handler128
                0x0601e714                __interrupt_handler54
                0x0601e612                __interrupt_handler11
                0x0601ea7a                __interrupt_handler199
                0x0601e96c                __interrupt_handler154
                0x0601e6de                __interrupt_handler45
                0x0601eae0                __interrupt_handler216
                0x0601ea92                __interrupt_handler203
                0x0601e82e                __interrupt_handler101
                0x0601e7c8                __interrupt_handler84
                0x0601ea26                __interrupt_handler185
                0x0601e924                __interrupt_handler142
                0x0601e66c                __interrupt_handler26
                0x0601e750                __interrupt_handler64
                0x0601ea80                __interrupt_handler200
                0x0601eaaa                __interrupt_handler207
                0x0601ea5c                __interrupt_handler194
                0x0601e7f8                __interrupt_handler92
                0x0601e972                __interrupt_handler155
                0x0601eac2                __interrupt_handler211
                0x0601e8ee                __interrupt_handler133
                0x0601e5ee                __interrupt_handler5
                0x0601e786                __interrupt_handler73
                0x0601e630                __interrupt_handler16
                0x0601eb6a                __interrupt_handler239
                0x0601eb4c                __interrupt_handler234
                0x0601e6a2                __interrupt_handler35
                0x0601e732                __interrupt_handler59
                0x0601e9c6                __interrupt_handler169
                0x0601e81c                __interrupt_handler98
                0x0601e77a                __interrupt_handler71
                0x0601e702                __interrupt_handler51
                0x0601e98a                __interrupt_handler159
                0x0601eb1c                __interrupt_handler226
                0x0601e810                __interrupt_handler96
                0x0601ea44                __interrupt_handler190
                0x0601eaf8                __interrupt_handler220
                0x0601e600                __interrupt_handler8
                0x0601ea02                __interrupt_handler179
                0x0601ebb8                __interrupt_handler252
 *fill*         0x0601ebf4        0xc 00
 .text          0x0601ec00     0x12a0 ../sbl6/segalib/lib/sega_spr.a(spr_2c.o)
                0x0601fe60                SlaveFlushDrawPrtyBlock
                0x0601ec00                SPR_2Initial
                0x0601f444                SPR_2SysClip
                0x0601f3e4                SPR_2LocalCoord
                0x0601fcdc                SPR_2FlushDrawPrtyBlock
                0x0601f9c8                SPR_2DistSpr
                0x0601f3cc                SPR_2FlushDrawPrty
                0x0601faec                SPR_2Cmd
                0x0601f0c8                SPR_2GourTblNoToVram
                0x0601f128                SPR_2GetAreaSizeInfo
                0x0601ee90                SPR_2SetGourTbl
                0x0601f67c                SPR_2Polygon
                0x0601f104                SPR_2CharNoToVram
                0x0601ee10                SPR_2SetTvMode
                0x0601f26c                SPR_2CloseCommand
                0x0601ee4c                SPR_2FrameEraseData
                0x0601ec28                SPR_2Initial2
                0x0601f85c                SPR_2ScaleSpr
                0x0601f4ec                SPR_2Line
                0x0601f1b8                SPR_2OpenCommand
                0x0601ee2c                SPR_2FrameChgIntr
                0x0601f738                SPR_2NormSpr
                0x0601eec0                SPR_2SetLookupTbl
                0x0601eef4                SPR_2SetChar
                0x0601f0ec                SPR_2LookupTblNoToVram
                0x0601f5c0                SPR_2PolyLine
                0x0601f060                SPR_2ClrAllChar
                0x0601f014                SPR_2ClrChar
                0x0601f490                SPR_2UserClip
 .text          0x0601fea0      0x1e6 ../sbl6/segalib/lib/sega_spr.a(spr_slv.o)
                0x06020004                SPR_WaitEndSlaveSH
                0x0601fea0                SPR_SMPC_SSHON
                0x0601ffe0                SPR_RunSlaveSH
                0x0601fea4                SPR_InitSlaveSH
                0x0601ff6c                SPR_SlaveSHmain
                0x0601fea1                SPR_SMPC_SSHOFF
 *fill*         0x06020086        0xa 00
 .text          0x06020090      0x36a ../sbl6/segalib/lib/sega_spr.a(spr_1c.o)
                0x06020344                SPR_WaitDrawEnd
                0x0602035c                SPR_SetEosMode
                0x06020274                SPR_SetEraseData
                0x06020090                SPR_Initial
                0x06020168                SPR_SetTvMode
                0x06020200                SPR_GetStatus
 *fill*         0x060203fa        0x6 00
 .text          0x06020400      0x244 ../sbl6/segalib/lib/sega_spr.a(spr_2a.o)
                0x06020412                sprMemCpyW
                0x06020470                flushDrawPrtyBlock
                0x06020400                sprMemCpyL
                0x06020424                SPR_2SetDrawPrty
 *fill*         0x06020644        0xc 00
 .text          0x06020650      0x2fc ../sbl6/segalib/lib/sega_scl.a(scl_vblv.o)
                0x0602070c                SCL_DisplayFrame
                0x06020650                SCL_SetFrameInterval
                0x06020740                SCL_VblInit
                0x06020790                SCL_VblankStart
                0x060207d4                SCL_VblankEnd
 *fill*         0x0602094c        0x4 00
 .text          0x06020950      0xb9c ../sbl6/segalib/lib/sega_scl.a(scl_func.o)
                0x0602132c                SCL_Vdp2_SGLInit
                0x0602123c                SCL_PriIntProc
                0x060211b4                SCL_Memcpyw
                0x060214cc                SCL_SglOff
                0x060214ac                SCL_SglOn
                0x06021120                SCL_ScrollShow
                0x06020bc8                SCL_Close
                0x06020ec0                SCL_Scale
                0x06020950                SCL_Vdp2Init
                0x06020d34                SCL_Move
                0x06020ffc                SCL_CopyReg
                0x06020ba4                SCL_Open
                0x060209d4                SCL_ParametersInit
                0x06020be4                SCL_MoveTo
                0x060211dc                SCL_SetColRamMode
 *fill*         0x060214ec        0x4 00
 .text          0x060214f0      0x138 ../sbl6/segalib/lib/sega_scl.a(scl_pr03.o)
                0x060214f0                SCL_FreeColRam
                0x06021528                SCL_AllocColRam
 *fill*         0x06021628        0x8 00
 .text          0x06021630       0x9c ../sbl6/segalib/lib/sega_scl.a(scl_pr02.o)
                0x06021630                SCL_SetColRam
 *fill*         0x060216cc        0x4 00
 .text          0x060216d0       0x84 ../sbl6/segalib/lib/sega_scl.a(scl_back.o)
                0x060216d0                SCL_SetBack
 *fill*         0x06021754        0xc 00
 .text          0x06021760      0x94c ../sbl6/segalib/lib/sega_scl.a(scl_fu03.o)
                0x060217bc                SCL_SetConfig
                0x06021760                SCL_InitConfigTb
 *fill*         0x060220ac        0x4 00
 .text          0x060220b0      0x4f4 ../sbl6/segalib/lib/sega_scl.a(scl_fu02.o)
                0x060220e8                SCL_SetVramConfig
                0x060220b0                SCL_InitVramConfigTb
 *fill*         0x060225a4        0xc 00
 .text          0x060225b0       0x28 ../sbl6/segalib/lib/sega_scl.a(scl_fu04.o)
                0x060225b0                SCL_SetCycleTable
 *fill*         0x060225d8        0x8 00
 .text          0x060225e0      0x214 ../sbl6/segalib/lib/sega_scl.a(scl_pr07.o)
                0x060225e0                SCL_SetPriority
 *fill*         0x060227f4        0xc 00
 .text          0x06022800       0x58 ../sbl6/segalib/lib/sega_scl.a(scl_pr01.o)
                0x06022800                SCL_SetSpriteMode
 *fill*         0x06022858        0x8 00
 .text          0x06022860     0x10a4 ../sbl6/segalib/lib/sega_scl.a(scl_pri.o)
                0x060228f4                SCL_AbortAutoVe
                0x060237a4                SCL_SetShadowBit
                0x06022d6c                SCL_AutoExec
                0x06022860                SCL_PriorityInit
                0x06023280                SCL_IncColOffset
                0x06022908                SCL_SetColMixRate
                0x060228d8                SCL_GetColRamMode
 *fill*         0x06023904        0xc 00
 .text          0x06023910     0x1394 ../sbl6/segalib/lib/sega_scl.a(scl_ro00.o)
                0x06024afc                SCL_RotateZD
                0x06023dc4                SCL_Rotate
                0x06023a98                SCL_InitRotateTable
 *fill*         0x06024ca4        0xc 00
 .text          0x06024cb0      0x1b4 ../sbl6/segalib/lib/sega_scl.a(scl_pr06.o)
                0x06024cb0                SCL_SetColRamOffset
 *fill*         0x06024e64        0xc 00
 .text          0x06024e70       0xac ../sbl6/segalib/lib/sega_scl.a(scl_pr05.o)
                0x06024e70                SCL_GetColRamOffset
 *fill*         0x06024f1c        0x4 00
 .text          0x06024f20       0xa4 ../sbl6/segalib/lib/sega_mth.a(mth_fixd.o)
                0x06024f70                MTH_FixedToInt
                0x06024f60                MTH_IntToFixed
                0x06024f20                MTH_Mul
                0x06024f80                MTH_Product
                0x06024f40                MTH_Div
 *fill*         0x06024fc4        0xc 00
 .text          0x06024fd0      0x600 ../sbl6/segalib/lib/sega_mth.a(mth_tri.o)
                0x0602506c                fcos
                0x06025072                fsin
                0x0602501c                MTH_Cos
                0x06024fd0                MTH_Sin
                0x06025210                MTH_Atan
 .text          0x060255d0      0xf50 ../sbl6/segalib/lib/sega_per.a(per_prt.o)
                0x060259f0                PER_IntFunc
                0x060257e8                PER_LGetPer
                0x060255d0                PER_LInit
 .text          0x06026520      0x1f4 ../sbl6/segalib/lib/sega_sat.a(DMA_SCU1.o)
                0x0602667c                DMA_ScuResult
                0x06026520                DMA_ScuInit
                0x06026570                DMA_ScuMemCopy
 *fill*         0x06026714        0xc 00
 .text          0x06026720      0x308 ../sbl6/segalib/lib/sega_sat.a(DMA_SCU0.o)
                0x060267a4                DMA_ScuStart
                0x060268d8                DMA_ScuIntFunc0
                0x06026948                DMA_ScuIntFunc1
                0x060269b8                DMA_ScuIntFunc2
                0x06026898                DMA_ScuGetStatus
                0x06026720                DMA_ScuSetPrm
 *fill*         0x06026a28        0x8 00
 .text          0x06026a30       0xe8 ../sbl6/segalib/lib/sega_sat.a(csh_main.o)
                0x06026a30                CSH_Init
                0x06026a98                CSH_AllClr
                0x06026ae4                CSH_Purge
 *fill*         0x06026b18        0x8 00
 .text          0x06026b20       0x90 c:/saturn/SH_COFF/sh-coff/bin/../lib/gcc/sh-coff/3.4-GNUSH_v0501\libgcc.a(_ashiftlt.o)
                0x06026b20                __ashlsi3
 .text          0x06026bb0       0xa0 c:/saturn/SH_COFF/sh-coff/bin/../lib/gcc/sh-coff/3.4-GNUSH_v0501\libgcc.a(__main.o)
                0x06026c24                __main
                0x06026bb0                __do_global_dtors
                0x06026be4                __do_global_ctors
 .text          0x06026c50       0x70 c:/saturn/SH_COFF/sh-coff/bin/../lib/gcc/sh-coff/3.4-GNUSH_v0501\libgcc.a(_udivsi3.o)
                0x06026c72                __udivsi3
 .text          0x06026cc0       0x60 c:/saturn/SH_COFF/sh-coff/bin/../lib/gcc/sh-coff/3.4-GNUSH_v0501\libgcc.a(_ashiftrt.o)
                0x06026ccc                __ashiftrt_r4_27
                0x06026d00                __ashiftrt_r4_6
                0x06026cf0                __ashiftrt_r4_14
                0x06026ce2                __ashiftrt_r4_19
                0x06026cfa                __ashiftrt_r4_9
                0x06026d0e                __ashiftrt_r4_0
                0x06026cc0                __ashiftrt_r4_31
                0x06026cce                __ashiftrt_r4_26
                0x06026cdc                __ashiftrt_r4_22
                0x06026ce8                __ashiftrt_r4_16
                0x06026cf4                __ashiftrt_r4_12
                0x06026cc8                __ashiftrt_r4_29
                0x06026ce6                __ashiftrt_r4_17
                0x06026cc6                __ashiftrt_r4_30
                0x06026d02                __ashiftrt_r4_5
                0x06026cfc                __ashiftrt_r4_8
                0x06026cc0                __ashiftrt_r4_32
                0x06026cd0                __ashiftrt_r4_25
                0x06026d08                __ashiftrt_r4_2
                0x06026cd2                __ashiftrt_r4_24
                0x06026cee                __ashiftrt_r4_15
                0x06026cf8                __ashiftrt_r4_10
                0x06026d0a                __ashiftrt_r4_1
                0x06026cca                __ashiftrt_r4_28
                0x06026ce0                __ashiftrt_r4_20
                0x06026cfe                __ashiftrt_r4_7
                0x06026cf2                __ashiftrt_r4_13
                0x06026cf6                __ashiftrt_r4_11
                0x06026d04                __ashiftrt_r4_4
                0x06026cda                __ashiftrt_r4_23
                0x06026ce4                __ashiftrt_r4_18
                0x06026cde                __ashiftrt_r4_21
                0x06026d06                __ashiftrt_r4_3
 .text          0x06026d20       0xb0 c:/saturn/SH_COFF/sh-coff/bin/../lib/gcc/sh-coff/3.4-GNUSH_v0501\libgcc.a(_si_to_df.o)
                0x06026d20                __floatsidf
 .text          0x06026dd0      0x2e0 c:/saturn/SH_COFF/sh-coff/bin/../lib/gcc/sh-coff/3.4-GNUSH_v0501\libgcc.a(_mul_df.o)
                0x06026de0                __muldf3
 .text          0x060270b0       0x80 c:/saturn/SH_COFF/sh-coff/bin/../lib/gcc/sh-coff/3.4-GNUSH_v0501\libgcc.a(_df_to_si.o)
                0x060270b0                __fixdfsi
 .text          0x06027130      0x220 c:/saturn/SH_COFF/sh-coff/bin/../lib/gcc/sh-coff/3.4-GNUSH_v0501\libgcc.a(_pack_df.o)
                0x06027140                __pack_d
 .text          0x06027350      0x120 c:/saturn/SH_COFF/sh-coff/bin/../lib/gcc/sh-coff/3.4-GNUSH_v0501\libgcc.a(_unpack_df.o)
                0x06027360                __unpack_d
 .text          0x06027470       0x20 c:/saturn/SH_COFF/sh-coff/bin/../lib/gcc/sh-coff/3.4-GNUSH_v0501\libgcc.a(_thenan_df.o)
                0x06027470                __thenan_df
 .text          0x06027490       0xd0 c:/saturn/SH_COFF/sh-coff/bin/../lib/gcc/sh-coff/3.4-GNUSH_v0501\libgcc.a(_muldi3.o)
                0x06027490                __muldi3
 .text          0x06027560       0x80 c:/saturn/SH_COFF/sh-coff/bin/../lib/gcc/sh-coff/3.4-GNUSH_v0501\libgcc.a(_lshrdi3.o)
                0x06027560                __lshrdi3
 .text          0x060275e0       0x80 c:/saturn/SH_COFF/sh-coff/bin/../lib/gcc/sh-coff/3.4-GNUSH_v0501\libgcc.a(_ashldi3.o)
                0x060275e0                __ashldi3
 .text          0x06027660       0x30 c:/saturn/SH_COFF/sh-coff/bin/../lib/gcc/sh-coff/3.4-GNUSH_v0501\libgcc.a(_mulsi3.o)
                0x06027660                __mulsi3
 .text          0x06027690       0x90 c:/saturn/SH_COFF/sh-coff/bin/../lib/gcc/sh-coff/3.4-GNUSH_v0501\libgcc.a(_lshiftrt.o)
                0x06027690                __lshrsi3
 .text          0x06027720       0xa0 c:/saturn/SH_COFF/sh-coff/bin/../lib/gcc/sh-coff/3.4-GNUSH_v0501/../../../../sh-coff/lib\libc.a(memcpy.o)
                0x06027720                memcpy
 .text          0x060277c0       0x40 c:/saturn/SH_COFF/sh-coff/bin/../lib/gcc/sh-coff/3.4-GNUSH_v0501/../../../../sh-coff/lib\libc.a(memset.o)
                0x060277c0                memset
 .text          0x06027800       0x90 c:/saturn/SH_COFF/sh-coff/bin/../lib/gcc/sh-coff/3.4-GNUSH_v0501/../../../../sh-coff/lib\libc.a(atexit.o)
                0x06027800                atexit
 .text          0x06027890       0x10 c:/saturn/SH_COFF/sh-coff/bin/../lib/gcc/sh-coff/3.4-GNUSH_v0501/../../../../sh-coff/lib\libc.a(impure.o)
                0x06027890                _global_impure_ptr
 .text          0x060278a0       0x40 c:/saturn/SH_COFF/sh-coff/bin/../lib/gcc/sh-coff/3.4-GNUSH_v0501/../../../../sh-coff/lib\libc.a(malloc.o)
                0x060278bc                free
                0x060278a0                malloc
 .text          0x060278e0      0x5b0 c:/saturn/SH_COFF/sh-coff/bin/../lib/gcc/sh-coff/3.4-GNUSH_v0501/../../../../sh-coff/lib\libc.a(mallocr.o)
                0x060278e0                _malloc_r
 .text          0x06027e90      0x340 c:/saturn/SH_COFF/sh-coff/bin/../lib/gcc/sh-coff/3.4-GNUSH_v0501/../../../../sh-coff/lib\libc.a(freer.o)
                0x06027e90                _malloc_trim_r
                0x06027f84                _free_r
 .text          0x060281d0       0x20 c:/saturn/SH_COFF/sh-coff/bin/../lib/gcc/sh-coff/3.4-GNUSH_v0501/../../../../sh-coff/lib\libc.a(mlock.o)
                0x060281d0                __malloc_lock
                0x060281dc                __malloc_unlock
 .text          0x060281f0       0x50 c:/saturn/SH_COFF/sh-coff/bin/../lib/gcc/sh-coff/3.4-GNUSH_v0501/../../../../sh-coff/lib\libc.a(sbrkr.o)
                0x060281f0                _sbrk_r
 .text          0x06028240      0x380 c:/saturn/SH_COFF/sh-coff/bin/../lib/gcc/sh-coff/3.4-GNUSH_v0501/../../../../sh-coff/lib\libc.a(syscalls.o)
                0x060283ac                _exit
                0x060283e0                _getpid
                0x06028448                _utime
                0x06028278                _write
                0x06028240                _read
                0x06028394                _unlink
                0x0602835c                _open
                0x060283f8                _stat
                0x060283a0                isatty
                0x06028478                _wait
                0x060283c4                _kill
                0x06028414                _chmod
                0x060284a8                _execv
                0x0602848c                _execve
                0x06028584                __setup_argv_and_call_main
                0x060284e0                _gettimeofday
                0x060282ac                _link
                0x060283ec                _raise
                0x06028378                _creat
                0x060284c0                _pipe
                0x0602842c                _chown
                0x0602825c                _lseek
                0x06028294                _close
                0x060284d4                _times
                0x06028348                _fstat
                0x06028464                _fork
                0x060282d4                _sbrk
 .text          0x060285c0       0x20 c:/saturn/SH_COFF/sh-coff/bin/../lib/gcc/sh-coff/3.4-GNUSH_v0501/../../../../sh-coff/lib\libc.a(trap.o)
                0x060285c0                __trap34
 .text          0x060285e0       0x20 c:/saturn/SH_COFF/sh-coff/bin/../lib/gcc/sh-coff/3.4-GNUSH_v0501/../../../../sh-coff/lib\libc.a(abort.o)
                0x060285e0                abort
 .text          0x06028600      0x270 c:/saturn/SH_COFF/sh-coff/bin/../lib/gcc/sh-coff/3.4-GNUSH_v0501/../../../../sh-coff/lib\libc.a(signal.o)
                0x060286c0                _raise_r
                0x06028848                __sigtramp
                0x060287f4                raise
                0x06028830                _init_signal
                0x06028780                __sigtramp_r
                0x06028810                signal
                0x0602864c                _signal_r
                0x06028600                _init_signal_r
 .text          0x06028870       0x60 c:/saturn/SH_COFF/sh-coff/bin/../lib/gcc/sh-coff/3.4-GNUSH_v0501/../../../../sh-coff/lib\libc.a(signalr.o)
                0x060288b8                _getpid_r
                0x06028870                _kill_r
 *(.strings)

.tors           0x060288d0        0x0
                0x060288d0                ___ctors = .
 *(.ctors)
                0x060288d0                ___ctors_end = .
                0x060288d0                ___dtors = .
 *(.dtors)
                0x060288d0                ___dtors_end = .

.data           0x060288d0     0x1100
                0x060288d0                STARTOF_R = .
 *(.data)
 .data          0x060288d0      0x400 ../sbl6/segasmp/per/smpclib/per_x1.o
 .data          0x06028cd0       0x50 graphics.o
                0x06028cd0                tiles
 .data          0x06028d20       0x10 scroll.o
                0x06028d20                CycleTb
 .data          0x06028d30       0x30 main.o
 .data          0x06028d60      0x400 ../sbl6/segalib/lib/sega_int.a(int.o)
 .data          0x06029160       0x1c ../sbl6/segalib/lib/sega_spr.a(spr_slv.o)
                0x06029168                SPR_SlaveParam
                0x06029178                SPR_SMPC_SF
                0x06029170                SPR_SMPC_COM
                0x0602916c                SPR_SlaveSHEntry
                0x06029164                SPR_SlaveState
                0x06029160                SPR_SlaveCommand
                0x06029174                SPR_SMPC_RET
 *fill*         0x0602917c        0x4 00
 .data          0x06029180       0x34 ../sbl6/segalib/lib/sega_spr.a(spr_1c.o)
                0x06029180                SpInitialFlag
 *fill*         0x060291b4        0xc 00
 .data          0x060291c0       0x1c ../sbl6/segalib/lib/sega_scl.a(scl_vblv.o)
                0x060291c8                VBInterval
                0x060291d0                ReqDisplayFlag
                0x060291c0                SpFrameChgMode
                0x060291cc                VBIntervalCounter
                0x060291c4                SpFrameEraseMode
 *fill*         0x060291dc        0x4 00
 .data          0x060291e0       0x36 ../sbl6/segalib/lib/sega_scl.a(scl_func.o)
                0x060291f0                SclRotregBuff
                0x060291ec                SclDisplayY
                0x060291f4                SclRotateTableMode
                0x060291e8                SclProcess
                0x060291e4                SclCurSclNum
                0x060291e0                SclLengthLsTbl
                0x060291ea                SclDisplayX
                0x060291e2                SclLengthCsTbl
 *fill*         0x06029216        0xa 00
 .data          0x06029220       0x18 ../sbl6/segalib/lib/sega_scl.a(scl_pri.o)
                0x06029224                SclRealSpPriNum
                0x06029234                SclRealColOffset
                0x06029230                SclRealBgColMix
                0x0602922c                SclRealSpColMix
                0x06029228                SclRealBgPriNum
                0x06029220                SclRealOtherPri
 *fill*         0x06029238        0x8 00
 .data          0x06029240      0x380 c:/saturn/SH_COFF/sh-coff/bin/../lib/gcc/sh-coff/3.4-GNUSH_v0501/../../../../sh-coff/lib\libc.a(impure.o)
                0x060295bc                _impure_ptr
 .data          0x060295c0      0x410 c:/saturn/SH_COFF/sh-coff/bin/../lib/gcc/sh-coff/3.4-GNUSH_v0501/../../../../sh-coff/lib\libc.a(mallocr.o)
                0x060295c8                __malloc_av_
                0x060295c4                __malloc_trim_threshold
                0x060295c0                __malloc_sbrk_base
                0x060299d0                SIZEOF_R = (. - STARTOF_R)
                0x060299d0                ENDOF_R = .

.bss            0x060299d0     0x6f74
                0x060299d0                STARTOF_B = .
 *(.bss)
 .bss           0x060299d0       0x10 vblank.o
                0x060299d4                PadData2E
                0x060299da                PadData1
                0x060299d6                PadData2
                0x060299d8                PadData1E
                0x060299d0                __port
 .bss           0x060299e0       0xd0 ../sbl6/segasmp/per/smpclib/per_x2.o
 .bss           0x06029ab0       0x10 sprite.o
                0x06029ab0                num_sprites
 .bss           0x06029ac0       0x50 scroll.o
                0x06029ae0                map_tiles_x
                0x06029af0                scrolls_y
                0x06029ad0                map_tiles_y
                0x06029ac0                copy_modes
                0x06029b00                scrolls_x
 .bss           0x06029b10       0x10 player.o
                0x06029b10                anim_cursor
 .bss           0x06029b20     0x3430 main.o
 .bss           0x0602cf50       0x6e ../sbl6/segalib/lib/sega_spr.a(spr_2c.o)
 *fill*         0x0602cfbe        0x2 00
 .bss           0x0602cfc0        0x4 ../sbl6/segalib/lib/sega_scl.a(scl_vblv.o)
 *fill*         0x0602cfc4        0xc 00
 .bss           0x0602cfd0        0x4 ../sbl6/segalib/lib/sega_scl.a(scl_func.o)
 *fill*         0x0602cfd4        0xc 00
 .bss           0x0602cfe0       0x48 ../sbl6/segalib/lib/sega_scl.a(scl_ro00.o)
 *fill*         0x0602d028        0x8 00
 .bss           0x0602d030       0x9c ../sbl6/segalib/lib/sega_per.a(per_prt.o)
 *fill*         0x0602d0cc        0x4 00
 .bss           0x0602d0d0        0xc ../sbl6/segalib/lib/sega_sat.a(DMA_SCU1.o)
 *fill*         0x0602d0dc        0x4 00
 .bss           0x0602d0e0       0x20 ../sbl6/segalib/lib/sega_sat.a(DMA_SCU0.o)
 .bss           0x0602d100       0x10 c:/saturn/SH_COFF/sh-coff/bin/../lib/gcc/sh-coff/3.4-GNUSH_v0501\libgcc.a(__main.o)
 .bss           0x0602d110       0x10 c:/saturn/SH_COFF/sh-coff/bin/../lib/gcc/sh-coff/3.4-GNUSH_v0501/../../../../sh-coff/lib\libc.a(atexit.o)
 .bss           0x0602d120       0x40 c:/saturn/SH_COFF/sh-coff/bin/../lib/gcc/sh-coff/3.4-GNUSH_v0501/../../../../sh-coff/lib\libc.a(mallocr.o)
                0x0602d150                __malloc_top_pad
                0x0602d120                __malloc_current_mallinfo
                0x0602d14c                __malloc_max_sbrked_mem
                0x0602d148                __malloc_max_total_mem
 .bss           0x0602d160       0x10 c:/saturn/SH_COFF/sh-coff/bin/../lib/gcc/sh-coff/3.4-GNUSH_v0501/../../../../sh-coff/lib\libc.a(syscalls.o)
 *(COMMON)
 COMMON         0x0602d170     0x1900 sprite.o
                                  0x0 (size before relaxing)
                0x0602d170                sprites
 COMMON         0x0602ea70       0x10 scroll.o
                                  0x0 (size before relaxing)
                0x0602ea70                maps
 COMMON         0x0602ea80       0x20 player.o
                                  0x0 (size before relaxing)
                0x0602ea80                player
 COMMON         0x0602eaa0      0x460 print.o
                                  0x0 (size before relaxing)
                0x0602eaa0                text
 COMMON         0x0602ef00      0x400 ../sbl6/segalib/lib/sega_int.a(int.o)
                                  0x0 (size before relaxing)
                0x0602ef00                __interrupt_vector
 COMMON         0x0602f300       0x50 ../sbl6/segalib/lib/sega_spr.a(spr_2c.o)
                                  0x0 (size before relaxing)
                0x0602f300                SpMstCmd
                0x0602f304                Sp2OpenFlag
                0x0602f308                SpGourTblMax
                0x0602f30c                SpDrawPrtyBlk
                0x0602f310                SpLCoordX
                0x0602f314                SpMstDrawPrtyBlk
                0x0602f318                SpGourTbl
                0x0602f31c                SpLookupTblR
                0x0602f320                SpCmdTbl
                0x0602f324                SpCharMax
                0x0602f328                SpDrawPrtyProcFlag
                0x0602f32c                SpCmdNo
                0x0602f330                SpDrawPrtyBlkMax
                0x0602f334                SpSlvCmdPos
                0x0602f338                SpSlvDrawPrtyBlk
                0x0602f33c                SpCharTbl
                0x0602f340                SpCmdTblR
                0x0602f344                SpMstCmdPos
                0x0602f348                SpSlvCmd
                0x0602f34c                SpLCoordY
 COMMON         0x0602f350       0x10 ../sbl6/segalib/lib/sega_spr.a(spr_1c.o)
                                  0x0 (size before relaxing)
                0x0602f350                SpScreenY
                0x0602f354                SpFbcrMode
                0x0602f356                SpDil
                0x0602f358                SpDie
                0x0602f35a                SpTvMode
                0x0602f35c                SpScreenX
 COMMON         0x0602f360      0xf00 ../sbl6/segalib/lib/sega_scl.a(scl_func.o)
                                  0x0 (size before relaxing)
                0x0602f360                SclRbgKtbAddr
                0x0602f368                SclRb
                0x0602f36a                Scl_flag
                0x0602f370                SclK_TableBuff
                0x06030040                SclAddrCsTbl
                0x06030050                Scl_s_reg
                0x06030078                SclRotateXy
                0x06030080                Scl_d_reg
                0x060300c8                SclRotateDisp
                0x060300d0                SclRotateMoveZ
                0x060300d8                SclRotXySw
                0x060300e0                Scl_r_reg
                0x060300f0                SclRPMD
                0x060300f8                SclRbgKtbOffset
                0x06030100                _SclRotregBuff
                0x060301d0                SclRa
                0x060301d8                SclRotateZ
                0x060301e0                SclAddrLsTbl
                0x060301e8                SclK_TableNum
                0x060301f0                SclRotateTableAddress
                0x060301f4                SclK_TableFlag
                0x06030200                Scl_w_reg
                0x06030220                Scl_n_reg
 COMMON         0x06030260      0x6b0 ../sbl6/segalib/lib/sega_scl.a(scl_pri.o)
                                  0x0 (size before relaxing)
                0x06030260                SclAutoEndBlue2
                0x06030270                SclColOffset
                0x06030280                SclPriBuffDirty
                0x06030282                SclAutoEndRed
                0x06030284                SclAutoSurface
                0x06030288                SclAutoGreen
                0x0603028a                SclAutoEndGreen
                0x0603028c                SclAutoCount
                0x06030290                SclColRamAlloc256
                0x060302b0                SclAutoCurRate
                0x060302b1                SclAutoPlusFlag
                0x060302b8                SclSpColMix
                0x060302c0                SclAutoMax
                0x060302c4                SclLineColRamOffset
                0x060302c8                SclColRamAlloc2048
                0x060302cc                SclBgPriNum
                0x060302d2                SclAutoEndBlue
                0x060302d4                SclAutoEndGreen2
                0x060302d6                SclAutoVeFlag
                0x060302d8                SclBgColMix
                0x060302e0                SclAutoIndex
                0x060302e4                SclAutoEndRate
                0x060302e6                SclAutoBlue
                0x060302e8                SclAutoRed
                0x060302ec                SclAutoInterval
                0x060302f0                SclOtherPri
                0x06030300                SclAutoRGB
                0x06030900                SclAutoEndRed2
                0x06030908                SclSpPriNum
 COMMON         0x06030910       0x10 ../sbl6/segalib/lib/sega_scl.a(scl_ro00.o)
                                  0x0 (size before relaxing)
                0x06030910                SclCsx
                0x06030918                SclCsy
 COMMON         0x06030920       0x15 ../sbl6/segalib/lib/sega_per.a(per_prt.o)
                                  0x0 (size before relaxing)
                0x06030920                per_get_time_flg
                0x06030921                per_hot_res
                0x06030922                per_set_sys_flg
                0x06030924                per_get_time_adr
                0x06030928                per_get_sys_data
                0x06030934                per_time_out_flg
 *fill*         0x06030935        0xb 00
 COMMON         0x06030940        0x4 c:/saturn/SH_COFF/sh-coff/bin/../lib/gcc/sh-coff/3.4-GNUSH_v0501/../../../../sh-coff/lib\libc.a(syscalls.o)
                                  0x0 (size before relaxing)
                0x06030940                errno
                0x06030944                SIZEOF_B = (. - STARTOF_B)
                0x06030944                ENDOF_B = .
                0x06030944                _end = .
OUTPUT(main.cof coff-sh)

.comment        0x06030950      0x3e0
 .comment       0x06030950       0x20 ../sbl6/segasmp/lib/strt2_g.o
 .comment       0x06030970       0x20 vblank.o
 .comment       0x06030990       0x20 ../sbl6/segasmp/per/smpclib/per_x1.o
 .comment       0x060309b0       0x20 ../sbl6/segasmp/per/smpclib/per_x2.o
 .comment       0x060309d0       0x20 graphics.o
 .comment       0x060309f0       0x20 sprite.o
 .comment       0x06030a10       0x20 scroll.o
 .comment       0x06030a30       0x20 player.o
 .comment       0x06030a50       0x20 print.o
 .comment       0x06030a70       0x20 main.o
 .comment       0x06030a90       0x20 c:/saturn/SH_COFF/sh-coff/bin/../lib/gcc/sh-coff/3.4-GNUSH_v0501\libgcc.a(__main.o)
 .comment       0x06030ab0       0x20 c:/saturn/SH_COFF/sh-coff/bin/../lib/gcc/sh-coff/3.4-GNUSH_v0501\libgcc.a(_si_to_df.o)
 .comment       0x06030ad0       0x20 c:/saturn/SH_COFF/sh-coff/bin/../lib/gcc/sh-coff/3.4-GNUSH_v0501\libgcc.a(_mul_df.o)
 .comment       0x06030af0       0x20 c:/saturn/SH_COFF/sh-coff/bin/../lib/gcc/sh-coff/3.4-GNUSH_v0501\libgcc.a(_df_to_si.o)
 .comment       0x06030b10       0x20 c:/saturn/SH_COFF/sh-coff/bin/../lib/gcc/sh-coff/3.4-GNUSH_v0501\libgcc.a(_pack_df.o)
 .comment       0x06030b30       0x20 c:/saturn/SH_COFF/sh-coff/bin/../lib/gcc/sh-coff/3.4-GNUSH_v0501\libgcc.a(_unpack_df.o)
 .comment       0x06030b50       0x20 c:/saturn/SH_COFF/sh-coff/bin/../lib/gcc/sh-coff/3.4-GNUSH_v0501\libgcc.a(_thenan_df.o)
 .comment       0x06030b70       0x20 c:/saturn/SH_COFF/sh-coff/bin/../lib/gcc/sh-coff/3.4-GNUSH_v0501\libgcc.a(_muldi3.o)
 .comment       0x06030b90       0x20 c:/saturn/SH_COFF/sh-coff/bin/../lib/gcc/sh-coff/3.4-GNUSH_v0501\libgcc.a(_lshrdi3.o)
 .comment       0x06030bb0       0x20 c:/saturn/SH_COFF/sh-coff/bin/../lib/gcc/sh-coff/3.4-GNUSH_v0501\libgcc.a(_ashldi3.o)
 .comment       0x06030bd0       0x20 c:/saturn/SH_COFF/sh-coff/bin/../lib/gcc/sh-coff/3.4-GNUSH_v0501/../../../../sh-coff/lib\libc.a(atexit.o)
 .comment       0x06030bf0       0x20 c:/saturn/SH_COFF/sh-coff/bin/../lib/gcc/sh-coff/3.4-GNUSH_v0501/../../../../sh-coff/lib\libc.a(impure.o)
 .comment       0x06030c10       0x20 c:/saturn/SH_COFF/sh-coff/bin/../lib/gcc/sh-coff/3.4-GNUSH_v0501/../../../../sh-coff/lib\libc.a(malloc.o)
 .comment       0x06030c30       0x20 c:/saturn/SH_COFF/sh-coff/bin/../lib/gcc/sh-coff/3.4-GNUSH_v0501/../../../../sh-coff/lib\libc.a(mallocr.o)
 .comment       0x06030c50       0x20 c:/saturn/SH_COFF/sh-coff/bin/../lib/gcc/sh-coff/3.4-GNUSH_v0501/../../../../sh-coff/lib\libc.a(freer.o)
 .comment       0x06030c70       0x20 c:/saturn/SH_COFF/sh-coff/bin/../lib/gcc/sh-coff/3.4-GNUSH_v0501/../../../../sh-coff/lib\libc.a(mlock.o)
 .comment       0x06030c90       0x20 c:/saturn/SH_COFF/sh-coff/bin/../lib/gcc/sh-coff/3.4-GNUSH_v0501/../../../../sh-coff/lib\libc.a(sbrkr.o)
 .comment       0x06030cb0       0x20 c:/saturn/SH_COFF/sh-coff/bin/../lib/gcc/sh-coff/3.4-GNUSH_v0501/../../../../sh-coff/lib\libc.a(syscalls.o)
 .comment       0x06030cd0       0x20 c:/saturn/SH_COFF/sh-coff/bin/../lib/gcc/sh-coff/3.4-GNUSH_v0501/../../../../sh-coff/lib\libc.a(abort.o)
 .comment       0x06030cf0       0x20 c:/saturn/SH_COFF/sh-coff/bin/../lib/gcc/sh-coff/3.4-GNUSH_v0501/../../../../sh-coff/lib\libc.a(signal.o)
 .comment       0x06030d10       0x20 c:/saturn/SH_COFF/sh-coff/bin/../lib/gcc/sh-coff/3.4-GNUSH_v0501/../../../../sh-coff/lib\libc.a(signalr.o)
