Archive member included because of file (symbol)

../sbl6/segalib/lib/sega_int.a(int.o)
                              vblank.o (INT_SetScuFunc)
../sbl6/segalib/lib/sega_int.a(int_trmp.o)
                              ../sbl6/segalib/lib/sega_int.a(int.o) (__interrupt_handler0)
../sbl6/segalib/lib/sega_spr.a(spr_2c.o)
                              main.o (SPR_2Initial)
../sbl6/segalib/lib/sega_spr.a(spr_slv.o)
                              ../sbl6/segalib/lib/sega_spr.a(spr_2c.o) (SPR_InitSlaveSH)
../sbl6/segalib/lib/sega_spr.a(spr_1c.o)
                              ../sbl6/segalib/lib/sega_spr.a(spr_2c.o) (SPR_Initial)
../sbl6/segalib/lib/sega_spr.a(spr_2a.o)
                              ../sbl6/segalib/lib/sega_spr.a(spr_2c.o) (SPR_2SetDrawPrty)
../sbl6/segalib/lib/sega_scl.a(scl_vblv.o)
                              ../sbl6/segalib/lib/sega_spr.a(spr_1c.o) (SpFrameChgMode)
../sbl6/segalib/lib/sega_scl.a(scl_func.o)
                              main.o (SCL_Vdp2Init)
../sbl6/segalib/lib/sega_scl.a(scl_pr03.o)
                              scroll.o (SCL_AllocColRam)
../sbl6/segalib/lib/sega_scl.a(scl_pr02.o)
                              scroll.o (SCL_SetColRam)
../sbl6/segalib/lib/sega_scl.a(scl_back.o)
                              scroll.o (SCL_SetBack)
../sbl6/segalib/lib/sega_scl.a(scl_fu03.o)
                              scroll.o (SCL_InitConfigTb)
../sbl6/segalib/lib/sega_scl.a(scl_fu02.o)
                              scroll.o (SCL_InitVramConfigTb)
../sbl6/segalib/lib/sega_scl.a(scl_fu04.o)
                              scroll.o (SCL_SetCycleTable)
../sbl6/segalib/lib/sega_scl.a(scl_pr07.o)
                              main.o (SCL_SetPriority)
../sbl6/segalib/lib/sega_scl.a(scl_pr01.o)
                              main.o (SCL_SetSpriteMode)
../sbl6/segalib/lib/sega_scl.a(scl_pri.o)
                              ../sbl6/segalib/lib/sega_scl.a(scl_func.o) (SclRealOtherPri)
../sbl6/segalib/lib/sega_scl.a(scl_ro00.o)
                              ../sbl6/segalib/lib/sega_scl.a(scl_func.o) (SCL_Rotate)
../sbl6/segalib/lib/sega_scl.a(scl_pr06.o)
                              ../sbl6/segalib/lib/sega_scl.a(scl_pr03.o) (SCL_SetColRamOffset)
../sbl6/segalib/lib/sega_scl.a(scl_pr05.o)
                              ../sbl6/segalib/lib/sega_scl.a(scl_pr02.o) (SCL_GetColRamOffset)
../sbl6/segalib/lib/sega_mth.a(mth_fixd.o)
                              player.o (MTH_Mul)
../sbl6/segalib/lib/sega_mth.a(mth_tri.o)
                              sprite.o (MTH_Sin)
../sbl6/segalib/lib/sega_per.a(per_prt.o)
                              ../sbl6/segasmp/per/smpclib/per_x2.o (PER_LInit)
../sbl6/segalib/lib/sega_sat.a(DMA_SCU1.o)
                              ../sbl6/segalib/lib/sega_spr.a(spr_2c.o) (DMA_ScuMemCopy)
../sbl6/segalib/lib/sega_sat.a(DMA_SCU0.o)
                              ../sbl6/segalib/lib/sega_sat.a(DMA_SCU1.o) (DMA_ScuSetPrm)
../sbl6/segalib/lib/sega_sat.a(csh_main.o)
                              ../sbl6/segalib/lib/sega_sat.a(DMA_SCU1.o) (CSH_Purge)
c:/saturn/SH_COFF/sh-coff/bin/../lib/gcc/sh-coff/3.4-GNUSH_v0501\libgcc.a(_ashiftlt.o)
                              scroll.o (__ashlsi3)
c:/saturn/SH_COFF/sh-coff/bin/../lib/gcc/sh-coff/3.4-GNUSH_v0501\libgcc.a(_movstr.o)
                              scroll.o (__movstr)
c:/saturn/SH_COFF/sh-coff/bin/../lib/gcc/sh-coff/3.4-GNUSH_v0501\libgcc.a(__main.o)
                              main.o (__main)
c:/saturn/SH_COFF/sh-coff/bin/../lib/gcc/sh-coff/3.4-GNUSH_v0501\libgcc.a(_udivsi3.o)
                              ../sbl6/segalib/lib/sega_scl.a(scl_fu03.o) (__udivsi3)
c:/saturn/SH_COFF/sh-coff/bin/../lib/gcc/sh-coff/3.4-GNUSH_v0501\libgcc.a(_ashiftrt.o)
                              ../sbl6/segalib/lib/sega_scl.a(scl_ro00.o) (__ashiftrt_r4_6)
c:/saturn/SH_COFF/sh-coff/bin/../lib/gcc/sh-coff/3.4-GNUSH_v0501\libgcc.a(_si_to_df.o)
                              ../sbl6/segalib/lib/sega_scl.a(scl_ro00.o) (__floatsidf)
c:/saturn/SH_COFF/sh-coff/bin/../lib/gcc/sh-coff/3.4-GNUSH_v0501\libgcc.a(_mul_df.o)
                              ../sbl6/segalib/lib/sega_scl.a(scl_ro00.o) (__muldf3)
c:/saturn/SH_COFF/sh-coff/bin/../lib/gcc/sh-coff/3.4-GNUSH_v0501\libgcc.a(_df_to_si.o)
                              ../sbl6/segalib/lib/sega_scl.a(scl_ro00.o) (__fixdfsi)
c:/saturn/SH_COFF/sh-coff/bin/../lib/gcc/sh-coff/3.4-GNUSH_v0501\libgcc.a(_pack_df.o)
                              c:/saturn/SH_COFF/sh-coff/bin/../lib/gcc/sh-coff/3.4-GNUSH_v0501\libgcc.a(_si_to_df.o) (__pack_d)
c:/saturn/SH_COFF/sh-coff/bin/../lib/gcc/sh-coff/3.4-GNUSH_v0501\libgcc.a(_unpack_df.o)
                              c:/saturn/SH_COFF/sh-coff/bin/../lib/gcc/sh-coff/3.4-GNUSH_v0501\libgcc.a(_mul_df.o) (__unpack_d)
c:/saturn/SH_COFF/sh-coff/bin/../lib/gcc/sh-coff/3.4-GNUSH_v0501\libgcc.a(_thenan_df.o)
                              c:/saturn/SH_COFF/sh-coff/bin/../lib/gcc/sh-coff/3.4-GNUSH_v0501\libgcc.a(_mul_df.o) (__thenan_df)
c:/saturn/SH_COFF/sh-coff/bin/../lib/gcc/sh-coff/3.4-GNUSH_v0501\libgcc.a(_muldi3.o)
                              c:/saturn/SH_COFF/sh-coff/bin/../lib/gcc/sh-coff/3.4-GNUSH_v0501\libgcc.a(_mul_df.o) (__muldi3)
c:/saturn/SH_COFF/sh-coff/bin/../lib/gcc/sh-coff/3.4-GNUSH_v0501\libgcc.a(_lshrdi3.o)
                              c:/saturn/SH_COFF/sh-coff/bin/../lib/gcc/sh-coff/3.4-GNUSH_v0501\libgcc.a(_df_to_si.o) (__lshrdi3)
c:/saturn/SH_COFF/sh-coff/bin/../lib/gcc/sh-coff/3.4-GNUSH_v0501\libgcc.a(_ashldi3.o)
                              c:/saturn/SH_COFF/sh-coff/bin/../lib/gcc/sh-coff/3.4-GNUSH_v0501\libgcc.a(_pack_df.o) (__ashldi3)
c:/saturn/SH_COFF/sh-coff/bin/../lib/gcc/sh-coff/3.4-GNUSH_v0501\libgcc.a(_mulsi3.o)
                              c:/saturn/SH_COFF/sh-coff/bin/../lib/gcc/sh-coff/3.4-GNUSH_v0501\libgcc.a(_muldi3.o) (__mulsi3)
c:/saturn/SH_COFF/sh-coff/bin/../lib/gcc/sh-coff/3.4-GNUSH_v0501\libgcc.a(_lshiftrt.o)
                              c:/saturn/SH_COFF/sh-coff/bin/../lib/gcc/sh-coff/3.4-GNUSH_v0501\libgcc.a(_lshrdi3.o) (__lshrsi3)
c:/saturn/SH_COFF/sh-coff/bin/../lib/gcc/sh-coff/3.4-GNUSH_v0501/../../../../sh-coff/lib\libc.a(memcpy.o)
                              scroll.o (memcpy)
c:/saturn/SH_COFF/sh-coff/bin/../lib/gcc/sh-coff/3.4-GNUSH_v0501/../../../../sh-coff/lib\libc.a(memset.o)
                              ../sbl6/segalib/lib/sega_spr.a(spr_2c.o) (memset)
c:/saturn/SH_COFF/sh-coff/bin/../lib/gcc/sh-coff/3.4-GNUSH_v0501/../../../../sh-coff/lib\libc.a(atexit.o)
                              c:/saturn/SH_COFF/sh-coff/bin/../lib/gcc/sh-coff/3.4-GNUSH_v0501\libgcc.a(__main.o) (atexit)
c:/saturn/SH_COFF/sh-coff/bin/../lib/gcc/sh-coff/3.4-GNUSH_v0501/../../../../sh-coff/lib\libc.a(impure.o)
                              c:/saturn/SH_COFF/sh-coff/bin/../lib/gcc/sh-coff/3.4-GNUSH_v0501/../../../../sh-coff/lib\libc.a(atexit.o) (_impure_ptr)
c:/saturn/SH_COFF/sh-coff/bin/../lib/gcc/sh-coff/3.4-GNUSH_v0501/../../../../sh-coff/lib\libc.a(malloc.o)
                              c:/saturn/SH_COFF/sh-coff/bin/../lib/gcc/sh-coff/3.4-GNUSH_v0501/../../../../sh-coff/lib\libc.a(atexit.o) (malloc)
c:/saturn/SH_COFF/sh-coff/bin/../lib/gcc/sh-coff/3.4-GNUSH_v0501/../../../../sh-coff/lib\libc.a(mallocr.o)
                              c:/saturn/SH_COFF/sh-coff/bin/../lib/gcc/sh-coff/3.4-GNUSH_v0501/../../../../sh-coff/lib\libc.a(malloc.o) (_malloc_r)
c:/saturn/SH_COFF/sh-coff/bin/../lib/gcc/sh-coff/3.4-GNUSH_v0501/../../../../sh-coff/lib\libc.a(freer.o)
                              c:/saturn/SH_COFF/sh-coff/bin/../lib/gcc/sh-coff/3.4-GNUSH_v0501/../../../../sh-coff/lib\libc.a(malloc.o) (_free_r)
c:/saturn/SH_COFF/sh-coff/bin/../lib/gcc/sh-coff/3.4-GNUSH_v0501/../../../../sh-coff/lib\libc.a(mlock.o)
                              c:/saturn/SH_COFF/sh-coff/bin/../lib/gcc/sh-coff/3.4-GNUSH_v0501/../../../../sh-coff/lib\libc.a(mallocr.o) (__malloc_lock)
c:/saturn/SH_COFF/sh-coff/bin/../lib/gcc/sh-coff/3.4-GNUSH_v0501/../../../../sh-coff/lib\libc.a(sbrkr.o)
                              c:/saturn/SH_COFF/sh-coff/bin/../lib/gcc/sh-coff/3.4-GNUSH_v0501/../../../../sh-coff/lib\libc.a(mallocr.o) (_sbrk_r)
c:/saturn/SH_COFF/sh-coff/bin/../lib/gcc/sh-coff/3.4-GNUSH_v0501/../../../../sh-coff/lib\libc.a(syscalls.o)
                              c:/saturn/SH_COFF/sh-coff/bin/../lib/gcc/sh-coff/3.4-GNUSH_v0501/../../../../sh-coff/lib\libc.a(sbrkr.o) (_sbrk)
c:/saturn/SH_COFF/sh-coff/bin/../lib/gcc/sh-coff/3.4-GNUSH_v0501/../../../../sh-coff/lib\libc.a(trap.o)
                              c:/saturn/SH_COFF/sh-coff/bin/../lib/gcc/sh-coff/3.4-GNUSH_v0501/../../../../sh-coff/lib\libc.a(syscalls.o) (__trap34)
c:/saturn/SH_COFF/sh-coff/bin/../lib/gcc/sh-coff/3.4-GNUSH_v0501/../../../../sh-coff/lib\libc.a(abort.o)
                              c:/saturn/SH_COFF/sh-coff/bin/../lib/gcc/sh-coff/3.4-GNUSH_v0501/../../../../sh-coff/lib\libc.a(syscalls.o) (abort)
c:/saturn/SH_COFF/sh-coff/bin/../lib/gcc/sh-coff/3.4-GNUSH_v0501/../../../../sh-coff/lib\libc.a(signal.o)
                              c:/saturn/SH_COFF/sh-coff/bin/../lib/gcc/sh-coff/3.4-GNUSH_v0501/../../../../sh-coff/lib\libc.a(abort.o) (raise)
c:/saturn/SH_COFF/sh-coff/bin/../lib/gcc/sh-coff/3.4-GNUSH_v0501/../../../../sh-coff/lib\libc.a(signalr.o)
                              c:/saturn/SH_COFF/sh-coff/bin/../lib/gcc/sh-coff/3.4-GNUSH_v0501/../../../../sh-coff/lib\libc.a(signal.o) (_kill_r)

Allocating common symbols
Common symbol       size              file

SclRbgKtbAddr       0x8               ../sbl6/segalib/lib/sega_scl.a(scl_func.o)
sprites             0x1c20            collision.o
SpMstCmd            0x4               ../sbl6/segalib/lib/sega_spr.a(spr_2c.o)
SclRb               0x1               ../sbl6/segalib/lib/sega_scl.a(scl_func.o)
Scl_flag            0x2               ../sbl6/segalib/lib/sega_scl.a(scl_func.o)
per_get_time_flg    0x1               ../sbl6/segalib/lib/sega_per.a(per_prt.o)
SpScreenY           0x4               ../sbl6/segalib/lib/sega_spr.a(spr_1c.o)
SclK_TableBuff      0xcd0             ../sbl6/segalib/lib/sega_scl.a(scl_func.o)
SclAutoEndBlue2     0x2               ../sbl6/segalib/lib/sega_scl.a(scl_pri.o)
SpFbcrMode          0x2               ../sbl6/segalib/lib/sega_spr.a(spr_1c.o)
Sp2OpenFlag         0x4               ../sbl6/segalib/lib/sega_spr.a(spr_2c.o)
SclColOffset        0x10              ../sbl6/segalib/lib/sega_scl.a(scl_pri.o)
SclAddrCsTbl        0x8               ../sbl6/segalib/lib/sega_scl.a(scl_func.o)
scfg0               0x8c              scroll.o
SclPriBuffDirty     0x1               ../sbl6/segalib/lib/sega_scl.a(scl_pri.o)
SclAutoEndRed       0x2               ../sbl6/segalib/lib/sega_scl.a(scl_pri.o)
player              0x24              player.o
SclAutoSurface      0x4               ../sbl6/segalib/lib/sega_scl.a(scl_pri.o)
__interrupt_vector  0x400             ../sbl6/segalib/lib/sega_int.a(int.o)
per_hot_res         0x1               ../sbl6/segalib/lib/sega_per.a(per_prt.o)
SclCsx              0x8               ../sbl6/segalib/lib/sega_scl.a(scl_ro00.o)
Scl_s_reg           0x28              ../sbl6/segalib/lib/sega_scl.a(scl_func.o)
SclAutoGreen        0x2               ../sbl6/segalib/lib/sega_scl.a(scl_pri.o)
SclAutoEndGreen     0x2               ../sbl6/segalib/lib/sega_scl.a(scl_pri.o)
SclAutoCount        0x4               ../sbl6/segalib/lib/sega_scl.a(scl_pri.o)
SpGourTblMax        0x4               ../sbl6/segalib/lib/sega_spr.a(spr_2c.o)
SclColRamAlloc256   0x20              ../sbl6/segalib/lib/sega_scl.a(scl_pri.o)
SclRotateXy         0x8               ../sbl6/segalib/lib/sega_scl.a(scl_func.o)
SpDrawPrtyBlk       0x4               ../sbl6/segalib/lib/sega_spr.a(spr_2c.o)
SclAutoCurRate      0x1               ../sbl6/segalib/lib/sega_scl.a(scl_pri.o)
SpLCoordX           0x4               ../sbl6/segalib/lib/sega_spr.a(spr_2c.o)
maps                0x10              scroll.o
SpMstDrawPrtyBlk    0x4               ../sbl6/segalib/lib/sega_spr.a(spr_2c.o)
SclAutoPlusFlag     0x1               ../sbl6/segalib/lib/sega_scl.a(scl_pri.o)
per_set_sys_flg     0x1               ../sbl6/segalib/lib/sega_per.a(per_prt.o)
Scl_d_reg           0x48              ../sbl6/segalib/lib/sega_scl.a(scl_func.o)
SclRotateDisp       0x8               ../sbl6/segalib/lib/sega_scl.a(scl_func.o)
SpGourTbl           0x4               ../sbl6/segalib/lib/sega_spr.a(spr_2c.o)
SclSpColMix         0x8               ../sbl6/segalib/lib/sega_scl.a(scl_pri.o)
SpDil               0x2               ../sbl6/segalib/lib/sega_spr.a(spr_1c.o)
SpLookupTblR        0x2               ../sbl6/segalib/lib/sega_spr.a(spr_2c.o)
SclAutoMax          0x4               ../sbl6/segalib/lib/sega_scl.a(scl_pri.o)
SpCmdTbl            0x4               ../sbl6/segalib/lib/sega_spr.a(spr_2c.o)
SclRotateMoveZ      0x8               ../sbl6/segalib/lib/sega_scl.a(scl_func.o)
SclLineColRamOffset
                    0x4               ../sbl6/segalib/lib/sega_scl.a(scl_pri.o)
SclRotXySw          0x4               ../sbl6/segalib/lib/sega_scl.a(scl_func.o)
per_get_time_adr    0x4               ../sbl6/segalib/lib/sega_per.a(per_prt.o)
SclColRamAlloc2048  0x4               ../sbl6/segalib/lib/sega_scl.a(scl_pri.o)
SclBgPriNum         0x6               ../sbl6/segalib/lib/sega_scl.a(scl_pri.o)
SpCharMax           0x4               ../sbl6/segalib/lib/sega_spr.a(spr_2c.o)
SpDrawPrtyProcFlag  0x4               ../sbl6/segalib/lib/sega_spr.a(spr_2c.o)
SclAutoEndBlue      0x2               ../sbl6/segalib/lib/sega_scl.a(scl_pri.o)
SpCmdNo             0x4               ../sbl6/segalib/lib/sega_spr.a(spr_2c.o)
SclAutoEndGreen2    0x2               ../sbl6/segalib/lib/sega_scl.a(scl_pri.o)
Scl_r_reg           0x10              ../sbl6/segalib/lib/sega_scl.a(scl_func.o)
SclRPMD             0x2               ../sbl6/segalib/lib/sega_scl.a(scl_func.o)
SpDrawPrtyBlkMax    0x4               ../sbl6/segalib/lib/sega_spr.a(spr_2c.o)
SpDie               0x2               ../sbl6/segalib/lib/sega_spr.a(spr_1c.o)
SclAutoVeFlag       0x1               ../sbl6/segalib/lib/sega_scl.a(scl_pri.o)
SclBgColMix         0x8               ../sbl6/segalib/lib/sega_scl.a(scl_pri.o)
text                0x460             print.o
SpSlvCmdPos         0x4               ../sbl6/segalib/lib/sega_spr.a(spr_2c.o)
per_get_sys_data    0xc               ../sbl6/segalib/lib/sega_per.a(per_prt.o)
SclRbgKtbOffset     0x8               ../sbl6/segalib/lib/sega_scl.a(scl_func.o)
SclAutoIndex        0x4               ../sbl6/segalib/lib/sega_scl.a(scl_pri.o)
SclAutoEndRate      0x1               ../sbl6/segalib/lib/sega_scl.a(scl_pri.o)
SpSlvDrawPrtyBlk    0x4               ../sbl6/segalib/lib/sega_spr.a(spr_2c.o)
_SclRotregBuff      0xd0              ../sbl6/segalib/lib/sega_scl.a(scl_func.o)
SclAutoBlue         0x2               ../sbl6/segalib/lib/sega_scl.a(scl_pri.o)
SpTvMode            0x2               ../sbl6/segalib/lib/sega_spr.a(spr_1c.o)
SpScreenX           0x4               ../sbl6/segalib/lib/sega_spr.a(spr_1c.o)
SclRa               0x1               ../sbl6/segalib/lib/sega_scl.a(scl_func.o)
SclRotateZ          0x8               ../sbl6/segalib/lib/sega_scl.a(scl_func.o)
SpCharTbl           0x4               ../sbl6/segalib/lib/sega_spr.a(spr_2c.o)
SclAddrLsTbl        0x8               ../sbl6/segalib/lib/sega_scl.a(scl_func.o)
SclK_TableNum       0x8               ../sbl6/segalib/lib/sega_scl.a(scl_func.o)
SclAutoRed          0x2               ../sbl6/segalib/lib/sega_scl.a(scl_pri.o)
SpCmdTblR           0x2               ../sbl6/segalib/lib/sega_spr.a(spr_2c.o)
SclAutoInterval     0x4               ../sbl6/segalib/lib/sega_scl.a(scl_pri.o)
SclOtherPri         0x10              ../sbl6/segalib/lib/sega_scl.a(scl_pri.o)
per_time_out_flg    0x1               ../sbl6/segalib/lib/sega_per.a(per_prt.o)
SclRotateTableAddress
                    0x4               ../sbl6/segalib/lib/sega_scl.a(scl_func.o)
SpMstCmdPos         0x4               ../sbl6/segalib/lib/sega_spr.a(spr_2c.o)
SpSlvCmd            0x4               ../sbl6/segalib/lib/sega_spr.a(spr_2c.o)
scfg1               0x8c              scroll.o
SclAutoRGB          0x600             ../sbl6/segalib/lib/sega_scl.a(scl_pri.o)
errno               0x4               c:/saturn/SH_COFF/sh-coff/bin/../lib/gcc/sh-coff/3.4-GNUSH_v0501/../../../../sh-coff/lib\libc.a(syscalls.o)
SclK_TableFlag      0x4               ../sbl6/segalib/lib/sega_scl.a(scl_func.o)
SclAutoEndRed2      0x2               ../sbl6/segalib/lib/sega_scl.a(scl_pri.o)
SclCsy              0x8               ../sbl6/segalib/lib/sega_scl.a(scl_ro00.o)
SclSpPriNum         0x8               ../sbl6/segalib/lib/sega_scl.a(scl_pri.o)
Scl_w_reg           0x20              ../sbl6/segalib/lib/sega_scl.a(scl_func.o)
SpLCoordY           0x4               ../sbl6/segalib/lib/sega_spr.a(spr_2c.o)
Scl_n_reg           0x40              ../sbl6/segalib/lib/sega_scl.a(scl_func.o)

Memory Configuration

Name             Origin             Length             Attributes
*default*        0x00000000         0xffffffff

Linker script and memory map

LOAD ../sbl6/segasmp/lib/strt1_g.o
LOAD ../sbl6/segasmp/lib/strt2_g.o
LOAD vblank.o
LOAD ../sbl6/segasmp/per/smpclib/per_x1.o
LOAD ../sbl6/segasmp/per/smpclib/per_x2.o
LOAD ../sbl6/segasmp/per/smpclib/per_x3.o
LOAD collision.o
LOAD graphics.o
LOAD player.o
LOAD print.o
LOAD sprite.o
LOAD scroll.o
LOAD main.o
LOAD ../sbl6/segalib/lib/sega_int.a
LOAD ../sbl6/segalib/lib/sega_spr.a
LOAD ../sbl6/segalib/lib/sega_scl.a
LOAD ../sbl6/segalib/lib/sega_mth.a
LOAD ../sbl6/segalib/lib/sega_cdc.a
LOAD ../sbl6/segalib/lib/sega_adp.a
LOAD ../sbl6/segalib/lib/sega_per.a
LOAD ../sbl6/segalib/lib/sega_sat.a
LOAD c:/saturn/SH_COFF/sh-coff/bin/../lib/gcc/sh-coff/3.4-GNUSH_v0501\libgcc.a
LOAD c:/saturn/SH_COFF/sh-coff/bin/../lib/gcc/sh-coff/3.4-GNUSH_v0501/../../../../sh-coff/lib\libc.a
LOAD c:/saturn/SH_COFF/sh-coff/bin/../lib/gcc/sh-coff/3.4-GNUSH_v0501\libgcc.a

.text           0x06010000    0x1ad30
 *(.text)
 .text          0x06010000       0x30 ../sbl6/segasmp/lib/strt1_g.o
                0x06010024                _D_END
                0x06010020                _D_BGN
                0x0601002c                _B_END
                0x06010028                _B_BGN
                0x06010000                START
 .text          0x06010030       0x60 ../sbl6/segasmp/lib/strt2_g.o
                0x06010050                _INITSCT
                0x06010030                _INIT
 .text          0x06010090      0x1b0 vblank.o
                0x06010090                SetVblank
                0x06010140                UsrVblankOut
                0x060100f0                UsrVblankIn
 .text          0x06010240      0x430 ../sbl6/segasmp/per/smpclib/per_x1.o
                0x060105d4                PER_GetAnalogXYZ
                0x06010264                PER_GetTriggerHandler
                0x060104fe                PER_GetEdge
                0x0601047c                PER_GetTrigger
                0x06010528                PER_GetPressEdge
                0x0601057c                PER_GetReleaseEdge
                0x06010240                PER_SetTriggerHandler
 .text          0x06010670      0x200 ../sbl6/segasmp/per/smpclib/per_x2.o
                0x06010774                PER_GetDeviceA
                0x06010670                PER_OpenPort
                0x060106a8                PER_GetPort
                0x060107ee                PER_GetDeviceR
 .text          0x06010870       0x20 ../sbl6/segasmp/per/smpclib/per_x3.o
                0x06010870                PER_DisguiseTrigger
 .text          0x06010890      0xe70 collision.o
                0x06011670                collision_detect_up_right
                0x06010900                over_air
                0x06010a20                collision_detect_down
                0x060116a0                collision_detect_down_left
                0x06010d40                collision_detect_left
                0x060116d0                collision_detect_down_right
                0x06010890                floor_tiles
                0x06011030                collision_detect_up
                0x06011640                collision_detect_up_left
                0x06011320                collision_detect_right
 .text          0x06011700     0xde50 graphics.o
                0x0601f14c                font3
                0x0601f44c                font0
                0x06013700                map2
                0x0601e34c                guy0
                0x06011700                map3
                0x0601eb4c                font9
                0x0601c34c                guyback1
                0x06015700                map1
                0x0601cb4c                guyback0
                0x0601f04c                font4
                0x0601ee4c                font6
                0x0601f34c                font1
                0x0601db4c                guy1
                0x06017700                wood_chr
                0x0601b34c                guyside0
                0x06019f00                wood_pal
                0x0601ed4c                font7
                0x0601bb4c                guyback2
                0x0601ab4c                guyside1
                0x0601a34c                guyside2
                0x0601f24c                font2
                0x0601ef4c                font5
                0x0601d34c                guy2
                0x0601a300                dimensions
                0x0601ec4c                font8
 .text          0x0601f550      0x4a0 player.o
                0x0601f550                player_side
                0x0601f560                player_down
                0x0601f558                player_up
                0x0601f568                states
                0x0601f6b0                player_input
                0x0601f590                player_init
                0x0601f930                player_draw
                0x0601f5d0                player_animate
 .text          0x0601f9f0      0x130 print.o
                0x0601fa80                print_display
                0x0601fa30                print_num
                0x0601f9f0                print_init
 .text          0x0601fb20      0x360 sprite.o
                0x0601fd80                sprite_make
                0x0601fdf0                sprite_next
                0x0601fe50                sprite_delete
                0x0601fb20                sprite_draw
 .text          0x0601fe80      0x980 scroll.o
                0x060205f0                scroll_transition
                0x0601fe80                scroll_move
                0x06020290                scroll_get
                0x060202e0                scroll_copy
                0x0601ff90                scroll_set
                0x06020080                scroll_init
                0x0601ffc0                scroll_scale
 .text          0x06020800      0x140 main.o
                0x06020800                main
 .text          0x06020940       0x40 ../sbl6/segalib/lib/sega_int.a(int.o)
                0x0602096c                INT_GetScuFunc
                0x06020940                INT_SetScuFunc
 .text          0x06020980      0x624 ../sbl6/segalib/lib/sega_int.a(int_trmp.o)
                0x06020ae8                __interrupt_handler60
                0x06020c98                __interrupt_handler132
                0x06020e4e                __interrupt_handler205
                0x06020cb6                __interrupt_handler137
                0x06020be4                __interrupt_handler102
                0x06020a22                __interrupt_handler27
                0x06020e24                __interrupt_handler198
                0x06020d16                __interrupt_handler153
                0x060209fe                __interrupt_handler21
                0x06020b0c                __interrupt_handler66
                0x06020bfc                __interrupt_handler106
                0x06020d46                __interrupt_handler161
                0x06020b90                __interrupt_handler88
                0x06020d5e                __interrupt_handler165
                0x06020c6e                __interrupt_handler125
                0x060209a4                __interrupt_handler6
                0x06020a40                __interrupt_handler32
                0x06020dfa                __interrupt_handler191
                0x06020f14                __interrupt_handler238
                0x06020f2c                __interrupt_handler242
                0x06020d34                __interrupt_handler158
                0x06020b9c                __interrupt_handler90
                0x06020d58                __interrupt_handler164
                0x06020a7c                __interrupt_handler42
                0x06020dbe                __interrupt_handler181
                0x06020ec6                __interrupt_handler225
                0x06020f6e                __interrupt_handler253
                0x06020d82                __interrupt_handler171
                0x06020b3c                __interrupt_handler74
                0x06020992                __interrupt_handler3
                0x06020ad6                __interrupt_handler57
                0x060209d4                __interrupt_handler14
                0x06020e6c                __interrupt_handler210
                0x06020e9c                __interrupt_handler218
                0x06020e60                __interrupt_handler208
                0x06020a64                __interrupt_handler38
                0x06020980                __interrupt_handler0
                0x06020bf0                __interrupt_handler104
                0x06020d2e                __interrupt_handler157
                0x06020e7e                __interrupt_handler213
                0x06020d70                __interrupt_handler168
                0x06020b7e                __interrupt_handler85
                0x06020c1a                __interrupt_handler111
                0x06020c2c                __interrupt_handler114
                0x06020a9a                __interrupt_handler47
                0x06020ef0                __interrupt_handler232
                0x06020eba                __interrupt_handler223
                0x06020f0e                __interrupt_handler237
                0x06020afa                __interrupt_handler63
                0x06020a88                __interrupt_handler44
                0x06020d9a                __interrupt_handler175
                0x06020dc4                __interrupt_handler182
                0x06020ddc                __interrupt_handler186
                0x06020cda                __interrupt_handler143
                0x06020c02                __interrupt_handler107
                0x06020c68                __interrupt_handler124
                0x06020d88                __interrupt_handler172
                0x06020f3e                __interrupt_handler245
                0x06020bba                __interrupt_handler95
                0x06020c92                __interrupt_handler131
                0x06020ca4                __interrupt_handler134
                0x06020cc2                __interrupt_handler139
                0x06020b30                __interrupt_handler72
                0x06020eea                __interrupt_handler231
                0x06020d40                __interrupt_handler160
                0x06020c86                __interrupt_handler129
                0x060209f8                __interrupt_handler20
                0x06020b06                __interrupt_handler65
                0x06020ad0                __interrupt_handler56
                0x060209ce                __interrupt_handler13
                0x06020e66                __interrupt_handler209
                0x06020c20                __interrupt_handler112
                0x060209f2                __interrupt_handler19
                0x06020bae                __interrupt_handler93
                0x06020e18                __interrupt_handler196
                0x06020d0a                __interrupt_handler151
                0x06020d6a                __interrupt_handler167
                0x06020f80                __trampoline
                0x060209e6                __interrupt_handler17
                0x06020ed8                __interrupt_handler228
                0x06020f7a                __interrupt_handler255
                0x06020f38                __interrupt_handler244
                0x06020bd2                __interrupt_handler99
                0x06020dca                __interrupt_handler183
                0x06020cc8                __interrupt_handler140
                0x06020dee                __interrupt_handler189
                0x06020cec                __interrupt_handler146
                0x06020eb4                __interrupt_handler222
                0x06020d28                __interrupt_handler156
                0x06020c5c                __interrupt_handler122
                0x06020f50                __interrupt_handler248
                0x06020aa0                __interrupt_handler48
                0x06020b1e                __interrupt_handler69
                0x06020a10                __interrupt_handler24
                0x06020b96                __interrupt_handler89
                0x06020e8a                __interrupt_handler215
                0x06020f74                __interrupt_handler254
                0x06020b8a                __interrupt_handler87
                0x06020aee                __interrupt_handler61
                0x06020e12                __interrupt_handler195
                0x06020d04                __interrupt_handler150
                0x06020a76                __interrupt_handler41
                0x06020c14                __interrupt_handler110
                0x06020c7a                __interrupt_handler127
                0x06020c08                __interrupt_handler108
                0x06020c26                __interrupt_handler113
                0x06020c38                __interrupt_handler116
                0x06020c56                __interrupt_handler121
                0x06020b4e                __interrupt_handler77
                0x06020a6a                __interrupt_handler39
                0x06020a82                __interrupt_handler43
                0x06020f56                __interrupt_handler249
                0x06020d94                __interrupt_handler174
                0x06020cb0                __interrupt_handler136
                0x06020de8                __interrupt_handler188
                0x06020ce6                __interrupt_handler145
                0x060209b6                __interrupt_handler9
                0x06020b5a                __interrupt_handler79
                0x06020ed2                __interrupt_handler227
                0x06020a4c                __interrupt_handler34
                0x06020c8c                __interrupt_handler130
                0x06020f4a                __interrupt_handler247
                0x06020b42                __interrupt_handler75
                0x06020d8e                __interrupt_handler173
                0x06020abe                __interrupt_handler53
                0x06020cfe                __interrupt_handler149
                0x06020f62                __interrupt_handler251
                0x06020ef6                __interrupt_handler233
                0x060209bc                __interrupt_handler10
                0x06020e48                __interrupt_handler204
                0x06020b6c                __interrupt_handler82
                0x06020b72                __interrupt_handler83
                0x06020a16                __interrupt_handler25
                0x06020f32                __interrupt_handler243
                0x06020d4c                __interrupt_handler162
                0x06020a94                __interrupt_handler46
                0x06020dac                __interrupt_handler178
                0x06020b60                __interrupt_handler80
                0x06020af4                __interrupt_handler62
                0x0602098c                __interrupt_handler2
                0x06020a2e                __interrupt_handler29
                0x06020b24                __interrupt_handler70
                0x06020c0e                __interrupt_handler109
                0x06020cf8                __interrupt_handler148
                0x06020bb4                __interrupt_handler94
                0x06020ec0                __interrupt_handler224
                0x06020bea                __interrupt_handler103
                0x06020a58                __interrupt_handler36
                0x06020c74                __interrupt_handler126
                0x06020f44                __interrupt_handler246
                0x06020aca                __interrupt_handler55
                0x060209c8                __interrupt_handler12
                0x06020ab8                __interrupt_handler52
                0x06020de2                __interrupt_handler187
                0x06020ce0                __interrupt_handler144
                0x06020c3e                __interrupt_handler117
                0x060209ec                __interrupt_handler18
                0x06020e1e                __interrupt_handler197
                0x06020d10                __interrupt_handler152
                0x06020c44                __interrupt_handler118
                0x06020d7c                __interrupt_handler170
                0x06020e36                __interrupt_handler201
                0x06020bc6                __interrupt_handler97
                0x06020d52                __interrupt_handler163
                0x06020db8                __interrupt_handler180
                0x06020e00                __interrupt_handler192
                0x06020f20                __interrupt_handler240
                0x06020c62                __interrupt_handler123
                0x06020e84                __interrupt_handler214
                0x06020a3a                __interrupt_handler31
                0x06020a28                __interrupt_handler28
                0x06020b12                __interrupt_handler67
                0x06020b18                __interrupt_handler68
                0x06020a04                __interrupt_handler22
                0x06020a0a                __interrupt_handler23
                0x06020da0                __interrupt_handler176
                0x060209aa                __interrupt_handler7
                0x06020eae                __interrupt_handler221
                0x06020e96                __interrupt_handler217
                0x06020ede                __interrupt_handler229
                0x06020aa6                __interrupt_handler49
                0x06020998                __interrupt_handler4
                0x06020a70                __interrupt_handler40
                0x06020c32                __interrupt_handler115
                0x06020f02                __interrupt_handler235
                0x06020ba2                __interrupt_handler91
                0x06020e54                __interrupt_handler206
                0x06020da6                __interrupt_handler177
                0x06020cf2                __interrupt_handler147
                0x06020a5e                __interrupt_handler37
                0x06020f5c                __interrupt_handler250
                0x06020986                __interrupt_handler1
                0x06020ea2                __interrupt_handler219
                0x06020b48                __interrupt_handler76
                0x06020bd8                __interrupt_handler100
                0x06020adc                __interrupt_handler58
                0x060209da                __interrupt_handler15
                0x06020e78                __interrupt_handler212
                0x06020f26                __interrupt_handler241
                0x06020e3c                __interrupt_handler202
                0x06020e06                __interrupt_handler193
                0x06020b54                __interrupt_handler78
                0x06020aac                __interrupt_handler50
                0x06020a46                __interrupt_handler33
                0x06020d64                __interrupt_handler166
                0x06020cbc                __interrupt_handler138
                0x06020caa                __interrupt_handler135
                0x06020a34                __interrupt_handler30
                0x06020dd0                __interrupt_handler184
                0x06020cce                __interrupt_handler141
                0x06020ee4                __interrupt_handler230
                0x06020f08                __interrupt_handler236
                0x06020c4a                __interrupt_handler119
                0x06020b84                __interrupt_handler86
                0x06020bf6                __interrupt_handler105
                0x06020b66                __interrupt_handler81
                0x06020c50                __interrupt_handler120
                0x06020c80                __interrupt_handler128
                0x06020ac4                __interrupt_handler54
                0x060209c2                __interrupt_handler11
                0x06020e2a                __interrupt_handler199
                0x06020d1c                __interrupt_handler154
                0x06020a8e                __interrupt_handler45
                0x06020e90                __interrupt_handler216
                0x06020e42                __interrupt_handler203
                0x06020bde                __interrupt_handler101
                0x06020b78                __interrupt_handler84
                0x06020dd6                __interrupt_handler185
                0x06020cd4                __interrupt_handler142
                0x06020a1c                __interrupt_handler26
                0x06020b00                __interrupt_handler64
                0x06020e30                __interrupt_handler200
                0x06020e5a                __interrupt_handler207
                0x06020e0c                __interrupt_handler194
                0x06020ba8                __interrupt_handler92
                0x06020d22                __interrupt_handler155
                0x06020e72                __interrupt_handler211
                0x06020c9e                __interrupt_handler133
                0x0602099e                __interrupt_handler5
                0x06020b36                __interrupt_handler73
                0x060209e0                __interrupt_handler16
                0x06020f1a                __interrupt_handler239
                0x06020efc                __interrupt_handler234
                0x06020a52                __interrupt_handler35
                0x06020ae2                __interrupt_handler59
                0x06020d76                __interrupt_handler169
                0x06020bcc                __interrupt_handler98
                0x06020b2a                __interrupt_handler71
                0x06020ab2                __interrupt_handler51
                0x06020d3a                __interrupt_handler159
                0x06020ecc                __interrupt_handler226
                0x06020bc0                __interrupt_handler96
                0x06020df4                __interrupt_handler190
                0x06020ea8                __interrupt_handler220
                0x060209b0                __interrupt_handler8
                0x06020db2                __interrupt_handler179
                0x06020f68                __interrupt_handler252
 *fill*         0x06020fa4        0xc 00
 .text          0x06020fb0     0x12a0 ../sbl6/segalib/lib/sega_spr.a(spr_2c.o)
                0x06022210                SlaveFlushDrawPrtyBlock
                0x06020fb0                SPR_2Initial
                0x060217f4                SPR_2SysClip
                0x06021794                SPR_2LocalCoord
                0x0602208c                SPR_2FlushDrawPrtyBlock
                0x06021d78                SPR_2DistSpr
                0x0602177c                SPR_2FlushDrawPrty
                0x06021e9c                SPR_2Cmd
                0x06021478                SPR_2GourTblNoToVram
                0x060214d8                SPR_2GetAreaSizeInfo
                0x06021240                SPR_2SetGourTbl
                0x06021a2c                SPR_2Polygon
                0x060214b4                SPR_2CharNoToVram
                0x060211c0                SPR_2SetTvMode
                0x0602161c                SPR_2CloseCommand
                0x060211fc                SPR_2FrameEraseData
                0x06020fd8                SPR_2Initial2
                0x06021c0c                SPR_2ScaleSpr
                0x0602189c                SPR_2Line
                0x06021568                SPR_2OpenCommand
                0x060211dc                SPR_2FrameChgIntr
                0x06021ae8                SPR_2NormSpr
                0x06021270                SPR_2SetLookupTbl
                0x060212a4                SPR_2SetChar
                0x0602149c                SPR_2LookupTblNoToVram
                0x06021970                SPR_2PolyLine
                0x06021410                SPR_2ClrAllChar
                0x060213c4                SPR_2ClrChar
                0x06021840                SPR_2UserClip
 .text          0x06022250      0x1e6 ../sbl6/segalib/lib/sega_spr.a(spr_slv.o)
                0x060223b4                SPR_WaitEndSlaveSH
                0x06022250                SPR_SMPC_SSHON
                0x06022390                SPR_RunSlaveSH
                0x06022254                SPR_InitSlaveSH
                0x0602231c                SPR_SlaveSHmain
                0x06022251                SPR_SMPC_SSHOFF
 *fill*         0x06022436        0xa 00
 .text          0x06022440      0x36a ../sbl6/segalib/lib/sega_spr.a(spr_1c.o)
                0x060226f4                SPR_WaitDrawEnd
                0x0602270c                SPR_SetEosMode
                0x06022624                SPR_SetEraseData
                0x06022440                SPR_Initial
                0x06022518                SPR_SetTvMode
                0x060225b0                SPR_GetStatus
 *fill*         0x060227aa        0x6 00
 .text          0x060227b0      0x244 ../sbl6/segalib/lib/sega_spr.a(spr_2a.o)
                0x060227c2                sprMemCpyW
                0x06022820                flushDrawPrtyBlock
                0x060227b0                sprMemCpyL
                0x060227d4                SPR_2SetDrawPrty
 *fill*         0x060229f4        0xc 00
 .text          0x06022a00      0x2fc ../sbl6/segalib/lib/sega_scl.a(scl_vblv.o)
                0x06022abc                SCL_DisplayFrame
                0x06022a00                SCL_SetFrameInterval
                0x06022af0                SCL_VblInit
                0x06022b40                SCL_VblankStart
                0x06022b84                SCL_VblankEnd
 *fill*         0x06022cfc        0x4 00
 .text          0x06022d00      0xb9c ../sbl6/segalib/lib/sega_scl.a(scl_func.o)
                0x060236dc                SCL_Vdp2_SGLInit
                0x060235ec                SCL_PriIntProc
                0x06023564                SCL_Memcpyw
                0x0602387c                SCL_SglOff
                0x0602385c                SCL_SglOn
                0x060234d0                SCL_ScrollShow
                0x06022f78                SCL_Close
                0x06023270                SCL_Scale
                0x06022d00                SCL_Vdp2Init
                0x060230e4                SCL_Move
                0x060233ac                SCL_CopyReg
                0x06022f54                SCL_Open
                0x06022d84                SCL_ParametersInit
                0x06022f94                SCL_MoveTo
                0x0602358c                SCL_SetColRamMode
 *fill*         0x0602389c        0x4 00
 .text          0x060238a0      0x138 ../sbl6/segalib/lib/sega_scl.a(scl_pr03.o)
                0x060238a0                SCL_FreeColRam
                0x060238d8                SCL_AllocColRam
 *fill*         0x060239d8        0x8 00
 .text          0x060239e0       0x9c ../sbl6/segalib/lib/sega_scl.a(scl_pr02.o)
                0x060239e0                SCL_SetColRam
 *fill*         0x06023a7c        0x4 00
 .text          0x06023a80       0x84 ../sbl6/segalib/lib/sega_scl.a(scl_back.o)
                0x06023a80                SCL_SetBack
 *fill*         0x06023b04        0xc 00
 .text          0x06023b10      0x94c ../sbl6/segalib/lib/sega_scl.a(scl_fu03.o)
                0x06023b6c                SCL_SetConfig
                0x06023b10                SCL_InitConfigTb
 *fill*         0x0602445c        0x4 00
 .text          0x06024460      0x4f4 ../sbl6/segalib/lib/sega_scl.a(scl_fu02.o)
                0x06024498                SCL_SetVramConfig
                0x06024460                SCL_InitVramConfigTb
 *fill*         0x06024954        0xc 00
 .text          0x06024960       0x28 ../sbl6/segalib/lib/sega_scl.a(scl_fu04.o)
                0x06024960                SCL_SetCycleTable
 *fill*         0x06024988        0x8 00
 .text          0x06024990      0x214 ../sbl6/segalib/lib/sega_scl.a(scl_pr07.o)
                0x06024990                SCL_SetPriority
 *fill*         0x06024ba4        0xc 00
 .text          0x06024bb0       0x58 ../sbl6/segalib/lib/sega_scl.a(scl_pr01.o)
                0x06024bb0                SCL_SetSpriteMode
 *fill*         0x06024c08        0x8 00
 .text          0x06024c10     0x10a4 ../sbl6/segalib/lib/sega_scl.a(scl_pri.o)
                0x06024ca4                SCL_AbortAutoVe
                0x06025b54                SCL_SetShadowBit
                0x0602511c                SCL_AutoExec
                0x06024c10                SCL_PriorityInit
                0x06025630                SCL_IncColOffset
                0x06024cb8                SCL_SetColMixRate
                0x06024c88                SCL_GetColRamMode
 *fill*         0x06025cb4        0xc 00
 .text          0x06025cc0     0x1394 ../sbl6/segalib/lib/sega_scl.a(scl_ro00.o)
                0x06026eac                SCL_RotateZD
                0x06026174                SCL_Rotate
                0x06025e48                SCL_InitRotateTable
 *fill*         0x06027054        0xc 00
 .text          0x06027060      0x1b4 ../sbl6/segalib/lib/sega_scl.a(scl_pr06.o)
                0x06027060                SCL_SetColRamOffset
 *fill*         0x06027214        0xc 00
 .text          0x06027220       0xac ../sbl6/segalib/lib/sega_scl.a(scl_pr05.o)
                0x06027220                SCL_GetColRamOffset
 *fill*         0x060272cc        0x4 00
 .text          0x060272d0       0xa4 ../sbl6/segalib/lib/sega_mth.a(mth_fixd.o)
                0x06027320                MTH_FixedToInt
                0x06027310                MTH_IntToFixed
                0x060272d0                MTH_Mul
                0x06027330                MTH_Product
                0x060272f0                MTH_Div
 *fill*         0x06027374        0xc 00
 .text          0x06027380      0x600 ../sbl6/segalib/lib/sega_mth.a(mth_tri.o)
                0x0602741c                fcos
                0x06027422                fsin
                0x060273cc                MTH_Cos
                0x06027380                MTH_Sin
                0x060275c0                MTH_Atan
 .text          0x06027980      0xf50 ../sbl6/segalib/lib/sega_per.a(per_prt.o)
                0x06027da0                PER_IntFunc
                0x06027b98                PER_LGetPer
                0x06027980                PER_LInit
 .text          0x060288d0      0x1f4 ../sbl6/segalib/lib/sega_sat.a(DMA_SCU1.o)
                0x06028a2c                DMA_ScuResult
                0x060288d0                DMA_ScuInit
                0x06028920                DMA_ScuMemCopy
 *fill*         0x06028ac4        0xc 00
 .text          0x06028ad0      0x308 ../sbl6/segalib/lib/sega_sat.a(DMA_SCU0.o)
                0x06028b54                DMA_ScuStart
                0x06028c88                DMA_ScuIntFunc0
                0x06028cf8                DMA_ScuIntFunc1
                0x06028d68                DMA_ScuIntFunc2
                0x06028c48                DMA_ScuGetStatus
                0x06028ad0                DMA_ScuSetPrm
 *fill*         0x06028dd8        0x8 00
 .text          0x06028de0       0xe8 ../sbl6/segalib/lib/sega_sat.a(csh_main.o)
                0x06028de0                CSH_Init
                0x06028e48                CSH_AllClr
                0x06028e94                CSH_Purge
 *fill*         0x06028ec8        0x8 00
 .text          0x06028ed0       0x90 c:/saturn/SH_COFF/sh-coff/bin/../lib/gcc/sh-coff/3.4-GNUSH_v0501\libgcc.a(_ashiftlt.o)
                0x06028ed0                __ashlsi3
 .text          0x06028f60       0xb0 c:/saturn/SH_COFF/sh-coff/bin/../lib/gcc/sh-coff/3.4-GNUSH_v0501\libgcc.a(_movstr.o)
                0x06028fa0                __movstrSI16
                0x06028f74                __movstrSI60
                0x06028f80                __movstrSI48
                0x06028f7c                __movstrSI52
                0x06028f70                __movstrSI64
                0x06028f84                __movstrSI44
                0x06028f88                __movstrSI40
                0x06028f8c                __movstrSI36
                0x06028fc0                __movstr
                0x06028f78                __movstrSI56
                0x06028f94                __movstrSI28
                0x06028f90                __movstrSI32
                0x06028fa4                __movstrSI12
                0x06028fa8                __movstrSI8
                0x06028fb0                __movstrSI0
                0x06028f98                __movstrSI24
                0x06028f9c                __movstrSI20
                0x06028fac                __movstrSI4
 .text          0x06029010       0xa0 c:/saturn/SH_COFF/sh-coff/bin/../lib/gcc/sh-coff/3.4-GNUSH_v0501\libgcc.a(__main.o)
                0x06029084                __main
                0x06029010                __do_global_dtors
                0x06029044                __do_global_ctors
 .text          0x060290b0       0x70 c:/saturn/SH_COFF/sh-coff/bin/../lib/gcc/sh-coff/3.4-GNUSH_v0501\libgcc.a(_udivsi3.o)
                0x060290d2                __udivsi3
 .text          0x06029120       0x60 c:/saturn/SH_COFF/sh-coff/bin/../lib/gcc/sh-coff/3.4-GNUSH_v0501\libgcc.a(_ashiftrt.o)
                0x0602912c                __ashiftrt_r4_27
                0x06029160                __ashiftrt_r4_6
                0x06029150                __ashiftrt_r4_14
                0x06029142                __ashiftrt_r4_19
                0x0602915a                __ashiftrt_r4_9
                0x0602916e                __ashiftrt_r4_0
                0x06029120                __ashiftrt_r4_31
                0x0602912e                __ashiftrt_r4_26
                0x0602913c                __ashiftrt_r4_22
                0x06029148                __ashiftrt_r4_16
                0x06029154                __ashiftrt_r4_12
                0x06029128                __ashiftrt_r4_29
                0x06029146                __ashiftrt_r4_17
                0x06029126                __ashiftrt_r4_30
                0x06029162                __ashiftrt_r4_5
                0x0602915c                __ashiftrt_r4_8
                0x06029120                __ashiftrt_r4_32
                0x06029130                __ashiftrt_r4_25
                0x06029168                __ashiftrt_r4_2
                0x06029132                __ashiftrt_r4_24
                0x0602914e                __ashiftrt_r4_15
                0x06029158                __ashiftrt_r4_10
                0x0602916a                __ashiftrt_r4_1
                0x0602912a                __ashiftrt_r4_28
                0x06029140                __ashiftrt_r4_20
                0x0602915e                __ashiftrt_r4_7
                0x06029152                __ashiftrt_r4_13
                0x06029156                __ashiftrt_r4_11
                0x06029164                __ashiftrt_r4_4
                0x0602913a                __ashiftrt_r4_23
                0x06029144                __ashiftrt_r4_18
                0x0602913e                __ashiftrt_r4_21
                0x06029166                __ashiftrt_r4_3
 .text          0x06029180       0xb0 c:/saturn/SH_COFF/sh-coff/bin/../lib/gcc/sh-coff/3.4-GNUSH_v0501\libgcc.a(_si_to_df.o)
                0x06029180                __floatsidf
 .text          0x06029230      0x2e0 c:/saturn/SH_COFF/sh-coff/bin/../lib/gcc/sh-coff/3.4-GNUSH_v0501\libgcc.a(_mul_df.o)
                0x06029240                __muldf3
 .text          0x06029510       0x80 c:/saturn/SH_COFF/sh-coff/bin/../lib/gcc/sh-coff/3.4-GNUSH_v0501\libgcc.a(_df_to_si.o)
                0x06029510                __fixdfsi
 .text          0x06029590      0x220 c:/saturn/SH_COFF/sh-coff/bin/../lib/gcc/sh-coff/3.4-GNUSH_v0501\libgcc.a(_pack_df.o)
                0x060295a0                __pack_d
 .text          0x060297b0      0x120 c:/saturn/SH_COFF/sh-coff/bin/../lib/gcc/sh-coff/3.4-GNUSH_v0501\libgcc.a(_unpack_df.o)
                0x060297c0                __unpack_d
 .text          0x060298d0       0x20 c:/saturn/SH_COFF/sh-coff/bin/../lib/gcc/sh-coff/3.4-GNUSH_v0501\libgcc.a(_thenan_df.o)
                0x060298d0                __thenan_df
 .text          0x060298f0       0xd0 c:/saturn/SH_COFF/sh-coff/bin/../lib/gcc/sh-coff/3.4-GNUSH_v0501\libgcc.a(_muldi3.o)
                0x060298f0                __muldi3
 .text          0x060299c0       0x80 c:/saturn/SH_COFF/sh-coff/bin/../lib/gcc/sh-coff/3.4-GNUSH_v0501\libgcc.a(_lshrdi3.o)
                0x060299c0                __lshrdi3
 .text          0x06029a40       0x80 c:/saturn/SH_COFF/sh-coff/bin/../lib/gcc/sh-coff/3.4-GNUSH_v0501\libgcc.a(_ashldi3.o)
                0x06029a40                __ashldi3
 .text          0x06029ac0       0x30 c:/saturn/SH_COFF/sh-coff/bin/../lib/gcc/sh-coff/3.4-GNUSH_v0501\libgcc.a(_mulsi3.o)
                0x06029ac0                __mulsi3
 .text          0x06029af0       0x90 c:/saturn/SH_COFF/sh-coff/bin/../lib/gcc/sh-coff/3.4-GNUSH_v0501\libgcc.a(_lshiftrt.o)
                0x06029af0                __lshrsi3
 .text          0x06029b80       0xa0 c:/saturn/SH_COFF/sh-coff/bin/../lib/gcc/sh-coff/3.4-GNUSH_v0501/../../../../sh-coff/lib\libc.a(memcpy.o)
                0x06029b80                memcpy
 .text          0x06029c20       0x40 c:/saturn/SH_COFF/sh-coff/bin/../lib/gcc/sh-coff/3.4-GNUSH_v0501/../../../../sh-coff/lib\libc.a(memset.o)
                0x06029c20                memset
 .text          0x06029c60       0x90 c:/saturn/SH_COFF/sh-coff/bin/../lib/gcc/sh-coff/3.4-GNUSH_v0501/../../../../sh-coff/lib\libc.a(atexit.o)
                0x06029c60                atexit
 .text          0x06029cf0       0x10 c:/saturn/SH_COFF/sh-coff/bin/../lib/gcc/sh-coff/3.4-GNUSH_v0501/../../../../sh-coff/lib\libc.a(impure.o)
                0x06029cf0                _global_impure_ptr
 .text          0x06029d00       0x40 c:/saturn/SH_COFF/sh-coff/bin/../lib/gcc/sh-coff/3.4-GNUSH_v0501/../../../../sh-coff/lib\libc.a(malloc.o)
                0x06029d1c                free
                0x06029d00                malloc
 .text          0x06029d40      0x5b0 c:/saturn/SH_COFF/sh-coff/bin/../lib/gcc/sh-coff/3.4-GNUSH_v0501/../../../../sh-coff/lib\libc.a(mallocr.o)
                0x06029d40                _malloc_r
 .text          0x0602a2f0      0x340 c:/saturn/SH_COFF/sh-coff/bin/../lib/gcc/sh-coff/3.4-GNUSH_v0501/../../../../sh-coff/lib\libc.a(freer.o)
                0x0602a2f0                _malloc_trim_r
                0x0602a3e4                _free_r
 .text          0x0602a630       0x20 c:/saturn/SH_COFF/sh-coff/bin/../lib/gcc/sh-coff/3.4-GNUSH_v0501/../../../../sh-coff/lib\libc.a(mlock.o)
                0x0602a630                __malloc_lock
                0x0602a63c                __malloc_unlock
 .text          0x0602a650       0x50 c:/saturn/SH_COFF/sh-coff/bin/../lib/gcc/sh-coff/3.4-GNUSH_v0501/../../../../sh-coff/lib\libc.a(sbrkr.o)
                0x0602a650                _sbrk_r
 .text          0x0602a6a0      0x380 c:/saturn/SH_COFF/sh-coff/bin/../lib/gcc/sh-coff/3.4-GNUSH_v0501/../../../../sh-coff/lib\libc.a(syscalls.o)
                0x0602a80c                _exit
                0x0602a840                _getpid
                0x0602a8a8                _utime
                0x0602a6d8                _write
                0x0602a6a0                _read
                0x0602a7f4                _unlink
                0x0602a7bc                _open
                0x0602a858                _stat
                0x0602a800                isatty
                0x0602a8d8                _wait
                0x0602a824                _kill
                0x0602a874                _chmod
                0x0602a908                _execv
                0x0602a8ec                _execve
                0x0602a9e4                __setup_argv_and_call_main
                0x0602a940                _gettimeofday
                0x0602a70c                _link
                0x0602a84c                _raise
                0x0602a7d8                _creat
                0x0602a920                _pipe
                0x0602a88c                _chown
                0x0602a6bc                _lseek
                0x0602a6f4                _close
                0x0602a934                _times
                0x0602a7a8                _fstat
                0x0602a8c4                _fork
                0x0602a734                _sbrk
 .text          0x0602aa20       0x20 c:/saturn/SH_COFF/sh-coff/bin/../lib/gcc/sh-coff/3.4-GNUSH_v0501/../../../../sh-coff/lib\libc.a(trap.o)
                0x0602aa20                __trap34
 .text          0x0602aa40       0x20 c:/saturn/SH_COFF/sh-coff/bin/../lib/gcc/sh-coff/3.4-GNUSH_v0501/../../../../sh-coff/lib\libc.a(abort.o)
                0x0602aa40                abort
 .text          0x0602aa60      0x270 c:/saturn/SH_COFF/sh-coff/bin/../lib/gcc/sh-coff/3.4-GNUSH_v0501/../../../../sh-coff/lib\libc.a(signal.o)
                0x0602ab20                _raise_r
                0x0602aca8                __sigtramp
                0x0602ac54                raise
                0x0602ac90                _init_signal
                0x0602abe0                __sigtramp_r
                0x0602ac70                signal
                0x0602aaac                _signal_r
                0x0602aa60                _init_signal_r
 .text          0x0602acd0       0x60 c:/saturn/SH_COFF/sh-coff/bin/../lib/gcc/sh-coff/3.4-GNUSH_v0501/../../../../sh-coff/lib\libc.a(signalr.o)
                0x0602ad18                _getpid_r
                0x0602acd0                _kill_r
 *(.strings)

.tors           0x0602ad30        0x0
                0x0602ad30                ___ctors = .
 *(.ctors)
                0x0602ad30                ___ctors_end = .
                0x0602ad30                ___dtors = .
 *(.dtors)
                0x0602ad30                ___dtors_end = .

.data           0x0602ad30     0x1120
                0x0602ad30                STARTOF_R = .
 *(.data)
 .data          0x0602ad30      0x400 ../sbl6/segasmp/per/smpclib/per_x1.o
 .data          0x0602b130       0x50 graphics.o
                0x0602b130                tiles
 .data          0x0602b180       0x30 scroll.o
                0x0602b180                CycleTb
                0x0602b190                vram
                0x0602b1a0                tilemaps
 .data          0x0602b1b0       0x30 main.o
 .data          0x0602b1e0      0x400 ../sbl6/segalib/lib/sega_int.a(int.o)
 .data          0x0602b5e0       0x1c ../sbl6/segalib/lib/sega_spr.a(spr_slv.o)
                0x0602b5e8                SPR_SlaveParam
                0x0602b5f8                SPR_SMPC_SF
                0x0602b5f0                SPR_SMPC_COM
                0x0602b5ec                SPR_SlaveSHEntry
                0x0602b5e4                SPR_SlaveState
                0x0602b5e0                SPR_SlaveCommand
                0x0602b5f4                SPR_SMPC_RET
 *fill*         0x0602b5fc        0x4 00
 .data          0x0602b600       0x34 ../sbl6/segalib/lib/sega_spr.a(spr_1c.o)
                0x0602b600                SpInitialFlag
 *fill*         0x0602b634        0xc 00
 .data          0x0602b640       0x1c ../sbl6/segalib/lib/sega_scl.a(scl_vblv.o)
                0x0602b648                VBInterval
                0x0602b650                ReqDisplayFlag
                0x0602b640                SpFrameChgMode
                0x0602b64c                VBIntervalCounter
                0x0602b644                SpFrameEraseMode
 *fill*         0x0602b65c        0x4 00
 .data          0x0602b660       0x36 ../sbl6/segalib/lib/sega_scl.a(scl_func.o)
                0x0602b670                SclRotregBuff
                0x0602b66c                SclDisplayY
                0x0602b674                SclRotateTableMode
                0x0602b668                SclProcess
                0x0602b664                SclCurSclNum
                0x0602b660                SclLengthLsTbl
                0x0602b66a                SclDisplayX
                0x0602b662                SclLengthCsTbl
 *fill*         0x0602b696        0xa 00
 .data          0x0602b6a0       0x18 ../sbl6/segalib/lib/sega_scl.a(scl_pri.o)
                0x0602b6a4                SclRealSpPriNum
                0x0602b6b4                SclRealColOffset
                0x0602b6b0                SclRealBgColMix
                0x0602b6ac                SclRealSpColMix
                0x0602b6a8                SclRealBgPriNum
                0x0602b6a0                SclRealOtherPri
 *fill*         0x0602b6b8        0x8 00
 .data          0x0602b6c0      0x380 c:/saturn/SH_COFF/sh-coff/bin/../lib/gcc/sh-coff/3.4-GNUSH_v0501/../../../../sh-coff/lib\libc.a(impure.o)
                0x0602ba3c                _impure_ptr
 .data          0x0602ba40      0x410 c:/saturn/SH_COFF/sh-coff/bin/../lib/gcc/sh-coff/3.4-GNUSH_v0501/../../../../sh-coff/lib\libc.a(mallocr.o)
                0x0602ba48                __malloc_av_
                0x0602ba44                __malloc_trim_threshold
                0x0602ba40                __malloc_sbrk_base
                0x0602be50                SIZEOF_R = (. - STARTOF_R)
                0x0602be50                ENDOF_R = .

.bss            0x0602be50     0x73e4
                0x0602be50                STARTOF_B = .
 *(.bss)
 .bss           0x0602be50       0x10 vblank.o
                0x0602be54                PadData2E
                0x0602be5a                PadData1
                0x0602be56                PadData2
                0x0602be58                PadData1E
                0x0602be50                __port
 .bss           0x0602be60       0xd0 ../sbl6/segasmp/per/smpclib/per_x2.o
 .bss           0x0602bf30       0x10 player.o
                0x0602bf30                anim_cursor
 .bss           0x0602bf40       0x10 sprite.o
                0x0602bf40                num_sprites
 .bss           0x0602bf50       0x70 scroll.o
                0x0602bf78                map_tiles_x
                0x0602bf88                scrolls_y
                0x0602bf50                scroll_transition_state
                0x0602bf68                map_tiles_y
                0x0602bf58                copy_modes
                0x0602bf98                scrolls_x
                0x0602bf54                curr_map
 .bss           0x0602bfc0     0x3430 main.o
 .bss           0x0602f3f0       0x6e ../sbl6/segalib/lib/sega_spr.a(spr_2c.o)
 *fill*         0x0602f45e        0x2 00
 .bss           0x0602f460        0x4 ../sbl6/segalib/lib/sega_scl.a(scl_vblv.o)
 *fill*         0x0602f464        0xc 00
 .bss           0x0602f470        0x4 ../sbl6/segalib/lib/sega_scl.a(scl_func.o)
 *fill*         0x0602f474        0xc 00
 .bss           0x0602f480       0x48 ../sbl6/segalib/lib/sega_scl.a(scl_ro00.o)
 *fill*         0x0602f4c8        0x8 00
 .bss           0x0602f4d0       0x9c ../sbl6/segalib/lib/sega_per.a(per_prt.o)
 *fill*         0x0602f56c        0x4 00
 .bss           0x0602f570        0xc ../sbl6/segalib/lib/sega_sat.a(DMA_SCU1.o)
 *fill*         0x0602f57c        0x4 00
 .bss           0x0602f580       0x20 ../sbl6/segalib/lib/sega_sat.a(DMA_SCU0.o)
 .bss           0x0602f5a0       0x10 c:/saturn/SH_COFF/sh-coff/bin/../lib/gcc/sh-coff/3.4-GNUSH_v0501\libgcc.a(__main.o)
 .bss           0x0602f5b0       0x10 c:/saturn/SH_COFF/sh-coff/bin/../lib/gcc/sh-coff/3.4-GNUSH_v0501/../../../../sh-coff/lib\libc.a(atexit.o)
 .bss           0x0602f5c0       0x40 c:/saturn/SH_COFF/sh-coff/bin/../lib/gcc/sh-coff/3.4-GNUSH_v0501/../../../../sh-coff/lib\libc.a(mallocr.o)
                0x0602f5f0                __malloc_top_pad
                0x0602f5c0                __malloc_current_mallinfo
                0x0602f5ec                __malloc_max_sbrked_mem
                0x0602f5e8                __malloc_max_total_mem
 .bss           0x0602f600       0x10 c:/saturn/SH_COFF/sh-coff/bin/../lib/gcc/sh-coff/3.4-GNUSH_v0501/../../../../sh-coff/lib\libc.a(syscalls.o)
 *(COMMON)
 COMMON         0x0602f610     0x1c20 collision.o
                                  0x0 (size before relaxing)
                0x0602f610                sprites
 COMMON         0x06031230       0x24 player.o
                                  0x0 (size before relaxing)
                0x06031230                player
 *fill*         0x06031254        0xc 00
 COMMON         0x06031260      0x460 print.o
                                  0x0 (size before relaxing)
                0x06031260                text
 COMMON         0x060316c0      0x12c scroll.o
                                  0x0 (size before relaxing)
                0x060316c0                scfg0
                0x06031750                maps
                0x06031760                scfg1
 *fill*         0x060317ec        0x4 00
 COMMON         0x060317f0      0x400 ../sbl6/segalib/lib/sega_int.a(int.o)
                                  0x0 (size before relaxing)
                0x060317f0                __interrupt_vector
 COMMON         0x06031bf0       0x50 ../sbl6/segalib/lib/sega_spr.a(spr_2c.o)
                                  0x0 (size before relaxing)
                0x06031bf0                SpMstCmd
                0x06031bf4                Sp2OpenFlag
                0x06031bf8                SpGourTblMax
                0x06031bfc                SpDrawPrtyBlk
                0x06031c00                SpLCoordX
                0x06031c04                SpMstDrawPrtyBlk
                0x06031c08                SpGourTbl
                0x06031c0c                SpLookupTblR
                0x06031c10                SpCmdTbl
                0x06031c14                SpCharMax
                0x06031c18                SpDrawPrtyProcFlag
                0x06031c1c                SpCmdNo
                0x06031c20                SpDrawPrtyBlkMax
                0x06031c24                SpSlvCmdPos
                0x06031c28                SpSlvDrawPrtyBlk
                0x06031c2c                SpCharTbl
                0x06031c30                SpCmdTblR
                0x06031c34                SpMstCmdPos
                0x06031c38                SpSlvCmd
                0x06031c3c                SpLCoordY
 COMMON         0x06031c40       0x10 ../sbl6/segalib/lib/sega_spr.a(spr_1c.o)
                                  0x0 (size before relaxing)
                0x06031c40                SpScreenY
                0x06031c44                SpFbcrMode
                0x06031c46                SpDil
                0x06031c48                SpDie
                0x06031c4a                SpTvMode
                0x06031c4c                SpScreenX
 COMMON         0x06031c50      0xf00 ../sbl6/segalib/lib/sega_scl.a(scl_func.o)
                                  0x0 (size before relaxing)
                0x06031c50                SclRbgKtbAddr
                0x06031c58                SclRb
                0x06031c5a                Scl_flag
                0x06031c60                SclK_TableBuff
                0x06032930                SclAddrCsTbl
                0x06032940                Scl_s_reg
                0x06032968                SclRotateXy
                0x06032970                Scl_d_reg
                0x060329b8                SclRotateDisp
                0x060329c0                SclRotateMoveZ
                0x060329c8                SclRotXySw
                0x060329d0                Scl_r_reg
                0x060329e0                SclRPMD
                0x060329e8                SclRbgKtbOffset
                0x060329f0                _SclRotregBuff
                0x06032ac0                SclRa
                0x06032ac8                SclRotateZ
                0x06032ad0                SclAddrLsTbl
                0x06032ad8                SclK_TableNum
                0x06032ae0                SclRotateTableAddress
                0x06032ae4                SclK_TableFlag
                0x06032af0                Scl_w_reg
                0x06032b10                Scl_n_reg
 COMMON         0x06032b50      0x6b0 ../sbl6/segalib/lib/sega_scl.a(scl_pri.o)
                                  0x0 (size before relaxing)
                0x06032b50                SclAutoEndBlue2
                0x06032b60                SclColOffset
                0x06032b70                SclPriBuffDirty
                0x06032b72                SclAutoEndRed
                0x06032b74                SclAutoSurface
                0x06032b78                SclAutoGreen
                0x06032b7a                SclAutoEndGreen
                0x06032b7c                SclAutoCount
                0x06032b80                SclColRamAlloc256
                0x06032ba0                SclAutoCurRate
                0x06032ba1                SclAutoPlusFlag
                0x06032ba8                SclSpColMix
                0x06032bb0                SclAutoMax
                0x06032bb4                SclLineColRamOffset
                0x06032bb8                SclColRamAlloc2048
                0x06032bbc                SclBgPriNum
                0x06032bc2                SclAutoEndBlue
                0x06032bc4                SclAutoEndGreen2
                0x06032bc6                SclAutoVeFlag
                0x06032bc8                SclBgColMix
                0x06032bd0                SclAutoIndex
                0x06032bd4                SclAutoEndRate
                0x06032bd6                SclAutoBlue
                0x06032bd8                SclAutoRed
                0x06032bdc                SclAutoInterval
                0x06032be0                SclOtherPri
                0x06032bf0                SclAutoRGB
                0x060331f0                SclAutoEndRed2
                0x060331f8                SclSpPriNum
 COMMON         0x06033200       0x10 ../sbl6/segalib/lib/sega_scl.a(scl_ro00.o)
                                  0x0 (size before relaxing)
                0x06033200                SclCsx
                0x06033208                SclCsy
 COMMON         0x06033210       0x15 ../sbl6/segalib/lib/sega_per.a(per_prt.o)
                                  0x0 (size before relaxing)
                0x06033210                per_get_time_flg
                0x06033211                per_hot_res
                0x06033212                per_set_sys_flg
                0x06033214                per_get_time_adr
                0x06033218                per_get_sys_data
                0x06033224                per_time_out_flg
 *fill*         0x06033225        0xb 00
 COMMON         0x06033230        0x4 c:/saturn/SH_COFF/sh-coff/bin/../lib/gcc/sh-coff/3.4-GNUSH_v0501/../../../../sh-coff/lib\libc.a(syscalls.o)
                                  0x0 (size before relaxing)
                0x06033230                errno
                0x06033234                SIZEOF_B = (. - STARTOF_B)
                0x06033234                ENDOF_B = .
                0x06033234                _end = .
OUTPUT(main.cof coff-sh)

.comment        0x06033240      0x400
 .comment       0x06033240       0x20 ../sbl6/segasmp/lib/strt2_g.o
 .comment       0x06033260       0x20 vblank.o
 .comment       0x06033280       0x20 ../sbl6/segasmp/per/smpclib/per_x1.o
 .comment       0x060332a0       0x20 ../sbl6/segasmp/per/smpclib/per_x2.o
 .comment       0x060332c0       0x20 collision.o
 .comment       0x060332e0       0x20 graphics.o
 .comment       0x06033300       0x20 player.o
 .comment       0x06033320       0x20 print.o
 .comment       0x06033340       0x20 sprite.o
 .comment       0x06033360       0x20 scroll.o
 .comment       0x06033380       0x20 main.o
 .comment       0x060333a0       0x20 c:/saturn/SH_COFF/sh-coff/bin/../lib/gcc/sh-coff/3.4-GNUSH_v0501\libgcc.a(__main.o)
 .comment       0x060333c0       0x20 c:/saturn/SH_COFF/sh-coff/bin/../lib/gcc/sh-coff/3.4-GNUSH_v0501\libgcc.a(_si_to_df.o)
 .comment       0x060333e0       0x20 c:/saturn/SH_COFF/sh-coff/bin/../lib/gcc/sh-coff/3.4-GNUSH_v0501\libgcc.a(_mul_df.o)
 .comment       0x06033400       0x20 c:/saturn/SH_COFF/sh-coff/bin/../lib/gcc/sh-coff/3.4-GNUSH_v0501\libgcc.a(_df_to_si.o)
 .comment       0x06033420       0x20 c:/saturn/SH_COFF/sh-coff/bin/../lib/gcc/sh-coff/3.4-GNUSH_v0501\libgcc.a(_pack_df.o)
 .comment       0x06033440       0x20 c:/saturn/SH_COFF/sh-coff/bin/../lib/gcc/sh-coff/3.4-GNUSH_v0501\libgcc.a(_unpack_df.o)
 .comment       0x06033460       0x20 c:/saturn/SH_COFF/sh-coff/bin/../lib/gcc/sh-coff/3.4-GNUSH_v0501\libgcc.a(_thenan_df.o)
 .comment       0x06033480       0x20 c:/saturn/SH_COFF/sh-coff/bin/../lib/gcc/sh-coff/3.4-GNUSH_v0501\libgcc.a(_muldi3.o)
 .comment       0x060334a0       0x20 c:/saturn/SH_COFF/sh-coff/bin/../lib/gcc/sh-coff/3.4-GNUSH_v0501\libgcc.a(_lshrdi3.o)
 .comment       0x060334c0       0x20 c:/saturn/SH_COFF/sh-coff/bin/../lib/gcc/sh-coff/3.4-GNUSH_v0501\libgcc.a(_ashldi3.o)
 .comment       0x060334e0       0x20 c:/saturn/SH_COFF/sh-coff/bin/../lib/gcc/sh-coff/3.4-GNUSH_v0501/../../../../sh-coff/lib\libc.a(atexit.o)
 .comment       0x06033500       0x20 c:/saturn/SH_COFF/sh-coff/bin/../lib/gcc/sh-coff/3.4-GNUSH_v0501/../../../../sh-coff/lib\libc.a(impure.o)
 .comment       0x06033520       0x20 c:/saturn/SH_COFF/sh-coff/bin/../lib/gcc/sh-coff/3.4-GNUSH_v0501/../../../../sh-coff/lib\libc.a(malloc.o)
 .comment       0x06033540       0x20 c:/saturn/SH_COFF/sh-coff/bin/../lib/gcc/sh-coff/3.4-GNUSH_v0501/../../../../sh-coff/lib\libc.a(mallocr.o)
 .comment       0x06033560       0x20 c:/saturn/SH_COFF/sh-coff/bin/../lib/gcc/sh-coff/3.4-GNUSH_v0501/../../../../sh-coff/lib\libc.a(freer.o)
 .comment       0x06033580       0x20 c:/saturn/SH_COFF/sh-coff/bin/../lib/gcc/sh-coff/3.4-GNUSH_v0501/../../../../sh-coff/lib\libc.a(mlock.o)
 .comment       0x060335a0       0x20 c:/saturn/SH_COFF/sh-coff/bin/../lib/gcc/sh-coff/3.4-GNUSH_v0501/../../../../sh-coff/lib\libc.a(sbrkr.o)
 .comment       0x060335c0       0x20 c:/saturn/SH_COFF/sh-coff/bin/../lib/gcc/sh-coff/3.4-GNUSH_v0501/../../../../sh-coff/lib\libc.a(syscalls.o)
 .comment       0x060335e0       0x20 c:/saturn/SH_COFF/sh-coff/bin/../lib/gcc/sh-coff/3.4-GNUSH_v0501/../../../../sh-coff/lib\libc.a(abort.o)
 .comment       0x06033600       0x20 c:/saturn/SH_COFF/sh-coff/bin/../lib/gcc/sh-coff/3.4-GNUSH_v0501/../../../../sh-coff/lib\libc.a(signal.o)
 .comment       0x06033620       0x20 c:/saturn/SH_COFF/sh-coff/bin/../lib/gcc/sh-coff/3.4-GNUSH_v0501/../../../../sh-coff/lib\libc.a(signalr.o)
