Archive member included because of file (symbol)

../sbl6/segalib/lib/sega_int.a(int.o)
                              vblank.o (INT_SetScuFunc)
../sbl6/segalib/lib/sega_int.a(int_trmp.o)
                              ../sbl6/segalib/lib/sega_int.a(int.o) (__interrupt_handler0)
../sbl6/segalib/lib/sega_spr.a(spr_2c.o)
                              main.o (SPR_2Initial)
../sbl6/segalib/lib/sega_spr.a(spr_slv.o)
                              ../sbl6/segalib/lib/sega_spr.a(spr_2c.o) (SPR_InitSlaveSH)
../sbl6/segalib/lib/sega_spr.a(spr_1c.o)
                              ../sbl6/segalib/lib/sega_spr.a(spr_2c.o) (SPR_Initial)
../sbl6/segalib/lib/sega_spr.a(spr_2a.o)
                              ../sbl6/segalib/lib/sega_spr.a(spr_2c.o) (SPR_2SetDrawPrty)
../sbl6/segalib/lib/sega_scl.a(scl_vblv.o)
                              ../sbl6/segalib/lib/sega_spr.a(spr_1c.o) (SpFrameChgMode)
../sbl6/segalib/lib/sega_scl.a(scl_func.o)
                              main.o (SCL_Vdp2Init)
../sbl6/segalib/lib/sega_scl.a(scl_pr03.o)
                              scroll.o (SCL_AllocColRam)
../sbl6/segalib/lib/sega_scl.a(scl_pr02.o)
                              scroll.o (SCL_SetColRam)
../sbl6/segalib/lib/sega_scl.a(scl_back.o)
                              scroll.o (SCL_SetBack)
../sbl6/segalib/lib/sega_scl.a(scl_fu03.o)
                              scroll.o (SCL_InitConfigTb)
../sbl6/segalib/lib/sega_scl.a(scl_fu02.o)
                              scroll.o (SCL_InitVramConfigTb)
../sbl6/segalib/lib/sega_scl.a(scl_fu04.o)
                              scroll.o (SCL_SetCycleTable)
../sbl6/segalib/lib/sega_scl.a(scl_pr07.o)
                              main.o (SCL_SetPriority)
../sbl6/segalib/lib/sega_scl.a(scl_pr01.o)
                              main.o (SCL_SetSpriteMode)
../sbl6/segalib/lib/sega_scl.a(scl_pri.o)
                              ../sbl6/segalib/lib/sega_scl.a(scl_func.o) (SclRealOtherPri)
../sbl6/segalib/lib/sega_scl.a(scl_ro00.o)
                              ../sbl6/segalib/lib/sega_scl.a(scl_func.o) (SCL_Rotate)
../sbl6/segalib/lib/sega_scl.a(scl_pr06.o)
                              ../sbl6/segalib/lib/sega_scl.a(scl_pr03.o) (SCL_SetColRamOffset)
../sbl6/segalib/lib/sega_scl.a(scl_pr05.o)
                              ../sbl6/segalib/lib/sega_scl.a(scl_pr02.o) (SCL_GetColRamOffset)
../sbl6/segalib/lib/sega_mth.a(mth_fixd.o)
                              player.o (MTH_Mul)
../sbl6/segalib/lib/sega_mth.a(mth_tri.o)
                              sprite.o (MTH_Sin)
../sbl6/segalib/lib/sega_per.a(per_prt.o)
                              ../sbl6/segasmp/per/smpclib/per_x2.o (PER_LInit)
../sbl6/segalib/lib/sega_sat.a(DMA_SCU1.o)
                              ../sbl6/segalib/lib/sega_spr.a(spr_2c.o) (DMA_ScuMemCopy)
../sbl6/segalib/lib/sega_sat.a(DMA_SCU0.o)
                              ../sbl6/segalib/lib/sega_sat.a(DMA_SCU1.o) (DMA_ScuSetPrm)
../sbl6/segalib/lib/sega_sat.a(csh_main.o)
                              ../sbl6/segalib/lib/sega_sat.a(DMA_SCU1.o) (CSH_Purge)
c:/saturn/SH_COFF/sh-coff/bin/../lib/gcc/sh-coff/3.4-GNUSH_v0501\libgcc.a(_movstr.o)
                              scroll.o (__movstr)
c:/saturn/SH_COFF/sh-coff/bin/../lib/gcc/sh-coff/3.4-GNUSH_v0501\libgcc.a(_ashiftlt.o)
                              scroll.o (__ashlsi3)
c:/saturn/SH_COFF/sh-coff/bin/../lib/gcc/sh-coff/3.4-GNUSH_v0501\libgcc.a(__main.o)
                              main.o (__main)
c:/saturn/SH_COFF/sh-coff/bin/../lib/gcc/sh-coff/3.4-GNUSH_v0501\libgcc.a(_udivsi3.o)
                              ../sbl6/segalib/lib/sega_scl.a(scl_fu03.o) (__udivsi3)
c:/saturn/SH_COFF/sh-coff/bin/../lib/gcc/sh-coff/3.4-GNUSH_v0501\libgcc.a(_ashiftrt.o)
                              ../sbl6/segalib/lib/sega_scl.a(scl_ro00.o) (__ashiftrt_r4_6)
c:/saturn/SH_COFF/sh-coff/bin/../lib/gcc/sh-coff/3.4-GNUSH_v0501\libgcc.a(_si_to_df.o)
                              ../sbl6/segalib/lib/sega_scl.a(scl_ro00.o) (__floatsidf)
c:/saturn/SH_COFF/sh-coff/bin/../lib/gcc/sh-coff/3.4-GNUSH_v0501\libgcc.a(_mul_df.o)
                              ../sbl6/segalib/lib/sega_scl.a(scl_ro00.o) (__muldf3)
c:/saturn/SH_COFF/sh-coff/bin/../lib/gcc/sh-coff/3.4-GNUSH_v0501\libgcc.a(_df_to_si.o)
                              ../sbl6/segalib/lib/sega_scl.a(scl_ro00.o) (__fixdfsi)
c:/saturn/SH_COFF/sh-coff/bin/../lib/gcc/sh-coff/3.4-GNUSH_v0501\libgcc.a(_pack_df.o)
                              c:/saturn/SH_COFF/sh-coff/bin/../lib/gcc/sh-coff/3.4-GNUSH_v0501\libgcc.a(_si_to_df.o) (__pack_d)
c:/saturn/SH_COFF/sh-coff/bin/../lib/gcc/sh-coff/3.4-GNUSH_v0501\libgcc.a(_unpack_df.o)
                              c:/saturn/SH_COFF/sh-coff/bin/../lib/gcc/sh-coff/3.4-GNUSH_v0501\libgcc.a(_mul_df.o) (__unpack_d)
c:/saturn/SH_COFF/sh-coff/bin/../lib/gcc/sh-coff/3.4-GNUSH_v0501\libgcc.a(_thenan_df.o)
                              c:/saturn/SH_COFF/sh-coff/bin/../lib/gcc/sh-coff/3.4-GNUSH_v0501\libgcc.a(_mul_df.o) (__thenan_df)
c:/saturn/SH_COFF/sh-coff/bin/../lib/gcc/sh-coff/3.4-GNUSH_v0501\libgcc.a(_muldi3.o)
                              c:/saturn/SH_COFF/sh-coff/bin/../lib/gcc/sh-coff/3.4-GNUSH_v0501\libgcc.a(_mul_df.o) (__muldi3)
c:/saturn/SH_COFF/sh-coff/bin/../lib/gcc/sh-coff/3.4-GNUSH_v0501\libgcc.a(_lshrdi3.o)
                              c:/saturn/SH_COFF/sh-coff/bin/../lib/gcc/sh-coff/3.4-GNUSH_v0501\libgcc.a(_df_to_si.o) (__lshrdi3)
c:/saturn/SH_COFF/sh-coff/bin/../lib/gcc/sh-coff/3.4-GNUSH_v0501\libgcc.a(_ashldi3.o)
                              c:/saturn/SH_COFF/sh-coff/bin/../lib/gcc/sh-coff/3.4-GNUSH_v0501\libgcc.a(_pack_df.o) (__ashldi3)
c:/saturn/SH_COFF/sh-coff/bin/../lib/gcc/sh-coff/3.4-GNUSH_v0501\libgcc.a(_mulsi3.o)
                              c:/saturn/SH_COFF/sh-coff/bin/../lib/gcc/sh-coff/3.4-GNUSH_v0501\libgcc.a(_muldi3.o) (__mulsi3)
c:/saturn/SH_COFF/sh-coff/bin/../lib/gcc/sh-coff/3.4-GNUSH_v0501\libgcc.a(_lshiftrt.o)
                              c:/saturn/SH_COFF/sh-coff/bin/../lib/gcc/sh-coff/3.4-GNUSH_v0501\libgcc.a(_lshrdi3.o) (__lshrsi3)
c:/saturn/SH_COFF/sh-coff/bin/../lib/gcc/sh-coff/3.4-GNUSH_v0501/../../../../sh-coff/lib\libc.a(memcpy.o)
                              scroll.o (memcpy)
c:/saturn/SH_COFF/sh-coff/bin/../lib/gcc/sh-coff/3.4-GNUSH_v0501/../../../../sh-coff/lib\libc.a(memset.o)
                              ../sbl6/segalib/lib/sega_spr.a(spr_2c.o) (memset)
c:/saturn/SH_COFF/sh-coff/bin/../lib/gcc/sh-coff/3.4-GNUSH_v0501/../../../../sh-coff/lib\libc.a(atexit.o)
                              c:/saturn/SH_COFF/sh-coff/bin/../lib/gcc/sh-coff/3.4-GNUSH_v0501\libgcc.a(__main.o) (atexit)
c:/saturn/SH_COFF/sh-coff/bin/../lib/gcc/sh-coff/3.4-GNUSH_v0501/../../../../sh-coff/lib\libc.a(impure.o)
                              c:/saturn/SH_COFF/sh-coff/bin/../lib/gcc/sh-coff/3.4-GNUSH_v0501/../../../../sh-coff/lib\libc.a(atexit.o) (_impure_ptr)
c:/saturn/SH_COFF/sh-coff/bin/../lib/gcc/sh-coff/3.4-GNUSH_v0501/../../../../sh-coff/lib\libc.a(malloc.o)
                              c:/saturn/SH_COFF/sh-coff/bin/../lib/gcc/sh-coff/3.4-GNUSH_v0501/../../../../sh-coff/lib\libc.a(atexit.o) (malloc)
c:/saturn/SH_COFF/sh-coff/bin/../lib/gcc/sh-coff/3.4-GNUSH_v0501/../../../../sh-coff/lib\libc.a(mallocr.o)
                              c:/saturn/SH_COFF/sh-coff/bin/../lib/gcc/sh-coff/3.4-GNUSH_v0501/../../../../sh-coff/lib\libc.a(malloc.o) (_malloc_r)
c:/saturn/SH_COFF/sh-coff/bin/../lib/gcc/sh-coff/3.4-GNUSH_v0501/../../../../sh-coff/lib\libc.a(freer.o)
                              c:/saturn/SH_COFF/sh-coff/bin/../lib/gcc/sh-coff/3.4-GNUSH_v0501/../../../../sh-coff/lib\libc.a(malloc.o) (_free_r)
c:/saturn/SH_COFF/sh-coff/bin/../lib/gcc/sh-coff/3.4-GNUSH_v0501/../../../../sh-coff/lib\libc.a(mlock.o)
                              c:/saturn/SH_COFF/sh-coff/bin/../lib/gcc/sh-coff/3.4-GNUSH_v0501/../../../../sh-coff/lib\libc.a(mallocr.o) (__malloc_lock)
c:/saturn/SH_COFF/sh-coff/bin/../lib/gcc/sh-coff/3.4-GNUSH_v0501/../../../../sh-coff/lib\libc.a(sbrkr.o)
                              c:/saturn/SH_COFF/sh-coff/bin/../lib/gcc/sh-coff/3.4-GNUSH_v0501/../../../../sh-coff/lib\libc.a(mallocr.o) (_sbrk_r)
c:/saturn/SH_COFF/sh-coff/bin/../lib/gcc/sh-coff/3.4-GNUSH_v0501/../../../../sh-coff/lib\libc.a(syscalls.o)
                              c:/saturn/SH_COFF/sh-coff/bin/../lib/gcc/sh-coff/3.4-GNUSH_v0501/../../../../sh-coff/lib\libc.a(sbrkr.o) (_sbrk)
c:/saturn/SH_COFF/sh-coff/bin/../lib/gcc/sh-coff/3.4-GNUSH_v0501/../../../../sh-coff/lib\libc.a(trap.o)
                              c:/saturn/SH_COFF/sh-coff/bin/../lib/gcc/sh-coff/3.4-GNUSH_v0501/../../../../sh-coff/lib\libc.a(syscalls.o) (__trap34)
c:/saturn/SH_COFF/sh-coff/bin/../lib/gcc/sh-coff/3.4-GNUSH_v0501/../../../../sh-coff/lib\libc.a(abort.o)
                              c:/saturn/SH_COFF/sh-coff/bin/../lib/gcc/sh-coff/3.4-GNUSH_v0501/../../../../sh-coff/lib\libc.a(syscalls.o) (abort)
c:/saturn/SH_COFF/sh-coff/bin/../lib/gcc/sh-coff/3.4-GNUSH_v0501/../../../../sh-coff/lib\libc.a(signal.o)
                              c:/saturn/SH_COFF/sh-coff/bin/../lib/gcc/sh-coff/3.4-GNUSH_v0501/../../../../sh-coff/lib\libc.a(abort.o) (raise)
c:/saturn/SH_COFF/sh-coff/bin/../lib/gcc/sh-coff/3.4-GNUSH_v0501/../../../../sh-coff/lib\libc.a(signalr.o)
                              c:/saturn/SH_COFF/sh-coff/bin/../lib/gcc/sh-coff/3.4-GNUSH_v0501/../../../../sh-coff/lib\libc.a(signal.o) (_kill_r)

Allocating common symbols
Common symbol       size              file

SclRbgKtbAddr       0x8               ../sbl6/segalib/lib/sega_scl.a(scl_func.o)
sprites             0x1c20            collision.o
SpMstCmd            0x4               ../sbl6/segalib/lib/sega_spr.a(spr_2c.o)
SclRb               0x1               ../sbl6/segalib/lib/sega_scl.a(scl_func.o)
Scl_flag            0x2               ../sbl6/segalib/lib/sega_scl.a(scl_func.o)
per_get_time_flg    0x1               ../sbl6/segalib/lib/sega_per.a(per_prt.o)
SpScreenY           0x4               ../sbl6/segalib/lib/sega_spr.a(spr_1c.o)
SclK_TableBuff      0xcd0             ../sbl6/segalib/lib/sega_scl.a(scl_func.o)
SclAutoEndBlue2     0x2               ../sbl6/segalib/lib/sega_scl.a(scl_pri.o)
SpFbcrMode          0x2               ../sbl6/segalib/lib/sega_spr.a(spr_1c.o)
Sp2OpenFlag         0x4               ../sbl6/segalib/lib/sega_spr.a(spr_2c.o)
SclColOffset        0x10              ../sbl6/segalib/lib/sega_scl.a(scl_pri.o)
SclAddrCsTbl        0x8               ../sbl6/segalib/lib/sega_scl.a(scl_func.o)
scfg0               0x8c              scroll.o
SclPriBuffDirty     0x1               ../sbl6/segalib/lib/sega_scl.a(scl_pri.o)
SclAutoEndRed       0x2               ../sbl6/segalib/lib/sega_scl.a(scl_pri.o)
player              0x24              player.o
SclAutoSurface      0x4               ../sbl6/segalib/lib/sega_scl.a(scl_pri.o)
__interrupt_vector  0x400             ../sbl6/segalib/lib/sega_int.a(int.o)
per_hot_res         0x1               ../sbl6/segalib/lib/sega_per.a(per_prt.o)
SclCsx              0x8               ../sbl6/segalib/lib/sega_scl.a(scl_ro00.o)
Scl_s_reg           0x28              ../sbl6/segalib/lib/sega_scl.a(scl_func.o)
SclAutoGreen        0x2               ../sbl6/segalib/lib/sega_scl.a(scl_pri.o)
SclAutoEndGreen     0x2               ../sbl6/segalib/lib/sega_scl.a(scl_pri.o)
SclAutoCount        0x4               ../sbl6/segalib/lib/sega_scl.a(scl_pri.o)
SpGourTblMax        0x4               ../sbl6/segalib/lib/sega_spr.a(spr_2c.o)
SclColRamAlloc256   0x20              ../sbl6/segalib/lib/sega_scl.a(scl_pri.o)
SclRotateXy         0x8               ../sbl6/segalib/lib/sega_scl.a(scl_func.o)
SpDrawPrtyBlk       0x4               ../sbl6/segalib/lib/sega_spr.a(spr_2c.o)
SclAutoCurRate      0x1               ../sbl6/segalib/lib/sega_scl.a(scl_pri.o)
SpLCoordX           0x4               ../sbl6/segalib/lib/sega_spr.a(spr_2c.o)
maps                0x10              scroll.o
SpMstDrawPrtyBlk    0x4               ../sbl6/segalib/lib/sega_spr.a(spr_2c.o)
SclAutoPlusFlag     0x1               ../sbl6/segalib/lib/sega_scl.a(scl_pri.o)
per_set_sys_flg     0x1               ../sbl6/segalib/lib/sega_per.a(per_prt.o)
Scl_d_reg           0x48              ../sbl6/segalib/lib/sega_scl.a(scl_func.o)
SclRotateDisp       0x8               ../sbl6/segalib/lib/sega_scl.a(scl_func.o)
SpGourTbl           0x4               ../sbl6/segalib/lib/sega_spr.a(spr_2c.o)
SclSpColMix         0x8               ../sbl6/segalib/lib/sega_scl.a(scl_pri.o)
SpDil               0x2               ../sbl6/segalib/lib/sega_spr.a(spr_1c.o)
SpLookupTblR        0x2               ../sbl6/segalib/lib/sega_spr.a(spr_2c.o)
SclAutoMax          0x4               ../sbl6/segalib/lib/sega_scl.a(scl_pri.o)
SpCmdTbl            0x4               ../sbl6/segalib/lib/sega_spr.a(spr_2c.o)
SclRotateMoveZ      0x8               ../sbl6/segalib/lib/sega_scl.a(scl_func.o)
SclLineColRamOffset
                    0x4               ../sbl6/segalib/lib/sega_scl.a(scl_pri.o)
SclRotXySw          0x4               ../sbl6/segalib/lib/sega_scl.a(scl_func.o)
per_get_time_adr    0x4               ../sbl6/segalib/lib/sega_per.a(per_prt.o)
SclColRamAlloc2048  0x4               ../sbl6/segalib/lib/sega_scl.a(scl_pri.o)
SclBgPriNum         0x6               ../sbl6/segalib/lib/sega_scl.a(scl_pri.o)
SpCharMax           0x4               ../sbl6/segalib/lib/sega_spr.a(spr_2c.o)
SpDrawPrtyProcFlag  0x4               ../sbl6/segalib/lib/sega_spr.a(spr_2c.o)
SclAutoEndBlue      0x2               ../sbl6/segalib/lib/sega_scl.a(scl_pri.o)
SpCmdNo             0x4               ../sbl6/segalib/lib/sega_spr.a(spr_2c.o)
SclAutoEndGreen2    0x2               ../sbl6/segalib/lib/sega_scl.a(scl_pri.o)
Scl_r_reg           0x10              ../sbl6/segalib/lib/sega_scl.a(scl_func.o)
SclRPMD             0x2               ../sbl6/segalib/lib/sega_scl.a(scl_func.o)
SpDrawPrtyBlkMax    0x4               ../sbl6/segalib/lib/sega_spr.a(spr_2c.o)
SpDie               0x2               ../sbl6/segalib/lib/sega_spr.a(spr_1c.o)
SclAutoVeFlag       0x1               ../sbl6/segalib/lib/sega_scl.a(scl_pri.o)
SclBgColMix         0x8               ../sbl6/segalib/lib/sega_scl.a(scl_pri.o)
text                0x460             print.o
SpSlvCmdPos         0x4               ../sbl6/segalib/lib/sega_spr.a(spr_2c.o)
per_get_sys_data    0xc               ../sbl6/segalib/lib/sega_per.a(per_prt.o)
SclRbgKtbOffset     0x8               ../sbl6/segalib/lib/sega_scl.a(scl_func.o)
SclAutoIndex        0x4               ../sbl6/segalib/lib/sega_scl.a(scl_pri.o)
SclAutoEndRate      0x1               ../sbl6/segalib/lib/sega_scl.a(scl_pri.o)
SpSlvDrawPrtyBlk    0x4               ../sbl6/segalib/lib/sega_spr.a(spr_2c.o)
_SclRotregBuff      0xd0              ../sbl6/segalib/lib/sega_scl.a(scl_func.o)
SclAutoBlue         0x2               ../sbl6/segalib/lib/sega_scl.a(scl_pri.o)
SpTvMode            0x2               ../sbl6/segalib/lib/sega_spr.a(spr_1c.o)
SpScreenX           0x4               ../sbl6/segalib/lib/sega_spr.a(spr_1c.o)
SclRa               0x1               ../sbl6/segalib/lib/sega_scl.a(scl_func.o)
SclRotateZ          0x8               ../sbl6/segalib/lib/sega_scl.a(scl_func.o)
SpCharTbl           0x4               ../sbl6/segalib/lib/sega_spr.a(spr_2c.o)
SclAddrLsTbl        0x8               ../sbl6/segalib/lib/sega_scl.a(scl_func.o)
SclK_TableNum       0x8               ../sbl6/segalib/lib/sega_scl.a(scl_func.o)
SclAutoRed          0x2               ../sbl6/segalib/lib/sega_scl.a(scl_pri.o)
SpCmdTblR           0x2               ../sbl6/segalib/lib/sega_spr.a(spr_2c.o)
SclAutoInterval     0x4               ../sbl6/segalib/lib/sega_scl.a(scl_pri.o)
SclOtherPri         0x10              ../sbl6/segalib/lib/sega_scl.a(scl_pri.o)
per_time_out_flg    0x1               ../sbl6/segalib/lib/sega_per.a(per_prt.o)
SclRotateTableAddress
                    0x4               ../sbl6/segalib/lib/sega_scl.a(scl_func.o)
SpMstCmdPos         0x4               ../sbl6/segalib/lib/sega_spr.a(spr_2c.o)
SpSlvCmd            0x4               ../sbl6/segalib/lib/sega_spr.a(spr_2c.o)
scfg1               0x8c              scroll.o
SclAutoRGB          0x600             ../sbl6/segalib/lib/sega_scl.a(scl_pri.o)
errno               0x4               c:/saturn/SH_COFF/sh-coff/bin/../lib/gcc/sh-coff/3.4-GNUSH_v0501/../../../../sh-coff/lib\libc.a(syscalls.o)
SclK_TableFlag      0x4               ../sbl6/segalib/lib/sega_scl.a(scl_func.o)
SclAutoEndRed2      0x2               ../sbl6/segalib/lib/sega_scl.a(scl_pri.o)
SclCsy              0x8               ../sbl6/segalib/lib/sega_scl.a(scl_ro00.o)
SclSpPriNum         0x8               ../sbl6/segalib/lib/sega_scl.a(scl_pri.o)
Scl_w_reg           0x20              ../sbl6/segalib/lib/sega_scl.a(scl_func.o)
SpLCoordY           0x4               ../sbl6/segalib/lib/sega_spr.a(spr_2c.o)
Scl_n_reg           0x40              ../sbl6/segalib/lib/sega_scl.a(scl_func.o)

Memory Configuration

Name             Origin             Length             Attributes
*default*        0x00000000         0xffffffff

Linker script and memory map

LOAD ../sbl6/segasmp/lib/strt1_g.o
LOAD ../sbl6/segasmp/lib/strt2_g.o
LOAD vblank.o
LOAD ../sbl6/segasmp/per/smpclib/per_x1.o
LOAD ../sbl6/segasmp/per/smpclib/per_x2.o
LOAD ../sbl6/segasmp/per/smpclib/per_x3.o
LOAD collision.o
LOAD graphics.o
LOAD player.o
LOAD print.o
LOAD sprite.o
LOAD scroll.o
LOAD main.o
LOAD ../sbl6/segalib/lib/sega_int.a
LOAD ../sbl6/segalib/lib/sega_spr.a
LOAD ../sbl6/segalib/lib/sega_scl.a
LOAD ../sbl6/segalib/lib/sega_mth.a
LOAD ../sbl6/segalib/lib/sega_cdc.a
LOAD ../sbl6/segalib/lib/sega_adp.a
LOAD ../sbl6/segalib/lib/sega_per.a
LOAD ../sbl6/segalib/lib/sega_sat.a
LOAD c:/saturn/SH_COFF/sh-coff/bin/../lib/gcc/sh-coff/3.4-GNUSH_v0501\libgcc.a
LOAD c:/saturn/SH_COFF/sh-coff/bin/../lib/gcc/sh-coff/3.4-GNUSH_v0501/../../../../sh-coff/lib\libc.a
LOAD c:/saturn/SH_COFF/sh-coff/bin/../lib/gcc/sh-coff/3.4-GNUSH_v0501\libgcc.a

.text           0x06010000    0x1aca0
 *(.text)
 .text          0x06010000       0x30 ../sbl6/segasmp/lib/strt1_g.o
                0x06010024                _D_END
                0x06010020                _D_BGN
                0x0601002c                _B_END
                0x06010028                _B_BGN
                0x06010000                START
 .text          0x06010030       0x60 ../sbl6/segasmp/lib/strt2_g.o
                0x06010050                _INITSCT
                0x06010030                _INIT
 .text          0x06010090      0x190 vblank.o
                0x06010090                SetVblank
                0x06010120                UsrVblankOut
                0x060100f0                UsrVblankIn
 .text          0x06010220      0x430 ../sbl6/segasmp/per/smpclib/per_x1.o
                0x060105b4                PER_GetAnalogXYZ
                0x06010244                PER_GetTriggerHandler
                0x060104de                PER_GetEdge
                0x0601045c                PER_GetTrigger
                0x06010508                PER_GetPressEdge
                0x0601055c                PER_GetReleaseEdge
                0x06010220                PER_SetTriggerHandler
 .text          0x06010650      0x200 ../sbl6/segasmp/per/smpclib/per_x2.o
                0x06010754                PER_GetDeviceA
                0x06010650                PER_OpenPort
                0x06010688                PER_GetPort
                0x060107ce                PER_GetDeviceR
 .text          0x06010850       0x20 ../sbl6/segasmp/per/smpclib/per_x3.o
                0x06010850                PER_DisguiseTrigger
 .text          0x06010870      0xe70 collision.o
                0x06011650                collision_detect_up_right
                0x060108e0                over_air
                0x06010a00                collision_detect_down
                0x06011680                collision_detect_down_left
                0x06010d20                collision_detect_left
                0x060116b0                collision_detect_down_right
                0x06010870                floor_tiles
                0x06011010                collision_detect_up
                0x06011620                collision_detect_up_left
                0x06011300                collision_detect_right
 .text          0x060116e0     0xde50 graphics.o
                0x0601f12c                font3
                0x0601f42c                font0
                0x060136e0                map2
                0x0601e32c                guy0
                0x060116e0                map3
                0x0601eb2c                font9
                0x0601c32c                guyback1
                0x060156e0                map1
                0x0601cb2c                guyback0
                0x0601f02c                font4
                0x0601ee2c                font6
                0x0601f32c                font1
                0x0601db2c                guy1
                0x060176e0                wood_chr
                0x0601b32c                guyside0
                0x06019ee0                wood_pal
                0x0601ed2c                font7
                0x0601bb2c                guyback2
                0x0601ab2c                guyside1
                0x0601a32c                guyside2
                0x0601f22c                font2
                0x0601ef2c                font5
                0x0601d32c                guy2
                0x0601a2e0                dimensions
                0x0601ec2c                font8
 .text          0x0601f530      0x4a0 player.o
                0x0601f530                player_side
                0x0601f540                player_down
                0x0601f538                player_up
                0x0601f548                states
                0x0601f690                player_input
                0x0601f570                player_init
                0x0601f910                player_draw
                0x0601f5b0                player_animate
 .text          0x0601f9d0      0x130 print.o
                0x0601fa60                print_display
                0x0601fa10                print_num
                0x0601f9d0                print_init
 .text          0x0601fb00      0x360 sprite.o
                0x0601fd60                sprite_make
                0x0601fdd0                sprite_next
                0x0601fe30                sprite_delete
                0x0601fb00                sprite_draw
 .text          0x0601fe60      0x910 scroll.o
                0x06020580                scroll_transition
                0x06020070                scroll_move
                0x060201f0                scroll_get
                0x06020230                scroll_copy
                0x06020180                scroll_set
                0x0601fe60                scroll_init
                0x060201b0                scroll_scale
 .text          0x06020770      0x140 main.o
                0x06020770                main
 .text          0x060208b0       0x40 ../sbl6/segalib/lib/sega_int.a(int.o)
                0x060208dc                INT_GetScuFunc
                0x060208b0                INT_SetScuFunc
 .text          0x060208f0      0x624 ../sbl6/segalib/lib/sega_int.a(int_trmp.o)
                0x06020a58                __interrupt_handler60
                0x06020c08                __interrupt_handler132
                0x06020dbe                __interrupt_handler205
                0x06020c26                __interrupt_handler137
                0x06020b54                __interrupt_handler102
                0x06020992                __interrupt_handler27
                0x06020d94                __interrupt_handler198
                0x06020c86                __interrupt_handler153
                0x0602096e                __interrupt_handler21
                0x06020a7c                __interrupt_handler66
                0x06020b6c                __interrupt_handler106
                0x06020cb6                __interrupt_handler161
                0x06020b00                __interrupt_handler88
                0x06020cce                __interrupt_handler165
                0x06020bde                __interrupt_handler125
                0x06020914                __interrupt_handler6
                0x060209b0                __interrupt_handler32
                0x06020d6a                __interrupt_handler191
                0x06020e84                __interrupt_handler238
                0x06020e9c                __interrupt_handler242
                0x06020ca4                __interrupt_handler158
                0x06020b0c                __interrupt_handler90
                0x06020cc8                __interrupt_handler164
                0x060209ec                __interrupt_handler42
                0x06020d2e                __interrupt_handler181
                0x06020e36                __interrupt_handler225
                0x06020ede                __interrupt_handler253
                0x06020cf2                __interrupt_handler171
                0x06020aac                __interrupt_handler74
                0x06020902                __interrupt_handler3
                0x06020a46                __interrupt_handler57
                0x06020944                __interrupt_handler14
                0x06020ddc                __interrupt_handler210
                0x06020e0c                __interrupt_handler218
                0x06020dd0                __interrupt_handler208
                0x060209d4                __interrupt_handler38
                0x060208f0                __interrupt_handler0
                0x06020b60                __interrupt_handler104
                0x06020c9e                __interrupt_handler157
                0x06020dee                __interrupt_handler213
                0x06020ce0                __interrupt_handler168
                0x06020aee                __interrupt_handler85
                0x06020b8a                __interrupt_handler111
                0x06020b9c                __interrupt_handler114
                0x06020a0a                __interrupt_handler47
                0x06020e60                __interrupt_handler232
                0x06020e2a                __interrupt_handler223
                0x06020e7e                __interrupt_handler237
                0x06020a6a                __interrupt_handler63
                0x060209f8                __interrupt_handler44
                0x06020d0a                __interrupt_handler175
                0x06020d34                __interrupt_handler182
                0x06020d4c                __interrupt_handler186
                0x06020c4a                __interrupt_handler143
                0x06020b72                __interrupt_handler107
                0x06020bd8                __interrupt_handler124
                0x06020cf8                __interrupt_handler172
                0x06020eae                __interrupt_handler245
                0x06020b2a                __interrupt_handler95
                0x06020c02                __interrupt_handler131
                0x06020c14                __interrupt_handler134
                0x06020c32                __interrupt_handler139
                0x06020aa0                __interrupt_handler72
                0x06020e5a                __interrupt_handler231
                0x06020cb0                __interrupt_handler160
                0x06020bf6                __interrupt_handler129
                0x06020968                __interrupt_handler20
                0x06020a76                __interrupt_handler65
                0x06020a40                __interrupt_handler56
                0x0602093e                __interrupt_handler13
                0x06020dd6                __interrupt_handler209
                0x06020b90                __interrupt_handler112
                0x06020962                __interrupt_handler19
                0x06020b1e                __interrupt_handler93
                0x06020d88                __interrupt_handler196
                0x06020c7a                __interrupt_handler151
                0x06020cda                __interrupt_handler167
                0x06020ef0                __trampoline
                0x06020956                __interrupt_handler17
                0x06020e48                __interrupt_handler228
                0x06020eea                __interrupt_handler255
                0x06020ea8                __interrupt_handler244
                0x06020b42                __interrupt_handler99
                0x06020d3a                __interrupt_handler183
                0x06020c38                __interrupt_handler140
                0x06020d5e                __interrupt_handler189
                0x06020c5c                __interrupt_handler146
                0x06020e24                __interrupt_handler222
                0x06020c98                __interrupt_handler156
                0x06020bcc                __interrupt_handler122
                0x06020ec0                __interrupt_handler248
                0x06020a10                __interrupt_handler48
                0x06020a8e                __interrupt_handler69
                0x06020980                __interrupt_handler24
                0x06020b06                __interrupt_handler89
                0x06020dfa                __interrupt_handler215
                0x06020ee4                __interrupt_handler254
                0x06020afa                __interrupt_handler87
                0x06020a5e                __interrupt_handler61
                0x06020d82                __interrupt_handler195
                0x06020c74                __interrupt_handler150
                0x060209e6                __interrupt_handler41
                0x06020b84                __interrupt_handler110
                0x06020bea                __interrupt_handler127
                0x06020b78                __interrupt_handler108
                0x06020b96                __interrupt_handler113
                0x06020ba8                __interrupt_handler116
                0x06020bc6                __interrupt_handler121
                0x06020abe                __interrupt_handler77
                0x060209da                __interrupt_handler39
                0x060209f2                __interrupt_handler43
                0x06020ec6                __interrupt_handler249
                0x06020d04                __interrupt_handler174
                0x06020c20                __interrupt_handler136
                0x06020d58                __interrupt_handler188
                0x06020c56                __interrupt_handler145
                0x06020926                __interrupt_handler9
                0x06020aca                __interrupt_handler79
                0x06020e42                __interrupt_handler227
                0x060209bc                __interrupt_handler34
                0x06020bfc                __interrupt_handler130
                0x06020eba                __interrupt_handler247
                0x06020ab2                __interrupt_handler75
                0x06020cfe                __interrupt_handler173
                0x06020a2e                __interrupt_handler53
                0x06020c6e                __interrupt_handler149
                0x06020ed2                __interrupt_handler251
                0x06020e66                __interrupt_handler233
                0x0602092c                __interrupt_handler10
                0x06020db8                __interrupt_handler204
                0x06020adc                __interrupt_handler82
                0x06020ae2                __interrupt_handler83
                0x06020986                __interrupt_handler25
                0x06020ea2                __interrupt_handler243
                0x06020cbc                __interrupt_handler162
                0x06020a04                __interrupt_handler46
                0x06020d1c                __interrupt_handler178
                0x06020ad0                __interrupt_handler80
                0x06020a64                __interrupt_handler62
                0x060208fc                __interrupt_handler2
                0x0602099e                __interrupt_handler29
                0x06020a94                __interrupt_handler70
                0x06020b7e                __interrupt_handler109
                0x06020c68                __interrupt_handler148
                0x06020b24                __interrupt_handler94
                0x06020e30                __interrupt_handler224
                0x06020b5a                __interrupt_handler103
                0x060209c8                __interrupt_handler36
                0x06020be4                __interrupt_handler126
                0x06020eb4                __interrupt_handler246
                0x06020a3a                __interrupt_handler55
                0x06020938                __interrupt_handler12
                0x06020a28                __interrupt_handler52
                0x06020d52                __interrupt_handler187
                0x06020c50                __interrupt_handler144
                0x06020bae                __interrupt_handler117
                0x0602095c                __interrupt_handler18
                0x06020d8e                __interrupt_handler197
                0x06020c80                __interrupt_handler152
                0x06020bb4                __interrupt_handler118
                0x06020cec                __interrupt_handler170
                0x06020da6                __interrupt_handler201
                0x06020b36                __interrupt_handler97
                0x06020cc2                __interrupt_handler163
                0x06020d28                __interrupt_handler180
                0x06020d70                __interrupt_handler192
                0x06020e90                __interrupt_handler240
                0x06020bd2                __interrupt_handler123
                0x06020df4                __interrupt_handler214
                0x060209aa                __interrupt_handler31
                0x06020998                __interrupt_handler28
                0x06020a82                __interrupt_handler67
                0x06020a88                __interrupt_handler68
                0x06020974                __interrupt_handler22
                0x0602097a                __interrupt_handler23
                0x06020d10                __interrupt_handler176
                0x0602091a                __interrupt_handler7
                0x06020e1e                __interrupt_handler221
                0x06020e06                __interrupt_handler217
                0x06020e4e                __interrupt_handler229
                0x06020a16                __interrupt_handler49
                0x06020908                __interrupt_handler4
                0x060209e0                __interrupt_handler40
                0x06020ba2                __interrupt_handler115
                0x06020e72                __interrupt_handler235
                0x06020b12                __interrupt_handler91
                0x06020dc4                __interrupt_handler206
                0x06020d16                __interrupt_handler177
                0x06020c62                __interrupt_handler147
                0x060209ce                __interrupt_handler37
                0x06020ecc                __interrupt_handler250
                0x060208f6                __interrupt_handler1
                0x06020e12                __interrupt_handler219
                0x06020ab8                __interrupt_handler76
                0x06020b48                __interrupt_handler100
                0x06020a4c                __interrupt_handler58
                0x0602094a                __interrupt_handler15
                0x06020de8                __interrupt_handler212
                0x06020e96                __interrupt_handler241
                0x06020dac                __interrupt_handler202
                0x06020d76                __interrupt_handler193
                0x06020ac4                __interrupt_handler78
                0x06020a1c                __interrupt_handler50
                0x060209b6                __interrupt_handler33
                0x06020cd4                __interrupt_handler166
                0x06020c2c                __interrupt_handler138
                0x06020c1a                __interrupt_handler135
                0x060209a4                __interrupt_handler30
                0x06020d40                __interrupt_handler184
                0x06020c3e                __interrupt_handler141
                0x06020e54                __interrupt_handler230
                0x06020e78                __interrupt_handler236
                0x06020bba                __interrupt_handler119
                0x06020af4                __interrupt_handler86
                0x06020b66                __interrupt_handler105
                0x06020ad6                __interrupt_handler81
                0x06020bc0                __interrupt_handler120
                0x06020bf0                __interrupt_handler128
                0x06020a34                __interrupt_handler54
                0x06020932                __interrupt_handler11
                0x06020d9a                __interrupt_handler199
                0x06020c8c                __interrupt_handler154
                0x060209fe                __interrupt_handler45
                0x06020e00                __interrupt_handler216
                0x06020db2                __interrupt_handler203
                0x06020b4e                __interrupt_handler101
                0x06020ae8                __interrupt_handler84
                0x06020d46                __interrupt_handler185
                0x06020c44                __interrupt_handler142
                0x0602098c                __interrupt_handler26
                0x06020a70                __interrupt_handler64
                0x06020da0                __interrupt_handler200
                0x06020dca                __interrupt_handler207
                0x06020d7c                __interrupt_handler194
                0x06020b18                __interrupt_handler92
                0x06020c92                __interrupt_handler155
                0x06020de2                __interrupt_handler211
                0x06020c0e                __interrupt_handler133
                0x0602090e                __interrupt_handler5
                0x06020aa6                __interrupt_handler73
                0x06020950                __interrupt_handler16
                0x06020e8a                __interrupt_handler239
                0x06020e6c                __interrupt_handler234
                0x060209c2                __interrupt_handler35
                0x06020a52                __interrupt_handler59
                0x06020ce6                __interrupt_handler169
                0x06020b3c                __interrupt_handler98
                0x06020a9a                __interrupt_handler71
                0x06020a22                __interrupt_handler51
                0x06020caa                __interrupt_handler159
                0x06020e3c                __interrupt_handler226
                0x06020b30                __interrupt_handler96
                0x06020d64                __interrupt_handler190
                0x06020e18                __interrupt_handler220
                0x06020920                __interrupt_handler8
                0x06020d22                __interrupt_handler179
                0x06020ed8                __interrupt_handler252
 *fill*         0x06020f14        0xc 00
 .text          0x06020f20     0x12a0 ../sbl6/segalib/lib/sega_spr.a(spr_2c.o)
                0x06022180                SlaveFlushDrawPrtyBlock
                0x06020f20                SPR_2Initial
                0x06021764                SPR_2SysClip
                0x06021704                SPR_2LocalCoord
                0x06021ffc                SPR_2FlushDrawPrtyBlock
                0x06021ce8                SPR_2DistSpr
                0x060216ec                SPR_2FlushDrawPrty
                0x06021e0c                SPR_2Cmd
                0x060213e8                SPR_2GourTblNoToVram
                0x06021448                SPR_2GetAreaSizeInfo
                0x060211b0                SPR_2SetGourTbl
                0x0602199c                SPR_2Polygon
                0x06021424                SPR_2CharNoToVram
                0x06021130                SPR_2SetTvMode
                0x0602158c                SPR_2CloseCommand
                0x0602116c                SPR_2FrameEraseData
                0x06020f48                SPR_2Initial2
                0x06021b7c                SPR_2ScaleSpr
                0x0602180c                SPR_2Line
                0x060214d8                SPR_2OpenCommand
                0x0602114c                SPR_2FrameChgIntr
                0x06021a58                SPR_2NormSpr
                0x060211e0                SPR_2SetLookupTbl
                0x06021214                SPR_2SetChar
                0x0602140c                SPR_2LookupTblNoToVram
                0x060218e0                SPR_2PolyLine
                0x06021380                SPR_2ClrAllChar
                0x06021334                SPR_2ClrChar
                0x060217b0                SPR_2UserClip
 .text          0x060221c0      0x1e6 ../sbl6/segalib/lib/sega_spr.a(spr_slv.o)
                0x06022324                SPR_WaitEndSlaveSH
                0x060221c0                SPR_SMPC_SSHON
                0x06022300                SPR_RunSlaveSH
                0x060221c4                SPR_InitSlaveSH
                0x0602228c                SPR_SlaveSHmain
                0x060221c1                SPR_SMPC_SSHOFF
 *fill*         0x060223a6        0xa 00
 .text          0x060223b0      0x36a ../sbl6/segalib/lib/sega_spr.a(spr_1c.o)
                0x06022664                SPR_WaitDrawEnd
                0x0602267c                SPR_SetEosMode
                0x06022594                SPR_SetEraseData
                0x060223b0                SPR_Initial
                0x06022488                SPR_SetTvMode
                0x06022520                SPR_GetStatus
 *fill*         0x0602271a        0x6 00
 .text          0x06022720      0x244 ../sbl6/segalib/lib/sega_spr.a(spr_2a.o)
                0x06022732                sprMemCpyW
                0x06022790                flushDrawPrtyBlock
                0x06022720                sprMemCpyL
                0x06022744                SPR_2SetDrawPrty
 *fill*         0x06022964        0xc 00
 .text          0x06022970      0x2fc ../sbl6/segalib/lib/sega_scl.a(scl_vblv.o)
                0x06022a2c                SCL_DisplayFrame
                0x06022970                SCL_SetFrameInterval
                0x06022a60                SCL_VblInit
                0x06022ab0                SCL_VblankStart
                0x06022af4                SCL_VblankEnd
 *fill*         0x06022c6c        0x4 00
 .text          0x06022c70      0xb9c ../sbl6/segalib/lib/sega_scl.a(scl_func.o)
                0x0602364c                SCL_Vdp2_SGLInit
                0x0602355c                SCL_PriIntProc
                0x060234d4                SCL_Memcpyw
                0x060237ec                SCL_SglOff
                0x060237cc                SCL_SglOn
                0x06023440                SCL_ScrollShow
                0x06022ee8                SCL_Close
                0x060231e0                SCL_Scale
                0x06022c70                SCL_Vdp2Init
                0x06023054                SCL_Move
                0x0602331c                SCL_CopyReg
                0x06022ec4                SCL_Open
                0x06022cf4                SCL_ParametersInit
                0x06022f04                SCL_MoveTo
                0x060234fc                SCL_SetColRamMode
 *fill*         0x0602380c        0x4 00
 .text          0x06023810      0x138 ../sbl6/segalib/lib/sega_scl.a(scl_pr03.o)
                0x06023810                SCL_FreeColRam
                0x06023848                SCL_AllocColRam
 *fill*         0x06023948        0x8 00
 .text          0x06023950       0x9c ../sbl6/segalib/lib/sega_scl.a(scl_pr02.o)
                0x06023950                SCL_SetColRam
 *fill*         0x060239ec        0x4 00
 .text          0x060239f0       0x84 ../sbl6/segalib/lib/sega_scl.a(scl_back.o)
                0x060239f0                SCL_SetBack
 *fill*         0x06023a74        0xc 00
 .text          0x06023a80      0x94c ../sbl6/segalib/lib/sega_scl.a(scl_fu03.o)
                0x06023adc                SCL_SetConfig
                0x06023a80                SCL_InitConfigTb
 *fill*         0x060243cc        0x4 00
 .text          0x060243d0      0x4f4 ../sbl6/segalib/lib/sega_scl.a(scl_fu02.o)
                0x06024408                SCL_SetVramConfig
                0x060243d0                SCL_InitVramConfigTb
 *fill*         0x060248c4        0xc 00
 .text          0x060248d0       0x28 ../sbl6/segalib/lib/sega_scl.a(scl_fu04.o)
                0x060248d0                SCL_SetCycleTable
 *fill*         0x060248f8        0x8 00
 .text          0x06024900      0x214 ../sbl6/segalib/lib/sega_scl.a(scl_pr07.o)
                0x06024900                SCL_SetPriority
 *fill*         0x06024b14        0xc 00
 .text          0x06024b20       0x58 ../sbl6/segalib/lib/sega_scl.a(scl_pr01.o)
                0x06024b20                SCL_SetSpriteMode
 *fill*         0x06024b78        0x8 00
 .text          0x06024b80     0x10a4 ../sbl6/segalib/lib/sega_scl.a(scl_pri.o)
                0x06024c14                SCL_AbortAutoVe
                0x06025ac4                SCL_SetShadowBit
                0x0602508c                SCL_AutoExec
                0x06024b80                SCL_PriorityInit
                0x060255a0                SCL_IncColOffset
                0x06024c28                SCL_SetColMixRate
                0x06024bf8                SCL_GetColRamMode
 *fill*         0x06025c24        0xc 00
 .text          0x06025c30     0x1394 ../sbl6/segalib/lib/sega_scl.a(scl_ro00.o)
                0x06026e1c                SCL_RotateZD
                0x060260e4                SCL_Rotate
                0x06025db8                SCL_InitRotateTable
 *fill*         0x06026fc4        0xc 00
 .text          0x06026fd0      0x1b4 ../sbl6/segalib/lib/sega_scl.a(scl_pr06.o)
                0x06026fd0                SCL_SetColRamOffset
 *fill*         0x06027184        0xc 00
 .text          0x06027190       0xac ../sbl6/segalib/lib/sega_scl.a(scl_pr05.o)
                0x06027190                SCL_GetColRamOffset
 *fill*         0x0602723c        0x4 00
 .text          0x06027240       0xa4 ../sbl6/segalib/lib/sega_mth.a(mth_fixd.o)
                0x06027290                MTH_FixedToInt
                0x06027280                MTH_IntToFixed
                0x06027240                MTH_Mul
                0x060272a0                MTH_Product
                0x06027260                MTH_Div
 *fill*         0x060272e4        0xc 00
 .text          0x060272f0      0x600 ../sbl6/segalib/lib/sega_mth.a(mth_tri.o)
                0x0602738c                fcos
                0x06027392                fsin
                0x0602733c                MTH_Cos
                0x060272f0                MTH_Sin
                0x06027530                MTH_Atan
 .text          0x060278f0      0xf50 ../sbl6/segalib/lib/sega_per.a(per_prt.o)
                0x06027d10                PER_IntFunc
                0x06027b08                PER_LGetPer
                0x060278f0                PER_LInit
 .text          0x06028840      0x1f4 ../sbl6/segalib/lib/sega_sat.a(DMA_SCU1.o)
                0x0602899c                DMA_ScuResult
                0x06028840                DMA_ScuInit
                0x06028890                DMA_ScuMemCopy
 *fill*         0x06028a34        0xc 00
 .text          0x06028a40      0x308 ../sbl6/segalib/lib/sega_sat.a(DMA_SCU0.o)
                0x06028ac4                DMA_ScuStart
                0x06028bf8                DMA_ScuIntFunc0
                0x06028c68                DMA_ScuIntFunc1
                0x06028cd8                DMA_ScuIntFunc2
                0x06028bb8                DMA_ScuGetStatus
                0x06028a40                DMA_ScuSetPrm
 *fill*         0x06028d48        0x8 00
 .text          0x06028d50       0xe8 ../sbl6/segalib/lib/sega_sat.a(csh_main.o)
                0x06028d50                CSH_Init
                0x06028db8                CSH_AllClr
                0x06028e04                CSH_Purge
 *fill*         0x06028e38        0x8 00
 .text          0x06028e40       0xb0 c:/saturn/SH_COFF/sh-coff/bin/../lib/gcc/sh-coff/3.4-GNUSH_v0501\libgcc.a(_movstr.o)
                0x06028e80                __movstrSI16
                0x06028e54                __movstrSI60
                0x06028e60                __movstrSI48
                0x06028e5c                __movstrSI52
                0x06028e50                __movstrSI64
                0x06028e64                __movstrSI44
                0x06028e68                __movstrSI40
                0x06028e6c                __movstrSI36
                0x06028ea0                __movstr
                0x06028e58                __movstrSI56
                0x06028e74                __movstrSI28
                0x06028e70                __movstrSI32
                0x06028e84                __movstrSI12
                0x06028e88                __movstrSI8
                0x06028e90                __movstrSI0
                0x06028e78                __movstrSI24
                0x06028e7c                __movstrSI20
                0x06028e8c                __movstrSI4
 .text          0x06028ef0       0x90 c:/saturn/SH_COFF/sh-coff/bin/../lib/gcc/sh-coff/3.4-GNUSH_v0501\libgcc.a(_ashiftlt.o)
                0x06028ef0                __ashlsi3
 .text          0x06028f80       0xa0 c:/saturn/SH_COFF/sh-coff/bin/../lib/gcc/sh-coff/3.4-GNUSH_v0501\libgcc.a(__main.o)
                0x06028ff4                __main
                0x06028f80                __do_global_dtors
                0x06028fb4                __do_global_ctors
 .text          0x06029020       0x70 c:/saturn/SH_COFF/sh-coff/bin/../lib/gcc/sh-coff/3.4-GNUSH_v0501\libgcc.a(_udivsi3.o)
                0x06029042                __udivsi3
 .text          0x06029090       0x60 c:/saturn/SH_COFF/sh-coff/bin/../lib/gcc/sh-coff/3.4-GNUSH_v0501\libgcc.a(_ashiftrt.o)
                0x0602909c                __ashiftrt_r4_27
                0x060290d0                __ashiftrt_r4_6
                0x060290c0                __ashiftrt_r4_14
                0x060290b2                __ashiftrt_r4_19
                0x060290ca                __ashiftrt_r4_9
                0x060290de                __ashiftrt_r4_0
                0x06029090                __ashiftrt_r4_31
                0x0602909e                __ashiftrt_r4_26
                0x060290ac                __ashiftrt_r4_22
                0x060290b8                __ashiftrt_r4_16
                0x060290c4                __ashiftrt_r4_12
                0x06029098                __ashiftrt_r4_29
                0x060290b6                __ashiftrt_r4_17
                0x06029096                __ashiftrt_r4_30
                0x060290d2                __ashiftrt_r4_5
                0x060290cc                __ashiftrt_r4_8
                0x06029090                __ashiftrt_r4_32
                0x060290a0                __ashiftrt_r4_25
                0x060290d8                __ashiftrt_r4_2
                0x060290a2                __ashiftrt_r4_24
                0x060290be                __ashiftrt_r4_15
                0x060290c8                __ashiftrt_r4_10
                0x060290da                __ashiftrt_r4_1
                0x0602909a                __ashiftrt_r4_28
                0x060290b0                __ashiftrt_r4_20
                0x060290ce                __ashiftrt_r4_7
                0x060290c2                __ashiftrt_r4_13
                0x060290c6                __ashiftrt_r4_11
                0x060290d4                __ashiftrt_r4_4
                0x060290aa                __ashiftrt_r4_23
                0x060290b4                __ashiftrt_r4_18
                0x060290ae                __ashiftrt_r4_21
                0x060290d6                __ashiftrt_r4_3
 .text          0x060290f0       0xb0 c:/saturn/SH_COFF/sh-coff/bin/../lib/gcc/sh-coff/3.4-GNUSH_v0501\libgcc.a(_si_to_df.o)
                0x060290f0                __floatsidf
 .text          0x060291a0      0x2e0 c:/saturn/SH_COFF/sh-coff/bin/../lib/gcc/sh-coff/3.4-GNUSH_v0501\libgcc.a(_mul_df.o)
                0x060291b0                __muldf3
 .text          0x06029480       0x80 c:/saturn/SH_COFF/sh-coff/bin/../lib/gcc/sh-coff/3.4-GNUSH_v0501\libgcc.a(_df_to_si.o)
                0x06029480                __fixdfsi
 .text          0x06029500      0x220 c:/saturn/SH_COFF/sh-coff/bin/../lib/gcc/sh-coff/3.4-GNUSH_v0501\libgcc.a(_pack_df.o)
                0x06029510                __pack_d
 .text          0x06029720      0x120 c:/saturn/SH_COFF/sh-coff/bin/../lib/gcc/sh-coff/3.4-GNUSH_v0501\libgcc.a(_unpack_df.o)
                0x06029730                __unpack_d
 .text          0x06029840       0x20 c:/saturn/SH_COFF/sh-coff/bin/../lib/gcc/sh-coff/3.4-GNUSH_v0501\libgcc.a(_thenan_df.o)
                0x06029840                __thenan_df
 .text          0x06029860       0xd0 c:/saturn/SH_COFF/sh-coff/bin/../lib/gcc/sh-coff/3.4-GNUSH_v0501\libgcc.a(_muldi3.o)
                0x06029860                __muldi3
 .text          0x06029930       0x80 c:/saturn/SH_COFF/sh-coff/bin/../lib/gcc/sh-coff/3.4-GNUSH_v0501\libgcc.a(_lshrdi3.o)
                0x06029930                __lshrdi3
 .text          0x060299b0       0x80 c:/saturn/SH_COFF/sh-coff/bin/../lib/gcc/sh-coff/3.4-GNUSH_v0501\libgcc.a(_ashldi3.o)
                0x060299b0                __ashldi3
 .text          0x06029a30       0x30 c:/saturn/SH_COFF/sh-coff/bin/../lib/gcc/sh-coff/3.4-GNUSH_v0501\libgcc.a(_mulsi3.o)
                0x06029a30                __mulsi3
 .text          0x06029a60       0x90 c:/saturn/SH_COFF/sh-coff/bin/../lib/gcc/sh-coff/3.4-GNUSH_v0501\libgcc.a(_lshiftrt.o)
                0x06029a60                __lshrsi3
 .text          0x06029af0       0xa0 c:/saturn/SH_COFF/sh-coff/bin/../lib/gcc/sh-coff/3.4-GNUSH_v0501/../../../../sh-coff/lib\libc.a(memcpy.o)
                0x06029af0                memcpy
 .text          0x06029b90       0x40 c:/saturn/SH_COFF/sh-coff/bin/../lib/gcc/sh-coff/3.4-GNUSH_v0501/../../../../sh-coff/lib\libc.a(memset.o)
                0x06029b90                memset
 .text          0x06029bd0       0x90 c:/saturn/SH_COFF/sh-coff/bin/../lib/gcc/sh-coff/3.4-GNUSH_v0501/../../../../sh-coff/lib\libc.a(atexit.o)
                0x06029bd0                atexit
 .text          0x06029c60       0x10 c:/saturn/SH_COFF/sh-coff/bin/../lib/gcc/sh-coff/3.4-GNUSH_v0501/../../../../sh-coff/lib\libc.a(impure.o)
                0x06029c60                _global_impure_ptr
 .text          0x06029c70       0x40 c:/saturn/SH_COFF/sh-coff/bin/../lib/gcc/sh-coff/3.4-GNUSH_v0501/../../../../sh-coff/lib\libc.a(malloc.o)
                0x06029c8c                free
                0x06029c70                malloc
 .text          0x06029cb0      0x5b0 c:/saturn/SH_COFF/sh-coff/bin/../lib/gcc/sh-coff/3.4-GNUSH_v0501/../../../../sh-coff/lib\libc.a(mallocr.o)
                0x06029cb0                _malloc_r
 .text          0x0602a260      0x340 c:/saturn/SH_COFF/sh-coff/bin/../lib/gcc/sh-coff/3.4-GNUSH_v0501/../../../../sh-coff/lib\libc.a(freer.o)
                0x0602a260                _malloc_trim_r
                0x0602a354                _free_r
 .text          0x0602a5a0       0x20 c:/saturn/SH_COFF/sh-coff/bin/../lib/gcc/sh-coff/3.4-GNUSH_v0501/../../../../sh-coff/lib\libc.a(mlock.o)
                0x0602a5a0                __malloc_lock
                0x0602a5ac                __malloc_unlock
 .text          0x0602a5c0       0x50 c:/saturn/SH_COFF/sh-coff/bin/../lib/gcc/sh-coff/3.4-GNUSH_v0501/../../../../sh-coff/lib\libc.a(sbrkr.o)
                0x0602a5c0                _sbrk_r
 .text          0x0602a610      0x380 c:/saturn/SH_COFF/sh-coff/bin/../lib/gcc/sh-coff/3.4-GNUSH_v0501/../../../../sh-coff/lib\libc.a(syscalls.o)
                0x0602a77c                _exit
                0x0602a7b0                _getpid
                0x0602a818                _utime
                0x0602a648                _write
                0x0602a610                _read
                0x0602a764                _unlink
                0x0602a72c                _open
                0x0602a7c8                _stat
                0x0602a770                isatty
                0x0602a848                _wait
                0x0602a794                _kill
                0x0602a7e4                _chmod
                0x0602a878                _execv
                0x0602a85c                _execve
                0x0602a954                __setup_argv_and_call_main
                0x0602a8b0                _gettimeofday
                0x0602a67c                _link
                0x0602a7bc                _raise
                0x0602a748                _creat
                0x0602a890                _pipe
                0x0602a7fc                _chown
                0x0602a62c                _lseek
                0x0602a664                _close
                0x0602a8a4                _times
                0x0602a718                _fstat
                0x0602a834                _fork
                0x0602a6a4                _sbrk
 .text          0x0602a990       0x20 c:/saturn/SH_COFF/sh-coff/bin/../lib/gcc/sh-coff/3.4-GNUSH_v0501/../../../../sh-coff/lib\libc.a(trap.o)
                0x0602a990                __trap34
 .text          0x0602a9b0       0x20 c:/saturn/SH_COFF/sh-coff/bin/../lib/gcc/sh-coff/3.4-GNUSH_v0501/../../../../sh-coff/lib\libc.a(abort.o)
                0x0602a9b0                abort
 .text          0x0602a9d0      0x270 c:/saturn/SH_COFF/sh-coff/bin/../lib/gcc/sh-coff/3.4-GNUSH_v0501/../../../../sh-coff/lib\libc.a(signal.o)
                0x0602aa90                _raise_r
                0x0602ac18                __sigtramp
                0x0602abc4                raise
                0x0602ac00                _init_signal
                0x0602ab50                __sigtramp_r
                0x0602abe0                signal
                0x0602aa1c                _signal_r
                0x0602a9d0                _init_signal_r
 .text          0x0602ac40       0x60 c:/saturn/SH_COFF/sh-coff/bin/../lib/gcc/sh-coff/3.4-GNUSH_v0501/../../../../sh-coff/lib\libc.a(signalr.o)
                0x0602ac88                _getpid_r
                0x0602ac40                _kill_r
 *(.strings)

.tors           0x0602aca0        0x0
                0x0602aca0                ___ctors = .
 *(.ctors)
                0x0602aca0                ___ctors_end = .
                0x0602aca0                ___dtors = .
 *(.dtors)
                0x0602aca0                ___dtors_end = .

.data           0x0602aca0     0x1120
                0x0602aca0                STARTOF_R = .
 *(.data)
 .data          0x0602aca0      0x400 ../sbl6/segasmp/per/smpclib/per_x1.o
 .data          0x0602b0a0       0x50 graphics.o
                0x0602b0a0                tiles
 .data          0x0602b0f0       0x30 scroll.o
                0x0602b0f0                CycleTb
                0x0602b100                vram
                0x0602b110                tilemaps
 .data          0x0602b120       0x30 main.o
 .data          0x0602b150      0x400 ../sbl6/segalib/lib/sega_int.a(int.o)
 .data          0x0602b550       0x1c ../sbl6/segalib/lib/sega_spr.a(spr_slv.o)
                0x0602b558                SPR_SlaveParam
                0x0602b568                SPR_SMPC_SF
                0x0602b560                SPR_SMPC_COM
                0x0602b55c                SPR_SlaveSHEntry
                0x0602b554                SPR_SlaveState
                0x0602b550                SPR_SlaveCommand
                0x0602b564                SPR_SMPC_RET
 *fill*         0x0602b56c        0x4 00
 .data          0x0602b570       0x34 ../sbl6/segalib/lib/sega_spr.a(spr_1c.o)
                0x0602b570                SpInitialFlag
 *fill*         0x0602b5a4        0xc 00
 .data          0x0602b5b0       0x1c ../sbl6/segalib/lib/sega_scl.a(scl_vblv.o)
                0x0602b5b8                VBInterval
                0x0602b5c0                ReqDisplayFlag
                0x0602b5b0                SpFrameChgMode
                0x0602b5bc                VBIntervalCounter
                0x0602b5b4                SpFrameEraseMode
 *fill*         0x0602b5cc        0x4 00
 .data          0x0602b5d0       0x36 ../sbl6/segalib/lib/sega_scl.a(scl_func.o)
                0x0602b5e0                SclRotregBuff
                0x0602b5dc                SclDisplayY
                0x0602b5e4                SclRotateTableMode
                0x0602b5d8                SclProcess
                0x0602b5d4                SclCurSclNum
                0x0602b5d0                SclLengthLsTbl
                0x0602b5da                SclDisplayX
                0x0602b5d2                SclLengthCsTbl
 *fill*         0x0602b606        0xa 00
 .data          0x0602b610       0x18 ../sbl6/segalib/lib/sega_scl.a(scl_pri.o)
                0x0602b614                SclRealSpPriNum
                0x0602b624                SclRealColOffset
                0x0602b620                SclRealBgColMix
                0x0602b61c                SclRealSpColMix
                0x0602b618                SclRealBgPriNum
                0x0602b610                SclRealOtherPri
 *fill*         0x0602b628        0x8 00
 .data          0x0602b630      0x380 c:/saturn/SH_COFF/sh-coff/bin/../lib/gcc/sh-coff/3.4-GNUSH_v0501/../../../../sh-coff/lib\libc.a(impure.o)
                0x0602b9ac                _impure_ptr
 .data          0x0602b9b0      0x410 c:/saturn/SH_COFF/sh-coff/bin/../lib/gcc/sh-coff/3.4-GNUSH_v0501/../../../../sh-coff/lib\libc.a(mallocr.o)
                0x0602b9b8                __malloc_av_
                0x0602b9b4                __malloc_trim_threshold
                0x0602b9b0                __malloc_sbrk_base
                0x0602bdc0                SIZEOF_R = (. - STARTOF_R)
                0x0602bdc0                ENDOF_R = .

.bss            0x0602bdc0     0x73e4
                0x0602bdc0                STARTOF_B = .
 *(.bss)
 .bss           0x0602bdc0       0x10 vblank.o
                0x0602bdc4                PadData2E
                0x0602bdca                PadData1
                0x0602bdc6                PadData2
                0x0602bdc8                PadData1E
                0x0602bdc0                __port
 .bss           0x0602bdd0       0xd0 ../sbl6/segasmp/per/smpclib/per_x2.o
 .bss           0x0602bea0       0x10 player.o
                0x0602bea0                anim_cursor
 .bss           0x0602beb0       0x10 sprite.o
                0x0602beb0                num_sprites
 .bss           0x0602bec0       0x70 scroll.o
                0x0602bec0                transition_state
                0x0602bee8                map_tiles_x
                0x0602bef8                scrolls_y
                0x0602bed8                map_tiles_y
                0x0602bec8                copy_modes
                0x0602bf08                scrolls_x
                0x0602bec4                curr_map
 .bss           0x0602bf30     0x3430 main.o
 .bss           0x0602f360       0x6e ../sbl6/segalib/lib/sega_spr.a(spr_2c.o)
 *fill*         0x0602f3ce        0x2 00
 .bss           0x0602f3d0        0x4 ../sbl6/segalib/lib/sega_scl.a(scl_vblv.o)
 *fill*         0x0602f3d4        0xc 00
 .bss           0x0602f3e0        0x4 ../sbl6/segalib/lib/sega_scl.a(scl_func.o)
 *fill*         0x0602f3e4        0xc 00
 .bss           0x0602f3f0       0x48 ../sbl6/segalib/lib/sega_scl.a(scl_ro00.o)
 *fill*         0x0602f438        0x8 00
 .bss           0x0602f440       0x9c ../sbl6/segalib/lib/sega_per.a(per_prt.o)
 *fill*         0x0602f4dc        0x4 00
 .bss           0x0602f4e0        0xc ../sbl6/segalib/lib/sega_sat.a(DMA_SCU1.o)
 *fill*         0x0602f4ec        0x4 00
 .bss           0x0602f4f0       0x20 ../sbl6/segalib/lib/sega_sat.a(DMA_SCU0.o)
 .bss           0x0602f510       0x10 c:/saturn/SH_COFF/sh-coff/bin/../lib/gcc/sh-coff/3.4-GNUSH_v0501\libgcc.a(__main.o)
 .bss           0x0602f520       0x10 c:/saturn/SH_COFF/sh-coff/bin/../lib/gcc/sh-coff/3.4-GNUSH_v0501/../../../../sh-coff/lib\libc.a(atexit.o)
 .bss           0x0602f530       0x40 c:/saturn/SH_COFF/sh-coff/bin/../lib/gcc/sh-coff/3.4-GNUSH_v0501/../../../../sh-coff/lib\libc.a(mallocr.o)
                0x0602f560                __malloc_top_pad
                0x0602f530                __malloc_current_mallinfo
                0x0602f55c                __malloc_max_sbrked_mem
                0x0602f558                __malloc_max_total_mem
 .bss           0x0602f570       0x10 c:/saturn/SH_COFF/sh-coff/bin/../lib/gcc/sh-coff/3.4-GNUSH_v0501/../../../../sh-coff/lib\libc.a(syscalls.o)
 *(COMMON)
 COMMON         0x0602f580     0x1c20 collision.o
                                  0x0 (size before relaxing)
                0x0602f580                sprites
 COMMON         0x060311a0       0x24 player.o
                                  0x0 (size before relaxing)
                0x060311a0                player
 *fill*         0x060311c4        0xc 00
 COMMON         0x060311d0      0x460 print.o
                                  0x0 (size before relaxing)
                0x060311d0                text
 COMMON         0x06031630      0x12c scroll.o
                                  0x0 (size before relaxing)
                0x06031630                scfg0
                0x060316c0                maps
                0x060316d0                scfg1
 *fill*         0x0603175c        0x4 00
 COMMON         0x06031760      0x400 ../sbl6/segalib/lib/sega_int.a(int.o)
                                  0x0 (size before relaxing)
                0x06031760                __interrupt_vector
 COMMON         0x06031b60       0x50 ../sbl6/segalib/lib/sega_spr.a(spr_2c.o)
                                  0x0 (size before relaxing)
                0x06031b60                SpMstCmd
                0x06031b64                Sp2OpenFlag
                0x06031b68                SpGourTblMax
                0x06031b6c                SpDrawPrtyBlk
                0x06031b70                SpLCoordX
                0x06031b74                SpMstDrawPrtyBlk
                0x06031b78                SpGourTbl
                0x06031b7c                SpLookupTblR
                0x06031b80                SpCmdTbl
                0x06031b84                SpCharMax
                0x06031b88                SpDrawPrtyProcFlag
                0x06031b8c                SpCmdNo
                0x06031b90                SpDrawPrtyBlkMax
                0x06031b94                SpSlvCmdPos
                0x06031b98                SpSlvDrawPrtyBlk
                0x06031b9c                SpCharTbl
                0x06031ba0                SpCmdTblR
                0x06031ba4                SpMstCmdPos
                0x06031ba8                SpSlvCmd
                0x06031bac                SpLCoordY
 COMMON         0x06031bb0       0x10 ../sbl6/segalib/lib/sega_spr.a(spr_1c.o)
                                  0x0 (size before relaxing)
                0x06031bb0                SpScreenY
                0x06031bb4                SpFbcrMode
                0x06031bb6                SpDil
                0x06031bb8                SpDie
                0x06031bba                SpTvMode
                0x06031bbc                SpScreenX
 COMMON         0x06031bc0      0xf00 ../sbl6/segalib/lib/sega_scl.a(scl_func.o)
                                  0x0 (size before relaxing)
                0x06031bc0                SclRbgKtbAddr
                0x06031bc8                SclRb
                0x06031bca                Scl_flag
                0x06031bd0                SclK_TableBuff
                0x060328a0                SclAddrCsTbl
                0x060328b0                Scl_s_reg
                0x060328d8                SclRotateXy
                0x060328e0                Scl_d_reg
                0x06032928                SclRotateDisp
                0x06032930                SclRotateMoveZ
                0x06032938                SclRotXySw
                0x06032940                Scl_r_reg
                0x06032950                SclRPMD
                0x06032958                SclRbgKtbOffset
                0x06032960                _SclRotregBuff
                0x06032a30                SclRa
                0x06032a38                SclRotateZ
                0x06032a40                SclAddrLsTbl
                0x06032a48                SclK_TableNum
                0x06032a50                SclRotateTableAddress
                0x06032a54                SclK_TableFlag
                0x06032a60                Scl_w_reg
                0x06032a80                Scl_n_reg
 COMMON         0x06032ac0      0x6b0 ../sbl6/segalib/lib/sega_scl.a(scl_pri.o)
                                  0x0 (size before relaxing)
                0x06032ac0                SclAutoEndBlue2
                0x06032ad0                SclColOffset
                0x06032ae0                SclPriBuffDirty
                0x06032ae2                SclAutoEndRed
                0x06032ae4                SclAutoSurface
                0x06032ae8                SclAutoGreen
                0x06032aea                SclAutoEndGreen
                0x06032aec                SclAutoCount
                0x06032af0                SclColRamAlloc256
                0x06032b10                SclAutoCurRate
                0x06032b11                SclAutoPlusFlag
                0x06032b18                SclSpColMix
                0x06032b20                SclAutoMax
                0x06032b24                SclLineColRamOffset
                0x06032b28                SclColRamAlloc2048
                0x06032b2c                SclBgPriNum
                0x06032b32                SclAutoEndBlue
                0x06032b34                SclAutoEndGreen2
                0x06032b36                SclAutoVeFlag
                0x06032b38                SclBgColMix
                0x06032b40                SclAutoIndex
                0x06032b44                SclAutoEndRate
                0x06032b46                SclAutoBlue
                0x06032b48                SclAutoRed
                0x06032b4c                SclAutoInterval
                0x06032b50                SclOtherPri
                0x06032b60                SclAutoRGB
                0x06033160                SclAutoEndRed2
                0x06033168                SclSpPriNum
 COMMON         0x06033170       0x10 ../sbl6/segalib/lib/sega_scl.a(scl_ro00.o)
                                  0x0 (size before relaxing)
                0x06033170                SclCsx
                0x06033178                SclCsy
 COMMON         0x06033180       0x15 ../sbl6/segalib/lib/sega_per.a(per_prt.o)
                                  0x0 (size before relaxing)
                0x06033180                per_get_time_flg
                0x06033181                per_hot_res
                0x06033182                per_set_sys_flg
                0x06033184                per_get_time_adr
                0x06033188                per_get_sys_data
                0x06033194                per_time_out_flg
 *fill*         0x06033195        0xb 00
 COMMON         0x060331a0        0x4 c:/saturn/SH_COFF/sh-coff/bin/../lib/gcc/sh-coff/3.4-GNUSH_v0501/../../../../sh-coff/lib\libc.a(syscalls.o)
                                  0x0 (size before relaxing)
                0x060331a0                errno
                0x060331a4                SIZEOF_B = (. - STARTOF_B)
                0x060331a4                ENDOF_B = .
                0x060331a4                _end = .
OUTPUT(main.cof coff-sh)

.comment        0x060331b0      0x400
 .comment       0x060331b0       0x20 ../sbl6/segasmp/lib/strt2_g.o
 .comment       0x060331d0       0x20 vblank.o
 .comment       0x060331f0       0x20 ../sbl6/segasmp/per/smpclib/per_x1.o
 .comment       0x06033210       0x20 ../sbl6/segasmp/per/smpclib/per_x2.o
 .comment       0x06033230       0x20 collision.o
 .comment       0x06033250       0x20 graphics.o
 .comment       0x06033270       0x20 player.o
 .comment       0x06033290       0x20 print.o
 .comment       0x060332b0       0x20 sprite.o
 .comment       0x060332d0       0x20 scroll.o
 .comment       0x060332f0       0x20 main.o
 .comment       0x06033310       0x20 c:/saturn/SH_COFF/sh-coff/bin/../lib/gcc/sh-coff/3.4-GNUSH_v0501\libgcc.a(__main.o)
 .comment       0x06033330       0x20 c:/saturn/SH_COFF/sh-coff/bin/../lib/gcc/sh-coff/3.4-GNUSH_v0501\libgcc.a(_si_to_df.o)
 .comment       0x06033350       0x20 c:/saturn/SH_COFF/sh-coff/bin/../lib/gcc/sh-coff/3.4-GNUSH_v0501\libgcc.a(_mul_df.o)
 .comment       0x06033370       0x20 c:/saturn/SH_COFF/sh-coff/bin/../lib/gcc/sh-coff/3.4-GNUSH_v0501\libgcc.a(_df_to_si.o)
 .comment       0x06033390       0x20 c:/saturn/SH_COFF/sh-coff/bin/../lib/gcc/sh-coff/3.4-GNUSH_v0501\libgcc.a(_pack_df.o)
 .comment       0x060333b0       0x20 c:/saturn/SH_COFF/sh-coff/bin/../lib/gcc/sh-coff/3.4-GNUSH_v0501\libgcc.a(_unpack_df.o)
 .comment       0x060333d0       0x20 c:/saturn/SH_COFF/sh-coff/bin/../lib/gcc/sh-coff/3.4-GNUSH_v0501\libgcc.a(_thenan_df.o)
 .comment       0x060333f0       0x20 c:/saturn/SH_COFF/sh-coff/bin/../lib/gcc/sh-coff/3.4-GNUSH_v0501\libgcc.a(_muldi3.o)
 .comment       0x06033410       0x20 c:/saturn/SH_COFF/sh-coff/bin/../lib/gcc/sh-coff/3.4-GNUSH_v0501\libgcc.a(_lshrdi3.o)
 .comment       0x06033430       0x20 c:/saturn/SH_COFF/sh-coff/bin/../lib/gcc/sh-coff/3.4-GNUSH_v0501\libgcc.a(_ashldi3.o)
 .comment       0x06033450       0x20 c:/saturn/SH_COFF/sh-coff/bin/../lib/gcc/sh-coff/3.4-GNUSH_v0501/../../../../sh-coff/lib\libc.a(atexit.o)
 .comment       0x06033470       0x20 c:/saturn/SH_COFF/sh-coff/bin/../lib/gcc/sh-coff/3.4-GNUSH_v0501/../../../../sh-coff/lib\libc.a(impure.o)
 .comment       0x06033490       0x20 c:/saturn/SH_COFF/sh-coff/bin/../lib/gcc/sh-coff/3.4-GNUSH_v0501/../../../../sh-coff/lib\libc.a(malloc.o)
 .comment       0x060334b0       0x20 c:/saturn/SH_COFF/sh-coff/bin/../lib/gcc/sh-coff/3.4-GNUSH_v0501/../../../../sh-coff/lib\libc.a(mallocr.o)
 .comment       0x060334d0       0x20 c:/saturn/SH_COFF/sh-coff/bin/../lib/gcc/sh-coff/3.4-GNUSH_v0501/../../../../sh-coff/lib\libc.a(freer.o)
 .comment       0x060334f0       0x20 c:/saturn/SH_COFF/sh-coff/bin/../lib/gcc/sh-coff/3.4-GNUSH_v0501/../../../../sh-coff/lib\libc.a(mlock.o)
 .comment       0x06033510       0x20 c:/saturn/SH_COFF/sh-coff/bin/../lib/gcc/sh-coff/3.4-GNUSH_v0501/../../../../sh-coff/lib\libc.a(sbrkr.o)
 .comment       0x06033530       0x20 c:/saturn/SH_COFF/sh-coff/bin/../lib/gcc/sh-coff/3.4-GNUSH_v0501/../../../../sh-coff/lib\libc.a(syscalls.o)
 .comment       0x06033550       0x20 c:/saturn/SH_COFF/sh-coff/bin/../lib/gcc/sh-coff/3.4-GNUSH_v0501/../../../../sh-coff/lib\libc.a(abort.o)
 .comment       0x06033570       0x20 c:/saturn/SH_COFF/sh-coff/bin/../lib/gcc/sh-coff/3.4-GNUSH_v0501/../../../../sh-coff/lib\libc.a(signal.o)
 .comment       0x06033590       0x20 c:/saturn/SH_COFF/sh-coff/bin/../lib/gcc/sh-coff/3.4-GNUSH_v0501/../../../../sh-coff/lib\libc.a(signalr.o)
