Archive member included because of file (symbol)

../sbl6/segalib/lib/sega_int.a(int.o)
                              vblank.o (INT_SetScuFunc)
../sbl6/segalib/lib/sega_int.a(int_trmp.o)
                              ../sbl6/segalib/lib/sega_int.a(int.o) (__interrupt_handler0)
../sbl6/segalib/lib/sega_spr.a(spr_2c.o)
                              sprite.o (SPR_2Initial)
../sbl6/segalib/lib/sega_spr.a(spr_slv.o)
                              ../sbl6/segalib/lib/sega_spr.a(spr_2c.o) (SPR_InitSlaveSH)
../sbl6/segalib/lib/sega_spr.a(spr_1c.o)
                              ../sbl6/segalib/lib/sega_spr.a(spr_2c.o) (SPR_Initial)
../sbl6/segalib/lib/sega_spr.a(spr_2a.o)
                              ../sbl6/segalib/lib/sega_spr.a(spr_2c.o) (SPR_2SetDrawPrty)
../sbl6/segalib/lib/sega_scl.a(scl_vblv.o)
                              ../sbl6/segalib/lib/sega_spr.a(spr_1c.o) (SpFrameChgMode)
../sbl6/segalib/lib/sega_scl.a(scl_func.o)
                              sprite.o (SCL_Vdp2Init)
../sbl6/segalib/lib/sega_scl.a(scl_pr03.o)
                              scroll.o (SCL_AllocColRam)
../sbl6/segalib/lib/sega_scl.a(scl_pr02.o)
                              scroll.o (SCL_SetColRam)
../sbl6/segalib/lib/sega_scl.a(scl_back.o)
                              scroll.o (SCL_SetBack)
../sbl6/segalib/lib/sega_scl.a(scl_fu03.o)
                              scroll.o (SCL_InitConfigTb)
../sbl6/segalib/lib/sega_scl.a(scl_fu02.o)
                              scroll.o (SCL_InitVramConfigTb)
../sbl6/segalib/lib/sega_scl.a(scl_fu04.o)
                              scroll.o (SCL_SetCycleTable)
../sbl6/segalib/lib/sega_scl.a(scl_pr07.o)
                              scroll.o (SCL_SetPriority)
../sbl6/segalib/lib/sega_scl.a(scl_pri.o)
                              ../sbl6/segalib/lib/sega_scl.a(scl_func.o) (SclRealOtherPri)
../sbl6/segalib/lib/sega_scl.a(scl_pr01.o)
                              main.o (SCL_SetSpriteMode)
../sbl6/segalib/lib/sega_scl.a(scl_ro00.o)
                              ../sbl6/segalib/lib/sega_scl.a(scl_func.o) (SCL_Rotate)
../sbl6/segalib/lib/sega_scl.a(scl_pr06.o)
                              ../sbl6/segalib/lib/sega_scl.a(scl_pr03.o) (SCL_SetColRamOffset)
../sbl6/segalib/lib/sega_scl.a(scl_pr05.o)
                              ../sbl6/segalib/lib/sega_scl.a(scl_pr02.o) (SCL_GetColRamOffset)
../sbl6/segalib/lib/sega_mth.a(mth_fixd.o)
                              sprite.o (MTH_Mul)
../sbl6/segalib/lib/sega_mth.a(mth_tri.o)
                              sprite.o (MTH_Sin)
../sbl6/segalib/lib/sega_per.a(per_prt.o)
                              ../sbl6/segasmp/per/smpclib/per_x2.o (PER_LInit)
../sbl6/segalib/lib/sega_sat.a(DMA_SCU1.o)
                              ../sbl6/segalib/lib/sega_spr.a(spr_2c.o) (DMA_ScuMemCopy)
../sbl6/segalib/lib/sega_sat.a(DMA_SCU0.o)
                              ../sbl6/segalib/lib/sega_sat.a(DMA_SCU1.o) (DMA_ScuSetPrm)
../sbl6/segalib/lib/sega_sat.a(csh_main.o)
                              ../sbl6/segalib/lib/sega_sat.a(DMA_SCU1.o) (CSH_Purge)
C:/saturn/SH_COFF/sh-coff/bin/../lib/gcc/sh-coff/3.4-GNUSH_v0501\libgcc.a(_ashiftlt.o)
                              scroll.o (__ashlsi3)
C:/saturn/SH_COFF/sh-coff/bin/../lib/gcc/sh-coff/3.4-GNUSH_v0501\libgcc.a(_movstr.o)
                              scroll.o (__movstr)
C:/saturn/SH_COFF/sh-coff/bin/../lib/gcc/sh-coff/3.4-GNUSH_v0501\libgcc.a(__main.o)
                              main.o (__main)
C:/saturn/SH_COFF/sh-coff/bin/../lib/gcc/sh-coff/3.4-GNUSH_v0501\libgcc.a(_udivsi3.o)
                              ../sbl6/segalib/lib/sega_scl.a(scl_fu03.o) (__udivsi3)
C:/saturn/SH_COFF/sh-coff/bin/../lib/gcc/sh-coff/3.4-GNUSH_v0501\libgcc.a(_ashiftrt.o)
                              ../sbl6/segalib/lib/sega_scl.a(scl_ro00.o) (__ashiftrt_r4_6)
C:/saturn/SH_COFF/sh-coff/bin/../lib/gcc/sh-coff/3.4-GNUSH_v0501\libgcc.a(_si_to_df.o)
                              ../sbl6/segalib/lib/sega_scl.a(scl_ro00.o) (__floatsidf)
C:/saturn/SH_COFF/sh-coff/bin/../lib/gcc/sh-coff/3.4-GNUSH_v0501\libgcc.a(_mul_df.o)
                              ../sbl6/segalib/lib/sega_scl.a(scl_ro00.o) (__muldf3)
C:/saturn/SH_COFF/sh-coff/bin/../lib/gcc/sh-coff/3.4-GNUSH_v0501\libgcc.a(_df_to_si.o)
                              ../sbl6/segalib/lib/sega_scl.a(scl_ro00.o) (__fixdfsi)
C:/saturn/SH_COFF/sh-coff/bin/../lib/gcc/sh-coff/3.4-GNUSH_v0501\libgcc.a(_pack_df.o)
                              C:/saturn/SH_COFF/sh-coff/bin/../lib/gcc/sh-coff/3.4-GNUSH_v0501\libgcc.a(_si_to_df.o) (__pack_d)
C:/saturn/SH_COFF/sh-coff/bin/../lib/gcc/sh-coff/3.4-GNUSH_v0501\libgcc.a(_unpack_df.o)
                              C:/saturn/SH_COFF/sh-coff/bin/../lib/gcc/sh-coff/3.4-GNUSH_v0501\libgcc.a(_mul_df.o) (__unpack_d)
C:/saturn/SH_COFF/sh-coff/bin/../lib/gcc/sh-coff/3.4-GNUSH_v0501\libgcc.a(_thenan_df.o)
                              C:/saturn/SH_COFF/sh-coff/bin/../lib/gcc/sh-coff/3.4-GNUSH_v0501\libgcc.a(_mul_df.o) (__thenan_df)
C:/saturn/SH_COFF/sh-coff/bin/../lib/gcc/sh-coff/3.4-GNUSH_v0501\libgcc.a(_muldi3.o)
                              C:/saturn/SH_COFF/sh-coff/bin/../lib/gcc/sh-coff/3.4-GNUSH_v0501\libgcc.a(_mul_df.o) (__muldi3)
C:/saturn/SH_COFF/sh-coff/bin/../lib/gcc/sh-coff/3.4-GNUSH_v0501\libgcc.a(_lshrdi3.o)
                              C:/saturn/SH_COFF/sh-coff/bin/../lib/gcc/sh-coff/3.4-GNUSH_v0501\libgcc.a(_df_to_si.o) (__lshrdi3)
C:/saturn/SH_COFF/sh-coff/bin/../lib/gcc/sh-coff/3.4-GNUSH_v0501\libgcc.a(_ashldi3.o)
                              C:/saturn/SH_COFF/sh-coff/bin/../lib/gcc/sh-coff/3.4-GNUSH_v0501\libgcc.a(_pack_df.o) (__ashldi3)
C:/saturn/SH_COFF/sh-coff/bin/../lib/gcc/sh-coff/3.4-GNUSH_v0501\libgcc.a(_mulsi3.o)
                              C:/saturn/SH_COFF/sh-coff/bin/../lib/gcc/sh-coff/3.4-GNUSH_v0501\libgcc.a(_muldi3.o) (__mulsi3)
C:/saturn/SH_COFF/sh-coff/bin/../lib/gcc/sh-coff/3.4-GNUSH_v0501\libgcc.a(_lshiftrt.o)
                              C:/saturn/SH_COFF/sh-coff/bin/../lib/gcc/sh-coff/3.4-GNUSH_v0501\libgcc.a(_lshrdi3.o) (__lshrsi3)
C:/saturn/SH_COFF/sh-coff/bin/../lib/gcc/sh-coff/3.4-GNUSH_v0501/../../../../sh-coff/lib\libc.a(memcpy.o)
                              scroll.o (memcpy)
C:/saturn/SH_COFF/sh-coff/bin/../lib/gcc/sh-coff/3.4-GNUSH_v0501/../../../../sh-coff/lib\libc.a(memset.o)
                              scroll.o (memset)
C:/saturn/SH_COFF/sh-coff/bin/../lib/gcc/sh-coff/3.4-GNUSH_v0501/../../../../sh-coff/lib\libc.a(atexit.o)
                              C:/saturn/SH_COFF/sh-coff/bin/../lib/gcc/sh-coff/3.4-GNUSH_v0501\libgcc.a(__main.o) (atexit)
C:/saturn/SH_COFF/sh-coff/bin/../lib/gcc/sh-coff/3.4-GNUSH_v0501/../../../../sh-coff/lib\libc.a(impure.o)
                              C:/saturn/SH_COFF/sh-coff/bin/../lib/gcc/sh-coff/3.4-GNUSH_v0501/../../../../sh-coff/lib\libc.a(atexit.o) (_impure_ptr)
C:/saturn/SH_COFF/sh-coff/bin/../lib/gcc/sh-coff/3.4-GNUSH_v0501/../../../../sh-coff/lib\libc.a(malloc.o)
                              C:/saturn/SH_COFF/sh-coff/bin/../lib/gcc/sh-coff/3.4-GNUSH_v0501/../../../../sh-coff/lib\libc.a(atexit.o) (malloc)
C:/saturn/SH_COFF/sh-coff/bin/../lib/gcc/sh-coff/3.4-GNUSH_v0501/../../../../sh-coff/lib\libc.a(mallocr.o)
                              C:/saturn/SH_COFF/sh-coff/bin/../lib/gcc/sh-coff/3.4-GNUSH_v0501/../../../../sh-coff/lib\libc.a(malloc.o) (_malloc_r)
C:/saturn/SH_COFF/sh-coff/bin/../lib/gcc/sh-coff/3.4-GNUSH_v0501/../../../../sh-coff/lib\libc.a(freer.o)
                              C:/saturn/SH_COFF/sh-coff/bin/../lib/gcc/sh-coff/3.4-GNUSH_v0501/../../../../sh-coff/lib\libc.a(malloc.o) (_free_r)
C:/saturn/SH_COFF/sh-coff/bin/../lib/gcc/sh-coff/3.4-GNUSH_v0501/../../../../sh-coff/lib\libc.a(mlock.o)
                              C:/saturn/SH_COFF/sh-coff/bin/../lib/gcc/sh-coff/3.4-GNUSH_v0501/../../../../sh-coff/lib\libc.a(mallocr.o) (__malloc_lock)
C:/saturn/SH_COFF/sh-coff/bin/../lib/gcc/sh-coff/3.4-GNUSH_v0501/../../../../sh-coff/lib\libc.a(sbrkr.o)
                              C:/saturn/SH_COFF/sh-coff/bin/../lib/gcc/sh-coff/3.4-GNUSH_v0501/../../../../sh-coff/lib\libc.a(mallocr.o) (_sbrk_r)
C:/saturn/SH_COFF/sh-coff/bin/../lib/gcc/sh-coff/3.4-GNUSH_v0501/../../../../sh-coff/lib\libc.a(syscalls.o)
                              C:/saturn/SH_COFF/sh-coff/bin/../lib/gcc/sh-coff/3.4-GNUSH_v0501/../../../../sh-coff/lib\libc.a(sbrkr.o) (_sbrk)
C:/saturn/SH_COFF/sh-coff/bin/../lib/gcc/sh-coff/3.4-GNUSH_v0501/../../../../sh-coff/lib\libc.a(trap.o)
                              C:/saturn/SH_COFF/sh-coff/bin/../lib/gcc/sh-coff/3.4-GNUSH_v0501/../../../../sh-coff/lib\libc.a(syscalls.o) (__trap34)
C:/saturn/SH_COFF/sh-coff/bin/../lib/gcc/sh-coff/3.4-GNUSH_v0501/../../../../sh-coff/lib\libc.a(abort.o)
                              C:/saturn/SH_COFF/sh-coff/bin/../lib/gcc/sh-coff/3.4-GNUSH_v0501/../../../../sh-coff/lib\libc.a(syscalls.o) (abort)
C:/saturn/SH_COFF/sh-coff/bin/../lib/gcc/sh-coff/3.4-GNUSH_v0501/../../../../sh-coff/lib\libc.a(signal.o)
                              C:/saturn/SH_COFF/sh-coff/bin/../lib/gcc/sh-coff/3.4-GNUSH_v0501/../../../../sh-coff/lib\libc.a(abort.o) (raise)
C:/saturn/SH_COFF/sh-coff/bin/../lib/gcc/sh-coff/3.4-GNUSH_v0501/../../../../sh-coff/lib\libc.a(signalr.o)
                              C:/saturn/SH_COFF/sh-coff/bin/../lib/gcc/sh-coff/3.4-GNUSH_v0501/../../../../sh-coff/lib\libc.a(signal.o) (_kill_r)

Allocating common symbols
Common symbol       size              file

SclRbgKtbAddr       0x8               ../sbl6/segalib/lib/sega_scl.a(scl_func.o)
sprites             0x2260            sprite.o
SpMstCmd            0x4               ../sbl6/segalib/lib/sega_spr.a(spr_2c.o)
SclRb               0x1               ../sbl6/segalib/lib/sega_scl.a(scl_func.o)
Scl_flag            0x2               ../sbl6/segalib/lib/sega_scl.a(scl_func.o)
per_get_time_flg    0x1               ../sbl6/segalib/lib/sega_per.a(per_prt.o)
SpScreenY           0x4               ../sbl6/segalib/lib/sega_spr.a(spr_1c.o)
SclK_TableBuff      0xcd0             ../sbl6/segalib/lib/sega_scl.a(scl_func.o)
SclAutoEndBlue2     0x2               ../sbl6/segalib/lib/sega_scl.a(scl_pri.o)
SpFbcrMode          0x2               ../sbl6/segalib/lib/sega_spr.a(spr_1c.o)
Sp2OpenFlag         0x4               ../sbl6/segalib/lib/sega_spr.a(spr_2c.o)
scfg3               0x8c              scroll.o
SclColOffset        0x10              ../sbl6/segalib/lib/sega_scl.a(scl_pri.o)
SclAddrCsTbl        0x8               ../sbl6/segalib/lib/sega_scl.a(scl_func.o)
scfg0               0x8c              scroll.o
SclPriBuffDirty     0x1               ../sbl6/segalib/lib/sega_scl.a(scl_pri.o)
SclAutoEndRed       0x2               ../sbl6/segalib/lib/sega_scl.a(scl_pri.o)
player              0x2c              player.o
SclAutoSurface      0x4               ../sbl6/segalib/lib/sega_scl.a(scl_pri.o)
__interrupt_vector  0x400             ../sbl6/segalib/lib/sega_int.a(int.o)
per_hot_res         0x1               ../sbl6/segalib/lib/sega_per.a(per_prt.o)
SclCsx              0x8               ../sbl6/segalib/lib/sega_scl.a(scl_ro00.o)
Scl_s_reg           0x28              ../sbl6/segalib/lib/sega_scl.a(scl_func.o)
SclAutoGreen        0x2               ../sbl6/segalib/lib/sega_scl.a(scl_pri.o)
SclAutoEndGreen     0x2               ../sbl6/segalib/lib/sega_scl.a(scl_pri.o)
SclAutoCount        0x4               ../sbl6/segalib/lib/sega_scl.a(scl_pri.o)
SpGourTblMax        0x4               ../sbl6/segalib/lib/sega_spr.a(spr_2c.o)
SclColRamAlloc256   0x20              ../sbl6/segalib/lib/sega_scl.a(scl_pri.o)
SclRotateXy         0x8               ../sbl6/segalib/lib/sega_scl.a(scl_func.o)
SpDrawPrtyBlk       0x4               ../sbl6/segalib/lib/sega_spr.a(spr_2c.o)
SclAutoCurRate      0x1               ../sbl6/segalib/lib/sega_scl.a(scl_pri.o)
SpLCoordX           0x4               ../sbl6/segalib/lib/sega_spr.a(spr_2c.o)
maps                0x8               scroll.o
SpMstDrawPrtyBlk    0x4               ../sbl6/segalib/lib/sega_spr.a(spr_2c.o)
SclAutoPlusFlag     0x1               ../sbl6/segalib/lib/sega_scl.a(scl_pri.o)
per_set_sys_flg     0x1               ../sbl6/segalib/lib/sega_per.a(per_prt.o)
Scl_d_reg           0x48              ../sbl6/segalib/lib/sega_scl.a(scl_func.o)
SclRotateDisp       0x8               ../sbl6/segalib/lib/sega_scl.a(scl_func.o)
SpGourTbl           0x4               ../sbl6/segalib/lib/sega_spr.a(spr_2c.o)
SclSpColMix         0x8               ../sbl6/segalib/lib/sega_scl.a(scl_pri.o)
SpDil               0x2               ../sbl6/segalib/lib/sega_spr.a(spr_1c.o)
SpLookupTblR        0x2               ../sbl6/segalib/lib/sega_spr.a(spr_2c.o)
SclAutoMax          0x4               ../sbl6/segalib/lib/sega_scl.a(scl_pri.o)
SpCmdTbl            0x4               ../sbl6/segalib/lib/sega_spr.a(spr_2c.o)
SclRotateMoveZ      0x8               ../sbl6/segalib/lib/sega_scl.a(scl_func.o)
scfg2               0x8c              scroll.o
SclLineColRamOffset
                    0x4               ../sbl6/segalib/lib/sega_scl.a(scl_pri.o)
SclRotXySw          0x4               ../sbl6/segalib/lib/sega_scl.a(scl_func.o)
per_get_time_adr    0x4               ../sbl6/segalib/lib/sega_per.a(per_prt.o)
SclColRamAlloc2048  0x4               ../sbl6/segalib/lib/sega_scl.a(scl_pri.o)
SclBgPriNum         0x6               ../sbl6/segalib/lib/sega_scl.a(scl_pri.o)
SpCharMax           0x4               ../sbl6/segalib/lib/sega_spr.a(spr_2c.o)
SpDrawPrtyProcFlag  0x4               ../sbl6/segalib/lib/sega_spr.a(spr_2c.o)
SclAutoEndBlue      0x2               ../sbl6/segalib/lib/sega_scl.a(scl_pri.o)
SpCmdNo             0x4               ../sbl6/segalib/lib/sega_spr.a(spr_2c.o)
SclAutoEndGreen2    0x2               ../sbl6/segalib/lib/sega_scl.a(scl_pri.o)
Scl_r_reg           0x10              ../sbl6/segalib/lib/sega_scl.a(scl_func.o)
SclRPMD             0x2               ../sbl6/segalib/lib/sega_scl.a(scl_func.o)
SpDrawPrtyBlkMax    0x4               ../sbl6/segalib/lib/sega_spr.a(spr_2c.o)
SpDie               0x2               ../sbl6/segalib/lib/sega_spr.a(spr_1c.o)
SclAutoVeFlag       0x1               ../sbl6/segalib/lib/sega_scl.a(scl_pri.o)
SclBgColMix         0x8               ../sbl6/segalib/lib/sega_scl.a(scl_pri.o)
text                0x460             print.o
SpSlvCmdPos         0x4               ../sbl6/segalib/lib/sega_spr.a(spr_2c.o)
per_get_sys_data    0xc               ../sbl6/segalib/lib/sega_per.a(per_prt.o)
SclRbgKtbOffset     0x8               ../sbl6/segalib/lib/sega_scl.a(scl_func.o)
SclAutoIndex        0x4               ../sbl6/segalib/lib/sega_scl.a(scl_pri.o)
SclAutoEndRate      0x1               ../sbl6/segalib/lib/sega_scl.a(scl_pri.o)
SpSlvDrawPrtyBlk    0x4               ../sbl6/segalib/lib/sega_spr.a(spr_2c.o)
_SclRotregBuff      0xd0              ../sbl6/segalib/lib/sega_scl.a(scl_func.o)
SclAutoBlue         0x2               ../sbl6/segalib/lib/sega_scl.a(scl_pri.o)
SpTvMode            0x2               ../sbl6/segalib/lib/sega_spr.a(spr_1c.o)
SpScreenX           0x4               ../sbl6/segalib/lib/sega_spr.a(spr_1c.o)
SclRa               0x1               ../sbl6/segalib/lib/sega_scl.a(scl_func.o)
SclRotateZ          0x8               ../sbl6/segalib/lib/sega_scl.a(scl_func.o)
SpCharTbl           0x4               ../sbl6/segalib/lib/sega_spr.a(spr_2c.o)
SclAddrLsTbl        0x8               ../sbl6/segalib/lib/sega_scl.a(scl_func.o)
SclK_TableNum       0x8               ../sbl6/segalib/lib/sega_scl.a(scl_func.o)
SclAutoRed          0x2               ../sbl6/segalib/lib/sega_scl.a(scl_pri.o)
SpCmdTblR           0x2               ../sbl6/segalib/lib/sega_spr.a(spr_2c.o)
SclAutoInterval     0x4               ../sbl6/segalib/lib/sega_scl.a(scl_pri.o)
SclOtherPri         0x10              ../sbl6/segalib/lib/sega_scl.a(scl_pri.o)
per_time_out_flg    0x1               ../sbl6/segalib/lib/sega_per.a(per_prt.o)
SclRotateTableAddress
                    0x4               ../sbl6/segalib/lib/sega_scl.a(scl_func.o)
SpMstCmdPos         0x4               ../sbl6/segalib/lib/sega_spr.a(spr_2c.o)
SpSlvCmd            0x4               ../sbl6/segalib/lib/sega_spr.a(spr_2c.o)
scfg1               0x8c              scroll.o
SclAutoRGB          0x600             ../sbl6/segalib/lib/sega_scl.a(scl_pri.o)
errno               0x4               C:/saturn/SH_COFF/sh-coff/bin/../lib/gcc/sh-coff/3.4-GNUSH_v0501/../../../../sh-coff/lib\libc.a(syscalls.o)
SclK_TableFlag      0x4               ../sbl6/segalib/lib/sega_scl.a(scl_func.o)
tilemaps            0x4               scroll.o
SclAutoEndRed2      0x2               ../sbl6/segalib/lib/sega_scl.a(scl_pri.o)
SclCsy              0x8               ../sbl6/segalib/lib/sega_scl.a(scl_ro00.o)
SclSpPriNum         0x8               ../sbl6/segalib/lib/sega_scl.a(scl_pri.o)
Scl_w_reg           0x20              ../sbl6/segalib/lib/sega_scl.a(scl_func.o)
SpLCoordY           0x4               ../sbl6/segalib/lib/sega_spr.a(spr_2c.o)
Scl_n_reg           0x40              ../sbl6/segalib/lib/sega_scl.a(scl_func.o)

Memory Configuration

Name             Origin             Length             Attributes
*default*        0x00000000         0xffffffff

Linker script and memory map

LOAD ../sbl6/segasmp/lib/strt1_g.o
LOAD ../sbl6/segasmp/lib/strt2_g.o
LOAD vblank.o
LOAD ../sbl6/segasmp/per/smpclib/per_x1.o
LOAD ../sbl6/segasmp/per/smpclib/per_x2.o
LOAD ../sbl6/segasmp/per/smpclib/per_x3.o
LOAD bullet.o
LOAD collision.o
LOAD graphics.o
LOAD player.o
LOAD print.o
LOAD sprite.o
LOAD scroll.o
LOAD main.o
LOAD ../sbl6/segalib/lib/sega_int.a
LOAD ../sbl6/segalib/lib/sega_spr.a
LOAD ../sbl6/segalib/lib/sega_scl.a
LOAD ../sbl6/segalib/lib/sega_mth.a
LOAD ../sbl6/segalib/lib/sega_cdc.a
LOAD ../sbl6/segalib/lib/sega_adp.a
LOAD ../sbl6/segalib/lib/sega_per.a
LOAD ../sbl6/segalib/lib/sega_sat.a
LOAD C:/saturn/SH_COFF/sh-coff/bin/../lib/gcc/sh-coff/3.4-GNUSH_v0501\libgcc.a
LOAD C:/saturn/SH_COFF/sh-coff/bin/../lib/gcc/sh-coff/3.4-GNUSH_v0501/../../../../sh-coff/lib\libc.a
LOAD C:/saturn/SH_COFF/sh-coff/bin/../lib/gcc/sh-coff/3.4-GNUSH_v0501\libgcc.a

.text           0x06010000    0x1e320
 *(.text)
 .text          0x06010000       0x30 ../sbl6/segasmp/lib/strt1_g.o
                0x06010024                _D_END
                0x06010020                _D_BGN
                0x0601002c                _B_END
                0x06010028                _B_BGN
                0x06010000                START
 .text          0x06010030       0x60 ../sbl6/segasmp/lib/strt2_g.o
                0x06010050                _INITSCT
                0x06010030                _INIT
 .text          0x06010090      0x1b0 vblank.o
                0x06010090                SetVblank
                0x06010140                UsrVblankOut
                0x060100f0                UsrVblankIn
 .text          0x06010240      0x430 ../sbl6/segasmp/per/smpclib/per_x1.o
                0x060105d4                PER_GetAnalogXYZ
                0x06010264                PER_GetTriggerHandler
                0x060104fe                PER_GetEdge
                0x0601047c                PER_GetTrigger
                0x06010528                PER_GetPressEdge
                0x0601057c                PER_GetReleaseEdge
                0x06010240                PER_SetTriggerHandler
 .text          0x06010670      0x200 ../sbl6/segasmp/per/smpclib/per_x2.o
                0x06010774                PER_GetDeviceA
                0x06010670                PER_OpenPort
                0x060106a8                PER_GetPort
                0x060107ee                PER_GetDeviceR
 .text          0x06010870       0x20 ../sbl6/segasmp/per/smpclib/per_x3.o
                0x06010870                PER_DisguiseTrigger
 .text          0x06010890      0x120 bullet.o
                0x06010890                bullet_make
                0x06010910                bullet_move
 .text          0x060109b0      0xe10 collision.o
                0x06011730                collision_detect_up_right
                0x06010a00                over_air
                0x06010b20                collision_detect_down
                0x060109b0                collision_get_tile
                0x06011760                collision_detect_down_left
                0x06010e30                collision_detect_left
                0x06011790                collision_detect_down_right
                0x06011110                collision_detect_up
                0x06011700                collision_detect_up_left
                0x060113f0                collision_detect_right
 .text          0x060117c0    0x10f20 graphics.o
                0x060222d4                font3
                0x060225d4                font0
                0x0601d454                bullet
                0x060177c0                map2
                0x060214d4                guy0
                0x060157c0                map3
                0x06021cd4                font9
                0x060127c0                bg0_chr
                0x060117c0                bg0_3map
                0x0601f4d4                guyback1
                0x060197c0                map1
                0x0601fcd4                guyback0
                0x060221d4                font4
                0x06021fd4                font6
                0x060224d4                font1
                0x06020cd4                guy1
                0x0601b7c0                wood_chr
                0x06011fc0                bg0_2map
                0x0601e4d4                guyside0
                0x0601cbc0                wood_pal
                0x06021ed4                font7
                0x0601ecd4                guyback2
                0x0601cc54                circle
                0x0601dcd4                guyside1
                0x0601d4d4                guyside2
                0x060223d4                font2
                0x060220d4                font5
                0x060204d4                guy2
                0x0601cc00                dimensions
                0x060153c0                bg0_pal
                0x06021dd4                font8
 .text          0x060226e0      0x3d0 player.o
                0x060226e0                player_side
                0x060226f0                player_down
                0x060226e8                player_up
                0x060226f8                states
                0x06022850                player_input
                0x06022720                player_init
                0x060229f0                player_draw
                0x06022770                player_animate
 .text          0x06022ab0      0x130 print.o
                0x06022b40                print_display
                0x06022af0                print_num
                0x06022ab0                print_init
 .text          0x06022be0      0x700 sprite.o
                0x06022be0                sprite_init
                0x06022f10                sprite_make
                0x06023080                sprite_next
                0x060230e0                sprite_delete
                0x06023110                sprite_move
                0x06022f90                sprite_draw_all
                0x06022cb0                sprite_draw
 .text          0x060232e0      0xb30 scroll.o
                0x06023bb0                scroll_transition
                0x060232e0                scroll_move
                0x06023850                scroll_get
                0x060238a0                scroll_copy
                0x06023430                scroll_set
                0x06023540                scroll_init
                0x06023460                scroll_scale
 .text          0x06023e10      0x120 main.o
                0x06023e10                main
 .text          0x06023f30       0x40 ../sbl6/segalib/lib/sega_int.a(int.o)
                0x06023f5c                INT_GetScuFunc
                0x06023f30                INT_SetScuFunc
 .text          0x06023f70      0x624 ../sbl6/segalib/lib/sega_int.a(int_trmp.o)
                0x060240d8                __interrupt_handler60
                0x06024288                __interrupt_handler132
                0x0602443e                __interrupt_handler205
                0x060242a6                __interrupt_handler137
                0x060241d4                __interrupt_handler102
                0x06024012                __interrupt_handler27
                0x06024414                __interrupt_handler198
                0x06024306                __interrupt_handler153
                0x06023fee                __interrupt_handler21
                0x060240fc                __interrupt_handler66
                0x060241ec                __interrupt_handler106
                0x06024336                __interrupt_handler161
                0x06024180                __interrupt_handler88
                0x0602434e                __interrupt_handler165
                0x0602425e                __interrupt_handler125
                0x06023f94                __interrupt_handler6
                0x06024030                __interrupt_handler32
                0x060243ea                __interrupt_handler191
                0x06024504                __interrupt_handler238
                0x0602451c                __interrupt_handler242
                0x06024324                __interrupt_handler158
                0x0602418c                __interrupt_handler90
                0x06024348                __interrupt_handler164
                0x0602406c                __interrupt_handler42
                0x060243ae                __interrupt_handler181
                0x060244b6                __interrupt_handler225
                0x0602455e                __interrupt_handler253
                0x06024372                __interrupt_handler171
                0x0602412c                __interrupt_handler74
                0x06023f82                __interrupt_handler3
                0x060240c6                __interrupt_handler57
                0x06023fc4                __interrupt_handler14
                0x0602445c                __interrupt_handler210
                0x0602448c                __interrupt_handler218
                0x06024450                __interrupt_handler208
                0x06024054                __interrupt_handler38
                0x06023f70                __interrupt_handler0
                0x060241e0                __interrupt_handler104
                0x0602431e                __interrupt_handler157
                0x0602446e                __interrupt_handler213
                0x06024360                __interrupt_handler168
                0x0602416e                __interrupt_handler85
                0x0602420a                __interrupt_handler111
                0x0602421c                __interrupt_handler114
                0x0602408a                __interrupt_handler47
                0x060244e0                __interrupt_handler232
                0x060244aa                __interrupt_handler223
                0x060244fe                __interrupt_handler237
                0x060240ea                __interrupt_handler63
                0x06024078                __interrupt_handler44
                0x0602438a                __interrupt_handler175
                0x060243b4                __interrupt_handler182
                0x060243cc                __interrupt_handler186
                0x060242ca                __interrupt_handler143
                0x060241f2                __interrupt_handler107
                0x06024258                __interrupt_handler124
                0x06024378                __interrupt_handler172
                0x0602452e                __interrupt_handler245
                0x060241aa                __interrupt_handler95
                0x06024282                __interrupt_handler131
                0x06024294                __interrupt_handler134
                0x060242b2                __interrupt_handler139
                0x06024120                __interrupt_handler72
                0x060244da                __interrupt_handler231
                0x06024330                __interrupt_handler160
                0x06024276                __interrupt_handler129
                0x06023fe8                __interrupt_handler20
                0x060240f6                __interrupt_handler65
                0x060240c0                __interrupt_handler56
                0x06023fbe                __interrupt_handler13
                0x06024456                __interrupt_handler209
                0x06024210                __interrupt_handler112
                0x06023fe2                __interrupt_handler19
                0x0602419e                __interrupt_handler93
                0x06024408                __interrupt_handler196
                0x060242fa                __interrupt_handler151
                0x0602435a                __interrupt_handler167
                0x06024570                __trampoline
                0x06023fd6                __interrupt_handler17
                0x060244c8                __interrupt_handler228
                0x0602456a                __interrupt_handler255
                0x06024528                __interrupt_handler244
                0x060241c2                __interrupt_handler99
                0x060243ba                __interrupt_handler183
                0x060242b8                __interrupt_handler140
                0x060243de                __interrupt_handler189
                0x060242dc                __interrupt_handler146
                0x060244a4                __interrupt_handler222
                0x06024318                __interrupt_handler156
                0x0602424c                __interrupt_handler122
                0x06024540                __interrupt_handler248
                0x06024090                __interrupt_handler48
                0x0602410e                __interrupt_handler69
                0x06024000                __interrupt_handler24
                0x06024186                __interrupt_handler89
                0x0602447a                __interrupt_handler215
                0x06024564                __interrupt_handler254
                0x0602417a                __interrupt_handler87
                0x060240de                __interrupt_handler61
                0x06024402                __interrupt_handler195
                0x060242f4                __interrupt_handler150
                0x06024066                __interrupt_handler41
                0x06024204                __interrupt_handler110
                0x0602426a                __interrupt_handler127
                0x060241f8                __interrupt_handler108
                0x06024216                __interrupt_handler113
                0x06024228                __interrupt_handler116
                0x06024246                __interrupt_handler121
                0x0602413e                __interrupt_handler77
                0x0602405a                __interrupt_handler39
                0x06024072                __interrupt_handler43
                0x06024546                __interrupt_handler249
                0x06024384                __interrupt_handler174
                0x060242a0                __interrupt_handler136
                0x060243d8                __interrupt_handler188
                0x060242d6                __interrupt_handler145
                0x06023fa6                __interrupt_handler9
                0x0602414a                __interrupt_handler79
                0x060244c2                __interrupt_handler227
                0x0602403c                __interrupt_handler34
                0x0602427c                __interrupt_handler130
                0x0602453a                __interrupt_handler247
                0x06024132                __interrupt_handler75
                0x0602437e                __interrupt_handler173
                0x060240ae                __interrupt_handler53
                0x060242ee                __interrupt_handler149
                0x06024552                __interrupt_handler251
                0x060244e6                __interrupt_handler233
                0x06023fac                __interrupt_handler10
                0x06024438                __interrupt_handler204
                0x0602415c                __interrupt_handler82
                0x06024162                __interrupt_handler83
                0x06024006                __interrupt_handler25
                0x06024522                __interrupt_handler243
                0x0602433c                __interrupt_handler162
                0x06024084                __interrupt_handler46
                0x0602439c                __interrupt_handler178
                0x06024150                __interrupt_handler80
                0x060240e4                __interrupt_handler62
                0x06023f7c                __interrupt_handler2
                0x0602401e                __interrupt_handler29
                0x06024114                __interrupt_handler70
                0x060241fe                __interrupt_handler109
                0x060242e8                __interrupt_handler148
                0x060241a4                __interrupt_handler94
                0x060244b0                __interrupt_handler224
                0x060241da                __interrupt_handler103
                0x06024048                __interrupt_handler36
                0x06024264                __interrupt_handler126
                0x06024534                __interrupt_handler246
                0x060240ba                __interrupt_handler55
                0x06023fb8                __interrupt_handler12
                0x060240a8                __interrupt_handler52
                0x060243d2                __interrupt_handler187
                0x060242d0                __interrupt_handler144
                0x0602422e                __interrupt_handler117
                0x06023fdc                __interrupt_handler18
                0x0602440e                __interrupt_handler197
                0x06024300                __interrupt_handler152
                0x06024234                __interrupt_handler118
                0x0602436c                __interrupt_handler170
                0x06024426                __interrupt_handler201
                0x060241b6                __interrupt_handler97
                0x06024342                __interrupt_handler163
                0x060243a8                __interrupt_handler180
                0x060243f0                __interrupt_handler192
                0x06024510                __interrupt_handler240
                0x06024252                __interrupt_handler123
                0x06024474                __interrupt_handler214
                0x0602402a                __interrupt_handler31
                0x06024018                __interrupt_handler28
                0x06024102                __interrupt_handler67
                0x06024108                __interrupt_handler68
                0x06023ff4                __interrupt_handler22
                0x06023ffa                __interrupt_handler23
                0x06024390                __interrupt_handler176
                0x06023f9a                __interrupt_handler7
                0x0602449e                __interrupt_handler221
                0x06024486                __interrupt_handler217
                0x060244ce                __interrupt_handler229
                0x06024096                __interrupt_handler49
                0x06023f88                __interrupt_handler4
                0x06024060                __interrupt_handler40
                0x06024222                __interrupt_handler115
                0x060244f2                __interrupt_handler235
                0x06024192                __interrupt_handler91
                0x06024444                __interrupt_handler206
                0x06024396                __interrupt_handler177
                0x060242e2                __interrupt_handler147
                0x0602404e                __interrupt_handler37
                0x0602454c                __interrupt_handler250
                0x06023f76                __interrupt_handler1
                0x06024492                __interrupt_handler219
                0x06024138                __interrupt_handler76
                0x060241c8                __interrupt_handler100
                0x060240cc                __interrupt_handler58
                0x06023fca                __interrupt_handler15
                0x06024468                __interrupt_handler212
                0x06024516                __interrupt_handler241
                0x0602442c                __interrupt_handler202
                0x060243f6                __interrupt_handler193
                0x06024144                __interrupt_handler78
                0x0602409c                __interrupt_handler50
                0x06024036                __interrupt_handler33
                0x06024354                __interrupt_handler166
                0x060242ac                __interrupt_handler138
                0x0602429a                __interrupt_handler135
                0x06024024                __interrupt_handler30
                0x060243c0                __interrupt_handler184
                0x060242be                __interrupt_handler141
                0x060244d4                __interrupt_handler230
                0x060244f8                __interrupt_handler236
                0x0602423a                __interrupt_handler119
                0x06024174                __interrupt_handler86
                0x060241e6                __interrupt_handler105
                0x06024156                __interrupt_handler81
                0x06024240                __interrupt_handler120
                0x06024270                __interrupt_handler128
                0x060240b4                __interrupt_handler54
                0x06023fb2                __interrupt_handler11
                0x0602441a                __interrupt_handler199
                0x0602430c                __interrupt_handler154
                0x0602407e                __interrupt_handler45
                0x06024480                __interrupt_handler216
                0x06024432                __interrupt_handler203
                0x060241ce                __interrupt_handler101
                0x06024168                __interrupt_handler84
                0x060243c6                __interrupt_handler185
                0x060242c4                __interrupt_handler142
                0x0602400c                __interrupt_handler26
                0x060240f0                __interrupt_handler64
                0x06024420                __interrupt_handler200
                0x0602444a                __interrupt_handler207
                0x060243fc                __interrupt_handler194
                0x06024198                __interrupt_handler92
                0x06024312                __interrupt_handler155
                0x06024462                __interrupt_handler211
                0x0602428e                __interrupt_handler133
                0x06023f8e                __interrupt_handler5
                0x06024126                __interrupt_handler73
                0x06023fd0                __interrupt_handler16
                0x0602450a                __interrupt_handler239
                0x060244ec                __interrupt_handler234
                0x06024042                __interrupt_handler35
                0x060240d2                __interrupt_handler59
                0x06024366                __interrupt_handler169
                0x060241bc                __interrupt_handler98
                0x0602411a                __interrupt_handler71
                0x060240a2                __interrupt_handler51
                0x0602432a                __interrupt_handler159
                0x060244bc                __interrupt_handler226
                0x060241b0                __interrupt_handler96
                0x060243e4                __interrupt_handler190
                0x06024498                __interrupt_handler220
                0x06023fa0                __interrupt_handler8
                0x060243a2                __interrupt_handler179
                0x06024558                __interrupt_handler252
 *fill*         0x06024594        0xc 00
 .text          0x060245a0     0x12a0 ../sbl6/segalib/lib/sega_spr.a(spr_2c.o)
                0x06025800                SlaveFlushDrawPrtyBlock
                0x060245a0                SPR_2Initial
                0x06024de4                SPR_2SysClip
                0x06024d84                SPR_2LocalCoord
                0x0602567c                SPR_2FlushDrawPrtyBlock
                0x06025368                SPR_2DistSpr
                0x06024d6c                SPR_2FlushDrawPrty
                0x0602548c                SPR_2Cmd
                0x06024a68                SPR_2GourTblNoToVram
                0x06024ac8                SPR_2GetAreaSizeInfo
                0x06024830                SPR_2SetGourTbl
                0x0602501c                SPR_2Polygon
                0x06024aa4                SPR_2CharNoToVram
                0x060247b0                SPR_2SetTvMode
                0x06024c0c                SPR_2CloseCommand
                0x060247ec                SPR_2FrameEraseData
                0x060245c8                SPR_2Initial2
                0x060251fc                SPR_2ScaleSpr
                0x06024e8c                SPR_2Line
                0x06024b58                SPR_2OpenCommand
                0x060247cc                SPR_2FrameChgIntr
                0x060250d8                SPR_2NormSpr
                0x06024860                SPR_2SetLookupTbl
                0x06024894                SPR_2SetChar
                0x06024a8c                SPR_2LookupTblNoToVram
                0x06024f60                SPR_2PolyLine
                0x06024a00                SPR_2ClrAllChar
                0x060249b4                SPR_2ClrChar
                0x06024e30                SPR_2UserClip
 .text          0x06025840      0x1e6 ../sbl6/segalib/lib/sega_spr.a(spr_slv.o)
                0x060259a4                SPR_WaitEndSlaveSH
                0x06025840                SPR_SMPC_SSHON
                0x06025980                SPR_RunSlaveSH
                0x06025844                SPR_InitSlaveSH
                0x0602590c                SPR_SlaveSHmain
                0x06025841                SPR_SMPC_SSHOFF
 *fill*         0x06025a26        0xa 00
 .text          0x06025a30      0x36a ../sbl6/segalib/lib/sega_spr.a(spr_1c.o)
                0x06025ce4                SPR_WaitDrawEnd
                0x06025cfc                SPR_SetEosMode
                0x06025c14                SPR_SetEraseData
                0x06025a30                SPR_Initial
                0x06025b08                SPR_SetTvMode
                0x06025ba0                SPR_GetStatus
 *fill*         0x06025d9a        0x6 00
 .text          0x06025da0      0x244 ../sbl6/segalib/lib/sega_spr.a(spr_2a.o)
                0x06025db2                sprMemCpyW
                0x06025e10                flushDrawPrtyBlock
                0x06025da0                sprMemCpyL
                0x06025dc4                SPR_2SetDrawPrty
 *fill*         0x06025fe4        0xc 00
 .text          0x06025ff0      0x2fc ../sbl6/segalib/lib/sega_scl.a(scl_vblv.o)
                0x060260ac                SCL_DisplayFrame
                0x06025ff0                SCL_SetFrameInterval
                0x060260e0                SCL_VblInit
                0x06026130                SCL_VblankStart
                0x06026174                SCL_VblankEnd
 *fill*         0x060262ec        0x4 00
 .text          0x060262f0      0xb9c ../sbl6/segalib/lib/sega_scl.a(scl_func.o)
                0x06026ccc                SCL_Vdp2_SGLInit
                0x06026bdc                SCL_PriIntProc
                0x06026b54                SCL_Memcpyw
                0x06026e6c                SCL_SglOff
                0x06026e4c                SCL_SglOn
                0x06026ac0                SCL_ScrollShow
                0x06026568                SCL_Close
                0x06026860                SCL_Scale
                0x060262f0                SCL_Vdp2Init
                0x060266d4                SCL_Move
                0x0602699c                SCL_CopyReg
                0x06026544                SCL_Open
                0x06026374                SCL_ParametersInit
                0x06026584                SCL_MoveTo
                0x06026b7c                SCL_SetColRamMode
 *fill*         0x06026e8c        0x4 00
 .text          0x06026e90      0x138 ../sbl6/segalib/lib/sega_scl.a(scl_pr03.o)
                0x06026e90                SCL_FreeColRam
                0x06026ec8                SCL_AllocColRam
 *fill*         0x06026fc8        0x8 00
 .text          0x06026fd0       0x9c ../sbl6/segalib/lib/sega_scl.a(scl_pr02.o)
                0x06026fd0                SCL_SetColRam
 *fill*         0x0602706c        0x4 00
 .text          0x06027070       0x84 ../sbl6/segalib/lib/sega_scl.a(scl_back.o)
                0x06027070                SCL_SetBack
 *fill*         0x060270f4        0xc 00
 .text          0x06027100      0x94c ../sbl6/segalib/lib/sega_scl.a(scl_fu03.o)
                0x0602715c                SCL_SetConfig
                0x06027100                SCL_InitConfigTb
 *fill*         0x06027a4c        0x4 00
 .text          0x06027a50      0x4f4 ../sbl6/segalib/lib/sega_scl.a(scl_fu02.o)
                0x06027a88                SCL_SetVramConfig
                0x06027a50                SCL_InitVramConfigTb
 *fill*         0x06027f44        0xc 00
 .text          0x06027f50       0x28 ../sbl6/segalib/lib/sega_scl.a(scl_fu04.o)
                0x06027f50                SCL_SetCycleTable
 *fill*         0x06027f78        0x8 00
 .text          0x06027f80      0x214 ../sbl6/segalib/lib/sega_scl.a(scl_pr07.o)
                0x06027f80                SCL_SetPriority
 *fill*         0x06028194        0xc 00
 .text          0x060281a0     0x10a4 ../sbl6/segalib/lib/sega_scl.a(scl_pri.o)
                0x06028234                SCL_AbortAutoVe
                0x060290e4                SCL_SetShadowBit
                0x060286ac                SCL_AutoExec
                0x060281a0                SCL_PriorityInit
                0x06028bc0                SCL_IncColOffset
                0x06028248                SCL_SetColMixRate
                0x06028218                SCL_GetColRamMode
 *fill*         0x06029244        0xc 00
 .text          0x06029250       0x58 ../sbl6/segalib/lib/sega_scl.a(scl_pr01.o)
                0x06029250                SCL_SetSpriteMode
 *fill*         0x060292a8        0x8 00
 .text          0x060292b0     0x1394 ../sbl6/segalib/lib/sega_scl.a(scl_ro00.o)
                0x0602a49c                SCL_RotateZD
                0x06029764                SCL_Rotate
                0x06029438                SCL_InitRotateTable
 *fill*         0x0602a644        0xc 00
 .text          0x0602a650      0x1b4 ../sbl6/segalib/lib/sega_scl.a(scl_pr06.o)
                0x0602a650                SCL_SetColRamOffset
 *fill*         0x0602a804        0xc 00
 .text          0x0602a810       0xac ../sbl6/segalib/lib/sega_scl.a(scl_pr05.o)
                0x0602a810                SCL_GetColRamOffset
 *fill*         0x0602a8bc        0x4 00
 .text          0x0602a8c0       0xa4 ../sbl6/segalib/lib/sega_mth.a(mth_fixd.o)
                0x0602a910                MTH_FixedToInt
                0x0602a900                MTH_IntToFixed
                0x0602a8c0                MTH_Mul
                0x0602a920                MTH_Product
                0x0602a8e0                MTH_Div
 *fill*         0x0602a964        0xc 00
 .text          0x0602a970      0x600 ../sbl6/segalib/lib/sega_mth.a(mth_tri.o)
                0x0602aa0c                fcos
                0x0602aa12                fsin
                0x0602a9bc                MTH_Cos
                0x0602a970                MTH_Sin
                0x0602abb0                MTH_Atan
 .text          0x0602af70      0xf50 ../sbl6/segalib/lib/sega_per.a(per_prt.o)
                0x0602b390                PER_IntFunc
                0x0602b188                PER_LGetPer
                0x0602af70                PER_LInit
 .text          0x0602bec0      0x1f4 ../sbl6/segalib/lib/sega_sat.a(DMA_SCU1.o)
                0x0602c01c                DMA_ScuResult
                0x0602bec0                DMA_ScuInit
                0x0602bf10                DMA_ScuMemCopy
 *fill*         0x0602c0b4        0xc 00
 .text          0x0602c0c0      0x308 ../sbl6/segalib/lib/sega_sat.a(DMA_SCU0.o)
                0x0602c144                DMA_ScuStart
                0x0602c278                DMA_ScuIntFunc0
                0x0602c2e8                DMA_ScuIntFunc1
                0x0602c358                DMA_ScuIntFunc2
                0x0602c238                DMA_ScuGetStatus
                0x0602c0c0                DMA_ScuSetPrm
 *fill*         0x0602c3c8        0x8 00
 .text          0x0602c3d0       0xe8 ../sbl6/segalib/lib/sega_sat.a(csh_main.o)
                0x0602c3d0                CSH_Init
                0x0602c438                CSH_AllClr
                0x0602c484                CSH_Purge
 *fill*         0x0602c4b8        0x8 00
 .text          0x0602c4c0       0x90 C:/saturn/SH_COFF/sh-coff/bin/../lib/gcc/sh-coff/3.4-GNUSH_v0501\libgcc.a(_ashiftlt.o)
                0x0602c4c0                __ashlsi3
 .text          0x0602c550       0xb0 C:/saturn/SH_COFF/sh-coff/bin/../lib/gcc/sh-coff/3.4-GNUSH_v0501\libgcc.a(_movstr.o)
                0x0602c590                __movstrSI16
                0x0602c564                __movstrSI60
                0x0602c570                __movstrSI48
                0x0602c56c                __movstrSI52
                0x0602c560                __movstrSI64
                0x0602c574                __movstrSI44
                0x0602c578                __movstrSI40
                0x0602c57c                __movstrSI36
                0x0602c5b0                __movstr
                0x0602c568                __movstrSI56
                0x0602c584                __movstrSI28
                0x0602c580                __movstrSI32
                0x0602c594                __movstrSI12
                0x0602c598                __movstrSI8
                0x0602c5a0                __movstrSI0
                0x0602c588                __movstrSI24
                0x0602c58c                __movstrSI20
                0x0602c59c                __movstrSI4
 .text          0x0602c600       0xa0 C:/saturn/SH_COFF/sh-coff/bin/../lib/gcc/sh-coff/3.4-GNUSH_v0501\libgcc.a(__main.o)
                0x0602c674                __main
                0x0602c600                __do_global_dtors
                0x0602c634                __do_global_ctors
 .text          0x0602c6a0       0x70 C:/saturn/SH_COFF/sh-coff/bin/../lib/gcc/sh-coff/3.4-GNUSH_v0501\libgcc.a(_udivsi3.o)
                0x0602c6c2                __udivsi3
 .text          0x0602c710       0x60 C:/saturn/SH_COFF/sh-coff/bin/../lib/gcc/sh-coff/3.4-GNUSH_v0501\libgcc.a(_ashiftrt.o)
                0x0602c71c                __ashiftrt_r4_27
                0x0602c750                __ashiftrt_r4_6
                0x0602c740                __ashiftrt_r4_14
                0x0602c732                __ashiftrt_r4_19
                0x0602c74a                __ashiftrt_r4_9
                0x0602c75e                __ashiftrt_r4_0
                0x0602c710                __ashiftrt_r4_31
                0x0602c71e                __ashiftrt_r4_26
                0x0602c72c                __ashiftrt_r4_22
                0x0602c738                __ashiftrt_r4_16
                0x0602c744                __ashiftrt_r4_12
                0x0602c718                __ashiftrt_r4_29
                0x0602c736                __ashiftrt_r4_17
                0x0602c716                __ashiftrt_r4_30
                0x0602c752                __ashiftrt_r4_5
                0x0602c74c                __ashiftrt_r4_8
                0x0602c710                __ashiftrt_r4_32
                0x0602c720                __ashiftrt_r4_25
                0x0602c758                __ashiftrt_r4_2
                0x0602c722                __ashiftrt_r4_24
                0x0602c73e                __ashiftrt_r4_15
                0x0602c748                __ashiftrt_r4_10
                0x0602c75a                __ashiftrt_r4_1
                0x0602c71a                __ashiftrt_r4_28
                0x0602c730                __ashiftrt_r4_20
                0x0602c74e                __ashiftrt_r4_7
                0x0602c742                __ashiftrt_r4_13
                0x0602c746                __ashiftrt_r4_11
                0x0602c754                __ashiftrt_r4_4
                0x0602c72a                __ashiftrt_r4_23
                0x0602c734                __ashiftrt_r4_18
                0x0602c72e                __ashiftrt_r4_21
                0x0602c756                __ashiftrt_r4_3
 .text          0x0602c770       0xb0 C:/saturn/SH_COFF/sh-coff/bin/../lib/gcc/sh-coff/3.4-GNUSH_v0501\libgcc.a(_si_to_df.o)
                0x0602c770                __floatsidf
 .text          0x0602c820      0x2e0 C:/saturn/SH_COFF/sh-coff/bin/../lib/gcc/sh-coff/3.4-GNUSH_v0501\libgcc.a(_mul_df.o)
                0x0602c830                __muldf3
 .text          0x0602cb00       0x80 C:/saturn/SH_COFF/sh-coff/bin/../lib/gcc/sh-coff/3.4-GNUSH_v0501\libgcc.a(_df_to_si.o)
                0x0602cb00                __fixdfsi
 .text          0x0602cb80      0x220 C:/saturn/SH_COFF/sh-coff/bin/../lib/gcc/sh-coff/3.4-GNUSH_v0501\libgcc.a(_pack_df.o)
                0x0602cb90                __pack_d
 .text          0x0602cda0      0x120 C:/saturn/SH_COFF/sh-coff/bin/../lib/gcc/sh-coff/3.4-GNUSH_v0501\libgcc.a(_unpack_df.o)
                0x0602cdb0                __unpack_d
 .text          0x0602cec0       0x20 C:/saturn/SH_COFF/sh-coff/bin/../lib/gcc/sh-coff/3.4-GNUSH_v0501\libgcc.a(_thenan_df.o)
                0x0602cec0                __thenan_df
 .text          0x0602cee0       0xd0 C:/saturn/SH_COFF/sh-coff/bin/../lib/gcc/sh-coff/3.4-GNUSH_v0501\libgcc.a(_muldi3.o)
                0x0602cee0                __muldi3
 .text          0x0602cfb0       0x80 C:/saturn/SH_COFF/sh-coff/bin/../lib/gcc/sh-coff/3.4-GNUSH_v0501\libgcc.a(_lshrdi3.o)
                0x0602cfb0                __lshrdi3
 .text          0x0602d030       0x80 C:/saturn/SH_COFF/sh-coff/bin/../lib/gcc/sh-coff/3.4-GNUSH_v0501\libgcc.a(_ashldi3.o)
                0x0602d030                __ashldi3
 .text          0x0602d0b0       0x30 C:/saturn/SH_COFF/sh-coff/bin/../lib/gcc/sh-coff/3.4-GNUSH_v0501\libgcc.a(_mulsi3.o)
                0x0602d0b0                __mulsi3
 .text          0x0602d0e0       0x90 C:/saturn/SH_COFF/sh-coff/bin/../lib/gcc/sh-coff/3.4-GNUSH_v0501\libgcc.a(_lshiftrt.o)
                0x0602d0e0                __lshrsi3
 .text          0x0602d170       0xa0 C:/saturn/SH_COFF/sh-coff/bin/../lib/gcc/sh-coff/3.4-GNUSH_v0501/../../../../sh-coff/lib\libc.a(memcpy.o)
                0x0602d170                memcpy
 .text          0x0602d210       0x40 C:/saturn/SH_COFF/sh-coff/bin/../lib/gcc/sh-coff/3.4-GNUSH_v0501/../../../../sh-coff/lib\libc.a(memset.o)
                0x0602d210                memset
 .text          0x0602d250       0x90 C:/saturn/SH_COFF/sh-coff/bin/../lib/gcc/sh-coff/3.4-GNUSH_v0501/../../../../sh-coff/lib\libc.a(atexit.o)
                0x0602d250                atexit
 .text          0x0602d2e0       0x10 C:/saturn/SH_COFF/sh-coff/bin/../lib/gcc/sh-coff/3.4-GNUSH_v0501/../../../../sh-coff/lib\libc.a(impure.o)
                0x0602d2e0                _global_impure_ptr
 .text          0x0602d2f0       0x40 C:/saturn/SH_COFF/sh-coff/bin/../lib/gcc/sh-coff/3.4-GNUSH_v0501/../../../../sh-coff/lib\libc.a(malloc.o)
                0x0602d30c                free
                0x0602d2f0                malloc
 .text          0x0602d330      0x5b0 C:/saturn/SH_COFF/sh-coff/bin/../lib/gcc/sh-coff/3.4-GNUSH_v0501/../../../../sh-coff/lib\libc.a(mallocr.o)
                0x0602d330                _malloc_r
 .text          0x0602d8e0      0x340 C:/saturn/SH_COFF/sh-coff/bin/../lib/gcc/sh-coff/3.4-GNUSH_v0501/../../../../sh-coff/lib\libc.a(freer.o)
                0x0602d8e0                _malloc_trim_r
                0x0602d9d4                _free_r
 .text          0x0602dc20       0x20 C:/saturn/SH_COFF/sh-coff/bin/../lib/gcc/sh-coff/3.4-GNUSH_v0501/../../../../sh-coff/lib\libc.a(mlock.o)
                0x0602dc20                __malloc_lock
                0x0602dc2c                __malloc_unlock
 .text          0x0602dc40       0x50 C:/saturn/SH_COFF/sh-coff/bin/../lib/gcc/sh-coff/3.4-GNUSH_v0501/../../../../sh-coff/lib\libc.a(sbrkr.o)
                0x0602dc40                _sbrk_r
 .text          0x0602dc90      0x380 C:/saturn/SH_COFF/sh-coff/bin/../lib/gcc/sh-coff/3.4-GNUSH_v0501/../../../../sh-coff/lib\libc.a(syscalls.o)
                0x0602ddfc                _exit
                0x0602de30                _getpid
                0x0602de98                _utime
                0x0602dcc8                _write
                0x0602dc90                _read
                0x0602dde4                _unlink
                0x0602ddac                _open
                0x0602de48                _stat
                0x0602ddf0                isatty
                0x0602dec8                _wait
                0x0602de14                _kill
                0x0602de64                _chmod
                0x0602def8                _execv
                0x0602dedc                _execve
                0x0602dfd4                __setup_argv_and_call_main
                0x0602df30                _gettimeofday
                0x0602dcfc                _link
                0x0602de3c                _raise
                0x0602ddc8                _creat
                0x0602df10                _pipe
                0x0602de7c                _chown
                0x0602dcac                _lseek
                0x0602dce4                _close
                0x0602df24                _times
                0x0602dd98                _fstat
                0x0602deb4                _fork
                0x0602dd24                _sbrk
 .text          0x0602e010       0x20 C:/saturn/SH_COFF/sh-coff/bin/../lib/gcc/sh-coff/3.4-GNUSH_v0501/../../../../sh-coff/lib\libc.a(trap.o)
                0x0602e010                __trap34
 .text          0x0602e030       0x20 C:/saturn/SH_COFF/sh-coff/bin/../lib/gcc/sh-coff/3.4-GNUSH_v0501/../../../../sh-coff/lib\libc.a(abort.o)
                0x0602e030                abort
 .text          0x0602e050      0x270 C:/saturn/SH_COFF/sh-coff/bin/../lib/gcc/sh-coff/3.4-GNUSH_v0501/../../../../sh-coff/lib\libc.a(signal.o)
                0x0602e110                _raise_r
                0x0602e298                __sigtramp
                0x0602e244                raise
                0x0602e280                _init_signal
                0x0602e1d0                __sigtramp_r
                0x0602e260                signal
                0x0602e09c                _signal_r
                0x0602e050                _init_signal_r
 .text          0x0602e2c0       0x60 C:/saturn/SH_COFF/sh-coff/bin/../lib/gcc/sh-coff/3.4-GNUSH_v0501/../../../../sh-coff/lib\libc.a(signalr.o)
                0x0602e308                _getpid_r
                0x0602e2c0                _kill_r
 *(.strings)

.tors           0x0602e320        0x0
                0x0602e320                ___ctors = .
 *(.ctors)
                0x0602e320                ___ctors_end = .
                0x0602e320                ___dtors = .
 *(.dtors)
                0x0602e320                ___dtors_end = .

.data           0x0602e320     0x1170
                0x0602e320                STARTOF_R = .
 *(.data)
 .data          0x0602e320      0x400 ../sbl6/segasmp/per/smpclib/per_x1.o
 .data          0x0602e720       0x40 collision.o
                0x0602e720                floor_tiles
 .data          0x0602e760       0x60 graphics.o
                0x0602e760                tiles
 .data          0x0602e7c0       0x30 sprite.o
 .data          0x0602e7f0       0x20 scroll.o
                0x0602e7f0                CycleTb
                0x0602e800                vram
 .data          0x0602e810       0x10 main.o
                0x0602e810                levels
 .data          0x0602e820      0x400 ../sbl6/segalib/lib/sega_int.a(int.o)
 .data          0x0602ec20       0x1c ../sbl6/segalib/lib/sega_spr.a(spr_slv.o)
                0x0602ec28                SPR_SlaveParam
                0x0602ec38                SPR_SMPC_SF
                0x0602ec30                SPR_SMPC_COM
                0x0602ec2c                SPR_SlaveSHEntry
                0x0602ec24                SPR_SlaveState
                0x0602ec20                SPR_SlaveCommand
                0x0602ec34                SPR_SMPC_RET
 *fill*         0x0602ec3c        0x4 00
 .data          0x0602ec40       0x34 ../sbl6/segalib/lib/sega_spr.a(spr_1c.o)
                0x0602ec40                SpInitialFlag
 *fill*         0x0602ec74        0xc 00
 .data          0x0602ec80       0x1c ../sbl6/segalib/lib/sega_scl.a(scl_vblv.o)
                0x0602ec88                VBInterval
                0x0602ec90                ReqDisplayFlag
                0x0602ec80                SpFrameChgMode
                0x0602ec8c                VBIntervalCounter
                0x0602ec84                SpFrameEraseMode
 *fill*         0x0602ec9c        0x4 00
 .data          0x0602eca0       0x36 ../sbl6/segalib/lib/sega_scl.a(scl_func.o)
                0x0602ecb0                SclRotregBuff
                0x0602ecac                SclDisplayY
                0x0602ecb4                SclRotateTableMode
                0x0602eca8                SclProcess
                0x0602eca4                SclCurSclNum
                0x0602eca0                SclLengthLsTbl
                0x0602ecaa                SclDisplayX
                0x0602eca2                SclLengthCsTbl
 *fill*         0x0602ecd6        0xa 00
 .data          0x0602ece0       0x18 ../sbl6/segalib/lib/sega_scl.a(scl_pri.o)
                0x0602ece4                SclRealSpPriNum
                0x0602ecf4                SclRealColOffset
                0x0602ecf0                SclRealBgColMix
                0x0602ecec                SclRealSpColMix
                0x0602ece8                SclRealBgPriNum
                0x0602ece0                SclRealOtherPri
 *fill*         0x0602ecf8        0x8 00
 .data          0x0602ed00      0x380 C:/saturn/SH_COFF/sh-coff/bin/../lib/gcc/sh-coff/3.4-GNUSH_v0501/../../../../sh-coff/lib\libc.a(impure.o)
                0x0602f07c                _impure_ptr
 .data          0x0602f080      0x410 C:/saturn/SH_COFF/sh-coff/bin/../lib/gcc/sh-coff/3.4-GNUSH_v0501/../../../../sh-coff/lib\libc.a(mallocr.o)
                0x0602f088                __malloc_av_
                0x0602f084                __malloc_trim_threshold
                0x0602f080                __malloc_sbrk_base
                0x0602f490                SIZEOF_R = (. - STARTOF_R)
                0x0602f490                ENDOF_R = .

.bss            0x0602f490     0x7b24
                0x0602f490                STARTOF_B = .
 *(.bss)
 .bss           0x0602f490       0x10 vblank.o
                0x0602f494                PadData2E
                0x0602f49a                PadData1
                0x0602f496                PadData2
                0x0602f498                PadData1E
                0x0602f490                __port
 .bss           0x0602f4a0       0xd0 ../sbl6/segasmp/per/smpclib/per_x2.o
 .bss           0x0602f570       0x10 player.o
                0x0602f570                anim_cursor
 .bss           0x0602f580     0x3440 sprite.o
                0x0602f580                num_sprites
 .bss           0x060329c0       0x50 scroll.o
                0x060329d8                map_tiles_x
                0x060329e0                scrolls_y
                0x060329c0                scroll_transition_state
                0x060329d0                map_tiles_y
                0x060329c8                copy_modes
                0x060329f0                scrolls_x
                0x060329c4                curr_map
 .bss           0x06032a10       0x6e ../sbl6/segalib/lib/sega_spr.a(spr_2c.o)
 *fill*         0x06032a7e        0x2 00
 .bss           0x06032a80        0x4 ../sbl6/segalib/lib/sega_scl.a(scl_vblv.o)
 *fill*         0x06032a84        0xc 00
 .bss           0x06032a90        0x4 ../sbl6/segalib/lib/sega_scl.a(scl_func.o)
 *fill*         0x06032a94        0xc 00
 .bss           0x06032aa0       0x48 ../sbl6/segalib/lib/sega_scl.a(scl_ro00.o)
 *fill*         0x06032ae8        0x8 00
 .bss           0x06032af0       0x9c ../sbl6/segalib/lib/sega_per.a(per_prt.o)
 *fill*         0x06032b8c        0x4 00
 .bss           0x06032b90        0xc ../sbl6/segalib/lib/sega_sat.a(DMA_SCU1.o)
 *fill*         0x06032b9c        0x4 00
 .bss           0x06032ba0       0x20 ../sbl6/segalib/lib/sega_sat.a(DMA_SCU0.o)
 .bss           0x06032bc0       0x10 C:/saturn/SH_COFF/sh-coff/bin/../lib/gcc/sh-coff/3.4-GNUSH_v0501\libgcc.a(__main.o)
 .bss           0x06032bd0       0x10 C:/saturn/SH_COFF/sh-coff/bin/../lib/gcc/sh-coff/3.4-GNUSH_v0501/../../../../sh-coff/lib\libc.a(atexit.o)
 .bss           0x06032be0       0x40 C:/saturn/SH_COFF/sh-coff/bin/../lib/gcc/sh-coff/3.4-GNUSH_v0501/../../../../sh-coff/lib\libc.a(mallocr.o)
                0x06032c10                __malloc_top_pad
                0x06032be0                __malloc_current_mallinfo
                0x06032c0c                __malloc_max_sbrked_mem
                0x06032c08                __malloc_max_total_mem
 .bss           0x06032c20       0x10 C:/saturn/SH_COFF/sh-coff/bin/../lib/gcc/sh-coff/3.4-GNUSH_v0501/../../../../sh-coff/lib\libc.a(syscalls.o)
 *(COMMON)
 COMMON         0x06032c30       0x2c player.o
                                  0x0 (size before relaxing)
                0x06032c30                player
 *fill*         0x06032c5c        0x4 00
 COMMON         0x06032c60      0x460 print.o
                                  0x0 (size before relaxing)
                0x06032c60                text
 COMMON         0x060330c0     0x2260 sprite.o
                                  0x0 (size before relaxing)
                0x060330c0                sprites
 COMMON         0x06035320      0x250 scroll.o
                                  0x0 (size before relaxing)
                0x06035320                scfg3
                0x060353b0                scfg0
                0x06035440                maps
                0x06035450                scfg2
                0x060354e0                scfg1
                0x0603556c                tilemaps
 COMMON         0x06035570      0x400 ../sbl6/segalib/lib/sega_int.a(int.o)
                                  0x0 (size before relaxing)
                0x06035570                __interrupt_vector
 COMMON         0x06035970       0x50 ../sbl6/segalib/lib/sega_spr.a(spr_2c.o)
                                  0x0 (size before relaxing)
                0x06035970                SpMstCmd
                0x06035974                Sp2OpenFlag
                0x06035978                SpGourTblMax
                0x0603597c                SpDrawPrtyBlk
                0x06035980                SpLCoordX
                0x06035984                SpMstDrawPrtyBlk
                0x06035988                SpGourTbl
                0x0603598c                SpLookupTblR
                0x06035990                SpCmdTbl
                0x06035994                SpCharMax
                0x06035998                SpDrawPrtyProcFlag
                0x0603599c                SpCmdNo
                0x060359a0                SpDrawPrtyBlkMax
                0x060359a4                SpSlvCmdPos
                0x060359a8                SpSlvDrawPrtyBlk
                0x060359ac                SpCharTbl
                0x060359b0                SpCmdTblR
                0x060359b4                SpMstCmdPos
                0x060359b8                SpSlvCmd
                0x060359bc                SpLCoordY
 COMMON         0x060359c0       0x10 ../sbl6/segalib/lib/sega_spr.a(spr_1c.o)
                                  0x0 (size before relaxing)
                0x060359c0                SpScreenY
                0x060359c4                SpFbcrMode
                0x060359c6                SpDil
                0x060359c8                SpDie
                0x060359ca                SpTvMode
                0x060359cc                SpScreenX
 COMMON         0x060359d0      0xf00 ../sbl6/segalib/lib/sega_scl.a(scl_func.o)
                                  0x0 (size before relaxing)
                0x060359d0                SclRbgKtbAddr
                0x060359d8                SclRb
                0x060359da                Scl_flag
                0x060359e0                SclK_TableBuff
                0x060366b0                SclAddrCsTbl
                0x060366c0                Scl_s_reg
                0x060366e8                SclRotateXy
                0x060366f0                Scl_d_reg
                0x06036738                SclRotateDisp
                0x06036740                SclRotateMoveZ
                0x06036748                SclRotXySw
                0x06036750                Scl_r_reg
                0x06036760                SclRPMD
                0x06036768                SclRbgKtbOffset
                0x06036770                _SclRotregBuff
                0x06036840                SclRa
                0x06036848                SclRotateZ
                0x06036850                SclAddrLsTbl
                0x06036858                SclK_TableNum
                0x06036860                SclRotateTableAddress
                0x06036864                SclK_TableFlag
                0x06036870                Scl_w_reg
                0x06036890                Scl_n_reg
 COMMON         0x060368d0      0x6b0 ../sbl6/segalib/lib/sega_scl.a(scl_pri.o)
                                  0x0 (size before relaxing)
                0x060368d0                SclAutoEndBlue2
                0x060368e0                SclColOffset
                0x060368f0                SclPriBuffDirty
                0x060368f2                SclAutoEndRed
                0x060368f4                SclAutoSurface
                0x060368f8                SclAutoGreen
                0x060368fa                SclAutoEndGreen
                0x060368fc                SclAutoCount
                0x06036900                SclColRamAlloc256
                0x06036920                SclAutoCurRate
                0x06036921                SclAutoPlusFlag
                0x06036928                SclSpColMix
                0x06036930                SclAutoMax
                0x06036934                SclLineColRamOffset
                0x06036938                SclColRamAlloc2048
                0x0603693c                SclBgPriNum
                0x06036942                SclAutoEndBlue
                0x06036944                SclAutoEndGreen2
                0x06036946                SclAutoVeFlag
                0x06036948                SclBgColMix
                0x06036950                SclAutoIndex
                0x06036954                SclAutoEndRate
                0x06036956                SclAutoBlue
                0x06036958                SclAutoRed
                0x0603695c                SclAutoInterval
                0x06036960                SclOtherPri
                0x06036970                SclAutoRGB
                0x06036f70                SclAutoEndRed2
                0x06036f78                SclSpPriNum
 COMMON         0x06036f80       0x10 ../sbl6/segalib/lib/sega_scl.a(scl_ro00.o)
                                  0x0 (size before relaxing)
                0x06036f80                SclCsx
                0x06036f88                SclCsy
 COMMON         0x06036f90       0x15 ../sbl6/segalib/lib/sega_per.a(per_prt.o)
                                  0x0 (size before relaxing)
                0x06036f90                per_get_time_flg
                0x06036f91                per_hot_res
                0x06036f92                per_set_sys_flg
                0x06036f94                per_get_time_adr
                0x06036f98                per_get_sys_data
                0x06036fa4                per_time_out_flg
 *fill*         0x06036fa5        0xb 00
 COMMON         0x06036fb0        0x4 C:/saturn/SH_COFF/sh-coff/bin/../lib/gcc/sh-coff/3.4-GNUSH_v0501/../../../../sh-coff/lib\libc.a(syscalls.o)
                                  0x0 (size before relaxing)
                0x06036fb0                errno
                0x06036fb4                SIZEOF_B = (. - STARTOF_B)
                0x06036fb4                ENDOF_B = .
                0x06036fb4                _end = .
OUTPUT(main.cof coff-sh)

.comment        0x06036fc0      0x420
 .comment       0x06036fc0       0x20 ../sbl6/segasmp/lib/strt2_g.o
 .comment       0x06036fe0       0x20 vblank.o
 .comment       0x06037000       0x20 ../sbl6/segasmp/per/smpclib/per_x1.o
 .comment       0x06037020       0x20 ../sbl6/segasmp/per/smpclib/per_x2.o
 .comment       0x06037040       0x20 bullet.o
 .comment       0x06037060       0x20 collision.o
 .comment       0x06037080       0x20 graphics.o
 .comment       0x060370a0       0x20 player.o
 .comment       0x060370c0       0x20 print.o
 .comment       0x060370e0       0x20 sprite.o
 .comment       0x06037100       0x20 scroll.o
 .comment       0x06037120       0x20 main.o
 .comment       0x06037140       0x20 C:/saturn/SH_COFF/sh-coff/bin/../lib/gcc/sh-coff/3.4-GNUSH_v0501\libgcc.a(__main.o)
 .comment       0x06037160       0x20 C:/saturn/SH_COFF/sh-coff/bin/../lib/gcc/sh-coff/3.4-GNUSH_v0501\libgcc.a(_si_to_df.o)
 .comment       0x06037180       0x20 C:/saturn/SH_COFF/sh-coff/bin/../lib/gcc/sh-coff/3.4-GNUSH_v0501\libgcc.a(_mul_df.o)
 .comment       0x060371a0       0x20 C:/saturn/SH_COFF/sh-coff/bin/../lib/gcc/sh-coff/3.4-GNUSH_v0501\libgcc.a(_df_to_si.o)
 .comment       0x060371c0       0x20 C:/saturn/SH_COFF/sh-coff/bin/../lib/gcc/sh-coff/3.4-GNUSH_v0501\libgcc.a(_pack_df.o)
 .comment       0x060371e0       0x20 C:/saturn/SH_COFF/sh-coff/bin/../lib/gcc/sh-coff/3.4-GNUSH_v0501\libgcc.a(_unpack_df.o)
 .comment       0x06037200       0x20 C:/saturn/SH_COFF/sh-coff/bin/../lib/gcc/sh-coff/3.4-GNUSH_v0501\libgcc.a(_thenan_df.o)
 .comment       0x06037220       0x20 C:/saturn/SH_COFF/sh-coff/bin/../lib/gcc/sh-coff/3.4-GNUSH_v0501\libgcc.a(_muldi3.o)
 .comment       0x06037240       0x20 C:/saturn/SH_COFF/sh-coff/bin/../lib/gcc/sh-coff/3.4-GNUSH_v0501\libgcc.a(_lshrdi3.o)
 .comment       0x06037260       0x20 C:/saturn/SH_COFF/sh-coff/bin/../lib/gcc/sh-coff/3.4-GNUSH_v0501\libgcc.a(_ashldi3.o)
 .comment       0x06037280       0x20 C:/saturn/SH_COFF/sh-coff/bin/../lib/gcc/sh-coff/3.4-GNUSH_v0501/../../../../sh-coff/lib\libc.a(atexit.o)
 .comment       0x060372a0       0x20 C:/saturn/SH_COFF/sh-coff/bin/../lib/gcc/sh-coff/3.4-GNUSH_v0501/../../../../sh-coff/lib\libc.a(impure.o)
 .comment       0x060372c0       0x20 C:/saturn/SH_COFF/sh-coff/bin/../lib/gcc/sh-coff/3.4-GNUSH_v0501/../../../../sh-coff/lib\libc.a(malloc.o)
 .comment       0x060372e0       0x20 C:/saturn/SH_COFF/sh-coff/bin/../lib/gcc/sh-coff/3.4-GNUSH_v0501/../../../../sh-coff/lib\libc.a(mallocr.o)
 .comment       0x06037300       0x20 C:/saturn/SH_COFF/sh-coff/bin/../lib/gcc/sh-coff/3.4-GNUSH_v0501/../../../../sh-coff/lib\libc.a(freer.o)
 .comment       0x06037320       0x20 C:/saturn/SH_COFF/sh-coff/bin/../lib/gcc/sh-coff/3.4-GNUSH_v0501/../../../../sh-coff/lib\libc.a(mlock.o)
 .comment       0x06037340       0x20 C:/saturn/SH_COFF/sh-coff/bin/../lib/gcc/sh-coff/3.4-GNUSH_v0501/../../../../sh-coff/lib\libc.a(sbrkr.o)
 .comment       0x06037360       0x20 C:/saturn/SH_COFF/sh-coff/bin/../lib/gcc/sh-coff/3.4-GNUSH_v0501/../../../../sh-coff/lib\libc.a(syscalls.o)
 .comment       0x06037380       0x20 C:/saturn/SH_COFF/sh-coff/bin/../lib/gcc/sh-coff/3.4-GNUSH_v0501/../../../../sh-coff/lib\libc.a(abort.o)
 .comment       0x060373a0       0x20 C:/saturn/SH_COFF/sh-coff/bin/../lib/gcc/sh-coff/3.4-GNUSH_v0501/../../../../sh-coff/lib\libc.a(signal.o)
 .comment       0x060373c0       0x20 C:/saturn/SH_COFF/sh-coff/bin/../lib/gcc/sh-coff/3.4-GNUSH_v0501/../../../../sh-coff/lib\libc.a(signalr.o)
