Archive member included because of file (symbol)

../sbl6/segalib/lib/sega_int.a(int.o)
                              vblank.o (INT_SetScuFunc)
../sbl6/segalib/lib/sega_int.a(int_trmp.o)
                              ../sbl6/segalib/lib/sega_int.a(int.o) (__interrupt_handler0)
../sbl6/segalib/lib/sega_spr.a(spr_2c.o)
                              main.o (SPR_2Initial)
../sbl6/segalib/lib/sega_spr.a(spr_slv.o)
                              ../sbl6/segalib/lib/sega_spr.a(spr_2c.o) (SPR_InitSlaveSH)
../sbl6/segalib/lib/sega_spr.a(spr_1c.o)
                              ../sbl6/segalib/lib/sega_spr.a(spr_2c.o) (SPR_Initial)
../sbl6/segalib/lib/sega_spr.a(spr_2a.o)
                              ../sbl6/segalib/lib/sega_spr.a(spr_2c.o) (SPR_2SetDrawPrty)
../sbl6/segalib/lib/sega_scl.a(scl_vblv.o)
                              ../sbl6/segalib/lib/sega_spr.a(spr_1c.o) (SpFrameChgMode)
../sbl6/segalib/lib/sega_scl.a(scl_func.o)
                              main.o (SCL_Vdp2Init)
../sbl6/segalib/lib/sega_scl.a(scl_pr03.o)
                              scroll.o (SCL_AllocColRam)
../sbl6/segalib/lib/sega_scl.a(scl_pr02.o)
                              scroll.o (SCL_SetColRam)
../sbl6/segalib/lib/sega_scl.a(scl_back.o)
                              scroll.o (SCL_SetBack)
../sbl6/segalib/lib/sega_scl.a(scl_fu03.o)
                              scroll.o (SCL_InitConfigTb)
../sbl6/segalib/lib/sega_scl.a(scl_fu02.o)
                              scroll.o (SCL_InitVramConfigTb)
../sbl6/segalib/lib/sega_scl.a(scl_fu04.o)
                              scroll.o (SCL_SetCycleTable)
../sbl6/segalib/lib/sega_scl.a(scl_pr07.o)
                              main.o (SCL_SetPriority)
../sbl6/segalib/lib/sega_scl.a(scl_pr01.o)
                              main.o (SCL_SetSpriteMode)
../sbl6/segalib/lib/sega_scl.a(scl_pri.o)
                              ../sbl6/segalib/lib/sega_scl.a(scl_func.o) (SclRealOtherPri)
../sbl6/segalib/lib/sega_scl.a(scl_ro00.o)
                              ../sbl6/segalib/lib/sega_scl.a(scl_func.o) (SCL_Rotate)
../sbl6/segalib/lib/sega_scl.a(scl_pr06.o)
                              ../sbl6/segalib/lib/sega_scl.a(scl_pr03.o) (SCL_SetColRamOffset)
../sbl6/segalib/lib/sega_scl.a(scl_pr05.o)
                              ../sbl6/segalib/lib/sega_scl.a(scl_pr02.o) (SCL_GetColRamOffset)
../sbl6/segalib/lib/sega_mth.a(mth_fixd.o)
                              sprite.o (MTH_Mul)
../sbl6/segalib/lib/sega_mth.a(mth_tri.o)
                              sprite.o (MTH_Sin)
../sbl6/segalib/lib/sega_per.a(per_prt.o)
                              ../sbl6/segasmp/per/smpclib/per_x2.o (PER_LInit)
../sbl6/segalib/lib/sega_sat.a(DMA_SCU1.o)
                              ../sbl6/segalib/lib/sega_spr.a(spr_2c.o) (DMA_ScuMemCopy)
../sbl6/segalib/lib/sega_sat.a(DMA_SCU0.o)
                              ../sbl6/segalib/lib/sega_sat.a(DMA_SCU1.o) (DMA_ScuSetPrm)
../sbl6/segalib/lib/sega_sat.a(csh_main.o)
                              ../sbl6/segalib/lib/sega_sat.a(DMA_SCU1.o) (CSH_Purge)
c:/saturn/SH_COFF/sh-coff/bin/../lib/gcc/sh-coff/3.4-GNUSH_v0501\libgcc.a(_ashiftlt.o)
                              scroll.o (__ashlsi3)
c:/saturn/SH_COFF/sh-coff/bin/../lib/gcc/sh-coff/3.4-GNUSH_v0501\libgcc.a(__main.o)
                              main.o (__main)
c:/saturn/SH_COFF/sh-coff/bin/../lib/gcc/sh-coff/3.4-GNUSH_v0501\libgcc.a(_udivsi3.o)
                              ../sbl6/segalib/lib/sega_scl.a(scl_fu03.o) (__udivsi3)
c:/saturn/SH_COFF/sh-coff/bin/../lib/gcc/sh-coff/3.4-GNUSH_v0501\libgcc.a(_ashiftrt.o)
                              ../sbl6/segalib/lib/sega_scl.a(scl_ro00.o) (__ashiftrt_r4_6)
c:/saturn/SH_COFF/sh-coff/bin/../lib/gcc/sh-coff/3.4-GNUSH_v0501\libgcc.a(_si_to_df.o)
                              ../sbl6/segalib/lib/sega_scl.a(scl_ro00.o) (__floatsidf)
c:/saturn/SH_COFF/sh-coff/bin/../lib/gcc/sh-coff/3.4-GNUSH_v0501\libgcc.a(_mul_df.o)
                              ../sbl6/segalib/lib/sega_scl.a(scl_ro00.o) (__muldf3)
c:/saturn/SH_COFF/sh-coff/bin/../lib/gcc/sh-coff/3.4-GNUSH_v0501\libgcc.a(_df_to_si.o)
                              ../sbl6/segalib/lib/sega_scl.a(scl_ro00.o) (__fixdfsi)
c:/saturn/SH_COFF/sh-coff/bin/../lib/gcc/sh-coff/3.4-GNUSH_v0501\libgcc.a(_pack_df.o)
                              c:/saturn/SH_COFF/sh-coff/bin/../lib/gcc/sh-coff/3.4-GNUSH_v0501\libgcc.a(_si_to_df.o) (__pack_d)
c:/saturn/SH_COFF/sh-coff/bin/../lib/gcc/sh-coff/3.4-GNUSH_v0501\libgcc.a(_unpack_df.o)
                              c:/saturn/SH_COFF/sh-coff/bin/../lib/gcc/sh-coff/3.4-GNUSH_v0501\libgcc.a(_mul_df.o) (__unpack_d)
c:/saturn/SH_COFF/sh-coff/bin/../lib/gcc/sh-coff/3.4-GNUSH_v0501\libgcc.a(_thenan_df.o)
                              c:/saturn/SH_COFF/sh-coff/bin/../lib/gcc/sh-coff/3.4-GNUSH_v0501\libgcc.a(_mul_df.o) (__thenan_df)
c:/saturn/SH_COFF/sh-coff/bin/../lib/gcc/sh-coff/3.4-GNUSH_v0501\libgcc.a(_muldi3.o)
                              c:/saturn/SH_COFF/sh-coff/bin/../lib/gcc/sh-coff/3.4-GNUSH_v0501\libgcc.a(_mul_df.o) (__muldi3)
c:/saturn/SH_COFF/sh-coff/bin/../lib/gcc/sh-coff/3.4-GNUSH_v0501\libgcc.a(_lshrdi3.o)
                              c:/saturn/SH_COFF/sh-coff/bin/../lib/gcc/sh-coff/3.4-GNUSH_v0501\libgcc.a(_df_to_si.o) (__lshrdi3)
c:/saturn/SH_COFF/sh-coff/bin/../lib/gcc/sh-coff/3.4-GNUSH_v0501\libgcc.a(_ashldi3.o)
                              c:/saturn/SH_COFF/sh-coff/bin/../lib/gcc/sh-coff/3.4-GNUSH_v0501\libgcc.a(_pack_df.o) (__ashldi3)
c:/saturn/SH_COFF/sh-coff/bin/../lib/gcc/sh-coff/3.4-GNUSH_v0501\libgcc.a(_mulsi3.o)
                              c:/saturn/SH_COFF/sh-coff/bin/../lib/gcc/sh-coff/3.4-GNUSH_v0501\libgcc.a(_muldi3.o) (__mulsi3)
c:/saturn/SH_COFF/sh-coff/bin/../lib/gcc/sh-coff/3.4-GNUSH_v0501\libgcc.a(_lshiftrt.o)
                              c:/saturn/SH_COFF/sh-coff/bin/../lib/gcc/sh-coff/3.4-GNUSH_v0501\libgcc.a(_lshrdi3.o) (__lshrsi3)
c:/saturn/SH_COFF/sh-coff/bin/../lib/gcc/sh-coff/3.4-GNUSH_v0501/../../../../sh-coff/lib\libc.a(memcpy.o)
                              scroll.o (memcpy)
c:/saturn/SH_COFF/sh-coff/bin/../lib/gcc/sh-coff/3.4-GNUSH_v0501/../../../../sh-coff/lib\libc.a(memset.o)
                              ../sbl6/segalib/lib/sega_spr.a(spr_2c.o) (memset)
c:/saturn/SH_COFF/sh-coff/bin/../lib/gcc/sh-coff/3.4-GNUSH_v0501/../../../../sh-coff/lib\libc.a(atexit.o)
                              c:/saturn/SH_COFF/sh-coff/bin/../lib/gcc/sh-coff/3.4-GNUSH_v0501\libgcc.a(__main.o) (atexit)
c:/saturn/SH_COFF/sh-coff/bin/../lib/gcc/sh-coff/3.4-GNUSH_v0501/../../../../sh-coff/lib\libc.a(impure.o)
                              c:/saturn/SH_COFF/sh-coff/bin/../lib/gcc/sh-coff/3.4-GNUSH_v0501/../../../../sh-coff/lib\libc.a(atexit.o) (_impure_ptr)
c:/saturn/SH_COFF/sh-coff/bin/../lib/gcc/sh-coff/3.4-GNUSH_v0501/../../../../sh-coff/lib\libc.a(malloc.o)
                              c:/saturn/SH_COFF/sh-coff/bin/../lib/gcc/sh-coff/3.4-GNUSH_v0501/../../../../sh-coff/lib\libc.a(atexit.o) (malloc)
c:/saturn/SH_COFF/sh-coff/bin/../lib/gcc/sh-coff/3.4-GNUSH_v0501/../../../../sh-coff/lib\libc.a(mallocr.o)
                              c:/saturn/SH_COFF/sh-coff/bin/../lib/gcc/sh-coff/3.4-GNUSH_v0501/../../../../sh-coff/lib\libc.a(malloc.o) (_malloc_r)
c:/saturn/SH_COFF/sh-coff/bin/../lib/gcc/sh-coff/3.4-GNUSH_v0501/../../../../sh-coff/lib\libc.a(freer.o)
                              c:/saturn/SH_COFF/sh-coff/bin/../lib/gcc/sh-coff/3.4-GNUSH_v0501/../../../../sh-coff/lib\libc.a(malloc.o) (_free_r)
c:/saturn/SH_COFF/sh-coff/bin/../lib/gcc/sh-coff/3.4-GNUSH_v0501/../../../../sh-coff/lib\libc.a(mlock.o)
                              c:/saturn/SH_COFF/sh-coff/bin/../lib/gcc/sh-coff/3.4-GNUSH_v0501/../../../../sh-coff/lib\libc.a(mallocr.o) (__malloc_lock)
c:/saturn/SH_COFF/sh-coff/bin/../lib/gcc/sh-coff/3.4-GNUSH_v0501/../../../../sh-coff/lib\libc.a(sbrkr.o)
                              c:/saturn/SH_COFF/sh-coff/bin/../lib/gcc/sh-coff/3.4-GNUSH_v0501/../../../../sh-coff/lib\libc.a(mallocr.o) (_sbrk_r)
c:/saturn/SH_COFF/sh-coff/bin/../lib/gcc/sh-coff/3.4-GNUSH_v0501/../../../../sh-coff/lib\libc.a(syscalls.o)
                              c:/saturn/SH_COFF/sh-coff/bin/../lib/gcc/sh-coff/3.4-GNUSH_v0501/../../../../sh-coff/lib\libc.a(sbrkr.o) (_sbrk)
c:/saturn/SH_COFF/sh-coff/bin/../lib/gcc/sh-coff/3.4-GNUSH_v0501/../../../../sh-coff/lib\libc.a(trap.o)
                              c:/saturn/SH_COFF/sh-coff/bin/../lib/gcc/sh-coff/3.4-GNUSH_v0501/../../../../sh-coff/lib\libc.a(syscalls.o) (__trap34)
c:/saturn/SH_COFF/sh-coff/bin/../lib/gcc/sh-coff/3.4-GNUSH_v0501/../../../../sh-coff/lib\libc.a(abort.o)
                              c:/saturn/SH_COFF/sh-coff/bin/../lib/gcc/sh-coff/3.4-GNUSH_v0501/../../../../sh-coff/lib\libc.a(syscalls.o) (abort)
c:/saturn/SH_COFF/sh-coff/bin/../lib/gcc/sh-coff/3.4-GNUSH_v0501/../../../../sh-coff/lib\libc.a(signal.o)
                              c:/saturn/SH_COFF/sh-coff/bin/../lib/gcc/sh-coff/3.4-GNUSH_v0501/../../../../sh-coff/lib\libc.a(abort.o) (raise)
c:/saturn/SH_COFF/sh-coff/bin/../lib/gcc/sh-coff/3.4-GNUSH_v0501/../../../../sh-coff/lib\libc.a(signalr.o)
                              c:/saturn/SH_COFF/sh-coff/bin/../lib/gcc/sh-coff/3.4-GNUSH_v0501/../../../../sh-coff/lib\libc.a(signal.o) (_kill_r)

Allocating common symbols
Common symbol       size              file

SclRbgKtbAddr       0x8               ../sbl6/segalib/lib/sega_scl.a(scl_func.o)
sprites             0x1900            sprite.o
SpMstCmd            0x4               ../sbl6/segalib/lib/sega_spr.a(spr_2c.o)
SclRb               0x1               ../sbl6/segalib/lib/sega_scl.a(scl_func.o)
Scl_flag            0x2               ../sbl6/segalib/lib/sega_scl.a(scl_func.o)
per_get_time_flg    0x1               ../sbl6/segalib/lib/sega_per.a(per_prt.o)
SpScreenY           0x4               ../sbl6/segalib/lib/sega_spr.a(spr_1c.o)
SclK_TableBuff      0xcd0             ../sbl6/segalib/lib/sega_scl.a(scl_func.o)
SclAutoEndBlue2     0x2               ../sbl6/segalib/lib/sega_scl.a(scl_pri.o)
SpFbcrMode          0x2               ../sbl6/segalib/lib/sega_spr.a(spr_1c.o)
Sp2OpenFlag         0x4               ../sbl6/segalib/lib/sega_spr.a(spr_2c.o)
SclColOffset        0x10              ../sbl6/segalib/lib/sega_scl.a(scl_pri.o)
SclAddrCsTbl        0x8               ../sbl6/segalib/lib/sega_scl.a(scl_func.o)
SclPriBuffDirty     0x1               ../sbl6/segalib/lib/sega_scl.a(scl_pri.o)
SclAutoEndRed       0x2               ../sbl6/segalib/lib/sega_scl.a(scl_pri.o)
player              0x20              player.o
SclAutoSurface      0x4               ../sbl6/segalib/lib/sega_scl.a(scl_pri.o)
__interrupt_vector  0x400             ../sbl6/segalib/lib/sega_int.a(int.o)
per_hot_res         0x1               ../sbl6/segalib/lib/sega_per.a(per_prt.o)
SclCsx              0x8               ../sbl6/segalib/lib/sega_scl.a(scl_ro00.o)
Scl_s_reg           0x28              ../sbl6/segalib/lib/sega_scl.a(scl_func.o)
SclAutoGreen        0x2               ../sbl6/segalib/lib/sega_scl.a(scl_pri.o)
SclAutoEndGreen     0x2               ../sbl6/segalib/lib/sega_scl.a(scl_pri.o)
SclAutoCount        0x4               ../sbl6/segalib/lib/sega_scl.a(scl_pri.o)
SpGourTblMax        0x4               ../sbl6/segalib/lib/sega_spr.a(spr_2c.o)
SclColRamAlloc256   0x20              ../sbl6/segalib/lib/sega_scl.a(scl_pri.o)
SclRotateXy         0x8               ../sbl6/segalib/lib/sega_scl.a(scl_func.o)
SpDrawPrtyBlk       0x4               ../sbl6/segalib/lib/sega_spr.a(spr_2c.o)
SclAutoCurRate      0x1               ../sbl6/segalib/lib/sega_scl.a(scl_pri.o)
SpLCoordX           0x4               ../sbl6/segalib/lib/sega_spr.a(spr_2c.o)
maps                0xc               scroll.o
SpMstDrawPrtyBlk    0x4               ../sbl6/segalib/lib/sega_spr.a(spr_2c.o)
SclAutoPlusFlag     0x1               ../sbl6/segalib/lib/sega_scl.a(scl_pri.o)
per_set_sys_flg     0x1               ../sbl6/segalib/lib/sega_per.a(per_prt.o)
Scl_d_reg           0x48              ../sbl6/segalib/lib/sega_scl.a(scl_func.o)
SclRotateDisp       0x8               ../sbl6/segalib/lib/sega_scl.a(scl_func.o)
SpGourTbl           0x4               ../sbl6/segalib/lib/sega_spr.a(spr_2c.o)
SclSpColMix         0x8               ../sbl6/segalib/lib/sega_scl.a(scl_pri.o)
SpDil               0x2               ../sbl6/segalib/lib/sega_spr.a(spr_1c.o)
SpLookupTblR        0x2               ../sbl6/segalib/lib/sega_spr.a(spr_2c.o)
SclAutoMax          0x4               ../sbl6/segalib/lib/sega_scl.a(scl_pri.o)
SpCmdTbl            0x4               ../sbl6/segalib/lib/sega_spr.a(spr_2c.o)
SclRotateMoveZ      0x8               ../sbl6/segalib/lib/sega_scl.a(scl_func.o)
SclLineColRamOffset
                    0x4               ../sbl6/segalib/lib/sega_scl.a(scl_pri.o)
SclRotXySw          0x4               ../sbl6/segalib/lib/sega_scl.a(scl_func.o)
per_get_time_adr    0x4               ../sbl6/segalib/lib/sega_per.a(per_prt.o)
SclColRamAlloc2048  0x4               ../sbl6/segalib/lib/sega_scl.a(scl_pri.o)
SclBgPriNum         0x6               ../sbl6/segalib/lib/sega_scl.a(scl_pri.o)
SpCharMax           0x4               ../sbl6/segalib/lib/sega_spr.a(spr_2c.o)
SpDrawPrtyProcFlag  0x4               ../sbl6/segalib/lib/sega_spr.a(spr_2c.o)
SclAutoEndBlue      0x2               ../sbl6/segalib/lib/sega_scl.a(scl_pri.o)
SpCmdNo             0x4               ../sbl6/segalib/lib/sega_spr.a(spr_2c.o)
SclAutoEndGreen2    0x2               ../sbl6/segalib/lib/sega_scl.a(scl_pri.o)
Scl_r_reg           0x10              ../sbl6/segalib/lib/sega_scl.a(scl_func.o)
SclRPMD             0x2               ../sbl6/segalib/lib/sega_scl.a(scl_func.o)
SpDrawPrtyBlkMax    0x4               ../sbl6/segalib/lib/sega_spr.a(spr_2c.o)
SpDie               0x2               ../sbl6/segalib/lib/sega_spr.a(spr_1c.o)
SclAutoVeFlag       0x1               ../sbl6/segalib/lib/sega_scl.a(scl_pri.o)
SclBgColMix         0x8               ../sbl6/segalib/lib/sega_scl.a(scl_pri.o)
text                0x460             print.o
SpSlvCmdPos         0x4               ../sbl6/segalib/lib/sega_spr.a(spr_2c.o)
per_get_sys_data    0xc               ../sbl6/segalib/lib/sega_per.a(per_prt.o)
SclRbgKtbOffset     0x8               ../sbl6/segalib/lib/sega_scl.a(scl_func.o)
SclAutoIndex        0x4               ../sbl6/segalib/lib/sega_scl.a(scl_pri.o)
SclAutoEndRate      0x1               ../sbl6/segalib/lib/sega_scl.a(scl_pri.o)
SpSlvDrawPrtyBlk    0x4               ../sbl6/segalib/lib/sega_spr.a(spr_2c.o)
_SclRotregBuff      0xd0              ../sbl6/segalib/lib/sega_scl.a(scl_func.o)
SclAutoBlue         0x2               ../sbl6/segalib/lib/sega_scl.a(scl_pri.o)
SpTvMode            0x2               ../sbl6/segalib/lib/sega_spr.a(spr_1c.o)
SpScreenX           0x4               ../sbl6/segalib/lib/sega_spr.a(spr_1c.o)
SclRa               0x1               ../sbl6/segalib/lib/sega_scl.a(scl_func.o)
SclRotateZ          0x8               ../sbl6/segalib/lib/sega_scl.a(scl_func.o)
SpCharTbl           0x4               ../sbl6/segalib/lib/sega_spr.a(spr_2c.o)
SclAddrLsTbl        0x8               ../sbl6/segalib/lib/sega_scl.a(scl_func.o)
SclK_TableNum       0x8               ../sbl6/segalib/lib/sega_scl.a(scl_func.o)
SclAutoRed          0x2               ../sbl6/segalib/lib/sega_scl.a(scl_pri.o)
SpCmdTblR           0x2               ../sbl6/segalib/lib/sega_spr.a(spr_2c.o)
SclAutoInterval     0x4               ../sbl6/segalib/lib/sega_scl.a(scl_pri.o)
SclOtherPri         0x10              ../sbl6/segalib/lib/sega_scl.a(scl_pri.o)
per_time_out_flg    0x1               ../sbl6/segalib/lib/sega_per.a(per_prt.o)
SclRotateTableAddress
                    0x4               ../sbl6/segalib/lib/sega_scl.a(scl_func.o)
SpMstCmdPos         0x4               ../sbl6/segalib/lib/sega_spr.a(spr_2c.o)
SpSlvCmd            0x4               ../sbl6/segalib/lib/sega_spr.a(spr_2c.o)
SclAutoRGB          0x600             ../sbl6/segalib/lib/sega_scl.a(scl_pri.o)
errno               0x4               c:/saturn/SH_COFF/sh-coff/bin/../lib/gcc/sh-coff/3.4-GNUSH_v0501/../../../../sh-coff/lib\libc.a(syscalls.o)
SclK_TableFlag      0x4               ../sbl6/segalib/lib/sega_scl.a(scl_func.o)
SclAutoEndRed2      0x2               ../sbl6/segalib/lib/sega_scl.a(scl_pri.o)
SclCsy              0x8               ../sbl6/segalib/lib/sega_scl.a(scl_ro00.o)
SclSpPriNum         0x8               ../sbl6/segalib/lib/sega_scl.a(scl_pri.o)
Scl_w_reg           0x20              ../sbl6/segalib/lib/sega_scl.a(scl_func.o)
SpLCoordY           0x4               ../sbl6/segalib/lib/sega_spr.a(spr_2c.o)
Scl_n_reg           0x40              ../sbl6/segalib/lib/sega_scl.a(scl_func.o)

Memory Configuration

Name             Origin             Length             Attributes
*default*        0x00000000         0xffffffff

Linker script and memory map

LOAD ../sbl6/segasmp/lib/strt1_g.o
LOAD ../sbl6/segasmp/lib/strt2_g.o
LOAD vblank.o
LOAD ../sbl6/segasmp/per/smpclib/per_x1.o
LOAD ../sbl6/segasmp/per/smpclib/per_x2.o
LOAD ../sbl6/segasmp/per/smpclib/per_x3.o
LOAD graphics.o
LOAD sprite.o
LOAD scroll.o
LOAD player.o
LOAD print.o
LOAD main.o
LOAD ../sbl6/segalib/lib/sega_int.a
LOAD ../sbl6/segalib/lib/sega_spr.a
LOAD ../sbl6/segalib/lib/sega_scl.a
LOAD ../sbl6/segalib/lib/sega_mth.a
LOAD ../sbl6/segalib/lib/sega_cdc.a
LOAD ../sbl6/segalib/lib/sega_adp.a
LOAD ../sbl6/segalib/lib/sega_per.a
LOAD ../sbl6/segalib/lib/sega_sat.a
LOAD c:/saturn/SH_COFF/sh-coff/bin/../lib/gcc/sh-coff/3.4-GNUSH_v0501\libgcc.a
LOAD c:/saturn/SH_COFF/sh-coff/bin/../lib/gcc/sh-coff/3.4-GNUSH_v0501/../../../../sh-coff/lib\libc.a
LOAD c:/saturn/SH_COFF/sh-coff/bin/../lib/gcc/sh-coff/3.4-GNUSH_v0501\libgcc.a

.text           0x06010000    0x158c0
 *(.text)
 .text          0x06010000       0x30 ../sbl6/segasmp/lib/strt1_g.o
                0x06010024                _D_END
                0x06010020                _D_BGN
                0x0601002c                _B_END
                0x06010028                _B_BGN
                0x06010000                START
 .text          0x06010030       0x60 ../sbl6/segasmp/lib/strt2_g.o
                0x06010050                _INITSCT
                0x06010030                _INIT
 .text          0x06010090      0x4b0 vblank.o
                0x06010090                SetVblank
                0x06010440                UsrVblankOut
                0x060100f0                UsrVblankIn
 .text          0x06010540      0x430 ../sbl6/segasmp/per/smpclib/per_x1.o
                0x060108d4                PER_GetAnalogXYZ
                0x06010564                PER_GetTriggerHandler
                0x060107fe                PER_GetEdge
                0x0601077c                PER_GetTrigger
                0x06010828                PER_GetPressEdge
                0x0601087c                PER_GetReleaseEdge
                0x06010540                PER_SetTriggerHandler
 .text          0x06010970      0x200 ../sbl6/segasmp/per/smpclib/per_x2.o
                0x06010a74                PER_GetDeviceA
                0x06010970                PER_OpenPort
                0x060109a8                PER_GetPort
                0x06010aee                PER_GetDeviceR
 .text          0x06010b70       0x20 ../sbl6/segasmp/per/smpclib/per_x3.o
                0x06010b70                PER_DisguiseTrigger
 .text          0x06010b90     0x9e50 graphics.o
                0x0601a5dc                font3
                0x0601a8dc                font0
                0x060197dc                guy0
                0x06019fdc                font9
                0x060177dc                guyback1
                0x06010b90                map1
                0x06017fdc                guyback0
                0x0601a4dc                font4
                0x0601a2dc                font6
                0x0601a7dc                font1
                0x06018fdc                guy1
                0x06012b90                wood_chr
                0x060167dc                guyside0
                0x06015390                wood_pal
                0x0601a1dc                font7
                0x06016fdc                guyback2
                0x06015fdc                guyside1
                0x060157dc                guyside2
                0x0601a6dc                font2
                0x0601a3dc                font5
                0x060187dc                guy2
                0x06015790                dimensions
                0x0601a0dc                font8
 .text          0x0601a9e0      0x380 sprite.o
                0x0601a9e0                draw_sprite
                0x0601acd0                next_sprite
                0x0601ac80                make_sprite
                0x0601ad30                delete_sprite
 .text          0x0601ad60      0x330 scroll.o
                0x0601b050                get_map_val
                0x0601aee0                move_scroll
                0x0601ad60                init_scroll
 .text          0x0601b090      0x280 player.o
                0x0601b090                player_side
                0x0601b0a0                player_down
                0x0601b098                player_up
                0x0601b0a8                states
                0x0601b1e0                player_input
                0x0601b0d0                player_init
                0x0601b110                player_animate
 .text          0x0601b310      0x130 print.o
                0x0601b3a0                print_display
                0x0601b350                print_num
                0x0601b310                print_init
 .text          0x0601b440      0x140 main.o
                0x0601b440                main
 .text          0x0601b580       0x40 ../sbl6/segalib/lib/sega_int.a(int.o)
                0x0601b5ac                INT_GetScuFunc
                0x0601b580                INT_SetScuFunc
 .text          0x0601b5c0      0x624 ../sbl6/segalib/lib/sega_int.a(int_trmp.o)
                0x0601b728                __interrupt_handler60
                0x0601b8d8                __interrupt_handler132
                0x0601ba8e                __interrupt_handler205
                0x0601b8f6                __interrupt_handler137
                0x0601b824                __interrupt_handler102
                0x0601b662                __interrupt_handler27
                0x0601ba64                __interrupt_handler198
                0x0601b956                __interrupt_handler153
                0x0601b63e                __interrupt_handler21
                0x0601b74c                __interrupt_handler66
                0x0601b83c                __interrupt_handler106
                0x0601b986                __interrupt_handler161
                0x0601b7d0                __interrupt_handler88
                0x0601b99e                __interrupt_handler165
                0x0601b8ae                __interrupt_handler125
                0x0601b5e4                __interrupt_handler6
                0x0601b680                __interrupt_handler32
                0x0601ba3a                __interrupt_handler191
                0x0601bb54                __interrupt_handler238
                0x0601bb6c                __interrupt_handler242
                0x0601b974                __interrupt_handler158
                0x0601b7dc                __interrupt_handler90
                0x0601b998                __interrupt_handler164
                0x0601b6bc                __interrupt_handler42
                0x0601b9fe                __interrupt_handler181
                0x0601bb06                __interrupt_handler225
                0x0601bbae                __interrupt_handler253
                0x0601b9c2                __interrupt_handler171
                0x0601b77c                __interrupt_handler74
                0x0601b5d2                __interrupt_handler3
                0x0601b716                __interrupt_handler57
                0x0601b614                __interrupt_handler14
                0x0601baac                __interrupt_handler210
                0x0601badc                __interrupt_handler218
                0x0601baa0                __interrupt_handler208
                0x0601b6a4                __interrupt_handler38
                0x0601b5c0                __interrupt_handler0
                0x0601b830                __interrupt_handler104
                0x0601b96e                __interrupt_handler157
                0x0601babe                __interrupt_handler213
                0x0601b9b0                __interrupt_handler168
                0x0601b7be                __interrupt_handler85
                0x0601b85a                __interrupt_handler111
                0x0601b86c                __interrupt_handler114
                0x0601b6da                __interrupt_handler47
                0x0601bb30                __interrupt_handler232
                0x0601bafa                __interrupt_handler223
                0x0601bb4e                __interrupt_handler237
                0x0601b73a                __interrupt_handler63
                0x0601b6c8                __interrupt_handler44
                0x0601b9da                __interrupt_handler175
                0x0601ba04                __interrupt_handler182
                0x0601ba1c                __interrupt_handler186
                0x0601b91a                __interrupt_handler143
                0x0601b842                __interrupt_handler107
                0x0601b8a8                __interrupt_handler124
                0x0601b9c8                __interrupt_handler172
                0x0601bb7e                __interrupt_handler245
                0x0601b7fa                __interrupt_handler95
                0x0601b8d2                __interrupt_handler131
                0x0601b8e4                __interrupt_handler134
                0x0601b902                __interrupt_handler139
                0x0601b770                __interrupt_handler72
                0x0601bb2a                __interrupt_handler231
                0x0601b980                __interrupt_handler160
                0x0601b8c6                __interrupt_handler129
                0x0601b638                __interrupt_handler20
                0x0601b746                __interrupt_handler65
                0x0601b710                __interrupt_handler56
                0x0601b60e                __interrupt_handler13
                0x0601baa6                __interrupt_handler209
                0x0601b860                __interrupt_handler112
                0x0601b632                __interrupt_handler19
                0x0601b7ee                __interrupt_handler93
                0x0601ba58                __interrupt_handler196
                0x0601b94a                __interrupt_handler151
                0x0601b9aa                __interrupt_handler167
                0x0601bbc0                __trampoline
                0x0601b626                __interrupt_handler17
                0x0601bb18                __interrupt_handler228
                0x0601bbba                __interrupt_handler255
                0x0601bb78                __interrupt_handler244
                0x0601b812                __interrupt_handler99
                0x0601ba0a                __interrupt_handler183
                0x0601b908                __interrupt_handler140
                0x0601ba2e                __interrupt_handler189
                0x0601b92c                __interrupt_handler146
                0x0601baf4                __interrupt_handler222
                0x0601b968                __interrupt_handler156
                0x0601b89c                __interrupt_handler122
                0x0601bb90                __interrupt_handler248
                0x0601b6e0                __interrupt_handler48
                0x0601b75e                __interrupt_handler69
                0x0601b650                __interrupt_handler24
                0x0601b7d6                __interrupt_handler89
                0x0601baca                __interrupt_handler215
                0x0601bbb4                __interrupt_handler254
                0x0601b7ca                __interrupt_handler87
                0x0601b72e                __interrupt_handler61
                0x0601ba52                __interrupt_handler195
                0x0601b944                __interrupt_handler150
                0x0601b6b6                __interrupt_handler41
                0x0601b854                __interrupt_handler110
                0x0601b8ba                __interrupt_handler127
                0x0601b848                __interrupt_handler108
                0x0601b866                __interrupt_handler113
                0x0601b878                __interrupt_handler116
                0x0601b896                __interrupt_handler121
                0x0601b78e                __interrupt_handler77
                0x0601b6aa                __interrupt_handler39
                0x0601b6c2                __interrupt_handler43
                0x0601bb96                __interrupt_handler249
                0x0601b9d4                __interrupt_handler174
                0x0601b8f0                __interrupt_handler136
                0x0601ba28                __interrupt_handler188
                0x0601b926                __interrupt_handler145
                0x0601b5f6                __interrupt_handler9
                0x0601b79a                __interrupt_handler79
                0x0601bb12                __interrupt_handler227
                0x0601b68c                __interrupt_handler34
                0x0601b8cc                __interrupt_handler130
                0x0601bb8a                __interrupt_handler247
                0x0601b782                __interrupt_handler75
                0x0601b9ce                __interrupt_handler173
                0x0601b6fe                __interrupt_handler53
                0x0601b93e                __interrupt_handler149
                0x0601bba2                __interrupt_handler251
                0x0601bb36                __interrupt_handler233
                0x0601b5fc                __interrupt_handler10
                0x0601ba88                __interrupt_handler204
                0x0601b7ac                __interrupt_handler82
                0x0601b7b2                __interrupt_handler83
                0x0601b656                __interrupt_handler25
                0x0601bb72                __interrupt_handler243
                0x0601b98c                __interrupt_handler162
                0x0601b6d4                __interrupt_handler46
                0x0601b9ec                __interrupt_handler178
                0x0601b7a0                __interrupt_handler80
                0x0601b734                __interrupt_handler62
                0x0601b5cc                __interrupt_handler2
                0x0601b66e                __interrupt_handler29
                0x0601b764                __interrupt_handler70
                0x0601b84e                __interrupt_handler109
                0x0601b938                __interrupt_handler148
                0x0601b7f4                __interrupt_handler94
                0x0601bb00                __interrupt_handler224
                0x0601b82a                __interrupt_handler103
                0x0601b698                __interrupt_handler36
                0x0601b8b4                __interrupt_handler126
                0x0601bb84                __interrupt_handler246
                0x0601b70a                __interrupt_handler55
                0x0601b608                __interrupt_handler12
                0x0601b6f8                __interrupt_handler52
                0x0601ba22                __interrupt_handler187
                0x0601b920                __interrupt_handler144
                0x0601b87e                __interrupt_handler117
                0x0601b62c                __interrupt_handler18
                0x0601ba5e                __interrupt_handler197
                0x0601b950                __interrupt_handler152
                0x0601b884                __interrupt_handler118
                0x0601b9bc                __interrupt_handler170
                0x0601ba76                __interrupt_handler201
                0x0601b806                __interrupt_handler97
                0x0601b992                __interrupt_handler163
                0x0601b9f8                __interrupt_handler180
                0x0601ba40                __interrupt_handler192
                0x0601bb60                __interrupt_handler240
                0x0601b8a2                __interrupt_handler123
                0x0601bac4                __interrupt_handler214
                0x0601b67a                __interrupt_handler31
                0x0601b668                __interrupt_handler28
                0x0601b752                __interrupt_handler67
                0x0601b758                __interrupt_handler68
                0x0601b644                __interrupt_handler22
                0x0601b64a                __interrupt_handler23
                0x0601b9e0                __interrupt_handler176
                0x0601b5ea                __interrupt_handler7
                0x0601baee                __interrupt_handler221
                0x0601bad6                __interrupt_handler217
                0x0601bb1e                __interrupt_handler229
                0x0601b6e6                __interrupt_handler49
                0x0601b5d8                __interrupt_handler4
                0x0601b6b0                __interrupt_handler40
                0x0601b872                __interrupt_handler115
                0x0601bb42                __interrupt_handler235
                0x0601b7e2                __interrupt_handler91
                0x0601ba94                __interrupt_handler206
                0x0601b9e6                __interrupt_handler177
                0x0601b932                __interrupt_handler147
                0x0601b69e                __interrupt_handler37
                0x0601bb9c                __interrupt_handler250
                0x0601b5c6                __interrupt_handler1
                0x0601bae2                __interrupt_handler219
                0x0601b788                __interrupt_handler76
                0x0601b818                __interrupt_handler100
                0x0601b71c                __interrupt_handler58
                0x0601b61a                __interrupt_handler15
                0x0601bab8                __interrupt_handler212
                0x0601bb66                __interrupt_handler241
                0x0601ba7c                __interrupt_handler202
                0x0601ba46                __interrupt_handler193
                0x0601b794                __interrupt_handler78
                0x0601b6ec                __interrupt_handler50
                0x0601b686                __interrupt_handler33
                0x0601b9a4                __interrupt_handler166
                0x0601b8fc                __interrupt_handler138
                0x0601b8ea                __interrupt_handler135
                0x0601b674                __interrupt_handler30
                0x0601ba10                __interrupt_handler184
                0x0601b90e                __interrupt_handler141
                0x0601bb24                __interrupt_handler230
                0x0601bb48                __interrupt_handler236
                0x0601b88a                __interrupt_handler119
                0x0601b7c4                __interrupt_handler86
                0x0601b836                __interrupt_handler105
                0x0601b7a6                __interrupt_handler81
                0x0601b890                __interrupt_handler120
                0x0601b8c0                __interrupt_handler128
                0x0601b704                __interrupt_handler54
                0x0601b602                __interrupt_handler11
                0x0601ba6a                __interrupt_handler199
                0x0601b95c                __interrupt_handler154
                0x0601b6ce                __interrupt_handler45
                0x0601bad0                __interrupt_handler216
                0x0601ba82                __interrupt_handler203
                0x0601b81e                __interrupt_handler101
                0x0601b7b8                __interrupt_handler84
                0x0601ba16                __interrupt_handler185
                0x0601b914                __interrupt_handler142
                0x0601b65c                __interrupt_handler26
                0x0601b740                __interrupt_handler64
                0x0601ba70                __interrupt_handler200
                0x0601ba9a                __interrupt_handler207
                0x0601ba4c                __interrupt_handler194
                0x0601b7e8                __interrupt_handler92
                0x0601b962                __interrupt_handler155
                0x0601bab2                __interrupt_handler211
                0x0601b8de                __interrupt_handler133
                0x0601b5de                __interrupt_handler5
                0x0601b776                __interrupt_handler73
                0x0601b620                __interrupt_handler16
                0x0601bb5a                __interrupt_handler239
                0x0601bb3c                __interrupt_handler234
                0x0601b692                __interrupt_handler35
                0x0601b722                __interrupt_handler59
                0x0601b9b6                __interrupt_handler169
                0x0601b80c                __interrupt_handler98
                0x0601b76a                __interrupt_handler71
                0x0601b6f2                __interrupt_handler51
                0x0601b97a                __interrupt_handler159
                0x0601bb0c                __interrupt_handler226
                0x0601b800                __interrupt_handler96
                0x0601ba34                __interrupt_handler190
                0x0601bae8                __interrupt_handler220
                0x0601b5f0                __interrupt_handler8
                0x0601b9f2                __interrupt_handler179
                0x0601bba8                __interrupt_handler252
 *fill*         0x0601bbe4        0xc 00
 .text          0x0601bbf0     0x12a0 ../sbl6/segalib/lib/sega_spr.a(spr_2c.o)
                0x0601ce50                SlaveFlushDrawPrtyBlock
                0x0601bbf0                SPR_2Initial
                0x0601c434                SPR_2SysClip
                0x0601c3d4                SPR_2LocalCoord
                0x0601cccc                SPR_2FlushDrawPrtyBlock
                0x0601c9b8                SPR_2DistSpr
                0x0601c3bc                SPR_2FlushDrawPrty
                0x0601cadc                SPR_2Cmd
                0x0601c0b8                SPR_2GourTblNoToVram
                0x0601c118                SPR_2GetAreaSizeInfo
                0x0601be80                SPR_2SetGourTbl
                0x0601c66c                SPR_2Polygon
                0x0601c0f4                SPR_2CharNoToVram
                0x0601be00                SPR_2SetTvMode
                0x0601c25c                SPR_2CloseCommand
                0x0601be3c                SPR_2FrameEraseData
                0x0601bc18                SPR_2Initial2
                0x0601c84c                SPR_2ScaleSpr
                0x0601c4dc                SPR_2Line
                0x0601c1a8                SPR_2OpenCommand
                0x0601be1c                SPR_2FrameChgIntr
                0x0601c728                SPR_2NormSpr
                0x0601beb0                SPR_2SetLookupTbl
                0x0601bee4                SPR_2SetChar
                0x0601c0dc                SPR_2LookupTblNoToVram
                0x0601c5b0                SPR_2PolyLine
                0x0601c050                SPR_2ClrAllChar
                0x0601c004                SPR_2ClrChar
                0x0601c480                SPR_2UserClip
 .text          0x0601ce90      0x1e6 ../sbl6/segalib/lib/sega_spr.a(spr_slv.o)
                0x0601cff4                SPR_WaitEndSlaveSH
                0x0601ce90                SPR_SMPC_SSHON
                0x0601cfd0                SPR_RunSlaveSH
                0x0601ce94                SPR_InitSlaveSH
                0x0601cf5c                SPR_SlaveSHmain
                0x0601ce91                SPR_SMPC_SSHOFF
 *fill*         0x0601d076        0xa 00
 .text          0x0601d080      0x36a ../sbl6/segalib/lib/sega_spr.a(spr_1c.o)
                0x0601d334                SPR_WaitDrawEnd
                0x0601d34c                SPR_SetEosMode
                0x0601d264                SPR_SetEraseData
                0x0601d080                SPR_Initial
                0x0601d158                SPR_SetTvMode
                0x0601d1f0                SPR_GetStatus
 *fill*         0x0601d3ea        0x6 00
 .text          0x0601d3f0      0x244 ../sbl6/segalib/lib/sega_spr.a(spr_2a.o)
                0x0601d402                sprMemCpyW
                0x0601d460                flushDrawPrtyBlock
                0x0601d3f0                sprMemCpyL
                0x0601d414                SPR_2SetDrawPrty
 *fill*         0x0601d634        0xc 00
 .text          0x0601d640      0x2fc ../sbl6/segalib/lib/sega_scl.a(scl_vblv.o)
                0x0601d6fc                SCL_DisplayFrame
                0x0601d640                SCL_SetFrameInterval
                0x0601d730                SCL_VblInit
                0x0601d780                SCL_VblankStart
                0x0601d7c4                SCL_VblankEnd
 *fill*         0x0601d93c        0x4 00
 .text          0x0601d940      0xb9c ../sbl6/segalib/lib/sega_scl.a(scl_func.o)
                0x0601e31c                SCL_Vdp2_SGLInit
                0x0601e22c                SCL_PriIntProc
                0x0601e1a4                SCL_Memcpyw
                0x0601e4bc                SCL_SglOff
                0x0601e49c                SCL_SglOn
                0x0601e110                SCL_ScrollShow
                0x0601dbb8                SCL_Close
                0x0601deb0                SCL_Scale
                0x0601d940                SCL_Vdp2Init
                0x0601dd24                SCL_Move
                0x0601dfec                SCL_CopyReg
                0x0601db94                SCL_Open
                0x0601d9c4                SCL_ParametersInit
                0x0601dbd4                SCL_MoveTo
                0x0601e1cc                SCL_SetColRamMode
 *fill*         0x0601e4dc        0x4 00
 .text          0x0601e4e0      0x138 ../sbl6/segalib/lib/sega_scl.a(scl_pr03.o)
                0x0601e4e0                SCL_FreeColRam
                0x0601e518                SCL_AllocColRam
 *fill*         0x0601e618        0x8 00
 .text          0x0601e620       0x9c ../sbl6/segalib/lib/sega_scl.a(scl_pr02.o)
                0x0601e620                SCL_SetColRam
 *fill*         0x0601e6bc        0x4 00
 .text          0x0601e6c0       0x84 ../sbl6/segalib/lib/sega_scl.a(scl_back.o)
                0x0601e6c0                SCL_SetBack
 *fill*         0x0601e744        0xc 00
 .text          0x0601e750      0x94c ../sbl6/segalib/lib/sega_scl.a(scl_fu03.o)
                0x0601e7ac                SCL_SetConfig
                0x0601e750                SCL_InitConfigTb
 *fill*         0x0601f09c        0x4 00
 .text          0x0601f0a0      0x4f4 ../sbl6/segalib/lib/sega_scl.a(scl_fu02.o)
                0x0601f0d8                SCL_SetVramConfig
                0x0601f0a0                SCL_InitVramConfigTb
 *fill*         0x0601f594        0xc 00
 .text          0x0601f5a0       0x28 ../sbl6/segalib/lib/sega_scl.a(scl_fu04.o)
                0x0601f5a0                SCL_SetCycleTable
 *fill*         0x0601f5c8        0x8 00
 .text          0x0601f5d0      0x214 ../sbl6/segalib/lib/sega_scl.a(scl_pr07.o)
                0x0601f5d0                SCL_SetPriority
 *fill*         0x0601f7e4        0xc 00
 .text          0x0601f7f0       0x58 ../sbl6/segalib/lib/sega_scl.a(scl_pr01.o)
                0x0601f7f0                SCL_SetSpriteMode
 *fill*         0x0601f848        0x8 00
 .text          0x0601f850     0x10a4 ../sbl6/segalib/lib/sega_scl.a(scl_pri.o)
                0x0601f8e4                SCL_AbortAutoVe
                0x06020794                SCL_SetShadowBit
                0x0601fd5c                SCL_AutoExec
                0x0601f850                SCL_PriorityInit
                0x06020270                SCL_IncColOffset
                0x0601f8f8                SCL_SetColMixRate
                0x0601f8c8                SCL_GetColRamMode
 *fill*         0x060208f4        0xc 00
 .text          0x06020900     0x1394 ../sbl6/segalib/lib/sega_scl.a(scl_ro00.o)
                0x06021aec                SCL_RotateZD
                0x06020db4                SCL_Rotate
                0x06020a88                SCL_InitRotateTable
 *fill*         0x06021c94        0xc 00
 .text          0x06021ca0      0x1b4 ../sbl6/segalib/lib/sega_scl.a(scl_pr06.o)
                0x06021ca0                SCL_SetColRamOffset
 *fill*         0x06021e54        0xc 00
 .text          0x06021e60       0xac ../sbl6/segalib/lib/sega_scl.a(scl_pr05.o)
                0x06021e60                SCL_GetColRamOffset
 *fill*         0x06021f0c        0x4 00
 .text          0x06021f10       0xa4 ../sbl6/segalib/lib/sega_mth.a(mth_fixd.o)
                0x06021f60                MTH_FixedToInt
                0x06021f50                MTH_IntToFixed
                0x06021f10                MTH_Mul
                0x06021f70                MTH_Product
                0x06021f30                MTH_Div
 *fill*         0x06021fb4        0xc 00
 .text          0x06021fc0      0x600 ../sbl6/segalib/lib/sega_mth.a(mth_tri.o)
                0x0602205c                fcos
                0x06022062                fsin
                0x0602200c                MTH_Cos
                0x06021fc0                MTH_Sin
                0x06022200                MTH_Atan
 .text          0x060225c0      0xf50 ../sbl6/segalib/lib/sega_per.a(per_prt.o)
                0x060229e0                PER_IntFunc
                0x060227d8                PER_LGetPer
                0x060225c0                PER_LInit
 .text          0x06023510      0x1f4 ../sbl6/segalib/lib/sega_sat.a(DMA_SCU1.o)
                0x0602366c                DMA_ScuResult
                0x06023510                DMA_ScuInit
                0x06023560                DMA_ScuMemCopy
 *fill*         0x06023704        0xc 00
 .text          0x06023710      0x308 ../sbl6/segalib/lib/sega_sat.a(DMA_SCU0.o)
                0x06023794                DMA_ScuStart
                0x060238c8                DMA_ScuIntFunc0
                0x06023938                DMA_ScuIntFunc1
                0x060239a8                DMA_ScuIntFunc2
                0x06023888                DMA_ScuGetStatus
                0x06023710                DMA_ScuSetPrm
 *fill*         0x06023a18        0x8 00
 .text          0x06023a20       0xe8 ../sbl6/segalib/lib/sega_sat.a(csh_main.o)
                0x06023a20                CSH_Init
                0x06023a88                CSH_AllClr
                0x06023ad4                CSH_Purge
 *fill*         0x06023b08        0x8 00
 .text          0x06023b10       0x90 c:/saturn/SH_COFF/sh-coff/bin/../lib/gcc/sh-coff/3.4-GNUSH_v0501\libgcc.a(_ashiftlt.o)
                0x06023b10                __ashlsi3
 .text          0x06023ba0       0xa0 c:/saturn/SH_COFF/sh-coff/bin/../lib/gcc/sh-coff/3.4-GNUSH_v0501\libgcc.a(__main.o)
                0x06023c14                __main
                0x06023ba0                __do_global_dtors
                0x06023bd4                __do_global_ctors
 .text          0x06023c40       0x70 c:/saturn/SH_COFF/sh-coff/bin/../lib/gcc/sh-coff/3.4-GNUSH_v0501\libgcc.a(_udivsi3.o)
                0x06023c62                __udivsi3
 .text          0x06023cb0       0x60 c:/saturn/SH_COFF/sh-coff/bin/../lib/gcc/sh-coff/3.4-GNUSH_v0501\libgcc.a(_ashiftrt.o)
                0x06023cbc                __ashiftrt_r4_27
                0x06023cf0                __ashiftrt_r4_6
                0x06023ce0                __ashiftrt_r4_14
                0x06023cd2                __ashiftrt_r4_19
                0x06023cea                __ashiftrt_r4_9
                0x06023cfe                __ashiftrt_r4_0
                0x06023cb0                __ashiftrt_r4_31
                0x06023cbe                __ashiftrt_r4_26
                0x06023ccc                __ashiftrt_r4_22
                0x06023cd8                __ashiftrt_r4_16
                0x06023ce4                __ashiftrt_r4_12
                0x06023cb8                __ashiftrt_r4_29
                0x06023cd6                __ashiftrt_r4_17
                0x06023cb6                __ashiftrt_r4_30
                0x06023cf2                __ashiftrt_r4_5
                0x06023cec                __ashiftrt_r4_8
                0x06023cb0                __ashiftrt_r4_32
                0x06023cc0                __ashiftrt_r4_25
                0x06023cf8                __ashiftrt_r4_2
                0x06023cc2                __ashiftrt_r4_24
                0x06023cde                __ashiftrt_r4_15
                0x06023ce8                __ashiftrt_r4_10
                0x06023cfa                __ashiftrt_r4_1
                0x06023cba                __ashiftrt_r4_28
                0x06023cd0                __ashiftrt_r4_20
                0x06023cee                __ashiftrt_r4_7
                0x06023ce2                __ashiftrt_r4_13
                0x06023ce6                __ashiftrt_r4_11
                0x06023cf4                __ashiftrt_r4_4
                0x06023cca                __ashiftrt_r4_23
                0x06023cd4                __ashiftrt_r4_18
                0x06023cce                __ashiftrt_r4_21
                0x06023cf6                __ashiftrt_r4_3
 .text          0x06023d10       0xb0 c:/saturn/SH_COFF/sh-coff/bin/../lib/gcc/sh-coff/3.4-GNUSH_v0501\libgcc.a(_si_to_df.o)
                0x06023d10                __floatsidf
 .text          0x06023dc0      0x2e0 c:/saturn/SH_COFF/sh-coff/bin/../lib/gcc/sh-coff/3.4-GNUSH_v0501\libgcc.a(_mul_df.o)
                0x06023dd0                __muldf3
 .text          0x060240a0       0x80 c:/saturn/SH_COFF/sh-coff/bin/../lib/gcc/sh-coff/3.4-GNUSH_v0501\libgcc.a(_df_to_si.o)
                0x060240a0                __fixdfsi
 .text          0x06024120      0x220 c:/saturn/SH_COFF/sh-coff/bin/../lib/gcc/sh-coff/3.4-GNUSH_v0501\libgcc.a(_pack_df.o)
                0x06024130                __pack_d
 .text          0x06024340      0x120 c:/saturn/SH_COFF/sh-coff/bin/../lib/gcc/sh-coff/3.4-GNUSH_v0501\libgcc.a(_unpack_df.o)
                0x06024350                __unpack_d
 .text          0x06024460       0x20 c:/saturn/SH_COFF/sh-coff/bin/../lib/gcc/sh-coff/3.4-GNUSH_v0501\libgcc.a(_thenan_df.o)
                0x06024460                __thenan_df
 .text          0x06024480       0xd0 c:/saturn/SH_COFF/sh-coff/bin/../lib/gcc/sh-coff/3.4-GNUSH_v0501\libgcc.a(_muldi3.o)
                0x06024480                __muldi3
 .text          0x06024550       0x80 c:/saturn/SH_COFF/sh-coff/bin/../lib/gcc/sh-coff/3.4-GNUSH_v0501\libgcc.a(_lshrdi3.o)
                0x06024550                __lshrdi3
 .text          0x060245d0       0x80 c:/saturn/SH_COFF/sh-coff/bin/../lib/gcc/sh-coff/3.4-GNUSH_v0501\libgcc.a(_ashldi3.o)
                0x060245d0                __ashldi3
 .text          0x06024650       0x30 c:/saturn/SH_COFF/sh-coff/bin/../lib/gcc/sh-coff/3.4-GNUSH_v0501\libgcc.a(_mulsi3.o)
                0x06024650                __mulsi3
 .text          0x06024680       0x90 c:/saturn/SH_COFF/sh-coff/bin/../lib/gcc/sh-coff/3.4-GNUSH_v0501\libgcc.a(_lshiftrt.o)
                0x06024680                __lshrsi3
 .text          0x06024710       0xa0 c:/saturn/SH_COFF/sh-coff/bin/../lib/gcc/sh-coff/3.4-GNUSH_v0501/../../../../sh-coff/lib\libc.a(memcpy.o)
                0x06024710                memcpy
 .text          0x060247b0       0x40 c:/saturn/SH_COFF/sh-coff/bin/../lib/gcc/sh-coff/3.4-GNUSH_v0501/../../../../sh-coff/lib\libc.a(memset.o)
                0x060247b0                memset
 .text          0x060247f0       0x90 c:/saturn/SH_COFF/sh-coff/bin/../lib/gcc/sh-coff/3.4-GNUSH_v0501/../../../../sh-coff/lib\libc.a(atexit.o)
                0x060247f0                atexit
 .text          0x06024880       0x10 c:/saturn/SH_COFF/sh-coff/bin/../lib/gcc/sh-coff/3.4-GNUSH_v0501/../../../../sh-coff/lib\libc.a(impure.o)
                0x06024880                _global_impure_ptr
 .text          0x06024890       0x40 c:/saturn/SH_COFF/sh-coff/bin/../lib/gcc/sh-coff/3.4-GNUSH_v0501/../../../../sh-coff/lib\libc.a(malloc.o)
                0x060248ac                free
                0x06024890                malloc
 .text          0x060248d0      0x5b0 c:/saturn/SH_COFF/sh-coff/bin/../lib/gcc/sh-coff/3.4-GNUSH_v0501/../../../../sh-coff/lib\libc.a(mallocr.o)
                0x060248d0                _malloc_r
 .text          0x06024e80      0x340 c:/saturn/SH_COFF/sh-coff/bin/../lib/gcc/sh-coff/3.4-GNUSH_v0501/../../../../sh-coff/lib\libc.a(freer.o)
                0x06024e80                _malloc_trim_r
                0x06024f74                _free_r
 .text          0x060251c0       0x20 c:/saturn/SH_COFF/sh-coff/bin/../lib/gcc/sh-coff/3.4-GNUSH_v0501/../../../../sh-coff/lib\libc.a(mlock.o)
                0x060251c0                __malloc_lock
                0x060251cc                __malloc_unlock
 .text          0x060251e0       0x50 c:/saturn/SH_COFF/sh-coff/bin/../lib/gcc/sh-coff/3.4-GNUSH_v0501/../../../../sh-coff/lib\libc.a(sbrkr.o)
                0x060251e0                _sbrk_r
 .text          0x06025230      0x380 c:/saturn/SH_COFF/sh-coff/bin/../lib/gcc/sh-coff/3.4-GNUSH_v0501/../../../../sh-coff/lib\libc.a(syscalls.o)
                0x0602539c                _exit
                0x060253d0                _getpid
                0x06025438                _utime
                0x06025268                _write
                0x06025230                _read
                0x06025384                _unlink
                0x0602534c                _open
                0x060253e8                _stat
                0x06025390                isatty
                0x06025468                _wait
                0x060253b4                _kill
                0x06025404                _chmod
                0x06025498                _execv
                0x0602547c                _execve
                0x06025574                __setup_argv_and_call_main
                0x060254d0                _gettimeofday
                0x0602529c                _link
                0x060253dc                _raise
                0x06025368                _creat
                0x060254b0                _pipe
                0x0602541c                _chown
                0x0602524c                _lseek
                0x06025284                _close
                0x060254c4                _times
                0x06025338                _fstat
                0x06025454                _fork
                0x060252c4                _sbrk
 .text          0x060255b0       0x20 c:/saturn/SH_COFF/sh-coff/bin/../lib/gcc/sh-coff/3.4-GNUSH_v0501/../../../../sh-coff/lib\libc.a(trap.o)
                0x060255b0                __trap34
 .text          0x060255d0       0x20 c:/saturn/SH_COFF/sh-coff/bin/../lib/gcc/sh-coff/3.4-GNUSH_v0501/../../../../sh-coff/lib\libc.a(abort.o)
                0x060255d0                abort
 .text          0x060255f0      0x270 c:/saturn/SH_COFF/sh-coff/bin/../lib/gcc/sh-coff/3.4-GNUSH_v0501/../../../../sh-coff/lib\libc.a(signal.o)
                0x060256b0                _raise_r
                0x06025838                __sigtramp
                0x060257e4                raise
                0x06025820                _init_signal
                0x06025770                __sigtramp_r
                0x06025800                signal
                0x0602563c                _signal_r
                0x060255f0                _init_signal_r
 .text          0x06025860       0x60 c:/saturn/SH_COFF/sh-coff/bin/../lib/gcc/sh-coff/3.4-GNUSH_v0501/../../../../sh-coff/lib\libc.a(signalr.o)
                0x060258a8                _getpid_r
                0x06025860                _kill_r
 *(.strings)

.tors           0x060258c0        0x0
                0x060258c0                ___ctors = .
 *(.ctors)
                0x060258c0                ___ctors_end = .
                0x060258c0                ___dtors = .
 *(.dtors)
                0x060258c0                ___dtors_end = .

.data           0x060258c0     0x1100
                0x060258c0                STARTOF_R = .
 *(.data)
 .data          0x060258c0      0x400 ../sbl6/segasmp/per/smpclib/per_x1.o
 .data          0x06025cc0       0x50 graphics.o
                0x06025cc0                tiles
 .data          0x06025d10       0x10 scroll.o
                0x06025d10                CycleTb
 .data          0x06025d20       0x30 main.o
 .data          0x06025d50      0x400 ../sbl6/segalib/lib/sega_int.a(int.o)
 .data          0x06026150       0x1c ../sbl6/segalib/lib/sega_spr.a(spr_slv.o)
                0x06026158                SPR_SlaveParam
                0x06026168                SPR_SMPC_SF
                0x06026160                SPR_SMPC_COM
                0x0602615c                SPR_SlaveSHEntry
                0x06026154                SPR_SlaveState
                0x06026150                SPR_SlaveCommand
                0x06026164                SPR_SMPC_RET
 *fill*         0x0602616c        0x4 00
 .data          0x06026170       0x34 ../sbl6/segalib/lib/sega_spr.a(spr_1c.o)
                0x06026170                SpInitialFlag
 *fill*         0x060261a4        0xc 00
 .data          0x060261b0       0x1c ../sbl6/segalib/lib/sega_scl.a(scl_vblv.o)
                0x060261b8                VBInterval
                0x060261c0                ReqDisplayFlag
                0x060261b0                SpFrameChgMode
                0x060261bc                VBIntervalCounter
                0x060261b4                SpFrameEraseMode
 *fill*         0x060261cc        0x4 00
 .data          0x060261d0       0x36 ../sbl6/segalib/lib/sega_scl.a(scl_func.o)
                0x060261e0                SclRotregBuff
                0x060261dc                SclDisplayY
                0x060261e4                SclRotateTableMode
                0x060261d8                SclProcess
                0x060261d4                SclCurSclNum
                0x060261d0                SclLengthLsTbl
                0x060261da                SclDisplayX
                0x060261d2                SclLengthCsTbl
 *fill*         0x06026206        0xa 00
 .data          0x06026210       0x18 ../sbl6/segalib/lib/sega_scl.a(scl_pri.o)
                0x06026214                SclRealSpPriNum
                0x06026224                SclRealColOffset
                0x06026220                SclRealBgColMix
                0x0602621c                SclRealSpColMix
                0x06026218                SclRealBgPriNum
                0x06026210                SclRealOtherPri
 *fill*         0x06026228        0x8 00
 .data          0x06026230      0x380 c:/saturn/SH_COFF/sh-coff/bin/../lib/gcc/sh-coff/3.4-GNUSH_v0501/../../../../sh-coff/lib\libc.a(impure.o)
                0x060265ac                _impure_ptr
 .data          0x060265b0      0x410 c:/saturn/SH_COFF/sh-coff/bin/../lib/gcc/sh-coff/3.4-GNUSH_v0501/../../../../sh-coff/lib\libc.a(mallocr.o)
                0x060265b8                __malloc_av_
                0x060265b4                __malloc_trim_threshold
                0x060265b0                __malloc_sbrk_base
                0x060269c0                SIZEOF_R = (. - STARTOF_R)
                0x060269c0                ENDOF_R = .

.bss            0x060269c0     0x6f54
                0x060269c0                STARTOF_B = .
 *(.bss)
 .bss           0x060269c0       0x10 vblank.o
                0x060269c4                PadData2E
                0x060269ca                PadData1
                0x060269c6                PadData2
                0x060269c8                PadData1E
                0x060269c0                __port
 .bss           0x060269d0       0xd0 ../sbl6/segasmp/per/smpclib/per_x2.o
 .bss           0x06026aa0       0x10 sprite.o
                0x06026aa0                num_sprites
 .bss           0x06026ab0       0x30 scroll.o
                0x06026ab0                copy_mode
                0x06026ab4                map_tile_y
                0x06026abc                scrolls_y
                0x06026ab8                map_tile_x
                0x06026acc                scrolls_x
 .bss           0x06026ae0       0x10 player.o
                0x06026ae0                anim_cursor
 .bss           0x06026af0     0x3430 main.o
 .bss           0x06029f20       0x6e ../sbl6/segalib/lib/sega_spr.a(spr_2c.o)
 *fill*         0x06029f8e        0x2 00
 .bss           0x06029f90        0x4 ../sbl6/segalib/lib/sega_scl.a(scl_vblv.o)
 *fill*         0x06029f94        0xc 00
 .bss           0x06029fa0        0x4 ../sbl6/segalib/lib/sega_scl.a(scl_func.o)
 *fill*         0x06029fa4        0xc 00
 .bss           0x06029fb0       0x48 ../sbl6/segalib/lib/sega_scl.a(scl_ro00.o)
 *fill*         0x06029ff8        0x8 00
 .bss           0x0602a000       0x9c ../sbl6/segalib/lib/sega_per.a(per_prt.o)
 *fill*         0x0602a09c        0x4 00
 .bss           0x0602a0a0        0xc ../sbl6/segalib/lib/sega_sat.a(DMA_SCU1.o)
 *fill*         0x0602a0ac        0x4 00
 .bss           0x0602a0b0       0x20 ../sbl6/segalib/lib/sega_sat.a(DMA_SCU0.o)
 .bss           0x0602a0d0       0x10 c:/saturn/SH_COFF/sh-coff/bin/../lib/gcc/sh-coff/3.4-GNUSH_v0501\libgcc.a(__main.o)
 .bss           0x0602a0e0       0x10 c:/saturn/SH_COFF/sh-coff/bin/../lib/gcc/sh-coff/3.4-GNUSH_v0501/../../../../sh-coff/lib\libc.a(atexit.o)
 .bss           0x0602a0f0       0x40 c:/saturn/SH_COFF/sh-coff/bin/../lib/gcc/sh-coff/3.4-GNUSH_v0501/../../../../sh-coff/lib\libc.a(mallocr.o)
                0x0602a120                __malloc_top_pad
                0x0602a0f0                __malloc_current_mallinfo
                0x0602a11c                __malloc_max_sbrked_mem
                0x0602a118                __malloc_max_total_mem
 .bss           0x0602a130       0x10 c:/saturn/SH_COFF/sh-coff/bin/../lib/gcc/sh-coff/3.4-GNUSH_v0501/../../../../sh-coff/lib\libc.a(syscalls.o)
 *(COMMON)
 COMMON         0x0602a140     0x1900 sprite.o
                                  0x0 (size before relaxing)
                0x0602a140                sprites
 COMMON         0x0602ba40        0xc scroll.o
                                  0x0 (size before relaxing)
                0x0602ba40                maps
 *fill*         0x0602ba4c        0x4 00
 COMMON         0x0602ba50       0x20 player.o
                                  0x0 (size before relaxing)
                0x0602ba50                player
 COMMON         0x0602ba70      0x460 print.o
                                  0x0 (size before relaxing)
                0x0602ba70                text
 COMMON         0x0602bed0      0x400 ../sbl6/segalib/lib/sega_int.a(int.o)
                                  0x0 (size before relaxing)
                0x0602bed0                __interrupt_vector
 COMMON         0x0602c2d0       0x50 ../sbl6/segalib/lib/sega_spr.a(spr_2c.o)
                                  0x0 (size before relaxing)
                0x0602c2d0                SpMstCmd
                0x0602c2d4                Sp2OpenFlag
                0x0602c2d8                SpGourTblMax
                0x0602c2dc                SpDrawPrtyBlk
                0x0602c2e0                SpLCoordX
                0x0602c2e4                SpMstDrawPrtyBlk
                0x0602c2e8                SpGourTbl
                0x0602c2ec                SpLookupTblR
                0x0602c2f0                SpCmdTbl
                0x0602c2f4                SpCharMax
                0x0602c2f8                SpDrawPrtyProcFlag
                0x0602c2fc                SpCmdNo
                0x0602c300                SpDrawPrtyBlkMax
                0x0602c304                SpSlvCmdPos
                0x0602c308                SpSlvDrawPrtyBlk
                0x0602c30c                SpCharTbl
                0x0602c310                SpCmdTblR
                0x0602c314                SpMstCmdPos
                0x0602c318                SpSlvCmd
                0x0602c31c                SpLCoordY
 COMMON         0x0602c320       0x10 ../sbl6/segalib/lib/sega_spr.a(spr_1c.o)
                                  0x0 (size before relaxing)
                0x0602c320                SpScreenY
                0x0602c324                SpFbcrMode
                0x0602c326                SpDil
                0x0602c328                SpDie
                0x0602c32a                SpTvMode
                0x0602c32c                SpScreenX
 COMMON         0x0602c330      0xf00 ../sbl6/segalib/lib/sega_scl.a(scl_func.o)
                                  0x0 (size before relaxing)
                0x0602c330                SclRbgKtbAddr
                0x0602c338                SclRb
                0x0602c33a                Scl_flag
                0x0602c340                SclK_TableBuff
                0x0602d010                SclAddrCsTbl
                0x0602d020                Scl_s_reg
                0x0602d048                SclRotateXy
                0x0602d050                Scl_d_reg
                0x0602d098                SclRotateDisp
                0x0602d0a0                SclRotateMoveZ
                0x0602d0a8                SclRotXySw
                0x0602d0b0                Scl_r_reg
                0x0602d0c0                SclRPMD
                0x0602d0c8                SclRbgKtbOffset
                0x0602d0d0                _SclRotregBuff
                0x0602d1a0                SclRa
                0x0602d1a8                SclRotateZ
                0x0602d1b0                SclAddrLsTbl
                0x0602d1b8                SclK_TableNum
                0x0602d1c0                SclRotateTableAddress
                0x0602d1c4                SclK_TableFlag
                0x0602d1d0                Scl_w_reg
                0x0602d1f0                Scl_n_reg
 COMMON         0x0602d230      0x6b0 ../sbl6/segalib/lib/sega_scl.a(scl_pri.o)
                                  0x0 (size before relaxing)
                0x0602d230                SclAutoEndBlue2
                0x0602d240                SclColOffset
                0x0602d250                SclPriBuffDirty
                0x0602d252                SclAutoEndRed
                0x0602d254                SclAutoSurface
                0x0602d258                SclAutoGreen
                0x0602d25a                SclAutoEndGreen
                0x0602d25c                SclAutoCount
                0x0602d260                SclColRamAlloc256
                0x0602d280                SclAutoCurRate
                0x0602d281                SclAutoPlusFlag
                0x0602d288                SclSpColMix
                0x0602d290                SclAutoMax
                0x0602d294                SclLineColRamOffset
                0x0602d298                SclColRamAlloc2048
                0x0602d29c                SclBgPriNum
                0x0602d2a2                SclAutoEndBlue
                0x0602d2a4                SclAutoEndGreen2
                0x0602d2a6                SclAutoVeFlag
                0x0602d2a8                SclBgColMix
                0x0602d2b0                SclAutoIndex
                0x0602d2b4                SclAutoEndRate
                0x0602d2b6                SclAutoBlue
                0x0602d2b8                SclAutoRed
                0x0602d2bc                SclAutoInterval
                0x0602d2c0                SclOtherPri
                0x0602d2d0                SclAutoRGB
                0x0602d8d0                SclAutoEndRed2
                0x0602d8d8                SclSpPriNum
 COMMON         0x0602d8e0       0x10 ../sbl6/segalib/lib/sega_scl.a(scl_ro00.o)
                                  0x0 (size before relaxing)
                0x0602d8e0                SclCsx
                0x0602d8e8                SclCsy
 COMMON         0x0602d8f0       0x15 ../sbl6/segalib/lib/sega_per.a(per_prt.o)
                                  0x0 (size before relaxing)
                0x0602d8f0                per_get_time_flg
                0x0602d8f1                per_hot_res
                0x0602d8f2                per_set_sys_flg
                0x0602d8f4                per_get_time_adr
                0x0602d8f8                per_get_sys_data
                0x0602d904                per_time_out_flg
 *fill*         0x0602d905        0xb 00
 COMMON         0x0602d910        0x4 c:/saturn/SH_COFF/sh-coff/bin/../lib/gcc/sh-coff/3.4-GNUSH_v0501/../../../../sh-coff/lib\libc.a(syscalls.o)
                                  0x0 (size before relaxing)
                0x0602d910                errno
                0x0602d914                SIZEOF_B = (. - STARTOF_B)
                0x0602d914                ENDOF_B = .
                0x0602d914                _end = .
OUTPUT(main.cof coff-sh)

.comment        0x0602d920      0x3e0
 .comment       0x0602d920       0x20 ../sbl6/segasmp/lib/strt2_g.o
 .comment       0x0602d940       0x20 vblank.o
 .comment       0x0602d960       0x20 ../sbl6/segasmp/per/smpclib/per_x1.o
 .comment       0x0602d980       0x20 ../sbl6/segasmp/per/smpclib/per_x2.o
 .comment       0x0602d9a0       0x20 graphics.o
 .comment       0x0602d9c0       0x20 sprite.o
 .comment       0x0602d9e0       0x20 scroll.o
 .comment       0x0602da00       0x20 player.o
 .comment       0x0602da20       0x20 print.o
 .comment       0x0602da40       0x20 main.o
 .comment       0x0602da60       0x20 c:/saturn/SH_COFF/sh-coff/bin/../lib/gcc/sh-coff/3.4-GNUSH_v0501\libgcc.a(__main.o)
 .comment       0x0602da80       0x20 c:/saturn/SH_COFF/sh-coff/bin/../lib/gcc/sh-coff/3.4-GNUSH_v0501\libgcc.a(_si_to_df.o)
 .comment       0x0602daa0       0x20 c:/saturn/SH_COFF/sh-coff/bin/../lib/gcc/sh-coff/3.4-GNUSH_v0501\libgcc.a(_mul_df.o)
 .comment       0x0602dac0       0x20 c:/saturn/SH_COFF/sh-coff/bin/../lib/gcc/sh-coff/3.4-GNUSH_v0501\libgcc.a(_df_to_si.o)
 .comment       0x0602dae0       0x20 c:/saturn/SH_COFF/sh-coff/bin/../lib/gcc/sh-coff/3.4-GNUSH_v0501\libgcc.a(_pack_df.o)
 .comment       0x0602db00       0x20 c:/saturn/SH_COFF/sh-coff/bin/../lib/gcc/sh-coff/3.4-GNUSH_v0501\libgcc.a(_unpack_df.o)
 .comment       0x0602db20       0x20 c:/saturn/SH_COFF/sh-coff/bin/../lib/gcc/sh-coff/3.4-GNUSH_v0501\libgcc.a(_thenan_df.o)
 .comment       0x0602db40       0x20 c:/saturn/SH_COFF/sh-coff/bin/../lib/gcc/sh-coff/3.4-GNUSH_v0501\libgcc.a(_muldi3.o)
 .comment       0x0602db60       0x20 c:/saturn/SH_COFF/sh-coff/bin/../lib/gcc/sh-coff/3.4-GNUSH_v0501\libgcc.a(_lshrdi3.o)
 .comment       0x0602db80       0x20 c:/saturn/SH_COFF/sh-coff/bin/../lib/gcc/sh-coff/3.4-GNUSH_v0501\libgcc.a(_ashldi3.o)
 .comment       0x0602dba0       0x20 c:/saturn/SH_COFF/sh-coff/bin/../lib/gcc/sh-coff/3.4-GNUSH_v0501/../../../../sh-coff/lib\libc.a(atexit.o)
 .comment       0x0602dbc0       0x20 c:/saturn/SH_COFF/sh-coff/bin/../lib/gcc/sh-coff/3.4-GNUSH_v0501/../../../../sh-coff/lib\libc.a(impure.o)
 .comment       0x0602dbe0       0x20 c:/saturn/SH_COFF/sh-coff/bin/../lib/gcc/sh-coff/3.4-GNUSH_v0501/../../../../sh-coff/lib\libc.a(malloc.o)
 .comment       0x0602dc00       0x20 c:/saturn/SH_COFF/sh-coff/bin/../lib/gcc/sh-coff/3.4-GNUSH_v0501/../../../../sh-coff/lib\libc.a(mallocr.o)
 .comment       0x0602dc20       0x20 c:/saturn/SH_COFF/sh-coff/bin/../lib/gcc/sh-coff/3.4-GNUSH_v0501/../../../../sh-coff/lib\libc.a(freer.o)
 .comment       0x0602dc40       0x20 c:/saturn/SH_COFF/sh-coff/bin/../lib/gcc/sh-coff/3.4-GNUSH_v0501/../../../../sh-coff/lib\libc.a(mlock.o)
 .comment       0x0602dc60       0x20 c:/saturn/SH_COFF/sh-coff/bin/../lib/gcc/sh-coff/3.4-GNUSH_v0501/../../../../sh-coff/lib\libc.a(sbrkr.o)
 .comment       0x0602dc80       0x20 c:/saturn/SH_COFF/sh-coff/bin/../lib/gcc/sh-coff/3.4-GNUSH_v0501/../../../../sh-coff/lib\libc.a(syscalls.o)
 .comment       0x0602dca0       0x20 c:/saturn/SH_COFF/sh-coff/bin/../lib/gcc/sh-coff/3.4-GNUSH_v0501/../../../../sh-coff/lib\libc.a(abort.o)
 .comment       0x0602dcc0       0x20 c:/saturn/SH_COFF/sh-coff/bin/../lib/gcc/sh-coff/3.4-GNUSH_v0501/../../../../sh-coff/lib\libc.a(signal.o)
 .comment       0x0602dce0       0x20 c:/saturn/SH_COFF/sh-coff/bin/../lib/gcc/sh-coff/3.4-GNUSH_v0501/../../../../sh-coff/lib\libc.a(signalr.o)
