Archive member included because of file (symbol)

../sbl6/segalib/lib/sega_int.a(int.o)
                              vblank.o (INT_SetScuFunc)
../sbl6/segalib/lib/sega_int.a(int_trmp.o)
                              ../sbl6/segalib/lib/sega_int.a(int.o) (__interrupt_handler0)
../sbl6/segalib/lib/sega_spr.a(spr_2c.o)
                              sprite.o (SPR_2Initial)
../sbl6/segalib/lib/sega_spr.a(spr_slv.o)
                              ../sbl6/segalib/lib/sega_spr.a(spr_2c.o) (SPR_InitSlaveSH)
../sbl6/segalib/lib/sega_spr.a(spr_1c.o)
                              ../sbl6/segalib/lib/sega_spr.a(spr_2c.o) (SPR_Initial)
../sbl6/segalib/lib/sega_spr.a(spr_2a.o)
                              ../sbl6/segalib/lib/sega_spr.a(spr_2c.o) (SPR_2SetDrawPrty)
../sbl6/segalib/lib/sega_scl.a(scl_vblv.o)
                              ../sbl6/segalib/lib/sega_spr.a(spr_1c.o) (SpFrameChgMode)
../sbl6/segalib/lib/sega_scl.a(scl_func.o)
                              sprite.o (SCL_Vdp2Init)
../sbl6/segalib/lib/sega_scl.a(scl_pr03.o)
                              sprite.o (SCL_AllocColRam)
../sbl6/segalib/lib/sega_scl.a(scl_pr02.o)
                              sprite.o (SCL_SetColRam)
../sbl6/segalib/lib/sega_scl.a(scl_back.o)
                              scroll.o (SCL_SetBack)
../sbl6/segalib/lib/sega_scl.a(scl_fu05.o)
                              scroll.o (SCL_InitLineParamTb)
../sbl6/segalib/lib/sega_scl.a(scl_fu03.o)
                              scroll.o (SCL_InitConfigTb)
../sbl6/segalib/lib/sega_scl.a(scl_fu02.o)
                              scroll.o (SCL_InitVramConfigTb)
../sbl6/segalib/lib/sega_scl.a(scl_fu04.o)
                              scroll.o (SCL_SetCycleTable)
../sbl6/segalib/lib/sega_scl.a(scl_pr07.o)
                              scroll.o (SCL_SetPriority)
../sbl6/segalib/lib/sega_scl.a(scl_pr01.o)
                              main.o (SCL_SetSpriteMode)
../sbl6/segalib/lib/sega_scl.a(scl_pri.o)
                              ../sbl6/segalib/lib/sega_scl.a(scl_func.o) (SclRealOtherPri)
../sbl6/segalib/lib/sega_scl.a(scl_ro00.o)
                              ../sbl6/segalib/lib/sega_scl.a(scl_func.o) (SCL_Rotate)
../sbl6/segalib/lib/sega_scl.a(scl_pr06.o)
                              ../sbl6/segalib/lib/sega_scl.a(scl_pr03.o) (SCL_SetColRamOffset)
../sbl6/segalib/lib/sega_scl.a(scl_pr05.o)
                              ../sbl6/segalib/lib/sega_scl.a(scl_pr02.o) (SCL_GetColRamOffset)
../sbl6/segalib/lib/sega_mth.a(mth_fixd.o)
                              sprite.o (MTH_Mul)
../sbl6/segalib/lib/sega_mth.a(mth_tri.o)
                              sprite.o (MTH_Sin)
../sbl6/segalib/lib/sega_per.a(per_prt.o)
                              ../sbl6/segasmp/per/smpclib/per_x2.o (PER_LInit)
../sbl6/segalib/lib/sega_sat.a(gfs.o)
                              cd.o (GFS_Init)
../sbl6/segalib/lib/sega_sat.a(DMA_SCU1.o)
                              ../sbl6/segalib/lib/sega_spr.a(spr_2c.o) (DMA_ScuMemCopy)
../sbl6/segalib/lib/sega_sat.a(gfs_cdf.o)
                              ../sbl6/segalib/lib/sega_sat.a(gfs.o) (GFCF_Init)
../sbl6/segalib/lib/sega_sat.a(gfs_dir.o)
                              ../sbl6/segalib/lib/sega_sat.a(gfs.o) (GFDR_SetupDirTbl)
../sbl6/segalib/lib/sega_sat.a(gfs_trn.o)
                              ../sbl6/segalib/lib/sega_sat.a(gfs.o) (GFTR_Setup)
../sbl6/segalib/lib/sega_sat.a(gfs_buf.o)
                              ../sbl6/segalib/lib/sega_sat.a(gfs.o) (GFBF_GetNumData)
../sbl6/segalib/lib/sega_sat.a(gfs_cdb.o)
                              ../sbl6/segalib/lib/sega_sat.a(gfs_cdf.o) (GFCB_Setup)
../sbl6/segalib/lib/sega_sat.a(gfs_cdc.o)
                              ../sbl6/segalib/lib/sega_sat.a(gfs.o) (GFCD_SetCdbfs)
../sbl6/segalib/lib/sega_sat.a(DMA_SCU0.o)
                              ../sbl6/segalib/lib/sega_sat.a(DMA_SCU1.o) (DMA_ScuSetPrm)
../sbl6/segalib/lib/sega_sat.a(csh_main.o)
                              ../sbl6/segalib/lib/sega_sat.a(DMA_SCU1.o) (CSH_Purge)
../sbl6/segalib/lib/sega_sat.a(DMA_CPU0.o)
                              ../sbl6/segalib/lib/sega_sat.a(gfs_trn.o) (DMA_CpuSetComPrm)
../sbl6/segalib/lib/sega_sat.a(cdc_reg.o)
                              ../sbl6/segalib/lib/sega_sat.a(gfs_cdb.o) (CDC_GetDataPtr)
../sbl6/segalib/lib/sega_sat.a(cdc_cfs.o)
                              ../sbl6/segalib/lib/sega_sat.a(gfs_cdc.o) (CDC_ChgDir)
../sbl6/segalib/lib/sega_sat.a(cdc_cmn.o)
                              ../sbl6/segalib/lib/sega_sat.a(gfs_cdc.o) (CDC_GetCurStat)
../sbl6/segalib/lib/sega_sat.a(cdc_bio.o)
                              ../sbl6/segalib/lib/sega_sat.a(gfs_cdc.o) (CDC_SetSctLen)
../sbl6/segalib/lib/sega_sat.a(cdc_sel.o)
                              ../sbl6/segalib/lib/sega_sat.a(gfs_cdc.o) (CDC_SetFiltRange)
../sbl6/segalib/lib/sega_sat.a(cdc_drv.o)
                              ../sbl6/segalib/lib/sega_sat.a(gfs_cdc.o) (CDC_CdPlay)
../sbl6/segalib/lib/sega_sat.a(cdc_bif.o)
[...]
Memory Configuration

Name             Origin             Length             Attributes
*default*        0x00000000         0xffffffff

Linker script and memory map

LOAD ../sbl6/segasmp/lib/strt1_g.o
LOAD ../sbl6/segasmp/lib/strt2_g.o
LOAD vblank.o
LOAD ../sbl6/segasmp/per/smpclib/per_x1.o
LOAD ../sbl6/segasmp/per/smpclib/per_x2.o
LOAD ../sbl6/segasmp/per/smpclib/per_x3.o
LOAD blocks.o
LOAD cd.o
LOAD collision.o
LOAD enemylist.o
LOAD graphics.o
LOAD player.o
LOAD print.o
LOAD sprite.o
LOAD spritecode/float.o
LOAD scroll.o
LOAD main.o
LOAD ../sbl6/segalib/lib/sega_int.a
LOAD ../sbl6/segalib/lib/sega_spr.a
LOAD ../sbl6/segalib/lib/sega_scl.a
LOAD ../sbl6/segalib/lib/sega_mth.a
LOAD ../sbl6/segalib/lib/sega_cdc.a
LOAD ../sbl6/segalib/lib/sega_adp.a
LOAD ../sbl6/segalib/lib/sega_per.a
LOAD ../sbl6/segalib/lib/sega_sat.a
LOAD C:/saturn/SH_COFF/sh-coff/bin/../lib/gcc/sh-coff/3.4-GNUSH_v0501\libgcc.a
LOAD C:/saturn/SH_COFF/sh-coff/bin/../lib/gcc/sh-coff/3.4-GNUSH_v0501/../../../../sh-coff/lib\libc.a
LOAD C:/saturn/SH_COFF/sh-coff/bin/../lib/gcc/sh-coff/3.4-GNUSH_v0501\libgcc.a

.text           0x06010000    0x142e0
 *(.text)
 .text          0x06010000       0x30 ../sbl6/segasmp/lib/strt1_g.o
                0x06010024                _D_END
                0x06010020                _D_BGN
                0x0601002c                _B_END
                0x06010028                _B_BGN
                0x06010000                START
 .text          0x06010030       0x60 ../sbl6/segasmp/lib/strt2_g.o
                0x06010050                _INITSCT
                0x06010030                _INIT
 .text          0x06010090      0x180 vblank.o
                0x06010090                SetVblank
                0x06010110                UsrVblankOut
                0x060100f0                UsrVblankIn
 .text          0x06010210      0x430 ../sbl6/segasmp/per/smpclib/per_x1.o
                0x060105a4                PER_GetAnalogXYZ
                0x06010234                PER_GetTriggerHandler
                0x060104ce                PER_GetEdge
                0x0601044c                PER_GetTrigger
                0x060104f8                PER_GetPressEdge
                0x0601054c                PER_GetReleaseEdge
                0x06010210                PER_SetTriggerHandler
 .text          0x06010640      0x200 ../sbl6/segasmp/per/smpclib/per_x2.o
                0x06010744                PER_GetDeviceA
                0x06010640                PER_OpenPort
                0x06010678                PER_GetPort
                0x060107be                PER_GetDeviceR
 .text          0x06010840       0x20 ../sbl6/segasmp/per/smpclib/per_x3.o
                0x06010840                PER_DisguiseTrigger
 .text          0x06010860       0xd0 blocks.o
                0x06010860                block_get
                0x060108c0                block_check
                0x060108f0                block_spike
 .text          0x06010930       0xa0 cd.o
                0x06010930                cd_init
                0x06010960                cd_load
 .text          0x060109d0      0x990 collision.o
                0x060109d0                collision_check_up
                0x06011200                collision_eject_horiz
                0x06010fe0                collision_eject_vert
                0x06010d00                collision_check
                0x06010bc0                collision_check_left
                0x06010c50                collision_check_right
                0x06010f30                collision_spikes
                0x06010b00                collision_check_below
                0x06010a40                collision_check_down
 .text          0x06011360       0x80 enemylist.o
                0x06011360                enemylist_spawn
 .text          0x060113e0      0x660 player.o
                0x060113e0                player_frames
                0x06011590                player_input
                0x060113f0                player_init
                0x06011930                player_draw
                0x06011490                player_animate
 .text          0x06011a40      0x170 print.o
                0x06011b10                print_display
                0x06011a80                print_num
                0x06011a40                print_init
                0x06011ad0                print_string
 .text          0x06011bb0      0x660 sprite.o
                0x06011be0                sprite_init
                0x06012040                sprite_make
                0x06012180                sprite_next
                0x060121e0                sprite_delete
                0x06012080                sprite_draw_all
                0x06011bb0                sprite_deleteall
                0x06011df0                sprite_draw
 .text          0x06012210       0xe0 spritecode/float.o
                0x06012210                float_make
                0x06012270                float_move
 .text          0x060122f0      0x8c0 scroll.o
                0x060122f0                scroll_move
                0x06012900                scroll_get
                0x06012960                scroll_copy
                0x06012440                scroll_set
                0x06012a90                scroll_reset
                0x06012af0                scroll_linescroll4
                0x06012550                scroll_init
                0x06012470                scroll_scale
 .text          0x06012bb0      0x1a0 main.o
                0x06012bb0                main
 .text          0x06012d50       0x40 ../sbl6/segalib/lib/sega_int.a(int.o)
                0x06012d7c                INT_GetScuFunc
                0x06012d50                INT_SetScuFunc
 .text          0x06012d90      0x624 ../sbl6/segalib/lib/sega_int.a(int_trmp.o)
                0x06012ef8                __interrupt_handler60
                0x060130a8                __interrupt_handler132
                0x0601325e                __interrupt_handler205
                0x060130c6                __interrupt_handler137
                0x06012ff4                __interrupt_handler102
                0x06012e32                __interrupt_handler27
                0x06013234                __interrupt_handler198
                0x06013126                __interrupt_handler153
                0x06012e0e                __interrupt_handler21
                0x06012f1c                __interrupt_handler66
                0x0601300c                __interrupt_handler106
                0x06013156                __interrupt_handler161
                0x06012fa0                __interrupt_handler88
                0x0601316e                __interrupt_handler165
                0x0601307e                __interrupt_handler125
                0x06012db4                __interrupt_handler6
                0x06012e50                __interrupt_handler32
                0x0601320a                __interrupt_handler191
                0x06013324                __interrupt_handler238
                0x0601333c                __interrupt_handler242
                0x06013144                __interrupt_handler158
                0x06012fac                __interrupt_handler90
                0x06013168                __interrupt_handler164
                0x06012e8c                __interrupt_handler42
                0x060131ce                __interrupt_handler181
                0x060132d6                __interrupt_handler225
                0x0601337e                __interrupt_handler253
                0x06013192                __interrupt_handler171
                0x06012f4c                __interrupt_handler74
                0x06012da2                __interrupt_handler3
                0x06012ee6                __interrupt_handler57
                0x06012de4                __interrupt_handler14
                0x0601327c                __interrupt_handler210
                0x060132ac                __interrupt_handler218
                0x06013270                __interrupt_handler208
                0x06012e74                __interrupt_handler38
                0x06012d90                __interrupt_handler0
                0x06013000                __interrupt_handler104
                0x0601313e                __interrupt_handler157
                0x0601328e                __interrupt_handler213
                0x06013180                __interrupt_handler168
                0x06012f8e                __interrupt_handler85
                0x0601302a                __interrupt_handler111
                0x0601303c                __interrupt_handler114
                0x06012eaa                __interrupt_handler47
                0x06013300                __interrupt_handler232
                0x060132ca                __interrupt_handler223
                0x0601331e                __interrupt_handler237
                0x06012f0a                __interrupt_handler63
                0x06012e98                __interrupt_handler44
                0x060131aa                __interrupt_handler175
                0x060131d4                __interrupt_handler182
                0x060131ec                __interrupt_handler186
                0x060130ea                __interrupt_handler143
                0x06013012                __interrupt_handler107
                0x06013078                __interrupt_handler124
                0x06013198                __interrupt_handler172
                0x0601334e                __interrupt_handler245
                0x06012fca                __interrupt_handler95
                0x060130a2                __interrupt_handler131
                0x060130b4                __interrupt_handler134
                0x060130d2                __interrupt_handler139
                0x06012f40                __interrupt_handler72
                0x060132fa                __interrupt_handler231
                0x06013150                __interrupt_handler160
                0x06013096                __interrupt_handler129
                0x06012e08                __interrupt_handler20
                0x06012f16                __interrupt_handler65
                0x06012ee0                __interrupt_handler56
                0x06012dde                __interrupt_handler13
                0x06013276                __interrupt_handler209
                0x06013030                __interrupt_handler112
                0x06012e02                __interrupt_handler19
                0x06012fbe                __interrupt_handler93
                0x06013228                __interrupt_handler196
                0x0601311a                __interrupt_handler151
                0x0601317a                __interrupt_handler167
                0x06013390                __trampoline
                0x06012df6                __interrupt_handler17
                0x060132e8                __interrupt_handler228
                0x0601338a                __interrupt_handler255
                0x06013348                __interrupt_handler244
                0x06012fe2                __interrupt_handler99
                0x060131da                __interrupt_handler183
                0x060130d8                __interrupt_handler140
                0x060131fe                __interrupt_handler189
                0x060130fc                __interrupt_handler146
                0x060132c4                __interrupt_handler222
                0x06013138                __interrupt_handler156
                0x0601306c                __interrupt_handler122
                0x06013360                __interrupt_handler248
                0x06012eb0                __interrupt_handler48
                0x06012f2e                __interrupt_handler69
                0x06012e20                __interrupt_handler24
                0x06012fa6                __interrupt_handler89
                0x0601329a                __interrupt_handler215
                0x06013384                __interrupt_handler254
                0x06012f9a                __interrupt_handler87
                0x06012efe                __interrupt_handler61
                0x06013222                __interrupt_handler195
                0x06013114                __interrupt_handler150
                0x06012e86                __interrupt_handler41
                0x06013024                __interrupt_handler110
                0x0601308a                __interrupt_handler127
                0x06013018                __interrupt_handler108
                0x06013036                __interrupt_handler113
                0x06013048                __interrupt_handler116
                0x06013066                __interrupt_handler121
                0x06012f5e                __interrupt_handler77
                0x06012e7a                __interrupt_handler39
                0x06012e92                __interrupt_handler43
                0x06013366                __interrupt_handler249
                0x060131a4                __interrupt_handler174
                0x060130c0                __interrupt_handler136
                0x060131f8                __interrupt_handler188
                0x060130f6                __interrupt_handler145
                0x06012dc6                __interrupt_handler9
                0x06012f6a                __interrupt_handler79
                0x060132e2                __interrupt_handler227
                0x06012e5c                __interrupt_handler34
                0x0601309c                __interrupt_handler130
                0x0601335a                __interrupt_handler247
                0x06012f52                __interrupt_handler75
                0x0601319e                __interrupt_handler173
                0x06012ece                __interrupt_handler53
                0x0601310e                __interrupt_handler149
                0x06013372                __interrupt_handler251
                0x06013306                __interrupt_handler233
                0x06012dcc                __interrupt_handler10
                0x06013258                __interrupt_handler204
                0x06012f7c                __interrupt_handler82
                0x06012f82                __interrupt_handler83
                0x06012e26                __interrupt_handler25
                0x06013342                __interrupt_handler243
                0x0601315c                __interrupt_handler162
                0x06012ea4                __interrupt_handler46
                0x060131bc                __interrupt_handler178
                0x06012f70                __interrupt_handler80
                0x06012f04                __interrupt_handler62
                0x06012d9c                __interrupt_handler2
                0x06012e3e                __interrupt_handler29
                0x06012f34                __interrupt_handler70
                0x0601301e                __interrupt_handler109
                0x06013108                __interrupt_handler148
                0x06012fc4                __interrupt_handler94
                0x060132d0                __interrupt_handler224
                0x06012ffa                __interrupt_handler103
                0x06012e68                __interrupt_handler36
                0x06013084                __interrupt_handler126
                0x06013354                __interrupt_handler246
                0x06012eda                __interrupt_handler55
                0x06012dd8                __interrupt_handler12
                0x06012ec8                __interrupt_handler52
                0x060131f2                __interrupt_handler187
                0x060130f0                __interrupt_handler144
                0x0601304e                __interrupt_handler117
                0x06012dfc                __interrupt_handler18
                0x0601322e                __interrupt_handler197
                0x06013120                __interrupt_handler152
                0x06013054                __interrupt_handler118
                0x0601318c                __interrupt_handler170
                0x06013246                __interrupt_handler201
                0x06012fd6                __interrupt_handler97
                0x06013162                __interrupt_handler163
                0x060131c8                __interrupt_handler180
                0x06013210                __interrupt_handler192
                0x06013330                __interrupt_handler240
                0x06013072                __interrupt_handler123
                0x06013294                __interrupt_handler214
                0x06012e4a                __interrupt_handler31
                0x06012e38                __interrupt_handler28
                0x06012f22                __interrupt_handler67
                0x06012f28                __interrupt_handler68
                0x06012e14                __interrupt_handler22
                0x06012e1a                __interrupt_handler23
                0x060131b0                __interrupt_handler176
                0x06012dba                __interrupt_handler7
                0x060132be                __interrupt_handler221
                0x060132a6                __interrupt_handler217
                0x060132ee                __interrupt_handler229
                0x06012eb6                __interrupt_handler49
                0x06012da8                __interrupt_handler4
                0x06012e80                __interrupt_handler40
                0x06013042                __interrupt_handler115
                0x06013312                __interrupt_handler235
                0x06012fb2                __interrupt_handler91
                0x06013264                __interrupt_handler206
                0x060131b6                __interrupt_handler177
                0x06013102                __interrupt_handler147
                0x06012e6e                __interrupt_handler37
                0x0601336c                __interrupt_handler250
                0x06012d96                __interrupt_handler1
                0x060132b2                __interrupt_handler219
                0x06012f58                __interrupt_handler76
                0x06012fe8                __interrupt_handler100
                0x06012eec                __interrupt_handler58
                0x06012dea                __interrupt_handler15
                0x06013288                __interrupt_handler212
                0x06013336                __interrupt_handler241
                0x0601324c                __interrupt_handler202
                0x06013216                __interrupt_handler193
                0x06012f64                __interrupt_handler78
                0x06012ebc                __interrupt_handler50
                0x06012e56                __interrupt_handler33
                0x06013174                __interrupt_handler166
                0x060130cc                __interrupt_handler138
                0x060130ba                __interrupt_handler135
                0x06012e44                __interrupt_handler30
                0x060131e0                __interrupt_handler184
                0x060130de                __interrupt_handler141
                0x060132f4                __interrupt_handler230
                0x06013318                __interrupt_handler236
                0x0601305a                __interrupt_handler119
                0x06012f94                __interrupt_handler86
                0x06013006                __interrupt_handler105
                0x06012f76                __interrupt_handler81
                0x06013060                __interrupt_handler120
                0x06013090                __interrupt_handler128
                0x06012ed4                __interrupt_handler54
                0x06012dd2                __interrupt_handler11
                0x0601323a                __interrupt_handler199
                0x0601312c                __interrupt_handler154
                0x06012e9e                __interrupt_handler45
                0x060132a0                __interrupt_handler216
                0x06013252                __interrupt_handler203
                0x06012fee                __interrupt_handler101
                0x06012f88                __interrupt_handler84
                0x060131e6                __interrupt_handler185
                0x060130e4                __interrupt_handler142
                0x06012e2c                __interrupt_handler26
                0x06012f10                __interrupt_handler64
                0x06013240                __interrupt_handler200
                0x0601326a                __interrupt_handler207
                0x0601321c                __interrupt_handler194
                0x06012fb8                __interrupt_handler92
                0x06013132                __interrupt_handler155
                0x06013282                __interrupt_handler211
                0x060130ae                __interrupt_handler133
                0x06012dae                __interrupt_handler5
                0x06012f46                __interrupt_handler73
                0x06012df0                __interrupt_handler16
                0x0601332a                __interrupt_handler239
                0x0601330c                __interrupt_handler234
                0x06012e62                __interrupt_handler35
                0x06012ef2                __interrupt_handler59
                0x06013186                __interrupt_handler169
                0x06012fdc                __interrupt_handler98
                0x06012f3a                __interrupt_handler71
                0x06012ec2                __interrupt_handler51
                0x0601314a                __interrupt_handler159
                0x060132dc                __interrupt_handler226
                0x06012fd0                __interrupt_handler96
                0x06013204                __interrupt_handler190
                0x060132b8                __interrupt_handler220
                0x06012dc0                __interrupt_handler8
                0x060131c2                __interrupt_handler179
                0x06013378                __interrupt_handler252
 *fill*         0x060133b4        0xc 00
 .text          0x060133c0     0x12a0 ../sbl6/segalib/lib/sega_spr.a(spr_2c.o)
                0x06014620                SlaveFlushDrawPrtyBlock
                0x060133c0                SPR_2Initial
                0x06013c04                SPR_2SysClip
                0x06013ba4                SPR_2LocalCoord
                0x0601449c                SPR_2FlushDrawPrtyBlock
                0x06014188                SPR_2DistSpr
                0x06013b8c                SPR_2FlushDrawPrty
                0x060142ac                SPR_2Cmd
                0x06013888                SPR_2GourTblNoToVram
                0x060138e8                SPR_2GetAreaSizeInfo
                0x06013650                SPR_2SetGourTbl
                0x06013e3c                SPR_2Polygon
                0x060138c4                SPR_2CharNoToVram
                0x060135d0                SPR_2SetTvMode
                0x06013a2c                SPR_2CloseCommand
                0x0601360c                SPR_2FrameEraseData
                0x060133e8                SPR_2Initial2
                0x0601401c                SPR_2ScaleSpr
                0x06013cac                SPR_2Line
                0x06013978                SPR_2OpenCommand
                0x060135ec                SPR_2FrameChgIntr
                0x06013ef8                SPR_2NormSpr
                0x06013680                SPR_2SetLookupTbl
                0x060136b4                SPR_2SetChar
                0x060138ac                SPR_2LookupTblNoToVram
                0x06013d80                SPR_2PolyLine
                0x06013820                SPR_2ClrAllChar
                0x060137d4                SPR_2ClrChar
                0x06013c50                SPR_2UserClip
 .text          0x06014660      0x1e6 ../sbl6/segalib/lib/sega_spr.a(spr_slv.o)
                0x060147c4                SPR_WaitEndSlaveSH
                0x06014660                SPR_SMPC_SSHON
                0x060147a0                SPR_RunSlaveSH
                0x06014664                SPR_InitSlaveSH
                0x0601472c                SPR_SlaveSHmain
                0x06014661                SPR_SMPC_SSHOFF
 *fill*         0x06014846        0xa 00
 .text          0x06014850      0x36a ../sbl6/segalib/lib/sega_spr.a(spr_1c.o)
                0x06014b04                SPR_WaitDrawEnd
                0x06014b1c                SPR_SetEosMode
                0x06014a34                SPR_SetEraseData
                0x06014850                SPR_Initial
                0x06014928                SPR_SetTvMode
                0x060149c0                SPR_GetStatus
 *fill*         0x06014bba        0x6 00
 .text          0x06014bc0      0x244 ../sbl6/segalib/lib/sega_spr.a(spr_2a.o)
                0x06014bd2                sprMemCpyW
                0x06014c30                flushDrawPrtyBlock
                0x06014bc0                sprMemCpyL
                0x06014be4                SPR_2SetDrawPrty
 *fill*         0x06014e04        0xc 00
 .text          0x06014e10      0x2fc ../sbl6/segalib/lib/sega_scl.a(scl_vblv.o)
                0x06014ecc                SCL_DisplayFrame
                0x06014e10                SCL_SetFrameInterval
                0x06014f00                SCL_VblInit
                0x06014f50                SCL_VblankStart
                0x06014f94                SCL_VblankEnd
 *fill*         0x0601510c        0x4 00
 .text          0x06015110      0xb9c ../sbl6/segalib/lib/sega_scl.a(scl_func.o)
                0x06015aec                SCL_Vdp2_SGLInit
                0x060159fc                SCL_PriIntProc
                0x06015974                SCL_Memcpyw
                0x06015c8c                SCL_SglOff
                0x06015c6c                SCL_SglOn
                0x060158e0                SCL_ScrollShow
                0x06015388                SCL_Close
                0x06015680                SCL_Scale
                0x06015110                SCL_Vdp2Init
                0x060154f4                SCL_Move
                0x060157bc                SCL_CopyReg
                0x06015364                SCL_Open
                0x06015194                SCL_ParametersInit
                0x060153a4                SCL_MoveTo
                0x0601599c                SCL_SetColRamMode
 *fill*         0x06015cac        0x4 00
 .text          0x06015cb0      0x138 ../sbl6/segalib/lib/sega_scl.a(scl_pr03.o)
                0x06015cb0                SCL_FreeColRam
                0x06015ce8                SCL_AllocColRam
 *fill*         0x06015de8        0x8 00
 .text          0x06015df0       0x9c ../sbl6/segalib/lib/sega_scl.a(scl_pr02.o)
                0x06015df0                SCL_SetColRam
 *fill*         0x06015e8c        0x4 00
 .text          0x06015e90       0x84 ../sbl6/segalib/lib/sega_scl.a(scl_back.o)
                0x06015e90                SCL_SetBack
 *fill*         0x06015f14        0xc 00
 .text          0x06015f20      0x278 ../sbl6/segalib/lib/sega_scl.a(scl_fu05.o)
                0x06015fdc                SCL_SetLineParam
                0x06015f28                SCL_InitLineParamTb
 *fill*         0x06016198        0x8 00
 .text          0x060161a0      0x94c ../sbl6/segalib/lib/sega_scl.a(scl_fu03.o)
                0x060161fc                SCL_SetConfig
                0x060161a0                SCL_InitConfigTb
 *fill*         0x06016aec        0x4 00
 .text          0x06016af0      0x4f4 ../sbl6/segalib/lib/sega_scl.a(scl_fu02.o)
                0x06016b28                SCL_SetVramConfig
                0x06016af0                SCL_InitVramConfigTb
 *fill*         0x06016fe4        0xc 00
 .text          0x06016ff0       0x28 ../sbl6/segalib/lib/sega_scl.a(scl_fu04.o)
                0x06016ff0                SCL_SetCycleTable
 *fill*         0x06017018        0x8 00
 .text          0x06017020      0x214 ../sbl6/segalib/lib/sega_scl.a(scl_pr07.o)
                0x06017020                SCL_SetPriority
 *fill*         0x06017234        0xc 00
 .text          0x06017240       0x58 ../sbl6/segalib/lib/sega_scl.a(scl_pr01.o)
                0x06017240                SCL_SetSpriteMode
 *fill*         0x06017298        0x8 00
 .text          0x060172a0     0x10a4 ../sbl6/segalib/lib/sega_scl.a(scl_pri.o)
                0x06017334                SCL_AbortAutoVe
                0x060181e4                SCL_SetShadowBit
                0x060177ac                SCL_AutoExec
                0x060172a0                SCL_PriorityInit
                0x06017cc0                SCL_IncColOffset
                0x06017348                SCL_SetColMixRate
                0x06017318                SCL_GetColRamMode
 *fill*         0x06018344        0xc 00
 .text          0x06018350     0x1394 ../sbl6/segalib/lib/sega_scl.a(scl_ro00.o)
                0x0601953c                SCL_RotateZD
                0x06018804                SCL_Rotate
                0x060184d8                SCL_InitRotateTable
 *fill*         0x060196e4        0xc 00
 .text          0x060196f0      0x1b4 ../sbl6/segalib/lib/sega_scl.a(scl_pr06.o)
                0x060196f0                SCL_SetColRamOffset
 *fill*         0x060198a4        0xc 00
 .text          0x060198b0       0xac ../sbl6/segalib/lib/sega_scl.a(scl_pr05.o)
                0x060198b0                SCL_GetColRamOffset
 *fill*         0x0601995c        0x4 00
 .text          0x06019960       0xa4 ../sbl6/segalib/lib/sega_mth.a(mth_fixd.o)
                0x060199b0                MTH_FixedToInt
                0x060199a0                MTH_IntToFixed
                0x06019960                MTH_Mul
                0x060199c0                MTH_Product
                0x06019980                MTH_Div
 *fill*         0x06019a04        0xc 00
 .text          0x06019a10      0x600 ../sbl6/segalib/lib/sega_mth.a(mth_tri.o)
                0x06019aac                fcos
                0x06019ab2                fsin
                0x06019a5c                MTH_Cos
                0x06019a10                MTH_Sin
                0x06019c50                MTH_Atan
 .text          0x0601a010      0xf50 ../sbl6/segalib/lib/sega_per.a(per_prt.o)
                0x0601a430                PER_IntFunc
                0x0601a228                PER_LGetPer
                0x0601a010                PER_LInit
 .text          0x0601af60     0x1b04 ../sbl6/segalib/lib/sega_sat.a(gfs.o)
                0x0601af60                gfs_version
                0x0601c1d4                gfs_mngGetNumFile
                0x0601c954                gfs_closeSub
                0x0601bcf0                GFS_SetGmode
                0x0601bfac                GFS_SetErrFunc
                0x0601c0fc                gfs_mngSetupFuncTbl
                0x0601b2b8                GFS_Reset
                0x0601c024                gfs_chgRoot
                0x0601c0f0                gfs_aborttrans
                0x0601c3d4                gfs_svrAddHndl
                0x0601c284                gfs_mngFreeGrp
                0x0601bffc                GFS_ConvTno
                0x0601c588                gfs_getRootDir
                0x0601bfd8                GFS_GetErrStat
                0x0601b428                GFS_Seek
                0x0601ba94                GFS_NwStop
                0x0601c290                gfs_mngTermAccess
                0x0601b33c                GFS_Open
                0x0601c23c                GFS_mngAllocGrp
                0x0601c99c                gfs_isTaskDone
                0x0601b794                GFS_Fread
                0x0601bef4                GFS_StartTrans
                0x0601c8f0                gfs_GetFinfo
                0x0601c130                gfs_mngInitWork
                0x0601b580                GFS_ByteToSct
                0x0601c394                gfs_svrSearchHndl
                0x0601c684                gfs_loadRootDir
                0x0601b1dc                GFS_IdToName
                0x0601b8d8                GFS_NwFread
                0x0601be24                GFS_SetTransPara
                0x0601b9e4                GFS_NwCdRead
                0x0601c4c4                gfs_loadVol
                0x0601bdc0                GFS_SetReadPara
                0x0601b4dc                GFS_Tell
                0x0601bd54                GFS_SetTmode
                0x0601c858                GFS_GetFad
                0x0601be90                GFS_SetTrFunc
                0x0601bf40                GFS_CdMovePickup
                0x0601b178                GFS_NameToId
                0x0601bbac                GFS_NwExecOne
                0x0601c70c                gfs_flowIn
                0x0601b634                GFS_GetFileInfo
                0x0601c7b4                gfs_transData
                0x0601c410                gfs_svrRemoveHndl
                0x0601ba5c                GFS_NwIsComplete
                0x0601c990                gfs_getGmode
                0x0601bb00                GFS_NwGetStat
                0x0601c46c                GFS_OpenSub
                0x0601b110                GFS_SetDir
                0x0601b5dc                GFS_GetFileSize
                0x0601b6a8                GFS_GetNumCdbuf
                0x0601c9f0                gfs_convFinStat
                0x0601b6d0                GFS_Load
                0x0601b830                gfs_waitRead
                0x0601b068                GFS_LoadDir
                0x0601b248                GFS_GetDirInfo
                0x0601b3f0                GFS_Close
                0x0601af80                GFS_Init
                0x0601bb7c                gfs_recovRdErr
                0x0601c314                gfs_mngSetErrCode
                0x0601bc6c                GFS_NwExecServer
                0x0601b52c                GFS_IsEof
                0x0601c8b0                gfs_SetSct
 *fill*         0x0601ca64        0xc 00
 .text          0x0601ca70      0x1f4 ../sbl6/segalib/lib/sega_sat.a(DMA_SCU1.o)
                0x0601cbcc                DMA_ScuResult
                0x0601ca70                DMA_ScuInit
                0x0601cac0                DMA_ScuMemCopy
 *fill*         0x0601cc64        0xc 00
 .text          0x0601cc70      0x8d4 ../sbl6/segalib/lib/sega_sat.a(gfs_cdf.o)
                0x0601d164                GFCF_Seek
                0x0601d26c                GFCF_GetStat
                0x0601d14c                GFCF_Tell
                0x0601cd10                GFCF_Setup
                0x0601d218                GFCF_cnvIntlvOfs
                0x0601cc70                GFCF_Init
                0x0601d104                GFCF_Recover
                0x0601ce58                GFCF_SetSct
                0x0601d17c                GFCF_MovePickup
                0x0601d340                gfcf_isCdOk
                0x0601cf10                GFCF_FlowInBuf
                0x0601ce9c                GFCF_GetFileInfo
                0x0601d064                GFCF_StopInBuf
                0x0601d304                gfcf_getSctSize
                0x0601d400                gfcf_getPlayRange
 *fill*         0x0601d544        0xc 00
 .text          0x0601d550      0x928 ../sbl6/segalib/lib/sega_sat.a(gfs_dir.o)
                0x0601da40                gfdr_setNextRec
                0x0601de3c                gfdr_setDirrecCd
                0x0601d838                gfdr_open
                0x0601d64c                GFDR_GetAtrDirId
                0x0601d920                gfdr_readByte
                0x0601d550                GFDR_SetupDirTbl
                0x0601da18                gfdr_readLongNM
                0x0601dac4                gfdr_readDirEnt
                0x0601d67c                GFDR_ChgRoot
                0x0601d5c4                GFDR_NameToId
                0x0601d708                gfdr_setupDirIdTbl
                0x0601d664                GFDR_GetAtrDirName
                0x0601d624                GFDR_GetInfoDirId
                0x0601d9cc                gfdr_readLongNB
                0x0601d860                gfdr_read
                0x0601d94c                gfdr_readWord
                0x0601d78c                gfdr_setupDirNameTbl
                0x0601d638                GFDR_GetInfoDirName
                0x0601d694                GFDR_ChgDir
                0x0601d978                gfdr_readWordNB
 *fill*         0x0601de78        0x8 00
 .text          0x0601de80      0xa46 ../sbl6/segalib/lib/sega_sat.a(gfs_trn.o)
                0x0601df60                GFTR_SetTransMax
                0x0601e330                gftr_execScu
                0x0601e8b4                GFTR_SetTransFunc
                0x0601e77c                gftr_remTrn
                0x0601e8a0                GFTR_SetData
                0x0601e5a0                gftr_execSdma1
                0x0601e7f0                gftr_copyFrac
                0x0601df54                GFTR_GetNumTrans
                0x0601def4                GFTR_SetMode
                0x0601e570                gftr_remDma0
                0x0601e818                GFTR_GetLenData
                0x0601e324                gftr_reqScu
                0x0601e588                gftr_reqDma1
                0x0601e240                gftr_getSrcPack
                0x0601e870                GFTR_RtnDstPk
                0x0601e40c                gfdma_exec
                0x0601e6a4                gftr_execTrn
                0x0601e138                GFTR_ExecSvr
                0x0601e634                gftr_reqTrn
                0x0601e4fc                gfdma_getBytecnt
                0x0601e5dc                gftr_reqCpu
                0x0601e83c                GFTR_GetDstPack
                0x0601e534                gftr_reqDma0
                0x0601e0c0                GFTR_Idle
                0x0601df78                GFTR_Pause
                0x0601df48                GFTR_GetTransPara
                0x0601e628                gftr_remCpu
                0x0601df14                GFTR_SetTransPara
                0x0601e5c4                gftr_remDma1
                0x0601df84                GFTR_Stop
                0x0601e54c                gftr_execSdma0
                0x0601deb0                GFTR_Setup
                0x0601e3cc                gftr_remScu
                0x0601e2c8                gftr_getDstPack
                0x0601e400                gfdma_canUse
                0x0601e03c                GFTR_Exec
                0x0601e88c                GFTR_GetData
                0x0601df6c                GFTR_Start
                0x0601df08                GFTR_SetUnit
                0x0601e5e8                gftr_execCpu
                0x0601e824                GFTR_GetLenRoom
 *fill*         0x0601e8c6        0xa 00
 .text          0x0601e8d0      0x106 ../sbl6/segalib/lib/sega_sat.a(gfs_buf.o)
                0x0601e928                GFBF_GetNumData
                0x0601e9a4                GFBF_RtnPk
                0x0601e958                GFBF_GetSrcPk
                0x0601e9cc                gfbf_getSctDt
                0x0601e900                GFBF_GetTranData
                0x0601e980                GFBF_GetSctData
 *fill*         0x0601e9d6        0xa 00
 .text          0x0601e9e0      0x600 ../sbl6/segalib/lib/sega_sat.a(gfs_cdb.o)
                0x0601ef88                GFCB_GetPickup
                0x0601eb00                GFCB_Close
                0x0601edcc                GFCB_GetSrcPack
                0x0601ef54                GFCB_SetCon
                0x0601ebd4                GFCB_GetLenRoom
                0x0601ef38                GFCB_MovePickup
                0x0601eeac                GFCB_GetSctData
                0x0601ebe0                GFCB_SetFilt
                0x0601eb28                GFCB_GetLenData
                0x0601efc8                GFCB_UngetPickup
                0x0601e9e0                GFCB_Setup
                0x0601ec70                GFCB_Tell
                0x0601efb0                GFCB_IsPuOwner
                0x0601ecd0                GFCB_Seek
                0x0601ec48                GFCB_DeleteAllData
                0x0601eee4                GFCB_GetDstPack
                0x0601ec80                gfcb_getSctNum
                0x0601eef0                GFCB_RtnPk
 .text          0x0601efe0     0x1a04 ../sbl6/segalib/lib/sega_sat.a(gfs_cdc.o)
                0x0601f27c                GFCD_AllocBuf
                0x06020058                gfcd_doGetLenDataTsk
                0x060208f4                GFCD_SetCsctFunc
                0x0601f354                GFCD_GetBaseFad
                0x0601f4d0                GFCD_GetFilt
                0x060204e4                gfcd_doChgDirTsk
                0x06020824                gfcd_checkEflag
                0x0601f818                GFCD_MovePickup
                0x0601f8fc                GFCD_GetSctInfo
                0x060201ac                gfcd_doReqDataTsk
                0x0601f944                GFCD_ChgDir
                0x0601f638                GFCD_ReqData
                0x06020910                GFCD_ChkScdqFlag
                0x0601fdc8                GFCD_WaitServer
                0x0601f6dc                GFCD_DelSctData
                0x0601fbb4                GFCD_ExecServer
                0x0601ffc8                gfcd_doSetConTsk
                0x0601f210                GFCD_AllocFilt
                0x0601f40c                GFCD_SetFilt
                0x0601fe04                gfcd_doSetFiltTsk
                0x06020934                GFCD_ClrScdqFlag
                0x0602024c                gfcd_doDelSctDataTsk
                0x0601fd10                gfcd_doTask
                0x0601f388                GFCD_GetPickup
                0x0601f8d8                GFCD_CheckMove
                0x06020950                GFCD_WaitScdqFlag
                0x0601f570                GFCD_Play
                0x06020380                gfcd_doMoveSctTsk
                0x0601f518                GFCD_SetCon
                0x0601f9b8                GFCD_SetFiltCon
                0x06020994                GFCD_WaitPause
                0x0601fb7c                GFCD_GetBufSiz
                0x0601f3bc                GFCD_UngetPickup
                0x0601faa0                GFCD_GetFileInfo
                0x0601f694                GFCD_EndData
                0x0601f2b0                GFCD_FreeBuf
                0x0601f5d0                GFCD_GetLenData
                0x0601f24c                GFCD_FreeFilt
                0x0601fc88                gfcd_isIdleTask
                0x0601f00c                GFCD_Init
                0x060206e0                gfcd_doSetFiltConTsk
                0x0601f764                GFCD_GetStat
                0x0601f864                GFCD_MoveSctData
                0x0601f3e8                GFCD_IsPuOwner
                0x06020848                gfcd_initCdbMng
                0x0601efe0                GFCD_SetCdbfs
                0x0601fdb4                GFCD_SetTimer
                0x060208c8                gfcd_setStat
                0x0601f734                GFCD_CheckDelSctData
 *fill*         0x060209e4        0xc 00
 .text          0x060209f0      0x308 ../sbl6/segalib/lib/sega_sat.a(DMA_SCU0.o)
                0x06020a74                DMA_ScuStart
                0x06020ba8                DMA_ScuIntFunc0
                0x06020c18                DMA_ScuIntFunc1
                0x06020c88                DMA_ScuIntFunc2
                0x06020b68                DMA_ScuGetStatus
                0x060209f0                DMA_ScuSetPrm
 *fill*         0x06020cf8        0x8 00
 .text          0x06020d00       0xe8 ../sbl6/segalib/lib/sega_sat.a(csh_main.o)
                0x06020d00                CSH_Init
                0x06020d68                CSH_AllClr
                0x06020db4                CSH_Purge
 *fill*         0x06020de8        0x8 00
 .text          0x06020df0      0x1b6 ../sbl6/segalib/lib/sega_sat.a(DMA_CPU0.o)
                0x06020e38                DMA_CpuSetPrm
                0x06020f3c                DMA_CpuStart
                0x06020f94                DMA_CpuGetStatus
                0x06020f68                DMA_CpuAllStop
                0x06020f7c                DMA_CpuGetComStatus
                0x06020df0                DMA_CpuSetComPrm
                0x06020f50                DMA_CpuStop
 *fill*         0x06020fa6        0xa 00
 .text          0x06020fb0      0x2dc ../sbl6/segalib/lib/sega_sat.a(cdc_reg.o)
                0x06021004                CDREG_ClrHirqReq
                0x06020fd4                CDC_ClrHirqReq
                0x06021084                CDREG_TgetData
                0x06021074                CDC_GetMpegPtr
                0x06021050                CDC_GetHirqMsk
                0x06020fb0                CDC_GetDataPtr
                0x06020fc0                CDC_GetHirqReq
                0x060211e0                CDREG_WaitHirq
                0x06021064                CDC_SetHirqMsk
                0x060210e0                CDREG_CmdRsp
                0x06021014                CDREG_InitHirqReq
                0x0602103c                CDREG_SetHirqFlag
                0x06021250                CDREG_ReadRsp
 *fill*         0x0602128c        0x4 00
 .text          0x06021290      0x194 ../sbl6/segalib/lib/sega_sat.a(cdc_cfs.o)
                0x06021290                CDC_ChgDir
                0x060212c4                CDC_ReadDir
                0x060213e8                CDC_AbortFile
                0x060212f8                CDC_GetFileScope
                0x06021358                CDC_TgetFileInfo
                0x060213b4                CDC_ReadFile
 *fill*         0x06021424        0xc 00
 .text          0x06021430      0x3a0 ../sbl6/segalib/lib/sega_sat.a(cdc_cmn.o)
                0x060215d4                CDC_TgetToc
                0x06021778                CDC_DataEnd
                0x06021498                CDC_GetPeriStat
                0x0602170c                CDC_DataReady
                0x060216e4                CDC_CdOpen
                0x06021660                CDC_CdInit
                0x06021624                CDC_GetSes
                0x06021480                CDC_GetLastStat
                0x06021430                CDC_GetCurStat
                0x0602156c                CDC_GetHwInfo
 .text          0x060217d0      0x1e4 ../sbl6/segalib/lib/sega_sat.a(cdc_bio.o)
                0x0602187c                CDC_GetdelSctData
                0x06021804                CDC_GetSctData
                0x060218b8                CDC_PutSctData
                0x06021934                CDC_MoveSctData
                0x06021978                CDC_GetCopyErr
                0x06021840                CDC_DelSctData
                0x060217d0                CDC_SetSctLen
                0x060218f0                CDC_CopySctData
 *fill*         0x060219b4        0xc 00
 .text          0x060219c0      0x2b8 ../sbl6/segalib/lib/sega_sat.a(cdc_sel.o)
                0x06021bf0                CDC_GetFiltCon
                0x06021b6c                CDC_GetFiltMode
                0x06021c44                CDC_ResetSelector
                0x060219c0                CDC_SetFiltRange
                0x06021a4c                CDC_SetFiltSubh
                0x06021abc                CDC_GetFiltSubh
                0x060219f4                CDC_GetFiltRange
                0x06021b38                CDC_SetFiltMode
                0x06021bb0                CDC_SetFiltCon
 *fill*         0x06021c78        0x8 00
 .text          0x06021c80      0x130 ../sbl6/segalib/lib/sega_sat.a(cdc_drv.o)
                0x06021c80                CDC_CdPlay
                0x06021d4c                CDC_CdSeek
                0x06021d80                CDC_CdScan
 .text          0x06021db0      0x270 ../sbl6/segalib/lib/sega_sat.a(cdc_bif.o)
                0x06021e0c                CDC_GetSctNum
                0x06021f8c                CDC_ExeFadSearch
                0x06021f0c                CDC_GetSctInfo
                0x06021e50                CDC_CalActSiz
                0x06021db0                CDC_GetBufSiz
                0x06021e8c                CDC_GetActSiz
                0x06021fc4                CDC_GetFadSearch
 .text          0x06022020       0xa8 ../sbl6/segalib/lib/sega_sat.a(cdc_dev.o)
                0x0602208c                CDC_CdGetLastBuf
                0x06022020                CDC_CdSetCon
                0x06022050                CDC_CdGetCon
 *fill*         0x060220c8        0x8 00
 .text          0x060220d0      0x152 ../sbl6/segalib/lib/sega_sat.a(cdc_sub.o)
                0x06022178                CDSUB_GetCdstat
                0x060220e8                CDSUB_UpdCdstat
                0x060221b8                CDSUB_RspToCdstat
                0x06022200                CDSUB_SoftTimer
                0x060220d0                CDSUB_UpdStatus
                0x06022108                CDSUB_CdCmd
 *fill*         0x06022222        0xe 00
 .text          0x06022230       0x60 C:/saturn/SH_COFF/sh-coff/bin/../lib/gcc/sh-coff/3.4-GNUSH_v0501\libgcc.a(_ashiftrt.o)
                0x0602223c                __ashiftrt_r4_27
                0x06022270                __ashiftrt_r4_6
                0x06022260                __ashiftrt_r4_14
                0x06022252                __ashiftrt_r4_19
                0x0602226a                __ashiftrt_r4_9
                0x0602227e                __ashiftrt_r4_0
                0x06022230                __ashiftrt_r4_31
                0x0602223e                __ashiftrt_r4_26
                0x0602224c                __ashiftrt_r4_22
                0x06022258                __ashiftrt_r4_16
                0x06022264                __ashiftrt_r4_12
                0x06022238                __ashiftrt_r4_29
                0x06022256                __ashiftrt_r4_17
                0x06022236                __ashiftrt_r4_30
                0x06022272                __ashiftrt_r4_5
                0x0602226c                __ashiftrt_r4_8
                0x06022230                __ashiftrt_r4_32
                0x06022240                __ashiftrt_r4_25
                0x06022278                __ashiftrt_r4_2
                0x06022242                __ashiftrt_r4_24
                0x0602225e                __ashiftrt_r4_15
                0x06022268                __ashiftrt_r4_10
                0x0602227a                __ashiftrt_r4_1
                0x0602223a                __ashiftrt_r4_28
                0x06022250                __ashiftrt_r4_20
                0x0602226e                __ashiftrt_r4_7
                0x06022262                __ashiftrt_r4_13
                0x06022266                __ashiftrt_r4_11
                0x06022274                __ashiftrt_r4_4
                0x0602224a                __ashiftrt_r4_23
                0x06022254                __ashiftrt_r4_18
                0x0602224e                __ashiftrt_r4_21
                0x06022276                __ashiftrt_r4_3
 .text          0x06022290       0x90 C:/saturn/SH_COFF/sh-coff/bin/../lib/gcc/sh-coff/3.4-GNUSH_v0501\libgcc.a(_ashiftlt.o)
                0x06022290                __ashlsi3
 .text          0x06022320       0xb0 C:/saturn/SH_COFF/sh-coff/bin/../lib/gcc/sh-coff/3.4-GNUSH_v0501\libgcc.a(_movstr.o)
                0x06022360                __movstrSI16
                0x06022334                __movstrSI60
                0x06022340                __movstrSI48
                0x0602233c                __movstrSI52
                0x06022330                __movstrSI64
                0x06022344                __movstrSI44
                0x06022348                __movstrSI40
                0x0602234c                __movstrSI36
                0x06022380                __movstr
                0x06022338                __movstrSI56
                0x06022354                __movstrSI28
                0x06022350                __movstrSI32
                0x06022364                __movstrSI12
                0x06022368                __movstrSI8
                0x06022370                __movstrSI0
                0x06022358                __movstrSI24
                0x0602235c                __movstrSI20
                0x0602236c                __movstrSI4
 .text          0x060223d0       0xa0 C:/saturn/SH_COFF/sh-coff/bin/../lib/gcc/sh-coff/3.4-GNUSH_v0501\libgcc.a(__main.o)
                0x06022444                __main
                0x060223d0                __do_global_dtors
                0x06022404                __do_global_ctors
 .text          0x06022470      0x2e0 C:/saturn/SH_COFF/sh-coff/bin/../lib/gcc/sh-coff/3.4-GNUSH_v0501\libgcc.a(_mul_df.o)
                0x06022480                __muldf3
 .text          0x06022750       0xb0 C:/saturn/SH_COFF/sh-coff/bin/../lib/gcc/sh-coff/3.4-GNUSH_v0501\libgcc.a(_si_to_df.o)
                0x06022750                __floatsidf
 .text          0x06022800       0x80 C:/saturn/SH_COFF/sh-coff/bin/../lib/gcc/sh-coff/3.4-GNUSH_v0501\libgcc.a(_df_to_si.o)
                0x06022800                __fixdfsi
 .text          0x06022880       0x70 C:/saturn/SH_COFF/sh-coff/bin/../lib/gcc/sh-coff/3.4-GNUSH_v0501\libgcc.a(_udivsi3.o)
                0x060228a2                __udivsi3
 .text          0x060228f0       0xa0 C:/saturn/SH_COFF/sh-coff/bin/../lib/gcc/sh-coff/3.4-GNUSH_v0501\libgcc.a(_sdivsi3.o)
                0x060228f0                __sdivsi3
 .text          0x06022990      0x120 C:/saturn/SH_COFF/sh-coff/bin/../lib/gcc/sh-coff/3.4-GNUSH_v0501\libgcc.a(_unpack_df.o)
                0x060229a0                __unpack_d
 .text          0x06022ab0      0x220 C:/saturn/SH_COFF/sh-coff/bin/../lib/gcc/sh-coff/3.4-GNUSH_v0501\libgcc.a(_pack_df.o)
                0x06022ac0                __pack_d
 .text          0x06022cd0       0x20 C:/saturn/SH_COFF/sh-coff/bin/../lib/gcc/sh-coff/3.4-GNUSH_v0501\libgcc.a(_thenan_df.o)
                0x06022cd0                __thenan_df
 .text          0x06022cf0       0xd0 C:/saturn/SH_COFF/sh-coff/bin/../lib/gcc/sh-coff/3.4-GNUSH_v0501\libgcc.a(_muldi3.o)
                0x06022cf0                __muldi3
 .text          0x06022dc0       0x80 C:/saturn/SH_COFF/sh-coff/bin/../lib/gcc/sh-coff/3.4-GNUSH_v0501\libgcc.a(_lshrdi3.o)
                0x06022dc0                __lshrdi3
 .text          0x06022e40       0x80 C:/saturn/SH_COFF/sh-coff/bin/../lib/gcc/sh-coff/3.4-GNUSH_v0501\libgcc.a(_ashldi3.o)
                0x06022e40                __ashldi3
 .text          0x06022ec0       0x30 C:/saturn/SH_COFF/sh-coff/bin/../lib/gcc/sh-coff/3.4-GNUSH_v0501\libgcc.a(_mulsi3.o)
                0x06022ec0                __mulsi3
 .text          0x06022ef0       0x90 C:/saturn/SH_COFF/sh-coff/bin/../lib/gcc/sh-coff/3.4-GNUSH_v0501\libgcc.a(_lshiftrt.o)
                0x06022ef0                __lshrsi3
 .text          0x06022f80       0xa0 C:/saturn/SH_COFF/sh-coff/bin/../lib/gcc/sh-coff/3.4-GNUSH_v0501/../../../../sh-coff/lib\libc.a(memcpy.o)
                0x06022f80                memcpy
 .text          0x06023020       0x40 C:/saturn/SH_COFF/sh-coff/bin/../lib/gcc/sh-coff/3.4-GNUSH_v0501/../../../../sh-coff/lib\libc.a(memset.o)
                0x06023020                memset
 .text          0x06023060       0x60 C:/saturn/SH_COFF/sh-coff/bin/../lib/gcc/sh-coff/3.4-GNUSH_v0501/../../../../sh-coff/lib\libc.a(memcmp.o)
                0x06023060                memcmp
 .text          0x060230c0       0xb0 C:/saturn/SH_COFF/sh-coff/bin/../lib/gcc/sh-coff/3.4-GNUSH_v0501/../../../../sh-coff/lib\libc.a(strncmp.o)
                0x060230c0                strncmp
 .text          0x06023170       0xa0 C:/saturn/SH_COFF/sh-coff/bin/../lib/gcc/sh-coff/3.4-GNUSH_v0501/../../../../sh-coff/lib\libc.a(strncpy.o)
                0x06023170                strncpy
 .text          0x06023210       0x90 C:/saturn/SH_COFF/sh-coff/bin/../lib/gcc/sh-coff/3.4-GNUSH_v0501/../../../../sh-coff/lib\libc.a(atexit.o)
                0x06023210                atexit
 .text          0x060232a0       0x10 C:/saturn/SH_COFF/sh-coff/bin/../lib/gcc/sh-coff/3.4-GNUSH_v0501/../../../../sh-coff/lib\libc.a(impure.o)
                0x060232a0                _global_impure_ptr
 .text          0x060232b0       0x40 C:/saturn/SH_COFF/sh-coff/bin/../lib/gcc/sh-coff/3.4-GNUSH_v0501/../../../../sh-coff/lib\libc.a(malloc.o)
                0x060232cc                free
                0x060232b0                malloc
 .text          0x060232f0      0x5b0 C:/saturn/SH_COFF/sh-coff/bin/../lib/gcc/sh-coff/3.4-GNUSH_v0501/../../../../sh-coff/lib\libc.a(mallocr.o)
                0x060232f0                _malloc_r
 .text          0x060238a0      0x340 C:/saturn/SH_COFF/sh-coff/bin/../lib/gcc/sh-coff/3.4-GNUSH_v0501/../../../../sh-coff/lib\libc.a(freer.o)
                0x060238a0                _malloc_trim_r
                0x06023994                _free_r
 .text          0x06023be0       0x20 C:/saturn/SH_COFF/sh-coff/bin/../lib/gcc/sh-coff/3.4-GNUSH_v0501/../../../../sh-coff/lib\libc.a(mlock.o)
                0x06023be0                __malloc_lock
                0x06023bec                __malloc_unlock
 .text          0x06023c00       0x50 C:/saturn/SH_COFF/sh-coff/bin/../lib/gcc/sh-coff/3.4-GNUSH_v0501/../../../../sh-coff/lib\libc.a(sbrkr.o)
                0x06023c00                _sbrk_r
 .text          0x06023c50      0x380 C:/saturn/SH_COFF/sh-coff/bin/../lib/gcc/sh-coff/3.4-GNUSH_v0501/../../../../sh-coff/lib\libc.a(syscalls.o)
                0x06023dbc                _exit
                0x06023df0                _getpid
                0x06023e58                _utime
                0x06023c88                _write
                0x06023c50                _read
                0x06023da4                _unlink
                0x06023d6c                _open
                0x06023e08                _stat
                0x06023db0                isatty
                0x06023e88                _wait
                0x06023dd4                _kill
                0x06023e24                _chmod
                0x06023eb8                _execv
                0x06023e9c                _execve
                0x06023f94                __setup_argv_and_call_main
                0x06023ef0                _gettimeofday
                0x06023cbc                _link
                0x06023dfc                _raise
                0x06023d88                _creat
                0x06023ed0                _pipe
                0x06023e3c                _chown
                0x06023c6c                _lseek
                0x06023ca4                _close
                0x06023ee4                _times
                0x06023d58                _fstat
                0x06023e74                _fork
                0x06023ce4                _sbrk
 .text          0x06023fd0       0x20 C:/saturn/SH_COFF/sh-coff/bin/../lib/gcc/sh-coff/3.4-GNUSH_v0501/../../../../sh-coff/lib\libc.a(trap.o)
                0x06023fd0                __trap34
 .text          0x06023ff0       0x20 C:/saturn/SH_COFF/sh-coff/bin/../lib/gcc/sh-coff/3.4-GNUSH_v0501/../../../../sh-coff/lib\libc.a(abort.o)
                0x06023ff0                abort
 .text          0x06024010      0x270 C:/saturn/SH_COFF/sh-coff/bin/../lib/gcc/sh-coff/3.4-GNUSH_v0501/../../../../sh-coff/lib\libc.a(signal.o)
                0x060240d0                _raise_r
                0x06024258                __sigtramp
                0x06024204                raise
                0x06024240                _init_signal
                0x06024190                __sigtramp_r
                0x06024220                signal
                0x0602405c                _signal_r
                0x06024010                _init_signal_r
 .text          0x06024280       0x60 C:/saturn/SH_COFF/sh-coff/bin/../lib/gcc/sh-coff/3.4-GNUSH_v0501/../../../../sh-coff/lib\libc.a(signalr.o)
                0x060242c8                _getpid_r
                0x06024280                _kill_r
 *(.strings)

.tors           0x060242e0        0x0
                0x060242e0                ___ctors = .
 *(.ctors)
                0x060242e0                ___ctors_end = .
                0x060242e0                ___dtors = .
 *(.dtors)
                0x060242e0                ___dtors_end = .

.data           0x060242e0     0x1720
                0x060242e0                STARTOF_R = .
 *(.data)
 .data          0x060242e0      0x400 ../sbl6/segasmp/per/smpclib/per_x1.o
 .data          0x060246e0       0x60 blocks.o
                0x06024730                tile2_slope
                0x06024710                tile4_slope
                0x060246e0                block_slopes
                0x06024720                tile3_slope
 .data          0x06024740       0x20 enemylist.o
                0x06024740                enemy_lists
                0x06024744                level0_enemies
                0x0602474c                enemy_arr
 .data          0x06024760      0x5d0 graphics.o
                0x06024760                cloudmap_name
                0x06024836                guy_num
                0x06024d2c                bg_num
                0x06024770                cloudmap_width
                0x0602488c                cloud_pal
                0x060248d8                hills_pal
                0x06024918                hills_name
                0x0602476e                cloudmap_height
                0x06024924                bg_pal
                0x06024922                hills_num
                0x06024828                guy_name
                0x06024784                hill_map_width
                0x060247e8                guy_pal
                0x060248d6                cloud_num
                0x06024882                font_height
                0x06024792                map_width
                0x06024790                map_height
                0x06024832                guy_width
                0x060247e2                float_size
                0x06024788                map_name
                0x06024878                font_name
                0x06024d24                bg_name
                0x06024782                hill_map_height
                0x06024884                font_width
                0x06024830                guy_height
                0x06024774                hill_map_name
                0x060248cc                cloud_name
                0x06024888                font_num
                0x06024838                font_pal
                0x060247de                float_height
                0x06024834                guy_size
                0x06024886                font_size
                0x060247d4                float_name
                0x06024794                float_pal
                0x060247e0                float_width
                0x060247e4                float_num
 .data          0x06024d30       0x10 player.o
                0x06024d30                lives
 .data          0x06024d40       0x30 sprite.o
 .data          0x06024d70       0x20 scroll.o
                0x06024d70                CycleTb
                0x06024d80                vram
 .data          0x06024d90      0x400 ../sbl6/segalib/lib/sega_int.a(int.o)
 .data          0x06025190       0x1c ../sbl6/segalib/lib/sega_spr.a(spr_slv.o)
                0x06025198                SPR_SlaveParam
                0x060251a8                SPR_SMPC_SF
                0x060251a0                SPR_SMPC_COM
                0x0602519c                SPR_SlaveSHEntry
                0x06025194                SPR_SlaveState
                0x06025190                SPR_SlaveCommand
                0x060251a4                SPR_SMPC_RET
 *fill*         0x060251ac        0x4 00
 .data          0x060251b0       0x34 ../sbl6/segalib/lib/sega_spr.a(spr_1c.o)
                0x060251b0                SpInitialFlag
 *fill*         0x060251e4        0xc 00
 .data          0x060251f0       0x1c ../sbl6/segalib/lib/sega_scl.a(scl_vblv.o)
                0x060251f8                VBInterval
                0x06025200                ReqDisplayFlag
                0x060251f0                SpFrameChgMode
                0x060251fc                VBIntervalCounter
                0x060251f4                SpFrameEraseMode
 *fill*         0x0602520c        0x4 00
 .data          0x06025210       0x36 ../sbl6/segalib/lib/sega_scl.a(scl_func.o)
                0x06025220                SclRotregBuff
                0x0602521c                SclDisplayY
                0x06025224                SclRotateTableMode
                0x06025218                SclProcess
                0x06025214                SclCurSclNum
                0x06025210                SclLengthLsTbl
                0x0602521a                SclDisplayX
                0x06025212                SclLengthCsTbl
 *fill*         0x06025246        0xa 00
 .data          0x06025250       0x18 ../sbl6/segalib/lib/sega_scl.a(scl_pri.o)
                0x06025254                SclRealSpPriNum
                0x06025264                SclRealColOffset
                0x06025260                SclRealBgColMix
                0x0602525c                SclRealSpColMix
                0x06025258                SclRealBgPriNum
                0x06025250                SclRealOtherPri
 *fill*         0x06025268        0x8 00
 .data          0x06025270      0x380 C:/saturn/SH_COFF/sh-coff/bin/../lib/gcc/sh-coff/3.4-GNUSH_v0501/../../../../sh-coff/lib\libc.a(impure.o)
                0x060255ec                _impure_ptr
 .data          0x060255f0      0x410 C:/saturn/SH_COFF/sh-coff/bin/../lib/gcc/sh-coff/3.4-GNUSH_v0501/../../../../sh-coff/lib\libc.a(mallocr.o)
                0x060255f8                __malloc_av_
                0x060255f4                __malloc_trim_threshold
                0x060255f0                __malloc_sbrk_base
                0x06025a00                SIZEOF_R = (. - STARTOF_R)
                0x06025a00                ENDOF_R = .

.bss            0x06025a00     0xf084
                0x06025a00                STARTOF_B = .
 *(.bss)
 .bss           0x06025a00       0x10 vblank.o
                0x06025a04                PadData2E
                0x06025a0a                PadData1
                0x06025a06                PadData2
                0x06025a08                PadData1E
                0x06025a00                __port
 .bss           0x06025a10       0xd0 ../sbl6/segasmp/per/smpclib/per_x2.o
 .bss           0x06025ae0       0x10 player.o
                0x06025ae1                boost
                0x06025ae0                jumps
 .bss           0x06025af0     0x3800 sprite.o
                0x06025af0                num_sprites
 .bss           0x060292f0       0x50 scroll.o
                0x0602930c                map_tiles_x
                0x06029314                scrolls_y
                0x060292f0                scroll_transition_state
                0x060292f4                scroll_ysize
                0x06029304                map_tiles_y
                0x060292fc                copy_modes
                0x06029324                scrolls_x
                0x060292f8                scroll_xsize
 .bss           0x06029340       0x10 main.o
                0x06029340                frame
 .bss           0x06029350       0x6e ../sbl6/segalib/lib/sega_spr.a(spr_2c.o)
 *fill*         0x060293be        0x2 00
 .bss           0x060293c0        0x4 ../sbl6/segalib/lib/sega_scl.a(scl_vblv.o)
 *fill*         0x060293c4        0xc 00
 .bss           0x060293d0        0x4 ../sbl6/segalib/lib/sega_scl.a(scl_func.o)
 *fill*         0x060293d4        0xc 00
 .bss           0x060293e0     0x1900 ../sbl6/segalib/lib/sega_scl.a(scl_fu05.o)
 .bss           0x0602ace0       0x48 ../sbl6/segalib/lib/sega_scl.a(scl_ro00.o)
 *fill*         0x0602ad28        0x8 00
 .bss           0x0602ad30       0x9c ../sbl6/segalib/lib/sega_per.a(per_prt.o)
 *fill*         0x0602adcc        0x4 00
 .bss           0x0602add0        0xc ../sbl6/segalib/lib/sega_sat.a(DMA_SCU1.o)
 *fill*         0x0602addc        0x4 00
 .bss           0x0602ade0        0xc ../sbl6/segalib/lib/sega_sat.a(gfs_trn.o)
 *fill*         0x0602adec        0x4 00
 .bss           0x0602adf0       0x20 ../sbl6/segalib/lib/sega_sat.a(DMA_SCU0.o)
 .bss           0x0602ae10        0x2 ../sbl6/segalib/lib/sega_sat.a(cdc_reg.o)
 *fill*         0x0602ae12        0xe 00
 .bss           0x0602ae20        0xc ../sbl6/segalib/lib/sega_sat.a(cdc_sub.o)
 *fill*         0x0602ae2c        0x4 00
 .bss           0x0602ae30       0x10 C:/saturn/SH_COFF/sh-coff/bin/../lib/gcc/sh-coff/3.4-GNUSH_v0501\libgcc.a(__main.o)
 .bss           0x0602ae40       0x10 C:/saturn/SH_COFF/sh-coff/bin/../lib/gcc/sh-coff/3.4-GNUSH_v0501/../../../../sh-coff/lib\libc.a(atexit.o)
 .bss           0x0602ae50       0x40 C:/saturn/SH_COFF/sh-coff/bin/../lib/gcc/sh-coff/3.4-GNUSH_v0501/../../../../sh-coff/lib\libc.a(mallocr.o)
                0x0602ae80                __malloc_top_pad
                0x0602ae50                __malloc_current_mallinfo
                0x0602ae7c                __malloc_max_sbrked_mem
                0x0602ae78                __malloc_max_total_mem
 .bss           0x0602ae90       0x10 C:/saturn/SH_COFF/sh-coff/bin/../lib/gcc/sh-coff/3.4-GNUSH_v0501/../../../../sh-coff/lib\libc.a(syscalls.o)
 *(COMMON)
 COMMON         0x0602aea0     0x1674 cd.o
                                  0x0 (size before relaxing)
                0x0602aea0                dirname
                0x0602b800                lib_work
                0x0602c508                directory_table
 *fill*         0x0602c514        0xc 00
 COMMON         0x0602c520     0x1960 player.o
                                  0x0 (size before relaxing)
                0x0602c520                curr_level
                0x0602c530                player
                0x0602c570                lp
 COMMON         0x0602de80      0x8c0 print.o
                                  0x0 (size before relaxing)
                0x0602de80                text
 COMMON         0x0602e740     0x1460 sprite.o
                                  0x0 (size before relaxing)
                0x0602e740                sprites
                0x0602eba0                image_buf
 COMMON         0x0602fba0     0x346c scroll.o
                                  0x0 (size before relaxing)
                0x0602fba0                line_param0
                0x060314b0                scfg3
                0x06031540                scfg0
                0x060315d0                maps
                0x060315e0                scfg2
                0x06031670                line_param1
                0x06032f80                scfg1
 *fill*         0x0603300c        0x4 00
 COMMON         0x06033010      0x400 ../sbl6/segalib/lib/sega_int.a(int.o)
                                  0x0 (size before relaxing)
                0x06033010                __interrupt_vector
 COMMON         0x06033410       0x50 ../sbl6/segalib/lib/sega_spr.a(spr_2c.o)
                                  0x0 (size before relaxing)
                0x06033410                SpMstCmd
                0x06033414                Sp2OpenFlag
                0x06033418                SpGourTblMax
                0x0603341c                SpDrawPrtyBlk
                0x06033420                SpLCoordX
                0x06033424                SpMstDrawPrtyBlk
                0x06033428                SpGourTbl
                0x0603342c                SpLookupTblR
                0x06033430                SpCmdTbl
                0x06033434                SpCharMax
                0x06033438                SpDrawPrtyProcFlag
                0x0603343c                SpCmdNo
                0x06033440                SpDrawPrtyBlkMax
                0x06033444                SpSlvCmdPos
                0x06033448                SpSlvDrawPrtyBlk
                0x0603344c                SpCharTbl
                0x06033450                SpCmdTblR
                0x06033454                SpMstCmdPos
                0x06033458                SpSlvCmd
                0x0603345c                SpLCoordY
 COMMON         0x06033460       0x10 ../sbl6/segalib/lib/sega_spr.a(spr_1c.o)
                                  0x0 (size before relaxing)
                0x06033460                SpScreenY
                0x06033464                SpFbcrMode
                0x06033466                SpDil
                0x06033468                SpDie
                0x0603346a                SpTvMode
                0x0603346c                SpScreenX
 COMMON         0x06033470      0xf00 ../sbl6/segalib/lib/sega_scl.a(scl_func.o)
                                  0x0 (size before relaxing)
                0x06033470                SclRbgKtbAddr
                0x06033478                SclRb
                0x0603347a                Scl_flag
                0x06033480                SclK_TableBuff
                0x06034150                SclAddrCsTbl
                0x06034160                Scl_s_reg
                0x06034188                SclRotateXy
                0x06034190                Scl_d_reg
                0x060341d8                SclRotateDisp
                0x060341e0                SclRotateMoveZ
                0x060341e8                SclRotXySw
                0x060341f0                Scl_r_reg
                0x06034200                SclRPMD
                0x06034208                SclRbgKtbOffset
                0x06034210                _SclRotregBuff
                0x060342e0                SclRa
                0x060342e8                SclRotateZ
                0x060342f0                SclAddrLsTbl
                0x060342f8                SclK_TableNum
                0x06034300                SclRotateTableAddress
                0x06034304                SclK_TableFlag
                0x06034310                Scl_w_reg
                0x06034330                Scl_n_reg
 COMMON         0x06034370      0x6b0 ../sbl6/segalib/lib/sega_scl.a(scl_pri.o)
                                  0x0 (size before relaxing)
                0x06034370                SclAutoEndBlue2
                0x06034380                SclColOffset
                0x06034390                SclPriBuffDirty
                0x06034392                SclAutoEndRed
                0x06034394                SclAutoSurface
                0x06034398                SclAutoGreen
                0x0603439a                SclAutoEndGreen
                0x0603439c                SclAutoCount
                0x060343a0                SclColRamAlloc256
                0x060343c0                SclAutoCurRate
                0x060343c1                SclAutoPlusFlag
                0x060343c8                SclSpColMix
                0x060343d0                SclAutoMax
                0x060343d4                SclLineColRamOffset
                0x060343d8                SclColRamAlloc2048
                0x060343dc                SclBgPriNum
                0x060343e2                SclAutoEndBlue
                0x060343e4                SclAutoEndGreen2
                0x060343e6                SclAutoVeFlag
                0x060343e8                SclBgColMix
                0x060343f0                SclAutoIndex
                0x060343f4                SclAutoEndRate
                0x060343f6                SclAutoBlue
                0x060343f8                SclAutoRed
                0x060343fc                SclAutoInterval
                0x06034400                SclOtherPri
                0x06034410                SclAutoRGB
                0x06034a10                SclAutoEndRed2
                0x06034a18                SclSpPriNum
 COMMON         0x06034a20       0x10 ../sbl6/segalib/lib/sega_scl.a(scl_ro00.o)
                                  0x0 (size before relaxing)
                0x06034a20                SclCsx
                0x06034a28                SclCsy
 COMMON         0x06034a30       0x15 ../sbl6/segalib/lib/sega_per.a(per_prt.o)
                                  0x0 (size before relaxing)
                0x06034a30                per_get_time_flg
                0x06034a31                per_hot_res
                0x06034a32                per_set_sys_flg
                0x06034a34                per_get_time_adr
                0x06034a38                per_get_sys_data
                0x06034a44                per_time_out_flg
 *fill*         0x06034a45        0xb 00
 COMMON         0x06034a50        0xc ../sbl6/segalib/lib/sega_sat.a(gfs.o)
                                  0x0 (size before relaxing)
                0x06034a50                GFMC_base
                0x06034a54                gfs_mng_ptr
                0x06034a58                gfs_use_scudma
 *fill*         0x06034a5c        0x4 00
 COMMON         0x06034a60        0x8 ../sbl6/segalib/lib/sega_sat.a(gfs_cdf.o)
                                  0x0 (size before relaxing)
                0x06034a60                gfcf_fad
                0x06034a64                gfcf_stat
 *fill*         0x06034a68        0x8 00
 COMMON         0x06034a70        0xc ../sbl6/segalib/lib/sega_sat.a(gfs_cdc.o)
                                  0x0 (size before relaxing)
                0x06034a70                gfcd_fatal_err
                0x06034a74                gfcd_work
                0x06034a78                gfcd_playflag
 *fill*         0x06034a7c        0x4 00
 COMMON         0x06034a80        0x4 C:/saturn/SH_COFF/sh-coff/bin/../lib/gcc/sh-coff/3.4-GNUSH_v0501/../../../../sh-coff/lib\libc.a(syscalls.o)
                                  0x0 (size before relaxing)
                0x06034a80                errno
                0x06034a84                SIZEOF_B = (. - STARTOF_B)
                0x06034a84                ENDOF_B = .
                0x06034a84                _end = .
OUTPUT(main.cof coff-sh)

.comment        0x06034a90      0x4e0
 .comment       0x06034a90       0x20 ../sbl6/segasmp/lib/strt2_g.o
 .comment       0x06034ab0       0x20 vblank.o
 .comment       0x06034ad0       0x20 ../sbl6/segasmp/per/smpclib/per_x1.o
 .comment       0x06034af0       0x20 ../sbl6/segasmp/per/smpclib/per_x2.o
 .comment       0x06034b10       0x20 blocks.o
 .comment       0x06034b30       0x20 cd.o
 .comment       0x06034b50       0x20 collision.o
 .comment       0x06034b70       0x20 enemylist.o
 .comment       0x06034b90       0x20 graphics.o
 .comment       0x06034bb0       0x20 player.o
 .comment       0x06034bd0       0x20 print.o
 .comment       0x06034bf0       0x20 sprite.o
 .comment       0x06034c10       0x20 spritecode/float.o
 .comment       0x06034c30       0x20 scroll.o
 .comment       0x06034c50       0x20 main.o
 .comment       0x06034c70       0x20 C:/saturn/SH_COFF/sh-coff/bin/../lib/gcc/sh-coff/3.4-GNUSH_v0501\libgcc.a(__main.o)
 .comment       0x06034c90       0x20 C:/saturn/SH_COFF/sh-coff/bin/../lib/gcc/sh-coff/3.4-GNUSH_v0501\libgcc.a(_mul_df.o)
 .comment       0x06034cb0       0x20 C:/saturn/SH_COFF/sh-coff/bin/../lib/gcc/sh-coff/3.4-GNUSH_v0501\libgcc.a(_si_to_df.o)
 .comment       0x06034cd0       0x20 C:/saturn/SH_COFF/sh-coff/bin/../lib/gcc/sh-coff/3.4-GNUSH_v0501\libgcc.a(_df_to_si.o)
 .comment       0x06034cf0       0x20 C:/saturn/SH_COFF/sh-coff/bin/../lib/gcc/sh-coff/3.4-GNUSH_v0501\libgcc.a(_unpack_df.o)
 .comment       0x06034d10       0x20 C:/saturn/SH_COFF/sh-coff/bin/../lib/gcc/sh-coff/3.4-GNUSH_v0501\libgcc.a(_pack_df.o)
 .comment       0x06034d30       0x20 C:/saturn/SH_COFF/sh-coff/bin/../lib/gcc/sh-coff/3.4-GNUSH_v0501\libgcc.a(_thenan_df.o)
 .comment       0x06034d50       0x20 C:/saturn/SH_COFF/sh-coff/bin/../lib/gcc/sh-coff/3.4-GNUSH_v0501\libgcc.a(_muldi3.o)
 .comment       0x06034d70       0x20 C:/saturn/SH_COFF/sh-coff/bin/../lib/gcc/sh-coff/3.4-GNUSH_v0501\libgcc.a(_lshrdi3.o)
 .comment       0x06034d90       0x20 C:/saturn/SH_COFF/sh-coff/bin/../lib/gcc/sh-coff/3.4-GNUSH_v0501\libgcc.a(_ashldi3.o)
 .comment       0x06034db0       0x20 C:/saturn/SH_COFF/sh-coff/bin/../lib/gcc/sh-coff/3.4-GNUSH_v0501/../../../../sh-coff/lib\libc.a(memcmp.o)
 .comment       0x06034dd0       0x20 C:/saturn/SH_COFF/sh-coff/bin/../lib/gcc/sh-coff/3.4-GNUSH_v0501/../../../../sh-coff/lib\libc.a(strncmp.o)
 .comment       0x06034df0       0x20 C:/saturn/SH_COFF/sh-coff/bin/../lib/gcc/sh-coff/3.4-GNUSH_v0501/../../../../sh-coff/lib\libc.a(strncpy.o)
 .comment       0x06034e10       0x20 C:/saturn/SH_COFF/sh-coff/bin/../lib/gcc/sh-coff/3.4-GNUSH_v0501/../../../../sh-coff/lib\libc.a(atexit.o)
 .comment       0x06034e30       0x20 C:/saturn/SH_COFF/sh-coff/bin/../lib/gcc/sh-coff/3.4-GNUSH_v0501/../../../../sh-coff/lib\libc.a(impure.o)
 .comment       0x06034e50       0x20 C:/saturn/SH_COFF/sh-coff/bin/../lib/gcc/sh-coff/3.4-GNUSH_v0501/../../../../sh-coff/lib\libc.a(malloc.o)
 .comment       0x06034e70       0x20 C:/saturn/SH_COFF/sh-coff/bin/../lib/gcc/sh-coff/3.4-GNUSH_v0501/../../../../sh-coff/lib\libc.a(mallocr.o)
 .comment       0x06034e90       0x20 C:/saturn/SH_COFF/sh-coff/bin/../lib/gcc/sh-coff/3.4-GNUSH_v0501/../../../../sh-coff/lib\libc.a(freer.o)
 .comment       0x06034eb0       0x20 C:/saturn/SH_COFF/sh-coff/bin/../lib/gcc/sh-coff/3.4-GNUSH_v0501/../../../../sh-coff/lib\libc.a(mlock.o)
 .comment       0x06034ed0       0x20 C:/saturn/SH_COFF/sh-coff/bin/../lib/gcc/sh-coff/3.4-GNUSH_v0501/../../../../sh-coff/lib\libc.a(sbrkr.o)
 .comment       0x06034ef0       0x20 C:/saturn/SH_COFF/sh-coff/bin/../lib/gcc/sh-coff/3.4-GNUSH_v0501/../../../../sh-coff/lib\libc.a(syscalls.o)
 .comment       0x06034f10       0x20 C:/saturn/SH_COFF/sh-coff/bin/../lib/gcc/sh-coff/3.4-GNUSH_v0501/../../../../sh-coff/lib\libc.a(abort.o)
 .comment       0x06034f30       0x20 C:/saturn/SH_COFF/sh-coff/bin/../lib/gcc/sh-coff/3.4-GNUSH_v0501/../../../../sh-coff/lib\libc.a(signal.o)
 .comment       0x06034f50       0x20 C:/saturn/SH_COFF/sh-coff/bin/../lib/gcc/sh-coff/3.4-GNUSH_v0501/../../../../sh-coff/lib\libc.a(signalr.o)
