Archive member included because of file (symbol)

../sbl6/segalib/lib/sega_int.a(int.o)
                              vblank.o (INT_SetScuFunc)
../sbl6/segalib/lib/sega_int.a(int_trmp.o)
                              ../sbl6/segalib/lib/sega_int.a(int.o) (__interrupt_handler0)
../sbl6/segalib/lib/sega_spr.a(spr_2c.o)
                              sprite.o (SPR_2Initial)
../sbl6/segalib/lib/sega_spr.a(spr_slv.o)
                              ../sbl6/segalib/lib/sega_spr.a(spr_2c.o) (SPR_InitSlaveSH)
../sbl6/segalib/lib/sega_spr.a(spr_1c.o)
                              ../sbl6/segalib/lib/sega_spr.a(spr_2c.o) (SPR_Initial)
../sbl6/segalib/lib/sega_spr.a(spr_2a.o)
                              ../sbl6/segalib/lib/sega_spr.a(spr_2c.o) (SPR_2SetDrawPrty)
../sbl6/segalib/lib/sega_scl.a(scl_vblv.o)
                              ../sbl6/segalib/lib/sega_spr.a(spr_1c.o) (SpFrameChgMode)
../sbl6/segalib/lib/sega_scl.a(scl_func.o)
                              sprite.o (SCL_Vdp2Init)
../sbl6/segalib/lib/sega_scl.a(scl_pr03.o)
                              sprite.o (SCL_AllocColRam)
../sbl6/segalib/lib/sega_scl.a(scl_pr02.o)
                              sprite.o (SCL_SetColRam)
../sbl6/segalib/lib/sega_scl.a(scl_back.o)
                              scroll.o (SCL_SetBack)
../sbl6/segalib/lib/sega_scl.a(scl_fu05.o)
                              scroll.o (SCL_InitLineParamTb)
../sbl6/segalib/lib/sega_scl.a(scl_fu03.o)
                              scroll.o (SCL_InitConfigTb)
../sbl6/segalib/lib/sega_scl.a(scl_fu02.o)
                              scroll.o (SCL_InitVramConfigTb)
../sbl6/segalib/lib/sega_scl.a(scl_fu04.o)
                              scroll.o (SCL_SetCycleTable)
../sbl6/segalib/lib/sega_scl.a(scl_pr07.o)
                              scroll.o (SCL_SetPriority)
../sbl6/segalib/lib/sega_scl.a(scl_pr01.o)
                              main.o (SCL_SetSpriteMode)
../sbl6/segalib/lib/sega_scl.a(scl_pri.o)
                              ../sbl6/segalib/lib/sega_scl.a(scl_func.o) (SclRealOtherPri)
../sbl6/segalib/lib/sega_scl.a(scl_ro00.o)
                              ../sbl6/segalib/lib/sega_scl.a(scl_func.o) (SCL_Rotate)
../sbl6/segalib/lib/sega_scl.a(scl_pr06.o)
                              ../sbl6/segalib/lib/sega_scl.a(scl_pr03.o) (SCL_SetColRamOffset)
../sbl6/segalib/lib/sega_scl.a(scl_pr05.o)
                              ../sbl6/segalib/lib/sega_scl.a(scl_pr02.o) (SCL_GetColRamOffset)
../sbl6/segalib/lib/sega_mth.a(mth_fixd.o)
                              sprite.o (MTH_Mul)
../sbl6/segalib/lib/sega_mth.a(mth_tri.o)
                              sprite.o (MTH_Sin)
../sbl6/segalib/lib/sega_per.a(per_prt.o)
                              ../sbl6/segasmp/per/smpclib/per_x2.o (PER_LInit)
../sbl6/segalib/lib/sega_sat.a(gfs.o)
                              cd.o (GFS_Init)
../sbl6/segalib/lib/sega_sat.a(DMA_SCU1.o)
                              ../sbl6/segalib/lib/sega_spr.a(spr_2c.o) (DMA_ScuMemCopy)
../sbl6/segalib/lib/sega_sat.a(gfs_cdf.o)
                              ../sbl6/segalib/lib/sega_sat.a(gfs.o) (GFCF_Init)
../sbl6/segalib/lib/sega_sat.a(gfs_dir.o)
                              ../sbl6/segalib/lib/sega_sat.a(gfs.o) (GFDR_SetupDirTbl)
../sbl6/segalib/lib/sega_sat.a(gfs_trn.o)
                              ../sbl6/segalib/lib/sega_sat.a(gfs.o) (GFTR_Setup)
../sbl6/segalib/lib/sega_sat.a(gfs_buf.o)
                              ../sbl6/segalib/lib/sega_sat.a(gfs.o) (GFBF_GetNumData)
../sbl6/segalib/lib/sega_sat.a(gfs_cdb.o)
                              ../sbl6/segalib/lib/sega_sat.a(gfs_cdf.o) (GFCB_Setup)
../sbl6/segalib/lib/sega_sat.a(gfs_cdc.o)
                              ../sbl6/segalib/lib/sega_sat.a(gfs.o) (GFCD_SetCdbfs)
../sbl6/segalib/lib/sega_sat.a(DMA_SCU0.o)
                              ../sbl6/segalib/lib/sega_sat.a(DMA_SCU1.o) (DMA_ScuSetPrm)
../sbl6/segalib/lib/sega_sat.a(csh_main.o)
                              ../sbl6/segalib/lib/sega_sat.a(DMA_SCU1.o) (CSH_Purge)
../sbl6/segalib/lib/sega_sat.a(DMA_CPU0.o)
                              ../sbl6/segalib/lib/sega_sat.a(gfs_trn.o) (DMA_CpuSetComPrm)
../sbl6/segalib/lib/sega_sat.a(cdc_reg.o)
                              ../sbl6/segalib/lib/sega_sat.a(gfs_cdb.o) (CDC_GetDataPtr)
../sbl6/segalib/lib/sega_sat.a(cdc_cfs.o)
                              ../sbl6/segalib/lib/sega_sat.a(gfs_cdc.o) (CDC_ChgDir)
../sbl6/segalib/lib/sega_sat.a(cdc_cmn.o)
                              ../sbl6/segalib/lib/sega_sat.a(gfs_cdc.o) (CDC_GetCurStat)
../sbl6/segalib/lib/sega_sat.a(cdc_bio.o)
                              ../sbl6/segalib/lib/sega_sat.a(gfs_cdc.o) (CDC_SetSctLen)
../sbl6/segalib/lib/sega_sat.a(cdc_sel.o)
                              ../sbl6/segalib/lib/sega_sat.a(gfs_cdc.o) (CDC_SetFiltRange)
../sbl6/segalib/lib/sega_sat.a(cdc_drv.o)
                              ../sbl6/segalib/lib/sega_sat.a(gfs_cdc.o) (CDC_CdPlay)
../sbl6/segalib/lib/sega_sat.a(cdc_bif.o)
[...]
Memory Configuration

Name             Origin             Length             Attributes
*default*        0x00000000         0xffffffff

Linker script and memory map

LOAD ../sbl6/segasmp/lib/strt1_g.o
LOAD ../sbl6/segasmp/lib/strt2_g.o
LOAD vblank.o
LOAD ../sbl6/segasmp/per/smpclib/per_x1.o
LOAD ../sbl6/segasmp/per/smpclib/per_x2.o
LOAD ../sbl6/segasmp/per/smpclib/per_x3.o
LOAD blocks.o
LOAD cd.o
LOAD collision.o
LOAD graphics.o
LOAD player.o
LOAD print.o
LOAD sprite.o
LOAD scroll.o
LOAD main.o
LOAD ../sbl6/segalib/lib/sega_int.a
LOAD ../sbl6/segalib/lib/sega_spr.a
LOAD ../sbl6/segalib/lib/sega_scl.a
LOAD ../sbl6/segalib/lib/sega_mth.a
LOAD ../sbl6/segalib/lib/sega_cdc.a
LOAD ../sbl6/segalib/lib/sega_adp.a
LOAD ../sbl6/segalib/lib/sega_per.a
LOAD ../sbl6/segalib/lib/sega_sat.a
LOAD C:/saturn/SH_COFF/sh-coff/bin/../lib/gcc/sh-coff/3.4-GNUSH_v0501\libgcc.a
LOAD C:/saturn/SH_COFF/sh-coff/bin/../lib/gcc/sh-coff/3.4-GNUSH_v0501/../../../../sh-coff/lib\libc.a
LOAD C:/saturn/SH_COFF/sh-coff/bin/../lib/gcc/sh-coff/3.4-GNUSH_v0501\libgcc.a

.text           0x06010000    0x140f0
 *(.text)
 .text          0x06010000       0x30 ../sbl6/segasmp/lib/strt1_g.o
                0x06010024                _D_END
                0x06010020                _D_BGN
                0x0601002c                _B_END
                0x06010028                _B_BGN
                0x06010000                START
 .text          0x06010030       0x60 ../sbl6/segasmp/lib/strt2_g.o
                0x06010050                _INITSCT
                0x06010030                _INIT
 .text          0x06010090      0x180 vblank.o
                0x06010090                SetVblank
                0x06010110                UsrVblankOut
                0x060100f0                UsrVblankIn
 .text          0x06010210      0x430 ../sbl6/segasmp/per/smpclib/per_x1.o
                0x060105a4                PER_GetAnalogXYZ
                0x06010234                PER_GetTriggerHandler
                0x060104ce                PER_GetEdge
                0x0601044c                PER_GetTrigger
                0x060104f8                PER_GetPressEdge
                0x0601054c                PER_GetReleaseEdge
                0x06010210                PER_SetTriggerHandler
 .text          0x06010640      0x200 ../sbl6/segasmp/per/smpclib/per_x2.o
                0x06010744                PER_GetDeviceA
                0x06010640                PER_OpenPort
                0x06010678                PER_GetPort
                0x060107be                PER_GetDeviceR
 .text          0x06010840       0x20 ../sbl6/segasmp/per/smpclib/per_x3.o
                0x06010840                PER_DisguiseTrigger
 .text          0x06010860       0xd0 blocks.o
                0x06010860                block_get
                0x060108c0                block_check
                0x060108f0                block_spike
 .text          0x06010930       0xa0 cd.o
                0x06010930                cd_init
                0x06010960                cd_load
 .text          0x060109d0      0x990 collision.o
                0x060109d0                collision_check_up
                0x06011200                collision_eject_horiz
                0x06010fe0                collision_eject_vert
                0x06010d00                collision_check
                0x06010bc0                collision_check_left
                0x06010c50                collision_check_right
                0x06010f30                collision_spikes
                0x06010b00                collision_check_below
                0x06010a40                collision_check_down
 .text          0x06011360      0x660 player.o
                0x06011360                player_frames
                0x06011510                player_input
                0x06011370                player_init
                0x060118b0                player_draw
                0x06011410                player_animate
 .text          0x060119c0      0x170 print.o
                0x06011a90                print_display
                0x06011a00                print_num
                0x060119c0                print_init
                0x06011a50                print_string
 .text          0x06011b30      0x5e0 sprite.o
                0x06011b60                sprite_init
                0x06011f40                sprite_make
                0x06012080                sprite_next
                0x060120e0                sprite_delete
                0x06011f80                sprite_draw_all
                0x06011b30                sprite_deleteall
                0x06011cf0                sprite_draw
 .text          0x06012110      0x8c0 scroll.o
                0x06012110                scroll_move
                0x06012720                scroll_get
                0x06012780                scroll_copy
                0x06012260                scroll_set
                0x060128b0                scroll_reset
                0x06012910                scroll_linescroll4
                0x06012370                scroll_init
                0x06012290                scroll_scale
 .text          0x060129d0      0x190 main.o
                0x060129d0                main
 .text          0x06012b60       0x40 ../sbl6/segalib/lib/sega_int.a(int.o)
                0x06012b8c                INT_GetScuFunc
                0x06012b60                INT_SetScuFunc
 .text          0x06012ba0      0x624 ../sbl6/segalib/lib/sega_int.a(int_trmp.o)
                0x06012d08                __interrupt_handler60
                0x06012eb8                __interrupt_handler132
                0x0601306e                __interrupt_handler205
                0x06012ed6                __interrupt_handler137
                0x06012e04                __interrupt_handler102
                0x06012c42                __interrupt_handler27
                0x06013044                __interrupt_handler198
                0x06012f36                __interrupt_handler153
                0x06012c1e                __interrupt_handler21
                0x06012d2c                __interrupt_handler66
                0x06012e1c                __interrupt_handler106
                0x06012f66                __interrupt_handler161
                0x06012db0                __interrupt_handler88
                0x06012f7e                __interrupt_handler165
                0x06012e8e                __interrupt_handler125
                0x06012bc4                __interrupt_handler6
                0x06012c60                __interrupt_handler32
                0x0601301a                __interrupt_handler191
                0x06013134                __interrupt_handler238
                0x0601314c                __interrupt_handler242
                0x06012f54                __interrupt_handler158
                0x06012dbc                __interrupt_handler90
                0x06012f78                __interrupt_handler164
                0x06012c9c                __interrupt_handler42
                0x06012fde                __interrupt_handler181
                0x060130e6                __interrupt_handler225
                0x0601318e                __interrupt_handler253
                0x06012fa2                __interrupt_handler171
                0x06012d5c                __interrupt_handler74
                0x06012bb2                __interrupt_handler3
                0x06012cf6                __interrupt_handler57
                0x06012bf4                __interrupt_handler14
                0x0601308c                __interrupt_handler210
                0x060130bc                __interrupt_handler218
                0x06013080                __interrupt_handler208
                0x06012c84                __interrupt_handler38
                0x06012ba0                __interrupt_handler0
                0x06012e10                __interrupt_handler104
                0x06012f4e                __interrupt_handler157
                0x0601309e                __interrupt_handler213
                0x06012f90                __interrupt_handler168
                0x06012d9e                __interrupt_handler85
                0x06012e3a                __interrupt_handler111
                0x06012e4c                __interrupt_handler114
                0x06012cba                __interrupt_handler47
                0x06013110                __interrupt_handler232
                0x060130da                __interrupt_handler223
                0x0601312e                __interrupt_handler237
                0x06012d1a                __interrupt_handler63
                0x06012ca8                __interrupt_handler44
                0x06012fba                __interrupt_handler175
                0x06012fe4                __interrupt_handler182
                0x06012ffc                __interrupt_handler186
                0x06012efa                __interrupt_handler143
                0x06012e22                __interrupt_handler107
                0x06012e88                __interrupt_handler124
                0x06012fa8                __interrupt_handler172
                0x0601315e                __interrupt_handler245
                0x06012dda                __interrupt_handler95
                0x06012eb2                __interrupt_handler131
                0x06012ec4                __interrupt_handler134
                0x06012ee2                __interrupt_handler139
                0x06012d50                __interrupt_handler72
                0x0601310a                __interrupt_handler231
                0x06012f60                __interrupt_handler160
                0x06012ea6                __interrupt_handler129
                0x06012c18                __interrupt_handler20
                0x06012d26                __interrupt_handler65
                0x06012cf0                __interrupt_handler56
                0x06012bee                __interrupt_handler13
                0x06013086                __interrupt_handler209
                0x06012e40                __interrupt_handler112
                0x06012c12                __interrupt_handler19
                0x06012dce                __interrupt_handler93
                0x06013038                __interrupt_handler196
                0x06012f2a                __interrupt_handler151
                0x06012f8a                __interrupt_handler167
                0x060131a0                __trampoline
                0x06012c06                __interrupt_handler17
                0x060130f8                __interrupt_handler228
                0x0601319a                __interrupt_handler255
                0x06013158                __interrupt_handler244
                0x06012df2                __interrupt_handler99
                0x06012fea                __interrupt_handler183
                0x06012ee8                __interrupt_handler140
                0x0601300e                __interrupt_handler189
                0x06012f0c                __interrupt_handler146
                0x060130d4                __interrupt_handler222
                0x06012f48                __interrupt_handler156
                0x06012e7c                __interrupt_handler122
                0x06013170                __interrupt_handler248
                0x06012cc0                __interrupt_handler48
                0x06012d3e                __interrupt_handler69
                0x06012c30                __interrupt_handler24
                0x06012db6                __interrupt_handler89
                0x060130aa                __interrupt_handler215
                0x06013194                __interrupt_handler254
                0x06012daa                __interrupt_handler87
                0x06012d0e                __interrupt_handler61
                0x06013032                __interrupt_handler195
                0x06012f24                __interrupt_handler150
                0x06012c96                __interrupt_handler41
                0x06012e34                __interrupt_handler110
                0x06012e9a                __interrupt_handler127
                0x06012e28                __interrupt_handler108
                0x06012e46                __interrupt_handler113
                0x06012e58                __interrupt_handler116
                0x06012e76                __interrupt_handler121
                0x06012d6e                __interrupt_handler77
                0x06012c8a                __interrupt_handler39
                0x06012ca2                __interrupt_handler43
                0x06013176                __interrupt_handler249
                0x06012fb4                __interrupt_handler174
                0x06012ed0                __interrupt_handler136
                0x06013008                __interrupt_handler188
                0x06012f06                __interrupt_handler145
                0x06012bd6                __interrupt_handler9
                0x06012d7a                __interrupt_handler79
                0x060130f2                __interrupt_handler227
                0x06012c6c                __interrupt_handler34
                0x06012eac                __interrupt_handler130
                0x0601316a                __interrupt_handler247
                0x06012d62                __interrupt_handler75
                0x06012fae                __interrupt_handler173
                0x06012cde                __interrupt_handler53
                0x06012f1e                __interrupt_handler149
                0x06013182                __interrupt_handler251
                0x06013116                __interrupt_handler233
                0x06012bdc                __interrupt_handler10
                0x06013068                __interrupt_handler204
                0x06012d8c                __interrupt_handler82
                0x06012d92                __interrupt_handler83
                0x06012c36                __interrupt_handler25
                0x06013152                __interrupt_handler243
                0x06012f6c                __interrupt_handler162
                0x06012cb4                __interrupt_handler46
                0x06012fcc                __interrupt_handler178
                0x06012d80                __interrupt_handler80
                0x06012d14                __interrupt_handler62
                0x06012bac                __interrupt_handler2
                0x06012c4e                __interrupt_handler29
                0x06012d44                __interrupt_handler70
                0x06012e2e                __interrupt_handler109
                0x06012f18                __interrupt_handler148
                0x06012dd4                __interrupt_handler94
                0x060130e0                __interrupt_handler224
                0x06012e0a                __interrupt_handler103
                0x06012c78                __interrupt_handler36
                0x06012e94                __interrupt_handler126
                0x06013164                __interrupt_handler246
                0x06012cea                __interrupt_handler55
                0x06012be8                __interrupt_handler12
                0x06012cd8                __interrupt_handler52
                0x06013002                __interrupt_handler187
                0x06012f00                __interrupt_handler144
                0x06012e5e                __interrupt_handler117
                0x06012c0c                __interrupt_handler18
                0x0601303e                __interrupt_handler197
                0x06012f30                __interrupt_handler152
                0x06012e64                __interrupt_handler118
                0x06012f9c                __interrupt_handler170
                0x06013056                __interrupt_handler201
                0x06012de6                __interrupt_handler97
                0x06012f72                __interrupt_handler163
                0x06012fd8                __interrupt_handler180
                0x06013020                __interrupt_handler192
                0x06013140                __interrupt_handler240
                0x06012e82                __interrupt_handler123
                0x060130a4                __interrupt_handler214
                0x06012c5a                __interrupt_handler31
                0x06012c48                __interrupt_handler28
                0x06012d32                __interrupt_handler67
                0x06012d38                __interrupt_handler68
                0x06012c24                __interrupt_handler22
                0x06012c2a                __interrupt_handler23
                0x06012fc0                __interrupt_handler176
                0x06012bca                __interrupt_handler7
                0x060130ce                __interrupt_handler221
                0x060130b6                __interrupt_handler217
                0x060130fe                __interrupt_handler229
                0x06012cc6                __interrupt_handler49
                0x06012bb8                __interrupt_handler4
                0x06012c90                __interrupt_handler40
                0x06012e52                __interrupt_handler115
                0x06013122                __interrupt_handler235
                0x06012dc2                __interrupt_handler91
                0x06013074                __interrupt_handler206
                0x06012fc6                __interrupt_handler177
                0x06012f12                __interrupt_handler147
                0x06012c7e                __interrupt_handler37
                0x0601317c                __interrupt_handler250
                0x06012ba6                __interrupt_handler1
                0x060130c2                __interrupt_handler219
                0x06012d68                __interrupt_handler76
                0x06012df8                __interrupt_handler100
                0x06012cfc                __interrupt_handler58
                0x06012bfa                __interrupt_handler15
                0x06013098                __interrupt_handler212
                0x06013146                __interrupt_handler241
                0x0601305c                __interrupt_handler202
                0x06013026                __interrupt_handler193
                0x06012d74                __interrupt_handler78
                0x06012ccc                __interrupt_handler50
                0x06012c66                __interrupt_handler33
                0x06012f84                __interrupt_handler166
                0x06012edc                __interrupt_handler138
                0x06012eca                __interrupt_handler135
                0x06012c54                __interrupt_handler30
                0x06012ff0                __interrupt_handler184
                0x06012eee                __interrupt_handler141
                0x06013104                __interrupt_handler230
                0x06013128                __interrupt_handler236
                0x06012e6a                __interrupt_handler119
                0x06012da4                __interrupt_handler86
                0x06012e16                __interrupt_handler105
                0x06012d86                __interrupt_handler81
                0x06012e70                __interrupt_handler120
                0x06012ea0                __interrupt_handler128
                0x06012ce4                __interrupt_handler54
                0x06012be2                __interrupt_handler11
                0x0601304a                __interrupt_handler199
                0x06012f3c                __interrupt_handler154
                0x06012cae                __interrupt_handler45
                0x060130b0                __interrupt_handler216
                0x06013062                __interrupt_handler203
                0x06012dfe                __interrupt_handler101
                0x06012d98                __interrupt_handler84
                0x06012ff6                __interrupt_handler185
                0x06012ef4                __interrupt_handler142
                0x06012c3c                __interrupt_handler26
                0x06012d20                __interrupt_handler64
                0x06013050                __interrupt_handler200
                0x0601307a                __interrupt_handler207
                0x0601302c                __interrupt_handler194
                0x06012dc8                __interrupt_handler92
                0x06012f42                __interrupt_handler155
                0x06013092                __interrupt_handler211
                0x06012ebe                __interrupt_handler133
                0x06012bbe                __interrupt_handler5
                0x06012d56                __interrupt_handler73
                0x06012c00                __interrupt_handler16
                0x0601313a                __interrupt_handler239
                0x0601311c                __interrupt_handler234
                0x06012c72                __interrupt_handler35
                0x06012d02                __interrupt_handler59
                0x06012f96                __interrupt_handler169
                0x06012dec                __interrupt_handler98
                0x06012d4a                __interrupt_handler71
                0x06012cd2                __interrupt_handler51
                0x06012f5a                __interrupt_handler159
                0x060130ec                __interrupt_handler226
                0x06012de0                __interrupt_handler96
                0x06013014                __interrupt_handler190
                0x060130c8                __interrupt_handler220
                0x06012bd0                __interrupt_handler8
                0x06012fd2                __interrupt_handler179
                0x06013188                __interrupt_handler252
 *fill*         0x060131c4        0xc 00
 .text          0x060131d0     0x12a0 ../sbl6/segalib/lib/sega_spr.a(spr_2c.o)
                0x06014430                SlaveFlushDrawPrtyBlock
                0x060131d0                SPR_2Initial
                0x06013a14                SPR_2SysClip
                0x060139b4                SPR_2LocalCoord
                0x060142ac                SPR_2FlushDrawPrtyBlock
                0x06013f98                SPR_2DistSpr
                0x0601399c                SPR_2FlushDrawPrty
                0x060140bc                SPR_2Cmd
                0x06013698                SPR_2GourTblNoToVram
                0x060136f8                SPR_2GetAreaSizeInfo
                0x06013460                SPR_2SetGourTbl
                0x06013c4c                SPR_2Polygon
                0x060136d4                SPR_2CharNoToVram
                0x060133e0                SPR_2SetTvMode
                0x0601383c                SPR_2CloseCommand
                0x0601341c                SPR_2FrameEraseData
                0x060131f8                SPR_2Initial2
                0x06013e2c                SPR_2ScaleSpr
                0x06013abc                SPR_2Line
                0x06013788                SPR_2OpenCommand
                0x060133fc                SPR_2FrameChgIntr
                0x06013d08                SPR_2NormSpr
                0x06013490                SPR_2SetLookupTbl
                0x060134c4                SPR_2SetChar
                0x060136bc                SPR_2LookupTblNoToVram
                0x06013b90                SPR_2PolyLine
                0x06013630                SPR_2ClrAllChar
                0x060135e4                SPR_2ClrChar
                0x06013a60                SPR_2UserClip
 .text          0x06014470      0x1e6 ../sbl6/segalib/lib/sega_spr.a(spr_slv.o)
                0x060145d4                SPR_WaitEndSlaveSH
                0x06014470                SPR_SMPC_SSHON
                0x060145b0                SPR_RunSlaveSH
                0x06014474                SPR_InitSlaveSH
                0x0601453c                SPR_SlaveSHmain
                0x06014471                SPR_SMPC_SSHOFF
 *fill*         0x06014656        0xa 00
 .text          0x06014660      0x36a ../sbl6/segalib/lib/sega_spr.a(spr_1c.o)
                0x06014914                SPR_WaitDrawEnd
                0x0601492c                SPR_SetEosMode
                0x06014844                SPR_SetEraseData
                0x06014660                SPR_Initial
                0x06014738                SPR_SetTvMode
                0x060147d0                SPR_GetStatus
 *fill*         0x060149ca        0x6 00
 .text          0x060149d0      0x244 ../sbl6/segalib/lib/sega_spr.a(spr_2a.o)
                0x060149e2                sprMemCpyW
                0x06014a40                flushDrawPrtyBlock
                0x060149d0                sprMemCpyL
                0x060149f4                SPR_2SetDrawPrty
 *fill*         0x06014c14        0xc 00
 .text          0x06014c20      0x2fc ../sbl6/segalib/lib/sega_scl.a(scl_vblv.o)
                0x06014cdc                SCL_DisplayFrame
                0x06014c20                SCL_SetFrameInterval
                0x06014d10                SCL_VblInit
                0x06014d60                SCL_VblankStart
                0x06014da4                SCL_VblankEnd
 *fill*         0x06014f1c        0x4 00
 .text          0x06014f20      0xb9c ../sbl6/segalib/lib/sega_scl.a(scl_func.o)
                0x060158fc                SCL_Vdp2_SGLInit
                0x0601580c                SCL_PriIntProc
                0x06015784                SCL_Memcpyw
                0x06015a9c                SCL_SglOff
                0x06015a7c                SCL_SglOn
                0x060156f0                SCL_ScrollShow
                0x06015198                SCL_Close
                0x06015490                SCL_Scale
                0x06014f20                SCL_Vdp2Init
                0x06015304                SCL_Move
                0x060155cc                SCL_CopyReg
                0x06015174                SCL_Open
                0x06014fa4                SCL_ParametersInit
                0x060151b4                SCL_MoveTo
                0x060157ac                SCL_SetColRamMode
 *fill*         0x06015abc        0x4 00
 .text          0x06015ac0      0x138 ../sbl6/segalib/lib/sega_scl.a(scl_pr03.o)
                0x06015ac0                SCL_FreeColRam
                0x06015af8                SCL_AllocColRam
 *fill*         0x06015bf8        0x8 00
 .text          0x06015c00       0x9c ../sbl6/segalib/lib/sega_scl.a(scl_pr02.o)
                0x06015c00                SCL_SetColRam
 *fill*         0x06015c9c        0x4 00
 .text          0x06015ca0       0x84 ../sbl6/segalib/lib/sega_scl.a(scl_back.o)
                0x06015ca0                SCL_SetBack
 *fill*         0x06015d24        0xc 00
 .text          0x06015d30      0x278 ../sbl6/segalib/lib/sega_scl.a(scl_fu05.o)
                0x06015dec                SCL_SetLineParam
                0x06015d38                SCL_InitLineParamTb
 *fill*         0x06015fa8        0x8 00
 .text          0x06015fb0      0x94c ../sbl6/segalib/lib/sega_scl.a(scl_fu03.o)
                0x0601600c                SCL_SetConfig
                0x06015fb0                SCL_InitConfigTb
 *fill*         0x060168fc        0x4 00
 .text          0x06016900      0x4f4 ../sbl6/segalib/lib/sega_scl.a(scl_fu02.o)
                0x06016938                SCL_SetVramConfig
                0x06016900                SCL_InitVramConfigTb
 *fill*         0x06016df4        0xc 00
 .text          0x06016e00       0x28 ../sbl6/segalib/lib/sega_scl.a(scl_fu04.o)
                0x06016e00                SCL_SetCycleTable
 *fill*         0x06016e28        0x8 00
 .text          0x06016e30      0x214 ../sbl6/segalib/lib/sega_scl.a(scl_pr07.o)
                0x06016e30                SCL_SetPriority
 *fill*         0x06017044        0xc 00
 .text          0x06017050       0x58 ../sbl6/segalib/lib/sega_scl.a(scl_pr01.o)
                0x06017050                SCL_SetSpriteMode
 *fill*         0x060170a8        0x8 00
 .text          0x060170b0     0x10a4 ../sbl6/segalib/lib/sega_scl.a(scl_pri.o)
                0x06017144                SCL_AbortAutoVe
                0x06017ff4                SCL_SetShadowBit
                0x060175bc                SCL_AutoExec
                0x060170b0                SCL_PriorityInit
                0x06017ad0                SCL_IncColOffset
                0x06017158                SCL_SetColMixRate
                0x06017128                SCL_GetColRamMode
 *fill*         0x06018154        0xc 00
 .text          0x06018160     0x1394 ../sbl6/segalib/lib/sega_scl.a(scl_ro00.o)
                0x0601934c                SCL_RotateZD
                0x06018614                SCL_Rotate
                0x060182e8                SCL_InitRotateTable
 *fill*         0x060194f4        0xc 00
 .text          0x06019500      0x1b4 ../sbl6/segalib/lib/sega_scl.a(scl_pr06.o)
                0x06019500                SCL_SetColRamOffset
 *fill*         0x060196b4        0xc 00
 .text          0x060196c0       0xac ../sbl6/segalib/lib/sega_scl.a(scl_pr05.o)
                0x060196c0                SCL_GetColRamOffset
 *fill*         0x0601976c        0x4 00
 .text          0x06019770       0xa4 ../sbl6/segalib/lib/sega_mth.a(mth_fixd.o)
                0x060197c0                MTH_FixedToInt
                0x060197b0                MTH_IntToFixed
                0x06019770                MTH_Mul
                0x060197d0                MTH_Product
                0x06019790                MTH_Div
 *fill*         0x06019814        0xc 00
 .text          0x06019820      0x600 ../sbl6/segalib/lib/sega_mth.a(mth_tri.o)
                0x060198bc                fcos
                0x060198c2                fsin
                0x0601986c                MTH_Cos
                0x06019820                MTH_Sin
                0x06019a60                MTH_Atan
 .text          0x06019e20      0xf50 ../sbl6/segalib/lib/sega_per.a(per_prt.o)
                0x0601a240                PER_IntFunc
                0x0601a038                PER_LGetPer
                0x06019e20                PER_LInit
 .text          0x0601ad70     0x1b04 ../sbl6/segalib/lib/sega_sat.a(gfs.o)
                0x0601ad70                gfs_version
                0x0601bfe4                gfs_mngGetNumFile
                0x0601c764                gfs_closeSub
                0x0601bb00                GFS_SetGmode
                0x0601bdbc                GFS_SetErrFunc
                0x0601bf0c                gfs_mngSetupFuncTbl
                0x0601b0c8                GFS_Reset
                0x0601be34                gfs_chgRoot
                0x0601bf00                gfs_aborttrans
                0x0601c1e4                gfs_svrAddHndl
                0x0601c094                gfs_mngFreeGrp
                0x0601be0c                GFS_ConvTno
                0x0601c398                gfs_getRootDir
                0x0601bde8                GFS_GetErrStat
                0x0601b238                GFS_Seek
                0x0601b8a4                GFS_NwStop
                0x0601c0a0                gfs_mngTermAccess
                0x0601b14c                GFS_Open
                0x0601c04c                GFS_mngAllocGrp
                0x0601c7ac                gfs_isTaskDone
                0x0601b5a4                GFS_Fread
                0x0601bd04                GFS_StartTrans
                0x0601c700                gfs_GetFinfo
                0x0601bf40                gfs_mngInitWork
                0x0601b390                GFS_ByteToSct
                0x0601c1a4                gfs_svrSearchHndl
                0x0601c494                gfs_loadRootDir
                0x0601afec                GFS_IdToName
                0x0601b6e8                GFS_NwFread
                0x0601bc34                GFS_SetTransPara
                0x0601b7f4                GFS_NwCdRead
                0x0601c2d4                gfs_loadVol
                0x0601bbd0                GFS_SetReadPara
                0x0601b2ec                GFS_Tell
                0x0601bb64                GFS_SetTmode
                0x0601c668                GFS_GetFad
                0x0601bca0                GFS_SetTrFunc
                0x0601bd50                GFS_CdMovePickup
                0x0601af88                GFS_NameToId
                0x0601b9bc                GFS_NwExecOne
                0x0601c51c                gfs_flowIn
                0x0601b444                GFS_GetFileInfo
                0x0601c5c4                gfs_transData
                0x0601c220                gfs_svrRemoveHndl
                0x0601b86c                GFS_NwIsComplete
                0x0601c7a0                gfs_getGmode
                0x0601b910                GFS_NwGetStat
                0x0601c27c                GFS_OpenSub
                0x0601af20                GFS_SetDir
                0x0601b3ec                GFS_GetFileSize
                0x0601b4b8                GFS_GetNumCdbuf
                0x0601c800                gfs_convFinStat
                0x0601b4e0                GFS_Load
                0x0601b640                gfs_waitRead
                0x0601ae78                GFS_LoadDir
                0x0601b058                GFS_GetDirInfo
                0x0601b200                GFS_Close
                0x0601ad90                GFS_Init
                0x0601b98c                gfs_recovRdErr
                0x0601c124                gfs_mngSetErrCode
                0x0601ba7c                GFS_NwExecServer
                0x0601b33c                GFS_IsEof
                0x0601c6c0                gfs_SetSct
 *fill*         0x0601c874        0xc 00
 .text          0x0601c880      0x1f4 ../sbl6/segalib/lib/sega_sat.a(DMA_SCU1.o)
                0x0601c9dc                DMA_ScuResult
                0x0601c880                DMA_ScuInit
                0x0601c8d0                DMA_ScuMemCopy
 *fill*         0x0601ca74        0xc 00
 .text          0x0601ca80      0x8d4 ../sbl6/segalib/lib/sega_sat.a(gfs_cdf.o)
                0x0601cf74                GFCF_Seek
                0x0601d07c                GFCF_GetStat
                0x0601cf5c                GFCF_Tell
                0x0601cb20                GFCF_Setup
                0x0601d028                GFCF_cnvIntlvOfs
                0x0601ca80                GFCF_Init
                0x0601cf14                GFCF_Recover
                0x0601cc68                GFCF_SetSct
                0x0601cf8c                GFCF_MovePickup
                0x0601d150                gfcf_isCdOk
                0x0601cd20                GFCF_FlowInBuf
                0x0601ccac                GFCF_GetFileInfo
                0x0601ce74                GFCF_StopInBuf
                0x0601d114                gfcf_getSctSize
                0x0601d210                gfcf_getPlayRange
 *fill*         0x0601d354        0xc 00
 .text          0x0601d360      0x928 ../sbl6/segalib/lib/sega_sat.a(gfs_dir.o)
                0x0601d850                gfdr_setNextRec
                0x0601dc4c                gfdr_setDirrecCd
                0x0601d648                gfdr_open
                0x0601d45c                GFDR_GetAtrDirId
                0x0601d730                gfdr_readByte
                0x0601d360                GFDR_SetupDirTbl
                0x0601d828                gfdr_readLongNM
                0x0601d8d4                gfdr_readDirEnt
                0x0601d48c                GFDR_ChgRoot
                0x0601d3d4                GFDR_NameToId
                0x0601d518                gfdr_setupDirIdTbl
                0x0601d474                GFDR_GetAtrDirName
                0x0601d434                GFDR_GetInfoDirId
                0x0601d7dc                gfdr_readLongNB
                0x0601d670                gfdr_read
                0x0601d75c                gfdr_readWord
                0x0601d59c                gfdr_setupDirNameTbl
                0x0601d448                GFDR_GetInfoDirName
                0x0601d4a4                GFDR_ChgDir
                0x0601d788                gfdr_readWordNB
 *fill*         0x0601dc88        0x8 00
 .text          0x0601dc90      0xa46 ../sbl6/segalib/lib/sega_sat.a(gfs_trn.o)
                0x0601dd70                GFTR_SetTransMax
                0x0601e140                gftr_execScu
                0x0601e6c4                GFTR_SetTransFunc
                0x0601e58c                gftr_remTrn
                0x0601e6b0                GFTR_SetData
                0x0601e3b0                gftr_execSdma1
                0x0601e600                gftr_copyFrac
                0x0601dd64                GFTR_GetNumTrans
                0x0601dd04                GFTR_SetMode
                0x0601e380                gftr_remDma0
                0x0601e628                GFTR_GetLenData
                0x0601e134                gftr_reqScu
                0x0601e398                gftr_reqDma1
                0x0601e050                gftr_getSrcPack
                0x0601e680                GFTR_RtnDstPk
                0x0601e21c                gfdma_exec
                0x0601e4b4                gftr_execTrn
                0x0601df48                GFTR_ExecSvr
                0x0601e444                gftr_reqTrn
                0x0601e30c                gfdma_getBytecnt
                0x0601e3ec                gftr_reqCpu
                0x0601e64c                GFTR_GetDstPack
                0x0601e344                gftr_reqDma0
                0x0601ded0                GFTR_Idle
                0x0601dd88                GFTR_Pause
                0x0601dd58                GFTR_GetTransPara
                0x0601e438                gftr_remCpu
                0x0601dd24                GFTR_SetTransPara
                0x0601e3d4                gftr_remDma1
                0x0601dd94                GFTR_Stop
                0x0601e35c                gftr_execSdma0
                0x0601dcc0                GFTR_Setup
                0x0601e1dc                gftr_remScu
                0x0601e0d8                gftr_getDstPack
                0x0601e210                gfdma_canUse
                0x0601de4c                GFTR_Exec
                0x0601e69c                GFTR_GetData
                0x0601dd7c                GFTR_Start
                0x0601dd18                GFTR_SetUnit
                0x0601e3f8                gftr_execCpu
                0x0601e634                GFTR_GetLenRoom
 *fill*         0x0601e6d6        0xa 00
 .text          0x0601e6e0      0x106 ../sbl6/segalib/lib/sega_sat.a(gfs_buf.o)
                0x0601e738                GFBF_GetNumData
                0x0601e7b4                GFBF_RtnPk
                0x0601e768                GFBF_GetSrcPk
                0x0601e7dc                gfbf_getSctDt
                0x0601e710                GFBF_GetTranData
                0x0601e790                GFBF_GetSctData
 *fill*         0x0601e7e6        0xa 00
 .text          0x0601e7f0      0x600 ../sbl6/segalib/lib/sega_sat.a(gfs_cdb.o)
                0x0601ed98                GFCB_GetPickup
                0x0601e910                GFCB_Close
                0x0601ebdc                GFCB_GetSrcPack
                0x0601ed64                GFCB_SetCon
                0x0601e9e4                GFCB_GetLenRoom
                0x0601ed48                GFCB_MovePickup
                0x0601ecbc                GFCB_GetSctData
                0x0601e9f0                GFCB_SetFilt
                0x0601e938                GFCB_GetLenData
                0x0601edd8                GFCB_UngetPickup
                0x0601e7f0                GFCB_Setup
                0x0601ea80                GFCB_Tell
                0x0601edc0                GFCB_IsPuOwner
                0x0601eae0                GFCB_Seek
                0x0601ea58                GFCB_DeleteAllData
                0x0601ecf4                GFCB_GetDstPack
                0x0601ea90                gfcb_getSctNum
                0x0601ed00                GFCB_RtnPk
 .text          0x0601edf0     0x1a04 ../sbl6/segalib/lib/sega_sat.a(gfs_cdc.o)
                0x0601f08c                GFCD_AllocBuf
                0x0601fe68                gfcd_doGetLenDataTsk
                0x06020704                GFCD_SetCsctFunc
                0x0601f164                GFCD_GetBaseFad
                0x0601f2e0                GFCD_GetFilt
                0x060202f4                gfcd_doChgDirTsk
                0x06020634                gfcd_checkEflag
                0x0601f628                GFCD_MovePickup
                0x0601f70c                GFCD_GetSctInfo
                0x0601ffbc                gfcd_doReqDataTsk
                0x0601f754                GFCD_ChgDir
                0x0601f448                GFCD_ReqData
                0x06020720                GFCD_ChkScdqFlag
                0x0601fbd8                GFCD_WaitServer
                0x0601f4ec                GFCD_DelSctData
                0x0601f9c4                GFCD_ExecServer
                0x0601fdd8                gfcd_doSetConTsk
                0x0601f020                GFCD_AllocFilt
                0x0601f21c                GFCD_SetFilt
                0x0601fc14                gfcd_doSetFiltTsk
                0x06020744                GFCD_ClrScdqFlag
                0x0602005c                gfcd_doDelSctDataTsk
                0x0601fb20                gfcd_doTask
                0x0601f198                GFCD_GetPickup
                0x0601f6e8                GFCD_CheckMove
                0x06020760                GFCD_WaitScdqFlag
                0x0601f380                GFCD_Play
                0x06020190                gfcd_doMoveSctTsk
                0x0601f328                GFCD_SetCon
                0x0601f7c8                GFCD_SetFiltCon
                0x060207a4                GFCD_WaitPause
                0x0601f98c                GFCD_GetBufSiz
                0x0601f1cc                GFCD_UngetPickup
                0x0601f8b0                GFCD_GetFileInfo
                0x0601f4a4                GFCD_EndData
                0x0601f0c0                GFCD_FreeBuf
                0x0601f3e0                GFCD_GetLenData
                0x0601f05c                GFCD_FreeFilt
                0x0601fa98                gfcd_isIdleTask
                0x0601ee1c                GFCD_Init
                0x060204f0                gfcd_doSetFiltConTsk
                0x0601f574                GFCD_GetStat
                0x0601f674                GFCD_MoveSctData
                0x0601f1f8                GFCD_IsPuOwner
                0x06020658                gfcd_initCdbMng
                0x0601edf0                GFCD_SetCdbfs
                0x0601fbc4                GFCD_SetTimer
                0x060206d8                gfcd_setStat
                0x0601f544                GFCD_CheckDelSctData
 *fill*         0x060207f4        0xc 00
 .text          0x06020800      0x308 ../sbl6/segalib/lib/sega_sat.a(DMA_SCU0.o)
                0x06020884                DMA_ScuStart
                0x060209b8                DMA_ScuIntFunc0
                0x06020a28                DMA_ScuIntFunc1
                0x06020a98                DMA_ScuIntFunc2
                0x06020978                DMA_ScuGetStatus
                0x06020800                DMA_ScuSetPrm
 *fill*         0x06020b08        0x8 00
 .text          0x06020b10       0xe8 ../sbl6/segalib/lib/sega_sat.a(csh_main.o)
                0x06020b10                CSH_Init
                0x06020b78                CSH_AllClr
                0x06020bc4                CSH_Purge
 *fill*         0x06020bf8        0x8 00
 .text          0x06020c00      0x1b6 ../sbl6/segalib/lib/sega_sat.a(DMA_CPU0.o)
                0x06020c48                DMA_CpuSetPrm
                0x06020d4c                DMA_CpuStart
                0x06020da4                DMA_CpuGetStatus
                0x06020d78                DMA_CpuAllStop
                0x06020d8c                DMA_CpuGetComStatus
                0x06020c00                DMA_CpuSetComPrm
                0x06020d60                DMA_CpuStop
 *fill*         0x06020db6        0xa 00
 .text          0x06020dc0      0x2dc ../sbl6/segalib/lib/sega_sat.a(cdc_reg.o)
                0x06020e14                CDREG_ClrHirqReq
                0x06020de4                CDC_ClrHirqReq
                0x06020e94                CDREG_TgetData
                0x06020e84                CDC_GetMpegPtr
                0x06020e60                CDC_GetHirqMsk
                0x06020dc0                CDC_GetDataPtr
                0x06020dd0                CDC_GetHirqReq
                0x06020ff0                CDREG_WaitHirq
                0x06020e74                CDC_SetHirqMsk
                0x06020ef0                CDREG_CmdRsp
                0x06020e24                CDREG_InitHirqReq
                0x06020e4c                CDREG_SetHirqFlag
                0x06021060                CDREG_ReadRsp
 *fill*         0x0602109c        0x4 00
 .text          0x060210a0      0x194 ../sbl6/segalib/lib/sega_sat.a(cdc_cfs.o)
                0x060210a0                CDC_ChgDir
                0x060210d4                CDC_ReadDir
                0x060211f8                CDC_AbortFile
                0x06021108                CDC_GetFileScope
                0x06021168                CDC_TgetFileInfo
                0x060211c4                CDC_ReadFile
 *fill*         0x06021234        0xc 00
 .text          0x06021240      0x3a0 ../sbl6/segalib/lib/sega_sat.a(cdc_cmn.o)
                0x060213e4                CDC_TgetToc
                0x06021588                CDC_DataEnd
                0x060212a8                CDC_GetPeriStat
                0x0602151c                CDC_DataReady
                0x060214f4                CDC_CdOpen
                0x06021470                CDC_CdInit
                0x06021434                CDC_GetSes
                0x06021290                CDC_GetLastStat
                0x06021240                CDC_GetCurStat
                0x0602137c                CDC_GetHwInfo
 .text          0x060215e0      0x1e4 ../sbl6/segalib/lib/sega_sat.a(cdc_bio.o)
                0x0602168c                CDC_GetdelSctData
                0x06021614                CDC_GetSctData
                0x060216c8                CDC_PutSctData
                0x06021744                CDC_MoveSctData
                0x06021788                CDC_GetCopyErr
                0x06021650                CDC_DelSctData
                0x060215e0                CDC_SetSctLen
                0x06021700                CDC_CopySctData
 *fill*         0x060217c4        0xc 00
 .text          0x060217d0      0x2b8 ../sbl6/segalib/lib/sega_sat.a(cdc_sel.o)
                0x06021a00                CDC_GetFiltCon
                0x0602197c                CDC_GetFiltMode
                0x06021a54                CDC_ResetSelector
                0x060217d0                CDC_SetFiltRange
                0x0602185c                CDC_SetFiltSubh
                0x060218cc                CDC_GetFiltSubh
                0x06021804                CDC_GetFiltRange
                0x06021948                CDC_SetFiltMode
                0x060219c0                CDC_SetFiltCon
 *fill*         0x06021a88        0x8 00
 .text          0x06021a90      0x130 ../sbl6/segalib/lib/sega_sat.a(cdc_drv.o)
                0x06021a90                CDC_CdPlay
                0x06021b5c                CDC_CdSeek
                0x06021b90                CDC_CdScan
 .text          0x06021bc0      0x270 ../sbl6/segalib/lib/sega_sat.a(cdc_bif.o)
                0x06021c1c                CDC_GetSctNum
                0x06021d9c                CDC_ExeFadSearch
                0x06021d1c                CDC_GetSctInfo
                0x06021c60                CDC_CalActSiz
                0x06021bc0                CDC_GetBufSiz
                0x06021c9c                CDC_GetActSiz
                0x06021dd4                CDC_GetFadSearch
 .text          0x06021e30       0xa8 ../sbl6/segalib/lib/sega_sat.a(cdc_dev.o)
                0x06021e9c                CDC_CdGetLastBuf
                0x06021e30                CDC_CdSetCon
                0x06021e60                CDC_CdGetCon
 *fill*         0x06021ed8        0x8 00
 .text          0x06021ee0      0x152 ../sbl6/segalib/lib/sega_sat.a(cdc_sub.o)
                0x06021f88                CDSUB_GetCdstat
                0x06021ef8                CDSUB_UpdCdstat
                0x06021fc8                CDSUB_RspToCdstat
                0x06022010                CDSUB_SoftTimer
                0x06021ee0                CDSUB_UpdStatus
                0x06021f18                CDSUB_CdCmd
 *fill*         0x06022032        0xe 00
 .text          0x06022040       0x60 C:/saturn/SH_COFF/sh-coff/bin/../lib/gcc/sh-coff/3.4-GNUSH_v0501\libgcc.a(_ashiftrt.o)
                0x0602204c                __ashiftrt_r4_27
                0x06022080                __ashiftrt_r4_6
                0x06022070                __ashiftrt_r4_14
                0x06022062                __ashiftrt_r4_19
                0x0602207a                __ashiftrt_r4_9
                0x0602208e                __ashiftrt_r4_0
                0x06022040                __ashiftrt_r4_31
                0x0602204e                __ashiftrt_r4_26
                0x0602205c                __ashiftrt_r4_22
                0x06022068                __ashiftrt_r4_16
                0x06022074                __ashiftrt_r4_12
                0x06022048                __ashiftrt_r4_29
                0x06022066                __ashiftrt_r4_17
                0x06022046                __ashiftrt_r4_30
                0x06022082                __ashiftrt_r4_5
                0x0602207c                __ashiftrt_r4_8
                0x06022040                __ashiftrt_r4_32
                0x06022050                __ashiftrt_r4_25
                0x06022088                __ashiftrt_r4_2
                0x06022052                __ashiftrt_r4_24
                0x0602206e                __ashiftrt_r4_15
                0x06022078                __ashiftrt_r4_10
                0x0602208a                __ashiftrt_r4_1
                0x0602204a                __ashiftrt_r4_28
                0x06022060                __ashiftrt_r4_20
                0x0602207e                __ashiftrt_r4_7
                0x06022072                __ashiftrt_r4_13
                0x06022076                __ashiftrt_r4_11
                0x06022084                __ashiftrt_r4_4
                0x0602205a                __ashiftrt_r4_23
                0x06022064                __ashiftrt_r4_18
                0x0602205e                __ashiftrt_r4_21
                0x06022086                __ashiftrt_r4_3
 .text          0x060220a0       0x90 C:/saturn/SH_COFF/sh-coff/bin/../lib/gcc/sh-coff/3.4-GNUSH_v0501\libgcc.a(_ashiftlt.o)
                0x060220a0                __ashlsi3
 .text          0x06022130       0xb0 C:/saturn/SH_COFF/sh-coff/bin/../lib/gcc/sh-coff/3.4-GNUSH_v0501\libgcc.a(_movstr.o)
                0x06022170                __movstrSI16
                0x06022144                __movstrSI60
                0x06022150                __movstrSI48
                0x0602214c                __movstrSI52
                0x06022140                __movstrSI64
                0x06022154                __movstrSI44
                0x06022158                __movstrSI40
                0x0602215c                __movstrSI36
                0x06022190                __movstr
                0x06022148                __movstrSI56
                0x06022164                __movstrSI28
                0x06022160                __movstrSI32
                0x06022174                __movstrSI12
                0x06022178                __movstrSI8
                0x06022180                __movstrSI0
                0x06022168                __movstrSI24
                0x0602216c                __movstrSI20
                0x0602217c                __movstrSI4
 .text          0x060221e0       0xa0 C:/saturn/SH_COFF/sh-coff/bin/../lib/gcc/sh-coff/3.4-GNUSH_v0501\libgcc.a(__main.o)
                0x06022254                __main
                0x060221e0                __do_global_dtors
                0x06022214                __do_global_ctors
 .text          0x06022280      0x2e0 C:/saturn/SH_COFF/sh-coff/bin/../lib/gcc/sh-coff/3.4-GNUSH_v0501\libgcc.a(_mul_df.o)
                0x06022290                __muldf3
 .text          0x06022560       0xb0 C:/saturn/SH_COFF/sh-coff/bin/../lib/gcc/sh-coff/3.4-GNUSH_v0501\libgcc.a(_si_to_df.o)
                0x06022560                __floatsidf
 .text          0x06022610       0x80 C:/saturn/SH_COFF/sh-coff/bin/../lib/gcc/sh-coff/3.4-GNUSH_v0501\libgcc.a(_df_to_si.o)
                0x06022610                __fixdfsi
 .text          0x06022690       0x70 C:/saturn/SH_COFF/sh-coff/bin/../lib/gcc/sh-coff/3.4-GNUSH_v0501\libgcc.a(_udivsi3.o)
                0x060226b2                __udivsi3
 .text          0x06022700       0xa0 C:/saturn/SH_COFF/sh-coff/bin/../lib/gcc/sh-coff/3.4-GNUSH_v0501\libgcc.a(_sdivsi3.o)
                0x06022700                __sdivsi3
 .text          0x060227a0      0x120 C:/saturn/SH_COFF/sh-coff/bin/../lib/gcc/sh-coff/3.4-GNUSH_v0501\libgcc.a(_unpack_df.o)
                0x060227b0                __unpack_d
 .text          0x060228c0      0x220 C:/saturn/SH_COFF/sh-coff/bin/../lib/gcc/sh-coff/3.4-GNUSH_v0501\libgcc.a(_pack_df.o)
                0x060228d0                __pack_d
 .text          0x06022ae0       0x20 C:/saturn/SH_COFF/sh-coff/bin/../lib/gcc/sh-coff/3.4-GNUSH_v0501\libgcc.a(_thenan_df.o)
                0x06022ae0                __thenan_df
 .text          0x06022b00       0xd0 C:/saturn/SH_COFF/sh-coff/bin/../lib/gcc/sh-coff/3.4-GNUSH_v0501\libgcc.a(_muldi3.o)
                0x06022b00                __muldi3
 .text          0x06022bd0       0x80 C:/saturn/SH_COFF/sh-coff/bin/../lib/gcc/sh-coff/3.4-GNUSH_v0501\libgcc.a(_lshrdi3.o)
                0x06022bd0                __lshrdi3
 .text          0x06022c50       0x80 C:/saturn/SH_COFF/sh-coff/bin/../lib/gcc/sh-coff/3.4-GNUSH_v0501\libgcc.a(_ashldi3.o)
                0x06022c50                __ashldi3
 .text          0x06022cd0       0x30 C:/saturn/SH_COFF/sh-coff/bin/../lib/gcc/sh-coff/3.4-GNUSH_v0501\libgcc.a(_mulsi3.o)
                0x06022cd0                __mulsi3
 .text          0x06022d00       0x90 C:/saturn/SH_COFF/sh-coff/bin/../lib/gcc/sh-coff/3.4-GNUSH_v0501\libgcc.a(_lshiftrt.o)
                0x06022d00                __lshrsi3
 .text          0x06022d90       0xa0 C:/saturn/SH_COFF/sh-coff/bin/../lib/gcc/sh-coff/3.4-GNUSH_v0501/../../../../sh-coff/lib\libc.a(memcpy.o)
                0x06022d90                memcpy
 .text          0x06022e30       0x40 C:/saturn/SH_COFF/sh-coff/bin/../lib/gcc/sh-coff/3.4-GNUSH_v0501/../../../../sh-coff/lib\libc.a(memset.o)
                0x06022e30                memset
 .text          0x06022e70       0x60 C:/saturn/SH_COFF/sh-coff/bin/../lib/gcc/sh-coff/3.4-GNUSH_v0501/../../../../sh-coff/lib\libc.a(memcmp.o)
                0x06022e70                memcmp
 .text          0x06022ed0       0xb0 C:/saturn/SH_COFF/sh-coff/bin/../lib/gcc/sh-coff/3.4-GNUSH_v0501/../../../../sh-coff/lib\libc.a(strncmp.o)
                0x06022ed0                strncmp
 .text          0x06022f80       0xa0 C:/saturn/SH_COFF/sh-coff/bin/../lib/gcc/sh-coff/3.4-GNUSH_v0501/../../../../sh-coff/lib\libc.a(strncpy.o)
                0x06022f80                strncpy
 .text          0x06023020       0x90 C:/saturn/SH_COFF/sh-coff/bin/../lib/gcc/sh-coff/3.4-GNUSH_v0501/../../../../sh-coff/lib\libc.a(atexit.o)
                0x06023020                atexit
 .text          0x060230b0       0x10 C:/saturn/SH_COFF/sh-coff/bin/../lib/gcc/sh-coff/3.4-GNUSH_v0501/../../../../sh-coff/lib\libc.a(impure.o)
                0x060230b0                _global_impure_ptr
 .text          0x060230c0       0x40 C:/saturn/SH_COFF/sh-coff/bin/../lib/gcc/sh-coff/3.4-GNUSH_v0501/../../../../sh-coff/lib\libc.a(malloc.o)
                0x060230dc                free
                0x060230c0                malloc
 .text          0x06023100      0x5b0 C:/saturn/SH_COFF/sh-coff/bin/../lib/gcc/sh-coff/3.4-GNUSH_v0501/../../../../sh-coff/lib\libc.a(mallocr.o)
                0x06023100                _malloc_r
 .text          0x060236b0      0x340 C:/saturn/SH_COFF/sh-coff/bin/../lib/gcc/sh-coff/3.4-GNUSH_v0501/../../../../sh-coff/lib\libc.a(freer.o)
                0x060236b0                _malloc_trim_r
                0x060237a4                _free_r
 .text          0x060239f0       0x20 C:/saturn/SH_COFF/sh-coff/bin/../lib/gcc/sh-coff/3.4-GNUSH_v0501/../../../../sh-coff/lib\libc.a(mlock.o)
                0x060239f0                __malloc_lock
                0x060239fc                __malloc_unlock
 .text          0x06023a10       0x50 C:/saturn/SH_COFF/sh-coff/bin/../lib/gcc/sh-coff/3.4-GNUSH_v0501/../../../../sh-coff/lib\libc.a(sbrkr.o)
                0x06023a10                _sbrk_r
 .text          0x06023a60      0x380 C:/saturn/SH_COFF/sh-coff/bin/../lib/gcc/sh-coff/3.4-GNUSH_v0501/../../../../sh-coff/lib\libc.a(syscalls.o)
                0x06023bcc                _exit
                0x06023c00                _getpid
                0x06023c68                _utime
                0x06023a98                _write
                0x06023a60                _read
                0x06023bb4                _unlink
                0x06023b7c                _open
                0x06023c18                _stat
                0x06023bc0                isatty
                0x06023c98                _wait
                0x06023be4                _kill
                0x06023c34                _chmod
                0x06023cc8                _execv
                0x06023cac                _execve
                0x06023da4                __setup_argv_and_call_main
                0x06023d00                _gettimeofday
                0x06023acc                _link
                0x06023c0c                _raise
                0x06023b98                _creat
                0x06023ce0                _pipe
                0x06023c4c                _chown
                0x06023a7c                _lseek
                0x06023ab4                _close
                0x06023cf4                _times
                0x06023b68                _fstat
                0x06023c84                _fork
                0x06023af4                _sbrk
 .text          0x06023de0       0x20 C:/saturn/SH_COFF/sh-coff/bin/../lib/gcc/sh-coff/3.4-GNUSH_v0501/../../../../sh-coff/lib\libc.a(trap.o)
                0x06023de0                __trap34
 .text          0x06023e00       0x20 C:/saturn/SH_COFF/sh-coff/bin/../lib/gcc/sh-coff/3.4-GNUSH_v0501/../../../../sh-coff/lib\libc.a(abort.o)
                0x06023e00                abort
 .text          0x06023e20      0x270 C:/saturn/SH_COFF/sh-coff/bin/../lib/gcc/sh-coff/3.4-GNUSH_v0501/../../../../sh-coff/lib\libc.a(signal.o)
                0x06023ee0                _raise_r
                0x06024068                __sigtramp
                0x06024014                raise
                0x06024050                _init_signal
                0x06023fa0                __sigtramp_r
                0x06024030                signal
                0x06023e6c                _signal_r
                0x06023e20                _init_signal_r
 .text          0x06024090       0x60 C:/saturn/SH_COFF/sh-coff/bin/../lib/gcc/sh-coff/3.4-GNUSH_v0501/../../../../sh-coff/lib\libc.a(signalr.o)
                0x060240d8                _getpid_r
                0x06024090                _kill_r
 *(.strings)

.tors           0x060240f0        0x0
                0x060240f0                ___ctors = .
 *(.ctors)
                0x060240f0                ___ctors_end = .
                0x060240f0                ___dtors = .
 *(.dtors)
                0x060240f0                ___dtors_end = .

.data           0x060240f0     0x16b0
                0x060240f0                STARTOF_R = .
 *(.data)
 .data          0x060240f0      0x400 ../sbl6/segasmp/per/smpclib/per_x1.o
 .data          0x060244f0       0x60 blocks.o
                0x06024540                tile2_slope
                0x06024520                tile4_slope
                0x060244f0                block_slopes
                0x06024530                tile3_slope
 .data          0x06024550      0x580 graphics.o
                0x06024550                cloudmap_name
                0x060245d2                guy_num
                0x06024ac8                bg_num
                0x06024560                cloudmap_width
                0x06024628                cloud_pal
                0x06024674                hills_pal
                0x060246b4                hills_name
                0x0602455e                cloudmap_height
                0x060246c0                bg_pal
                0x060246be                hills_num
                0x060245c4                guy_name
                0x06024574                hill_map_width
                0x06024584                guy_pal
                0x06024672                cloud_num
                0x0602461e                font_height
                0x06024582                map_width
                0x06024580                map_height
                0x060245ce                guy_width
                0x06024578                map_name
                0x06024614                font_name
                0x06024ac0                bg_name
                0x06024572                hill_map_height
                0x06024620                font_width
                0x060245cc                guy_height
                0x06024564                hill_map_name
                0x06024668                cloud_name
                0x06024624                font_num
                0x060245d4                font_pal
                0x060245d0                guy_size
                0x06024622                font_size
 .data          0x06024ad0       0x10 player.o
                0x06024ad0                lives
 .data          0x06024ae0       0x30 sprite.o
 .data          0x06024b10       0x20 scroll.o
                0x06024b10                CycleTb
                0x06024b20                vram
 .data          0x06024b30      0x400 ../sbl6/segalib/lib/sega_int.a(int.o)
 .data          0x06024f30       0x1c ../sbl6/segalib/lib/sega_spr.a(spr_slv.o)
                0x06024f38                SPR_SlaveParam
                0x06024f48                SPR_SMPC_SF
                0x06024f40                SPR_SMPC_COM
                0x06024f3c                SPR_SlaveSHEntry
                0x06024f34                SPR_SlaveState
                0x06024f30                SPR_SlaveCommand
                0x06024f44                SPR_SMPC_RET
 *fill*         0x06024f4c        0x4 00
 .data          0x06024f50       0x34 ../sbl6/segalib/lib/sega_spr.a(spr_1c.o)
                0x06024f50                SpInitialFlag
 *fill*         0x06024f84        0xc 00
 .data          0x06024f90       0x1c ../sbl6/segalib/lib/sega_scl.a(scl_vblv.o)
                0x06024f98                VBInterval
                0x06024fa0                ReqDisplayFlag
                0x06024f90                SpFrameChgMode
                0x06024f9c                VBIntervalCounter
                0x06024f94                SpFrameEraseMode
 *fill*         0x06024fac        0x4 00
 .data          0x06024fb0       0x36 ../sbl6/segalib/lib/sega_scl.a(scl_func.o)
                0x06024fc0                SclRotregBuff
                0x06024fbc                SclDisplayY
                0x06024fc4                SclRotateTableMode
                0x06024fb8                SclProcess
                0x06024fb4                SclCurSclNum
                0x06024fb0                SclLengthLsTbl
                0x06024fba                SclDisplayX
                0x06024fb2                SclLengthCsTbl
 *fill*         0x06024fe6        0xa 00
 .data          0x06024ff0       0x18 ../sbl6/segalib/lib/sega_scl.a(scl_pri.o)
                0x06024ff4                SclRealSpPriNum
                0x06025004                SclRealColOffset
                0x06025000                SclRealBgColMix
                0x06024ffc                SclRealSpColMix
                0x06024ff8                SclRealBgPriNum
                0x06024ff0                SclRealOtherPri
 *fill*         0x06025008        0x8 00
 .data          0x06025010      0x380 C:/saturn/SH_COFF/sh-coff/bin/../lib/gcc/sh-coff/3.4-GNUSH_v0501/../../../../sh-coff/lib\libc.a(impure.o)
                0x0602538c                _impure_ptr
 .data          0x06025390      0x410 C:/saturn/SH_COFF/sh-coff/bin/../lib/gcc/sh-coff/3.4-GNUSH_v0501/../../../../sh-coff/lib\libc.a(mallocr.o)
                0x06025398                __malloc_av_
                0x06025394                __malloc_trim_threshold
                0x06025390                __malloc_sbrk_base
                0x060257a0                SIZEOF_R = (. - STARTOF_R)
                0x060257a0                ENDOF_R = .

.bss            0x060257a0     0xf084
                0x060257a0                STARTOF_B = .
 *(.bss)
 .bss           0x060257a0       0x10 vblank.o
                0x060257a4                PadData2E
                0x060257aa                PadData1
                0x060257a6                PadData2
                0x060257a8                PadData1E
                0x060257a0                __port
 .bss           0x060257b0       0xd0 ../sbl6/segasmp/per/smpclib/per_x2.o
 .bss           0x06025880       0x10 player.o
                0x06025881                boost
                0x06025880                jumps
 .bss           0x06025890     0x3800 sprite.o
                0x06025890                num_sprites
 .bss           0x06029090       0x50 scroll.o
                0x060290ac                map_tiles_x
                0x060290b4                scrolls_y
                0x06029090                scroll_transition_state
                0x06029094                scroll_ysize
                0x060290a4                map_tiles_y
                0x0602909c                copy_modes
                0x060290c4                scrolls_x
                0x06029098                scroll_xsize
 .bss           0x060290e0       0x10 main.o
                0x060290e0                frame
 .bss           0x060290f0       0x6e ../sbl6/segalib/lib/sega_spr.a(spr_2c.o)
 *fill*         0x0602915e        0x2 00
 .bss           0x06029160        0x4 ../sbl6/segalib/lib/sega_scl.a(scl_vblv.o)
 *fill*         0x06029164        0xc 00
 .bss           0x06029170        0x4 ../sbl6/segalib/lib/sega_scl.a(scl_func.o)
 *fill*         0x06029174        0xc 00
 .bss           0x06029180     0x1900 ../sbl6/segalib/lib/sega_scl.a(scl_fu05.o)
 .bss           0x0602aa80       0x48 ../sbl6/segalib/lib/sega_scl.a(scl_ro00.o)
 *fill*         0x0602aac8        0x8 00
 .bss           0x0602aad0       0x9c ../sbl6/segalib/lib/sega_per.a(per_prt.o)
 *fill*         0x0602ab6c        0x4 00
 .bss           0x0602ab70        0xc ../sbl6/segalib/lib/sega_sat.a(DMA_SCU1.o)
 *fill*         0x0602ab7c        0x4 00
 .bss           0x0602ab80        0xc ../sbl6/segalib/lib/sega_sat.a(gfs_trn.o)
 *fill*         0x0602ab8c        0x4 00
 .bss           0x0602ab90       0x20 ../sbl6/segalib/lib/sega_sat.a(DMA_SCU0.o)
 .bss           0x0602abb0        0x2 ../sbl6/segalib/lib/sega_sat.a(cdc_reg.o)
 *fill*         0x0602abb2        0xe 00
 .bss           0x0602abc0        0xc ../sbl6/segalib/lib/sega_sat.a(cdc_sub.o)
 *fill*         0x0602abcc        0x4 00
 .bss           0x0602abd0       0x10 C:/saturn/SH_COFF/sh-coff/bin/../lib/gcc/sh-coff/3.4-GNUSH_v0501\libgcc.a(__main.o)
 .bss           0x0602abe0       0x10 C:/saturn/SH_COFF/sh-coff/bin/../lib/gcc/sh-coff/3.4-GNUSH_v0501/../../../../sh-coff/lib\libc.a(atexit.o)
 .bss           0x0602abf0       0x40 C:/saturn/SH_COFF/sh-coff/bin/../lib/gcc/sh-coff/3.4-GNUSH_v0501/../../../../sh-coff/lib\libc.a(mallocr.o)
                0x0602ac20                __malloc_top_pad
                0x0602abf0                __malloc_current_mallinfo
                0x0602ac1c                __malloc_max_sbrked_mem
                0x0602ac18                __malloc_max_total_mem
 .bss           0x0602ac30       0x10 C:/saturn/SH_COFF/sh-coff/bin/../lib/gcc/sh-coff/3.4-GNUSH_v0501/../../../../sh-coff/lib\libc.a(syscalls.o)
 *(COMMON)
 COMMON         0x0602ac40     0x1674 cd.o
                                  0x0 (size before relaxing)
                0x0602ac40                dirname
                0x0602b5a0                lib_work
                0x0602c2a8                directory_table
 *fill*         0x0602c2b4        0xc 00
 COMMON         0x0602c2c0     0x1960 player.o
                                  0x0 (size before relaxing)
                0x0602c2c0                curr_level
                0x0602c2d0                player
                0x0602c310                lp
 COMMON         0x0602dc20      0x8c0 print.o
                                  0x0 (size before relaxing)
                0x0602dc20                text
 COMMON         0x0602e4e0     0x1460 sprite.o
                                  0x0 (size before relaxing)
                0x0602e4e0                sprites
                0x0602e940                image_buf
 COMMON         0x0602f940     0x346c scroll.o
                                  0x0 (size before relaxing)
                0x0602f940                line_param0
                0x06031250                scfg3
                0x060312e0                scfg0
                0x06031370                maps
                0x06031380                scfg2
                0x06031410                line_param1
                0x06032d20                scfg1
 *fill*         0x06032dac        0x4 00
 COMMON         0x06032db0      0x400 ../sbl6/segalib/lib/sega_int.a(int.o)
                                  0x0 (size before relaxing)
                0x06032db0                __interrupt_vector
 COMMON         0x060331b0       0x50 ../sbl6/segalib/lib/sega_spr.a(spr_2c.o)
                                  0x0 (size before relaxing)
                0x060331b0                SpMstCmd
                0x060331b4                Sp2OpenFlag
                0x060331b8                SpGourTblMax
                0x060331bc                SpDrawPrtyBlk
                0x060331c0                SpLCoordX
                0x060331c4                SpMstDrawPrtyBlk
                0x060331c8                SpGourTbl
                0x060331cc                SpLookupTblR
                0x060331d0                SpCmdTbl
                0x060331d4                SpCharMax
                0x060331d8                SpDrawPrtyProcFlag
                0x060331dc                SpCmdNo
                0x060331e0                SpDrawPrtyBlkMax
                0x060331e4                SpSlvCmdPos
                0x060331e8                SpSlvDrawPrtyBlk
                0x060331ec                SpCharTbl
                0x060331f0                SpCmdTblR
                0x060331f4                SpMstCmdPos
                0x060331f8                SpSlvCmd
                0x060331fc                SpLCoordY
 COMMON         0x06033200       0x10 ../sbl6/segalib/lib/sega_spr.a(spr_1c.o)
                                  0x0 (size before relaxing)
                0x06033200                SpScreenY
                0x06033204                SpFbcrMode
                0x06033206                SpDil
                0x06033208                SpDie
                0x0603320a                SpTvMode
                0x0603320c                SpScreenX
 COMMON         0x06033210      0xf00 ../sbl6/segalib/lib/sega_scl.a(scl_func.o)
                                  0x0 (size before relaxing)
                0x06033210                SclRbgKtbAddr
                0x06033218                SclRb
                0x0603321a                Scl_flag
                0x06033220                SclK_TableBuff
                0x06033ef0                SclAddrCsTbl
                0x06033f00                Scl_s_reg
                0x06033f28                SclRotateXy
                0x06033f30                Scl_d_reg
                0x06033f78                SclRotateDisp
                0x06033f80                SclRotateMoveZ
                0x06033f88                SclRotXySw
                0x06033f90                Scl_r_reg
                0x06033fa0                SclRPMD
                0x06033fa8                SclRbgKtbOffset
                0x06033fb0                _SclRotregBuff
                0x06034080                SclRa
                0x06034088                SclRotateZ
                0x06034090                SclAddrLsTbl
                0x06034098                SclK_TableNum
                0x060340a0                SclRotateTableAddress
                0x060340a4                SclK_TableFlag
                0x060340b0                Scl_w_reg
                0x060340d0                Scl_n_reg
 COMMON         0x06034110      0x6b0 ../sbl6/segalib/lib/sega_scl.a(scl_pri.o)
                                  0x0 (size before relaxing)
                0x06034110                SclAutoEndBlue2
                0x06034120                SclColOffset
                0x06034130                SclPriBuffDirty
                0x06034132                SclAutoEndRed
                0x06034134                SclAutoSurface
                0x06034138                SclAutoGreen
                0x0603413a                SclAutoEndGreen
                0x0603413c                SclAutoCount
                0x06034140                SclColRamAlloc256
                0x06034160                SclAutoCurRate
                0x06034161                SclAutoPlusFlag
                0x06034168                SclSpColMix
                0x06034170                SclAutoMax
                0x06034174                SclLineColRamOffset
                0x06034178                SclColRamAlloc2048
                0x0603417c                SclBgPriNum
                0x06034182                SclAutoEndBlue
                0x06034184                SclAutoEndGreen2
                0x06034186                SclAutoVeFlag
                0x06034188                SclBgColMix
                0x06034190                SclAutoIndex
                0x06034194                SclAutoEndRate
                0x06034196                SclAutoBlue
                0x06034198                SclAutoRed
                0x0603419c                SclAutoInterval
                0x060341a0                SclOtherPri
                0x060341b0                SclAutoRGB
                0x060347b0                SclAutoEndRed2
                0x060347b8                SclSpPriNum
 COMMON         0x060347c0       0x10 ../sbl6/segalib/lib/sega_scl.a(scl_ro00.o)
                                  0x0 (size before relaxing)
                0x060347c0                SclCsx
                0x060347c8                SclCsy
 COMMON         0x060347d0       0x15 ../sbl6/segalib/lib/sega_per.a(per_prt.o)
                                  0x0 (size before relaxing)
                0x060347d0                per_get_time_flg
                0x060347d1                per_hot_res
                0x060347d2                per_set_sys_flg
                0x060347d4                per_get_time_adr
                0x060347d8                per_get_sys_data
                0x060347e4                per_time_out_flg
 *fill*         0x060347e5        0xb 00
 COMMON         0x060347f0        0xc ../sbl6/segalib/lib/sega_sat.a(gfs.o)
                                  0x0 (size before relaxing)
                0x060347f0                GFMC_base
                0x060347f4                gfs_mng_ptr
                0x060347f8                gfs_use_scudma
 *fill*         0x060347fc        0x4 00
 COMMON         0x06034800        0x8 ../sbl6/segalib/lib/sega_sat.a(gfs_cdf.o)
                                  0x0 (size before relaxing)
                0x06034800                gfcf_fad
                0x06034804                gfcf_stat
 *fill*         0x06034808        0x8 00
 COMMON         0x06034810        0xc ../sbl6/segalib/lib/sega_sat.a(gfs_cdc.o)
                                  0x0 (size before relaxing)
                0x06034810                gfcd_fatal_err
                0x06034814                gfcd_work
                0x06034818                gfcd_playflag
 *fill*         0x0603481c        0x4 00
 COMMON         0x06034820        0x4 C:/saturn/SH_COFF/sh-coff/bin/../lib/gcc/sh-coff/3.4-GNUSH_v0501/../../../../sh-coff/lib\libc.a(syscalls.o)
                                  0x0 (size before relaxing)
                0x06034820                errno
                0x06034824                SIZEOF_B = (. - STARTOF_B)
                0x06034824                ENDOF_B = .
                0x06034824                _end = .
OUTPUT(main.cof coff-sh)

.comment        0x06034830      0x4a0
 .comment       0x06034830       0x20 ../sbl6/segasmp/lib/strt2_g.o
 .comment       0x06034850       0x20 vblank.o
 .comment       0x06034870       0x20 ../sbl6/segasmp/per/smpclib/per_x1.o
 .comment       0x06034890       0x20 ../sbl6/segasmp/per/smpclib/per_x2.o
 .comment       0x060348b0       0x20 blocks.o
 .comment       0x060348d0       0x20 cd.o
 .comment       0x060348f0       0x20 collision.o
 .comment       0x06034910       0x20 graphics.o
 .comment       0x06034930       0x20 player.o
 .comment       0x06034950       0x20 print.o
 .comment       0x06034970       0x20 sprite.o
 .comment       0x06034990       0x20 scroll.o
 .comment       0x060349b0       0x20 main.o
 .comment       0x060349d0       0x20 C:/saturn/SH_COFF/sh-coff/bin/../lib/gcc/sh-coff/3.4-GNUSH_v0501\libgcc.a(__main.o)
 .comment       0x060349f0       0x20 C:/saturn/SH_COFF/sh-coff/bin/../lib/gcc/sh-coff/3.4-GNUSH_v0501\libgcc.a(_mul_df.o)
 .comment       0x06034a10       0x20 C:/saturn/SH_COFF/sh-coff/bin/../lib/gcc/sh-coff/3.4-GNUSH_v0501\libgcc.a(_si_to_df.o)
 .comment       0x06034a30       0x20 C:/saturn/SH_COFF/sh-coff/bin/../lib/gcc/sh-coff/3.4-GNUSH_v0501\libgcc.a(_df_to_si.o)
 .comment       0x06034a50       0x20 C:/saturn/SH_COFF/sh-coff/bin/../lib/gcc/sh-coff/3.4-GNUSH_v0501\libgcc.a(_unpack_df.o)
 .comment       0x06034a70       0x20 C:/saturn/SH_COFF/sh-coff/bin/../lib/gcc/sh-coff/3.4-GNUSH_v0501\libgcc.a(_pack_df.o)
 .comment       0x06034a90       0x20 C:/saturn/SH_COFF/sh-coff/bin/../lib/gcc/sh-coff/3.4-GNUSH_v0501\libgcc.a(_thenan_df.o)
 .comment       0x06034ab0       0x20 C:/saturn/SH_COFF/sh-coff/bin/../lib/gcc/sh-coff/3.4-GNUSH_v0501\libgcc.a(_muldi3.o)
 .comment       0x06034ad0       0x20 C:/saturn/SH_COFF/sh-coff/bin/../lib/gcc/sh-coff/3.4-GNUSH_v0501\libgcc.a(_lshrdi3.o)
 .comment       0x06034af0       0x20 C:/saturn/SH_COFF/sh-coff/bin/../lib/gcc/sh-coff/3.4-GNUSH_v0501\libgcc.a(_ashldi3.o)
 .comment       0x06034b10       0x20 C:/saturn/SH_COFF/sh-coff/bin/../lib/gcc/sh-coff/3.4-GNUSH_v0501/../../../../sh-coff/lib\libc.a(memcmp.o)
 .comment       0x06034b30       0x20 C:/saturn/SH_COFF/sh-coff/bin/../lib/gcc/sh-coff/3.4-GNUSH_v0501/../../../../sh-coff/lib\libc.a(strncmp.o)
 .comment       0x06034b50       0x20 C:/saturn/SH_COFF/sh-coff/bin/../lib/gcc/sh-coff/3.4-GNUSH_v0501/../../../../sh-coff/lib\libc.a(strncpy.o)
 .comment       0x06034b70       0x20 C:/saturn/SH_COFF/sh-coff/bin/../lib/gcc/sh-coff/3.4-GNUSH_v0501/../../../../sh-coff/lib\libc.a(atexit.o)
 .comment       0x06034b90       0x20 C:/saturn/SH_COFF/sh-coff/bin/../lib/gcc/sh-coff/3.4-GNUSH_v0501/../../../../sh-coff/lib\libc.a(impure.o)
 .comment       0x06034bb0       0x20 C:/saturn/SH_COFF/sh-coff/bin/../lib/gcc/sh-coff/3.4-GNUSH_v0501/../../../../sh-coff/lib\libc.a(malloc.o)
 .comment       0x06034bd0       0x20 C:/saturn/SH_COFF/sh-coff/bin/../lib/gcc/sh-coff/3.4-GNUSH_v0501/../../../../sh-coff/lib\libc.a(mallocr.o)
 .comment       0x06034bf0       0x20 C:/saturn/SH_COFF/sh-coff/bin/../lib/gcc/sh-coff/3.4-GNUSH_v0501/../../../../sh-coff/lib\libc.a(freer.o)
 .comment       0x06034c10       0x20 C:/saturn/SH_COFF/sh-coff/bin/../lib/gcc/sh-coff/3.4-GNUSH_v0501/../../../../sh-coff/lib\libc.a(mlock.o)
 .comment       0x06034c30       0x20 C:/saturn/SH_COFF/sh-coff/bin/../lib/gcc/sh-coff/3.4-GNUSH_v0501/../../../../sh-coff/lib\libc.a(sbrkr.o)
 .comment       0x06034c50       0x20 C:/saturn/SH_COFF/sh-coff/bin/../lib/gcc/sh-coff/3.4-GNUSH_v0501/../../../../sh-coff/lib\libc.a(syscalls.o)
 .comment       0x06034c70       0x20 C:/saturn/SH_COFF/sh-coff/bin/../lib/gcc/sh-coff/3.4-GNUSH_v0501/../../../../sh-coff/lib\libc.a(abort.o)
 .comment       0x06034c90       0x20 C:/saturn/SH_COFF/sh-coff/bin/../lib/gcc/sh-coff/3.4-GNUSH_v0501/../../../../sh-coff/lib\libc.a(signal.o)
 .comment       0x06034cb0       0x20 C:/saturn/SH_COFF/sh-coff/bin/../lib/gcc/sh-coff/3.4-GNUSH_v0501/../../../../sh-coff/lib\libc.a(signalr.o)
