Archive member included because of file (symbol)

../sbl6/segalib/lib/sega_int.a(int.o)
                              vblank.o (INT_SetScuFunc)
../sbl6/segalib/lib/sega_int.a(int_trmp.o)
                              ../sbl6/segalib/lib/sega_int.a(int.o) (__interrupt_handler0)
../sbl6/segalib/lib/sega_spr.a(spr_2c.o)
                              sprite.o (SPR_2Initial)
../sbl6/segalib/lib/sega_spr.a(spr_slv.o)
                              ../sbl6/segalib/lib/sega_spr.a(spr_2c.o) (SPR_InitSlaveSH)
../sbl6/segalib/lib/sega_spr.a(spr_1c.o)
                              ../sbl6/segalib/lib/sega_spr.a(spr_2c.o) (SPR_Initial)
../sbl6/segalib/lib/sega_spr.a(spr_2a.o)
                              ../sbl6/segalib/lib/sega_spr.a(spr_2c.o) (SPR_2SetDrawPrty)
../sbl6/segalib/lib/sega_scl.a(scl_vblv.o)
                              ../sbl6/segalib/lib/sega_spr.a(spr_1c.o) (SpFrameChgMode)
../sbl6/segalib/lib/sega_scl.a(scl_func.o)
                              sprite.o (SCL_Vdp2Init)
../sbl6/segalib/lib/sega_scl.a(scl_pr03.o)
                              sprite.o (SCL_AllocColRam)
../sbl6/segalib/lib/sega_scl.a(scl_pr02.o)
                              sprite.o (SCL_SetColRam)
../sbl6/segalib/lib/sega_scl.a(scl_back.o)
                              scroll.o (SCL_SetBack)
../sbl6/segalib/lib/sega_scl.a(scl_fu05.o)
                              scroll.o (SCL_InitLineParamTb)
../sbl6/segalib/lib/sega_scl.a(scl_fu03.o)
                              scroll.o (SCL_InitConfigTb)
../sbl6/segalib/lib/sega_scl.a(scl_fu02.o)
                              scroll.o (SCL_InitVramConfigTb)
../sbl6/segalib/lib/sega_scl.a(scl_fu04.o)
                              scroll.o (SCL_SetCycleTable)
../sbl6/segalib/lib/sega_scl.a(scl_pr07.o)
                              scroll.o (SCL_SetPriority)
../sbl6/segalib/lib/sega_scl.a(scl_pr01.o)
                              main.o (SCL_SetSpriteMode)
../sbl6/segalib/lib/sega_scl.a(scl_pri.o)
                              ../sbl6/segalib/lib/sega_scl.a(scl_func.o) (SclRealOtherPri)
../sbl6/segalib/lib/sega_scl.a(scl_ro00.o)
                              ../sbl6/segalib/lib/sega_scl.a(scl_func.o) (SCL_Rotate)
../sbl6/segalib/lib/sega_scl.a(scl_pr06.o)
                              ../sbl6/segalib/lib/sega_scl.a(scl_pr03.o) (SCL_SetColRamOffset)
../sbl6/segalib/lib/sega_scl.a(scl_pr05.o)
                              ../sbl6/segalib/lib/sega_scl.a(scl_pr02.o) (SCL_GetColRamOffset)
../sbl6/segalib/lib/sega_mth.a(mth_fixd.o)
                              sprite.o (MTH_Mul)
../sbl6/segalib/lib/sega_mth.a(mth_tri.o)
                              sprite.o (MTH_Sin)
../sbl6/segalib/lib/sega_per.a(per_prt.o)
                              ../sbl6/segasmp/per/smpclib/per_x2.o (PER_LInit)
../sbl6/segalib/lib/sega_sat.a(gfs.o)
                              cd.o (GFS_Init)
../sbl6/segalib/lib/sega_sat.a(DMA_SCU1.o)
                              ../sbl6/segalib/lib/sega_spr.a(spr_2c.o) (DMA_ScuMemCopy)
../sbl6/segalib/lib/sega_sat.a(gfs_cdf.o)
                              ../sbl6/segalib/lib/sega_sat.a(gfs.o) (GFCF_Init)
../sbl6/segalib/lib/sega_sat.a(gfs_dir.o)
                              ../sbl6/segalib/lib/sega_sat.a(gfs.o) (GFDR_SetupDirTbl)
../sbl6/segalib/lib/sega_sat.a(gfs_trn.o)
                              ../sbl6/segalib/lib/sega_sat.a(gfs.o) (GFTR_Setup)
../sbl6/segalib/lib/sega_sat.a(gfs_buf.o)
                              ../sbl6/segalib/lib/sega_sat.a(gfs.o) (GFBF_GetNumData)
../sbl6/segalib/lib/sega_sat.a(gfs_cdb.o)
                              ../sbl6/segalib/lib/sega_sat.a(gfs_cdf.o) (GFCB_Setup)
../sbl6/segalib/lib/sega_sat.a(gfs_cdc.o)
                              ../sbl6/segalib/lib/sega_sat.a(gfs.o) (GFCD_SetCdbfs)
../sbl6/segalib/lib/sega_sat.a(DMA_SCU0.o)
                              ../sbl6/segalib/lib/sega_sat.a(DMA_SCU1.o) (DMA_ScuSetPrm)
../sbl6/segalib/lib/sega_sat.a(csh_main.o)
                              ../sbl6/segalib/lib/sega_sat.a(DMA_SCU1.o) (CSH_Purge)
../sbl6/segalib/lib/sega_sat.a(DMA_CPU0.o)
                              ../sbl6/segalib/lib/sega_sat.a(gfs_trn.o) (DMA_CpuSetComPrm)
../sbl6/segalib/lib/sega_sat.a(cdc_reg.o)
                              ../sbl6/segalib/lib/sega_sat.a(gfs_cdb.o) (CDC_GetDataPtr)
../sbl6/segalib/lib/sega_sat.a(cdc_cfs.o)
                              ../sbl6/segalib/lib/sega_sat.a(gfs_cdc.o) (CDC_ChgDir)
../sbl6/segalib/lib/sega_sat.a(cdc_cmn.o)
                              ../sbl6/segalib/lib/sega_sat.a(gfs_cdc.o) (CDC_GetCurStat)
../sbl6/segalib/lib/sega_sat.a(cdc_bio.o)
                              ../sbl6/segalib/lib/sega_sat.a(gfs_cdc.o) (CDC_SetSctLen)
../sbl6/segalib/lib/sega_sat.a(cdc_sel.o)
                              ../sbl6/segalib/lib/sega_sat.a(gfs_cdc.o) (CDC_SetFiltRange)
../sbl6/segalib/lib/sega_sat.a(cdc_drv.o)
                              ../sbl6/segalib/lib/sega_sat.a(gfs_cdc.o) (CDC_CdPlay)
../sbl6/segalib/lib/sega_sat.a(cdc_bif.o)
[...]
Memory Configuration

Name             Origin             Length             Attributes
*default*        0x00000000         0xffffffff

Linker script and memory map

LOAD ../sbl6/segasmp/lib/strt1_g.o
LOAD ../sbl6/segasmp/lib/strt2_g.o
LOAD vblank.o
LOAD ../sbl6/segasmp/per/smpclib/per_x1.o
LOAD ../sbl6/segasmp/per/smpclib/per_x2.o
LOAD ../sbl6/segasmp/per/smpclib/per_x3.o
LOAD blocks.o
LOAD cd.o
LOAD collision.o
LOAD graphics.o
LOAD player.o
LOAD print.o
LOAD sprite.o
LOAD scroll.o
LOAD main.o
LOAD ../sbl6/segalib/lib/sega_int.a
LOAD ../sbl6/segalib/lib/sega_spr.a
LOAD ../sbl6/segalib/lib/sega_scl.a
LOAD ../sbl6/segalib/lib/sega_mth.a
LOAD ../sbl6/segalib/lib/sega_cdc.a
LOAD ../sbl6/segalib/lib/sega_adp.a
LOAD ../sbl6/segalib/lib/sega_per.a
LOAD ../sbl6/segalib/lib/sega_sat.a
LOAD C:/saturn/SH_COFF/sh-coff/bin/../lib/gcc/sh-coff/3.4-GNUSH_v0501\libgcc.a
LOAD C:/saturn/SH_COFF/sh-coff/bin/../lib/gcc/sh-coff/3.4-GNUSH_v0501/../../../../sh-coff/lib\libc.a
LOAD C:/saturn/SH_COFF/sh-coff/bin/../lib/gcc/sh-coff/3.4-GNUSH_v0501\libgcc.a

.text           0x06010000    0x14160
 *(.text)
 .text          0x06010000       0x30 ../sbl6/segasmp/lib/strt1_g.o
                0x06010024                _D_END
                0x06010020                _D_BGN
                0x0601002c                _B_END
                0x06010028                _B_BGN
                0x06010000                START
 .text          0x06010030       0x60 ../sbl6/segasmp/lib/strt2_g.o
                0x06010050                _INITSCT
                0x06010030                _INIT
 .text          0x06010090      0x180 vblank.o
                0x06010090                SetVblank
                0x06010110                UsrVblankOut
                0x060100f0                UsrVblankIn
 .text          0x06010210      0x430 ../sbl6/segasmp/per/smpclib/per_x1.o
                0x060105a4                PER_GetAnalogXYZ
                0x06010234                PER_GetTriggerHandler
                0x060104ce                PER_GetEdge
                0x0601044c                PER_GetTrigger
                0x060104f8                PER_GetPressEdge
                0x0601054c                PER_GetReleaseEdge
                0x06010210                PER_SetTriggerHandler
 .text          0x06010640      0x200 ../sbl6/segasmp/per/smpclib/per_x2.o
                0x06010744                PER_GetDeviceA
                0x06010640                PER_OpenPort
                0x06010678                PER_GetPort
                0x060107be                PER_GetDeviceR
 .text          0x06010840       0x20 ../sbl6/segasmp/per/smpclib/per_x3.o
                0x06010840                PER_DisguiseTrigger
 .text          0x06010860       0xe0 blocks.o
                0x06010860                block_get
                0x060108c0                block_check
                0x060108f0                block_spike
 .text          0x06010940       0xa0 cd.o
                0x06010940                cd_init
                0x06010970                cd_load
 .text          0x060109e0      0xaa0 collision.o
                0x060109e0                collision_check_up
                0x060112d0                collision_eject_horiz
                0x06011100                collision_eject_vert
                0x06010e10                collision_check
                0x06010c70                collision_check_left
                0x06010d40                collision_check_right
                0x06011050                collision_spikes
                0x06010b70                collision_check_below
                0x06010a70                collision_check_down
 .text          0x06011480      0x5b0 player.o
                0x06011480                player_frames
                0x060115e0                player_input
                0x06011490                player_init
                0x06011920                player_draw
                0x060114e0                player_animate
 .text          0x06011a30      0x170 print.o
                0x06011b00                print_display
                0x06011a70                print_num
                0x06011a30                print_init
                0x06011ac0                print_string
 .text          0x06011ba0      0x5e0 sprite.o
                0x06011bd0                sprite_init
                0x06011fb0                sprite_make
                0x060120f0                sprite_next
                0x06012150                sprite_delete
                0x06011ff0                sprite_draw_all
                0x06011ba0                sprite_deleteall
                0x06011d60                sprite_draw
 .text          0x06012180      0x8c0 scroll.o
                0x06012180                scroll_move
                0x06012790                scroll_get
                0x060127f0                scroll_copy
                0x060122d0                scroll_set
                0x06012920                scroll_reset
                0x06012980                scroll_linescroll4
                0x060123e0                scroll_init
                0x06012300                scroll_scale
 .text          0x06012a40      0x190 main.o
                0x06012a40                main
 .text          0x06012bd0       0x40 ../sbl6/segalib/lib/sega_int.a(int.o)
                0x06012bfc                INT_GetScuFunc
                0x06012bd0                INT_SetScuFunc
 .text          0x06012c10      0x624 ../sbl6/segalib/lib/sega_int.a(int_trmp.o)
                0x06012d78                __interrupt_handler60
                0x06012f28                __interrupt_handler132
                0x060130de                __interrupt_handler205
                0x06012f46                __interrupt_handler137
                0x06012e74                __interrupt_handler102
                0x06012cb2                __interrupt_handler27
                0x060130b4                __interrupt_handler198
                0x06012fa6                __interrupt_handler153
                0x06012c8e                __interrupt_handler21
                0x06012d9c                __interrupt_handler66
                0x06012e8c                __interrupt_handler106
                0x06012fd6                __interrupt_handler161
                0x06012e20                __interrupt_handler88
                0x06012fee                __interrupt_handler165
                0x06012efe                __interrupt_handler125
                0x06012c34                __interrupt_handler6
                0x06012cd0                __interrupt_handler32
                0x0601308a                __interrupt_handler191
                0x060131a4                __interrupt_handler238
                0x060131bc                __interrupt_handler242
                0x06012fc4                __interrupt_handler158
                0x06012e2c                __interrupt_handler90
                0x06012fe8                __interrupt_handler164
                0x06012d0c                __interrupt_handler42
                0x0601304e                __interrupt_handler181
                0x06013156                __interrupt_handler225
                0x060131fe                __interrupt_handler253
                0x06013012                __interrupt_handler171
                0x06012dcc                __interrupt_handler74
                0x06012c22                __interrupt_handler3
                0x06012d66                __interrupt_handler57
                0x06012c64                __interrupt_handler14
                0x060130fc                __interrupt_handler210
                0x0601312c                __interrupt_handler218
                0x060130f0                __interrupt_handler208
                0x06012cf4                __interrupt_handler38
                0x06012c10                __interrupt_handler0
                0x06012e80                __interrupt_handler104
                0x06012fbe                __interrupt_handler157
                0x0601310e                __interrupt_handler213
                0x06013000                __interrupt_handler168
                0x06012e0e                __interrupt_handler85
                0x06012eaa                __interrupt_handler111
                0x06012ebc                __interrupt_handler114
                0x06012d2a                __interrupt_handler47
                0x06013180                __interrupt_handler232
                0x0601314a                __interrupt_handler223
                0x0601319e                __interrupt_handler237
                0x06012d8a                __interrupt_handler63
                0x06012d18                __interrupt_handler44
                0x0601302a                __interrupt_handler175
                0x06013054                __interrupt_handler182
                0x0601306c                __interrupt_handler186
                0x06012f6a                __interrupt_handler143
                0x06012e92                __interrupt_handler107
                0x06012ef8                __interrupt_handler124
                0x06013018                __interrupt_handler172
                0x060131ce                __interrupt_handler245
                0x06012e4a                __interrupt_handler95
                0x06012f22                __interrupt_handler131
                0x06012f34                __interrupt_handler134
                0x06012f52                __interrupt_handler139
                0x06012dc0                __interrupt_handler72
                0x0601317a                __interrupt_handler231
                0x06012fd0                __interrupt_handler160
                0x06012f16                __interrupt_handler129
                0x06012c88                __interrupt_handler20
                0x06012d96                __interrupt_handler65
                0x06012d60                __interrupt_handler56
                0x06012c5e                __interrupt_handler13
                0x060130f6                __interrupt_handler209
                0x06012eb0                __interrupt_handler112
                0x06012c82                __interrupt_handler19
                0x06012e3e                __interrupt_handler93
                0x060130a8                __interrupt_handler196
                0x06012f9a                __interrupt_handler151
                0x06012ffa                __interrupt_handler167
                0x06013210                __trampoline
                0x06012c76                __interrupt_handler17
                0x06013168                __interrupt_handler228
                0x0601320a                __interrupt_handler255
                0x060131c8                __interrupt_handler244
                0x06012e62                __interrupt_handler99
                0x0601305a                __interrupt_handler183
                0x06012f58                __interrupt_handler140
                0x0601307e                __interrupt_handler189
                0x06012f7c                __interrupt_handler146
                0x06013144                __interrupt_handler222
                0x06012fb8                __interrupt_handler156
                0x06012eec                __interrupt_handler122
                0x060131e0                __interrupt_handler248
                0x06012d30                __interrupt_handler48
                0x06012dae                __interrupt_handler69
                0x06012ca0                __interrupt_handler24
                0x06012e26                __interrupt_handler89
                0x0601311a                __interrupt_handler215
                0x06013204                __interrupt_handler254
                0x06012e1a                __interrupt_handler87
                0x06012d7e                __interrupt_handler61
                0x060130a2                __interrupt_handler195
                0x06012f94                __interrupt_handler150
                0x06012d06                __interrupt_handler41
                0x06012ea4                __interrupt_handler110
                0x06012f0a                __interrupt_handler127
                0x06012e98                __interrupt_handler108
                0x06012eb6                __interrupt_handler113
                0x06012ec8                __interrupt_handler116
                0x06012ee6                __interrupt_handler121
                0x06012dde                __interrupt_handler77
                0x06012cfa                __interrupt_handler39
                0x06012d12                __interrupt_handler43
                0x060131e6                __interrupt_handler249
                0x06013024                __interrupt_handler174
                0x06012f40                __interrupt_handler136
                0x06013078                __interrupt_handler188
                0x06012f76                __interrupt_handler145
                0x06012c46                __interrupt_handler9
                0x06012dea                __interrupt_handler79
                0x06013162                __interrupt_handler227
                0x06012cdc                __interrupt_handler34
                0x06012f1c                __interrupt_handler130
                0x060131da                __interrupt_handler247
                0x06012dd2                __interrupt_handler75
                0x0601301e                __interrupt_handler173
                0x06012d4e                __interrupt_handler53
                0x06012f8e                __interrupt_handler149
                0x060131f2                __interrupt_handler251
                0x06013186                __interrupt_handler233
                0x06012c4c                __interrupt_handler10
                0x060130d8                __interrupt_handler204
                0x06012dfc                __interrupt_handler82
                0x06012e02                __interrupt_handler83
                0x06012ca6                __interrupt_handler25
                0x060131c2                __interrupt_handler243
                0x06012fdc                __interrupt_handler162
                0x06012d24                __interrupt_handler46
                0x0601303c                __interrupt_handler178
                0x06012df0                __interrupt_handler80
                0x06012d84                __interrupt_handler62
                0x06012c1c                __interrupt_handler2
                0x06012cbe                __interrupt_handler29
                0x06012db4                __interrupt_handler70
                0x06012e9e                __interrupt_handler109
                0x06012f88                __interrupt_handler148
                0x06012e44                __interrupt_handler94
                0x06013150                __interrupt_handler224
                0x06012e7a                __interrupt_handler103
                0x06012ce8                __interrupt_handler36
                0x06012f04                __interrupt_handler126
                0x060131d4                __interrupt_handler246
                0x06012d5a                __interrupt_handler55
                0x06012c58                __interrupt_handler12
                0x06012d48                __interrupt_handler52
                0x06013072                __interrupt_handler187
                0x06012f70                __interrupt_handler144
                0x06012ece                __interrupt_handler117
                0x06012c7c                __interrupt_handler18
                0x060130ae                __interrupt_handler197
                0x06012fa0                __interrupt_handler152
                0x06012ed4                __interrupt_handler118
                0x0601300c                __interrupt_handler170
                0x060130c6                __interrupt_handler201
                0x06012e56                __interrupt_handler97
                0x06012fe2                __interrupt_handler163
                0x06013048                __interrupt_handler180
                0x06013090                __interrupt_handler192
                0x060131b0                __interrupt_handler240
                0x06012ef2                __interrupt_handler123
                0x06013114                __interrupt_handler214
                0x06012cca                __interrupt_handler31
                0x06012cb8                __interrupt_handler28
                0x06012da2                __interrupt_handler67
                0x06012da8                __interrupt_handler68
                0x06012c94                __interrupt_handler22
                0x06012c9a                __interrupt_handler23
                0x06013030                __interrupt_handler176
                0x06012c3a                __interrupt_handler7
                0x0601313e                __interrupt_handler221
                0x06013126                __interrupt_handler217
                0x0601316e                __interrupt_handler229
                0x06012d36                __interrupt_handler49
                0x06012c28                __interrupt_handler4
                0x06012d00                __interrupt_handler40
                0x06012ec2                __interrupt_handler115
                0x06013192                __interrupt_handler235
                0x06012e32                __interrupt_handler91
                0x060130e4                __interrupt_handler206
                0x06013036                __interrupt_handler177
                0x06012f82                __interrupt_handler147
                0x06012cee                __interrupt_handler37
                0x060131ec                __interrupt_handler250
                0x06012c16                __interrupt_handler1
                0x06013132                __interrupt_handler219
                0x06012dd8                __interrupt_handler76
                0x06012e68                __interrupt_handler100
                0x06012d6c                __interrupt_handler58
                0x06012c6a                __interrupt_handler15
                0x06013108                __interrupt_handler212
                0x060131b6                __interrupt_handler241
                0x060130cc                __interrupt_handler202
                0x06013096                __interrupt_handler193
                0x06012de4                __interrupt_handler78
                0x06012d3c                __interrupt_handler50
                0x06012cd6                __interrupt_handler33
                0x06012ff4                __interrupt_handler166
                0x06012f4c                __interrupt_handler138
                0x06012f3a                __interrupt_handler135
                0x06012cc4                __interrupt_handler30
                0x06013060                __interrupt_handler184
                0x06012f5e                __interrupt_handler141
                0x06013174                __interrupt_handler230
                0x06013198                __interrupt_handler236
                0x06012eda                __interrupt_handler119
                0x06012e14                __interrupt_handler86
                0x06012e86                __interrupt_handler105
                0x06012df6                __interrupt_handler81
                0x06012ee0                __interrupt_handler120
                0x06012f10                __interrupt_handler128
                0x06012d54                __interrupt_handler54
                0x06012c52                __interrupt_handler11
                0x060130ba                __interrupt_handler199
                0x06012fac                __interrupt_handler154
                0x06012d1e                __interrupt_handler45
                0x06013120                __interrupt_handler216
                0x060130d2                __interrupt_handler203
                0x06012e6e                __interrupt_handler101
                0x06012e08                __interrupt_handler84
                0x06013066                __interrupt_handler185
                0x06012f64                __interrupt_handler142
                0x06012cac                __interrupt_handler26
                0x06012d90                __interrupt_handler64
                0x060130c0                __interrupt_handler200
                0x060130ea                __interrupt_handler207
                0x0601309c                __interrupt_handler194
                0x06012e38                __interrupt_handler92
                0x06012fb2                __interrupt_handler155
                0x06013102                __interrupt_handler211
                0x06012f2e                __interrupt_handler133
                0x06012c2e                __interrupt_handler5
                0x06012dc6                __interrupt_handler73
                0x06012c70                __interrupt_handler16
                0x060131aa                __interrupt_handler239
                0x0601318c                __interrupt_handler234
                0x06012ce2                __interrupt_handler35
                0x06012d72                __interrupt_handler59
                0x06013006                __interrupt_handler169
                0x06012e5c                __interrupt_handler98
                0x06012dba                __interrupt_handler71
                0x06012d42                __interrupt_handler51
                0x06012fca                __interrupt_handler159
                0x0601315c                __interrupt_handler226
                0x06012e50                __interrupt_handler96
                0x06013084                __interrupt_handler190
                0x06013138                __interrupt_handler220
                0x06012c40                __interrupt_handler8
                0x06013042                __interrupt_handler179
                0x060131f8                __interrupt_handler252
 *fill*         0x06013234        0xc 00
 .text          0x06013240     0x12a0 ../sbl6/segalib/lib/sega_spr.a(spr_2c.o)
                0x060144a0                SlaveFlushDrawPrtyBlock
                0x06013240                SPR_2Initial
                0x06013a84                SPR_2SysClip
                0x06013a24                SPR_2LocalCoord
                0x0601431c                SPR_2FlushDrawPrtyBlock
                0x06014008                SPR_2DistSpr
                0x06013a0c                SPR_2FlushDrawPrty
                0x0601412c                SPR_2Cmd
                0x06013708                SPR_2GourTblNoToVram
                0x06013768                SPR_2GetAreaSizeInfo
                0x060134d0                SPR_2SetGourTbl
                0x06013cbc                SPR_2Polygon
                0x06013744                SPR_2CharNoToVram
                0x06013450                SPR_2SetTvMode
                0x060138ac                SPR_2CloseCommand
                0x0601348c                SPR_2FrameEraseData
                0x06013268                SPR_2Initial2
                0x06013e9c                SPR_2ScaleSpr
                0x06013b2c                SPR_2Line
                0x060137f8                SPR_2OpenCommand
                0x0601346c                SPR_2FrameChgIntr
                0x06013d78                SPR_2NormSpr
                0x06013500                SPR_2SetLookupTbl
                0x06013534                SPR_2SetChar
                0x0601372c                SPR_2LookupTblNoToVram
                0x06013c00                SPR_2PolyLine
                0x060136a0                SPR_2ClrAllChar
                0x06013654                SPR_2ClrChar
                0x06013ad0                SPR_2UserClip
 .text          0x060144e0      0x1e6 ../sbl6/segalib/lib/sega_spr.a(spr_slv.o)
                0x06014644                SPR_WaitEndSlaveSH
                0x060144e0                SPR_SMPC_SSHON
                0x06014620                SPR_RunSlaveSH
                0x060144e4                SPR_InitSlaveSH
                0x060145ac                SPR_SlaveSHmain
                0x060144e1                SPR_SMPC_SSHOFF
 *fill*         0x060146c6        0xa 00
 .text          0x060146d0      0x36a ../sbl6/segalib/lib/sega_spr.a(spr_1c.o)
                0x06014984                SPR_WaitDrawEnd
                0x0601499c                SPR_SetEosMode
                0x060148b4                SPR_SetEraseData
                0x060146d0                SPR_Initial
                0x060147a8                SPR_SetTvMode
                0x06014840                SPR_GetStatus
 *fill*         0x06014a3a        0x6 00
 .text          0x06014a40      0x244 ../sbl6/segalib/lib/sega_spr.a(spr_2a.o)
                0x06014a52                sprMemCpyW
                0x06014ab0                flushDrawPrtyBlock
                0x06014a40                sprMemCpyL
                0x06014a64                SPR_2SetDrawPrty
 *fill*         0x06014c84        0xc 00
 .text          0x06014c90      0x2fc ../sbl6/segalib/lib/sega_scl.a(scl_vblv.o)
                0x06014d4c                SCL_DisplayFrame
                0x06014c90                SCL_SetFrameInterval
                0x06014d80                SCL_VblInit
                0x06014dd0                SCL_VblankStart
                0x06014e14                SCL_VblankEnd
 *fill*         0x06014f8c        0x4 00
 .text          0x06014f90      0xb9c ../sbl6/segalib/lib/sega_scl.a(scl_func.o)
                0x0601596c                SCL_Vdp2_SGLInit
                0x0601587c                SCL_PriIntProc
                0x060157f4                SCL_Memcpyw
                0x06015b0c                SCL_SglOff
                0x06015aec                SCL_SglOn
                0x06015760                SCL_ScrollShow
                0x06015208                SCL_Close
                0x06015500                SCL_Scale
                0x06014f90                SCL_Vdp2Init
                0x06015374                SCL_Move
                0x0601563c                SCL_CopyReg
                0x060151e4                SCL_Open
                0x06015014                SCL_ParametersInit
                0x06015224                SCL_MoveTo
                0x0601581c                SCL_SetColRamMode
 *fill*         0x06015b2c        0x4 00
 .text          0x06015b30      0x138 ../sbl6/segalib/lib/sega_scl.a(scl_pr03.o)
                0x06015b30                SCL_FreeColRam
                0x06015b68                SCL_AllocColRam
 *fill*         0x06015c68        0x8 00
 .text          0x06015c70       0x9c ../sbl6/segalib/lib/sega_scl.a(scl_pr02.o)
                0x06015c70                SCL_SetColRam
 *fill*         0x06015d0c        0x4 00
 .text          0x06015d10       0x84 ../sbl6/segalib/lib/sega_scl.a(scl_back.o)
                0x06015d10                SCL_SetBack
 *fill*         0x06015d94        0xc 00
 .text          0x06015da0      0x278 ../sbl6/segalib/lib/sega_scl.a(scl_fu05.o)
                0x06015e5c                SCL_SetLineParam
                0x06015da8                SCL_InitLineParamTb
 *fill*         0x06016018        0x8 00
 .text          0x06016020      0x94c ../sbl6/segalib/lib/sega_scl.a(scl_fu03.o)
                0x0601607c                SCL_SetConfig
                0x06016020                SCL_InitConfigTb
 *fill*         0x0601696c        0x4 00
 .text          0x06016970      0x4f4 ../sbl6/segalib/lib/sega_scl.a(scl_fu02.o)
                0x060169a8                SCL_SetVramConfig
                0x06016970                SCL_InitVramConfigTb
 *fill*         0x06016e64        0xc 00
 .text          0x06016e70       0x28 ../sbl6/segalib/lib/sega_scl.a(scl_fu04.o)
                0x06016e70                SCL_SetCycleTable
 *fill*         0x06016e98        0x8 00
 .text          0x06016ea0      0x214 ../sbl6/segalib/lib/sega_scl.a(scl_pr07.o)
                0x06016ea0                SCL_SetPriority
 *fill*         0x060170b4        0xc 00
 .text          0x060170c0       0x58 ../sbl6/segalib/lib/sega_scl.a(scl_pr01.o)
                0x060170c0                SCL_SetSpriteMode
 *fill*         0x06017118        0x8 00
 .text          0x06017120     0x10a4 ../sbl6/segalib/lib/sega_scl.a(scl_pri.o)
                0x060171b4                SCL_AbortAutoVe
                0x06018064                SCL_SetShadowBit
                0x0601762c                SCL_AutoExec
                0x06017120                SCL_PriorityInit
                0x06017b40                SCL_IncColOffset
                0x060171c8                SCL_SetColMixRate
                0x06017198                SCL_GetColRamMode
 *fill*         0x060181c4        0xc 00
 .text          0x060181d0     0x1394 ../sbl6/segalib/lib/sega_scl.a(scl_ro00.o)
                0x060193bc                SCL_RotateZD
                0x06018684                SCL_Rotate
                0x06018358                SCL_InitRotateTable
 *fill*         0x06019564        0xc 00
 .text          0x06019570      0x1b4 ../sbl6/segalib/lib/sega_scl.a(scl_pr06.o)
                0x06019570                SCL_SetColRamOffset
 *fill*         0x06019724        0xc 00
 .text          0x06019730       0xac ../sbl6/segalib/lib/sega_scl.a(scl_pr05.o)
                0x06019730                SCL_GetColRamOffset
 *fill*         0x060197dc        0x4 00
 .text          0x060197e0       0xa4 ../sbl6/segalib/lib/sega_mth.a(mth_fixd.o)
                0x06019830                MTH_FixedToInt
                0x06019820                MTH_IntToFixed
                0x060197e0                MTH_Mul
                0x06019840                MTH_Product
                0x06019800                MTH_Div
 *fill*         0x06019884        0xc 00
 .text          0x06019890      0x600 ../sbl6/segalib/lib/sega_mth.a(mth_tri.o)
                0x0601992c                fcos
                0x06019932                fsin
                0x060198dc                MTH_Cos
                0x06019890                MTH_Sin
                0x06019ad0                MTH_Atan
 .text          0x06019e90      0xf50 ../sbl6/segalib/lib/sega_per.a(per_prt.o)
                0x0601a2b0                PER_IntFunc
                0x0601a0a8                PER_LGetPer
                0x06019e90                PER_LInit
 .text          0x0601ade0     0x1b04 ../sbl6/segalib/lib/sega_sat.a(gfs.o)
                0x0601ade0                gfs_version
                0x0601c054                gfs_mngGetNumFile
                0x0601c7d4                gfs_closeSub
                0x0601bb70                GFS_SetGmode
                0x0601be2c                GFS_SetErrFunc
                0x0601bf7c                gfs_mngSetupFuncTbl
                0x0601b138                GFS_Reset
                0x0601bea4                gfs_chgRoot
                0x0601bf70                gfs_aborttrans
                0x0601c254                gfs_svrAddHndl
                0x0601c104                gfs_mngFreeGrp
                0x0601be7c                GFS_ConvTno
                0x0601c408                gfs_getRootDir
                0x0601be58                GFS_GetErrStat
                0x0601b2a8                GFS_Seek
                0x0601b914                GFS_NwStop
                0x0601c110                gfs_mngTermAccess
                0x0601b1bc                GFS_Open
                0x0601c0bc                GFS_mngAllocGrp
                0x0601c81c                gfs_isTaskDone
                0x0601b614                GFS_Fread
                0x0601bd74                GFS_StartTrans
                0x0601c770                gfs_GetFinfo
                0x0601bfb0                gfs_mngInitWork
                0x0601b400                GFS_ByteToSct
                0x0601c214                gfs_svrSearchHndl
                0x0601c504                gfs_loadRootDir
                0x0601b05c                GFS_IdToName
                0x0601b758                GFS_NwFread
                0x0601bca4                GFS_SetTransPara
                0x0601b864                GFS_NwCdRead
                0x0601c344                gfs_loadVol
                0x0601bc40                GFS_SetReadPara
                0x0601b35c                GFS_Tell
                0x0601bbd4                GFS_SetTmode
                0x0601c6d8                GFS_GetFad
                0x0601bd10                GFS_SetTrFunc
                0x0601bdc0                GFS_CdMovePickup
                0x0601aff8                GFS_NameToId
                0x0601ba2c                GFS_NwExecOne
                0x0601c58c                gfs_flowIn
                0x0601b4b4                GFS_GetFileInfo
                0x0601c634                gfs_transData
                0x0601c290                gfs_svrRemoveHndl
                0x0601b8dc                GFS_NwIsComplete
                0x0601c810                gfs_getGmode
                0x0601b980                GFS_NwGetStat
                0x0601c2ec                GFS_OpenSub
                0x0601af90                GFS_SetDir
                0x0601b45c                GFS_GetFileSize
                0x0601b528                GFS_GetNumCdbuf
                0x0601c870                gfs_convFinStat
                0x0601b550                GFS_Load
                0x0601b6b0                gfs_waitRead
                0x0601aee8                GFS_LoadDir
                0x0601b0c8                GFS_GetDirInfo
                0x0601b270                GFS_Close
                0x0601ae00                GFS_Init
                0x0601b9fc                gfs_recovRdErr
                0x0601c194                gfs_mngSetErrCode
                0x0601baec                GFS_NwExecServer
                0x0601b3ac                GFS_IsEof
                0x0601c730                gfs_SetSct
 *fill*         0x0601c8e4        0xc 00
 .text          0x0601c8f0      0x1f4 ../sbl6/segalib/lib/sega_sat.a(DMA_SCU1.o)
                0x0601ca4c                DMA_ScuResult
                0x0601c8f0                DMA_ScuInit
                0x0601c940                DMA_ScuMemCopy
 *fill*         0x0601cae4        0xc 00
 .text          0x0601caf0      0x8d4 ../sbl6/segalib/lib/sega_sat.a(gfs_cdf.o)
                0x0601cfe4                GFCF_Seek
                0x0601d0ec                GFCF_GetStat
                0x0601cfcc                GFCF_Tell
                0x0601cb90                GFCF_Setup
                0x0601d098                GFCF_cnvIntlvOfs
                0x0601caf0                GFCF_Init
                0x0601cf84                GFCF_Recover
                0x0601ccd8                GFCF_SetSct
                0x0601cffc                GFCF_MovePickup
                0x0601d1c0                gfcf_isCdOk
                0x0601cd90                GFCF_FlowInBuf
                0x0601cd1c                GFCF_GetFileInfo
                0x0601cee4                GFCF_StopInBuf
                0x0601d184                gfcf_getSctSize
                0x0601d280                gfcf_getPlayRange
 *fill*         0x0601d3c4        0xc 00
 .text          0x0601d3d0      0x928 ../sbl6/segalib/lib/sega_sat.a(gfs_dir.o)
                0x0601d8c0                gfdr_setNextRec
                0x0601dcbc                gfdr_setDirrecCd
                0x0601d6b8                gfdr_open
                0x0601d4cc                GFDR_GetAtrDirId
                0x0601d7a0                gfdr_readByte
                0x0601d3d0                GFDR_SetupDirTbl
                0x0601d898                gfdr_readLongNM
                0x0601d944                gfdr_readDirEnt
                0x0601d4fc                GFDR_ChgRoot
                0x0601d444                GFDR_NameToId
                0x0601d588                gfdr_setupDirIdTbl
                0x0601d4e4                GFDR_GetAtrDirName
                0x0601d4a4                GFDR_GetInfoDirId
                0x0601d84c                gfdr_readLongNB
                0x0601d6e0                gfdr_read
                0x0601d7cc                gfdr_readWord
                0x0601d60c                gfdr_setupDirNameTbl
                0x0601d4b8                GFDR_GetInfoDirName
                0x0601d514                GFDR_ChgDir
                0x0601d7f8                gfdr_readWordNB
 *fill*         0x0601dcf8        0x8 00
 .text          0x0601dd00      0xa46 ../sbl6/segalib/lib/sega_sat.a(gfs_trn.o)
                0x0601dde0                GFTR_SetTransMax
                0x0601e1b0                gftr_execScu
                0x0601e734                GFTR_SetTransFunc
                0x0601e5fc                gftr_remTrn
                0x0601e720                GFTR_SetData
                0x0601e420                gftr_execSdma1
                0x0601e670                gftr_copyFrac
                0x0601ddd4                GFTR_GetNumTrans
                0x0601dd74                GFTR_SetMode
                0x0601e3f0                gftr_remDma0
                0x0601e698                GFTR_GetLenData
                0x0601e1a4                gftr_reqScu
                0x0601e408                gftr_reqDma1
                0x0601e0c0                gftr_getSrcPack
                0x0601e6f0                GFTR_RtnDstPk
                0x0601e28c                gfdma_exec
                0x0601e524                gftr_execTrn
                0x0601dfb8                GFTR_ExecSvr
                0x0601e4b4                gftr_reqTrn
                0x0601e37c                gfdma_getBytecnt
                0x0601e45c                gftr_reqCpu
                0x0601e6bc                GFTR_GetDstPack
                0x0601e3b4                gftr_reqDma0
                0x0601df40                GFTR_Idle
                0x0601ddf8                GFTR_Pause
                0x0601ddc8                GFTR_GetTransPara
                0x0601e4a8                gftr_remCpu
                0x0601dd94                GFTR_SetTransPara
                0x0601e444                gftr_remDma1
                0x0601de04                GFTR_Stop
                0x0601e3cc                gftr_execSdma0
                0x0601dd30                GFTR_Setup
                0x0601e24c                gftr_remScu
                0x0601e148                gftr_getDstPack
                0x0601e280                gfdma_canUse
                0x0601debc                GFTR_Exec
                0x0601e70c                GFTR_GetData
                0x0601ddec                GFTR_Start
                0x0601dd88                GFTR_SetUnit
                0x0601e468                gftr_execCpu
                0x0601e6a4                GFTR_GetLenRoom
 *fill*         0x0601e746        0xa 00
 .text          0x0601e750      0x106 ../sbl6/segalib/lib/sega_sat.a(gfs_buf.o)
                0x0601e7a8                GFBF_GetNumData
                0x0601e824                GFBF_RtnPk
                0x0601e7d8                GFBF_GetSrcPk
                0x0601e84c                gfbf_getSctDt
                0x0601e780                GFBF_GetTranData
                0x0601e800                GFBF_GetSctData
 *fill*         0x0601e856        0xa 00
 .text          0x0601e860      0x600 ../sbl6/segalib/lib/sega_sat.a(gfs_cdb.o)
                0x0601ee08                GFCB_GetPickup
                0x0601e980                GFCB_Close
                0x0601ec4c                GFCB_GetSrcPack
                0x0601edd4                GFCB_SetCon
                0x0601ea54                GFCB_GetLenRoom
                0x0601edb8                GFCB_MovePickup
                0x0601ed2c                GFCB_GetSctData
                0x0601ea60                GFCB_SetFilt
                0x0601e9a8                GFCB_GetLenData
                0x0601ee48                GFCB_UngetPickup
                0x0601e860                GFCB_Setup
                0x0601eaf0                GFCB_Tell
                0x0601ee30                GFCB_IsPuOwner
                0x0601eb50                GFCB_Seek
                0x0601eac8                GFCB_DeleteAllData
                0x0601ed64                GFCB_GetDstPack
                0x0601eb00                gfcb_getSctNum
                0x0601ed70                GFCB_RtnPk
 .text          0x0601ee60     0x1a04 ../sbl6/segalib/lib/sega_sat.a(gfs_cdc.o)
                0x0601f0fc                GFCD_AllocBuf
                0x0601fed8                gfcd_doGetLenDataTsk
                0x06020774                GFCD_SetCsctFunc
                0x0601f1d4                GFCD_GetBaseFad
                0x0601f350                GFCD_GetFilt
                0x06020364                gfcd_doChgDirTsk
                0x060206a4                gfcd_checkEflag
                0x0601f698                GFCD_MovePickup
                0x0601f77c                GFCD_GetSctInfo
                0x0602002c                gfcd_doReqDataTsk
                0x0601f7c4                GFCD_ChgDir
                0x0601f4b8                GFCD_ReqData
                0x06020790                GFCD_ChkScdqFlag
                0x0601fc48                GFCD_WaitServer
                0x0601f55c                GFCD_DelSctData
                0x0601fa34                GFCD_ExecServer
                0x0601fe48                gfcd_doSetConTsk
                0x0601f090                GFCD_AllocFilt
                0x0601f28c                GFCD_SetFilt
                0x0601fc84                gfcd_doSetFiltTsk
                0x060207b4                GFCD_ClrScdqFlag
                0x060200cc                gfcd_doDelSctDataTsk
                0x0601fb90                gfcd_doTask
                0x0601f208                GFCD_GetPickup
                0x0601f758                GFCD_CheckMove
                0x060207d0                GFCD_WaitScdqFlag
                0x0601f3f0                GFCD_Play
                0x06020200                gfcd_doMoveSctTsk
                0x0601f398                GFCD_SetCon
                0x0601f838                GFCD_SetFiltCon
                0x06020814                GFCD_WaitPause
                0x0601f9fc                GFCD_GetBufSiz
                0x0601f23c                GFCD_UngetPickup
                0x0601f920                GFCD_GetFileInfo
                0x0601f514                GFCD_EndData
                0x0601f130                GFCD_FreeBuf
                0x0601f450                GFCD_GetLenData
                0x0601f0cc                GFCD_FreeFilt
                0x0601fb08                gfcd_isIdleTask
                0x0601ee8c                GFCD_Init
                0x06020560                gfcd_doSetFiltConTsk
                0x0601f5e4                GFCD_GetStat
                0x0601f6e4                GFCD_MoveSctData
                0x0601f268                GFCD_IsPuOwner
                0x060206c8                gfcd_initCdbMng
                0x0601ee60                GFCD_SetCdbfs
                0x0601fc34                GFCD_SetTimer
                0x06020748                gfcd_setStat
                0x0601f5b4                GFCD_CheckDelSctData
 *fill*         0x06020864        0xc 00
 .text          0x06020870      0x308 ../sbl6/segalib/lib/sega_sat.a(DMA_SCU0.o)
                0x060208f4                DMA_ScuStart
                0x06020a28                DMA_ScuIntFunc0
                0x06020a98                DMA_ScuIntFunc1
                0x06020b08                DMA_ScuIntFunc2
                0x060209e8                DMA_ScuGetStatus
                0x06020870                DMA_ScuSetPrm
 *fill*         0x06020b78        0x8 00
 .text          0x06020b80       0xe8 ../sbl6/segalib/lib/sega_sat.a(csh_main.o)
                0x06020b80                CSH_Init
                0x06020be8                CSH_AllClr
                0x06020c34                CSH_Purge
 *fill*         0x06020c68        0x8 00
 .text          0x06020c70      0x1b6 ../sbl6/segalib/lib/sega_sat.a(DMA_CPU0.o)
                0x06020cb8                DMA_CpuSetPrm
                0x06020dbc                DMA_CpuStart
                0x06020e14                DMA_CpuGetStatus
                0x06020de8                DMA_CpuAllStop
                0x06020dfc                DMA_CpuGetComStatus
                0x06020c70                DMA_CpuSetComPrm
                0x06020dd0                DMA_CpuStop
 *fill*         0x06020e26        0xa 00
 .text          0x06020e30      0x2dc ../sbl6/segalib/lib/sega_sat.a(cdc_reg.o)
                0x06020e84                CDREG_ClrHirqReq
                0x06020e54                CDC_ClrHirqReq
                0x06020f04                CDREG_TgetData
                0x06020ef4                CDC_GetMpegPtr
                0x06020ed0                CDC_GetHirqMsk
                0x06020e30                CDC_GetDataPtr
                0x06020e40                CDC_GetHirqReq
                0x06021060                CDREG_WaitHirq
                0x06020ee4                CDC_SetHirqMsk
                0x06020f60                CDREG_CmdRsp
                0x06020e94                CDREG_InitHirqReq
                0x06020ebc                CDREG_SetHirqFlag
                0x060210d0                CDREG_ReadRsp
 *fill*         0x0602110c        0x4 00
 .text          0x06021110      0x194 ../sbl6/segalib/lib/sega_sat.a(cdc_cfs.o)
                0x06021110                CDC_ChgDir
                0x06021144                CDC_ReadDir
                0x06021268                CDC_AbortFile
                0x06021178                CDC_GetFileScope
                0x060211d8                CDC_TgetFileInfo
                0x06021234                CDC_ReadFile
 *fill*         0x060212a4        0xc 00
 .text          0x060212b0      0x3a0 ../sbl6/segalib/lib/sega_sat.a(cdc_cmn.o)
                0x06021454                CDC_TgetToc
                0x060215f8                CDC_DataEnd
                0x06021318                CDC_GetPeriStat
                0x0602158c                CDC_DataReady
                0x06021564                CDC_CdOpen
                0x060214e0                CDC_CdInit
                0x060214a4                CDC_GetSes
                0x06021300                CDC_GetLastStat
                0x060212b0                CDC_GetCurStat
                0x060213ec                CDC_GetHwInfo
 .text          0x06021650      0x1e4 ../sbl6/segalib/lib/sega_sat.a(cdc_bio.o)
                0x060216fc                CDC_GetdelSctData
                0x06021684                CDC_GetSctData
                0x06021738                CDC_PutSctData
                0x060217b4                CDC_MoveSctData
                0x060217f8                CDC_GetCopyErr
                0x060216c0                CDC_DelSctData
                0x06021650                CDC_SetSctLen
                0x06021770                CDC_CopySctData
 *fill*         0x06021834        0xc 00
 .text          0x06021840      0x2b8 ../sbl6/segalib/lib/sega_sat.a(cdc_sel.o)
                0x06021a70                CDC_GetFiltCon
                0x060219ec                CDC_GetFiltMode
                0x06021ac4                CDC_ResetSelector
                0x06021840                CDC_SetFiltRange
                0x060218cc                CDC_SetFiltSubh
                0x0602193c                CDC_GetFiltSubh
                0x06021874                CDC_GetFiltRange
                0x060219b8                CDC_SetFiltMode
                0x06021a30                CDC_SetFiltCon
 *fill*         0x06021af8        0x8 00
 .text          0x06021b00      0x130 ../sbl6/segalib/lib/sega_sat.a(cdc_drv.o)
                0x06021b00                CDC_CdPlay
                0x06021bcc                CDC_CdSeek
                0x06021c00                CDC_CdScan
 .text          0x06021c30      0x270 ../sbl6/segalib/lib/sega_sat.a(cdc_bif.o)
                0x06021c8c                CDC_GetSctNum
                0x06021e0c                CDC_ExeFadSearch
                0x06021d8c                CDC_GetSctInfo
                0x06021cd0                CDC_CalActSiz
                0x06021c30                CDC_GetBufSiz
                0x06021d0c                CDC_GetActSiz
                0x06021e44                CDC_GetFadSearch
 .text          0x06021ea0       0xa8 ../sbl6/segalib/lib/sega_sat.a(cdc_dev.o)
                0x06021f0c                CDC_CdGetLastBuf
                0x06021ea0                CDC_CdSetCon
                0x06021ed0                CDC_CdGetCon
 *fill*         0x06021f48        0x8 00
 .text          0x06021f50      0x152 ../sbl6/segalib/lib/sega_sat.a(cdc_sub.o)
                0x06021ff8                CDSUB_GetCdstat
                0x06021f68                CDSUB_UpdCdstat
                0x06022038                CDSUB_RspToCdstat
                0x06022080                CDSUB_SoftTimer
                0x06021f50                CDSUB_UpdStatus
                0x06021f88                CDSUB_CdCmd
 *fill*         0x060220a2        0xe 00
 .text          0x060220b0       0x60 C:/saturn/SH_COFF/sh-coff/bin/../lib/gcc/sh-coff/3.4-GNUSH_v0501\libgcc.a(_ashiftrt.o)
                0x060220bc                __ashiftrt_r4_27
                0x060220f0                __ashiftrt_r4_6
                0x060220e0                __ashiftrt_r4_14
                0x060220d2                __ashiftrt_r4_19
                0x060220ea                __ashiftrt_r4_9
                0x060220fe                __ashiftrt_r4_0
                0x060220b0                __ashiftrt_r4_31
                0x060220be                __ashiftrt_r4_26
                0x060220cc                __ashiftrt_r4_22
                0x060220d8                __ashiftrt_r4_16
                0x060220e4                __ashiftrt_r4_12
                0x060220b8                __ashiftrt_r4_29
                0x060220d6                __ashiftrt_r4_17
                0x060220b6                __ashiftrt_r4_30
                0x060220f2                __ashiftrt_r4_5
                0x060220ec                __ashiftrt_r4_8
                0x060220b0                __ashiftrt_r4_32
                0x060220c0                __ashiftrt_r4_25
                0x060220f8                __ashiftrt_r4_2
                0x060220c2                __ashiftrt_r4_24
                0x060220de                __ashiftrt_r4_15
                0x060220e8                __ashiftrt_r4_10
                0x060220fa                __ashiftrt_r4_1
                0x060220ba                __ashiftrt_r4_28
                0x060220d0                __ashiftrt_r4_20
                0x060220ee                __ashiftrt_r4_7
                0x060220e2                __ashiftrt_r4_13
                0x060220e6                __ashiftrt_r4_11
                0x060220f4                __ashiftrt_r4_4
                0x060220ca                __ashiftrt_r4_23
                0x060220d4                __ashiftrt_r4_18
                0x060220ce                __ashiftrt_r4_21
                0x060220f6                __ashiftrt_r4_3
 .text          0x06022110       0x90 C:/saturn/SH_COFF/sh-coff/bin/../lib/gcc/sh-coff/3.4-GNUSH_v0501\libgcc.a(_ashiftlt.o)
                0x06022110                __ashlsi3
 .text          0x060221a0       0xb0 C:/saturn/SH_COFF/sh-coff/bin/../lib/gcc/sh-coff/3.4-GNUSH_v0501\libgcc.a(_movstr.o)
                0x060221e0                __movstrSI16
                0x060221b4                __movstrSI60
                0x060221c0                __movstrSI48
                0x060221bc                __movstrSI52
                0x060221b0                __movstrSI64
                0x060221c4                __movstrSI44
                0x060221c8                __movstrSI40
                0x060221cc                __movstrSI36
                0x06022200                __movstr
                0x060221b8                __movstrSI56
                0x060221d4                __movstrSI28
                0x060221d0                __movstrSI32
                0x060221e4                __movstrSI12
                0x060221e8                __movstrSI8
                0x060221f0                __movstrSI0
                0x060221d8                __movstrSI24
                0x060221dc                __movstrSI20
                0x060221ec                __movstrSI4
 .text          0x06022250       0xa0 C:/saturn/SH_COFF/sh-coff/bin/../lib/gcc/sh-coff/3.4-GNUSH_v0501\libgcc.a(__main.o)
                0x060222c4                __main
                0x06022250                __do_global_dtors
                0x06022284                __do_global_ctors
 .text          0x060222f0      0x2e0 C:/saturn/SH_COFF/sh-coff/bin/../lib/gcc/sh-coff/3.4-GNUSH_v0501\libgcc.a(_mul_df.o)
                0x06022300                __muldf3
 .text          0x060225d0       0xb0 C:/saturn/SH_COFF/sh-coff/bin/../lib/gcc/sh-coff/3.4-GNUSH_v0501\libgcc.a(_si_to_df.o)
                0x060225d0                __floatsidf
 .text          0x06022680       0x80 C:/saturn/SH_COFF/sh-coff/bin/../lib/gcc/sh-coff/3.4-GNUSH_v0501\libgcc.a(_df_to_si.o)
                0x06022680                __fixdfsi
 .text          0x06022700       0x70 C:/saturn/SH_COFF/sh-coff/bin/../lib/gcc/sh-coff/3.4-GNUSH_v0501\libgcc.a(_udivsi3.o)
                0x06022722                __udivsi3
 .text          0x06022770       0xa0 C:/saturn/SH_COFF/sh-coff/bin/../lib/gcc/sh-coff/3.4-GNUSH_v0501\libgcc.a(_sdivsi3.o)
                0x06022770                __sdivsi3
 .text          0x06022810      0x120 C:/saturn/SH_COFF/sh-coff/bin/../lib/gcc/sh-coff/3.4-GNUSH_v0501\libgcc.a(_unpack_df.o)
                0x06022820                __unpack_d
 .text          0x06022930      0x220 C:/saturn/SH_COFF/sh-coff/bin/../lib/gcc/sh-coff/3.4-GNUSH_v0501\libgcc.a(_pack_df.o)
                0x06022940                __pack_d
 .text          0x06022b50       0x20 C:/saturn/SH_COFF/sh-coff/bin/../lib/gcc/sh-coff/3.4-GNUSH_v0501\libgcc.a(_thenan_df.o)
                0x06022b50                __thenan_df
 .text          0x06022b70       0xd0 C:/saturn/SH_COFF/sh-coff/bin/../lib/gcc/sh-coff/3.4-GNUSH_v0501\libgcc.a(_muldi3.o)
                0x06022b70                __muldi3
 .text          0x06022c40       0x80 C:/saturn/SH_COFF/sh-coff/bin/../lib/gcc/sh-coff/3.4-GNUSH_v0501\libgcc.a(_lshrdi3.o)
                0x06022c40                __lshrdi3
 .text          0x06022cc0       0x80 C:/saturn/SH_COFF/sh-coff/bin/../lib/gcc/sh-coff/3.4-GNUSH_v0501\libgcc.a(_ashldi3.o)
                0x06022cc0                __ashldi3
 .text          0x06022d40       0x30 C:/saturn/SH_COFF/sh-coff/bin/../lib/gcc/sh-coff/3.4-GNUSH_v0501\libgcc.a(_mulsi3.o)
                0x06022d40                __mulsi3
 .text          0x06022d70       0x90 C:/saturn/SH_COFF/sh-coff/bin/../lib/gcc/sh-coff/3.4-GNUSH_v0501\libgcc.a(_lshiftrt.o)
                0x06022d70                __lshrsi3
 .text          0x06022e00       0xa0 C:/saturn/SH_COFF/sh-coff/bin/../lib/gcc/sh-coff/3.4-GNUSH_v0501/../../../../sh-coff/lib\libc.a(memcpy.o)
                0x06022e00                memcpy
 .text          0x06022ea0       0x40 C:/saturn/SH_COFF/sh-coff/bin/../lib/gcc/sh-coff/3.4-GNUSH_v0501/../../../../sh-coff/lib\libc.a(memset.o)
                0x06022ea0                memset
 .text          0x06022ee0       0x60 C:/saturn/SH_COFF/sh-coff/bin/../lib/gcc/sh-coff/3.4-GNUSH_v0501/../../../../sh-coff/lib\libc.a(memcmp.o)
                0x06022ee0                memcmp
 .text          0x06022f40       0xb0 C:/saturn/SH_COFF/sh-coff/bin/../lib/gcc/sh-coff/3.4-GNUSH_v0501/../../../../sh-coff/lib\libc.a(strncmp.o)
                0x06022f40                strncmp
 .text          0x06022ff0       0xa0 C:/saturn/SH_COFF/sh-coff/bin/../lib/gcc/sh-coff/3.4-GNUSH_v0501/../../../../sh-coff/lib\libc.a(strncpy.o)
                0x06022ff0                strncpy
 .text          0x06023090       0x90 C:/saturn/SH_COFF/sh-coff/bin/../lib/gcc/sh-coff/3.4-GNUSH_v0501/../../../../sh-coff/lib\libc.a(atexit.o)
                0x06023090                atexit
 .text          0x06023120       0x10 C:/saturn/SH_COFF/sh-coff/bin/../lib/gcc/sh-coff/3.4-GNUSH_v0501/../../../../sh-coff/lib\libc.a(impure.o)
                0x06023120                _global_impure_ptr
 .text          0x06023130       0x40 C:/saturn/SH_COFF/sh-coff/bin/../lib/gcc/sh-coff/3.4-GNUSH_v0501/../../../../sh-coff/lib\libc.a(malloc.o)
                0x0602314c                free
                0x06023130                malloc
 .text          0x06023170      0x5b0 C:/saturn/SH_COFF/sh-coff/bin/../lib/gcc/sh-coff/3.4-GNUSH_v0501/../../../../sh-coff/lib\libc.a(mallocr.o)
                0x06023170                _malloc_r
 .text          0x06023720      0x340 C:/saturn/SH_COFF/sh-coff/bin/../lib/gcc/sh-coff/3.4-GNUSH_v0501/../../../../sh-coff/lib\libc.a(freer.o)
                0x06023720                _malloc_trim_r
                0x06023814                _free_r
 .text          0x06023a60       0x20 C:/saturn/SH_COFF/sh-coff/bin/../lib/gcc/sh-coff/3.4-GNUSH_v0501/../../../../sh-coff/lib\libc.a(mlock.o)
                0x06023a60                __malloc_lock
                0x06023a6c                __malloc_unlock
 .text          0x06023a80       0x50 C:/saturn/SH_COFF/sh-coff/bin/../lib/gcc/sh-coff/3.4-GNUSH_v0501/../../../../sh-coff/lib\libc.a(sbrkr.o)
                0x06023a80                _sbrk_r
 .text          0x06023ad0      0x380 C:/saturn/SH_COFF/sh-coff/bin/../lib/gcc/sh-coff/3.4-GNUSH_v0501/../../../../sh-coff/lib\libc.a(syscalls.o)
                0x06023c3c                _exit
                0x06023c70                _getpid
                0x06023cd8                _utime
                0x06023b08                _write
                0x06023ad0                _read
                0x06023c24                _unlink
                0x06023bec                _open
                0x06023c88                _stat
                0x06023c30                isatty
                0x06023d08                _wait
                0x06023c54                _kill
                0x06023ca4                _chmod
                0x06023d38                _execv
                0x06023d1c                _execve
                0x06023e14                __setup_argv_and_call_main
                0x06023d70                _gettimeofday
                0x06023b3c                _link
                0x06023c7c                _raise
                0x06023c08                _creat
                0x06023d50                _pipe
                0x06023cbc                _chown
                0x06023aec                _lseek
                0x06023b24                _close
                0x06023d64                _times
                0x06023bd8                _fstat
                0x06023cf4                _fork
                0x06023b64                _sbrk
 .text          0x06023e50       0x20 C:/saturn/SH_COFF/sh-coff/bin/../lib/gcc/sh-coff/3.4-GNUSH_v0501/../../../../sh-coff/lib\libc.a(trap.o)
                0x06023e50                __trap34
 .text          0x06023e70       0x20 C:/saturn/SH_COFF/sh-coff/bin/../lib/gcc/sh-coff/3.4-GNUSH_v0501/../../../../sh-coff/lib\libc.a(abort.o)
                0x06023e70                abort
 .text          0x06023e90      0x270 C:/saturn/SH_COFF/sh-coff/bin/../lib/gcc/sh-coff/3.4-GNUSH_v0501/../../../../sh-coff/lib\libc.a(signal.o)
                0x06023f50                _raise_r
                0x060240d8                __sigtramp
                0x06024084                raise
                0x060240c0                _init_signal
                0x06024010                __sigtramp_r
                0x060240a0                signal
                0x06023edc                _signal_r
                0x06023e90                _init_signal_r
 .text          0x06024100       0x60 C:/saturn/SH_COFF/sh-coff/bin/../lib/gcc/sh-coff/3.4-GNUSH_v0501/../../../../sh-coff/lib\libc.a(signalr.o)
                0x06024148                _getpid_r
                0x06024100                _kill_r
 *(.strings)

.tors           0x06024160        0x0
                0x06024160                ___ctors = .
 *(.ctors)
                0x06024160                ___ctors_end = .
                0x06024160                ___dtors = .
 *(.dtors)
                0x06024160                ___dtors_end = .

.data           0x06024160     0x16b0
                0x06024160                STARTOF_R = .
 *(.data)
 .data          0x06024160      0x400 ../sbl6/segasmp/per/smpclib/per_x1.o
 .data          0x06024560       0x60 blocks.o
                0x060245b0                tile2_slope
                0x06024590                tile4_slope
                0x06024560                block_slopes
                0x060245a0                tile3_slope
 .data          0x060245c0      0x580 graphics.o
                0x060245c0                cloudmap_name
                0x06024642                guy_num
                0x06024b38                bg_num
                0x060245d0                cloudmap_width
                0x06024698                cloud_pal
                0x060246e4                hills_pal
                0x06024724                hills_name
                0x060245ce                cloudmap_height
                0x06024730                bg_pal
                0x0602472e                hills_num
                0x06024634                guy_name
                0x060245e4                hill_map_width
                0x060245f4                guy_pal
                0x060246e2                cloud_num
                0x0602468e                font_height
                0x060245f2                map_width
                0x060245f0                map_height
                0x0602463e                guy_width
                0x060245e8                map_name
                0x06024684                font_name
                0x06024b30                bg_name
                0x060245e2                hill_map_height
                0x06024690                font_width
                0x0602463c                guy_height
                0x060245d4                hill_map_name
                0x060246d8                cloud_name
                0x06024694                font_num
                0x06024644                font_pal
                0x06024640                guy_size
                0x06024692                font_size
 .data          0x06024b40       0x10 player.o
                0x06024b40                lives
 .data          0x06024b50       0x30 sprite.o
 .data          0x06024b80       0x20 scroll.o
                0x06024b80                CycleTb
                0x06024b90                vram
 .data          0x06024ba0      0x400 ../sbl6/segalib/lib/sega_int.a(int.o)
 .data          0x06024fa0       0x1c ../sbl6/segalib/lib/sega_spr.a(spr_slv.o)
                0x06024fa8                SPR_SlaveParam
                0x06024fb8                SPR_SMPC_SF
                0x06024fb0                SPR_SMPC_COM
                0x06024fac                SPR_SlaveSHEntry
                0x06024fa4                SPR_SlaveState
                0x06024fa0                SPR_SlaveCommand
                0x06024fb4                SPR_SMPC_RET
 *fill*         0x06024fbc        0x4 00
 .data          0x06024fc0       0x34 ../sbl6/segalib/lib/sega_spr.a(spr_1c.o)
                0x06024fc0                SpInitialFlag
 *fill*         0x06024ff4        0xc 00
 .data          0x06025000       0x1c ../sbl6/segalib/lib/sega_scl.a(scl_vblv.o)
                0x06025008                VBInterval
                0x06025010                ReqDisplayFlag
                0x06025000                SpFrameChgMode
                0x0602500c                VBIntervalCounter
                0x06025004                SpFrameEraseMode
 *fill*         0x0602501c        0x4 00
 .data          0x06025020       0x36 ../sbl6/segalib/lib/sega_scl.a(scl_func.o)
                0x06025030                SclRotregBuff
                0x0602502c                SclDisplayY
                0x06025034                SclRotateTableMode
                0x06025028                SclProcess
                0x06025024                SclCurSclNum
                0x06025020                SclLengthLsTbl
                0x0602502a                SclDisplayX
                0x06025022                SclLengthCsTbl
 *fill*         0x06025056        0xa 00
 .data          0x06025060       0x18 ../sbl6/segalib/lib/sega_scl.a(scl_pri.o)
                0x06025064                SclRealSpPriNum
                0x06025074                SclRealColOffset
                0x06025070                SclRealBgColMix
                0x0602506c                SclRealSpColMix
                0x06025068                SclRealBgPriNum
                0x06025060                SclRealOtherPri
 *fill*         0x06025078        0x8 00
 .data          0x06025080      0x380 C:/saturn/SH_COFF/sh-coff/bin/../lib/gcc/sh-coff/3.4-GNUSH_v0501/../../../../sh-coff/lib\libc.a(impure.o)
                0x060253fc                _impure_ptr
 .data          0x06025400      0x410 C:/saturn/SH_COFF/sh-coff/bin/../lib/gcc/sh-coff/3.4-GNUSH_v0501/../../../../sh-coff/lib\libc.a(mallocr.o)
                0x06025408                __malloc_av_
                0x06025404                __malloc_trim_threshold
                0x06025400                __malloc_sbrk_base
                0x06025810                SIZEOF_R = (. - STARTOF_R)
                0x06025810                ENDOF_R = .

.bss            0x06025810     0xf084
                0x06025810                STARTOF_B = .
 *(.bss)
 .bss           0x06025810       0x10 vblank.o
                0x06025814                PadData2E
                0x0602581a                PadData1
                0x06025816                PadData2
                0x06025818                PadData1E
                0x06025810                __port
 .bss           0x06025820       0xd0 ../sbl6/segasmp/per/smpclib/per_x2.o
 .bss           0x060258f0       0x10 player.o
                0x060258f1                boost
                0x060258f0                jumps
 .bss           0x06025900     0x3800 sprite.o
                0x06025900                num_sprites
 .bss           0x06029100       0x50 scroll.o
                0x0602911c                map_tiles_x
                0x06029124                scrolls_y
                0x06029100                scroll_transition_state
                0x06029104                scroll_ysize
                0x06029114                map_tiles_y
                0x0602910c                copy_modes
                0x06029134                scrolls_x
                0x06029108                scroll_xsize
 .bss           0x06029150       0x10 main.o
                0x06029150                frame
 .bss           0x06029160       0x6e ../sbl6/segalib/lib/sega_spr.a(spr_2c.o)
 *fill*         0x060291ce        0x2 00
 .bss           0x060291d0        0x4 ../sbl6/segalib/lib/sega_scl.a(scl_vblv.o)
 *fill*         0x060291d4        0xc 00
 .bss           0x060291e0        0x4 ../sbl6/segalib/lib/sega_scl.a(scl_func.o)
 *fill*         0x060291e4        0xc 00
 .bss           0x060291f0     0x1900 ../sbl6/segalib/lib/sega_scl.a(scl_fu05.o)
 .bss           0x0602aaf0       0x48 ../sbl6/segalib/lib/sega_scl.a(scl_ro00.o)
 *fill*         0x0602ab38        0x8 00
 .bss           0x0602ab40       0x9c ../sbl6/segalib/lib/sega_per.a(per_prt.o)
 *fill*         0x0602abdc        0x4 00
 .bss           0x0602abe0        0xc ../sbl6/segalib/lib/sega_sat.a(DMA_SCU1.o)
 *fill*         0x0602abec        0x4 00
 .bss           0x0602abf0        0xc ../sbl6/segalib/lib/sega_sat.a(gfs_trn.o)
 *fill*         0x0602abfc        0x4 00
 .bss           0x0602ac00       0x20 ../sbl6/segalib/lib/sega_sat.a(DMA_SCU0.o)
 .bss           0x0602ac20        0x2 ../sbl6/segalib/lib/sega_sat.a(cdc_reg.o)
 *fill*         0x0602ac22        0xe 00
 .bss           0x0602ac30        0xc ../sbl6/segalib/lib/sega_sat.a(cdc_sub.o)
 *fill*         0x0602ac3c        0x4 00
 .bss           0x0602ac40       0x10 C:/saturn/SH_COFF/sh-coff/bin/../lib/gcc/sh-coff/3.4-GNUSH_v0501\libgcc.a(__main.o)
 .bss           0x0602ac50       0x10 C:/saturn/SH_COFF/sh-coff/bin/../lib/gcc/sh-coff/3.4-GNUSH_v0501/../../../../sh-coff/lib\libc.a(atexit.o)
 .bss           0x0602ac60       0x40 C:/saturn/SH_COFF/sh-coff/bin/../lib/gcc/sh-coff/3.4-GNUSH_v0501/../../../../sh-coff/lib\libc.a(mallocr.o)
                0x0602ac90                __malloc_top_pad
                0x0602ac60                __malloc_current_mallinfo
                0x0602ac8c                __malloc_max_sbrked_mem
                0x0602ac88                __malloc_max_total_mem
 .bss           0x0602aca0       0x10 C:/saturn/SH_COFF/sh-coff/bin/../lib/gcc/sh-coff/3.4-GNUSH_v0501/../../../../sh-coff/lib\libc.a(syscalls.o)
 *(COMMON)
 COMMON         0x0602acb0     0x1674 cd.o
                                  0x0 (size before relaxing)
                0x0602acb0                dirname
                0x0602b610                lib_work
                0x0602c318                directory_table
 *fill*         0x0602c324        0xc 00
 COMMON         0x0602c330     0x1960 player.o
                                  0x0 (size before relaxing)
                0x0602c330                curr_level
                0x0602c340                player
                0x0602c380                lp
 COMMON         0x0602dc90      0x8c0 print.o
                                  0x0 (size before relaxing)
                0x0602dc90                text
 COMMON         0x0602e550     0x1460 sprite.o
                                  0x0 (size before relaxing)
                0x0602e550                sprites
                0x0602e9b0                image_buf
 COMMON         0x0602f9b0     0x346c scroll.o
                                  0x0 (size before relaxing)
                0x0602f9b0                line_param0
                0x060312c0                scfg3
                0x06031350                scfg0
                0x060313e0                maps
                0x060313f0                scfg2
                0x06031480                line_param1
                0x06032d90                scfg1
 *fill*         0x06032e1c        0x4 00
 COMMON         0x06032e20      0x400 ../sbl6/segalib/lib/sega_int.a(int.o)
                                  0x0 (size before relaxing)
                0x06032e20                __interrupt_vector
 COMMON         0x06033220       0x50 ../sbl6/segalib/lib/sega_spr.a(spr_2c.o)
                                  0x0 (size before relaxing)
                0x06033220                SpMstCmd
                0x06033224                Sp2OpenFlag
                0x06033228                SpGourTblMax
                0x0603322c                SpDrawPrtyBlk
                0x06033230                SpLCoordX
                0x06033234                SpMstDrawPrtyBlk
                0x06033238                SpGourTbl
                0x0603323c                SpLookupTblR
                0x06033240                SpCmdTbl
                0x06033244                SpCharMax
                0x06033248                SpDrawPrtyProcFlag
                0x0603324c                SpCmdNo
                0x06033250                SpDrawPrtyBlkMax
                0x06033254                SpSlvCmdPos
                0x06033258                SpSlvDrawPrtyBlk
                0x0603325c                SpCharTbl
                0x06033260                SpCmdTblR
                0x06033264                SpMstCmdPos
                0x06033268                SpSlvCmd
                0x0603326c                SpLCoordY
 COMMON         0x06033270       0x10 ../sbl6/segalib/lib/sega_spr.a(spr_1c.o)
                                  0x0 (size before relaxing)
                0x06033270                SpScreenY
                0x06033274                SpFbcrMode
                0x06033276                SpDil
                0x06033278                SpDie
                0x0603327a                SpTvMode
                0x0603327c                SpScreenX
 COMMON         0x06033280      0xf00 ../sbl6/segalib/lib/sega_scl.a(scl_func.o)
                                  0x0 (size before relaxing)
                0x06033280                SclRbgKtbAddr
                0x06033288                SclRb
                0x0603328a                Scl_flag
                0x06033290                SclK_TableBuff
                0x06033f60                SclAddrCsTbl
                0x06033f70                Scl_s_reg
                0x06033f98                SclRotateXy
                0x06033fa0                Scl_d_reg
                0x06033fe8                SclRotateDisp
                0x06033ff0                SclRotateMoveZ
                0x06033ff8                SclRotXySw
                0x06034000                Scl_r_reg
                0x06034010                SclRPMD
                0x06034018                SclRbgKtbOffset
                0x06034020                _SclRotregBuff
                0x060340f0                SclRa
                0x060340f8                SclRotateZ
                0x06034100                SclAddrLsTbl
                0x06034108                SclK_TableNum
                0x06034110                SclRotateTableAddress
                0x06034114                SclK_TableFlag
                0x06034120                Scl_w_reg
                0x06034140                Scl_n_reg
 COMMON         0x06034180      0x6b0 ../sbl6/segalib/lib/sega_scl.a(scl_pri.o)
                                  0x0 (size before relaxing)
                0x06034180                SclAutoEndBlue2
                0x06034190                SclColOffset
                0x060341a0                SclPriBuffDirty
                0x060341a2                SclAutoEndRed
                0x060341a4                SclAutoSurface
                0x060341a8                SclAutoGreen
                0x060341aa                SclAutoEndGreen
                0x060341ac                SclAutoCount
                0x060341b0                SclColRamAlloc256
                0x060341d0                SclAutoCurRate
                0x060341d1                SclAutoPlusFlag
                0x060341d8                SclSpColMix
                0x060341e0                SclAutoMax
                0x060341e4                SclLineColRamOffset
                0x060341e8                SclColRamAlloc2048
                0x060341ec                SclBgPriNum
                0x060341f2                SclAutoEndBlue
                0x060341f4                SclAutoEndGreen2
                0x060341f6                SclAutoVeFlag
                0x060341f8                SclBgColMix
                0x06034200                SclAutoIndex
                0x06034204                SclAutoEndRate
                0x06034206                SclAutoBlue
                0x06034208                SclAutoRed
                0x0603420c                SclAutoInterval
                0x06034210                SclOtherPri
                0x06034220                SclAutoRGB
                0x06034820                SclAutoEndRed2
                0x06034828                SclSpPriNum
 COMMON         0x06034830       0x10 ../sbl6/segalib/lib/sega_scl.a(scl_ro00.o)
                                  0x0 (size before relaxing)
                0x06034830                SclCsx
                0x06034838                SclCsy
 COMMON         0x06034840       0x15 ../sbl6/segalib/lib/sega_per.a(per_prt.o)
                                  0x0 (size before relaxing)
                0x06034840                per_get_time_flg
                0x06034841                per_hot_res
                0x06034842                per_set_sys_flg
                0x06034844                per_get_time_adr
                0x06034848                per_get_sys_data
                0x06034854                per_time_out_flg
 *fill*         0x06034855        0xb 00
 COMMON         0x06034860        0xc ../sbl6/segalib/lib/sega_sat.a(gfs.o)
                                  0x0 (size before relaxing)
                0x06034860                GFMC_base
                0x06034864                gfs_mng_ptr
                0x06034868                gfs_use_scudma
 *fill*         0x0603486c        0x4 00
 COMMON         0x06034870        0x8 ../sbl6/segalib/lib/sega_sat.a(gfs_cdf.o)
                                  0x0 (size before relaxing)
                0x06034870                gfcf_fad
                0x06034874                gfcf_stat
 *fill*         0x06034878        0x8 00
 COMMON         0x06034880        0xc ../sbl6/segalib/lib/sega_sat.a(gfs_cdc.o)
                                  0x0 (size before relaxing)
                0x06034880                gfcd_fatal_err
                0x06034884                gfcd_work
                0x06034888                gfcd_playflag
 *fill*         0x0603488c        0x4 00
 COMMON         0x06034890        0x4 C:/saturn/SH_COFF/sh-coff/bin/../lib/gcc/sh-coff/3.4-GNUSH_v0501/../../../../sh-coff/lib\libc.a(syscalls.o)
                                  0x0 (size before relaxing)
                0x06034890                errno
                0x06034894                SIZEOF_B = (. - STARTOF_B)
                0x06034894                ENDOF_B = .
                0x06034894                _end = .
OUTPUT(main.cof coff-sh)

.comment        0x060348a0      0x4a0
 .comment       0x060348a0       0x20 ../sbl6/segasmp/lib/strt2_g.o
 .comment       0x060348c0       0x20 vblank.o
 .comment       0x060348e0       0x20 ../sbl6/segasmp/per/smpclib/per_x1.o
 .comment       0x06034900       0x20 ../sbl6/segasmp/per/smpclib/per_x2.o
 .comment       0x06034920       0x20 blocks.o
 .comment       0x06034940       0x20 cd.o
 .comment       0x06034960       0x20 collision.o
 .comment       0x06034980       0x20 graphics.o
 .comment       0x060349a0       0x20 player.o
 .comment       0x060349c0       0x20 print.o
 .comment       0x060349e0       0x20 sprite.o
 .comment       0x06034a00       0x20 scroll.o
 .comment       0x06034a20       0x20 main.o
 .comment       0x06034a40       0x20 C:/saturn/SH_COFF/sh-coff/bin/../lib/gcc/sh-coff/3.4-GNUSH_v0501\libgcc.a(__main.o)
 .comment       0x06034a60       0x20 C:/saturn/SH_COFF/sh-coff/bin/../lib/gcc/sh-coff/3.4-GNUSH_v0501\libgcc.a(_mul_df.o)
 .comment       0x06034a80       0x20 C:/saturn/SH_COFF/sh-coff/bin/../lib/gcc/sh-coff/3.4-GNUSH_v0501\libgcc.a(_si_to_df.o)
 .comment       0x06034aa0       0x20 C:/saturn/SH_COFF/sh-coff/bin/../lib/gcc/sh-coff/3.4-GNUSH_v0501\libgcc.a(_df_to_si.o)
 .comment       0x06034ac0       0x20 C:/saturn/SH_COFF/sh-coff/bin/../lib/gcc/sh-coff/3.4-GNUSH_v0501\libgcc.a(_unpack_df.o)
 .comment       0x06034ae0       0x20 C:/saturn/SH_COFF/sh-coff/bin/../lib/gcc/sh-coff/3.4-GNUSH_v0501\libgcc.a(_pack_df.o)
 .comment       0x06034b00       0x20 C:/saturn/SH_COFF/sh-coff/bin/../lib/gcc/sh-coff/3.4-GNUSH_v0501\libgcc.a(_thenan_df.o)
 .comment       0x06034b20       0x20 C:/saturn/SH_COFF/sh-coff/bin/../lib/gcc/sh-coff/3.4-GNUSH_v0501\libgcc.a(_muldi3.o)
 .comment       0x06034b40       0x20 C:/saturn/SH_COFF/sh-coff/bin/../lib/gcc/sh-coff/3.4-GNUSH_v0501\libgcc.a(_lshrdi3.o)
 .comment       0x06034b60       0x20 C:/saturn/SH_COFF/sh-coff/bin/../lib/gcc/sh-coff/3.4-GNUSH_v0501\libgcc.a(_ashldi3.o)
 .comment       0x06034b80       0x20 C:/saturn/SH_COFF/sh-coff/bin/../lib/gcc/sh-coff/3.4-GNUSH_v0501/../../../../sh-coff/lib\libc.a(memcmp.o)
 .comment       0x06034ba0       0x20 C:/saturn/SH_COFF/sh-coff/bin/../lib/gcc/sh-coff/3.4-GNUSH_v0501/../../../../sh-coff/lib\libc.a(strncmp.o)
 .comment       0x06034bc0       0x20 C:/saturn/SH_COFF/sh-coff/bin/../lib/gcc/sh-coff/3.4-GNUSH_v0501/../../../../sh-coff/lib\libc.a(strncpy.o)
 .comment       0x06034be0       0x20 C:/saturn/SH_COFF/sh-coff/bin/../lib/gcc/sh-coff/3.4-GNUSH_v0501/../../../../sh-coff/lib\libc.a(atexit.o)
 .comment       0x06034c00       0x20 C:/saturn/SH_COFF/sh-coff/bin/../lib/gcc/sh-coff/3.4-GNUSH_v0501/../../../../sh-coff/lib\libc.a(impure.o)
 .comment       0x06034c20       0x20 C:/saturn/SH_COFF/sh-coff/bin/../lib/gcc/sh-coff/3.4-GNUSH_v0501/../../../../sh-coff/lib\libc.a(malloc.o)
 .comment       0x06034c40       0x20 C:/saturn/SH_COFF/sh-coff/bin/../lib/gcc/sh-coff/3.4-GNUSH_v0501/../../../../sh-coff/lib\libc.a(mallocr.o)
 .comment       0x06034c60       0x20 C:/saturn/SH_COFF/sh-coff/bin/../lib/gcc/sh-coff/3.4-GNUSH_v0501/../../../../sh-coff/lib\libc.a(freer.o)
 .comment       0x06034c80       0x20 C:/saturn/SH_COFF/sh-coff/bin/../lib/gcc/sh-coff/3.4-GNUSH_v0501/../../../../sh-coff/lib\libc.a(mlock.o)
 .comment       0x06034ca0       0x20 C:/saturn/SH_COFF/sh-coff/bin/../lib/gcc/sh-coff/3.4-GNUSH_v0501/../../../../sh-coff/lib\libc.a(sbrkr.o)
 .comment       0x06034cc0       0x20 C:/saturn/SH_COFF/sh-coff/bin/../lib/gcc/sh-coff/3.4-GNUSH_v0501/../../../../sh-coff/lib\libc.a(syscalls.o)
 .comment       0x06034ce0       0x20 C:/saturn/SH_COFF/sh-coff/bin/../lib/gcc/sh-coff/3.4-GNUSH_v0501/../../../../sh-coff/lib\libc.a(abort.o)
 .comment       0x06034d00       0x20 C:/saturn/SH_COFF/sh-coff/bin/../lib/gcc/sh-coff/3.4-GNUSH_v0501/../../../../sh-coff/lib\libc.a(signal.o)
 .comment       0x06034d20       0x20 C:/saturn/SH_COFF/sh-coff/bin/../lib/gcc/sh-coff/3.4-GNUSH_v0501/../../../../sh-coff/lib\libc.a(signalr.o)
