Archive member included because of file (symbol)

../sbl6/segalib/lib/sega_int.a(int.o)
                              vblank.o (INT_SetScuFunc)
../sbl6/segalib/lib/sega_int.a(int_trmp.o)
                              ../sbl6/segalib/lib/sega_int.a(int.o) (__interrupt_handler0)
../sbl6/segalib/lib/sega_spr.a(spr_2c.o)
                              main.o (SPR_2Initial)
../sbl6/segalib/lib/sega_spr.a(spr_slv.o)
                              ../sbl6/segalib/lib/sega_spr.a(spr_2c.o) (SPR_InitSlaveSH)
../sbl6/segalib/lib/sega_spr.a(spr_1c.o)
                              ../sbl6/segalib/lib/sega_spr.a(spr_2c.o) (SPR_Initial)
../sbl6/segalib/lib/sega_spr.a(spr_2a.o)
                              ../sbl6/segalib/lib/sega_spr.a(spr_2c.o) (SPR_2SetDrawPrty)
../sbl6/segalib/lib/sega_scl.a(scl_vblv.o)
                              ../sbl6/segalib/lib/sega_spr.a(spr_1c.o) (SpFrameChgMode)
../sbl6/segalib/lib/sega_scl.a(scl_func.o)
                              main.o (SCL_Vdp2Init)
../sbl6/segalib/lib/sega_scl.a(scl_pr03.o)
                              scroll.o (SCL_AllocColRam)
../sbl6/segalib/lib/sega_scl.a(scl_pr02.o)
                              scroll.o (SCL_SetColRam)
../sbl6/segalib/lib/sega_scl.a(scl_back.o)
                              scroll.o (SCL_SetBack)
../sbl6/segalib/lib/sega_scl.a(scl_fu03.o)
                              scroll.o (SCL_InitConfigTb)
../sbl6/segalib/lib/sega_scl.a(scl_fu02.o)
                              scroll.o (SCL_InitVramConfigTb)
../sbl6/segalib/lib/sega_scl.a(scl_fu04.o)
                              scroll.o (SCL_SetCycleTable)
../sbl6/segalib/lib/sega_scl.a(scl_pr07.o)
                              main.o (SCL_SetPriority)
../sbl6/segalib/lib/sega_scl.a(scl_pr01.o)
                              main.o (SCL_SetSpriteMode)
../sbl6/segalib/lib/sega_scl.a(scl_pri.o)
                              ../sbl6/segalib/lib/sega_scl.a(scl_func.o) (SclRealOtherPri)
../sbl6/segalib/lib/sega_scl.a(scl_ro00.o)
                              ../sbl6/segalib/lib/sega_scl.a(scl_func.o) (SCL_Rotate)
../sbl6/segalib/lib/sega_scl.a(scl_pr06.o)
                              ../sbl6/segalib/lib/sega_scl.a(scl_pr03.o) (SCL_SetColRamOffset)
../sbl6/segalib/lib/sega_scl.a(scl_pr05.o)
                              ../sbl6/segalib/lib/sega_scl.a(scl_pr02.o) (SCL_GetColRamOffset)
../sbl6/segalib/lib/sega_mth.a(mth_fixd.o)
                              player.o (MTH_Mul)
../sbl6/segalib/lib/sega_mth.a(mth_tri.o)
                              sprite.o (MTH_Sin)
../sbl6/segalib/lib/sega_per.a(per_prt.o)
                              ../sbl6/segasmp/per/smpclib/per_x2.o (PER_LInit)
../sbl6/segalib/lib/sega_sat.a(DMA_SCU1.o)
                              ../sbl6/segalib/lib/sega_spr.a(spr_2c.o) (DMA_ScuMemCopy)
../sbl6/segalib/lib/sega_sat.a(DMA_SCU0.o)
                              ../sbl6/segalib/lib/sega_sat.a(DMA_SCU1.o) (DMA_ScuSetPrm)
../sbl6/segalib/lib/sega_sat.a(csh_main.o)
                              ../sbl6/segalib/lib/sega_sat.a(DMA_SCU1.o) (CSH_Purge)
c:/saturn/SH_COFF/sh-coff/bin/../lib/gcc/sh-coff/3.4-GNUSH_v0501\libgcc.a(_movstr.o)
                              scroll.o (__movstr)
c:/saturn/SH_COFF/sh-coff/bin/../lib/gcc/sh-coff/3.4-GNUSH_v0501\libgcc.a(_ashiftlt.o)
                              scroll.o (__ashlsi3)
c:/saturn/SH_COFF/sh-coff/bin/../lib/gcc/sh-coff/3.4-GNUSH_v0501\libgcc.a(__main.o)
                              main.o (__main)
c:/saturn/SH_COFF/sh-coff/bin/../lib/gcc/sh-coff/3.4-GNUSH_v0501\libgcc.a(_udivsi3.o)
                              ../sbl6/segalib/lib/sega_scl.a(scl_fu03.o) (__udivsi3)
c:/saturn/SH_COFF/sh-coff/bin/../lib/gcc/sh-coff/3.4-GNUSH_v0501\libgcc.a(_ashiftrt.o)
                              ../sbl6/segalib/lib/sega_scl.a(scl_ro00.o) (__ashiftrt_r4_6)
c:/saturn/SH_COFF/sh-coff/bin/../lib/gcc/sh-coff/3.4-GNUSH_v0501\libgcc.a(_si_to_df.o)
                              ../sbl6/segalib/lib/sega_scl.a(scl_ro00.o) (__floatsidf)
c:/saturn/SH_COFF/sh-coff/bin/../lib/gcc/sh-coff/3.4-GNUSH_v0501\libgcc.a(_mul_df.o)
                              ../sbl6/segalib/lib/sega_scl.a(scl_ro00.o) (__muldf3)
c:/saturn/SH_COFF/sh-coff/bin/../lib/gcc/sh-coff/3.4-GNUSH_v0501\libgcc.a(_df_to_si.o)
                              ../sbl6/segalib/lib/sega_scl.a(scl_ro00.o) (__fixdfsi)
c:/saturn/SH_COFF/sh-coff/bin/../lib/gcc/sh-coff/3.4-GNUSH_v0501\libgcc.a(_pack_df.o)
                              c:/saturn/SH_COFF/sh-coff/bin/../lib/gcc/sh-coff/3.4-GNUSH_v0501\libgcc.a(_si_to_df.o) (__pack_d)
c:/saturn/SH_COFF/sh-coff/bin/../lib/gcc/sh-coff/3.4-GNUSH_v0501\libgcc.a(_unpack_df.o)
                              c:/saturn/SH_COFF/sh-coff/bin/../lib/gcc/sh-coff/3.4-GNUSH_v0501\libgcc.a(_mul_df.o) (__unpack_d)
c:/saturn/SH_COFF/sh-coff/bin/../lib/gcc/sh-coff/3.4-GNUSH_v0501\libgcc.a(_thenan_df.o)
                              c:/saturn/SH_COFF/sh-coff/bin/../lib/gcc/sh-coff/3.4-GNUSH_v0501\libgcc.a(_mul_df.o) (__thenan_df)
c:/saturn/SH_COFF/sh-coff/bin/../lib/gcc/sh-coff/3.4-GNUSH_v0501\libgcc.a(_muldi3.o)
                              c:/saturn/SH_COFF/sh-coff/bin/../lib/gcc/sh-coff/3.4-GNUSH_v0501\libgcc.a(_mul_df.o) (__muldi3)
c:/saturn/SH_COFF/sh-coff/bin/../lib/gcc/sh-coff/3.4-GNUSH_v0501\libgcc.a(_lshrdi3.o)
                              c:/saturn/SH_COFF/sh-coff/bin/../lib/gcc/sh-coff/3.4-GNUSH_v0501\libgcc.a(_df_to_si.o) (__lshrdi3)
c:/saturn/SH_COFF/sh-coff/bin/../lib/gcc/sh-coff/3.4-GNUSH_v0501\libgcc.a(_ashldi3.o)
                              c:/saturn/SH_COFF/sh-coff/bin/../lib/gcc/sh-coff/3.4-GNUSH_v0501\libgcc.a(_pack_df.o) (__ashldi3)
c:/saturn/SH_COFF/sh-coff/bin/../lib/gcc/sh-coff/3.4-GNUSH_v0501\libgcc.a(_mulsi3.o)
                              c:/saturn/SH_COFF/sh-coff/bin/../lib/gcc/sh-coff/3.4-GNUSH_v0501\libgcc.a(_muldi3.o) (__mulsi3)
c:/saturn/SH_COFF/sh-coff/bin/../lib/gcc/sh-coff/3.4-GNUSH_v0501\libgcc.a(_lshiftrt.o)
                              c:/saturn/SH_COFF/sh-coff/bin/../lib/gcc/sh-coff/3.4-GNUSH_v0501\libgcc.a(_lshrdi3.o) (__lshrsi3)
c:/saturn/SH_COFF/sh-coff/bin/../lib/gcc/sh-coff/3.4-GNUSH_v0501/../../../../sh-coff/lib\libc.a(memcpy.o)
                              scroll.o (memcpy)
c:/saturn/SH_COFF/sh-coff/bin/../lib/gcc/sh-coff/3.4-GNUSH_v0501/../../../../sh-coff/lib\libc.a(memset.o)
                              ../sbl6/segalib/lib/sega_spr.a(spr_2c.o) (memset)
c:/saturn/SH_COFF/sh-coff/bin/../lib/gcc/sh-coff/3.4-GNUSH_v0501/../../../../sh-coff/lib\libc.a(atexit.o)
                              c:/saturn/SH_COFF/sh-coff/bin/../lib/gcc/sh-coff/3.4-GNUSH_v0501\libgcc.a(__main.o) (atexit)
c:/saturn/SH_COFF/sh-coff/bin/../lib/gcc/sh-coff/3.4-GNUSH_v0501/../../../../sh-coff/lib\libc.a(impure.o)
                              c:/saturn/SH_COFF/sh-coff/bin/../lib/gcc/sh-coff/3.4-GNUSH_v0501/../../../../sh-coff/lib\libc.a(atexit.o) (_impure_ptr)
c:/saturn/SH_COFF/sh-coff/bin/../lib/gcc/sh-coff/3.4-GNUSH_v0501/../../../../sh-coff/lib\libc.a(malloc.o)
                              c:/saturn/SH_COFF/sh-coff/bin/../lib/gcc/sh-coff/3.4-GNUSH_v0501/../../../../sh-coff/lib\libc.a(atexit.o) (malloc)
c:/saturn/SH_COFF/sh-coff/bin/../lib/gcc/sh-coff/3.4-GNUSH_v0501/../../../../sh-coff/lib\libc.a(mallocr.o)
                              c:/saturn/SH_COFF/sh-coff/bin/../lib/gcc/sh-coff/3.4-GNUSH_v0501/../../../../sh-coff/lib\libc.a(malloc.o) (_malloc_r)
c:/saturn/SH_COFF/sh-coff/bin/../lib/gcc/sh-coff/3.4-GNUSH_v0501/../../../../sh-coff/lib\libc.a(freer.o)
                              c:/saturn/SH_COFF/sh-coff/bin/../lib/gcc/sh-coff/3.4-GNUSH_v0501/../../../../sh-coff/lib\libc.a(malloc.o) (_free_r)
c:/saturn/SH_COFF/sh-coff/bin/../lib/gcc/sh-coff/3.4-GNUSH_v0501/../../../../sh-coff/lib\libc.a(mlock.o)
                              c:/saturn/SH_COFF/sh-coff/bin/../lib/gcc/sh-coff/3.4-GNUSH_v0501/../../../../sh-coff/lib\libc.a(mallocr.o) (__malloc_lock)
c:/saturn/SH_COFF/sh-coff/bin/../lib/gcc/sh-coff/3.4-GNUSH_v0501/../../../../sh-coff/lib\libc.a(sbrkr.o)
                              c:/saturn/SH_COFF/sh-coff/bin/../lib/gcc/sh-coff/3.4-GNUSH_v0501/../../../../sh-coff/lib\libc.a(mallocr.o) (_sbrk_r)
c:/saturn/SH_COFF/sh-coff/bin/../lib/gcc/sh-coff/3.4-GNUSH_v0501/../../../../sh-coff/lib\libc.a(syscalls.o)
                              c:/saturn/SH_COFF/sh-coff/bin/../lib/gcc/sh-coff/3.4-GNUSH_v0501/../../../../sh-coff/lib\libc.a(sbrkr.o) (_sbrk)
c:/saturn/SH_COFF/sh-coff/bin/../lib/gcc/sh-coff/3.4-GNUSH_v0501/../../../../sh-coff/lib\libc.a(trap.o)
                              c:/saturn/SH_COFF/sh-coff/bin/../lib/gcc/sh-coff/3.4-GNUSH_v0501/../../../../sh-coff/lib\libc.a(syscalls.o) (__trap34)
c:/saturn/SH_COFF/sh-coff/bin/../lib/gcc/sh-coff/3.4-GNUSH_v0501/../../../../sh-coff/lib\libc.a(abort.o)
                              c:/saturn/SH_COFF/sh-coff/bin/../lib/gcc/sh-coff/3.4-GNUSH_v0501/../../../../sh-coff/lib\libc.a(syscalls.o) (abort)
c:/saturn/SH_COFF/sh-coff/bin/../lib/gcc/sh-coff/3.4-GNUSH_v0501/../../../../sh-coff/lib\libc.a(signal.o)
                              c:/saturn/SH_COFF/sh-coff/bin/../lib/gcc/sh-coff/3.4-GNUSH_v0501/../../../../sh-coff/lib\libc.a(abort.o) (raise)
c:/saturn/SH_COFF/sh-coff/bin/../lib/gcc/sh-coff/3.4-GNUSH_v0501/../../../../sh-coff/lib\libc.a(signalr.o)
                              c:/saturn/SH_COFF/sh-coff/bin/../lib/gcc/sh-coff/3.4-GNUSH_v0501/../../../../sh-coff/lib\libc.a(signal.o) (_kill_r)

Allocating common symbols
Common symbol       size              file

SclRbgKtbAddr       0x8               ../sbl6/segalib/lib/sega_scl.a(scl_func.o)
sprites             0x1c20            collision.o
SpMstCmd            0x4               ../sbl6/segalib/lib/sega_spr.a(spr_2c.o)
SclRb               0x1               ../sbl6/segalib/lib/sega_scl.a(scl_func.o)
Scl_flag            0x2               ../sbl6/segalib/lib/sega_scl.a(scl_func.o)
per_get_time_flg    0x1               ../sbl6/segalib/lib/sega_per.a(per_prt.o)
SpScreenY           0x4               ../sbl6/segalib/lib/sega_spr.a(spr_1c.o)
SclK_TableBuff      0xcd0             ../sbl6/segalib/lib/sega_scl.a(scl_func.o)
SclAutoEndBlue2     0x2               ../sbl6/segalib/lib/sega_scl.a(scl_pri.o)
SpFbcrMode          0x2               ../sbl6/segalib/lib/sega_spr.a(spr_1c.o)
Sp2OpenFlag         0x4               ../sbl6/segalib/lib/sega_spr.a(spr_2c.o)
SclColOffset        0x10              ../sbl6/segalib/lib/sega_scl.a(scl_pri.o)
SclAddrCsTbl        0x8               ../sbl6/segalib/lib/sega_scl.a(scl_func.o)
scfg0               0x8c              scroll.o
SclPriBuffDirty     0x1               ../sbl6/segalib/lib/sega_scl.a(scl_pri.o)
SclAutoEndRed       0x2               ../sbl6/segalib/lib/sega_scl.a(scl_pri.o)
player              0x24              player.o
SclAutoSurface      0x4               ../sbl6/segalib/lib/sega_scl.a(scl_pri.o)
__interrupt_vector  0x400             ../sbl6/segalib/lib/sega_int.a(int.o)
per_hot_res         0x1               ../sbl6/segalib/lib/sega_per.a(per_prt.o)
SclCsx              0x8               ../sbl6/segalib/lib/sega_scl.a(scl_ro00.o)
Scl_s_reg           0x28              ../sbl6/segalib/lib/sega_scl.a(scl_func.o)
SclAutoGreen        0x2               ../sbl6/segalib/lib/sega_scl.a(scl_pri.o)
SclAutoEndGreen     0x2               ../sbl6/segalib/lib/sega_scl.a(scl_pri.o)
SclAutoCount        0x4               ../sbl6/segalib/lib/sega_scl.a(scl_pri.o)
SpGourTblMax        0x4               ../sbl6/segalib/lib/sega_spr.a(spr_2c.o)
SclColRamAlloc256   0x20              ../sbl6/segalib/lib/sega_scl.a(scl_pri.o)
SclRotateXy         0x8               ../sbl6/segalib/lib/sega_scl.a(scl_func.o)
SpDrawPrtyBlk       0x4               ../sbl6/segalib/lib/sega_spr.a(spr_2c.o)
SclAutoCurRate      0x1               ../sbl6/segalib/lib/sega_scl.a(scl_pri.o)
SpLCoordX           0x4               ../sbl6/segalib/lib/sega_spr.a(spr_2c.o)
maps                0x10              scroll.o
SpMstDrawPrtyBlk    0x4               ../sbl6/segalib/lib/sega_spr.a(spr_2c.o)
SclAutoPlusFlag     0x1               ../sbl6/segalib/lib/sega_scl.a(scl_pri.o)
per_set_sys_flg     0x1               ../sbl6/segalib/lib/sega_per.a(per_prt.o)
Scl_d_reg           0x48              ../sbl6/segalib/lib/sega_scl.a(scl_func.o)
SclRotateDisp       0x8               ../sbl6/segalib/lib/sega_scl.a(scl_func.o)
SpGourTbl           0x4               ../sbl6/segalib/lib/sega_spr.a(spr_2c.o)
SclSpColMix         0x8               ../sbl6/segalib/lib/sega_scl.a(scl_pri.o)
SpDil               0x2               ../sbl6/segalib/lib/sega_spr.a(spr_1c.o)
SpLookupTblR        0x2               ../sbl6/segalib/lib/sega_spr.a(spr_2c.o)
SclAutoMax          0x4               ../sbl6/segalib/lib/sega_scl.a(scl_pri.o)
SpCmdTbl            0x4               ../sbl6/segalib/lib/sega_spr.a(spr_2c.o)
SclRotateMoveZ      0x8               ../sbl6/segalib/lib/sega_scl.a(scl_func.o)
SclLineColRamOffset
                    0x4               ../sbl6/segalib/lib/sega_scl.a(scl_pri.o)
SclRotXySw          0x4               ../sbl6/segalib/lib/sega_scl.a(scl_func.o)
per_get_time_adr    0x4               ../sbl6/segalib/lib/sega_per.a(per_prt.o)
SclColRamAlloc2048  0x4               ../sbl6/segalib/lib/sega_scl.a(scl_pri.o)
SclBgPriNum         0x6               ../sbl6/segalib/lib/sega_scl.a(scl_pri.o)
SpCharMax           0x4               ../sbl6/segalib/lib/sega_spr.a(spr_2c.o)
SpDrawPrtyProcFlag  0x4               ../sbl6/segalib/lib/sega_spr.a(spr_2c.o)
SclAutoEndBlue      0x2               ../sbl6/segalib/lib/sega_scl.a(scl_pri.o)
SpCmdNo             0x4               ../sbl6/segalib/lib/sega_spr.a(spr_2c.o)
SclAutoEndGreen2    0x2               ../sbl6/segalib/lib/sega_scl.a(scl_pri.o)
Scl_r_reg           0x10              ../sbl6/segalib/lib/sega_scl.a(scl_func.o)
SclRPMD             0x2               ../sbl6/segalib/lib/sega_scl.a(scl_func.o)
SpDrawPrtyBlkMax    0x4               ../sbl6/segalib/lib/sega_spr.a(spr_2c.o)
SpDie               0x2               ../sbl6/segalib/lib/sega_spr.a(spr_1c.o)
SclAutoVeFlag       0x1               ../sbl6/segalib/lib/sega_scl.a(scl_pri.o)
SclBgColMix         0x8               ../sbl6/segalib/lib/sega_scl.a(scl_pri.o)
text                0x460             print.o
SpSlvCmdPos         0x4               ../sbl6/segalib/lib/sega_spr.a(spr_2c.o)
per_get_sys_data    0xc               ../sbl6/segalib/lib/sega_per.a(per_prt.o)
SclRbgKtbOffset     0x8               ../sbl6/segalib/lib/sega_scl.a(scl_func.o)
SclAutoIndex        0x4               ../sbl6/segalib/lib/sega_scl.a(scl_pri.o)
SclAutoEndRate      0x1               ../sbl6/segalib/lib/sega_scl.a(scl_pri.o)
SpSlvDrawPrtyBlk    0x4               ../sbl6/segalib/lib/sega_spr.a(spr_2c.o)
_SclRotregBuff      0xd0              ../sbl6/segalib/lib/sega_scl.a(scl_func.o)
SclAutoBlue         0x2               ../sbl6/segalib/lib/sega_scl.a(scl_pri.o)
SpTvMode            0x2               ../sbl6/segalib/lib/sega_spr.a(spr_1c.o)
SpScreenX           0x4               ../sbl6/segalib/lib/sega_spr.a(spr_1c.o)
SclRa               0x1               ../sbl6/segalib/lib/sega_scl.a(scl_func.o)
SclRotateZ          0x8               ../sbl6/segalib/lib/sega_scl.a(scl_func.o)
SpCharTbl           0x4               ../sbl6/segalib/lib/sega_spr.a(spr_2c.o)
SclAddrLsTbl        0x8               ../sbl6/segalib/lib/sega_scl.a(scl_func.o)
SclK_TableNum       0x8               ../sbl6/segalib/lib/sega_scl.a(scl_func.o)
SclAutoRed          0x2               ../sbl6/segalib/lib/sega_scl.a(scl_pri.o)
SpCmdTblR           0x2               ../sbl6/segalib/lib/sega_spr.a(spr_2c.o)
SclAutoInterval     0x4               ../sbl6/segalib/lib/sega_scl.a(scl_pri.o)
SclOtherPri         0x10              ../sbl6/segalib/lib/sega_scl.a(scl_pri.o)
per_time_out_flg    0x1               ../sbl6/segalib/lib/sega_per.a(per_prt.o)
SclRotateTableAddress
                    0x4               ../sbl6/segalib/lib/sega_scl.a(scl_func.o)
SpMstCmdPos         0x4               ../sbl6/segalib/lib/sega_spr.a(spr_2c.o)
SpSlvCmd            0x4               ../sbl6/segalib/lib/sega_spr.a(spr_2c.o)
scfg1               0x8c              scroll.o
SclAutoRGB          0x600             ../sbl6/segalib/lib/sega_scl.a(scl_pri.o)
errno               0x4               c:/saturn/SH_COFF/sh-coff/bin/../lib/gcc/sh-coff/3.4-GNUSH_v0501/../../../../sh-coff/lib\libc.a(syscalls.o)
SclK_TableFlag      0x4               ../sbl6/segalib/lib/sega_scl.a(scl_func.o)
SclAutoEndRed2      0x2               ../sbl6/segalib/lib/sega_scl.a(scl_pri.o)
SclCsy              0x8               ../sbl6/segalib/lib/sega_scl.a(scl_ro00.o)
SclSpPriNum         0x8               ../sbl6/segalib/lib/sega_scl.a(scl_pri.o)
Scl_w_reg           0x20              ../sbl6/segalib/lib/sega_scl.a(scl_func.o)
SpLCoordY           0x4               ../sbl6/segalib/lib/sega_spr.a(spr_2c.o)
Scl_n_reg           0x40              ../sbl6/segalib/lib/sega_scl.a(scl_func.o)

Memory Configuration

Name             Origin             Length             Attributes
*default*        0x00000000         0xffffffff

Linker script and memory map

LOAD ../sbl6/segasmp/lib/strt1_g.o
LOAD ../sbl6/segasmp/lib/strt2_g.o
LOAD vblank.o
LOAD ../sbl6/segasmp/per/smpclib/per_x1.o
LOAD ../sbl6/segasmp/per/smpclib/per_x2.o
LOAD ../sbl6/segasmp/per/smpclib/per_x3.o
LOAD collision.o
LOAD graphics.o
LOAD player.o
LOAD print.o
LOAD sprite.o
LOAD scroll.o
LOAD main.o
LOAD ../sbl6/segalib/lib/sega_int.a
LOAD ../sbl6/segalib/lib/sega_spr.a
LOAD ../sbl6/segalib/lib/sega_scl.a
LOAD ../sbl6/segalib/lib/sega_mth.a
LOAD ../sbl6/segalib/lib/sega_cdc.a
LOAD ../sbl6/segalib/lib/sega_adp.a
LOAD ../sbl6/segalib/lib/sega_per.a
LOAD ../sbl6/segalib/lib/sega_sat.a
LOAD c:/saturn/SH_COFF/sh-coff/bin/../lib/gcc/sh-coff/3.4-GNUSH_v0501\libgcc.a
LOAD c:/saturn/SH_COFF/sh-coff/bin/../lib/gcc/sh-coff/3.4-GNUSH_v0501/../../../../sh-coff/lib\libc.a
LOAD c:/saturn/SH_COFF/sh-coff/bin/../lib/gcc/sh-coff/3.4-GNUSH_v0501\libgcc.a

.text           0x06010000    0x1ac80
 *(.text)
 .text          0x06010000       0x30 ../sbl6/segasmp/lib/strt1_g.o
                0x06010024                _D_END
                0x06010020                _D_BGN
                0x0601002c                _B_END
                0x06010028                _B_BGN
                0x06010000                START
 .text          0x06010030       0x60 ../sbl6/segasmp/lib/strt2_g.o
                0x06010050                _INITSCT
                0x06010030                _INIT
 .text          0x06010090      0x190 vblank.o
                0x06010090                SetVblank
                0x06010120                UsrVblankOut
                0x060100f0                UsrVblankIn
 .text          0x06010220      0x430 ../sbl6/segasmp/per/smpclib/per_x1.o
                0x060105b4                PER_GetAnalogXYZ
                0x06010244                PER_GetTriggerHandler
                0x060104de                PER_GetEdge
                0x0601045c                PER_GetTrigger
                0x06010508                PER_GetPressEdge
                0x0601055c                PER_GetReleaseEdge
                0x06010220                PER_SetTriggerHandler
 .text          0x06010650      0x200 ../sbl6/segasmp/per/smpclib/per_x2.o
                0x06010754                PER_GetDeviceA
                0x06010650                PER_OpenPort
                0x06010688                PER_GetPort
                0x060107ce                PER_GetDeviceR
 .text          0x06010850       0x20 ../sbl6/segasmp/per/smpclib/per_x3.o
                0x06010850                PER_DisguiseTrigger
 .text          0x06010870      0xe50 collision.o
                0x06011630                collision_detect_up_right
                0x060108e0                over_air
                0x06010a00                collision_detect_down
                0x06011660                collision_detect_down_left
                0x06010d10                collision_detect_left
                0x06011690                collision_detect_down_right
                0x06010870                floor_tiles
                0x06011000                collision_detect_up
                0x06011600                collision_detect_up_left
                0x060112f0                collision_detect_right
 .text          0x060116c0     0xde50 graphics.o
                0x0601f10c                font3
                0x0601f40c                font0
                0x060136c0                map2
                0x0601e30c                guy0
                0x060116c0                map3
                0x0601eb0c                font9
                0x0601c30c                guyback1
                0x060156c0                map1
                0x0601cb0c                guyback0
                0x0601f00c                font4
                0x0601ee0c                font6
                0x0601f30c                font1
                0x0601db0c                guy1
                0x060176c0                wood_chr
                0x0601b30c                guyside0
                0x06019ec0                wood_pal
                0x0601ed0c                font7
                0x0601bb0c                guyback2
                0x0601ab0c                guyside1
                0x0601a30c                guyside2
                0x0601f20c                font2
                0x0601ef0c                font5
                0x0601d30c                guy2
                0x0601a2c0                dimensions
                0x0601ec0c                font8
 .text          0x0601f510      0x4a0 player.o
                0x0601f510                player_side
                0x0601f520                player_down
                0x0601f518                player_up
                0x0601f528                states
                0x0601f670                player_input
                0x0601f550                player_init
                0x0601f8f0                player_draw
                0x0601f590                player_animate
 .text          0x0601f9b0      0x130 print.o
                0x0601fa40                print_display
                0x0601f9f0                print_num
                0x0601f9b0                print_init
 .text          0x0601fae0      0x360 sprite.o
                0x0601fd40                sprite_make
                0x0601fdb0                sprite_next
                0x0601fe10                sprite_delete
                0x0601fae0                sprite_draw
 .text          0x0601fe40      0x910 scroll.o
                0x06020560                scroll_transition
                0x06020050                scroll_move
                0x060201d0                scroll_get
                0x06020210                scroll_copy
                0x06020160                scroll_set
                0x0601fe40                scroll_init
                0x06020190                scroll_scale
 .text          0x06020750      0x140 main.o
                0x06020750                main
 .text          0x06020890       0x40 ../sbl6/segalib/lib/sega_int.a(int.o)
                0x060208bc                INT_GetScuFunc
                0x06020890                INT_SetScuFunc
 .text          0x060208d0      0x624 ../sbl6/segalib/lib/sega_int.a(int_trmp.o)
                0x06020a38                __interrupt_handler60
                0x06020be8                __interrupt_handler132
                0x06020d9e                __interrupt_handler205
                0x06020c06                __interrupt_handler137
                0x06020b34                __interrupt_handler102
                0x06020972                __interrupt_handler27
                0x06020d74                __interrupt_handler198
                0x06020c66                __interrupt_handler153
                0x0602094e                __interrupt_handler21
                0x06020a5c                __interrupt_handler66
                0x06020b4c                __interrupt_handler106
                0x06020c96                __interrupt_handler161
                0x06020ae0                __interrupt_handler88
                0x06020cae                __interrupt_handler165
                0x06020bbe                __interrupt_handler125
                0x060208f4                __interrupt_handler6
                0x06020990                __interrupt_handler32
                0x06020d4a                __interrupt_handler191
                0x06020e64                __interrupt_handler238
                0x06020e7c                __interrupt_handler242
                0x06020c84                __interrupt_handler158
                0x06020aec                __interrupt_handler90
                0x06020ca8                __interrupt_handler164
                0x060209cc                __interrupt_handler42
                0x06020d0e                __interrupt_handler181
                0x06020e16                __interrupt_handler225
                0x06020ebe                __interrupt_handler253
                0x06020cd2                __interrupt_handler171
                0x06020a8c                __interrupt_handler74
                0x060208e2                __interrupt_handler3
                0x06020a26                __interrupt_handler57
                0x06020924                __interrupt_handler14
                0x06020dbc                __interrupt_handler210
                0x06020dec                __interrupt_handler218
                0x06020db0                __interrupt_handler208
                0x060209b4                __interrupt_handler38
                0x060208d0                __interrupt_handler0
                0x06020b40                __interrupt_handler104
                0x06020c7e                __interrupt_handler157
                0x06020dce                __interrupt_handler213
                0x06020cc0                __interrupt_handler168
                0x06020ace                __interrupt_handler85
                0x06020b6a                __interrupt_handler111
                0x06020b7c                __interrupt_handler114
                0x060209ea                __interrupt_handler47
                0x06020e40                __interrupt_handler232
                0x06020e0a                __interrupt_handler223
                0x06020e5e                __interrupt_handler237
                0x06020a4a                __interrupt_handler63
                0x060209d8                __interrupt_handler44
                0x06020cea                __interrupt_handler175
                0x06020d14                __interrupt_handler182
                0x06020d2c                __interrupt_handler186
                0x06020c2a                __interrupt_handler143
                0x06020b52                __interrupt_handler107
                0x06020bb8                __interrupt_handler124
                0x06020cd8                __interrupt_handler172
                0x06020e8e                __interrupt_handler245
                0x06020b0a                __interrupt_handler95
                0x06020be2                __interrupt_handler131
                0x06020bf4                __interrupt_handler134
                0x06020c12                __interrupt_handler139
                0x06020a80                __interrupt_handler72
                0x06020e3a                __interrupt_handler231
                0x06020c90                __interrupt_handler160
                0x06020bd6                __interrupt_handler129
                0x06020948                __interrupt_handler20
                0x06020a56                __interrupt_handler65
                0x06020a20                __interrupt_handler56
                0x0602091e                __interrupt_handler13
                0x06020db6                __interrupt_handler209
                0x06020b70                __interrupt_handler112
                0x06020942                __interrupt_handler19
                0x06020afe                __interrupt_handler93
                0x06020d68                __interrupt_handler196
                0x06020c5a                __interrupt_handler151
                0x06020cba                __interrupt_handler167
                0x06020ed0                __trampoline
                0x06020936                __interrupt_handler17
                0x06020e28                __interrupt_handler228
                0x06020eca                __interrupt_handler255
                0x06020e88                __interrupt_handler244
                0x06020b22                __interrupt_handler99
                0x06020d1a                __interrupt_handler183
                0x06020c18                __interrupt_handler140
                0x06020d3e                __interrupt_handler189
                0x06020c3c                __interrupt_handler146
                0x06020e04                __interrupt_handler222
                0x06020c78                __interrupt_handler156
                0x06020bac                __interrupt_handler122
                0x06020ea0                __interrupt_handler248
                0x060209f0                __interrupt_handler48
                0x06020a6e                __interrupt_handler69
                0x06020960                __interrupt_handler24
                0x06020ae6                __interrupt_handler89
                0x06020dda                __interrupt_handler215
                0x06020ec4                __interrupt_handler254
                0x06020ada                __interrupt_handler87
                0x06020a3e                __interrupt_handler61
                0x06020d62                __interrupt_handler195
                0x06020c54                __interrupt_handler150
                0x060209c6                __interrupt_handler41
                0x06020b64                __interrupt_handler110
                0x06020bca                __interrupt_handler127
                0x06020b58                __interrupt_handler108
                0x06020b76                __interrupt_handler113
                0x06020b88                __interrupt_handler116
                0x06020ba6                __interrupt_handler121
                0x06020a9e                __interrupt_handler77
                0x060209ba                __interrupt_handler39
                0x060209d2                __interrupt_handler43
                0x06020ea6                __interrupt_handler249
                0x06020ce4                __interrupt_handler174
                0x06020c00                __interrupt_handler136
                0x06020d38                __interrupt_handler188
                0x06020c36                __interrupt_handler145
                0x06020906                __interrupt_handler9
                0x06020aaa                __interrupt_handler79
                0x06020e22                __interrupt_handler227
                0x0602099c                __interrupt_handler34
                0x06020bdc                __interrupt_handler130
                0x06020e9a                __interrupt_handler247
                0x06020a92                __interrupt_handler75
                0x06020cde                __interrupt_handler173
                0x06020a0e                __interrupt_handler53
                0x06020c4e                __interrupt_handler149
                0x06020eb2                __interrupt_handler251
                0x06020e46                __interrupt_handler233
                0x0602090c                __interrupt_handler10
                0x06020d98                __interrupt_handler204
                0x06020abc                __interrupt_handler82
                0x06020ac2                __interrupt_handler83
                0x06020966                __interrupt_handler25
                0x06020e82                __interrupt_handler243
                0x06020c9c                __interrupt_handler162
                0x060209e4                __interrupt_handler46
                0x06020cfc                __interrupt_handler178
                0x06020ab0                __interrupt_handler80
                0x06020a44                __interrupt_handler62
                0x060208dc                __interrupt_handler2
                0x0602097e                __interrupt_handler29
                0x06020a74                __interrupt_handler70
                0x06020b5e                __interrupt_handler109
                0x06020c48                __interrupt_handler148
                0x06020b04                __interrupt_handler94
                0x06020e10                __interrupt_handler224
                0x06020b3a                __interrupt_handler103
                0x060209a8                __interrupt_handler36
                0x06020bc4                __interrupt_handler126
                0x06020e94                __interrupt_handler246
                0x06020a1a                __interrupt_handler55
                0x06020918                __interrupt_handler12
                0x06020a08                __interrupt_handler52
                0x06020d32                __interrupt_handler187
                0x06020c30                __interrupt_handler144
                0x06020b8e                __interrupt_handler117
                0x0602093c                __interrupt_handler18
                0x06020d6e                __interrupt_handler197
                0x06020c60                __interrupt_handler152
                0x06020b94                __interrupt_handler118
                0x06020ccc                __interrupt_handler170
                0x06020d86                __interrupt_handler201
                0x06020b16                __interrupt_handler97
                0x06020ca2                __interrupt_handler163
                0x06020d08                __interrupt_handler180
                0x06020d50                __interrupt_handler192
                0x06020e70                __interrupt_handler240
                0x06020bb2                __interrupt_handler123
                0x06020dd4                __interrupt_handler214
                0x0602098a                __interrupt_handler31
                0x06020978                __interrupt_handler28
                0x06020a62                __interrupt_handler67
                0x06020a68                __interrupt_handler68
                0x06020954                __interrupt_handler22
                0x0602095a                __interrupt_handler23
                0x06020cf0                __interrupt_handler176
                0x060208fa                __interrupt_handler7
                0x06020dfe                __interrupt_handler221
                0x06020de6                __interrupt_handler217
                0x06020e2e                __interrupt_handler229
                0x060209f6                __interrupt_handler49
                0x060208e8                __interrupt_handler4
                0x060209c0                __interrupt_handler40
                0x06020b82                __interrupt_handler115
                0x06020e52                __interrupt_handler235
                0x06020af2                __interrupt_handler91
                0x06020da4                __interrupt_handler206
                0x06020cf6                __interrupt_handler177
                0x06020c42                __interrupt_handler147
                0x060209ae                __interrupt_handler37
                0x06020eac                __interrupt_handler250
                0x060208d6                __interrupt_handler1
                0x06020df2                __interrupt_handler219
                0x06020a98                __interrupt_handler76
                0x06020b28                __interrupt_handler100
                0x06020a2c                __interrupt_handler58
                0x0602092a                __interrupt_handler15
                0x06020dc8                __interrupt_handler212
                0x06020e76                __interrupt_handler241
                0x06020d8c                __interrupt_handler202
                0x06020d56                __interrupt_handler193
                0x06020aa4                __interrupt_handler78
                0x060209fc                __interrupt_handler50
                0x06020996                __interrupt_handler33
                0x06020cb4                __interrupt_handler166
                0x06020c0c                __interrupt_handler138
                0x06020bfa                __interrupt_handler135
                0x06020984                __interrupt_handler30
                0x06020d20                __interrupt_handler184
                0x06020c1e                __interrupt_handler141
                0x06020e34                __interrupt_handler230
                0x06020e58                __interrupt_handler236
                0x06020b9a                __interrupt_handler119
                0x06020ad4                __interrupt_handler86
                0x06020b46                __interrupt_handler105
                0x06020ab6                __interrupt_handler81
                0x06020ba0                __interrupt_handler120
                0x06020bd0                __interrupt_handler128
                0x06020a14                __interrupt_handler54
                0x06020912                __interrupt_handler11
                0x06020d7a                __interrupt_handler199
                0x06020c6c                __interrupt_handler154
                0x060209de                __interrupt_handler45
                0x06020de0                __interrupt_handler216
                0x06020d92                __interrupt_handler203
                0x06020b2e                __interrupt_handler101
                0x06020ac8                __interrupt_handler84
                0x06020d26                __interrupt_handler185
                0x06020c24                __interrupt_handler142
                0x0602096c                __interrupt_handler26
                0x06020a50                __interrupt_handler64
                0x06020d80                __interrupt_handler200
                0x06020daa                __interrupt_handler207
                0x06020d5c                __interrupt_handler194
                0x06020af8                __interrupt_handler92
                0x06020c72                __interrupt_handler155
                0x06020dc2                __interrupt_handler211
                0x06020bee                __interrupt_handler133
                0x060208ee                __interrupt_handler5
                0x06020a86                __interrupt_handler73
                0x06020930                __interrupt_handler16
                0x06020e6a                __interrupt_handler239
                0x06020e4c                __interrupt_handler234
                0x060209a2                __interrupt_handler35
                0x06020a32                __interrupt_handler59
                0x06020cc6                __interrupt_handler169
                0x06020b1c                __interrupt_handler98
                0x06020a7a                __interrupt_handler71
                0x06020a02                __interrupt_handler51
                0x06020c8a                __interrupt_handler159
                0x06020e1c                __interrupt_handler226
                0x06020b10                __interrupt_handler96
                0x06020d44                __interrupt_handler190
                0x06020df8                __interrupt_handler220
                0x06020900                __interrupt_handler8
                0x06020d02                __interrupt_handler179
                0x06020eb8                __interrupt_handler252
 *fill*         0x06020ef4        0xc 00
 .text          0x06020f00     0x12a0 ../sbl6/segalib/lib/sega_spr.a(spr_2c.o)
                0x06022160                SlaveFlushDrawPrtyBlock
                0x06020f00                SPR_2Initial
                0x06021744                SPR_2SysClip
                0x060216e4                SPR_2LocalCoord
                0x06021fdc                SPR_2FlushDrawPrtyBlock
                0x06021cc8                SPR_2DistSpr
                0x060216cc                SPR_2FlushDrawPrty
                0x06021dec                SPR_2Cmd
                0x060213c8                SPR_2GourTblNoToVram
                0x06021428                SPR_2GetAreaSizeInfo
                0x06021190                SPR_2SetGourTbl
                0x0602197c                SPR_2Polygon
                0x06021404                SPR_2CharNoToVram
                0x06021110                SPR_2SetTvMode
                0x0602156c                SPR_2CloseCommand
                0x0602114c                SPR_2FrameEraseData
                0x06020f28                SPR_2Initial2
                0x06021b5c                SPR_2ScaleSpr
                0x060217ec                SPR_2Line
                0x060214b8                SPR_2OpenCommand
                0x0602112c                SPR_2FrameChgIntr
                0x06021a38                SPR_2NormSpr
                0x060211c0                SPR_2SetLookupTbl
                0x060211f4                SPR_2SetChar
                0x060213ec                SPR_2LookupTblNoToVram
                0x060218c0                SPR_2PolyLine
                0x06021360                SPR_2ClrAllChar
                0x06021314                SPR_2ClrChar
                0x06021790                SPR_2UserClip
 .text          0x060221a0      0x1e6 ../sbl6/segalib/lib/sega_spr.a(spr_slv.o)
                0x06022304                SPR_WaitEndSlaveSH
                0x060221a0                SPR_SMPC_SSHON
                0x060222e0                SPR_RunSlaveSH
                0x060221a4                SPR_InitSlaveSH
                0x0602226c                SPR_SlaveSHmain
                0x060221a1                SPR_SMPC_SSHOFF
 *fill*         0x06022386        0xa 00
 .text          0x06022390      0x36a ../sbl6/segalib/lib/sega_spr.a(spr_1c.o)
                0x06022644                SPR_WaitDrawEnd
                0x0602265c                SPR_SetEosMode
                0x06022574                SPR_SetEraseData
                0x06022390                SPR_Initial
                0x06022468                SPR_SetTvMode
                0x06022500                SPR_GetStatus
 *fill*         0x060226fa        0x6 00
 .text          0x06022700      0x244 ../sbl6/segalib/lib/sega_spr.a(spr_2a.o)
                0x06022712                sprMemCpyW
                0x06022770                flushDrawPrtyBlock
                0x06022700                sprMemCpyL
                0x06022724                SPR_2SetDrawPrty
 *fill*         0x06022944        0xc 00
 .text          0x06022950      0x2fc ../sbl6/segalib/lib/sega_scl.a(scl_vblv.o)
                0x06022a0c                SCL_DisplayFrame
                0x06022950                SCL_SetFrameInterval
                0x06022a40                SCL_VblInit
                0x06022a90                SCL_VblankStart
                0x06022ad4                SCL_VblankEnd
 *fill*         0x06022c4c        0x4 00
 .text          0x06022c50      0xb9c ../sbl6/segalib/lib/sega_scl.a(scl_func.o)
                0x0602362c                SCL_Vdp2_SGLInit
                0x0602353c                SCL_PriIntProc
                0x060234b4                SCL_Memcpyw
                0x060237cc                SCL_SglOff
                0x060237ac                SCL_SglOn
                0x06023420                SCL_ScrollShow
                0x06022ec8                SCL_Close
                0x060231c0                SCL_Scale
                0x06022c50                SCL_Vdp2Init
                0x06023034                SCL_Move
                0x060232fc                SCL_CopyReg
                0x06022ea4                SCL_Open
                0x06022cd4                SCL_ParametersInit
                0x06022ee4                SCL_MoveTo
                0x060234dc                SCL_SetColRamMode
 *fill*         0x060237ec        0x4 00
 .text          0x060237f0      0x138 ../sbl6/segalib/lib/sega_scl.a(scl_pr03.o)
                0x060237f0                SCL_FreeColRam
                0x06023828                SCL_AllocColRam
 *fill*         0x06023928        0x8 00
 .text          0x06023930       0x9c ../sbl6/segalib/lib/sega_scl.a(scl_pr02.o)
                0x06023930                SCL_SetColRam
 *fill*         0x060239cc        0x4 00
 .text          0x060239d0       0x84 ../sbl6/segalib/lib/sega_scl.a(scl_back.o)
                0x060239d0                SCL_SetBack
 *fill*         0x06023a54        0xc 00
 .text          0x06023a60      0x94c ../sbl6/segalib/lib/sega_scl.a(scl_fu03.o)
                0x06023abc                SCL_SetConfig
                0x06023a60                SCL_InitConfigTb
 *fill*         0x060243ac        0x4 00
 .text          0x060243b0      0x4f4 ../sbl6/segalib/lib/sega_scl.a(scl_fu02.o)
                0x060243e8                SCL_SetVramConfig
                0x060243b0                SCL_InitVramConfigTb
 *fill*         0x060248a4        0xc 00
 .text          0x060248b0       0x28 ../sbl6/segalib/lib/sega_scl.a(scl_fu04.o)
                0x060248b0                SCL_SetCycleTable
 *fill*         0x060248d8        0x8 00
 .text          0x060248e0      0x214 ../sbl6/segalib/lib/sega_scl.a(scl_pr07.o)
                0x060248e0                SCL_SetPriority
 *fill*         0x06024af4        0xc 00
 .text          0x06024b00       0x58 ../sbl6/segalib/lib/sega_scl.a(scl_pr01.o)
                0x06024b00                SCL_SetSpriteMode
 *fill*         0x06024b58        0x8 00
 .text          0x06024b60     0x10a4 ../sbl6/segalib/lib/sega_scl.a(scl_pri.o)
                0x06024bf4                SCL_AbortAutoVe
                0x06025aa4                SCL_SetShadowBit
                0x0602506c                SCL_AutoExec
                0x06024b60                SCL_PriorityInit
                0x06025580                SCL_IncColOffset
                0x06024c08                SCL_SetColMixRate
                0x06024bd8                SCL_GetColRamMode
 *fill*         0x06025c04        0xc 00
 .text          0x06025c10     0x1394 ../sbl6/segalib/lib/sega_scl.a(scl_ro00.o)
                0x06026dfc                SCL_RotateZD
                0x060260c4                SCL_Rotate
                0x06025d98                SCL_InitRotateTable
 *fill*         0x06026fa4        0xc 00
 .text          0x06026fb0      0x1b4 ../sbl6/segalib/lib/sega_scl.a(scl_pr06.o)
                0x06026fb0                SCL_SetColRamOffset
 *fill*         0x06027164        0xc 00
 .text          0x06027170       0xac ../sbl6/segalib/lib/sega_scl.a(scl_pr05.o)
                0x06027170                SCL_GetColRamOffset
 *fill*         0x0602721c        0x4 00
 .text          0x06027220       0xa4 ../sbl6/segalib/lib/sega_mth.a(mth_fixd.o)
                0x06027270                MTH_FixedToInt
                0x06027260                MTH_IntToFixed
                0x06027220                MTH_Mul
                0x06027280                MTH_Product
                0x06027240                MTH_Div
 *fill*         0x060272c4        0xc 00
 .text          0x060272d0      0x600 ../sbl6/segalib/lib/sega_mth.a(mth_tri.o)
                0x0602736c                fcos
                0x06027372                fsin
                0x0602731c                MTH_Cos
                0x060272d0                MTH_Sin
                0x06027510                MTH_Atan
 .text          0x060278d0      0xf50 ../sbl6/segalib/lib/sega_per.a(per_prt.o)
                0x06027cf0                PER_IntFunc
                0x06027ae8                PER_LGetPer
                0x060278d0                PER_LInit
 .text          0x06028820      0x1f4 ../sbl6/segalib/lib/sega_sat.a(DMA_SCU1.o)
                0x0602897c                DMA_ScuResult
                0x06028820                DMA_ScuInit
                0x06028870                DMA_ScuMemCopy
 *fill*         0x06028a14        0xc 00
 .text          0x06028a20      0x308 ../sbl6/segalib/lib/sega_sat.a(DMA_SCU0.o)
                0x06028aa4                DMA_ScuStart
                0x06028bd8                DMA_ScuIntFunc0
                0x06028c48                DMA_ScuIntFunc1
                0x06028cb8                DMA_ScuIntFunc2
                0x06028b98                DMA_ScuGetStatus
                0x06028a20                DMA_ScuSetPrm
 *fill*         0x06028d28        0x8 00
 .text          0x06028d30       0xe8 ../sbl6/segalib/lib/sega_sat.a(csh_main.o)
                0x06028d30                CSH_Init
                0x06028d98                CSH_AllClr
                0x06028de4                CSH_Purge
 *fill*         0x06028e18        0x8 00
 .text          0x06028e20       0xb0 c:/saturn/SH_COFF/sh-coff/bin/../lib/gcc/sh-coff/3.4-GNUSH_v0501\libgcc.a(_movstr.o)
                0x06028e60                __movstrSI16
                0x06028e34                __movstrSI60
                0x06028e40                __movstrSI48
                0x06028e3c                __movstrSI52
                0x06028e30                __movstrSI64
                0x06028e44                __movstrSI44
                0x06028e48                __movstrSI40
                0x06028e4c                __movstrSI36
                0x06028e80                __movstr
                0x06028e38                __movstrSI56
                0x06028e54                __movstrSI28
                0x06028e50                __movstrSI32
                0x06028e64                __movstrSI12
                0x06028e68                __movstrSI8
                0x06028e70                __movstrSI0
                0x06028e58                __movstrSI24
                0x06028e5c                __movstrSI20
                0x06028e6c                __movstrSI4
 .text          0x06028ed0       0x90 c:/saturn/SH_COFF/sh-coff/bin/../lib/gcc/sh-coff/3.4-GNUSH_v0501\libgcc.a(_ashiftlt.o)
                0x06028ed0                __ashlsi3
 .text          0x06028f60       0xa0 c:/saturn/SH_COFF/sh-coff/bin/../lib/gcc/sh-coff/3.4-GNUSH_v0501\libgcc.a(__main.o)
                0x06028fd4                __main
                0x06028f60                __do_global_dtors
                0x06028f94                __do_global_ctors
 .text          0x06029000       0x70 c:/saturn/SH_COFF/sh-coff/bin/../lib/gcc/sh-coff/3.4-GNUSH_v0501\libgcc.a(_udivsi3.o)
                0x06029022                __udivsi3
 .text          0x06029070       0x60 c:/saturn/SH_COFF/sh-coff/bin/../lib/gcc/sh-coff/3.4-GNUSH_v0501\libgcc.a(_ashiftrt.o)
                0x0602907c                __ashiftrt_r4_27
                0x060290b0                __ashiftrt_r4_6
                0x060290a0                __ashiftrt_r4_14
                0x06029092                __ashiftrt_r4_19
                0x060290aa                __ashiftrt_r4_9
                0x060290be                __ashiftrt_r4_0
                0x06029070                __ashiftrt_r4_31
                0x0602907e                __ashiftrt_r4_26
                0x0602908c                __ashiftrt_r4_22
                0x06029098                __ashiftrt_r4_16
                0x060290a4                __ashiftrt_r4_12
                0x06029078                __ashiftrt_r4_29
                0x06029096                __ashiftrt_r4_17
                0x06029076                __ashiftrt_r4_30
                0x060290b2                __ashiftrt_r4_5
                0x060290ac                __ashiftrt_r4_8
                0x06029070                __ashiftrt_r4_32
                0x06029080                __ashiftrt_r4_25
                0x060290b8                __ashiftrt_r4_2
                0x06029082                __ashiftrt_r4_24
                0x0602909e                __ashiftrt_r4_15
                0x060290a8                __ashiftrt_r4_10
                0x060290ba                __ashiftrt_r4_1
                0x0602907a                __ashiftrt_r4_28
                0x06029090                __ashiftrt_r4_20
                0x060290ae                __ashiftrt_r4_7
                0x060290a2                __ashiftrt_r4_13
                0x060290a6                __ashiftrt_r4_11
                0x060290b4                __ashiftrt_r4_4
                0x0602908a                __ashiftrt_r4_23
                0x06029094                __ashiftrt_r4_18
                0x0602908e                __ashiftrt_r4_21
                0x060290b6                __ashiftrt_r4_3
 .text          0x060290d0       0xb0 c:/saturn/SH_COFF/sh-coff/bin/../lib/gcc/sh-coff/3.4-GNUSH_v0501\libgcc.a(_si_to_df.o)
                0x060290d0                __floatsidf
 .text          0x06029180      0x2e0 c:/saturn/SH_COFF/sh-coff/bin/../lib/gcc/sh-coff/3.4-GNUSH_v0501\libgcc.a(_mul_df.o)
                0x06029190                __muldf3
 .text          0x06029460       0x80 c:/saturn/SH_COFF/sh-coff/bin/../lib/gcc/sh-coff/3.4-GNUSH_v0501\libgcc.a(_df_to_si.o)
                0x06029460                __fixdfsi
 .text          0x060294e0      0x220 c:/saturn/SH_COFF/sh-coff/bin/../lib/gcc/sh-coff/3.4-GNUSH_v0501\libgcc.a(_pack_df.o)
                0x060294f0                __pack_d
 .text          0x06029700      0x120 c:/saturn/SH_COFF/sh-coff/bin/../lib/gcc/sh-coff/3.4-GNUSH_v0501\libgcc.a(_unpack_df.o)
                0x06029710                __unpack_d
 .text          0x06029820       0x20 c:/saturn/SH_COFF/sh-coff/bin/../lib/gcc/sh-coff/3.4-GNUSH_v0501\libgcc.a(_thenan_df.o)
                0x06029820                __thenan_df
 .text          0x06029840       0xd0 c:/saturn/SH_COFF/sh-coff/bin/../lib/gcc/sh-coff/3.4-GNUSH_v0501\libgcc.a(_muldi3.o)
                0x06029840                __muldi3
 .text          0x06029910       0x80 c:/saturn/SH_COFF/sh-coff/bin/../lib/gcc/sh-coff/3.4-GNUSH_v0501\libgcc.a(_lshrdi3.o)
                0x06029910                __lshrdi3
 .text          0x06029990       0x80 c:/saturn/SH_COFF/sh-coff/bin/../lib/gcc/sh-coff/3.4-GNUSH_v0501\libgcc.a(_ashldi3.o)
                0x06029990                __ashldi3
 .text          0x06029a10       0x30 c:/saturn/SH_COFF/sh-coff/bin/../lib/gcc/sh-coff/3.4-GNUSH_v0501\libgcc.a(_mulsi3.o)
                0x06029a10                __mulsi3
 .text          0x06029a40       0x90 c:/saturn/SH_COFF/sh-coff/bin/../lib/gcc/sh-coff/3.4-GNUSH_v0501\libgcc.a(_lshiftrt.o)
                0x06029a40                __lshrsi3
 .text          0x06029ad0       0xa0 c:/saturn/SH_COFF/sh-coff/bin/../lib/gcc/sh-coff/3.4-GNUSH_v0501/../../../../sh-coff/lib\libc.a(memcpy.o)
                0x06029ad0                memcpy
 .text          0x06029b70       0x40 c:/saturn/SH_COFF/sh-coff/bin/../lib/gcc/sh-coff/3.4-GNUSH_v0501/../../../../sh-coff/lib\libc.a(memset.o)
                0x06029b70                memset
 .text          0x06029bb0       0x90 c:/saturn/SH_COFF/sh-coff/bin/../lib/gcc/sh-coff/3.4-GNUSH_v0501/../../../../sh-coff/lib\libc.a(atexit.o)
                0x06029bb0                atexit
 .text          0x06029c40       0x10 c:/saturn/SH_COFF/sh-coff/bin/../lib/gcc/sh-coff/3.4-GNUSH_v0501/../../../../sh-coff/lib\libc.a(impure.o)
                0x06029c40                _global_impure_ptr
 .text          0x06029c50       0x40 c:/saturn/SH_COFF/sh-coff/bin/../lib/gcc/sh-coff/3.4-GNUSH_v0501/../../../../sh-coff/lib\libc.a(malloc.o)
                0x06029c6c                free
                0x06029c50                malloc
 .text          0x06029c90      0x5b0 c:/saturn/SH_COFF/sh-coff/bin/../lib/gcc/sh-coff/3.4-GNUSH_v0501/../../../../sh-coff/lib\libc.a(mallocr.o)
                0x06029c90                _malloc_r
 .text          0x0602a240      0x340 c:/saturn/SH_COFF/sh-coff/bin/../lib/gcc/sh-coff/3.4-GNUSH_v0501/../../../../sh-coff/lib\libc.a(freer.o)
                0x0602a240                _malloc_trim_r
                0x0602a334                _free_r
 .text          0x0602a580       0x20 c:/saturn/SH_COFF/sh-coff/bin/../lib/gcc/sh-coff/3.4-GNUSH_v0501/../../../../sh-coff/lib\libc.a(mlock.o)
                0x0602a580                __malloc_lock
                0x0602a58c                __malloc_unlock
 .text          0x0602a5a0       0x50 c:/saturn/SH_COFF/sh-coff/bin/../lib/gcc/sh-coff/3.4-GNUSH_v0501/../../../../sh-coff/lib\libc.a(sbrkr.o)
                0x0602a5a0                _sbrk_r
 .text          0x0602a5f0      0x380 c:/saturn/SH_COFF/sh-coff/bin/../lib/gcc/sh-coff/3.4-GNUSH_v0501/../../../../sh-coff/lib\libc.a(syscalls.o)
                0x0602a75c                _exit
                0x0602a790                _getpid
                0x0602a7f8                _utime
                0x0602a628                _write
                0x0602a5f0                _read
                0x0602a744                _unlink
                0x0602a70c                _open
                0x0602a7a8                _stat
                0x0602a750                isatty
                0x0602a828                _wait
                0x0602a774                _kill
                0x0602a7c4                _chmod
                0x0602a858                _execv
                0x0602a83c                _execve
                0x0602a934                __setup_argv_and_call_main
                0x0602a890                _gettimeofday
                0x0602a65c                _link
                0x0602a79c                _raise
                0x0602a728                _creat
                0x0602a870                _pipe
                0x0602a7dc                _chown
                0x0602a60c                _lseek
                0x0602a644                _close
                0x0602a884                _times
                0x0602a6f8                _fstat
                0x0602a814                _fork
                0x0602a684                _sbrk
 .text          0x0602a970       0x20 c:/saturn/SH_COFF/sh-coff/bin/../lib/gcc/sh-coff/3.4-GNUSH_v0501/../../../../sh-coff/lib\libc.a(trap.o)
                0x0602a970                __trap34
 .text          0x0602a990       0x20 c:/saturn/SH_COFF/sh-coff/bin/../lib/gcc/sh-coff/3.4-GNUSH_v0501/../../../../sh-coff/lib\libc.a(abort.o)
                0x0602a990                abort
 .text          0x0602a9b0      0x270 c:/saturn/SH_COFF/sh-coff/bin/../lib/gcc/sh-coff/3.4-GNUSH_v0501/../../../../sh-coff/lib\libc.a(signal.o)
                0x0602aa70                _raise_r
                0x0602abf8                __sigtramp
                0x0602aba4                raise
                0x0602abe0                _init_signal
                0x0602ab30                __sigtramp_r
                0x0602abc0                signal
                0x0602a9fc                _signal_r
                0x0602a9b0                _init_signal_r
 .text          0x0602ac20       0x60 c:/saturn/SH_COFF/sh-coff/bin/../lib/gcc/sh-coff/3.4-GNUSH_v0501/../../../../sh-coff/lib\libc.a(signalr.o)
                0x0602ac68                _getpid_r
                0x0602ac20                _kill_r
 *(.strings)

.tors           0x0602ac80        0x0
                0x0602ac80                ___ctors = .
 *(.ctors)
                0x0602ac80                ___ctors_end = .
                0x0602ac80                ___dtors = .
 *(.dtors)
                0x0602ac80                ___dtors_end = .

.data           0x0602ac80     0x1120
                0x0602ac80                STARTOF_R = .
 *(.data)
 .data          0x0602ac80      0x400 ../sbl6/segasmp/per/smpclib/per_x1.o
 .data          0x0602b080       0x50 graphics.o
                0x0602b080                tiles
 .data          0x0602b0d0       0x30 scroll.o
                0x0602b0d0                CycleTb
                0x0602b0e0                vram
                0x0602b0f0                tilemaps
 .data          0x0602b100       0x30 main.o
 .data          0x0602b130      0x400 ../sbl6/segalib/lib/sega_int.a(int.o)
 .data          0x0602b530       0x1c ../sbl6/segalib/lib/sega_spr.a(spr_slv.o)
                0x0602b538                SPR_SlaveParam
                0x0602b548                SPR_SMPC_SF
                0x0602b540                SPR_SMPC_COM
                0x0602b53c                SPR_SlaveSHEntry
                0x0602b534                SPR_SlaveState
                0x0602b530                SPR_SlaveCommand
                0x0602b544                SPR_SMPC_RET
 *fill*         0x0602b54c        0x4 00
 .data          0x0602b550       0x34 ../sbl6/segalib/lib/sega_spr.a(spr_1c.o)
                0x0602b550                SpInitialFlag
 *fill*         0x0602b584        0xc 00
 .data          0x0602b590       0x1c ../sbl6/segalib/lib/sega_scl.a(scl_vblv.o)
                0x0602b598                VBInterval
                0x0602b5a0                ReqDisplayFlag
                0x0602b590                SpFrameChgMode
                0x0602b59c                VBIntervalCounter
                0x0602b594                SpFrameEraseMode
 *fill*         0x0602b5ac        0x4 00
 .data          0x0602b5b0       0x36 ../sbl6/segalib/lib/sega_scl.a(scl_func.o)
                0x0602b5c0                SclRotregBuff
                0x0602b5bc                SclDisplayY
                0x0602b5c4                SclRotateTableMode
                0x0602b5b8                SclProcess
                0x0602b5b4                SclCurSclNum
                0x0602b5b0                SclLengthLsTbl
                0x0602b5ba                SclDisplayX
                0x0602b5b2                SclLengthCsTbl
 *fill*         0x0602b5e6        0xa 00
 .data          0x0602b5f0       0x18 ../sbl6/segalib/lib/sega_scl.a(scl_pri.o)
                0x0602b5f4                SclRealSpPriNum
                0x0602b604                SclRealColOffset
                0x0602b600                SclRealBgColMix
                0x0602b5fc                SclRealSpColMix
                0x0602b5f8                SclRealBgPriNum
                0x0602b5f0                SclRealOtherPri
 *fill*         0x0602b608        0x8 00
 .data          0x0602b610      0x380 c:/saturn/SH_COFF/sh-coff/bin/../lib/gcc/sh-coff/3.4-GNUSH_v0501/../../../../sh-coff/lib\libc.a(impure.o)
                0x0602b98c                _impure_ptr
 .data          0x0602b990      0x410 c:/saturn/SH_COFF/sh-coff/bin/../lib/gcc/sh-coff/3.4-GNUSH_v0501/../../../../sh-coff/lib\libc.a(mallocr.o)
                0x0602b998                __malloc_av_
                0x0602b994                __malloc_trim_threshold
                0x0602b990                __malloc_sbrk_base
                0x0602bda0                SIZEOF_R = (. - STARTOF_R)
                0x0602bda0                ENDOF_R = .

.bss            0x0602bda0     0x73e4
                0x0602bda0                STARTOF_B = .
 *(.bss)
 .bss           0x0602bda0       0x10 vblank.o
                0x0602bda4                PadData2E
                0x0602bdaa                PadData1
                0x0602bda6                PadData2
                0x0602bda8                PadData1E
                0x0602bda0                __port
 .bss           0x0602bdb0       0xd0 ../sbl6/segasmp/per/smpclib/per_x2.o
 .bss           0x0602be80       0x10 player.o
                0x0602be80                anim_cursor
 .bss           0x0602be90       0x10 sprite.o
                0x0602be90                num_sprites
 .bss           0x0602bea0       0x70 scroll.o
                0x0602bea0                transition_state
                0x0602bec8                map_tiles_x
                0x0602bed8                scrolls_y
                0x0602beb8                map_tiles_y
                0x0602bea8                copy_modes
                0x0602bee8                scrolls_x
                0x0602bea4                curr_map
 .bss           0x0602bf10     0x3430 main.o
 .bss           0x0602f340       0x6e ../sbl6/segalib/lib/sega_spr.a(spr_2c.o)
 *fill*         0x0602f3ae        0x2 00
 .bss           0x0602f3b0        0x4 ../sbl6/segalib/lib/sega_scl.a(scl_vblv.o)
 *fill*         0x0602f3b4        0xc 00
 .bss           0x0602f3c0        0x4 ../sbl6/segalib/lib/sega_scl.a(scl_func.o)
 *fill*         0x0602f3c4        0xc 00
 .bss           0x0602f3d0       0x48 ../sbl6/segalib/lib/sega_scl.a(scl_ro00.o)
 *fill*         0x0602f418        0x8 00
 .bss           0x0602f420       0x9c ../sbl6/segalib/lib/sega_per.a(per_prt.o)
 *fill*         0x0602f4bc        0x4 00
 .bss           0x0602f4c0        0xc ../sbl6/segalib/lib/sega_sat.a(DMA_SCU1.o)
 *fill*         0x0602f4cc        0x4 00
 .bss           0x0602f4d0       0x20 ../sbl6/segalib/lib/sega_sat.a(DMA_SCU0.o)
 .bss           0x0602f4f0       0x10 c:/saturn/SH_COFF/sh-coff/bin/../lib/gcc/sh-coff/3.4-GNUSH_v0501\libgcc.a(__main.o)
 .bss           0x0602f500       0x10 c:/saturn/SH_COFF/sh-coff/bin/../lib/gcc/sh-coff/3.4-GNUSH_v0501/../../../../sh-coff/lib\libc.a(atexit.o)
 .bss           0x0602f510       0x40 c:/saturn/SH_COFF/sh-coff/bin/../lib/gcc/sh-coff/3.4-GNUSH_v0501/../../../../sh-coff/lib\libc.a(mallocr.o)
                0x0602f540                __malloc_top_pad
                0x0602f510                __malloc_current_mallinfo
                0x0602f53c                __malloc_max_sbrked_mem
                0x0602f538                __malloc_max_total_mem
 .bss           0x0602f550       0x10 c:/saturn/SH_COFF/sh-coff/bin/../lib/gcc/sh-coff/3.4-GNUSH_v0501/../../../../sh-coff/lib\libc.a(syscalls.o)
 *(COMMON)
 COMMON         0x0602f560     0x1c20 collision.o
                                  0x0 (size before relaxing)
                0x0602f560                sprites
 COMMON         0x06031180       0x24 player.o
                                  0x0 (size before relaxing)
                0x06031180                player
 *fill*         0x060311a4        0xc 00
 COMMON         0x060311b0      0x460 print.o
                                  0x0 (size before relaxing)
                0x060311b0                text
 COMMON         0x06031610      0x12c scroll.o
                                  0x0 (size before relaxing)
                0x06031610                scfg0
                0x060316a0                maps
                0x060316b0                scfg1
 *fill*         0x0603173c        0x4 00
 COMMON         0x06031740      0x400 ../sbl6/segalib/lib/sega_int.a(int.o)
                                  0x0 (size before relaxing)
                0x06031740                __interrupt_vector
 COMMON         0x06031b40       0x50 ../sbl6/segalib/lib/sega_spr.a(spr_2c.o)
                                  0x0 (size before relaxing)
                0x06031b40                SpMstCmd
                0x06031b44                Sp2OpenFlag
                0x06031b48                SpGourTblMax
                0x06031b4c                SpDrawPrtyBlk
                0x06031b50                SpLCoordX
                0x06031b54                SpMstDrawPrtyBlk
                0x06031b58                SpGourTbl
                0x06031b5c                SpLookupTblR
                0x06031b60                SpCmdTbl
                0x06031b64                SpCharMax
                0x06031b68                SpDrawPrtyProcFlag
                0x06031b6c                SpCmdNo
                0x06031b70                SpDrawPrtyBlkMax
                0x06031b74                SpSlvCmdPos
                0x06031b78                SpSlvDrawPrtyBlk
                0x06031b7c                SpCharTbl
                0x06031b80                SpCmdTblR
                0x06031b84                SpMstCmdPos
                0x06031b88                SpSlvCmd
                0x06031b8c                SpLCoordY
 COMMON         0x06031b90       0x10 ../sbl6/segalib/lib/sega_spr.a(spr_1c.o)
                                  0x0 (size before relaxing)
                0x06031b90                SpScreenY
                0x06031b94                SpFbcrMode
                0x06031b96                SpDil
                0x06031b98                SpDie
                0x06031b9a                SpTvMode
                0x06031b9c                SpScreenX
 COMMON         0x06031ba0      0xf00 ../sbl6/segalib/lib/sega_scl.a(scl_func.o)
                                  0x0 (size before relaxing)
                0x06031ba0                SclRbgKtbAddr
                0x06031ba8                SclRb
                0x06031baa                Scl_flag
                0x06031bb0                SclK_TableBuff
                0x06032880                SclAddrCsTbl
                0x06032890                Scl_s_reg
                0x060328b8                SclRotateXy
                0x060328c0                Scl_d_reg
                0x06032908                SclRotateDisp
                0x06032910                SclRotateMoveZ
                0x06032918                SclRotXySw
                0x06032920                Scl_r_reg
                0x06032930                SclRPMD
                0x06032938                SclRbgKtbOffset
                0x06032940                _SclRotregBuff
                0x06032a10                SclRa
                0x06032a18                SclRotateZ
                0x06032a20                SclAddrLsTbl
                0x06032a28                SclK_TableNum
                0x06032a30                SclRotateTableAddress
                0x06032a34                SclK_TableFlag
                0x06032a40                Scl_w_reg
                0x06032a60                Scl_n_reg
 COMMON         0x06032aa0      0x6b0 ../sbl6/segalib/lib/sega_scl.a(scl_pri.o)
                                  0x0 (size before relaxing)
                0x06032aa0                SclAutoEndBlue2
                0x06032ab0                SclColOffset
                0x06032ac0                SclPriBuffDirty
                0x06032ac2                SclAutoEndRed
                0x06032ac4                SclAutoSurface
                0x06032ac8                SclAutoGreen
                0x06032aca                SclAutoEndGreen
                0x06032acc                SclAutoCount
                0x06032ad0                SclColRamAlloc256
                0x06032af0                SclAutoCurRate
                0x06032af1                SclAutoPlusFlag
                0x06032af8                SclSpColMix
                0x06032b00                SclAutoMax
                0x06032b04                SclLineColRamOffset
                0x06032b08                SclColRamAlloc2048
                0x06032b0c                SclBgPriNum
                0x06032b12                SclAutoEndBlue
                0x06032b14                SclAutoEndGreen2
                0x06032b16                SclAutoVeFlag
                0x06032b18                SclBgColMix
                0x06032b20                SclAutoIndex
                0x06032b24                SclAutoEndRate
                0x06032b26                SclAutoBlue
                0x06032b28                SclAutoRed
                0x06032b2c                SclAutoInterval
                0x06032b30                SclOtherPri
                0x06032b40                SclAutoRGB
                0x06033140                SclAutoEndRed2
                0x06033148                SclSpPriNum
 COMMON         0x06033150       0x10 ../sbl6/segalib/lib/sega_scl.a(scl_ro00.o)
                                  0x0 (size before relaxing)
                0x06033150                SclCsx
                0x06033158                SclCsy
 COMMON         0x06033160       0x15 ../sbl6/segalib/lib/sega_per.a(per_prt.o)
                                  0x0 (size before relaxing)
                0x06033160                per_get_time_flg
                0x06033161                per_hot_res
                0x06033162                per_set_sys_flg
                0x06033164                per_get_time_adr
                0x06033168                per_get_sys_data
                0x06033174                per_time_out_flg
 *fill*         0x06033175        0xb 00
 COMMON         0x06033180        0x4 c:/saturn/SH_COFF/sh-coff/bin/../lib/gcc/sh-coff/3.4-GNUSH_v0501/../../../../sh-coff/lib\libc.a(syscalls.o)
                                  0x0 (size before relaxing)
                0x06033180                errno
                0x06033184                SIZEOF_B = (. - STARTOF_B)
                0x06033184                ENDOF_B = .
                0x06033184                _end = .
OUTPUT(main.cof coff-sh)

.comment        0x06033190      0x400
 .comment       0x06033190       0x20 ../sbl6/segasmp/lib/strt2_g.o
 .comment       0x060331b0       0x20 vblank.o
 .comment       0x060331d0       0x20 ../sbl6/segasmp/per/smpclib/per_x1.o
 .comment       0x060331f0       0x20 ../sbl6/segasmp/per/smpclib/per_x2.o
 .comment       0x06033210       0x20 collision.o
 .comment       0x06033230       0x20 graphics.o
 .comment       0x06033250       0x20 player.o
 .comment       0x06033270       0x20 print.o
 .comment       0x06033290       0x20 sprite.o
 .comment       0x060332b0       0x20 scroll.o
 .comment       0x060332d0       0x20 main.o
 .comment       0x060332f0       0x20 c:/saturn/SH_COFF/sh-coff/bin/../lib/gcc/sh-coff/3.4-GNUSH_v0501\libgcc.a(__main.o)
 .comment       0x06033310       0x20 c:/saturn/SH_COFF/sh-coff/bin/../lib/gcc/sh-coff/3.4-GNUSH_v0501\libgcc.a(_si_to_df.o)
 .comment       0x06033330       0x20 c:/saturn/SH_COFF/sh-coff/bin/../lib/gcc/sh-coff/3.4-GNUSH_v0501\libgcc.a(_mul_df.o)
 .comment       0x06033350       0x20 c:/saturn/SH_COFF/sh-coff/bin/../lib/gcc/sh-coff/3.4-GNUSH_v0501\libgcc.a(_df_to_si.o)
 .comment       0x06033370       0x20 c:/saturn/SH_COFF/sh-coff/bin/../lib/gcc/sh-coff/3.4-GNUSH_v0501\libgcc.a(_pack_df.o)
 .comment       0x06033390       0x20 c:/saturn/SH_COFF/sh-coff/bin/../lib/gcc/sh-coff/3.4-GNUSH_v0501\libgcc.a(_unpack_df.o)
 .comment       0x060333b0       0x20 c:/saturn/SH_COFF/sh-coff/bin/../lib/gcc/sh-coff/3.4-GNUSH_v0501\libgcc.a(_thenan_df.o)
 .comment       0x060333d0       0x20 c:/saturn/SH_COFF/sh-coff/bin/../lib/gcc/sh-coff/3.4-GNUSH_v0501\libgcc.a(_muldi3.o)
 .comment       0x060333f0       0x20 c:/saturn/SH_COFF/sh-coff/bin/../lib/gcc/sh-coff/3.4-GNUSH_v0501\libgcc.a(_lshrdi3.o)
 .comment       0x06033410       0x20 c:/saturn/SH_COFF/sh-coff/bin/../lib/gcc/sh-coff/3.4-GNUSH_v0501\libgcc.a(_ashldi3.o)
 .comment       0x06033430       0x20 c:/saturn/SH_COFF/sh-coff/bin/../lib/gcc/sh-coff/3.4-GNUSH_v0501/../../../../sh-coff/lib\libc.a(atexit.o)
 .comment       0x06033450       0x20 c:/saturn/SH_COFF/sh-coff/bin/../lib/gcc/sh-coff/3.4-GNUSH_v0501/../../../../sh-coff/lib\libc.a(impure.o)
 .comment       0x06033470       0x20 c:/saturn/SH_COFF/sh-coff/bin/../lib/gcc/sh-coff/3.4-GNUSH_v0501/../../../../sh-coff/lib\libc.a(malloc.o)
 .comment       0x06033490       0x20 c:/saturn/SH_COFF/sh-coff/bin/../lib/gcc/sh-coff/3.4-GNUSH_v0501/../../../../sh-coff/lib\libc.a(mallocr.o)
 .comment       0x060334b0       0x20 c:/saturn/SH_COFF/sh-coff/bin/../lib/gcc/sh-coff/3.4-GNUSH_v0501/../../../../sh-coff/lib\libc.a(freer.o)
 .comment       0x060334d0       0x20 c:/saturn/SH_COFF/sh-coff/bin/../lib/gcc/sh-coff/3.4-GNUSH_v0501/../../../../sh-coff/lib\libc.a(mlock.o)
 .comment       0x060334f0       0x20 c:/saturn/SH_COFF/sh-coff/bin/../lib/gcc/sh-coff/3.4-GNUSH_v0501/../../../../sh-coff/lib\libc.a(sbrkr.o)
 .comment       0x06033510       0x20 c:/saturn/SH_COFF/sh-coff/bin/../lib/gcc/sh-coff/3.4-GNUSH_v0501/../../../../sh-coff/lib\libc.a(syscalls.o)
 .comment       0x06033530       0x20 c:/saturn/SH_COFF/sh-coff/bin/../lib/gcc/sh-coff/3.4-GNUSH_v0501/../../../../sh-coff/lib\libc.a(abort.o)
 .comment       0x06033550       0x20 c:/saturn/SH_COFF/sh-coff/bin/../lib/gcc/sh-coff/3.4-GNUSH_v0501/../../../../sh-coff/lib\libc.a(signal.o)
 .comment       0x06033570       0x20 c:/saturn/SH_COFF/sh-coff/bin/../lib/gcc/sh-coff/3.4-GNUSH_v0501/../../../../sh-coff/lib\libc.a(signalr.o)
