Archive member included because of file (symbol)

../sbl6/segalib/lib/sega_int.a(int.o)
                              vblank.o (INT_SetScuFunc)
../sbl6/segalib/lib/sega_int.a(int_trmp.o)
                              ../sbl6/segalib/lib/sega_int.a(int.o) (__interrupt_handler0)
../sbl6/segalib/lib/sega_spr.a(spr_2c.o)
                              main.o (SPR_2Initial)
../sbl6/segalib/lib/sega_spr.a(spr_slv.o)
                              ../sbl6/segalib/lib/sega_spr.a(spr_2c.o) (SPR_InitSlaveSH)
../sbl6/segalib/lib/sega_spr.a(spr_1c.o)
                              ../sbl6/segalib/lib/sega_spr.a(spr_2c.o) (SPR_Initial)
../sbl6/segalib/lib/sega_spr.a(spr_2a.o)
                              ../sbl6/segalib/lib/sega_spr.a(spr_2c.o) (SPR_2SetDrawPrty)
../sbl6/segalib/lib/sega_scl.a(scl_vblv.o)
                              ../sbl6/segalib/lib/sega_spr.a(spr_1c.o) (SpFrameChgMode)
../sbl6/segalib/lib/sega_scl.a(scl_func.o)
                              main.o (SCL_Vdp2Init)
../sbl6/segalib/lib/sega_scl.a(scl_pr03.o)
                              scroll.o (SCL_AllocColRam)
../sbl6/segalib/lib/sega_scl.a(scl_pr02.o)
                              scroll.o (SCL_SetColRam)
../sbl6/segalib/lib/sega_scl.a(scl_back.o)
                              scroll.o (SCL_SetBack)
../sbl6/segalib/lib/sega_scl.a(scl_fu03.o)
                              scroll.o (SCL_InitConfigTb)
../sbl6/segalib/lib/sega_scl.a(scl_fu02.o)
                              scroll.o (SCL_InitVramConfigTb)
../sbl6/segalib/lib/sega_scl.a(scl_fu04.o)
                              scroll.o (SCL_SetCycleTable)
../sbl6/segalib/lib/sega_scl.a(scl_pr07.o)
                              main.o (SCL_SetPriority)
../sbl6/segalib/lib/sega_scl.a(scl_pr01.o)
                              main.o (SCL_SetSpriteMode)
../sbl6/segalib/lib/sega_scl.a(scl_pri.o)
                              ../sbl6/segalib/lib/sega_scl.a(scl_func.o) (SclRealOtherPri)
../sbl6/segalib/lib/sega_scl.a(scl_ro00.o)
                              ../sbl6/segalib/lib/sega_scl.a(scl_func.o) (SCL_Rotate)
../sbl6/segalib/lib/sega_scl.a(scl_pr06.o)
                              ../sbl6/segalib/lib/sega_scl.a(scl_pr03.o) (SCL_SetColRamOffset)
../sbl6/segalib/lib/sega_scl.a(scl_pr05.o)
                              ../sbl6/segalib/lib/sega_scl.a(scl_pr02.o) (SCL_GetColRamOffset)
../sbl6/segalib/lib/sega_mth.a(mth_fixd.o)
                              sprite.o (MTH_Mul)
../sbl6/segalib/lib/sega_mth.a(mth_tri.o)
                              sprite.o (MTH_Sin)
../sbl6/segalib/lib/sega_per.a(per_prt.o)
                              ../sbl6/segasmp/per/smpclib/per_x2.o (PER_LInit)
../sbl6/segalib/lib/sega_sat.a(DMA_SCU1.o)
                              ../sbl6/segalib/lib/sega_spr.a(spr_2c.o) (DMA_ScuMemCopy)
../sbl6/segalib/lib/sega_sat.a(DMA_SCU0.o)
                              ../sbl6/segalib/lib/sega_sat.a(DMA_SCU1.o) (DMA_ScuSetPrm)
../sbl6/segalib/lib/sega_sat.a(csh_main.o)
                              ../sbl6/segalib/lib/sega_sat.a(DMA_SCU1.o) (CSH_Purge)
c:/saturn/SH_COFF/sh-coff/bin/../lib/gcc/sh-coff/3.4-GNUSH_v0501\libgcc.a(_ashiftlt.o)
                              scroll.o (__ashlsi3)
c:/saturn/SH_COFF/sh-coff/bin/../lib/gcc/sh-coff/3.4-GNUSH_v0501\libgcc.a(__main.o)
                              main.o (__main)
c:/saturn/SH_COFF/sh-coff/bin/../lib/gcc/sh-coff/3.4-GNUSH_v0501\libgcc.a(_udivsi3.o)
                              ../sbl6/segalib/lib/sega_scl.a(scl_fu03.o) (__udivsi3)
c:/saturn/SH_COFF/sh-coff/bin/../lib/gcc/sh-coff/3.4-GNUSH_v0501\libgcc.a(_ashiftrt.o)
                              ../sbl6/segalib/lib/sega_scl.a(scl_ro00.o) (__ashiftrt_r4_6)
c:/saturn/SH_COFF/sh-coff/bin/../lib/gcc/sh-coff/3.4-GNUSH_v0501\libgcc.a(_si_to_df.o)
                              ../sbl6/segalib/lib/sega_scl.a(scl_ro00.o) (__floatsidf)
c:/saturn/SH_COFF/sh-coff/bin/../lib/gcc/sh-coff/3.4-GNUSH_v0501\libgcc.a(_mul_df.o)
                              ../sbl6/segalib/lib/sega_scl.a(scl_ro00.o) (__muldf3)
c:/saturn/SH_COFF/sh-coff/bin/../lib/gcc/sh-coff/3.4-GNUSH_v0501\libgcc.a(_df_to_si.o)
                              ../sbl6/segalib/lib/sega_scl.a(scl_ro00.o) (__fixdfsi)
c:/saturn/SH_COFF/sh-coff/bin/../lib/gcc/sh-coff/3.4-GNUSH_v0501\libgcc.a(_pack_df.o)
                              c:/saturn/SH_COFF/sh-coff/bin/../lib/gcc/sh-coff/3.4-GNUSH_v0501\libgcc.a(_si_to_df.o) (__pack_d)
c:/saturn/SH_COFF/sh-coff/bin/../lib/gcc/sh-coff/3.4-GNUSH_v0501\libgcc.a(_unpack_df.o)
                              c:/saturn/SH_COFF/sh-coff/bin/../lib/gcc/sh-coff/3.4-GNUSH_v0501\libgcc.a(_mul_df.o) (__unpack_d)
c:/saturn/SH_COFF/sh-coff/bin/../lib/gcc/sh-coff/3.4-GNUSH_v0501\libgcc.a(_thenan_df.o)
                              c:/saturn/SH_COFF/sh-coff/bin/../lib/gcc/sh-coff/3.4-GNUSH_v0501\libgcc.a(_mul_df.o) (__thenan_df)
c:/saturn/SH_COFF/sh-coff/bin/../lib/gcc/sh-coff/3.4-GNUSH_v0501\libgcc.a(_muldi3.o)
                              c:/saturn/SH_COFF/sh-coff/bin/../lib/gcc/sh-coff/3.4-GNUSH_v0501\libgcc.a(_mul_df.o) (__muldi3)
c:/saturn/SH_COFF/sh-coff/bin/../lib/gcc/sh-coff/3.4-GNUSH_v0501\libgcc.a(_lshrdi3.o)
                              c:/saturn/SH_COFF/sh-coff/bin/../lib/gcc/sh-coff/3.4-GNUSH_v0501\libgcc.a(_df_to_si.o) (__lshrdi3)
c:/saturn/SH_COFF/sh-coff/bin/../lib/gcc/sh-coff/3.4-GNUSH_v0501\libgcc.a(_ashldi3.o)
                              c:/saturn/SH_COFF/sh-coff/bin/../lib/gcc/sh-coff/3.4-GNUSH_v0501\libgcc.a(_pack_df.o) (__ashldi3)
c:/saturn/SH_COFF/sh-coff/bin/../lib/gcc/sh-coff/3.4-GNUSH_v0501\libgcc.a(_mulsi3.o)
                              c:/saturn/SH_COFF/sh-coff/bin/../lib/gcc/sh-coff/3.4-GNUSH_v0501\libgcc.a(_muldi3.o) (__mulsi3)
c:/saturn/SH_COFF/sh-coff/bin/../lib/gcc/sh-coff/3.4-GNUSH_v0501\libgcc.a(_lshiftrt.o)
                              c:/saturn/SH_COFF/sh-coff/bin/../lib/gcc/sh-coff/3.4-GNUSH_v0501\libgcc.a(_lshrdi3.o) (__lshrsi3)
c:/saturn/SH_COFF/sh-coff/bin/../lib/gcc/sh-coff/3.4-GNUSH_v0501/../../../../sh-coff/lib\libc.a(memcpy.o)
                              scroll.o (memcpy)
c:/saturn/SH_COFF/sh-coff/bin/../lib/gcc/sh-coff/3.4-GNUSH_v0501/../../../../sh-coff/lib\libc.a(memset.o)
                              ../sbl6/segalib/lib/sega_spr.a(spr_2c.o) (memset)
c:/saturn/SH_COFF/sh-coff/bin/../lib/gcc/sh-coff/3.4-GNUSH_v0501/../../../../sh-coff/lib\libc.a(atexit.o)
                              c:/saturn/SH_COFF/sh-coff/bin/../lib/gcc/sh-coff/3.4-GNUSH_v0501\libgcc.a(__main.o) (atexit)
c:/saturn/SH_COFF/sh-coff/bin/../lib/gcc/sh-coff/3.4-GNUSH_v0501/../../../../sh-coff/lib\libc.a(impure.o)
                              c:/saturn/SH_COFF/sh-coff/bin/../lib/gcc/sh-coff/3.4-GNUSH_v0501/../../../../sh-coff/lib\libc.a(atexit.o) (_impure_ptr)
c:/saturn/SH_COFF/sh-coff/bin/../lib/gcc/sh-coff/3.4-GNUSH_v0501/../../../../sh-coff/lib\libc.a(malloc.o)
                              c:/saturn/SH_COFF/sh-coff/bin/../lib/gcc/sh-coff/3.4-GNUSH_v0501/../../../../sh-coff/lib\libc.a(atexit.o) (malloc)
c:/saturn/SH_COFF/sh-coff/bin/../lib/gcc/sh-coff/3.4-GNUSH_v0501/../../../../sh-coff/lib\libc.a(mallocr.o)
                              c:/saturn/SH_COFF/sh-coff/bin/../lib/gcc/sh-coff/3.4-GNUSH_v0501/../../../../sh-coff/lib\libc.a(malloc.o) (_malloc_r)
c:/saturn/SH_COFF/sh-coff/bin/../lib/gcc/sh-coff/3.4-GNUSH_v0501/../../../../sh-coff/lib\libc.a(freer.o)
                              c:/saturn/SH_COFF/sh-coff/bin/../lib/gcc/sh-coff/3.4-GNUSH_v0501/../../../../sh-coff/lib\libc.a(malloc.o) (_free_r)
c:/saturn/SH_COFF/sh-coff/bin/../lib/gcc/sh-coff/3.4-GNUSH_v0501/../../../../sh-coff/lib\libc.a(mlock.o)
                              c:/saturn/SH_COFF/sh-coff/bin/../lib/gcc/sh-coff/3.4-GNUSH_v0501/../../../../sh-coff/lib\libc.a(mallocr.o) (__malloc_lock)
c:/saturn/SH_COFF/sh-coff/bin/../lib/gcc/sh-coff/3.4-GNUSH_v0501/../../../../sh-coff/lib\libc.a(sbrkr.o)
                              c:/saturn/SH_COFF/sh-coff/bin/../lib/gcc/sh-coff/3.4-GNUSH_v0501/../../../../sh-coff/lib\libc.a(mallocr.o) (_sbrk_r)
c:/saturn/SH_COFF/sh-coff/bin/../lib/gcc/sh-coff/3.4-GNUSH_v0501/../../../../sh-coff/lib\libc.a(syscalls.o)
                              c:/saturn/SH_COFF/sh-coff/bin/../lib/gcc/sh-coff/3.4-GNUSH_v0501/../../../../sh-coff/lib\libc.a(sbrkr.o) (_sbrk)
c:/saturn/SH_COFF/sh-coff/bin/../lib/gcc/sh-coff/3.4-GNUSH_v0501/../../../../sh-coff/lib\libc.a(trap.o)
                              c:/saturn/SH_COFF/sh-coff/bin/../lib/gcc/sh-coff/3.4-GNUSH_v0501/../../../../sh-coff/lib\libc.a(syscalls.o) (__trap34)
c:/saturn/SH_COFF/sh-coff/bin/../lib/gcc/sh-coff/3.4-GNUSH_v0501/../../../../sh-coff/lib\libc.a(abort.o)
                              c:/saturn/SH_COFF/sh-coff/bin/../lib/gcc/sh-coff/3.4-GNUSH_v0501/../../../../sh-coff/lib\libc.a(syscalls.o) (abort)
c:/saturn/SH_COFF/sh-coff/bin/../lib/gcc/sh-coff/3.4-GNUSH_v0501/../../../../sh-coff/lib\libc.a(signal.o)
                              c:/saturn/SH_COFF/sh-coff/bin/../lib/gcc/sh-coff/3.4-GNUSH_v0501/../../../../sh-coff/lib\libc.a(abort.o) (raise)
c:/saturn/SH_COFF/sh-coff/bin/../lib/gcc/sh-coff/3.4-GNUSH_v0501/../../../../sh-coff/lib\libc.a(signalr.o)
                              c:/saturn/SH_COFF/sh-coff/bin/../lib/gcc/sh-coff/3.4-GNUSH_v0501/../../../../sh-coff/lib\libc.a(signal.o) (_kill_r)

Allocating common symbols
Common symbol       size              file

SclRbgKtbAddr       0x8               ../sbl6/segalib/lib/sega_scl.a(scl_func.o)
sprites             0x1900            sprite.o
SpMstCmd            0x4               ../sbl6/segalib/lib/sega_spr.a(spr_2c.o)
SclRb               0x1               ../sbl6/segalib/lib/sega_scl.a(scl_func.o)
Scl_flag            0x2               ../sbl6/segalib/lib/sega_scl.a(scl_func.o)
per_get_time_flg    0x1               ../sbl6/segalib/lib/sega_per.a(per_prt.o)
SpScreenY           0x4               ../sbl6/segalib/lib/sega_spr.a(spr_1c.o)
SclK_TableBuff      0xcd0             ../sbl6/segalib/lib/sega_scl.a(scl_func.o)
SclAutoEndBlue2     0x2               ../sbl6/segalib/lib/sega_scl.a(scl_pri.o)
SpFbcrMode          0x2               ../sbl6/segalib/lib/sega_spr.a(spr_1c.o)
Sp2OpenFlag         0x4               ../sbl6/segalib/lib/sega_spr.a(spr_2c.o)
SclColOffset        0x10              ../sbl6/segalib/lib/sega_scl.a(scl_pri.o)
SclAddrCsTbl        0x8               ../sbl6/segalib/lib/sega_scl.a(scl_func.o)
SclPriBuffDirty     0x1               ../sbl6/segalib/lib/sega_scl.a(scl_pri.o)
SclAutoEndRed       0x2               ../sbl6/segalib/lib/sega_scl.a(scl_pri.o)
player              0x20              player.o
SclAutoSurface      0x4               ../sbl6/segalib/lib/sega_scl.a(scl_pri.o)
__interrupt_vector  0x400             ../sbl6/segalib/lib/sega_int.a(int.o)
per_hot_res         0x1               ../sbl6/segalib/lib/sega_per.a(per_prt.o)
SclCsx              0x8               ../sbl6/segalib/lib/sega_scl.a(scl_ro00.o)
Scl_s_reg           0x28              ../sbl6/segalib/lib/sega_scl.a(scl_func.o)
SclAutoGreen        0x2               ../sbl6/segalib/lib/sega_scl.a(scl_pri.o)
SclAutoEndGreen     0x2               ../sbl6/segalib/lib/sega_scl.a(scl_pri.o)
SclAutoCount        0x4               ../sbl6/segalib/lib/sega_scl.a(scl_pri.o)
SpGourTblMax        0x4               ../sbl6/segalib/lib/sega_spr.a(spr_2c.o)
SclColRamAlloc256   0x20              ../sbl6/segalib/lib/sega_scl.a(scl_pri.o)
SclRotateXy         0x8               ../sbl6/segalib/lib/sega_scl.a(scl_func.o)
SpDrawPrtyBlk       0x4               ../sbl6/segalib/lib/sega_spr.a(spr_2c.o)
SclAutoCurRate      0x1               ../sbl6/segalib/lib/sega_scl.a(scl_pri.o)
SpLCoordX           0x4               ../sbl6/segalib/lib/sega_spr.a(spr_2c.o)
maps                0x10              scroll.o
SpMstDrawPrtyBlk    0x4               ../sbl6/segalib/lib/sega_spr.a(spr_2c.o)
SclAutoPlusFlag     0x1               ../sbl6/segalib/lib/sega_scl.a(scl_pri.o)
per_set_sys_flg     0x1               ../sbl6/segalib/lib/sega_per.a(per_prt.o)
Scl_d_reg           0x48              ../sbl6/segalib/lib/sega_scl.a(scl_func.o)
SclRotateDisp       0x8               ../sbl6/segalib/lib/sega_scl.a(scl_func.o)
SpGourTbl           0x4               ../sbl6/segalib/lib/sega_spr.a(spr_2c.o)
SclSpColMix         0x8               ../sbl6/segalib/lib/sega_scl.a(scl_pri.o)
SpDil               0x2               ../sbl6/segalib/lib/sega_spr.a(spr_1c.o)
SpLookupTblR        0x2               ../sbl6/segalib/lib/sega_spr.a(spr_2c.o)
SclAutoMax          0x4               ../sbl6/segalib/lib/sega_scl.a(scl_pri.o)
SpCmdTbl            0x4               ../sbl6/segalib/lib/sega_spr.a(spr_2c.o)
SclRotateMoveZ      0x8               ../sbl6/segalib/lib/sega_scl.a(scl_func.o)
SclLineColRamOffset
                    0x4               ../sbl6/segalib/lib/sega_scl.a(scl_pri.o)
SclRotXySw          0x4               ../sbl6/segalib/lib/sega_scl.a(scl_func.o)
per_get_time_adr    0x4               ../sbl6/segalib/lib/sega_per.a(per_prt.o)
SclColRamAlloc2048  0x4               ../sbl6/segalib/lib/sega_scl.a(scl_pri.o)
SclBgPriNum         0x6               ../sbl6/segalib/lib/sega_scl.a(scl_pri.o)
SpCharMax           0x4               ../sbl6/segalib/lib/sega_spr.a(spr_2c.o)
SpDrawPrtyProcFlag  0x4               ../sbl6/segalib/lib/sega_spr.a(spr_2c.o)
SclAutoEndBlue      0x2               ../sbl6/segalib/lib/sega_scl.a(scl_pri.o)
SpCmdNo             0x4               ../sbl6/segalib/lib/sega_spr.a(spr_2c.o)
SclAutoEndGreen2    0x2               ../sbl6/segalib/lib/sega_scl.a(scl_pri.o)
Scl_r_reg           0x10              ../sbl6/segalib/lib/sega_scl.a(scl_func.o)
SclRPMD             0x2               ../sbl6/segalib/lib/sega_scl.a(scl_func.o)
SpDrawPrtyBlkMax    0x4               ../sbl6/segalib/lib/sega_spr.a(spr_2c.o)
SpDie               0x2               ../sbl6/segalib/lib/sega_spr.a(spr_1c.o)
SclAutoVeFlag       0x1               ../sbl6/segalib/lib/sega_scl.a(scl_pri.o)
SclBgColMix         0x8               ../sbl6/segalib/lib/sega_scl.a(scl_pri.o)
text                0x460             print.o
SpSlvCmdPos         0x4               ../sbl6/segalib/lib/sega_spr.a(spr_2c.o)
per_get_sys_data    0xc               ../sbl6/segalib/lib/sega_per.a(per_prt.o)
SclRbgKtbOffset     0x8               ../sbl6/segalib/lib/sega_scl.a(scl_func.o)
SclAutoIndex        0x4               ../sbl6/segalib/lib/sega_scl.a(scl_pri.o)
SclAutoEndRate      0x1               ../sbl6/segalib/lib/sega_scl.a(scl_pri.o)
SpSlvDrawPrtyBlk    0x4               ../sbl6/segalib/lib/sega_spr.a(spr_2c.o)
_SclRotregBuff      0xd0              ../sbl6/segalib/lib/sega_scl.a(scl_func.o)
SclAutoBlue         0x2               ../sbl6/segalib/lib/sega_scl.a(scl_pri.o)
SpTvMode            0x2               ../sbl6/segalib/lib/sega_spr.a(spr_1c.o)
SpScreenX           0x4               ../sbl6/segalib/lib/sega_spr.a(spr_1c.o)
SclRa               0x1               ../sbl6/segalib/lib/sega_scl.a(scl_func.o)
SclRotateZ          0x8               ../sbl6/segalib/lib/sega_scl.a(scl_func.o)
SpCharTbl           0x4               ../sbl6/segalib/lib/sega_spr.a(spr_2c.o)
SclAddrLsTbl        0x8               ../sbl6/segalib/lib/sega_scl.a(scl_func.o)
SclK_TableNum       0x8               ../sbl6/segalib/lib/sega_scl.a(scl_func.o)
SclAutoRed          0x2               ../sbl6/segalib/lib/sega_scl.a(scl_pri.o)
SpCmdTblR           0x2               ../sbl6/segalib/lib/sega_spr.a(spr_2c.o)
SclAutoInterval     0x4               ../sbl6/segalib/lib/sega_scl.a(scl_pri.o)
SclOtherPri         0x10              ../sbl6/segalib/lib/sega_scl.a(scl_pri.o)
per_time_out_flg    0x1               ../sbl6/segalib/lib/sega_per.a(per_prt.o)
SclRotateTableAddress
                    0x4               ../sbl6/segalib/lib/sega_scl.a(scl_func.o)
SpMstCmdPos         0x4               ../sbl6/segalib/lib/sega_spr.a(spr_2c.o)
SpSlvCmd            0x4               ../sbl6/segalib/lib/sega_spr.a(spr_2c.o)
SclAutoRGB          0x600             ../sbl6/segalib/lib/sega_scl.a(scl_pri.o)
errno               0x4               c:/saturn/SH_COFF/sh-coff/bin/../lib/gcc/sh-coff/3.4-GNUSH_v0501/../../../../sh-coff/lib\libc.a(syscalls.o)
SclK_TableFlag      0x4               ../sbl6/segalib/lib/sega_scl.a(scl_func.o)
SclAutoEndRed2      0x2               ../sbl6/segalib/lib/sega_scl.a(scl_pri.o)
SclCsy              0x8               ../sbl6/segalib/lib/sega_scl.a(scl_ro00.o)
SclSpPriNum         0x8               ../sbl6/segalib/lib/sega_scl.a(scl_pri.o)
Scl_w_reg           0x20              ../sbl6/segalib/lib/sega_scl.a(scl_func.o)
SpLCoordY           0x4               ../sbl6/segalib/lib/sega_spr.a(spr_2c.o)
Scl_n_reg           0x40              ../sbl6/segalib/lib/sega_scl.a(scl_func.o)

Memory Configuration

Name             Origin             Length             Attributes
*default*        0x00000000         0xffffffff

Linker script and memory map

LOAD ../sbl6/segasmp/lib/strt1_g.o
LOAD ../sbl6/segasmp/lib/strt2_g.o
LOAD vblank.o
LOAD ../sbl6/segasmp/per/smpclib/per_x1.o
LOAD ../sbl6/segasmp/per/smpclib/per_x2.o
LOAD ../sbl6/segasmp/per/smpclib/per_x3.o
LOAD graphics.o
LOAD sprite.o
LOAD scroll.o
LOAD player.o
LOAD print.o
LOAD main.o
LOAD ../sbl6/segalib/lib/sega_int.a
LOAD ../sbl6/segalib/lib/sega_spr.a
LOAD ../sbl6/segalib/lib/sega_scl.a
LOAD ../sbl6/segalib/lib/sega_mth.a
LOAD ../sbl6/segalib/lib/sega_cdc.a
LOAD ../sbl6/segalib/lib/sega_adp.a
LOAD ../sbl6/segalib/lib/sega_per.a
LOAD ../sbl6/segalib/lib/sega_sat.a
LOAD c:/saturn/SH_COFF/sh-coff/bin/../lib/gcc/sh-coff/3.4-GNUSH_v0501\libgcc.a
LOAD c:/saturn/SH_COFF/sh-coff/bin/../lib/gcc/sh-coff/3.4-GNUSH_v0501/../../../../sh-coff/lib\libc.a
LOAD c:/saturn/SH_COFF/sh-coff/bin/../lib/gcc/sh-coff/3.4-GNUSH_v0501\libgcc.a

.text           0x06010000    0x188f0
 *(.text)
 .text          0x06010000       0x30 ../sbl6/segasmp/lib/strt1_g.o
                0x06010024                _D_END
                0x06010020                _D_BGN
                0x0601002c                _B_END
                0x06010028                _B_BGN
                0x06010000                START
 .text          0x06010030       0x60 ../sbl6/segasmp/lib/strt2_g.o
                0x06010050                _INITSCT
                0x06010030                _INIT
 .text          0x06010090      0x190 vblank.o
                0x06010090                SetVblank
                0x06010120                UsrVblankOut
                0x060100f0                UsrVblankIn
 .text          0x06010220      0x430 ../sbl6/segasmp/per/smpclib/per_x1.o
                0x060105b4                PER_GetAnalogXYZ
                0x06010244                PER_GetTriggerHandler
                0x060104de                PER_GetEdge
                0x0601045c                PER_GetTrigger
                0x06010508                PER_GetPressEdge
                0x0601055c                PER_GetReleaseEdge
                0x06010220                PER_SetTriggerHandler
 .text          0x06010650      0x200 ../sbl6/segasmp/per/smpclib/per_x2.o
                0x06010754                PER_GetDeviceA
                0x06010650                PER_OpenPort
                0x06010688                PER_GetPort
                0x060107ce                PER_GetDeviceR
 .text          0x06010850       0x20 ../sbl6/segasmp/per/smpclib/per_x3.o
                0x06010850                PER_DisguiseTrigger
 .text          0x06010870     0xbe50 graphics.o
                0x0601c2bc                font3
                0x0601c5bc                font0
                0x06010870                map2
                0x0601b4bc                guy0
                0x0601bcbc                font9
                0x060194bc                guyback1
                0x06012870                map1
                0x06019cbc                guyback0
                0x0601c1bc                font4
                0x0601bfbc                font6
                0x0601c4bc                font1
                0x0601acbc                guy1
                0x06014870                wood_chr
                0x060184bc                guyside0
                0x06017070                wood_pal
                0x0601bebc                font7
                0x06018cbc                guyback2
                0x06017cbc                guyside1
                0x060174bc                guyside2
                0x0601c3bc                font2
                0x0601c0bc                font5
                0x0601a4bc                guy2
                0x06017470                dimensions
                0x0601bdbc                font8
 .text          0x0601c6c0      0x380 sprite.o
                0x0601c6c0                draw_sprite
                0x0601c9b0                next_sprite
                0x0601c960                make_sprite
                0x0601ca10                delete_sprite
 .text          0x0601ca40      0x750 scroll.o
                0x0601ce00                get_map_val
                0x0601ce40                copy_scroll
                0x0601cdd0                set_scroll
                0x0601cc40                move_scroll
                0x0601ca40                init_scroll
 .text          0x0601d190     0x11b0 player.o
                0x0601d1f4                player_side
                0x0601d204                player_down
                0x0601d190                floor_tiles
                0x0601d1fc                player_up
                0x0601d20c                states
                0x0601df80                player_input
                0x0601d230                player_init
                0x0601dea0                player_animate
 .text          0x0601e340      0x130 print.o
                0x0601e3d0                print_display
                0x0601e380                print_num
                0x0601e340                print_init
 .text          0x0601e470      0x140 main.o
                0x0601e470                main
 .text          0x0601e5b0       0x40 ../sbl6/segalib/lib/sega_int.a(int.o)
                0x0601e5dc                INT_GetScuFunc
                0x0601e5b0                INT_SetScuFunc
 .text          0x0601e5f0      0x624 ../sbl6/segalib/lib/sega_int.a(int_trmp.o)
                0x0601e758                __interrupt_handler60
                0x0601e908                __interrupt_handler132
                0x0601eabe                __interrupt_handler205
                0x0601e926                __interrupt_handler137
                0x0601e854                __interrupt_handler102
                0x0601e692                __interrupt_handler27
                0x0601ea94                __interrupt_handler198
                0x0601e986                __interrupt_handler153
                0x0601e66e                __interrupt_handler21
                0x0601e77c                __interrupt_handler66
                0x0601e86c                __interrupt_handler106
                0x0601e9b6                __interrupt_handler161
                0x0601e800                __interrupt_handler88
                0x0601e9ce                __interrupt_handler165
                0x0601e8de                __interrupt_handler125
                0x0601e614                __interrupt_handler6
                0x0601e6b0                __interrupt_handler32
                0x0601ea6a                __interrupt_handler191
                0x0601eb84                __interrupt_handler238
                0x0601eb9c                __interrupt_handler242
                0x0601e9a4                __interrupt_handler158
                0x0601e80c                __interrupt_handler90
                0x0601e9c8                __interrupt_handler164
                0x0601e6ec                __interrupt_handler42
                0x0601ea2e                __interrupt_handler181
                0x0601eb36                __interrupt_handler225
                0x0601ebde                __interrupt_handler253
                0x0601e9f2                __interrupt_handler171
                0x0601e7ac                __interrupt_handler74
                0x0601e602                __interrupt_handler3
                0x0601e746                __interrupt_handler57
                0x0601e644                __interrupt_handler14
                0x0601eadc                __interrupt_handler210
                0x0601eb0c                __interrupt_handler218
                0x0601ead0                __interrupt_handler208
                0x0601e6d4                __interrupt_handler38
                0x0601e5f0                __interrupt_handler0
                0x0601e860                __interrupt_handler104
                0x0601e99e                __interrupt_handler157
                0x0601eaee                __interrupt_handler213
                0x0601e9e0                __interrupt_handler168
                0x0601e7ee                __interrupt_handler85
                0x0601e88a                __interrupt_handler111
                0x0601e89c                __interrupt_handler114
                0x0601e70a                __interrupt_handler47
                0x0601eb60                __interrupt_handler232
                0x0601eb2a                __interrupt_handler223
                0x0601eb7e                __interrupt_handler237
                0x0601e76a                __interrupt_handler63
                0x0601e6f8                __interrupt_handler44
                0x0601ea0a                __interrupt_handler175
                0x0601ea34                __interrupt_handler182
                0x0601ea4c                __interrupt_handler186
                0x0601e94a                __interrupt_handler143
                0x0601e872                __interrupt_handler107
                0x0601e8d8                __interrupt_handler124
                0x0601e9f8                __interrupt_handler172
                0x0601ebae                __interrupt_handler245
                0x0601e82a                __interrupt_handler95
                0x0601e902                __interrupt_handler131
                0x0601e914                __interrupt_handler134
                0x0601e932                __interrupt_handler139
                0x0601e7a0                __interrupt_handler72
                0x0601eb5a                __interrupt_handler231
                0x0601e9b0                __interrupt_handler160
                0x0601e8f6                __interrupt_handler129
                0x0601e668                __interrupt_handler20
                0x0601e776                __interrupt_handler65
                0x0601e740                __interrupt_handler56
                0x0601e63e                __interrupt_handler13
                0x0601ead6                __interrupt_handler209
                0x0601e890                __interrupt_handler112
                0x0601e662                __interrupt_handler19
                0x0601e81e                __interrupt_handler93
                0x0601ea88                __interrupt_handler196
                0x0601e97a                __interrupt_handler151
                0x0601e9da                __interrupt_handler167
                0x0601ebf0                __trampoline
                0x0601e656                __interrupt_handler17
                0x0601eb48                __interrupt_handler228
                0x0601ebea                __interrupt_handler255
                0x0601eba8                __interrupt_handler244
                0x0601e842                __interrupt_handler99
                0x0601ea3a                __interrupt_handler183
                0x0601e938                __interrupt_handler140
                0x0601ea5e                __interrupt_handler189
                0x0601e95c                __interrupt_handler146
                0x0601eb24                __interrupt_handler222
                0x0601e998                __interrupt_handler156
                0x0601e8cc                __interrupt_handler122
                0x0601ebc0                __interrupt_handler248
                0x0601e710                __interrupt_handler48
                0x0601e78e                __interrupt_handler69
                0x0601e680                __interrupt_handler24
                0x0601e806                __interrupt_handler89
                0x0601eafa                __interrupt_handler215
                0x0601ebe4                __interrupt_handler254
                0x0601e7fa                __interrupt_handler87
                0x0601e75e                __interrupt_handler61
                0x0601ea82                __interrupt_handler195
                0x0601e974                __interrupt_handler150
                0x0601e6e6                __interrupt_handler41
                0x0601e884                __interrupt_handler110
                0x0601e8ea                __interrupt_handler127
                0x0601e878                __interrupt_handler108
                0x0601e896                __interrupt_handler113
                0x0601e8a8                __interrupt_handler116
                0x0601e8c6                __interrupt_handler121
                0x0601e7be                __interrupt_handler77
                0x0601e6da                __interrupt_handler39
                0x0601e6f2                __interrupt_handler43
                0x0601ebc6                __interrupt_handler249
                0x0601ea04                __interrupt_handler174
                0x0601e920                __interrupt_handler136
                0x0601ea58                __interrupt_handler188
                0x0601e956                __interrupt_handler145
                0x0601e626                __interrupt_handler9
                0x0601e7ca                __interrupt_handler79
                0x0601eb42                __interrupt_handler227
                0x0601e6bc                __interrupt_handler34
                0x0601e8fc                __interrupt_handler130
                0x0601ebba                __interrupt_handler247
                0x0601e7b2                __interrupt_handler75
                0x0601e9fe                __interrupt_handler173
                0x0601e72e                __interrupt_handler53
                0x0601e96e                __interrupt_handler149
                0x0601ebd2                __interrupt_handler251
                0x0601eb66                __interrupt_handler233
                0x0601e62c                __interrupt_handler10
                0x0601eab8                __interrupt_handler204
                0x0601e7dc                __interrupt_handler82
                0x0601e7e2                __interrupt_handler83
                0x0601e686                __interrupt_handler25
                0x0601eba2                __interrupt_handler243
                0x0601e9bc                __interrupt_handler162
                0x0601e704                __interrupt_handler46
                0x0601ea1c                __interrupt_handler178
                0x0601e7d0                __interrupt_handler80
                0x0601e764                __interrupt_handler62
                0x0601e5fc                __interrupt_handler2
                0x0601e69e                __interrupt_handler29
                0x0601e794                __interrupt_handler70
                0x0601e87e                __interrupt_handler109
                0x0601e968                __interrupt_handler148
                0x0601e824                __interrupt_handler94
                0x0601eb30                __interrupt_handler224
                0x0601e85a                __interrupt_handler103
                0x0601e6c8                __interrupt_handler36
                0x0601e8e4                __interrupt_handler126
                0x0601ebb4                __interrupt_handler246
                0x0601e73a                __interrupt_handler55
                0x0601e638                __interrupt_handler12
                0x0601e728                __interrupt_handler52
                0x0601ea52                __interrupt_handler187
                0x0601e950                __interrupt_handler144
                0x0601e8ae                __interrupt_handler117
                0x0601e65c                __interrupt_handler18
                0x0601ea8e                __interrupt_handler197
                0x0601e980                __interrupt_handler152
                0x0601e8b4                __interrupt_handler118
                0x0601e9ec                __interrupt_handler170
                0x0601eaa6                __interrupt_handler201
                0x0601e836                __interrupt_handler97
                0x0601e9c2                __interrupt_handler163
                0x0601ea28                __interrupt_handler180
                0x0601ea70                __interrupt_handler192
                0x0601eb90                __interrupt_handler240
                0x0601e8d2                __interrupt_handler123
                0x0601eaf4                __interrupt_handler214
                0x0601e6aa                __interrupt_handler31
                0x0601e698                __interrupt_handler28
                0x0601e782                __interrupt_handler67
                0x0601e788                __interrupt_handler68
                0x0601e674                __interrupt_handler22
                0x0601e67a                __interrupt_handler23
                0x0601ea10                __interrupt_handler176
                0x0601e61a                __interrupt_handler7
                0x0601eb1e                __interrupt_handler221
                0x0601eb06                __interrupt_handler217
                0x0601eb4e                __interrupt_handler229
                0x0601e716                __interrupt_handler49
                0x0601e608                __interrupt_handler4
                0x0601e6e0                __interrupt_handler40
                0x0601e8a2                __interrupt_handler115
                0x0601eb72                __interrupt_handler235
                0x0601e812                __interrupt_handler91
                0x0601eac4                __interrupt_handler206
                0x0601ea16                __interrupt_handler177
                0x0601e962                __interrupt_handler147
                0x0601e6ce                __interrupt_handler37
                0x0601ebcc                __interrupt_handler250
                0x0601e5f6                __interrupt_handler1
                0x0601eb12                __interrupt_handler219
                0x0601e7b8                __interrupt_handler76
                0x0601e848                __interrupt_handler100
                0x0601e74c                __interrupt_handler58
                0x0601e64a                __interrupt_handler15
                0x0601eae8                __interrupt_handler212
                0x0601eb96                __interrupt_handler241
                0x0601eaac                __interrupt_handler202
                0x0601ea76                __interrupt_handler193
                0x0601e7c4                __interrupt_handler78
                0x0601e71c                __interrupt_handler50
                0x0601e6b6                __interrupt_handler33
                0x0601e9d4                __interrupt_handler166
                0x0601e92c                __interrupt_handler138
                0x0601e91a                __interrupt_handler135
                0x0601e6a4                __interrupt_handler30
                0x0601ea40                __interrupt_handler184
                0x0601e93e                __interrupt_handler141
                0x0601eb54                __interrupt_handler230
                0x0601eb78                __interrupt_handler236
                0x0601e8ba                __interrupt_handler119
                0x0601e7f4                __interrupt_handler86
                0x0601e866                __interrupt_handler105
                0x0601e7d6                __interrupt_handler81
                0x0601e8c0                __interrupt_handler120
                0x0601e8f0                __interrupt_handler128
                0x0601e734                __interrupt_handler54
                0x0601e632                __interrupt_handler11
                0x0601ea9a                __interrupt_handler199
                0x0601e98c                __interrupt_handler154
                0x0601e6fe                __interrupt_handler45
                0x0601eb00                __interrupt_handler216
                0x0601eab2                __interrupt_handler203
                0x0601e84e                __interrupt_handler101
                0x0601e7e8                __interrupt_handler84
                0x0601ea46                __interrupt_handler185
                0x0601e944                __interrupt_handler142
                0x0601e68c                __interrupt_handler26
                0x0601e770                __interrupt_handler64
                0x0601eaa0                __interrupt_handler200
                0x0601eaca                __interrupt_handler207
                0x0601ea7c                __interrupt_handler194
                0x0601e818                __interrupt_handler92
                0x0601e992                __interrupt_handler155
                0x0601eae2                __interrupt_handler211
                0x0601e90e                __interrupt_handler133
                0x0601e60e                __interrupt_handler5
                0x0601e7a6                __interrupt_handler73
                0x0601e650                __interrupt_handler16
                0x0601eb8a                __interrupt_handler239
                0x0601eb6c                __interrupt_handler234
                0x0601e6c2                __interrupt_handler35
                0x0601e752                __interrupt_handler59
                0x0601e9e6                __interrupt_handler169
                0x0601e83c                __interrupt_handler98
                0x0601e79a                __interrupt_handler71
                0x0601e722                __interrupt_handler51
                0x0601e9aa                __interrupt_handler159
                0x0601eb3c                __interrupt_handler226
                0x0601e830                __interrupt_handler96
                0x0601ea64                __interrupt_handler190
                0x0601eb18                __interrupt_handler220
                0x0601e620                __interrupt_handler8
                0x0601ea22                __interrupt_handler179
                0x0601ebd8                __interrupt_handler252
 *fill*         0x0601ec14        0xc 00
 .text          0x0601ec20     0x12a0 ../sbl6/segalib/lib/sega_spr.a(spr_2c.o)
                0x0601fe80                SlaveFlushDrawPrtyBlock
                0x0601ec20                SPR_2Initial
                0x0601f464                SPR_2SysClip
                0x0601f404                SPR_2LocalCoord
                0x0601fcfc                SPR_2FlushDrawPrtyBlock
                0x0601f9e8                SPR_2DistSpr
                0x0601f3ec                SPR_2FlushDrawPrty
                0x0601fb0c                SPR_2Cmd
                0x0601f0e8                SPR_2GourTblNoToVram
                0x0601f148                SPR_2GetAreaSizeInfo
                0x0601eeb0                SPR_2SetGourTbl
                0x0601f69c                SPR_2Polygon
                0x0601f124                SPR_2CharNoToVram
                0x0601ee30                SPR_2SetTvMode
                0x0601f28c                SPR_2CloseCommand
                0x0601ee6c                SPR_2FrameEraseData
                0x0601ec48                SPR_2Initial2
                0x0601f87c                SPR_2ScaleSpr
                0x0601f50c                SPR_2Line
                0x0601f1d8                SPR_2OpenCommand
                0x0601ee4c                SPR_2FrameChgIntr
                0x0601f758                SPR_2NormSpr
                0x0601eee0                SPR_2SetLookupTbl
                0x0601ef14                SPR_2SetChar
                0x0601f10c                SPR_2LookupTblNoToVram
                0x0601f5e0                SPR_2PolyLine
                0x0601f080                SPR_2ClrAllChar
                0x0601f034                SPR_2ClrChar
                0x0601f4b0                SPR_2UserClip
 .text          0x0601fec0      0x1e6 ../sbl6/segalib/lib/sega_spr.a(spr_slv.o)
                0x06020024                SPR_WaitEndSlaveSH
                0x0601fec0                SPR_SMPC_SSHON
                0x06020000                SPR_RunSlaveSH
                0x0601fec4                SPR_InitSlaveSH
                0x0601ff8c                SPR_SlaveSHmain
                0x0601fec1                SPR_SMPC_SSHOFF
 *fill*         0x060200a6        0xa 00
 .text          0x060200b0      0x36a ../sbl6/segalib/lib/sega_spr.a(spr_1c.o)
                0x06020364                SPR_WaitDrawEnd
                0x0602037c                SPR_SetEosMode
                0x06020294                SPR_SetEraseData
                0x060200b0                SPR_Initial
                0x06020188                SPR_SetTvMode
                0x06020220                SPR_GetStatus
 *fill*         0x0602041a        0x6 00
 .text          0x06020420      0x244 ../sbl6/segalib/lib/sega_spr.a(spr_2a.o)
                0x06020432                sprMemCpyW
                0x06020490                flushDrawPrtyBlock
                0x06020420                sprMemCpyL
                0x06020444                SPR_2SetDrawPrty
 *fill*         0x06020664        0xc 00
 .text          0x06020670      0x2fc ../sbl6/segalib/lib/sega_scl.a(scl_vblv.o)
                0x0602072c                SCL_DisplayFrame
                0x06020670                SCL_SetFrameInterval
                0x06020760                SCL_VblInit
                0x060207b0                SCL_VblankStart
                0x060207f4                SCL_VblankEnd
 *fill*         0x0602096c        0x4 00
 .text          0x06020970      0xb9c ../sbl6/segalib/lib/sega_scl.a(scl_func.o)
                0x0602134c                SCL_Vdp2_SGLInit
                0x0602125c                SCL_PriIntProc
                0x060211d4                SCL_Memcpyw
                0x060214ec                SCL_SglOff
                0x060214cc                SCL_SglOn
                0x06021140                SCL_ScrollShow
                0x06020be8                SCL_Close
                0x06020ee0                SCL_Scale
                0x06020970                SCL_Vdp2Init
                0x06020d54                SCL_Move
                0x0602101c                SCL_CopyReg
                0x06020bc4                SCL_Open
                0x060209f4                SCL_ParametersInit
                0x06020c04                SCL_MoveTo
                0x060211fc                SCL_SetColRamMode
 *fill*         0x0602150c        0x4 00
 .text          0x06021510      0x138 ../sbl6/segalib/lib/sega_scl.a(scl_pr03.o)
                0x06021510                SCL_FreeColRam
                0x06021548                SCL_AllocColRam
 *fill*         0x06021648        0x8 00
 .text          0x06021650       0x9c ../sbl6/segalib/lib/sega_scl.a(scl_pr02.o)
                0x06021650                SCL_SetColRam
 *fill*         0x060216ec        0x4 00
 .text          0x060216f0       0x84 ../sbl6/segalib/lib/sega_scl.a(scl_back.o)
                0x060216f0                SCL_SetBack
 *fill*         0x06021774        0xc 00
 .text          0x06021780      0x94c ../sbl6/segalib/lib/sega_scl.a(scl_fu03.o)
                0x060217dc                SCL_SetConfig
                0x06021780                SCL_InitConfigTb
 *fill*         0x060220cc        0x4 00
 .text          0x060220d0      0x4f4 ../sbl6/segalib/lib/sega_scl.a(scl_fu02.o)
                0x06022108                SCL_SetVramConfig
                0x060220d0                SCL_InitVramConfigTb
 *fill*         0x060225c4        0xc 00
 .text          0x060225d0       0x28 ../sbl6/segalib/lib/sega_scl.a(scl_fu04.o)
                0x060225d0                SCL_SetCycleTable
 *fill*         0x060225f8        0x8 00
 .text          0x06022600      0x214 ../sbl6/segalib/lib/sega_scl.a(scl_pr07.o)
                0x06022600                SCL_SetPriority
 *fill*         0x06022814        0xc 00
 .text          0x06022820       0x58 ../sbl6/segalib/lib/sega_scl.a(scl_pr01.o)
                0x06022820                SCL_SetSpriteMode
 *fill*         0x06022878        0x8 00
 .text          0x06022880     0x10a4 ../sbl6/segalib/lib/sega_scl.a(scl_pri.o)
                0x06022914                SCL_AbortAutoVe
                0x060237c4                SCL_SetShadowBit
                0x06022d8c                SCL_AutoExec
                0x06022880                SCL_PriorityInit
                0x060232a0                SCL_IncColOffset
                0x06022928                SCL_SetColMixRate
                0x060228f8                SCL_GetColRamMode
 *fill*         0x06023924        0xc 00
 .text          0x06023930     0x1394 ../sbl6/segalib/lib/sega_scl.a(scl_ro00.o)
                0x06024b1c                SCL_RotateZD
                0x06023de4                SCL_Rotate
                0x06023ab8                SCL_InitRotateTable
 *fill*         0x06024cc4        0xc 00
 .text          0x06024cd0      0x1b4 ../sbl6/segalib/lib/sega_scl.a(scl_pr06.o)
                0x06024cd0                SCL_SetColRamOffset
 *fill*         0x06024e84        0xc 00
 .text          0x06024e90       0xac ../sbl6/segalib/lib/sega_scl.a(scl_pr05.o)
                0x06024e90                SCL_GetColRamOffset
 *fill*         0x06024f3c        0x4 00
 .text          0x06024f40       0xa4 ../sbl6/segalib/lib/sega_mth.a(mth_fixd.o)
                0x06024f90                MTH_FixedToInt
                0x06024f80                MTH_IntToFixed
                0x06024f40                MTH_Mul
                0x06024fa0                MTH_Product
                0x06024f60                MTH_Div
 *fill*         0x06024fe4        0xc 00
 .text          0x06024ff0      0x600 ../sbl6/segalib/lib/sega_mth.a(mth_tri.o)
                0x0602508c                fcos
                0x06025092                fsin
                0x0602503c                MTH_Cos
                0x06024ff0                MTH_Sin
                0x06025230                MTH_Atan
 .text          0x060255f0      0xf50 ../sbl6/segalib/lib/sega_per.a(per_prt.o)
                0x06025a10                PER_IntFunc
                0x06025808                PER_LGetPer
                0x060255f0                PER_LInit
 .text          0x06026540      0x1f4 ../sbl6/segalib/lib/sega_sat.a(DMA_SCU1.o)
                0x0602669c                DMA_ScuResult
                0x06026540                DMA_ScuInit
                0x06026590                DMA_ScuMemCopy
 *fill*         0x06026734        0xc 00
 .text          0x06026740      0x308 ../sbl6/segalib/lib/sega_sat.a(DMA_SCU0.o)
                0x060267c4                DMA_ScuStart
                0x060268f8                DMA_ScuIntFunc0
                0x06026968                DMA_ScuIntFunc1
                0x060269d8                DMA_ScuIntFunc2
                0x060268b8                DMA_ScuGetStatus
                0x06026740                DMA_ScuSetPrm
 *fill*         0x06026a48        0x8 00
 .text          0x06026a50       0xe8 ../sbl6/segalib/lib/sega_sat.a(csh_main.o)
                0x06026a50                CSH_Init
                0x06026ab8                CSH_AllClr
                0x06026b04                CSH_Purge
 *fill*         0x06026b38        0x8 00
 .text          0x06026b40       0x90 c:/saturn/SH_COFF/sh-coff/bin/../lib/gcc/sh-coff/3.4-GNUSH_v0501\libgcc.a(_ashiftlt.o)
                0x06026b40                __ashlsi3
 .text          0x06026bd0       0xa0 c:/saturn/SH_COFF/sh-coff/bin/../lib/gcc/sh-coff/3.4-GNUSH_v0501\libgcc.a(__main.o)
                0x06026c44                __main
                0x06026bd0                __do_global_dtors
                0x06026c04                __do_global_ctors
 .text          0x06026c70       0x70 c:/saturn/SH_COFF/sh-coff/bin/../lib/gcc/sh-coff/3.4-GNUSH_v0501\libgcc.a(_udivsi3.o)
                0x06026c92                __udivsi3
 .text          0x06026ce0       0x60 c:/saturn/SH_COFF/sh-coff/bin/../lib/gcc/sh-coff/3.4-GNUSH_v0501\libgcc.a(_ashiftrt.o)
                0x06026cec                __ashiftrt_r4_27
                0x06026d20                __ashiftrt_r4_6
                0x06026d10                __ashiftrt_r4_14
                0x06026d02                __ashiftrt_r4_19
                0x06026d1a                __ashiftrt_r4_9
                0x06026d2e                __ashiftrt_r4_0
                0x06026ce0                __ashiftrt_r4_31
                0x06026cee                __ashiftrt_r4_26
                0x06026cfc                __ashiftrt_r4_22
                0x06026d08                __ashiftrt_r4_16
                0x06026d14                __ashiftrt_r4_12
                0x06026ce8                __ashiftrt_r4_29
                0x06026d06                __ashiftrt_r4_17
                0x06026ce6                __ashiftrt_r4_30
                0x06026d22                __ashiftrt_r4_5
                0x06026d1c                __ashiftrt_r4_8
                0x06026ce0                __ashiftrt_r4_32
                0x06026cf0                __ashiftrt_r4_25
                0x06026d28                __ashiftrt_r4_2
                0x06026cf2                __ashiftrt_r4_24
                0x06026d0e                __ashiftrt_r4_15
                0x06026d18                __ashiftrt_r4_10
                0x06026d2a                __ashiftrt_r4_1
                0x06026cea                __ashiftrt_r4_28
                0x06026d00                __ashiftrt_r4_20
                0x06026d1e                __ashiftrt_r4_7
                0x06026d12                __ashiftrt_r4_13
                0x06026d16                __ashiftrt_r4_11
                0x06026d24                __ashiftrt_r4_4
                0x06026cfa                __ashiftrt_r4_23
                0x06026d04                __ashiftrt_r4_18
                0x06026cfe                __ashiftrt_r4_21
                0x06026d26                __ashiftrt_r4_3
 .text          0x06026d40       0xb0 c:/saturn/SH_COFF/sh-coff/bin/../lib/gcc/sh-coff/3.4-GNUSH_v0501\libgcc.a(_si_to_df.o)
                0x06026d40                __floatsidf
 .text          0x06026df0      0x2e0 c:/saturn/SH_COFF/sh-coff/bin/../lib/gcc/sh-coff/3.4-GNUSH_v0501\libgcc.a(_mul_df.o)
                0x06026e00                __muldf3
 .text          0x060270d0       0x80 c:/saturn/SH_COFF/sh-coff/bin/../lib/gcc/sh-coff/3.4-GNUSH_v0501\libgcc.a(_df_to_si.o)
                0x060270d0                __fixdfsi
 .text          0x06027150      0x220 c:/saturn/SH_COFF/sh-coff/bin/../lib/gcc/sh-coff/3.4-GNUSH_v0501\libgcc.a(_pack_df.o)
                0x06027160                __pack_d
 .text          0x06027370      0x120 c:/saturn/SH_COFF/sh-coff/bin/../lib/gcc/sh-coff/3.4-GNUSH_v0501\libgcc.a(_unpack_df.o)
                0x06027380                __unpack_d
 .text          0x06027490       0x20 c:/saturn/SH_COFF/sh-coff/bin/../lib/gcc/sh-coff/3.4-GNUSH_v0501\libgcc.a(_thenan_df.o)
                0x06027490                __thenan_df
 .text          0x060274b0       0xd0 c:/saturn/SH_COFF/sh-coff/bin/../lib/gcc/sh-coff/3.4-GNUSH_v0501\libgcc.a(_muldi3.o)
                0x060274b0                __muldi3
 .text          0x06027580       0x80 c:/saturn/SH_COFF/sh-coff/bin/../lib/gcc/sh-coff/3.4-GNUSH_v0501\libgcc.a(_lshrdi3.o)
                0x06027580                __lshrdi3
 .text          0x06027600       0x80 c:/saturn/SH_COFF/sh-coff/bin/../lib/gcc/sh-coff/3.4-GNUSH_v0501\libgcc.a(_ashldi3.o)
                0x06027600                __ashldi3
 .text          0x06027680       0x30 c:/saturn/SH_COFF/sh-coff/bin/../lib/gcc/sh-coff/3.4-GNUSH_v0501\libgcc.a(_mulsi3.o)
                0x06027680                __mulsi3
 .text          0x060276b0       0x90 c:/saturn/SH_COFF/sh-coff/bin/../lib/gcc/sh-coff/3.4-GNUSH_v0501\libgcc.a(_lshiftrt.o)
                0x060276b0                __lshrsi3
 .text          0x06027740       0xa0 c:/saturn/SH_COFF/sh-coff/bin/../lib/gcc/sh-coff/3.4-GNUSH_v0501/../../../../sh-coff/lib\libc.a(memcpy.o)
                0x06027740                memcpy
 .text          0x060277e0       0x40 c:/saturn/SH_COFF/sh-coff/bin/../lib/gcc/sh-coff/3.4-GNUSH_v0501/../../../../sh-coff/lib\libc.a(memset.o)
                0x060277e0                memset
 .text          0x06027820       0x90 c:/saturn/SH_COFF/sh-coff/bin/../lib/gcc/sh-coff/3.4-GNUSH_v0501/../../../../sh-coff/lib\libc.a(atexit.o)
                0x06027820                atexit
 .text          0x060278b0       0x10 c:/saturn/SH_COFF/sh-coff/bin/../lib/gcc/sh-coff/3.4-GNUSH_v0501/../../../../sh-coff/lib\libc.a(impure.o)
                0x060278b0                _global_impure_ptr
 .text          0x060278c0       0x40 c:/saturn/SH_COFF/sh-coff/bin/../lib/gcc/sh-coff/3.4-GNUSH_v0501/../../../../sh-coff/lib\libc.a(malloc.o)
                0x060278dc                free
                0x060278c0                malloc
 .text          0x06027900      0x5b0 c:/saturn/SH_COFF/sh-coff/bin/../lib/gcc/sh-coff/3.4-GNUSH_v0501/../../../../sh-coff/lib\libc.a(mallocr.o)
                0x06027900                _malloc_r
 .text          0x06027eb0      0x340 c:/saturn/SH_COFF/sh-coff/bin/../lib/gcc/sh-coff/3.4-GNUSH_v0501/../../../../sh-coff/lib\libc.a(freer.o)
                0x06027eb0                _malloc_trim_r
                0x06027fa4                _free_r
 .text          0x060281f0       0x20 c:/saturn/SH_COFF/sh-coff/bin/../lib/gcc/sh-coff/3.4-GNUSH_v0501/../../../../sh-coff/lib\libc.a(mlock.o)
                0x060281f0                __malloc_lock
                0x060281fc                __malloc_unlock
 .text          0x06028210       0x50 c:/saturn/SH_COFF/sh-coff/bin/../lib/gcc/sh-coff/3.4-GNUSH_v0501/../../../../sh-coff/lib\libc.a(sbrkr.o)
                0x06028210                _sbrk_r
 .text          0x06028260      0x380 c:/saturn/SH_COFF/sh-coff/bin/../lib/gcc/sh-coff/3.4-GNUSH_v0501/../../../../sh-coff/lib\libc.a(syscalls.o)
                0x060283cc                _exit
                0x06028400                _getpid
                0x06028468                _utime
                0x06028298                _write
                0x06028260                _read
                0x060283b4                _unlink
                0x0602837c                _open
                0x06028418                _stat
                0x060283c0                isatty
                0x06028498                _wait
                0x060283e4                _kill
                0x06028434                _chmod
                0x060284c8                _execv
                0x060284ac                _execve
                0x060285a4                __setup_argv_and_call_main
                0x06028500                _gettimeofday
                0x060282cc                _link
                0x0602840c                _raise
                0x06028398                _creat
                0x060284e0                _pipe
                0x0602844c                _chown
                0x0602827c                _lseek
                0x060282b4                _close
                0x060284f4                _times
                0x06028368                _fstat
                0x06028484                _fork
                0x060282f4                _sbrk
 .text          0x060285e0       0x20 c:/saturn/SH_COFF/sh-coff/bin/../lib/gcc/sh-coff/3.4-GNUSH_v0501/../../../../sh-coff/lib\libc.a(trap.o)
                0x060285e0                __trap34
 .text          0x06028600       0x20 c:/saturn/SH_COFF/sh-coff/bin/../lib/gcc/sh-coff/3.4-GNUSH_v0501/../../../../sh-coff/lib\libc.a(abort.o)
                0x06028600                abort
 .text          0x06028620      0x270 c:/saturn/SH_COFF/sh-coff/bin/../lib/gcc/sh-coff/3.4-GNUSH_v0501/../../../../sh-coff/lib\libc.a(signal.o)
                0x060286e0                _raise_r
                0x06028868                __sigtramp
                0x06028814                raise
                0x06028850                _init_signal
                0x060287a0                __sigtramp_r
                0x06028830                signal
                0x0602866c                _signal_r
                0x06028620                _init_signal_r
 .text          0x06028890       0x60 c:/saturn/SH_COFF/sh-coff/bin/../lib/gcc/sh-coff/3.4-GNUSH_v0501/../../../../sh-coff/lib\libc.a(signalr.o)
                0x060288d8                _getpid_r
                0x06028890                _kill_r
 *(.strings)

.tors           0x060288f0        0x0
                0x060288f0                ___ctors = .
 *(.ctors)
                0x060288f0                ___ctors_end = .
                0x060288f0                ___dtors = .
 *(.dtors)
                0x060288f0                ___dtors_end = .

.data           0x060288f0     0x1110
                0x060288f0                STARTOF_R = .
 *(.data)
 .data          0x060288f0      0x400 ../sbl6/segasmp/per/smpclib/per_x1.o
 .data          0x06028cf0       0x50 graphics.o
                0x06028cf0                tiles
 .data          0x06028d40       0x20 scroll.o
                0x06028d40                CycleTb
                0x06028d50                vram
 .data          0x06028d60       0x30 main.o
 .data          0x06028d90      0x400 ../sbl6/segalib/lib/sega_int.a(int.o)
 .data          0x06029190       0x1c ../sbl6/segalib/lib/sega_spr.a(spr_slv.o)
                0x06029198                SPR_SlaveParam
                0x060291a8                SPR_SMPC_SF
                0x060291a0                SPR_SMPC_COM
                0x0602919c                SPR_SlaveSHEntry
                0x06029194                SPR_SlaveState
                0x06029190                SPR_SlaveCommand
                0x060291a4                SPR_SMPC_RET
 *fill*         0x060291ac        0x4 00
 .data          0x060291b0       0x34 ../sbl6/segalib/lib/sega_spr.a(spr_1c.o)
                0x060291b0                SpInitialFlag
 *fill*         0x060291e4        0xc 00
 .data          0x060291f0       0x1c ../sbl6/segalib/lib/sega_scl.a(scl_vblv.o)
                0x060291f8                VBInterval
                0x06029200                ReqDisplayFlag
                0x060291f0                SpFrameChgMode
                0x060291fc                VBIntervalCounter
                0x060291f4                SpFrameEraseMode
 *fill*         0x0602920c        0x4 00
 .data          0x06029210       0x36 ../sbl6/segalib/lib/sega_scl.a(scl_func.o)
                0x06029220                SclRotregBuff
                0x0602921c                SclDisplayY
                0x06029224                SclRotateTableMode
                0x06029218                SclProcess
                0x06029214                SclCurSclNum
                0x06029210                SclLengthLsTbl
                0x0602921a                SclDisplayX
                0x06029212                SclLengthCsTbl
 *fill*         0x06029246        0xa 00
 .data          0x06029250       0x18 ../sbl6/segalib/lib/sega_scl.a(scl_pri.o)
                0x06029254                SclRealSpPriNum
                0x06029264                SclRealColOffset
                0x06029260                SclRealBgColMix
                0x0602925c                SclRealSpColMix
                0x06029258                SclRealBgPriNum
                0x06029250                SclRealOtherPri
 *fill*         0x06029268        0x8 00
 .data          0x06029270      0x380 c:/saturn/SH_COFF/sh-coff/bin/../lib/gcc/sh-coff/3.4-GNUSH_v0501/../../../../sh-coff/lib\libc.a(impure.o)
                0x060295ec                _impure_ptr
 .data          0x060295f0      0x410 c:/saturn/SH_COFF/sh-coff/bin/../lib/gcc/sh-coff/3.4-GNUSH_v0501/../../../../sh-coff/lib\libc.a(mallocr.o)
                0x060295f8                __malloc_av_
                0x060295f4                __malloc_trim_threshold
                0x060295f0                __malloc_sbrk_base
                0x06029a00                SIZEOF_R = (. - STARTOF_R)
                0x06029a00                ENDOF_R = .

.bss            0x06029a00     0x6f74
                0x06029a00                STARTOF_B = .
 *(.bss)
 .bss           0x06029a00       0x10 vblank.o
                0x06029a04                PadData2E
                0x06029a0a                PadData1
                0x06029a06                PadData2
                0x06029a08                PadData1E
                0x06029a00                __port
 .bss           0x06029a10       0xd0 ../sbl6/segasmp/per/smpclib/per_x2.o
 .bss           0x06029ae0       0x10 sprite.o
                0x06029ae0                num_sprites
 .bss           0x06029af0       0x50 scroll.o
                0x06029b10                map_tiles_x
                0x06029b20                scrolls_y
                0x06029b00                map_tiles_y
                0x06029af0                copy_modes
                0x06029b30                scrolls_x
 .bss           0x06029b40       0x10 player.o
                0x06029b40                anim_cursor
 .bss           0x06029b50     0x3430 main.o
 .bss           0x0602cf80       0x6e ../sbl6/segalib/lib/sega_spr.a(spr_2c.o)
 *fill*         0x0602cfee        0x2 00
 .bss           0x0602cff0        0x4 ../sbl6/segalib/lib/sega_scl.a(scl_vblv.o)
 *fill*         0x0602cff4        0xc 00
 .bss           0x0602d000        0x4 ../sbl6/segalib/lib/sega_scl.a(scl_func.o)
 *fill*         0x0602d004        0xc 00
 .bss           0x0602d010       0x48 ../sbl6/segalib/lib/sega_scl.a(scl_ro00.o)
 *fill*         0x0602d058        0x8 00
 .bss           0x0602d060       0x9c ../sbl6/segalib/lib/sega_per.a(per_prt.o)
 *fill*         0x0602d0fc        0x4 00
 .bss           0x0602d100        0xc ../sbl6/segalib/lib/sega_sat.a(DMA_SCU1.o)
 *fill*         0x0602d10c        0x4 00
 .bss           0x0602d110       0x20 ../sbl6/segalib/lib/sega_sat.a(DMA_SCU0.o)
 .bss           0x0602d130       0x10 c:/saturn/SH_COFF/sh-coff/bin/../lib/gcc/sh-coff/3.4-GNUSH_v0501\libgcc.a(__main.o)
 .bss           0x0602d140       0x10 c:/saturn/SH_COFF/sh-coff/bin/../lib/gcc/sh-coff/3.4-GNUSH_v0501/../../../../sh-coff/lib\libc.a(atexit.o)
 .bss           0x0602d150       0x40 c:/saturn/SH_COFF/sh-coff/bin/../lib/gcc/sh-coff/3.4-GNUSH_v0501/../../../../sh-coff/lib\libc.a(mallocr.o)
                0x0602d180                __malloc_top_pad
                0x0602d150                __malloc_current_mallinfo
                0x0602d17c                __malloc_max_sbrked_mem
                0x0602d178                __malloc_max_total_mem
 .bss           0x0602d190       0x10 c:/saturn/SH_COFF/sh-coff/bin/../lib/gcc/sh-coff/3.4-GNUSH_v0501/../../../../sh-coff/lib\libc.a(syscalls.o)
 *(COMMON)
 COMMON         0x0602d1a0     0x1900 sprite.o
                                  0x0 (size before relaxing)
                0x0602d1a0                sprites
 COMMON         0x0602eaa0       0x10 scroll.o
                                  0x0 (size before relaxing)
                0x0602eaa0                maps
 COMMON         0x0602eab0       0x20 player.o
                                  0x0 (size before relaxing)
                0x0602eab0                player
 COMMON         0x0602ead0      0x460 print.o
                                  0x0 (size before relaxing)
                0x0602ead0                text
 COMMON         0x0602ef30      0x400 ../sbl6/segalib/lib/sega_int.a(int.o)
                                  0x0 (size before relaxing)
                0x0602ef30                __interrupt_vector
 COMMON         0x0602f330       0x50 ../sbl6/segalib/lib/sega_spr.a(spr_2c.o)
                                  0x0 (size before relaxing)
                0x0602f330                SpMstCmd
                0x0602f334                Sp2OpenFlag
                0x0602f338                SpGourTblMax
                0x0602f33c                SpDrawPrtyBlk
                0x0602f340                SpLCoordX
                0x0602f344                SpMstDrawPrtyBlk
                0x0602f348                SpGourTbl
                0x0602f34c                SpLookupTblR
                0x0602f350                SpCmdTbl
                0x0602f354                SpCharMax
                0x0602f358                SpDrawPrtyProcFlag
                0x0602f35c                SpCmdNo
                0x0602f360                SpDrawPrtyBlkMax
                0x0602f364                SpSlvCmdPos
                0x0602f368                SpSlvDrawPrtyBlk
                0x0602f36c                SpCharTbl
                0x0602f370                SpCmdTblR
                0x0602f374                SpMstCmdPos
                0x0602f378                SpSlvCmd
                0x0602f37c                SpLCoordY
 COMMON         0x0602f380       0x10 ../sbl6/segalib/lib/sega_spr.a(spr_1c.o)
                                  0x0 (size before relaxing)
                0x0602f380                SpScreenY
                0x0602f384                SpFbcrMode
                0x0602f386                SpDil
                0x0602f388                SpDie
                0x0602f38a                SpTvMode
                0x0602f38c                SpScreenX
 COMMON         0x0602f390      0xf00 ../sbl6/segalib/lib/sega_scl.a(scl_func.o)
                                  0x0 (size before relaxing)
                0x0602f390                SclRbgKtbAddr
                0x0602f398                SclRb
                0x0602f39a                Scl_flag
                0x0602f3a0                SclK_TableBuff
                0x06030070                SclAddrCsTbl
                0x06030080                Scl_s_reg
                0x060300a8                SclRotateXy
                0x060300b0                Scl_d_reg
                0x060300f8                SclRotateDisp
                0x06030100                SclRotateMoveZ
                0x06030108                SclRotXySw
                0x06030110                Scl_r_reg
                0x06030120                SclRPMD
                0x06030128                SclRbgKtbOffset
                0x06030130                _SclRotregBuff
                0x06030200                SclRa
                0x06030208                SclRotateZ
                0x06030210                SclAddrLsTbl
                0x06030218                SclK_TableNum
                0x06030220                SclRotateTableAddress
                0x06030224                SclK_TableFlag
                0x06030230                Scl_w_reg
                0x06030250                Scl_n_reg
 COMMON         0x06030290      0x6b0 ../sbl6/segalib/lib/sega_scl.a(scl_pri.o)
                                  0x0 (size before relaxing)
                0x06030290                SclAutoEndBlue2
                0x060302a0                SclColOffset
                0x060302b0                SclPriBuffDirty
                0x060302b2                SclAutoEndRed
                0x060302b4                SclAutoSurface
                0x060302b8                SclAutoGreen
                0x060302ba                SclAutoEndGreen
                0x060302bc                SclAutoCount
                0x060302c0                SclColRamAlloc256
                0x060302e0                SclAutoCurRate
                0x060302e1                SclAutoPlusFlag
                0x060302e8                SclSpColMix
                0x060302f0                SclAutoMax
                0x060302f4                SclLineColRamOffset
                0x060302f8                SclColRamAlloc2048
                0x060302fc                SclBgPriNum
                0x06030302                SclAutoEndBlue
                0x06030304                SclAutoEndGreen2
                0x06030306                SclAutoVeFlag
                0x06030308                SclBgColMix
                0x06030310                SclAutoIndex
                0x06030314                SclAutoEndRate
                0x06030316                SclAutoBlue
                0x06030318                SclAutoRed
                0x0603031c                SclAutoInterval
                0x06030320                SclOtherPri
                0x06030330                SclAutoRGB
                0x06030930                SclAutoEndRed2
                0x06030938                SclSpPriNum
 COMMON         0x06030940       0x10 ../sbl6/segalib/lib/sega_scl.a(scl_ro00.o)
                                  0x0 (size before relaxing)
                0x06030940                SclCsx
                0x06030948                SclCsy
 COMMON         0x06030950       0x15 ../sbl6/segalib/lib/sega_per.a(per_prt.o)
                                  0x0 (size before relaxing)
                0x06030950                per_get_time_flg
                0x06030951                per_hot_res
                0x06030952                per_set_sys_flg
                0x06030954                per_get_time_adr
                0x06030958                per_get_sys_data
                0x06030964                per_time_out_flg
 *fill*         0x06030965        0xb 00
 COMMON         0x06030970        0x4 c:/saturn/SH_COFF/sh-coff/bin/../lib/gcc/sh-coff/3.4-GNUSH_v0501/../../../../sh-coff/lib\libc.a(syscalls.o)
                                  0x0 (size before relaxing)
                0x06030970                errno
                0x06030974                SIZEOF_B = (. - STARTOF_B)
                0x06030974                ENDOF_B = .
                0x06030974                _end = .
OUTPUT(main.cof coff-sh)

.comment        0x06030980      0x3e0
 .comment       0x06030980       0x20 ../sbl6/segasmp/lib/strt2_g.o
 .comment       0x060309a0       0x20 vblank.o
 .comment       0x060309c0       0x20 ../sbl6/segasmp/per/smpclib/per_x1.o
 .comment       0x060309e0       0x20 ../sbl6/segasmp/per/smpclib/per_x2.o
 .comment       0x06030a00       0x20 graphics.o
 .comment       0x06030a20       0x20 sprite.o
 .comment       0x06030a40       0x20 scroll.o
 .comment       0x06030a60       0x20 player.o
 .comment       0x06030a80       0x20 print.o
 .comment       0x06030aa0       0x20 main.o
 .comment       0x06030ac0       0x20 c:/saturn/SH_COFF/sh-coff/bin/../lib/gcc/sh-coff/3.4-GNUSH_v0501\libgcc.a(__main.o)
 .comment       0x06030ae0       0x20 c:/saturn/SH_COFF/sh-coff/bin/../lib/gcc/sh-coff/3.4-GNUSH_v0501\libgcc.a(_si_to_df.o)
 .comment       0x06030b00       0x20 c:/saturn/SH_COFF/sh-coff/bin/../lib/gcc/sh-coff/3.4-GNUSH_v0501\libgcc.a(_mul_df.o)
 .comment       0x06030b20       0x20 c:/saturn/SH_COFF/sh-coff/bin/../lib/gcc/sh-coff/3.4-GNUSH_v0501\libgcc.a(_df_to_si.o)
 .comment       0x06030b40       0x20 c:/saturn/SH_COFF/sh-coff/bin/../lib/gcc/sh-coff/3.4-GNUSH_v0501\libgcc.a(_pack_df.o)
 .comment       0x06030b60       0x20 c:/saturn/SH_COFF/sh-coff/bin/../lib/gcc/sh-coff/3.4-GNUSH_v0501\libgcc.a(_unpack_df.o)
 .comment       0x06030b80       0x20 c:/saturn/SH_COFF/sh-coff/bin/../lib/gcc/sh-coff/3.4-GNUSH_v0501\libgcc.a(_thenan_df.o)
 .comment       0x06030ba0       0x20 c:/saturn/SH_COFF/sh-coff/bin/../lib/gcc/sh-coff/3.4-GNUSH_v0501\libgcc.a(_muldi3.o)
 .comment       0x06030bc0       0x20 c:/saturn/SH_COFF/sh-coff/bin/../lib/gcc/sh-coff/3.4-GNUSH_v0501\libgcc.a(_lshrdi3.o)
 .comment       0x06030be0       0x20 c:/saturn/SH_COFF/sh-coff/bin/../lib/gcc/sh-coff/3.4-GNUSH_v0501\libgcc.a(_ashldi3.o)
 .comment       0x06030c00       0x20 c:/saturn/SH_COFF/sh-coff/bin/../lib/gcc/sh-coff/3.4-GNUSH_v0501/../../../../sh-coff/lib\libc.a(atexit.o)
 .comment       0x06030c20       0x20 c:/saturn/SH_COFF/sh-coff/bin/../lib/gcc/sh-coff/3.4-GNUSH_v0501/../../../../sh-coff/lib\libc.a(impure.o)
 .comment       0x06030c40       0x20 c:/saturn/SH_COFF/sh-coff/bin/../lib/gcc/sh-coff/3.4-GNUSH_v0501/../../../../sh-coff/lib\libc.a(malloc.o)
 .comment       0x06030c60       0x20 c:/saturn/SH_COFF/sh-coff/bin/../lib/gcc/sh-coff/3.4-GNUSH_v0501/../../../../sh-coff/lib\libc.a(mallocr.o)
 .comment       0x06030c80       0x20 c:/saturn/SH_COFF/sh-coff/bin/../lib/gcc/sh-coff/3.4-GNUSH_v0501/../../../../sh-coff/lib\libc.a(freer.o)
 .comment       0x06030ca0       0x20 c:/saturn/SH_COFF/sh-coff/bin/../lib/gcc/sh-coff/3.4-GNUSH_v0501/../../../../sh-coff/lib\libc.a(mlock.o)
 .comment       0x06030cc0       0x20 c:/saturn/SH_COFF/sh-coff/bin/../lib/gcc/sh-coff/3.4-GNUSH_v0501/../../../../sh-coff/lib\libc.a(sbrkr.o)
 .comment       0x06030ce0       0x20 c:/saturn/SH_COFF/sh-coff/bin/../lib/gcc/sh-coff/3.4-GNUSH_v0501/../../../../sh-coff/lib\libc.a(syscalls.o)
 .comment       0x06030d00       0x20 c:/saturn/SH_COFF/sh-coff/bin/../lib/gcc/sh-coff/3.4-GNUSH_v0501/../../../../sh-coff/lib\libc.a(abort.o)
 .comment       0x06030d20       0x20 c:/saturn/SH_COFF/sh-coff/bin/../lib/gcc/sh-coff/3.4-GNUSH_v0501/../../../../sh-coff/lib\libc.a(signal.o)
 .comment       0x06030d40       0x20 c:/saturn/SH_COFF/sh-coff/bin/../lib/gcc/sh-coff/3.4-GNUSH_v0501/../../../../sh-coff/lib\libc.a(signalr.o)
